2026-03-29 21:54:03 | INFO | ============================================================
2026-03-29 21:54:03 | INFO | DEVICE / COMPUTE INFORMATION
2026-03-29 21:54:03 | INFO |   JAX backend       : CPU
2026-03-29 21:54:03 | INFO |   Platform          : cpu
2026-03-29 21:54:03 | INFO |   Num devices       : 1
2026-03-29 21:54:03 | INFO |   Device            : TFRT_CPU_0
2026-03-29 21:54:03 | INFO | ============================================================
2026-03-29 21:54:03 | INFO | DQN+Entropy | seed=4, lr=0.01, gamma=0.95, alpha=0.01
2026-03-29 21:54:03 | INFO | Env: mountaincar/dense, obs_dim=2, num_actions=3
2026-03-29 21:54:04 | INFO | Episode    1 - Reward: -200.000, Length: 200, Loss: 0.0000, Entropy: 0.0000, Epsilon: 0.998
2026-03-29 21:54:05 | INFO | Episode    2 - Reward: -200.000, Length: 200, Loss: 0.9255, Entropy: 1.0985, Epsilon: 0.995
2026-03-29 21:54:06 | INFO | Episode    3 - Reward: -200.000, Length: 200, Loss: 0.8530, Entropy: 1.0985, Epsilon: 0.993
2026-03-29 21:54:06 | INFO | Episode    4 - Reward: -200.000, Length: 200, Loss: 0.9197, Entropy: 1.0985, Epsilon: 0.990
2026-03-29 21:54:07 | INFO | Episode    5 - Reward: -200.000, Length: 200, Loss: 0.8526, Entropy: 1.0985, Epsilon: 0.988
2026-03-29 21:54:07 | INFO | Episode    6 - Reward: -200.000, Length: 200, Loss: 0.9067, Entropy: 1.0984, Epsilon: 0.985
2026-03-29 21:54:08 | INFO | Episode    7 - Reward: -200.000, Length: 200, Loss: 0.8387, Entropy: 1.0984, Epsilon: 0.983
2026-03-29 21:54:08 | INFO | Episode    8 - Reward: -200.000, Length: 200, Loss: 0.7763, Entropy: 1.0983, Epsilon: 0.980
2026-03-29 21:54:09 | INFO | Episode    9 - Reward: -200.000, Length: 200, Loss: 0.8759, Entropy: 1.0983, Epsilon: 0.978
2026-03-29 21:54:09 | INFO | Episode   10 - Reward: -200.000, Length: 200, Loss: 0.8101, Entropy: 1.0982, Epsilon: 0.975
2026-03-29 21:54:09 | INFO | Episode   11 - Reward: -200.000, Length: 200, Loss: 0.8602, Entropy: 1.0982, Epsilon: 0.973
2026-03-29 21:54:10 | INFO | Episode   12 - Reward: -200.000, Length: 200, Loss: 0.7889, Entropy: 1.0981, Epsilon: 0.970
2026-03-29 21:54:10 | INFO | Episode   13 - Reward: -200.000, Length: 200, Loss: 0.7238, Entropy: 1.0981, Epsilon: 0.968
2026-03-29 21:54:11 | INFO | Episode   14 - Reward: -200.000, Length: 200, Loss: 0.8415, Entropy: 1.0981, Epsilon: 0.965
2026-03-29 21:54:11 | INFO | Episode   15 - Reward: -200.000, Length: 200, Loss: 0.7572, Entropy: 1.0981, Epsilon: 0.963
2026-03-29 21:54:12 | INFO | Episode   16 - Reward: -200.000, Length: 200, Loss: 0.8263, Entropy: 1.0980, Epsilon: 0.960
2026-03-29 21:54:12 | INFO | Episode   17 - Reward: -200.000, Length: 200, Loss: 0.7397, Entropy: 1.0979, Epsilon: 0.958
2026-03-29 21:54:13 | INFO | Episode   18 - Reward: -200.000, Length: 200, Loss: 0.6620, Entropy: 1.0979, Epsilon: 0.955
2026-03-29 21:54:13 | INFO | Episode   19 - Reward: -200.000, Length: 200, Loss: 0.7916, Entropy: 1.0978, Epsilon: 0.953
2026-03-29 21:54:14 | INFO | Episode   20 - Reward: -200.000, Length: 200, Loss: 0.6916, Entropy: 1.0977, Epsilon: 0.951
2026-03-29 21:54:15 | INFO | Episode   21 - Reward: -200.000, Length: 200, Loss: 0.7760, Entropy: 1.0977, Epsilon: 0.948
2026-03-29 21:54:15 | INFO | Episode   22 - Reward: -200.000, Length: 200, Loss: 0.6622, Entropy: 1.0977, Epsilon: 0.946
2026-03-29 21:54:16 | INFO | Episode   23 - Reward: -200.000, Length: 200, Loss: 0.5627, Entropy: 1.0978, Epsilon: 0.943
2026-03-29 21:54:16 | INFO | Episode   24 - Reward: -200.000, Length: 200, Loss: 0.7490, Entropy: 1.0978, Epsilon: 0.941
2026-03-29 21:54:16 | INFO | Episode   25 - Reward: -200.000, Length: 200, Loss: 0.6166, Entropy: 1.0979, Epsilon: 0.938
2026-03-29 21:54:17 | INFO | Episode   26 - Reward: -200.000, Length: 200, Loss: 0.7200, Entropy: 1.0978, Epsilon: 0.936
2026-03-29 21:54:17 | INFO | Episode   27 - Reward: -200.000, Length: 200, Loss: 0.5683, Entropy: 1.0978, Epsilon: 0.933
2026-03-29 21:54:18 | INFO | Episode   28 - Reward: -200.000, Length: 200, Loss: 0.4338, Entropy: 1.0978, Epsilon: 0.931
2026-03-29 21:54:18 | INFO | Episode   29 - Reward: -200.000, Length: 200, Loss: 0.6844, Entropy: 1.0978, Epsilon: 0.928
2026-03-29 21:54:19 | INFO | Episode   30 - Reward: -200.000, Length: 200, Loss: 0.4856, Entropy: 1.0978, Epsilon: 0.926
2026-03-29 21:54:19 | INFO | Episode   31 - Reward: -200.000, Length: 200, Loss: 0.6454, Entropy: 1.0978, Epsilon: 0.923
2026-03-29 21:54:20 | INFO | Episode   32 - Reward: -200.000, Length: 200, Loss: 0.4221, Entropy: 1.0980, Epsilon: 0.921
2026-03-29 21:54:20 | INFO | Episode   33 - Reward: -200.000, Length: 200, Loss: 0.2548, Entropy: 1.0981, Epsilon: 0.918
2026-03-29 21:54:21 | INFO | Episode   34 - Reward: -200.000, Length: 200, Loss: 0.5969, Entropy: 1.0983, Epsilon: 0.916
2026-03-29 21:54:21 | INFO | Episode   35 - Reward: -200.000, Length: 200, Loss: 0.3238, Entropy: 1.0983, Epsilon: 0.913
2026-03-29 21:54:21 | INFO | Episode   36 - Reward: -200.000, Length: 200, Loss: 0.5438, Entropy: 1.0983, Epsilon: 0.911
2026-03-29 21:54:22 | INFO | Episode   37 - Reward: -200.000, Length: 200, Loss: 0.2469, Entropy: 1.0985, Epsilon: 0.908
2026-03-29 21:54:22 | INFO | Episode   38 - Reward: -200.000, Length: 200, Loss: 0.1042, Entropy: 1.0986, Epsilon: 0.906
2026-03-29 21:54:23 | INFO | Episode   39 - Reward: -200.000, Length: 200, Loss: 0.5087, Entropy: 1.0986, Epsilon: 0.903
2026-03-29 21:54:23 | INFO | Episode   40 - Reward: -200.000, Length: 200, Loss: 0.1732, Entropy: 1.0986, Epsilon: 0.901
2026-03-29 21:54:24 | INFO | Episode   41 - Reward: -200.000, Length: 200, Loss: 0.4635, Entropy: 1.0985, Epsilon: 0.899
2026-03-29 21:54:24 | INFO | Episode   42 - Reward: -200.000, Length: 200, Loss: 0.1629, Entropy: 1.0985, Epsilon: 0.896
2026-03-29 21:54:25 | INFO | Episode   43 - Reward: -200.000, Length: 200, Loss: 0.0667, Entropy: 1.0986, Epsilon: 0.894
2026-03-29 21:54:25 | INFO | Episode   44 - Reward: -200.000, Length: 200, Loss: 0.3668, Entropy: 1.0986, Epsilon: 0.891
2026-03-29 21:54:26 | INFO | Episode   45 - Reward: -200.000, Length: 200, Loss: 0.0422, Entropy: 1.0986, Epsilon: 0.889
2026-03-29 21:54:26 | INFO | Episode   46 - Reward: -200.000, Length: 200, Loss: 0.3047, Entropy: 1.0985, Epsilon: 0.886
2026-03-29 21:54:26 | INFO | Episode   47 - Reward: -200.000, Length: 200, Loss: 0.0045, Entropy: 1.0986, Epsilon: 0.884
2026-03-29 21:54:27 | INFO | Episode   48 - Reward: -200.000, Length: 200, Loss: 0.1872, Entropy: 1.0986, Epsilon: 0.881
2026-03-29 21:54:27 | INFO | Episode   49 - Reward: -200.000, Length: 200, Loss: 0.3833, Entropy: 1.0984, Epsilon: 0.879
2026-03-29 21:54:28 | INFO | Episode   50 - Reward: -200.000, Length: 200, Loss: 0.2194, Entropy: 1.0984, Epsilon: 0.876
2026-03-29 21:54:34 | INFO | [Episode   50] eps=0.876  avg_reward=-200.000  avg_length=200.00  avg_loss=  0.5544  avg_entropy=1.0984  eval_success=0.000
2026-03-29 21:54:34 | INFO | Episode   51 - Reward: -200.000, Length: 200, Loss: 0.2946, Entropy: 1.0983, Epsilon: 0.874
2026-03-29 21:54:35 | INFO | Episode   52 - Reward: -200.000, Length: 200, Loss: 0.1399, Entropy: 1.0983, Epsilon: 0.871
2026-03-29 21:54:35 | INFO | Episode   53 - Reward: -200.000, Length: 200, Loss: 0.1801, Entropy: 1.0984, Epsilon: 0.869
2026-03-29 21:54:36 | INFO | Episode   54 - Reward: -200.000, Length: 200, Loss: 0.2745, Entropy: 1.0985, Epsilon: 0.866
2026-03-29 21:54:36 | INFO | Episode   55 - Reward: -200.000, Length: 200, Loss: 0.1577, Entropy: 1.0985, Epsilon: 0.864
2026-03-29 21:54:37 | INFO | Episode   56 - Reward: -200.000, Length: 200, Loss: 0.2059, Entropy: 1.0986, Epsilon: 0.861
2026-03-29 21:54:37 | INFO | Episode   57 - Reward: -200.000, Length: 200, Loss: 0.0902, Entropy: 1.0986, Epsilon: 0.859
2026-03-29 21:54:38 | INFO | Episode   58 - Reward: -200.000, Length: 200, Loss: 0.0951, Entropy: 1.0986, Epsilon: 0.856
2026-03-29 21:54:38 | INFO | Episode   59 - Reward: -200.000, Length: 200, Loss: 0.4506, Entropy: 1.0985, Epsilon: 0.854
2026-03-29 21:54:38 | INFO | Episode   60 - Reward: -200.000, Length: 200, Loss: 0.4304, Entropy: 1.0984, Epsilon: 0.852
2026-03-29 21:54:39 | INFO | Episode   61 - Reward: -200.000, Length: 200, Loss: 0.4260, Entropy: 1.0985, Epsilon: 0.849
2026-03-29 21:54:39 | INFO | Episode   62 - Reward: -200.000, Length: 200, Loss: 0.7243, Entropy: 1.0971, Epsilon: 0.847
2026-03-29 21:54:40 | INFO | Episode   63 - Reward: -200.000, Length: 200, Loss: 0.2035, Entropy: 1.0983, Epsilon: 0.844
2026-03-29 21:54:40 | INFO | Episode   64 - Reward: -200.000, Length: 200, Loss: 0.3706, Entropy: 1.0984, Epsilon: 0.842
2026-03-29 21:54:41 | INFO | Episode   65 - Reward: -200.000, Length: 200, Loss: 0.3981, Entropy: 1.0984, Epsilon: 0.839
2026-03-29 21:54:41 | INFO | Episode   66 - Reward: -200.000, Length: 200, Loss: 0.5549, Entropy: 1.0984, Epsilon: 0.837
2026-03-29 21:54:42 | INFO | Episode   67 - Reward: -200.000, Length: 200, Loss: 0.4840, Entropy: 1.0982, Epsilon: 0.834
2026-03-29 21:54:42 | INFO | Episode   68 - Reward: -200.000, Length: 200, Loss: 0.2848, Entropy: 1.0984, Epsilon: 0.832
2026-03-29 21:54:42 | INFO | Episode   69 - Reward: -200.000, Length: 200, Loss: 0.8368, Entropy: 1.0984, Epsilon: 0.829
2026-03-29 21:54:43 | INFO | Episode   70 - Reward: -200.000, Length: 200, Loss: 0.3548, Entropy: 1.0983, Epsilon: 0.827
2026-03-29 21:54:43 | INFO | Episode   71 - Reward: -200.000, Length: 200, Loss: 0.2520, Entropy: 1.0985, Epsilon: 0.824
2026-03-29 21:54:44 | INFO | Episode   72 - Reward: -200.000, Length: 200, Loss: 0.2963, Entropy: 1.0984, Epsilon: 0.822
2026-03-29 21:54:44 | INFO | Episode   73 - Reward: -200.000, Length: 200, Loss: 0.5038, Entropy: 1.0984, Epsilon: 0.819
2026-03-29 21:54:45 | INFO | Episode   74 - Reward: -200.000, Length: 200, Loss: 0.4727, Entropy: 1.0982, Epsilon: 0.817
2026-03-29 21:54:45 | INFO | Episode   75 - Reward: -200.000, Length: 200, Loss: 0.5894, Entropy: 1.0981, Epsilon: 0.814
2026-03-29 21:54:46 | INFO | Episode   76 - Reward: -200.000, Length: 200, Loss: 0.3764, Entropy: 1.0980, Epsilon: 0.812
2026-03-29 21:54:46 | INFO | Episode   77 - Reward: -200.000, Length: 200, Loss: 0.2029, Entropy: 1.0985, Epsilon: 0.809
2026-03-29 21:54:46 | INFO | Episode   78 - Reward: -200.000, Length: 200, Loss: 0.5427, Entropy: 1.0982, Epsilon: 0.807
2026-03-29 21:54:47 | INFO | Episode   79 - Reward: -200.000, Length: 200, Loss: 0.4753, Entropy: 1.0979, Epsilon: 0.804
2026-03-29 21:54:48 | INFO | Episode   80 - Reward: -200.000, Length: 200, Loss: 0.6144, Entropy: 1.0983, Epsilon: 0.802
2026-03-29 21:54:48 | INFO | Episode   81 - Reward: -200.000, Length: 200, Loss: 0.7349, Entropy: 1.0980, Epsilon: 0.800
2026-03-29 21:54:49 | INFO | Episode   82 - Reward: -200.000, Length: 200, Loss: 1.0358, Entropy: 1.0972, Epsilon: 0.797
2026-03-29 21:54:49 | INFO | Episode   83 - Reward: -200.000, Length: 200, Loss: 0.9689, Entropy: 1.0962, Epsilon: 0.795
2026-03-29 21:54:50 | INFO | Episode   84 - Reward: -200.000, Length: 200, Loss: 0.5908, Entropy: 1.0972, Epsilon: 0.792
2026-03-29 21:54:50 | INFO | Episode   85 - Reward: -200.000, Length: 200, Loss: 0.6679, Entropy: 1.0967, Epsilon: 0.790
2026-03-29 21:54:50 | INFO | Episode   86 - Reward: -200.000, Length: 200, Loss: 0.5831, Entropy: 1.0980, Epsilon: 0.787
2026-03-29 21:54:51 | INFO | Episode   87 - Reward: -200.000, Length: 200, Loss: 0.8110, Entropy: 1.0974, Epsilon: 0.785
2026-03-29 21:54:51 | INFO | Episode   88 - Reward: -200.000, Length: 200, Loss: 0.5870, Entropy: 1.0977, Epsilon: 0.782
2026-03-29 21:54:52 | INFO | Episode   89 - Reward: -200.000, Length: 200, Loss: 0.5909, Entropy: 1.0983, Epsilon: 0.780
2026-03-29 21:54:52 | INFO | Episode   90 - Reward: -200.000, Length: 200, Loss: 0.9546, Entropy: 1.0977, Epsilon: 0.777
2026-03-29 21:54:52 | INFO | Episode   91 - Reward: -200.000, Length: 200, Loss: 0.9697, Entropy: 1.0974, Epsilon: 0.775
2026-03-29 21:54:53 | INFO | Episode   92 - Reward: -200.000, Length: 200, Loss: 0.8471, Entropy: 1.0981, Epsilon: 0.772
2026-03-29 21:54:53 | INFO | Episode   93 - Reward: -200.000, Length: 200, Loss: 0.9330, Entropy: 1.0975, Epsilon: 0.770
2026-03-29 21:54:54 | INFO | Episode   94 - Reward: -200.000, Length: 200, Loss: 0.6648, Entropy: 1.0979, Epsilon: 0.767
2026-03-29 21:54:54 | INFO | Episode   95 - Reward: -200.000, Length: 200, Loss: 1.4751, Entropy: 1.0978, Epsilon: 0.765
2026-03-29 21:54:55 | INFO | Episode   96 - Reward: -200.000, Length: 200, Loss: 0.4663, Entropy: 1.0984, Epsilon: 0.762
2026-03-29 21:54:55 | INFO | Episode   97 - Reward: -200.000, Length: 200, Loss: 0.5137, Entropy: 1.0982, Epsilon: 0.760
2026-03-29 21:54:55 | INFO | Episode   98 - Reward: -200.000, Length: 200, Loss: 0.2873, Entropy: 1.0984, Epsilon: 0.757
2026-03-29 21:54:56 | INFO | Episode   99 - Reward: -200.000, Length: 200, Loss: 1.1626, Entropy: 1.0976, Epsilon: 0.755
2026-03-29 21:54:56 | INFO | Episode  100 - Reward: -200.000, Length: 200, Loss: 0.6833, Entropy: 1.0973, Epsilon: 0.752
2026-03-29 21:55:02 | INFO | [Episode  100] eps=0.752  avg_reward=-200.000  avg_length=200.00  avg_loss=  0.5362  avg_entropy=1.0973  eval_success=0.000
2026-03-29 21:55:02 | INFO | Episode  101 - Reward: -200.000, Length: 200, Loss: 0.8744, Entropy: 1.0975, Epsilon: 0.750
2026-03-29 21:55:03 | INFO | Episode  102 - Reward: -200.000, Length: 200, Loss: 0.5164, Entropy: 1.0973, Epsilon: 0.748
2026-03-29 21:55:03 | INFO | Episode  103 - Reward: -200.000, Length: 200, Loss: 0.8626, Entropy: 1.0975, Epsilon: 0.745
2026-03-29 21:55:04 | INFO | Episode  104 - Reward: -200.000, Length: 200, Loss: 2.1254, Entropy: 1.0959, Epsilon: 0.743
2026-03-29 21:55:04 | INFO | Episode  105 - Reward: -200.000, Length: 200, Loss: 0.8763, Entropy: 1.0974, Epsilon: 0.740
2026-03-29 21:55:05 | INFO | Episode  106 - Reward: -200.000, Length: 200, Loss: 1.1296, Entropy: 1.0966, Epsilon: 0.738
2026-03-29 21:55:05 | INFO | Episode  107 - Reward: -200.000, Length: 200, Loss: 1.3591, Entropy: 1.0982, Epsilon: 0.735
2026-03-29 21:55:05 | INFO | Episode  108 - Reward: -200.000, Length: 200, Loss: 1.0693, Entropy: 1.0981, Epsilon: 0.733
2026-03-29 21:55:06 | INFO | Episode  109 - Reward: -200.000, Length: 200, Loss: 1.1107, Entropy: 1.0965, Epsilon: 0.730
2026-03-29 21:55:06 | INFO | Episode  110 - Reward: -200.000, Length: 200, Loss: 0.8994, Entropy: 1.0981, Epsilon: 0.728
2026-03-29 21:55:07 | INFO | Episode  111 - Reward: -200.000, Length: 200, Loss: 0.8025, Entropy: 1.0973, Epsilon: 0.725
2026-03-29 21:55:07 | INFO | Episode  112 - Reward: -200.000, Length: 200, Loss: 1.3083, Entropy: 1.0964, Epsilon: 0.723
2026-03-29 21:55:08 | INFO | Episode  113 - Reward: -200.000, Length: 200, Loss: 0.9501, Entropy: 1.0969, Epsilon: 0.720
2026-03-29 21:55:08 | INFO | Episode  114 - Reward: -200.000, Length: 200, Loss: 0.6740, Entropy: 1.0982, Epsilon: 0.718
2026-03-29 21:55:08 | INFO | Episode  115 - Reward: -200.000, Length: 200, Loss: 1.0195, Entropy: 1.0967, Epsilon: 0.715
2026-03-29 21:55:09 | INFO | Episode  116 - Reward: -200.000, Length: 200, Loss: 1.6537, Entropy: 1.0975, Epsilon: 0.713
2026-03-29 21:55:09 | INFO | Episode  117 - Reward: -200.000, Length: 200, Loss: 0.4059, Entropy: 1.0974, Epsilon: 0.710
2026-03-29 21:55:10 | INFO | Episode  118 - Reward: -200.000, Length: 200, Loss: 1.5491, Entropy: 1.0978, Epsilon: 0.708
2026-03-29 21:55:10 | INFO | Episode  119 - Reward: -200.000, Length: 200, Loss: 0.3778, Entropy: 1.0983, Epsilon: 0.705
2026-03-29 21:55:11 | INFO | Episode  120 - Reward: -200.000, Length: 200, Loss: 1.0794, Entropy: 1.0965, Epsilon: 0.703
2026-03-29 21:55:11 | INFO | Episode  121 - Reward: -200.000, Length: 200, Loss: 0.4244, Entropy: 1.0975, Epsilon: 0.701
2026-03-29 21:55:11 | INFO | Episode  122 - Reward: -200.000, Length: 200, Loss: 0.8250, Entropy: 1.0976, Epsilon: 0.698
2026-03-29 21:55:12 | INFO | Episode  123 - Reward: -200.000, Length: 200, Loss: 0.8441, Entropy: 1.0968, Epsilon: 0.696
2026-03-29 21:55:12 | INFO | Episode  124 - Reward: -200.000, Length: 200, Loss: 1.0611, Entropy: 1.0981, Epsilon: 0.693
2026-03-29 21:55:13 | INFO | Episode  125 - Reward: -200.000, Length: 200, Loss: 1.5327, Entropy: 1.0950, Epsilon: 0.691
2026-03-29 21:55:13 | INFO | Episode  126 - Reward: -200.000, Length: 200, Loss: 1.0269, Entropy: 1.0975, Epsilon: 0.688
2026-03-29 21:55:14 | INFO | Episode  127 - Reward: -200.000, Length: 200, Loss: 0.8648, Entropy: 1.0978, Epsilon: 0.686
2026-03-29 21:55:14 | INFO | Episode  128 - Reward: -200.000, Length: 200, Loss: 0.4430, Entropy: 1.0977, Epsilon: 0.683
2026-03-29 21:55:14 | INFO | Episode  129 - Reward: -200.000, Length: 200, Loss: 1.4532, Entropy: 1.0976, Epsilon: 0.681
2026-03-29 21:55:15 | INFO | Episode  130 - Reward: -200.000, Length: 200, Loss: 0.5495, Entropy: 1.0977, Epsilon: 0.678
2026-03-29 21:55:15 | INFO | Episode  131 - Reward: -200.000, Length: 200, Loss: 1.5452, Entropy: 1.0950, Epsilon: 0.676
2026-03-29 21:55:16 | INFO | Episode  132 - Reward: -200.000, Length: 200, Loss: 1.7077, Entropy: 1.0962, Epsilon: 0.673
2026-03-29 21:55:16 | INFO | Episode  133 - Reward: -200.000, Length: 200, Loss: 0.8703, Entropy: 1.0961, Epsilon: 0.671
2026-03-29 21:55:16 | INFO | Episode  134 - Reward: -200.000, Length: 200, Loss: 1.4922, Entropy: 1.0967, Epsilon: 0.668
2026-03-29 21:55:17 | INFO | Episode  135 - Reward: -200.000, Length: 200, Loss: 1.3063, Entropy: 1.0972, Epsilon: 0.666
2026-03-29 21:55:17 | INFO | Episode  136 - Reward: -200.000, Length: 200, Loss: 1.2552, Entropy: 1.0971, Epsilon: 0.663
2026-03-29 21:55:18 | INFO | Episode  137 - Reward: -200.000, Length: 200, Loss: 0.6124, Entropy: 1.0980, Epsilon: 0.661
2026-03-29 21:55:18 | INFO | Episode  138 - Reward: -200.000, Length: 200, Loss: 0.7880, Entropy: 1.0971, Epsilon: 0.658
2026-03-29 21:55:18 | INFO | Episode  139 - Reward: -200.000, Length: 200, Loss: 0.5830, Entropy: 1.0980, Epsilon: 0.656
2026-03-29 21:55:19 | INFO | Episode  140 - Reward: -200.000, Length: 200, Loss: 0.1996, Entropy: 1.0983, Epsilon: 0.653
2026-03-29 21:55:19 | INFO | Episode  141 - Reward: -200.000, Length: 200, Loss: 0.6932, Entropy: 1.0960, Epsilon: 0.651
2026-03-29 21:55:20 | INFO | Episode  142 - Reward: -200.000, Length: 200, Loss: 0.8506, Entropy: 1.0968, Epsilon: 0.649
2026-03-29 21:55:21 | INFO | Episode  143 - Reward: -200.000, Length: 200, Loss: 1.0470, Entropy: 1.0976, Epsilon: 0.646
2026-03-29 21:55:21 | INFO | Episode  144 - Reward: -200.000, Length: 200, Loss: 1.4014, Entropy: 1.0955, Epsilon: 0.644
2026-03-29 21:55:22 | INFO | Episode  145 - Reward: -200.000, Length: 200, Loss: 1.1527, Entropy: 1.0967, Epsilon: 0.641
2026-03-29 21:55:22 | INFO | Episode  146 - Reward: -200.000, Length: 200, Loss: 1.1421, Entropy: 1.0967, Epsilon: 0.639
2026-03-29 21:55:23 | INFO | Episode  147 - Reward: -200.000, Length: 200, Loss: 0.4747, Entropy: 1.0980, Epsilon: 0.636
2026-03-29 21:55:23 | INFO | Episode  148 - Reward: -200.000, Length: 200, Loss: 1.5504, Entropy: 1.0964, Epsilon: 0.634
2026-03-29 21:55:24 | INFO | Episode  149 - Reward: -200.000, Length: 200, Loss: 2.0335, Entropy: 1.0972, Epsilon: 0.631
2026-03-29 21:55:24 | INFO | Episode  150 - Reward: -200.000, Length: 200, Loss: 2.2544, Entropy: 1.0964, Epsilon: 0.629
2026-03-29 21:55:30 | INFO | [Episode  150] eps=0.629  avg_reward=-200.000  avg_length=200.00  avg_loss=  1.0526  avg_entropy=1.0964  eval_success=0.000
2026-03-29 21:55:30 | INFO | Episode  151 - Reward: -200.000, Length: 200, Loss: 1.3586, Entropy: 1.0957, Epsilon: 0.626
2026-03-29 21:55:30 | INFO | Episode  152 - Reward: -200.000, Length: 200, Loss: 0.9079, Entropy: 1.0977, Epsilon: 0.624
2026-03-29 21:55:31 | INFO | Episode  153 - Reward: -200.000, Length: 200, Loss: 0.8821, Entropy: 1.0959, Epsilon: 0.621
2026-03-29 21:55:31 | INFO | Episode  154 - Reward: -200.000, Length: 200, Loss: 1.1743, Entropy: 1.0974, Epsilon: 0.619
2026-03-29 21:55:32 | INFO | Episode  155 - Reward: -200.000, Length: 200, Loss: 1.1756, Entropy: 1.0968, Epsilon: 0.616
2026-03-29 21:55:32 | INFO | Episode  156 - Reward: -200.000, Length: 200, Loss: 0.8884, Entropy: 1.0978, Epsilon: 0.614
2026-03-29 21:55:33 | INFO | Episode  157 - Reward: -200.000, Length: 200, Loss: 1.4300, Entropy: 1.0973, Epsilon: 0.611
2026-03-29 21:55:33 | INFO | Episode  158 - Reward: -200.000, Length: 200, Loss: 0.9202, Entropy: 1.0979, Epsilon: 0.609
2026-03-29 21:55:33 | INFO | Episode  159 - Reward: -200.000, Length: 200, Loss: 1.8617, Entropy: 1.0963, Epsilon: 0.606
2026-03-29 21:55:34 | INFO | Episode  160 - Reward: -200.000, Length: 200, Loss: 1.2462, Entropy: 1.0970, Epsilon: 0.604
2026-03-29 21:55:34 | INFO | Episode  161 - Reward: -200.000, Length: 200, Loss: 1.6025, Entropy: 1.0974, Epsilon: 0.602
2026-03-29 21:55:35 | INFO | Episode  162 - Reward: -200.000, Length: 200, Loss: 1.4617, Entropy: 1.0972, Epsilon: 0.599
2026-03-29 21:55:35 | INFO | Episode  163 - Reward: -200.000, Length: 200, Loss: 1.1551, Entropy: 1.0966, Epsilon: 0.597
2026-03-29 21:55:36 | INFO | Episode  164 - Reward: -200.000, Length: 200, Loss: 2.6442, Entropy: 1.0947, Epsilon: 0.594
2026-03-29 21:55:36 | INFO | Episode  165 - Reward: -200.000, Length: 200, Loss: 1.4474, Entropy: 1.0973, Epsilon: 0.592
2026-03-29 21:55:36 | INFO | Episode  166 - Reward: -200.000, Length: 200, Loss: 0.9437, Entropy: 1.0976, Epsilon: 0.589
2026-03-29 21:55:37 | INFO | Episode  167 - Reward: -200.000, Length: 200, Loss: 1.4405, Entropy: 1.0963, Epsilon: 0.587
2026-03-29 21:55:37 | INFO | Episode  168 - Reward: -200.000, Length: 200, Loss: 1.2564, Entropy: 1.0969, Epsilon: 0.584
2026-03-29 21:55:38 | INFO | Episode  169 - Reward: -200.000, Length: 200, Loss: 0.4535, Entropy: 1.0974, Epsilon: 0.582
2026-03-29 21:55:38 | INFO | Episode  170 - Reward: -200.000, Length: 200, Loss: 1.4532, Entropy: 1.0972, Epsilon: 0.579
2026-03-29 21:55:39 | INFO | Episode  171 - Reward: -200.000, Length: 200, Loss: 0.7539, Entropy: 1.0978, Epsilon: 0.577
2026-03-29 21:55:39 | INFO | Episode  172 - Reward: -200.000, Length: 200, Loss: 1.9045, Entropy: 1.0966, Epsilon: 0.574
2026-03-29 21:55:39 | INFO | Episode  173 - Reward: -200.000, Length: 200, Loss: 1.5254, Entropy: 1.0952, Epsilon: 0.572
2026-03-29 21:55:40 | INFO | Episode  174 - Reward: -200.000, Length: 200, Loss: 0.9566, Entropy: 1.0981, Epsilon: 0.569
2026-03-29 21:55:40 | INFO | Episode  175 - Reward: -200.000, Length: 200, Loss: 1.9469, Entropy: 1.0981, Epsilon: 0.567
2026-03-29 21:55:41 | INFO | Episode  176 - Reward: -200.000, Length: 200, Loss: 2.0486, Entropy: 1.0921, Epsilon: 0.564
2026-03-29 21:55:41 | INFO | Episode  177 - Reward: -200.000, Length: 200, Loss: 1.7427, Entropy: 1.0957, Epsilon: 0.562
2026-03-29 21:55:41 | INFO | Episode  178 - Reward: -200.000, Length: 200, Loss: 2.0600, Entropy: 1.0952, Epsilon: 0.559
2026-03-29 21:55:42 | INFO | Episode  179 - Reward: -200.000, Length: 200, Loss: 1.4203, Entropy: 1.0960, Epsilon: 0.557
2026-03-29 21:55:42 | INFO | Episode  180 - Reward: -200.000, Length: 200, Loss: 0.9267, Entropy: 1.0960, Epsilon: 0.554
2026-03-29 21:55:43 | INFO | Episode  181 - Reward: -200.000, Length: 200, Loss: 2.1017, Entropy: 1.0960, Epsilon: 0.552
2026-03-29 21:55:43 | INFO | Episode  182 - Reward: -200.000, Length: 200, Loss: 1.9155, Entropy: 1.0909, Epsilon: 0.550
2026-03-29 21:55:44 | INFO | Episode  183 - Reward: -200.000, Length: 200, Loss: 0.2221, Entropy: 1.0982, Epsilon: 0.547
2026-03-29 21:55:44 | INFO | Episode  184 - Reward: -200.000, Length: 200, Loss: 1.4315, Entropy: 1.0970, Epsilon: 0.545
2026-03-29 21:55:44 | INFO | Episode  185 - Reward: -200.000, Length: 200, Loss: 2.3844, Entropy: 1.0963, Epsilon: 0.542
2026-03-29 21:55:45 | INFO | Episode  186 - Reward: -200.000, Length: 200, Loss: 0.9734, Entropy: 1.0979, Epsilon: 0.540
2026-03-29 21:55:45 | INFO | Episode  187 - Reward: -200.000, Length: 200, Loss: 1.0025, Entropy: 1.0983, Epsilon: 0.537
2026-03-29 21:55:46 | INFO | Episode  188 - Reward: -200.000, Length: 200, Loss: 1.9041, Entropy: 1.0946, Epsilon: 0.535
2026-03-29 21:55:46 | INFO | Episode  189 - Reward: -200.000, Length: 200, Loss: 1.5871, Entropy: 1.0969, Epsilon: 0.532
2026-03-29 21:55:47 | INFO | Episode  190 - Reward: -200.000, Length: 200, Loss: 1.4158, Entropy: 1.0976, Epsilon: 0.530
2026-03-29 21:55:47 | INFO | Episode  191 - Reward: -200.000, Length: 200, Loss: 1.1622, Entropy: 1.0982, Epsilon: 0.527
2026-03-29 21:55:48 | INFO | Episode  192 - Reward: -200.000, Length: 200, Loss: 1.1365, Entropy: 1.0966, Epsilon: 0.525
2026-03-29 21:55:48 | INFO | Episode  193 - Reward: -200.000, Length: 200, Loss: 1.1256, Entropy: 1.0958, Epsilon: 0.522
2026-03-29 21:55:48 | INFO | Episode  194 - Reward: -200.000, Length: 200, Loss: 1.0691, Entropy: 1.0977, Epsilon: 0.520
2026-03-29 21:55:49 | INFO | Episode  195 - Reward: -200.000, Length: 200, Loss: 2.1475, Entropy: 1.0972, Epsilon: 0.517
2026-03-29 21:55:49 | INFO | Episode  196 - Reward: -200.000, Length: 200, Loss: 2.0799, Entropy: 1.0976, Epsilon: 0.515
2026-03-29 21:55:50 | INFO | Episode  197 - Reward: -200.000, Length: 200, Loss: 1.3953, Entropy: 1.0974, Epsilon: 0.512
2026-03-29 21:55:50 | INFO | Episode  198 - Reward: -200.000, Length: 200, Loss: 0.4655, Entropy: 1.0981, Epsilon: 0.510
2026-03-29 21:55:51 | INFO | Episode  199 - Reward: -200.000, Length: 200, Loss: 0.7287, Entropy: 1.0982, Epsilon: 0.507
2026-03-29 21:55:51 | INFO | Episode  200 - Reward: -200.000, Length: 200, Loss: 1.8297, Entropy: 1.0964, Epsilon: 0.505
2026-03-29 21:55:57 | INFO | [Episode  200] eps=0.505  avg_reward=-200.000  avg_length=200.00  avg_loss=  1.3813  avg_entropy=1.0964  eval_success=0.000
2026-03-29 21:55:58 | INFO | Episode  201 - Reward: -200.000, Length: 200, Loss: 1.9106, Entropy: 1.0960, Epsilon: 0.503
2026-03-29 21:55:58 | INFO | Episode  202 - Reward: -200.000, Length: 200, Loss: 1.5165, Entropy: 1.0956, Epsilon: 0.500
2026-03-29 21:55:59 | INFO | Episode  203 - Reward: -200.000, Length: 200, Loss: 0.7327, Entropy: 1.0974, Epsilon: 0.498
2026-03-29 21:55:59 | INFO | Episode  204 - Reward: -200.000, Length: 200, Loss: 0.9201, Entropy: 1.0980, Epsilon: 0.495
2026-03-29 21:55:59 | INFO | Episode  205 - Reward: -200.000, Length: 200, Loss: 1.7120, Entropy: 1.0951, Epsilon: 0.493
2026-03-29 21:56:00 | INFO | Episode  206 - Reward: -200.000, Length: 200, Loss: 0.5086, Entropy: 1.0978, Epsilon: 0.490
2026-03-29 21:56:00 | INFO | Episode  207 - Reward: -200.000, Length: 200, Loss: 1.1924, Entropy: 1.0972, Epsilon: 0.488
2026-03-29 21:56:01 | INFO | Episode  208 - Reward: -200.000, Length: 200, Loss: 1.4073, Entropy: 1.0957, Epsilon: 0.485
2026-03-29 21:56:01 | INFO | Episode  209 - Reward: -200.000, Length: 200, Loss: 1.7120, Entropy: 1.0967, Epsilon: 0.483
2026-03-29 21:56:02 | INFO | Episode  210 - Reward: -200.000, Length: 200, Loss: 1.5371, Entropy: 1.0958, Epsilon: 0.480
2026-03-29 21:56:02 | INFO | Episode  211 - Reward: -200.000, Length: 200, Loss: 1.1750, Entropy: 1.0959, Epsilon: 0.478
2026-03-29 21:56:02 | INFO | Episode  212 - Reward: -200.000, Length: 200, Loss: 1.2110, Entropy: 1.0972, Epsilon: 0.475
2026-03-29 21:56:03 | INFO | Episode  213 - Reward: -200.000, Length: 200, Loss: 1.1943, Entropy: 1.0973, Epsilon: 0.473
2026-03-29 21:56:04 | INFO | Episode  214 - Reward: -200.000, Length: 200, Loss: 2.1540, Entropy: 1.0969, Epsilon: 0.470
2026-03-29 21:56:04 | INFO | Episode  215 - Reward: -200.000, Length: 200, Loss: 1.0014, Entropy: 1.0973, Epsilon: 0.468
2026-03-29 21:56:05 | INFO | Episode  216 - Reward: -200.000, Length: 200, Loss: 1.2624, Entropy: 1.0967, Epsilon: 0.465
2026-03-29 21:56:06 | INFO | Episode  217 - Reward: -200.000, Length: 200, Loss: 1.7091, Entropy: 1.0937, Epsilon: 0.463
2026-03-29 21:56:06 | INFO | Episode  218 - Reward: -200.000, Length: 200, Loss: 2.1548, Entropy: 1.0974, Epsilon: 0.460
2026-03-29 21:56:07 | INFO | Episode  219 - Reward: -200.000, Length: 200, Loss: 1.1031, Entropy: 1.0968, Epsilon: 0.458
2026-03-29 21:56:08 | INFO | Episode  220 - Reward: -200.000, Length: 200, Loss: 1.2996, Entropy: 1.0957, Epsilon: 0.456
2026-03-29 21:56:08 | INFO | Episode  221 - Reward: -200.000, Length: 200, Loss: 1.7059, Entropy: 1.0967, Epsilon: 0.453
2026-03-29 21:56:09 | INFO | Episode  222 - Reward: -200.000, Length: 200, Loss: 1.4912, Entropy: 1.0977, Epsilon: 0.451
2026-03-29 21:56:09 | INFO | Episode  223 - Reward: -200.000, Length: 200, Loss: 0.9367, Entropy: 1.0971, Epsilon: 0.448
2026-03-29 21:56:10 | INFO | Episode  224 - Reward: -200.000, Length: 200, Loss: 1.7467, Entropy: 1.0971, Epsilon: 0.446
2026-03-29 21:56:11 | INFO | Episode  225 - Reward: -200.000, Length: 200, Loss: 0.4973, Entropy: 1.0982, Epsilon: 0.443
2026-03-29 21:56:11 | INFO | Episode  226 - Reward: -200.000, Length: 200, Loss: 1.4730, Entropy: 1.0968, Epsilon: 0.441
2026-03-29 21:56:12 | INFO | Episode  227 - Reward: -200.000, Length: 200, Loss: 0.6815, Entropy: 1.0968, Epsilon: 0.438
2026-03-29 21:56:12 | INFO | Episode  228 - Reward: -200.000, Length: 200, Loss: 0.9318, Entropy: 1.0977, Epsilon: 0.436
2026-03-29 21:56:13 | INFO | Episode  229 - Reward: -200.000, Length: 200, Loss: 1.7699, Entropy: 1.0925, Epsilon: 0.433
2026-03-29 21:56:14 | INFO | Episode  230 - Reward: -200.000, Length: 200, Loss: 2.0382, Entropy: 1.0967, Epsilon: 0.431
2026-03-29 21:56:14 | INFO | Episode  231 - Reward: -200.000, Length: 200, Loss: 0.9227, Entropy: 1.0983, Epsilon: 0.428
2026-03-29 21:56:15 | INFO | Episode  232 - Reward: -200.000, Length: 200, Loss: 1.0273, Entropy: 1.0975, Epsilon: 0.426
2026-03-29 21:56:16 | INFO | Episode  233 - Reward: -200.000, Length: 200, Loss: 1.5138, Entropy: 1.0951, Epsilon: 0.423
2026-03-29 21:56:16 | INFO | Episode  234 - Reward: -200.000, Length: 200, Loss: 2.1327, Entropy: 1.0966, Epsilon: 0.421
2026-03-29 21:56:17 | INFO | Episode  235 - Reward: -200.000, Length: 200, Loss: 0.5647, Entropy: 1.0978, Epsilon: 0.418
2026-03-29 21:56:17 | INFO | Episode  236 - Reward: -200.000, Length: 200, Loss: 0.7612, Entropy: 1.0980, Epsilon: 0.416
2026-03-29 21:56:18 | INFO | Episode  237 - Reward: -200.000, Length: 200, Loss: 1.3226, Entropy: 1.0971, Epsilon: 0.413
2026-03-29 21:56:19 | INFO | Episode  238 - Reward: -200.000, Length: 200, Loss: 3.5241, Entropy: 1.0941, Epsilon: 0.411
2026-03-29 21:56:19 | INFO | Episode  239 - Reward: -200.000, Length: 200, Loss: 1.7808, Entropy: 1.0957, Epsilon: 0.408
2026-03-29 21:56:20 | INFO | Episode  240 - Reward: -200.000, Length: 200, Loss: 1.8849, Entropy: 1.0957, Epsilon: 0.406
2026-03-29 21:56:21 | INFO | Episode  241 - Reward: -200.000, Length: 200, Loss: 1.0298, Entropy: 1.0950, Epsilon: 0.404
2026-03-29 21:56:21 | INFO | Episode  242 - Reward: -200.000, Length: 200, Loss: 1.2481, Entropy: 1.0965, Epsilon: 0.401
2026-03-29 21:56:22 | INFO | Episode  243 - Reward: -200.000, Length: 200, Loss: 1.2015, Entropy: 1.0979, Epsilon: 0.399
2026-03-29 21:56:22 | INFO | Episode  244 - Reward: -200.000, Length: 200, Loss: 2.4915, Entropy: 1.0881, Epsilon: 0.396
2026-03-29 21:56:23 | INFO | Episode  245 - Reward: -200.000, Length: 200, Loss: 1.2679, Entropy: 1.0955, Epsilon: 0.394
2026-03-29 21:56:24 | INFO | Episode  246 - Reward: -200.000, Length: 200, Loss: 0.4908, Entropy: 1.0980, Epsilon: 0.391
2026-03-29 21:56:24 | INFO | Episode  247 - Reward: -200.000, Length: 200, Loss: 1.2145, Entropy: 1.0973, Epsilon: 0.389
2026-03-29 21:56:25 | INFO | Episode  248 - Reward: -200.000, Length: 200, Loss: 1.2620, Entropy: 1.0961, Epsilon: 0.386
2026-03-29 21:56:26 | INFO | Episode  249 - Reward: -200.000, Length: 200, Loss: 2.0473, Entropy: 1.0931, Epsilon: 0.384
2026-03-29 21:56:27 | INFO | Episode  250 - Reward: -200.000, Length: 200, Loss: 0.5038, Entropy: 1.0980, Epsilon: 0.381
2026-03-29 21:56:35 | INFO | [Episode  250] eps=0.381  avg_reward=-200.000  avg_length=200.00  avg_loss=  1.3776  avg_entropy=1.0980  eval_success=0.000
2026-03-29 21:56:35 | INFO | Episode  251 - Reward: -200.000, Length: 200, Loss: 1.4596, Entropy: 1.0967, Epsilon: 0.379
2026-03-29 21:56:36 | INFO | Episode  252 - Reward: -200.000, Length: 200, Loss: 1.0390, Entropy: 1.0971, Epsilon: 0.376
2026-03-29 21:56:36 | INFO | Episode  253 - Reward: -200.000, Length: 200, Loss: 1.7634, Entropy: 1.0969, Epsilon: 0.374
2026-03-29 21:56:37 | INFO | Episode  254 - Reward: -200.000, Length: 200, Loss: 1.2843, Entropy: 1.0973, Epsilon: 0.371
2026-03-29 21:56:38 | INFO | Episode  255 - Reward: -200.000, Length: 200, Loss: 3.0473, Entropy: 1.0880, Epsilon: 0.369
2026-03-29 21:56:38 | INFO | Episode  256 - Reward: -200.000, Length: 200, Loss: 1.5405, Entropy: 1.0943, Epsilon: 0.366
2026-03-29 21:56:39 | INFO | Episode  257 - Reward: -200.000, Length: 200, Loss: -0.0036, Entropy: 1.0985, Epsilon: 0.364
2026-03-29 21:56:39 | INFO | Episode  258 - Reward: -200.000, Length: 200, Loss: 1.8248, Entropy: 1.0944, Epsilon: 0.361
2026-03-29 21:56:40 | INFO | Episode  259 - Reward: -200.000, Length: 200, Loss: 0.4894, Entropy: 1.0983, Epsilon: 0.359
2026-03-29 21:56:41 | INFO | Episode  260 - Reward: -200.000, Length: 200, Loss: 1.3943, Entropy: 1.0963, Epsilon: 0.357
2026-03-29 21:56:41 | INFO | Episode  261 - Reward: -200.000, Length: 200, Loss: 1.7914, Entropy: 1.0956, Epsilon: 0.354
2026-03-29 21:56:42 | INFO | Episode  262 - Reward: -200.000, Length: 200, Loss: 0.9966, Entropy: 1.0973, Epsilon: 0.352
2026-03-29 21:56:43 | INFO | Episode  263 - Reward: -200.000, Length: 200, Loss: 0.2740, Entropy: 1.0982, Epsilon: 0.349
2026-03-29 21:56:43 | INFO | Episode  264 - Reward: -200.000, Length: 200, Loss: 1.2652, Entropy: 1.0966, Epsilon: 0.347
2026-03-29 21:56:44 | INFO | Episode  265 - Reward: -200.000, Length: 200, Loss: 0.7067, Entropy: 1.0966, Epsilon: 0.344
2026-03-29 21:56:45 | INFO | Episode  266 - Reward: -200.000, Length: 200, Loss: 0.4897, Entropy: 1.0979, Epsilon: 0.342
2026-03-29 21:56:45 | INFO | Episode  267 - Reward: -200.000, Length: 200, Loss: 0.9616, Entropy: 1.0974, Epsilon: 0.339
2026-03-29 21:56:46 | INFO | Episode  268 - Reward: -200.000, Length: 200, Loss: 1.0379, Entropy: 1.0974, Epsilon: 0.337
2026-03-29 21:56:47 | INFO | Episode  269 - Reward: -200.000, Length: 200, Loss: 1.0124, Entropy: 1.0976, Epsilon: 0.334
2026-03-29 21:56:47 | INFO | Episode  270 - Reward: -200.000, Length: 200, Loss: 1.2304, Entropy: 1.0966, Epsilon: 0.332
2026-03-29 21:56:48 | INFO | Episode  271 - Reward: -200.000, Length: 200, Loss: 0.9861, Entropy: 1.0950, Epsilon: 0.329
2026-03-29 21:56:48 | INFO | Episode  272 - Reward: -200.000, Length: 200, Loss: 0.9420, Entropy: 1.0978, Epsilon: 0.327
2026-03-29 21:56:49 | INFO | Episode  273 - Reward: -200.000, Length: 200, Loss: 1.2581, Entropy: 1.0962, Epsilon: 0.324
2026-03-29 21:56:50 | INFO | Episode  274 - Reward: -200.000, Length: 200, Loss: 0.9489, Entropy: 1.0969, Epsilon: 0.322
2026-03-29 21:56:50 | INFO | Episode  275 - Reward: -200.000, Length: 200, Loss: 0.9656, Entropy: 1.0972, Epsilon: 0.319
2026-03-29 21:56:50 | INFO | Episode  276 - Reward: -200.000, Length: 200, Loss: 0.9467, Entropy: 1.0956, Epsilon: 0.317
2026-03-29 21:56:51 | INFO | Episode  277 - Reward: -200.000, Length: 200, Loss: 1.2155, Entropy: 1.0968, Epsilon: 0.314
2026-03-29 21:56:51 | INFO | Episode  278 - Reward: -200.000, Length: 200, Loss: 1.2770, Entropy: 1.0965, Epsilon: 0.312
2026-03-29 21:56:52 | INFO | Episode  279 - Reward: -200.000, Length: 200, Loss: 1.6451, Entropy: 1.0974, Epsilon: 0.309
2026-03-29 21:56:52 | INFO | Episode  280 - Reward: -200.000, Length: 200, Loss: 2.4362, Entropy: 1.0967, Epsilon: 0.307
2026-03-29 21:56:53 | INFO | Episode  281 - Reward: -200.000, Length: 200, Loss: 1.4154, Entropy: 1.0976, Epsilon: 0.305
2026-03-29 21:56:53 | INFO | Episode  282 - Reward: -200.000, Length: 200, Loss: 1.4636, Entropy: 1.0967, Epsilon: 0.302
2026-03-29 21:56:53 | INFO | Episode  283 - Reward: -200.000, Length: 200, Loss: 2.1957, Entropy: 1.0935, Epsilon: 0.300
2026-03-29 21:56:54 | INFO | Episode  284 - Reward: -200.000, Length: 200, Loss: 1.9710, Entropy: 1.0981, Epsilon: 0.297
2026-03-29 21:56:54 | INFO | Episode  285 - Reward: -200.000, Length: 200, Loss: 1.5287, Entropy: 1.0976, Epsilon: 0.295
2026-03-29 21:56:55 | INFO | Episode  286 - Reward: -200.000, Length: 200, Loss: 1.7211, Entropy: 1.0973, Epsilon: 0.292
2026-03-29 21:56:55 | INFO | Episode  287 - Reward: -200.000, Length: 200, Loss: 2.1870, Entropy: 1.0963, Epsilon: 0.290
2026-03-29 21:56:56 | INFO | Episode  288 - Reward: -200.000, Length: 200, Loss: 0.5038, Entropy: 1.0982, Epsilon: 0.287
2026-03-29 21:56:56 | INFO | Episode  289 - Reward: -200.000, Length: 200, Loss: 1.4205, Entropy: 1.0977, Epsilon: 0.285
2026-03-29 21:56:57 | INFO | Episode  290 - Reward: -200.000, Length: 200, Loss: 1.4817, Entropy: 1.0962, Epsilon: 0.282
2026-03-29 21:56:57 | INFO | Episode  291 - Reward: -200.000, Length: 200, Loss: 0.7051, Entropy: 1.0980, Epsilon: 0.280
2026-03-29 21:56:57 | INFO | Episode  292 - Reward: -200.000, Length: 200, Loss: 1.2468, Entropy: 1.0951, Epsilon: 0.277
2026-03-29 21:56:58 | INFO | Episode  293 - Reward: -200.000, Length: 200, Loss: 0.7280, Entropy: 1.0975, Epsilon: 0.275
2026-03-29 21:56:59 | INFO | Episode  294 - Reward: -200.000, Length: 200, Loss: 0.9471, Entropy: 1.0949, Epsilon: 0.272
2026-03-29 21:56:59 | INFO | Episode  295 - Reward: -200.000, Length: 200, Loss: 0.9594, Entropy: 1.0974, Epsilon: 0.270
2026-03-29 21:57:00 | INFO | Episode  296 - Reward: -200.000, Length: 200, Loss: 1.8314, Entropy: 1.0937, Epsilon: 0.267
2026-03-29 21:57:00 | INFO | Episode  297 - Reward: -200.000, Length: 200, Loss: 1.0924, Entropy: 1.0971, Epsilon: 0.265
2026-03-29 21:57:01 | INFO | Episode  298 - Reward: -200.000, Length: 200, Loss: 0.2655, Entropy: 1.0985, Epsilon: 0.262
2026-03-29 21:57:01 | INFO | Episode  299 - Reward: -200.000, Length: 200, Loss: 0.9845, Entropy: 1.0980, Epsilon: 0.260
2026-03-29 21:57:02 | INFO | Episode  300 - Reward: -200.000, Length: 200, Loss: 1.6464, Entropy: 1.0955, Epsilon: 0.258
2026-03-29 21:57:07 | INFO | [Episode  300] eps=0.258  avg_reward=-200.000  avg_length=200.00  avg_loss=  1.2504  avg_entropy=1.0955  eval_success=0.000
2026-03-29 21:57:08 | INFO | Episode  301 - Reward: -200.000, Length: 200, Loss: 1.2280, Entropy: 1.0977, Epsilon: 0.255
2026-03-29 21:57:08 | INFO | Episode  302 - Reward: -200.000, Length: 200, Loss: 1.0684, Entropy: 1.0973, Epsilon: 0.253
2026-03-29 21:57:08 | INFO | Episode  303 - Reward: -200.000, Length: 200, Loss: 2.3583, Entropy: 1.0958, Epsilon: 0.250
2026-03-29 21:57:09 | INFO | Episode  304 - Reward: -200.000, Length: 200, Loss: 2.1429, Entropy: 1.0964, Epsilon: 0.248
2026-03-29 21:57:09 | INFO | Episode  305 - Reward: -200.000, Length: 200, Loss: 1.6322, Entropy: 1.0949, Epsilon: 0.245
2026-03-29 21:57:10 | INFO | Episode  306 - Reward: -200.000, Length: 200, Loss: 0.5730, Entropy: 1.0976, Epsilon: 0.243
2026-03-29 21:57:10 | INFO | Episode  307 - Reward: -200.000, Length: 200, Loss: 0.5230, Entropy: 1.0980, Epsilon: 0.240
2026-03-29 21:57:11 | INFO | Episode  308 - Reward: -200.000, Length: 200, Loss: 0.2816, Entropy: 1.0980, Epsilon: 0.238
2026-03-29 21:57:11 | INFO | Episode  309 - Reward: -200.000, Length: 200, Loss: 1.4196, Entropy: 1.0978, Epsilon: 0.235
2026-03-29 21:57:11 | INFO | Episode  310 - Reward: -200.000, Length: 200, Loss: 1.8574, Entropy: 1.0954, Epsilon: 0.233
2026-03-29 21:57:12 | INFO | Episode  311 - Reward: -200.000, Length: 200, Loss: 2.1011, Entropy: 1.0941, Epsilon: 0.230
2026-03-29 21:57:12 | INFO | Episode  312 - Reward: -200.000, Length: 200, Loss: 1.3867, Entropy: 1.0964, Epsilon: 0.228
2026-03-29 21:57:13 | INFO | Episode  313 - Reward: -200.000, Length: 200, Loss: 1.8390, Entropy: 1.0947, Epsilon: 0.225
2026-03-29 21:57:13 | INFO | Episode  314 - Reward: -200.000, Length: 200, Loss: 1.7748, Entropy: 1.0958, Epsilon: 0.223
2026-03-29 21:57:14 | INFO | Episode  315 - Reward: -200.000, Length: 200, Loss: 0.7787, Entropy: 1.0963, Epsilon: 0.220
2026-03-29 21:57:14 | INFO | Episode  316 - Reward: -200.000, Length: 200, Loss: 1.8714, Entropy: 1.0975, Epsilon: 0.218
2026-03-29 21:57:14 | INFO | Episode  317 - Reward: -200.000, Length: 200, Loss: 0.5022, Entropy: 1.0971, Epsilon: 0.215
2026-03-29 21:57:15 | INFO | Episode  318 - Reward: -200.000, Length: 200, Loss: 1.1270, Entropy: 1.0958, Epsilon: 0.213
2026-03-29 21:57:15 | INFO | Episode  319 - Reward: -200.000, Length: 200, Loss: 1.5301, Entropy: 1.0954, Epsilon: 0.210
2026-03-29 21:57:16 | INFO | Episode  320 - Reward: -200.000, Length: 200, Loss: 1.7605, Entropy: 1.0978, Epsilon: 0.208
2026-03-29 21:57:16 | INFO | Episode  321 - Reward: -200.000, Length: 200, Loss: 0.9201, Entropy: 1.0981, Epsilon: 0.206
2026-03-29 21:57:17 | INFO | Episode  322 - Reward: -200.000, Length: 200, Loss: 1.2347, Entropy: 1.0976, Epsilon: 0.203
2026-03-29 21:57:17 | INFO | Episode  323 - Reward: -200.000, Length: 200, Loss: 1.7917, Entropy: 1.0973, Epsilon: 0.201
2026-03-29 21:57:17 | INFO | Episode  324 - Reward: -200.000, Length: 200, Loss: 1.8232, Entropy: 1.0931, Epsilon: 0.198
2026-03-29 21:57:18 | INFO | Episode  325 - Reward: -200.000, Length: 200, Loss: 1.3182, Entropy: 1.0977, Epsilon: 0.196
2026-03-29 21:57:18 | INFO | Episode  326 - Reward: -200.000, Length: 200, Loss: 1.1901, Entropy: 1.0977, Epsilon: 0.193
2026-03-29 21:57:19 | INFO | Episode  327 - Reward: -200.000, Length: 200, Loss: 1.1920, Entropy: 1.0959, Epsilon: 0.191
2026-03-29 21:57:19 | INFO | Episode  328 - Reward: -200.000, Length: 200, Loss: 0.6682, Entropy: 1.0978, Epsilon: 0.188
2026-03-29 21:57:20 | INFO | Episode  329 - Reward: -200.000, Length: 200, Loss: 1.7815, Entropy: 1.0951, Epsilon: 0.186
2026-03-29 21:57:20 | INFO | Episode  330 - Reward: -200.000, Length: 200, Loss: 2.2028, Entropy: 1.0958, Epsilon: 0.183
2026-03-29 21:57:21 | INFO | Episode  331 - Reward: -200.000, Length: 200, Loss: 0.6795, Entropy: 1.0982, Epsilon: 0.181
2026-03-29 21:57:21 | INFO | Episode  332 - Reward: -200.000, Length: 200, Loss: 1.4489, Entropy: 1.0978, Epsilon: 0.178
2026-03-29 21:57:22 | INFO | Episode  333 - Reward: -200.000, Length: 200, Loss: 1.9688, Entropy: 1.0980, Epsilon: 0.176
2026-03-29 21:57:22 | INFO | Episode  334 - Reward: -200.000, Length: 200, Loss: 0.6833, Entropy: 1.0971, Epsilon: 0.173
2026-03-29 21:57:23 | INFO | Episode  335 - Reward: -200.000, Length: 200, Loss: 0.6875, Entropy: 1.0980, Epsilon: 0.171
2026-03-29 21:57:23 | INFO | Episode  336 - Reward: -200.000, Length: 200, Loss: 0.9364, Entropy: 1.0977, Epsilon: 0.168
2026-03-29 21:57:24 | INFO | Episode  337 - Reward: -200.000, Length: 200, Loss: 1.3900, Entropy: 1.0960, Epsilon: 0.166
2026-03-29 21:57:24 | INFO | Episode  338 - Reward: -200.000, Length: 200, Loss: 1.2247, Entropy: 1.0967, Epsilon: 0.163
2026-03-29 21:57:24 | INFO | Episode  339 - Reward: -200.000, Length: 200, Loss: 0.5568, Entropy: 1.0979, Epsilon: 0.161
2026-03-29 21:57:25 | INFO | Episode  340 - Reward: -200.000, Length: 200, Loss: 0.6797, Entropy: 1.0980, Epsilon: 0.158
2026-03-29 21:57:25 | INFO | Episode  341 - Reward: -200.000, Length: 200, Loss: 1.2209, Entropy: 1.0969, Epsilon: 0.156
2026-03-29 21:57:26 | INFO | Episode  342 - Reward: -200.000, Length: 200, Loss: 0.9485, Entropy: 1.0979, Epsilon: 0.154
2026-03-29 21:57:26 | INFO | Episode  343 - Reward: -200.000, Length: 200, Loss: 0.4322, Entropy: 1.0982, Epsilon: 0.151
2026-03-29 21:57:27 | INFO | Episode  344 - Reward: -200.000, Length: 200, Loss: 1.6208, Entropy: 1.0963, Epsilon: 0.149
2026-03-29 21:57:27 | INFO | Episode  345 - Reward: -200.000, Length: 200, Loss: 1.1720, Entropy: 1.0962, Epsilon: 0.146
2026-03-29 21:57:27 | INFO | Episode  346 - Reward: -200.000, Length: 200, Loss: 1.5020, Entropy: 1.0980, Epsilon: 0.144
2026-03-29 21:57:28 | INFO | Episode  347 - Reward: -200.000, Length: 200, Loss: 1.4393, Entropy: 1.0972, Epsilon: 0.141
2026-03-29 21:57:28 | INFO | Episode  348 - Reward: -200.000, Length: 200, Loss: 0.7380, Entropy: 1.0980, Epsilon: 0.139
2026-03-29 21:57:29 | INFO | Episode  349 - Reward: -200.000, Length: 200, Loss: 1.4866, Entropy: 1.0965, Epsilon: 0.136
2026-03-29 21:57:29 | INFO | Episode  350 - Reward: -200.000, Length: 200, Loss: 0.5150, Entropy: 1.0961, Epsilon: 0.134
2026-03-29 21:57:36 | INFO | [Episode  350] eps=0.134  avg_reward=-200.000  avg_length=200.00  avg_loss=  1.2642  avg_entropy=1.0961  eval_success=0.000
2026-03-29 21:57:36 | INFO | Episode  351 - Reward: -200.000, Length: 200, Loss: 0.9386, Entropy: 1.0983, Epsilon: 0.131
2026-03-29 21:57:36 | INFO | Episode  352 - Reward: -200.000, Length: 200, Loss: 1.2259, Entropy: 1.0958, Epsilon: 0.129
2026-03-29 21:57:37 | INFO | Episode  353 - Reward: -200.000, Length: 200, Loss: 1.5570, Entropy: 1.0971, Epsilon: 0.126
2026-03-29 21:57:37 | INFO | Episode  354 - Reward: -200.000, Length: 200, Loss: 1.2762, Entropy: 1.0968, Epsilon: 0.124
2026-03-29 21:57:38 | INFO | Episode  355 - Reward: -200.000, Length: 200, Loss: 1.5540, Entropy: 1.0943, Epsilon: 0.121
2026-03-29 21:57:38 | INFO | Episode  356 - Reward: -200.000, Length: 200, Loss: 1.2339, Entropy: 1.0945, Epsilon: 0.119
2026-03-29 21:57:39 | INFO | Episode  357 - Reward: -200.000, Length: 200, Loss: 0.9536, Entropy: 1.0976, Epsilon: 0.116
2026-03-29 21:57:39 | INFO | Episode  358 - Reward: -200.000, Length: 200, Loss: 0.6811, Entropy: 1.0974, Epsilon: 0.114
2026-03-29 21:57:40 | INFO | Episode  359 - Reward: -200.000, Length: 200, Loss: 1.0461, Entropy: 1.0973, Epsilon: 0.111
2026-03-29 21:57:40 | INFO | Episode  360 - Reward: -200.000, Length: 200, Loss: 0.0080, Entropy: 1.0981, Epsilon: 0.109
2026-03-29 21:57:40 | INFO | Episode  361 - Reward: -200.000, Length: 200, Loss: 2.0227, Entropy: 1.0954, Epsilon: 0.107
2026-03-29 21:57:41 | INFO | Episode  362 - Reward: -200.000, Length: 200, Loss: 1.0151, Entropy: 1.0954, Epsilon: 0.104
2026-03-29 21:57:41 | INFO | Episode  363 - Reward: -200.000, Length: 200, Loss: 0.8120, Entropy: 1.0977, Epsilon: 0.102
2026-03-29 21:57:42 | INFO | Episode  364 - Reward: -200.000, Length: 200, Loss: 1.7520, Entropy: 1.0957, Epsilon: 0.099
2026-03-29 21:57:42 | INFO | Episode  365 - Reward: -200.000, Length: 200, Loss: 1.9531, Entropy: 1.0981, Epsilon: 0.097
2026-03-29 21:57:43 | INFO | Episode  366 - Reward: -200.000, Length: 200, Loss: 1.0035, Entropy: 1.0973, Epsilon: 0.094
2026-03-29 21:57:43 | INFO | Episode  367 - Reward: -200.000, Length: 200, Loss: 0.9363, Entropy: 1.0975, Epsilon: 0.092
2026-03-29 21:57:43 | INFO | Episode  368 - Reward: -200.000, Length: 200, Loss: 1.6193, Entropy: 1.0964, Epsilon: 0.089
2026-03-29 21:57:44 | INFO | Episode  369 - Reward: -200.000, Length: 200, Loss: 0.9173, Entropy: 1.0970, Epsilon: 0.087
2026-03-29 21:57:44 | INFO | Episode  370 - Reward: -200.000, Length: 200, Loss: 0.5051, Entropy: 1.0983, Epsilon: 0.084
2026-03-29 21:57:45 | INFO | Episode  371 - Reward: -200.000, Length: 200, Loss: 1.6242, Entropy: 1.0926, Epsilon: 0.082
2026-03-29 21:57:45 | INFO | Episode  372 - Reward: -200.000, Length: 200, Loss: 0.4929, Entropy: 1.0968, Epsilon: 0.079
2026-03-29 21:57:46 | INFO | Episode  373 - Reward: -200.000, Length: 200, Loss: 0.5292, Entropy: 1.0980, Epsilon: 0.077
2026-03-29 21:57:46 | INFO | Episode  374 - Reward: -200.000, Length: 200, Loss: 2.4039, Entropy: 1.0941, Epsilon: 0.074
2026-03-29 21:57:47 | INFO | Episode  375 - Reward: -200.000, Length: 200, Loss: 1.5627, Entropy: 1.0974, Epsilon: 0.072
2026-03-29 21:57:47 | INFO | Episode  376 - Reward: -200.000, Length: 200, Loss: 1.4660, Entropy: 1.0974, Epsilon: 0.069
2026-03-29 21:57:47 | INFO | Episode  377 - Reward: -200.000, Length: 200, Loss: 1.1986, Entropy: 1.0958, Epsilon: 0.067
2026-03-29 21:57:48 | INFO | Episode  378 - Reward: -200.000, Length: 200, Loss: 0.2372, Entropy: 1.0975, Epsilon: 0.064
2026-03-29 21:57:48 | INFO | Episode  379 - Reward: -200.000, Length: 200, Loss: 1.5102, Entropy: 1.0959, Epsilon: 0.062
2026-03-29 21:57:49 | INFO | Episode  380 - Reward: -200.000, Length: 200, Loss: 2.6330, Entropy: 1.0941, Epsilon: 0.059
2026-03-29 21:57:49 | INFO | Episode  381 - Reward: -200.000, Length: 200, Loss: 1.4506, Entropy: 1.0963, Epsilon: 0.057
2026-03-29 21:57:50 | INFO | Episode  382 - Reward: -200.000, Length: 200, Loss: 1.1698, Entropy: 1.0976, Epsilon: 0.055
2026-03-29 21:57:50 | INFO | Episode  383 - Reward: -200.000, Length: 200, Loss: 0.7787, Entropy: 1.0971, Epsilon: 0.052
2026-03-29 21:57:51 | INFO | Episode  384 - Reward: -200.000, Length: 200, Loss: 1.0774, Entropy: 1.0964, Epsilon: 0.050
2026-03-29 21:57:51 | INFO | Episode  385 - Reward: -200.000, Length: 200, Loss: 0.9827, Entropy: 1.0960, Epsilon: 0.047
2026-03-29 21:57:52 | INFO | Episode  386 - Reward: -200.000, Length: 200, Loss: 1.8273, Entropy: 1.0977, Epsilon: 0.045
2026-03-29 21:57:52 | INFO | Episode  387 - Reward: -200.000, Length: 200, Loss: 1.3133, Entropy: 1.0966, Epsilon: 0.042
2026-03-29 21:57:52 | INFO | Episode  388 - Reward: -200.000, Length: 200, Loss: 0.3939, Entropy: 1.0980, Epsilon: 0.040
2026-03-29 21:57:53 | INFO | Episode  389 - Reward: -200.000, Length: 200, Loss: 2.2079, Entropy: 1.0958, Epsilon: 0.037
2026-03-29 21:57:53 | INFO | Episode  390 - Reward: -200.000, Length: 200, Loss: 1.8055, Entropy: 1.0966, Epsilon: 0.035
2026-03-29 21:57:54 | INFO | Episode  391 - Reward: -200.000, Length: 200, Loss: 1.2845, Entropy: 1.0970, Epsilon: 0.032
2026-03-29 21:57:54 | INFO | Episode  392 - Reward: -200.000, Length: 200, Loss: 1.6604, Entropy: 1.0958, Epsilon: 0.030
2026-03-29 21:57:55 | INFO | Episode  393 - Reward: -200.000, Length: 200, Loss: 0.7125, Entropy: 1.0970, Epsilon: 0.027
2026-03-29 21:57:55 | INFO | Episode  394 - Reward: -200.000, Length: 200, Loss: 1.1996, Entropy: 1.0973, Epsilon: 0.025
2026-03-29 21:57:56 | INFO | Episode  395 - Reward: -200.000, Length: 200, Loss: 1.7260, Entropy: 1.0961, Epsilon: 0.022
2026-03-29 21:57:56 | INFO | Episode  396 - Reward: -200.000, Length: 200, Loss: 1.4723, Entropy: 1.0967, Epsilon: 0.020
2026-03-29 21:57:56 | INFO | Episode  397 - Reward: -200.000, Length: 200, Loss: 1.1872, Entropy: 1.0974, Epsilon: 0.017
2026-03-29 21:57:57 | INFO | Episode  398 - Reward: -200.000, Length: 200, Loss: 0.4003, Entropy: 1.0983, Epsilon: 0.015
2026-03-29 21:57:57 | INFO | Episode  399 - Reward: -200.000, Length: 200, Loss: 1.0031, Entropy: 1.0965, Epsilon: 0.012
2026-03-29 21:57:58 | INFO | Episode  400 - Reward: -200.000, Length: 200, Loss: 1.1532, Entropy: 1.0969, Epsilon: 0.010
2026-03-29 21:58:04 | INFO | [Episode  400] eps=0.010  avg_reward=-200.000  avg_length=200.00  avg_loss=  1.2295  avg_entropy=1.0969  eval_success=0.000
2026-03-29 21:58:05 | INFO | Episode  401 - Reward: -200.000, Length: 200, Loss: 1.5204, Entropy: 1.0960, Epsilon: 0.010
2026-03-29 21:58:05 | INFO | Episode  402 - Reward: -200.000, Length: 200, Loss: 0.5419, Entropy: 1.0968, Epsilon: 0.010
2026-03-29 21:58:05 | INFO | Episode  403 - Reward: -200.000, Length: 200, Loss: 1.1950, Entropy: 1.0972, Epsilon: 0.010
2026-03-29 21:58:06 | INFO | Episode  404 - Reward: -200.000, Length: 200, Loss: 0.6881, Entropy: 1.0982, Epsilon: 0.010
2026-03-29 21:58:06 | INFO | Episode  405 - Reward: -200.000, Length: 200, Loss: 1.5035, Entropy: 1.0970, Epsilon: 0.010
2026-03-29 21:58:07 | INFO | Episode  406 - Reward: -200.000, Length: 200, Loss: 0.5433, Entropy: 1.0971, Epsilon: 0.010
2026-03-29 21:58:07 | INFO | Episode  407 - Reward: -200.000, Length: 200, Loss: 0.9636, Entropy: 1.0975, Epsilon: 0.010
2026-03-29 21:58:08 | INFO | Episode  408 - Reward: -200.000, Length: 200, Loss: 0.4953, Entropy: 1.0976, Epsilon: 0.010
2026-03-29 21:58:08 | INFO | Episode  409 - Reward: -200.000, Length: 200, Loss: 2.2991, Entropy: 1.0956, Epsilon: 0.010
2026-03-29 21:58:09 | INFO | Episode  410 - Reward: -200.000, Length: 200, Loss: 1.3249, Entropy: 1.0959, Epsilon: 0.010
2026-03-29 21:58:09 | INFO | Episode  411 - Reward: -200.000, Length: 200, Loss: 0.7749, Entropy: 1.0970, Epsilon: 0.010
2026-03-29 21:58:10 | INFO | Episode  412 - Reward: -200.000, Length: 200, Loss: 2.2478, Entropy: 1.0980, Epsilon: 0.010
2026-03-29 21:58:10 | INFO | Episode  413 - Reward: -200.000, Length: 200, Loss: 1.0547, Entropy: 1.0971, Epsilon: 0.010
2026-03-29 21:58:10 | INFO | Episode  414 - Reward: -200.000, Length: 200, Loss: 1.2264, Entropy: 1.0972, Epsilon: 0.010
2026-03-29 21:58:11 | INFO | Episode  415 - Reward: -200.000, Length: 200, Loss: 1.1938, Entropy: 1.0946, Epsilon: 0.010
2026-03-29 21:58:11 | INFO | Episode  416 - Reward: -200.000, Length: 200, Loss: 1.1697, Entropy: 1.0975, Epsilon: 0.010
2026-03-29 21:58:12 | INFO | Episode  417 - Reward: -200.000, Length: 200, Loss: 1.7438, Entropy: 1.0979, Epsilon: 0.010
2026-03-29 21:58:12 | INFO | Episode  418 - Reward: -200.000, Length: 200, Loss: 1.2338, Entropy: 1.0969, Epsilon: 0.010
2026-03-29 21:58:13 | INFO | Episode  419 - Reward: -200.000, Length: 200, Loss: 1.3620, Entropy: 1.0960, Epsilon: 0.010
2026-03-29 21:58:13 | INFO | Episode  420 - Reward: -200.000, Length: 200, Loss: 2.4179, Entropy: 1.0972, Epsilon: 0.010
2026-03-29 21:58:14 | INFO | Episode  421 - Reward: -200.000, Length: 200, Loss: 1.6218, Entropy: 1.0956, Epsilon: 0.010
2026-03-29 21:58:14 | INFO | Episode  422 - Reward: -200.000, Length: 200, Loss: 0.9975, Entropy: 1.0976, Epsilon: 0.010
2026-03-29 21:58:15 | INFO | Episode  423 - Reward: -200.000, Length: 200, Loss: 1.0067, Entropy: 1.0970, Epsilon: 0.010
2026-03-29 21:58:15 | INFO | Episode  424 - Reward: -200.000, Length: 200, Loss: 0.7763, Entropy: 1.0968, Epsilon: 0.010
2026-03-29 21:58:16 | INFO | Episode  425 - Reward: -200.000, Length: 200, Loss: 1.5671, Entropy: 1.0964, Epsilon: 0.010
2026-03-29 21:58:16 | INFO | Episode  426 - Reward: -200.000, Length: 200, Loss: 1.3389, Entropy: 1.0981, Epsilon: 0.010
2026-03-29 21:58:16 | INFO | Episode  427 - Reward: -200.000, Length: 200, Loss: 3.3011, Entropy: 1.0937, Epsilon: 0.010
2026-03-29 21:58:17 | INFO | Episode  428 - Reward: -200.000, Length: 200, Loss: 0.5527, Entropy: 1.0975, Epsilon: 0.010
2026-03-29 21:58:17 | INFO | Episode  429 - Reward: -200.000, Length: 200, Loss: 0.4712, Entropy: 1.0982, Epsilon: 0.010
2026-03-29 21:58:18 | INFO | Episode  430 - Reward: -200.000, Length: 200, Loss: 1.6125, Entropy: 1.0973, Epsilon: 0.010
2026-03-29 21:58:18 | INFO | Episode  431 - Reward: -200.000, Length: 200, Loss: 2.5002, Entropy: 1.0963, Epsilon: 0.010
2026-03-29 21:58:19 | INFO | Episode  432 - Reward: -200.000, Length: 200, Loss: 1.0948, Entropy: 1.0976, Epsilon: 0.010
2026-03-29 21:58:19 | INFO | Episode  433 - Reward: -200.000, Length: 200, Loss: 0.9532, Entropy: 1.0954, Epsilon: 0.010
2026-03-29 21:58:20 | INFO | Episode  434 - Reward: -200.000, Length: 200, Loss: 1.0807, Entropy: 1.0962, Epsilon: 0.010
2026-03-29 21:58:20 | INFO | Episode  435 - Reward: -200.000, Length: 200, Loss: 1.8411, Entropy: 1.0966, Epsilon: 0.010
2026-03-29 21:58:21 | INFO | Episode  436 - Reward: -200.000, Length: 200, Loss: 1.2511, Entropy: 1.0954, Epsilon: 0.010
2026-03-29 21:58:21 | INFO | Episode  437 - Reward: -200.000, Length: 200, Loss: 1.4613, Entropy: 1.0966, Epsilon: 0.010
2026-03-29 21:58:22 | INFO | Episode  438 - Reward: -200.000, Length: 200, Loss: 0.9812, Entropy: 1.0946, Epsilon: 0.010
2026-03-29 21:58:22 | INFO | Episode  439 - Reward: -200.000, Length: 200, Loss: 1.7426, Entropy: 1.0939, Epsilon: 0.010
2026-03-29 21:58:23 | INFO | Episode  440 - Reward: -200.000, Length: 200, Loss: 1.8344, Entropy: 1.0964, Epsilon: 0.010
2026-03-29 21:58:23 | INFO | Episode  441 - Reward: -200.000, Length: 200, Loss: 1.3296, Entropy: 1.0973, Epsilon: 0.010
2026-03-29 21:58:24 | INFO | Episode  442 - Reward: -200.000, Length: 200, Loss: 0.5754, Entropy: 1.0971, Epsilon: 0.010
2026-03-29 21:58:24 | INFO | Episode  443 - Reward: -200.000, Length: 200, Loss: 1.0751, Entropy: 1.0960, Epsilon: 0.010
2026-03-29 21:58:24 | INFO | Episode  444 - Reward: -200.000, Length: 200, Loss: 1.3449, Entropy: 1.0934, Epsilon: 0.010
2026-03-29 21:58:25 | INFO | Episode  445 - Reward: -200.000, Length: 200, Loss: 1.0213, Entropy: 1.0978, Epsilon: 0.010
2026-03-29 21:58:25 | INFO | Episode  446 - Reward: -200.000, Length: 200, Loss: 1.5424, Entropy: 1.0976, Epsilon: 0.010
2026-03-29 21:58:26 | INFO | Episode  447 - Reward: -200.000, Length: 200, Loss: 1.4704, Entropy: 1.0951, Epsilon: 0.010
2026-03-29 21:58:26 | INFO | Episode  448 - Reward: -200.000, Length: 200, Loss: 1.5759, Entropy: 1.0974, Epsilon: 0.010
2026-03-29 21:58:27 | INFO | Episode  449 - Reward: -200.000, Length: 200, Loss: 1.5614, Entropy: 1.0962, Epsilon: 0.010
2026-03-29 21:58:27 | INFO | Episode  450 - Reward: -200.000, Length: 200, Loss: 1.9967, Entropy: 1.0965, Epsilon: 0.010
2026-03-29 21:58:33 | INFO | [Episode  450] eps=0.010  avg_reward=-200.000  avg_length=200.00  avg_loss=  1.3396  avg_entropy=1.0965  eval_success=0.000
2026-03-29 21:58:33 | INFO | Episode  451 - Reward: -200.000, Length: 200, Loss: 1.6114, Entropy: 1.0929, Epsilon: 0.010
2026-03-29 21:58:34 | INFO | Episode  452 - Reward: -200.000, Length: 200, Loss: 0.5558, Entropy: 1.0974, Epsilon: 0.010
2026-03-29 21:58:34 | INFO | Episode  453 - Reward: -200.000, Length: 200, Loss: 1.5283, Entropy: 1.0981, Epsilon: 0.010
2026-03-29 21:58:35 | INFO | Episode  454 - Reward: -200.000, Length: 200, Loss: 1.1363, Entropy: 1.0970, Epsilon: 0.010
2026-03-29 21:58:35 | INFO | Episode  455 - Reward: -200.000, Length: 200, Loss: 0.9132, Entropy: 1.0972, Epsilon: 0.010
2026-03-29 21:58:36 | INFO | Episode  456 - Reward: -200.000, Length: 200, Loss: 0.7873, Entropy: 1.0976, Epsilon: 0.010
2026-03-29 21:58:36 | INFO | Episode  457 - Reward: -200.000, Length: 200, Loss: 0.5452, Entropy: 1.0973, Epsilon: 0.010
2026-03-29 21:58:36 | INFO | Episode  458 - Reward: -200.000, Length: 200, Loss: 2.2972, Entropy: 1.0977, Epsilon: 0.010
2026-03-29 21:58:38 | INFO | Episode  459 - Reward: -200.000, Length: 200, Loss: 1.2817, Entropy: 1.0976, Epsilon: 0.010
2026-03-29 21:58:38 | INFO | Episode  460 - Reward: -200.000, Length: 200, Loss: 0.7334, Entropy: 1.0981, Epsilon: 0.010
2026-03-29 21:58:38 | INFO | Episode  461 - Reward: -200.000, Length: 200, Loss: 1.6198, Entropy: 1.0962, Epsilon: 0.010
2026-03-29 21:58:39 | INFO | Episode  462 - Reward: -200.000, Length: 200, Loss: 1.6053, Entropy: 1.0939, Epsilon: 0.010
2026-03-29 21:58:39 | INFO | Episode  463 - Reward: -200.000, Length: 200, Loss: 1.5623, Entropy: 1.0950, Epsilon: 0.010
2026-03-29 21:58:40 | INFO | Episode  464 - Reward: -200.000, Length: 200, Loss: 1.6270, Entropy: 1.0932, Epsilon: 0.010
2026-03-29 21:58:40 | INFO | Episode  465 - Reward: -200.000, Length: 200, Loss: 0.6229, Entropy: 1.0953, Epsilon: 0.010
2026-03-29 21:58:41 | INFO | Episode  466 - Reward: -200.000, Length: 200, Loss: 1.2980, Entropy: 1.0975, Epsilon: 0.010
2026-03-29 21:58:41 | INFO | Episode  467 - Reward: -200.000, Length: 200, Loss: 1.5114, Entropy: 1.0971, Epsilon: 0.010
2026-03-29 21:58:42 | INFO | Episode  468 - Reward: -200.000, Length: 200, Loss: 2.1096, Entropy: 1.0973, Epsilon: 0.010
2026-03-29 21:58:42 | INFO | Episode  469 - Reward: -200.000, Length: 200, Loss: 1.7856, Entropy: 1.0943, Epsilon: 0.010
2026-03-29 21:58:43 | INFO | Episode  470 - Reward: -200.000, Length: 200, Loss: 2.0694, Entropy: 1.0942, Epsilon: 0.010
2026-03-29 21:58:43 | INFO | Episode  471 - Reward: -200.000, Length: 200, Loss: 1.8589, Entropy: 1.0972, Epsilon: 0.010
2026-03-29 21:58:44 | INFO | Episode  472 - Reward: -200.000, Length: 200, Loss: 1.0707, Entropy: 1.0978, Epsilon: 0.010
2026-03-29 21:58:44 | INFO | Episode  473 - Reward: -200.000, Length: 200, Loss: 0.7671, Entropy: 1.0977, Epsilon: 0.010
2026-03-29 21:58:45 | INFO | Episode  474 - Reward: -200.000, Length: 200, Loss: 1.4828, Entropy: 1.0949, Epsilon: 0.010
2026-03-29 21:58:45 | INFO | Episode  475 - Reward: -200.000, Length: 200, Loss: 1.3173, Entropy: 1.0976, Epsilon: 0.010
2026-03-29 21:58:45 | INFO | Episode  476 - Reward: -200.000, Length: 200, Loss: 2.4074, Entropy: 1.0923, Epsilon: 0.010
2026-03-29 21:58:46 | INFO | Episode  477 - Reward: -200.000, Length: 200, Loss: 1.3887, Entropy: 1.0977, Epsilon: 0.010
2026-03-29 21:58:46 | INFO | Episode  478 - Reward: -200.000, Length: 200, Loss: 1.7851, Entropy: 1.0950, Epsilon: 0.010
2026-03-29 21:58:47 | INFO | Episode  479 - Reward: -200.000, Length: 200, Loss: 1.3933, Entropy: 1.0959, Epsilon: 0.010
2026-03-29 21:58:47 | INFO | Episode  480 - Reward: -200.000, Length: 200, Loss: 2.0910, Entropy: 1.0941, Epsilon: 0.010
2026-03-29 21:58:48 | INFO | Episode  481 - Reward: -200.000, Length: 200, Loss: 0.7998, Entropy: 1.0965, Epsilon: 0.010
2026-03-29 21:58:48 | INFO | Episode  482 - Reward: -200.000, Length: 200, Loss: 1.6427, Entropy: 1.0966, Epsilon: 0.010
2026-03-29 21:58:49 | INFO | Episode  483 - Reward: -200.000, Length: 200, Loss: 1.3582, Entropy: 1.0962, Epsilon: 0.010
2026-03-29 21:58:49 | INFO | Episode  484 - Reward: -200.000, Length: 200, Loss: 0.4778, Entropy: 1.0974, Epsilon: 0.010
2026-03-29 21:58:50 | INFO | Episode  485 - Reward: -200.000, Length: 200, Loss: 0.8011, Entropy: 1.0958, Epsilon: 0.010
2026-03-29 21:58:50 | INFO | Episode  486 - Reward: -200.000, Length: 200, Loss: 0.6262, Entropy: 1.0977, Epsilon: 0.010
2026-03-29 21:58:51 | INFO | Episode  487 - Reward: -200.000, Length: 200, Loss: 1.1458, Entropy: 1.0954, Epsilon: 0.010
2026-03-29 21:58:51 | INFO | Episode  488 - Reward: -200.000, Length: 200, Loss: 0.6191, Entropy: 1.0980, Epsilon: 0.010
2026-03-29 21:58:51 | INFO | Episode  489 - Reward: -200.000, Length: 200, Loss: 1.1511, Entropy: 1.0964, Epsilon: 0.010
2026-03-29 21:58:52 | INFO | Episode  490 - Reward: -200.000, Length: 200, Loss: 1.7121, Entropy: 1.0947, Epsilon: 0.010
2026-03-29 21:58:52 | INFO | Episode  491 - Reward: -200.000, Length: 200, Loss: 0.8348, Entropy: 1.0979, Epsilon: 0.010
2026-03-29 21:58:53 | INFO | Episode  492 - Reward: -200.000, Length: 200, Loss: 1.9678, Entropy: 1.0965, Epsilon: 0.010
2026-03-29 21:58:53 | INFO | Episode  493 - Reward: -200.000, Length: 200, Loss: 3.0545, Entropy: 1.0814, Epsilon: 0.010
2026-03-29 21:58:54 | INFO | Episode  494 - Reward: -200.000, Length: 200, Loss: 1.7846, Entropy: 1.0951, Epsilon: 0.010
2026-03-29 21:58:54 | INFO | Episode  495 - Reward: -200.000, Length: 200, Loss: 0.5595, Entropy: 1.0976, Epsilon: 0.010
2026-03-29 21:58:55 | INFO | Episode  496 - Reward: -200.000, Length: 200, Loss: 1.9842, Entropy: 1.0903, Epsilon: 0.010
2026-03-29 21:58:55 | INFO | Episode  497 - Reward: -200.000, Length: 200, Loss: 1.9462, Entropy: 1.0941, Epsilon: 0.010
2026-03-29 21:58:56 | INFO | Episode  498 - Reward: -200.000, Length: 200, Loss: 2.4356, Entropy: 1.0969, Epsilon: 0.010
2026-03-29 21:58:56 | INFO | Episode  499 - Reward: -200.000, Length: 200, Loss: 1.6042, Entropy: 1.0918, Epsilon: 0.010
2026-03-29 21:58:57 | INFO | Episode  500 - Reward: -200.000, Length: 200, Loss: 1.7581, Entropy: 1.0804, Epsilon: 0.010
2026-03-29 21:59:02 | INFO | [Episode  500] eps=0.010  avg_reward=-200.000  avg_length=200.00  avg_loss=  1.4205  avg_entropy=1.0804  eval_success=0.000
2026-03-29 21:59:02 | INFO | DQN+Entropy training: 4m 53.52s
2026-03-29 21:59:26 | INFO | [Final Eval] success=0.000, mean_reward=-200.000
