2026-03-29 13:37:35 | INFO | ============================================================
2026-03-29 13:37:35 | INFO | DEVICE / COMPUTE INFORMATION
2026-03-29 13:37:35 | INFO |   JAX backend       : GPU
2026-03-29 13:37:35 | INFO |   Platform          : gpu
2026-03-29 13:37:35 | INFO |   Num devices       : 2
2026-03-29 13:37:35 | INFO |   Device            : cuda:0
2026-03-29 13:37:35 | INFO |   Device            : cuda:1
2026-03-29 13:37:35 | INFO |   GPU name          : Tesla T4
2026-03-29 13:37:35 | INFO | ============================================================
2026-03-29 13:37:35 | INFO | DQN+Entropy | seed=1, lr=0.0005, gamma=0.95, alpha=0.05
2026-03-29 13:37:35 | INFO | Env: mountaincar/dense, obs_dim=2, num_actions=3
2026-03-29 13:37:40 | INFO | Episode    1 - Reward: -200.000, Length: 200, Loss: 0.0000, Entropy: 0.0000, Epsilon: 0.998
2026-03-29 13:37:45 | INFO | Episode    2 - Reward: -200.000, Length: 200, Loss: 0.9321, Entropy: 1.0986, Epsilon: 0.995
2026-03-29 13:37:48 | INFO | Episode    3 - Reward: -200.000, Length: 200, Loss: 0.9283, Entropy: 1.0986, Epsilon: 0.993
2026-03-29 13:37:51 | INFO | Episode    4 - Reward: -200.000, Length: 200, Loss: 0.9317, Entropy: 1.0986, Epsilon: 0.990
2026-03-29 13:37:53 | INFO | Episode    5 - Reward: -200.000, Length: 200, Loss: 0.9274, Entropy: 1.0986, Epsilon: 0.988
2026-03-29 13:37:56 | INFO | Episode    6 - Reward: -200.000, Length: 200, Loss: 0.9313, Entropy: 1.0986, Epsilon: 0.985
2026-03-29 13:37:59 | INFO | Episode    7 - Reward: -200.000, Length: 200, Loss: 0.9276, Entropy: 1.0986, Epsilon: 0.983
2026-03-29 13:38:02 | INFO | Episode    8 - Reward: -200.000, Length: 200, Loss: 0.9232, Entropy: 1.0986, Epsilon: 0.980
2026-03-29 13:38:04 | INFO | Episode    9 - Reward: -200.000, Length: 200, Loss: 0.9301, Entropy: 1.0986, Epsilon: 0.978
2026-03-29 13:38:07 | INFO | Episode   10 - Reward: -200.000, Length: 200, Loss: 0.9272, Entropy: 1.0986, Epsilon: 0.975
2026-03-29 13:38:10 | INFO | Episode   11 - Reward: -200.000, Length: 200, Loss: 0.9300, Entropy: 1.0986, Epsilon: 0.973
2026-03-29 13:38:12 | INFO | Episode   12 - Reward: -200.000, Length: 200, Loss: 0.9266, Entropy: 1.0986, Epsilon: 0.970
2026-03-29 13:38:15 | INFO | Episode   13 - Reward: -200.000, Length: 200, Loss: 0.9229, Entropy: 1.0986, Epsilon: 0.968
2026-03-29 13:38:18 | INFO | Episode   14 - Reward: -200.000, Length: 200, Loss: 0.9290, Entropy: 1.0986, Epsilon: 0.965
2026-03-29 13:38:21 | INFO | Episode   15 - Reward: -200.000, Length: 200, Loss: 0.9257, Entropy: 1.0986, Epsilon: 0.963
2026-03-29 13:38:23 | INFO | Episode   16 - Reward: -200.000, Length: 200, Loss: 0.9286, Entropy: 1.0986, Epsilon: 0.960
2026-03-29 13:38:26 | INFO | Episode   17 - Reward: -200.000, Length: 200, Loss: 0.9247, Entropy: 1.0986, Epsilon: 0.958
2026-03-29 13:38:29 | INFO | Episode   18 - Reward: -200.000, Length: 200, Loss: 0.9214, Entropy: 1.0986, Epsilon: 0.955
2026-03-29 13:38:32 | INFO | Episode   19 - Reward: -200.000, Length: 200, Loss: 0.9278, Entropy: 1.0986, Epsilon: 0.953
2026-03-29 13:38:34 | INFO | Episode   20 - Reward: -200.000, Length: 200, Loss: 0.9241, Entropy: 1.0986, Epsilon: 0.951
2026-03-29 13:38:37 | INFO | Episode   21 - Reward: -200.000, Length: 200, Loss: 0.9275, Entropy: 1.0986, Epsilon: 0.948
2026-03-29 13:38:40 | INFO | Episode   22 - Reward: -200.000, Length: 200, Loss: 0.9241, Entropy: 1.0986, Epsilon: 0.946
2026-03-29 13:38:42 | INFO | Episode   23 - Reward: -200.000, Length: 200, Loss: 0.9203, Entropy: 1.0986, Epsilon: 0.943
2026-03-29 13:38:45 | INFO | Episode   24 - Reward: -200.000, Length: 200, Loss: 0.9278, Entropy: 1.0986, Epsilon: 0.941
2026-03-29 13:38:48 | INFO | Episode   25 - Reward: -200.000, Length: 200, Loss: 0.9237, Entropy: 1.0986, Epsilon: 0.938
2026-03-29 13:38:51 | INFO | Episode   26 - Reward: -200.000, Length: 200, Loss: 0.9275, Entropy: 1.0986, Epsilon: 0.936
2026-03-29 13:38:53 | INFO | Episode   27 - Reward: -200.000, Length: 200, Loss: 0.9242, Entropy: 1.0986, Epsilon: 0.933
2026-03-29 13:38:56 | INFO | Episode   28 - Reward: -200.000, Length: 200, Loss: 0.9204, Entropy: 1.0986, Epsilon: 0.931
2026-03-29 13:38:59 | INFO | Episode   29 - Reward: -200.000, Length: 200, Loss: 0.9273, Entropy: 1.0986, Epsilon: 0.928
2026-03-29 13:39:02 | INFO | Episode   30 - Reward: -200.000, Length: 200, Loss: 0.9239, Entropy: 1.0986, Epsilon: 0.926
2026-03-29 13:39:04 | INFO | Episode   31 - Reward: -200.000, Length: 200, Loss: 0.9285, Entropy: 1.0986, Epsilon: 0.923
2026-03-29 13:39:07 | INFO | Episode   32 - Reward: -200.000, Length: 200, Loss: 0.9248, Entropy: 1.0986, Epsilon: 0.921
2026-03-29 13:39:09 | INFO | Episode   33 - Reward: -200.000, Length: 200, Loss: 0.9204, Entropy: 1.0986, Epsilon: 0.918
2026-03-29 13:39:12 | INFO | Episode   34 - Reward: -200.000, Length: 200, Loss: 0.9287, Entropy: 1.0986, Epsilon: 0.916
2026-03-29 13:39:15 | INFO | Episode   35 - Reward: -200.000, Length: 200, Loss: 0.9252, Entropy: 1.0986, Epsilon: 0.913
2026-03-29 13:39:17 | INFO | Episode   36 - Reward: -200.000, Length: 200, Loss: 0.9296, Entropy: 1.0986, Epsilon: 0.911
2026-03-29 13:39:20 | INFO | Episode   37 - Reward: -200.000, Length: 200, Loss: 0.9258, Entropy: 1.0986, Epsilon: 0.908
2026-03-29 13:39:23 | INFO | Episode   38 - Reward: -200.000, Length: 200, Loss: 0.9216, Entropy: 1.0986, Epsilon: 0.906
2026-03-29 13:39:25 | INFO | Episode   39 - Reward: -200.000, Length: 200, Loss: 0.9300, Entropy: 1.0986, Epsilon: 0.903
2026-03-29 13:39:28 | INFO | Episode   40 - Reward: -200.000, Length: 200, Loss: 0.9260, Entropy: 1.0986, Epsilon: 0.901
2026-03-29 13:39:31 | INFO | Episode   41 - Reward: -200.000, Length: 200, Loss: 0.9303, Entropy: 1.0986, Epsilon: 0.899
2026-03-29 13:39:34 | INFO | Episode   42 - Reward: -200.000, Length: 200, Loss: 0.9264, Entropy: 1.0986, Epsilon: 0.896
2026-03-29 13:39:36 | INFO | Episode   43 - Reward: -200.000, Length: 200, Loss: 0.9226, Entropy: 1.0986, Epsilon: 0.894
2026-03-29 13:39:39 | INFO | Episode   44 - Reward: -200.000, Length: 200, Loss: 0.9306, Entropy: 1.0986, Epsilon: 0.891
2026-03-29 13:39:42 | INFO | Episode   45 - Reward: -200.000, Length: 200, Loss: 0.9265, Entropy: 1.0986, Epsilon: 0.889
2026-03-29 13:39:44 | INFO | Episode   46 - Reward: -200.000, Length: 200, Loss: 0.9298, Entropy: 1.0986, Epsilon: 0.886
2026-03-29 13:39:47 | INFO | Episode   47 - Reward: -200.000, Length: 200, Loss: 0.9263, Entropy: 1.0986, Epsilon: 0.884
2026-03-29 13:39:50 | INFO | Episode   48 - Reward: -200.000, Length: 200, Loss: 0.9226, Entropy: 1.0986, Epsilon: 0.881
2026-03-29 13:39:52 | INFO | Episode   49 - Reward: -200.000, Length: 200, Loss: 0.9297, Entropy: 1.0986, Epsilon: 0.879
2026-03-29 13:39:55 | INFO | Episode   50 - Reward: -200.000, Length: 200, Loss: 0.9254, Entropy: 1.0986, Epsilon: 0.876
2026-03-29 13:40:56 | INFO | [Episode   50] eps=0.876  avg_reward=-200.000  avg_length=200.00  avg_loss=  0.9079  avg_entropy=1.0986  eval_success=0.000
2026-03-29 13:40:59 | INFO | Episode   51 - Reward: -200.000, Length: 200, Loss: 0.9291, Entropy: 1.0986, Epsilon: 0.874
2026-03-29 13:41:03 | INFO | Episode   52 - Reward: -200.000, Length: 200, Loss: 0.9247, Entropy: 1.0986, Epsilon: 0.871
2026-03-29 13:41:06 | INFO | Episode   53 - Reward: -200.000, Length: 200, Loss: 0.9215, Entropy: 1.0986, Epsilon: 0.869
2026-03-29 13:41:08 | INFO | Episode   54 - Reward: -200.000, Length: 200, Loss: 0.9295, Entropy: 1.0986, Epsilon: 0.866
2026-03-29 13:41:11 | INFO | Episode   55 - Reward: -200.000, Length: 200, Loss: 0.9244, Entropy: 1.0986, Epsilon: 0.864
2026-03-29 13:41:13 | INFO | Episode   56 - Reward: -200.000, Length: 200, Loss: 0.9281, Entropy: 1.0986, Epsilon: 0.861
2026-03-29 13:41:16 | INFO | Episode   57 - Reward: -200.000, Length: 200, Loss: 0.9238, Entropy: 1.0986, Epsilon: 0.859
2026-03-29 13:41:18 | INFO | Episode   58 - Reward: -200.000, Length: 200, Loss: 0.9203, Entropy: 1.0986, Epsilon: 0.856
2026-03-29 13:41:21 | INFO | Episode   59 - Reward: -200.000, Length: 200, Loss: 0.9282, Entropy: 1.0986, Epsilon: 0.854
2026-03-29 13:41:23 | INFO | Episode   60 - Reward: -200.000, Length: 200, Loss: 0.9246, Entropy: 1.0986, Epsilon: 0.852
2026-03-29 13:41:26 | INFO | Episode   61 - Reward: -200.000, Length: 200, Loss: 0.9282, Entropy: 1.0986, Epsilon: 0.849
2026-03-29 13:41:28 | INFO | Episode   62 - Reward: -200.000, Length: 200, Loss: 0.9240, Entropy: 1.0986, Epsilon: 0.847
2026-03-29 13:41:31 | INFO | Episode   63 - Reward: -200.000, Length: 200, Loss: 0.9212, Entropy: 1.0986, Epsilon: 0.844
2026-03-29 13:41:34 | INFO | Episode   64 - Reward: -200.000, Length: 200, Loss: 0.9275, Entropy: 1.0986, Epsilon: 0.842
2026-03-29 13:41:36 | INFO | Episode   65 - Reward: -200.000, Length: 200, Loss: 0.9232, Entropy: 1.0986, Epsilon: 0.839
2026-03-29 13:41:39 | INFO | Episode   66 - Reward: -200.000, Length: 200, Loss: 0.9268, Entropy: 1.0986, Epsilon: 0.837
2026-03-29 13:41:42 | INFO | Episode   67 - Reward: -200.000, Length: 200, Loss: 0.9231, Entropy: 1.0986, Epsilon: 0.834
2026-03-29 13:41:44 | INFO | Episode   68 - Reward: -200.000, Length: 200, Loss: 0.9200, Entropy: 1.0986, Epsilon: 0.832
2026-03-29 13:41:47 | INFO | Episode   69 - Reward: -200.000, Length: 200, Loss: 0.9244, Entropy: 1.0986, Epsilon: 0.829
2026-03-29 13:41:50 | INFO | Episode   70 - Reward: -200.000, Length: 200, Loss: 0.9224, Entropy: 1.0986, Epsilon: 0.827
2026-03-29 13:41:53 | INFO | Episode   71 - Reward: -200.000, Length: 200, Loss: 0.9252, Entropy: 1.0986, Epsilon: 0.824
2026-03-29 13:41:55 | INFO | Episode   72 - Reward: -200.000, Length: 200, Loss: 0.9217, Entropy: 1.0986, Epsilon: 0.822
2026-03-29 13:41:58 | INFO | Episode   73 - Reward: -200.000, Length: 200, Loss: 0.9177, Entropy: 1.0986, Epsilon: 0.819
2026-03-29 13:42:01 | INFO | Episode   74 - Reward: -200.000, Length: 200, Loss: 0.9240, Entropy: 1.0986, Epsilon: 0.817
2026-03-29 13:42:03 | INFO | Episode   75 - Reward: -200.000, Length: 200, Loss: 0.9210, Entropy: 1.0986, Epsilon: 0.814
2026-03-29 13:42:06 | INFO | Episode   76 - Reward: -200.000, Length: 200, Loss: 0.9229, Entropy: 1.0986, Epsilon: 0.812
2026-03-29 13:42:09 | INFO | Episode   77 - Reward: -200.000, Length: 200, Loss: 0.9196, Entropy: 1.0986, Epsilon: 0.809
2026-03-29 13:42:11 | INFO | Episode   78 - Reward: -200.000, Length: 200, Loss: 0.9156, Entropy: 1.0986, Epsilon: 0.807
2026-03-29 13:42:14 | INFO | Episode   79 - Reward: -200.000, Length: 200, Loss: 0.9227, Entropy: 1.0986, Epsilon: 0.804
2026-03-29 13:42:16 | INFO | Episode   80 - Reward: -200.000, Length: 200, Loss: 0.9186, Entropy: 1.0986, Epsilon: 0.802
2026-03-29 13:42:19 | INFO | Episode   81 - Reward: -200.000, Length: 200, Loss: 0.9222, Entropy: 1.0986, Epsilon: 0.800
2026-03-29 13:42:22 | INFO | Episode   82 - Reward: -200.000, Length: 200, Loss: 0.9183, Entropy: 1.0986, Epsilon: 0.797
2026-03-29 13:42:24 | INFO | Episode   83 - Reward: -200.000, Length: 200, Loss: 0.9141, Entropy: 1.0986, Epsilon: 0.795
2026-03-29 13:42:27 | INFO | Episode   84 - Reward: -200.000, Length: 200, Loss: 0.9212, Entropy: 1.0986, Epsilon: 0.792
2026-03-29 13:42:30 | INFO | Episode   85 - Reward: -200.000, Length: 200, Loss: 0.9185, Entropy: 1.0986, Epsilon: 0.790
2026-03-29 13:42:33 | INFO | Episode   86 - Reward: -200.000, Length: 200, Loss: 0.9199, Entropy: 1.0986, Epsilon: 0.787
2026-03-29 13:42:35 | INFO | Episode   87 - Reward: -200.000, Length: 200, Loss: 0.9177, Entropy: 1.0986, Epsilon: 0.785
2026-03-29 13:42:38 | INFO | Episode   88 - Reward: -200.000, Length: 200, Loss: 0.9133, Entropy: 1.0986, Epsilon: 0.782
2026-03-29 13:42:41 | INFO | Episode   89 - Reward: -200.000, Length: 200, Loss: 0.9209, Entropy: 1.0986, Epsilon: 0.780
2026-03-29 13:42:43 | INFO | Episode   90 - Reward: -200.000, Length: 200, Loss: 0.9169, Entropy: 1.0986, Epsilon: 0.777
2026-03-29 13:42:46 | INFO | Episode   91 - Reward: -200.000, Length: 200, Loss: 0.9195, Entropy: 1.0986, Epsilon: 0.775
2026-03-29 13:42:49 | INFO | Episode   92 - Reward: -200.000, Length: 200, Loss: 0.9164, Entropy: 1.0986, Epsilon: 0.772
2026-03-29 13:42:51 | INFO | Episode   93 - Reward: -200.000, Length: 200, Loss: 0.9129, Entropy: 1.0986, Epsilon: 0.770
2026-03-29 13:42:54 | INFO | Episode   94 - Reward: -200.000, Length: 200, Loss: 0.9200, Entropy: 1.0986, Epsilon: 0.767
2026-03-29 13:42:57 | INFO | Episode   95 - Reward: -200.000, Length: 200, Loss: 0.9167, Entropy: 1.0986, Epsilon: 0.765
2026-03-29 13:42:59 | INFO | Episode   96 - Reward: -200.000, Length: 200, Loss: 0.9199, Entropy: 1.0986, Epsilon: 0.762
2026-03-29 13:43:02 | INFO | Episode   97 - Reward: -200.000, Length: 200, Loss: 0.9166, Entropy: 1.0986, Epsilon: 0.760
2026-03-29 13:43:05 | INFO | Episode   98 - Reward: -200.000, Length: 200, Loss: 0.9117, Entropy: 1.0986, Epsilon: 0.757
2026-03-29 13:43:07 | INFO | Episode   99 - Reward: -200.000, Length: 200, Loss: 0.9198, Entropy: 1.0986, Epsilon: 0.755
2026-03-29 13:43:10 | INFO | Episode  100 - Reward: -200.000, Length: 200, Loss: 0.9165, Entropy: 1.0986, Epsilon: 0.752
2026-03-29 13:44:10 | INFO | [Episode  100] eps=0.752  avg_reward=-200.000  avg_length=200.00  avg_loss=  0.9211  avg_entropy=1.0986  eval_success=0.000
2026-03-29 13:44:13 | INFO | Episode  101 - Reward: -200.000, Length: 200, Loss: 0.9197, Entropy: 1.0986, Epsilon: 0.750
2026-03-29 13:44:16 | INFO | Episode  102 - Reward: -200.000, Length: 200, Loss: 0.9162, Entropy: 1.0986, Epsilon: 0.748
2026-03-29 13:44:19 | INFO | Episode  103 - Reward: -200.000, Length: 200, Loss: 0.9122, Entropy: 1.0986, Epsilon: 0.745
2026-03-29 13:44:22 | INFO | Episode  104 - Reward: -200.000, Length: 200, Loss: 0.9208, Entropy: 1.0986, Epsilon: 0.743
2026-03-29 13:44:25 | INFO | Episode  105 - Reward: -200.000, Length: 200, Loss: 0.9143, Entropy: 1.0986, Epsilon: 0.740
2026-03-29 13:44:29 | INFO | Episode  106 - Reward: -200.000, Length: 200, Loss: 0.9207, Entropy: 1.0986, Epsilon: 0.738
2026-03-29 13:44:32 | INFO | Episode  107 - Reward: -200.000, Length: 200, Loss: 0.9162, Entropy: 1.0986, Epsilon: 0.735
2026-03-29 13:44:34 | INFO | Episode  108 - Reward: -200.000, Length: 200, Loss: 0.9121, Entropy: 1.0986, Epsilon: 0.733
2026-03-29 13:44:37 | INFO | Episode  109 - Reward: -200.000, Length: 200, Loss: 0.9203, Entropy: 1.0986, Epsilon: 0.730
2026-03-29 13:44:40 | INFO | Episode  110 - Reward: -200.000, Length: 200, Loss: 0.9158, Entropy: 1.0986, Epsilon: 0.728
2026-03-29 13:44:42 | INFO | Episode  111 - Reward: -200.000, Length: 200, Loss: 0.9196, Entropy: 1.0986, Epsilon: 0.725
2026-03-29 13:44:45 | INFO | Episode  112 - Reward: -200.000, Length: 200, Loss: 0.9160, Entropy: 1.0986, Epsilon: 0.723
2026-03-29 13:44:47 | INFO | Episode  113 - Reward: -200.000, Length: 200, Loss: 0.9103, Entropy: 1.0986, Epsilon: 0.720
2026-03-29 13:44:50 | INFO | Episode  114 - Reward: -200.000, Length: 200, Loss: 0.9166, Entropy: 1.0986, Epsilon: 0.718
2026-03-29 13:44:53 | INFO | Episode  115 - Reward: -200.000, Length: 200, Loss: 0.9143, Entropy: 1.0986, Epsilon: 0.715
2026-03-29 13:44:56 | INFO | Episode  116 - Reward: -200.000, Length: 200, Loss: 0.9177, Entropy: 1.0986, Epsilon: 0.713
2026-03-29 13:44:58 | INFO | Episode  117 - Reward: -200.000, Length: 200, Loss: 0.9132, Entropy: 1.0986, Epsilon: 0.710
2026-03-29 13:45:01 | INFO | Episode  118 - Reward: -200.000, Length: 200, Loss: 0.9106, Entropy: 1.0986, Epsilon: 0.708
2026-03-29 13:45:04 | INFO | Episode  119 - Reward: -200.000, Length: 200, Loss: 0.9162, Entropy: 1.0986, Epsilon: 0.705
2026-03-29 13:45:06 | INFO | Episode  120 - Reward: -200.000, Length: 200, Loss: 0.9115, Entropy: 1.0986, Epsilon: 0.703
2026-03-29 13:45:09 | INFO | Episode  121 - Reward: -200.000, Length: 200, Loss: 0.9153, Entropy: 1.0986, Epsilon: 0.701
2026-03-29 13:45:12 | INFO | Episode  122 - Reward: -200.000, Length: 200, Loss: 0.9115, Entropy: 1.0986, Epsilon: 0.698
2026-03-29 13:45:15 | INFO | Episode  123 - Reward: -200.000, Length: 200, Loss: 0.9086, Entropy: 1.0986, Epsilon: 0.696
2026-03-29 13:45:17 | INFO | Episode  124 - Reward: -200.000, Length: 200, Loss: 0.9129, Entropy: 1.0986, Epsilon: 0.693
2026-03-29 13:45:20 | INFO | Episode  125 - Reward: -200.000, Length: 200, Loss: 0.9099, Entropy: 1.0986, Epsilon: 0.691
2026-03-29 13:45:23 | INFO | Episode  126 - Reward: -200.000, Length: 200, Loss: 0.9153, Entropy: 1.0986, Epsilon: 0.688
2026-03-29 13:45:26 | INFO | Episode  127 - Reward: -200.000, Length: 200, Loss: 0.9113, Entropy: 1.0986, Epsilon: 0.686
2026-03-29 13:45:28 | INFO | Episode  128 - Reward: -200.000, Length: 200, Loss: 0.9085, Entropy: 1.0986, Epsilon: 0.683
2026-03-29 13:45:31 | INFO | Episode  129 - Reward: -200.000, Length: 200, Loss: 0.9132, Entropy: 1.0986, Epsilon: 0.681
2026-03-29 13:45:33 | INFO | Episode  130 - Reward: -200.000, Length: 200, Loss: 0.9094, Entropy: 1.0986, Epsilon: 0.678
2026-03-29 13:45:36 | INFO | Episode  131 - Reward: -200.000, Length: 200, Loss: 0.9129, Entropy: 1.0986, Epsilon: 0.676
2026-03-29 13:45:39 | INFO | Episode  132 - Reward: -200.000, Length: 200, Loss: 0.9103, Entropy: 1.0986, Epsilon: 0.673
2026-03-29 13:45:41 | INFO | Episode  133 - Reward: -200.000, Length: 200, Loss: 0.9056, Entropy: 1.0986, Epsilon: 0.671
2026-03-29 13:45:44 | INFO | Episode  134 - Reward: -200.000, Length: 200, Loss: 0.9108, Entropy: 1.0986, Epsilon: 0.668
2026-03-29 13:45:47 | INFO | Episode  135 - Reward: -200.000, Length: 200, Loss: 0.9080, Entropy: 1.0986, Epsilon: 0.666
2026-03-29 13:45:49 | INFO | Episode  136 - Reward: -200.000, Length: 200, Loss: 0.9129, Entropy: 1.0986, Epsilon: 0.663
2026-03-29 13:45:52 | INFO | Episode  137 - Reward: -200.000, Length: 200, Loss: 0.9078, Entropy: 1.0986, Epsilon: 0.661
2026-03-29 13:45:55 | INFO | Episode  138 - Reward: -200.000, Length: 200, Loss: 0.9050, Entropy: 1.0986, Epsilon: 0.658
2026-03-29 13:45:58 | INFO | Episode  139 - Reward: -200.000, Length: 200, Loss: 0.9096, Entropy: 1.0986, Epsilon: 0.656
2026-03-29 13:46:00 | INFO | Episode  140 - Reward: -200.000, Length: 200, Loss: 0.9057, Entropy: 1.0986, Epsilon: 0.653
2026-03-29 13:46:03 | INFO | Episode  141 - Reward: -200.000, Length: 200, Loss: 0.9089, Entropy: 1.0986, Epsilon: 0.651
2026-03-29 13:46:06 | INFO | Episode  142 - Reward: -200.000, Length: 200, Loss: 0.9066, Entropy: 1.0986, Epsilon: 0.649
2026-03-29 13:46:08 | INFO | Episode  143 - Reward: -200.000, Length: 200, Loss: 0.9041, Entropy: 1.0986, Epsilon: 0.646
2026-03-29 13:46:11 | INFO | Episode  144 - Reward: -200.000, Length: 200, Loss: 0.9095, Entropy: 1.0986, Epsilon: 0.644
2026-03-29 13:46:14 | INFO | Episode  145 - Reward: -200.000, Length: 200, Loss: 0.9050, Entropy: 1.0986, Epsilon: 0.641
2026-03-29 13:46:17 | INFO | Episode  146 - Reward: -200.000, Length: 200, Loss: 0.9106, Entropy: 1.0986, Epsilon: 0.639
2026-03-29 13:46:19 | INFO | Episode  147 - Reward: -200.000, Length: 200, Loss: 0.9062, Entropy: 1.0986, Epsilon: 0.636
2026-03-29 13:46:22 | INFO | Episode  148 - Reward: -200.000, Length: 200, Loss: 0.9020, Entropy: 1.0986, Epsilon: 0.634
2026-03-29 13:46:25 | INFO | Episode  149 - Reward: -200.000, Length: 200, Loss: 0.9115, Entropy: 1.0986, Epsilon: 0.631
2026-03-29 13:46:27 | INFO | Episode  150 - Reward: -200.000, Length: 200, Loss: 0.9064, Entropy: 1.0986, Epsilon: 0.629
2026-03-29 13:47:24 | INFO | [Episode  150] eps=0.629  avg_reward=-200.000  avg_length=200.00  avg_loss=  0.9118  avg_entropy=1.0986  eval_success=0.000
2026-03-29 13:47:28 | INFO | Episode  151 - Reward: -200.000, Length: 200, Loss: 0.9088, Entropy: 1.0986, Epsilon: 0.626
2026-03-29 13:47:31 | INFO | Episode  152 - Reward: -200.000, Length: 200, Loss: 0.9052, Entropy: 1.0986, Epsilon: 0.624
2026-03-29 13:47:34 | INFO | Episode  153 - Reward: -200.000, Length: 200, Loss: 0.8979, Entropy: 1.0986, Epsilon: 0.621
2026-03-29 13:47:37 | INFO | Episode  154 - Reward: -200.000, Length: 200, Loss: 0.9079, Entropy: 1.0986, Epsilon: 0.619
2026-03-29 13:47:40 | INFO | Episode  155 - Reward: -200.000, Length: 200, Loss: 0.9016, Entropy: 1.0986, Epsilon: 0.616
2026-03-29 13:47:44 | INFO | Episode  156 - Reward: -200.000, Length: 200, Loss: 0.9070, Entropy: 1.0986, Epsilon: 0.614
2026-03-29 13:47:47 | INFO | Episode  157 - Reward: -200.000, Length: 200, Loss: 0.9035, Entropy: 1.0986, Epsilon: 0.611
2026-03-29 13:47:50 | INFO | Episode  158 - Reward: -200.000, Length: 200, Loss: 0.8991, Entropy: 1.0986, Epsilon: 0.609
2026-03-29 13:47:53 | INFO | Episode  159 - Reward: -200.000, Length: 200, Loss: 0.9092, Entropy: 1.0986, Epsilon: 0.606
2026-03-29 13:47:56 | INFO | Episode  160 - Reward: -200.000, Length: 200, Loss: 0.9041, Entropy: 1.0986, Epsilon: 0.604
2026-03-29 13:47:59 | INFO | Episode  161 - Reward: -200.000, Length: 200, Loss: 0.9084, Entropy: 1.0986, Epsilon: 0.602
2026-03-29 13:48:02 | INFO | Episode  162 - Reward: -200.000, Length: 200, Loss: 0.9054, Entropy: 1.0986, Epsilon: 0.599
2026-03-29 13:48:05 | INFO | Episode  163 - Reward: -200.000, Length: 200, Loss: 0.8983, Entropy: 1.0986, Epsilon: 0.597
2026-03-29 13:48:08 | INFO | Episode  164 - Reward: -200.000, Length: 200, Loss: 0.9056, Entropy: 1.0986, Epsilon: 0.594
2026-03-29 13:48:10 | INFO | Episode  165 - Reward: -200.000, Length: 200, Loss: 0.9034, Entropy: 1.0986, Epsilon: 0.592
2026-03-29 13:48:13 | INFO | Episode  166 - Reward: -200.000, Length: 200, Loss: 0.9079, Entropy: 1.0986, Epsilon: 0.589
2026-03-29 13:48:16 | INFO | Episode  167 - Reward: -200.000, Length: 200, Loss: 0.9025, Entropy: 1.0986, Epsilon: 0.587
2026-03-29 13:48:18 | INFO | Episode  168 - Reward: -200.000, Length: 200, Loss: 0.8984, Entropy: 1.0986, Epsilon: 0.584
2026-03-29 13:48:21 | INFO | Episode  169 - Reward: -200.000, Length: 200, Loss: 0.9064, Entropy: 1.0986, Epsilon: 0.582
2026-03-29 13:48:24 | INFO | Episode  170 - Reward: -200.000, Length: 200, Loss: 0.9027, Entropy: 1.0986, Epsilon: 0.579
2026-03-29 13:48:26 | INFO | Episode  171 - Reward: -200.000, Length: 200, Loss: 0.9034, Entropy: 1.0986, Epsilon: 0.577
2026-03-29 13:48:29 | INFO | Episode  172 - Reward: -200.000, Length: 200, Loss: 0.9008, Entropy: 1.0986, Epsilon: 0.574
2026-03-29 13:48:31 | INFO | Episode  173 - Reward: -200.000, Length: 200, Loss: 0.8959, Entropy: 1.0986, Epsilon: 0.572
2026-03-29 13:48:34 | INFO | Episode  174 - Reward: -200.000, Length: 200, Loss: 0.9045, Entropy: 1.0986, Epsilon: 0.569
2026-03-29 13:48:37 | INFO | Episode  175 - Reward: -200.000, Length: 200, Loss: 0.9003, Entropy: 1.0986, Epsilon: 0.567
2026-03-29 13:48:39 | INFO | Episode  176 - Reward: -200.000, Length: 200, Loss: 0.9051, Entropy: 1.0986, Epsilon: 0.564
2026-03-29 13:48:42 | INFO | Episode  177 - Reward: -200.000, Length: 200, Loss: 0.8986, Entropy: 1.0986, Epsilon: 0.562
2026-03-29 13:48:45 | INFO | Episode  178 - Reward: -200.000, Length: 200, Loss: 0.8949, Entropy: 1.0986, Epsilon: 0.559
2026-03-29 13:48:47 | INFO | Episode  179 - Reward: -200.000, Length: 200, Loss: 0.9036, Entropy: 1.0986, Epsilon: 0.557
2026-03-29 13:48:50 | INFO | Episode  180 - Reward: -200.000, Length: 200, Loss: 0.8981, Entropy: 1.0986, Epsilon: 0.554
2026-03-29 13:48:53 | INFO | Episode  181 - Reward: -200.000, Length: 200, Loss: 0.9023, Entropy: 1.0986, Epsilon: 0.552
2026-03-29 13:48:55 | INFO | Episode  182 - Reward: -200.000, Length: 200, Loss: 0.8980, Entropy: 1.0986, Epsilon: 0.550
2026-03-29 13:48:58 | INFO | Episode  183 - Reward: -200.000, Length: 200, Loss: 0.8950, Entropy: 1.0986, Epsilon: 0.547
2026-03-29 13:49:01 | INFO | Episode  184 - Reward: -200.000, Length: 200, Loss: 0.9028, Entropy: 1.0986, Epsilon: 0.545
2026-03-29 13:49:04 | INFO | Episode  185 - Reward: -200.000, Length: 200, Loss: 0.8970, Entropy: 1.0986, Epsilon: 0.542
2026-03-29 13:49:06 | INFO | Episode  186 - Reward: -200.000, Length: 200, Loss: 0.9019, Entropy: 1.0986, Epsilon: 0.540
2026-03-29 13:49:09 | INFO | Episode  187 - Reward: -200.000, Length: 200, Loss: 0.8992, Entropy: 1.0986, Epsilon: 0.537
2026-03-29 13:49:12 | INFO | Episode  188 - Reward: -200.000, Length: 200, Loss: 0.8933, Entropy: 1.0986, Epsilon: 0.535
2026-03-29 13:49:15 | INFO | Episode  189 - Reward: -200.000, Length: 200, Loss: 0.9023, Entropy: 1.0986, Epsilon: 0.532
2026-03-29 13:49:17 | INFO | Episode  190 - Reward: -200.000, Length: 200, Loss: 0.8963, Entropy: 1.0986, Epsilon: 0.530
2026-03-29 13:49:20 | INFO | Episode  191 - Reward: -200.000, Length: 200, Loss: 0.8996, Entropy: 1.0986, Epsilon: 0.527
2026-03-29 13:49:23 | INFO | Episode  192 - Reward: -200.000, Length: 200, Loss: 0.8959, Entropy: 1.0986, Epsilon: 0.525
2026-03-29 13:49:25 | INFO | Episode  193 - Reward: -200.000, Length: 200, Loss: 0.8914, Entropy: 1.0986, Epsilon: 0.522
2026-03-29 13:49:28 | INFO | Episode  194 - Reward: -200.000, Length: 200, Loss: 0.9004, Entropy: 1.0986, Epsilon: 0.520
2026-03-29 13:49:31 | INFO | Episode  195 - Reward: -200.000, Length: 200, Loss: 0.8950, Entropy: 1.0986, Epsilon: 0.517
2026-03-29 13:49:33 | INFO | Episode  196 - Reward: -200.000, Length: 200, Loss: 0.9000, Entropy: 1.0986, Epsilon: 0.515
2026-03-29 13:49:36 | INFO | Episode  197 - Reward: -200.000, Length: 200, Loss: 0.8962, Entropy: 1.0986, Epsilon: 0.512
2026-03-29 13:49:39 | INFO | Episode  198 - Reward: -200.000, Length: 200, Loss: 0.8895, Entropy: 1.0986, Epsilon: 0.510
2026-03-29 13:49:42 | INFO | Episode  199 - Reward: -200.000, Length: 200, Loss: 0.8972, Entropy: 1.0986, Epsilon: 0.507
2026-03-29 13:49:44 | INFO | Episode  200 - Reward: -200.000, Length: 200, Loss: 0.8955, Entropy: 1.0986, Epsilon: 0.505
2026-03-29 13:50:39 | INFO | [Episode  200] eps=0.505  avg_reward=-200.000  avg_length=200.00  avg_loss=  0.9007  avg_entropy=1.0986  eval_success=0.000
2026-03-29 13:50:42 | INFO | Episode  201 - Reward: -200.000, Length: 200, Loss: 0.8977, Entropy: 1.0986, Epsilon: 0.503
2026-03-29 13:50:45 | INFO | Episode  202 - Reward: -200.000, Length: 200, Loss: 0.8938, Entropy: 1.0986, Epsilon: 0.500
2026-03-29 13:50:48 | INFO | Episode  203 - Reward: -200.000, Length: 200, Loss: 0.8910, Entropy: 1.0986, Epsilon: 0.498
2026-03-29 13:50:51 | INFO | Episode  204 - Reward: -200.000, Length: 200, Loss: 0.8959, Entropy: 1.0986, Epsilon: 0.495
2026-03-29 13:50:55 | INFO | Episode  205 - Reward: -200.000, Length: 200, Loss: 0.8895, Entropy: 1.0986, Epsilon: 0.493
2026-03-29 13:50:58 | INFO | Episode  206 - Reward: -200.000, Length: 200, Loss: 0.8959, Entropy: 1.0986, Epsilon: 0.490
2026-03-29 13:51:02 | INFO | Episode  207 - Reward: -200.000, Length: 200, Loss: 0.8925, Entropy: 1.0986, Epsilon: 0.488
2026-03-29 13:51:05 | INFO | Episode  208 - Reward: -200.000, Length: 200, Loss: 0.8866, Entropy: 1.0986, Epsilon: 0.485
2026-03-29 13:51:08 | INFO | Episode  209 - Reward: -200.000, Length: 200, Loss: 0.8966, Entropy: 1.0986, Epsilon: 0.483
2026-03-29 13:51:12 | INFO | Episode  210 - Reward: -200.000, Length: 200, Loss: 0.8904, Entropy: 1.0986, Epsilon: 0.480
2026-03-29 13:51:15 | INFO | Episode  211 - Reward: -200.000, Length: 200, Loss: 0.8953, Entropy: 1.0986, Epsilon: 0.478
2026-03-29 13:51:18 | INFO | Episode  212 - Reward: -200.000, Length: 200, Loss: 0.8890, Entropy: 1.0986, Epsilon: 0.475
2026-03-29 13:51:21 | INFO | Episode  213 - Reward: -200.000, Length: 200, Loss: 0.8884, Entropy: 1.0986, Epsilon: 0.473
2026-03-29 13:51:24 | INFO | Episode  214 - Reward: -200.000, Length: 200, Loss: 0.8946, Entropy: 1.0986, Epsilon: 0.470
2026-03-29 13:51:27 | INFO | Episode  215 - Reward: -200.000, Length: 200, Loss: 0.8906, Entropy: 1.0986, Epsilon: 0.468
2026-03-29 13:51:30 | INFO | Episode  216 - Reward: -200.000, Length: 200, Loss: 0.8957, Entropy: 1.0986, Epsilon: 0.465
2026-03-29 13:51:32 | INFO | Episode  217 - Reward: -200.000, Length: 200, Loss: 0.8893, Entropy: 1.0986, Epsilon: 0.463
2026-03-29 13:51:35 | INFO | Episode  218 - Reward: -200.000, Length: 200, Loss: 0.8872, Entropy: 1.0986, Epsilon: 0.460
2026-03-29 13:51:38 | INFO | Episode  219 - Reward: -200.000, Length: 200, Loss: 0.8948, Entropy: 1.0986, Epsilon: 0.458
2026-03-29 13:51:40 | INFO | Episode  220 - Reward: -200.000, Length: 200, Loss: 0.8901, Entropy: 1.0986, Epsilon: 0.456
2026-03-29 13:51:43 | INFO | Episode  221 - Reward: -200.000, Length: 200, Loss: 0.8932, Entropy: 1.0986, Epsilon: 0.453
2026-03-29 13:51:45 | INFO | Episode  222 - Reward: -200.000, Length: 200, Loss: 0.8891, Entropy: 1.0986, Epsilon: 0.451
2026-03-29 13:51:48 | INFO | Episode  223 - Reward: -200.000, Length: 200, Loss: 0.8845, Entropy: 1.0986, Epsilon: 0.448
2026-03-29 13:51:51 | INFO | Episode  224 - Reward: -200.000, Length: 200, Loss: 0.8888, Entropy: 1.0986, Epsilon: 0.446
2026-03-29 13:51:54 | INFO | Episode  225 - Reward: -200.000, Length: 200, Loss: 0.8860, Entropy: 1.0986, Epsilon: 0.443
2026-03-29 13:51:56 | INFO | Episode  226 - Reward: -200.000, Length: 200, Loss: 0.8895, Entropy: 1.0986, Epsilon: 0.441
2026-03-29 13:51:59 | INFO | Episode  227 - Reward: -200.000, Length: 200, Loss: 0.8874, Entropy: 1.0986, Epsilon: 0.438
2026-03-29 13:52:02 | INFO | Episode  228 - Reward: -200.000, Length: 200, Loss: 0.8824, Entropy: 1.0986, Epsilon: 0.436
2026-03-29 13:52:04 | INFO | Episode  229 - Reward: -200.000, Length: 200, Loss: 0.8894, Entropy: 1.0986, Epsilon: 0.433
2026-03-29 13:52:07 | INFO | Episode  230 - Reward: -200.000, Length: 200, Loss: 0.8835, Entropy: 1.0986, Epsilon: 0.431
2026-03-29 13:52:10 | INFO | Episode  231 - Reward: -200.000, Length: 200, Loss: 0.8896, Entropy: 1.0986, Epsilon: 0.428
2026-03-29 13:52:13 | INFO | Episode  232 - Reward: -200.000, Length: 200, Loss: 0.8867, Entropy: 1.0986, Epsilon: 0.426
2026-03-29 13:52:15 | INFO | Episode  233 - Reward: -200.000, Length: 200, Loss: 0.8812, Entropy: 1.0986, Epsilon: 0.423
2026-03-29 13:52:18 | INFO | Episode  234 - Reward: -200.000, Length: 200, Loss: 0.8897, Entropy: 1.0986, Epsilon: 0.421
2026-03-29 13:52:20 | INFO | Episode  235 - Reward: -200.000, Length: 200, Loss: 0.8842, Entropy: 1.0986, Epsilon: 0.418
2026-03-29 13:52:23 | INFO | Episode  236 - Reward: -200.000, Length: 200, Loss: 0.8876, Entropy: 1.0986, Epsilon: 0.416
2026-03-29 13:52:26 | INFO | Episode  237 - Reward: -200.000, Length: 200, Loss: 0.8814, Entropy: 1.0986, Epsilon: 0.413
2026-03-29 13:52:28 | INFO | Episode  238 - Reward: -200.000, Length: 200, Loss: 0.8757, Entropy: 1.0986, Epsilon: 0.411
2026-03-29 13:52:31 | INFO | Episode  239 - Reward: -200.000, Length: 200, Loss: 0.8855, Entropy: 1.0986, Epsilon: 0.408
2026-03-29 13:52:33 | INFO | Episode  240 - Reward: -200.000, Length: 200, Loss: 0.8772, Entropy: 1.0986, Epsilon: 0.406
2026-03-29 13:52:36 | INFO | Episode  241 - Reward: -200.000, Length: 200, Loss: 0.8868, Entropy: 1.0986, Epsilon: 0.404
2026-03-29 13:52:39 | INFO | Episode  242 - Reward: -200.000, Length: 200, Loss: 0.8823, Entropy: 1.0986, Epsilon: 0.401
2026-03-29 13:52:41 | INFO | Episode  243 - Reward: -200.000, Length: 200, Loss: 0.8769, Entropy: 1.0986, Epsilon: 0.399
2026-03-29 13:52:44 | INFO | Episode  244 - Reward: -200.000, Length: 200, Loss: 0.8846, Entropy: 1.0986, Epsilon: 0.396
2026-03-29 13:52:47 | INFO | Episode  245 - Reward: -200.000, Length: 200, Loss: 0.8790, Entropy: 1.0986, Epsilon: 0.394
2026-03-29 13:52:49 | INFO | Episode  246 - Reward: -200.000, Length: 200, Loss: 0.8778, Entropy: 1.0986, Epsilon: 0.391
2026-03-29 13:52:52 | INFO | Episode  247 - Reward: -200.000, Length: 200, Loss: 0.8754, Entropy: 1.0986, Epsilon: 0.389
2026-03-29 13:52:55 | INFO | Episode  248 - Reward: -200.000, Length: 200, Loss: 0.8735, Entropy: 1.0986, Epsilon: 0.386
2026-03-29 13:52:57 | INFO | Episode  249 - Reward: -200.000, Length: 200, Loss: 0.8793, Entropy: 1.0986, Epsilon: 0.384
2026-03-29 13:53:00 | INFO | Episode  250 - Reward: -200.000, Length: 200, Loss: 0.8758, Entropy: 1.0986, Epsilon: 0.381
2026-03-29 13:53:53 | INFO | [Episode  250] eps=0.381  avg_reward=-200.000  avg_length=200.00  avg_loss=  0.8870  avg_entropy=1.0986  eval_success=0.000
2026-03-29 13:53:56 | INFO | Episode  251 - Reward: -200.000, Length: 200, Loss: 0.8794, Entropy: 1.0986, Epsilon: 0.379
2026-03-29 13:53:59 | INFO | Episode  252 - Reward: -200.000, Length: 200, Loss: 0.8748, Entropy: 1.0986, Epsilon: 0.376
2026-03-29 13:54:02 | INFO | Episode  253 - Reward: -200.000, Length: 200, Loss: 0.8695, Entropy: 1.0986, Epsilon: 0.374
2026-03-29 13:54:05 | INFO | Episode  254 - Reward: -200.000, Length: 200, Loss: 0.8805, Entropy: 1.0986, Epsilon: 0.371
2026-03-29 13:54:08 | INFO | Episode  255 - Reward: -200.000, Length: 200, Loss: 0.8755, Entropy: 1.0986, Epsilon: 0.369
2026-03-29 13:54:12 | INFO | Episode  256 - Reward: -200.000, Length: 200, Loss: 0.8803, Entropy: 1.0986, Epsilon: 0.366
2026-03-29 13:54:15 | INFO | Episode  257 - Reward: -200.000, Length: 200, Loss: 0.8742, Entropy: 1.0986, Epsilon: 0.364
2026-03-29 13:54:19 | INFO | Episode  258 - Reward: -200.000, Length: 200, Loss: 0.8694, Entropy: 1.0986, Epsilon: 0.361
2026-03-29 13:54:22 | INFO | Episode  259 - Reward: -200.000, Length: 200, Loss: 0.8802, Entropy: 1.0986, Epsilon: 0.359
2026-03-29 13:54:25 | INFO | Episode  260 - Reward: -200.000, Length: 200, Loss: 0.8729, Entropy: 1.0986, Epsilon: 0.357
2026-03-29 13:54:28 | INFO | Episode  261 - Reward: -200.000, Length: 200, Loss: 0.8794, Entropy: 1.0986, Epsilon: 0.354
2026-03-29 13:54:31 | INFO | Episode  262 - Reward: -200.000, Length: 200, Loss: 0.8757, Entropy: 1.0986, Epsilon: 0.352
2026-03-29 13:54:34 | INFO | Episode  263 - Reward: -200.000, Length: 200, Loss: 0.8701, Entropy: 1.0986, Epsilon: 0.349
2026-03-29 13:54:37 | INFO | Episode  264 - Reward: -200.000, Length: 200, Loss: 0.8777, Entropy: 1.0986, Epsilon: 0.347
2026-03-29 13:54:40 | INFO | Episode  265 - Reward: -200.000, Length: 200, Loss: 0.8713, Entropy: 1.0986, Epsilon: 0.344
2026-03-29 13:54:43 | INFO | Episode  266 - Reward: -200.000, Length: 200, Loss: 0.8802, Entropy: 1.0986, Epsilon: 0.342
2026-03-29 13:54:46 | INFO | Episode  267 - Reward: -200.000, Length: 200, Loss: 0.8770, Entropy: 1.0986, Epsilon: 0.339
2026-03-29 13:54:49 | INFO | Episode  268 - Reward: -200.000, Length: 200, Loss: 0.8709, Entropy: 1.0986, Epsilon: 0.337
2026-03-29 13:54:52 | INFO | Episode  269 - Reward: -200.000, Length: 200, Loss: 0.8771, Entropy: 1.0986, Epsilon: 0.334
2026-03-29 13:54:55 | INFO | Episode  270 - Reward: -200.000, Length: 200, Loss: 0.8725, Entropy: 1.0986, Epsilon: 0.332
2026-03-29 13:54:57 | INFO | Episode  271 - Reward: -200.000, Length: 200, Loss: 0.8819, Entropy: 1.0986, Epsilon: 0.329
2026-03-29 13:55:00 | INFO | Episode  272 - Reward: -200.000, Length: 200, Loss: 0.8768, Entropy: 1.0986, Epsilon: 0.327
2026-03-29 13:55:03 | INFO | Episode  273 - Reward: -200.000, Length: 200, Loss: 0.8662, Entropy: 1.0986, Epsilon: 0.324
2026-03-29 13:55:05 | INFO | Episode  274 - Reward: -200.000, Length: 200, Loss: 0.8765, Entropy: 1.0986, Epsilon: 0.322
2026-03-29 13:55:08 | INFO | Episode  275 - Reward: -200.000, Length: 200, Loss: 0.8718, Entropy: 1.0986, Epsilon: 0.319
2026-03-29 13:55:11 | INFO | Episode  276 - Reward: -200.000, Length: 200, Loss: 0.8754, Entropy: 1.0986, Epsilon: 0.317
2026-03-29 13:55:14 | INFO | Episode  277 - Reward: -200.000, Length: 200, Loss: 0.8710, Entropy: 1.0986, Epsilon: 0.314
2026-03-29 13:55:16 | INFO | Episode  278 - Reward: -200.000, Length: 200, Loss: 0.8634, Entropy: 1.0986, Epsilon: 0.312
2026-03-29 13:55:19 | INFO | Episode  279 - Reward: -200.000, Length: 200, Loss: 0.8754, Entropy: 1.0986, Epsilon: 0.309
2026-03-29 13:55:22 | INFO | Episode  280 - Reward: -200.000, Length: 200, Loss: 0.8683, Entropy: 1.0986, Epsilon: 0.307
2026-03-29 13:55:24 | INFO | Episode  281 - Reward: -200.000, Length: 200, Loss: 0.8720, Entropy: 1.0986, Epsilon: 0.305
2026-03-29 13:55:27 | INFO | Episode  282 - Reward: -200.000, Length: 200, Loss: 0.8686, Entropy: 1.0986, Epsilon: 0.302
2026-03-29 13:55:30 | INFO | Episode  283 - Reward: -200.000, Length: 200, Loss: 0.8620, Entropy: 1.0986, Epsilon: 0.300
2026-03-29 13:55:33 | INFO | Episode  284 - Reward: -200.000, Length: 200, Loss: 0.8726, Entropy: 1.0986, Epsilon: 0.297
2026-03-29 13:55:36 | INFO | Episode  285 - Reward: -200.000, Length: 200, Loss: 0.8649, Entropy: 1.0986, Epsilon: 0.295
2026-03-29 13:55:38 | INFO | Episode  286 - Reward: -200.000, Length: 200, Loss: 0.8733, Entropy: 1.0986, Epsilon: 0.292
2026-03-29 13:55:41 | INFO | Episode  287 - Reward: -200.000, Length: 200, Loss: 0.8680, Entropy: 1.0986, Epsilon: 0.290
2026-03-29 13:55:44 | INFO | Episode  288 - Reward: -200.000, Length: 200, Loss: 0.8574, Entropy: 1.0986, Epsilon: 0.287
2026-03-29 13:55:46 | INFO | Episode  289 - Reward: -200.000, Length: 200, Loss: 0.8694, Entropy: 1.0986, Epsilon: 0.285
2026-03-29 13:55:49 | INFO | Episode  290 - Reward: -200.000, Length: 200, Loss: 0.8634, Entropy: 1.0986, Epsilon: 0.282
2026-03-29 13:55:52 | INFO | Episode  291 - Reward: -200.000, Length: 200, Loss: 0.8651, Entropy: 1.0986, Epsilon: 0.280
2026-03-29 13:55:55 | INFO | Episode  292 - Reward: -200.000, Length: 200, Loss: 0.8637, Entropy: 1.0986, Epsilon: 0.277
2026-03-29 13:55:57 | INFO | Episode  293 - Reward: -200.000, Length: 200, Loss: 0.8584, Entropy: 1.0986, Epsilon: 0.275
2026-03-29 13:56:00 | INFO | Episode  294 - Reward: -200.000, Length: 200, Loss: 0.8703, Entropy: 1.0986, Epsilon: 0.272
2026-03-29 13:56:03 | INFO | Episode  295 - Reward: -200.000, Length: 200, Loss: 0.8634, Entropy: 1.0986, Epsilon: 0.270
2026-03-29 13:56:05 | INFO | Episode  296 - Reward: -200.000, Length: 200, Loss: 0.8683, Entropy: 1.0986, Epsilon: 0.267
2026-03-29 13:56:08 | INFO | Episode  297 - Reward: -200.000, Length: 200, Loss: 0.8626, Entropy: 1.0986, Epsilon: 0.265
2026-03-29 13:56:11 | INFO | Episode  298 - Reward: -200.000, Length: 200, Loss: 0.8552, Entropy: 1.0986, Epsilon: 0.262
2026-03-29 13:56:13 | INFO | Episode  299 - Reward: -200.000, Length: 200, Loss: 0.8697, Entropy: 1.0986, Epsilon: 0.260
2026-03-29 13:56:16 | INFO | Episode  300 - Reward: -200.000, Length: 200, Loss: 0.8628, Entropy: 1.0986, Epsilon: 0.258
2026-03-29 13:57:07 | INFO | [Episode  300] eps=0.258  avg_reward=-200.000  avg_length=200.00  avg_loss=  0.8709  avg_entropy=1.0986  eval_success=0.000
2026-03-29 13:57:10 | INFO | Episode  301 - Reward: -200.000, Length: 200, Loss: 0.8710, Entropy: 1.0986, Epsilon: 0.255
2026-03-29 13:57:13 | INFO | Episode  302 - Reward: -200.000, Length: 200, Loss: 0.8614, Entropy: 1.0986, Epsilon: 0.253
2026-03-29 13:57:15 | INFO | Episode  303 - Reward: -200.000, Length: 200, Loss: 0.8530, Entropy: 1.0986, Epsilon: 0.250
2026-03-29 13:57:18 | INFO | Episode  304 - Reward: -200.000, Length: 200, Loss: 0.8722, Entropy: 1.0986, Epsilon: 0.248
2026-03-29 13:57:22 | INFO | Episode  305 - Reward: -200.000, Length: 200, Loss: 0.8667, Entropy: 1.0986, Epsilon: 0.245
2026-03-29 13:57:25 | INFO | Episode  306 - Reward: -200.000, Length: 200, Loss: 0.8670, Entropy: 1.0986, Epsilon: 0.243
2026-03-29 13:57:28 | INFO | Episode  307 - Reward: -200.000, Length: 200, Loss: 0.8639, Entropy: 1.0986, Epsilon: 0.240
2026-03-29 13:57:32 | INFO | Episode  308 - Reward: -200.000, Length: 200, Loss: 0.8517, Entropy: 1.0986, Epsilon: 0.238
2026-03-29 13:57:35 | INFO | Episode  309 - Reward: -200.000, Length: 200, Loss: 0.8680, Entropy: 1.0986, Epsilon: 0.235
2026-03-29 13:57:38 | INFO | Episode  310 - Reward: -200.000, Length: 200, Loss: 0.8591, Entropy: 1.0986, Epsilon: 0.233
2026-03-29 13:57:42 | INFO | Episode  311 - Reward: -200.000, Length: 200, Loss: 0.8626, Entropy: 1.0986, Epsilon: 0.230
2026-03-29 13:57:45 | INFO | Episode  312 - Reward: -200.000, Length: 200, Loss: 0.8569, Entropy: 1.0986, Epsilon: 0.228
2026-03-29 13:57:48 | INFO | Episode  313 - Reward: -200.000, Length: 200, Loss: 0.8513, Entropy: 1.0986, Epsilon: 0.225
2026-03-29 13:57:51 | INFO | Episode  314 - Reward: -200.000, Length: 200, Loss: 0.8613, Entropy: 1.0986, Epsilon: 0.223
2026-03-29 13:57:54 | INFO | Episode  315 - Reward: -200.000, Length: 200, Loss: 0.8585, Entropy: 1.0986, Epsilon: 0.220
2026-03-29 13:57:57 | INFO | Episode  316 - Reward: -200.000, Length: 200, Loss: 0.8610, Entropy: 1.0986, Epsilon: 0.218
2026-03-29 13:58:01 | INFO | Episode  317 - Reward: -200.000, Length: 200, Loss: 0.8546, Entropy: 1.0986, Epsilon: 0.215
2026-03-29 13:58:04 | INFO | Episode  318 - Reward: -200.000, Length: 200, Loss: 0.8450, Entropy: 1.0986, Epsilon: 0.213
2026-03-29 13:58:07 | INFO | Episode  319 - Reward: -200.000, Length: 200, Loss: 0.8577, Entropy: 1.0986, Epsilon: 0.210
2026-03-29 13:58:11 | INFO | Episode  320 - Reward: -200.000, Length: 200, Loss: 0.8532, Entropy: 1.0986, Epsilon: 0.208
2026-03-29 13:58:14 | INFO | Episode  321 - Reward: -200.000, Length: 200, Loss: 0.8562, Entropy: 1.0986, Epsilon: 0.206
2026-03-29 13:58:17 | INFO | Episode  322 - Reward: -200.000, Length: 200, Loss: 0.8535, Entropy: 1.0986, Epsilon: 0.203
2026-03-29 13:58:20 | INFO | Episode  323 - Reward: -200.000, Length: 200, Loss: 0.8482, Entropy: 1.0986, Epsilon: 0.201
2026-03-29 13:58:22 | INFO | Episode  324 - Reward: -200.000, Length: 200, Loss: 0.8512, Entropy: 1.0986, Epsilon: 0.198
2026-03-29 13:58:25 | INFO | Episode  325 - Reward: -200.000, Length: 200, Loss: 0.8489, Entropy: 1.0986, Epsilon: 0.196
2026-03-29 13:58:28 | INFO | Episode  326 - Reward: -200.000, Length: 200, Loss: 0.8544, Entropy: 1.0986, Epsilon: 0.193
2026-03-29 13:58:31 | INFO | Episode  327 - Reward: -200.000, Length: 200, Loss: 0.8499, Entropy: 1.0986, Epsilon: 0.191
2026-03-29 13:58:34 | INFO | Episode  328 - Reward: -200.000, Length: 200, Loss: 0.8432, Entropy: 1.0986, Epsilon: 0.188
2026-03-29 13:58:36 | INFO | Episode  329 - Reward: -200.000, Length: 200, Loss: 0.8529, Entropy: 1.0986, Epsilon: 0.186
2026-03-29 13:58:39 | INFO | Episode  330 - Reward: -200.000, Length: 200, Loss: 0.8476, Entropy: 1.0986, Epsilon: 0.183
2026-03-29 13:58:42 | INFO | Episode  331 - Reward: -200.000, Length: 200, Loss: 0.8506, Entropy: 1.0986, Epsilon: 0.181
2026-03-29 13:58:44 | INFO | Episode  332 - Reward: -200.000, Length: 200, Loss: 0.8511, Entropy: 1.0986, Epsilon: 0.178
2026-03-29 13:58:47 | INFO | Episode  333 - Reward: -200.000, Length: 200, Loss: 0.8386, Entropy: 1.0986, Epsilon: 0.176
2026-03-29 13:58:50 | INFO | Episode  334 - Reward: -200.000, Length: 200, Loss: 0.8558, Entropy: 1.0986, Epsilon: 0.173
2026-03-29 13:58:53 | INFO | Episode  335 - Reward: -200.000, Length: 200, Loss: 0.8476, Entropy: 1.0986, Epsilon: 0.171
2026-03-29 13:58:55 | INFO | Episode  336 - Reward: -200.000, Length: 200, Loss: 0.8562, Entropy: 1.0986, Epsilon: 0.168
2026-03-29 13:58:58 | INFO | Episode  337 - Reward: -200.000, Length: 200, Loss: 0.8429, Entropy: 1.0986, Epsilon: 0.166
2026-03-29 13:59:01 | INFO | Episode  338 - Reward: -200.000, Length: 200, Loss: 0.8383, Entropy: 1.0986, Epsilon: 0.163
2026-03-29 13:59:04 | INFO | Episode  339 - Reward: -200.000, Length: 200, Loss: 0.8527, Entropy: 1.0986, Epsilon: 0.161
2026-03-29 13:59:06 | INFO | Episode  340 - Reward: -200.000, Length: 200, Loss: 0.8461, Entropy: 1.0986, Epsilon: 0.158
2026-03-29 13:59:09 | INFO | Episode  341 - Reward: -200.000, Length: 200, Loss: 0.8525, Entropy: 1.0986, Epsilon: 0.156
2026-03-29 13:59:12 | INFO | Episode  342 - Reward: -200.000, Length: 200, Loss: 0.8472, Entropy: 1.0986, Epsilon: 0.154
2026-03-29 13:59:14 | INFO | Episode  343 - Reward: -200.000, Length: 200, Loss: 0.8390, Entropy: 1.0986, Epsilon: 0.151
2026-03-29 13:59:17 | INFO | Episode  344 - Reward: -200.000, Length: 200, Loss: 0.8549, Entropy: 1.0986, Epsilon: 0.149
2026-03-29 13:59:20 | INFO | Episode  345 - Reward: -200.000, Length: 200, Loss: 0.8449, Entropy: 1.0986, Epsilon: 0.146
2026-03-29 13:59:22 | INFO | Episode  346 - Reward: -200.000, Length: 200, Loss: 0.8526, Entropy: 1.0986, Epsilon: 0.144
2026-03-29 13:59:25 | INFO | Episode  347 - Reward: -200.000, Length: 200, Loss: 0.8486, Entropy: 1.0986, Epsilon: 0.141
2026-03-29 13:59:28 | INFO | Episode  348 - Reward: -200.000, Length: 200, Loss: 0.8359, Entropy: 1.0986, Epsilon: 0.139
2026-03-29 13:59:31 | INFO | Episode  349 - Reward: -200.000, Length: 200, Loss: 0.8537, Entropy: 1.0986, Epsilon: 0.136
2026-03-29 13:59:34 | INFO | Episode  350 - Reward: -200.000, Length: 200, Loss: 0.8466, Entropy: 1.0986, Epsilon: 0.134
2026-03-29 14:00:24 | INFO | [Episode  350] eps=0.134  avg_reward=-200.000  avg_length=200.00  avg_loss=  0.8532  avg_entropy=1.0986  eval_success=0.000
2026-03-29 14:00:27 | INFO | Episode  351 - Reward: -200.000, Length: 200, Loss: 0.8539, Entropy: 1.0986, Epsilon: 0.131
2026-03-29 14:00:30 | INFO | Episode  352 - Reward: -200.000, Length: 200, Loss: 0.8420, Entropy: 1.0986, Epsilon: 0.129
2026-03-29 14:00:32 | INFO | Episode  353 - Reward: -200.000, Length: 200, Loss: 0.8379, Entropy: 1.0986, Epsilon: 0.126
2026-03-29 14:00:35 | INFO | Episode  354 - Reward: -200.000, Length: 200, Loss: 0.8509, Entropy: 1.0986, Epsilon: 0.124
2026-03-29 14:00:38 | INFO | Episode  355 - Reward: -200.000, Length: 200, Loss: 0.8485, Entropy: 1.0986, Epsilon: 0.121
2026-03-29 14:00:41 | INFO | Episode  356 - Reward: -200.000, Length: 200, Loss: 0.8506, Entropy: 1.0986, Epsilon: 0.119
2026-03-29 14:00:44 | INFO | Episode  357 - Reward: -200.000, Length: 200, Loss: 0.8447, Entropy: 1.0986, Epsilon: 0.116
2026-03-29 14:00:47 | INFO | Episode  358 - Reward: -200.000, Length: 200, Loss: 0.8363, Entropy: 1.0986, Epsilon: 0.114
2026-03-29 14:00:50 | INFO | Episode  359 - Reward: -200.000, Length: 200, Loss: 0.8495, Entropy: 1.0986, Epsilon: 0.111
2026-03-29 14:00:53 | INFO | Episode  360 - Reward: -200.000, Length: 200, Loss: 0.8418, Entropy: 1.0986, Epsilon: 0.109
2026-03-29 14:00:56 | INFO | Episode  361 - Reward: -200.000, Length: 200, Loss: 0.8465, Entropy: 1.0986, Epsilon: 0.107
2026-03-29 14:00:59 | INFO | Episode  362 - Reward: -200.000, Length: 200, Loss: 0.8420, Entropy: 1.0986, Epsilon: 0.104
2026-03-29 14:01:02 | INFO | Episode  363 - Reward: -200.000, Length: 200, Loss: 0.8328, Entropy: 1.0986, Epsilon: 0.102
2026-03-29 14:01:06 | INFO | Episode  364 - Reward: -200.000, Length: 200, Loss: 0.8412, Entropy: 1.0986, Epsilon: 0.099
2026-03-29 14:01:09 | INFO | Episode  365 - Reward: -200.000, Length: 200, Loss: 0.8397, Entropy: 1.0986, Epsilon: 0.097
2026-03-29 14:01:12 | INFO | Episode  366 - Reward: -200.000, Length: 200, Loss: 0.8472, Entropy: 1.0986, Epsilon: 0.094
2026-03-29 14:01:15 | INFO | Episode  367 - Reward: -200.000, Length: 200, Loss: 0.8351, Entropy: 1.0986, Epsilon: 0.092
2026-03-29 14:01:18 | INFO | Episode  368 - Reward: -200.000, Length: 200, Loss: 0.8292, Entropy: 1.0986, Epsilon: 0.089
2026-03-29 14:01:21 | INFO | Episode  369 - Reward: -200.000, Length: 200, Loss: 0.8424, Entropy: 1.0986, Epsilon: 0.087
2026-03-29 14:01:24 | INFO | Episode  370 - Reward: -200.000, Length: 200, Loss: 0.8354, Entropy: 1.0986, Epsilon: 0.084
2026-03-29 14:01:27 | INFO | Episode  371 - Reward: -200.000, Length: 200, Loss: 0.8425, Entropy: 1.0986, Epsilon: 0.082
2026-03-29 14:01:31 | INFO | Episode  372 - Reward: -200.000, Length: 200, Loss: 0.8370, Entropy: 1.0986, Epsilon: 0.079
2026-03-29 14:01:34 | INFO | Episode  373 - Reward: -200.000, Length: 200, Loss: 0.8303, Entropy: 1.0986, Epsilon: 0.077
2026-03-29 14:01:37 | INFO | Episode  374 - Reward: -200.000, Length: 200, Loss: 0.8436, Entropy: 1.0986, Epsilon: 0.074
2026-03-29 14:01:40 | INFO | Episode  375 - Reward: -200.000, Length: 200, Loss: 0.8381, Entropy: 1.0986, Epsilon: 0.072
2026-03-29 14:01:44 | INFO | Episode  376 - Reward: -200.000, Length: 200, Loss: 0.8455, Entropy: 1.0986, Epsilon: 0.069
2026-03-29 14:01:46 | INFO | Episode  377 - Reward: -200.000, Length: 200, Loss: 0.8331, Entropy: 1.0986, Epsilon: 0.067
2026-03-29 14:01:49 | INFO | Episode  378 - Reward: -200.000, Length: 200, Loss: 0.8271, Entropy: 1.0986, Epsilon: 0.064
2026-03-29 14:01:52 | INFO | Episode  379 - Reward: -200.000, Length: 200, Loss: 0.8442, Entropy: 1.0986, Epsilon: 0.062
2026-03-29 14:01:55 | INFO | Episode  380 - Reward: -200.000, Length: 200, Loss: 0.8372, Entropy: 1.0986, Epsilon: 0.059
2026-03-29 14:01:58 | INFO | Episode  381 - Reward: -200.000, Length: 200, Loss: 0.8411, Entropy: 1.0986, Epsilon: 0.057
2026-03-29 14:02:00 | INFO | Episode  382 - Reward: -200.000, Length: 200, Loss: 0.8319, Entropy: 1.0986, Epsilon: 0.055
2026-03-29 14:02:03 | INFO | Episode  383 - Reward: -200.000, Length: 200, Loss: 0.8190, Entropy: 1.0986, Epsilon: 0.052
2026-03-29 14:02:06 | INFO | Episode  384 - Reward: -200.000, Length: 200, Loss: 0.8385, Entropy: 1.0986, Epsilon: 0.050
2026-03-29 14:02:09 | INFO | Episode  385 - Reward: -200.000, Length: 200, Loss: 0.8264, Entropy: 1.0986, Epsilon: 0.047
2026-03-29 14:02:12 | INFO | Episode  386 - Reward: -200.000, Length: 200, Loss: 0.8356, Entropy: 1.0986, Epsilon: 0.045
2026-03-29 14:02:15 | INFO | Episode  387 - Reward: -200.000, Length: 200, Loss: 0.8290, Entropy: 1.0986, Epsilon: 0.042
2026-03-29 14:02:17 | INFO | Episode  388 - Reward: -200.000, Length: 200, Loss: 0.8179, Entropy: 1.0986, Epsilon: 0.040
2026-03-29 14:02:20 | INFO | Episode  389 - Reward: -200.000, Length: 200, Loss: 0.8303, Entropy: 1.0986, Epsilon: 0.037
2026-03-29 14:02:23 | INFO | Episode  390 - Reward: -200.000, Length: 200, Loss: 0.8230, Entropy: 1.0986, Epsilon: 0.035
2026-03-29 14:02:25 | INFO | Episode  391 - Reward: -200.000, Length: 200, Loss: 0.8275, Entropy: 1.0986, Epsilon: 0.032
2026-03-29 14:02:28 | INFO | Episode  392 - Reward: -200.000, Length: 200, Loss: 0.8193, Entropy: 1.0986, Epsilon: 0.030
2026-03-29 14:02:31 | INFO | Episode  393 - Reward: -200.000, Length: 200, Loss: 0.8129, Entropy: 1.0986, Epsilon: 0.027
2026-03-29 14:02:34 | INFO | Episode  394 - Reward: -200.000, Length: 200, Loss: 0.8234, Entropy: 1.0986, Epsilon: 0.025
2026-03-29 14:02:36 | INFO | Episode  395 - Reward: -200.000, Length: 200, Loss: 0.8197, Entropy: 1.0986, Epsilon: 0.022
2026-03-29 14:02:39 | INFO | Episode  396 - Reward: -200.000, Length: 200, Loss: 0.8256, Entropy: 1.0986, Epsilon: 0.020
2026-03-29 14:02:42 | INFO | Episode  397 - Reward: -200.000, Length: 200, Loss: 0.8195, Entropy: 1.0986, Epsilon: 0.017
2026-03-29 14:02:44 | INFO | Episode  398 - Reward: -200.000, Length: 200, Loss: 0.8080, Entropy: 1.0986, Epsilon: 0.015
2026-03-29 14:02:47 | INFO | Episode  399 - Reward: -200.000, Length: 200, Loss: 0.8259, Entropy: 1.0986, Epsilon: 0.012
2026-03-29 14:02:50 | INFO | Episode  400 - Reward: -200.000, Length: 200, Loss: 0.8200, Entropy: 1.0986, Epsilon: 0.010
2026-03-29 14:03:41 | INFO | [Episode  400] eps=0.010  avg_reward=-200.000  avg_length=200.00  avg_loss=  0.8344  avg_entropy=1.0986  eval_success=0.000
2026-03-29 14:03:44 | INFO | Episode  401 - Reward: -200.000, Length: 200, Loss: 0.8268, Entropy: 1.0986, Epsilon: 0.010
2026-03-29 14:03:46 | INFO | Episode  402 - Reward: -200.000, Length: 200, Loss: 0.8124, Entropy: 1.0986, Epsilon: 0.010
2026-03-29 14:03:49 | INFO | Episode  403 - Reward: -200.000, Length: 200, Loss: 0.8076, Entropy: 1.0986, Epsilon: 0.010
2026-03-29 14:03:51 | INFO | Episode  404 - Reward: -200.000, Length: 200, Loss: 0.8267, Entropy: 1.0986, Epsilon: 0.010
2026-03-29 14:03:54 | INFO | Episode  405 - Reward: -200.000, Length: 200, Loss: 0.8135, Entropy: 1.0986, Epsilon: 0.010
2026-03-29 14:03:57 | INFO | Episode  406 - Reward: -200.000, Length: 200, Loss: 0.8257, Entropy: 1.0986, Epsilon: 0.010
2026-03-29 14:04:00 | INFO | Episode  407 - Reward: -200.000, Length: 200, Loss: 0.8136, Entropy: 1.0986, Epsilon: 0.010
2026-03-29 14:04:02 | INFO | Episode  408 - Reward: -200.000, Length: 200, Loss: 0.8052, Entropy: 1.0986, Epsilon: 0.010
2026-03-29 14:04:05 | INFO | Episode  409 - Reward: -200.000, Length: 200, Loss: 0.8223, Entropy: 1.0986, Epsilon: 0.010
2026-03-29 14:04:08 | INFO | Episode  410 - Reward: -200.000, Length: 200, Loss: 0.8141, Entropy: 1.0986, Epsilon: 0.010
2026-03-29 14:04:11 | INFO | Episode  411 - Reward: -200.000, Length: 200, Loss: 0.8223, Entropy: 1.0986, Epsilon: 0.010
2026-03-29 14:04:14 | INFO | Episode  412 - Reward: -200.000, Length: 200, Loss: 0.8128, Entropy: 1.0986, Epsilon: 0.010
2026-03-29 14:04:17 | INFO | Episode  413 - Reward: -200.000, Length: 200, Loss: 0.8019, Entropy: 1.0986, Epsilon: 0.010
2026-03-29 14:04:20 | INFO | Episode  414 - Reward: -200.000, Length: 200, Loss: 0.8217, Entropy: 1.0986, Epsilon: 0.010
2026-03-29 14:04:23 | INFO | Episode  415 - Reward: -200.000, Length: 200, Loss: 0.8110, Entropy: 1.0986, Epsilon: 0.010
2026-03-29 14:04:26 | INFO | Episode  416 - Reward: -200.000, Length: 200, Loss: 0.8208, Entropy: 1.0986, Epsilon: 0.010
2026-03-29 14:04:30 | INFO | Episode  417 - Reward: -200.000, Length: 200, Loss: 0.8121, Entropy: 1.0986, Epsilon: 0.010
2026-03-29 14:04:33 | INFO | Episode  418 - Reward: -200.000, Length: 200, Loss: 0.7960, Entropy: 1.0986, Epsilon: 0.010
2026-03-29 14:04:36 | INFO | Episode  419 - Reward: -200.000, Length: 200, Loss: 0.8220, Entropy: 1.0986, Epsilon: 0.010
2026-03-29 14:04:39 | INFO | Episode  420 - Reward: -200.000, Length: 200, Loss: 0.8110, Entropy: 1.0986, Epsilon: 0.010
2026-03-29 14:04:43 | INFO | Episode  421 - Reward: -200.000, Length: 200, Loss: 0.8223, Entropy: 1.0986, Epsilon: 0.010
2026-03-29 14:04:46 | INFO | Episode  422 - Reward: -200.000, Length: 200, Loss: 0.8133, Entropy: 1.0986, Epsilon: 0.010
2026-03-29 14:04:49 | INFO | Episode  423 - Reward: -200.000, Length: 200, Loss: 0.8000, Entropy: 1.0986, Epsilon: 0.010
2026-03-29 14:04:52 | INFO | Episode  424 - Reward: -200.000, Length: 200, Loss: 0.8160, Entropy: 1.0986, Epsilon: 0.010
2026-03-29 14:04:55 | INFO | Episode  425 - Reward: -200.000, Length: 200, Loss: 0.8052, Entropy: 1.0986, Epsilon: 0.010
2026-03-29 14:04:59 | INFO | Episode  426 - Reward: -200.000, Length: 200, Loss: 0.8067, Entropy: 1.0986, Epsilon: 0.010
2026-03-29 14:05:02 | INFO | Episode  427 - Reward: -200.000, Length: 200, Loss: 0.7981, Entropy: 1.0986, Epsilon: 0.010
2026-03-29 14:05:05 | INFO | Episode  428 - Reward: -200.000, Length: 200, Loss: 0.7870, Entropy: 1.0986, Epsilon: 0.010
2026-03-29 14:05:08 | INFO | Episode  429 - Reward: -200.000, Length: 200, Loss: 0.8008, Entropy: 1.0986, Epsilon: 0.010
2026-03-29 14:05:12 | INFO | Episode  430 - Reward: -200.000, Length: 200, Loss: 0.7921, Entropy: 1.0986, Epsilon: 0.010
2026-03-29 14:05:14 | INFO | Episode  431 - Reward: -200.000, Length: 200, Loss: 0.7951, Entropy: 1.0986, Epsilon: 0.010
2026-03-29 14:05:17 | INFO | Episode  432 - Reward: -200.000, Length: 200, Loss: 0.7844, Entropy: 1.0986, Epsilon: 0.010
2026-03-29 14:05:20 | INFO | Episode  433 - Reward: -200.000, Length: 200, Loss: 0.7765, Entropy: 1.0986, Epsilon: 0.010
2026-03-29 14:05:23 | INFO | Episode  434 - Reward: -200.000, Length: 200, Loss: 0.7900, Entropy: 1.0986, Epsilon: 0.010
2026-03-29 14:05:26 | INFO | Episode  435 - Reward: -200.000, Length: 200, Loss: 0.7817, Entropy: 1.0986, Epsilon: 0.010
2026-03-29 14:05:29 | INFO | Episode  436 - Reward: -200.000, Length: 200, Loss: 0.7880, Entropy: 1.0986, Epsilon: 0.010
2026-03-29 14:05:31 | INFO | Episode  437 - Reward: -200.000, Length: 200, Loss: 0.7783, Entropy: 1.0986, Epsilon: 0.010
2026-03-29 14:05:34 | INFO | Episode  438 - Reward: -200.000, Length: 200, Loss: 0.7664, Entropy: 1.0985, Epsilon: 0.010
2026-03-29 14:05:37 | INFO | Episode  439 - Reward: -200.000, Length: 200, Loss: 0.7824, Entropy: 1.0985, Epsilon: 0.010
2026-03-29 14:05:40 | INFO | Episode  440 - Reward: -200.000, Length: 200, Loss: 0.7710, Entropy: 1.0985, Epsilon: 0.010
2026-03-29 14:05:42 | INFO | Episode  441 - Reward: -200.000, Length: 200, Loss: 0.7820, Entropy: 1.0985, Epsilon: 0.010
2026-03-29 14:05:45 | INFO | Episode  442 - Reward: -200.000, Length: 200, Loss: 0.7688, Entropy: 1.0985, Epsilon: 0.010
2026-03-29 14:05:47 | INFO | Episode  443 - Reward: -200.000, Length: 200, Loss: 0.7582, Entropy: 1.0985, Epsilon: 0.010
2026-03-29 14:05:51 | INFO | Episode  444 - Reward: -200.000, Length: 200, Loss: 0.7818, Entropy: 1.0985, Epsilon: 0.010
2026-03-29 14:05:54 | INFO | Episode  445 - Reward: -200.000, Length: 200, Loss: 0.7669, Entropy: 1.0985, Epsilon: 0.010
2026-03-29 14:05:56 | INFO | Episode  446 - Reward: -200.000, Length: 200, Loss: 0.7818, Entropy: 1.0985, Epsilon: 0.010
2026-03-29 14:05:59 | INFO | Episode  447 - Reward: -200.000, Length: 200, Loss: 0.7679, Entropy: 1.0985, Epsilon: 0.010
2026-03-29 14:06:02 | INFO | Episode  448 - Reward: -200.000, Length: 200, Loss: 0.7550, Entropy: 1.0985, Epsilon: 0.010
2026-03-29 14:06:04 | INFO | Episode  449 - Reward: -200.000, Length: 200, Loss: 0.7824, Entropy: 1.0985, Epsilon: 0.010
2026-03-29 14:06:07 | INFO | Episode  450 - Reward: -200.000, Length: 200, Loss: 0.7671, Entropy: 1.0985, Epsilon: 0.010
2026-03-29 14:06:58 | INFO | [Episode  450] eps=0.010  avg_reward=-200.000  avg_length=200.00  avg_loss=  0.7973  avg_entropy=1.0985  eval_success=0.000
2026-03-29 14:07:01 | INFO | Episode  451 - Reward: -200.000, Length: 200, Loss: 0.7785, Entropy: 1.0985, Epsilon: 0.010
2026-03-29 14:07:03 | INFO | Episode  452 - Reward: -200.000, Length: 200, Loss: 0.7676, Entropy: 1.0985, Epsilon: 0.010
2026-03-29 14:07:06 | INFO | Episode  453 - Reward: -200.000, Length: 200, Loss: 0.7578, Entropy: 1.0985, Epsilon: 0.010
2026-03-29 14:07:08 | INFO | Episode  454 - Reward: -200.000, Length: 200, Loss: 0.7751, Entropy: 1.0985, Epsilon: 0.010
2026-03-29 14:07:11 | INFO | Episode  455 - Reward: -200.000, Length: 200, Loss: 0.7597, Entropy: 1.0985, Epsilon: 0.010
2026-03-29 14:07:14 | INFO | Episode  456 - Reward: -200.000, Length: 200, Loss: 0.7704, Entropy: 1.0985, Epsilon: 0.010
2026-03-29 14:07:16 | INFO | Episode  457 - Reward: -200.000, Length: 200, Loss: 0.7559, Entropy: 1.0985, Epsilon: 0.010
2026-03-29 14:07:19 | INFO | Episode  458 - Reward: -200.000, Length: 200, Loss: 0.7456, Entropy: 1.0984, Epsilon: 0.010
2026-03-29 14:07:22 | INFO | Episode  459 - Reward: -200.000, Length: 200, Loss: 0.7660, Entropy: 1.0984, Epsilon: 0.010
2026-03-29 14:07:24 | INFO | Episode  460 - Reward: -200.000, Length: 200, Loss: 0.7514, Entropy: 1.0984, Epsilon: 0.010
2026-03-29 14:07:27 | INFO | Episode  461 - Reward: -200.000, Length: 200, Loss: 0.7628, Entropy: 1.0984, Epsilon: 0.010
2026-03-29 14:07:30 | INFO | Episode  462 - Reward: -200.000, Length: 200, Loss: 0.7468, Entropy: 1.0984, Epsilon: 0.010
2026-03-29 14:07:33 | INFO | Episode  463 - Reward: -200.000, Length: 200, Loss: 0.7332, Entropy: 1.0984, Epsilon: 0.010
2026-03-29 14:07:36 | INFO | Episode  464 - Reward: -200.000, Length: 200, Loss: 0.7535, Entropy: 1.0984, Epsilon: 0.010
2026-03-29 14:07:39 | INFO | Episode  465 - Reward: -200.000, Length: 200, Loss: 0.7409, Entropy: 1.0984, Epsilon: 0.010
2026-03-29 14:07:42 | INFO | Episode  466 - Reward: -200.000, Length: 200, Loss: 0.7509, Entropy: 1.0984, Epsilon: 0.010
2026-03-29 14:07:45 | INFO | Episode  467 - Reward: -200.000, Length: 200, Loss: 0.7374, Entropy: 1.0984, Epsilon: 0.010
2026-03-29 14:07:48 | INFO | Episode  468 - Reward: -200.000, Length: 200, Loss: 0.7239, Entropy: 1.0984, Epsilon: 0.010
2026-03-29 14:07:51 | INFO | Episode  469 - Reward: -200.000, Length: 200, Loss: 0.7452, Entropy: 1.0984, Epsilon: 0.010
2026-03-29 14:07:54 | INFO | Episode  470 - Reward: -200.000, Length: 200, Loss: 0.7332, Entropy: 1.0984, Epsilon: 0.010
2026-03-29 14:07:57 | INFO | Episode  471 - Reward: -200.000, Length: 200, Loss: 0.7403, Entropy: 1.0984, Epsilon: 0.010
2026-03-29 14:08:00 | INFO | Episode  472 - Reward: -200.000, Length: 200, Loss: 0.7310, Entropy: 1.0984, Epsilon: 0.010
2026-03-29 14:08:04 | INFO | Episode  473 - Reward: -200.000, Length: 200, Loss: 0.7168, Entropy: 1.0984, Epsilon: 0.010
2026-03-29 14:08:07 | INFO | Episode  474 - Reward: -200.000, Length: 200, Loss: 0.7409, Entropy: 1.0984, Epsilon: 0.010
2026-03-29 14:08:10 | INFO | Episode  475 - Reward: -200.000, Length: 200, Loss: 0.7273, Entropy: 1.0984, Epsilon: 0.010
2026-03-29 14:08:13 | INFO | Episode  476 - Reward: -200.000, Length: 200, Loss: 0.7380, Entropy: 1.0984, Epsilon: 0.010
2026-03-29 14:08:16 | INFO | Episode  477 - Reward: -200.000, Length: 200, Loss: 0.7247, Entropy: 1.0984, Epsilon: 0.010
2026-03-29 14:08:19 | INFO | Episode  478 - Reward: -200.000, Length: 200, Loss: 0.7093, Entropy: 1.0984, Epsilon: 0.010
2026-03-29 14:08:22 | INFO | Episode  479 - Reward: -200.000, Length: 200, Loss: 0.7323, Entropy: 1.0984, Epsilon: 0.010
2026-03-29 14:08:25 | INFO | Episode  480 - Reward: -200.000, Length: 200, Loss: 0.7179, Entropy: 1.0984, Epsilon: 0.010
2026-03-29 14:08:28 | INFO | Episode  481 - Reward: -200.000, Length: 200, Loss: 0.7297, Entropy: 1.0984, Epsilon: 0.010
2026-03-29 14:08:31 | INFO | Episode  482 - Reward: -200.000, Length: 200, Loss: 0.7220, Entropy: 1.0984, Epsilon: 0.010
2026-03-29 14:08:34 | INFO | Episode  483 - Reward: -200.000, Length: 200, Loss: 0.7058, Entropy: 1.0984, Epsilon: 0.010
2026-03-29 14:08:38 | INFO | Episode  484 - Reward: -200.000, Length: 200, Loss: 0.7313, Entropy: 1.0984, Epsilon: 0.010
2026-03-29 14:08:41 | INFO | Episode  485 - Reward: -200.000, Length: 200, Loss: 0.7189, Entropy: 1.0984, Epsilon: 0.010
2026-03-29 14:08:44 | INFO | Episode  486 - Reward: -200.000, Length: 200, Loss: 0.7316, Entropy: 1.0984, Epsilon: 0.010
2026-03-29 14:08:46 | INFO | Episode  487 - Reward: -200.000, Length: 200, Loss: 0.7198, Entropy: 1.0984, Epsilon: 0.010
2026-03-29 14:08:49 | INFO | Episode  488 - Reward: -200.000, Length: 200, Loss: 0.7069, Entropy: 1.0984, Epsilon: 0.010
2026-03-29 14:08:52 | INFO | Episode  489 - Reward: -200.000, Length: 200, Loss: 0.7338, Entropy: 1.0984, Epsilon: 0.010
2026-03-29 14:08:55 | INFO | Episode  490 - Reward: -200.000, Length: 200, Loss: 0.7239, Entropy: 1.0984, Epsilon: 0.010
2026-03-29 14:08:58 | INFO | Episode  491 - Reward: -200.000, Length: 200, Loss: 0.7378, Entropy: 1.0984, Epsilon: 0.010
2026-03-29 14:09:00 | INFO | Episode  492 - Reward: -200.000, Length: 200, Loss: 0.7225, Entropy: 1.0984, Epsilon: 0.010
2026-03-29 14:09:03 | INFO | Episode  493 - Reward: -200.000, Length: 200, Loss: 0.7089, Entropy: 1.0985, Epsilon: 0.010
2026-03-29 14:09:06 | INFO | Episode  494 - Reward: -200.000, Length: 200, Loss: 0.7405, Entropy: 1.0985, Epsilon: 0.010
2026-03-29 14:09:09 | INFO | Episode  495 - Reward: -200.000, Length: 200, Loss: 0.7265, Entropy: 1.0985, Epsilon: 0.010
2026-03-29 14:09:11 | INFO | Episode  496 - Reward: -200.000, Length: 200, Loss: 0.7434, Entropy: 1.0985, Epsilon: 0.010
2026-03-29 14:09:14 | INFO | Episode  497 - Reward: -200.000, Length: 200, Loss: 0.7281, Entropy: 1.0985, Epsilon: 0.010
2026-03-29 14:09:17 | INFO | Episode  498 - Reward: -200.000, Length: 200, Loss: 0.7140, Entropy: 1.0985, Epsilon: 0.010
2026-03-29 14:09:19 | INFO | Episode  499 - Reward: -200.000, Length: 200, Loss: 0.7506, Entropy: 1.0985, Epsilon: 0.010
2026-03-29 14:09:22 | INFO | Episode  500 - Reward: -200.000, Length: 200, Loss: 0.7327, Entropy: 1.0986, Epsilon: 0.010
2026-03-29 14:10:13 | INFO | [Episode  500] eps=0.010  avg_reward=-200.000  avg_length=200.00  avg_loss=  0.7373  avg_entropy=1.0986  eval_success=0.000
2026-03-29 14:10:13 | INFO | DQN+Entropy training: 32m 37.80s
2026-03-29 14:14:06 | INFO | [Final Eval] success=0.000, mean_reward=-200.000
