2026-03-29 17:39:50 | INFO | ============================================================
2026-03-29 17:39:50 | INFO | DEVICE / COMPUTE INFORMATION
2026-03-29 17:39:50 | INFO |   JAX backend       : CPU
2026-03-29 17:39:50 | INFO |   Platform          : cpu
2026-03-29 17:39:50 | INFO |   Num devices       : 1
2026-03-29 17:39:50 | INFO |   Device            : TFRT_CPU_0
2026-03-29 17:39:50 | INFO | ============================================================
2026-03-29 17:39:50 | INFO | DQN+Entropy | seed=9, lr=0.001, gamma=0.95, alpha=0.01
2026-03-29 17:39:50 | INFO | Env: cartpole/dense, obs_dim=4, num_actions=2
2026-03-29 17:39:51 | INFO | Episode    1 - Reward: 10.000, Length: 10, Loss: 0.0000, Entropy: 0.0000, Epsilon: 0.998
2026-03-29 17:39:51 | INFO | Episode    2 - Reward: 13.000, Length: 13, Loss: 0.0000, Entropy: 0.0000, Epsilon: 0.995
2026-03-29 17:39:52 | INFO | Episode    3 - Reward: 19.000, Length: 19, Loss: 0.0000, Entropy: 0.0000, Epsilon: 0.993
2026-03-29 17:39:52 | INFO | Episode    4 - Reward: 22.000, Length: 22, Loss: 0.0000, Entropy: 0.0000, Epsilon: 0.990
2026-03-29 17:39:52 | INFO | Episode    5 - Reward: 16.000, Length: 16, Loss: 0.0000, Entropy: 0.0000, Epsilon: 0.988
2026-03-29 17:39:53 | INFO | Episode    6 - Reward: 44.000, Length: 44, Loss: 0.0000, Entropy: 0.0000, Epsilon: 0.985
2026-03-29 17:39:53 | INFO | Episode    7 - Reward: 10.000, Length: 10, Loss: 0.0000, Entropy: 0.0000, Epsilon: 0.983
2026-03-29 17:39:54 | INFO | Episode    8 - Reward: 19.000, Length: 19, Loss: 0.0000, Entropy: 0.0000, Epsilon: 0.980
2026-03-29 17:39:54 | INFO | Episode    9 - Reward: 20.000, Length: 20, Loss: 0.0000, Entropy: 0.0000, Epsilon: 0.978
2026-03-29 17:39:54 | INFO | Episode   10 - Reward: 16.000, Length: 16, Loss: 0.0000, Entropy: 0.0000, Epsilon: 0.975
2026-03-29 17:39:55 | INFO | Episode   11 - Reward: 23.000, Length: 23, Loss: 0.0000, Entropy: 0.0000, Epsilon: 0.973
2026-03-29 17:39:55 | INFO | Episode   12 - Reward: 20.000, Length: 20, Loss: 0.0000, Entropy: 0.0000, Epsilon: 0.970
2026-03-29 17:39:56 | INFO | Episode   13 - Reward: 13.000, Length: 13, Loss: 0.0000, Entropy: 0.0000, Epsilon: 0.968
2026-03-29 17:39:57 | INFO | Episode   14 - Reward: 46.000, Length: 46, Loss: 1.0019, Entropy: 0.6931, Epsilon: 0.965
2026-03-29 17:39:57 | INFO | Episode   15 - Reward: 18.000, Length: 18, Loss: 0.9868, Entropy: 0.6931, Epsilon: 0.963
2026-03-29 17:39:58 | INFO | Episode   16 - Reward: 12.000, Length: 12, Loss: 0.9764, Entropy: 0.6931, Epsilon: 0.960
2026-03-29 17:39:58 | INFO | Episode   17 - Reward: 23.000, Length: 23, Loss: 0.9631, Entropy: 0.6931, Epsilon: 0.958
2026-03-29 17:39:59 | INFO | Episode   18 - Reward: 25.000, Length: 25, Loss: 0.9516, Entropy: 0.6931, Epsilon: 0.955
2026-03-29 17:39:59 | INFO | Episode   19 - Reward: 18.000, Length: 18, Loss: 0.9352, Entropy: 0.6931, Epsilon: 0.953
2026-03-29 17:40:00 | INFO | Episode   20 - Reward: 18.000, Length: 18, Loss: 0.9246, Entropy: 0.6931, Epsilon: 0.951
2026-03-29 17:40:00 | INFO | Episode   21 - Reward: 26.000, Length: 26, Loss: 0.9113, Entropy: 0.6931, Epsilon: 0.948
2026-03-29 17:40:01 | INFO | Episode   22 - Reward: 19.000, Length: 19, Loss: 0.9003, Entropy: 0.6931, Epsilon: 0.946
2026-03-29 17:40:01 | INFO | Episode   23 - Reward: 12.000, Length: 12, Loss: 0.8884, Entropy: 0.6931, Epsilon: 0.943
2026-03-29 17:40:02 | INFO | Episode   24 - Reward: 11.000, Length: 11, Loss: 0.8769, Entropy: 0.6931, Epsilon: 0.941
2026-03-29 17:40:02 | INFO | Episode   25 - Reward: 23.000, Length: 23, Loss: 0.8642, Entropy: 0.6931, Epsilon: 0.938
2026-03-29 17:40:03 | INFO | Episode   26 - Reward: 16.000, Length: 16, Loss: 0.8552, Entropy: 0.6931, Epsilon: 0.936
2026-03-29 17:40:03 | INFO | Episode   27 - Reward: 34.000, Length: 34, Loss: 0.9875, Entropy: 0.6931, Epsilon: 0.933
2026-03-29 17:40:03 | INFO | Episode   28 - Reward: 41.000, Length: 41, Loss: 0.9789, Entropy: 0.6931, Epsilon: 0.931
2026-03-29 17:40:04 | INFO | Episode   29 - Reward: 45.000, Length: 45, Loss: 0.9649, Entropy: 0.6931, Epsilon: 0.928
2026-03-29 17:40:04 | INFO | Episode   30 - Reward: 31.000, Length: 31, Loss: 0.9509, Entropy: 0.6931, Epsilon: 0.926
2026-03-29 17:40:05 | INFO | Episode   31 - Reward: 20.000, Length: 20, Loss: 0.9393, Entropy: 0.6931, Epsilon: 0.923
2026-03-29 17:40:05 | INFO | Episode   32 - Reward: 11.000, Length: 11, Loss: 0.9252, Entropy: 0.6931, Epsilon: 0.921
2026-03-29 17:40:06 | INFO | Episode   33 - Reward: 19.000, Length: 19, Loss: 0.9150, Entropy: 0.6931, Epsilon: 0.918
2026-03-29 17:40:06 | INFO | Episode   34 - Reward: 40.000, Length: 40, Loss: 0.9019, Entropy: 0.6930, Epsilon: 0.916
2026-03-29 17:40:07 | INFO | Episode   35 - Reward: 24.000, Length: 24, Loss: 0.8878, Entropy: 0.6930, Epsilon: 0.913
2026-03-29 17:40:07 | INFO | Episode   36 - Reward: 16.000, Length: 16, Loss: 0.8772, Entropy: 0.6930, Epsilon: 0.911
2026-03-29 17:40:08 | INFO | Episode   37 - Reward: 29.000, Length: 29, Loss: 0.8697, Entropy: 0.6930, Epsilon: 0.908
2026-03-29 17:40:08 | INFO | Episode   38 - Reward: 33.000, Length: 33, Loss: 0.8595, Entropy: 0.6930, Epsilon: 0.906
2026-03-29 17:40:09 | INFO | Episode   39 - Reward: 14.000, Length: 14, Loss: 0.8421, Entropy: 0.6930, Epsilon: 0.903
2026-03-29 17:40:09 | INFO | Episode   40 - Reward: 14.000, Length: 14, Loss: 0.8349, Entropy: 0.6930, Epsilon: 0.901
2026-03-29 17:40:10 | INFO | Episode   41 - Reward: 24.000, Length: 24, Loss: 0.8230, Entropy: 0.6930, Epsilon: 0.899
2026-03-29 17:40:10 | INFO | Episode   42 - Reward: 14.000, Length: 14, Loss: 0.8095, Entropy: 0.6930, Epsilon: 0.896
2026-03-29 17:40:11 | INFO | Episode   43 - Reward: 27.000, Length: 27, Loss: 0.8010, Entropy: 0.6930, Epsilon: 0.894
2026-03-29 17:40:11 | INFO | Episode   44 - Reward: 40.000, Length: 40, Loss: 0.7899, Entropy: 0.6930, Epsilon: 0.891
2026-03-29 17:40:11 | INFO | Episode   45 - Reward: 17.000, Length: 17, Loss: 0.7781, Entropy: 0.6930, Epsilon: 0.889
2026-03-29 17:40:12 | INFO | Episode   46 - Reward: 11.000, Length: 11, Loss: 0.9758, Entropy: 0.6930, Epsilon: 0.886
2026-03-29 17:40:12 | INFO | Episode   47 - Reward: 15.000, Length: 15, Loss: 0.9672, Entropy: 0.6930, Epsilon: 0.884
2026-03-29 17:40:13 | INFO | Episode   48 - Reward: 14.000, Length: 14, Loss: 0.9512, Entropy: 0.6929, Epsilon: 0.881
2026-03-29 17:40:13 | INFO | Episode   49 - Reward: 12.000, Length: 12, Loss: 0.9419, Entropy: 0.6929, Epsilon: 0.879
2026-03-29 17:40:14 | INFO | Episode   50 - Reward: 52.000, Length: 52, Loss: 0.9339, Entropy: 0.6929, Epsilon: 0.876
2026-03-29 17:40:15 | INFO | [Episode   50] eps=0.876  avg_reward=  22.180  avg_length= 22.18  avg_loss=  0.6708  avg_entropy=0.6929  eval_success=0.000
2026-03-29 17:40:15 | INFO | Episode   51 - Reward: 13.000, Length: 13, Loss: 0.9160, Entropy: 0.6929, Epsilon: 0.874
2026-03-29 17:40:16 | INFO | Episode   52 - Reward: 20.000, Length: 20, Loss: 0.8942, Entropy: 0.6929, Epsilon: 0.871
2026-03-29 17:40:16 | INFO | Episode   53 - Reward: 32.000, Length: 32, Loss: 0.8873, Entropy: 0.6929, Epsilon: 0.869
2026-03-29 17:40:17 | INFO | Episode   54 - Reward: 15.000, Length: 15, Loss: 0.8785, Entropy: 0.6929, Epsilon: 0.866
2026-03-29 17:40:17 | INFO | Episode   55 - Reward: 12.000, Length: 12, Loss: 0.8674, Entropy: 0.6929, Epsilon: 0.864
2026-03-29 17:40:18 | INFO | Episode   56 - Reward: 17.000, Length: 17, Loss: 0.8586, Entropy: 0.6928, Epsilon: 0.861
2026-03-29 17:40:18 | INFO | Episode   57 - Reward: 10.000, Length: 10, Loss: 0.8479, Entropy: 0.6928, Epsilon: 0.859
2026-03-29 17:40:18 | INFO | Episode   58 - Reward: 14.000, Length: 14, Loss: 0.8303, Entropy: 0.6928, Epsilon: 0.856
2026-03-29 17:40:19 | INFO | Episode   59 - Reward: 23.000, Length: 23, Loss: 0.8221, Entropy: 0.6928, Epsilon: 0.854
2026-03-29 17:40:19 | INFO | Episode   60 - Reward: 16.000, Length: 16, Loss: 0.8041, Entropy: 0.6928, Epsilon: 0.852
2026-03-29 17:40:20 | INFO | Episode   61 - Reward: 59.000, Length: 59, Loss: 0.7953, Entropy: 0.6928, Epsilon: 0.849
2026-03-29 17:40:20 | INFO | Episode   62 - Reward: 15.000, Length: 15, Loss: 0.7848, Entropy: 0.6928, Epsilon: 0.847
2026-03-29 17:40:21 | INFO | Episode   63 - Reward: 15.000, Length: 15, Loss: 0.7732, Entropy: 0.6928, Epsilon: 0.844
2026-03-29 17:40:21 | INFO | Episode   64 - Reward: 39.000, Length: 39, Loss: 0.7624, Entropy: 0.6928, Epsilon: 0.842
2026-03-29 17:40:22 | INFO | Episode   65 - Reward: 21.000, Length: 21, Loss: 0.7484, Entropy: 0.6928, Epsilon: 0.839
2026-03-29 17:40:22 | INFO | Episode   66 - Reward: 9.000, Length: 9, Loss: 0.7379, Entropy: 0.6927, Epsilon: 0.837
2026-03-29 17:40:23 | INFO | Episode   67 - Reward: 13.000, Length: 13, Loss: 0.7304, Entropy: 0.6927, Epsilon: 0.834
2026-03-29 17:40:23 | INFO | Episode   68 - Reward: 22.000, Length: 22, Loss: 0.7194, Entropy: 0.6927, Epsilon: 0.832
2026-03-29 17:40:24 | INFO | Episode   69 - Reward: 10.000, Length: 10, Loss: 0.7101, Entropy: 0.6927, Epsilon: 0.829
2026-03-29 17:40:24 | INFO | Episode   70 - Reward: 33.000, Length: 33, Loss: 0.6967, Entropy: 0.6927, Epsilon: 0.827
2026-03-29 17:40:25 | INFO | Episode   71 - Reward: 11.000, Length: 11, Loss: 0.9738, Entropy: 0.6927, Epsilon: 0.824
2026-03-29 17:40:25 | INFO | Episode   72 - Reward: 25.000, Length: 25, Loss: 0.9673, Entropy: 0.6926, Epsilon: 0.822
2026-03-29 17:40:26 | INFO | Episode   73 - Reward: 18.000, Length: 18, Loss: 0.9408, Entropy: 0.6926, Epsilon: 0.819
2026-03-29 17:40:26 | INFO | Episode   74 - Reward: 17.000, Length: 17, Loss: 0.9412, Entropy: 0.6926, Epsilon: 0.817
2026-03-29 17:40:27 | INFO | Episode   75 - Reward: 32.000, Length: 32, Loss: 0.9213, Entropy: 0.6926, Epsilon: 0.814
2026-03-29 17:40:27 | INFO | Episode   76 - Reward: 14.000, Length: 14, Loss: 0.9036, Entropy: 0.6926, Epsilon: 0.812
2026-03-29 17:40:27 | INFO | Episode   77 - Reward: 19.000, Length: 19, Loss: 0.8919, Entropy: 0.6925, Epsilon: 0.809
2026-03-29 17:40:28 | INFO | Episode   78 - Reward: 19.000, Length: 19, Loss: 0.8877, Entropy: 0.6925, Epsilon: 0.807
2026-03-29 17:40:28 | INFO | Episode   79 - Reward: 13.000, Length: 13, Loss: 0.8705, Entropy: 0.6925, Epsilon: 0.804
2026-03-29 17:40:29 | INFO | Episode   80 - Reward: 18.000, Length: 18, Loss: 0.8554, Entropy: 0.6925, Epsilon: 0.802
2026-03-29 17:40:29 | INFO | Episode   81 - Reward: 10.000, Length: 10, Loss: 0.8401, Entropy: 0.6924, Epsilon: 0.800
2026-03-29 17:40:30 | INFO | Episode   82 - Reward: 11.000, Length: 11, Loss: 0.8265, Entropy: 0.6924, Epsilon: 0.797
2026-03-29 17:40:30 | INFO | Episode   83 - Reward: 10.000, Length: 10, Loss: 0.8140, Entropy: 0.6924, Epsilon: 0.795
2026-03-29 17:40:31 | INFO | Episode   84 - Reward: 12.000, Length: 12, Loss: 0.8048, Entropy: 0.6924, Epsilon: 0.792
2026-03-29 17:40:31 | INFO | Episode   85 - Reward: 15.000, Length: 15, Loss: 0.7907, Entropy: 0.6923, Epsilon: 0.790
2026-03-29 17:40:31 | INFO | Episode   86 - Reward: 23.000, Length: 23, Loss: 0.7728, Entropy: 0.6923, Epsilon: 0.787
2026-03-29 17:40:32 | INFO | Episode   87 - Reward: 16.000, Length: 16, Loss: 0.7665, Entropy: 0.6923, Epsilon: 0.785
2026-03-29 17:40:32 | INFO | Episode   88 - Reward: 16.000, Length: 16, Loss: 0.7527, Entropy: 0.6922, Epsilon: 0.782
2026-03-29 17:40:33 | INFO | Episode   89 - Reward: 15.000, Length: 15, Loss: 0.7301, Entropy: 0.6922, Epsilon: 0.780
2026-03-29 17:40:33 | INFO | Episode   90 - Reward: 15.000, Length: 15, Loss: 0.7285, Entropy: 0.6922, Epsilon: 0.777
2026-03-29 17:40:34 | INFO | Episode   91 - Reward: 17.000, Length: 17, Loss: 0.7077, Entropy: 0.6922, Epsilon: 0.775
2026-03-29 17:40:34 | INFO | Episode   92 - Reward: 20.000, Length: 20, Loss: 0.7022, Entropy: 0.6922, Epsilon: 0.772
2026-03-29 17:40:35 | INFO | Episode   93 - Reward: 10.000, Length: 10, Loss: 0.6840, Entropy: 0.6921, Epsilon: 0.770
2026-03-29 17:40:35 | INFO | Episode   94 - Reward: 12.000, Length: 12, Loss: 0.6714, Entropy: 0.6921, Epsilon: 0.767
2026-03-29 17:40:35 | INFO | Episode   95 - Reward: 17.000, Length: 17, Loss: 0.6697, Entropy: 0.6920, Epsilon: 0.765
2026-03-29 17:40:36 | INFO | Episode   96 - Reward: 22.000, Length: 22, Loss: 0.6472, Entropy: 0.6920, Epsilon: 0.762
2026-03-29 17:40:36 | INFO | Episode   97 - Reward: 10.000, Length: 10, Loss: 0.6472, Entropy: 0.6920, Epsilon: 0.760
2026-03-29 17:40:37 | INFO | Episode   98 - Reward: 19.000, Length: 19, Loss: 0.6272, Entropy: 0.6919, Epsilon: 0.757
2026-03-29 17:40:37 | INFO | Episode   99 - Reward: 18.000, Length: 18, Loss: 0.6195, Entropy: 0.6919, Epsilon: 0.755
2026-03-29 17:40:38 | INFO | Episode  100 - Reward: 12.000, Length: 12, Loss: 0.6097, Entropy: 0.6919, Epsilon: 0.752
2026-03-29 17:40:38 | INFO | [Episode  100] eps=0.752  avg_reward=  17.880  avg_length= 17.88  avg_loss=  0.7926  avg_entropy=0.6919  eval_success=0.000
2026-03-29 17:40:39 | INFO | Episode  101 - Reward: 19.000, Length: 19, Loss: 0.9717, Entropy: 0.6918, Epsilon: 0.750
2026-03-29 17:40:39 | INFO | Episode  102 - Reward: 20.000, Length: 20, Loss: 0.9584, Entropy: 0.6918, Epsilon: 0.748
2026-03-29 17:40:39 | INFO | Episode  103 - Reward: 9.000, Length: 9, Loss: 0.9439, Entropy: 0.6917, Epsilon: 0.745
2026-03-29 17:40:40 | INFO | Episode  104 - Reward: 12.000, Length: 12, Loss: 0.9200, Entropy: 0.6917, Epsilon: 0.743
2026-03-29 17:40:40 | INFO | Episode  105 - Reward: 13.000, Length: 13, Loss: 0.9186, Entropy: 0.6916, Epsilon: 0.740
2026-03-29 17:40:41 | INFO | Episode  106 - Reward: 16.000, Length: 16, Loss: 0.8943, Entropy: 0.6916, Epsilon: 0.738
2026-03-29 17:40:41 | INFO | Episode  107 - Reward: 60.000, Length: 60, Loss: 0.8792, Entropy: 0.6915, Epsilon: 0.735
2026-03-29 17:40:42 | INFO | Episode  108 - Reward: 21.000, Length: 21, Loss: 0.8515, Entropy: 0.6914, Epsilon: 0.733
2026-03-29 17:40:42 | INFO | Episode  109 - Reward: 13.000, Length: 13, Loss: 0.8358, Entropy: 0.6914, Epsilon: 0.730
2026-03-29 17:40:42 | INFO | Episode  110 - Reward: 12.000, Length: 12, Loss: 0.8352, Entropy: 0.6913, Epsilon: 0.728
2026-03-29 17:40:43 | INFO | Episode  111 - Reward: 11.000, Length: 11, Loss: 0.8131, Entropy: 0.6913, Epsilon: 0.725
2026-03-29 17:40:43 | INFO | Episode  112 - Reward: 27.000, Length: 27, Loss: 0.7927, Entropy: 0.6912, Epsilon: 0.723
2026-03-29 17:40:44 | INFO | Episode  113 - Reward: 16.000, Length: 16, Loss: 0.7813, Entropy: 0.6911, Epsilon: 0.720
2026-03-29 17:40:44 | INFO | Episode  114 - Reward: 22.000, Length: 22, Loss: 0.7758, Entropy: 0.6911, Epsilon: 0.718
2026-03-29 17:40:45 | INFO | Episode  115 - Reward: 15.000, Length: 15, Loss: 0.7478, Entropy: 0.6910, Epsilon: 0.715
2026-03-29 17:40:45 | INFO | Episode  116 - Reward: 23.000, Length: 23, Loss: 0.7362, Entropy: 0.6910, Epsilon: 0.713
2026-03-29 17:40:46 | INFO | Episode  117 - Reward: 46.000, Length: 46, Loss: 0.7229, Entropy: 0.6909, Epsilon: 0.710
2026-03-29 17:40:46 | INFO | Episode  118 - Reward: 10.000, Length: 10, Loss: 0.7144, Entropy: 0.6908, Epsilon: 0.708
2026-03-29 17:40:46 | INFO | Episode  119 - Reward: 13.000, Length: 13, Loss: 0.7043, Entropy: 0.6908, Epsilon: 0.705
2026-03-29 17:40:47 | INFO | Episode  120 - Reward: 40.000, Length: 40, Loss: 0.6737, Entropy: 0.6906, Epsilon: 0.703
2026-03-29 17:40:47 | INFO | Episode  121 - Reward: 12.000, Length: 12, Loss: 0.6630, Entropy: 0.6906, Epsilon: 0.701
2026-03-29 17:40:48 | INFO | Episode  122 - Reward: 17.000, Length: 17, Loss: 0.6530, Entropy: 0.6906, Epsilon: 0.698
2026-03-29 17:40:48 | INFO | Episode  123 - Reward: 11.000, Length: 11, Loss: 0.6376, Entropy: 0.6905, Epsilon: 0.696
2026-03-29 17:40:49 | INFO | Episode  124 - Reward: 10.000, Length: 10, Loss: 0.6115, Entropy: 0.6904, Epsilon: 0.693
2026-03-29 17:40:49 | INFO | Episode  125 - Reward: 29.000, Length: 29, Loss: 0.6080, Entropy: 0.6903, Epsilon: 0.691
2026-03-29 17:40:50 | INFO | Episode  126 - Reward: 18.000, Length: 18, Loss: 0.9841, Entropy: 0.6902, Epsilon: 0.688
2026-03-29 17:40:50 | INFO | Episode  127 - Reward: 10.000, Length: 10, Loss: 0.9618, Entropy: 0.6901, Epsilon: 0.686
2026-03-29 17:40:50 | INFO | Episode  128 - Reward: 9.000, Length: 9, Loss: 0.9568, Entropy: 0.6901, Epsilon: 0.683
2026-03-29 17:40:51 | INFO | Episode  129 - Reward: 12.000, Length: 12, Loss: 0.9248, Entropy: 0.6899, Epsilon: 0.681
2026-03-29 17:40:51 | INFO | Episode  130 - Reward: 17.000, Length: 17, Loss: 0.9066, Entropy: 0.6898, Epsilon: 0.678
2026-03-29 17:40:52 | INFO | Episode  131 - Reward: 22.000, Length: 22, Loss: 0.8900, Entropy: 0.6897, Epsilon: 0.676
2026-03-29 17:40:52 | INFO | Episode  132 - Reward: 25.000, Length: 25, Loss: 0.8647, Entropy: 0.6896, Epsilon: 0.673
2026-03-29 17:40:53 | INFO | Episode  133 - Reward: 17.000, Length: 17, Loss: 0.8659, Entropy: 0.6895, Epsilon: 0.671
2026-03-29 17:40:53 | INFO | Episode  134 - Reward: 16.000, Length: 16, Loss: 0.8215, Entropy: 0.6894, Epsilon: 0.668
2026-03-29 17:40:53 | INFO | Episode  135 - Reward: 14.000, Length: 14, Loss: 0.8085, Entropy: 0.6893, Epsilon: 0.666
2026-03-29 17:40:54 | INFO | Episode  136 - Reward: 21.000, Length: 21, Loss: 0.7945, Entropy: 0.6892, Epsilon: 0.663
2026-03-29 17:40:54 | INFO | Episode  137 - Reward: 10.000, Length: 10, Loss: 0.7690, Entropy: 0.6891, Epsilon: 0.661
2026-03-29 17:40:55 | INFO | Episode  138 - Reward: 15.000, Length: 15, Loss: 0.7497, Entropy: 0.6889, Epsilon: 0.658
2026-03-29 17:40:55 | INFO | Episode  139 - Reward: 27.000, Length: 27, Loss: 0.7405, Entropy: 0.6888, Epsilon: 0.656
2026-03-29 17:40:56 | INFO | Episode  140 - Reward: 13.000, Length: 13, Loss: 0.7310, Entropy: 0.6888, Epsilon: 0.653
2026-03-29 17:40:56 | INFO | Episode  141 - Reward: 21.000, Length: 21, Loss: 0.7074, Entropy: 0.6887, Epsilon: 0.651
2026-03-29 17:40:57 | INFO | Episode  142 - Reward: 10.000, Length: 10, Loss: 0.6907, Entropy: 0.6886, Epsilon: 0.649
2026-03-29 17:40:57 | INFO | Episode  143 - Reward: 14.000, Length: 14, Loss: 0.6693, Entropy: 0.6885, Epsilon: 0.646
2026-03-29 17:40:58 | INFO | Episode  144 - Reward: 15.000, Length: 15, Loss: 0.6478, Entropy: 0.6883, Epsilon: 0.644
2026-03-29 17:40:58 | INFO | Episode  145 - Reward: 11.000, Length: 11, Loss: 0.6419, Entropy: 0.6883, Epsilon: 0.641
2026-03-29 17:40:58 | INFO | Episode  146 - Reward: 17.000, Length: 17, Loss: 0.6280, Entropy: 0.6882, Epsilon: 0.639
2026-03-29 17:40:59 | INFO | Episode  147 - Reward: 15.000, Length: 15, Loss: 0.5966, Entropy: 0.6880, Epsilon: 0.636
2026-03-29 17:40:59 | INFO | Episode  148 - Reward: 17.000, Length: 17, Loss: 0.5901, Entropy: 0.6879, Epsilon: 0.634
2026-03-29 17:41:00 | INFO | Episode  149 - Reward: 11.000, Length: 11, Loss: 0.5784, Entropy: 0.6878, Epsilon: 0.631
2026-03-29 17:41:00 | INFO | Episode  150 - Reward: 17.000, Length: 17, Loss: 0.5643, Entropy: 0.6878, Epsilon: 0.629
2026-03-29 17:41:01 | INFO | [Episode  150] eps=0.629  avg_reward=  17.820  avg_length= 17.82  avg_loss=  0.7746  avg_entropy=0.6878  eval_success=0.000
2026-03-29 17:41:01 | INFO | Episode  151 - Reward: 17.000, Length: 17, Loss: 0.5558, Entropy: 0.6877, Epsilon: 0.626
2026-03-29 17:41:02 | INFO | Episode  152 - Reward: 15.000, Length: 15, Loss: 0.5341, Entropy: 0.6876, Epsilon: 0.624
2026-03-29 17:41:02 | INFO | Episode  153 - Reward: 11.000, Length: 11, Loss: 0.5234, Entropy: 0.6876, Epsilon: 0.621
2026-03-29 17:41:02 | INFO | Episode  154 - Reward: 20.000, Length: 20, Loss: 0.5002, Entropy: 0.6874, Epsilon: 0.619
2026-03-29 17:41:03 | INFO | Episode  155 - Reward: 12.000, Length: 12, Loss: 0.4985, Entropy: 0.6875, Epsilon: 0.616
2026-03-29 17:41:03 | INFO | Episode  156 - Reward: 16.000, Length: 16, Loss: 0.4806, Entropy: 0.6873, Epsilon: 0.614
2026-03-29 17:41:04 | INFO | Episode  157 - Reward: 10.000, Length: 10, Loss: 0.4641, Entropy: 0.6872, Epsilon: 0.611
2026-03-29 17:41:04 | INFO | Episode  158 - Reward: 19.000, Length: 19, Loss: 0.4548, Entropy: 0.6871, Epsilon: 0.609
2026-03-29 17:41:05 | INFO | Episode  159 - Reward: 14.000, Length: 14, Loss: 1.0056, Entropy: 0.6869, Epsilon: 0.606
2026-03-29 17:41:05 | INFO | Episode  160 - Reward: 9.000, Length: 9, Loss: 0.9869, Entropy: 0.6866, Epsilon: 0.604
2026-03-29 17:41:06 | INFO | Episode  161 - Reward: 10.000, Length: 10, Loss: 0.9627, Entropy: 0.6864, Epsilon: 0.602
2026-03-29 17:41:06 | INFO | Episode  162 - Reward: 11.000, Length: 11, Loss: 0.9436, Entropy: 0.6863, Epsilon: 0.599
2026-03-29 17:41:06 | INFO | Episode  163 - Reward: 10.000, Length: 10, Loss: 0.9112, Entropy: 0.6861, Epsilon: 0.597
2026-03-29 17:41:07 | INFO | Episode  164 - Reward: 11.000, Length: 11, Loss: 0.8932, Entropy: 0.6858, Epsilon: 0.594
2026-03-29 17:41:07 | INFO | Episode  165 - Reward: 10.000, Length: 10, Loss: 0.8648, Entropy: 0.6856, Epsilon: 0.592
2026-03-29 17:41:08 | INFO | Episode  166 - Reward: 17.000, Length: 17, Loss: 0.8313, Entropy: 0.6855, Epsilon: 0.589
2026-03-29 17:41:08 | INFO | Episode  167 - Reward: 22.000, Length: 22, Loss: 0.8095, Entropy: 0.6852, Epsilon: 0.587
2026-03-29 17:41:09 | INFO | Episode  168 - Reward: 17.000, Length: 17, Loss: 0.7952, Entropy: 0.6850, Epsilon: 0.584
2026-03-29 17:41:09 | INFO | Episode  169 - Reward: 16.000, Length: 16, Loss: 0.7590, Entropy: 0.6849, Epsilon: 0.582
2026-03-29 17:41:10 | INFO | Episode  170 - Reward: 11.000, Length: 11, Loss: 0.7493, Entropy: 0.6845, Epsilon: 0.579
2026-03-29 17:41:10 | INFO | Episode  171 - Reward: 21.000, Length: 21, Loss: 0.7183, Entropy: 0.6845, Epsilon: 0.577
2026-03-29 17:41:10 | INFO | Episode  172 - Reward: 25.000, Length: 25, Loss: 0.7016, Entropy: 0.6844, Epsilon: 0.574
2026-03-29 17:41:11 | INFO | Episode  173 - Reward: 10.000, Length: 10, Loss: 0.6789, Entropy: 0.6842, Epsilon: 0.572
2026-03-29 17:41:11 | INFO | Episode  174 - Reward: 11.000, Length: 11, Loss: 0.6528, Entropy: 0.6839, Epsilon: 0.569
2026-03-29 17:41:12 | INFO | Episode  175 - Reward: 18.000, Length: 18, Loss: 0.6402, Entropy: 0.6837, Epsilon: 0.567
2026-03-29 17:41:12 | INFO | Episode  176 - Reward: 10.000, Length: 10, Loss: 0.6147, Entropy: 0.6835, Epsilon: 0.564
2026-03-29 17:41:13 | INFO | Episode  177 - Reward: 30.000, Length: 30, Loss: 0.6159, Entropy: 0.6836, Epsilon: 0.562
2026-03-29 17:41:13 | INFO | Episode  178 - Reward: 12.000, Length: 12, Loss: 0.5819, Entropy: 0.6833, Epsilon: 0.559
2026-03-29 17:41:13 | INFO | Episode  179 - Reward: 34.000, Length: 34, Loss: 0.5608, Entropy: 0.6830, Epsilon: 0.557
2026-03-29 17:41:14 | INFO | Episode  180 - Reward: 11.000, Length: 11, Loss: 0.5503, Entropy: 0.6828, Epsilon: 0.554
2026-03-29 17:41:14 | INFO | Episode  181 - Reward: 19.000, Length: 19, Loss: 0.5438, Entropy: 0.6829, Epsilon: 0.552
2026-03-29 17:41:15 | INFO | Episode  182 - Reward: 12.000, Length: 12, Loss: 0.5150, Entropy: 0.6829, Epsilon: 0.550
2026-03-29 17:41:15 | INFO | Episode  183 - Reward: 8.000, Length: 8, Loss: 0.5076, Entropy: 0.6828, Epsilon: 0.547
2026-03-29 17:41:16 | INFO | Episode  184 - Reward: 27.000, Length: 27, Loss: 0.5026, Entropy: 0.6824, Epsilon: 0.545
2026-03-29 17:41:16 | INFO | Episode  185 - Reward: 13.000, Length: 13, Loss: 0.4706, Entropy: 0.6824, Epsilon: 0.542
2026-03-29 17:41:17 | INFO | Episode  186 - Reward: 11.000, Length: 11, Loss: 0.4620, Entropy: 0.6822, Epsilon: 0.540
2026-03-29 17:41:17 | INFO | Episode  187 - Reward: 10.000, Length: 10, Loss: 0.4534, Entropy: 0.6822, Epsilon: 0.537
2026-03-29 17:41:18 | INFO | Episode  188 - Reward: 25.000, Length: 25, Loss: 0.4322, Entropy: 0.6820, Epsilon: 0.535
2026-03-29 17:41:18 | INFO | Episode  189 - Reward: 13.000, Length: 13, Loss: 0.4281, Entropy: 0.6818, Epsilon: 0.532
2026-03-29 17:41:19 | INFO | Episode  190 - Reward: 12.000, Length: 12, Loss: 0.4105, Entropy: 0.6818, Epsilon: 0.530
2026-03-29 17:41:19 | INFO | Episode  191 - Reward: 14.000, Length: 14, Loss: 1.0994, Entropy: 0.6815, Epsilon: 0.527
2026-03-29 17:41:19 | INFO | Episode  192 - Reward: 15.000, Length: 15, Loss: 1.0699, Entropy: 0.6813, Epsilon: 0.525
2026-03-29 17:41:20 | INFO | Episode  193 - Reward: 13.000, Length: 13, Loss: 1.0171, Entropy: 0.6810, Epsilon: 0.522
2026-03-29 17:41:20 | INFO | Episode  194 - Reward: 13.000, Length: 13, Loss: 0.9788, Entropy: 0.6807, Epsilon: 0.520
2026-03-29 17:41:21 | INFO | Episode  195 - Reward: 14.000, Length: 14, Loss: 0.9516, Entropy: 0.6803, Epsilon: 0.517
2026-03-29 17:41:21 | INFO | Episode  196 - Reward: 11.000, Length: 11, Loss: 0.9209, Entropy: 0.6799, Epsilon: 0.515
2026-03-29 17:41:22 | INFO | Episode  197 - Reward: 15.000, Length: 15, Loss: 0.8774, Entropy: 0.6797, Epsilon: 0.512
2026-03-29 17:41:22 | INFO | Episode  198 - Reward: 23.000, Length: 23, Loss: 0.8405, Entropy: 0.6794, Epsilon: 0.510
2026-03-29 17:41:23 | INFO | Episode  199 - Reward: 9.000, Length: 9, Loss: 0.8383, Entropy: 0.6790, Epsilon: 0.507
2026-03-29 17:41:23 | INFO | Episode  200 - Reward: 12.000, Length: 12, Loss: 0.7933, Entropy: 0.6789, Epsilon: 0.505
2026-03-29 17:41:23 | INFO | [Episode  200] eps=0.505  avg_reward=  14.980  avg_length= 14.98  avg_loss=  0.6990  avg_entropy=0.6789  eval_success=0.000
2026-03-29 17:41:24 | INFO | Episode  201 - Reward: 13.000, Length: 13, Loss: 0.7641, Entropy: 0.6785, Epsilon: 0.503
2026-03-29 17:41:24 | INFO | Episode  202 - Reward: 12.000, Length: 12, Loss: 0.7281, Entropy: 0.6781, Epsilon: 0.500
2026-03-29 17:41:25 | INFO | Episode  203 - Reward: 21.000, Length: 21, Loss: 0.7281, Entropy: 0.6775, Epsilon: 0.498
2026-03-29 17:41:26 | INFO | Episode  204 - Reward: 15.000, Length: 15, Loss: 0.6738, Entropy: 0.6776, Epsilon: 0.495
2026-03-29 17:41:26 | INFO | Episode  205 - Reward: 16.000, Length: 16, Loss: 0.6626, Entropy: 0.6772, Epsilon: 0.493
2026-03-29 17:41:27 | INFO | Episode  206 - Reward: 9.000, Length: 9, Loss: 0.6739, Entropy: 0.6769, Epsilon: 0.490
2026-03-29 17:41:28 | INFO | Episode  207 - Reward: 10.000, Length: 10, Loss: 0.6153, Entropy: 0.6766, Epsilon: 0.488
2026-03-29 17:41:28 | INFO | Episode  208 - Reward: 11.000, Length: 11, Loss: 0.6152, Entropy: 0.6764, Epsilon: 0.485
2026-03-29 17:41:29 | INFO | Episode  209 - Reward: 9.000, Length: 9, Loss: 0.5836, Entropy: 0.6762, Epsilon: 0.483
2026-03-29 17:41:30 | INFO | Episode  210 - Reward: 10.000, Length: 10, Loss: 0.5540, Entropy: 0.6760, Epsilon: 0.480
2026-03-29 17:41:30 | INFO | Episode  211 - Reward: 9.000, Length: 9, Loss: 0.5394, Entropy: 0.6758, Epsilon: 0.478
2026-03-29 17:41:31 | INFO | Episode  212 - Reward: 10.000, Length: 10, Loss: 0.5838, Entropy: 0.6758, Epsilon: 0.475
2026-03-29 17:41:32 | INFO | Episode  213 - Reward: 14.000, Length: 14, Loss: 0.5217, Entropy: 0.6756, Epsilon: 0.473
2026-03-29 17:41:32 | INFO | Episode  214 - Reward: 17.000, Length: 17, Loss: 0.5215, Entropy: 0.6753, Epsilon: 0.470
2026-03-29 17:41:33 | INFO | Episode  215 - Reward: 11.000, Length: 11, Loss: 0.4845, Entropy: 0.6751, Epsilon: 0.468
2026-03-29 17:41:33 | INFO | Episode  216 - Reward: 18.000, Length: 18, Loss: 0.5185, Entropy: 0.6751, Epsilon: 0.465
2026-03-29 17:41:34 | INFO | Episode  217 - Reward: 15.000, Length: 15, Loss: 0.4944, Entropy: 0.6749, Epsilon: 0.463
2026-03-29 17:41:35 | INFO | Episode  218 - Reward: 17.000, Length: 17, Loss: 0.4247, Entropy: 0.6751, Epsilon: 0.460
2026-03-29 17:41:35 | INFO | Episode  219 - Reward: 16.000, Length: 16, Loss: 0.4329, Entropy: 0.6753, Epsilon: 0.458
2026-03-29 17:41:36 | INFO | Episode  220 - Reward: 12.000, Length: 12, Loss: 0.4268, Entropy: 0.6750, Epsilon: 0.456
2026-03-29 17:41:37 | INFO | Episode  221 - Reward: 9.000, Length: 9, Loss: 0.4553, Entropy: 0.6752, Epsilon: 0.453
2026-03-29 17:41:37 | INFO | Episode  222 - Reward: 14.000, Length: 14, Loss: 0.4338, Entropy: 0.6751, Epsilon: 0.451
2026-03-29 17:41:38 | INFO | Episode  223 - Reward: 16.000, Length: 16, Loss: 0.4709, Entropy: 0.6752, Epsilon: 0.448
2026-03-29 17:41:39 | INFO | Episode  224 - Reward: 12.000, Length: 12, Loss: 0.3949, Entropy: 0.6752, Epsilon: 0.446
2026-03-29 17:41:39 | INFO | Episode  225 - Reward: 18.000, Length: 18, Loss: 0.3806, Entropy: 0.6755, Epsilon: 0.443
2026-03-29 17:41:40 | INFO | Episode  226 - Reward: 11.000, Length: 11, Loss: 0.4054, Entropy: 0.6753, Epsilon: 0.441
2026-03-29 17:41:40 | INFO | Episode  227 - Reward: 12.000, Length: 12, Loss: 0.3936, Entropy: 0.6752, Epsilon: 0.438
2026-03-29 17:41:41 | INFO | Episode  228 - Reward: 8.000, Length: 8, Loss: 1.2097, Entropy: 0.6750, Epsilon: 0.436
2026-03-29 17:41:42 | INFO | Episode  229 - Reward: 30.000, Length: 30, Loss: 1.1889, Entropy: 0.6740, Epsilon: 0.433
2026-03-29 17:41:42 | INFO | Episode  230 - Reward: 17.000, Length: 17, Loss: 1.1606, Entropy: 0.6739, Epsilon: 0.431
2026-03-29 17:41:43 | INFO | Episode  231 - Reward: 11.000, Length: 11, Loss: 1.1210, Entropy: 0.6733, Epsilon: 0.428
2026-03-29 17:41:43 | INFO | Episode  232 - Reward: 11.000, Length: 11, Loss: 1.0465, Entropy: 0.6721, Epsilon: 0.426
2026-03-29 17:41:44 | INFO | Episode  233 - Reward: 18.000, Length: 18, Loss: 0.9786, Entropy: 0.6722, Epsilon: 0.423
2026-03-29 17:41:45 | INFO | Episode  234 - Reward: 10.000, Length: 10, Loss: 0.9675, Entropy: 0.6712, Epsilon: 0.421
2026-03-29 17:41:45 | INFO | Episode  235 - Reward: 10.000, Length: 10, Loss: 0.9367, Entropy: 0.6707, Epsilon: 0.418
2026-03-29 17:41:46 | INFO | Episode  236 - Reward: 11.000, Length: 11, Loss: 0.8551, Entropy: 0.6700, Epsilon: 0.416
2026-03-29 17:41:47 | INFO | Episode  237 - Reward: 13.000, Length: 13, Loss: 0.9246, Entropy: 0.6697, Epsilon: 0.413
2026-03-29 17:41:47 | INFO | Episode  238 - Reward: 15.000, Length: 15, Loss: 0.8377, Entropy: 0.6695, Epsilon: 0.411
2026-03-29 17:41:48 | INFO | Episode  239 - Reward: 12.000, Length: 12, Loss: 0.8406, Entropy: 0.6694, Epsilon: 0.408
2026-03-29 17:41:49 | INFO | Episode  240 - Reward: 12.000, Length: 12, Loss: 0.7971, Entropy: 0.6690, Epsilon: 0.406
2026-03-29 17:41:49 | INFO | Episode  241 - Reward: 17.000, Length: 17, Loss: 0.8280, Entropy: 0.6684, Epsilon: 0.404
2026-03-29 17:41:50 | INFO | Episode  242 - Reward: 16.000, Length: 16, Loss: 0.7572, Entropy: 0.6685, Epsilon: 0.401
2026-03-29 17:41:51 | INFO | Episode  243 - Reward: 17.000, Length: 17, Loss: 0.7743, Entropy: 0.6678, Epsilon: 0.399
2026-03-29 17:41:51 | INFO | Episode  244 - Reward: 10.000, Length: 10, Loss: 0.6855, Entropy: 0.6680, Epsilon: 0.396
2026-03-29 17:41:52 | INFO | Episode  245 - Reward: 11.000, Length: 11, Loss: 0.6984, Entropy: 0.6679, Epsilon: 0.394
2026-03-29 17:41:53 | INFO | Episode  246 - Reward: 11.000, Length: 11, Loss: 0.6632, Entropy: 0.6678, Epsilon: 0.391
2026-03-29 17:41:53 | INFO | Episode  247 - Reward: 13.000, Length: 13, Loss: 0.6941, Entropy: 0.6674, Epsilon: 0.389
2026-03-29 17:41:54 | INFO | Episode  248 - Reward: 11.000, Length: 11, Loss: 0.6876, Entropy: 0.6670, Epsilon: 0.386
2026-03-29 17:41:55 | INFO | Episode  249 - Reward: 9.000, Length: 9, Loss: 0.7124, Entropy: 0.6676, Epsilon: 0.384
2026-03-29 17:41:55 | INFO | Episode  250 - Reward: 11.000, Length: 11, Loss: 0.5862, Entropy: 0.6677, Epsilon: 0.381
2026-03-29 17:41:56 | INFO | [Episode  250] eps=0.381  avg_reward=  13.220  avg_length= 13.22  avg_loss=  0.6887  avg_entropy=0.6677  eval_success=0.000
2026-03-29 17:41:56 | INFO | Episode  251 - Reward: 11.000, Length: 11, Loss: 0.6964, Entropy: 0.6674, Epsilon: 0.379
2026-03-29 17:41:57 | INFO | Episode  252 - Reward: 13.000, Length: 13, Loss: 0.7121, Entropy: 0.6676, Epsilon: 0.376
2026-03-29 17:41:58 | INFO | Episode  253 - Reward: 11.000, Length: 11, Loss: 0.6536, Entropy: 0.6683, Epsilon: 0.374
2026-03-29 17:41:58 | INFO | Episode  254 - Reward: 10.000, Length: 10, Loss: 0.5938, Entropy: 0.6690, Epsilon: 0.371
2026-03-29 17:41:59 | INFO | Episode  255 - Reward: 25.000, Length: 25, Loss: 0.6736, Entropy: 0.6687, Epsilon: 0.369
2026-03-29 17:42:00 | INFO | Episode  256 - Reward: 11.000, Length: 11, Loss: 0.6650, Entropy: 0.6690, Epsilon: 0.366
2026-03-29 17:42:00 | INFO | Episode  257 - Reward: 9.000, Length: 9, Loss: 0.6722, Entropy: 0.6694, Epsilon: 0.364
2026-03-29 17:42:01 | INFO | Episode  258 - Reward: 10.000, Length: 10, Loss: 0.5767, Entropy: 0.6697, Epsilon: 0.361
2026-03-29 17:42:01 | INFO | Episode  259 - Reward: 10.000, Length: 10, Loss: 0.7442, Entropy: 0.6700, Epsilon: 0.359
2026-03-29 17:42:02 | INFO | Episode  260 - Reward: 9.000, Length: 9, Loss: 0.5777, Entropy: 0.6705, Epsilon: 0.357
2026-03-29 17:42:03 | INFO | Episode  261 - Reward: 11.000, Length: 11, Loss: 0.4882, Entropy: 0.6706, Epsilon: 0.354
2026-03-29 17:42:03 | INFO | Episode  262 - Reward: 8.000, Length: 8, Loss: 0.5891, Entropy: 0.6708, Epsilon: 0.352
2026-03-29 17:42:04 | INFO | Episode  263 - Reward: 8.000, Length: 8, Loss: 0.6881, Entropy: 0.6709, Epsilon: 0.349
2026-03-29 17:42:05 | INFO | Episode  264 - Reward: 10.000, Length: 10, Loss: 0.5376, Entropy: 0.6711, Epsilon: 0.347
2026-03-29 17:42:05 | INFO | Episode  265 - Reward: 11.000, Length: 11, Loss: 0.6502, Entropy: 0.6718, Epsilon: 0.344
2026-03-29 17:42:06 | INFO | Episode  266 - Reward: 16.000, Length: 16, Loss: 0.4892, Entropy: 0.6718, Epsilon: 0.342
2026-03-29 17:42:07 | INFO | Episode  267 - Reward: 22.000, Length: 22, Loss: 0.5027, Entropy: 0.6723, Epsilon: 0.339
2026-03-29 17:42:07 | INFO | Episode  268 - Reward: 12.000, Length: 12, Loss: 1.4703, Entropy: 0.6714, Epsilon: 0.337
2026-03-29 17:42:08 | INFO | Episode  269 - Reward: 13.000, Length: 13, Loss: 1.4691, Entropy: 0.6702, Epsilon: 0.334
2026-03-29 17:42:08 | INFO | Episode  270 - Reward: 12.000, Length: 12, Loss: 1.3552, Entropy: 0.6691, Epsilon: 0.332
2026-03-29 17:42:09 | INFO | Episode  271 - Reward: 11.000, Length: 11, Loss: 1.3263, Entropy: 0.6685, Epsilon: 0.329
2026-03-29 17:42:10 | INFO | Episode  272 - Reward: 9.000, Length: 9, Loss: 1.2424, Entropy: 0.6675, Epsilon: 0.327
2026-03-29 17:42:10 | INFO | Episode  273 - Reward: 11.000, Length: 11, Loss: 1.2184, Entropy: 0.6665, Epsilon: 0.324
2026-03-29 17:42:11 | INFO | Episode  274 - Reward: 10.000, Length: 10, Loss: 1.1999, Entropy: 0.6663, Epsilon: 0.322
2026-03-29 17:42:12 | INFO | Episode  275 - Reward: 10.000, Length: 10, Loss: 1.0445, Entropy: 0.6654, Epsilon: 0.319
2026-03-29 17:42:12 | INFO | Episode  276 - Reward: 9.000, Length: 9, Loss: 1.1442, Entropy: 0.6647, Epsilon: 0.317
2026-03-29 17:42:13 | INFO | Episode  277 - Reward: 10.000, Length: 10, Loss: 1.0442, Entropy: 0.6649, Epsilon: 0.314
2026-03-29 17:42:14 | INFO | Episode  278 - Reward: 14.000, Length: 14, Loss: 1.0768, Entropy: 0.6644, Epsilon: 0.312
2026-03-29 17:42:14 | INFO | Episode  279 - Reward: 18.000, Length: 18, Loss: 0.9142, Entropy: 0.6642, Epsilon: 0.309
2026-03-29 17:42:15 | INFO | Episode  280 - Reward: 13.000, Length: 13, Loss: 0.9483, Entropy: 0.6639, Epsilon: 0.307
2026-03-29 17:42:15 | INFO | Episode  281 - Reward: 9.000, Length: 9, Loss: 1.1168, Entropy: 0.6640, Epsilon: 0.305
2026-03-29 17:42:16 | INFO | Episode  282 - Reward: 9.000, Length: 9, Loss: 1.0340, Entropy: 0.6638, Epsilon: 0.302
2026-03-29 17:42:17 | INFO | Episode  283 - Reward: 9.000, Length: 9, Loss: 1.0385, Entropy: 0.6644, Epsilon: 0.300
2026-03-29 17:42:17 | INFO | Episode  284 - Reward: 10.000, Length: 10, Loss: 0.8934, Entropy: 0.6649, Epsilon: 0.297
2026-03-29 17:42:17 | INFO | Episode  285 - Reward: 10.000, Length: 10, Loss: 1.0873, Entropy: 0.6650, Epsilon: 0.295
2026-03-29 17:42:18 | INFO | Episode  286 - Reward: 11.000, Length: 11, Loss: 1.1461, Entropy: 0.6659, Epsilon: 0.292
2026-03-29 17:42:18 | INFO | Episode  287 - Reward: 23.000, Length: 23, Loss: 0.9165, Entropy: 0.6661, Epsilon: 0.290
2026-03-29 17:42:19 | INFO | Episode  288 - Reward: 9.000, Length: 9, Loss: 0.9736, Entropy: 0.6661, Epsilon: 0.287
2026-03-29 17:42:19 | INFO | Episode  289 - Reward: 10.000, Length: 10, Loss: 1.0356, Entropy: 0.6664, Epsilon: 0.285
2026-03-29 17:42:20 | INFO | Episode  290 - Reward: 8.000, Length: 8, Loss: 0.9239, Entropy: 0.6671, Epsilon: 0.282
2026-03-29 17:42:20 | INFO | Episode  291 - Reward: 14.000, Length: 14, Loss: 0.9646, Entropy: 0.6676, Epsilon: 0.280
2026-03-29 17:42:21 | INFO | Episode  292 - Reward: 8.000, Length: 8, Loss: 0.8461, Entropy: 0.6677, Epsilon: 0.277
2026-03-29 17:42:21 | INFO | Episode  293 - Reward: 10.000, Length: 10, Loss: 0.9590, Entropy: 0.6680, Epsilon: 0.275
2026-03-29 17:42:21 | INFO | Episode  294 - Reward: 8.000, Length: 8, Loss: 0.9240, Entropy: 0.6685, Epsilon: 0.272
2026-03-29 17:42:22 | INFO | Episode  295 - Reward: 11.000, Length: 11, Loss: 0.9317, Entropy: 0.6688, Epsilon: 0.270
2026-03-29 17:42:22 | INFO | Episode  296 - Reward: 11.000, Length: 11, Loss: 0.7941, Entropy: 0.6694, Epsilon: 0.267
2026-03-29 17:42:23 | INFO | Episode  297 - Reward: 10.000, Length: 10, Loss: 0.9136, Entropy: 0.6695, Epsilon: 0.265
2026-03-29 17:42:23 | INFO | Episode  298 - Reward: 9.000, Length: 9, Loss: 0.8879, Entropy: 0.6698, Epsilon: 0.262
2026-03-29 17:42:24 | INFO | Episode  299 - Reward: 12.000, Length: 12, Loss: 0.9798, Entropy: 0.6699, Epsilon: 0.260
2026-03-29 17:42:24 | INFO | Episode  300 - Reward: 10.000, Length: 10, Loss: 0.7303, Entropy: 0.6705, Epsilon: 0.258
2026-03-29 17:42:25 | INFO | [Episode  300] eps=0.258  avg_reward=  11.360  avg_length= 11.36  avg_loss=  0.9012  avg_entropy=0.6705  eval_success=0.000
2026-03-29 17:42:25 | INFO | Episode  301 - Reward: 9.000, Length: 9, Loss: 0.9043, Entropy: 0.6705, Epsilon: 0.255
2026-03-29 17:42:26 | INFO | Episode  302 - Reward: 16.000, Length: 16, Loss: 0.8167, Entropy: 0.6706, Epsilon: 0.253
2026-03-29 17:42:26 | INFO | Episode  303 - Reward: 12.000, Length: 12, Loss: 0.7742, Entropy: 0.6706, Epsilon: 0.250
2026-03-29 17:42:27 | INFO | Episode  304 - Reward: 11.000, Length: 11, Loss: 0.9047, Entropy: 0.6710, Epsilon: 0.248
2026-03-29 17:42:27 | INFO | Episode  305 - Reward: 14.000, Length: 14, Loss: 0.7168, Entropy: 0.6714, Epsilon: 0.245
2026-03-29 17:42:28 | INFO | Episode  306 - Reward: 12.000, Length: 12, Loss: 0.7629, Entropy: 0.6715, Epsilon: 0.243
2026-03-29 17:42:28 | INFO | Episode  307 - Reward: 8.000, Length: 8, Loss: 0.8509, Entropy: 0.6719, Epsilon: 0.240
2026-03-29 17:42:29 | INFO | Episode  308 - Reward: 10.000, Length: 10, Loss: 0.9466, Entropy: 0.6721, Epsilon: 0.238
2026-03-29 17:42:29 | INFO | Episode  309 - Reward: 14.000, Length: 14, Loss: 0.8399, Entropy: 0.6727, Epsilon: 0.235
2026-03-29 17:42:29 | INFO | Episode  310 - Reward: 13.000, Length: 13, Loss: 0.8133, Entropy: 0.6732, Epsilon: 0.233
2026-03-29 17:42:30 | INFO | Episode  311 - Reward: 10.000, Length: 10, Loss: 0.7345, Entropy: 0.6735, Epsilon: 0.230
2026-03-29 17:42:30 | INFO | Episode  312 - Reward: 10.000, Length: 10, Loss: 1.6289, Entropy: 0.6725, Epsilon: 0.228
2026-03-29 17:42:31 | INFO | Episode  313 - Reward: 10.000, Length: 10, Loss: 1.4880, Entropy: 0.6715, Epsilon: 0.225
2026-03-29 17:42:31 | INFO | Episode  314 - Reward: 9.000, Length: 9, Loss: 1.3068, Entropy: 0.6699, Epsilon: 0.223
2026-03-29 17:42:32 | INFO | Episode  315 - Reward: 19.000, Length: 19, Loss: 1.5495, Entropy: 0.6686, Epsilon: 0.220
2026-03-29 17:42:32 | INFO | Episode  316 - Reward: 11.000, Length: 11, Loss: 1.5267, Entropy: 0.6684, Epsilon: 0.218
2026-03-29 17:42:33 | INFO | Episode  317 - Reward: 11.000, Length: 11, Loss: 1.5241, Entropy: 0.6674, Epsilon: 0.215
2026-03-29 17:42:33 | INFO | Episode  318 - Reward: 9.000, Length: 9, Loss: 1.3418, Entropy: 0.6664, Epsilon: 0.213
2026-03-29 17:42:33 | INFO | Episode  319 - Reward: 10.000, Length: 10, Loss: 1.2713, Entropy: 0.6655, Epsilon: 0.210
2026-03-29 17:42:34 | INFO | Episode  320 - Reward: 10.000, Length: 10, Loss: 1.2301, Entropy: 0.6649, Epsilon: 0.208
2026-03-29 17:42:34 | INFO | Episode  321 - Reward: 10.000, Length: 10, Loss: 1.4105, Entropy: 0.6651, Epsilon: 0.206
2026-03-29 17:42:35 | INFO | Episode  322 - Reward: 10.000, Length: 10, Loss: 1.2210, Entropy: 0.6649, Epsilon: 0.203
2026-03-29 17:42:35 | INFO | Episode  323 - Reward: 9.000, Length: 9, Loss: 1.1647, Entropy: 0.6649, Epsilon: 0.201
2026-03-29 17:42:36 | INFO | Episode  324 - Reward: 11.000, Length: 11, Loss: 1.1678, Entropy: 0.6649, Epsilon: 0.198
2026-03-29 17:42:36 | INFO | Episode  325 - Reward: 13.000, Length: 13, Loss: 1.2822, Entropy: 0.6650, Epsilon: 0.196
2026-03-29 17:42:37 | INFO | Episode  326 - Reward: 11.000, Length: 11, Loss: 1.2253, Entropy: 0.6646, Epsilon: 0.193
2026-03-29 17:42:37 | INFO | Episode  327 - Reward: 11.000, Length: 11, Loss: 1.1249, Entropy: 0.6645, Epsilon: 0.191
2026-03-29 17:42:38 | INFO | Episode  328 - Reward: 9.000, Length: 9, Loss: 1.1966, Entropy: 0.6648, Epsilon: 0.188
2026-03-29 17:42:38 | INFO | Episode  329 - Reward: 9.000, Length: 9, Loss: 1.1191, Entropy: 0.6657, Epsilon: 0.186
2026-03-29 17:42:38 | INFO | Episode  330 - Reward: 9.000, Length: 9, Loss: 1.6352, Entropy: 0.6667, Epsilon: 0.183
2026-03-29 17:42:39 | INFO | Episode  331 - Reward: 12.000, Length: 12, Loss: 1.1135, Entropy: 0.6674, Epsilon: 0.181
2026-03-29 17:42:39 | INFO | Episode  332 - Reward: 11.000, Length: 11, Loss: 1.4136, Entropy: 0.6682, Epsilon: 0.178
2026-03-29 17:42:40 | INFO | Episode  333 - Reward: 9.000, Length: 9, Loss: 1.2651, Entropy: 0.6690, Epsilon: 0.176
2026-03-29 17:42:40 | INFO | Episode  334 - Reward: 11.000, Length: 11, Loss: 1.1892, Entropy: 0.6695, Epsilon: 0.173
2026-03-29 17:42:41 | INFO | Episode  335 - Reward: 11.000, Length: 11, Loss: 1.3300, Entropy: 0.6700, Epsilon: 0.171
2026-03-29 17:42:41 | INFO | Episode  336 - Reward: 8.000, Length: 8, Loss: 1.2765, Entropy: 0.6705, Epsilon: 0.168
2026-03-29 17:42:42 | INFO | Episode  337 - Reward: 11.000, Length: 11, Loss: 0.9861, Entropy: 0.6704, Epsilon: 0.166
2026-03-29 17:42:42 | INFO | Episode  338 - Reward: 10.000, Length: 10, Loss: 1.3109, Entropy: 0.6707, Epsilon: 0.163
2026-03-29 17:42:43 | INFO | Episode  339 - Reward: 12.000, Length: 12, Loss: 1.1295, Entropy: 0.6713, Epsilon: 0.161
2026-03-29 17:42:43 | INFO | Episode  340 - Reward: 9.000, Length: 9, Loss: 1.1295, Entropy: 0.6720, Epsilon: 0.158
2026-03-29 17:42:43 | INFO | Episode  341 - Reward: 10.000, Length: 10, Loss: 1.1447, Entropy: 0.6726, Epsilon: 0.156
2026-03-29 17:42:44 | INFO | Episode  342 - Reward: 12.000, Length: 12, Loss: 1.0188, Entropy: 0.6728, Epsilon: 0.154
2026-03-29 17:42:44 | INFO | Episode  343 - Reward: 9.000, Length: 9, Loss: 1.2475, Entropy: 0.6735, Epsilon: 0.151
2026-03-29 17:42:45 | INFO | Episode  344 - Reward: 10.000, Length: 10, Loss: 0.9787, Entropy: 0.6738, Epsilon: 0.149
2026-03-29 17:42:45 | INFO | Episode  345 - Reward: 9.000, Length: 9, Loss: 1.3865, Entropy: 0.6745, Epsilon: 0.146
2026-03-29 17:42:46 | INFO | Episode  346 - Reward: 10.000, Length: 10, Loss: 1.1580, Entropy: 0.6749, Epsilon: 0.144
2026-03-29 17:42:46 | INFO | Episode  347 - Reward: 9.000, Length: 9, Loss: 1.1216, Entropy: 0.6749, Epsilon: 0.141
2026-03-29 17:42:47 | INFO | Episode  348 - Reward: 10.000, Length: 10, Loss: 1.2579, Entropy: 0.6751, Epsilon: 0.139
2026-03-29 17:42:47 | INFO | Episode  349 - Reward: 14.000, Length: 14, Loss: 1.0129, Entropy: 0.6751, Epsilon: 0.136
2026-03-29 17:42:47 | INFO | Episode  350 - Reward: 9.000, Length: 9, Loss: 0.9889, Entropy: 0.6754, Epsilon: 0.134
2026-03-29 17:42:48 | INFO | [Episode  350] eps=0.134  avg_reward=  10.720  avg_length= 10.72  avg_loss=  1.1588  avg_entropy=0.6754  eval_success=0.000
2026-03-29 17:42:48 | INFO | Episode  351 - Reward: 11.000, Length: 11, Loss: 0.9737, Entropy: 0.6753, Epsilon: 0.131
2026-03-29 17:42:49 | INFO | Episode  352 - Reward: 13.000, Length: 13, Loss: 1.1491, Entropy: 0.6758, Epsilon: 0.129
2026-03-29 17:42:49 | INFO | Episode  353 - Reward: 10.000, Length: 10, Loss: 1.0372, Entropy: 0.6760, Epsilon: 0.126
2026-03-29 17:42:50 | INFO | Episode  354 - Reward: 9.000, Length: 9, Loss: 1.0918, Entropy: 0.6758, Epsilon: 0.124
2026-03-29 17:42:50 | INFO | Episode  355 - Reward: 8.000, Length: 8, Loss: 1.1186, Entropy: 0.6762, Epsilon: 0.121
2026-03-29 17:42:50 | INFO | Episode  356 - Reward: 9.000, Length: 9, Loss: 1.1624, Entropy: 0.6767, Epsilon: 0.119
2026-03-29 17:42:51 | INFO | Episode  357 - Reward: 10.000, Length: 10, Loss: 1.0809, Entropy: 0.6767, Epsilon: 0.116
2026-03-29 17:42:51 | INFO | Episode  358 - Reward: 9.000, Length: 9, Loss: 1.2282, Entropy: 0.6769, Epsilon: 0.114
2026-03-29 17:42:52 | INFO | Episode  359 - Reward: 9.000, Length: 9, Loss: 1.0557, Entropy: 0.6773, Epsilon: 0.111
2026-03-29 17:42:52 | INFO | Episode  360 - Reward: 10.000, Length: 10, Loss: 1.1943, Entropy: 0.6774, Epsilon: 0.109
2026-03-29 17:42:53 | INFO | Episode  361 - Reward: 13.000, Length: 13, Loss: 1.6788, Entropy: 0.6768, Epsilon: 0.107
2026-03-29 17:42:53 | INFO | Episode  362 - Reward: 9.000, Length: 9, Loss: 1.7187, Entropy: 0.6759, Epsilon: 0.104
2026-03-29 17:42:54 | INFO | Episode  363 - Reward: 10.000, Length: 10, Loss: 1.7652, Entropy: 0.6749, Epsilon: 0.102
2026-03-29 17:42:54 | INFO | Episode  364 - Reward: 9.000, Length: 9, Loss: 1.6873, Entropy: 0.6742, Epsilon: 0.099
2026-03-29 17:42:54 | INFO | Episode  365 - Reward: 10.000, Length: 10, Loss: 1.7687, Entropy: 0.6743, Epsilon: 0.097
2026-03-29 17:42:55 | INFO | Episode  366 - Reward: 10.000, Length: 10, Loss: 1.8768, Entropy: 0.6743, Epsilon: 0.094
2026-03-29 17:42:55 | INFO | Episode  367 - Reward: 11.000, Length: 11, Loss: 1.4792, Entropy: 0.6743, Epsilon: 0.092
2026-03-29 17:42:56 | INFO | Episode  368 - Reward: 10.000, Length: 10, Loss: 1.5348, Entropy: 0.6740, Epsilon: 0.089
2026-03-29 17:42:56 | INFO | Episode  369 - Reward: 11.000, Length: 11, Loss: 1.5364, Entropy: 0.6736, Epsilon: 0.087
2026-03-29 17:42:57 | INFO | Episode  370 - Reward: 10.000, Length: 10, Loss: 1.5613, Entropy: 0.6734, Epsilon: 0.084
2026-03-29 17:42:57 | INFO | Episode  371 - Reward: 10.000, Length: 10, Loss: 1.4275, Entropy: 0.6739, Epsilon: 0.082
2026-03-29 17:42:58 | INFO | Episode  372 - Reward: 10.000, Length: 10, Loss: 1.3906, Entropy: 0.6739, Epsilon: 0.079
2026-03-29 17:42:58 | INFO | Episode  373 - Reward: 8.000, Length: 8, Loss: 1.4598, Entropy: 0.6743, Epsilon: 0.077
2026-03-29 17:42:59 | INFO | Episode  374 - Reward: 10.000, Length: 10, Loss: 1.3925, Entropy: 0.6747, Epsilon: 0.074
2026-03-29 17:42:59 | INFO | Episode  375 - Reward: 8.000, Length: 8, Loss: 1.3718, Entropy: 0.6748, Epsilon: 0.072
2026-03-29 17:43:00 | INFO | Episode  376 - Reward: 9.000, Length: 9, Loss: 1.3983, Entropy: 0.6755, Epsilon: 0.069
2026-03-29 17:43:01 | INFO | Episode  377 - Reward: 9.000, Length: 9, Loss: 1.2011, Entropy: 0.6756, Epsilon: 0.067
2026-03-29 17:43:01 | INFO | Episode  378 - Reward: 12.000, Length: 12, Loss: 1.5804, Entropy: 0.6760, Epsilon: 0.064
2026-03-29 17:43:02 | INFO | Episode  379 - Reward: 9.000, Length: 9, Loss: 1.5723, Entropy: 0.6770, Epsilon: 0.062
2026-03-29 17:43:02 | INFO | Episode  380 - Reward: 9.000, Length: 9, Loss: 1.8102, Entropy: 0.6780, Epsilon: 0.059
2026-03-29 17:43:02 | INFO | Episode  381 - Reward: 9.000, Length: 9, Loss: 1.4878, Entropy: 0.6781, Epsilon: 0.057
2026-03-29 17:43:03 | INFO | Episode  382 - Reward: 10.000, Length: 10, Loss: 1.7561, Entropy: 0.6788, Epsilon: 0.055
2026-03-29 17:43:03 | INFO | Episode  383 - Reward: 9.000, Length: 9, Loss: 1.6860, Entropy: 0.6792, Epsilon: 0.052
2026-03-29 17:43:04 | INFO | Episode  384 - Reward: 9.000, Length: 9, Loss: 1.2801, Entropy: 0.6791, Epsilon: 0.050
2026-03-29 17:43:04 | INFO | Episode  385 - Reward: 10.000, Length: 10, Loss: 1.1695, Entropy: 0.6790, Epsilon: 0.047
2026-03-29 17:43:05 | INFO | Episode  386 - Reward: 10.000, Length: 10, Loss: 1.3180, Entropy: 0.6795, Epsilon: 0.045
2026-03-29 17:43:05 | INFO | Episode  387 - Reward: 8.000, Length: 8, Loss: 1.3339, Entropy: 0.6794, Epsilon: 0.042
2026-03-29 17:43:06 | INFO | Episode  388 - Reward: 9.000, Length: 9, Loss: 1.2231, Entropy: 0.6795, Epsilon: 0.040
2026-03-29 17:43:06 | INFO | Episode  389 - Reward: 9.000, Length: 9, Loss: 1.3929, Entropy: 0.6801, Epsilon: 0.037
2026-03-29 17:43:07 | INFO | Episode  390 - Reward: 10.000, Length: 10, Loss: 1.3121, Entropy: 0.6805, Epsilon: 0.035
2026-03-29 17:43:07 | INFO | Episode  391 - Reward: 9.000, Length: 9, Loss: 1.3520, Entropy: 0.6807, Epsilon: 0.032
2026-03-29 17:43:08 | INFO | Episode  392 - Reward: 10.000, Length: 10, Loss: 1.2642, Entropy: 0.6813, Epsilon: 0.030
2026-03-29 17:43:08 | INFO | Episode  393 - Reward: 10.000, Length: 10, Loss: 1.3004, Entropy: 0.6811, Epsilon: 0.027
2026-03-29 17:43:08 | INFO | Episode  394 - Reward: 9.000, Length: 9, Loss: 1.2429, Entropy: 0.6810, Epsilon: 0.025
2026-03-29 17:43:09 | INFO | Episode  395 - Reward: 9.000, Length: 9, Loss: 1.2175, Entropy: 0.6811, Epsilon: 0.022
2026-03-29 17:43:09 | INFO | Episode  396 - Reward: 11.000, Length: 11, Loss: 1.2284, Entropy: 0.6812, Epsilon: 0.020
2026-03-29 17:43:10 | INFO | Episode  397 - Reward: 9.000, Length: 9, Loss: 1.3758, Entropy: 0.6813, Epsilon: 0.017
2026-03-29 17:43:10 | INFO | Episode  398 - Reward: 10.000, Length: 10, Loss: 1.0744, Entropy: 0.6818, Epsilon: 0.015
2026-03-29 17:43:11 | INFO | Episode  399 - Reward: 10.000, Length: 10, Loss: 1.2220, Entropy: 0.6821, Epsilon: 0.012
2026-03-29 17:43:11 | INFO | Episode  400 - Reward: 10.000, Length: 10, Loss: 1.5449, Entropy: 0.6829, Epsilon: 0.010
2026-03-29 17:43:12 | INFO | [Episode  400] eps=0.010  avg_reward=   9.700  avg_length=  9.70  avg_loss=  1.3817  avg_entropy=0.6829  eval_success=0.000
2026-03-29 17:43:12 | INFO | Episode  401 - Reward: 10.000, Length: 10, Loss: 1.2485, Entropy: 0.6831, Epsilon: 0.010
2026-03-29 17:43:12 | INFO | Episode  402 - Reward: 10.000, Length: 10, Loss: 1.0143, Entropy: 0.6825, Epsilon: 0.010
2026-03-29 17:43:13 | INFO | Episode  403 - Reward: 10.000, Length: 10, Loss: 1.0722, Entropy: 0.6825, Epsilon: 0.010
2026-03-29 17:43:13 | INFO | Episode  404 - Reward: 9.000, Length: 9, Loss: 1.2673, Entropy: 0.6828, Epsilon: 0.010
2026-03-29 17:43:14 | INFO | Episode  405 - Reward: 9.000, Length: 9, Loss: 1.4745, Entropy: 0.6833, Epsilon: 0.010
2026-03-29 17:43:14 | INFO | Episode  406 - Reward: 10.000, Length: 10, Loss: 1.2091, Entropy: 0.6836, Epsilon: 0.010
2026-03-29 17:43:15 | INFO | Episode  407 - Reward: 9.000, Length: 9, Loss: 1.1925, Entropy: 0.6835, Epsilon: 0.010
2026-03-29 17:43:15 | INFO | Episode  408 - Reward: 9.000, Length: 9, Loss: 1.1982, Entropy: 0.6832, Epsilon: 0.010
2026-03-29 17:43:16 | INFO | Episode  409 - Reward: 10.000, Length: 10, Loss: 1.3507, Entropy: 0.6834, Epsilon: 0.010
2026-03-29 17:43:16 | INFO | Episode  410 - Reward: 10.000, Length: 10, Loss: 1.5151, Entropy: 0.6837, Epsilon: 0.010
2026-03-29 17:43:17 | INFO | Episode  411 - Reward: 10.000, Length: 10, Loss: 1.1846, Entropy: 0.6840, Epsilon: 0.010
2026-03-29 17:43:17 | INFO | Episode  412 - Reward: 10.000, Length: 10, Loss: 1.2975, Entropy: 0.6844, Epsilon: 0.010
2026-03-29 17:43:18 | INFO | Episode  413 - Reward: 9.000, Length: 9, Loss: 1.9346, Entropy: 0.6843, Epsilon: 0.010
2026-03-29 17:43:18 | INFO | Episode  414 - Reward: 9.000, Length: 9, Loss: 1.3933, Entropy: 0.6831, Epsilon: 0.010
2026-03-29 17:43:18 | INFO | Episode  415 - Reward: 8.000, Length: 8, Loss: 1.7514, Entropy: 0.6838, Epsilon: 0.010
2026-03-29 17:43:19 | INFO | Episode  416 - Reward: 9.000, Length: 9, Loss: 1.5324, Entropy: 0.6833, Epsilon: 0.010
2026-03-29 17:43:19 | INFO | Episode  417 - Reward: 10.000, Length: 10, Loss: 1.4648, Entropy: 0.6835, Epsilon: 0.010
2026-03-29 17:43:20 | INFO | Episode  418 - Reward: 10.000, Length: 10, Loss: 1.7440, Entropy: 0.6839, Epsilon: 0.010
2026-03-29 17:43:20 | INFO | Episode  419 - Reward: 8.000, Length: 8, Loss: 1.6972, Entropy: 0.6840, Epsilon: 0.010
2026-03-29 17:43:21 | INFO | Episode  420 - Reward: 10.000, Length: 10, Loss: 1.6174, Entropy: 0.6843, Epsilon: 0.010
2026-03-29 17:43:21 | INFO | Episode  421 - Reward: 8.000, Length: 8, Loss: 1.4585, Entropy: 0.6849, Epsilon: 0.010
2026-03-29 17:43:22 | INFO | Episode  422 - Reward: 10.000, Length: 10, Loss: 1.5140, Entropy: 0.6853, Epsilon: 0.010
2026-03-29 17:43:22 | INFO | Episode  423 - Reward: 9.000, Length: 9, Loss: 1.5576, Entropy: 0.6857, Epsilon: 0.010
2026-03-29 17:43:22 | INFO | Episode  424 - Reward: 9.000, Length: 9, Loss: 1.4742, Entropy: 0.6856, Epsilon: 0.010
2026-03-29 17:43:23 | INFO | Episode  425 - Reward: 10.000, Length: 10, Loss: 1.6273, Entropy: 0.6861, Epsilon: 0.010
2026-03-29 17:43:23 | INFO | Episode  426 - Reward: 9.000, Length: 9, Loss: 1.5152, Entropy: 0.6860, Epsilon: 0.010
2026-03-29 17:43:24 | INFO | Episode  427 - Reward: 10.000, Length: 10, Loss: 1.7392, Entropy: 0.6865, Epsilon: 0.010
2026-03-29 17:43:24 | INFO | Episode  428 - Reward: 9.000, Length: 9, Loss: 1.4951, Entropy: 0.6869, Epsilon: 0.010
2026-03-29 17:43:25 | INFO | Episode  429 - Reward: 10.000, Length: 10, Loss: 1.2079, Entropy: 0.6871, Epsilon: 0.010
2026-03-29 17:43:25 | INFO | Episode  430 - Reward: 9.000, Length: 9, Loss: 1.3609, Entropy: 0.6872, Epsilon: 0.010
2026-03-29 17:43:26 | INFO | Episode  431 - Reward: 8.000, Length: 8, Loss: 1.4655, Entropy: 0.6873, Epsilon: 0.010
2026-03-29 17:43:26 | INFO | Episode  432 - Reward: 10.000, Length: 10, Loss: 1.2004, Entropy: 0.6871, Epsilon: 0.010
2026-03-29 17:43:27 | INFO | Episode  433 - Reward: 8.000, Length: 8, Loss: 1.6389, Entropy: 0.6876, Epsilon: 0.010
2026-03-29 17:43:27 | INFO | Episode  434 - Reward: 8.000, Length: 8, Loss: 1.2542, Entropy: 0.6881, Epsilon: 0.010
2026-03-29 17:43:28 | INFO | Episode  435 - Reward: 9.000, Length: 9, Loss: 1.1530, Entropy: 0.6880, Epsilon: 0.010
2026-03-29 17:43:28 | INFO | Episode  436 - Reward: 9.000, Length: 9, Loss: 1.4798, Entropy: 0.6885, Epsilon: 0.010
2026-03-29 17:43:29 | INFO | Episode  437 - Reward: 10.000, Length: 10, Loss: 1.3982, Entropy: 0.6888, Epsilon: 0.010
2026-03-29 17:43:29 | INFO | Episode  438 - Reward: 8.000, Length: 8, Loss: 1.2860, Entropy: 0.6891, Epsilon: 0.010
2026-03-29 17:43:30 | INFO | Episode  439 - Reward: 9.000, Length: 9, Loss: 1.7148, Entropy: 0.6896, Epsilon: 0.010
2026-03-29 17:43:30 | INFO | Episode  440 - Reward: 9.000, Length: 9, Loss: 1.2156, Entropy: 0.6896, Epsilon: 0.010
2026-03-29 17:43:31 | INFO | Episode  441 - Reward: 9.000, Length: 9, Loss: 1.1371, Entropy: 0.6894, Epsilon: 0.010
2026-03-29 17:43:31 | INFO | Episode  442 - Reward: 8.000, Length: 8, Loss: 1.2369, Entropy: 0.6893, Epsilon: 0.010
2026-03-29 17:43:32 | INFO | Episode  443 - Reward: 11.000, Length: 11, Loss: 1.1813, Entropy: 0.6893, Epsilon: 0.010
2026-03-29 17:43:32 | INFO | Episode  444 - Reward: 8.000, Length: 8, Loss: 1.3789, Entropy: 0.6896, Epsilon: 0.010
2026-03-29 17:43:32 | INFO | Episode  445 - Reward: 10.000, Length: 10, Loss: 1.1969, Entropy: 0.6899, Epsilon: 0.010
2026-03-29 17:43:33 | INFO | Episode  446 - Reward: 9.000, Length: 9, Loss: 1.3020, Entropy: 0.6900, Epsilon: 0.010
2026-03-29 17:43:33 | INFO | Episode  447 - Reward: 10.000, Length: 10, Loss: 1.2573, Entropy: 0.6901, Epsilon: 0.010
2026-03-29 17:43:34 | INFO | Episode  448 - Reward: 9.000, Length: 9, Loss: 1.2922, Entropy: 0.6901, Epsilon: 0.010
2026-03-29 17:43:34 | INFO | Episode  449 - Reward: 10.000, Length: 10, Loss: 1.3460, Entropy: 0.6903, Epsilon: 0.010
2026-03-29 17:43:35 | INFO | Episode  450 - Reward: 9.000, Length: 9, Loss: 1.1743, Entropy: 0.6905, Epsilon: 0.010
2026-03-29 17:43:35 | INFO | [Episode  450] eps=0.010  avg_reward=   9.260  avg_length=  9.26  avg_loss=  1.3884  avg_entropy=0.6905  eval_success=0.000
2026-03-29 17:43:36 | INFO | Episode  451 - Reward: 8.000, Length: 8, Loss: 1.3040, Entropy: 0.6905, Epsilon: 0.010
2026-03-29 17:43:36 | INFO | Episode  452 - Reward: 10.000, Length: 10, Loss: 1.6404, Entropy: 0.6908, Epsilon: 0.010
2026-03-29 17:43:37 | INFO | Episode  453 - Reward: 10.000, Length: 10, Loss: 1.1924, Entropy: 0.6908, Epsilon: 0.010
2026-03-29 17:43:37 | INFO | Episode  454 - Reward: 11.000, Length: 11, Loss: 1.4278, Entropy: 0.6911, Epsilon: 0.010
2026-03-29 17:43:37 | INFO | Episode  455 - Reward: 10.000, Length: 10, Loss: 1.4365, Entropy: 0.6911, Epsilon: 0.010
2026-03-29 17:43:38 | INFO | Episode  456 - Reward: 9.000, Length: 9, Loss: 1.4596, Entropy: 0.6911, Epsilon: 0.010
2026-03-29 17:43:38 | INFO | Episode  457 - Reward: 11.000, Length: 11, Loss: 1.1029, Entropy: 0.6911, Epsilon: 0.010
2026-03-29 17:43:39 | INFO | Episode  458 - Reward: 11.000, Length: 11, Loss: 1.3995, Entropy: 0.6912, Epsilon: 0.010
2026-03-29 17:43:39 | INFO | Episode  459 - Reward: 11.000, Length: 11, Loss: 1.1318, Entropy: 0.6912, Epsilon: 0.010
2026-03-29 17:43:40 | INFO | Episode  460 - Reward: 11.000, Length: 11, Loss: 1.1895, Entropy: 0.6912, Epsilon: 0.010
2026-03-29 17:43:41 | INFO | Episode  461 - Reward: 9.000, Length: 9, Loss: 1.2516, Entropy: 0.6911, Epsilon: 0.010
2026-03-29 17:43:41 | INFO | Episode  462 - Reward: 11.000, Length: 11, Loss: 1.3116, Entropy: 0.6911, Epsilon: 0.010
2026-03-29 17:43:42 | INFO | Episode  463 - Reward: 11.000, Length: 11, Loss: 1.1616, Entropy: 0.6911, Epsilon: 0.010
2026-03-29 17:43:42 | INFO | Episode  464 - Reward: 9.000, Length: 9, Loss: 1.0905, Entropy: 0.6912, Epsilon: 0.010
2026-03-29 17:43:43 | INFO | Episode  465 - Reward: 10.000, Length: 10, Loss: 1.0740, Entropy: 0.6911, Epsilon: 0.010
2026-03-29 17:43:43 | INFO | Episode  466 - Reward: 12.000, Length: 12, Loss: 1.5445, Entropy: 0.6911, Epsilon: 0.010
2026-03-29 17:43:44 | INFO | Episode  467 - Reward: 9.000, Length: 9, Loss: 1.7097, Entropy: 0.6913, Epsilon: 0.010
2026-03-29 17:43:44 | INFO | Episode  468 - Reward: 10.000, Length: 10, Loss: 1.5025, Entropy: 0.6911, Epsilon: 0.010
2026-03-29 17:43:45 | INFO | Episode  469 - Reward: 9.000, Length: 9, Loss: 1.5494, Entropy: 0.6911, Epsilon: 0.010
2026-03-29 17:43:45 | INFO | Episode  470 - Reward: 10.000, Length: 10, Loss: 1.6194, Entropy: 0.6910, Epsilon: 0.010
2026-03-29 17:43:45 | INFO | Episode  471 - Reward: 12.000, Length: 12, Loss: 1.4467, Entropy: 0.6912, Epsilon: 0.010
2026-03-29 17:43:46 | INFO | Episode  472 - Reward: 10.000, Length: 10, Loss: 1.2900, Entropy: 0.6912, Epsilon: 0.010
2026-03-29 17:43:46 | INFO | Episode  473 - Reward: 11.000, Length: 11, Loss: 1.6959, Entropy: 0.6913, Epsilon: 0.010
2026-03-29 17:43:47 | INFO | Episode  474 - Reward: 9.000, Length: 9, Loss: 1.3559, Entropy: 0.6914, Epsilon: 0.010
2026-03-29 17:43:47 | INFO | Episode  475 - Reward: 10.000, Length: 10, Loss: 1.4189, Entropy: 0.6915, Epsilon: 0.010
2026-03-29 17:43:48 | INFO | Episode  476 - Reward: 11.000, Length: 11, Loss: 1.6733, Entropy: 0.6916, Epsilon: 0.010
2026-03-29 17:43:48 | INFO | Episode  477 - Reward: 11.000, Length: 11, Loss: 1.5420, Entropy: 0.6917, Epsilon: 0.010
2026-03-29 17:43:49 | INFO | Episode  478 - Reward: 12.000, Length: 12, Loss: 1.5967, Entropy: 0.6918, Epsilon: 0.010
2026-03-29 17:43:49 | INFO | Episode  479 - Reward: 11.000, Length: 11, Loss: 1.4576, Entropy: 0.6919, Epsilon: 0.010
2026-03-29 17:43:50 | INFO | Episode  480 - Reward: 12.000, Length: 12, Loss: 1.2515, Entropy: 0.6920, Epsilon: 0.010
2026-03-29 17:43:50 | INFO | Episode  481 - Reward: 13.000, Length: 13, Loss: 1.4134, Entropy: 0.6919, Epsilon: 0.010
2026-03-29 17:43:51 | INFO | Episode  482 - Reward: 12.000, Length: 12, Loss: 1.4549, Entropy: 0.6920, Epsilon: 0.010
2026-03-29 17:43:51 | INFO | Episode  483 - Reward: 15.000, Length: 15, Loss: 1.2568, Entropy: 0.6920, Epsilon: 0.010
2026-03-29 17:43:52 | INFO | Episode  484 - Reward: 15.000, Length: 15, Loss: 1.3418, Entropy: 0.6920, Epsilon: 0.010
2026-03-29 17:43:52 | INFO | Episode  485 - Reward: 14.000, Length: 14, Loss: 1.3764, Entropy: 0.6920, Epsilon: 0.010
2026-03-29 17:43:53 | INFO | Episode  486 - Reward: 15.000, Length: 15, Loss: 1.1828, Entropy: 0.6920, Epsilon: 0.010
2026-03-29 17:43:53 | INFO | Episode  487 - Reward: 10.000, Length: 10, Loss: 1.6696, Entropy: 0.6920, Epsilon: 0.010
2026-03-29 17:43:53 | INFO | Episode  488 - Reward: 11.000, Length: 11, Loss: 1.5328, Entropy: 0.6920, Epsilon: 0.010
2026-03-29 17:43:54 | INFO | Episode  489 - Reward: 14.000, Length: 14, Loss: 1.4534, Entropy: 0.6921, Epsilon: 0.010
2026-03-29 17:43:54 | INFO | Episode  490 - Reward: 17.000, Length: 17, Loss: 1.4468, Entropy: 0.6921, Epsilon: 0.010
2026-03-29 17:43:55 | INFO | Episode  491 - Reward: 16.000, Length: 16, Loss: 1.2768, Entropy: 0.6920, Epsilon: 0.010
2026-03-29 17:43:55 | INFO | Episode  492 - Reward: 14.000, Length: 14, Loss: 1.5252, Entropy: 0.6920, Epsilon: 0.010
2026-03-29 17:43:56 | INFO | Episode  493 - Reward: 16.000, Length: 16, Loss: 1.4201, Entropy: 0.6920, Epsilon: 0.010
2026-03-29 17:43:56 | INFO | Episode  494 - Reward: 14.000, Length: 14, Loss: 1.1668, Entropy: 0.6920, Epsilon: 0.010
2026-03-29 17:43:57 | INFO | Episode  495 - Reward: 15.000, Length: 15, Loss: 1.1467, Entropy: 0.6921, Epsilon: 0.010
2026-03-29 17:43:57 | INFO | Episode  496 - Reward: 14.000, Length: 14, Loss: 1.4862, Entropy: 0.6920, Epsilon: 0.010
2026-03-29 17:43:58 | INFO | Episode  497 - Reward: 14.000, Length: 14, Loss: 1.2145, Entropy: 0.6920, Epsilon: 0.010
2026-03-29 17:43:58 | INFO | Episode  498 - Reward: 13.000, Length: 13, Loss: 1.1949, Entropy: 0.6920, Epsilon: 0.010
2026-03-29 17:43:59 | INFO | Episode  499 - Reward: 19.000, Length: 19, Loss: 1.1432, Entropy: 0.6920, Epsilon: 0.010
2026-03-29 17:43:59 | INFO | Episode  500 - Reward: 13.000, Length: 13, Loss: 1.3955, Entropy: 0.6919, Epsilon: 0.010
2026-03-29 17:44:00 | INFO | [Episode  500] eps=0.010  avg_reward=  11.900  avg_length= 11.90  avg_loss=  1.3785  avg_entropy=0.6919  eval_success=0.000
2026-03-29 17:44:00 | INFO | DQN+Entropy training: 4m 10.35s
2026-03-29 17:44:03 | INFO | [Final Eval] success=0.000, mean_reward=19.270
