2026-03-29 17:17:43 | INFO | ============================================================
2026-03-29 17:17:43 | INFO | DEVICE / COMPUTE INFORMATION
2026-03-29 17:17:43 | INFO |   JAX backend       : CPU
2026-03-29 17:17:43 | INFO |   Platform          : cpu
2026-03-29 17:17:43 | INFO |   Num devices       : 1
2026-03-29 17:17:43 | INFO |   Device            : TFRT_CPU_0
2026-03-29 17:17:43 | INFO | ============================================================
2026-03-29 17:17:43 | INFO | DQN+Entropy | seed=6, lr=0.01, gamma=0.95, alpha=0.01
2026-03-29 17:17:43 | INFO | Env: cartpole/dense, obs_dim=4, num_actions=2
2026-03-29 17:17:45 | INFO | Episode    1 - Reward: 13.000, Length: 13, Loss: 0.0000, Entropy: 0.0000, Epsilon: 0.998
2026-03-29 17:17:46 | INFO | Episode    2 - Reward: 18.000, Length: 18, Loss: 0.0000, Entropy: 0.0000, Epsilon: 0.995
2026-03-29 17:17:46 | INFO | Episode    3 - Reward: 13.000, Length: 13, Loss: 0.0000, Entropy: 0.0000, Epsilon: 0.993
2026-03-29 17:17:47 | INFO | Episode    4 - Reward: 51.000, Length: 51, Loss: 0.0000, Entropy: 0.0000, Epsilon: 0.990
2026-03-29 17:17:48 | INFO | Episode    5 - Reward: 25.000, Length: 25, Loss: 0.0000, Entropy: 0.0000, Epsilon: 0.988
2026-03-29 17:17:48 | INFO | Episode    6 - Reward: 27.000, Length: 27, Loss: 0.0000, Entropy: 0.0000, Epsilon: 0.985
2026-03-29 17:17:49 | INFO | Episode    7 - Reward: 11.000, Length: 11, Loss: 0.0000, Entropy: 0.0000, Epsilon: 0.983
2026-03-29 17:17:50 | INFO | Episode    8 - Reward: 11.000, Length: 11, Loss: 0.0000, Entropy: 0.0000, Epsilon: 0.980
2026-03-29 17:17:50 | INFO | Episode    9 - Reward: 16.000, Length: 16, Loss: 0.0000, Entropy: 0.0000, Epsilon: 0.978
2026-03-29 17:17:51 | INFO | Episode   10 - Reward: 45.000, Length: 45, Loss: 0.0000, Entropy: 0.0000, Epsilon: 0.975
2026-03-29 17:17:53 | INFO | Episode   11 - Reward: 33.000, Length: 33, Loss: 1.0113, Entropy: 0.6919, Epsilon: 0.973
2026-03-29 17:17:53 | INFO | Episode   12 - Reward: 34.000, Length: 34, Loss: 0.9085, Entropy: 0.6919, Epsilon: 0.970
2026-03-29 17:17:54 | INFO | Episode   13 - Reward: 17.000, Length: 17, Loss: 0.8195, Entropy: 0.6916, Epsilon: 0.968
2026-03-29 17:17:55 | INFO | Episode   14 - Reward: 18.000, Length: 18, Loss: 0.7364, Entropy: 0.6912, Epsilon: 0.965
2026-03-29 17:17:56 | INFO | Episode   15 - Reward: 47.000, Length: 47, Loss: 0.6704, Entropy: 0.6910, Epsilon: 0.963
2026-03-29 17:17:56 | INFO | Episode   16 - Reward: 16.000, Length: 16, Loss: 0.6087, Entropy: 0.6908, Epsilon: 0.960
2026-03-29 17:17:57 | INFO | Episode   17 - Reward: 10.000, Length: 10, Loss: 0.5412, Entropy: 0.6904, Epsilon: 0.958
2026-03-29 17:17:57 | INFO | Episode   18 - Reward: 15.000, Length: 15, Loss: 0.4915, Entropy: 0.6904, Epsilon: 0.955
2026-03-29 17:17:58 | INFO | Episode   19 - Reward: 24.000, Length: 24, Loss: 0.4291, Entropy: 0.6901, Epsilon: 0.953
2026-03-29 17:17:58 | INFO | Episode   20 - Reward: 16.000, Length: 16, Loss: 0.3897, Entropy: 0.6899, Epsilon: 0.951
2026-03-29 17:17:59 | INFO | Episode   21 - Reward: 19.000, Length: 19, Loss: 0.3449, Entropy: 0.6897, Epsilon: 0.948
2026-03-29 17:17:59 | INFO | Episode   22 - Reward: 15.000, Length: 15, Loss: 0.3064, Entropy: 0.6899, Epsilon: 0.946
2026-03-29 17:17:59 | INFO | Episode   23 - Reward: 13.000, Length: 13, Loss: 0.2733, Entropy: 0.6893, Epsilon: 0.943
2026-03-29 17:18:00 | INFO | Episode   24 - Reward: 37.000, Length: 37, Loss: 1.0031, Entropy: 0.6891, Epsilon: 0.941
2026-03-29 17:18:00 | INFO | Episode   25 - Reward: 14.000, Length: 14, Loss: 0.8791, Entropy: 0.6887, Epsilon: 0.938
2026-03-29 17:18:01 | INFO | Episode   26 - Reward: 13.000, Length: 13, Loss: 0.7698, Entropy: 0.6881, Epsilon: 0.936
2026-03-29 17:18:01 | INFO | Episode   27 - Reward: 28.000, Length: 28, Loss: 0.6716, Entropy: 0.6878, Epsilon: 0.933
2026-03-29 17:18:02 | INFO | Episode   28 - Reward: 20.000, Length: 20, Loss: 0.5796, Entropy: 0.6876, Epsilon: 0.931
2026-03-29 17:18:02 | INFO | Episode   29 - Reward: 12.000, Length: 12, Loss: 0.4999, Entropy: 0.6873, Epsilon: 0.928
2026-03-29 17:18:03 | INFO | Episode   30 - Reward: 18.000, Length: 18, Loss: 0.4285, Entropy: 0.6873, Epsilon: 0.926
2026-03-29 17:18:03 | INFO | Episode   31 - Reward: 26.000, Length: 26, Loss: 0.3644, Entropy: 0.6874, Epsilon: 0.923
2026-03-29 17:18:04 | INFO | Episode   32 - Reward: 28.000, Length: 28, Loss: 0.3000, Entropy: 0.6875, Epsilon: 0.921
2026-03-29 17:18:04 | INFO | Episode   33 - Reward: 20.000, Length: 20, Loss: 0.2550, Entropy: 0.6875, Epsilon: 0.918
2026-03-29 17:18:05 | INFO | Episode   34 - Reward: 21.000, Length: 21, Loss: 0.2095, Entropy: 0.6877, Epsilon: 0.916
2026-03-29 17:18:05 | INFO | Episode   35 - Reward: 45.000, Length: 45, Loss: 0.1676, Entropy: 0.6875, Epsilon: 0.913
2026-03-29 17:18:06 | INFO | Episode   36 - Reward: 16.000, Length: 16, Loss: 0.1408, Entropy: 0.6878, Epsilon: 0.911
2026-03-29 17:18:06 | INFO | Episode   37 - Reward: 12.000, Length: 12, Loss: 0.1142, Entropy: 0.6878, Epsilon: 0.908
2026-03-29 17:18:07 | INFO | Episode   38 - Reward: 15.000, Length: 15, Loss: 0.0961, Entropy: 0.6880, Epsilon: 0.906
2026-03-29 17:18:07 | INFO | Episode   39 - Reward: 14.000, Length: 14, Loss: 0.0834, Entropy: 0.6884, Epsilon: 0.903
2026-03-29 17:18:07 | INFO | Episode   40 - Reward: 13.000, Length: 13, Loss: 0.0680, Entropy: 0.6888, Epsilon: 0.901
2026-03-29 17:18:08 | INFO | Episode   41 - Reward: 24.000, Length: 24, Loss: 0.0591, Entropy: 0.6890, Epsilon: 0.899
2026-03-29 17:18:08 | INFO | Episode   42 - Reward: 27.000, Length: 27, Loss: 0.0573, Entropy: 0.6894, Epsilon: 0.896
2026-03-29 17:18:09 | INFO | Episode   43 - Reward: 38.000, Length: 38, Loss: 0.0420, Entropy: 0.6900, Epsilon: 0.894
2026-03-29 17:18:09 | INFO | Episode   44 - Reward: 21.000, Length: 21, Loss: 0.0380, Entropy: 0.6903, Epsilon: 0.891
2026-03-29 17:18:10 | INFO | Episode   45 - Reward: 13.000, Length: 13, Loss: 0.0290, Entropy: 0.6906, Epsilon: 0.889
2026-03-29 17:18:10 | INFO | Episode   46 - Reward: 15.000, Length: 15, Loss: 0.0337, Entropy: 0.6908, Epsilon: 0.886
2026-03-29 17:18:11 | INFO | Episode   47 - Reward: 43.000, Length: 43, Loss: 0.0263, Entropy: 0.6910, Epsilon: 0.884
2026-03-29 17:18:11 | INFO | Episode   48 - Reward: 24.000, Length: 24, Loss: 0.8507, Entropy: 0.6904, Epsilon: 0.881
2026-03-29 17:18:11 | INFO | Episode   49 - Reward: 36.000, Length: 36, Loss: 0.6420, Entropy: 0.6894, Epsilon: 0.879
2026-03-29 17:18:12 | INFO | Episode   50 - Reward: 17.000, Length: 17, Loss: 0.4917, Entropy: 0.6889, Epsilon: 0.876
2026-03-29 17:18:13 | INFO | [Episode   50] eps=0.876  avg_reward=  22.340  avg_length= 22.34  avg_loss=  0.3286  avg_entropy=0.6889  eval_success=0.000
2026-03-29 17:18:13 | INFO | Episode   51 - Reward: 18.000, Length: 18, Loss: 0.3806, Entropy: 0.6884, Epsilon: 0.874
2026-03-29 17:18:14 | INFO | Episode   52 - Reward: 21.000, Length: 21, Loss: 0.2906, Entropy: 0.6883, Epsilon: 0.871
2026-03-29 17:18:14 | INFO | Episode   53 - Reward: 29.000, Length: 29, Loss: 0.2395, Entropy: 0.6888, Epsilon: 0.869
2026-03-29 17:18:15 | INFO | Episode   54 - Reward: 20.000, Length: 20, Loss: 0.1693, Entropy: 0.6895, Epsilon: 0.866
2026-03-29 17:18:15 | INFO | Episode   55 - Reward: 20.000, Length: 20, Loss: 0.1493, Entropy: 0.6897, Epsilon: 0.864
2026-03-29 17:18:15 | INFO | Episode   56 - Reward: 20.000, Length: 20, Loss: 0.1557, Entropy: 0.6900, Epsilon: 0.861
2026-03-29 17:18:16 | INFO | Episode   57 - Reward: 14.000, Length: 14, Loss: 0.1197, Entropy: 0.6906, Epsilon: 0.859
2026-03-29 17:18:16 | INFO | Episode   58 - Reward: 10.000, Length: 10, Loss: 0.1279, Entropy: 0.6908, Epsilon: 0.856
2026-03-29 17:18:17 | INFO | Episode   59 - Reward: 11.000, Length: 11, Loss: 0.1422, Entropy: 0.6909, Epsilon: 0.854
2026-03-29 17:18:17 | INFO | Episode   60 - Reward: 20.000, Length: 20, Loss: 0.1442, Entropy: 0.6912, Epsilon: 0.852
2026-03-29 17:18:17 | INFO | Episode   61 - Reward: 25.000, Length: 25, Loss: 0.1248, Entropy: 0.6914, Epsilon: 0.849
2026-03-29 17:18:18 | INFO | Episode   62 - Reward: 18.000, Length: 18, Loss: 0.1289, Entropy: 0.6917, Epsilon: 0.847
2026-03-29 17:18:18 | INFO | Episode   63 - Reward: 22.000, Length: 22, Loss: 0.0979, Entropy: 0.6919, Epsilon: 0.844
2026-03-29 17:18:19 | INFO | Episode   64 - Reward: 14.000, Length: 14, Loss: 0.0934, Entropy: 0.6920, Epsilon: 0.842
2026-03-29 17:18:19 | INFO | Episode   65 - Reward: 43.000, Length: 43, Loss: 0.1297, Entropy: 0.6921, Epsilon: 0.839
2026-03-29 17:18:20 | INFO | Episode   66 - Reward: 19.000, Length: 19, Loss: 0.0901, Entropy: 0.6922, Epsilon: 0.837
2026-03-29 17:18:20 | INFO | Episode   67 - Reward: 19.000, Length: 19, Loss: 0.1315, Entropy: 0.6924, Epsilon: 0.834
2026-03-29 17:18:21 | INFO | Episode   68 - Reward: 22.000, Length: 22, Loss: 0.0943, Entropy: 0.6925, Epsilon: 0.832
2026-03-29 17:18:21 | INFO | Episode   69 - Reward: 16.000, Length: 16, Loss: 0.1273, Entropy: 0.6924, Epsilon: 0.829
2026-03-29 17:18:21 | INFO | Episode   70 - Reward: 36.000, Length: 36, Loss: 0.0977, Entropy: 0.6924, Epsilon: 0.827
2026-03-29 17:18:22 | INFO | Episode   71 - Reward: 61.000, Length: 61, Loss: 0.7906, Entropy: 0.6920, Epsilon: 0.824
2026-03-29 17:18:22 | INFO | Episode   72 - Reward: 13.000, Length: 13, Loss: 0.5789, Entropy: 0.6914, Epsilon: 0.822
2026-03-29 17:18:23 | INFO | Episode   73 - Reward: 28.000, Length: 28, Loss: 0.3829, Entropy: 0.6909, Epsilon: 0.819
2026-03-29 17:18:23 | INFO | Episode   74 - Reward: 21.000, Length: 21, Loss: 0.3315, Entropy: 0.6903, Epsilon: 0.817
2026-03-29 17:18:24 | INFO | Episode   75 - Reward: 10.000, Length: 10, Loss: 0.3087, Entropy: 0.6904, Epsilon: 0.814
2026-03-29 17:18:24 | INFO | Episode   76 - Reward: 10.000, Length: 10, Loss: 0.2707, Entropy: 0.6905, Epsilon: 0.812
2026-03-29 17:18:25 | INFO | Episode   77 - Reward: 16.000, Length: 16, Loss: 0.2837, Entropy: 0.6912, Epsilon: 0.809
2026-03-29 17:18:25 | INFO | Episode   78 - Reward: 20.000, Length: 20, Loss: 0.2690, Entropy: 0.6916, Epsilon: 0.807
2026-03-29 17:18:25 | INFO | Episode   79 - Reward: 35.000, Length: 35, Loss: 0.2137, Entropy: 0.6920, Epsilon: 0.804
2026-03-29 17:18:26 | INFO | Episode   80 - Reward: 44.000, Length: 44, Loss: 0.2234, Entropy: 0.6920, Epsilon: 0.802
2026-03-29 17:18:26 | INFO | Episode   81 - Reward: 16.000, Length: 16, Loss: 0.2543, Entropy: 0.6918, Epsilon: 0.800
2026-03-29 17:18:27 | INFO | Episode   82 - Reward: 11.000, Length: 11, Loss: 0.2525, Entropy: 0.6918, Epsilon: 0.797
2026-03-29 17:18:27 | INFO | Episode   83 - Reward: 38.000, Length: 38, Loss: 0.2494, Entropy: 0.6918, Epsilon: 0.795
2026-03-29 17:18:28 | INFO | Episode   84 - Reward: 12.000, Length: 12, Loss: 0.2370, Entropy: 0.6918, Epsilon: 0.792
2026-03-29 17:18:28 | INFO | Episode   85 - Reward: 15.000, Length: 15, Loss: 0.2342, Entropy: 0.6917, Epsilon: 0.790
2026-03-29 17:18:28 | INFO | Episode   86 - Reward: 12.000, Length: 12, Loss: 0.2375, Entropy: 0.6917, Epsilon: 0.787
2026-03-29 17:18:29 | INFO | Episode   87 - Reward: 14.000, Length: 14, Loss: 0.2676, Entropy: 0.6918, Epsilon: 0.785
2026-03-29 17:18:29 | INFO | Episode   88 - Reward: 11.000, Length: 11, Loss: 0.2439, Entropy: 0.6919, Epsilon: 0.782
2026-03-29 17:18:30 | INFO | Episode   89 - Reward: 17.000, Length: 17, Loss: 0.3122, Entropy: 0.6915, Epsilon: 0.780
2026-03-29 17:18:30 | INFO | Episode   90 - Reward: 15.000, Length: 15, Loss: 0.2279, Entropy: 0.6915, Epsilon: 0.777
2026-03-29 17:18:31 | INFO | Episode   91 - Reward: 37.000, Length: 37, Loss: 0.2921, Entropy: 0.6915, Epsilon: 0.775
2026-03-29 17:18:31 | INFO | Episode   92 - Reward: 14.000, Length: 14, Loss: 0.2335, Entropy: 0.6913, Epsilon: 0.772
2026-03-29 17:18:32 | INFO | Episode   93 - Reward: 42.000, Length: 42, Loss: 0.8474, Entropy: 0.6900, Epsilon: 0.770
2026-03-29 17:18:32 | INFO | Episode   94 - Reward: 26.000, Length: 26, Loss: 0.6137, Entropy: 0.6887, Epsilon: 0.767
2026-03-29 17:18:33 | INFO | Episode   95 - Reward: 12.000, Length: 12, Loss: 0.4268, Entropy: 0.6895, Epsilon: 0.765
2026-03-29 17:18:33 | INFO | Episode   96 - Reward: 30.000, Length: 30, Loss: 0.4572, Entropy: 0.6913, Epsilon: 0.762
2026-03-29 17:18:33 | INFO | Episode   97 - Reward: 27.000, Length: 27, Loss: 0.5698, Entropy: 0.6916, Epsilon: 0.760
2026-03-29 17:18:34 | INFO | Episode   98 - Reward: 15.000, Length: 15, Loss: 0.4059, Entropy: 0.6917, Epsilon: 0.757
2026-03-29 17:18:34 | INFO | Episode   99 - Reward: 13.000, Length: 13, Loss: 0.4803, Entropy: 0.6916, Epsilon: 0.755
2026-03-29 17:18:35 | INFO | Episode  100 - Reward: 11.000, Length: 11, Loss: 0.2797, Entropy: 0.6917, Epsilon: 0.752
2026-03-29 17:18:35 | INFO | [Episode  100] eps=0.752  avg_reward=  21.260  avg_length= 21.26  avg_loss=  0.2762  avg_entropy=0.6917  eval_success=0.000
2026-03-29 17:18:36 | INFO | Episode  101 - Reward: 14.000, Length: 14, Loss: 0.4838, Entropy: 0.6916, Epsilon: 0.750
2026-03-29 17:18:36 | INFO | Episode  102 - Reward: 12.000, Length: 12, Loss: 0.5557, Entropy: 0.6916, Epsilon: 0.748
2026-03-29 17:18:36 | INFO | Episode  103 - Reward: 12.000, Length: 12, Loss: 0.4423, Entropy: 0.6918, Epsilon: 0.745
2026-03-29 17:18:37 | INFO | Episode  104 - Reward: 21.000, Length: 21, Loss: 0.5199, Entropy: 0.6920, Epsilon: 0.743
2026-03-29 17:18:37 | INFO | Episode  105 - Reward: 23.000, Length: 23, Loss: 0.4273, Entropy: 0.6920, Epsilon: 0.740
2026-03-29 17:18:38 | INFO | Episode  106 - Reward: 13.000, Length: 13, Loss: 0.4408, Entropy: 0.6917, Epsilon: 0.738
2026-03-29 17:18:38 | INFO | Episode  107 - Reward: 10.000, Length: 10, Loss: 0.4259, Entropy: 0.6919, Epsilon: 0.735
2026-03-29 17:18:39 | INFO | Episode  108 - Reward: 13.000, Length: 13, Loss: 0.5705, Entropy: 0.6919, Epsilon: 0.733
2026-03-29 17:18:39 | INFO | Episode  109 - Reward: 19.000, Length: 19, Loss: 0.5034, Entropy: 0.6918, Epsilon: 0.730
2026-03-29 17:18:39 | INFO | Episode  110 - Reward: 21.000, Length: 21, Loss: 0.4478, Entropy: 0.6918, Epsilon: 0.728
2026-03-29 17:18:40 | INFO | Episode  111 - Reward: 10.000, Length: 10, Loss: 0.3436, Entropy: 0.6917, Epsilon: 0.725
2026-03-29 17:18:40 | INFO | Episode  112 - Reward: 30.000, Length: 30, Loss: 0.3883, Entropy: 0.6918, Epsilon: 0.723
2026-03-29 17:18:41 | INFO | Episode  113 - Reward: 12.000, Length: 12, Loss: 0.5030, Entropy: 0.6917, Epsilon: 0.720
2026-03-29 17:18:41 | INFO | Episode  114 - Reward: 13.000, Length: 13, Loss: 0.5237, Entropy: 0.6915, Epsilon: 0.718
2026-03-29 17:18:42 | INFO | Episode  115 - Reward: 11.000, Length: 11, Loss: 0.3914, Entropy: 0.6917, Epsilon: 0.715
2026-03-29 17:18:42 | INFO | Episode  116 - Reward: 10.000, Length: 10, Loss: 0.4432, Entropy: 0.6918, Epsilon: 0.713
2026-03-29 17:18:42 | INFO | Episode  117 - Reward: 13.000, Length: 13, Loss: 0.4186, Entropy: 0.6919, Epsilon: 0.710
2026-03-29 17:18:43 | INFO | Episode  118 - Reward: 11.000, Length: 11, Loss: 0.4266, Entropy: 0.6920, Epsilon: 0.708
2026-03-29 17:18:43 | INFO | Episode  119 - Reward: 11.000, Length: 11, Loss: 0.4599, Entropy: 0.6918, Epsilon: 0.705
2026-03-29 17:18:44 | INFO | Episode  120 - Reward: 11.000, Length: 11, Loss: 0.4163, Entropy: 0.6917, Epsilon: 0.703
2026-03-29 17:18:44 | INFO | Episode  121 - Reward: 22.000, Length: 22, Loss: 0.4516, Entropy: 0.6917, Epsilon: 0.701
2026-03-29 17:18:45 | INFO | Episode  122 - Reward: 15.000, Length: 15, Loss: 0.4525, Entropy: 0.6913, Epsilon: 0.698
2026-03-29 17:18:45 | INFO | Episode  123 - Reward: 12.000, Length: 12, Loss: 0.9205, Entropy: 0.6907, Epsilon: 0.696
2026-03-29 17:18:46 | INFO | Episode  124 - Reward: 11.000, Length: 11, Loss: 0.7426, Entropy: 0.6908, Epsilon: 0.693
2026-03-29 17:18:46 | INFO | Episode  125 - Reward: 19.000, Length: 19, Loss: 0.5828, Entropy: 0.6915, Epsilon: 0.691
2026-03-29 17:18:47 | INFO | Episode  126 - Reward: 10.000, Length: 10, Loss: 0.7402, Entropy: 0.6917, Epsilon: 0.688
2026-03-29 17:18:47 | INFO | Episode  127 - Reward: 19.000, Length: 19, Loss: 0.7574, Entropy: 0.6918, Epsilon: 0.686
2026-03-29 17:18:47 | INFO | Episode  128 - Reward: 10.000, Length: 10, Loss: 0.6766, Entropy: 0.6918, Epsilon: 0.683
2026-03-29 17:18:48 | INFO | Episode  129 - Reward: 13.000, Length: 13, Loss: 0.5805, Entropy: 0.6918, Epsilon: 0.681
2026-03-29 17:18:48 | INFO | Episode  130 - Reward: 20.000, Length: 20, Loss: 0.6334, Entropy: 0.6919, Epsilon: 0.678
2026-03-29 17:18:49 | INFO | Episode  131 - Reward: 16.000, Length: 16, Loss: 0.7618, Entropy: 0.6919, Epsilon: 0.676
2026-03-29 17:18:49 | INFO | Episode  132 - Reward: 19.000, Length: 19, Loss: 0.5785, Entropy: 0.6919, Epsilon: 0.673
2026-03-29 17:18:50 | INFO | Episode  133 - Reward: 14.000, Length: 14, Loss: 0.5413, Entropy: 0.6920, Epsilon: 0.671
2026-03-29 17:18:50 | INFO | Episode  134 - Reward: 23.000, Length: 23, Loss: 0.7710, Entropy: 0.6919, Epsilon: 0.668
2026-03-29 17:18:51 | INFO | Episode  135 - Reward: 13.000, Length: 13, Loss: 0.6611, Entropy: 0.6920, Epsilon: 0.666
2026-03-29 17:18:51 | INFO | Episode  136 - Reward: 22.000, Length: 22, Loss: 0.6771, Entropy: 0.6920, Epsilon: 0.663
2026-03-29 17:18:51 | INFO | Episode  137 - Reward: 27.000, Length: 27, Loss: 0.7277, Entropy: 0.6920, Epsilon: 0.661
2026-03-29 17:18:52 | INFO | Episode  138 - Reward: 18.000, Length: 18, Loss: 0.5560, Entropy: 0.6921, Epsilon: 0.658
2026-03-29 17:18:52 | INFO | Episode  139 - Reward: 12.000, Length: 12, Loss: 0.7368, Entropy: 0.6920, Epsilon: 0.656
2026-03-29 17:18:53 | INFO | Episode  140 - Reward: 12.000, Length: 12, Loss: 0.7220, Entropy: 0.6922, Epsilon: 0.653
2026-03-29 17:18:53 | INFO | Episode  141 - Reward: 16.000, Length: 16, Loss: 0.5943, Entropy: 0.6920, Epsilon: 0.651
2026-03-29 17:18:54 | INFO | Episode  142 - Reward: 17.000, Length: 17, Loss: 0.6763, Entropy: 0.6921, Epsilon: 0.649
2026-03-29 17:18:54 | INFO | Episode  143 - Reward: 22.000, Length: 22, Loss: 0.5654, Entropy: 0.6921, Epsilon: 0.646
2026-03-29 17:18:55 | INFO | Episode  144 - Reward: 27.000, Length: 27, Loss: 0.4630, Entropy: 0.6922, Epsilon: 0.644
2026-03-29 17:18:55 | INFO | Episode  145 - Reward: 10.000, Length: 10, Loss: 0.5963, Entropy: 0.6921, Epsilon: 0.641
2026-03-29 17:18:55 | INFO | Episode  146 - Reward: 14.000, Length: 14, Loss: 0.6353, Entropy: 0.6921, Epsilon: 0.639
2026-03-29 17:18:56 | INFO | Episode  147 - Reward: 18.000, Length: 18, Loss: 0.6538, Entropy: 0.6921, Epsilon: 0.636
2026-03-29 17:18:56 | INFO | Episode  148 - Reward: 11.000, Length: 11, Loss: 0.7523, Entropy: 0.6921, Epsilon: 0.634
2026-03-29 17:18:57 | INFO | Episode  149 - Reward: 21.000, Length: 21, Loss: 0.6392, Entropy: 0.6923, Epsilon: 0.631
2026-03-29 17:18:57 | INFO | Episode  150 - Reward: 10.000, Length: 10, Loss: 0.6352, Entropy: 0.6921, Epsilon: 0.629
2026-03-29 17:18:58 | INFO | [Episode  150] eps=0.629  avg_reward=  15.660  avg_length= 15.66  avg_loss=  0.5723  avg_entropy=0.6921  eval_success=0.000
2026-03-29 17:18:58 | INFO | Episode  151 - Reward: 13.000, Length: 13, Loss: 0.6026, Entropy: 0.6922, Epsilon: 0.626
2026-03-29 17:18:58 | INFO | Episode  152 - Reward: 17.000, Length: 17, Loss: 0.5777, Entropy: 0.6921, Epsilon: 0.624
2026-03-29 17:18:59 | INFO | Episode  153 - Reward: 19.000, Length: 19, Loss: 0.5621, Entropy: 0.6922, Epsilon: 0.621
2026-03-29 17:18:59 | INFO | Episode  154 - Reward: 11.000, Length: 11, Loss: 1.0952, Entropy: 0.6920, Epsilon: 0.619
2026-03-29 17:19:00 | INFO | Episode  155 - Reward: 13.000, Length: 13, Loss: 0.8368, Entropy: 0.6918, Epsilon: 0.616
2026-03-29 17:19:00 | INFO | Episode  156 - Reward: 10.000, Length: 10, Loss: 0.7265, Entropy: 0.6922, Epsilon: 0.614
2026-03-29 17:19:01 | INFO | Episode  157 - Reward: 11.000, Length: 11, Loss: 0.8760, Entropy: 0.6922, Epsilon: 0.611
2026-03-29 17:19:01 | INFO | Episode  158 - Reward: 13.000, Length: 13, Loss: 1.0031, Entropy: 0.6923, Epsilon: 0.609
2026-03-29 17:19:01 | INFO | Episode  159 - Reward: 18.000, Length: 18, Loss: 0.9024, Entropy: 0.6923, Epsilon: 0.606
2026-03-29 17:19:02 | INFO | Episode  160 - Reward: 13.000, Length: 13, Loss: 0.7898, Entropy: 0.6923, Epsilon: 0.604
2026-03-29 17:19:02 | INFO | Episode  161 - Reward: 20.000, Length: 20, Loss: 0.8521, Entropy: 0.6924, Epsilon: 0.602
2026-03-29 17:19:03 | INFO | Episode  162 - Reward: 12.000, Length: 12, Loss: 0.6722, Entropy: 0.6925, Epsilon: 0.599
2026-03-29 17:19:03 | INFO | Episode  163 - Reward: 14.000, Length: 14, Loss: 0.9160, Entropy: 0.6924, Epsilon: 0.597
2026-03-29 17:19:04 | INFO | Episode  164 - Reward: 14.000, Length: 14, Loss: 0.9235, Entropy: 0.6924, Epsilon: 0.594
2026-03-29 17:19:04 | INFO | Episode  165 - Reward: 15.000, Length: 15, Loss: 0.8866, Entropy: 0.6924, Epsilon: 0.592
2026-03-29 17:19:05 | INFO | Episode  166 - Reward: 17.000, Length: 17, Loss: 0.8310, Entropy: 0.6924, Epsilon: 0.589
2026-03-29 17:19:05 | INFO | Episode  167 - Reward: 16.000, Length: 16, Loss: 0.7640, Entropy: 0.6925, Epsilon: 0.587
2026-03-29 17:19:05 | INFO | Episode  168 - Reward: 12.000, Length: 12, Loss: 0.8651, Entropy: 0.6924, Epsilon: 0.584
2026-03-29 17:19:06 | INFO | Episode  169 - Reward: 20.000, Length: 20, Loss: 0.9977, Entropy: 0.6925, Epsilon: 0.582
2026-03-29 17:19:06 | INFO | Episode  170 - Reward: 11.000, Length: 11, Loss: 0.7805, Entropy: 0.6926, Epsilon: 0.579
2026-03-29 17:19:07 | INFO | Episode  171 - Reward: 12.000, Length: 12, Loss: 0.7458, Entropy: 0.6925, Epsilon: 0.577
2026-03-29 17:19:07 | INFO | Episode  172 - Reward: 15.000, Length: 15, Loss: 0.8712, Entropy: 0.6925, Epsilon: 0.574
2026-03-29 17:19:08 | INFO | Episode  173 - Reward: 15.000, Length: 15, Loss: 0.8138, Entropy: 0.6925, Epsilon: 0.572
2026-03-29 17:19:08 | INFO | Episode  174 - Reward: 17.000, Length: 17, Loss: 0.8255, Entropy: 0.6924, Epsilon: 0.569
2026-03-29 17:19:09 | INFO | Episode  175 - Reward: 12.000, Length: 12, Loss: 1.0395, Entropy: 0.6923, Epsilon: 0.567
2026-03-29 17:19:09 | INFO | Episode  176 - Reward: 13.000, Length: 13, Loss: 0.7892, Entropy: 0.6922, Epsilon: 0.564
2026-03-29 17:19:09 | INFO | Episode  177 - Reward: 10.000, Length: 10, Loss: 0.7667, Entropy: 0.6921, Epsilon: 0.562
2026-03-29 17:19:10 | INFO | Episode  178 - Reward: 12.000, Length: 12, Loss: 0.8251, Entropy: 0.6923, Epsilon: 0.559
2026-03-29 17:19:10 | INFO | Episode  179 - Reward: 12.000, Length: 12, Loss: 0.9261, Entropy: 0.6923, Epsilon: 0.557
2026-03-29 17:19:11 | INFO | Episode  180 - Reward: 8.000, Length: 8, Loss: 1.0288, Entropy: 0.6924, Epsilon: 0.554
2026-03-29 17:19:11 | INFO | Episode  181 - Reward: 14.000, Length: 14, Loss: 0.9188, Entropy: 0.6925, Epsilon: 0.552
2026-03-29 17:19:12 | INFO | Episode  182 - Reward: 12.000, Length: 12, Loss: 0.8035, Entropy: 0.6924, Epsilon: 0.550
2026-03-29 17:19:12 | INFO | Episode  183 - Reward: 15.000, Length: 15, Loss: 0.7768, Entropy: 0.6923, Epsilon: 0.547
2026-03-29 17:19:12 | INFO | Episode  184 - Reward: 14.000, Length: 14, Loss: 0.8037, Entropy: 0.6919, Epsilon: 0.545
2026-03-29 17:19:13 | INFO | Episode  185 - Reward: 20.000, Length: 20, Loss: 0.6545, Entropy: 0.6923, Epsilon: 0.542
2026-03-29 17:19:13 | INFO | Episode  186 - Reward: 14.000, Length: 14, Loss: 0.9382, Entropy: 0.6923, Epsilon: 0.540
2026-03-29 17:19:14 | INFO | Episode  187 - Reward: 15.000, Length: 15, Loss: 0.8220, Entropy: 0.6925, Epsilon: 0.537
2026-03-29 17:19:14 | INFO | Episode  188 - Reward: 12.000, Length: 12, Loss: 0.9153, Entropy: 0.6924, Epsilon: 0.535
2026-03-29 17:19:15 | INFO | Episode  189 - Reward: 10.000, Length: 10, Loss: 0.8037, Entropy: 0.6922, Epsilon: 0.532
2026-03-29 17:19:15 | INFO | Episode  190 - Reward: 11.000, Length: 11, Loss: 1.3562, Entropy: 0.6925, Epsilon: 0.530
2026-03-29 17:19:16 | INFO | Episode  191 - Reward: 8.000, Length: 8, Loss: 0.9896, Entropy: 0.6926, Epsilon: 0.527
2026-03-29 17:19:16 | INFO | Episode  192 - Reward: 20.000, Length: 20, Loss: 1.0264, Entropy: 0.6923, Epsilon: 0.525
2026-03-29 17:19:16 | INFO | Episode  193 - Reward: 66.000, Length: 66, Loss: 0.9693, Entropy: 0.6924, Epsilon: 0.522
2026-03-29 17:19:17 | INFO | Episode  194 - Reward: 12.000, Length: 12, Loss: 0.7274, Entropy: 0.6926, Epsilon: 0.520
2026-03-29 17:19:17 | INFO | Episode  195 - Reward: 18.000, Length: 18, Loss: 1.1044, Entropy: 0.6923, Epsilon: 0.517
2026-03-29 17:19:18 | INFO | Episode  196 - Reward: 20.000, Length: 20, Loss: 1.1556, Entropy: 0.6922, Epsilon: 0.515
2026-03-29 17:19:18 | INFO | Episode  197 - Reward: 25.000, Length: 25, Loss: 0.8844, Entropy: 0.6924, Epsilon: 0.512
2026-03-29 17:19:19 | INFO | Episode  198 - Reward: 20.000, Length: 20, Loss: 1.1344, Entropy: 0.6923, Epsilon: 0.510
2026-03-29 17:19:19 | INFO | Episode  199 - Reward: 10.000, Length: 10, Loss: 0.8677, Entropy: 0.6926, Epsilon: 0.507
2026-03-29 17:19:20 | INFO | Episode  200 - Reward: 13.000, Length: 13, Loss: 1.2408, Entropy: 0.6924, Epsilon: 0.505
2026-03-29 17:19:21 | INFO | [Episode  200] eps=0.505  avg_reward=  15.280  avg_length= 15.28  avg_loss=  0.8797  avg_entropy=0.6924  eval_success=0.000
2026-03-29 17:19:21 | INFO | Episode  201 - Reward: 44.000, Length: 44, Loss: 0.9544, Entropy: 0.6922, Epsilon: 0.503
2026-03-29 17:19:22 | INFO | Episode  202 - Reward: 24.000, Length: 24, Loss: 0.8753, Entropy: 0.6925, Epsilon: 0.500
2026-03-29 17:19:22 | INFO | Episode  203 - Reward: 10.000, Length: 10, Loss: 0.9678, Entropy: 0.6924, Epsilon: 0.498
2026-03-29 17:19:22 | INFO | Episode  204 - Reward: 18.000, Length: 18, Loss: 1.0638, Entropy: 0.6922, Epsilon: 0.495
2026-03-29 17:19:23 | INFO | Episode  205 - Reward: 19.000, Length: 19, Loss: 1.0794, Entropy: 0.6923, Epsilon: 0.493
2026-03-29 17:19:23 | INFO | Episode  206 - Reward: 16.000, Length: 16, Loss: 1.0747, Entropy: 0.6924, Epsilon: 0.490
2026-03-29 17:19:24 | INFO | Episode  207 - Reward: 17.000, Length: 17, Loss: 0.8898, Entropy: 0.6922, Epsilon: 0.488
2026-03-29 17:19:24 | INFO | Episode  208 - Reward: 11.000, Length: 11, Loss: 1.0560, Entropy: 0.6923, Epsilon: 0.485
2026-03-29 17:19:25 | INFO | Episode  209 - Reward: 17.000, Length: 17, Loss: 1.0616, Entropy: 0.6922, Epsilon: 0.483
2026-03-29 17:19:25 | INFO | Episode  210 - Reward: 17.000, Length: 17, Loss: 1.0512, Entropy: 0.6921, Epsilon: 0.480
2026-03-29 17:19:25 | INFO | Episode  211 - Reward: 20.000, Length: 20, Loss: 0.9614, Entropy: 0.6921, Epsilon: 0.478
2026-03-29 17:19:26 | INFO | Episode  212 - Reward: 14.000, Length: 14, Loss: 0.7127, Entropy: 0.6922, Epsilon: 0.475
2026-03-29 17:19:26 | INFO | Episode  213 - Reward: 18.000, Length: 18, Loss: 0.7337, Entropy: 0.6922, Epsilon: 0.473
2026-03-29 17:19:27 | INFO | Episode  214 - Reward: 16.000, Length: 16, Loss: 0.7564, Entropy: 0.6923, Epsilon: 0.470
2026-03-29 17:19:27 | INFO | Episode  215 - Reward: 18.000, Length: 18, Loss: 0.9653, Entropy: 0.6923, Epsilon: 0.468
2026-03-29 17:19:28 | INFO | Episode  216 - Reward: 21.000, Length: 21, Loss: 1.0720, Entropy: 0.6924, Epsilon: 0.465
2026-03-29 17:19:28 | INFO | Episode  217 - Reward: 22.000, Length: 22, Loss: 1.3411, Entropy: 0.6921, Epsilon: 0.463
2026-03-29 17:19:29 | INFO | Episode  218 - Reward: 12.000, Length: 12, Loss: 1.0564, Entropy: 0.6921, Epsilon: 0.460
2026-03-29 17:19:29 | INFO | Episode  219 - Reward: 18.000, Length: 18, Loss: 1.2172, Entropy: 0.6923, Epsilon: 0.458
2026-03-29 17:19:29 | INFO | Episode  220 - Reward: 24.000, Length: 24, Loss: 1.3766, Entropy: 0.6919, Epsilon: 0.456
2026-03-29 17:19:30 | INFO | Episode  221 - Reward: 29.000, Length: 29, Loss: 1.0761, Entropy: 0.6918, Epsilon: 0.453
2026-03-29 17:19:30 | INFO | Episode  222 - Reward: 28.000, Length: 28, Loss: 1.5177, Entropy: 0.6917, Epsilon: 0.451
2026-03-29 17:19:31 | INFO | Episode  223 - Reward: 29.000, Length: 29, Loss: 1.2974, Entropy: 0.6917, Epsilon: 0.448
2026-03-29 17:19:31 | INFO | Episode  224 - Reward: 11.000, Length: 11, Loss: 1.0393, Entropy: 0.6920, Epsilon: 0.446
2026-03-29 17:19:32 | INFO | Episode  225 - Reward: 26.000, Length: 26, Loss: 0.9392, Entropy: 0.6918, Epsilon: 0.443
2026-03-29 17:19:32 | INFO | Episode  226 - Reward: 27.000, Length: 27, Loss: 1.0448, Entropy: 0.6917, Epsilon: 0.441
2026-03-29 17:19:33 | INFO | Episode  227 - Reward: 83.000, Length: 83, Loss: 1.1386, Entropy: 0.6915, Epsilon: 0.438
2026-03-29 17:19:33 | INFO | Episode  228 - Reward: 21.000, Length: 21, Loss: 1.0785, Entropy: 0.6915, Epsilon: 0.436
2026-03-29 17:19:34 | INFO | Episode  229 - Reward: 26.000, Length: 26, Loss: 1.0582, Entropy: 0.6911, Epsilon: 0.433
2026-03-29 17:19:34 | INFO | Episode  230 - Reward: 50.000, Length: 50, Loss: 1.3563, Entropy: 0.6906, Epsilon: 0.431
2026-03-29 17:19:35 | INFO | Episode  231 - Reward: 11.000, Length: 11, Loss: 1.1042, Entropy: 0.6903, Epsilon: 0.428
2026-03-29 17:19:35 | INFO | Episode  232 - Reward: 33.000, Length: 33, Loss: 1.4035, Entropy: 0.6882, Epsilon: 0.426
2026-03-29 17:19:35 | INFO | Episode  233 - Reward: 11.000, Length: 11, Loss: 1.0749, Entropy: 0.6897, Epsilon: 0.423
2026-03-29 17:19:36 | INFO | Episode  234 - Reward: 36.000, Length: 36, Loss: 1.1900, Entropy: 0.6893, Epsilon: 0.421
2026-03-29 17:19:36 | INFO | Episode  235 - Reward: 11.000, Length: 11, Loss: 0.9211, Entropy: 0.6899, Epsilon: 0.418
2026-03-29 17:19:37 | INFO | Episode  236 - Reward: 12.000, Length: 12, Loss: 1.2754, Entropy: 0.6905, Epsilon: 0.416
2026-03-29 17:19:37 | INFO | Episode  237 - Reward: 30.000, Length: 30, Loss: 1.0149, Entropy: 0.6899, Epsilon: 0.413
2026-03-29 17:19:38 | INFO | Episode  238 - Reward: 57.000, Length: 57, Loss: 1.2162, Entropy: 0.6904, Epsilon: 0.411
2026-03-29 17:19:38 | INFO | Episode  239 - Reward: 94.000, Length: 94, Loss: 1.1159, Entropy: 0.6899, Epsilon: 0.408
2026-03-29 17:19:39 | INFO | Episode  240 - Reward: 81.000, Length: 81, Loss: 1.1570, Entropy: 0.6900, Epsilon: 0.406
2026-03-29 17:19:39 | INFO | Episode  241 - Reward: 25.000, Length: 25, Loss: 0.9805, Entropy: 0.6899, Epsilon: 0.404
2026-03-29 17:19:39 | INFO | Episode  242 - Reward: 30.000, Length: 30, Loss: 1.0828, Entropy: 0.6905, Epsilon: 0.401
2026-03-29 17:19:40 | INFO | Episode  243 - Reward: 48.000, Length: 48, Loss: 0.7840, Entropy: 0.6899, Epsilon: 0.399
2026-03-29 17:19:40 | INFO | Episode  244 - Reward: 31.000, Length: 31, Loss: 1.4805, Entropy: 0.6904, Epsilon: 0.396
2026-03-29 17:19:41 | INFO | Episode  245 - Reward: 25.000, Length: 25, Loss: 0.9148, Entropy: 0.6899, Epsilon: 0.394
2026-03-29 17:19:41 | INFO | Episode  246 - Reward: 32.000, Length: 32, Loss: 0.9553, Entropy: 0.6901, Epsilon: 0.391
2026-03-29 17:19:42 | INFO | Episode  247 - Reward: 129.000, Length: 129, Loss: 1.4101, Entropy: 0.6889, Epsilon: 0.389
2026-03-29 17:19:42 | INFO | Episode  248 - Reward: 41.000, Length: 41, Loss: 1.3003, Entropy: 0.6895, Epsilon: 0.386
2026-03-29 17:19:42 | INFO | Episode  249 - Reward: 37.000, Length: 37, Loss: 1.3043, Entropy: 0.6894, Epsilon: 0.384
2026-03-29 17:19:43 | INFO | Episode  250 - Reward: 37.000, Length: 37, Loss: 1.1694, Entropy: 0.6890, Epsilon: 0.381
2026-03-29 17:19:44 | INFO | [Episode  250] eps=0.381  avg_reward=  30.340  avg_length= 30.34  avg_loss=  1.0934  avg_entropy=0.6890  eval_success=0.000
2026-03-29 17:19:45 | INFO | Episode  251 - Reward: 59.000, Length: 59, Loss: 1.2276, Entropy: 0.6887, Epsilon: 0.379
2026-03-29 17:19:45 | INFO | Episode  252 - Reward: 43.000, Length: 43, Loss: 1.2003, Entropy: 0.6890, Epsilon: 0.376
2026-03-29 17:19:46 | INFO | Episode  253 - Reward: 39.000, Length: 39, Loss: 0.9265, Entropy: 0.6893, Epsilon: 0.374
2026-03-29 17:19:46 | INFO | Episode  254 - Reward: 60.000, Length: 60, Loss: 1.3605, Entropy: 0.6878, Epsilon: 0.371
2026-03-29 17:19:46 | INFO | Episode  255 - Reward: 40.000, Length: 40, Loss: 1.2837, Entropy: 0.6880, Epsilon: 0.369
2026-03-29 17:19:47 | INFO | Episode  256 - Reward: 54.000, Length: 54, Loss: 1.2767, Entropy: 0.6865, Epsilon: 0.366
2026-03-29 17:19:47 | INFO | Episode  257 - Reward: 115.000, Length: 115, Loss: 1.4463, Entropy: 0.6884, Epsilon: 0.364
2026-03-29 17:19:48 | INFO | Episode  258 - Reward: 38.000, Length: 38, Loss: 1.1579, Entropy: 0.6872, Epsilon: 0.361
2026-03-29 17:19:48 | INFO | Episode  259 - Reward: 24.000, Length: 24, Loss: 1.4769, Entropy: 0.6868, Epsilon: 0.359
2026-03-29 17:19:49 | INFO | Episode  260 - Reward: 34.000, Length: 34, Loss: 1.3110, Entropy: 0.6855, Epsilon: 0.357
2026-03-29 17:19:49 | INFO | Episode  261 - Reward: 60.000, Length: 60, Loss: 1.2293, Entropy: 0.6847, Epsilon: 0.354
2026-03-29 17:19:49 | INFO | Episode  262 - Reward: 45.000, Length: 45, Loss: 1.1958, Entropy: 0.6840, Epsilon: 0.352
2026-03-29 17:19:50 | INFO | Episode  263 - Reward: 52.000, Length: 52, Loss: 1.1735, Entropy: 0.6850, Epsilon: 0.349
2026-03-29 17:19:50 | INFO | Episode  264 - Reward: 61.000, Length: 61, Loss: 1.2993, Entropy: 0.6841, Epsilon: 0.347
2026-03-29 17:19:51 | INFO | Episode  265 - Reward: 66.000, Length: 66, Loss: 1.3652, Entropy: 0.6843, Epsilon: 0.344
2026-03-29 17:19:51 | INFO | Episode  266 - Reward: 29.000, Length: 29, Loss: 1.2780, Entropy: 0.6842, Epsilon: 0.342
2026-03-29 17:19:52 | INFO | Episode  267 - Reward: 65.000, Length: 65, Loss: 1.4149, Entropy: 0.6845, Epsilon: 0.339
2026-03-29 17:19:52 | INFO | Episode  268 - Reward: 42.000, Length: 42, Loss: 1.0507, Entropy: 0.6836, Epsilon: 0.337
2026-03-29 17:19:53 | INFO | Episode  269 - Reward: 53.000, Length: 53, Loss: 1.3999, Entropy: 0.6834, Epsilon: 0.334
2026-03-29 17:19:53 | INFO | Episode  270 - Reward: 85.000, Length: 85, Loss: 1.1757, Entropy: 0.6802, Epsilon: 0.332
2026-03-29 17:19:54 | INFO | Episode  271 - Reward: 45.000, Length: 45, Loss: 1.5130, Entropy: 0.6807, Epsilon: 0.329
2026-03-29 17:19:54 | INFO | Episode  272 - Reward: 46.000, Length: 46, Loss: 1.3861, Entropy: 0.6812, Epsilon: 0.327
2026-03-29 17:19:54 | INFO | Episode  273 - Reward: 18.000, Length: 18, Loss: 1.3064, Entropy: 0.6822, Epsilon: 0.324
2026-03-29 17:19:55 | INFO | Episode  274 - Reward: 32.000, Length: 32, Loss: 1.3328, Entropy: 0.6822, Epsilon: 0.322
2026-03-29 17:19:55 | INFO | Episode  275 - Reward: 58.000, Length: 58, Loss: 1.2504, Entropy: 0.6830, Epsilon: 0.319
2026-03-29 17:19:56 | INFO | Episode  276 - Reward: 36.000, Length: 36, Loss: 1.3522, Entropy: 0.6828, Epsilon: 0.317
2026-03-29 17:19:57 | INFO | Episode  277 - Reward: 17.000, Length: 17, Loss: 1.8197, Entropy: 0.6812, Epsilon: 0.314
2026-03-29 17:19:57 | INFO | Episode  278 - Reward: 78.000, Length: 78, Loss: 1.3376, Entropy: 0.6831, Epsilon: 0.312
2026-03-29 17:19:58 | INFO | Episode  279 - Reward: 37.000, Length: 37, Loss: 1.1106, Entropy: 0.6806, Epsilon: 0.309
2026-03-29 17:19:59 | INFO | Episode  280 - Reward: 41.000, Length: 41, Loss: 1.6076, Entropy: 0.6789, Epsilon: 0.307
2026-03-29 17:19:59 | INFO | Episode  281 - Reward: 81.000, Length: 81, Loss: 1.5720, Entropy: 0.6768, Epsilon: 0.305
2026-03-29 17:20:00 | INFO | Episode  282 - Reward: 32.000, Length: 32, Loss: 1.5536, Entropy: 0.6780, Epsilon: 0.302
2026-03-29 17:20:00 | INFO | Episode  283 - Reward: 50.000, Length: 50, Loss: 1.1310, Entropy: 0.6802, Epsilon: 0.300
2026-03-29 17:20:01 | INFO | Episode  284 - Reward: 57.000, Length: 57, Loss: 1.6365, Entropy: 0.6790, Epsilon: 0.297
2026-03-29 17:20:02 | INFO | Episode  285 - Reward: 23.000, Length: 23, Loss: 1.5232, Entropy: 0.6792, Epsilon: 0.295
2026-03-29 17:20:02 | INFO | Episode  286 - Reward: 38.000, Length: 38, Loss: 1.2317, Entropy: 0.6786, Epsilon: 0.292
2026-03-29 17:20:03 | INFO | Episode  287 - Reward: 62.000, Length: 62, Loss: 1.5403, Entropy: 0.6772, Epsilon: 0.290
2026-03-29 17:20:04 | INFO | Episode  288 - Reward: 82.000, Length: 82, Loss: 2.0043, Entropy: 0.6773, Epsilon: 0.287
2026-03-29 17:20:04 | INFO | Episode  289 - Reward: 81.000, Length: 81, Loss: 1.6528, Entropy: 0.6768, Epsilon: 0.285
2026-03-29 17:20:05 | INFO | Episode  290 - Reward: 33.000, Length: 33, Loss: 1.1736, Entropy: 0.6784, Epsilon: 0.282
2026-03-29 17:20:06 | INFO | Episode  291 - Reward: 49.000, Length: 49, Loss: 1.3889, Entropy: 0.6758, Epsilon: 0.280
2026-03-29 17:20:07 | INFO | Episode  292 - Reward: 85.000, Length: 85, Loss: 1.4881, Entropy: 0.6770, Epsilon: 0.277
2026-03-29 17:20:07 | INFO | Episode  293 - Reward: 37.000, Length: 37, Loss: 1.1940, Entropy: 0.6751, Epsilon: 0.275
2026-03-29 17:20:08 | INFO | Episode  294 - Reward: 99.000, Length: 99, Loss: 1.3974, Entropy: 0.6751, Epsilon: 0.272
2026-03-29 17:20:08 | INFO | Episode  295 - Reward: 56.000, Length: 56, Loss: 1.4853, Entropy: 0.6753, Epsilon: 0.270
2026-03-29 17:20:09 | INFO | Episode  296 - Reward: 61.000, Length: 61, Loss: 1.5492, Entropy: 0.6763, Epsilon: 0.267
2026-03-29 17:20:10 | INFO | Episode  297 - Reward: 134.000, Length: 134, Loss: 1.8939, Entropy: 0.6751, Epsilon: 0.265
2026-03-29 17:20:10 | INFO | Episode  298 - Reward: 31.000, Length: 31, Loss: 1.5574, Entropy: 0.6758, Epsilon: 0.262
2026-03-29 17:20:11 | INFO | Episode  299 - Reward: 53.000, Length: 53, Loss: 1.2049, Entropy: 0.6733, Epsilon: 0.260
2026-03-29 17:20:12 | INFO | Episode  300 - Reward: 35.000, Length: 35, Loss: 1.5943, Entropy: 0.6728, Epsilon: 0.258
2026-03-29 17:20:15 | INFO | [Episode  300] eps=0.258  avg_reward=  53.020  avg_length= 53.02  avg_loss=  1.3808  avg_entropy=0.6728  eval_success=0.000
2026-03-29 17:20:16 | INFO | Episode  301 - Reward: 69.000, Length: 69, Loss: 1.4099, Entropy: 0.6712, Epsilon: 0.255
2026-03-29 17:20:16 | INFO | Episode  302 - Reward: 150.000, Length: 150, Loss: 1.6511, Entropy: 0.6715, Epsilon: 0.253
2026-03-29 17:20:17 | INFO | Episode  303 - Reward: 66.000, Length: 66, Loss: 1.6062, Entropy: 0.6722, Epsilon: 0.250
2026-03-29 17:20:18 | INFO | Episode  304 - Reward: 51.000, Length: 51, Loss: 1.9302, Entropy: 0.6725, Epsilon: 0.248
2026-03-29 17:20:18 | INFO | Episode  305 - Reward: 49.000, Length: 49, Loss: 1.8585, Entropy: 0.6695, Epsilon: 0.245
2026-03-29 17:20:19 | INFO | Episode  306 - Reward: 87.000, Length: 87, Loss: 2.1825, Entropy: 0.6710, Epsilon: 0.243
2026-03-29 17:20:19 | INFO | Episode  307 - Reward: 47.000, Length: 47, Loss: 1.4552, Entropy: 0.6703, Epsilon: 0.240
2026-03-29 17:20:20 | INFO | Episode  308 - Reward: 20.000, Length: 20, Loss: 1.5399, Entropy: 0.6697, Epsilon: 0.238
2026-03-29 17:20:21 | INFO | Episode  309 - Reward: 45.000, Length: 45, Loss: 1.3483, Entropy: 0.6685, Epsilon: 0.235
2026-03-29 17:20:21 | INFO | Episode  310 - Reward: 54.000, Length: 54, Loss: 1.3514, Entropy: 0.6684, Epsilon: 0.233
2026-03-29 17:20:22 | INFO | Episode  311 - Reward: 41.000, Length: 41, Loss: 1.6856, Entropy: 0.6689, Epsilon: 0.230
2026-03-29 17:20:22 | INFO | Episode  312 - Reward: 37.000, Length: 37, Loss: 1.6291, Entropy: 0.6684, Epsilon: 0.228
2026-03-29 17:20:23 | INFO | Episode  313 - Reward: 76.000, Length: 76, Loss: 1.7366, Entropy: 0.6659, Epsilon: 0.225
2026-03-29 17:20:24 | INFO | Episode  314 - Reward: 27.000, Length: 27, Loss: 2.4076, Entropy: 0.6638, Epsilon: 0.223
2026-03-29 17:20:24 | INFO | Episode  315 - Reward: 31.000, Length: 31, Loss: 2.1948, Entropy: 0.6643, Epsilon: 0.220
2026-03-29 17:20:25 | INFO | Episode  316 - Reward: 120.000, Length: 120, Loss: 1.9312, Entropy: 0.6649, Epsilon: 0.218
2026-03-29 17:20:25 | INFO | Episode  317 - Reward: 37.000, Length: 37, Loss: 1.1712, Entropy: 0.6637, Epsilon: 0.215
2026-03-29 17:20:26 | INFO | Episode  318 - Reward: 35.000, Length: 35, Loss: 2.1457, Entropy: 0.6594, Epsilon: 0.213
2026-03-29 17:20:27 | INFO | Episode  319 - Reward: 40.000, Length: 40, Loss: 1.6461, Entropy: 0.6635, Epsilon: 0.210
2026-03-29 17:20:27 | INFO | Episode  320 - Reward: 31.000, Length: 31, Loss: 1.9270, Entropy: 0.6634, Epsilon: 0.208
2026-03-29 17:20:28 | INFO | Episode  321 - Reward: 71.000, Length: 71, Loss: 2.0044, Entropy: 0.6653, Epsilon: 0.206
2026-03-29 17:20:28 | INFO | Episode  322 - Reward: 86.000, Length: 86, Loss: 1.6218, Entropy: 0.6658, Epsilon: 0.203
2026-03-29 17:20:29 | INFO | Episode  323 - Reward: 66.000, Length: 66, Loss: 2.0813, Entropy: 0.6647, Epsilon: 0.201
2026-03-29 17:20:30 | INFO | Episode  324 - Reward: 71.000, Length: 71, Loss: 2.1922, Entropy: 0.6641, Epsilon: 0.198
2026-03-29 17:20:30 | INFO | Episode  325 - Reward: 66.000, Length: 66, Loss: 1.7067, Entropy: 0.6654, Epsilon: 0.196
2026-03-29 17:20:31 | INFO | Episode  326 - Reward: 55.000, Length: 55, Loss: 1.4726, Entropy: 0.6666, Epsilon: 0.193
2026-03-29 17:20:32 | INFO | Episode  327 - Reward: 43.000, Length: 43, Loss: 2.1676, Entropy: 0.6635, Epsilon: 0.191
2026-03-29 17:20:32 | INFO | Episode  328 - Reward: 28.000, Length: 28, Loss: 1.9329, Entropy: 0.6643, Epsilon: 0.188
2026-03-29 17:20:33 | INFO | Episode  329 - Reward: 38.000, Length: 38, Loss: 2.2627, Entropy: 0.6649, Epsilon: 0.186
2026-03-29 17:20:34 | INFO | Episode  330 - Reward: 37.000, Length: 37, Loss: 1.4737, Entropy: 0.6624, Epsilon: 0.183
2026-03-29 17:20:34 | INFO | Episode  331 - Reward: 50.000, Length: 50, Loss: 1.5133, Entropy: 0.6613, Epsilon: 0.181
2026-03-29 17:20:35 | INFO | Episode  332 - Reward: 68.000, Length: 68, Loss: 2.3583, Entropy: 0.6608, Epsilon: 0.178
2026-03-29 17:20:35 | INFO | Episode  333 - Reward: 37.000, Length: 37, Loss: 2.4189, Entropy: 0.6608, Epsilon: 0.176
2026-03-29 17:20:36 | INFO | Episode  334 - Reward: 83.000, Length: 83, Loss: 2.6632, Entropy: 0.6591, Epsilon: 0.173
2026-03-29 17:20:37 | INFO | Episode  335 - Reward: 52.000, Length: 52, Loss: 2.1237, Entropy: 0.6621, Epsilon: 0.171
2026-03-29 17:20:37 | INFO | Episode  336 - Reward: 40.000, Length: 40, Loss: 1.9841, Entropy: 0.6589, Epsilon: 0.168
2026-03-29 17:20:38 | INFO | Episode  337 - Reward: 66.000, Length: 66, Loss: 1.7303, Entropy: 0.6580, Epsilon: 0.166
2026-03-29 17:20:39 | INFO | Episode  338 - Reward: 80.000, Length: 80, Loss: 1.8519, Entropy: 0.6601, Epsilon: 0.163
2026-03-29 17:20:39 | INFO | Episode  339 - Reward: 47.000, Length: 47, Loss: 2.7637, Entropy: 0.6572, Epsilon: 0.161
2026-03-29 17:20:40 | INFO | Episode  340 - Reward: 53.000, Length: 53, Loss: 2.1403, Entropy: 0.6501, Epsilon: 0.158
2026-03-29 17:20:41 | INFO | Episode  341 - Reward: 144.000, Length: 144, Loss: 1.8344, Entropy: 0.6548, Epsilon: 0.156
2026-03-29 17:20:41 | INFO | Episode  342 - Reward: 43.000, Length: 43, Loss: 2.5358, Entropy: 0.6558, Epsilon: 0.154
2026-03-29 17:20:42 | INFO | Episode  343 - Reward: 72.000, Length: 72, Loss: 1.8445, Entropy: 0.6509, Epsilon: 0.151
2026-03-29 17:20:43 | INFO | Episode  344 - Reward: 127.000, Length: 127, Loss: 2.0711, Entropy: 0.6560, Epsilon: 0.149
2026-03-29 17:20:43 | INFO | Episode  345 - Reward: 96.000, Length: 96, Loss: 1.9258, Entropy: 0.6523, Epsilon: 0.146
2026-03-29 17:20:44 | INFO | Episode  346 - Reward: 99.000, Length: 99, Loss: 1.9341, Entropy: 0.6557, Epsilon: 0.144
2026-03-29 17:20:45 | INFO | Episode  347 - Reward: 94.000, Length: 94, Loss: 1.9423, Entropy: 0.6567, Epsilon: 0.141
2026-03-29 17:20:45 | INFO | Episode  348 - Reward: 65.000, Length: 65, Loss: 2.3504, Entropy: 0.6522, Epsilon: 0.139
2026-03-29 17:20:46 | INFO | Episode  349 - Reward: 67.000, Length: 67, Loss: 2.0848, Entropy: 0.6519, Epsilon: 0.136
2026-03-29 17:20:46 | INFO | Episode  350 - Reward: 101.000, Length: 101, Loss: 2.1539, Entropy: 0.6519, Epsilon: 0.134
2026-03-29 17:20:54 | INFO | [Episode  350] eps=0.134  avg_reward=  63.160  avg_length= 63.16  avg_loss=  1.9190  avg_entropy=0.6519  eval_success=0.120
2026-03-29 17:20:54 | INFO | Episode  351 - Reward: 90.000, Length: 90, Loss: 1.8640, Entropy: 0.6549, Epsilon: 0.131
2026-03-29 17:20:55 | INFO | Episode  352 - Reward: 119.000, Length: 119, Loss: 2.6410, Entropy: 0.6472, Epsilon: 0.129
2026-03-29 17:20:55 | INFO | Episode  353 - Reward: 64.000, Length: 64, Loss: 2.0682, Entropy: 0.6500, Epsilon: 0.126
2026-03-29 17:20:56 | INFO | Episode  354 - Reward: 54.000, Length: 54, Loss: 1.5854, Entropy: 0.6509, Epsilon: 0.124
2026-03-29 17:20:56 | INFO | Episode  355 - Reward: 53.000, Length: 53, Loss: 2.2154, Entropy: 0.6508, Epsilon: 0.121
2026-03-29 17:20:56 | INFO | Episode  356 - Reward: 35.000, Length: 35, Loss: 1.9187, Entropy: 0.6530, Epsilon: 0.119
2026-03-29 17:20:57 | INFO | Episode  357 - Reward: 52.000, Length: 52, Loss: 1.7470, Entropy: 0.6519, Epsilon: 0.116
2026-03-29 17:20:57 | INFO | Episode  358 - Reward: 75.000, Length: 75, Loss: 2.3210, Entropy: 0.6493, Epsilon: 0.114
2026-03-29 17:20:58 | INFO | Episode  359 - Reward: 37.000, Length: 37, Loss: 2.3316, Entropy: 0.6501, Epsilon: 0.111
2026-03-29 17:20:58 | INFO | Episode  360 - Reward: 45.000, Length: 45, Loss: 2.1511, Entropy: 0.6526, Epsilon: 0.109
2026-03-29 17:20:59 | INFO | Episode  361 - Reward: 49.000, Length: 49, Loss: 1.8790, Entropy: 0.6511, Epsilon: 0.107
2026-03-29 17:20:59 | INFO | Episode  362 - Reward: 64.000, Length: 64, Loss: 2.2424, Entropy: 0.6488, Epsilon: 0.104
2026-03-29 17:20:59 | INFO | Episode  363 - Reward: 200.000, Length: 200, Loss: 1.8836, Entropy: 0.6512, Epsilon: 0.102
2026-03-29 17:21:00 | INFO | Episode  364 - Reward: 138.000, Length: 138, Loss: 1.9331, Entropy: 0.6530, Epsilon: 0.099
2026-03-29 17:21:01 | INFO | Episode  365 - Reward: 48.000, Length: 48, Loss: 1.9585, Entropy: 0.6552, Epsilon: 0.097
2026-03-29 17:21:01 | INFO | Episode  366 - Reward: 128.000, Length: 128, Loss: 2.2937, Entropy: 0.6523, Epsilon: 0.094
2026-03-29 17:21:01 | INFO | Episode  367 - Reward: 113.000, Length: 113, Loss: 2.1106, Entropy: 0.6502, Epsilon: 0.092
2026-03-29 17:21:02 | INFO | Episode  368 - Reward: 96.000, Length: 96, Loss: 1.4256, Entropy: 0.6521, Epsilon: 0.089
2026-03-29 17:21:02 | INFO | Episode  369 - Reward: 72.000, Length: 72, Loss: 1.6925, Entropy: 0.6541, Epsilon: 0.087
2026-03-29 17:21:03 | INFO | Episode  370 - Reward: 118.000, Length: 118, Loss: 2.4755, Entropy: 0.6489, Epsilon: 0.084
2026-03-29 17:21:03 | INFO | Episode  371 - Reward: 58.000, Length: 58, Loss: 1.7325, Entropy: 0.6494, Epsilon: 0.082
2026-03-29 17:21:04 | INFO | Episode  372 - Reward: 45.000, Length: 45, Loss: 1.6146, Entropy: 0.6502, Epsilon: 0.079
2026-03-29 17:21:04 | INFO | Episode  373 - Reward: 38.000, Length: 38, Loss: 1.8764, Entropy: 0.6494, Epsilon: 0.077
2026-03-29 17:21:04 | INFO | Episode  374 - Reward: 41.000, Length: 41, Loss: 2.4203, Entropy: 0.6473, Epsilon: 0.074
2026-03-29 17:21:05 | INFO | Episode  375 - Reward: 77.000, Length: 77, Loss: 2.2696, Entropy: 0.6496, Epsilon: 0.072
2026-03-29 17:21:05 | INFO | Episode  376 - Reward: 35.000, Length: 35, Loss: 3.1507, Entropy: 0.6429, Epsilon: 0.069
2026-03-29 17:21:06 | INFO | Episode  377 - Reward: 84.000, Length: 84, Loss: 2.2484, Entropy: 0.6481, Epsilon: 0.067
2026-03-29 17:21:06 | INFO | Episode  378 - Reward: 63.000, Length: 63, Loss: 2.2045, Entropy: 0.6444, Epsilon: 0.064
2026-03-29 17:21:07 | INFO | Episode  379 - Reward: 162.000, Length: 162, Loss: 1.7521, Entropy: 0.6449, Epsilon: 0.062
2026-03-29 17:21:07 | INFO | Episode  380 - Reward: 200.000, Length: 200, Loss: 1.5059, Entropy: 0.6400, Epsilon: 0.059
2026-03-29 17:21:08 | INFO | Episode  381 - Reward: 134.000, Length: 134, Loss: 2.0995, Entropy: 0.6450, Epsilon: 0.057
2026-03-29 17:21:08 | INFO | Episode  382 - Reward: 71.000, Length: 71, Loss: 2.0200, Entropy: 0.6436, Epsilon: 0.055
2026-03-29 17:21:09 | INFO | Episode  383 - Reward: 62.000, Length: 62, Loss: 2.3023, Entropy: 0.6433, Epsilon: 0.052
2026-03-29 17:21:09 | INFO | Episode  384 - Reward: 54.000, Length: 54, Loss: 2.2891, Entropy: 0.6441, Epsilon: 0.050
2026-03-29 17:21:10 | INFO | Episode  385 - Reward: 144.000, Length: 144, Loss: 2.3702, Entropy: 0.6436, Epsilon: 0.047
2026-03-29 17:21:10 | INFO | Episode  386 - Reward: 50.000, Length: 50, Loss: 1.9445, Entropy: 0.6399, Epsilon: 0.045
2026-03-29 17:21:10 | INFO | Episode  387 - Reward: 57.000, Length: 57, Loss: 1.5228, Entropy: 0.6382, Epsilon: 0.042
2026-03-29 17:21:11 | INFO | Episode  388 - Reward: 107.000, Length: 107, Loss: 1.9487, Entropy: 0.6326, Epsilon: 0.040
2026-03-29 17:21:11 | INFO | Episode  389 - Reward: 61.000, Length: 61, Loss: 1.4664, Entropy: 0.6396, Epsilon: 0.037
2026-03-29 17:21:12 | INFO | Episode  390 - Reward: 101.000, Length: 101, Loss: 1.8681, Entropy: 0.6330, Epsilon: 0.035
2026-03-29 17:21:12 | INFO | Episode  391 - Reward: 60.000, Length: 60, Loss: 2.2636, Entropy: 0.6361, Epsilon: 0.032
2026-03-29 17:21:13 | INFO | Episode  392 - Reward: 54.000, Length: 54, Loss: 2.4314, Entropy: 0.6343, Epsilon: 0.030
2026-03-29 17:21:13 | INFO | Episode  393 - Reward: 67.000, Length: 67, Loss: 1.5330, Entropy: 0.6386, Epsilon: 0.027
2026-03-29 17:21:14 | INFO | Episode  394 - Reward: 72.000, Length: 72, Loss: 2.5886, Entropy: 0.6373, Epsilon: 0.025
2026-03-29 17:21:14 | INFO | Episode  395 - Reward: 56.000, Length: 56, Loss: 2.3253, Entropy: 0.6407, Epsilon: 0.022
2026-03-29 17:21:14 | INFO | Episode  396 - Reward: 68.000, Length: 68, Loss: 2.6414, Entropy: 0.6362, Epsilon: 0.020
2026-03-29 17:21:15 | INFO | Episode  397 - Reward: 95.000, Length: 95, Loss: 1.7367, Entropy: 0.6385, Epsilon: 0.017
2026-03-29 17:21:15 | INFO | Episode  398 - Reward: 103.000, Length: 103, Loss: 2.1536, Entropy: 0.6347, Epsilon: 0.015
2026-03-29 17:21:16 | INFO | Episode  399 - Reward: 66.000, Length: 66, Loss: 2.1532, Entropy: 0.6425, Epsilon: 0.012
2026-03-29 17:21:16 | INFO | Episode  400 - Reward: 86.000, Length: 86, Loss: 2.4474, Entropy: 0.6376, Epsilon: 0.010
2026-03-29 17:21:20 | INFO | [Episode  400] eps=0.010  avg_reward=  80.420  avg_length= 80.42  avg_loss=  2.0724  avg_entropy=0.6376  eval_success=0.000
2026-03-29 17:21:20 | INFO | Episode  401 - Reward: 77.000, Length: 77, Loss: 2.1346, Entropy: 0.6355, Epsilon: 0.010
2026-03-29 17:21:21 | INFO | Episode  402 - Reward: 146.000, Length: 146, Loss: 1.5548, Entropy: 0.6355, Epsilon: 0.010
2026-03-29 17:21:21 | INFO | Episode  403 - Reward: 130.000, Length: 130, Loss: 1.8184, Entropy: 0.6329, Epsilon: 0.010
2026-03-29 17:21:22 | INFO | Episode  404 - Reward: 125.000, Length: 125, Loss: 1.5934, Entropy: 0.6355, Epsilon: 0.010
2026-03-29 17:21:22 | INFO | Episode  405 - Reward: 200.000, Length: 200, Loss: 1.9391, Entropy: 0.6356, Epsilon: 0.010
2026-03-29 17:21:23 | INFO | Episode  406 - Reward: 105.000, Length: 105, Loss: 1.9037, Entropy: 0.6361, Epsilon: 0.010
2026-03-29 17:21:23 | INFO | Episode  407 - Reward: 96.000, Length: 96, Loss: 2.3674, Entropy: 0.6342, Epsilon: 0.010
2026-03-29 17:21:23 | INFO | Episode  408 - Reward: 199.000, Length: 199, Loss: 1.4770, Entropy: 0.6286, Epsilon: 0.010
2026-03-29 17:21:24 | INFO | Episode  409 - Reward: 200.000, Length: 200, Loss: 2.2434, Entropy: 0.6303, Epsilon: 0.010
2026-03-29 17:21:24 | INFO | Episode  410 - Reward: 118.000, Length: 118, Loss: 1.6681, Entropy: 0.6349, Epsilon: 0.010
2026-03-29 17:21:25 | INFO | Episode  411 - Reward: 92.000, Length: 92, Loss: 1.6726, Entropy: 0.6328, Epsilon: 0.010
2026-03-29 17:21:25 | INFO | Episode  412 - Reward: 125.000, Length: 125, Loss: 1.9229, Entropy: 0.6237, Epsilon: 0.010
2026-03-29 17:21:26 | INFO | Episode  413 - Reward: 199.000, Length: 199, Loss: 1.8921, Entropy: 0.6231, Epsilon: 0.010
2026-03-29 17:21:26 | INFO | Episode  414 - Reward: 200.000, Length: 200, Loss: 1.7768, Entropy: 0.6286, Epsilon: 0.010
2026-03-29 17:21:27 | INFO | Episode  415 - Reward: 200.000, Length: 200, Loss: 2.3069, Entropy: 0.6327, Epsilon: 0.010
2026-03-29 17:21:27 | INFO | Episode  416 - Reward: 136.000, Length: 136, Loss: 2.6816, Entropy: 0.6316, Epsilon: 0.010
2026-03-29 17:21:28 | INFO | Episode  417 - Reward: 117.000, Length: 117, Loss: 2.0799, Entropy: 0.6306, Epsilon: 0.010
2026-03-29 17:21:28 | INFO | Episode  418 - Reward: 127.000, Length: 127, Loss: 2.0131, Entropy: 0.6377, Epsilon: 0.010
2026-03-29 17:21:29 | INFO | Episode  419 - Reward: 174.000, Length: 174, Loss: 1.6443, Entropy: 0.6346, Epsilon: 0.010
2026-03-29 17:21:29 | INFO | Episode  420 - Reward: 200.000, Length: 200, Loss: 2.6382, Entropy: 0.6292, Epsilon: 0.010
2026-03-29 17:21:29 | INFO | Episode  421 - Reward: 200.000, Length: 200, Loss: 2.6962, Entropy: 0.6285, Epsilon: 0.010
2026-03-29 17:21:30 | INFO | Episode  422 - Reward: 117.000, Length: 117, Loss: 2.7049, Entropy: 0.6302, Epsilon: 0.010
2026-03-29 17:21:30 | INFO | Episode  423 - Reward: 134.000, Length: 134, Loss: 2.7563, Entropy: 0.6252, Epsilon: 0.010
2026-03-29 17:21:31 | INFO | Episode  424 - Reward: 129.000, Length: 129, Loss: 2.6871, Entropy: 0.6276, Epsilon: 0.010
2026-03-29 17:21:31 | INFO | Episode  425 - Reward: 109.000, Length: 109, Loss: 2.3737, Entropy: 0.6333, Epsilon: 0.010
2026-03-29 17:21:31 | INFO | Episode  426 - Reward: 134.000, Length: 134, Loss: 3.2106, Entropy: 0.6308, Epsilon: 0.010
2026-03-29 17:21:32 | INFO | Episode  427 - Reward: 131.000, Length: 131, Loss: 1.9216, Entropy: 0.6318, Epsilon: 0.010
2026-03-29 17:21:32 | INFO | Episode  428 - Reward: 156.000, Length: 156, Loss: 2.2980, Entropy: 0.6245, Epsilon: 0.010
2026-03-29 17:21:33 | INFO | Episode  429 - Reward: 140.000, Length: 140, Loss: 2.8352, Entropy: 0.6242, Epsilon: 0.010
2026-03-29 17:21:33 | INFO | Episode  430 - Reward: 200.000, Length: 200, Loss: 3.4359, Entropy: 0.6204, Epsilon: 0.010
2026-03-29 17:21:34 | INFO | Episode  431 - Reward: 191.000, Length: 191, Loss: 7.6350, Entropy: 0.6194, Epsilon: 0.010
2026-03-29 17:21:34 | INFO | Episode  432 - Reward: 129.000, Length: 129, Loss: 3.2363, Entropy: 0.6305, Epsilon: 0.010
2026-03-29 17:21:35 | INFO | Episode  433 - Reward: 140.000, Length: 140, Loss: 14.8913, Entropy: 0.6173, Epsilon: 0.010
2026-03-29 17:21:35 | INFO | Episode  434 - Reward: 23.000, Length: 23, Loss: 27.9800, Entropy: 0.6379, Epsilon: 0.010
2026-03-29 17:21:35 | INFO | Episode  435 - Reward: 200.000, Length: 200, Loss: 13.7015, Entropy: 0.6136, Epsilon: 0.010
2026-03-29 17:21:36 | INFO | Episode  436 - Reward: 19.000, Length: 19, Loss: 6.5551, Entropy: 0.6302, Epsilon: 0.010
2026-03-29 17:21:36 | INFO | Episode  437 - Reward: 21.000, Length: 21, Loss: 21.4429, Entropy: 0.6159, Epsilon: 0.010
2026-03-29 17:21:37 | INFO | Episode  438 - Reward: 17.000, Length: 17, Loss: 34.1242, Entropy: 0.6249, Epsilon: 0.010
2026-03-29 17:21:37 | INFO | Episode  439 - Reward: 19.000, Length: 19, Loss: 31.0738, Entropy: 0.6092, Epsilon: 0.010
2026-03-29 17:21:38 | INFO | Episode  440 - Reward: 20.000, Length: 20, Loss: 20.2901, Entropy: 0.6450, Epsilon: 0.010
2026-03-29 17:21:38 | INFO | Episode  441 - Reward: 156.000, Length: 156, Loss: 10.8448, Entropy: 0.6222, Epsilon: 0.010
2026-03-29 17:21:38 | INFO | Episode  442 - Reward: 16.000, Length: 16, Loss: 9.2871, Entropy: 0.5920, Epsilon: 0.010
2026-03-29 17:21:39 | INFO | Episode  443 - Reward: 19.000, Length: 19, Loss: 12.9107, Entropy: 0.6363, Epsilon: 0.010
2026-03-29 17:21:39 | INFO | Episode  444 - Reward: 115.000, Length: 115, Loss: 12.6272, Entropy: 0.6119, Epsilon: 0.010
2026-03-29 17:21:40 | INFO | Episode  445 - Reward: 28.000, Length: 28, Loss: 7.3291, Entropy: 0.6231, Epsilon: 0.010
2026-03-29 17:21:40 | INFO | Episode  446 - Reward: 25.000, Length: 25, Loss: 28.7565, Entropy: 0.5855, Epsilon: 0.010
2026-03-29 17:21:41 | INFO | Episode  447 - Reward: 19.000, Length: 19, Loss: 46.9416, Entropy: 0.5940, Epsilon: 0.010
2026-03-29 17:21:41 | INFO | Episode  448 - Reward: 20.000, Length: 20, Loss: 35.5161, Entropy: 0.6122, Epsilon: 0.010
2026-03-29 17:21:41 | INFO | Episode  449 - Reward: 192.000, Length: 192, Loss: 36.6586, Entropy: 0.6104, Epsilon: 0.010
2026-03-29 17:21:42 | INFO | Episode  450 - Reward: 15.000, Length: 15, Loss: 27.9318, Entropy: 0.6272, Epsilon: 0.010
2026-03-29 17:21:43 | INFO | [Episode  450] eps=0.010  avg_reward= 116.000  avg_length=116.00  avg_loss=  9.5196  avg_entropy=0.6272  eval_success=0.000
2026-03-29 17:21:43 | INFO | Episode  451 - Reward: 17.000, Length: 17, Loss: 25.5823, Entropy: 0.6376, Epsilon: 0.010
2026-03-29 17:21:44 | INFO | Episode  452 - Reward: 24.000, Length: 24, Loss: 27.5308, Entropy: 0.6389, Epsilon: 0.010
2026-03-29 17:21:44 | INFO | Episode  453 - Reward: 30.000, Length: 30, Loss: 15.9842, Entropy: 0.5981, Epsilon: 0.010
2026-03-29 17:21:44 | INFO | Episode  454 - Reward: 27.000, Length: 27, Loss: 15.3320, Entropy: 0.6067, Epsilon: 0.010
2026-03-29 17:21:45 | INFO | Episode  455 - Reward: 33.000, Length: 33, Loss: 17.5475, Entropy: 0.6301, Epsilon: 0.010
2026-03-29 17:21:45 | INFO | Episode  456 - Reward: 117.000, Length: 117, Loss: 10.2135, Entropy: 0.6034, Epsilon: 0.010
2026-03-29 17:21:46 | INFO | Episode  457 - Reward: 26.000, Length: 26, Loss: 19.2759, Entropy: 0.6253, Epsilon: 0.010
2026-03-29 17:21:46 | INFO | Episode  458 - Reward: 152.000, Length: 152, Loss: 33.7412, Entropy: 0.6160, Epsilon: 0.010
2026-03-29 17:21:46 | INFO | Episode  459 - Reward: 24.000, Length: 24, Loss: 23.7294, Entropy: 0.6015, Epsilon: 0.010
2026-03-29 17:21:47 | INFO | Episode  460 - Reward: 19.000, Length: 19, Loss: 13.7985, Entropy: 0.6194, Epsilon: 0.010
2026-03-29 17:21:47 | INFO | Episode  461 - Reward: 143.000, Length: 143, Loss: 23.0420, Entropy: 0.6050, Epsilon: 0.010
2026-03-29 17:21:48 | INFO | Episode  462 - Reward: 22.000, Length: 22, Loss: 16.1456, Entropy: 0.6269, Epsilon: 0.010
2026-03-29 17:21:48 | INFO | Episode  463 - Reward: 128.000, Length: 128, Loss: 10.1927, Entropy: 0.6093, Epsilon: 0.010
2026-03-29 17:21:48 | INFO | Episode  464 - Reward: 19.000, Length: 19, Loss: 25.6998, Entropy: 0.5755, Epsilon: 0.010
2026-03-29 17:21:49 | INFO | Episode  465 - Reward: 22.000, Length: 22, Loss: 35.8796, Entropy: 0.6221, Epsilon: 0.010
2026-03-29 17:21:49 | INFO | Episode  466 - Reward: 29.000, Length: 29, Loss: 24.8284, Entropy: 0.5962, Epsilon: 0.010
2026-03-29 17:21:50 | INFO | Episode  467 - Reward: 29.000, Length: 29, Loss: 15.1615, Entropy: 0.6294, Epsilon: 0.010
2026-03-29 17:21:50 | INFO | Episode  468 - Reward: 32.000, Length: 32, Loss: 16.5633, Entropy: 0.6127, Epsilon: 0.010
2026-03-29 17:21:51 | INFO | Episode  469 - Reward: 19.000, Length: 19, Loss: 10.5744, Entropy: 0.6003, Epsilon: 0.010
2026-03-29 17:21:51 | INFO | Episode  470 - Reward: 16.000, Length: 16, Loss: 10.3750, Entropy: 0.6059, Epsilon: 0.010
2026-03-29 17:21:52 | INFO | Episode  471 - Reward: 33.000, Length: 33, Loss: 10.7610, Entropy: 0.5852, Epsilon: 0.010
2026-03-29 17:21:52 | INFO | Episode  472 - Reward: 110.000, Length: 110, Loss: 10.8582, Entropy: 0.6090, Epsilon: 0.010
2026-03-29 17:21:53 | INFO | Episode  473 - Reward: 34.000, Length: 34, Loss: 12.0266, Entropy: 0.6020, Epsilon: 0.010
2026-03-29 17:21:53 | INFO | Episode  474 - Reward: 109.000, Length: 109, Loss: 6.7731, Entropy: 0.5922, Epsilon: 0.010
2026-03-29 17:21:54 | INFO | Episode  475 - Reward: 30.000, Length: 30, Loss: 5.9879, Entropy: 0.6045, Epsilon: 0.010
2026-03-29 17:21:54 | INFO | Episode  476 - Reward: 200.000, Length: 200, Loss: 5.2733, Entropy: 0.6032, Epsilon: 0.010
2026-03-29 17:21:55 | INFO | Episode  477 - Reward: 200.000, Length: 200, Loss: 6.9516, Entropy: 0.5886, Epsilon: 0.010
2026-03-29 17:21:55 | INFO | Episode  478 - Reward: 126.000, Length: 126, Loss: 5.5592, Entropy: 0.5863, Epsilon: 0.010
2026-03-29 17:21:55 | INFO | Episode  479 - Reward: 200.000, Length: 200, Loss: 6.8236, Entropy: 0.5831, Epsilon: 0.010
2026-03-29 17:21:56 | INFO | Episode  480 - Reward: 200.000, Length: 200, Loss: 6.9231, Entropy: 0.5744, Epsilon: 0.010
2026-03-29 17:21:56 | INFO | Episode  481 - Reward: 200.000, Length: 200, Loss: 5.0852, Entropy: 0.5751, Epsilon: 0.010
2026-03-29 17:21:57 | INFO | Episode  482 - Reward: 200.000, Length: 200, Loss: 8.2453, Entropy: 0.5720, Epsilon: 0.010
2026-03-29 17:21:57 | INFO | Episode  483 - Reward: 200.000, Length: 200, Loss: 5.5470, Entropy: 0.5628, Epsilon: 0.010
2026-03-29 17:21:58 | INFO | Episode  484 - Reward: 200.000, Length: 200, Loss: 6.0259, Entropy: 0.5583, Epsilon: 0.010
2026-03-29 17:21:58 | INFO | Episode  485 - Reward: 200.000, Length: 200, Loss: 6.1037, Entropy: 0.5517, Epsilon: 0.010
2026-03-29 17:21:59 | INFO | Episode  486 - Reward: 200.000, Length: 200, Loss: 7.1914, Entropy: 0.5457, Epsilon: 0.010
2026-03-29 17:21:59 | INFO | Episode  487 - Reward: 200.000, Length: 200, Loss: 6.8974, Entropy: 0.5419, Epsilon: 0.010
2026-03-29 17:22:00 | INFO | Episode  488 - Reward: 200.000, Length: 200, Loss: 11.9302, Entropy: 0.5397, Epsilon: 0.010
2026-03-29 17:22:00 | INFO | Episode  489 - Reward: 107.000, Length: 107, Loss: 8.6207, Entropy: 0.5507, Epsilon: 0.010
2026-03-29 17:22:01 | INFO | Episode  490 - Reward: 200.000, Length: 200, Loss: 15.3810, Entropy: 0.5472, Epsilon: 0.010
2026-03-29 17:22:01 | INFO | Episode  491 - Reward: 200.000, Length: 200, Loss: 20.7537, Entropy: 0.5586, Epsilon: 0.010
2026-03-29 17:22:02 | INFO | Episode  492 - Reward: 200.000, Length: 200, Loss: 10.2430, Entropy: 0.5375, Epsilon: 0.010
2026-03-29 17:22:02 | INFO | Episode  493 - Reward: 31.000, Length: 31, Loss: 17.8966, Entropy: 0.5277, Epsilon: 0.010
2026-03-29 17:22:02 | INFO | Episode  494 - Reward: 31.000, Length: 31, Loss: 29.2809, Entropy: 0.5172, Epsilon: 0.010
2026-03-29 17:22:03 | INFO | Episode  495 - Reward: 33.000, Length: 33, Loss: 22.0996, Entropy: 0.4619, Epsilon: 0.010
2026-03-29 17:22:03 | INFO | Episode  496 - Reward: 25.000, Length: 25, Loss: 10.4782, Entropy: 0.5297, Epsilon: 0.010
2026-03-29 17:22:04 | INFO | Episode  497 - Reward: 25.000, Length: 25, Loss: 10.2728, Entropy: 0.5186, Epsilon: 0.010
2026-03-29 17:22:04 | INFO | Episode  498 - Reward: 122.000, Length: 122, Loss: 10.7409, Entropy: 0.5295, Epsilon: 0.010
2026-03-29 17:22:05 | INFO | Episode  499 - Reward: 169.000, Length: 169, Loss: 7.7420, Entropy: 0.5450, Epsilon: 0.010
2026-03-29 17:22:05 | INFO | Episode  500 - Reward: 200.000, Length: 200, Loss: 8.6171, Entropy: 0.5447, Epsilon: 0.010
2026-03-29 17:22:13 | INFO | [Episode  500] eps=0.010  avg_reward= 102.260  avg_length=102.26  avg_loss= 13.9658  avg_entropy=0.5447  eval_success=0.000
2026-03-29 17:22:13 | INFO | DQN+Entropy training: 4m 29.54s
2026-03-29 17:22:39 | INFO | [Final Eval] success=0.000, mean_reward=161.730
