2026-03-29 20:50:32 | INFO | ============================================================
2026-03-29 20:50:32 | INFO | DEVICE / COMPUTE INFORMATION
2026-03-29 20:50:32 | INFO |   JAX backend       : CPU
2026-03-29 20:50:32 | INFO |   Platform          : cpu
2026-03-29 20:50:32 | INFO |   Num devices       : 1
2026-03-29 20:50:32 | INFO |   Device            : TFRT_CPU_0
2026-03-29 20:50:32 | INFO | ============================================================
2026-03-29 20:50:32 | INFO | DQN+Entropy | seed=2, lr=0.01, gamma=0.99, alpha=0.05
2026-03-29 20:50:32 | INFO | Env: mountaincar/dense, obs_dim=2, num_actions=3
2026-03-29 20:50:34 | INFO | Episode    1 - Reward: -200.000, Length: 200, Loss: 0.0000, Entropy: 0.0000, Epsilon: 0.998
2026-03-29 20:50:36 | INFO | Episode    2 - Reward: -200.000, Length: 200, Loss: 0.8677, Entropy: 1.0985, Epsilon: 0.995
2026-03-29 20:50:37 | INFO | Episode    3 - Reward: -200.000, Length: 200, Loss: 0.7956, Entropy: 1.0985, Epsilon: 0.993
2026-03-29 20:50:37 | INFO | Episode    4 - Reward: -200.000, Length: 200, Loss: 0.8774, Entropy: 1.0985, Epsilon: 0.990
2026-03-29 20:50:38 | INFO | Episode    5 - Reward: -200.000, Length: 200, Loss: 0.8084, Entropy: 1.0985, Epsilon: 0.988
2026-03-29 20:50:39 | INFO | Episode    6 - Reward: -200.000, Length: 200, Loss: 0.8804, Entropy: 1.0985, Epsilon: 0.985
2026-03-29 20:50:40 | INFO | Episode    7 - Reward: -200.000, Length: 200, Loss: 0.8107, Entropy: 1.0985, Epsilon: 0.983
2026-03-29 20:50:40 | INFO | Episode    8 - Reward: -200.000, Length: 200, Loss: 0.7424, Entropy: 1.0985, Epsilon: 0.980
2026-03-29 20:50:41 | INFO | Episode    9 - Reward: -200.000, Length: 200, Loss: 0.8887, Entropy: 1.0985, Epsilon: 0.978
2026-03-29 20:50:42 | INFO | Episode   10 - Reward: -200.000, Length: 200, Loss: 0.8113, Entropy: 1.0986, Epsilon: 0.975
2026-03-29 20:50:43 | INFO | Episode   11 - Reward: -200.000, Length: 200, Loss: 0.8846, Entropy: 1.0985, Epsilon: 0.973
2026-03-29 20:50:43 | INFO | Episode   12 - Reward: -200.000, Length: 200, Loss: 0.8052, Entropy: 1.0985, Epsilon: 0.970
2026-03-29 20:50:44 | INFO | Episode   13 - Reward: -200.000, Length: 200, Loss: 0.7288, Entropy: 1.0985, Epsilon: 0.968
2026-03-29 20:50:45 | INFO | Episode   14 - Reward: -200.000, Length: 200, Loss: 0.8717, Entropy: 1.0985, Epsilon: 0.965
2026-03-29 20:50:46 | INFO | Episode   15 - Reward: -200.000, Length: 200, Loss: 0.7834, Entropy: 1.0985, Epsilon: 0.963
2026-03-29 20:50:46 | INFO | Episode   16 - Reward: -200.000, Length: 200, Loss: 0.8640, Entropy: 1.0985, Epsilon: 0.960
2026-03-29 20:50:47 | INFO | Episode   17 - Reward: -200.000, Length: 200, Loss: 0.7651, Entropy: 1.0984, Epsilon: 0.958
2026-03-29 20:50:48 | INFO | Episode   18 - Reward: -200.000, Length: 200, Loss: 0.6784, Entropy: 1.0984, Epsilon: 0.955
2026-03-29 20:50:49 | INFO | Episode   19 - Reward: -200.000, Length: 200, Loss: 0.8500, Entropy: 1.0984, Epsilon: 0.953
2026-03-29 20:50:49 | INFO | Episode   20 - Reward: -200.000, Length: 200, Loss: 0.7357, Entropy: 1.0984, Epsilon: 0.951
2026-03-29 20:50:50 | INFO | Episode   21 - Reward: -200.000, Length: 200, Loss: 0.8446, Entropy: 1.0984, Epsilon: 0.948
2026-03-29 20:50:51 | INFO | Episode   22 - Reward: -200.000, Length: 200, Loss: 0.7110, Entropy: 1.0985, Epsilon: 0.946
2026-03-29 20:50:51 | INFO | Episode   23 - Reward: -200.000, Length: 200, Loss: 0.5887, Entropy: 1.0984, Epsilon: 0.943
2026-03-29 20:50:52 | INFO | Episode   24 - Reward: -200.000, Length: 200, Loss: 0.8235, Entropy: 1.0984, Epsilon: 0.941
2026-03-29 20:50:53 | INFO | Episode   25 - Reward: -200.000, Length: 200, Loss: 0.6645, Entropy: 1.0984, Epsilon: 0.938
2026-03-29 20:50:54 | INFO | Episode   26 - Reward: -200.000, Length: 200, Loss: 0.7992, Entropy: 1.0983, Epsilon: 0.936
2026-03-29 20:50:54 | INFO | Episode   27 - Reward: -200.000, Length: 200, Loss: 0.6137, Entropy: 1.0983, Epsilon: 0.933
2026-03-29 20:50:55 | INFO | Episode   28 - Reward: -200.000, Length: 200, Loss: 0.4502, Entropy: 1.0984, Epsilon: 0.931
2026-03-29 20:50:56 | INFO | Episode   29 - Reward: -200.000, Length: 200, Loss: 0.7619, Entropy: 1.0984, Epsilon: 0.928
2026-03-29 20:50:56 | INFO | Episode   30 - Reward: -200.000, Length: 200, Loss: 0.5229, Entropy: 1.0982, Epsilon: 0.926
2026-03-29 20:50:57 | INFO | Episode   31 - Reward: -200.000, Length: 200, Loss: 0.7277, Entropy: 1.0982, Epsilon: 0.923
2026-03-29 20:50:58 | INFO | Episode   32 - Reward: -200.000, Length: 200, Loss: 0.4444, Entropy: 1.0982, Epsilon: 0.921
2026-03-29 20:50:59 | INFO | Episode   33 - Reward: -200.000, Length: 200, Loss: 0.2495, Entropy: 1.0983, Epsilon: 0.918
2026-03-29 20:50:59 | INFO | Episode   34 - Reward: -200.000, Length: 200, Loss: 0.6895, Entropy: 1.0984, Epsilon: 0.916
2026-03-29 20:51:00 | INFO | Episode   35 - Reward: -200.000, Length: 200, Loss: 0.3463, Entropy: 1.0984, Epsilon: 0.913
2026-03-29 20:51:01 | INFO | Episode   36 - Reward: -200.000, Length: 200, Loss: 0.6676, Entropy: 1.0983, Epsilon: 0.911
2026-03-29 20:51:02 | INFO | Episode   37 - Reward: -200.000, Length: 200, Loss: 0.2513, Entropy: 1.0985, Epsilon: 0.908
2026-03-29 20:51:02 | INFO | Episode   38 - Reward: -200.000, Length: 200, Loss: 0.0603, Entropy: 1.0986, Epsilon: 0.906
2026-03-29 20:51:03 | INFO | Episode   39 - Reward: -200.000, Length: 200, Loss: 0.6010, Entropy: 1.0985, Epsilon: 0.903
2026-03-29 20:51:04 | INFO | Episode   40 - Reward: -200.000, Length: 200, Loss: 0.1743, Entropy: 1.0985, Epsilon: 0.901
2026-03-29 20:51:05 | INFO | Episode   41 - Reward: -200.000, Length: 200, Loss: 0.4835, Entropy: 1.0985, Epsilon: 0.899
2026-03-29 20:51:06 | INFO | Episode   42 - Reward: -200.000, Length: 200, Loss: 0.1451, Entropy: 1.0986, Epsilon: 0.896
2026-03-29 20:51:06 | INFO | Episode   43 - Reward: -200.000, Length: 200, Loss: 0.0718, Entropy: 1.0986, Epsilon: 0.894
2026-03-29 20:51:07 | INFO | Episode   44 - Reward: -200.000, Length: 200, Loss: 0.4214, Entropy: 1.0986, Epsilon: 0.891
2026-03-29 20:51:08 | INFO | Episode   45 - Reward: -200.000, Length: 200, Loss: 0.1485, Entropy: 1.0986, Epsilon: 0.889
2026-03-29 20:51:08 | INFO | Episode   46 - Reward: -200.000, Length: 200, Loss: 0.4052, Entropy: 1.0985, Epsilon: 0.886
2026-03-29 20:51:09 | INFO | Episode   47 - Reward: -200.000, Length: 200, Loss: 0.3247, Entropy: 1.0984, Epsilon: 0.884
2026-03-29 20:51:09 | INFO | Episode   48 - Reward: -200.000, Length: 200, Loss: 0.2636, Entropy: 1.0985, Epsilon: 0.881
2026-03-29 20:51:10 | INFO | Episode   49 - Reward: -200.000, Length: 200, Loss: 0.4279, Entropy: 1.0985, Epsilon: 0.879
2026-03-29 20:51:11 | INFO | Episode   50 - Reward: -200.000, Length: 200, Loss: 0.1203, Entropy: 1.0985, Epsilon: 0.876
2026-03-29 20:51:20 | INFO | [Episode   50] eps=0.876  avg_reward=-200.000  avg_length=200.00  avg_loss=  0.5851  avg_entropy=1.0985  eval_success=0.000
2026-03-29 20:51:20 | INFO | Episode   51 - Reward: -200.000, Length: 200, Loss: 0.7297, Entropy: 1.0984, Epsilon: 0.874
2026-03-29 20:51:21 | INFO | Episode   52 - Reward: -200.000, Length: 200, Loss: 0.3993, Entropy: 1.0983, Epsilon: 0.871
2026-03-29 20:51:22 | INFO | Episode   53 - Reward: -200.000, Length: 200, Loss: 0.3518, Entropy: 1.0982, Epsilon: 0.869
2026-03-29 20:51:22 | INFO | Episode   54 - Reward: -200.000, Length: 200, Loss: 0.9179, Entropy: 1.0978, Epsilon: 0.866
2026-03-29 20:51:22 | INFO | Episode   55 - Reward: -200.000, Length: 200, Loss: 0.2157, Entropy: 1.0984, Epsilon: 0.864
2026-03-29 20:51:23 | INFO | Episode   56 - Reward: -200.000, Length: 200, Loss: 0.4005, Entropy: 1.0985, Epsilon: 0.861
2026-03-29 20:51:23 | INFO | Episode   57 - Reward: -200.000, Length: 200, Loss: 0.4545, Entropy: 1.0981, Epsilon: 0.859
2026-03-29 20:51:24 | INFO | Episode   58 - Reward: -200.000, Length: 200, Loss: 0.2164, Entropy: 1.0983, Epsilon: 0.856
2026-03-29 20:51:24 | INFO | Episode   59 - Reward: -200.000, Length: 200, Loss: 0.8326, Entropy: 1.0978, Epsilon: 0.854
2026-03-29 20:51:25 | INFO | Episode   60 - Reward: -200.000, Length: 200, Loss: 0.3701, Entropy: 1.0982, Epsilon: 0.852
2026-03-29 20:51:25 | INFO | Episode   61 - Reward: -200.000, Length: 200, Loss: 0.5978, Entropy: 1.0978, Epsilon: 0.849
2026-03-29 20:51:25 | INFO | Episode   62 - Reward: -200.000, Length: 200, Loss: 0.6548, Entropy: 1.0978, Epsilon: 0.847
2026-03-29 20:51:26 | INFO | Episode   63 - Reward: -200.000, Length: 200, Loss: 0.3168, Entropy: 1.0982, Epsilon: 0.844
2026-03-29 20:51:26 | INFO | Episode   64 - Reward: -200.000, Length: 200, Loss: 0.7844, Entropy: 1.0980, Epsilon: 0.842
2026-03-29 20:51:27 | INFO | Episode   65 - Reward: -200.000, Length: 200, Loss: 1.9908, Entropy: 1.0972, Epsilon: 0.839
2026-03-29 20:51:27 | INFO | Episode   66 - Reward: -200.000, Length: 200, Loss: 1.1880, Entropy: 1.0972, Epsilon: 0.837
2026-03-29 20:51:28 | INFO | Episode   67 - Reward: -200.000, Length: 200, Loss: 0.8570, Entropy: 1.0972, Epsilon: 0.834
2026-03-29 20:51:28 | INFO | Episode   68 - Reward: -200.000, Length: 200, Loss: 0.7322, Entropy: 1.0978, Epsilon: 0.832
2026-03-29 20:51:29 | INFO | Episode   69 - Reward: -200.000, Length: 200, Loss: 1.4136, Entropy: 1.0973, Epsilon: 0.829
2026-03-29 20:51:29 | INFO | Episode   70 - Reward: -200.000, Length: 200, Loss: 1.3087, Entropy: 1.0974, Epsilon: 0.827
2026-03-29 20:51:30 | INFO | Episode   71 - Reward: -200.000, Length: 200, Loss: 1.2675, Entropy: 1.0979, Epsilon: 0.824
2026-03-29 20:51:30 | INFO | Episode   72 - Reward: -200.000, Length: 200, Loss: 0.5488, Entropy: 1.0974, Epsilon: 0.822
2026-03-29 20:51:30 | INFO | Episode   73 - Reward: -200.000, Length: 200, Loss: 1.6597, Entropy: 1.0966, Epsilon: 0.819
2026-03-29 20:51:31 | INFO | Episode   74 - Reward: -200.000, Length: 200, Loss: 1.0920, Entropy: 1.0983, Epsilon: 0.817
2026-03-29 20:51:31 | INFO | Episode   75 - Reward: -200.000, Length: 200, Loss: 1.9654, Entropy: 1.0951, Epsilon: 0.814
2026-03-29 20:51:32 | INFO | Episode   76 - Reward: -200.000, Length: 200, Loss: 0.7431, Entropy: 1.0980, Epsilon: 0.812
2026-03-29 20:51:32 | INFO | Episode   77 - Reward: -200.000, Length: 200, Loss: 0.6354, Entropy: 1.0976, Epsilon: 0.809
2026-03-29 20:51:33 | INFO | Episode   78 - Reward: -200.000, Length: 200, Loss: 1.3298, Entropy: 1.0969, Epsilon: 0.807
2026-03-29 20:51:33 | INFO | Episode   79 - Reward: -200.000, Length: 200, Loss: 0.9069, Entropy: 1.0966, Epsilon: 0.804
2026-03-29 20:51:34 | INFO | Episode   80 - Reward: -200.000, Length: 200, Loss: 1.2691, Entropy: 1.0977, Epsilon: 0.802
2026-03-29 20:51:34 | INFO | Episode   81 - Reward: -200.000, Length: 200, Loss: 0.7830, Entropy: 1.0971, Epsilon: 0.800
2026-03-29 20:51:34 | INFO | Episode   82 - Reward: -200.000, Length: 200, Loss: 1.8657, Entropy: 1.0969, Epsilon: 0.797
2026-03-29 20:51:35 | INFO | Episode   83 - Reward: -200.000, Length: 200, Loss: 1.0678, Entropy: 1.0969, Epsilon: 0.795
2026-03-29 20:51:35 | INFO | Episode   84 - Reward: -200.000, Length: 200, Loss: 1.3927, Entropy: 1.0972, Epsilon: 0.792
2026-03-29 20:51:36 | INFO | Episode   85 - Reward: -200.000, Length: 200, Loss: 0.9228, Entropy: 1.0979, Epsilon: 0.790
2026-03-29 20:51:37 | INFO | Episode   86 - Reward: -200.000, Length: 200, Loss: 1.6576, Entropy: 1.0978, Epsilon: 0.787
2026-03-29 20:51:37 | INFO | Episode   87 - Reward: -200.000, Length: 200, Loss: 2.5298, Entropy: 1.0918, Epsilon: 0.785
2026-03-29 20:51:38 | INFO | Episode   88 - Reward: -200.000, Length: 200, Loss: 2.9764, Entropy: 1.0967, Epsilon: 0.782
2026-03-29 20:51:38 | INFO | Episode   89 - Reward: -200.000, Length: 200, Loss: 1.3393, Entropy: 1.0966, Epsilon: 0.780
2026-03-29 20:51:38 | INFO | Episode   90 - Reward: -200.000, Length: 200, Loss: 2.7658, Entropy: 1.0973, Epsilon: 0.777
2026-03-29 20:51:39 | INFO | Episode   91 - Reward: -200.000, Length: 200, Loss: 1.5450, Entropy: 1.0961, Epsilon: 0.775
2026-03-29 20:51:39 | INFO | Episode   92 - Reward: -200.000, Length: 200, Loss: 3.0577, Entropy: 1.0879, Epsilon: 0.772
2026-03-29 20:51:40 | INFO | Episode   93 - Reward: -200.000, Length: 200, Loss: 2.2116, Entropy: 1.0971, Epsilon: 0.770
2026-03-29 20:51:40 | INFO | Episode   94 - Reward: -200.000, Length: 200, Loss: 2.1071, Entropy: 1.0944, Epsilon: 0.767
2026-03-29 20:51:41 | INFO | Episode   95 - Reward: -200.000, Length: 200, Loss: 2.3976, Entropy: 1.0947, Epsilon: 0.765
2026-03-29 20:51:41 | INFO | Episode   96 - Reward: -200.000, Length: 200, Loss: 0.5483, Entropy: 1.0969, Epsilon: 0.762
2026-03-29 20:51:42 | INFO | Episode   97 - Reward: -200.000, Length: 200, Loss: 2.7650, Entropy: 1.0843, Epsilon: 0.760
2026-03-29 20:51:42 | INFO | Episode   98 - Reward: -200.000, Length: 200, Loss: 2.6286, Entropy: 1.0923, Epsilon: 0.757
2026-03-29 20:51:42 | INFO | Episode   99 - Reward: -200.000, Length: 200, Loss: 1.4733, Entropy: 1.0976, Epsilon: 0.755
2026-03-29 20:51:43 | INFO | Episode  100 - Reward: -200.000, Length: 200, Loss: 1.8597, Entropy: 1.0964, Epsilon: 0.752
2026-03-29 20:51:49 | INFO | [Episode  100] eps=0.752  avg_reward=-200.000  avg_length=200.00  avg_loss=  1.2809  avg_entropy=1.0964  eval_success=0.000
2026-03-29 20:51:49 | INFO | Episode  101 - Reward: -200.000, Length: 200, Loss: 2.2818, Entropy: 1.0952, Epsilon: 0.750
2026-03-29 20:51:50 | INFO | Episode  102 - Reward: -200.000, Length: 200, Loss: 1.9381, Entropy: 1.0960, Epsilon: 0.748
2026-03-29 20:51:50 | INFO | Episode  103 - Reward: -200.000, Length: 200, Loss: 1.2431, Entropy: 1.0938, Epsilon: 0.745
2026-03-29 20:51:51 | INFO | Episode  104 - Reward: -200.000, Length: 200, Loss: 1.9443, Entropy: 1.0967, Epsilon: 0.743
2026-03-29 20:51:51 | INFO | Episode  105 - Reward: -200.000, Length: 200, Loss: 1.5205, Entropy: 1.0883, Epsilon: 0.740
2026-03-29 20:51:52 | INFO | Episode  106 - Reward: -200.000, Length: 200, Loss: 3.4840, Entropy: 1.0958, Epsilon: 0.738
2026-03-29 20:51:52 | INFO | Episode  107 - Reward: -200.000, Length: 200, Loss: 3.4087, Entropy: 1.0896, Epsilon: 0.735
2026-03-29 20:51:52 | INFO | Episode  108 - Reward: -200.000, Length: 200, Loss: 1.8213, Entropy: 1.0944, Epsilon: 0.733
2026-03-29 20:51:53 | INFO | Episode  109 - Reward: -200.000, Length: 200, Loss: 1.1764, Entropy: 1.0955, Epsilon: 0.730
2026-03-29 20:51:53 | INFO | Episode  110 - Reward: -200.000, Length: 200, Loss: 2.2910, Entropy: 1.0963, Epsilon: 0.728
2026-03-29 20:51:54 | INFO | Episode  111 - Reward: -200.000, Length: 200, Loss: 0.6068, Entropy: 1.0979, Epsilon: 0.725
2026-03-29 20:51:54 | INFO | Episode  112 - Reward: -200.000, Length: 200, Loss: 1.3743, Entropy: 1.0976, Epsilon: 0.723
2026-03-29 20:51:55 | INFO | Episode  113 - Reward: -200.000, Length: 200, Loss: 1.2865, Entropy: 1.0961, Epsilon: 0.720
2026-03-29 20:51:55 | INFO | Episode  114 - Reward: -200.000, Length: 200, Loss: 3.0622, Entropy: 1.0904, Epsilon: 0.718
2026-03-29 20:51:56 | INFO | Episode  115 - Reward: -200.000, Length: 200, Loss: 2.2693, Entropy: 1.0937, Epsilon: 0.715
2026-03-29 20:51:56 | INFO | Episode  116 - Reward: -200.000, Length: 200, Loss: 2.9263, Entropy: 1.0926, Epsilon: 0.713
2026-03-29 20:51:57 | INFO | Episode  117 - Reward: -200.000, Length: 200, Loss: 3.7021, Entropy: 1.0940, Epsilon: 0.710
2026-03-29 20:51:57 | INFO | Episode  118 - Reward: -200.000, Length: 200, Loss: 4.7631, Entropy: 1.0782, Epsilon: 0.708
2026-03-29 20:51:57 | INFO | Episode  119 - Reward: -200.000, Length: 200, Loss: 2.9441, Entropy: 1.0971, Epsilon: 0.705
2026-03-29 20:51:58 | INFO | Episode  120 - Reward: -200.000, Length: 200, Loss: 1.4171, Entropy: 1.0972, Epsilon: 0.703
2026-03-29 20:51:58 | INFO | Episode  121 - Reward: -200.000, Length: 200, Loss: 1.4097, Entropy: 1.0937, Epsilon: 0.701
2026-03-29 20:51:59 | INFO | Episode  122 - Reward: -200.000, Length: 200, Loss: 0.9380, Entropy: 1.0975, Epsilon: 0.698
2026-03-29 20:51:59 | INFO | Episode  123 - Reward: -200.000, Length: 200, Loss: 4.0630, Entropy: 1.0862, Epsilon: 0.696
2026-03-29 20:52:00 | INFO | Episode  124 - Reward: -200.000, Length: 200, Loss: 1.5065, Entropy: 1.0960, Epsilon: 0.693
2026-03-29 20:52:00 | INFO | Episode  125 - Reward: -200.000, Length: 200, Loss: 2.2372, Entropy: 1.0937, Epsilon: 0.691
2026-03-29 20:52:01 | INFO | Episode  126 - Reward: -200.000, Length: 200, Loss: 0.8069, Entropy: 1.0960, Epsilon: 0.688
2026-03-29 20:52:01 | INFO | Episode  127 - Reward: -200.000, Length: 200, Loss: 1.3949, Entropy: 1.0951, Epsilon: 0.686
2026-03-29 20:52:01 | INFO | Episode  128 - Reward: -200.000, Length: 200, Loss: 2.9345, Entropy: 1.0977, Epsilon: 0.683
2026-03-29 20:52:02 | INFO | Episode  129 - Reward: -200.000, Length: 200, Loss: 1.0514, Entropy: 1.0977, Epsilon: 0.681
2026-03-29 20:52:02 | INFO | Episode  130 - Reward: -200.000, Length: 200, Loss: 1.2019, Entropy: 1.0939, Epsilon: 0.678
2026-03-29 20:52:03 | INFO | Episode  131 - Reward: -200.000, Length: 200, Loss: 2.0006, Entropy: 1.0839, Epsilon: 0.676
2026-03-29 20:52:03 | INFO | Episode  132 - Reward: -200.000, Length: 200, Loss: 2.8492, Entropy: 1.0921, Epsilon: 0.673
2026-03-29 20:52:04 | INFO | Episode  133 - Reward: -200.000, Length: 200, Loss: 1.9214, Entropy: 1.0965, Epsilon: 0.671
2026-03-29 20:52:04 | INFO | Episode  134 - Reward: -200.000, Length: 200, Loss: 2.5277, Entropy: 1.0952, Epsilon: 0.668
2026-03-29 20:52:05 | INFO | Episode  135 - Reward: -200.000, Length: 200, Loss: 3.3535, Entropy: 1.0965, Epsilon: 0.666
2026-03-29 20:52:05 | INFO | Episode  136 - Reward: -200.000, Length: 200, Loss: 1.4530, Entropy: 1.0954, Epsilon: 0.663
2026-03-29 20:52:06 | INFO | Episode  137 - Reward: -200.000, Length: 200, Loss: 3.8261, Entropy: 1.0927, Epsilon: 0.661
2026-03-29 20:52:06 | INFO | Episode  138 - Reward: -200.000, Length: 200, Loss: 8.0173, Entropy: 1.0892, Epsilon: 0.658
2026-03-29 20:52:06 | INFO | Episode  139 - Reward: -200.000, Length: 200, Loss: 2.0084, Entropy: 1.0974, Epsilon: 0.656
2026-03-29 20:52:07 | INFO | Episode  140 - Reward: -200.000, Length: 200, Loss: 2.7345, Entropy: 1.0949, Epsilon: 0.653
2026-03-29 20:52:07 | INFO | Episode  141 - Reward: -200.000, Length: 200, Loss: 1.3719, Entropy: 1.0968, Epsilon: 0.651
2026-03-29 20:52:08 | INFO | Episode  142 - Reward: -200.000, Length: 200, Loss: 0.5503, Entropy: 1.0977, Epsilon: 0.649
2026-03-29 20:52:08 | INFO | Episode  143 - Reward: -200.000, Length: 200, Loss: -0.0355, Entropy: 1.0986, Epsilon: 0.646
2026-03-29 20:52:09 | INFO | Episode  144 - Reward: -200.000, Length: 200, Loss: 0.8919, Entropy: 1.0977, Epsilon: 0.644
2026-03-29 20:52:10 | INFO | Episode  145 - Reward: -200.000, Length: 200, Loss: 1.7417, Entropy: 1.0964, Epsilon: 0.641
2026-03-29 20:52:10 | INFO | Episode  146 - Reward: -200.000, Length: 200, Loss: 2.1574, Entropy: 1.0891, Epsilon: 0.639
2026-03-29 20:52:10 | INFO | Episode  147 - Reward: -200.000, Length: 200, Loss: 1.7554, Entropy: 1.0975, Epsilon: 0.636
2026-03-29 20:52:11 | INFO | Episode  148 - Reward: -200.000, Length: 200, Loss: 2.5095, Entropy: 1.0944, Epsilon: 0.634
2026-03-29 20:52:11 | INFO | Episode  149 - Reward: -200.000, Length: 200, Loss: 2.1100, Entropy: 1.0917, Epsilon: 0.631
2026-03-29 20:52:12 | INFO | Episode  150 - Reward: -200.000, Length: 200, Loss: 1.8664, Entropy: 1.0945, Epsilon: 0.629
2026-03-29 20:52:18 | INFO | [Episode  150] eps=0.629  avg_reward=-200.000  avg_length=200.00  avg_loss=  2.1723  avg_entropy=1.0945  eval_success=0.000
2026-03-29 20:52:18 | INFO | Episode  151 - Reward: -200.000, Length: 200, Loss: 1.2582, Entropy: 1.0943, Epsilon: 0.626
2026-03-29 20:52:19 | INFO | Episode  152 - Reward: -200.000, Length: 200, Loss: 1.2077, Entropy: 1.0976, Epsilon: 0.624
2026-03-29 20:52:19 | INFO | Episode  153 - Reward: -200.000, Length: 200, Loss: 2.5609, Entropy: 1.0933, Epsilon: 0.621
2026-03-29 20:52:20 | INFO | Episode  154 - Reward: -200.000, Length: 200, Loss: 1.7171, Entropy: 1.0958, Epsilon: 0.619
2026-03-29 20:52:20 | INFO | Episode  155 - Reward: -200.000, Length: 200, Loss: 4.1705, Entropy: 1.0887, Epsilon: 0.616
2026-03-29 20:52:21 | INFO | Episode  156 - Reward: -200.000, Length: 200, Loss: 2.0566, Entropy: 1.0912, Epsilon: 0.614
2026-03-29 20:52:21 | INFO | Episode  157 - Reward: -200.000, Length: 200, Loss: 0.9657, Entropy: 1.0973, Epsilon: 0.611
2026-03-29 20:52:22 | INFO | Episode  158 - Reward: -200.000, Length: 200, Loss: 1.5923, Entropy: 1.0975, Epsilon: 0.609
2026-03-29 20:52:22 | INFO | Episode  159 - Reward: -200.000, Length: 200, Loss: 2.2066, Entropy: 1.0969, Epsilon: 0.606
2026-03-29 20:52:23 | INFO | Episode  160 - Reward: -200.000, Length: 200, Loss: 2.2981, Entropy: 1.0965, Epsilon: 0.604
2026-03-29 20:52:23 | INFO | Episode  161 - Reward: -200.000, Length: 200, Loss: 2.2421, Entropy: 1.0915, Epsilon: 0.602
2026-03-29 20:52:23 | INFO | Episode  162 - Reward: -200.000, Length: 200, Loss: 2.5720, Entropy: 1.0899, Epsilon: 0.599
2026-03-29 20:52:24 | INFO | Episode  163 - Reward: -200.000, Length: 200, Loss: 4.2146, Entropy: 1.0917, Epsilon: 0.597
2026-03-29 20:52:24 | INFO | Episode  164 - Reward: -200.000, Length: 200, Loss: 2.7337, Entropy: 1.0886, Epsilon: 0.594
2026-03-29 20:52:25 | INFO | Episode  165 - Reward: -200.000, Length: 200, Loss: 2.3419, Entropy: 1.0957, Epsilon: 0.592
2026-03-29 20:52:25 | INFO | Episode  166 - Reward: -200.000, Length: 200, Loss: 3.5843, Entropy: 1.0962, Epsilon: 0.589
2026-03-29 20:52:26 | INFO | Episode  167 - Reward: -200.000, Length: 200, Loss: 0.6905, Entropy: 1.0964, Epsilon: 0.587
2026-03-29 20:52:26 | INFO | Episode  168 - Reward: -200.000, Length: 200, Loss: 1.6492, Entropy: 1.0960, Epsilon: 0.584
2026-03-29 20:52:27 | INFO | Episode  169 - Reward: -200.000, Length: 200, Loss: 1.7855, Entropy: 1.0925, Epsilon: 0.582
2026-03-29 20:52:27 | INFO | Episode  170 - Reward: -200.000, Length: 200, Loss: 2.5920, Entropy: 1.0933, Epsilon: 0.579
2026-03-29 20:52:28 | INFO | Episode  171 - Reward: -200.000, Length: 200, Loss: 1.8566, Entropy: 1.0908, Epsilon: 0.577
2026-03-29 20:52:28 | INFO | Episode  172 - Reward: -200.000, Length: 200, Loss: 1.4350, Entropy: 1.0930, Epsilon: 0.574
2026-03-29 20:52:28 | INFO | Episode  173 - Reward: -200.000, Length: 200, Loss: 2.3097, Entropy: 1.0943, Epsilon: 0.572
2026-03-29 20:52:29 | INFO | Episode  174 - Reward: -200.000, Length: 200, Loss: 1.6788, Entropy: 1.0963, Epsilon: 0.569
2026-03-29 20:52:29 | INFO | Episode  175 - Reward: -200.000, Length: 200, Loss: 1.1199, Entropy: 1.0956, Epsilon: 0.567
2026-03-29 20:52:30 | INFO | Episode  176 - Reward: -200.000, Length: 200, Loss: 1.5141, Entropy: 1.0978, Epsilon: 0.564
2026-03-29 20:52:30 | INFO | Episode  177 - Reward: -200.000, Length: 200, Loss: 1.5083, Entropy: 1.0971, Epsilon: 0.562
2026-03-29 20:52:31 | INFO | Episode  178 - Reward: -200.000, Length: 200, Loss: 1.6992, Entropy: 1.0969, Epsilon: 0.559
2026-03-29 20:52:31 | INFO | Episode  179 - Reward: -200.000, Length: 200, Loss: 4.9834, Entropy: 1.0930, Epsilon: 0.557
2026-03-29 20:52:32 | INFO | Episode  180 - Reward: -200.000, Length: 200, Loss: 3.3786, Entropy: 1.0913, Epsilon: 0.554
2026-03-29 20:52:32 | INFO | Episode  181 - Reward: -200.000, Length: 200, Loss: 2.2206, Entropy: 1.0938, Epsilon: 0.552
2026-03-29 20:52:33 | INFO | Episode  182 - Reward: -200.000, Length: 200, Loss: 1.6049, Entropy: 1.0949, Epsilon: 0.550
2026-03-29 20:52:33 | INFO | Episode  183 - Reward: -200.000, Length: 200, Loss: 1.4547, Entropy: 1.0964, Epsilon: 0.547
2026-03-29 20:52:33 | INFO | Episode  184 - Reward: -200.000, Length: 200, Loss: 2.3002, Entropy: 1.0941, Epsilon: 0.545
2026-03-29 20:52:34 | INFO | Episode  185 - Reward: -200.000, Length: 200, Loss: 2.8934, Entropy: 1.0955, Epsilon: 0.542
2026-03-29 20:52:34 | INFO | Episode  186 - Reward: -200.000, Length: 200, Loss: 0.6836, Entropy: 1.0981, Epsilon: 0.540
2026-03-29 20:52:35 | INFO | Episode  187 - Reward: -200.000, Length: 200, Loss: 4.1797, Entropy: 1.0922, Epsilon: 0.537
2026-03-29 20:52:35 | INFO | Episode  188 - Reward: -200.000, Length: 200, Loss: 7.0971, Entropy: 1.0714, Epsilon: 0.535
2026-03-29 20:52:36 | INFO | Episode  189 - Reward: -200.000, Length: 200, Loss: 2.2056, Entropy: 1.0964, Epsilon: 0.532
2026-03-29 20:52:36 | INFO | Episode  190 - Reward: -200.000, Length: 200, Loss: 1.1625, Entropy: 1.0961, Epsilon: 0.530
2026-03-29 20:52:37 | INFO | Episode  191 - Reward: -200.000, Length: 200, Loss: 1.7246, Entropy: 1.0934, Epsilon: 0.527
2026-03-29 20:52:37 | INFO | Episode  192 - Reward: -200.000, Length: 200, Loss: 1.8059, Entropy: 1.0943, Epsilon: 0.525
2026-03-29 20:52:37 | INFO | Episode  193 - Reward: -200.000, Length: 200, Loss: 2.1174, Entropy: 1.0956, Epsilon: 0.522
2026-03-29 20:52:38 | INFO | Episode  194 - Reward: -200.000, Length: 200, Loss: 1.1282, Entropy: 1.0970, Epsilon: 0.520
2026-03-29 20:52:38 | INFO | Episode  195 - Reward: -200.000, Length: 200, Loss: 3.3344, Entropy: 1.0854, Epsilon: 0.517
2026-03-29 20:52:39 | INFO | Episode  196 - Reward: -200.000, Length: 200, Loss: 2.3020, Entropy: 1.0920, Epsilon: 0.515
2026-03-29 20:52:39 | INFO | Episode  197 - Reward: -200.000, Length: 200, Loss: 2.3642, Entropy: 1.0948, Epsilon: 0.512
2026-03-29 20:52:40 | INFO | Episode  198 - Reward: -200.000, Length: 200, Loss: 1.6403, Entropy: 1.0967, Epsilon: 0.510
2026-03-29 20:52:40 | INFO | Episode  199 - Reward: -200.000, Length: 200, Loss: 2.0939, Entropy: 1.0957, Epsilon: 0.507
2026-03-29 20:52:41 | INFO | Episode  200 - Reward: -200.000, Length: 200, Loss: 1.0613, Entropy: 1.0972, Epsilon: 0.505
2026-03-29 20:52:49 | INFO | [Episode  200] eps=0.505  avg_reward=-200.000  avg_length=200.00  avg_loss=  2.2260  avg_entropy=1.0972  eval_success=0.000
2026-03-29 20:52:50 | INFO | Episode  201 - Reward: -200.000, Length: 200, Loss: 2.3842, Entropy: 1.0925, Epsilon: 0.503
2026-03-29 20:52:51 | INFO | Episode  202 - Reward: -200.000, Length: 200, Loss: 10.9134, Entropy: 1.0820, Epsilon: 0.500
2026-03-29 20:52:51 | INFO | Episode  203 - Reward: -200.000, Length: 200, Loss: 17.7847, Entropy: 1.0840, Epsilon: 0.498
2026-03-29 20:52:52 | INFO | Episode  204 - Reward: -200.000, Length: 200, Loss: 0.6189, Entropy: 1.0974, Epsilon: 0.495
2026-03-29 20:52:53 | INFO | Episode  205 - Reward: -200.000, Length: 200, Loss: 1.1747, Entropy: 1.0973, Epsilon: 0.493
2026-03-29 20:52:53 | INFO | Episode  206 - Reward: -200.000, Length: 200, Loss: 0.4336, Entropy: 1.0980, Epsilon: 0.490
2026-03-29 20:52:54 | INFO | Episode  207 - Reward: -200.000, Length: 200, Loss: 0.4941, Entropy: 1.0980, Epsilon: 0.488
2026-03-29 20:52:55 | INFO | Episode  208 - Reward: -200.000, Length: 200, Loss: 1.9326, Entropy: 1.0974, Epsilon: 0.485
2026-03-29 20:52:55 | INFO | Episode  209 - Reward: -200.000, Length: 200, Loss: 1.3176, Entropy: 1.0951, Epsilon: 0.483
2026-03-29 20:52:56 | INFO | Episode  210 - Reward: -200.000, Length: 200, Loss: 1.7608, Entropy: 1.0940, Epsilon: 0.480
2026-03-29 20:52:57 | INFO | Episode  211 - Reward: -200.000, Length: 200, Loss: 1.8910, Entropy: 1.0967, Epsilon: 0.478
2026-03-29 20:52:58 | INFO | Episode  212 - Reward: -200.000, Length: 200, Loss: 2.5906, Entropy: 1.0943, Epsilon: 0.475
2026-03-29 20:52:58 | INFO | Episode  213 - Reward: -200.000, Length: 200, Loss: 1.8172, Entropy: 1.0941, Epsilon: 0.473
2026-03-29 20:52:59 | INFO | Episode  214 - Reward: -200.000, Length: 200, Loss: 0.6719, Entropy: 1.0975, Epsilon: 0.470
2026-03-29 20:53:00 | INFO | Episode  215 - Reward: -200.000, Length: 200, Loss: 0.9868, Entropy: 1.0970, Epsilon: 0.468
2026-03-29 20:53:00 | INFO | Episode  216 - Reward: -200.000, Length: 200, Loss: 1.9174, Entropy: 1.0951, Epsilon: 0.465
2026-03-29 20:53:01 | INFO | Episode  217 - Reward: -200.000, Length: 200, Loss: 4.2047, Entropy: 1.0882, Epsilon: 0.463
2026-03-29 20:53:01 | INFO | Episode  218 - Reward: -200.000, Length: 200, Loss: 2.5925, Entropy: 1.0956, Epsilon: 0.460
2026-03-29 20:53:02 | INFO | Episode  219 - Reward: -200.000, Length: 200, Loss: 1.9474, Entropy: 1.0950, Epsilon: 0.458
2026-03-29 20:53:03 | INFO | Episode  220 - Reward: -200.000, Length: 200, Loss: 1.4238, Entropy: 1.0953, Epsilon: 0.456
2026-03-29 20:53:03 | INFO | Episode  221 - Reward: -200.000, Length: 200, Loss: 1.6115, Entropy: 1.0963, Epsilon: 0.453
2026-03-29 20:53:04 | INFO | Episode  222 - Reward: -200.000, Length: 200, Loss: 1.7575, Entropy: 1.0970, Epsilon: 0.451
2026-03-29 20:53:05 | INFO | Episode  223 - Reward: -200.000, Length: 200, Loss: 3.2330, Entropy: 1.0894, Epsilon: 0.448
2026-03-29 20:53:05 | INFO | Episode  224 - Reward: -200.000, Length: 200, Loss: 2.1677, Entropy: 1.0955, Epsilon: 0.446
2026-03-29 20:53:06 | INFO | Episode  225 - Reward: -200.000, Length: 200, Loss: 2.3905, Entropy: 1.0952, Epsilon: 0.443
2026-03-29 20:53:07 | INFO | Episode  226 - Reward: -200.000, Length: 200, Loss: 1.8903, Entropy: 1.0954, Epsilon: 0.441
2026-03-29 20:53:07 | INFO | Episode  227 - Reward: -200.000, Length: 200, Loss: 2.4147, Entropy: 1.0961, Epsilon: 0.438
2026-03-29 20:53:08 | INFO | Episode  228 - Reward: -200.000, Length: 200, Loss: 2.8317, Entropy: 1.0882, Epsilon: 0.436
2026-03-29 20:53:09 | INFO | Episode  229 - Reward: -200.000, Length: 200, Loss: 2.2197, Entropy: 1.0866, Epsilon: 0.433
2026-03-29 20:53:09 | INFO | Episode  230 - Reward: -200.000, Length: 200, Loss: 2.5324, Entropy: 1.0855, Epsilon: 0.431
2026-03-29 20:53:10 | INFO | Episode  231 - Reward: -200.000, Length: 200, Loss: 2.6579, Entropy: 1.0930, Epsilon: 0.428
2026-03-29 20:53:11 | INFO | Episode  232 - Reward: -200.000, Length: 200, Loss: 2.5992, Entropy: 1.0934, Epsilon: 0.426
2026-03-29 20:53:11 | INFO | Episode  233 - Reward: -200.000, Length: 200, Loss: 1.6302, Entropy: 1.0948, Epsilon: 0.423
2026-03-29 20:53:12 | INFO | Episode  234 - Reward: -200.000, Length: 200, Loss: 1.1071, Entropy: 1.0964, Epsilon: 0.421
2026-03-29 20:53:13 | INFO | Episode  235 - Reward: -200.000, Length: 200, Loss: 2.3294, Entropy: 1.0905, Epsilon: 0.418
2026-03-29 20:53:13 | INFO | Episode  236 - Reward: -200.000, Length: 200, Loss: 2.8127, Entropy: 1.0950, Epsilon: 0.416
2026-03-29 20:53:15 | INFO | Episode  237 - Reward: -200.000, Length: 200, Loss: 1.4148, Entropy: 1.0975, Epsilon: 0.413
2026-03-29 20:53:15 | INFO | Episode  238 - Reward: -200.000, Length: 200, Loss: 2.9525, Entropy: 1.0893, Epsilon: 0.411
2026-03-29 20:53:16 | INFO | Episode  239 - Reward: -200.000, Length: 200, Loss: 3.2692, Entropy: 1.0793, Epsilon: 0.408
2026-03-29 20:53:17 | INFO | Episode  240 - Reward: -200.000, Length: 200, Loss: 4.4793, Entropy: 1.0904, Epsilon: 0.406
2026-03-29 20:53:18 | INFO | Episode  241 - Reward: -200.000, Length: 200, Loss: 0.8773, Entropy: 1.0980, Epsilon: 0.404
2026-03-29 20:53:18 | INFO | Episode  242 - Reward: -200.000, Length: 200, Loss: 1.9722, Entropy: 1.0970, Epsilon: 0.401
2026-03-29 20:53:19 | INFO | Episode  243 - Reward: -200.000, Length: 200, Loss: 2.1194, Entropy: 1.0923, Epsilon: 0.399
2026-03-29 20:53:19 | INFO | Episode  244 - Reward: -200.000, Length: 200, Loss: 1.1489, Entropy: 1.0951, Epsilon: 0.396
2026-03-29 20:53:20 | INFO | Episode  245 - Reward: -200.000, Length: 200, Loss: 1.2579, Entropy: 1.0969, Epsilon: 0.394
2026-03-29 20:53:21 | INFO | Episode  246 - Reward: -200.000, Length: 200, Loss: 1.9107, Entropy: 1.0961, Epsilon: 0.391
2026-03-29 20:53:22 | INFO | Episode  247 - Reward: -200.000, Length: 200, Loss: 1.7835, Entropy: 1.0943, Epsilon: 0.389
2026-03-29 20:53:22 | INFO | Episode  248 - Reward: -200.000, Length: 200, Loss: 2.6722, Entropy: 1.0950, Epsilon: 0.386
2026-03-29 20:53:23 | INFO | Episode  249 - Reward: -200.000, Length: 200, Loss: 2.3421, Entropy: 1.0930, Epsilon: 0.384
2026-03-29 20:53:23 | INFO | Episode  250 - Reward: -200.000, Length: 200, Loss: 3.0604, Entropy: 1.0935, Epsilon: 0.381
2026-03-29 20:53:32 | INFO | [Episode  250] eps=0.381  avg_reward=-200.000  avg_length=200.00  avg_loss=  2.5261  avg_entropy=1.0935  eval_success=0.000
2026-03-29 20:53:32 | INFO | Episode  251 - Reward: -200.000, Length: 200, Loss: 1.9988, Entropy: 1.0915, Epsilon: 0.379
2026-03-29 20:53:33 | INFO | Episode  252 - Reward: -200.000, Length: 200, Loss: 1.4614, Entropy: 1.0970, Epsilon: 0.376
2026-03-29 20:53:34 | INFO | Episode  253 - Reward: -200.000, Length: 200, Loss: 0.4508, Entropy: 1.0980, Epsilon: 0.374
2026-03-29 20:53:34 | INFO | Episode  254 - Reward: -200.000, Length: 200, Loss: 1.9467, Entropy: 1.0966, Epsilon: 0.371
2026-03-29 20:53:35 | INFO | Episode  255 - Reward: -200.000, Length: 200, Loss: 1.6038, Entropy: 1.0976, Epsilon: 0.369
2026-03-29 20:53:36 | INFO | Episode  256 - Reward: -200.000, Length: 200, Loss: 1.6705, Entropy: 1.0929, Epsilon: 0.366
2026-03-29 20:53:36 | INFO | Episode  257 - Reward: -200.000, Length: 200, Loss: 3.3497, Entropy: 1.0889, Epsilon: 0.364
2026-03-29 20:53:37 | INFO | Episode  258 - Reward: -200.000, Length: 200, Loss: 4.5162, Entropy: 1.0868, Epsilon: 0.361
2026-03-29 20:53:38 | INFO | Episode  259 - Reward: -200.000, Length: 200, Loss: 1.2404, Entropy: 1.0979, Epsilon: 0.359
2026-03-29 20:53:39 | INFO | Episode  260 - Reward: -200.000, Length: 200, Loss: 0.9218, Entropy: 1.0968, Epsilon: 0.357
2026-03-29 20:53:39 | INFO | Episode  261 - Reward: -200.000, Length: 200, Loss: 3.7248, Entropy: 1.0926, Epsilon: 0.354
2026-03-29 20:53:40 | INFO | Episode  262 - Reward: -200.000, Length: 200, Loss: 1.6017, Entropy: 1.0954, Epsilon: 0.352
2026-03-29 20:53:41 | INFO | Episode  263 - Reward: -200.000, Length: 200, Loss: 3.8393, Entropy: 1.0930, Epsilon: 0.349
2026-03-29 20:53:41 | INFO | Episode  264 - Reward: -200.000, Length: 200, Loss: 2.6253, Entropy: 1.0922, Epsilon: 0.347
2026-03-29 20:53:42 | INFO | Episode  265 - Reward: -200.000, Length: 200, Loss: 2.3082, Entropy: 1.0970, Epsilon: 0.344
2026-03-29 20:53:43 | INFO | Episode  266 - Reward: -200.000, Length: 200, Loss: 1.1848, Entropy: 1.0972, Epsilon: 0.342
2026-03-29 20:53:43 | INFO | Episode  267 - Reward: -200.000, Length: 200, Loss: 0.8704, Entropy: 1.0972, Epsilon: 0.339
2026-03-29 20:53:44 | INFO | Episode  268 - Reward: -200.000, Length: 200, Loss: 3.7746, Entropy: 1.0862, Epsilon: 0.337
2026-03-29 20:53:45 | INFO | Episode  269 - Reward: -200.000, Length: 200, Loss: 2.6696, Entropy: 1.0930, Epsilon: 0.334
2026-03-29 20:53:45 | INFO | Episode  270 - Reward: -200.000, Length: 200, Loss: 2.3565, Entropy: 1.0971, Epsilon: 0.332
2026-03-29 20:53:46 | INFO | Episode  271 - Reward: -200.000, Length: 200, Loss: 1.2754, Entropy: 1.0973, Epsilon: 0.329
2026-03-29 20:53:47 | INFO | Episode  272 - Reward: -200.000, Length: 200, Loss: 2.3174, Entropy: 1.0916, Epsilon: 0.327
2026-03-29 20:53:48 | INFO | Episode  273 - Reward: -200.000, Length: 200, Loss: 4.7406, Entropy: 1.0918, Epsilon: 0.324
2026-03-29 20:53:49 | INFO | Episode  274 - Reward: -200.000, Length: 200, Loss: 1.2622, Entropy: 1.0980, Epsilon: 0.322
2026-03-29 20:53:49 | INFO | Episode  275 - Reward: -200.000, Length: 200, Loss: 1.1286, Entropy: 1.0971, Epsilon: 0.319
2026-03-29 20:53:50 | INFO | Episode  276 - Reward: -200.000, Length: 200, Loss: 0.7183, Entropy: 1.0967, Epsilon: 0.317
2026-03-29 20:53:50 | INFO | Episode  277 - Reward: -200.000, Length: 200, Loss: 1.9035, Entropy: 1.0969, Epsilon: 0.314
2026-03-29 20:53:50 | INFO | Episode  278 - Reward: -200.000, Length: 200, Loss: 1.1931, Entropy: 1.0977, Epsilon: 0.312
2026-03-29 20:53:51 | INFO | Episode  279 - Reward: -200.000, Length: 200, Loss: 2.3222, Entropy: 1.0946, Epsilon: 0.309
2026-03-29 20:53:51 | INFO | Episode  280 - Reward: -200.000, Length: 200, Loss: 1.9479, Entropy: 1.0953, Epsilon: 0.307
2026-03-29 20:53:52 | INFO | Episode  281 - Reward: -200.000, Length: 200, Loss: 2.5135, Entropy: 1.0947, Epsilon: 0.305
2026-03-29 20:53:52 | INFO | Episode  282 - Reward: -200.000, Length: 200, Loss: 1.9847, Entropy: 1.0962, Epsilon: 0.302
2026-03-29 20:53:53 | INFO | Episode  283 - Reward: -200.000, Length: 200, Loss: 1.9054, Entropy: 1.0955, Epsilon: 0.300
2026-03-29 20:53:53 | INFO | Episode  284 - Reward: -200.000, Length: 200, Loss: 2.2317, Entropy: 1.0977, Epsilon: 0.297
2026-03-29 20:53:54 | INFO | Episode  285 - Reward: -200.000, Length: 200, Loss: 4.9071, Entropy: 1.0675, Epsilon: 0.295
2026-03-29 20:53:54 | INFO | Episode  286 - Reward: -200.000, Length: 200, Loss: 3.0301, Entropy: 1.0917, Epsilon: 0.292
2026-03-29 20:53:55 | INFO | Episode  287 - Reward: -200.000, Length: 200, Loss: 1.3721, Entropy: 1.0957, Epsilon: 0.290
2026-03-29 20:53:55 | INFO | Episode  288 - Reward: -200.000, Length: 200, Loss: 2.9916, Entropy: 1.0868, Epsilon: 0.287
2026-03-29 20:53:56 | INFO | Episode  289 - Reward: -200.000, Length: 200, Loss: 2.7797, Entropy: 1.0932, Epsilon: 0.285
2026-03-29 20:53:56 | INFO | Episode  290 - Reward: -200.000, Length: 200, Loss: 1.3153, Entropy: 1.0971, Epsilon: 0.282
2026-03-29 20:53:56 | INFO | Episode  291 - Reward: -200.000, Length: 200, Loss: 4.2370, Entropy: 1.0869, Epsilon: 0.280
2026-03-29 20:53:57 | INFO | Episode  292 - Reward: -200.000, Length: 200, Loss: 6.2422, Entropy: 1.0848, Epsilon: 0.277
2026-03-29 20:53:57 | INFO | Episode  293 - Reward: -200.000, Length: 200, Loss: 9.1009, Entropy: 1.0866, Epsilon: 0.275
2026-03-29 20:53:58 | INFO | Episode  294 - Reward: -200.000, Length: 200, Loss: 1.6812, Entropy: 1.0968, Epsilon: 0.272
2026-03-29 20:53:58 | INFO | Episode  295 - Reward: -200.000, Length: 200, Loss: 0.5356, Entropy: 1.0981, Epsilon: 0.270
2026-03-29 20:53:59 | INFO | Episode  296 - Reward: -200.000, Length: 200, Loss: 1.6943, Entropy: 1.0970, Epsilon: 0.267
2026-03-29 20:53:59 | INFO | Episode  297 - Reward: -200.000, Length: 200, Loss: 1.6010, Entropy: 1.0954, Epsilon: 0.265
2026-03-29 20:54:00 | INFO | Episode  298 - Reward: -200.000, Length: 200, Loss: 2.6436, Entropy: 1.0963, Epsilon: 0.262
2026-03-29 20:54:00 | INFO | Episode  299 - Reward: -200.000, Length: 200, Loss: 2.6965, Entropy: 1.0927, Epsilon: 0.260
2026-03-29 20:54:00 | INFO | Episode  300 - Reward: -200.000, Length: 200, Loss: 1.5802, Entropy: 1.0949, Epsilon: 0.258
2026-03-29 20:54:07 | INFO | [Episode  300] eps=0.258  avg_reward=-200.000  avg_length=200.00  avg_loss=  2.3994  avg_entropy=1.0949  eval_success=0.000
2026-03-29 20:54:07 | INFO | Episode  301 - Reward: -200.000, Length: 200, Loss: 2.5101, Entropy: 1.0972, Epsilon: 0.255
2026-03-29 20:54:07 | INFO | Episode  302 - Reward: -200.000, Length: 200, Loss: 2.1014, Entropy: 1.0974, Epsilon: 0.253
2026-03-29 20:54:08 | INFO | Episode  303 - Reward: -200.000, Length: 200, Loss: 2.1654, Entropy: 1.0966, Epsilon: 0.250
2026-03-29 20:54:08 | INFO | Episode  304 - Reward: -200.000, Length: 200, Loss: 3.7270, Entropy: 1.0958, Epsilon: 0.248
2026-03-29 20:54:09 | INFO | Episode  305 - Reward: -200.000, Length: 200, Loss: 2.7513, Entropy: 1.0948, Epsilon: 0.245
2026-03-29 20:54:09 | INFO | Episode  306 - Reward: -200.000, Length: 200, Loss: 1.6163, Entropy: 1.0961, Epsilon: 0.243
2026-03-29 20:54:10 | INFO | Episode  307 - Reward: -200.000, Length: 200, Loss: 1.9537, Entropy: 1.0970, Epsilon: 0.240
2026-03-29 20:54:10 | INFO | Episode  308 - Reward: -200.000, Length: 200, Loss: 0.4901, Entropy: 1.0978, Epsilon: 0.238
2026-03-29 20:54:11 | INFO | Episode  309 - Reward: -200.000, Length: 200, Loss: 2.4135, Entropy: 1.0945, Epsilon: 0.235
2026-03-29 20:54:11 | INFO | Episode  310 - Reward: -200.000, Length: 200, Loss: 1.5849, Entropy: 1.0968, Epsilon: 0.233
2026-03-29 20:54:12 | INFO | Episode  311 - Reward: -200.000, Length: 200, Loss: 1.8734, Entropy: 1.0971, Epsilon: 0.230
2026-03-29 20:54:12 | INFO | Episode  312 - Reward: -200.000, Length: 200, Loss: 2.9723, Entropy: 1.0883, Epsilon: 0.228
2026-03-29 20:54:13 | INFO | Episode  313 - Reward: -200.000, Length: 200, Loss: 1.9247, Entropy: 1.0928, Epsilon: 0.225
2026-03-29 20:54:13 | INFO | Episode  314 - Reward: -200.000, Length: 200, Loss: 2.0649, Entropy: 1.0943, Epsilon: 0.223
2026-03-29 20:54:14 | INFO | Episode  315 - Reward: -200.000, Length: 200, Loss: 2.8618, Entropy: 1.0960, Epsilon: 0.220
2026-03-29 20:54:14 | INFO | Episode  316 - Reward: -200.000, Length: 200, Loss: 1.4650, Entropy: 1.0960, Epsilon: 0.218
2026-03-29 20:54:15 | INFO | Episode  317 - Reward: -200.000, Length: 200, Loss: 3.5528, Entropy: 1.0916, Epsilon: 0.215
2026-03-29 20:54:15 | INFO | Episode  318 - Reward: -200.000, Length: 200, Loss: 8.7585, Entropy: 1.0810, Epsilon: 0.213
2026-03-29 20:54:16 | INFO | Episode  319 - Reward: -200.000, Length: 200, Loss: 2.2535, Entropy: 1.0940, Epsilon: 0.210
2026-03-29 20:54:17 | INFO | Episode  320 - Reward: -200.000, Length: 200, Loss: 2.3243, Entropy: 1.0929, Epsilon: 0.208
2026-03-29 20:54:17 | INFO | Episode  321 - Reward: -200.000, Length: 200, Loss: 0.7995, Entropy: 1.0970, Epsilon: 0.206
2026-03-29 20:54:18 | INFO | Episode  322 - Reward: -200.000, Length: 200, Loss: 2.1547, Entropy: 1.0973, Epsilon: 0.203
2026-03-29 20:54:18 | INFO | Episode  323 - Reward: -200.000, Length: 200, Loss: 2.3144, Entropy: 1.0969, Epsilon: 0.201
2026-03-29 20:54:19 | INFO | Episode  324 - Reward: -200.000, Length: 200, Loss: 2.6066, Entropy: 1.0927, Epsilon: 0.198
2026-03-29 20:54:19 | INFO | Episode  325 - Reward: -200.000, Length: 200, Loss: 1.2326, Entropy: 1.0947, Epsilon: 0.196
2026-03-29 20:54:20 | INFO | Episode  326 - Reward: -200.000, Length: 200, Loss: 1.5380, Entropy: 1.0981, Epsilon: 0.193
2026-03-29 20:54:21 | INFO | Episode  327 - Reward: -200.000, Length: 200, Loss: 2.5490, Entropy: 1.0907, Epsilon: 0.191
2026-03-29 20:54:21 | INFO | Episode  328 - Reward: -200.000, Length: 200, Loss: 1.6454, Entropy: 1.0912, Epsilon: 0.188
2026-03-29 20:54:22 | INFO | Episode  329 - Reward: -200.000, Length: 200, Loss: 1.7077, Entropy: 1.0944, Epsilon: 0.186
2026-03-29 20:54:22 | INFO | Episode  330 - Reward: -200.000, Length: 200, Loss: 2.7637, Entropy: 1.0943, Epsilon: 0.183
2026-03-29 20:54:23 | INFO | Episode  331 - Reward: -200.000, Length: 200, Loss: 2.8144, Entropy: 1.0969, Epsilon: 0.181
2026-03-29 20:54:24 | INFO | Episode  332 - Reward: -200.000, Length: 200, Loss: 4.2460, Entropy: 1.0871, Epsilon: 0.178
2026-03-29 20:54:24 | INFO | Episode  333 - Reward: -200.000, Length: 200, Loss: 3.2803, Entropy: 1.0921, Epsilon: 0.176
2026-03-29 20:54:25 | INFO | Episode  334 - Reward: -200.000, Length: 200, Loss: 3.1408, Entropy: 1.0930, Epsilon: 0.173
2026-03-29 20:54:25 | INFO | Episode  335 - Reward: -200.000, Length: 200, Loss: 1.6772, Entropy: 1.0958, Epsilon: 0.171
2026-03-29 20:54:26 | INFO | Episode  336 - Reward: -200.000, Length: 200, Loss: 2.6035, Entropy: 1.0957, Epsilon: 0.168
2026-03-29 20:54:26 | INFO | Episode  337 - Reward: -200.000, Length: 200, Loss: 4.0373, Entropy: 1.0857, Epsilon: 0.166
2026-03-29 20:54:27 | INFO | Episode  338 - Reward: -200.000, Length: 200, Loss: 2.9808, Entropy: 1.0964, Epsilon: 0.163
2026-03-29 20:54:28 | INFO | Episode  339 - Reward: -200.000, Length: 200, Loss: 1.7492, Entropy: 1.0954, Epsilon: 0.161
2026-03-29 20:54:28 | INFO | Episode  340 - Reward: -200.000, Length: 200, Loss: 2.3618, Entropy: 1.0960, Epsilon: 0.158
2026-03-29 20:54:29 | INFO | Episode  341 - Reward: -200.000, Length: 200, Loss: 1.9554, Entropy: 1.0952, Epsilon: 0.156
2026-03-29 20:54:29 | INFO | Episode  342 - Reward: -200.000, Length: 200, Loss: 3.3863, Entropy: 1.0884, Epsilon: 0.154
2026-03-29 20:54:30 | INFO | Episode  343 - Reward: -200.000, Length: 200, Loss: 1.9621, Entropy: 1.0956, Epsilon: 0.151
2026-03-29 20:54:30 | INFO | Episode  344 - Reward: -200.000, Length: 200, Loss: 2.1310, Entropy: 1.0946, Epsilon: 0.149
2026-03-29 20:54:31 | INFO | Episode  345 - Reward: -200.000, Length: 200, Loss: 0.4167, Entropy: 1.0974, Epsilon: 0.146
2026-03-29 20:54:31 | INFO | Episode  346 - Reward: -200.000, Length: 200, Loss: 2.8700, Entropy: 1.0977, Epsilon: 0.144
2026-03-29 20:54:32 | INFO | Episode  347 - Reward: -200.000, Length: 200, Loss: 2.4889, Entropy: 1.0977, Epsilon: 0.141
2026-03-29 20:54:32 | INFO | Episode  348 - Reward: -200.000, Length: 200, Loss: 3.0288, Entropy: 1.0895, Epsilon: 0.139
2026-03-29 20:54:33 | INFO | Episode  349 - Reward: -200.000, Length: 200, Loss: 1.6317, Entropy: 1.0961, Epsilon: 0.136
2026-03-29 20:54:33 | INFO | Episode  350 - Reward: -200.000, Length: 200, Loss: 1.1589, Entropy: 1.0952, Epsilon: 0.134
2026-03-29 20:54:39 | INFO | [Episode  350] eps=0.134  avg_reward=-200.000  avg_length=200.00  avg_loss=  2.4120  avg_entropy=1.0952  eval_success=0.000
2026-03-29 20:54:40 | INFO | Episode  351 - Reward: -200.000, Length: 200, Loss: 1.2400, Entropy: 1.0968, Epsilon: 0.131
2026-03-29 20:54:40 | INFO | Episode  352 - Reward: -200.000, Length: 200, Loss: 1.5520, Entropy: 1.0967, Epsilon: 0.129
2026-03-29 20:54:41 | INFO | Episode  353 - Reward: -200.000, Length: 200, Loss: 3.1786, Entropy: 1.0953, Epsilon: 0.126
2026-03-29 20:54:41 | INFO | Episode  354 - Reward: -200.000, Length: 200, Loss: 2.7696, Entropy: 1.0959, Epsilon: 0.124
2026-03-29 20:54:41 | INFO | Episode  355 - Reward: -200.000, Length: 200, Loss: 1.0989, Entropy: 1.0956, Epsilon: 0.121
2026-03-29 20:54:42 | INFO | Episode  356 - Reward: -200.000, Length: 200, Loss: 3.4553, Entropy: 1.0898, Epsilon: 0.119
2026-03-29 20:54:42 | INFO | Episode  357 - Reward: -200.000, Length: 200, Loss: 7.2405, Entropy: 1.0859, Epsilon: 0.116
2026-03-29 20:54:43 | INFO | Episode  358 - Reward: -200.000, Length: 200, Loss: 13.8845, Entropy: 1.0664, Epsilon: 0.114
2026-03-29 20:54:43 | INFO | Episode  359 - Reward: -200.000, Length: 200, Loss: 1.5586, Entropy: 1.0946, Epsilon: 0.111
2026-03-29 20:54:44 | INFO | Episode  360 - Reward: -200.000, Length: 200, Loss: 2.4655, Entropy: 1.0939, Epsilon: 0.109
2026-03-29 20:54:44 | INFO | Episode  361 - Reward: -200.000, Length: 200, Loss: 1.9000, Entropy: 1.0976, Epsilon: 0.107
2026-03-29 20:54:45 | INFO | Episode  362 - Reward: -200.000, Length: 200, Loss: 1.7685, Entropy: 1.0974, Epsilon: 0.104
2026-03-29 20:54:45 | INFO | Episode  363 - Reward: -200.000, Length: 200, Loss: 1.2306, Entropy: 1.0971, Epsilon: 0.102
2026-03-29 20:54:46 | INFO | Episode  364 - Reward: -200.000, Length: 200, Loss: 0.6513, Entropy: 1.0977, Epsilon: 0.099
2026-03-29 20:54:46 | INFO | Episode  365 - Reward: -200.000, Length: 200, Loss: 2.9630, Entropy: 1.0954, Epsilon: 0.097
2026-03-29 20:54:47 | INFO | Episode  366 - Reward: -200.000, Length: 200, Loss: 1.8494, Entropy: 1.0877, Epsilon: 0.094
2026-03-29 20:54:47 | INFO | Episode  367 - Reward: -200.000, Length: 200, Loss: 2.4611, Entropy: 1.0921, Epsilon: 0.092
2026-03-29 20:54:47 | INFO | Episode  368 - Reward: -200.000, Length: 200, Loss: 3.0116, Entropy: 1.0955, Epsilon: 0.089
2026-03-29 20:54:48 | INFO | Episode  369 - Reward: -200.000, Length: 200, Loss: 2.4833, Entropy: 1.0967, Epsilon: 0.087
2026-03-29 20:54:48 | INFO | Episode  370 - Reward: -200.000, Length: 200, Loss: 0.4797, Entropy: 1.0976, Epsilon: 0.084
2026-03-29 20:54:49 | INFO | Episode  371 - Reward: -200.000, Length: 200, Loss: 2.3197, Entropy: 1.0960, Epsilon: 0.082
2026-03-29 20:54:49 | INFO | Episode  372 - Reward: -200.000, Length: 200, Loss: 5.1277, Entropy: 1.0889, Epsilon: 0.079
2026-03-29 20:54:50 | INFO | Episode  373 - Reward: -200.000, Length: 200, Loss: 4.4823, Entropy: 1.0910, Epsilon: 0.077
2026-03-29 20:54:50 | INFO | Episode  374 - Reward: -200.000, Length: 200, Loss: 2.3677, Entropy: 1.0948, Epsilon: 0.074
2026-03-29 20:54:51 | INFO | Episode  375 - Reward: -200.000, Length: 200, Loss: 2.3746, Entropy: 1.0927, Epsilon: 0.072
2026-03-29 20:54:51 | INFO | Episode  376 - Reward: -200.000, Length: 200, Loss: 4.2897, Entropy: 1.0859, Epsilon: 0.069
2026-03-29 20:54:52 | INFO | Episode  377 - Reward: -200.000, Length: 200, Loss: 5.6361, Entropy: 1.0763, Epsilon: 0.067
2026-03-29 20:54:53 | INFO | Episode  378 - Reward: -200.000, Length: 200, Loss: 14.8278, Entropy: 1.0699, Epsilon: 0.064
2026-03-29 20:54:54 | INFO | Episode  379 - Reward: -200.000, Length: 200, Loss: 1.5625, Entropy: 1.0943, Epsilon: 0.062
2026-03-29 20:54:55 | INFO | Episode  380 - Reward: -200.000, Length: 200, Loss: 1.6168, Entropy: 1.0973, Epsilon: 0.059
2026-03-29 20:54:55 | INFO | Episode  381 - Reward: -200.000, Length: 200, Loss: 0.9913, Entropy: 1.0967, Epsilon: 0.057
2026-03-29 20:54:56 | INFO | Episode  382 - Reward: -200.000, Length: 200, Loss: 1.1337, Entropy: 1.0980, Epsilon: 0.055
2026-03-29 20:54:57 | INFO | Episode  383 - Reward: -200.000, Length: 200, Loss: 1.6791, Entropy: 1.0963, Epsilon: 0.052
2026-03-29 20:54:58 | INFO | Episode  384 - Reward: -200.000, Length: 200, Loss: 2.4972, Entropy: 1.0875, Epsilon: 0.050
2026-03-29 20:54:58 | INFO | Episode  385 - Reward: -200.000, Length: 200, Loss: 0.2868, Entropy: 1.0977, Epsilon: 0.047
2026-03-29 20:54:59 | INFO | Episode  386 - Reward: -200.000, Length: 200, Loss: 2.2707, Entropy: 1.0896, Epsilon: 0.045
2026-03-29 20:55:00 | INFO | Episode  387 - Reward: -200.000, Length: 200, Loss: 1.9835, Entropy: 1.0956, Epsilon: 0.042
2026-03-29 20:55:00 | INFO | Episode  388 - Reward: -200.000, Length: 200, Loss: 3.8135, Entropy: 1.0951, Epsilon: 0.040
2026-03-29 20:55:01 | INFO | Episode  389 - Reward: -200.000, Length: 200, Loss: 2.8099, Entropy: 1.0921, Epsilon: 0.037
2026-03-29 20:55:02 | INFO | Episode  390 - Reward: -200.000, Length: 200, Loss: 2.3045, Entropy: 1.0945, Epsilon: 0.035
2026-03-29 20:55:03 | INFO | Episode  391 - Reward: -200.000, Length: 200, Loss: 1.7487, Entropy: 1.0976, Epsilon: 0.032
2026-03-29 20:55:03 | INFO | Episode  392 - Reward: -200.000, Length: 200, Loss: 0.6744, Entropy: 1.0964, Epsilon: 0.030
2026-03-29 20:55:04 | INFO | Episode  393 - Reward: -200.000, Length: 200, Loss: 1.3722, Entropy: 1.0967, Epsilon: 0.027
2026-03-29 20:55:05 | INFO | Episode  394 - Reward: -200.000, Length: 200, Loss: 0.3292, Entropy: 1.0947, Epsilon: 0.025
2026-03-29 20:55:05 | INFO | Episode  395 - Reward: -200.000, Length: 200, Loss: 2.1929, Entropy: 1.0934, Epsilon: 0.022
2026-03-29 20:55:06 | INFO | Episode  396 - Reward: -200.000, Length: 200, Loss: 3.0239, Entropy: 1.0911, Epsilon: 0.020
2026-03-29 20:55:07 | INFO | Episode  397 - Reward: -200.000, Length: 200, Loss: 2.6649, Entropy: 1.0860, Epsilon: 0.017
2026-03-29 20:55:07 | INFO | Episode  398 - Reward: -200.000, Length: 200, Loss: 2.7365, Entropy: 1.0945, Epsilon: 0.015
2026-03-29 20:55:08 | INFO | Episode  399 - Reward: -200.000, Length: 200, Loss: 3.2806, Entropy: 1.0951, Epsilon: 0.012
2026-03-29 20:55:08 | INFO | Episode  400 - Reward: -200.000, Length: 200, Loss: 3.0345, Entropy: 1.0913, Epsilon: 0.010
2026-03-29 20:55:17 | INFO | [Episode  400] eps=0.010  avg_reward=-200.000  avg_length=200.00  avg_loss=  2.8535  avg_entropy=1.0913  eval_success=0.000
2026-03-29 20:55:18 | INFO | Episode  401 - Reward: -200.000, Length: 200, Loss: 2.4865, Entropy: 1.0907, Epsilon: 0.010
2026-03-29 20:55:18 | INFO | Episode  402 - Reward: -200.000, Length: 200, Loss: 2.0931, Entropy: 1.0952, Epsilon: 0.010
2026-03-29 20:55:19 | INFO | Episode  403 - Reward: -200.000, Length: 200, Loss: 1.8453, Entropy: 1.0959, Epsilon: 0.010
2026-03-29 20:55:20 | INFO | Episode  404 - Reward: -200.000, Length: 200, Loss: 1.2120, Entropy: 1.0930, Epsilon: 0.010
2026-03-29 20:55:20 | INFO | Episode  405 - Reward: -200.000, Length: 200, Loss: 2.8404, Entropy: 1.0957, Epsilon: 0.010
2026-03-29 20:55:21 | INFO | Episode  406 - Reward: -200.000, Length: 200, Loss: 1.8430, Entropy: 1.0847, Epsilon: 0.010
2026-03-29 20:55:22 | INFO | Episode  407 - Reward: -200.000, Length: 200, Loss: 2.1703, Entropy: 1.0875, Epsilon: 0.010
2026-03-29 20:55:22 | INFO | Episode  408 - Reward: -200.000, Length: 200, Loss: 4.3503, Entropy: 1.0852, Epsilon: 0.010
2026-03-29 20:55:23 | INFO | Episode  409 - Reward: -200.000, Length: 200, Loss: 2.5073, Entropy: 1.0840, Epsilon: 0.010
2026-03-29 20:55:24 | INFO | Episode  410 - Reward: -200.000, Length: 200, Loss: 1.4727, Entropy: 1.0939, Epsilon: 0.010
2026-03-29 20:55:24 | INFO | Episode  411 - Reward: -200.000, Length: 200, Loss: 3.2217, Entropy: 1.0777, Epsilon: 0.010
2026-03-29 20:55:25 | INFO | Episode  412 - Reward: -200.000, Length: 200, Loss: 2.0192, Entropy: 1.0901, Epsilon: 0.010
2026-03-29 20:55:26 | INFO | Episode  413 - Reward: -200.000, Length: 200, Loss: 3.7763, Entropy: 1.0794, Epsilon: 0.010
2026-03-29 20:55:27 | INFO | Episode  414 - Reward: -200.000, Length: 200, Loss: 1.2595, Entropy: 1.0961, Epsilon: 0.010
2026-03-29 20:55:28 | INFO | Episode  415 - Reward: -200.000, Length: 200, Loss: 1.9935, Entropy: 1.0915, Epsilon: 0.010
2026-03-29 20:55:28 | INFO | Episode  416 - Reward: -200.000, Length: 200, Loss: 2.8665, Entropy: 1.0860, Epsilon: 0.010
2026-03-29 20:55:29 | INFO | Episode  417 - Reward: -200.000, Length: 200, Loss: 1.1092, Entropy: 1.0915, Epsilon: 0.010
2026-03-29 20:55:30 | INFO | Episode  418 - Reward: -200.000, Length: 200, Loss: 1.8056, Entropy: 1.0955, Epsilon: 0.010
2026-03-29 20:55:31 | INFO | Episode  419 - Reward: -200.000, Length: 200, Loss: 2.5559, Entropy: 1.0891, Epsilon: 0.010
2026-03-29 20:55:31 | INFO | Episode  420 - Reward: -200.000, Length: 200, Loss: 3.3108, Entropy: 1.0779, Epsilon: 0.010
2026-03-29 20:55:32 | INFO | Episode  421 - Reward: -200.000, Length: 200, Loss: 3.8560, Entropy: 1.0679, Epsilon: 0.010
2026-03-29 20:55:33 | INFO | Episode  422 - Reward: -200.000, Length: 200, Loss: 2.1593, Entropy: 1.0701, Epsilon: 0.010
2026-03-29 20:55:33 | INFO | Episode  423 - Reward: -200.000, Length: 200, Loss: 2.1145, Entropy: 1.0837, Epsilon: 0.010
2026-03-29 20:55:34 | INFO | Episode  424 - Reward: -200.000, Length: 200, Loss: 1.0884, Entropy: 1.0885, Epsilon: 0.010
2026-03-29 20:55:35 | INFO | Episode  425 - Reward: -200.000, Length: 200, Loss: 0.9341, Entropy: 1.0905, Epsilon: 0.010
2026-03-29 20:55:36 | INFO | Episode  426 - Reward: -200.000, Length: 200, Loss: 1.9176, Entropy: 1.0920, Epsilon: 0.010
2026-03-29 20:55:36 | INFO | Episode  427 - Reward: -200.000, Length: 200, Loss: 1.2405, Entropy: 1.0915, Epsilon: 0.010
2026-03-29 20:55:37 | INFO | Episode  428 - Reward: -200.000, Length: 200, Loss: 2.0520, Entropy: 1.0715, Epsilon: 0.010
2026-03-29 20:55:38 | INFO | Episode  429 - Reward: -200.000, Length: 200, Loss: 1.1723, Entropy: 1.0919, Epsilon: 0.010
2026-03-29 20:55:38 | INFO | Episode  430 - Reward: -200.000, Length: 200, Loss: 2.7944, Entropy: 1.0905, Epsilon: 0.010
2026-03-29 20:55:39 | INFO | Episode  431 - Reward: -200.000, Length: 200, Loss: 1.7471, Entropy: 1.0805, Epsilon: 0.010
2026-03-29 20:55:40 | INFO | Episode  432 - Reward: -200.000, Length: 200, Loss: 2.1056, Entropy: 1.0881, Epsilon: 0.010
2026-03-29 20:55:41 | INFO | Episode  433 - Reward: -200.000, Length: 200, Loss: 0.9840, Entropy: 1.0951, Epsilon: 0.010
2026-03-29 20:55:41 | INFO | Episode  434 - Reward: -200.000, Length: 200, Loss: 2.6747, Entropy: 1.0744, Epsilon: 0.010
2026-03-29 20:55:42 | INFO | Episode  435 - Reward: -200.000, Length: 200, Loss: 1.2821, Entropy: 1.0709, Epsilon: 0.010
2026-03-29 20:55:43 | INFO | Episode  436 - Reward: -200.000, Length: 200, Loss: 1.0067, Entropy: 1.0942, Epsilon: 0.010
2026-03-29 20:55:43 | INFO | Episode  437 - Reward: -200.000, Length: 200, Loss: 1.1449, Entropy: 1.0964, Epsilon: 0.010
2026-03-29 20:55:44 | INFO | Episode  438 - Reward: -200.000, Length: 200, Loss: 1.9505, Entropy: 1.0949, Epsilon: 0.010
2026-03-29 20:55:45 | INFO | Episode  439 - Reward: -200.000, Length: 200, Loss: 1.9116, Entropy: 1.0745, Epsilon: 0.010
2026-03-29 20:55:46 | INFO | Episode  440 - Reward: -200.000, Length: 200, Loss: 2.9219, Entropy: 1.0783, Epsilon: 0.010
2026-03-29 20:55:47 | INFO | Episode  441 - Reward: -200.000, Length: 200, Loss: 2.6956, Entropy: 1.0749, Epsilon: 0.010
2026-03-29 20:55:47 | INFO | Episode  442 - Reward: -200.000, Length: 200, Loss: 3.1029, Entropy: 1.0642, Epsilon: 0.010
2026-03-29 20:55:48 | INFO | Episode  443 - Reward: -200.000, Length: 200, Loss: 3.7001, Entropy: 1.0620, Epsilon: 0.010
2026-03-29 20:55:49 | INFO | Episode  444 - Reward: -200.000, Length: 200, Loss: 1.4530, Entropy: 1.0915, Epsilon: 0.010
2026-03-29 20:55:49 | INFO | Episode  445 - Reward: -200.000, Length: 200, Loss: 0.7411, Entropy: 1.0940, Epsilon: 0.010
2026-03-29 20:55:50 | INFO | Episode  446 - Reward: -200.000, Length: 200, Loss: 1.9059, Entropy: 1.0975, Epsilon: 0.010
2026-03-29 20:55:51 | INFO | Episode  447 - Reward: -200.000, Length: 200, Loss: 0.8162, Entropy: 1.0977, Epsilon: 0.010
2026-03-29 20:55:52 | INFO | Episode  448 - Reward: -200.000, Length: 200, Loss: 0.5847, Entropy: 1.0981, Epsilon: 0.010
2026-03-29 20:55:52 | INFO | Episode  449 - Reward: -200.000, Length: 200, Loss: 3.7836, Entropy: 1.0702, Epsilon: 0.010
2026-03-29 20:55:53 | INFO | Episode  450 - Reward: -200.000, Length: 200, Loss: 2.6781, Entropy: 1.0558, Epsilon: 0.010
2026-03-29 20:56:02 | INFO | [Episode  450] eps=0.010  avg_reward=-200.000  avg_length=200.00  avg_loss=  2.1052  avg_entropy=1.0558  eval_success=0.000
2026-03-29 20:56:03 | INFO | Episode  451 - Reward: -200.000, Length: 200, Loss: 1.9626, Entropy: 1.0751, Epsilon: 0.010
2026-03-29 20:56:03 | INFO | Episode  452 - Reward: -200.000, Length: 200, Loss: 1.0960, Entropy: 1.0756, Epsilon: 0.010
2026-03-29 20:56:04 | INFO | Episode  453 - Reward: -200.000, Length: 200, Loss: 1.6189, Entropy: 1.0772, Epsilon: 0.010
2026-03-29 20:56:05 | INFO | Episode  454 - Reward: -200.000, Length: 200, Loss: 1.5483, Entropy: 1.0859, Epsilon: 0.010
2026-03-29 20:56:06 | INFO | Episode  455 - Reward: -200.000, Length: 200, Loss: 1.7644, Entropy: 1.0881, Epsilon: 0.010
2026-03-29 20:56:07 | INFO | Episode  456 - Reward: -200.000, Length: 200, Loss: 1.3738, Entropy: 1.0788, Epsilon: 0.010
2026-03-29 20:56:07 | INFO | Episode  457 - Reward: -200.000, Length: 200, Loss: 1.8151, Entropy: 1.0908, Epsilon: 0.010
2026-03-29 20:56:08 | INFO | Episode  458 - Reward: -200.000, Length: 200, Loss: 1.4209, Entropy: 1.0757, Epsilon: 0.010
2026-03-29 20:56:09 | INFO | Episode  459 - Reward: -200.000, Length: 200, Loss: 1.8942, Entropy: 1.0798, Epsilon: 0.010
2026-03-29 20:56:10 | INFO | Episode  460 - Reward: -200.000, Length: 200, Loss: 0.9809, Entropy: 1.0793, Epsilon: 0.010
2026-03-29 20:56:10 | INFO | Episode  461 - Reward: -200.000, Length: 200, Loss: 2.1121, Entropy: 1.0843, Epsilon: 0.010
2026-03-29 20:56:11 | INFO | Episode  462 - Reward: -200.000, Length: 200, Loss: 3.4244, Entropy: 1.0678, Epsilon: 0.010
2026-03-29 20:56:12 | INFO | Episode  463 - Reward: -200.000, Length: 200, Loss: 2.5719, Entropy: 1.0591, Epsilon: 0.010
2026-03-29 20:56:13 | INFO | Episode  464 - Reward: -200.000, Length: 200, Loss: 2.0736, Entropy: 1.0903, Epsilon: 0.010
2026-03-29 20:56:14 | INFO | Episode  465 - Reward: -200.000, Length: 200, Loss: 1.0247, Entropy: 1.0897, Epsilon: 0.010
2026-03-29 20:56:15 | INFO | Episode  466 - Reward: -200.000, Length: 200, Loss: 1.8993, Entropy: 1.0907, Epsilon: 0.010
2026-03-29 20:56:16 | INFO | Episode  467 - Reward: -200.000, Length: 200, Loss: 1.8757, Entropy: 1.0928, Epsilon: 0.010
2026-03-29 20:56:17 | INFO | Episode  468 - Reward: -200.000, Length: 200, Loss: 1.2027, Entropy: 1.0941, Epsilon: 0.010
2026-03-29 20:56:18 | INFO | Episode  469 - Reward: -200.000, Length: 200, Loss: 1.5399, Entropy: 1.0700, Epsilon: 0.010
2026-03-29 20:56:18 | INFO | Episode  470 - Reward: -200.000, Length: 200, Loss: 1.9930, Entropy: 1.0812, Epsilon: 0.010
2026-03-29 20:56:19 | INFO | Episode  471 - Reward: -200.000, Length: 200, Loss: 1.3723, Entropy: 1.0894, Epsilon: 0.010
2026-03-29 20:56:20 | INFO | Episode  472 - Reward: -200.000, Length: 200, Loss: 1.4543, Entropy: 1.0859, Epsilon: 0.010
2026-03-29 20:56:21 | INFO | Episode  473 - Reward: -200.000, Length: 200, Loss: 2.9114, Entropy: 1.0851, Epsilon: 0.010
2026-03-29 20:56:22 | INFO | Episode  474 - Reward: -200.000, Length: 200, Loss: 3.0339, Entropy: 1.0806, Epsilon: 0.010
2026-03-29 20:56:22 | INFO | Episode  475 - Reward: -200.000, Length: 200, Loss: 0.8938, Entropy: 1.0872, Epsilon: 0.010
2026-03-29 20:56:23 | INFO | Episode  476 - Reward: -200.000, Length: 200, Loss: 1.9030, Entropy: 1.0923, Epsilon: 0.010
2026-03-29 20:56:24 | INFO | Episode  477 - Reward: -200.000, Length: 200, Loss: 2.2330, Entropy: 1.0858, Epsilon: 0.010
2026-03-29 20:56:25 | INFO | Episode  478 - Reward: -200.000, Length: 200, Loss: 1.6679, Entropy: 1.0968, Epsilon: 0.010
2026-03-29 20:56:25 | INFO | Episode  479 - Reward: -200.000, Length: 200, Loss: 2.0642, Entropy: 1.0820, Epsilon: 0.010
2026-03-29 20:56:26 | INFO | Episode  480 - Reward: -200.000, Length: 200, Loss: 2.0704, Entropy: 1.0973, Epsilon: 0.010
2026-03-29 20:56:26 | INFO | Episode  481 - Reward: -200.000, Length: 200, Loss: 2.5319, Entropy: 1.0482, Epsilon: 0.010
2026-03-29 20:56:27 | INFO | Episode  482 - Reward: -200.000, Length: 200, Loss: 8.5348, Entropy: 0.8500, Epsilon: 0.010
2026-03-29 20:56:27 | INFO | Episode  483 - Reward: -200.000, Length: 200, Loss: 20.1854, Entropy: 0.7223, Epsilon: 0.010
2026-03-29 20:56:28 | INFO | Episode  484 - Reward: -200.000, Length: 200, Loss: 1.1329, Entropy: 0.9711, Epsilon: 0.010
2026-03-29 20:56:28 | INFO | Episode  485 - Reward: -200.000, Length: 200, Loss: 0.8389, Entropy: 1.0670, Epsilon: 0.010
2026-03-29 20:56:29 | INFO | Episode  486 - Reward: -200.000, Length: 200, Loss: 1.0671, Entropy: 1.0944, Epsilon: 0.010
2026-03-29 20:56:29 | INFO | Episode  487 - Reward: -200.000, Length: 200, Loss: 1.4112, Entropy: 1.0965, Epsilon: 0.010
2026-03-29 20:56:30 | INFO | Episode  488 - Reward: -200.000, Length: 200, Loss: 0.7293, Entropy: 1.0979, Epsilon: 0.010
2026-03-29 20:56:30 | INFO | Episode  489 - Reward: -200.000, Length: 200, Loss: 1.5566, Entropy: 1.0886, Epsilon: 0.010
2026-03-29 20:56:31 | INFO | Episode  490 - Reward: -200.000, Length: 200, Loss: 0.1843, Entropy: 1.0970, Epsilon: 0.010
2026-03-29 20:56:31 | INFO | Episode  491 - Reward: -200.000, Length: 200, Loss: 1.7615, Entropy: 1.0862, Epsilon: 0.010
2026-03-29 20:56:32 | INFO | Episode  492 - Reward: -200.000, Length: 200, Loss: 0.9537, Entropy: 1.0947, Epsilon: 0.010
2026-03-29 20:56:32 | INFO | Episode  493 - Reward: -200.000, Length: 200, Loss: 0.8904, Entropy: 1.0958, Epsilon: 0.010
2026-03-29 20:56:33 | INFO | Episode  494 - Reward: -200.000, Length: 200, Loss: 1.1775, Entropy: 1.0898, Epsilon: 0.010
2026-03-29 20:56:33 | INFO | Episode  495 - Reward: -200.000, Length: 200, Loss: 1.2163, Entropy: 1.0978, Epsilon: 0.010
2026-03-29 20:56:34 | INFO | Episode  496 - Reward: -200.000, Length: 200, Loss: 1.6110, Entropy: 1.0905, Epsilon: 0.010
2026-03-29 20:56:34 | INFO | Episode  497 - Reward: -200.000, Length: 200, Loss: 2.4764, Entropy: 1.0970, Epsilon: 0.010
2026-03-29 20:56:35 | INFO | Episode  498 - Reward: -200.000, Length: 200, Loss: 0.7836, Entropy: 1.0976, Epsilon: 0.010
2026-03-29 20:56:35 | INFO | Episode  499 - Reward: -200.000, Length: 200, Loss: 2.1675, Entropy: 1.0756, Epsilon: 0.010
2026-03-29 20:56:36 | INFO | Episode  500 - Reward: -200.000, Length: 200, Loss: 2.6483, Entropy: 1.0745, Epsilon: 0.010
2026-03-29 20:56:42 | INFO | [Episode  500] eps=0.010  avg_reward=-200.000  avg_length=200.00  avg_loss=  2.1731  avg_entropy=1.0745  eval_success=0.000
2026-03-29 20:56:42 | INFO | DQN+Entropy training: 6m 3.28s
2026-03-29 20:57:06 | INFO | [Final Eval] success=0.000, mean_reward=-200.000
