2026-03-29 16:15:05 | INFO | ============================================================
2026-03-29 16:15:05 | INFO | DEVICE / COMPUTE INFORMATION
2026-03-29 16:15:05 | INFO |   JAX backend       : CPU
2026-03-29 16:15:05 | INFO |   Platform          : cpu
2026-03-29 16:15:05 | INFO |   Num devices       : 1
2026-03-29 16:15:05 | INFO |   Device            : TFRT_CPU_0
2026-03-29 16:15:05 | INFO | ============================================================
2026-03-29 16:15:05 | INFO | DQN+Entropy | seed=2, lr=0.01, gamma=0.99, alpha=0.05
2026-03-29 16:15:05 | INFO | Env: cartpole/dense, obs_dim=4, num_actions=2
2026-03-29 16:15:07 | INFO | Episode    1 - Reward: 59.000, Length: 59, Loss: 0.0000, Entropy: 0.0000, Epsilon: 0.998
2026-03-29 16:15:07 | INFO | Episode    2 - Reward: 23.000, Length: 23, Loss: 0.0000, Entropy: 0.0000, Epsilon: 0.995
2026-03-29 16:15:08 | INFO | Episode    3 - Reward: 19.000, Length: 19, Loss: 0.0000, Entropy: 0.0000, Epsilon: 0.993
2026-03-29 16:15:09 | INFO | Episode    4 - Reward: 22.000, Length: 22, Loss: 0.0000, Entropy: 0.0000, Epsilon: 0.990
2026-03-29 16:15:09 | INFO | Episode    5 - Reward: 12.000, Length: 12, Loss: 0.0000, Entropy: 0.0000, Epsilon: 0.988
2026-03-29 16:15:10 | INFO | Episode    6 - Reward: 33.000, Length: 33, Loss: 0.0000, Entropy: 0.0000, Epsilon: 0.985
2026-03-29 16:15:11 | INFO | Episode    7 - Reward: 33.000, Length: 33, Loss: 0.0000, Entropy: 0.0000, Epsilon: 0.983
2026-03-29 16:15:11 | INFO | Episode    8 - Reward: 16.000, Length: 16, Loss: 0.0000, Entropy: 0.0000, Epsilon: 0.980
2026-03-29 16:15:12 | INFO | Episode    9 - Reward: 26.000, Length: 26, Loss: 0.0000, Entropy: 0.0000, Epsilon: 0.978
2026-03-29 16:15:14 | INFO | Episode   10 - Reward: 65.000, Length: 65, Loss: 0.9462, Entropy: 0.6929, Epsilon: 0.975
2026-03-29 16:15:15 | INFO | Episode   11 - Reward: 22.000, Length: 22, Loss: 0.8513, Entropy: 0.6929, Epsilon: 0.973
2026-03-29 16:15:15 | INFO | Episode   12 - Reward: 16.000, Length: 16, Loss: 0.7641, Entropy: 0.6928, Epsilon: 0.970
2026-03-29 16:15:16 | INFO | Episode   13 - Reward: 42.000, Length: 42, Loss: 0.6876, Entropy: 0.6928, Epsilon: 0.968
2026-03-29 16:15:16 | INFO | Episode   14 - Reward: 14.000, Length: 14, Loss: 0.6159, Entropy: 0.6928, Epsilon: 0.965
2026-03-29 16:15:17 | INFO | Episode   15 - Reward: 47.000, Length: 47, Loss: 0.5481, Entropy: 0.6928, Epsilon: 0.963
2026-03-29 16:15:17 | INFO | Episode   16 - Reward: 70.000, Length: 70, Loss: 0.4777, Entropy: 0.6927, Epsilon: 0.960
2026-03-29 16:15:18 | INFO | Episode   17 - Reward: 41.000, Length: 41, Loss: 0.9408, Entropy: 0.6928, Epsilon: 0.958
2026-03-29 16:15:18 | INFO | Episode   18 - Reward: 27.000, Length: 27, Loss: 0.8313, Entropy: 0.6927, Epsilon: 0.955
2026-03-29 16:15:19 | INFO | Episode   19 - Reward: 60.000, Length: 60, Loss: 0.7312, Entropy: 0.6927, Epsilon: 0.953
2026-03-29 16:15:19 | INFO | Episode   20 - Reward: 29.000, Length: 29, Loss: 0.6310, Entropy: 0.6927, Epsilon: 0.951
2026-03-29 16:15:20 | INFO | Episode   21 - Reward: 25.000, Length: 25, Loss: 0.5487, Entropy: 0.6927, Epsilon: 0.948
2026-03-29 16:15:20 | INFO | Episode   22 - Reward: 29.000, Length: 29, Loss: 0.4730, Entropy: 0.6927, Epsilon: 0.946
2026-03-29 16:15:21 | INFO | Episode   23 - Reward: 30.000, Length: 30, Loss: 0.3991, Entropy: 0.6926, Epsilon: 0.943
2026-03-29 16:15:21 | INFO | Episode   24 - Reward: 22.000, Length: 22, Loss: 0.3356, Entropy: 0.6926, Epsilon: 0.941
2026-03-29 16:15:22 | INFO | Episode   25 - Reward: 94.000, Length: 94, Loss: 0.2824, Entropy: 0.6925, Epsilon: 0.938
2026-03-29 16:15:22 | INFO | Episode   26 - Reward: 30.000, Length: 30, Loss: 0.2350, Entropy: 0.6925, Epsilon: 0.936
2026-03-29 16:15:23 | INFO | Episode   27 - Reward: 38.000, Length: 38, Loss: 0.1929, Entropy: 0.6925, Epsilon: 0.933
2026-03-29 16:15:23 | INFO | Episode   28 - Reward: 14.000, Length: 14, Loss: 0.1530, Entropy: 0.6925, Epsilon: 0.931
2026-03-29 16:15:24 | INFO | Episode   29 - Reward: 28.000, Length: 28, Loss: 0.1247, Entropy: 0.6925, Epsilon: 0.928
2026-03-29 16:15:24 | INFO | Episode   30 - Reward: 49.000, Length: 49, Loss: 0.0957, Entropy: 0.6925, Epsilon: 0.926
2026-03-29 16:15:24 | INFO | Episode   31 - Reward: 26.000, Length: 26, Loss: 0.9233, Entropy: 0.6925, Epsilon: 0.923
2026-03-29 16:15:25 | INFO | Episode   32 - Reward: 25.000, Length: 25, Loss: 0.7256, Entropy: 0.6924, Epsilon: 0.921
2026-03-29 16:15:25 | INFO | Episode   33 - Reward: 12.000, Length: 12, Loss: 0.5745, Entropy: 0.6924, Epsilon: 0.918
2026-03-29 16:15:26 | INFO | Episode   34 - Reward: 45.000, Length: 45, Loss: 0.4388, Entropy: 0.6923, Epsilon: 0.916
2026-03-29 16:15:26 | INFO | Episode   35 - Reward: 11.000, Length: 11, Loss: 0.3391, Entropy: 0.6923, Epsilon: 0.913
2026-03-29 16:15:27 | INFO | Episode   36 - Reward: 18.000, Length: 18, Loss: 0.2495, Entropy: 0.6923, Epsilon: 0.911
2026-03-29 16:15:27 | INFO | Episode   37 - Reward: 23.000, Length: 23, Loss: 0.1847, Entropy: 0.6923, Epsilon: 0.908
2026-03-29 16:15:28 | INFO | Episode   38 - Reward: 38.000, Length: 38, Loss: 0.1306, Entropy: 0.6923, Epsilon: 0.906
2026-03-29 16:15:28 | INFO | Episode   39 - Reward: 27.000, Length: 27, Loss: 0.1027, Entropy: 0.6923, Epsilon: 0.903
2026-03-29 16:15:29 | INFO | Episode   40 - Reward: 21.000, Length: 21, Loss: 0.0706, Entropy: 0.6924, Epsilon: 0.901
2026-03-29 16:15:29 | INFO | Episode   41 - Reward: 34.000, Length: 34, Loss: 0.0452, Entropy: 0.6924, Epsilon: 0.899
2026-03-29 16:15:30 | INFO | Episode   42 - Reward: 12.000, Length: 12, Loss: 0.0397, Entropy: 0.6924, Epsilon: 0.896
2026-03-29 16:15:30 | INFO | Episode   43 - Reward: 39.000, Length: 39, Loss: 0.0309, Entropy: 0.6924, Epsilon: 0.894
2026-03-29 16:15:31 | INFO | Episode   44 - Reward: 19.000, Length: 19, Loss: 0.0266, Entropy: 0.6924, Epsilon: 0.891
2026-03-29 16:15:31 | INFO | Episode   45 - Reward: 27.000, Length: 27, Loss: 0.0237, Entropy: 0.6924, Epsilon: 0.889
2026-03-29 16:15:32 | INFO | Episode   46 - Reward: 44.000, Length: 44, Loss: 0.0101, Entropy: 0.6925, Epsilon: 0.886
2026-03-29 16:15:32 | INFO | Episode   47 - Reward: 24.000, Length: 24, Loss: 0.0139, Entropy: 0.6925, Epsilon: 0.884
2026-03-29 16:15:33 | INFO | Episode   48 - Reward: 19.000, Length: 19, Loss: 0.0058, Entropy: 0.6925, Epsilon: 0.881
2026-03-29 16:15:33 | INFO | Episode   49 - Reward: 49.000, Length: 49, Loss: 0.0187, Entropy: 0.6926, Epsilon: 0.879
2026-03-29 16:15:34 | INFO | Episode   50 - Reward: 32.000, Length: 32, Loss: 0.8728, Entropy: 0.6925, Epsilon: 0.876
2026-03-29 16:15:38 | INFO | [Episode   50] eps=0.876  avg_reward=  31.600  avg_length= 31.60  avg_loss=  0.3138  avg_entropy=0.6925  eval_success=0.040
2026-03-29 16:15:39 | INFO | Episode   51 - Reward: 15.000, Length: 15, Loss: 0.5785, Entropy: 0.6925, Epsilon: 0.874
2026-03-29 16:15:39 | INFO | Episode   52 - Reward: 58.000, Length: 58, Loss: 0.3662, Entropy: 0.6924, Epsilon: 0.871
2026-03-29 16:15:39 | INFO | Episode   53 - Reward: 15.000, Length: 15, Loss: 0.2662, Entropy: 0.6924, Epsilon: 0.869
2026-03-29 16:15:40 | INFO | Episode   54 - Reward: 16.000, Length: 16, Loss: 0.1808, Entropy: 0.6925, Epsilon: 0.866
2026-03-29 16:15:40 | INFO | Episode   55 - Reward: 19.000, Length: 19, Loss: 0.1208, Entropy: 0.6924, Epsilon: 0.864
2026-03-29 16:15:41 | INFO | Episode   56 - Reward: 37.000, Length: 37, Loss: 0.1266, Entropy: 0.6923, Epsilon: 0.861
2026-03-29 16:15:41 | INFO | Episode   57 - Reward: 36.000, Length: 36, Loss: 0.0976, Entropy: 0.6925, Epsilon: 0.859
2026-03-29 16:15:42 | INFO | Episode   58 - Reward: 17.000, Length: 17, Loss: 0.1368, Entropy: 0.6925, Epsilon: 0.856
2026-03-29 16:15:42 | INFO | Episode   59 - Reward: 43.000, Length: 43, Loss: 0.1241, Entropy: 0.6926, Epsilon: 0.854
2026-03-29 16:15:42 | INFO | Episode   60 - Reward: 17.000, Length: 17, Loss: 0.1967, Entropy: 0.6925, Epsilon: 0.852
2026-03-29 16:15:43 | INFO | Episode   61 - Reward: 24.000, Length: 24, Loss: 0.1265, Entropy: 0.6925, Epsilon: 0.849
2026-03-29 16:15:44 | INFO | Episode   62 - Reward: 20.000, Length: 20, Loss: 0.1252, Entropy: 0.6927, Epsilon: 0.847
2026-03-29 16:15:45 | INFO | Episode   63 - Reward: 30.000, Length: 30, Loss: 0.1003, Entropy: 0.6927, Epsilon: 0.844
2026-03-29 16:15:45 | INFO | Episode   64 - Reward: 26.000, Length: 26, Loss: 0.1237, Entropy: 0.6927, Epsilon: 0.842
2026-03-29 16:15:46 | INFO | Episode   65 - Reward: 15.000, Length: 15, Loss: 0.1007, Entropy: 0.6927, Epsilon: 0.839
2026-03-29 16:15:46 | INFO | Episode   66 - Reward: 16.000, Length: 16, Loss: 0.1498, Entropy: 0.6927, Epsilon: 0.837
2026-03-29 16:15:47 | INFO | Episode   67 - Reward: 11.000, Length: 11, Loss: 0.1118, Entropy: 0.6928, Epsilon: 0.834
2026-03-29 16:15:47 | INFO | Episode   68 - Reward: 45.000, Length: 45, Loss: 0.0829, Entropy: 0.6929, Epsilon: 0.832
2026-03-29 16:15:48 | INFO | Episode   69 - Reward: 16.000, Length: 16, Loss: 0.9083, Entropy: 0.6929, Epsilon: 0.829
2026-03-29 16:15:48 | INFO | Episode   70 - Reward: 14.000, Length: 14, Loss: 0.4688, Entropy: 0.6929, Epsilon: 0.827
2026-03-29 16:15:49 | INFO | Episode   71 - Reward: 35.000, Length: 35, Loss: 0.3294, Entropy: 0.6929, Epsilon: 0.824
2026-03-29 16:15:49 | INFO | Episode   72 - Reward: 14.000, Length: 14, Loss: 0.3578, Entropy: 0.6929, Epsilon: 0.822
2026-03-29 16:15:50 | INFO | Episode   73 - Reward: 10.000, Length: 10, Loss: 0.2652, Entropy: 0.6929, Epsilon: 0.819
2026-03-29 16:15:50 | INFO | Episode   74 - Reward: 31.000, Length: 31, Loss: 0.3097, Entropy: 0.6929, Epsilon: 0.817
2026-03-29 16:15:51 | INFO | Episode   75 - Reward: 25.000, Length: 25, Loss: 0.2573, Entropy: 0.6929, Epsilon: 0.814
2026-03-29 16:15:51 | INFO | Episode   76 - Reward: 21.000, Length: 21, Loss: 0.3171, Entropy: 0.6929, Epsilon: 0.812
2026-03-29 16:15:52 | INFO | Episode   77 - Reward: 24.000, Length: 24, Loss: 0.2470, Entropy: 0.6928, Epsilon: 0.809
2026-03-29 16:15:52 | INFO | Episode   78 - Reward: 14.000, Length: 14, Loss: 0.1774, Entropy: 0.6928, Epsilon: 0.807
2026-03-29 16:15:53 | INFO | Episode   79 - Reward: 15.000, Length: 15, Loss: 0.2413, Entropy: 0.6929, Epsilon: 0.804
2026-03-29 16:15:53 | INFO | Episode   80 - Reward: 17.000, Length: 17, Loss: 0.2336, Entropy: 0.6929, Epsilon: 0.802
2026-03-29 16:15:54 | INFO | Episode   81 - Reward: 8.000, Length: 8, Loss: 0.2995, Entropy: 0.6929, Epsilon: 0.800
2026-03-29 16:15:54 | INFO | Episode   82 - Reward: 34.000, Length: 34, Loss: 0.2964, Entropy: 0.6930, Epsilon: 0.797
2026-03-29 16:15:55 | INFO | Episode   83 - Reward: 51.000, Length: 51, Loss: 0.2345, Entropy: 0.6931, Epsilon: 0.795
2026-03-29 16:15:55 | INFO | Episode   84 - Reward: 14.000, Length: 14, Loss: 0.1968, Entropy: 0.6930, Epsilon: 0.792
2026-03-29 16:15:56 | INFO | Episode   85 - Reward: 19.000, Length: 19, Loss: 0.3100, Entropy: 0.6931, Epsilon: 0.790
2026-03-29 16:15:56 | INFO | Episode   86 - Reward: 47.000, Length: 47, Loss: 0.2782, Entropy: 0.6931, Epsilon: 0.787
2026-03-29 16:15:57 | INFO | Episode   87 - Reward: 18.000, Length: 18, Loss: 0.2440, Entropy: 0.6931, Epsilon: 0.785
2026-03-29 16:15:57 | INFO | Episode   88 - Reward: 23.000, Length: 23, Loss: 0.2176, Entropy: 0.6931, Epsilon: 0.782
2026-03-29 16:15:57 | INFO | Episode   89 - Reward: 32.000, Length: 32, Loss: 0.3053, Entropy: 0.6931, Epsilon: 0.780
2026-03-29 16:15:58 | INFO | Episode   90 - Reward: 15.000, Length: 15, Loss: 0.9628, Entropy: 0.6930, Epsilon: 0.777
2026-03-29 16:15:58 | INFO | Episode   91 - Reward: 15.000, Length: 15, Loss: 0.7927, Entropy: 0.6931, Epsilon: 0.775
2026-03-29 16:15:59 | INFO | Episode   92 - Reward: 20.000, Length: 20, Loss: 0.4950, Entropy: 0.6931, Epsilon: 0.772
2026-03-29 16:15:59 | INFO | Episode   93 - Reward: 14.000, Length: 14, Loss: 0.3668, Entropy: 0.6930, Epsilon: 0.770
2026-03-29 16:16:00 | INFO | Episode   94 - Reward: 15.000, Length: 15, Loss: 0.6029, Entropy: 0.6930, Epsilon: 0.767
2026-03-29 16:16:00 | INFO | Episode   95 - Reward: 16.000, Length: 16, Loss: 0.4993, Entropy: 0.6931, Epsilon: 0.765
2026-03-29 16:16:00 | INFO | Episode   96 - Reward: 33.000, Length: 33, Loss: 0.3515, Entropy: 0.6931, Epsilon: 0.762
2026-03-29 16:16:01 | INFO | Episode   97 - Reward: 34.000, Length: 34, Loss: 0.4294, Entropy: 0.6931, Epsilon: 0.760
2026-03-29 16:16:01 | INFO | Episode   98 - Reward: 83.000, Length: 83, Loss: 0.5029, Entropy: 0.6931, Epsilon: 0.757
2026-03-29 16:16:02 | INFO | Episode   99 - Reward: 27.000, Length: 27, Loss: 0.2892, Entropy: 0.6930, Epsilon: 0.755
2026-03-29 16:16:02 | INFO | Episode  100 - Reward: 30.000, Length: 30, Loss: 0.3905, Entropy: 0.6930, Epsilon: 0.752
2026-03-29 16:16:03 | INFO | [Episode  100] eps=0.752  avg_reward=  24.880  avg_length= 24.88  avg_loss=  0.3059  avg_entropy=0.6930  eval_success=0.000
2026-03-29 16:16:03 | INFO | Episode  101 - Reward: 17.000, Length: 17, Loss: 0.4681, Entropy: 0.6929, Epsilon: 0.750
2026-03-29 16:16:04 | INFO | Episode  102 - Reward: 13.000, Length: 13, Loss: 0.5112, Entropy: 0.6928, Epsilon: 0.748
2026-03-29 16:16:04 | INFO | Episode  103 - Reward: 18.000, Length: 18, Loss: 0.4389, Entropy: 0.6928, Epsilon: 0.745
2026-03-29 16:16:04 | INFO | Episode  104 - Reward: 22.000, Length: 22, Loss: 0.3905, Entropy: 0.6929, Epsilon: 0.743
2026-03-29 16:16:05 | INFO | Episode  105 - Reward: 26.000, Length: 26, Loss: 0.4707, Entropy: 0.6929, Epsilon: 0.740
2026-03-29 16:16:06 | INFO | Episode  106 - Reward: 11.000, Length: 11, Loss: 0.4226, Entropy: 0.6930, Epsilon: 0.738
2026-03-29 16:16:06 | INFO | Episode  107 - Reward: 22.000, Length: 22, Loss: 0.4659, Entropy: 0.6929, Epsilon: 0.735
2026-03-29 16:16:07 | INFO | Episode  108 - Reward: 10.000, Length: 10, Loss: 0.4550, Entropy: 0.6930, Epsilon: 0.733
2026-03-29 16:16:08 | INFO | Episode  109 - Reward: 13.000, Length: 13, Loss: 0.4697, Entropy: 0.6931, Epsilon: 0.730
2026-03-29 16:16:08 | INFO | Episode  110 - Reward: 19.000, Length: 19, Loss: 0.5433, Entropy: 0.6931, Epsilon: 0.728
2026-03-29 16:16:09 | INFO | Episode  111 - Reward: 47.000, Length: 47, Loss: 0.4359, Entropy: 0.6930, Epsilon: 0.725
2026-03-29 16:16:10 | INFO | Episode  112 - Reward: 35.000, Length: 35, Loss: 0.8822, Entropy: 0.6931, Epsilon: 0.723
2026-03-29 16:16:10 | INFO | Episode  113 - Reward: 19.000, Length: 19, Loss: 0.8184, Entropy: 0.6927, Epsilon: 0.720
2026-03-29 16:16:11 | INFO | Episode  114 - Reward: 19.000, Length: 19, Loss: 0.7346, Entropy: 0.6928, Epsilon: 0.718
2026-03-29 16:16:12 | INFO | Episode  115 - Reward: 13.000, Length: 13, Loss: 0.6013, Entropy: 0.6927, Epsilon: 0.715
2026-03-29 16:16:12 | INFO | Episode  116 - Reward: 12.000, Length: 12, Loss: 0.8706, Entropy: 0.6929, Epsilon: 0.713
2026-03-29 16:16:13 | INFO | Episode  117 - Reward: 13.000, Length: 13, Loss: 0.6762, Entropy: 0.6927, Epsilon: 0.710
2026-03-29 16:16:14 | INFO | Episode  118 - Reward: 13.000, Length: 13, Loss: 0.8103, Entropy: 0.6931, Epsilon: 0.708
2026-03-29 16:16:15 | INFO | Episode  119 - Reward: 14.000, Length: 14, Loss: 0.8106, Entropy: 0.6927, Epsilon: 0.705
2026-03-29 16:16:16 | INFO | Episode  120 - Reward: 23.000, Length: 23, Loss: 0.7561, Entropy: 0.6928, Epsilon: 0.703
2026-03-29 16:16:17 | INFO | Episode  121 - Reward: 13.000, Length: 13, Loss: 0.5585, Entropy: 0.6929, Epsilon: 0.701
2026-03-29 16:16:18 | INFO | Episode  122 - Reward: 16.000, Length: 16, Loss: 0.6597, Entropy: 0.6928, Epsilon: 0.698
2026-03-29 16:16:19 | INFO | Episode  123 - Reward: 19.000, Length: 19, Loss: 0.8750, Entropy: 0.6927, Epsilon: 0.696
2026-03-29 16:16:20 | INFO | Episode  124 - Reward: 16.000, Length: 16, Loss: 0.6960, Entropy: 0.6919, Epsilon: 0.693
2026-03-29 16:16:21 | INFO | Episode  125 - Reward: 17.000, Length: 17, Loss: 0.8337, Entropy: 0.6920, Epsilon: 0.691
2026-03-29 16:16:23 | INFO | Episode  126 - Reward: 25.000, Length: 25, Loss: 0.6134, Entropy: 0.6920, Epsilon: 0.688
2026-03-29 16:16:24 | INFO | Episode  127 - Reward: 10.000, Length: 10, Loss: 0.8275, Entropy: 0.6920, Epsilon: 0.686
2026-03-29 16:16:25 | INFO | Episode  128 - Reward: 10.000, Length: 10, Loss: 0.6211, Entropy: 0.6922, Epsilon: 0.683
2026-03-29 16:16:27 | INFO | Episode  129 - Reward: 23.000, Length: 23, Loss: 0.7858, Entropy: 0.6929, Epsilon: 0.681
2026-03-29 16:16:29 | INFO | Episode  130 - Reward: 20.000, Length: 20, Loss: 0.6348, Entropy: 0.6926, Epsilon: 0.678
2026-03-29 16:16:30 | INFO | Episode  131 - Reward: 9.000, Length: 9, Loss: 0.6569, Entropy: 0.6926, Epsilon: 0.676
2026-03-29 16:16:32 | INFO | Episode  132 - Reward: 12.000, Length: 12, Loss: 0.7517, Entropy: 0.6929, Epsilon: 0.673
2026-03-29 16:16:33 | INFO | Episode  133 - Reward: 13.000, Length: 13, Loss: 0.9159, Entropy: 0.6917, Epsilon: 0.671
2026-03-29 16:16:34 | INFO | Episode  134 - Reward: 16.000, Length: 16, Loss: 0.5659, Entropy: 0.6919, Epsilon: 0.668
2026-03-29 16:16:35 | INFO | Episode  135 - Reward: 25.000, Length: 25, Loss: 0.7615, Entropy: 0.6922, Epsilon: 0.666
2026-03-29 16:16:36 | INFO | Episode  136 - Reward: 15.000, Length: 15, Loss: 0.7465, Entropy: 0.6922, Epsilon: 0.663
2026-03-29 16:16:37 | INFO | Episode  137 - Reward: 10.000, Length: 10, Loss: 0.7869, Entropy: 0.6926, Epsilon: 0.661
2026-03-29 16:16:37 | INFO | Episode  138 - Reward: 18.000, Length: 18, Loss: 0.8728, Entropy: 0.6928, Epsilon: 0.658
2026-03-29 16:16:38 | INFO | Episode  139 - Reward: 15.000, Length: 15, Loss: 0.7032, Entropy: 0.6930, Epsilon: 0.656
2026-03-29 16:16:39 | INFO | Episode  140 - Reward: 23.000, Length: 23, Loss: 1.3567, Entropy: 0.6926, Epsilon: 0.653
2026-03-29 16:16:40 | INFO | Episode  141 - Reward: 11.000, Length: 11, Loss: 0.8782, Entropy: 0.6925, Epsilon: 0.651
2026-03-29 16:16:41 | INFO | Episode  142 - Reward: 17.000, Length: 17, Loss: 1.1130, Entropy: 0.6926, Epsilon: 0.649
2026-03-29 16:16:42 | INFO | Episode  143 - Reward: 14.000, Length: 14, Loss: 1.3135, Entropy: 0.6929, Epsilon: 0.646
2026-03-29 16:16:42 | INFO | Episode  144 - Reward: 62.000, Length: 62, Loss: 0.9187, Entropy: 0.6930, Epsilon: 0.644
2026-03-29 16:16:43 | INFO | Episode  145 - Reward: 39.000, Length: 39, Loss: 1.0080, Entropy: 0.6930, Epsilon: 0.641
2026-03-29 16:16:44 | INFO | Episode  146 - Reward: 40.000, Length: 40, Loss: 1.1928, Entropy: 0.6930, Epsilon: 0.639
2026-03-29 16:16:45 | INFO | Episode  147 - Reward: 31.000, Length: 31, Loss: 0.8510, Entropy: 0.6929, Epsilon: 0.636
2026-03-29 16:16:46 | INFO | Episode  148 - Reward: 11.000, Length: 11, Loss: 1.1363, Entropy: 0.6928, Epsilon: 0.634
2026-03-29 16:16:47 | INFO | Episode  149 - Reward: 16.000, Length: 16, Loss: 1.0193, Entropy: 0.6927, Epsilon: 0.631
2026-03-29 16:16:48 | INFO | Episode  150 - Reward: 103.000, Length: 103, Loss: 1.1213, Entropy: 0.6929, Epsilon: 0.629
2026-03-29 16:16:59 | INFO | [Episode  150] eps=0.629  avg_reward=  20.960  avg_length= 20.96  avg_loss=  0.7562  avg_entropy=0.6929  eval_success=0.040
2026-03-29 16:16:59 | INFO | Episode  151 - Reward: 29.000, Length: 29, Loss: 1.0031, Entropy: 0.6928, Epsilon: 0.626
2026-03-29 16:17:00 | INFO | Episode  152 - Reward: 12.000, Length: 12, Loss: 0.7540, Entropy: 0.6927, Epsilon: 0.624
2026-03-29 16:17:01 | INFO | Episode  153 - Reward: 12.000, Length: 12, Loss: 0.8858, Entropy: 0.6919, Epsilon: 0.621
2026-03-29 16:17:02 | INFO | Episode  154 - Reward: 10.000, Length: 10, Loss: 0.8919, Entropy: 0.6923, Epsilon: 0.619
2026-03-29 16:17:02 | INFO | Episode  155 - Reward: 24.000, Length: 24, Loss: 1.0158, Entropy: 0.6923, Epsilon: 0.616
2026-03-29 16:17:03 | INFO | Episode  156 - Reward: 16.000, Length: 16, Loss: 0.9214, Entropy: 0.6922, Epsilon: 0.614
2026-03-29 16:17:04 | INFO | Episode  157 - Reward: 25.000, Length: 25, Loss: 1.0409, Entropy: 0.6916, Epsilon: 0.611
2026-03-29 16:17:05 | INFO | Episode  158 - Reward: 15.000, Length: 15, Loss: 1.2361, Entropy: 0.6920, Epsilon: 0.609
2026-03-29 16:17:06 | INFO | Episode  159 - Reward: 15.000, Length: 15, Loss: 1.2283, Entropy: 0.6925, Epsilon: 0.606
2026-03-29 16:17:06 | INFO | Episode  160 - Reward: 22.000, Length: 22, Loss: 1.0723, Entropy: 0.6925, Epsilon: 0.604
2026-03-29 16:17:07 | INFO | Episode  161 - Reward: 42.000, Length: 42, Loss: 1.3013, Entropy: 0.6920, Epsilon: 0.602
2026-03-29 16:17:08 | INFO | Episode  162 - Reward: 25.000, Length: 25, Loss: 1.3213, Entropy: 0.6922, Epsilon: 0.599
2026-03-29 16:17:09 | INFO | Episode  163 - Reward: 17.000, Length: 17, Loss: 1.2333, Entropy: 0.6924, Epsilon: 0.597
2026-03-29 16:17:10 | INFO | Episode  164 - Reward: 24.000, Length: 24, Loss: 1.5716, Entropy: 0.6921, Epsilon: 0.594
2026-03-29 16:17:10 | INFO | Episode  165 - Reward: 11.000, Length: 11, Loss: 1.0871, Entropy: 0.6912, Epsilon: 0.592
2026-03-29 16:17:11 | INFO | Episode  166 - Reward: 16.000, Length: 16, Loss: 1.1708, Entropy: 0.6925, Epsilon: 0.589
2026-03-29 16:17:12 | INFO | Episode  167 - Reward: 100.000, Length: 100, Loss: 0.9727, Entropy: 0.6924, Epsilon: 0.587
2026-03-29 16:17:13 | INFO | Episode  168 - Reward: 21.000, Length: 21, Loss: 0.9884, Entropy: 0.6924, Epsilon: 0.584
2026-03-29 16:17:14 | INFO | Episode  169 - Reward: 51.000, Length: 51, Loss: 1.2352, Entropy: 0.6925, Epsilon: 0.582
2026-03-29 16:17:15 | INFO | Episode  170 - Reward: 24.000, Length: 24, Loss: 1.2605, Entropy: 0.6924, Epsilon: 0.579
2026-03-29 16:17:15 | INFO | Episode  171 - Reward: 67.000, Length: 67, Loss: 1.3859, Entropy: 0.6923, Epsilon: 0.577
2026-03-29 16:17:16 | INFO | Episode  172 - Reward: 60.000, Length: 60, Loss: 1.1054, Entropy: 0.6923, Epsilon: 0.574
2026-03-29 16:17:17 | INFO | Episode  173 - Reward: 12.000, Length: 12, Loss: 1.7869, Entropy: 0.6922, Epsilon: 0.572
2026-03-29 16:17:18 | INFO | Episode  174 - Reward: 43.000, Length: 43, Loss: 1.5110, Entropy: 0.6913, Epsilon: 0.569
2026-03-29 16:17:18 | INFO | Episode  175 - Reward: 30.000, Length: 30, Loss: 1.5308, Entropy: 0.6907, Epsilon: 0.567
2026-03-29 16:17:19 | INFO | Episode  176 - Reward: 22.000, Length: 22, Loss: 1.6598, Entropy: 0.6921, Epsilon: 0.564
2026-03-29 16:17:19 | INFO | Episode  177 - Reward: 90.000, Length: 90, Loss: 1.6556, Entropy: 0.6922, Epsilon: 0.562
2026-03-29 16:17:20 | INFO | Episode  178 - Reward: 122.000, Length: 122, Loss: 1.4715, Entropy: 0.6922, Epsilon: 0.559
2026-03-29 16:17:21 | INFO | Episode  179 - Reward: 135.000, Length: 135, Loss: 1.2329, Entropy: 0.6921, Epsilon: 0.557
2026-03-29 16:17:22 | INFO | Episode  180 - Reward: 13.000, Length: 13, Loss: 1.8309, Entropy: 0.6921, Epsilon: 0.554
2026-03-29 16:17:22 | INFO | Episode  181 - Reward: 46.000, Length: 46, Loss: 1.7889, Entropy: 0.6919, Epsilon: 0.552
2026-03-29 16:17:23 | INFO | Episode  182 - Reward: 13.000, Length: 13, Loss: 1.5127, Entropy: 0.6914, Epsilon: 0.550
2026-03-29 16:17:23 | INFO | Episode  183 - Reward: 23.000, Length: 23, Loss: 1.8262, Entropy: 0.6912, Epsilon: 0.547
2026-03-29 16:17:24 | INFO | Episode  184 - Reward: 21.000, Length: 21, Loss: 1.9310, Entropy: 0.6909, Epsilon: 0.545
2026-03-29 16:17:25 | INFO | Episode  185 - Reward: 21.000, Length: 21, Loss: 1.7117, Entropy: 0.6910, Epsilon: 0.542
2026-03-29 16:17:25 | INFO | Episode  186 - Reward: 20.000, Length: 20, Loss: 2.0487, Entropy: 0.6912, Epsilon: 0.540
2026-03-29 16:17:26 | INFO | Episode  187 - Reward: 90.000, Length: 90, Loss: 1.9594, Entropy: 0.6906, Epsilon: 0.537
2026-03-29 16:17:27 | INFO | Episode  188 - Reward: 43.000, Length: 43, Loss: 1.0991, Entropy: 0.6911, Epsilon: 0.535
2026-03-29 16:17:28 | INFO | Episode  189 - Reward: 16.000, Length: 16, Loss: 2.1896, Entropy: 0.6910, Epsilon: 0.532
2026-03-29 16:17:29 | INFO | Episode  190 - Reward: 71.000, Length: 71, Loss: 1.8245, Entropy: 0.6908, Epsilon: 0.530
2026-03-29 16:17:29 | INFO | Episode  191 - Reward: 31.000, Length: 31, Loss: 2.1374, Entropy: 0.6894, Epsilon: 0.527
2026-03-29 16:17:30 | INFO | Episode  192 - Reward: 22.000, Length: 22, Loss: 1.4490, Entropy: 0.6881, Epsilon: 0.525
2026-03-29 16:17:31 | INFO | Episode  193 - Reward: 11.000, Length: 11, Loss: 1.4314, Entropy: 0.6875, Epsilon: 0.522
2026-03-29 16:17:32 | INFO | Episode  194 - Reward: 25.000, Length: 25, Loss: 1.8873, Entropy: 0.6877, Epsilon: 0.520
2026-03-29 16:17:32 | INFO | Episode  195 - Reward: 23.000, Length: 23, Loss: 2.0159, Entropy: 0.6899, Epsilon: 0.517
2026-03-29 16:17:33 | INFO | Episode  196 - Reward: 30.000, Length: 30, Loss: 1.8727, Entropy: 0.6902, Epsilon: 0.515
2026-03-29 16:17:34 | INFO | Episode  197 - Reward: 54.000, Length: 54, Loss: 1.8867, Entropy: 0.6893, Epsilon: 0.512
2026-03-29 16:17:35 | INFO | Episode  198 - Reward: 71.000, Length: 71, Loss: 1.8475, Entropy: 0.6888, Epsilon: 0.510
2026-03-29 16:17:36 | INFO | Episode  199 - Reward: 24.000, Length: 24, Loss: 1.9359, Entropy: 0.6889, Epsilon: 0.507
2026-03-29 16:17:36 | INFO | Episode  200 - Reward: 20.000, Length: 20, Loss: 2.0926, Entropy: 0.6892, Epsilon: 0.505
2026-03-29 16:17:38 | INFO | [Episode  200] eps=0.505  avg_reward=  35.600  avg_length= 35.60  avg_loss=  1.4762  avg_entropy=0.6892  eval_success=0.000
2026-03-29 16:17:39 | INFO | Episode  201 - Reward: 20.000, Length: 20, Loss: 2.2845, Entropy: 0.6899, Epsilon: 0.503
2026-03-29 16:17:40 | INFO | Episode  202 - Reward: 47.000, Length: 47, Loss: 1.7576, Entropy: 0.6886, Epsilon: 0.500
2026-03-29 16:17:41 | INFO | Episode  203 - Reward: 14.000, Length: 14, Loss: 2.1957, Entropy: 0.6895, Epsilon: 0.498
2026-03-29 16:17:42 | INFO | Episode  204 - Reward: 60.000, Length: 60, Loss: 2.3371, Entropy: 0.6895, Epsilon: 0.495
2026-03-29 16:17:43 | INFO | Episode  205 - Reward: 51.000, Length: 51, Loss: 2.0124, Entropy: 0.6896, Epsilon: 0.493
2026-03-29 16:17:44 | INFO | Episode  206 - Reward: 52.000, Length: 52, Loss: 1.6812, Entropy: 0.6895, Epsilon: 0.490
2026-03-29 16:17:45 | INFO | Episode  207 - Reward: 54.000, Length: 54, Loss: 2.0607, Entropy: 0.6897, Epsilon: 0.488
2026-03-29 16:17:45 | INFO | Episode  208 - Reward: 58.000, Length: 58, Loss: 1.5220, Entropy: 0.6893, Epsilon: 0.485
2026-03-29 16:17:46 | INFO | Episode  209 - Reward: 49.000, Length: 49, Loss: 1.9067, Entropy: 0.6898, Epsilon: 0.483
2026-03-29 16:17:47 | INFO | Episode  210 - Reward: 35.000, Length: 35, Loss: 2.0619, Entropy: 0.6879, Epsilon: 0.480
2026-03-29 16:17:48 | INFO | Episode  211 - Reward: 22.000, Length: 22, Loss: 2.2876, Entropy: 0.6843, Epsilon: 0.478
2026-03-29 16:17:49 | INFO | Episode  212 - Reward: 17.000, Length: 17, Loss: 2.0475, Entropy: 0.6840, Epsilon: 0.475
2026-03-29 16:17:50 | INFO | Episode  213 - Reward: 34.000, Length: 34, Loss: 2.4719, Entropy: 0.6874, Epsilon: 0.473
2026-03-29 16:17:50 | INFO | Episode  214 - Reward: 25.000, Length: 25, Loss: 1.9096, Entropy: 0.6882, Epsilon: 0.470
2026-03-29 16:17:51 | INFO | Episode  215 - Reward: 56.000, Length: 56, Loss: 2.1321, Entropy: 0.6872, Epsilon: 0.468
2026-03-29 16:17:52 | INFO | Episode  216 - Reward: 75.000, Length: 75, Loss: 2.0147, Entropy: 0.6874, Epsilon: 0.465
2026-03-29 16:17:53 | INFO | Episode  217 - Reward: 28.000, Length: 28, Loss: 2.3591, Entropy: 0.6879, Epsilon: 0.463
2026-03-29 16:17:54 | INFO | Episode  218 - Reward: 56.000, Length: 56, Loss: 2.8706, Entropy: 0.6862, Epsilon: 0.460
2026-03-29 16:17:55 | INFO | Episode  219 - Reward: 87.000, Length: 87, Loss: 1.8829, Entropy: 0.6865, Epsilon: 0.458
2026-03-29 16:17:55 | INFO | Episode  220 - Reward: 71.000, Length: 71, Loss: 1.6701, Entropy: 0.6878, Epsilon: 0.456
2026-03-29 16:17:56 | INFO | Episode  221 - Reward: 70.000, Length: 70, Loss: 2.6728, Entropy: 0.6872, Epsilon: 0.453
2026-03-29 16:17:57 | INFO | Episode  222 - Reward: 45.000, Length: 45, Loss: 1.9622, Entropy: 0.6877, Epsilon: 0.451
2026-03-29 16:17:58 | INFO | Episode  223 - Reward: 37.000, Length: 37, Loss: 2.0956, Entropy: 0.6868, Epsilon: 0.448
2026-03-29 16:17:59 | INFO | Episode  224 - Reward: 59.000, Length: 59, Loss: 2.0764, Entropy: 0.6865, Epsilon: 0.446
2026-03-29 16:18:00 | INFO | Episode  225 - Reward: 47.000, Length: 47, Loss: 2.1604, Entropy: 0.6864, Epsilon: 0.443
2026-03-29 16:18:01 | INFO | Episode  226 - Reward: 19.000, Length: 19, Loss: 2.8241, Entropy: 0.6818, Epsilon: 0.441
2026-03-29 16:18:02 | INFO | Episode  227 - Reward: 28.000, Length: 28, Loss: 2.6015, Entropy: 0.6842, Epsilon: 0.438
2026-03-29 16:18:03 | INFO | Episode  228 - Reward: 22.000, Length: 22, Loss: 2.6609, Entropy: 0.6811, Epsilon: 0.436
2026-03-29 16:18:04 | INFO | Episode  229 - Reward: 36.000, Length: 36, Loss: 1.8057, Entropy: 0.6837, Epsilon: 0.433
2026-03-29 16:18:04 | INFO | Episode  230 - Reward: 42.000, Length: 42, Loss: 1.9003, Entropy: 0.6838, Epsilon: 0.431
2026-03-29 16:18:05 | INFO | Episode  231 - Reward: 127.000, Length: 127, Loss: 2.4266, Entropy: 0.6825, Epsilon: 0.428
2026-03-29 16:18:05 | INFO | Episode  232 - Reward: 30.000, Length: 30, Loss: 2.4839, Entropy: 0.6823, Epsilon: 0.426
2026-03-29 16:18:06 | INFO | Episode  233 - Reward: 68.000, Length: 68, Loss: 3.1640, Entropy: 0.6830, Epsilon: 0.423
2026-03-29 16:18:06 | INFO | Episode  234 - Reward: 55.000, Length: 55, Loss: 2.4688, Entropy: 0.6809, Epsilon: 0.421
2026-03-29 16:18:07 | INFO | Episode  235 - Reward: 14.000, Length: 14, Loss: 2.3644, Entropy: 0.6814, Epsilon: 0.418
2026-03-29 16:18:07 | INFO | Episode  236 - Reward: 88.000, Length: 88, Loss: 2.0873, Entropy: 0.6819, Epsilon: 0.416
2026-03-29 16:18:08 | INFO | Episode  237 - Reward: 42.000, Length: 42, Loss: 2.3664, Entropy: 0.6803, Epsilon: 0.413
2026-03-29 16:18:08 | INFO | Episode  238 - Reward: 62.000, Length: 62, Loss: 2.3998, Entropy: 0.6800, Epsilon: 0.411
2026-03-29 16:18:09 | INFO | Episode  239 - Reward: 132.000, Length: 132, Loss: 2.5863, Entropy: 0.6789, Epsilon: 0.408
2026-03-29 16:18:09 | INFO | Episode  240 - Reward: 29.000, Length: 29, Loss: 2.5662, Entropy: 0.6797, Epsilon: 0.406
2026-03-29 16:18:10 | INFO | Episode  241 - Reward: 68.000, Length: 68, Loss: 2.6233, Entropy: 0.6772, Epsilon: 0.404
2026-03-29 16:18:10 | INFO | Episode  242 - Reward: 37.000, Length: 37, Loss: 2.3211, Entropy: 0.6802, Epsilon: 0.401
2026-03-29 16:18:11 | INFO | Episode  243 - Reward: 115.000, Length: 115, Loss: 2.5416, Entropy: 0.6799, Epsilon: 0.399
2026-03-29 16:18:11 | INFO | Episode  244 - Reward: 49.000, Length: 49, Loss: 2.5389, Entropy: 0.6760, Epsilon: 0.396
2026-03-29 16:18:12 | INFO | Episode  245 - Reward: 48.000, Length: 48, Loss: 2.1195, Entropy: 0.6773, Epsilon: 0.394
2026-03-29 16:18:12 | INFO | Episode  246 - Reward: 61.000, Length: 61, Loss: 2.7954, Entropy: 0.6743, Epsilon: 0.391
2026-03-29 16:18:13 | INFO | Episode  247 - Reward: 143.000, Length: 143, Loss: 2.4929, Entropy: 0.6749, Epsilon: 0.389
2026-03-29 16:18:13 | INFO | Episode  248 - Reward: 51.000, Length: 51, Loss: 2.4534, Entropy: 0.6756, Epsilon: 0.386
2026-03-29 16:18:14 | INFO | Episode  249 - Reward: 13.000, Length: 13, Loss: 3.7636, Entropy: 0.6710, Epsilon: 0.384
2026-03-29 16:18:15 | INFO | Episode  250 - Reward: 29.000, Length: 29, Loss: 2.7981, Entropy: 0.6728, Epsilon: 0.381
2026-03-29 16:18:19 | INFO | [Episode  250] eps=0.381  avg_reward=  51.540  avg_length= 51.54  avg_loss=  2.3117  avg_entropy=0.6728  eval_success=0.000
2026-03-29 16:18:20 | INFO | Episode  251 - Reward: 75.000, Length: 75, Loss: 2.6190, Entropy: 0.6704, Epsilon: 0.379
2026-03-29 16:18:20 | INFO | Episode  252 - Reward: 83.000, Length: 83, Loss: 3.2818, Entropy: 0.6684, Epsilon: 0.376
2026-03-29 16:18:21 | INFO | Episode  253 - Reward: 54.000, Length: 54, Loss: 3.1693, Entropy: 0.6695, Epsilon: 0.374
2026-03-29 16:18:21 | INFO | Episode  254 - Reward: 59.000, Length: 59, Loss: 3.5113, Entropy: 0.6685, Epsilon: 0.371
2026-03-29 16:18:22 | INFO | Episode  255 - Reward: 35.000, Length: 35, Loss: 2.8552, Entropy: 0.6687, Epsilon: 0.369
2026-03-29 16:18:22 | INFO | Episode  256 - Reward: 75.000, Length: 75, Loss: 2.0176, Entropy: 0.6710, Epsilon: 0.366
2026-03-29 16:18:23 | INFO | Episode  257 - Reward: 151.000, Length: 151, Loss: 3.4403, Entropy: 0.6683, Epsilon: 0.364
2026-03-29 16:18:23 | INFO | Episode  258 - Reward: 71.000, Length: 71, Loss: 2.8655, Entropy: 0.6706, Epsilon: 0.361
2026-03-29 16:18:24 | INFO | Episode  259 - Reward: 44.000, Length: 44, Loss: 2.6007, Entropy: 0.6664, Epsilon: 0.359
2026-03-29 16:18:24 | INFO | Episode  260 - Reward: 130.000, Length: 130, Loss: 4.7418, Entropy: 0.6652, Epsilon: 0.357
2026-03-29 16:18:25 | INFO | Episode  261 - Reward: 41.000, Length: 41, Loss: 3.3394, Entropy: 0.6622, Epsilon: 0.354
2026-03-29 16:18:26 | INFO | Episode  262 - Reward: 67.000, Length: 67, Loss: 3.3406, Entropy: 0.6635, Epsilon: 0.352
2026-03-29 16:18:26 | INFO | Episode  263 - Reward: 49.000, Length: 49, Loss: 2.9025, Entropy: 0.6602, Epsilon: 0.349
2026-03-29 16:18:27 | INFO | Episode  264 - Reward: 54.000, Length: 54, Loss: 2.3301, Entropy: 0.6592, Epsilon: 0.347
2026-03-29 16:18:27 | INFO | Episode  265 - Reward: 138.000, Length: 138, Loss: 4.2164, Entropy: 0.6515, Epsilon: 0.344
2026-03-29 16:18:28 | INFO | Episode  266 - Reward: 53.000, Length: 53, Loss: 3.8066, Entropy: 0.6535, Epsilon: 0.342
2026-03-29 16:18:28 | INFO | Episode  267 - Reward: 63.000, Length: 63, Loss: 2.2724, Entropy: 0.6568, Epsilon: 0.339
2026-03-29 16:18:29 | INFO | Episode  268 - Reward: 55.000, Length: 55, Loss: 3.9509, Entropy: 0.6528, Epsilon: 0.337
2026-03-29 16:18:29 | INFO | Episode  269 - Reward: 78.000, Length: 78, Loss: 3.3982, Entropy: 0.6511, Epsilon: 0.334
2026-03-29 16:18:30 | INFO | Episode  270 - Reward: 14.000, Length: 14, Loss: 4.2004, Entropy: 0.6424, Epsilon: 0.332
2026-03-29 16:18:30 | INFO | Episode  271 - Reward: 71.000, Length: 71, Loss: 4.0336, Entropy: 0.6480, Epsilon: 0.329
2026-03-29 16:18:31 | INFO | Episode  272 - Reward: 58.000, Length: 58, Loss: 3.5931, Entropy: 0.6459, Epsilon: 0.327
2026-03-29 16:18:31 | INFO | Episode  273 - Reward: 43.000, Length: 43, Loss: 4.5450, Entropy: 0.6390, Epsilon: 0.324
2026-03-29 16:18:32 | INFO | Episode  274 - Reward: 29.000, Length: 29, Loss: 3.1600, Entropy: 0.6461, Epsilon: 0.322
2026-03-29 16:18:32 | INFO | Episode  275 - Reward: 116.000, Length: 116, Loss: 2.9556, Entropy: 0.6419, Epsilon: 0.319
2026-03-29 16:18:33 | INFO | Episode  276 - Reward: 41.000, Length: 41, Loss: 4.1718, Entropy: 0.6380, Epsilon: 0.317
2026-03-29 16:18:33 | INFO | Episode  277 - Reward: 67.000, Length: 67, Loss: 4.2350, Entropy: 0.6372, Epsilon: 0.314
2026-03-29 16:18:34 | INFO | Episode  278 - Reward: 52.000, Length: 52, Loss: 3.3129, Entropy: 0.6363, Epsilon: 0.312
2026-03-29 16:18:34 | INFO | Episode  279 - Reward: 44.000, Length: 44, Loss: 3.3976, Entropy: 0.6334, Epsilon: 0.309
2026-03-29 16:18:35 | INFO | Episode  280 - Reward: 116.000, Length: 116, Loss: 3.9964, Entropy: 0.6328, Epsilon: 0.307
2026-03-29 16:18:35 | INFO | Episode  281 - Reward: 100.000, Length: 100, Loss: 4.0986, Entropy: 0.6339, Epsilon: 0.305
2026-03-29 16:18:36 | INFO | Episode  282 - Reward: 48.000, Length: 48, Loss: 3.8437, Entropy: 0.6334, Epsilon: 0.302
2026-03-29 16:18:36 | INFO | Episode  283 - Reward: 124.000, Length: 124, Loss: 3.8289, Entropy: 0.6358, Epsilon: 0.300
2026-03-29 16:18:36 | INFO | Episode  284 - Reward: 67.000, Length: 67, Loss: 3.2764, Entropy: 0.6288, Epsilon: 0.297
2026-03-29 16:18:37 | INFO | Episode  285 - Reward: 42.000, Length: 42, Loss: 3.2951, Entropy: 0.6172, Epsilon: 0.295
2026-03-29 16:18:37 | INFO | Episode  286 - Reward: 44.000, Length: 44, Loss: 4.2672, Entropy: 0.6246, Epsilon: 0.292
2026-03-29 16:18:38 | INFO | Episode  287 - Reward: 33.000, Length: 33, Loss: 3.6382, Entropy: 0.6176, Epsilon: 0.290
2026-03-29 16:18:38 | INFO | Episode  288 - Reward: 31.000, Length: 31, Loss: 3.9674, Entropy: 0.6146, Epsilon: 0.287
2026-03-29 16:18:38 | INFO | Episode  289 - Reward: 36.000, Length: 36, Loss: 3.5951, Entropy: 0.6090, Epsilon: 0.285
2026-03-29 16:18:39 | INFO | Episode  290 - Reward: 63.000, Length: 63, Loss: 5.0345, Entropy: 0.6082, Epsilon: 0.282
2026-03-29 16:18:40 | INFO | Episode  291 - Reward: 42.000, Length: 42, Loss: 2.8240, Entropy: 0.6100, Epsilon: 0.280
2026-03-29 16:18:40 | INFO | Episode  292 - Reward: 52.000, Length: 52, Loss: 3.4250, Entropy: 0.6105, Epsilon: 0.277
2026-03-29 16:18:40 | INFO | Episode  293 - Reward: 65.000, Length: 65, Loss: 3.6334, Entropy: 0.6153, Epsilon: 0.275
2026-03-29 16:18:41 | INFO | Episode  294 - Reward: 184.000, Length: 184, Loss: 5.1420, Entropy: 0.6119, Epsilon: 0.272
2026-03-29 16:18:41 | INFO | Episode  295 - Reward: 73.000, Length: 73, Loss: 4.7276, Entropy: 0.6150, Epsilon: 0.270
2026-03-29 16:18:42 | INFO | Episode  296 - Reward: 200.000, Length: 200, Loss: 6.0571, Entropy: 0.6101, Epsilon: 0.267
2026-03-29 16:18:42 | INFO | Episode  297 - Reward: 164.000, Length: 164, Loss: 4.5428, Entropy: 0.6065, Epsilon: 0.265
2026-03-29 16:18:43 | INFO | Episode  298 - Reward: 50.000, Length: 50, Loss: 4.6784, Entropy: 0.6042, Epsilon: 0.262
2026-03-29 16:18:43 | INFO | Episode  299 - Reward: 57.000, Length: 57, Loss: 5.7257, Entropy: 0.6028, Epsilon: 0.260
2026-03-29 16:18:43 | INFO | Episode  300 - Reward: 119.000, Length: 119, Loss: 4.8169, Entropy: 0.5952, Epsilon: 0.258
2026-03-29 16:18:46 | INFO | [Episode  300] eps=0.258  avg_reward=  72.400  avg_length= 72.40  avg_loss=  3.7336  avg_entropy=0.5952  eval_success=0.000
2026-03-29 16:18:47 | INFO | Episode  301 - Reward: 44.000, Length: 44, Loss: 5.6410, Entropy: 0.6102, Epsilon: 0.255
2026-03-29 16:18:47 | INFO | Episode  302 - Reward: 90.000, Length: 90, Loss: 6.2523, Entropy: 0.6052, Epsilon: 0.253
2026-03-29 16:18:48 | INFO | Episode  303 - Reward: 109.000, Length: 109, Loss: 4.0166, Entropy: 0.6044, Epsilon: 0.250
2026-03-29 16:18:48 | INFO | Episode  304 - Reward: 90.000, Length: 90, Loss: 6.5133, Entropy: 0.6037, Epsilon: 0.248
2026-03-29 16:18:48 | INFO | Episode  305 - Reward: 60.000, Length: 60, Loss: 6.2465, Entropy: 0.5932, Epsilon: 0.245
2026-03-29 16:18:49 | INFO | Episode  306 - Reward: 134.000, Length: 134, Loss: 6.2738, Entropy: 0.5973, Epsilon: 0.243
2026-03-29 16:18:49 | INFO | Episode  307 - Reward: 123.000, Length: 123, Loss: 6.1955, Entropy: 0.5970, Epsilon: 0.240
2026-03-29 16:18:50 | INFO | Episode  308 - Reward: 61.000, Length: 61, Loss: 5.1005, Entropy: 0.5991, Epsilon: 0.238
2026-03-29 16:18:50 | INFO | Episode  309 - Reward: 66.000, Length: 66, Loss: 4.6399, Entropy: 0.5999, Epsilon: 0.235
2026-03-29 16:18:51 | INFO | Episode  310 - Reward: 87.000, Length: 87, Loss: 4.8160, Entropy: 0.6052, Epsilon: 0.233
2026-03-29 16:18:51 | INFO | Episode  311 - Reward: 70.000, Length: 70, Loss: 3.6394, Entropy: 0.6050, Epsilon: 0.230
2026-03-29 16:18:52 | INFO | Episode  312 - Reward: 96.000, Length: 96, Loss: 4.1860, Entropy: 0.6074, Epsilon: 0.228
2026-03-29 16:18:52 | INFO | Episode  313 - Reward: 72.000, Length: 72, Loss: 3.9405, Entropy: 0.6012, Epsilon: 0.225
2026-03-29 16:18:53 | INFO | Episode  314 - Reward: 64.000, Length: 64, Loss: 5.2575, Entropy: 0.5970, Epsilon: 0.223
2026-03-29 16:18:53 | INFO | Episode  315 - Reward: 200.000, Length: 200, Loss: 3.2068, Entropy: 0.5967, Epsilon: 0.220
2026-03-29 16:18:53 | INFO | Episode  316 - Reward: 52.000, Length: 52, Loss: 5.2042, Entropy: 0.5710, Epsilon: 0.218
2026-03-29 16:18:54 | INFO | Episode  317 - Reward: 29.000, Length: 29, Loss: 5.0502, Entropy: 0.5661, Epsilon: 0.215
2026-03-29 16:18:54 | INFO | Episode  318 - Reward: 37.000, Length: 37, Loss: 5.0529, Entropy: 0.5834, Epsilon: 0.213
2026-03-29 16:18:55 | INFO | Episode  319 - Reward: 52.000, Length: 52, Loss: 4.2770, Entropy: 0.5589, Epsilon: 0.210
2026-03-29 16:18:55 | INFO | Episode  320 - Reward: 55.000, Length: 55, Loss: 3.5302, Entropy: 0.5851, Epsilon: 0.208
2026-03-29 16:18:56 | INFO | Episode  321 - Reward: 60.000, Length: 60, Loss: 5.7894, Entropy: 0.5708, Epsilon: 0.206
2026-03-29 16:18:56 | INFO | Episode  322 - Reward: 72.000, Length: 72, Loss: 4.3963, Entropy: 0.5831, Epsilon: 0.203
2026-03-29 16:18:57 | INFO | Episode  323 - Reward: 53.000, Length: 53, Loss: 6.0648, Entropy: 0.5762, Epsilon: 0.201
2026-03-29 16:18:57 | INFO | Episode  324 - Reward: 74.000, Length: 74, Loss: 6.0668, Entropy: 0.5883, Epsilon: 0.198
2026-03-29 16:18:58 | INFO | Episode  325 - Reward: 122.000, Length: 122, Loss: 6.4097, Entropy: 0.5857, Epsilon: 0.196
2026-03-29 16:18:58 | INFO | Episode  326 - Reward: 88.000, Length: 88, Loss: 7.1315, Entropy: 0.5943, Epsilon: 0.193
2026-03-29 16:18:59 | INFO | Episode  327 - Reward: 200.000, Length: 200, Loss: 4.2401, Entropy: 0.5886, Epsilon: 0.191
2026-03-29 16:18:59 | INFO | Episode  328 - Reward: 200.000, Length: 200, Loss: 5.9207, Entropy: 0.5833, Epsilon: 0.188
2026-03-29 16:19:00 | INFO | Episode  329 - Reward: 74.000, Length: 74, Loss: 4.7549, Entropy: 0.5851, Epsilon: 0.186
2026-03-29 16:19:00 | INFO | Episode  330 - Reward: 157.000, Length: 157, Loss: 6.6814, Entropy: 0.5891, Epsilon: 0.183
2026-03-29 16:19:01 | INFO | Episode  331 - Reward: 114.000, Length: 114, Loss: 4.4211, Entropy: 0.5864, Epsilon: 0.181
2026-03-29 16:19:01 | INFO | Episode  332 - Reward: 183.000, Length: 183, Loss: 3.2579, Entropy: 0.5941, Epsilon: 0.178
2026-03-29 16:19:02 | INFO | Episode  333 - Reward: 153.000, Length: 153, Loss: 4.8806, Entropy: 0.5817, Epsilon: 0.176
2026-03-29 16:19:02 | INFO | Episode  334 - Reward: 155.000, Length: 155, Loss: 2.4329, Entropy: 0.5869, Epsilon: 0.173
2026-03-29 16:19:03 | INFO | Episode  335 - Reward: 200.000, Length: 200, Loss: 3.5679, Entropy: 0.5703, Epsilon: 0.171
2026-03-29 16:19:03 | INFO | Episode  336 - Reward: 135.000, Length: 135, Loss: 3.5214, Entropy: 0.5886, Epsilon: 0.168
2026-03-29 16:19:04 | INFO | Episode  337 - Reward: 200.000, Length: 200, Loss: 4.0386, Entropy: 0.5774, Epsilon: 0.166
2026-03-29 16:19:04 | INFO | Episode  338 - Reward: 200.000, Length: 200, Loss: 5.7101, Entropy: 0.5748, Epsilon: 0.163
2026-03-29 16:19:05 | INFO | Episode  339 - Reward: 131.000, Length: 131, Loss: 8.6647, Entropy: 0.5748, Epsilon: 0.161
2026-03-29 16:19:06 | INFO | Episode  340 - Reward: 132.000, Length: 132, Loss: 3.4341, Entropy: 0.5832, Epsilon: 0.158
2026-03-29 16:19:06 | INFO | Episode  341 - Reward: 200.000, Length: 200, Loss: 2.7554, Entropy: 0.5798, Epsilon: 0.156
2026-03-29 16:19:07 | INFO | Episode  342 - Reward: 200.000, Length: 200, Loss: 3.4800, Entropy: 0.5800, Epsilon: 0.154
2026-03-29 16:19:08 | INFO | Episode  343 - Reward: 200.000, Length: 200, Loss: 4.3338, Entropy: 0.5757, Epsilon: 0.151
2026-03-29 16:19:08 | INFO | Episode  344 - Reward: 200.000, Length: 200, Loss: 2.3999, Entropy: 0.5839, Epsilon: 0.149
2026-03-29 16:19:09 | INFO | Episode  345 - Reward: 200.000, Length: 200, Loss: 1.9601, Entropy: 0.5634, Epsilon: 0.146
2026-03-29 16:19:10 | INFO | Episode  346 - Reward: 200.000, Length: 200, Loss: 2.8857, Entropy: 0.5720, Epsilon: 0.144
2026-03-29 16:19:10 | INFO | Episode  347 - Reward: 200.000, Length: 200, Loss: 2.8138, Entropy: 0.5662, Epsilon: 0.141
2026-03-29 16:19:11 | INFO | Episode  348 - Reward: 188.000, Length: 188, Loss: 3.0257, Entropy: 0.5765, Epsilon: 0.139
2026-03-29 16:19:12 | INFO | Episode  349 - Reward: 200.000, Length: 200, Loss: 3.0117, Entropy: 0.5702, Epsilon: 0.136
2026-03-29 16:19:12 | INFO | Episode  350 - Reward: 200.000, Length: 200, Loss: 3.2987, Entropy: 0.5682, Epsilon: 0.134
2026-03-29 16:19:29 | INFO | [Episode  350] eps=0.134  avg_reward= 125.640  avg_length=125.64  avg_loss=  4.6078  avg_entropy=0.5682  eval_success=1.000
2026-03-29 16:19:29 | INFO | Episode  351 - Reward: 200.000, Length: 200, Loss: 4.6099, Entropy: 0.5755, Epsilon: 0.131
2026-03-29 16:19:30 | INFO | Episode  352 - Reward: 200.000, Length: 200, Loss: 7.4207, Entropy: 0.5780, Epsilon: 0.129
2026-03-29 16:19:31 | INFO | Episode  353 - Reward: 200.000, Length: 200, Loss: 3.5060, Entropy: 0.5777, Epsilon: 0.126
2026-03-29 16:19:31 | INFO | Episode  354 - Reward: 200.000, Length: 200, Loss: 2.0515, Entropy: 0.5742, Epsilon: 0.124
2026-03-29 16:19:32 | INFO | Episode  355 - Reward: 200.000, Length: 200, Loss: 1.9853, Entropy: 0.5781, Epsilon: 0.121
2026-03-29 16:19:33 | INFO | Episode  356 - Reward: 200.000, Length: 200, Loss: 4.4738, Entropy: 0.5805, Epsilon: 0.119
2026-03-29 16:19:33 | INFO | Episode  357 - Reward: 200.000, Length: 200, Loss: 4.2525, Entropy: 0.5861, Epsilon: 0.116
2026-03-29 16:19:34 | INFO | Episode  358 - Reward: 200.000, Length: 200, Loss: 2.5515, Entropy: 0.5795, Epsilon: 0.114
2026-03-29 16:19:34 | INFO | Episode  359 - Reward: 200.000, Length: 200, Loss: 2.9509, Entropy: 0.5770, Epsilon: 0.111
2026-03-29 16:19:35 | INFO | Episode  360 - Reward: 200.000, Length: 200, Loss: 2.2603, Entropy: 0.5806, Epsilon: 0.109
2026-03-29 16:19:36 | INFO | Episode  361 - Reward: 200.000, Length: 200, Loss: 3.7965, Entropy: 0.5792, Epsilon: 0.107
2026-03-29 16:19:37 | INFO | Episode  362 - Reward: 200.000, Length: 200, Loss: 3.4260, Entropy: 0.5796, Epsilon: 0.104
2026-03-29 16:19:37 | INFO | Episode  363 - Reward: 200.000, Length: 200, Loss: 1.3924, Entropy: 0.5867, Epsilon: 0.102
2026-03-29 16:19:38 | INFO | Episode  364 - Reward: 200.000, Length: 200, Loss: 1.9094, Entropy: 0.5784, Epsilon: 0.099
2026-03-29 16:19:39 | INFO | Episode  365 - Reward: 200.000, Length: 200, Loss: 2.3757, Entropy: 0.5819, Epsilon: 0.097
2026-03-29 16:19:40 | INFO | Episode  366 - Reward: 200.000, Length: 200, Loss: 2.3287, Entropy: 0.5837, Epsilon: 0.094
2026-03-29 16:19:40 | INFO | Episode  367 - Reward: 200.000, Length: 200, Loss: 2.1165, Entropy: 0.5816, Epsilon: 0.092
2026-03-29 16:19:41 | INFO | Episode  368 - Reward: 200.000, Length: 200, Loss: 4.0215, Entropy: 0.5827, Epsilon: 0.089
2026-03-29 16:19:42 | INFO | Episode  369 - Reward: 200.000, Length: 200, Loss: 4.2237, Entropy: 0.5791, Epsilon: 0.087
2026-03-29 16:19:42 | INFO | Episode  370 - Reward: 200.000, Length: 200, Loss: 3.1272, Entropy: 0.5765, Epsilon: 0.084
2026-03-29 16:19:43 | INFO | Episode  371 - Reward: 200.000, Length: 200, Loss: 2.6936, Entropy: 0.5809, Epsilon: 0.082
2026-03-29 16:19:44 | INFO | Episode  372 - Reward: 200.000, Length: 200, Loss: 2.7148, Entropy: 0.5772, Epsilon: 0.079
2026-03-29 16:19:45 | INFO | Episode  373 - Reward: 200.000, Length: 200, Loss: 2.5472, Entropy: 0.5834, Epsilon: 0.077
2026-03-29 16:19:46 | INFO | Episode  374 - Reward: 200.000, Length: 200, Loss: 1.8974, Entropy: 0.5653, Epsilon: 0.074
2026-03-29 16:19:46 | INFO | Episode  375 - Reward: 200.000, Length: 200, Loss: 1.8244, Entropy: 0.5747, Epsilon: 0.072
2026-03-29 16:19:47 | INFO | Episode  376 - Reward: 200.000, Length: 200, Loss: 3.9128, Entropy: 0.5794, Epsilon: 0.069
2026-03-29 16:19:48 | INFO | Episode  377 - Reward: 200.000, Length: 200, Loss: 4.4018, Entropy: 0.5728, Epsilon: 0.067
2026-03-29 16:19:48 | INFO | Episode  378 - Reward: 200.000, Length: 200, Loss: 2.2793, Entropy: 0.5735, Epsilon: 0.064
2026-03-29 16:19:49 | INFO | Episode  379 - Reward: 200.000, Length: 200, Loss: 2.3045, Entropy: 0.5792, Epsilon: 0.062
2026-03-29 16:19:50 | INFO | Episode  380 - Reward: 200.000, Length: 200, Loss: 1.9694, Entropy: 0.5779, Epsilon: 0.059
2026-03-29 16:19:50 | INFO | Episode  381 - Reward: 200.000, Length: 200, Loss: 3.2880, Entropy: 0.5741, Epsilon: 0.057
2026-03-29 16:19:51 | INFO | Episode  382 - Reward: 200.000, Length: 200, Loss: 3.0034, Entropy: 0.5679, Epsilon: 0.055
2026-03-29 16:19:52 | INFO | Episode  383 - Reward: 200.000, Length: 200, Loss: 2.2203, Entropy: 0.5702, Epsilon: 0.052
2026-03-29 16:19:53 | INFO | Episode  384 - Reward: 200.000, Length: 200, Loss: 1.7422, Entropy: 0.5739, Epsilon: 0.050
2026-03-29 16:19:54 | INFO | Episode  385 - Reward: 200.000, Length: 200, Loss: 1.3587, Entropy: 0.5749, Epsilon: 0.047
2026-03-29 16:19:54 | INFO | Episode  386 - Reward: 200.000, Length: 200, Loss: 3.4859, Entropy: 0.5768, Epsilon: 0.045
2026-03-29 16:19:55 | INFO | Episode  387 - Reward: 200.000, Length: 200, Loss: 4.0758, Entropy: 0.5813, Epsilon: 0.042
2026-03-29 16:19:55 | INFO | Episode  388 - Reward: 200.000, Length: 200, Loss: 2.8000, Entropy: 0.5749, Epsilon: 0.040
2026-03-29 16:19:56 | INFO | Episode  389 - Reward: 200.000, Length: 200, Loss: 3.4935, Entropy: 0.5794, Epsilon: 0.037
2026-03-29 16:19:57 | INFO | Episode  390 - Reward: 200.000, Length: 200, Loss: 5.1978, Entropy: 0.5833, Epsilon: 0.035
2026-03-29 16:19:57 | INFO | Episode  391 - Reward: 200.000, Length: 200, Loss: 2.0379, Entropy: 0.5837, Epsilon: 0.032
2026-03-29 16:19:58 | INFO | Episode  392 - Reward: 200.000, Length: 200, Loss: 2.7565, Entropy: 0.5864, Epsilon: 0.030
2026-03-29 16:19:59 | INFO | Episode  393 - Reward: 200.000, Length: 200, Loss: 2.0474, Entropy: 0.5898, Epsilon: 0.027
2026-03-29 16:19:59 | INFO | Episode  394 - Reward: 200.000, Length: 200, Loss: 1.2135, Entropy: 0.5833, Epsilon: 0.025
2026-03-29 16:20:00 | INFO | Episode  395 - Reward: 200.000, Length: 200, Loss: 1.2374, Entropy: 0.5960, Epsilon: 0.022
2026-03-29 16:20:01 | INFO | Episode  396 - Reward: 200.000, Length: 200, Loss: 2.5964, Entropy: 0.5893, Epsilon: 0.020
2026-03-29 16:20:01 | INFO | Episode  397 - Reward: 200.000, Length: 200, Loss: 3.2417, Entropy: 0.5910, Epsilon: 0.017
2026-03-29 16:20:02 | INFO | Episode  398 - Reward: 200.000, Length: 200, Loss: 1.7924, Entropy: 0.5886, Epsilon: 0.015
2026-03-29 16:20:02 | INFO | Episode  399 - Reward: 200.000, Length: 200, Loss: 1.8678, Entropy: 0.5915, Epsilon: 0.012
2026-03-29 16:20:03 | INFO | Episode  400 - Reward: 200.000, Length: 200, Loss: 0.7300, Entropy: 0.5988, Epsilon: 0.010
2026-03-29 16:20:18 | INFO | [Episode  400] eps=0.010  avg_reward= 200.000  avg_length=200.00  avg_loss=  2.8302  avg_entropy=0.5988  eval_success=1.000
2026-03-29 16:20:18 | INFO | Episode  401 - Reward: 200.000, Length: 200, Loss: 1.9767, Entropy: 0.6002, Epsilon: 0.010
2026-03-29 16:20:19 | INFO | Episode  402 - Reward: 200.000, Length: 200, Loss: 2.5633, Entropy: 0.5965, Epsilon: 0.010
2026-03-29 16:20:20 | INFO | Episode  403 - Reward: 200.000, Length: 200, Loss: 1.9709, Entropy: 0.5973, Epsilon: 0.010
2026-03-29 16:20:21 | INFO | Episode  404 - Reward: 200.000, Length: 200, Loss: 2.3918, Entropy: 0.6020, Epsilon: 0.010
2026-03-29 16:20:21 | INFO | Episode  405 - Reward: 200.000, Length: 200, Loss: 1.7311, Entropy: 0.6069, Epsilon: 0.010
2026-03-29 16:20:22 | INFO | Episode  406 - Reward: 200.000, Length: 200, Loss: 2.5373, Entropy: 0.6063, Epsilon: 0.010
2026-03-29 16:20:22 | INFO | Episode  407 - Reward: 200.000, Length: 200, Loss: 3.3025, Entropy: 0.6150, Epsilon: 0.010
2026-03-29 16:20:23 | INFO | Episode  408 - Reward: 200.000, Length: 200, Loss: 1.7294, Entropy: 0.6101, Epsilon: 0.010
2026-03-29 16:20:24 | INFO | Episode  409 - Reward: 200.000, Length: 200, Loss: 1.4576, Entropy: 0.6097, Epsilon: 0.010
2026-03-29 16:20:24 | INFO | Episode  410 - Reward: 200.000, Length: 200, Loss: 0.5636, Entropy: 0.6103, Epsilon: 0.010
2026-03-29 16:20:25 | INFO | Episode  411 - Reward: 200.000, Length: 200, Loss: 1.6458, Entropy: 0.6115, Epsilon: 0.010
2026-03-29 16:20:26 | INFO | Episode  412 - Reward: 200.000, Length: 200, Loss: 1.7503, Entropy: 0.6117, Epsilon: 0.010
2026-03-29 16:20:26 | INFO | Episode  413 - Reward: 200.000, Length: 200, Loss: 1.3549, Entropy: 0.6188, Epsilon: 0.010
2026-03-29 16:20:27 | INFO | Episode  414 - Reward: 200.000, Length: 200, Loss: 1.0667, Entropy: 0.6229, Epsilon: 0.010
2026-03-29 16:20:27 | INFO | Episode  415 - Reward: 200.000, Length: 200, Loss: 0.1251, Entropy: 0.6227, Epsilon: 0.010
2026-03-29 16:20:27 | INFO | Episode  416 - Reward: 200.000, Length: 200, Loss: 2.3430, Entropy: 0.6187, Epsilon: 0.010
2026-03-29 16:20:28 | INFO | Episode  417 - Reward: 200.000, Length: 200, Loss: 3.5630, Entropy: 0.6209, Epsilon: 0.010
2026-03-29 16:20:28 | INFO | Episode  418 - Reward: 200.000, Length: 200, Loss: 1.4262, Entropy: 0.6203, Epsilon: 0.010
2026-03-29 16:20:29 | INFO | Episode  419 - Reward: 200.000, Length: 200, Loss: 1.6320, Entropy: 0.6272, Epsilon: 0.010
2026-03-29 16:20:29 | INFO | Episode  420 - Reward: 200.000, Length: 200, Loss: 0.4418, Entropy: 0.6311, Epsilon: 0.010
2026-03-29 16:20:30 | INFO | Episode  421 - Reward: 200.000, Length: 200, Loss: 2.0976, Entropy: 0.6268, Epsilon: 0.010
2026-03-29 16:20:30 | INFO | Episode  422 - Reward: 200.000, Length: 200, Loss: 1.8522, Entropy: 0.6325, Epsilon: 0.010
2026-03-29 16:20:31 | INFO | Episode  423 - Reward: 200.000, Length: 200, Loss: 1.1673, Entropy: 0.6274, Epsilon: 0.010
2026-03-29 16:20:31 | INFO | Episode  424 - Reward: 200.000, Length: 200, Loss: 2.6776, Entropy: 0.6296, Epsilon: 0.010
2026-03-29 16:20:32 | INFO | Episode  425 - Reward: 200.000, Length: 200, Loss: 2.2441, Entropy: 0.6407, Epsilon: 0.010
2026-03-29 16:20:32 | INFO | Episode  426 - Reward: 200.000, Length: 200, Loss: 1.2520, Entropy: 0.6406, Epsilon: 0.010
2026-03-29 16:20:33 | INFO | Episode  427 - Reward: 200.000, Length: 200, Loss: 0.7197, Entropy: 0.6373, Epsilon: 0.010
2026-03-29 16:20:33 | INFO | Episode  428 - Reward: 200.000, Length: 200, Loss: 1.2323, Entropy: 0.6372, Epsilon: 0.010
2026-03-29 16:20:33 | INFO | Episode  429 - Reward: 200.000, Length: 200, Loss: 1.0169, Entropy: 0.6398, Epsilon: 0.010
2026-03-29 16:20:34 | INFO | Episode  430 - Reward: 200.000, Length: 200, Loss: 1.2016, Entropy: 0.6404, Epsilon: 0.010
2026-03-29 16:20:34 | INFO | Episode  431 - Reward: 200.000, Length: 200, Loss: 1.1152, Entropy: 0.6407, Epsilon: 0.010
2026-03-29 16:20:35 | INFO | Episode  432 - Reward: 200.000, Length: 200, Loss: 0.6898, Entropy: 0.6447, Epsilon: 0.010
2026-03-29 16:20:35 | INFO | Episode  433 - Reward: 200.000, Length: 200, Loss: 1.0483, Entropy: 0.6420, Epsilon: 0.010
2026-03-29 16:20:36 | INFO | Episode  434 - Reward: 200.000, Length: 200, Loss: 1.0011, Entropy: 0.6463, Epsilon: 0.010
2026-03-29 16:20:36 | INFO | Episode  435 - Reward: 200.000, Length: 200, Loss: 0.9173, Entropy: 0.6406, Epsilon: 0.010
2026-03-29 16:20:37 | INFO | Episode  436 - Reward: 200.000, Length: 200, Loss: 0.8236, Entropy: 0.6517, Epsilon: 0.010
2026-03-29 16:20:37 | INFO | Episode  437 - Reward: 200.000, Length: 200, Loss: 1.2289, Entropy: 0.6509, Epsilon: 0.010
2026-03-29 16:20:38 | INFO | Episode  438 - Reward: 200.000, Length: 200, Loss: 1.0756, Entropy: 0.6477, Epsilon: 0.010
2026-03-29 16:20:38 | INFO | Episode  439 - Reward: 200.000, Length: 200, Loss: 1.2857, Entropy: 0.6471, Epsilon: 0.010
2026-03-29 16:20:38 | INFO | Episode  440 - Reward: 200.000, Length: 200, Loss: 0.6111, Entropy: 0.6511, Epsilon: 0.010
2026-03-29 16:20:39 | INFO | Episode  441 - Reward: 200.000, Length: 200, Loss: 0.7415, Entropy: 0.6523, Epsilon: 0.010
2026-03-29 16:20:39 | INFO | Episode  442 - Reward: 200.000, Length: 200, Loss: 0.9457, Entropy: 0.6510, Epsilon: 0.010
2026-03-29 16:20:40 | INFO | Episode  443 - Reward: 200.000, Length: 200, Loss: 1.2455, Entropy: 0.6518, Epsilon: 0.010
2026-03-29 16:20:40 | INFO | Episode  444 - Reward: 200.000, Length: 200, Loss: 1.2111, Entropy: 0.6504, Epsilon: 0.010
2026-03-29 16:20:40 | INFO | Episode  445 - Reward: 200.000, Length: 200, Loss: 1.3077, Entropy: 0.6489, Epsilon: 0.010
2026-03-29 16:20:41 | INFO | Episode  446 - Reward: 200.000, Length: 200, Loss: 1.0933, Entropy: 0.6546, Epsilon: 0.010
2026-03-29 16:20:41 | INFO | Episode  447 - Reward: 200.000, Length: 200, Loss: 0.8182, Entropy: 0.6610, Epsilon: 0.010
2026-03-29 16:20:42 | INFO | Episode  448 - Reward: 200.000, Length: 200, Loss: 0.7351, Entropy: 0.6553, Epsilon: 0.010
2026-03-29 16:20:42 | INFO | Episode  449 - Reward: 200.000, Length: 200, Loss: 0.5974, Entropy: 0.6595, Epsilon: 0.010
2026-03-29 16:20:43 | INFO | Episode  450 - Reward: 200.000, Length: 200, Loss: 0.4254, Entropy: 0.6630, Epsilon: 0.010
2026-03-29 16:20:52 | INFO | [Episode  450] eps=0.010  avg_reward= 200.000  avg_length=200.00  avg_loss=  1.3990  avg_entropy=0.6630  eval_success=1.000
2026-03-29 16:20:52 | INFO | Early stopping at episode 450 — eval_success >= 0.99 for 3 consecutive evals
2026-03-29 16:20:53 | INFO | DQN+Entropy training: 5m 47.25s
2026-03-29 16:21:25 | INFO | [Final Eval] success=1.000, mean_reward=200.000
