2026-03-29 17:07:11 | INFO | ============================================================
2026-03-29 17:07:11 | INFO | DEVICE / COMPUTE INFORMATION
2026-03-29 17:07:11 | INFO |   JAX backend       : CPU
2026-03-29 17:07:11 | INFO |   Platform          : cpu
2026-03-29 17:07:11 | INFO |   Num devices       : 1
2026-03-29 17:07:11 | INFO |   Device            : TFRT_CPU_0
2026-03-29 17:07:11 | INFO | ============================================================
2026-03-29 17:07:11 | INFO | DQN+Entropy | seed=6, lr=0.0005, gamma=0.99, alpha=0.05
2026-03-29 17:07:11 | INFO | Env: cartpole/dense, obs_dim=4, num_actions=2
2026-03-29 17:07:12 | INFO | Episode    1 - Reward: 13.000, Length: 13, Loss: 0.0000, Entropy: 0.0000, Epsilon: 0.998
2026-03-29 17:07:12 | INFO | Episode    2 - Reward: 18.000, Length: 18, Loss: 0.0000, Entropy: 0.0000, Epsilon: 0.995
2026-03-29 17:07:13 | INFO | Episode    3 - Reward: 13.000, Length: 13, Loss: 0.0000, Entropy: 0.0000, Epsilon: 0.993
2026-03-29 17:07:13 | INFO | Episode    4 - Reward: 51.000, Length: 51, Loss: 0.0000, Entropy: 0.0000, Epsilon: 0.990
2026-03-29 17:07:13 | INFO | Episode    5 - Reward: 25.000, Length: 25, Loss: 0.0000, Entropy: 0.0000, Epsilon: 0.988
2026-03-29 17:07:14 | INFO | Episode    6 - Reward: 27.000, Length: 27, Loss: 0.0000, Entropy: 0.0000, Epsilon: 0.985
2026-03-29 17:07:14 | INFO | Episode    7 - Reward: 11.000, Length: 11, Loss: 0.0000, Entropy: 0.0000, Epsilon: 0.983
2026-03-29 17:07:15 | INFO | Episode    8 - Reward: 11.000, Length: 11, Loss: 0.0000, Entropy: 0.0000, Epsilon: 0.980
2026-03-29 17:07:15 | INFO | Episode    9 - Reward: 16.000, Length: 16, Loss: 0.0000, Entropy: 0.0000, Epsilon: 0.978
2026-03-29 17:07:15 | INFO | Episode   10 - Reward: 45.000, Length: 45, Loss: 0.0000, Entropy: 0.0000, Epsilon: 0.975
2026-03-29 17:07:17 | INFO | Episode   11 - Reward: 33.000, Length: 33, Loss: 1.0249, Entropy: 0.6920, Epsilon: 0.973
2026-03-29 17:07:17 | INFO | Episode   12 - Reward: 34.000, Length: 34, Loss: 1.0152, Entropy: 0.6922, Epsilon: 0.970
2026-03-29 17:07:18 | INFO | Episode   13 - Reward: 17.000, Length: 17, Loss: 1.0085, Entropy: 0.6922, Epsilon: 0.968
2026-03-29 17:07:18 | INFO | Episode   14 - Reward: 18.000, Length: 18, Loss: 1.0027, Entropy: 0.6921, Epsilon: 0.965
2026-03-29 17:07:18 | INFO | Episode   15 - Reward: 47.000, Length: 47, Loss: 1.0033, Entropy: 0.6921, Epsilon: 0.963
2026-03-29 17:07:19 | INFO | Episode   16 - Reward: 16.000, Length: 16, Loss: 1.0046, Entropy: 0.6920, Epsilon: 0.960
2026-03-29 17:07:19 | INFO | Episode   17 - Reward: 10.000, Length: 10, Loss: 0.9972, Entropy: 0.6919, Epsilon: 0.958
2026-03-29 17:07:20 | INFO | Episode   18 - Reward: 15.000, Length: 15, Loss: 0.9952, Entropy: 0.6920, Epsilon: 0.955
2026-03-29 17:07:20 | INFO | Episode   19 - Reward: 24.000, Length: 24, Loss: 0.9829, Entropy: 0.6920, Epsilon: 0.953
2026-03-29 17:07:21 | INFO | Episode   20 - Reward: 16.000, Length: 16, Loss: 0.9865, Entropy: 0.6920, Epsilon: 0.951
2026-03-29 17:07:21 | INFO | Episode   21 - Reward: 19.000, Length: 19, Loss: 0.9788, Entropy: 0.6920, Epsilon: 0.948
2026-03-29 17:07:22 | INFO | Episode   22 - Reward: 15.000, Length: 15, Loss: 0.9674, Entropy: 0.6921, Epsilon: 0.946
2026-03-29 17:07:22 | INFO | Episode   23 - Reward: 13.000, Length: 13, Loss: 0.9739, Entropy: 0.6918, Epsilon: 0.943
2026-03-29 17:07:23 | INFO | Episode   24 - Reward: 37.000, Length: 37, Loss: 1.0358, Entropy: 0.6919, Epsilon: 0.941
2026-03-29 17:07:23 | INFO | Episode   25 - Reward: 14.000, Length: 14, Loss: 1.0345, Entropy: 0.6919, Epsilon: 0.938
2026-03-29 17:07:23 | INFO | Episode   26 - Reward: 13.000, Length: 13, Loss: 1.0276, Entropy: 0.6919, Epsilon: 0.936
2026-03-29 17:07:24 | INFO | Episode   27 - Reward: 28.000, Length: 28, Loss: 1.0270, Entropy: 0.6918, Epsilon: 0.933
2026-03-29 17:07:24 | INFO | Episode   28 - Reward: 20.000, Length: 20, Loss: 1.0171, Entropy: 0.6919, Epsilon: 0.931
2026-03-29 17:07:25 | INFO | Episode   29 - Reward: 12.000, Length: 12, Loss: 1.0153, Entropy: 0.6918, Epsilon: 0.928
2026-03-29 17:07:25 | INFO | Episode   30 - Reward: 18.000, Length: 18, Loss: 1.0104, Entropy: 0.6918, Epsilon: 0.926
2026-03-29 17:07:26 | INFO | Episode   31 - Reward: 26.000, Length: 26, Loss: 1.0032, Entropy: 0.6918, Epsilon: 0.923
2026-03-29 17:07:26 | INFO | Episode   32 - Reward: 28.000, Length: 28, Loss: 0.9947, Entropy: 0.6918, Epsilon: 0.921
2026-03-29 17:07:27 | INFO | Episode   33 - Reward: 20.000, Length: 20, Loss: 0.9917, Entropy: 0.6918, Epsilon: 0.918
2026-03-29 17:07:27 | INFO | Episode   34 - Reward: 21.000, Length: 21, Loss: 0.9827, Entropy: 0.6918, Epsilon: 0.916
2026-03-29 17:07:28 | INFO | Episode   35 - Reward: 45.000, Length: 45, Loss: 0.9725, Entropy: 0.6918, Epsilon: 0.913
2026-03-29 17:07:28 | INFO | Episode   36 - Reward: 16.000, Length: 16, Loss: 0.9723, Entropy: 0.6918, Epsilon: 0.911
2026-03-29 17:07:29 | INFO | Episode   37 - Reward: 12.000, Length: 12, Loss: 0.9612, Entropy: 0.6917, Epsilon: 0.908
2026-03-29 17:07:29 | INFO | Episode   38 - Reward: 15.000, Length: 15, Loss: 0.9589, Entropy: 0.6917, Epsilon: 0.906
2026-03-29 17:07:30 | INFO | Episode   39 - Reward: 14.000, Length: 14, Loss: 0.9568, Entropy: 0.6918, Epsilon: 0.903
2026-03-29 17:07:30 | INFO | Episode   40 - Reward: 13.000, Length: 13, Loss: 0.9491, Entropy: 0.6918, Epsilon: 0.901
2026-03-29 17:07:31 | INFO | Episode   41 - Reward: 24.000, Length: 24, Loss: 0.9481, Entropy: 0.6917, Epsilon: 0.899
2026-03-29 17:07:31 | INFO | Episode   42 - Reward: 27.000, Length: 27, Loss: 0.9441, Entropy: 0.6917, Epsilon: 0.896
2026-03-29 17:07:32 | INFO | Episode   43 - Reward: 38.000, Length: 38, Loss: 0.9414, Entropy: 0.6917, Epsilon: 0.894
2026-03-29 17:07:32 | INFO | Episode   44 - Reward: 21.000, Length: 21, Loss: 0.9274, Entropy: 0.6917, Epsilon: 0.891
2026-03-29 17:07:32 | INFO | Episode   45 - Reward: 13.000, Length: 13, Loss: 0.9265, Entropy: 0.6917, Epsilon: 0.889
2026-03-29 17:07:33 | INFO | Episode   46 - Reward: 15.000, Length: 15, Loss: 0.9278, Entropy: 0.6916, Epsilon: 0.886
2026-03-29 17:07:33 | INFO | Episode   47 - Reward: 43.000, Length: 43, Loss: 0.9229, Entropy: 0.6915, Epsilon: 0.884
2026-03-29 17:07:34 | INFO | Episode   48 - Reward: 24.000, Length: 24, Loss: 1.0355, Entropy: 0.6917, Epsilon: 0.881
2026-03-29 17:07:34 | INFO | Episode   49 - Reward: 36.000, Length: 36, Loss: 1.0283, Entropy: 0.6916, Epsilon: 0.879
2026-03-29 17:07:35 | INFO | Episode   50 - Reward: 17.000, Length: 17, Loss: 1.0274, Entropy: 0.6917, Epsilon: 0.876
2026-03-29 17:07:35 | INFO | [Episode   50] eps=0.876  avg_reward=  22.340  avg_length= 22.34  avg_loss=  0.7896  avg_entropy=0.6917  eval_success=0.000
2026-03-29 17:07:36 | INFO | Episode   51 - Reward: 18.000, Length: 18, Loss: 1.0232, Entropy: 0.6916, Epsilon: 0.874
2026-03-29 17:07:36 | INFO | Episode   52 - Reward: 21.000, Length: 21, Loss: 1.0105, Entropy: 0.6916, Epsilon: 0.871
2026-03-29 17:07:37 | INFO | Episode   53 - Reward: 29.000, Length: 29, Loss: 1.0081, Entropy: 0.6916, Epsilon: 0.869
2026-03-29 17:07:37 | INFO | Episode   54 - Reward: 20.000, Length: 20, Loss: 1.0071, Entropy: 0.6917, Epsilon: 0.866
2026-03-29 17:07:38 | INFO | Episode   55 - Reward: 20.000, Length: 20, Loss: 0.9994, Entropy: 0.6916, Epsilon: 0.864
2026-03-29 17:07:38 | INFO | Episode   56 - Reward: 20.000, Length: 20, Loss: 0.9868, Entropy: 0.6915, Epsilon: 0.861
2026-03-29 17:07:38 | INFO | Episode   57 - Reward: 14.000, Length: 14, Loss: 0.9942, Entropy: 0.6916, Epsilon: 0.859
2026-03-29 17:07:39 | INFO | Episode   58 - Reward: 10.000, Length: 10, Loss: 0.9856, Entropy: 0.6916, Epsilon: 0.856
2026-03-29 17:07:39 | INFO | Episode   59 - Reward: 11.000, Length: 11, Loss: 0.9767, Entropy: 0.6915, Epsilon: 0.854
2026-03-29 17:07:40 | INFO | Episode   60 - Reward: 20.000, Length: 20, Loss: 0.9693, Entropy: 0.6915, Epsilon: 0.852
2026-03-29 17:07:40 | INFO | Episode   61 - Reward: 25.000, Length: 25, Loss: 0.9723, Entropy: 0.6916, Epsilon: 0.849
2026-03-29 17:07:41 | INFO | Episode   62 - Reward: 18.000, Length: 18, Loss: 0.9638, Entropy: 0.6915, Epsilon: 0.847
2026-03-29 17:07:41 | INFO | Episode   63 - Reward: 22.000, Length: 22, Loss: 0.9659, Entropy: 0.6916, Epsilon: 0.844
2026-03-29 17:07:42 | INFO | Episode   64 - Reward: 14.000, Length: 14, Loss: 0.9543, Entropy: 0.6915, Epsilon: 0.842
2026-03-29 17:07:42 | INFO | Episode   65 - Reward: 43.000, Length: 43, Loss: 0.9459, Entropy: 0.6914, Epsilon: 0.839
2026-03-29 17:07:42 | INFO | Episode   66 - Reward: 19.000, Length: 19, Loss: 0.9541, Entropy: 0.6915, Epsilon: 0.837
2026-03-29 17:07:43 | INFO | Episode   67 - Reward: 19.000, Length: 19, Loss: 0.9336, Entropy: 0.6916, Epsilon: 0.834
2026-03-29 17:07:43 | INFO | Episode   68 - Reward: 22.000, Length: 22, Loss: 0.9308, Entropy: 0.6916, Epsilon: 0.832
2026-03-29 17:07:44 | INFO | Episode   69 - Reward: 16.000, Length: 16, Loss: 0.9243, Entropy: 0.6914, Epsilon: 0.829
2026-03-29 17:07:44 | INFO | Episode   70 - Reward: 36.000, Length: 36, Loss: 0.9226, Entropy: 0.6915, Epsilon: 0.827
2026-03-29 17:07:45 | INFO | Episode   71 - Reward: 61.000, Length: 61, Loss: 1.0435, Entropy: 0.6915, Epsilon: 0.824
2026-03-29 17:07:45 | INFO | Episode   72 - Reward: 13.000, Length: 13, Loss: 1.0367, Entropy: 0.6913, Epsilon: 0.822
2026-03-29 17:07:45 | INFO | Episode   73 - Reward: 28.000, Length: 28, Loss: 1.0398, Entropy: 0.6915, Epsilon: 0.819
2026-03-29 17:07:46 | INFO | Episode   74 - Reward: 21.000, Length: 21, Loss: 1.0217, Entropy: 0.6915, Epsilon: 0.817
2026-03-29 17:07:46 | INFO | Episode   75 - Reward: 10.000, Length: 10, Loss: 1.0191, Entropy: 0.6914, Epsilon: 0.814
2026-03-29 17:07:47 | INFO | Episode   76 - Reward: 10.000, Length: 10, Loss: 1.0153, Entropy: 0.6914, Epsilon: 0.812
2026-03-29 17:07:47 | INFO | Episode   77 - Reward: 16.000, Length: 16, Loss: 1.0099, Entropy: 0.6914, Epsilon: 0.809
2026-03-29 17:07:48 | INFO | Episode   78 - Reward: 20.000, Length: 20, Loss: 1.0054, Entropy: 0.6913, Epsilon: 0.807
2026-03-29 17:07:48 | INFO | Episode   79 - Reward: 35.000, Length: 35, Loss: 0.9966, Entropy: 0.6914, Epsilon: 0.804
2026-03-29 17:07:48 | INFO | Episode   80 - Reward: 44.000, Length: 44, Loss: 0.9935, Entropy: 0.6914, Epsilon: 0.802
2026-03-29 17:07:49 | INFO | Episode   81 - Reward: 16.000, Length: 16, Loss: 0.9877, Entropy: 0.6913, Epsilon: 0.800
2026-03-29 17:07:49 | INFO | Episode   82 - Reward: 11.000, Length: 11, Loss: 0.9776, Entropy: 0.6913, Epsilon: 0.797
2026-03-29 17:07:50 | INFO | Episode   83 - Reward: 38.000, Length: 38, Loss: 0.9778, Entropy: 0.6913, Epsilon: 0.795
2026-03-29 17:07:50 | INFO | Episode   84 - Reward: 12.000, Length: 12, Loss: 0.9767, Entropy: 0.6913, Epsilon: 0.792
2026-03-29 17:07:51 | INFO | Episode   85 - Reward: 15.000, Length: 15, Loss: 0.9653, Entropy: 0.6912, Epsilon: 0.790
2026-03-29 17:07:51 | INFO | Episode   86 - Reward: 12.000, Length: 12, Loss: 0.9639, Entropy: 0.6912, Epsilon: 0.787
2026-03-29 17:07:51 | INFO | Episode   87 - Reward: 14.000, Length: 14, Loss: 0.9502, Entropy: 0.6910, Epsilon: 0.785
2026-03-29 17:07:52 | INFO | Episode   88 - Reward: 11.000, Length: 11, Loss: 0.9492, Entropy: 0.6912, Epsilon: 0.782
2026-03-29 17:07:52 | INFO | Episode   89 - Reward: 17.000, Length: 17, Loss: 0.9349, Entropy: 0.6910, Epsilon: 0.780
2026-03-29 17:07:53 | INFO | Episode   90 - Reward: 15.000, Length: 15, Loss: 0.9344, Entropy: 0.6911, Epsilon: 0.777
2026-03-29 17:07:53 | INFO | Episode   91 - Reward: 37.000, Length: 37, Loss: 0.9353, Entropy: 0.6911, Epsilon: 0.775
2026-03-29 17:07:54 | INFO | Episode   92 - Reward: 14.000, Length: 14, Loss: 0.9302, Entropy: 0.6910, Epsilon: 0.772
2026-03-29 17:07:54 | INFO | Episode   93 - Reward: 42.000, Length: 42, Loss: 1.0404, Entropy: 0.6911, Epsilon: 0.770
2026-03-29 17:07:55 | INFO | Episode   94 - Reward: 26.000, Length: 26, Loss: 1.0403, Entropy: 0.6910, Epsilon: 0.767
2026-03-29 17:07:55 | INFO | Episode   95 - Reward: 12.000, Length: 12, Loss: 1.0411, Entropy: 0.6910, Epsilon: 0.765
2026-03-29 17:07:56 | INFO | Episode   96 - Reward: 30.000, Length: 30, Loss: 1.0354, Entropy: 0.6909, Epsilon: 0.762
2026-03-29 17:07:56 | INFO | Episode   97 - Reward: 27.000, Length: 27, Loss: 1.0057, Entropy: 0.6909, Epsilon: 0.760
2026-03-29 17:07:56 | INFO | Episode   98 - Reward: 15.000, Length: 15, Loss: 1.0284, Entropy: 0.6909, Epsilon: 0.757
2026-03-29 17:07:57 | INFO | Episode   99 - Reward: 13.000, Length: 13, Loss: 1.0070, Entropy: 0.6909, Epsilon: 0.755
2026-03-29 17:07:57 | INFO | Episode  100 - Reward: 11.000, Length: 11, Loss: 1.0059, Entropy: 0.6910, Epsilon: 0.752
2026-03-29 17:07:58 | INFO | [Episode  100] eps=0.752  avg_reward=  21.260  avg_length= 21.26  avg_loss=  0.9859  avg_entropy=0.6910  eval_success=0.000
2026-03-29 17:07:58 | INFO | Episode  101 - Reward: 14.000, Length: 14, Loss: 0.9984, Entropy: 0.6909, Epsilon: 0.750
2026-03-29 17:07:59 | INFO | Episode  102 - Reward: 12.000, Length: 12, Loss: 0.9951, Entropy: 0.6907, Epsilon: 0.748
2026-03-29 17:07:59 | INFO | Episode  103 - Reward: 15.000, Length: 15, Loss: 0.9862, Entropy: 0.6909, Epsilon: 0.745
2026-03-29 17:08:00 | INFO | Episode  104 - Reward: 19.000, Length: 19, Loss: 0.9801, Entropy: 0.6908, Epsilon: 0.743
2026-03-29 17:08:00 | INFO | Episode  105 - Reward: 11.000, Length: 11, Loss: 0.9840, Entropy: 0.6907, Epsilon: 0.740
2026-03-29 17:08:00 | INFO | Episode  106 - Reward: 13.000, Length: 13, Loss: 0.9667, Entropy: 0.6906, Epsilon: 0.738
2026-03-29 17:08:01 | INFO | Episode  107 - Reward: 10.000, Length: 10, Loss: 0.9636, Entropy: 0.6907, Epsilon: 0.735
2026-03-29 17:08:01 | INFO | Episode  108 - Reward: 13.000, Length: 13, Loss: 0.9668, Entropy: 0.6907, Epsilon: 0.733
2026-03-29 17:08:02 | INFO | Episode  109 - Reward: 44.000, Length: 44, Loss: 0.9578, Entropy: 0.6907, Epsilon: 0.730
2026-03-29 17:08:02 | INFO | Episode  110 - Reward: 29.000, Length: 29, Loss: 0.9641, Entropy: 0.6906, Epsilon: 0.728
2026-03-29 17:08:03 | INFO | Episode  111 - Reward: 10.000, Length: 10, Loss: 0.9546, Entropy: 0.6905, Epsilon: 0.725
2026-03-29 17:08:03 | INFO | Episode  112 - Reward: 70.000, Length: 70, Loss: 0.9392, Entropy: 0.6905, Epsilon: 0.723
2026-03-29 17:08:04 | INFO | Episode  113 - Reward: 19.000, Length: 19, Loss: 0.9358, Entropy: 0.6905, Epsilon: 0.720
2026-03-29 17:08:04 | INFO | Episode  114 - Reward: 10.000, Length: 10, Loss: 0.9292, Entropy: 0.6906, Epsilon: 0.718
2026-03-29 17:08:04 | INFO | Episode  115 - Reward: 21.000, Length: 21, Loss: 0.9165, Entropy: 0.6905, Epsilon: 0.715
2026-03-29 17:08:05 | INFO | Episode  116 - Reward: 10.000, Length: 10, Loss: 0.9144, Entropy: 0.6905, Epsilon: 0.713
2026-03-29 17:08:05 | INFO | Episode  117 - Reward: 65.000, Length: 65, Loss: 1.0494, Entropy: 0.6904, Epsilon: 0.710
2026-03-29 17:08:06 | INFO | Episode  118 - Reward: 11.000, Length: 11, Loss: 1.0362, Entropy: 0.6903, Epsilon: 0.708
2026-03-29 17:08:06 | INFO | Episode  119 - Reward: 11.000, Length: 11, Loss: 1.0428, Entropy: 0.6905, Epsilon: 0.705
2026-03-29 17:08:07 | INFO | Episode  120 - Reward: 16.000, Length: 16, Loss: 1.0298, Entropy: 0.6904, Epsilon: 0.703
2026-03-29 17:08:07 | INFO | Episode  121 - Reward: 14.000, Length: 14, Loss: 1.0283, Entropy: 0.6903, Epsilon: 0.701
2026-03-29 17:08:08 | INFO | Episode  122 - Reward: 15.000, Length: 15, Loss: 1.0297, Entropy: 0.6903, Epsilon: 0.698
2026-03-29 17:08:08 | INFO | Episode  123 - Reward: 12.000, Length: 12, Loss: 1.0257, Entropy: 0.6903, Epsilon: 0.696
2026-03-29 17:08:08 | INFO | Episode  124 - Reward: 32.000, Length: 32, Loss: 1.0133, Entropy: 0.6901, Epsilon: 0.693
2026-03-29 17:08:09 | INFO | Episode  125 - Reward: 19.000, Length: 19, Loss: 0.9956, Entropy: 0.6902, Epsilon: 0.691
2026-03-29 17:08:09 | INFO | Episode  126 - Reward: 14.000, Length: 14, Loss: 1.0081, Entropy: 0.6902, Epsilon: 0.688
2026-03-29 17:08:10 | INFO | Episode  127 - Reward: 11.000, Length: 11, Loss: 0.9947, Entropy: 0.6901, Epsilon: 0.686
2026-03-29 17:08:10 | INFO | Episode  128 - Reward: 10.000, Length: 10, Loss: 0.9840, Entropy: 0.6900, Epsilon: 0.683
2026-03-29 17:08:11 | INFO | Episode  129 - Reward: 15.000, Length: 15, Loss: 0.9729, Entropy: 0.6901, Epsilon: 0.681
2026-03-29 17:08:11 | INFO | Episode  130 - Reward: 13.000, Length: 13, Loss: 0.9783, Entropy: 0.6899, Epsilon: 0.678
2026-03-29 17:08:12 | INFO | Episode  131 - Reward: 11.000, Length: 11, Loss: 0.9714, Entropy: 0.6899, Epsilon: 0.676
2026-03-29 17:08:12 | INFO | Episode  132 - Reward: 12.000, Length: 12, Loss: 0.9647, Entropy: 0.6899, Epsilon: 0.673
2026-03-29 17:08:13 | INFO | Episode  133 - Reward: 17.000, Length: 17, Loss: 0.9553, Entropy: 0.6898, Epsilon: 0.671
2026-03-29 17:08:13 | INFO | Episode  134 - Reward: 15.000, Length: 15, Loss: 0.9566, Entropy: 0.6898, Epsilon: 0.668
2026-03-29 17:08:13 | INFO | Episode  135 - Reward: 23.000, Length: 23, Loss: 0.9601, Entropy: 0.6898, Epsilon: 0.666
2026-03-29 17:08:14 | INFO | Episode  136 - Reward: 13.000, Length: 13, Loss: 0.9460, Entropy: 0.6898, Epsilon: 0.663
2026-03-29 17:08:14 | INFO | Episode  137 - Reward: 21.000, Length: 21, Loss: 0.9326, Entropy: 0.6898, Epsilon: 0.661
2026-03-29 17:08:15 | INFO | Episode  138 - Reward: 25.000, Length: 25, Loss: 0.9192, Entropy: 0.6897, Epsilon: 0.658
2026-03-29 17:08:15 | INFO | Episode  139 - Reward: 11.000, Length: 11, Loss: 0.9253, Entropy: 0.6896, Epsilon: 0.656
2026-03-29 17:08:16 | INFO | Episode  140 - Reward: 21.000, Length: 21, Loss: 0.9122, Entropy: 0.6896, Epsilon: 0.653
2026-03-29 17:08:16 | INFO | Episode  141 - Reward: 9.000, Length: 9, Loss: 0.9165, Entropy: 0.6895, Epsilon: 0.651
2026-03-29 17:08:17 | INFO | Episode  142 - Reward: 17.000, Length: 17, Loss: 0.9073, Entropy: 0.6896, Epsilon: 0.649
2026-03-29 17:08:17 | INFO | Episode  143 - Reward: 18.000, Length: 18, Loss: 0.9105, Entropy: 0.6896, Epsilon: 0.646
2026-03-29 17:08:17 | INFO | Episode  144 - Reward: 16.000, Length: 16, Loss: 0.8976, Entropy: 0.6894, Epsilon: 0.644
2026-03-29 17:08:18 | INFO | Episode  145 - Reward: 13.000, Length: 13, Loss: 0.8829, Entropy: 0.6893, Epsilon: 0.641
2026-03-29 17:08:18 | INFO | Episode  146 - Reward: 15.000, Length: 15, Loss: 1.0452, Entropy: 0.6893, Epsilon: 0.639
2026-03-29 17:08:19 | INFO | Episode  147 - Reward: 20.000, Length: 20, Loss: 1.0673, Entropy: 0.6892, Epsilon: 0.636
2026-03-29 17:08:19 | INFO | Episode  148 - Reward: 11.000, Length: 11, Loss: 1.0440, Entropy: 0.6893, Epsilon: 0.634
2026-03-29 17:08:20 | INFO | Episode  149 - Reward: 10.000, Length: 10, Loss: 1.0635, Entropy: 0.6893, Epsilon: 0.631
2026-03-29 17:08:20 | INFO | Episode  150 - Reward: 21.000, Length: 21, Loss: 1.0506, Entropy: 0.6894, Epsilon: 0.629
2026-03-29 17:08:20 | INFO | [Episode  150] eps=0.629  avg_reward=  17.940  avg_length= 17.94  avg_loss=  0.9754  avg_entropy=0.6894  eval_success=0.000
2026-03-29 17:08:21 | INFO | Episode  151 - Reward: 16.000, Length: 16, Loss: 1.0418, Entropy: 0.6891, Epsilon: 0.626
2026-03-29 17:08:21 | INFO | Episode  152 - Reward: 13.000, Length: 13, Loss: 1.0241, Entropy: 0.6891, Epsilon: 0.624
2026-03-29 17:08:22 | INFO | Episode  153 - Reward: 13.000, Length: 13, Loss: 1.0205, Entropy: 0.6889, Epsilon: 0.621
2026-03-29 17:08:22 | INFO | Episode  154 - Reward: 12.000, Length: 12, Loss: 1.0090, Entropy: 0.6890, Epsilon: 0.619
2026-03-29 17:08:23 | INFO | Episode  155 - Reward: 24.000, Length: 24, Loss: 0.9971, Entropy: 0.6888, Epsilon: 0.616
2026-03-29 17:08:23 | INFO | Episode  156 - Reward: 19.000, Length: 19, Loss: 1.0058, Entropy: 0.6889, Epsilon: 0.614
2026-03-29 17:08:23 | INFO | Episode  157 - Reward: 18.000, Length: 18, Loss: 0.9911, Entropy: 0.6890, Epsilon: 0.611
2026-03-29 17:08:24 | INFO | Episode  158 - Reward: 12.000, Length: 12, Loss: 0.9840, Entropy: 0.6889, Epsilon: 0.609
2026-03-29 17:08:24 | INFO | Episode  159 - Reward: 28.000, Length: 28, Loss: 0.9821, Entropy: 0.6888, Epsilon: 0.606
2026-03-29 17:08:25 | INFO | Episode  160 - Reward: 10.000, Length: 10, Loss: 0.9761, Entropy: 0.6887, Epsilon: 0.604
2026-03-29 17:08:25 | INFO | Episode  161 - Reward: 12.000, Length: 12, Loss: 0.9713, Entropy: 0.6885, Epsilon: 0.602
2026-03-29 17:08:26 | INFO | Episode  162 - Reward: 14.000, Length: 14, Loss: 0.9622, Entropy: 0.6888, Epsilon: 0.599
2026-03-29 17:08:26 | INFO | Episode  163 - Reward: 17.000, Length: 17, Loss: 0.9642, Entropy: 0.6885, Epsilon: 0.597
2026-03-29 17:08:27 | INFO | Episode  164 - Reward: 17.000, Length: 17, Loss: 0.9548, Entropy: 0.6884, Epsilon: 0.594
2026-03-29 17:08:27 | INFO | Episode  165 - Reward: 12.000, Length: 12, Loss: 0.9532, Entropy: 0.6886, Epsilon: 0.592
2026-03-29 17:08:27 | INFO | Episode  166 - Reward: 11.000, Length: 11, Loss: 0.9523, Entropy: 0.6884, Epsilon: 0.589
2026-03-29 17:08:28 | INFO | Episode  167 - Reward: 13.000, Length: 13, Loss: 0.9443, Entropy: 0.6884, Epsilon: 0.587
2026-03-29 17:08:28 | INFO | Episode  168 - Reward: 17.000, Length: 17, Loss: 0.9415, Entropy: 0.6883, Epsilon: 0.584
2026-03-29 17:08:29 | INFO | Episode  169 - Reward: 12.000, Length: 12, Loss: 0.9305, Entropy: 0.6883, Epsilon: 0.582
2026-03-29 17:08:29 | INFO | Episode  170 - Reward: 19.000, Length: 19, Loss: 0.9284, Entropy: 0.6882, Epsilon: 0.579
2026-03-29 17:08:30 | INFO | Episode  171 - Reward: 10.000, Length: 10, Loss: 0.9121, Entropy: 0.6881, Epsilon: 0.577
2026-03-29 17:08:30 | INFO | Episode  172 - Reward: 9.000, Length: 9, Loss: 0.9159, Entropy: 0.6882, Epsilon: 0.574
2026-03-29 17:08:31 | INFO | Episode  173 - Reward: 9.000, Length: 9, Loss: 0.9094, Entropy: 0.6882, Epsilon: 0.572
2026-03-29 17:08:31 | INFO | Episode  174 - Reward: 23.000, Length: 23, Loss: 0.8894, Entropy: 0.6882, Epsilon: 0.569
2026-03-29 17:08:32 | INFO | Episode  175 - Reward: 13.000, Length: 13, Loss: 0.9017, Entropy: 0.6880, Epsilon: 0.567
2026-03-29 17:08:32 | INFO | Episode  176 - Reward: 14.000, Length: 14, Loss: 0.8788, Entropy: 0.6879, Epsilon: 0.564
2026-03-29 17:08:33 | INFO | Episode  177 - Reward: 15.000, Length: 15, Loss: 0.8736, Entropy: 0.6877, Epsilon: 0.562
2026-03-29 17:08:33 | INFO | Episode  178 - Reward: 12.000, Length: 12, Loss: 0.8731, Entropy: 0.6877, Epsilon: 0.559
2026-03-29 17:08:34 | INFO | Episode  179 - Reward: 8.000, Length: 8, Loss: 0.8625, Entropy: 0.6879, Epsilon: 0.557
2026-03-29 17:08:34 | INFO | Episode  180 - Reward: 23.000, Length: 23, Loss: 0.8555, Entropy: 0.6877, Epsilon: 0.554
2026-03-29 17:08:34 | INFO | Episode  181 - Reward: 14.000, Length: 14, Loss: 1.0764, Entropy: 0.6878, Epsilon: 0.552
2026-03-29 17:08:35 | INFO | Episode  182 - Reward: 13.000, Length: 13, Loss: 1.0892, Entropy: 0.6875, Epsilon: 0.550
2026-03-29 17:08:36 | INFO | Episode  183 - Reward: 11.000, Length: 11, Loss: 1.0669, Entropy: 0.6876, Epsilon: 0.547
2026-03-29 17:08:36 | INFO | Episode  184 - Reward: 11.000, Length: 11, Loss: 1.0636, Entropy: 0.6874, Epsilon: 0.545
2026-03-29 17:08:37 | INFO | Episode  185 - Reward: 15.000, Length: 15, Loss: 1.0647, Entropy: 0.6873, Epsilon: 0.542
2026-03-29 17:08:38 | INFO | Episode  186 - Reward: 23.000, Length: 23, Loss: 1.0594, Entropy: 0.6875, Epsilon: 0.540
2026-03-29 17:08:38 | INFO | Episode  187 - Reward: 29.000, Length: 29, Loss: 1.0492, Entropy: 0.6872, Epsilon: 0.537
2026-03-29 17:08:39 | INFO | Episode  188 - Reward: 10.000, Length: 10, Loss: 1.0324, Entropy: 0.6874, Epsilon: 0.535
2026-03-29 17:08:40 | INFO | Episode  189 - Reward: 18.000, Length: 18, Loss: 1.0179, Entropy: 0.6870, Epsilon: 0.532
2026-03-29 17:08:40 | INFO | Episode  190 - Reward: 9.000, Length: 9, Loss: 1.0304, Entropy: 0.6869, Epsilon: 0.530
2026-03-29 17:08:41 | INFO | Episode  191 - Reward: 28.000, Length: 28, Loss: 1.0311, Entropy: 0.6870, Epsilon: 0.527
2026-03-29 17:08:41 | INFO | Episode  192 - Reward: 24.000, Length: 24, Loss: 1.0078, Entropy: 0.6869, Epsilon: 0.525
2026-03-29 17:08:42 | INFO | Episode  193 - Reward: 11.000, Length: 11, Loss: 1.0050, Entropy: 0.6868, Epsilon: 0.522
2026-03-29 17:08:43 | INFO | Episode  194 - Reward: 13.000, Length: 13, Loss: 0.9874, Entropy: 0.6866, Epsilon: 0.520
2026-03-29 17:08:43 | INFO | Episode  195 - Reward: 10.000, Length: 10, Loss: 0.9821, Entropy: 0.6865, Epsilon: 0.517
2026-03-29 17:08:44 | INFO | Episode  196 - Reward: 11.000, Length: 11, Loss: 0.9827, Entropy: 0.6864, Epsilon: 0.515
2026-03-29 17:08:45 | INFO | Episode  197 - Reward: 25.000, Length: 25, Loss: 0.9738, Entropy: 0.6864, Epsilon: 0.512
2026-03-29 17:08:45 | INFO | Episode  198 - Reward: 13.000, Length: 13, Loss: 0.9653, Entropy: 0.6861, Epsilon: 0.510
2026-03-29 17:08:46 | INFO | Episode  199 - Reward: 17.000, Length: 17, Loss: 0.9599, Entropy: 0.6862, Epsilon: 0.507
2026-03-29 17:08:46 | INFO | Episode  200 - Reward: 12.000, Length: 12, Loss: 0.9469, Entropy: 0.6862, Epsilon: 0.505
2026-03-29 17:08:47 | INFO | [Episode  200] eps=0.505  avg_reward=  15.240  avg_length= 15.24  avg_loss=  0.9760  avg_entropy=0.6862  eval_success=0.000
2026-03-29 17:08:48 | INFO | Episode  201 - Reward: 9.000, Length: 9, Loss: 0.9572, Entropy: 0.6861, Epsilon: 0.503
2026-03-29 17:08:48 | INFO | Episode  202 - Reward: 13.000, Length: 13, Loss: 0.9381, Entropy: 0.6862, Epsilon: 0.500
2026-03-29 17:08:49 | INFO | Episode  203 - Reward: 39.000, Length: 39, Loss: 0.9268, Entropy: 0.6860, Epsilon: 0.498
2026-03-29 17:08:50 | INFO | Episode  204 - Reward: 9.000, Length: 9, Loss: 0.9273, Entropy: 0.6859, Epsilon: 0.495
2026-03-29 17:08:50 | INFO | Episode  205 - Reward: 10.000, Length: 10, Loss: 0.9359, Entropy: 0.6861, Epsilon: 0.493
2026-03-29 17:08:51 | INFO | Episode  206 - Reward: 14.000, Length: 14, Loss: 0.9188, Entropy: 0.6860, Epsilon: 0.490
2026-03-29 17:08:51 | INFO | Episode  207 - Reward: 12.000, Length: 12, Loss: 0.9069, Entropy: 0.6856, Epsilon: 0.488
2026-03-29 17:08:52 | INFO | Episode  208 - Reward: 28.000, Length: 28, Loss: 0.9043, Entropy: 0.6856, Epsilon: 0.485
2026-03-29 17:08:53 | INFO | Episode  209 - Reward: 10.000, Length: 10, Loss: 0.8917, Entropy: 0.6854, Epsilon: 0.483
2026-03-29 17:08:53 | INFO | Episode  210 - Reward: 9.000, Length: 9, Loss: 0.8819, Entropy: 0.6854, Epsilon: 0.480
2026-03-29 17:08:54 | INFO | Episode  211 - Reward: 9.000, Length: 9, Loss: 0.8862, Entropy: 0.6853, Epsilon: 0.478
2026-03-29 17:08:55 | INFO | Episode  212 - Reward: 14.000, Length: 14, Loss: 1.1176, Entropy: 0.6851, Epsilon: 0.475
2026-03-29 17:08:55 | INFO | Episode  213 - Reward: 9.000, Length: 9, Loss: 1.1013, Entropy: 0.6853, Epsilon: 0.473
2026-03-29 17:08:56 | INFO | Episode  214 - Reward: 10.000, Length: 10, Loss: 1.0868, Entropy: 0.6850, Epsilon: 0.470
2026-03-29 17:08:57 | INFO | Episode  215 - Reward: 13.000, Length: 13, Loss: 1.0836, Entropy: 0.6848, Epsilon: 0.468
2026-03-29 17:08:57 | INFO | Episode  216 - Reward: 12.000, Length: 12, Loss: 1.0784, Entropy: 0.6849, Epsilon: 0.465
2026-03-29 17:08:58 | INFO | Episode  217 - Reward: 12.000, Length: 12, Loss: 1.0665, Entropy: 0.6845, Epsilon: 0.463
2026-03-29 17:08:59 | INFO | Episode  218 - Reward: 15.000, Length: 15, Loss: 1.0572, Entropy: 0.6845, Epsilon: 0.460
2026-03-29 17:08:59 | INFO | Episode  219 - Reward: 13.000, Length: 13, Loss: 1.0398, Entropy: 0.6845, Epsilon: 0.458
2026-03-29 17:09:00 | INFO | Episode  220 - Reward: 13.000, Length: 13, Loss: 1.0512, Entropy: 0.6841, Epsilon: 0.456
2026-03-29 17:09:00 | INFO | Episode  221 - Reward: 12.000, Length: 12, Loss: 1.0293, Entropy: 0.6838, Epsilon: 0.453
2026-03-29 17:09:01 | INFO | Episode  222 - Reward: 13.000, Length: 13, Loss: 1.0278, Entropy: 0.6839, Epsilon: 0.451
2026-03-29 17:09:02 | INFO | Episode  223 - Reward: 13.000, Length: 13, Loss: 1.0121, Entropy: 0.6837, Epsilon: 0.448
2026-03-29 17:09:02 | INFO | Episode  224 - Reward: 11.000, Length: 11, Loss: 1.0127, Entropy: 0.6838, Epsilon: 0.446
2026-03-29 17:09:03 | INFO | Episode  225 - Reward: 11.000, Length: 11, Loss: 0.9978, Entropy: 0.6838, Epsilon: 0.443
2026-03-29 17:09:04 | INFO | Episode  226 - Reward: 11.000, Length: 11, Loss: 1.0146, Entropy: 0.6836, Epsilon: 0.441
2026-03-29 17:09:05 | INFO | Episode  227 - Reward: 9.000, Length: 9, Loss: 0.9849, Entropy: 0.6832, Epsilon: 0.438
2026-03-29 17:09:05 | INFO | Episode  228 - Reward: 25.000, Length: 25, Loss: 0.9823, Entropy: 0.6833, Epsilon: 0.436
2026-03-29 17:09:06 | INFO | Episode  229 - Reward: 16.000, Length: 16, Loss: 0.9946, Entropy: 0.6833, Epsilon: 0.433
2026-03-29 17:09:06 | INFO | Episode  230 - Reward: 18.000, Length: 18, Loss: 0.9707, Entropy: 0.6829, Epsilon: 0.431
2026-03-29 17:09:07 | INFO | Episode  231 - Reward: 8.000, Length: 8, Loss: 0.9709, Entropy: 0.6831, Epsilon: 0.428
2026-03-29 17:09:08 | INFO | Episode  232 - Reward: 9.000, Length: 9, Loss: 0.9694, Entropy: 0.6829, Epsilon: 0.426
2026-03-29 17:09:08 | INFO | Episode  233 - Reward: 11.000, Length: 11, Loss: 0.9291, Entropy: 0.6826, Epsilon: 0.423
2026-03-29 17:09:09 | INFO | Episode  234 - Reward: 16.000, Length: 16, Loss: 0.9458, Entropy: 0.6826, Epsilon: 0.421
2026-03-29 17:09:10 | INFO | Episode  235 - Reward: 11.000, Length: 11, Loss: 0.9234, Entropy: 0.6826, Epsilon: 0.418
2026-03-29 17:09:10 | INFO | Episode  236 - Reward: 12.000, Length: 12, Loss: 0.9280, Entropy: 0.6822, Epsilon: 0.416
2026-03-29 17:09:11 | INFO | Episode  237 - Reward: 19.000, Length: 19, Loss: 0.9288, Entropy: 0.6822, Epsilon: 0.413
2026-03-29 17:09:12 | INFO | Episode  238 - Reward: 10.000, Length: 10, Loss: 0.9013, Entropy: 0.6817, Epsilon: 0.411
2026-03-29 17:09:12 | INFO | Episode  239 - Reward: 15.000, Length: 15, Loss: 0.8956, Entropy: 0.6816, Epsilon: 0.408
2026-03-29 17:09:13 | INFO | Episode  240 - Reward: 10.000, Length: 10, Loss: 0.8831, Entropy: 0.6819, Epsilon: 0.406
2026-03-29 17:09:14 | INFO | Episode  241 - Reward: 9.000, Length: 9, Loss: 0.8900, Entropy: 0.6819, Epsilon: 0.404
2026-03-29 17:09:14 | INFO | Episode  242 - Reward: 12.000, Length: 12, Loss: 0.9094, Entropy: 0.6818, Epsilon: 0.401
2026-03-29 17:09:15 | INFO | Episode  243 - Reward: 13.000, Length: 13, Loss: 0.8564, Entropy: 0.6813, Epsilon: 0.399
2026-03-29 17:09:16 | INFO | Episode  244 - Reward: 10.000, Length: 10, Loss: 0.8716, Entropy: 0.6813, Epsilon: 0.396
2026-03-29 17:09:16 | INFO | Episode  245 - Reward: 12.000, Length: 12, Loss: 0.8598, Entropy: 0.6813, Epsilon: 0.394
2026-03-29 17:09:17 | INFO | Episode  246 - Reward: 12.000, Length: 12, Loss: 0.8595, Entropy: 0.6810, Epsilon: 0.391
2026-03-29 17:09:18 | INFO | Episode  247 - Reward: 9.000, Length: 9, Loss: 0.8335, Entropy: 0.6807, Epsilon: 0.389
2026-03-29 17:09:18 | INFO | Episode  248 - Reward: 10.000, Length: 10, Loss: 0.8469, Entropy: 0.6807, Epsilon: 0.386
2026-03-29 17:09:19 | INFO | Episode  249 - Reward: 13.000, Length: 13, Loss: 0.8241, Entropy: 0.6803, Epsilon: 0.384
2026-03-29 17:09:19 | INFO | Episode  250 - Reward: 11.000, Length: 11, Loss: 0.8266, Entropy: 0.6803, Epsilon: 0.381
2026-03-29 17:09:20 | INFO | [Episode  250] eps=0.381  avg_reward=  12.880  avg_length= 12.88  avg_loss=  0.9527  avg_entropy=0.6803  eval_success=0.000
2026-03-29 17:09:21 | INFO | Episode  251 - Reward: 9.000, Length: 9, Loss: 0.8273, Entropy: 0.6804, Epsilon: 0.379
2026-03-29 17:09:21 | INFO | Episode  252 - Reward: 8.000, Length: 8, Loss: 0.8055, Entropy: 0.6802, Epsilon: 0.376
2026-03-29 17:09:22 | INFO | Episode  253 - Reward: 9.000, Length: 9, Loss: 1.1692, Entropy: 0.6801, Epsilon: 0.374
2026-03-29 17:09:23 | INFO | Episode  254 - Reward: 10.000, Length: 10, Loss: 1.1311, Entropy: 0.6793, Epsilon: 0.371
2026-03-29 17:09:23 | INFO | Episode  255 - Reward: 12.000, Length: 12, Loss: 1.1066, Entropy: 0.6795, Epsilon: 0.369
2026-03-29 17:09:24 | INFO | Episode  256 - Reward: 11.000, Length: 11, Loss: 1.1318, Entropy: 0.6791, Epsilon: 0.366
2026-03-29 17:09:24 | INFO | Episode  257 - Reward: 9.000, Length: 9, Loss: 1.1001, Entropy: 0.6787, Epsilon: 0.364
2026-03-29 17:09:25 | INFO | Episode  258 - Reward: 9.000, Length: 9, Loss: 1.0984, Entropy: 0.6788, Epsilon: 0.361
2026-03-29 17:09:26 | INFO | Episode  259 - Reward: 15.000, Length: 15, Loss: 1.1146, Entropy: 0.6786, Epsilon: 0.359
2026-03-29 17:09:26 | INFO | Episode  260 - Reward: 12.000, Length: 12, Loss: 1.0950, Entropy: 0.6786, Epsilon: 0.357
2026-03-29 17:09:27 | INFO | Episode  261 - Reward: 12.000, Length: 12, Loss: 1.0745, Entropy: 0.6784, Epsilon: 0.354
2026-03-29 17:09:28 | INFO | Episode  262 - Reward: 13.000, Length: 13, Loss: 1.0712, Entropy: 0.6778, Epsilon: 0.352
2026-03-29 17:09:28 | INFO | Episode  263 - Reward: 12.000, Length: 12, Loss: 1.0657, Entropy: 0.6779, Epsilon: 0.349
2026-03-29 17:09:29 | INFO | Episode  264 - Reward: 9.000, Length: 9, Loss: 1.0531, Entropy: 0.6778, Epsilon: 0.347
2026-03-29 17:09:30 | INFO | Episode  265 - Reward: 9.000, Length: 9, Loss: 1.0222, Entropy: 0.6766, Epsilon: 0.344
2026-03-29 17:09:30 | INFO | Episode  266 - Reward: 22.000, Length: 22, Loss: 1.0138, Entropy: 0.6772, Epsilon: 0.342
2026-03-29 17:09:31 | INFO | Episode  267 - Reward: 8.000, Length: 8, Loss: 1.0437, Entropy: 0.6771, Epsilon: 0.339
2026-03-29 17:09:31 | INFO | Episode  268 - Reward: 10.000, Length: 10, Loss: 1.0236, Entropy: 0.6769, Epsilon: 0.337
2026-03-29 17:09:31 | INFO | Episode  269 - Reward: 10.000, Length: 10, Loss: 1.0095, Entropy: 0.6769, Epsilon: 0.334
2026-03-29 17:09:32 | INFO | Episode  270 - Reward: 9.000, Length: 9, Loss: 1.0013, Entropy: 0.6768, Epsilon: 0.332
2026-03-29 17:09:32 | INFO | Episode  271 - Reward: 8.000, Length: 8, Loss: 0.9956, Entropy: 0.6761, Epsilon: 0.329
2026-03-29 17:09:33 | INFO | Episode  272 - Reward: 11.000, Length: 11, Loss: 0.9675, Entropy: 0.6759, Epsilon: 0.327
2026-03-29 17:09:33 | INFO | Episode  273 - Reward: 10.000, Length: 10, Loss: 0.9782, Entropy: 0.6758, Epsilon: 0.324
2026-03-29 17:09:34 | INFO | Episode  274 - Reward: 14.000, Length: 14, Loss: 0.9724, Entropy: 0.6756, Epsilon: 0.322
2026-03-29 17:09:34 | INFO | Episode  275 - Reward: 11.000, Length: 11, Loss: 0.9317, Entropy: 0.6756, Epsilon: 0.319
2026-03-29 17:09:35 | INFO | Episode  276 - Reward: 10.000, Length: 10, Loss: 0.9557, Entropy: 0.6752, Epsilon: 0.317
2026-03-29 17:09:35 | INFO | Episode  277 - Reward: 15.000, Length: 15, Loss: 0.9334, Entropy: 0.6754, Epsilon: 0.314
2026-03-29 17:09:35 | INFO | Episode  278 - Reward: 9.000, Length: 9, Loss: 0.9121, Entropy: 0.6747, Epsilon: 0.312
2026-03-29 17:09:36 | INFO | Episode  279 - Reward: 13.000, Length: 13, Loss: 0.9290, Entropy: 0.6742, Epsilon: 0.309
2026-03-29 17:09:36 | INFO | Episode  280 - Reward: 18.000, Length: 18, Loss: 0.9028, Entropy: 0.6744, Epsilon: 0.307
2026-03-29 17:09:37 | INFO | Episode  281 - Reward: 12.000, Length: 12, Loss: 0.8820, Entropy: 0.6742, Epsilon: 0.305
2026-03-29 17:09:37 | INFO | Episode  282 - Reward: 15.000, Length: 15, Loss: 0.8970, Entropy: 0.6743, Epsilon: 0.302
2026-03-29 17:09:38 | INFO | Episode  283 - Reward: 9.000, Length: 9, Loss: 0.9013, Entropy: 0.6737, Epsilon: 0.300
2026-03-29 17:09:38 | INFO | Episode  284 - Reward: 9.000, Length: 9, Loss: 0.8718, Entropy: 0.6734, Epsilon: 0.297
2026-03-29 17:09:39 | INFO | Episode  285 - Reward: 13.000, Length: 13, Loss: 0.8950, Entropy: 0.6728, Epsilon: 0.295
2026-03-29 17:09:39 | INFO | Episode  286 - Reward: 10.000, Length: 10, Loss: 0.8547, Entropy: 0.6733, Epsilon: 0.292
2026-03-29 17:09:40 | INFO | Episode  287 - Reward: 11.000, Length: 11, Loss: 0.8580, Entropy: 0.6736, Epsilon: 0.290
2026-03-29 17:09:40 | INFO | Episode  288 - Reward: 19.000, Length: 19, Loss: 0.8506, Entropy: 0.6726, Epsilon: 0.287
2026-03-29 17:09:40 | INFO | Episode  289 - Reward: 15.000, Length: 15, Loss: 0.8360, Entropy: 0.6730, Epsilon: 0.285
2026-03-29 17:09:41 | INFO | Episode  290 - Reward: 11.000, Length: 11, Loss: 0.8301, Entropy: 0.6725, Epsilon: 0.282
2026-03-29 17:09:42 | INFO | Episode  291 - Reward: 14.000, Length: 14, Loss: 0.8329, Entropy: 0.6729, Epsilon: 0.280
2026-03-29 17:09:42 | INFO | Episode  292 - Reward: 12.000, Length: 12, Loss: 0.8457, Entropy: 0.6722, Epsilon: 0.277
2026-03-29 17:09:43 | INFO | Episode  293 - Reward: 11.000, Length: 11, Loss: 0.7887, Entropy: 0.6718, Epsilon: 0.275
2026-03-29 17:09:43 | INFO | Episode  294 - Reward: 10.000, Length: 10, Loss: 0.8318, Entropy: 0.6719, Epsilon: 0.272
2026-03-29 17:09:44 | INFO | Episode  295 - Reward: 13.000, Length: 13, Loss: 0.8067, Entropy: 0.6713, Epsilon: 0.270
2026-03-29 17:09:44 | INFO | Episode  296 - Reward: 10.000, Length: 10, Loss: 1.2294, Entropy: 0.6708, Epsilon: 0.267
2026-03-29 17:09:44 | INFO | Episode  297 - Reward: 10.000, Length: 10, Loss: 1.2308, Entropy: 0.6706, Epsilon: 0.265
2026-03-29 17:09:45 | INFO | Episode  298 - Reward: 11.000, Length: 11, Loss: 1.2052, Entropy: 0.6706, Epsilon: 0.262
2026-03-29 17:09:45 | INFO | Episode  299 - Reward: 11.000, Length: 11, Loss: 1.2111, Entropy: 0.6702, Epsilon: 0.260
2026-03-29 17:09:46 | INFO | Episode  300 - Reward: 10.000, Length: 10, Loss: 1.2058, Entropy: 0.6695, Epsilon: 0.258
2026-03-29 17:09:46 | INFO | [Episode  300] eps=0.258  avg_reward=  11.460  avg_length= 11.46  avg_loss=  0.9860  avg_entropy=0.6695  eval_success=0.000
2026-03-29 17:09:47 | INFO | Episode  301 - Reward: 10.000, Length: 10, Loss: 1.1703, Entropy: 0.6704, Epsilon: 0.255
2026-03-29 17:09:47 | INFO | Episode  302 - Reward: 10.000, Length: 10, Loss: 1.1742, Entropy: 0.6697, Epsilon: 0.253
2026-03-29 17:09:48 | INFO | Episode  303 - Reward: 9.000, Length: 9, Loss: 1.1432, Entropy: 0.6690, Epsilon: 0.250
2026-03-29 17:09:48 | INFO | Episode  304 - Reward: 9.000, Length: 9, Loss: 1.1456, Entropy: 0.6683, Epsilon: 0.248
2026-03-29 17:09:49 | INFO | Episode  305 - Reward: 8.000, Length: 8, Loss: 1.1332, Entropy: 0.6690, Epsilon: 0.245
2026-03-29 17:09:49 | INFO | Episode  306 - Reward: 11.000, Length: 11, Loss: 1.1301, Entropy: 0.6682, Epsilon: 0.243
2026-03-29 17:09:49 | INFO | Episode  307 - Reward: 11.000, Length: 11, Loss: 1.1282, Entropy: 0.6682, Epsilon: 0.240
2026-03-29 17:09:50 | INFO | Episode  308 - Reward: 11.000, Length: 11, Loss: 1.0984, Entropy: 0.6676, Epsilon: 0.238
2026-03-29 17:09:50 | INFO | Episode  309 - Reward: 10.000, Length: 10, Loss: 1.0575, Entropy: 0.6671, Epsilon: 0.235
2026-03-29 17:09:51 | INFO | Episode  310 - Reward: 9.000, Length: 9, Loss: 1.0598, Entropy: 0.6668, Epsilon: 0.233
2026-03-29 17:09:51 | INFO | Episode  311 - Reward: 11.000, Length: 11, Loss: 1.0522, Entropy: 0.6661, Epsilon: 0.230
2026-03-29 17:09:52 | INFO | Episode  312 - Reward: 12.000, Length: 12, Loss: 1.0478, Entropy: 0.6677, Epsilon: 0.228
2026-03-29 17:09:52 | INFO | Episode  313 - Reward: 11.000, Length: 11, Loss: 1.0385, Entropy: 0.6672, Epsilon: 0.225
2026-03-29 17:09:53 | INFO | Episode  314 - Reward: 8.000, Length: 8, Loss: 1.0195, Entropy: 0.6662, Epsilon: 0.223
2026-03-29 17:09:53 | INFO | Episode  315 - Reward: 11.000, Length: 11, Loss: 1.0026, Entropy: 0.6652, Epsilon: 0.220
2026-03-29 17:09:53 | INFO | Episode  316 - Reward: 9.000, Length: 9, Loss: 1.0108, Entropy: 0.6649, Epsilon: 0.218
2026-03-29 17:09:54 | INFO | Episode  317 - Reward: 13.000, Length: 13, Loss: 0.9812, Entropy: 0.6661, Epsilon: 0.215
2026-03-29 17:09:54 | INFO | Episode  318 - Reward: 11.000, Length: 11, Loss: 0.9672, Entropy: 0.6643, Epsilon: 0.213
2026-03-29 17:09:55 | INFO | Episode  319 - Reward: 12.000, Length: 12, Loss: 0.9865, Entropy: 0.6647, Epsilon: 0.210
2026-03-29 17:09:55 | INFO | Episode  320 - Reward: 8.000, Length: 8, Loss: 0.9769, Entropy: 0.6635, Epsilon: 0.208
2026-03-29 17:09:56 | INFO | Episode  321 - Reward: 10.000, Length: 10, Loss: 0.9679, Entropy: 0.6639, Epsilon: 0.206
2026-03-29 17:09:56 | INFO | Episode  322 - Reward: 9.000, Length: 9, Loss: 0.9525, Entropy: 0.6641, Epsilon: 0.203
2026-03-29 17:09:57 | INFO | Episode  323 - Reward: 10.000, Length: 10, Loss: 0.9504, Entropy: 0.6635, Epsilon: 0.201
2026-03-29 17:09:57 | INFO | Episode  324 - Reward: 8.000, Length: 8, Loss: 0.9246, Entropy: 0.6628, Epsilon: 0.198
2026-03-29 17:09:58 | INFO | Episode  325 - Reward: 9.000, Length: 9, Loss: 0.9238, Entropy: 0.6633, Epsilon: 0.196
2026-03-29 17:09:58 | INFO | Episode  326 - Reward: 9.000, Length: 9, Loss: 0.9100, Entropy: 0.6627, Epsilon: 0.193
2026-03-29 17:09:58 | INFO | Episode  327 - Reward: 10.000, Length: 10, Loss: 0.9372, Entropy: 0.6626, Epsilon: 0.191
2026-03-29 17:09:59 | INFO | Episode  328 - Reward: 13.000, Length: 13, Loss: 0.8869, Entropy: 0.6628, Epsilon: 0.188
2026-03-29 17:09:59 | INFO | Episode  329 - Reward: 11.000, Length: 11, Loss: 0.8881, Entropy: 0.6613, Epsilon: 0.186
2026-03-29 17:10:00 | INFO | Episode  330 - Reward: 11.000, Length: 11, Loss: 0.8689, Entropy: 0.6606, Epsilon: 0.183
2026-03-29 17:10:00 | INFO | Episode  331 - Reward: 10.000, Length: 10, Loss: 0.8480, Entropy: 0.6609, Epsilon: 0.181
2026-03-29 17:10:01 | INFO | Episode  332 - Reward: 13.000, Length: 13, Loss: 0.8438, Entropy: 0.6614, Epsilon: 0.178
2026-03-29 17:10:01 | INFO | Episode  333 - Reward: 10.000, Length: 10, Loss: 0.8358, Entropy: 0.6605, Epsilon: 0.176
2026-03-29 17:10:02 | INFO | Episode  334 - Reward: 9.000, Length: 9, Loss: 0.8627, Entropy: 0.6603, Epsilon: 0.173
2026-03-29 17:10:02 | INFO | Episode  335 - Reward: 9.000, Length: 9, Loss: 0.8434, Entropy: 0.6604, Epsilon: 0.171
2026-03-29 17:10:03 | INFO | Episode  336 - Reward: 11.000, Length: 11, Loss: 0.8108, Entropy: 0.6601, Epsilon: 0.168
2026-03-29 17:10:03 | INFO | Episode  337 - Reward: 11.000, Length: 11, Loss: 0.8205, Entropy: 0.6596, Epsilon: 0.166
2026-03-29 17:10:03 | INFO | Episode  338 - Reward: 13.000, Length: 13, Loss: 0.8116, Entropy: 0.6584, Epsilon: 0.163
2026-03-29 17:10:04 | INFO | Episode  339 - Reward: 10.000, Length: 10, Loss: 0.7958, Entropy: 0.6593, Epsilon: 0.161
2026-03-29 17:10:04 | INFO | Episode  340 - Reward: 9.000, Length: 9, Loss: 0.7731, Entropy: 0.6588, Epsilon: 0.158
2026-03-29 17:10:05 | INFO | Episode  341 - Reward: 9.000, Length: 9, Loss: 0.7784, Entropy: 0.6584, Epsilon: 0.156
2026-03-29 17:10:05 | INFO | Episode  342 - Reward: 8.000, Length: 8, Loss: 0.7583, Entropy: 0.6570, Epsilon: 0.154
2026-03-29 17:10:06 | INFO | Episode  343 - Reward: 10.000, Length: 10, Loss: 0.7586, Entropy: 0.6577, Epsilon: 0.151
2026-03-29 17:10:06 | INFO | Episode  344 - Reward: 12.000, Length: 12, Loss: 0.7376, Entropy: 0.6575, Epsilon: 0.149
2026-03-29 17:10:07 | INFO | Episode  345 - Reward: 9.000, Length: 9, Loss: 1.3361, Entropy: 0.6562, Epsilon: 0.146
2026-03-29 17:10:07 | INFO | Episode  346 - Reward: 9.000, Length: 9, Loss: 1.3124, Entropy: 0.6566, Epsilon: 0.144
2026-03-29 17:10:07 | INFO | Episode  347 - Reward: 11.000, Length: 11, Loss: 1.2791, Entropy: 0.6558, Epsilon: 0.141
2026-03-29 17:10:08 | INFO | Episode  348 - Reward: 9.000, Length: 9, Loss: 1.2950, Entropy: 0.6560, Epsilon: 0.139
2026-03-29 17:10:08 | INFO | Episode  349 - Reward: 9.000, Length: 9, Loss: 1.2865, Entropy: 0.6551, Epsilon: 0.136
2026-03-29 17:10:09 | INFO | Episode  350 - Reward: 9.000, Length: 9, Loss: 1.2442, Entropy: 0.6541, Epsilon: 0.134
2026-03-29 17:10:09 | INFO | [Episode  350] eps=0.134  avg_reward=  10.080  avg_length= 10.08  avg_loss=  0.9913  avg_entropy=0.6541  eval_success=0.000
2026-03-29 17:10:10 | INFO | Episode  351 - Reward: 10.000, Length: 10, Loss: 1.2220, Entropy: 0.6535, Epsilon: 0.131
2026-03-29 17:10:10 | INFO | Episode  352 - Reward: 10.000, Length: 10, Loss: 1.2229, Entropy: 0.6546, Epsilon: 0.129
2026-03-29 17:10:11 | INFO | Episode  353 - Reward: 8.000, Length: 8, Loss: 1.2287, Entropy: 0.6532, Epsilon: 0.126
2026-03-29 17:10:11 | INFO | Episode  354 - Reward: 10.000, Length: 10, Loss: 1.1917, Entropy: 0.6532, Epsilon: 0.124
2026-03-29 17:10:12 | INFO | Episode  355 - Reward: 11.000, Length: 11, Loss: 1.1893, Entropy: 0.6534, Epsilon: 0.121
2026-03-29 17:10:12 | INFO | Episode  356 - Reward: 11.000, Length: 11, Loss: 1.1955, Entropy: 0.6521, Epsilon: 0.119
2026-03-29 17:10:13 | INFO | Episode  357 - Reward: 9.000, Length: 9, Loss: 1.1582, Entropy: 0.6515, Epsilon: 0.116
2026-03-29 17:10:13 | INFO | Episode  358 - Reward: 11.000, Length: 11, Loss: 1.1333, Entropy: 0.6510, Epsilon: 0.114
2026-03-29 17:10:13 | INFO | Episode  359 - Reward: 11.000, Length: 11, Loss: 1.1448, Entropy: 0.6507, Epsilon: 0.111
2026-03-29 17:10:14 | INFO | Episode  360 - Reward: 10.000, Length: 10, Loss: 1.1135, Entropy: 0.6494, Epsilon: 0.109
2026-03-29 17:10:14 | INFO | Episode  361 - Reward: 10.000, Length: 10, Loss: 1.1204, Entropy: 0.6490, Epsilon: 0.107
2026-03-29 17:10:15 | INFO | Episode  362 - Reward: 10.000, Length: 10, Loss: 1.0862, Entropy: 0.6498, Epsilon: 0.104
2026-03-29 17:10:15 | INFO | Episode  363 - Reward: 8.000, Length: 8, Loss: 1.0635, Entropy: 0.6488, Epsilon: 0.102
2026-03-29 17:10:16 | INFO | Episode  364 - Reward: 9.000, Length: 9, Loss: 1.0827, Entropy: 0.6483, Epsilon: 0.099
2026-03-29 17:10:16 | INFO | Episode  365 - Reward: 10.000, Length: 10, Loss: 1.0150, Entropy: 0.6471, Epsilon: 0.097
2026-03-29 17:10:17 | INFO | Episode  366 - Reward: 10.000, Length: 10, Loss: 1.0298, Entropy: 0.6468, Epsilon: 0.094
2026-03-29 17:10:17 | INFO | Episode  367 - Reward: 10.000, Length: 10, Loss: 1.0052, Entropy: 0.6464, Epsilon: 0.092
2026-03-29 17:10:18 | INFO | Episode  368 - Reward: 9.000, Length: 9, Loss: 1.0294, Entropy: 0.6462, Epsilon: 0.089
2026-03-29 17:10:18 | INFO | Episode  369 - Reward: 9.000, Length: 9, Loss: 1.0195, Entropy: 0.6456, Epsilon: 0.087
2026-03-29 17:10:19 | INFO | Episode  370 - Reward: 9.000, Length: 9, Loss: 0.9984, Entropy: 0.6455, Epsilon: 0.084
2026-03-29 17:10:19 | INFO | Episode  371 - Reward: 9.000, Length: 9, Loss: 0.9665, Entropy: 0.6442, Epsilon: 0.082
2026-03-29 17:10:20 | INFO | Episode  372 - Reward: 10.000, Length: 10, Loss: 0.9604, Entropy: 0.6453, Epsilon: 0.079
2026-03-29 17:10:20 | INFO | Episode  373 - Reward: 12.000, Length: 12, Loss: 0.9433, Entropy: 0.6429, Epsilon: 0.077
2026-03-29 17:10:21 | INFO | Episode  374 - Reward: 9.000, Length: 9, Loss: 0.9870, Entropy: 0.6436, Epsilon: 0.074
2026-03-29 17:10:21 | INFO | Episode  375 - Reward: 9.000, Length: 9, Loss: 0.9339, Entropy: 0.6420, Epsilon: 0.072
2026-03-29 17:10:22 | INFO | Episode  376 - Reward: 10.000, Length: 10, Loss: 0.9406, Entropy: 0.6430, Epsilon: 0.069
2026-03-29 17:10:22 | INFO | Episode  377 - Reward: 9.000, Length: 9, Loss: 0.9411, Entropy: 0.6424, Epsilon: 0.067
2026-03-29 17:10:22 | INFO | Episode  378 - Reward: 9.000, Length: 9, Loss: 0.9188, Entropy: 0.6414, Epsilon: 0.064
2026-03-29 17:10:23 | INFO | Episode  379 - Reward: 9.000, Length: 9, Loss: 0.9241, Entropy: 0.6418, Epsilon: 0.062
2026-03-29 17:10:23 | INFO | Episode  380 - Reward: 9.000, Length: 9, Loss: 0.8897, Entropy: 0.6408, Epsilon: 0.059
2026-03-29 17:10:24 | INFO | Episode  381 - Reward: 10.000, Length: 10, Loss: 0.8775, Entropy: 0.6414, Epsilon: 0.057
2026-03-29 17:10:24 | INFO | Episode  382 - Reward: 12.000, Length: 12, Loss: 0.8716, Entropy: 0.6411, Epsilon: 0.055
2026-03-29 17:10:25 | INFO | Episode  383 - Reward: 10.000, Length: 10, Loss: 0.8489, Entropy: 0.6389, Epsilon: 0.052
2026-03-29 17:10:25 | INFO | Episode  384 - Reward: 10.000, Length: 10, Loss: 0.8483, Entropy: 0.6388, Epsilon: 0.050
2026-03-29 17:10:26 | INFO | Episode  385 - Reward: 8.000, Length: 8, Loss: 0.8444, Entropy: 0.6388, Epsilon: 0.047
2026-03-29 17:10:26 | INFO | Episode  386 - Reward: 11.000, Length: 11, Loss: 0.8213, Entropy: 0.6400, Epsilon: 0.045
2026-03-29 17:10:27 | INFO | Episode  387 - Reward: 9.000, Length: 9, Loss: 0.8171, Entropy: 0.6390, Epsilon: 0.042
2026-03-29 17:10:27 | INFO | Episode  388 - Reward: 9.000, Length: 9, Loss: 0.7922, Entropy: 0.6376, Epsilon: 0.040
2026-03-29 17:10:28 | INFO | Episode  389 - Reward: 10.000, Length: 10, Loss: 0.7973, Entropy: 0.6379, Epsilon: 0.037
2026-03-29 17:10:28 | INFO | Episode  390 - Reward: 9.000, Length: 9, Loss: 0.8096, Entropy: 0.6376, Epsilon: 0.035
2026-03-29 17:10:29 | INFO | Episode  391 - Reward: 10.000, Length: 10, Loss: 0.7913, Entropy: 0.6375, Epsilon: 0.032
2026-03-29 17:10:29 | INFO | Episode  392 - Reward: 10.000, Length: 10, Loss: 0.7759, Entropy: 0.6372, Epsilon: 0.030
2026-03-29 17:10:29 | INFO | Episode  393 - Reward: 10.000, Length: 10, Loss: 0.7707, Entropy: 0.6382, Epsilon: 0.027
2026-03-29 17:10:30 | INFO | Episode  394 - Reward: 10.000, Length: 10, Loss: 0.7635, Entropy: 0.6354, Epsilon: 0.025
2026-03-29 17:10:30 | INFO | Episode  395 - Reward: 10.000, Length: 10, Loss: 0.7613, Entropy: 0.6358, Epsilon: 0.022
2026-03-29 17:10:31 | INFO | Episode  396 - Reward: 10.000, Length: 10, Loss: 0.7445, Entropy: 0.6380, Epsilon: 0.020
2026-03-29 17:10:31 | INFO | Episode  397 - Reward: 10.000, Length: 10, Loss: 1.5478, Entropy: 0.6345, Epsilon: 0.017
2026-03-29 17:10:32 | INFO | Episode  398 - Reward: 8.000, Length: 8, Loss: 1.4878, Entropy: 0.6353, Epsilon: 0.015
2026-03-29 17:10:32 | INFO | Episode  399 - Reward: 10.000, Length: 10, Loss: 1.4464, Entropy: 0.6337, Epsilon: 0.012
2026-03-29 17:10:33 | INFO | Episode  400 - Reward: 9.000, Length: 9, Loss: 1.4056, Entropy: 0.6330, Epsilon: 0.010
2026-03-29 17:10:33 | INFO | [Episode  400] eps=0.010  avg_reward=   9.700  avg_length=  9.70  avg_loss=  1.0096  avg_entropy=0.6330  eval_success=0.000
2026-03-29 17:10:33 | INFO | Episode  401 - Reward: 9.000, Length: 9, Loss: 1.4572, Entropy: 0.6315, Epsilon: 0.010
2026-03-29 17:10:34 | INFO | Episode  402 - Reward: 9.000, Length: 9, Loss: 1.4085, Entropy: 0.6308, Epsilon: 0.010
2026-03-29 17:10:34 | INFO | Episode  403 - Reward: 9.000, Length: 9, Loss: 1.3981, Entropy: 0.6320, Epsilon: 0.010
2026-03-29 17:10:35 | INFO | Episode  404 - Reward: 10.000, Length: 10, Loss: 1.4187, Entropy: 0.6275, Epsilon: 0.010
2026-03-29 17:10:35 | INFO | Episode  405 - Reward: 9.000, Length: 9, Loss: 1.3203, Entropy: 0.6307, Epsilon: 0.010
2026-03-29 17:10:36 | INFO | Episode  406 - Reward: 9.000, Length: 9, Loss: 1.3483, Entropy: 0.6278, Epsilon: 0.010
2026-03-29 17:10:36 | INFO | Episode  407 - Reward: 10.000, Length: 10, Loss: 1.3172, Entropy: 0.6282, Epsilon: 0.010
2026-03-29 17:10:37 | INFO | Episode  408 - Reward: 9.000, Length: 9, Loss: 1.2676, Entropy: 0.6294, Epsilon: 0.010
2026-03-29 17:10:37 | INFO | Episode  409 - Reward: 10.000, Length: 10, Loss: 1.2917, Entropy: 0.6275, Epsilon: 0.010
2026-03-29 17:10:38 | INFO | Episode  410 - Reward: 10.000, Length: 10, Loss: 1.2614, Entropy: 0.6256, Epsilon: 0.010
2026-03-29 17:10:38 | INFO | Episode  411 - Reward: 10.000, Length: 10, Loss: 1.2084, Entropy: 0.6253, Epsilon: 0.010
2026-03-29 17:10:39 | INFO | Episode  412 - Reward: 10.000, Length: 10, Loss: 1.2215, Entropy: 0.6249, Epsilon: 0.010
2026-03-29 17:10:39 | INFO | Episode  413 - Reward: 10.000, Length: 10, Loss: 1.1692, Entropy: 0.6258, Epsilon: 0.010
2026-03-29 17:10:39 | INFO | Episode  414 - Reward: 9.000, Length: 9, Loss: 1.1674, Entropy: 0.6235, Epsilon: 0.010
2026-03-29 17:10:40 | INFO | Episode  415 - Reward: 9.000, Length: 9, Loss: 1.1505, Entropy: 0.6213, Epsilon: 0.010
2026-03-29 17:10:40 | INFO | Episode  416 - Reward: 9.000, Length: 9, Loss: 1.1870, Entropy: 0.6218, Epsilon: 0.010
2026-03-29 17:10:41 | INFO | Episode  417 - Reward: 9.000, Length: 9, Loss: 1.1391, Entropy: 0.6211, Epsilon: 0.010
2026-03-29 17:10:41 | INFO | Episode  418 - Reward: 9.000, Length: 9, Loss: 1.1420, Entropy: 0.6195, Epsilon: 0.010
2026-03-29 17:10:42 | INFO | Episode  419 - Reward: 9.000, Length: 9, Loss: 1.0624, Entropy: 0.6189, Epsilon: 0.010
2026-03-29 17:10:42 | INFO | Episode  420 - Reward: 8.000, Length: 8, Loss: 1.1145, Entropy: 0.6192, Epsilon: 0.010
2026-03-29 17:10:43 | INFO | Episode  421 - Reward: 11.000, Length: 11, Loss: 1.0928, Entropy: 0.6185, Epsilon: 0.010
2026-03-29 17:10:43 | INFO | Episode  422 - Reward: 10.000, Length: 10, Loss: 1.1034, Entropy: 0.6177, Epsilon: 0.010
2026-03-29 17:10:44 | INFO | Episode  423 - Reward: 10.000, Length: 10, Loss: 1.0941, Entropy: 0.6186, Epsilon: 0.010
2026-03-29 17:10:44 | INFO | Episode  424 - Reward: 9.000, Length: 9, Loss: 1.0577, Entropy: 0.6159, Epsilon: 0.010
2026-03-29 17:10:45 | INFO | Episode  425 - Reward: 10.000, Length: 10, Loss: 1.0358, Entropy: 0.6165, Epsilon: 0.010
2026-03-29 17:10:45 | INFO | Episode  426 - Reward: 9.000, Length: 9, Loss: 1.0103, Entropy: 0.6183, Epsilon: 0.010
2026-03-29 17:10:46 | INFO | Episode  427 - Reward: 11.000, Length: 11, Loss: 1.0010, Entropy: 0.6158, Epsilon: 0.010
2026-03-29 17:10:46 | INFO | Episode  428 - Reward: 10.000, Length: 10, Loss: 1.0311, Entropy: 0.6159, Epsilon: 0.010
2026-03-29 17:10:47 | INFO | Episode  429 - Reward: 10.000, Length: 10, Loss: 0.9707, Entropy: 0.6152, Epsilon: 0.010
2026-03-29 17:10:47 | INFO | Episode  430 - Reward: 9.000, Length: 9, Loss: 1.0002, Entropy: 0.6138, Epsilon: 0.010
2026-03-29 17:10:47 | INFO | Episode  431 - Reward: 9.000, Length: 9, Loss: 0.9528, Entropy: 0.6147, Epsilon: 0.010
2026-03-29 17:10:48 | INFO | Episode  432 - Reward: 9.000, Length: 9, Loss: 0.9483, Entropy: 0.6129, Epsilon: 0.010
2026-03-29 17:10:48 | INFO | Episode  433 - Reward: 8.000, Length: 8, Loss: 0.9915, Entropy: 0.6125, Epsilon: 0.010
2026-03-29 17:10:49 | INFO | Episode  434 - Reward: 10.000, Length: 10, Loss: 0.9575, Entropy: 0.6134, Epsilon: 0.010
2026-03-29 17:10:49 | INFO | Episode  435 - Reward: 10.000, Length: 10, Loss: 0.9385, Entropy: 0.6140, Epsilon: 0.010
2026-03-29 17:10:50 | INFO | Episode  436 - Reward: 11.000, Length: 11, Loss: 0.9308, Entropy: 0.6120, Epsilon: 0.010
2026-03-29 17:10:50 | INFO | Episode  437 - Reward: 10.000, Length: 10, Loss: 0.9693, Entropy: 0.6117, Epsilon: 0.010
2026-03-29 17:10:51 | INFO | Episode  438 - Reward: 10.000, Length: 10, Loss: 0.9728, Entropy: 0.6112, Epsilon: 0.010
2026-03-29 17:10:51 | INFO | Episode  439 - Reward: 10.000, Length: 10, Loss: 0.8872, Entropy: 0.6110, Epsilon: 0.010
2026-03-29 17:10:52 | INFO | Episode  440 - Reward: 9.000, Length: 9, Loss: 0.9064, Entropy: 0.6097, Epsilon: 0.010
2026-03-29 17:10:52 | INFO | Episode  441 - Reward: 9.000, Length: 9, Loss: 0.8847, Entropy: 0.6119, Epsilon: 0.010
2026-03-29 17:10:53 | INFO | Episode  442 - Reward: 10.000, Length: 10, Loss: 0.8644, Entropy: 0.6098, Epsilon: 0.010
2026-03-29 17:10:53 | INFO | Episode  443 - Reward: 9.000, Length: 9, Loss: 0.8964, Entropy: 0.6106, Epsilon: 0.010
2026-03-29 17:10:53 | INFO | Episode  444 - Reward: 9.000, Length: 9, Loss: 0.8411, Entropy: 0.6102, Epsilon: 0.010
2026-03-29 17:10:54 | INFO | Episode  445 - Reward: 10.000, Length: 10, Loss: 0.8822, Entropy: 0.6099, Epsilon: 0.010
2026-03-29 17:10:54 | INFO | Episode  446 - Reward: 10.000, Length: 10, Loss: 0.9020, Entropy: 0.6102, Epsilon: 0.010
2026-03-29 17:10:55 | INFO | Episode  447 - Reward: 9.000, Length: 9, Loss: 0.8042, Entropy: 0.6094, Epsilon: 0.010
2026-03-29 17:10:55 | INFO | Episode  448 - Reward: 10.000, Length: 10, Loss: 0.7960, Entropy: 0.6121, Epsilon: 0.010
2026-03-29 17:10:56 | INFO | Episode  449 - Reward: 9.000, Length: 9, Loss: 1.7167, Entropy: 0.6085, Epsilon: 0.010
2026-03-29 17:10:57 | INFO | Episode  450 - Reward: 10.000, Length: 10, Loss: 1.7505, Entropy: 0.6083, Epsilon: 0.010
2026-03-29 17:10:57 | INFO | [Episode  450] eps=0.010  avg_reward=   9.520  avg_length=  9.52  avg_loss=  1.1048  avg_entropy=0.6083  eval_success=0.000
2026-03-29 17:10:58 | INFO | Episode  451 - Reward: 9.000, Length: 9, Loss: 1.7380, Entropy: 0.6038, Epsilon: 0.010
2026-03-29 17:10:58 | INFO | Episode  452 - Reward: 13.000, Length: 13, Loss: 1.6301, Entropy: 0.6065, Epsilon: 0.010
2026-03-29 17:10:59 | INFO | Episode  453 - Reward: 9.000, Length: 9, Loss: 1.6091, Entropy: 0.6053, Epsilon: 0.010
2026-03-29 17:10:59 | INFO | Episode  454 - Reward: 9.000, Length: 9, Loss: 1.5804, Entropy: 0.6042, Epsilon: 0.010
2026-03-29 17:10:59 | INFO | Episode  455 - Reward: 8.000, Length: 8, Loss: 1.5823, Entropy: 0.6016, Epsilon: 0.010
2026-03-29 17:11:00 | INFO | Episode  456 - Reward: 9.000, Length: 9, Loss: 1.5933, Entropy: 0.6016, Epsilon: 0.010
2026-03-29 17:11:00 | INFO | Episode  457 - Reward: 9.000, Length: 9, Loss: 1.5852, Entropy: 0.5991, Epsilon: 0.010
2026-03-29 17:11:01 | INFO | Episode  458 - Reward: 10.000, Length: 10, Loss: 1.5720, Entropy: 0.5986, Epsilon: 0.010
2026-03-29 17:11:01 | INFO | Episode  459 - Reward: 10.000, Length: 10, Loss: 1.4767, Entropy: 0.5989, Epsilon: 0.010
2026-03-29 17:11:02 | INFO | Episode  460 - Reward: 10.000, Length: 10, Loss: 1.4810, Entropy: 0.5963, Epsilon: 0.010
2026-03-29 17:11:02 | INFO | Episode  461 - Reward: 9.000, Length: 9, Loss: 1.5292, Entropy: 0.5930, Epsilon: 0.010
2026-03-29 17:11:03 | INFO | Episode  462 - Reward: 8.000, Length: 8, Loss: 1.4711, Entropy: 0.5950, Epsilon: 0.010
2026-03-29 17:11:03 | INFO | Episode  463 - Reward: 9.000, Length: 9, Loss: 1.4396, Entropy: 0.5945, Epsilon: 0.010
2026-03-29 17:11:04 | INFO | Episode  464 - Reward: 10.000, Length: 10, Loss: 1.4724, Entropy: 0.5965, Epsilon: 0.010
2026-03-29 17:11:04 | INFO | Episode  465 - Reward: 8.000, Length: 8, Loss: 1.4037, Entropy: 0.5958, Epsilon: 0.010
2026-03-29 17:11:05 | INFO | Episode  466 - Reward: 10.000, Length: 10, Loss: 1.4099, Entropy: 0.5912, Epsilon: 0.010
2026-03-29 17:11:05 | INFO | Episode  467 - Reward: 11.000, Length: 11, Loss: 1.3237, Entropy: 0.5947, Epsilon: 0.010
2026-03-29 17:11:06 | INFO | Episode  468 - Reward: 9.000, Length: 9, Loss: 1.3136, Entropy: 0.5913, Epsilon: 0.010
2026-03-29 17:11:06 | INFO | Episode  469 - Reward: 10.000, Length: 10, Loss: 1.2882, Entropy: 0.5930, Epsilon: 0.010
2026-03-29 17:11:07 | INFO | Episode  470 - Reward: 11.000, Length: 11, Loss: 1.3003, Entropy: 0.5909, Epsilon: 0.010
2026-03-29 17:11:07 | INFO | Episode  471 - Reward: 9.000, Length: 9, Loss: 1.3237, Entropy: 0.5910, Epsilon: 0.010
2026-03-29 17:11:08 | INFO | Episode  472 - Reward: 9.000, Length: 9, Loss: 1.2917, Entropy: 0.5884, Epsilon: 0.010
2026-03-29 17:11:08 | INFO | Episode  473 - Reward: 10.000, Length: 10, Loss: 1.3076, Entropy: 0.5883, Epsilon: 0.010
2026-03-29 17:11:09 | INFO | Episode  474 - Reward: 9.000, Length: 9, Loss: 1.1841, Entropy: 0.5874, Epsilon: 0.010
2026-03-29 17:11:09 | INFO | Episode  475 - Reward: 10.000, Length: 10, Loss: 1.1891, Entropy: 0.5865, Epsilon: 0.010
2026-03-29 17:11:09 | INFO | Episode  476 - Reward: 8.000, Length: 8, Loss: 1.2525, Entropy: 0.5885, Epsilon: 0.010
2026-03-29 17:11:10 | INFO | Episode  477 - Reward: 10.000, Length: 10, Loss: 1.2374, Entropy: 0.5890, Epsilon: 0.010
2026-03-29 17:11:10 | INFO | Episode  478 - Reward: 8.000, Length: 8, Loss: 1.3164, Entropy: 0.5851, Epsilon: 0.010
2026-03-29 17:11:11 | INFO | Episode  479 - Reward: 10.000, Length: 10, Loss: 1.2834, Entropy: 0.5860, Epsilon: 0.010
2026-03-29 17:11:11 | INFO | Episode  480 - Reward: 10.000, Length: 10, Loss: 1.2550, Entropy: 0.5879, Epsilon: 0.010
2026-03-29 17:11:12 | INFO | Episode  481 - Reward: 10.000, Length: 10, Loss: 1.1095, Entropy: 0.5857, Epsilon: 0.010
2026-03-29 17:11:12 | INFO | Episode  482 - Reward: 8.000, Length: 8, Loss: 1.0645, Entropy: 0.5863, Epsilon: 0.010
2026-03-29 17:11:13 | INFO | Episode  483 - Reward: 9.000, Length: 9, Loss: 1.2038, Entropy: 0.5861, Epsilon: 0.010
2026-03-29 17:11:13 | INFO | Episode  484 - Reward: 9.000, Length: 9, Loss: 1.2078, Entropy: 0.5856, Epsilon: 0.010
2026-03-29 17:11:14 | INFO | Episode  485 - Reward: 9.000, Length: 9, Loss: 1.1653, Entropy: 0.5852, Epsilon: 0.010
2026-03-29 17:11:14 | INFO | Episode  486 - Reward: 9.000, Length: 9, Loss: 1.1726, Entropy: 0.5848, Epsilon: 0.010
2026-03-29 17:11:15 | INFO | Episode  487 - Reward: 8.000, Length: 8, Loss: 1.2562, Entropy: 0.5804, Epsilon: 0.010
2026-03-29 17:11:15 | INFO | Episode  488 - Reward: 8.000, Length: 8, Loss: 1.0893, Entropy: 0.5860, Epsilon: 0.010
2026-03-29 17:11:16 | INFO | Episode  489 - Reward: 9.000, Length: 9, Loss: 1.0839, Entropy: 0.5853, Epsilon: 0.010
2026-03-29 17:11:16 | INFO | Episode  490 - Reward: 10.000, Length: 10, Loss: 1.1719, Entropy: 0.5819, Epsilon: 0.010
2026-03-29 17:11:17 | INFO | Episode  491 - Reward: 10.000, Length: 10, Loss: 0.9971, Entropy: 0.5857, Epsilon: 0.010
2026-03-29 17:11:17 | INFO | Episode  492 - Reward: 10.000, Length: 10, Loss: 1.1194, Entropy: 0.5872, Epsilon: 0.010
2026-03-29 17:11:18 | INFO | Episode  493 - Reward: 8.000, Length: 8, Loss: 1.1794, Entropy: 0.5846, Epsilon: 0.010
2026-03-29 17:11:18 | INFO | Episode  494 - Reward: 9.000, Length: 9, Loss: 1.1177, Entropy: 0.5885, Epsilon: 0.010
2026-03-29 17:11:19 | INFO | Episode  495 - Reward: 8.000, Length: 8, Loss: 1.0687, Entropy: 0.5875, Epsilon: 0.010
2026-03-29 17:11:19 | INFO | Episode  496 - Reward: 8.000, Length: 8, Loss: 1.0083, Entropy: 0.5860, Epsilon: 0.010
2026-03-29 17:11:19 | INFO | Episode  497 - Reward: 10.000, Length: 10, Loss: 1.0846, Entropy: 0.5863, Epsilon: 0.010
2026-03-29 17:11:20 | INFO | Episode  498 - Reward: 10.000, Length: 10, Loss: 1.0503, Entropy: 0.5881, Epsilon: 0.010
2026-03-29 17:11:20 | INFO | Episode  499 - Reward: 10.000, Length: 10, Loss: 1.0150, Entropy: 0.5872, Epsilon: 0.010
2026-03-29 17:11:21 | INFO | Episode  500 - Reward: 10.000, Length: 10, Loss: 1.0331, Entropy: 0.5860, Epsilon: 0.010
2026-03-29 17:11:21 | INFO | [Episode  500] eps=0.010  avg_reward=   9.320  avg_length=  9.32  avg_loss=  1.2928  avg_entropy=0.5860  eval_success=0.000
2026-03-29 17:11:21 | INFO | DQN+Entropy training: 4m 10.43s
2026-03-29 17:11:23 | INFO | [Final Eval] success=0.000, mean_reward=9.300
