2026-03-29 08:55:42 | INFO | ============================================================
2026-03-29 08:55:42 | INFO | DEVICE / COMPUTE INFORMATION
2026-03-29 08:55:42 | INFO |   JAX backend       : GPU
2026-03-29 08:55:42 | INFO |   Platform          : gpu
2026-03-29 08:55:42 | INFO |   Num devices       : 2
2026-03-29 08:55:42 | INFO |   Device            : cuda:0
2026-03-29 08:55:42 | INFO |   Device            : cuda:1
2026-03-29 08:55:42 | INFO |   GPU name          : Tesla T4
2026-03-29 08:55:42 | INFO | ============================================================
2026-03-29 08:55:42 | INFO | DQN+Entropy | seed=1, lr=0.01, gamma=0.99, alpha=0.01
2026-03-29 08:55:42 | INFO | Env: mountaincar/dense, obs_dim=2, num_actions=3
2026-03-29 08:55:46 | INFO | Episode    1 - Reward: -200.000, Length: 200, Loss: 0.0000, Entropy: 0.0000, Epsilon: 0.998
2026-03-29 08:55:52 | INFO | Episode    2 - Reward: -200.000, Length: 200, Loss: 0.9484, Entropy: 1.0986, Epsilon: 0.995
2026-03-29 08:55:54 | INFO | Episode    3 - Reward: -200.000, Length: 200, Loss: 0.8766, Entropy: 1.0986, Epsilon: 0.993
2026-03-29 08:55:57 | INFO | Episode    4 - Reward: -200.000, Length: 200, Loss: 0.9513, Entropy: 1.0986, Epsilon: 0.990
2026-03-29 08:55:59 | INFO | Episode    5 - Reward: -200.000, Length: 200, Loss: 0.8805, Entropy: 1.0986, Epsilon: 0.988
2026-03-29 08:56:01 | INFO | Episode    6 - Reward: -200.000, Length: 200, Loss: 0.9480, Entropy: 1.0986, Epsilon: 0.985
2026-03-29 08:56:04 | INFO | Episode    7 - Reward: -200.000, Length: 200, Loss: 0.8766, Entropy: 1.0986, Epsilon: 0.983
2026-03-29 08:56:07 | INFO | Episode    8 - Reward: -200.000, Length: 200, Loss: 0.8097, Entropy: 1.0986, Epsilon: 0.980
2026-03-29 08:56:09 | INFO | Episode    9 - Reward: -200.000, Length: 200, Loss: 0.9501, Entropy: 1.0986, Epsilon: 0.978
2026-03-29 08:56:12 | INFO | Episode   10 - Reward: -200.000, Length: 200, Loss: 0.8705, Entropy: 1.0986, Epsilon: 0.975
2026-03-29 08:56:14 | INFO | Episode   11 - Reward: -200.000, Length: 200, Loss: 0.9410, Entropy: 1.0986, Epsilon: 0.973
2026-03-29 08:56:17 | INFO | Episode   12 - Reward: -200.000, Length: 200, Loss: 0.8577, Entropy: 1.0986, Epsilon: 0.970
2026-03-29 08:56:19 | INFO | Episode   13 - Reward: -200.000, Length: 200, Loss: 0.7770, Entropy: 1.0986, Epsilon: 0.968
2026-03-29 08:56:21 | INFO | Episode   14 - Reward: -200.000, Length: 200, Loss: 0.9295, Entropy: 1.0986, Epsilon: 0.965
2026-03-29 08:56:24 | INFO | Episode   15 - Reward: -200.000, Length: 200, Loss: 0.8358, Entropy: 1.0986, Epsilon: 0.963
2026-03-29 08:56:27 | INFO | Episode   16 - Reward: -200.000, Length: 200, Loss: 0.9157, Entropy: 1.0986, Epsilon: 0.960
2026-03-29 08:56:29 | INFO | Episode   17 - Reward: -200.000, Length: 200, Loss: 0.8106, Entropy: 1.0986, Epsilon: 0.958
2026-03-29 08:56:32 | INFO | Episode   18 - Reward: -200.000, Length: 200, Loss: 0.7058, Entropy: 1.0986, Epsilon: 0.955
2026-03-29 08:56:34 | INFO | Episode   19 - Reward: -200.000, Length: 200, Loss: 0.8909, Entropy: 1.0985, Epsilon: 0.953
2026-03-29 08:56:37 | INFO | Episode   20 - Reward: -200.000, Length: 200, Loss: 0.7586, Entropy: 1.0985, Epsilon: 0.951
2026-03-29 08:56:39 | INFO | Episode   21 - Reward: -200.000, Length: 200, Loss: 0.8843, Entropy: 1.0985, Epsilon: 0.948
2026-03-29 08:56:41 | INFO | Episode   22 - Reward: -200.000, Length: 200, Loss: 0.7249, Entropy: 1.0985, Epsilon: 0.946
2026-03-29 08:56:44 | INFO | Episode   23 - Reward: -200.000, Length: 200, Loss: 0.5831, Entropy: 1.0985, Epsilon: 0.943
2026-03-29 08:56:46 | INFO | Episode   24 - Reward: -200.000, Length: 200, Loss: 0.8499, Entropy: 1.0985, Epsilon: 0.941
2026-03-29 08:56:49 | INFO | Episode   25 - Reward: -200.000, Length: 200, Loss: 0.6480, Entropy: 1.0985, Epsilon: 0.938
2026-03-29 08:56:51 | INFO | Episode   26 - Reward: -200.000, Length: 200, Loss: 0.8242, Entropy: 1.0986, Epsilon: 0.936
2026-03-29 08:56:54 | INFO | Episode   27 - Reward: -200.000, Length: 200, Loss: 0.5784, Entropy: 1.0986, Epsilon: 0.933
2026-03-29 08:56:56 | INFO | Episode   28 - Reward: -200.000, Length: 200, Loss: 0.3848, Entropy: 1.0986, Epsilon: 0.931
2026-03-29 08:56:59 | INFO | Episode   29 - Reward: -200.000, Length: 200, Loss: 0.7858, Entropy: 1.0986, Epsilon: 0.928
2026-03-29 08:57:01 | INFO | Episode   30 - Reward: -200.000, Length: 200, Loss: 0.4691, Entropy: 1.0986, Epsilon: 0.926
2026-03-29 08:57:04 | INFO | Episode   31 - Reward: -200.000, Length: 200, Loss: 0.7359, Entropy: 1.0985, Epsilon: 0.923
2026-03-29 08:57:07 | INFO | Episode   32 - Reward: -200.000, Length: 200, Loss: 0.3583, Entropy: 1.0985, Epsilon: 0.921
2026-03-29 08:57:09 | INFO | Episode   33 - Reward: -200.000, Length: 200, Loss: 0.1631, Entropy: 1.0986, Epsilon: 0.918
2026-03-29 08:57:12 | INFO | Episode   34 - Reward: -200.000, Length: 200, Loss: 0.6578, Entropy: 1.0986, Epsilon: 0.916
2026-03-29 08:57:14 | INFO | Episode   35 - Reward: -200.000, Length: 200, Loss: 0.2352, Entropy: 1.0986, Epsilon: 0.913
2026-03-29 08:57:17 | INFO | Episode   36 - Reward: -200.000, Length: 200, Loss: 0.5832, Entropy: 1.0986, Epsilon: 0.911
2026-03-29 08:57:19 | INFO | Episode   37 - Reward: -200.000, Length: 200, Loss: 0.1422, Entropy: 1.0985, Epsilon: 0.908
2026-03-29 08:57:22 | INFO | Episode   38 - Reward: -200.000, Length: 200, Loss: 0.0450, Entropy: 1.0986, Epsilon: 0.906
2026-03-29 08:57:24 | INFO | Episode   39 - Reward: -200.000, Length: 200, Loss: 0.5020, Entropy: 1.0984, Epsilon: 0.903
2026-03-29 08:57:26 | INFO | Episode   40 - Reward: -200.000, Length: 200, Loss: 0.1232, Entropy: 1.0985, Epsilon: 0.901
2026-03-29 08:57:29 | INFO | Episode   41 - Reward: -200.000, Length: 200, Loss: 0.4591, Entropy: 1.0986, Epsilon: 0.899
2026-03-29 08:57:32 | INFO | Episode   42 - Reward: -200.000, Length: 200, Loss: 0.1099, Entropy: 1.0985, Epsilon: 0.896
2026-03-29 08:57:34 | INFO | Episode   43 - Reward: -200.000, Length: 200, Loss: 0.0686, Entropy: 1.0986, Epsilon: 0.894
2026-03-29 08:57:37 | INFO | Episode   44 - Reward: -200.000, Length: 200, Loss: 0.3537, Entropy: 1.0984, Epsilon: 0.891
2026-03-29 08:57:40 | INFO | Episode   45 - Reward: -200.000, Length: 200, Loss: 0.1422, Entropy: 1.0985, Epsilon: 0.889
2026-03-29 08:57:42 | INFO | Episode   46 - Reward: -200.000, Length: 200, Loss: 0.5458, Entropy: 1.0985, Epsilon: 0.886
2026-03-29 08:57:45 | INFO | Episode   47 - Reward: -200.000, Length: 200, Loss: 0.2414, Entropy: 1.0986, Epsilon: 0.884
2026-03-29 08:57:47 | INFO | Episode   48 - Reward: -200.000, Length: 200, Loss: 0.2391, Entropy: 1.0986, Epsilon: 0.881
2026-03-29 08:57:50 | INFO | Episode   49 - Reward: -200.000, Length: 200, Loss: 0.4729, Entropy: 1.0985, Epsilon: 0.879
2026-03-29 08:57:53 | INFO | Episode   50 - Reward: -200.000, Length: 200, Loss: 0.4575, Entropy: 1.0984, Epsilon: 0.876
2026-03-29 08:58:49 | INFO | [Episode   50] eps=0.876  avg_reward=-200.000  avg_length=200.00  avg_loss=  0.5981  avg_entropy=1.0984  eval_success=0.000
2026-03-29 08:58:51 | INFO | Episode   51 - Reward: -200.000, Length: 200, Loss: 0.6490, Entropy: 1.0983, Epsilon: 0.874
2026-03-29 08:58:53 | INFO | Episode   52 - Reward: -200.000, Length: 200, Loss: 0.6766, Entropy: 1.0982, Epsilon: 0.871
2026-03-29 08:58:56 | INFO | Episode   53 - Reward: -200.000, Length: 200, Loss: 0.5303, Entropy: 1.0984, Epsilon: 0.869
2026-03-29 08:58:58 | INFO | Episode   54 - Reward: -200.000, Length: 200, Loss: 0.2824, Entropy: 1.0985, Epsilon: 0.866
2026-03-29 08:59:01 | INFO | Episode   55 - Reward: -200.000, Length: 200, Loss: 0.6368, Entropy: 1.0984, Epsilon: 0.864
2026-03-29 08:59:04 | INFO | Episode   56 - Reward: -200.000, Length: 200, Loss: 0.9257, Entropy: 1.0978, Epsilon: 0.861
2026-03-29 08:59:06 | INFO | Episode   57 - Reward: -200.000, Length: 200, Loss: 0.9643, Entropy: 1.0978, Epsilon: 0.859
2026-03-29 08:59:09 | INFO | Episode   58 - Reward: -200.000, Length: 200, Loss: 0.8024, Entropy: 1.0971, Epsilon: 0.856
2026-03-29 08:59:11 | INFO | Episode   59 - Reward: -200.000, Length: 200, Loss: 0.7514, Entropy: 1.0976, Epsilon: 0.854
2026-03-29 08:59:14 | INFO | Episode   60 - Reward: -200.000, Length: 200, Loss: 0.4677, Entropy: 1.0983, Epsilon: 0.852
2026-03-29 08:59:16 | INFO | Episode   61 - Reward: -200.000, Length: 200, Loss: 0.6934, Entropy: 1.0984, Epsilon: 0.849
2026-03-29 08:59:19 | INFO | Episode   62 - Reward: -200.000, Length: 200, Loss: 0.7996, Entropy: 1.0978, Epsilon: 0.847
2026-03-29 08:59:22 | INFO | Episode   63 - Reward: -200.000, Length: 200, Loss: 0.2612, Entropy: 1.0985, Epsilon: 0.844
2026-03-29 08:59:24 | INFO | Episode   64 - Reward: -200.000, Length: 200, Loss: 0.9528, Entropy: 1.0981, Epsilon: 0.842
2026-03-29 08:59:27 | INFO | Episode   65 - Reward: -200.000, Length: 200, Loss: 1.2165, Entropy: 1.0970, Epsilon: 0.839
2026-03-29 08:59:29 | INFO | Episode   66 - Reward: -200.000, Length: 200, Loss: 1.1407, Entropy: 1.0970, Epsilon: 0.837
2026-03-29 08:59:32 | INFO | Episode   67 - Reward: -200.000, Length: 200, Loss: 0.9881, Entropy: 1.0975, Epsilon: 0.834
2026-03-29 08:59:34 | INFO | Episode   68 - Reward: -200.000, Length: 200, Loss: 0.5188, Entropy: 1.0975, Epsilon: 0.832
2026-03-29 08:59:37 | INFO | Episode   69 - Reward: -200.000, Length: 200, Loss: 2.1727, Entropy: 1.0943, Epsilon: 0.829
2026-03-29 08:59:39 | INFO | Episode   70 - Reward: -200.000, Length: 200, Loss: 0.7290, Entropy: 1.0965, Epsilon: 0.827
2026-03-29 08:59:42 | INFO | Episode   71 - Reward: -200.000, Length: 200, Loss: 0.9805, Entropy: 1.0975, Epsilon: 0.824
2026-03-29 08:59:45 | INFO | Episode   72 - Reward: -200.000, Length: 200, Loss: 0.6750, Entropy: 1.0977, Epsilon: 0.822
2026-03-29 08:59:48 | INFO | Episode   73 - Reward: -200.000, Length: 200, Loss: 1.0207, Entropy: 1.0962, Epsilon: 0.819
2026-03-29 08:59:50 | INFO | Episode   74 - Reward: -200.000, Length: 200, Loss: 1.0539, Entropy: 1.0957, Epsilon: 0.817
2026-03-29 08:59:53 | INFO | Episode   75 - Reward: -200.000, Length: 200, Loss: 0.4503, Entropy: 1.0983, Epsilon: 0.814
2026-03-29 08:59:55 | INFO | Episode   76 - Reward: -200.000, Length: 200, Loss: 1.6326, Entropy: 1.0968, Epsilon: 0.812
2026-03-29 08:59:58 | INFO | Episode   77 - Reward: -200.000, Length: 200, Loss: 1.0378, Entropy: 1.0968, Epsilon: 0.809
2026-03-29 09:00:00 | INFO | Episode   78 - Reward: -200.000, Length: 200, Loss: 1.4546, Entropy: 1.0957, Epsilon: 0.807
2026-03-29 09:00:03 | INFO | Episode   79 - Reward: -200.000, Length: 200, Loss: 1.1205, Entropy: 1.0968, Epsilon: 0.804
2026-03-29 09:00:05 | INFO | Episode   80 - Reward: -200.000, Length: 200, Loss: 1.0829, Entropy: 1.0974, Epsilon: 0.802
2026-03-29 09:00:08 | INFO | Episode   81 - Reward: -200.000, Length: 200, Loss: 1.5173, Entropy: 1.0953, Epsilon: 0.800
2026-03-29 09:00:11 | INFO | Episode   82 - Reward: -200.000, Length: 200, Loss: 1.3264, Entropy: 1.0973, Epsilon: 0.797
2026-03-29 09:00:13 | INFO | Episode   83 - Reward: -200.000, Length: 200, Loss: 1.4725, Entropy: 1.0956, Epsilon: 0.795
2026-03-29 09:00:16 | INFO | Episode   84 - Reward: -200.000, Length: 200, Loss: 1.7535, Entropy: 1.0953, Epsilon: 0.792
2026-03-29 09:00:18 | INFO | Episode   85 - Reward: -200.000, Length: 200, Loss: 0.3038, Entropy: 1.0979, Epsilon: 0.790
2026-03-29 09:00:21 | INFO | Episode   86 - Reward: -200.000, Length: 200, Loss: 2.7543, Entropy: 1.0943, Epsilon: 0.787
2026-03-29 09:00:24 | INFO | Episode   87 - Reward: -200.000, Length: 200, Loss: 1.1794, Entropy: 1.0948, Epsilon: 0.785
2026-03-29 09:00:26 | INFO | Episode   88 - Reward: -200.000, Length: 200, Loss: 2.1932, Entropy: 1.0927, Epsilon: 0.782
2026-03-29 09:00:29 | INFO | Episode   89 - Reward: -200.000, Length: 200, Loss: 1.4635, Entropy: 1.0956, Epsilon: 0.780
2026-03-29 09:00:31 | INFO | Episode   90 - Reward: -200.000, Length: 200, Loss: 1.6241, Entropy: 1.0956, Epsilon: 0.777
2026-03-29 09:00:34 | INFO | Episode   91 - Reward: -200.000, Length: 200, Loss: 3.8420, Entropy: 1.0964, Epsilon: 0.775
2026-03-29 09:00:37 | INFO | Episode   92 - Reward: -200.000, Length: 200, Loss: 5.4452, Entropy: 1.0932, Epsilon: 0.772
2026-03-29 09:00:39 | INFO | Episode   93 - Reward: -200.000, Length: 200, Loss: 5.5446, Entropy: 1.0846, Epsilon: 0.770
2026-03-29 09:00:42 | INFO | Episode   94 - Reward: -200.000, Length: 200, Loss: 1.6823, Entropy: 1.0970, Epsilon: 0.767
2026-03-29 09:00:44 | INFO | Episode   95 - Reward: -200.000, Length: 200, Loss: 1.5064, Entropy: 1.0962, Epsilon: 0.765
2026-03-29 09:00:47 | INFO | Episode   96 - Reward: -200.000, Length: 200, Loss: 2.3562, Entropy: 1.0917, Epsilon: 0.762
2026-03-29 09:00:49 | INFO | Episode   97 - Reward: -200.000, Length: 200, Loss: 1.4977, Entropy: 1.0957, Epsilon: 0.760
2026-03-29 09:00:52 | INFO | Episode   98 - Reward: -200.000, Length: 200, Loss: 2.5429, Entropy: 1.0958, Epsilon: 0.757
2026-03-29 09:00:54 | INFO | Episode   99 - Reward: -200.000, Length: 200, Loss: 2.1490, Entropy: 1.0975, Epsilon: 0.755
2026-03-29 09:00:57 | INFO | Episode  100 - Reward: -200.000, Length: 200, Loss: 1.9646, Entropy: 1.0948, Epsilon: 0.752
2026-03-29 09:01:52 | INFO | [Episode  100] eps=0.752  avg_reward=-200.000  avg_length=200.00  avg_loss=  1.4157  avg_entropy=1.0948  eval_success=0.000
2026-03-29 09:01:55 | INFO | Episode  101 - Reward: -200.000, Length: 200, Loss: 2.4818, Entropy: 1.0947, Epsilon: 0.750
2026-03-29 09:01:57 | INFO | Episode  102 - Reward: -200.000, Length: 200, Loss: 1.8626, Entropy: 1.0974, Epsilon: 0.748
2026-03-29 09:02:00 | INFO | Episode  103 - Reward: -200.000, Length: 200, Loss: 2.6487, Entropy: 1.0967, Epsilon: 0.745
2026-03-29 09:02:02 | INFO | Episode  104 - Reward: -200.000, Length: 200, Loss: 1.0867, Entropy: 1.0975, Epsilon: 0.743
2026-03-29 09:02:05 | INFO | Episode  105 - Reward: -200.000, Length: 200, Loss: 3.2339, Entropy: 1.0893, Epsilon: 0.740
2026-03-29 09:02:07 | INFO | Episode  106 - Reward: -200.000, Length: 200, Loss: 0.9179, Entropy: 1.0951, Epsilon: 0.738
2026-03-29 09:02:10 | INFO | Episode  107 - Reward: -200.000, Length: 200, Loss: 1.2580, Entropy: 1.0969, Epsilon: 0.735
2026-03-29 09:02:13 | INFO | Episode  108 - Reward: -200.000, Length: 200, Loss: 1.6167, Entropy: 1.0957, Epsilon: 0.733
2026-03-29 09:02:15 | INFO | Episode  109 - Reward: -200.000, Length: 200, Loss: 0.9263, Entropy: 1.0972, Epsilon: 0.730
2026-03-29 09:02:17 | INFO | Episode  110 - Reward: -200.000, Length: 200, Loss: 1.3668, Entropy: 1.0945, Epsilon: 0.728
2026-03-29 09:02:20 | INFO | Episode  111 - Reward: -200.000, Length: 200, Loss: 1.5168, Entropy: 1.0938, Epsilon: 0.725
2026-03-29 09:02:23 | INFO | Episode  112 - Reward: -200.000, Length: 200, Loss: 1.3689, Entropy: 1.0943, Epsilon: 0.723
2026-03-29 09:02:25 | INFO | Episode  113 - Reward: -200.000, Length: 200, Loss: 3.5612, Entropy: 1.0897, Epsilon: 0.720
2026-03-29 09:02:28 | INFO | Episode  114 - Reward: -200.000, Length: 200, Loss: 2.6972, Entropy: 1.0922, Epsilon: 0.718
2026-03-29 09:02:30 | INFO | Episode  115 - Reward: -200.000, Length: 200, Loss: 1.3019, Entropy: 1.0971, Epsilon: 0.715
2026-03-29 09:02:33 | INFO | Episode  116 - Reward: -200.000, Length: 200, Loss: 2.1500, Entropy: 1.0967, Epsilon: 0.713
2026-03-29 09:02:35 | INFO | Episode  117 - Reward: -200.000, Length: 200, Loss: 3.9876, Entropy: 1.0936, Epsilon: 0.710
2026-03-29 09:02:37 | INFO | Episode  118 - Reward: -200.000, Length: 200, Loss: 4.3004, Entropy: 1.0908, Epsilon: 0.708
2026-03-29 09:02:40 | INFO | Episode  119 - Reward: -200.000, Length: 200, Loss: 1.9839, Entropy: 1.0957, Epsilon: 0.705
2026-03-29 09:02:42 | INFO | Episode  120 - Reward: -200.000, Length: 200, Loss: 2.1723, Entropy: 1.0949, Epsilon: 0.703
2026-03-29 09:02:45 | INFO | Episode  121 - Reward: -200.000, Length: 200, Loss: 2.0242, Entropy: 1.0948, Epsilon: 0.701
2026-03-29 09:02:47 | INFO | Episode  122 - Reward: -200.000, Length: 200, Loss: 1.9107, Entropy: 1.0958, Epsilon: 0.698
2026-03-29 09:02:50 | INFO | Episode  123 - Reward: -200.000, Length: 200, Loss: 1.0229, Entropy: 1.0973, Epsilon: 0.696
2026-03-29 09:02:53 | INFO | Episode  124 - Reward: -200.000, Length: 200, Loss: 3.4535, Entropy: 1.0942, Epsilon: 0.693
2026-03-29 09:02:55 | INFO | Episode  125 - Reward: -200.000, Length: 200, Loss: 2.9020, Entropy: 1.0933, Epsilon: 0.691
2026-03-29 09:02:57 | INFO | Episode  126 - Reward: -200.000, Length: 200, Loss: 1.4556, Entropy: 1.0969, Epsilon: 0.688
2026-03-29 09:03:00 | INFO | Episode  127 - Reward: -200.000, Length: 200, Loss: 1.6773, Entropy: 1.0956, Epsilon: 0.686
2026-03-29 09:03:03 | INFO | Episode  128 - Reward: -200.000, Length: 200, Loss: 1.0993, Entropy: 1.0974, Epsilon: 0.683
2026-03-29 09:03:05 | INFO | Episode  129 - Reward: -200.000, Length: 200, Loss: 2.1134, Entropy: 1.0932, Epsilon: 0.681
2026-03-29 09:03:08 | INFO | Episode  130 - Reward: -200.000, Length: 200, Loss: 1.9643, Entropy: 1.0933, Epsilon: 0.678
2026-03-29 09:03:10 | INFO | Episode  131 - Reward: -200.000, Length: 200, Loss: 1.7690, Entropy: 1.0975, Epsilon: 0.676
2026-03-29 09:03:13 | INFO | Episode  132 - Reward: -200.000, Length: 200, Loss: 0.8218, Entropy: 1.0949, Epsilon: 0.673
2026-03-29 09:03:15 | INFO | Episode  133 - Reward: -200.000, Length: 200, Loss: 1.3000, Entropy: 1.0977, Epsilon: 0.671
2026-03-29 09:03:18 | INFO | Episode  134 - Reward: -200.000, Length: 200, Loss: 3.0996, Entropy: 1.0938, Epsilon: 0.668
2026-03-29 09:03:20 | INFO | Episode  135 - Reward: -200.000, Length: 200, Loss: 2.3031, Entropy: 1.0973, Epsilon: 0.666
2026-03-29 09:03:23 | INFO | Episode  136 - Reward: -200.000, Length: 200, Loss: 1.3311, Entropy: 1.0967, Epsilon: 0.663
2026-03-29 09:03:26 | INFO | Episode  137 - Reward: -200.000, Length: 200, Loss: 3.0991, Entropy: 1.0946, Epsilon: 0.661
2026-03-29 09:03:28 | INFO | Episode  138 - Reward: -200.000, Length: 200, Loss: 2.4174, Entropy: 1.0951, Epsilon: 0.658
2026-03-29 09:03:31 | INFO | Episode  139 - Reward: -200.000, Length: 200, Loss: 2.9476, Entropy: 1.0921, Epsilon: 0.656
2026-03-29 09:03:33 | INFO | Episode  140 - Reward: -200.000, Length: 200, Loss: 2.5710, Entropy: 1.0942, Epsilon: 0.653
2026-03-29 09:03:36 | INFO | Episode  141 - Reward: -200.000, Length: 200, Loss: 3.4954, Entropy: 1.0931, Epsilon: 0.651
2026-03-29 09:03:38 | INFO | Episode  142 - Reward: -200.000, Length: 200, Loss: 1.9442, Entropy: 1.0951, Epsilon: 0.649
2026-03-29 09:03:41 | INFO | Episode  143 - Reward: -200.000, Length: 200, Loss: 0.9065, Entropy: 1.0964, Epsilon: 0.646
2026-03-29 09:03:43 | INFO | Episode  144 - Reward: -200.000, Length: 200, Loss: 3.4016, Entropy: 1.0924, Epsilon: 0.644
2026-03-29 09:03:46 | INFO | Episode  145 - Reward: -200.000, Length: 200, Loss: 5.0614, Entropy: 1.0851, Epsilon: 0.641
2026-03-29 09:03:49 | INFO | Episode  146 - Reward: -200.000, Length: 200, Loss: 1.4554, Entropy: 1.0941, Epsilon: 0.639
2026-03-29 09:03:51 | INFO | Episode  147 - Reward: -200.000, Length: 200, Loss: 1.3999, Entropy: 1.0949, Epsilon: 0.636
2026-03-29 09:03:54 | INFO | Episode  148 - Reward: -200.000, Length: 200, Loss: 1.2744, Entropy: 1.0968, Epsilon: 0.634
2026-03-29 09:03:56 | INFO | Episode  149 - Reward: -200.000, Length: 200, Loss: 0.4127, Entropy: 1.0981, Epsilon: 0.631
2026-03-29 09:03:59 | INFO | Episode  150 - Reward: -200.000, Length: 200, Loss: 1.0750, Entropy: 1.0970, Epsilon: 0.629
2026-03-29 09:04:53 | INFO | [Episode  150] eps=0.629  avg_reward=-200.000  avg_length=200.00  avg_loss=  2.0830  avg_entropy=1.0970  eval_success=0.000
2026-03-29 09:04:55 | INFO | Episode  151 - Reward: -200.000, Length: 200, Loss: 1.8958, Entropy: 1.0960, Epsilon: 0.626
2026-03-29 09:04:58 | INFO | Episode  152 - Reward: -200.000, Length: 200, Loss: 1.5952, Entropy: 1.0956, Epsilon: 0.624
2026-03-29 09:05:00 | INFO | Episode  153 - Reward: -200.000, Length: 200, Loss: 3.9324, Entropy: 1.0932, Epsilon: 0.621
2026-03-29 09:05:03 | INFO | Episode  154 - Reward: -200.000, Length: 200, Loss: 2.1232, Entropy: 1.0940, Epsilon: 0.619
2026-03-29 09:05:05 | INFO | Episode  155 - Reward: -200.000, Length: 200, Loss: 3.4827, Entropy: 1.0959, Epsilon: 0.616
2026-03-29 09:05:08 | INFO | Episode  156 - Reward: -200.000, Length: 200, Loss: 3.3507, Entropy: 1.0910, Epsilon: 0.614
2026-03-29 09:05:11 | INFO | Episode  157 - Reward: -200.000, Length: 200, Loss: 4.3203, Entropy: 1.0920, Epsilon: 0.611
2026-03-29 09:05:13 | INFO | Episode  158 - Reward: -200.000, Length: 200, Loss: 8.1532, Entropy: 1.0782, Epsilon: 0.609
2026-03-29 09:05:15 | INFO | Episode  159 - Reward: -200.000, Length: 200, Loss: 0.6802, Entropy: 1.0961, Epsilon: 0.606
2026-03-29 09:05:18 | INFO | Episode  160 - Reward: -200.000, Length: 200, Loss: 1.1201, Entropy: 1.0973, Epsilon: 0.604
2026-03-29 09:05:20 | INFO | Episode  161 - Reward: -200.000, Length: 200, Loss: 1.1354, Entropy: 1.0959, Epsilon: 0.602
2026-03-29 09:05:23 | INFO | Episode  162 - Reward: -200.000, Length: 200, Loss: 0.5331, Entropy: 1.0964, Epsilon: 0.599
2026-03-29 09:05:25 | INFO | Episode  163 - Reward: -200.000, Length: 200, Loss: 2.0803, Entropy: 1.0949, Epsilon: 0.597
2026-03-29 09:05:28 | INFO | Episode  164 - Reward: -200.000, Length: 200, Loss: 2.7898, Entropy: 1.0903, Epsilon: 0.594
2026-03-29 09:05:30 | INFO | Episode  165 - Reward: -200.000, Length: 200, Loss: 1.5768, Entropy: 1.0949, Epsilon: 0.592
2026-03-29 09:05:33 | INFO | Episode  166 - Reward: -200.000, Length: 200, Loss: 1.4754, Entropy: 1.0960, Epsilon: 0.589
2026-03-29 09:05:35 | INFO | Episode  167 - Reward: -200.000, Length: 200, Loss: 2.0046, Entropy: 1.0959, Epsilon: 0.587
2026-03-29 09:05:38 | INFO | Episode  168 - Reward: -200.000, Length: 200, Loss: 1.8822, Entropy: 1.0948, Epsilon: 0.584
2026-03-29 09:05:41 | INFO | Episode  169 - Reward: -200.000, Length: 200, Loss: 2.0904, Entropy: 1.0955, Epsilon: 0.582
2026-03-29 09:05:43 | INFO | Episode  170 - Reward: -200.000, Length: 200, Loss: 1.6335, Entropy: 1.0959, Epsilon: 0.579
2026-03-29 09:05:46 | INFO | Episode  171 - Reward: -200.000, Length: 200, Loss: 3.9708, Entropy: 1.0903, Epsilon: 0.577
2026-03-29 09:05:49 | INFO | Episode  172 - Reward: -200.000, Length: 200, Loss: 2.8800, Entropy: 1.0942, Epsilon: 0.574
2026-03-29 09:05:51 | INFO | Episode  173 - Reward: -200.000, Length: 200, Loss: 2.9263, Entropy: 1.0966, Epsilon: 0.572
2026-03-29 09:05:54 | INFO | Episode  174 - Reward: -200.000, Length: 200, Loss: 2.3673, Entropy: 1.0938, Epsilon: 0.569
2026-03-29 09:05:57 | INFO | Episode  175 - Reward: -200.000, Length: 200, Loss: 2.5601, Entropy: 1.0929, Epsilon: 0.567
2026-03-29 09:05:59 | INFO | Episode  176 - Reward: -200.000, Length: 200, Loss: 1.8639, Entropy: 1.0955, Epsilon: 0.564
2026-03-29 09:06:02 | INFO | Episode  177 - Reward: -200.000, Length: 200, Loss: 3.5960, Entropy: 1.0892, Epsilon: 0.562
2026-03-29 09:06:04 | INFO | Episode  178 - Reward: -200.000, Length: 200, Loss: 2.9590, Entropy: 1.0961, Epsilon: 0.559
2026-03-29 09:06:06 | INFO | Episode  179 - Reward: -200.000, Length: 200, Loss: 2.7314, Entropy: 1.0928, Epsilon: 0.557
2026-03-29 09:06:09 | INFO | Episode  180 - Reward: -200.000, Length: 200, Loss: 4.3601, Entropy: 1.0914, Epsilon: 0.554
2026-03-29 09:06:11 | INFO | Episode  181 - Reward: -200.000, Length: 200, Loss: 2.4401, Entropy: 1.0919, Epsilon: 0.552
2026-03-29 09:06:14 | INFO | Episode  182 - Reward: -200.000, Length: 200, Loss: 2.4804, Entropy: 1.0948, Epsilon: 0.550
2026-03-29 09:06:16 | INFO | Episode  183 - Reward: -200.000, Length: 200, Loss: 2.7765, Entropy: 1.0942, Epsilon: 0.547
2026-03-29 09:06:19 | INFO | Episode  184 - Reward: -200.000, Length: 200, Loss: 1.2693, Entropy: 1.0950, Epsilon: 0.545
2026-03-29 09:06:22 | INFO | Episode  185 - Reward: -200.000, Length: 200, Loss: 2.2545, Entropy: 1.0921, Epsilon: 0.542
2026-03-29 09:06:24 | INFO | Episode  186 - Reward: -200.000, Length: 200, Loss: 2.2227, Entropy: 1.0977, Epsilon: 0.540
2026-03-29 09:06:27 | INFO | Episode  187 - Reward: -200.000, Length: 200, Loss: 1.1859, Entropy: 1.0966, Epsilon: 0.537
2026-03-29 09:06:29 | INFO | Episode  188 - Reward: -200.000, Length: 200, Loss: 1.9335, Entropy: 1.0976, Epsilon: 0.535
2026-03-29 09:06:32 | INFO | Episode  189 - Reward: -200.000, Length: 200, Loss: 1.3374, Entropy: 1.0961, Epsilon: 0.532
2026-03-29 09:06:34 | INFO | Episode  190 - Reward: -200.000, Length: 200, Loss: 2.2526, Entropy: 1.0964, Epsilon: 0.530
2026-03-29 09:06:37 | INFO | Episode  191 - Reward: -200.000, Length: 200, Loss: 3.2918, Entropy: 1.0925, Epsilon: 0.527
2026-03-29 09:06:39 | INFO | Episode  192 - Reward: -200.000, Length: 200, Loss: 2.6427, Entropy: 1.0950, Epsilon: 0.525
2026-03-29 09:06:42 | INFO | Episode  193 - Reward: -200.000, Length: 200, Loss: 2.1915, Entropy: 1.0931, Epsilon: 0.522
2026-03-29 09:06:44 | INFO | Episode  194 - Reward: -200.000, Length: 200, Loss: 1.5255, Entropy: 1.0925, Epsilon: 0.520
2026-03-29 09:06:47 | INFO | Episode  195 - Reward: -200.000, Length: 200, Loss: 2.2874, Entropy: 1.0921, Epsilon: 0.517
2026-03-29 09:06:49 | INFO | Episode  196 - Reward: -200.000, Length: 200, Loss: 1.6597, Entropy: 1.0923, Epsilon: 0.515
2026-03-29 09:06:52 | INFO | Episode  197 - Reward: -200.000, Length: 200, Loss: 1.3501, Entropy: 1.0935, Epsilon: 0.512
2026-03-29 09:06:55 | INFO | Episode  198 - Reward: -200.000, Length: 200, Loss: 2.5162, Entropy: 1.0928, Epsilon: 0.510
2026-03-29 09:06:57 | INFO | Episode  199 - Reward: -200.000, Length: 200, Loss: 3.4142, Entropy: 1.0961, Epsilon: 0.507
2026-03-29 09:07:00 | INFO | Episode  200 - Reward: -200.000, Length: 200, Loss: 1.7904, Entropy: 1.0971, Epsilon: 0.505
2026-03-29 09:07:55 | INFO | [Episode  200] eps=0.505  avg_reward=-200.000  avg_length=200.00  avg_loss=  2.4179  avg_entropy=1.0971  eval_success=0.000
2026-03-29 09:07:57 | INFO | Episode  201 - Reward: -200.000, Length: 200, Loss: 2.5878, Entropy: 1.0877, Epsilon: 0.503
2026-03-29 09:08:00 | INFO | Episode  202 - Reward: -200.000, Length: 200, Loss: 2.1419, Entropy: 1.0973, Epsilon: 0.500
2026-03-29 09:08:03 | INFO | Episode  203 - Reward: -200.000, Length: 200, Loss: 1.1137, Entropy: 1.0940, Epsilon: 0.498
2026-03-29 09:08:05 | INFO | Episode  204 - Reward: -200.000, Length: 200, Loss: 2.6581, Entropy: 1.0953, Epsilon: 0.495
2026-03-29 09:08:07 | INFO | Episode  205 - Reward: -200.000, Length: 200, Loss: 3.3796, Entropy: 1.0928, Epsilon: 0.493
2026-03-29 09:08:10 | INFO | Episode  206 - Reward: -200.000, Length: 200, Loss: 2.2092, Entropy: 1.0944, Epsilon: 0.490
2026-03-29 09:08:12 | INFO | Episode  207 - Reward: -200.000, Length: 200, Loss: 1.5864, Entropy: 1.0953, Epsilon: 0.488
2026-03-29 09:08:15 | INFO | Episode  208 - Reward: -200.000, Length: 200, Loss: 1.9707, Entropy: 1.0968, Epsilon: 0.485
2026-03-29 09:08:17 | INFO | Episode  209 - Reward: -200.000, Length: 200, Loss: 2.5827, Entropy: 1.0926, Epsilon: 0.483
2026-03-29 09:08:20 | INFO | Episode  210 - Reward: -200.000, Length: 200, Loss: 6.4164, Entropy: 1.0906, Epsilon: 0.480
2026-03-29 09:08:22 | INFO | Episode  211 - Reward: -200.000, Length: 200, Loss: 1.6862, Entropy: 1.0931, Epsilon: 0.478
2026-03-29 09:08:25 | INFO | Episode  212 - Reward: -200.000, Length: 200, Loss: 2.4424, Entropy: 1.0937, Epsilon: 0.475
2026-03-29 09:08:28 | INFO | Episode  213 - Reward: -200.000, Length: 200, Loss: 0.6902, Entropy: 1.0967, Epsilon: 0.473
2026-03-29 09:08:30 | INFO | Episode  214 - Reward: -200.000, Length: 200, Loss: 2.6648, Entropy: 1.0936, Epsilon: 0.470
2026-03-29 09:08:32 | INFO | Episode  215 - Reward: -200.000, Length: 200, Loss: 1.7849, Entropy: 1.0950, Epsilon: 0.468
2026-03-29 09:08:35 | INFO | Episode  216 - Reward: -200.000, Length: 200, Loss: 1.4540, Entropy: 1.0972, Epsilon: 0.465
2026-03-29 09:08:38 | INFO | Episode  217 - Reward: -200.000, Length: 200, Loss: 2.2653, Entropy: 1.0952, Epsilon: 0.463
2026-03-29 09:08:40 | INFO | Episode  218 - Reward: -200.000, Length: 200, Loss: 0.9460, Entropy: 1.0976, Epsilon: 0.460
2026-03-29 09:08:43 | INFO | Episode  219 - Reward: -200.000, Length: 200, Loss: 2.1069, Entropy: 1.0897, Epsilon: 0.458
2026-03-29 09:08:45 | INFO | Episode  220 - Reward: -200.000, Length: 200, Loss: 2.9981, Entropy: 1.0918, Epsilon: 0.456
2026-03-29 09:08:47 | INFO | Episode  221 - Reward: -200.000, Length: 200, Loss: 1.8198, Entropy: 1.0884, Epsilon: 0.453
2026-03-29 09:08:50 | INFO | Episode  222 - Reward: -200.000, Length: 200, Loss: 1.4089, Entropy: 1.0940, Epsilon: 0.451
2026-03-29 09:08:52 | INFO | Episode  223 - Reward: -200.000, Length: 200, Loss: 1.3101, Entropy: 1.0944, Epsilon: 0.448
2026-03-29 09:08:55 | INFO | Episode  224 - Reward: -200.000, Length: 200, Loss: 3.7996, Entropy: 1.0908, Epsilon: 0.446
2026-03-29 09:08:58 | INFO | Episode  225 - Reward: -200.000, Length: 200, Loss: 2.8552, Entropy: 1.0960, Epsilon: 0.443
2026-03-29 09:09:00 | INFO | Episode  226 - Reward: -200.000, Length: 200, Loss: 2.6198, Entropy: 1.0943, Epsilon: 0.441
2026-03-29 09:09:02 | INFO | Episode  227 - Reward: -200.000, Length: 200, Loss: 1.4221, Entropy: 1.0968, Epsilon: 0.438
2026-03-29 09:09:05 | INFO | Episode  228 - Reward: -200.000, Length: 200, Loss: 1.2869, Entropy: 1.0959, Epsilon: 0.436
2026-03-29 09:09:07 | INFO | Episode  229 - Reward: -200.000, Length: 200, Loss: 2.7231, Entropy: 1.0927, Epsilon: 0.433
2026-03-29 09:09:10 | INFO | Episode  230 - Reward: -200.000, Length: 200, Loss: 5.1824, Entropy: 1.0787, Epsilon: 0.431
2026-03-29 09:09:12 | INFO | Episode  231 - Reward: -200.000, Length: 200, Loss: 1.5926, Entropy: 1.0982, Epsilon: 0.428
2026-03-29 09:09:15 | INFO | Episode  232 - Reward: -200.000, Length: 200, Loss: 0.5859, Entropy: 1.0980, Epsilon: 0.426
2026-03-29 09:09:17 | INFO | Episode  233 - Reward: -200.000, Length: 200, Loss: 1.0721, Entropy: 1.0970, Epsilon: 0.423
2026-03-29 09:09:20 | INFO | Episode  234 - Reward: -200.000, Length: 200, Loss: 1.6160, Entropy: 1.0954, Epsilon: 0.421
2026-03-29 09:09:22 | INFO | Episode  235 - Reward: -200.000, Length: 200, Loss: 1.6821, Entropy: 1.0933, Epsilon: 0.418
2026-03-29 09:09:25 | INFO | Episode  236 - Reward: -200.000, Length: 200, Loss: 2.1163, Entropy: 1.0883, Epsilon: 0.416
2026-03-29 09:09:27 | INFO | Episode  237 - Reward: -200.000, Length: 200, Loss: 2.6275, Entropy: 1.0929, Epsilon: 0.413
2026-03-29 09:09:30 | INFO | Episode  238 - Reward: -200.000, Length: 200, Loss: 3.5371, Entropy: 1.0928, Epsilon: 0.411
2026-03-29 09:09:32 | INFO | Episode  239 - Reward: -200.000, Length: 200, Loss: 2.2884, Entropy: 1.0942, Epsilon: 0.408
2026-03-29 09:09:35 | INFO | Episode  240 - Reward: -200.000, Length: 200, Loss: 3.7921, Entropy: 1.0912, Epsilon: 0.406
2026-03-29 09:09:37 | INFO | Episode  241 - Reward: -200.000, Length: 200, Loss: 1.4348, Entropy: 1.0955, Epsilon: 0.404
2026-03-29 09:09:40 | INFO | Episode  242 - Reward: -200.000, Length: 200, Loss: 0.7954, Entropy: 1.0971, Epsilon: 0.401
2026-03-29 09:09:43 | INFO | Episode  243 - Reward: -200.000, Length: 200, Loss: 1.0021, Entropy: 1.0971, Epsilon: 0.399
2026-03-29 09:09:45 | INFO | Episode  244 - Reward: -200.000, Length: 200, Loss: 1.4731, Entropy: 1.0968, Epsilon: 0.396
2026-03-29 09:09:47 | INFO | Episode  245 - Reward: -200.000, Length: 200, Loss: 1.7683, Entropy: 1.0923, Epsilon: 0.394
2026-03-29 09:09:50 | INFO | Episode  246 - Reward: -200.000, Length: 200, Loss: 4.8786, Entropy: 1.0824, Epsilon: 0.391
2026-03-29 09:09:53 | INFO | Episode  247 - Reward: -200.000, Length: 200, Loss: 4.8980, Entropy: 1.0928, Epsilon: 0.389
2026-03-29 09:09:55 | INFO | Episode  248 - Reward: -200.000, Length: 200, Loss: 3.9062, Entropy: 1.0917, Epsilon: 0.386
2026-03-29 09:09:58 | INFO | Episode  249 - Reward: -200.000, Length: 200, Loss: 3.3756, Entropy: 1.0881, Epsilon: 0.384
2026-03-29 09:10:01 | INFO | Episode  250 - Reward: -200.000, Length: 200, Loss: 2.0902, Entropy: 1.0963, Epsilon: 0.381
2026-03-29 09:10:56 | INFO | [Episode  250] eps=0.381  avg_reward=-200.000  avg_length=200.00  avg_loss=  2.3329  avg_entropy=1.0963  eval_success=0.000
2026-03-29 09:10:58 | INFO | Episode  251 - Reward: -200.000, Length: 200, Loss: 3.1656, Entropy: 1.0951, Epsilon: 0.379
2026-03-29 09:11:00 | INFO | Episode  252 - Reward: -200.000, Length: 200, Loss: 2.5360, Entropy: 1.0966, Epsilon: 0.376
2026-03-29 09:11:03 | INFO | Episode  253 - Reward: -200.000, Length: 200, Loss: 2.9399, Entropy: 1.0938, Epsilon: 0.374
2026-03-29 09:11:05 | INFO | Episode  254 - Reward: -200.000, Length: 200, Loss: 1.7757, Entropy: 1.0933, Epsilon: 0.371
2026-03-29 09:11:08 | INFO | Episode  255 - Reward: -200.000, Length: 200, Loss: 1.6935, Entropy: 1.0959, Epsilon: 0.369
2026-03-29 09:11:10 | INFO | Episode  256 - Reward: -200.000, Length: 200, Loss: 2.3620, Entropy: 1.0906, Epsilon: 0.366
2026-03-29 09:11:13 | INFO | Episode  257 - Reward: -200.000, Length: 200, Loss: 2.8897, Entropy: 1.0917, Epsilon: 0.364
2026-03-29 09:11:16 | INFO | Episode  258 - Reward: -200.000, Length: 200, Loss: 3.9339, Entropy: 1.0846, Epsilon: 0.361
2026-03-29 09:11:18 | INFO | Episode  259 - Reward: -200.000, Length: 200, Loss: 1.4685, Entropy: 1.0927, Epsilon: 0.359
2026-03-29 09:11:21 | INFO | Episode  260 - Reward: -200.000, Length: 200, Loss: 2.4724, Entropy: 1.0940, Epsilon: 0.357
2026-03-29 09:11:23 | INFO | Episode  261 - Reward: -200.000, Length: 200, Loss: 1.9744, Entropy: 1.0971, Epsilon: 0.354
2026-03-29 09:11:26 | INFO | Episode  262 - Reward: -200.000, Length: 200, Loss: 1.1881, Entropy: 1.0974, Epsilon: 0.352
2026-03-29 09:11:29 | INFO | Episode  263 - Reward: -200.000, Length: 200, Loss: 1.5079, Entropy: 1.0950, Epsilon: 0.349
2026-03-29 09:11:31 | INFO | Episode  264 - Reward: -200.000, Length: 200, Loss: 2.8617, Entropy: 1.0932, Epsilon: 0.347
2026-03-29 09:11:34 | INFO | Episode  265 - Reward: -200.000, Length: 200, Loss: 3.0644, Entropy: 1.0906, Epsilon: 0.344
2026-03-29 09:11:36 | INFO | Episode  266 - Reward: -200.000, Length: 200, Loss: 2.0013, Entropy: 1.0968, Epsilon: 0.342
2026-03-29 09:11:38 | INFO | Episode  267 - Reward: -200.000, Length: 200, Loss: 0.7294, Entropy: 1.0965, Epsilon: 0.339
2026-03-29 09:11:41 | INFO | Episode  268 - Reward: -200.000, Length: 200, Loss: 1.2159, Entropy: 1.0961, Epsilon: 0.337
2026-03-29 09:11:44 | INFO | Episode  269 - Reward: -200.000, Length: 200, Loss: 4.2264, Entropy: 1.0896, Epsilon: 0.334
2026-03-29 09:11:46 | INFO | Episode  270 - Reward: -200.000, Length: 200, Loss: 4.8147, Entropy: 1.0957, Epsilon: 0.332
2026-03-29 09:11:49 | INFO | Episode  271 - Reward: -200.000, Length: 200, Loss: 1.0764, Entropy: 1.0974, Epsilon: 0.329
2026-03-29 09:11:51 | INFO | Episode  272 - Reward: -200.000, Length: 200, Loss: 0.8515, Entropy: 1.0962, Epsilon: 0.327
2026-03-29 09:11:54 | INFO | Episode  273 - Reward: -200.000, Length: 200, Loss: 2.9381, Entropy: 1.0945, Epsilon: 0.324
2026-03-29 09:11:56 | INFO | Episode  274 - Reward: -200.000, Length: 200, Loss: 2.5922, Entropy: 1.0950, Epsilon: 0.322
2026-03-29 09:11:59 | INFO | Episode  275 - Reward: -200.000, Length: 200, Loss: 2.3682, Entropy: 1.0937, Epsilon: 0.319
2026-03-29 09:12:02 | INFO | Episode  276 - Reward: -200.000, Length: 200, Loss: 2.8756, Entropy: 1.0864, Epsilon: 0.317
2026-03-29 09:12:04 | INFO | Episode  277 - Reward: -200.000, Length: 200, Loss: 1.9118, Entropy: 1.0945, Epsilon: 0.314
2026-03-29 09:12:07 | INFO | Episode  278 - Reward: -200.000, Length: 200, Loss: 2.9314, Entropy: 1.0961, Epsilon: 0.312
2026-03-29 09:12:09 | INFO | Episode  279 - Reward: -200.000, Length: 200, Loss: 2.2033, Entropy: 1.0880, Epsilon: 0.309
2026-03-29 09:12:12 | INFO | Episode  280 - Reward: -200.000, Length: 200, Loss: 4.3416, Entropy: 1.0897, Epsilon: 0.307
2026-03-29 09:12:14 | INFO | Episode  281 - Reward: -200.000, Length: 200, Loss: 2.7170, Entropy: 1.0880, Epsilon: 0.305
2026-03-29 09:12:17 | INFO | Episode  282 - Reward: -200.000, Length: 200, Loss: 1.4571, Entropy: 1.0941, Epsilon: 0.302
2026-03-29 09:12:19 | INFO | Episode  283 - Reward: -200.000, Length: 200, Loss: 1.8609, Entropy: 1.0932, Epsilon: 0.300
2026-03-29 09:12:22 | INFO | Episode  284 - Reward: -200.000, Length: 200, Loss: 2.2217, Entropy: 1.0883, Epsilon: 0.297
2026-03-29 09:12:24 | INFO | Episode  285 - Reward: -200.000, Length: 200, Loss: 4.0224, Entropy: 1.0756, Epsilon: 0.295
2026-03-29 09:12:27 | INFO | Episode  286 - Reward: -200.000, Length: 200, Loss: 1.2556, Entropy: 1.0963, Epsilon: 0.292
2026-03-29 09:12:29 | INFO | Episode  287 - Reward: -200.000, Length: 200, Loss: 1.5110, Entropy: 1.0947, Epsilon: 0.290
2026-03-29 09:12:32 | INFO | Episode  288 - Reward: -200.000, Length: 200, Loss: 2.8128, Entropy: 1.0953, Epsilon: 0.287
2026-03-29 09:12:35 | INFO | Episode  289 - Reward: -200.000, Length: 200, Loss: 2.1194, Entropy: 1.0960, Epsilon: 0.285
2026-03-29 09:12:37 | INFO | Episode  290 - Reward: -200.000, Length: 200, Loss: 2.4837, Entropy: 1.0945, Epsilon: 0.282
2026-03-29 09:12:40 | INFO | Episode  291 - Reward: -200.000, Length: 200, Loss: 4.1546, Entropy: 1.0872, Epsilon: 0.280
2026-03-29 09:12:42 | INFO | Episode  292 - Reward: -200.000, Length: 200, Loss: 2.3097, Entropy: 1.0942, Epsilon: 0.277
2026-03-29 09:12:45 | INFO | Episode  293 - Reward: -200.000, Length: 200, Loss: 1.8741, Entropy: 1.0950, Epsilon: 0.275
2026-03-29 09:12:47 | INFO | Episode  294 - Reward: -200.000, Length: 200, Loss: 1.4337, Entropy: 1.0978, Epsilon: 0.272
2026-03-29 09:12:50 | INFO | Episode  295 - Reward: -200.000, Length: 200, Loss: 1.9034, Entropy: 1.0944, Epsilon: 0.270
2026-03-29 09:12:52 | INFO | Episode  296 - Reward: -200.000, Length: 200, Loss: 2.5086, Entropy: 1.0912, Epsilon: 0.267
2026-03-29 09:12:55 | INFO | Episode  297 - Reward: -200.000, Length: 200, Loss: 3.0188, Entropy: 1.0885, Epsilon: 0.265
2026-03-29 09:12:57 | INFO | Episode  298 - Reward: -200.000, Length: 200, Loss: 3.6240, Entropy: 1.0879, Epsilon: 0.262
2026-03-29 09:13:00 | INFO | Episode  299 - Reward: -200.000, Length: 200, Loss: 1.7917, Entropy: 1.0912, Epsilon: 0.260
2026-03-29 09:13:03 | INFO | Episode  300 - Reward: -200.000, Length: 200, Loss: 1.7795, Entropy: 1.0934, Epsilon: 0.258
2026-03-29 09:13:57 | INFO | [Episode  300] eps=0.258  avg_reward=-200.000  avg_length=200.00  avg_loss=  2.3954  avg_entropy=1.0934  eval_success=0.000
2026-03-29 09:13:59 | INFO | Episode  301 - Reward: -200.000, Length: 200, Loss: 1.8092, Entropy: 1.0927, Epsilon: 0.255
2026-03-29 09:14:02 | INFO | Episode  302 - Reward: -200.000, Length: 200, Loss: 3.0255, Entropy: 1.0911, Epsilon: 0.253
2026-03-29 09:14:05 | INFO | Episode  303 - Reward: -200.000, Length: 200, Loss: 3.5300, Entropy: 1.0793, Epsilon: 0.250
2026-03-29 09:14:07 | INFO | Episode  304 - Reward: -200.000, Length: 200, Loss: 0.8635, Entropy: 1.0962, Epsilon: 0.248
2026-03-29 09:14:10 | INFO | Episode  305 - Reward: -200.000, Length: 200, Loss: 0.4596, Entropy: 1.0979, Epsilon: 0.245
2026-03-29 09:14:12 | INFO | Episode  306 - Reward: -200.000, Length: 200, Loss: 2.4834, Entropy: 1.0933, Epsilon: 0.243
2026-03-29 09:14:15 | INFO | Episode  307 - Reward: -200.000, Length: 200, Loss: 1.1447, Entropy: 1.0923, Epsilon: 0.240
2026-03-29 09:14:17 | INFO | Episode  308 - Reward: -200.000, Length: 200, Loss: 3.9084, Entropy: 1.0962, Epsilon: 0.238
2026-03-29 09:14:20 | INFO | Episode  309 - Reward: -200.000, Length: 200, Loss: 1.0485, Entropy: 1.0965, Epsilon: 0.235
2026-03-29 09:14:22 | INFO | Episode  310 - Reward: -200.000, Length: 200, Loss: 1.8939, Entropy: 1.0942, Epsilon: 0.233
2026-03-29 09:14:25 | INFO | Episode  311 - Reward: -200.000, Length: 200, Loss: 4.2435, Entropy: 1.0897, Epsilon: 0.230
2026-03-29 09:14:27 | INFO | Episode  312 - Reward: -200.000, Length: 200, Loss: 8.2431, Entropy: 1.0608, Epsilon: 0.228
2026-03-29 09:14:30 | INFO | Episode  313 - Reward: -200.000, Length: 200, Loss: 9.9371, Entropy: 1.0405, Epsilon: 0.225
2026-03-29 09:14:32 | INFO | Episode  314 - Reward: -200.000, Length: 200, Loss: 1.6651, Entropy: 1.0929, Epsilon: 0.223
2026-03-29 09:14:35 | INFO | Episode  315 - Reward: -200.000, Length: 200, Loss: 0.5570, Entropy: 1.0969, Epsilon: 0.220
2026-03-29 09:14:37 | INFO | Episode  316 - Reward: -200.000, Length: 200, Loss: 1.5933, Entropy: 1.0969, Epsilon: 0.218
2026-03-29 09:14:40 | INFO | Episode  317 - Reward: -200.000, Length: 200, Loss: 1.3391, Entropy: 1.0974, Epsilon: 0.215
2026-03-29 09:14:43 | INFO | Episode  318 - Reward: -200.000, Length: 200, Loss: 2.6055, Entropy: 1.0976, Epsilon: 0.213
2026-03-29 09:14:46 | INFO | Episode  319 - Reward: -200.000, Length: 200, Loss: 2.3968, Entropy: 1.0947, Epsilon: 0.210
2026-03-29 09:14:48 | INFO | Episode  320 - Reward: -200.000, Length: 200, Loss: 1.6493, Entropy: 1.0943, Epsilon: 0.208
2026-03-29 09:14:51 | INFO | Episode  321 - Reward: -200.000, Length: 200, Loss: 2.8854, Entropy: 1.0963, Epsilon: 0.206
2026-03-29 09:14:53 | INFO | Episode  322 - Reward: -200.000, Length: 200, Loss: 1.3205, Entropy: 1.0940, Epsilon: 0.203
2026-03-29 09:14:55 | INFO | Episode  323 - Reward: -200.000, Length: 200, Loss: 0.8272, Entropy: 1.0961, Epsilon: 0.201
2026-03-29 09:14:58 | INFO | Episode  324 - Reward: -200.000, Length: 200, Loss: 4.8540, Entropy: 1.0714, Epsilon: 0.198
2026-03-29 09:15:01 | INFO | Episode  325 - Reward: -200.000, Length: 200, Loss: 3.4106, Entropy: 1.0900, Epsilon: 0.196
2026-03-29 09:15:03 | INFO | Episode  326 - Reward: -200.000, Length: 200, Loss: 2.6906, Entropy: 1.0940, Epsilon: 0.193
2026-03-29 09:15:06 | INFO | Episode  327 - Reward: -200.000, Length: 200, Loss: 1.7426, Entropy: 1.0942, Epsilon: 0.191
2026-03-29 09:15:08 | INFO | Episode  328 - Reward: -200.000, Length: 200, Loss: 2.0907, Entropy: 1.0951, Epsilon: 0.188
2026-03-29 09:15:11 | INFO | Episode  329 - Reward: -200.000, Length: 200, Loss: 3.1945, Entropy: 1.0782, Epsilon: 0.186
2026-03-29 09:15:14 | INFO | Episode  330 - Reward: -200.000, Length: 200, Loss: 2.7301, Entropy: 1.0880, Epsilon: 0.183
2026-03-29 09:15:16 | INFO | Episode  331 - Reward: -200.000, Length: 200, Loss: 3.6890, Entropy: 1.0950, Epsilon: 0.181
2026-03-29 09:15:18 | INFO | Episode  332 - Reward: -200.000, Length: 200, Loss: 1.1043, Entropy: 1.0919, Epsilon: 0.178
2026-03-29 09:15:21 | INFO | Episode  333 - Reward: -200.000, Length: 200, Loss: 3.0618, Entropy: 1.0941, Epsilon: 0.176
2026-03-29 09:15:24 | INFO | Episode  334 - Reward: -200.000, Length: 200, Loss: 1.4410, Entropy: 1.0888, Epsilon: 0.173
2026-03-29 09:15:26 | INFO | Episode  335 - Reward: -200.000, Length: 200, Loss: 2.1968, Entropy: 1.0927, Epsilon: 0.171
2026-03-29 09:15:28 | INFO | Episode  336 - Reward: -200.000, Length: 200, Loss: 1.2559, Entropy: 1.0943, Epsilon: 0.168
2026-03-29 09:15:31 | INFO | Episode  337 - Reward: -200.000, Length: 200, Loss: 3.0900, Entropy: 1.0975, Epsilon: 0.166
2026-03-29 09:15:34 | INFO | Episode  338 - Reward: -200.000, Length: 200, Loss: 2.2606, Entropy: 1.0959, Epsilon: 0.163
2026-03-29 09:15:36 | INFO | Episode  339 - Reward: -200.000, Length: 200, Loss: 2.3756, Entropy: 1.0957, Epsilon: 0.161
2026-03-29 09:15:39 | INFO | Episode  340 - Reward: -200.000, Length: 200, Loss: 2.2272, Entropy: 1.0918, Epsilon: 0.158
2026-03-29 09:15:41 | INFO | Episode  341 - Reward: -200.000, Length: 200, Loss: 2.6531, Entropy: 1.0953, Epsilon: 0.156
2026-03-29 09:15:44 | INFO | Episode  342 - Reward: -200.000, Length: 200, Loss: 1.2999, Entropy: 1.0959, Epsilon: 0.154
2026-03-29 09:15:46 | INFO | Episode  343 - Reward: -200.000, Length: 200, Loss: 2.0587, Entropy: 1.0968, Epsilon: 0.151
2026-03-29 09:15:49 | INFO | Episode  344 - Reward: -200.000, Length: 200, Loss: 1.8893, Entropy: 1.0860, Epsilon: 0.149
2026-03-29 09:15:51 | INFO | Episode  345 - Reward: -200.000, Length: 200, Loss: 3.8010, Entropy: 1.0796, Epsilon: 0.146
2026-03-29 09:15:54 | INFO | Episode  346 - Reward: -200.000, Length: 200, Loss: 2.4998, Entropy: 1.0945, Epsilon: 0.144
2026-03-29 09:15:57 | INFO | Episode  347 - Reward: -200.000, Length: 200, Loss: 0.9461, Entropy: 1.0962, Epsilon: 0.141
2026-03-29 09:15:59 | INFO | Episode  348 - Reward: -200.000, Length: 200, Loss: 3.2606, Entropy: 1.0912, Epsilon: 0.139
2026-03-29 09:16:02 | INFO | Episode  349 - Reward: -200.000, Length: 200, Loss: 1.7580, Entropy: 1.0906, Epsilon: 0.136
2026-03-29 09:16:05 | INFO | Episode  350 - Reward: -200.000, Length: 200, Loss: 1.9508, Entropy: 1.0901, Epsilon: 0.134
2026-03-29 09:16:52 | INFO | [Episode  350] eps=0.134  avg_reward=-200.000  avg_length=200.00  avg_loss=  2.4992  avg_entropy=1.0901  eval_success=0.000
2026-03-29 09:16:54 | INFO | Episode  351 - Reward: -200.000, Length: 200, Loss: 1.6168, Entropy: 1.0971, Epsilon: 0.131
2026-03-29 09:16:56 | INFO | Episode  352 - Reward: -200.000, Length: 200, Loss: 2.9570, Entropy: 1.0948, Epsilon: 0.129
2026-03-29 09:16:58 | INFO | Episode  353 - Reward: -200.000, Length: 200, Loss: 1.8491, Entropy: 1.0944, Epsilon: 0.126
2026-03-29 09:17:00 | INFO | Episode  354 - Reward: -200.000, Length: 200, Loss: 4.0162, Entropy: 1.0799, Epsilon: 0.124
2026-03-29 09:17:02 | INFO | Episode  355 - Reward: -200.000, Length: 200, Loss: 5.5431, Entropy: 1.0319, Epsilon: 0.121
2026-03-29 09:17:04 | INFO | Episode  356 - Reward: -200.000, Length: 200, Loss: 1.9561, Entropy: 1.0936, Epsilon: 0.119
2026-03-29 09:17:06 | INFO | Episode  357 - Reward: -200.000, Length: 200, Loss: 1.5345, Entropy: 1.0943, Epsilon: 0.116
2026-03-29 09:17:08 | INFO | Episode  358 - Reward: -200.000, Length: 200, Loss: 1.5885, Entropy: 1.0946, Epsilon: 0.114
2026-03-29 09:17:09 | INFO | Episode  359 - Reward: -200.000, Length: 200, Loss: 1.5891, Entropy: 1.0948, Epsilon: 0.111
2026-03-29 09:17:11 | INFO | Episode  360 - Reward: -200.000, Length: 200, Loss: 1.3907, Entropy: 1.0975, Epsilon: 0.109
2026-03-29 09:17:13 | INFO | Episode  361 - Reward: -200.000, Length: 200, Loss: 2.7713, Entropy: 1.0940, Epsilon: 0.107
2026-03-29 09:17:15 | INFO | Episode  362 - Reward: -200.000, Length: 200, Loss: 1.3314, Entropy: 1.0943, Epsilon: 0.104
2026-03-29 09:17:17 | INFO | Episode  363 - Reward: -200.000, Length: 200, Loss: 1.7221, Entropy: 1.0920, Epsilon: 0.102
2026-03-29 09:17:19 | INFO | Episode  364 - Reward: -200.000, Length: 200, Loss: 3.6635, Entropy: 1.0867, Epsilon: 0.099
2026-03-29 09:17:21 | INFO | Episode  365 - Reward: -200.000, Length: 200, Loss: 1.0514, Entropy: 1.0958, Epsilon: 0.097
2026-03-29 09:17:23 | INFO | Episode  366 - Reward: -200.000, Length: 200, Loss: 1.4440, Entropy: 1.0874, Epsilon: 0.094
2026-03-29 09:17:25 | INFO | Episode  367 - Reward: -200.000, Length: 200, Loss: 3.4421, Entropy: 1.0889, Epsilon: 0.092
2026-03-29 09:17:27 | INFO | Episode  368 - Reward: -200.000, Length: 200, Loss: 2.2036, Entropy: 1.0920, Epsilon: 0.089
2026-03-29 09:17:29 | INFO | Episode  369 - Reward: -200.000, Length: 200, Loss: 3.2176, Entropy: 1.0792, Epsilon: 0.087
2026-03-29 09:17:31 | INFO | Episode  370 - Reward: -200.000, Length: 200, Loss: 3.5230, Entropy: 1.0759, Epsilon: 0.084
2026-03-29 09:17:33 | INFO | Episode  371 - Reward: -200.000, Length: 200, Loss: 2.5974, Entropy: 1.0915, Epsilon: 0.082
2026-03-29 09:17:35 | INFO | Episode  372 - Reward: -200.000, Length: 200, Loss: 1.5707, Entropy: 1.0897, Epsilon: 0.079
2026-03-29 09:17:37 | INFO | Episode  373 - Reward: -200.000, Length: 200, Loss: 0.6718, Entropy: 1.0980, Epsilon: 0.077
2026-03-29 09:17:39 | INFO | Episode  374 - Reward: -200.000, Length: 200, Loss: 2.2634, Entropy: 1.0844, Epsilon: 0.074
2026-03-29 09:17:41 | INFO | Episode  375 - Reward: -200.000, Length: 200, Loss: 1.7236, Entropy: 1.0846, Epsilon: 0.072
2026-03-29 09:17:43 | INFO | Episode  376 - Reward: -200.000, Length: 200, Loss: 1.3671, Entropy: 1.0869, Epsilon: 0.069
2026-03-29 09:17:45 | INFO | Episode  377 - Reward: -200.000, Length: 200, Loss: 2.6566, Entropy: 1.0948, Epsilon: 0.067
2026-03-29 09:17:47 | INFO | Episode  378 - Reward: -200.000, Length: 200, Loss: 1.7069, Entropy: 1.0948, Epsilon: 0.064
2026-03-29 09:17:49 | INFO | Episode  379 - Reward: -200.000, Length: 200, Loss: 2.0602, Entropy: 1.0685, Epsilon: 0.062
2026-03-29 09:17:51 | INFO | Episode  380 - Reward: -200.000, Length: 200, Loss: 7.4813, Entropy: 0.9101, Epsilon: 0.059
2026-03-29 09:17:53 | INFO | Episode  381 - Reward: -200.000, Length: 200, Loss: 0.9104, Entropy: 1.0657, Epsilon: 0.057
2026-03-29 09:17:55 | INFO | Episode  382 - Reward: -200.000, Length: 200, Loss: 0.8762, Entropy: 1.0979, Epsilon: 0.055
2026-03-29 09:17:57 | INFO | Episode  383 - Reward: -200.000, Length: 200, Loss: 2.0181, Entropy: 1.0958, Epsilon: 0.052
2026-03-29 09:17:59 | INFO | Episode  384 - Reward: -200.000, Length: 200, Loss: 0.8283, Entropy: 1.0969, Epsilon: 0.050
2026-03-29 09:18:01 | INFO | Episode  385 - Reward: -200.000, Length: 200, Loss: 1.6747, Entropy: 1.0976, Epsilon: 0.047
2026-03-29 09:18:03 | INFO | Episode  386 - Reward: -200.000, Length: 200, Loss: 1.4096, Entropy: 1.0912, Epsilon: 0.045
2026-03-29 09:18:05 | INFO | Episode  387 - Reward: -200.000, Length: 200, Loss: 0.3839, Entropy: 1.0975, Epsilon: 0.042
2026-03-29 09:18:07 | INFO | Episode  388 - Reward: -200.000, Length: 200, Loss: 1.1008, Entropy: 1.0968, Epsilon: 0.040
2026-03-29 09:18:09 | INFO | Episode  389 - Reward: -200.000, Length: 200, Loss: 2.1508, Entropy: 1.0897, Epsilon: 0.037
2026-03-29 09:18:11 | INFO | Episode  390 - Reward: -200.000, Length: 200, Loss: 1.1524, Entropy: 1.0965, Epsilon: 0.035
2026-03-29 09:18:13 | INFO | Episode  391 - Reward: -200.000, Length: 200, Loss: 2.7085, Entropy: 1.0873, Epsilon: 0.032
2026-03-29 09:18:15 | INFO | Episode  392 - Reward: -200.000, Length: 200, Loss: 3.8350, Entropy: 1.0515, Epsilon: 0.030
2026-03-29 09:18:17 | INFO | Episode  393 - Reward: -200.000, Length: 200, Loss: 4.9453, Entropy: 1.0229, Epsilon: 0.027
2026-03-29 09:18:19 | INFO | Episode  394 - Reward: -200.000, Length: 200, Loss: 2.7208, Entropy: 1.0951, Epsilon: 0.025
2026-03-29 09:18:21 | INFO | Episode  395 - Reward: -200.000, Length: 200, Loss: 1.0487, Entropy: 1.0974, Epsilon: 0.022
2026-03-29 09:18:23 | INFO | Episode  396 - Reward: -200.000, Length: 200, Loss: 1.7023, Entropy: 1.0949, Epsilon: 0.020
2026-03-29 09:18:25 | INFO | Episode  397 - Reward: -200.000, Length: 200, Loss: 0.6021, Entropy: 1.0962, Epsilon: 0.017
2026-03-29 09:18:26 | INFO | Episode  398 - Reward: -200.000, Length: 200, Loss: 1.4554, Entropy: 1.0970, Epsilon: 0.015
2026-03-29 09:18:29 | INFO | Episode  399 - Reward: -200.000, Length: 200, Loss: 1.4454, Entropy: 1.0967, Epsilon: 0.012
2026-03-29 09:18:31 | INFO | Episode  400 - Reward: -200.000, Length: 200, Loss: 0.3781, Entropy: 1.0970, Epsilon: 0.010
2026-03-29 09:19:13 | INFO | [Episode  400] eps=0.010  avg_reward=-200.000  avg_length=200.00  avg_loss=  2.1171  avg_entropy=1.0970  eval_success=0.000
2026-03-29 09:19:15 | INFO | Episode  401 - Reward: -200.000, Length: 200, Loss: 1.3659, Entropy: 1.0798, Epsilon: 0.010
2026-03-29 09:19:17 | INFO | Episode  402 - Reward: -200.000, Length: 200, Loss: 4.1324, Entropy: 1.0636, Epsilon: 0.010
2026-03-29 09:19:19 | INFO | Episode  403 - Reward: -200.000, Length: 200, Loss: 4.2904, Entropy: 1.0248, Epsilon: 0.010
2026-03-29 09:19:21 | INFO | Episode  404 - Reward: -200.000, Length: 200, Loss: 0.4485, Entropy: 1.0937, Epsilon: 0.010
2026-03-29 09:19:23 | INFO | Episode  405 - Reward: -200.000, Length: 200, Loss: 1.6250, Entropy: 1.0933, Epsilon: 0.010
2026-03-29 09:19:25 | INFO | Episode  406 - Reward: -200.000, Length: 200, Loss: 0.9944, Entropy: 1.0891, Epsilon: 0.010
2026-03-29 09:19:27 | INFO | Episode  407 - Reward: -200.000, Length: 200, Loss: 1.4290, Entropy: 1.0937, Epsilon: 0.010
2026-03-29 09:19:29 | INFO | Episode  408 - Reward: -200.000, Length: 200, Loss: 1.3727, Entropy: 1.0938, Epsilon: 0.010
2026-03-29 09:19:31 | INFO | Episode  409 - Reward: -200.000, Length: 200, Loss: 1.8933, Entropy: 1.0876, Epsilon: 0.010
2026-03-29 09:19:33 | INFO | Episode  410 - Reward: -200.000, Length: 200, Loss: 1.3127, Entropy: 1.0901, Epsilon: 0.010
2026-03-29 09:19:35 | INFO | Episode  411 - Reward: -200.000, Length: 200, Loss: 1.9538, Entropy: 1.0897, Epsilon: 0.010
2026-03-29 09:19:37 | INFO | Episode  412 - Reward: -200.000, Length: 200, Loss: 1.7629, Entropy: 1.0817, Epsilon: 0.010
2026-03-29 09:19:39 | INFO | Episode  413 - Reward: -200.000, Length: 200, Loss: 3.4262, Entropy: 1.0530, Epsilon: 0.010
2026-03-29 09:19:41 | INFO | Episode  414 - Reward: -200.000, Length: 200, Loss: 1.4447, Entropy: 1.0915, Epsilon: 0.010
2026-03-29 09:19:43 | INFO | Episode  415 - Reward: -200.000, Length: 200, Loss: 1.6527, Entropy: 1.0973, Epsilon: 0.010
2026-03-29 09:19:45 | INFO | Episode  416 - Reward: -200.000, Length: 200, Loss: 2.3904, Entropy: 1.0751, Epsilon: 0.010
2026-03-29 09:19:46 | INFO | Episode  417 - Reward: -200.000, Length: 200, Loss: 2.6095, Entropy: 1.0543, Epsilon: 0.010
2026-03-29 09:19:48 | INFO | Episode  418 - Reward: -200.000, Length: 200, Loss: 5.0145, Entropy: 1.0524, Epsilon: 0.010
2026-03-29 09:19:50 | INFO | Episode  419 - Reward: -200.000, Length: 200, Loss: 1.5347, Entropy: 1.0920, Epsilon: 0.010
2026-03-29 09:19:52 | INFO | Episode  420 - Reward: -200.000, Length: 200, Loss: 1.4697, Entropy: 1.0936, Epsilon: 0.010
2026-03-29 09:19:54 | INFO | Episode  421 - Reward: -200.000, Length: 200, Loss: 1.6406, Entropy: 1.0903, Epsilon: 0.010
2026-03-29 09:19:56 | INFO | Episode  422 - Reward: -200.000, Length: 200, Loss: 0.8668, Entropy: 1.0953, Epsilon: 0.010
2026-03-29 09:19:58 | INFO | Episode  423 - Reward: -200.000, Length: 200, Loss: 1.6633, Entropy: 1.0976, Epsilon: 0.010
2026-03-29 09:20:00 | INFO | Episode  424 - Reward: -200.000, Length: 200, Loss: 1.5024, Entropy: 1.0816, Epsilon: 0.010
2026-03-29 09:20:02 | INFO | Episode  425 - Reward: -200.000, Length: 200, Loss: 1.4255, Entropy: 1.0838, Epsilon: 0.010
2026-03-29 09:20:04 | INFO | Episode  426 - Reward: -200.000, Length: 200, Loss: 2.6416, Entropy: 1.0868, Epsilon: 0.010
2026-03-29 09:20:06 | INFO | Episode  427 - Reward: -200.000, Length: 200, Loss: 1.9445, Entropy: 1.0793, Epsilon: 0.010
2026-03-29 09:20:08 | INFO | Episode  428 - Reward: -200.000, Length: 200, Loss: 1.9119, Entropy: 1.0831, Epsilon: 0.010
2026-03-29 09:20:10 | INFO | Episode  429 - Reward: -200.000, Length: 200, Loss: 2.6898, Entropy: 1.0665, Epsilon: 0.010
2026-03-29 09:20:12 | INFO | Episode  430 - Reward: -200.000, Length: 200, Loss: 2.1065, Entropy: 1.0540, Epsilon: 0.010
2026-03-29 09:20:14 | INFO | Episode  431 - Reward: -200.000, Length: 200, Loss: 2.0046, Entropy: 1.0825, Epsilon: 0.010
2026-03-29 09:20:16 | INFO | Episode  432 - Reward: -200.000, Length: 200, Loss: 2.0064, Entropy: 1.0878, Epsilon: 0.010
2026-03-29 09:20:18 | INFO | Episode  433 - Reward: -200.000, Length: 200, Loss: 1.1765, Entropy: 1.0880, Epsilon: 0.010
2026-03-29 09:20:20 | INFO | Episode  434 - Reward: -200.000, Length: 200, Loss: 2.4613, Entropy: 1.0677, Epsilon: 0.010
2026-03-29 09:20:22 | INFO | Episode  435 - Reward: -200.000, Length: 200, Loss: 1.7064, Entropy: 1.0641, Epsilon: 0.010
2026-03-29 09:20:24 | INFO | Episode  436 - Reward: -200.000, Length: 200, Loss: 1.1852, Entropy: 1.0950, Epsilon: 0.010
2026-03-29 09:20:25 | INFO | Episode  437 - Reward: -200.000, Length: 200, Loss: 0.5579, Entropy: 1.0976, Epsilon: 0.010
2026-03-29 09:20:27 | INFO | Episode  438 - Reward: -200.000, Length: 200, Loss: 1.6483, Entropy: 1.0954, Epsilon: 0.010
2026-03-29 09:20:29 | INFO | Episode  439 - Reward: -200.000, Length: 200, Loss: 2.2693, Entropy: 1.0888, Epsilon: 0.010
2026-03-29 09:20:31 | INFO | Episode  440 - Reward: -200.000, Length: 200, Loss: 2.0668, Entropy: 1.0981, Epsilon: 0.010
2026-03-29 09:20:33 | INFO | Episode  441 - Reward: -200.000, Length: 200, Loss: 1.9545, Entropy: 1.0673, Epsilon: 0.010
2026-03-29 09:20:35 | INFO | Episode  442 - Reward: -200.000, Length: 200, Loss: 4.7479, Entropy: 0.9740, Epsilon: 0.010
2026-03-29 09:20:37 | INFO | Episode  443 - Reward: -200.000, Length: 200, Loss: 15.3087, Entropy: 0.8289, Epsilon: 0.010
2026-03-29 09:20:39 | INFO | Episode  444 - Reward: -200.000, Length: 200, Loss: 1.1500, Entropy: 1.0542, Epsilon: 0.010
2026-03-29 09:20:41 | INFO | Episode  445 - Reward: -200.000, Length: 200, Loss: 1.6481, Entropy: 1.0889, Epsilon: 0.010
2026-03-29 09:20:43 | INFO | Episode  446 - Reward: -200.000, Length: 200, Loss: 0.9036, Entropy: 1.0919, Epsilon: 0.010
2026-03-29 09:20:45 | INFO | Episode  447 - Reward: -200.000, Length: 200, Loss: 1.0024, Entropy: 1.0975, Epsilon: 0.010
2026-03-29 09:20:47 | INFO | Episode  448 - Reward: -200.000, Length: 200, Loss: 1.1994, Entropy: 1.0979, Epsilon: 0.010
2026-03-29 09:20:49 | INFO | Episode  449 - Reward: -200.000, Length: 200, Loss: 1.0470, Entropy: 1.0878, Epsilon: 0.010
2026-03-29 09:20:52 | INFO | Episode  450 - Reward: -200.000, Length: 200, Loss: 1.1771, Entropy: 1.0978, Epsilon: 0.010
2026-03-29 09:21:34 | INFO | [Episode  450] eps=0.010  avg_reward=-200.000  avg_length=200.00  avg_loss=  2.1548  avg_entropy=1.0978  eval_success=0.000
2026-03-29 09:21:36 | INFO | Episode  451 - Reward: -200.000, Length: 200, Loss: 2.1837, Entropy: 1.0954, Epsilon: 0.010
2026-03-29 09:21:38 | INFO | Episode  452 - Reward: -200.000, Length: 200, Loss: 0.7724, Entropy: 1.0977, Epsilon: 0.010
2026-03-29 09:21:40 | INFO | Episode  453 - Reward: -200.000, Length: 200, Loss: 0.9612, Entropy: 1.0972, Epsilon: 0.010
2026-03-29 09:21:42 | INFO | Episode  454 - Reward: -200.000, Length: 200, Loss: 2.5634, Entropy: 1.0946, Epsilon: 0.010
2026-03-29 09:21:44 | INFO | Episode  455 - Reward: -200.000, Length: 200, Loss: 2.8120, Entropy: 1.0919, Epsilon: 0.010
2026-03-29 09:21:46 | INFO | Episode  456 - Reward: -200.000, Length: 200, Loss: 1.4801, Entropy: 1.0749, Epsilon: 0.010
2026-03-29 09:21:48 | INFO | Episode  457 - Reward: -200.000, Length: 200, Loss: 2.5930, Entropy: 1.0680, Epsilon: 0.010
2026-03-29 09:21:50 | INFO | Episode  458 - Reward: -200.000, Length: 200, Loss: 1.6353, Entropy: 1.0745, Epsilon: 0.010
2026-03-29 09:21:52 | INFO | Episode  459 - Reward: -200.000, Length: 200, Loss: 0.7428, Entropy: 1.0848, Epsilon: 0.010
2026-03-29 09:21:54 | INFO | Episode  460 - Reward: -200.000, Length: 200, Loss: 0.8746, Entropy: 1.0893, Epsilon: 0.010
2026-03-29 09:21:56 | INFO | Episode  461 - Reward: -200.000, Length: 200, Loss: 1.1097, Entropy: 1.0813, Epsilon: 0.010
2026-03-29 09:21:57 | INFO | Episode  462 - Reward: -200.000, Length: 200, Loss: 1.5046, Entropy: 1.0892, Epsilon: 0.010
2026-03-29 09:21:59 | INFO | Episode  463 - Reward: -200.000, Length: 200, Loss: 1.4779, Entropy: 1.0875, Epsilon: 0.010
2026-03-29 09:22:01 | INFO | Episode  464 - Reward: -200.000, Length: 200, Loss: 1.8461, Entropy: 1.0832, Epsilon: 0.010
2026-03-29 09:22:03 | INFO | Episode  465 - Reward: -200.000, Length: 200, Loss: 1.8430, Entropy: 1.0891, Epsilon: 0.010
2026-03-29 09:22:05 | INFO | Episode  466 - Reward: -200.000, Length: 200, Loss: 2.6195, Entropy: 1.0597, Epsilon: 0.010
2026-03-29 09:22:07 | INFO | Episode  467 - Reward: -200.000, Length: 200, Loss: 4.8525, Entropy: 0.9738, Epsilon: 0.010
2026-03-29 09:22:09 | INFO | Episode  468 - Reward: -200.000, Length: 200, Loss: 10.6150, Entropy: 0.8941, Epsilon: 0.010
2026-03-29 09:22:11 | INFO | Episode  469 - Reward: -200.000, Length: 200, Loss: 1.6630, Entropy: 1.0421, Epsilon: 0.010
2026-03-29 09:22:13 | INFO | Episode  470 - Reward: -200.000, Length: 200, Loss: 1.2276, Entropy: 1.0869, Epsilon: 0.010
2026-03-29 09:22:15 | INFO | Episode  471 - Reward: -200.000, Length: 200, Loss: 1.9503, Entropy: 1.0933, Epsilon: 0.010
2026-03-29 09:22:17 | INFO | Episode  472 - Reward: -200.000, Length: 200, Loss: 1.1476, Entropy: 1.0980, Epsilon: 0.010
2026-03-29 09:22:19 | INFO | Episode  473 - Reward: -200.000, Length: 200, Loss: 1.7930, Entropy: 1.0978, Epsilon: 0.010
2026-03-29 09:22:21 | INFO | Episode  474 - Reward: -200.000, Length: 200, Loss: 1.3724, Entropy: 1.0864, Epsilon: 0.010
2026-03-29 09:22:23 | INFO | Episode  475 - Reward: -200.000, Length: 200, Loss: 0.7272, Entropy: 1.0968, Epsilon: 0.010
2026-03-29 09:22:25 | INFO | Episode  476 - Reward: -200.000, Length: 200, Loss: 1.3240, Entropy: 1.0873, Epsilon: 0.010
2026-03-29 09:22:27 | INFO | Episode  477 - Reward: -200.000, Length: 200, Loss: 1.4245, Entropy: 1.0906, Epsilon: 0.010
2026-03-29 09:22:29 | INFO | Episode  478 - Reward: -200.000, Length: 200, Loss: 1.5166, Entropy: 1.0838, Epsilon: 0.010
2026-03-29 09:22:30 | INFO | Episode  479 - Reward: -200.000, Length: 200, Loss: 2.2745, Entropy: 1.0932, Epsilon: 0.010
2026-03-29 09:22:33 | INFO | Episode  480 - Reward: -200.000, Length: 200, Loss: 3.1528, Entropy: 1.0925, Epsilon: 0.010
2026-03-29 09:22:34 | INFO | Episode  481 - Reward: -200.000, Length: 200, Loss: 2.9451, Entropy: 1.0645, Epsilon: 0.010
2026-03-29 09:22:36 | INFO | Episode  482 - Reward: -200.000, Length: 200, Loss: 2.2078, Entropy: 1.0537, Epsilon: 0.010
2026-03-29 09:22:38 | INFO | Episode  483 - Reward: -200.000, Length: 200, Loss: 3.4555, Entropy: 1.0603, Epsilon: 0.010
2026-03-29 09:22:40 | INFO | Episode  484 - Reward: -200.000, Length: 200, Loss: 2.1927, Entropy: 1.0771, Epsilon: 0.010
2026-03-29 09:22:42 | INFO | Episode  485 - Reward: -200.000, Length: 200, Loss: 1.8802, Entropy: 1.0845, Epsilon: 0.010
2026-03-29 09:22:44 | INFO | Episode  486 - Reward: -200.000, Length: 200, Loss: 1.8770, Entropy: 1.0863, Epsilon: 0.010
2026-03-29 09:22:46 | INFO | Episode  487 - Reward: -200.000, Length: 200, Loss: 2.0026, Entropy: 1.0792, Epsilon: 0.010
2026-03-29 09:22:48 | INFO | Episode  488 - Reward: -200.000, Length: 200, Loss: 1.8068, Entropy: 1.0905, Epsilon: 0.010
2026-03-29 09:22:50 | INFO | Episode  489 - Reward: -200.000, Length: 200, Loss: 1.9828, Entropy: 1.0950, Epsilon: 0.010
2026-03-29 09:22:52 | INFO | Episode  490 - Reward: -200.000, Length: 200, Loss: 0.5751, Entropy: 1.0961, Epsilon: 0.010
2026-03-29 09:22:54 | INFO | Episode  491 - Reward: -200.000, Length: 200, Loss: 1.8851, Entropy: 1.0603, Epsilon: 0.010
2026-03-29 09:22:56 | INFO | Episode  492 - Reward: -200.000, Length: 200, Loss: 5.2806, Entropy: 0.9839, Epsilon: 0.010
2026-03-29 09:22:58 | INFO | Episode  493 - Reward: -200.000, Length: 200, Loss: 5.3192, Entropy: 0.9920, Epsilon: 0.010
2026-03-29 09:23:00 | INFO | Episode  494 - Reward: -200.000, Length: 200, Loss: 1.5892, Entropy: 1.0724, Epsilon: 0.010
2026-03-29 09:23:02 | INFO | Episode  495 - Reward: -200.000, Length: 200, Loss: 1.1218, Entropy: 1.0914, Epsilon: 0.010
2026-03-29 09:23:04 | INFO | Episode  496 - Reward: -200.000, Length: 200, Loss: 1.5163, Entropy: 1.0837, Epsilon: 0.010
2026-03-29 09:23:06 | INFO | Episode  497 - Reward: -200.000, Length: 200, Loss: 1.8151, Entropy: 1.0944, Epsilon: 0.010
2026-03-29 09:23:08 | INFO | Episode  498 - Reward: -200.000, Length: 200, Loss: 1.2278, Entropy: 1.0963, Epsilon: 0.010
2026-03-29 09:23:10 | INFO | Episode  499 - Reward: -200.000, Length: 200, Loss: 1.4867, Entropy: 1.0902, Epsilon: 0.010
2026-03-29 09:23:13 | INFO | Episode  500 - Reward: -200.000, Length: 200, Loss: 1.5577, Entropy: 1.0960, Epsilon: 0.010
2026-03-29 09:23:56 | INFO | [Episode  500] eps=0.010  avg_reward=-200.000  avg_length=200.00  avg_loss=  2.1157  avg_entropy=1.0960  eval_success=0.000
2026-03-29 09:23:56 | INFO | DQN+Entropy training: 28m 13.54s
2026-03-29 09:26:45 | INFO | [Final Eval] success=0.000, mean_reward=-200.000
