2026-03-29 16:02:55 | INFO | ============================================================
2026-03-29 16:02:55 | INFO | DEVICE / COMPUTE INFORMATION
2026-03-29 16:02:55 | INFO |   JAX backend       : CPU
2026-03-29 16:02:55 | INFO |   Platform          : cpu
2026-03-29 16:02:55 | INFO |   Num devices       : 1
2026-03-29 16:02:55 | INFO |   Device            : TFRT_CPU_0
2026-03-29 16:02:55 | INFO | ============================================================
2026-03-29 16:02:55 | INFO | DQN+Entropy | seed=3, lr=0.01, gamma=0.99, alpha=0.01
2026-03-29 16:02:55 | INFO | Env: cartpole/dense, obs_dim=4, num_actions=2
2026-03-29 16:02:56 | INFO | Episode    1 - Reward: 14.000, Length: 14, Loss: 0.0000, Entropy: 0.0000, Epsilon: 0.998
2026-03-29 16:02:57 | INFO | Episode    2 - Reward: 26.000, Length: 26, Loss: 0.0000, Entropy: 0.0000, Epsilon: 0.995
2026-03-29 16:02:57 | INFO | Episode    3 - Reward: 29.000, Length: 29, Loss: 0.0000, Entropy: 0.0000, Epsilon: 0.993
2026-03-29 16:02:57 | INFO | Episode    4 - Reward: 16.000, Length: 16, Loss: 0.0000, Entropy: 0.0000, Epsilon: 0.990
2026-03-29 16:02:58 | INFO | Episode    5 - Reward: 19.000, Length: 19, Loss: 0.0000, Entropy: 0.0000, Epsilon: 0.988
2026-03-29 16:02:58 | INFO | Episode    6 - Reward: 12.000, Length: 12, Loss: 0.0000, Entropy: 0.0000, Epsilon: 0.985
2026-03-29 16:02:58 | INFO | Episode    7 - Reward: 18.000, Length: 18, Loss: 0.0000, Entropy: 0.0000, Epsilon: 0.983
2026-03-29 16:02:59 | INFO | Episode    8 - Reward: 22.000, Length: 22, Loss: 0.0000, Entropy: 0.0000, Epsilon: 0.980
2026-03-29 16:02:59 | INFO | Episode    9 - Reward: 13.000, Length: 13, Loss: 0.0000, Entropy: 0.0000, Epsilon: 0.978
2026-03-29 16:02:59 | INFO | Episode   10 - Reward: 11.000, Length: 11, Loss: 0.0000, Entropy: 0.0000, Epsilon: 0.975
2026-03-29 16:03:00 | INFO | Episode   11 - Reward: 13.000, Length: 13, Loss: 0.0000, Entropy: 0.0000, Epsilon: 0.973
2026-03-29 16:03:00 | INFO | Episode   12 - Reward: 31.000, Length: 31, Loss: 0.0000, Entropy: 0.0000, Epsilon: 0.970
2026-03-29 16:03:00 | INFO | Episode   13 - Reward: 16.000, Length: 16, Loss: 0.0000, Entropy: 0.0000, Epsilon: 0.968
2026-03-29 16:03:01 | INFO | Episode   14 - Reward: 18.000, Length: 18, Loss: 0.9698, Entropy: 0.6931, Epsilon: 0.965
2026-03-29 16:03:02 | INFO | Episode   15 - Reward: 17.000, Length: 17, Loss: 0.8642, Entropy: 0.6931, Epsilon: 0.963
2026-03-29 16:03:02 | INFO | Episode   16 - Reward: 14.000, Length: 14, Loss: 0.7714, Entropy: 0.6931, Epsilon: 0.960
2026-03-29 16:03:03 | INFO | Episode   17 - Reward: 11.000, Length: 11, Loss: 0.6857, Entropy: 0.6931, Epsilon: 0.958
2026-03-29 16:03:03 | INFO | Episode   18 - Reward: 16.000, Length: 16, Loss: 0.6095, Entropy: 0.6931, Epsilon: 0.955
2026-03-29 16:03:03 | INFO | Episode   19 - Reward: 20.000, Length: 20, Loss: 0.5396, Entropy: 0.6931, Epsilon: 0.953
2026-03-29 16:03:04 | INFO | Episode   20 - Reward: 30.000, Length: 30, Loss: 0.4775, Entropy: 0.6931, Epsilon: 0.951
2026-03-29 16:03:04 | INFO | Episode   21 - Reward: 26.000, Length: 26, Loss: 0.4206, Entropy: 0.6931, Epsilon: 0.948
2026-03-29 16:03:04 | INFO | Episode   22 - Reward: 19.000, Length: 19, Loss: 0.3693, Entropy: 0.6931, Epsilon: 0.946
2026-03-29 16:03:05 | INFO | Episode   23 - Reward: 14.000, Length: 14, Loss: 0.3212, Entropy: 0.6931, Epsilon: 0.943
2026-03-29 16:03:05 | INFO | Episode   24 - Reward: 19.000, Length: 19, Loss: 0.2782, Entropy: 0.6931, Epsilon: 0.941
2026-03-29 16:03:06 | INFO | Episode   25 - Reward: 10.000, Length: 10, Loss: 0.2421, Entropy: 0.6931, Epsilon: 0.938
2026-03-29 16:03:06 | INFO | Episode   26 - Reward: 15.000, Length: 15, Loss: 0.2081, Entropy: 0.6930, Epsilon: 0.936
2026-03-29 16:03:06 | INFO | Episode   27 - Reward: 14.000, Length: 14, Loss: 0.1786, Entropy: 0.6930, Epsilon: 0.933
2026-03-29 16:03:07 | INFO | Episode   28 - Reward: 11.000, Length: 11, Loss: 0.1526, Entropy: 0.6930, Epsilon: 0.931
2026-03-29 16:03:07 | INFO | Episode   29 - Reward: 13.000, Length: 13, Loss: 0.1284, Entropy: 0.6930, Epsilon: 0.928
2026-03-29 16:03:07 | INFO | Episode   30 - Reward: 47.000, Length: 47, Loss: 0.9055, Entropy: 0.6930, Epsilon: 0.926
2026-03-29 16:03:08 | INFO | Episode   31 - Reward: 28.000, Length: 28, Loss: 0.7682, Entropy: 0.6930, Epsilon: 0.923
2026-03-29 16:03:08 | INFO | Episode   32 - Reward: 10.000, Length: 10, Loss: 0.6416, Entropy: 0.6930, Epsilon: 0.921
2026-03-29 16:03:09 | INFO | Episode   33 - Reward: 13.000, Length: 13, Loss: 0.5375, Entropy: 0.6930, Epsilon: 0.918
2026-03-29 16:03:09 | INFO | Episode   34 - Reward: 12.000, Length: 12, Loss: 0.4445, Entropy: 0.6930, Epsilon: 0.916
2026-03-29 16:03:09 | INFO | Episode   35 - Reward: 15.000, Length: 15, Loss: 0.3587, Entropy: 0.6930, Epsilon: 0.913
2026-03-29 16:03:10 | INFO | Episode   36 - Reward: 26.000, Length: 26, Loss: 0.2914, Entropy: 0.6929, Epsilon: 0.911
2026-03-29 16:03:10 | INFO | Episode   37 - Reward: 22.000, Length: 22, Loss: 0.2317, Entropy: 0.6930, Epsilon: 0.908
2026-03-29 16:03:10 | INFO | Episode   38 - Reward: 20.000, Length: 20, Loss: 0.1841, Entropy: 0.6930, Epsilon: 0.906
2026-03-29 16:03:11 | INFO | Episode   39 - Reward: 12.000, Length: 12, Loss: 0.1484, Entropy: 0.6930, Epsilon: 0.903
2026-03-29 16:03:11 | INFO | Episode   40 - Reward: 14.000, Length: 14, Loss: 0.1191, Entropy: 0.6930, Epsilon: 0.901
2026-03-29 16:03:12 | INFO | Episode   41 - Reward: 12.000, Length: 12, Loss: 0.0938, Entropy: 0.6929, Epsilon: 0.899
2026-03-29 16:03:12 | INFO | Episode   42 - Reward: 20.000, Length: 20, Loss: 0.0769, Entropy: 0.6929, Epsilon: 0.896
2026-03-29 16:03:12 | INFO | Episode   43 - Reward: 12.000, Length: 12, Loss: 0.0644, Entropy: 0.6929, Epsilon: 0.894
2026-03-29 16:03:13 | INFO | Episode   44 - Reward: 29.000, Length: 29, Loss: 0.0545, Entropy: 0.6930, Epsilon: 0.891
2026-03-29 16:03:13 | INFO | Episode   45 - Reward: 14.000, Length: 14, Loss: 0.0418, Entropy: 0.6929, Epsilon: 0.889
2026-03-29 16:03:13 | INFO | Episode   46 - Reward: 15.000, Length: 15, Loss: 0.0404, Entropy: 0.6929, Epsilon: 0.886
2026-03-29 16:03:14 | INFO | Episode   47 - Reward: 14.000, Length: 14, Loss: 0.0330, Entropy: 0.6929, Epsilon: 0.884
2026-03-29 16:03:14 | INFO | Episode   48 - Reward: 37.000, Length: 37, Loss: 0.0340, Entropy: 0.6929, Epsilon: 0.881
2026-03-29 16:03:14 | INFO | Episode   49 - Reward: 19.000, Length: 19, Loss: 0.0289, Entropy: 0.6929, Epsilon: 0.879
2026-03-29 16:03:15 | INFO | Episode   50 - Reward: 26.000, Length: 26, Loss: 0.0240, Entropy: 0.6929, Epsilon: 0.876
2026-03-29 16:03:16 | INFO | [Episode   50] eps=0.876  avg_reward=  18.480  avg_length= 18.48  avg_loss=  0.2468  avg_entropy=0.6929  eval_success=0.000
2026-03-29 16:03:16 | INFO | Episode   51 - Reward: 18.000, Length: 18, Loss: 0.0263, Entropy: 0.6929, Epsilon: 0.874
2026-03-29 16:03:16 | INFO | Episode   52 - Reward: 13.000, Length: 13, Loss: 0.0227, Entropy: 0.6929, Epsilon: 0.871
2026-03-29 16:03:17 | INFO | Episode   53 - Reward: 14.000, Length: 14, Loss: 0.0309, Entropy: 0.6929, Epsilon: 0.869
2026-03-29 16:03:17 | INFO | Episode   54 - Reward: 28.000, Length: 28, Loss: 0.0263, Entropy: 0.6929, Epsilon: 0.866
2026-03-29 16:03:17 | INFO | Episode   55 - Reward: 29.000, Length: 29, Loss: 0.0227, Entropy: 0.6930, Epsilon: 0.864
2026-03-29 16:03:18 | INFO | Episode   56 - Reward: 15.000, Length: 15, Loss: 0.8738, Entropy: 0.6929, Epsilon: 0.861
2026-03-29 16:03:18 | INFO | Episode   57 - Reward: 18.000, Length: 18, Loss: 0.6380, Entropy: 0.6929, Epsilon: 0.859
2026-03-29 16:03:18 | INFO | Episode   58 - Reward: 19.000, Length: 19, Loss: 0.4854, Entropy: 0.6928, Epsilon: 0.856
2026-03-29 16:03:19 | INFO | Episode   59 - Reward: 18.000, Length: 18, Loss: 0.3595, Entropy: 0.6929, Epsilon: 0.854
2026-03-29 16:03:19 | INFO | Episode   60 - Reward: 19.000, Length: 19, Loss: 0.2636, Entropy: 0.6929, Epsilon: 0.852
2026-03-29 16:03:19 | INFO | Episode   61 - Reward: 11.000, Length: 11, Loss: 0.2228, Entropy: 0.6929, Epsilon: 0.849
2026-03-29 16:03:20 | INFO | Episode   62 - Reward: 12.000, Length: 12, Loss: 0.1853, Entropy: 0.6929, Epsilon: 0.847
2026-03-29 16:03:20 | INFO | Episode   63 - Reward: 15.000, Length: 15, Loss: 0.1692, Entropy: 0.6929, Epsilon: 0.844
2026-03-29 16:03:21 | INFO | Episode   64 - Reward: 13.000, Length: 13, Loss: 0.1674, Entropy: 0.6929, Epsilon: 0.842
2026-03-29 16:03:21 | INFO | Episode   65 - Reward: 16.000, Length: 16, Loss: 0.1345, Entropy: 0.6929, Epsilon: 0.839
2026-03-29 16:03:22 | INFO | Episode   66 - Reward: 12.000, Length: 12, Loss: 0.1472, Entropy: 0.6929, Epsilon: 0.837
2026-03-29 16:03:22 | INFO | Episode   67 - Reward: 13.000, Length: 13, Loss: 0.1393, Entropy: 0.6929, Epsilon: 0.834
2026-03-29 16:03:22 | INFO | Episode   68 - Reward: 19.000, Length: 19, Loss: 0.1425, Entropy: 0.6929, Epsilon: 0.832
2026-03-29 16:03:23 | INFO | Episode   69 - Reward: 12.000, Length: 12, Loss: 0.1310, Entropy: 0.6929, Epsilon: 0.829
2026-03-29 16:03:23 | INFO | Episode   70 - Reward: 26.000, Length: 26, Loss: 0.1235, Entropy: 0.6929, Epsilon: 0.827
2026-03-29 16:03:23 | INFO | Episode   71 - Reward: 42.000, Length: 42, Loss: 0.1300, Entropy: 0.6929, Epsilon: 0.824
2026-03-29 16:03:24 | INFO | Episode   72 - Reward: 62.000, Length: 62, Loss: 0.1236, Entropy: 0.6929, Epsilon: 0.822
2026-03-29 16:03:24 | INFO | Episode   73 - Reward: 20.000, Length: 20, Loss: 0.1160, Entropy: 0.6929, Epsilon: 0.819
2026-03-29 16:03:25 | INFO | Episode   74 - Reward: 14.000, Length: 14, Loss: 0.1336, Entropy: 0.6929, Epsilon: 0.817
2026-03-29 16:03:25 | INFO | Episode   75 - Reward: 12.000, Length: 12, Loss: 0.1106, Entropy: 0.6929, Epsilon: 0.814
2026-03-29 16:03:25 | INFO | Episode   76 - Reward: 18.000, Length: 18, Loss: 0.1358, Entropy: 0.6929, Epsilon: 0.812
2026-03-29 16:03:26 | INFO | Episode   77 - Reward: 14.000, Length: 14, Loss: 0.1271, Entropy: 0.6929, Epsilon: 0.809
2026-03-29 16:03:26 | INFO | Episode   78 - Reward: 19.000, Length: 19, Loss: 0.1310, Entropy: 0.6929, Epsilon: 0.807
2026-03-29 16:03:27 | INFO | Episode   79 - Reward: 11.000, Length: 11, Loss: 0.1296, Entropy: 0.6929, Epsilon: 0.804
2026-03-29 16:03:27 | INFO | Episode   80 - Reward: 21.000, Length: 21, Loss: 0.1289, Entropy: 0.6929, Epsilon: 0.802
2026-03-29 16:03:27 | INFO | Episode   81 - Reward: 22.000, Length: 22, Loss: 0.1241, Entropy: 0.6929, Epsilon: 0.800
2026-03-29 16:03:28 | INFO | Episode   82 - Reward: 11.000, Length: 11, Loss: 0.9184, Entropy: 0.6929, Epsilon: 0.797
2026-03-29 16:03:28 | INFO | Episode   83 - Reward: 10.000, Length: 10, Loss: 0.6191, Entropy: 0.6929, Epsilon: 0.795
2026-03-29 16:03:29 | INFO | Episode   84 - Reward: 17.000, Length: 17, Loss: 0.4834, Entropy: 0.6929, Epsilon: 0.792
2026-03-29 16:03:29 | INFO | Episode   85 - Reward: 17.000, Length: 17, Loss: 0.4243, Entropy: 0.6929, Epsilon: 0.790
2026-03-29 16:03:29 | INFO | Episode   86 - Reward: 14.000, Length: 14, Loss: 0.3553, Entropy: 0.6929, Epsilon: 0.787
2026-03-29 16:03:30 | INFO | Episode   87 - Reward: 17.000, Length: 17, Loss: 0.2729, Entropy: 0.6929, Epsilon: 0.785
2026-03-29 16:03:30 | INFO | Episode   88 - Reward: 11.000, Length: 11, Loss: 0.4026, Entropy: 0.6928, Epsilon: 0.782
2026-03-29 16:03:31 | INFO | Episode   89 - Reward: 26.000, Length: 26, Loss: 0.2773, Entropy: 0.6928, Epsilon: 0.780
2026-03-29 16:03:31 | INFO | Episode   90 - Reward: 16.000, Length: 16, Loss: 0.4157, Entropy: 0.6929, Epsilon: 0.777
2026-03-29 16:03:31 | INFO | Episode   91 - Reward: 15.000, Length: 15, Loss: 0.3774, Entropy: 0.6929, Epsilon: 0.775
2026-03-29 16:03:32 | INFO | Episode   92 - Reward: 20.000, Length: 20, Loss: 0.3591, Entropy: 0.6928, Epsilon: 0.772
2026-03-29 16:03:32 | INFO | Episode   93 - Reward: 26.000, Length: 26, Loss: 0.3192, Entropy: 0.6928, Epsilon: 0.770
2026-03-29 16:03:33 | INFO | Episode   94 - Reward: 8.000, Length: 8, Loss: 0.3435, Entropy: 0.6929, Epsilon: 0.767
2026-03-29 16:03:33 | INFO | Episode   95 - Reward: 25.000, Length: 25, Loss: 0.2412, Entropy: 0.6929, Epsilon: 0.765
2026-03-29 16:03:33 | INFO | Episode   96 - Reward: 11.000, Length: 11, Loss: 0.2654, Entropy: 0.6928, Epsilon: 0.762
2026-03-29 16:03:34 | INFO | Episode   97 - Reward: 14.000, Length: 14, Loss: 0.3404, Entropy: 0.6929, Epsilon: 0.760
2026-03-29 16:03:34 | INFO | Episode   98 - Reward: 11.000, Length: 11, Loss: 0.4222, Entropy: 0.6929, Epsilon: 0.757
2026-03-29 16:03:35 | INFO | Episode   99 - Reward: 25.000, Length: 25, Loss: 0.4493, Entropy: 0.6929, Epsilon: 0.755
2026-03-29 16:03:35 | INFO | Episode  100 - Reward: 10.000, Length: 10, Loss: 0.3340, Entropy: 0.6929, Epsilon: 0.752
2026-03-29 16:03:36 | INFO | [Episode  100] eps=0.752  avg_reward=  17.980  avg_length= 17.98  avg_loss=  0.2665  avg_entropy=0.6929  eval_success=0.000
2026-03-29 16:03:36 | INFO | Episode  101 - Reward: 20.000, Length: 20, Loss: 0.3751, Entropy: 0.6929, Epsilon: 0.750
2026-03-29 16:03:37 | INFO | Episode  102 - Reward: 12.000, Length: 12, Loss: 0.3756, Entropy: 0.6929, Epsilon: 0.748
2026-03-29 16:03:37 | INFO | Episode  103 - Reward: 12.000, Length: 12, Loss: 0.2975, Entropy: 0.6929, Epsilon: 0.745
2026-03-29 16:03:38 | INFO | Episode  104 - Reward: 21.000, Length: 21, Loss: 0.3259, Entropy: 0.6928, Epsilon: 0.743
2026-03-29 16:03:39 | INFO | Episode  105 - Reward: 17.000, Length: 17, Loss: 0.3235, Entropy: 0.6929, Epsilon: 0.740
2026-03-29 16:03:39 | INFO | Episode  106 - Reward: 19.000, Length: 19, Loss: 0.3492, Entropy: 0.6929, Epsilon: 0.738
2026-03-29 16:03:40 | INFO | Episode  107 - Reward: 12.000, Length: 12, Loss: 0.3287, Entropy: 0.6928, Epsilon: 0.735
2026-03-29 16:03:41 | INFO | Episode  108 - Reward: 10.000, Length: 10, Loss: 0.2826, Entropy: 0.6928, Epsilon: 0.733
2026-03-29 16:03:41 | INFO | Episode  109 - Reward: 15.000, Length: 15, Loss: 0.3233, Entropy: 0.6929, Epsilon: 0.730
2026-03-29 16:03:42 | INFO | Episode  110 - Reward: 10.000, Length: 10, Loss: 0.3248, Entropy: 0.6929, Epsilon: 0.728
2026-03-29 16:03:42 | INFO | Episode  111 - Reward: 12.000, Length: 12, Loss: 0.3685, Entropy: 0.6929, Epsilon: 0.725
2026-03-29 16:03:43 | INFO | Episode  112 - Reward: 21.000, Length: 21, Loss: 0.3770, Entropy: 0.6928, Epsilon: 0.723
2026-03-29 16:03:44 | INFO | Episode  113 - Reward: 13.000, Length: 13, Loss: 1.0405, Entropy: 0.6928, Epsilon: 0.720
2026-03-29 16:03:44 | INFO | Episode  114 - Reward: 16.000, Length: 16, Loss: 0.7030, Entropy: 0.6927, Epsilon: 0.718
2026-03-29 16:03:45 | INFO | Episode  115 - Reward: 10.000, Length: 10, Loss: 0.6417, Entropy: 0.6928, Epsilon: 0.715
2026-03-29 16:03:45 | INFO | Episode  116 - Reward: 18.000, Length: 18, Loss: 0.6759, Entropy: 0.6928, Epsilon: 0.713
2026-03-29 16:03:46 | INFO | Episode  117 - Reward: 11.000, Length: 11, Loss: 0.5758, Entropy: 0.6930, Epsilon: 0.710
2026-03-29 16:03:47 | INFO | Episode  118 - Reward: 17.000, Length: 17, Loss: 0.6834, Entropy: 0.6930, Epsilon: 0.708
2026-03-29 16:03:47 | INFO | Episode  119 - Reward: 10.000, Length: 10, Loss: 0.4823, Entropy: 0.6930, Epsilon: 0.705
2026-03-29 16:03:48 | INFO | Episode  120 - Reward: 13.000, Length: 13, Loss: 0.3949, Entropy: 0.6930, Epsilon: 0.703
2026-03-29 16:03:49 | INFO | Episode  121 - Reward: 11.000, Length: 11, Loss: 0.4159, Entropy: 0.6930, Epsilon: 0.701
2026-03-29 16:03:49 | INFO | Episode  122 - Reward: 13.000, Length: 13, Loss: 0.4876, Entropy: 0.6929, Epsilon: 0.698
2026-03-29 16:03:50 | INFO | Episode  123 - Reward: 10.000, Length: 10, Loss: 0.6490, Entropy: 0.6929, Epsilon: 0.696
2026-03-29 16:03:51 | INFO | Episode  124 - Reward: 15.000, Length: 15, Loss: 0.6064, Entropy: 0.6930, Epsilon: 0.693
2026-03-29 16:03:51 | INFO | Episode  125 - Reward: 9.000, Length: 9, Loss: 0.7113, Entropy: 0.6930, Epsilon: 0.691
2026-03-29 16:03:52 | INFO | Episode  126 - Reward: 16.000, Length: 16, Loss: 0.5682, Entropy: 0.6931, Epsilon: 0.688
2026-03-29 16:03:52 | INFO | Episode  127 - Reward: 18.000, Length: 18, Loss: 0.5870, Entropy: 0.6931, Epsilon: 0.686
2026-03-29 16:03:53 | INFO | Episode  128 - Reward: 12.000, Length: 12, Loss: 0.5848, Entropy: 0.6931, Epsilon: 0.683
2026-03-29 16:03:54 | INFO | Episode  129 - Reward: 11.000, Length: 11, Loss: 0.5113, Entropy: 0.6931, Epsilon: 0.681
2026-03-29 16:03:54 | INFO | Episode  130 - Reward: 10.000, Length: 10, Loss: 0.7054, Entropy: 0.6930, Epsilon: 0.678
2026-03-29 16:03:55 | INFO | Episode  131 - Reward: 10.000, Length: 10, Loss: 0.5071, Entropy: 0.6930, Epsilon: 0.676
2026-03-29 16:03:55 | INFO | Episode  132 - Reward: 14.000, Length: 14, Loss: 0.5749, Entropy: 0.6929, Epsilon: 0.673
2026-03-29 16:03:56 | INFO | Episode  133 - Reward: 13.000, Length: 13, Loss: 0.4908, Entropy: 0.6930, Epsilon: 0.671
2026-03-29 16:03:57 | INFO | Episode  134 - Reward: 23.000, Length: 23, Loss: 0.5630, Entropy: 0.6929, Epsilon: 0.668
2026-03-29 16:03:57 | INFO | Episode  135 - Reward: 11.000, Length: 11, Loss: 0.7140, Entropy: 0.6929, Epsilon: 0.666
2026-03-29 16:03:58 | INFO | Episode  136 - Reward: 11.000, Length: 11, Loss: 0.5609, Entropy: 0.6928, Epsilon: 0.663
2026-03-29 16:03:59 | INFO | Episode  137 - Reward: 26.000, Length: 26, Loss: 0.5100, Entropy: 0.6928, Epsilon: 0.661
2026-03-29 16:04:00 | INFO | Episode  138 - Reward: 14.000, Length: 14, Loss: 0.6613, Entropy: 0.6928, Epsilon: 0.658
2026-03-29 16:04:00 | INFO | Episode  139 - Reward: 17.000, Length: 17, Loss: 0.5611, Entropy: 0.6925, Epsilon: 0.656
2026-03-29 16:04:01 | INFO | Episode  140 - Reward: 15.000, Length: 15, Loss: 0.4445, Entropy: 0.6925, Epsilon: 0.653
2026-03-29 16:04:01 | INFO | Episode  141 - Reward: 9.000, Length: 9, Loss: 0.5544, Entropy: 0.6925, Epsilon: 0.651
2026-03-29 16:04:02 | INFO | Episode  142 - Reward: 21.000, Length: 21, Loss: 0.5101, Entropy: 0.6927, Epsilon: 0.649
2026-03-29 16:04:03 | INFO | Episode  143 - Reward: 9.000, Length: 9, Loss: 0.5816, Entropy: 0.6929, Epsilon: 0.646
2026-03-29 16:04:03 | INFO | Episode  144 - Reward: 13.000, Length: 13, Loss: 0.6263, Entropy: 0.6930, Epsilon: 0.644
2026-03-29 16:04:04 | INFO | Episode  145 - Reward: 17.000, Length: 17, Loss: 0.6447, Entropy: 0.6929, Epsilon: 0.641
2026-03-29 16:04:05 | INFO | Episode  146 - Reward: 9.000, Length: 9, Loss: 0.5710, Entropy: 0.6930, Epsilon: 0.639
2026-03-29 16:04:05 | INFO | Episode  147 - Reward: 15.000, Length: 15, Loss: 0.4774, Entropy: 0.6931, Epsilon: 0.636
2026-03-29 16:04:06 | INFO | Episode  148 - Reward: 22.000, Length: 22, Loss: 0.5150, Entropy: 0.6931, Epsilon: 0.634
2026-03-29 16:04:07 | INFO | Episode  149 - Reward: 13.000, Length: 13, Loss: 1.2085, Entropy: 0.6929, Epsilon: 0.631
2026-03-29 16:04:07 | INFO | Episode  150 - Reward: 12.000, Length: 12, Loss: 0.8516, Entropy: 0.6930, Epsilon: 0.629
2026-03-29 16:04:08 | INFO | [Episode  150] eps=0.629  avg_reward=  14.160  avg_length= 14.16  avg_loss=  0.5441  avg_entropy=0.6930  eval_success=0.000
2026-03-29 16:04:09 | INFO | Episode  151 - Reward: 19.000, Length: 19, Loss: 0.9141, Entropy: 0.6929, Epsilon: 0.626
2026-03-29 16:04:09 | INFO | Episode  152 - Reward: 11.000, Length: 11, Loss: 0.9536, Entropy: 0.6930, Epsilon: 0.624
2026-03-29 16:04:10 | INFO | Episode  153 - Reward: 12.000, Length: 12, Loss: 0.8816, Entropy: 0.6929, Epsilon: 0.621
2026-03-29 16:04:10 | INFO | Episode  154 - Reward: 19.000, Length: 19, Loss: 0.8063, Entropy: 0.6930, Epsilon: 0.619
2026-03-29 16:04:11 | INFO | Episode  155 - Reward: 14.000, Length: 14, Loss: 0.8580, Entropy: 0.6928, Epsilon: 0.616
2026-03-29 16:04:11 | INFO | Episode  156 - Reward: 13.000, Length: 13, Loss: 0.8647, Entropy: 0.6930, Epsilon: 0.614
2026-03-29 16:04:12 | INFO | Episode  157 - Reward: 14.000, Length: 14, Loss: 0.8251, Entropy: 0.6931, Epsilon: 0.611
2026-03-29 16:04:13 | INFO | Episode  158 - Reward: 9.000, Length: 9, Loss: 0.8150, Entropy: 0.6930, Epsilon: 0.609
2026-03-29 16:04:13 | INFO | Episode  159 - Reward: 15.000, Length: 15, Loss: 0.8233, Entropy: 0.6931, Epsilon: 0.606
2026-03-29 16:04:14 | INFO | Episode  160 - Reward: 22.000, Length: 22, Loss: 0.8526, Entropy: 0.6931, Epsilon: 0.604
2026-03-29 16:04:15 | INFO | Episode  161 - Reward: 12.000, Length: 12, Loss: 0.7705, Entropy: 0.6931, Epsilon: 0.602
2026-03-29 16:04:15 | INFO | Episode  162 - Reward: 12.000, Length: 12, Loss: 0.7488, Entropy: 0.6931, Epsilon: 0.599
2026-03-29 16:04:16 | INFO | Episode  163 - Reward: 12.000, Length: 12, Loss: 0.6417, Entropy: 0.6931, Epsilon: 0.597
2026-03-29 16:04:16 | INFO | Episode  164 - Reward: 10.000, Length: 10, Loss: 0.8558, Entropy: 0.6931, Epsilon: 0.594
2026-03-29 16:04:17 | INFO | Episode  165 - Reward: 33.000, Length: 33, Loss: 0.7554, Entropy: 0.6930, Epsilon: 0.592
2026-03-29 16:04:18 | INFO | Episode  166 - Reward: 12.000, Length: 12, Loss: 0.6766, Entropy: 0.6931, Epsilon: 0.589
2026-03-29 16:04:18 | INFO | Episode  167 - Reward: 52.000, Length: 52, Loss: 0.8640, Entropy: 0.6931, Epsilon: 0.587
2026-03-29 16:04:19 | INFO | Episode  168 - Reward: 13.000, Length: 13, Loss: 0.5883, Entropy: 0.6931, Epsilon: 0.584
2026-03-29 16:04:19 | INFO | Episode  169 - Reward: 14.000, Length: 14, Loss: 0.7275, Entropy: 0.6931, Epsilon: 0.582
2026-03-29 16:04:20 | INFO | Episode  170 - Reward: 12.000, Length: 12, Loss: 0.9199, Entropy: 0.6931, Epsilon: 0.579
2026-03-29 16:04:21 | INFO | Episode  171 - Reward: 14.000, Length: 14, Loss: 0.8509, Entropy: 0.6931, Epsilon: 0.577
2026-03-29 16:04:21 | INFO | Episode  172 - Reward: 22.000, Length: 22, Loss: 0.7528, Entropy: 0.6931, Epsilon: 0.574
2026-03-29 16:04:22 | INFO | Episode  173 - Reward: 17.000, Length: 17, Loss: 0.8568, Entropy: 0.6931, Epsilon: 0.572
2026-03-29 16:04:23 | INFO | Episode  174 - Reward: 14.000, Length: 14, Loss: 0.8827, Entropy: 0.6930, Epsilon: 0.569
2026-03-29 16:04:23 | INFO | Episode  175 - Reward: 29.000, Length: 29, Loss: 0.9295, Entropy: 0.6930, Epsilon: 0.567
2026-03-29 16:04:24 | INFO | Episode  176 - Reward: 23.000, Length: 23, Loss: 0.9093, Entropy: 0.6930, Epsilon: 0.564
2026-03-29 16:04:25 | INFO | Episode  177 - Reward: 46.000, Length: 46, Loss: 0.7925, Entropy: 0.6930, Epsilon: 0.562
2026-03-29 16:04:25 | INFO | Episode  178 - Reward: 19.000, Length: 19, Loss: 1.3209, Entropy: 0.6930, Epsilon: 0.559
2026-03-29 16:04:26 | INFO | Episode  179 - Reward: 18.000, Length: 18, Loss: 1.0340, Entropy: 0.6930, Epsilon: 0.557
2026-03-29 16:04:27 | INFO | Episode  180 - Reward: 20.000, Length: 20, Loss: 1.2667, Entropy: 0.6929, Epsilon: 0.554
2026-03-29 16:04:27 | INFO | Episode  181 - Reward: 13.000, Length: 13, Loss: 1.1544, Entropy: 0.6927, Epsilon: 0.552
2026-03-29 16:04:28 | INFO | Episode  182 - Reward: 12.000, Length: 12, Loss: 1.0029, Entropy: 0.6928, Epsilon: 0.550
2026-03-29 16:04:29 | INFO | Episode  183 - Reward: 16.000, Length: 16, Loss: 1.1603, Entropy: 0.6929, Epsilon: 0.547
2026-03-29 16:04:29 | INFO | Episode  184 - Reward: 16.000, Length: 16, Loss: 1.1738, Entropy: 0.6928, Epsilon: 0.545
2026-03-29 16:04:30 | INFO | Episode  185 - Reward: 46.000, Length: 46, Loss: 0.9105, Entropy: 0.6928, Epsilon: 0.542
2026-03-29 16:04:31 | INFO | Episode  186 - Reward: 10.000, Length: 10, Loss: 0.9809, Entropy: 0.6926, Epsilon: 0.540
2026-03-29 16:04:31 | INFO | Episode  187 - Reward: 22.000, Length: 22, Loss: 1.0741, Entropy: 0.6929, Epsilon: 0.537
2026-03-29 16:04:32 | INFO | Episode  188 - Reward: 19.000, Length: 19, Loss: 0.8123, Entropy: 0.6929, Epsilon: 0.535
2026-03-29 16:04:33 | INFO | Episode  189 - Reward: 36.000, Length: 36, Loss: 0.9138, Entropy: 0.6929, Epsilon: 0.532
2026-03-29 16:04:33 | INFO | Episode  190 - Reward: 18.000, Length: 18, Loss: 1.0374, Entropy: 0.6928, Epsilon: 0.530
2026-03-29 16:04:34 | INFO | Episode  191 - Reward: 22.000, Length: 22, Loss: 1.3971, Entropy: 0.6928, Epsilon: 0.527
2026-03-29 16:04:35 | INFO | Episode  192 - Reward: 11.000, Length: 11, Loss: 0.9288, Entropy: 0.6928, Epsilon: 0.525
2026-03-29 16:04:36 | INFO | Episode  193 - Reward: 31.000, Length: 31, Loss: 1.0018, Entropy: 0.6928, Epsilon: 0.522
2026-03-29 16:04:37 | INFO | Episode  194 - Reward: 38.000, Length: 38, Loss: 0.8981, Entropy: 0.6928, Epsilon: 0.520
2026-03-29 16:04:38 | INFO | Episode  195 - Reward: 66.000, Length: 66, Loss: 0.6916, Entropy: 0.6928, Epsilon: 0.517
2026-03-29 16:04:38 | INFO | Episode  196 - Reward: 87.000, Length: 87, Loss: 0.8763, Entropy: 0.6924, Epsilon: 0.515
2026-03-29 16:04:39 | INFO | Episode  197 - Reward: 15.000, Length: 15, Loss: 1.3744, Entropy: 0.6924, Epsilon: 0.512
2026-03-29 16:04:40 | INFO | Episode  198 - Reward: 18.000, Length: 18, Loss: 1.2241, Entropy: 0.6923, Epsilon: 0.510
2026-03-29 16:04:41 | INFO | Episode  199 - Reward: 27.000, Length: 27, Loss: 1.3922, Entropy: 0.6925, Epsilon: 0.507
2026-03-29 16:04:41 | INFO | Episode  200 - Reward: 52.000, Length: 52, Loss: 1.2086, Entropy: 0.6926, Epsilon: 0.505
2026-03-29 16:04:46 | INFO | [Episode  200] eps=0.505  avg_reward=  22.540  avg_length= 22.54  avg_loss=  0.9390  avg_entropy=0.6926  eval_success=0.000
2026-03-29 16:04:46 | INFO | Episode  201 - Reward: 37.000, Length: 37, Loss: 1.2124, Entropy: 0.6924, Epsilon: 0.503
2026-03-29 16:04:47 | INFO | Episode  202 - Reward: 10.000, Length: 10, Loss: 1.4425, Entropy: 0.6926, Epsilon: 0.500
2026-03-29 16:04:48 | INFO | Episode  203 - Reward: 31.000, Length: 31, Loss: 1.0383, Entropy: 0.6925, Epsilon: 0.498
2026-03-29 16:04:48 | INFO | Episode  204 - Reward: 35.000, Length: 35, Loss: 1.2962, Entropy: 0.6923, Epsilon: 0.495
2026-03-29 16:04:49 | INFO | Episode  205 - Reward: 40.000, Length: 40, Loss: 1.2022, Entropy: 0.6915, Epsilon: 0.493
2026-03-29 16:04:50 | INFO | Episode  206 - Reward: 19.000, Length: 19, Loss: 1.1028, Entropy: 0.6913, Epsilon: 0.490
2026-03-29 16:04:51 | INFO | Episode  207 - Reward: 9.000, Length: 9, Loss: 1.1990, Entropy: 0.6908, Epsilon: 0.488
2026-03-29 16:04:51 | INFO | Episode  208 - Reward: 17.000, Length: 17, Loss: 1.2550, Entropy: 0.6913, Epsilon: 0.485
2026-03-29 16:04:52 | INFO | Episode  209 - Reward: 18.000, Length: 18, Loss: 1.2272, Entropy: 0.6919, Epsilon: 0.483
2026-03-29 16:04:53 | INFO | Episode  210 - Reward: 32.000, Length: 32, Loss: 1.1887, Entropy: 0.6919, Epsilon: 0.480
2026-03-29 16:04:54 | INFO | Episode  211 - Reward: 15.000, Length: 15, Loss: 1.2646, Entropy: 0.6915, Epsilon: 0.478
2026-03-29 16:04:54 | INFO | Episode  212 - Reward: 17.000, Length: 17, Loss: 0.9107, Entropy: 0.6915, Epsilon: 0.475
2026-03-29 16:04:55 | INFO | Episode  213 - Reward: 83.000, Length: 83, Loss: 1.3734, Entropy: 0.6920, Epsilon: 0.473
2026-03-29 16:04:56 | INFO | Episode  214 - Reward: 67.000, Length: 67, Loss: 1.3764, Entropy: 0.6922, Epsilon: 0.470
2026-03-29 16:04:57 | INFO | Episode  215 - Reward: 33.000, Length: 33, Loss: 1.2443, Entropy: 0.6919, Epsilon: 0.468
2026-03-29 16:04:58 | INFO | Episode  216 - Reward: 32.000, Length: 32, Loss: 1.3371, Entropy: 0.6916, Epsilon: 0.465
2026-03-29 16:04:59 | INFO | Episode  217 - Reward: 45.000, Length: 45, Loss: 1.3677, Entropy: 0.6912, Epsilon: 0.463
2026-03-29 16:05:00 | INFO | Episode  218 - Reward: 15.000, Length: 15, Loss: 1.3886, Entropy: 0.6904, Epsilon: 0.460
2026-03-29 16:05:01 | INFO | Episode  219 - Reward: 35.000, Length: 35, Loss: 1.3942, Entropy: 0.6906, Epsilon: 0.458
2026-03-29 16:05:01 | INFO | Episode  220 - Reward: 27.000, Length: 27, Loss: 1.3346, Entropy: 0.6903, Epsilon: 0.456
2026-03-29 16:05:02 | INFO | Episode  221 - Reward: 24.000, Length: 24, Loss: 1.4762, Entropy: 0.6907, Epsilon: 0.453
2026-03-29 16:05:03 | INFO | Episode  222 - Reward: 16.000, Length: 16, Loss: 1.3149, Entropy: 0.6906, Epsilon: 0.451
2026-03-29 16:05:04 | INFO | Episode  223 - Reward: 29.000, Length: 29, Loss: 1.7238, Entropy: 0.6914, Epsilon: 0.448
2026-03-29 16:05:05 | INFO | Episode  224 - Reward: 31.000, Length: 31, Loss: 1.3949, Entropy: 0.6913, Epsilon: 0.446
2026-03-29 16:05:06 | INFO | Episode  225 - Reward: 33.000, Length: 33, Loss: 1.4063, Entropy: 0.6909, Epsilon: 0.443
2026-03-29 16:05:08 | INFO | Episode  226 - Reward: 19.000, Length: 19, Loss: 1.3990, Entropy: 0.6900, Epsilon: 0.441
2026-03-29 16:05:09 | INFO | Episode  227 - Reward: 37.000, Length: 37, Loss: 1.2883, Entropy: 0.6890, Epsilon: 0.438
2026-03-29 16:05:10 | INFO | Episode  228 - Reward: 23.000, Length: 23, Loss: 1.0994, Entropy: 0.6891, Epsilon: 0.436
2026-03-29 16:05:10 | INFO | Episode  229 - Reward: 16.000, Length: 16, Loss: 1.3383, Entropy: 0.6882, Epsilon: 0.433
2026-03-29 16:05:11 | INFO | Episode  230 - Reward: 24.000, Length: 24, Loss: 1.6097, Entropy: 0.6893, Epsilon: 0.431
2026-03-29 16:05:12 | INFO | Episode  231 - Reward: 30.000, Length: 30, Loss: 1.8046, Entropy: 0.6886, Epsilon: 0.428
2026-03-29 16:05:13 | INFO | Episode  232 - Reward: 29.000, Length: 29, Loss: 1.5686, Entropy: 0.6886, Epsilon: 0.426
2026-03-29 16:05:14 | INFO | Episode  233 - Reward: 20.000, Length: 20, Loss: 1.6384, Entropy: 0.6884, Epsilon: 0.423
2026-03-29 16:05:15 | INFO | Episode  234 - Reward: 29.000, Length: 29, Loss: 1.6870, Entropy: 0.6887, Epsilon: 0.421
2026-03-29 16:05:16 | INFO | Episode  235 - Reward: 22.000, Length: 22, Loss: 1.4216, Entropy: 0.6868, Epsilon: 0.418
2026-03-29 16:05:17 | INFO | Episode  236 - Reward: 22.000, Length: 22, Loss: 1.6120, Entropy: 0.6855, Epsilon: 0.416
2026-03-29 16:05:17 | INFO | Episode  237 - Reward: 14.000, Length: 14, Loss: 1.5892, Entropy: 0.6868, Epsilon: 0.413
2026-03-29 16:05:19 | INFO | Episode  238 - Reward: 29.000, Length: 29, Loss: 1.5843, Entropy: 0.6865, Epsilon: 0.411
2026-03-29 16:05:20 | INFO | Episode  239 - Reward: 26.000, Length: 26, Loss: 1.0873, Entropy: 0.6872, Epsilon: 0.408
2026-03-29 16:05:20 | INFO | Episode  240 - Reward: 37.000, Length: 37, Loss: 1.6063, Entropy: 0.6863, Epsilon: 0.406
2026-03-29 16:05:21 | INFO | Episode  241 - Reward: 81.000, Length: 81, Loss: 1.2407, Entropy: 0.6871, Epsilon: 0.404
2026-03-29 16:05:21 | INFO | Episode  242 - Reward: 44.000, Length: 44, Loss: 1.2776, Entropy: 0.6858, Epsilon: 0.401
2026-03-29 16:05:22 | INFO | Episode  243 - Reward: 44.000, Length: 44, Loss: 1.5818, Entropy: 0.6861, Epsilon: 0.399
2026-03-29 16:05:22 | INFO | Episode  244 - Reward: 85.000, Length: 85, Loss: 1.5654, Entropy: 0.6855, Epsilon: 0.396
2026-03-29 16:05:23 | INFO | Episode  245 - Reward: 41.000, Length: 41, Loss: 1.8873, Entropy: 0.6864, Epsilon: 0.394
2026-03-29 16:05:23 | INFO | Episode  246 - Reward: 56.000, Length: 56, Loss: 1.9077, Entropy: 0.6861, Epsilon: 0.391
2026-03-29 16:05:24 | INFO | Episode  247 - Reward: 43.000, Length: 43, Loss: 2.0245, Entropy: 0.6857, Epsilon: 0.389
2026-03-29 16:05:24 | INFO | Episode  248 - Reward: 38.000, Length: 38, Loss: 1.6216, Entropy: 0.6853, Epsilon: 0.386
2026-03-29 16:05:25 | INFO | Episode  249 - Reward: 153.000, Length: 153, Loss: 1.8669, Entropy: 0.6850, Epsilon: 0.384
2026-03-29 16:05:25 | INFO | Episode  250 - Reward: 42.000, Length: 42, Loss: 1.6523, Entropy: 0.6850, Epsilon: 0.381
2026-03-29 16:05:30 | INFO | [Episode  250] eps=0.381  avg_reward=  35.080  avg_length= 35.08  avg_loss=  1.4286  avg_entropy=0.6850  eval_success=0.000
2026-03-29 16:05:30 | INFO | Episode  251 - Reward: 50.000, Length: 50, Loss: 1.5461, Entropy: 0.6841, Epsilon: 0.379
2026-03-29 16:05:31 | INFO | Episode  252 - Reward: 53.000, Length: 53, Loss: 1.8198, Entropy: 0.6829, Epsilon: 0.376
2026-03-29 16:05:31 | INFO | Episode  253 - Reward: 63.000, Length: 63, Loss: 2.0762, Entropy: 0.6827, Epsilon: 0.374
2026-03-29 16:05:32 | INFO | Episode  254 - Reward: 32.000, Length: 32, Loss: 1.7646, Entropy: 0.6826, Epsilon: 0.371
2026-03-29 16:05:32 | INFO | Episode  255 - Reward: 33.000, Length: 33, Loss: 1.7390, Entropy: 0.6804, Epsilon: 0.369
2026-03-29 16:05:33 | INFO | Episode  256 - Reward: 37.000, Length: 37, Loss: 2.2917, Entropy: 0.6790, Epsilon: 0.366
2026-03-29 16:05:33 | INFO | Episode  257 - Reward: 23.000, Length: 23, Loss: 1.5239, Entropy: 0.6795, Epsilon: 0.364
2026-03-29 16:05:34 | INFO | Episode  258 - Reward: 42.000, Length: 42, Loss: 1.6118, Entropy: 0.6784, Epsilon: 0.361
2026-03-29 16:05:34 | INFO | Episode  259 - Reward: 59.000, Length: 59, Loss: 1.7441, Entropy: 0.6768, Epsilon: 0.359
2026-03-29 16:05:35 | INFO | Episode  260 - Reward: 129.000, Length: 129, Loss: 1.8947, Entropy: 0.6774, Epsilon: 0.357
2026-03-29 16:05:35 | INFO | Episode  261 - Reward: 54.000, Length: 54, Loss: 1.2004, Entropy: 0.6763, Epsilon: 0.354
2026-03-29 16:05:36 | INFO | Episode  262 - Reward: 31.000, Length: 31, Loss: 1.6424, Entropy: 0.6770, Epsilon: 0.352
2026-03-29 16:05:36 | INFO | Episode  263 - Reward: 108.000, Length: 108, Loss: 1.9434, Entropy: 0.6775, Epsilon: 0.349
2026-03-29 16:05:37 | INFO | Episode  264 - Reward: 55.000, Length: 55, Loss: 1.7461, Entropy: 0.6728, Epsilon: 0.347
2026-03-29 16:05:37 | INFO | Episode  265 - Reward: 28.000, Length: 28, Loss: 1.9707, Entropy: 0.6698, Epsilon: 0.344
2026-03-29 16:05:38 | INFO | Episode  266 - Reward: 37.000, Length: 37, Loss: 2.0252, Entropy: 0.6688, Epsilon: 0.342
2026-03-29 16:05:38 | INFO | Episode  267 - Reward: 39.000, Length: 39, Loss: 2.1397, Entropy: 0.6698, Epsilon: 0.339
2026-03-29 16:05:39 | INFO | Episode  268 - Reward: 41.000, Length: 41, Loss: 2.1351, Entropy: 0.6707, Epsilon: 0.337
2026-03-29 16:05:39 | INFO | Episode  269 - Reward: 43.000, Length: 43, Loss: 2.3478, Entropy: 0.6669, Epsilon: 0.334
2026-03-29 16:05:40 | INFO | Episode  270 - Reward: 31.000, Length: 31, Loss: 2.0472, Entropy: 0.6666, Epsilon: 0.332
2026-03-29 16:05:40 | INFO | Episode  271 - Reward: 50.000, Length: 50, Loss: 2.1052, Entropy: 0.6652, Epsilon: 0.329
2026-03-29 16:05:41 | INFO | Episode  272 - Reward: 54.000, Length: 54, Loss: 2.7669, Entropy: 0.6643, Epsilon: 0.327
2026-03-29 16:05:41 | INFO | Episode  273 - Reward: 29.000, Length: 29, Loss: 1.8446, Entropy: 0.6648, Epsilon: 0.324
2026-03-29 16:05:42 | INFO | Episode  274 - Reward: 196.000, Length: 196, Loss: 2.7241, Entropy: 0.6643, Epsilon: 0.322
2026-03-29 16:05:42 | INFO | Episode  275 - Reward: 147.000, Length: 147, Loss: 1.9819, Entropy: 0.6664, Epsilon: 0.319
2026-03-29 16:05:43 | INFO | Episode  276 - Reward: 27.000, Length: 27, Loss: 1.9131, Entropy: 0.6654, Epsilon: 0.317
2026-03-29 16:05:43 | INFO | Episode  277 - Reward: 46.000, Length: 46, Loss: 2.3943, Entropy: 0.6640, Epsilon: 0.314
2026-03-29 16:05:43 | INFO | Episode  278 - Reward: 64.000, Length: 64, Loss: 2.0909, Entropy: 0.6623, Epsilon: 0.312
2026-03-29 16:05:44 | INFO | Episode  279 - Reward: 71.000, Length: 71, Loss: 3.4176, Entropy: 0.6636, Epsilon: 0.309
2026-03-29 16:05:44 | INFO | Episode  280 - Reward: 27.000, Length: 27, Loss: 2.6993, Entropy: 0.6627, Epsilon: 0.307
2026-03-29 16:05:45 | INFO | Episode  281 - Reward: 54.000, Length: 54, Loss: 2.3564, Entropy: 0.6591, Epsilon: 0.305
2026-03-29 16:05:45 | INFO | Episode  282 - Reward: 69.000, Length: 69, Loss: 2.1819, Entropy: 0.6553, Epsilon: 0.302
2026-03-29 16:05:46 | INFO | Episode  283 - Reward: 52.000, Length: 52, Loss: 2.5444, Entropy: 0.6576, Epsilon: 0.300
2026-03-29 16:05:46 | INFO | Episode  284 - Reward: 76.000, Length: 76, Loss: 2.7644, Entropy: 0.6537, Epsilon: 0.297
2026-03-29 16:05:47 | INFO | Episode  285 - Reward: 118.000, Length: 118, Loss: 3.4209, Entropy: 0.6566, Epsilon: 0.295
2026-03-29 16:05:47 | INFO | Episode  286 - Reward: 61.000, Length: 61, Loss: 2.5972, Entropy: 0.6532, Epsilon: 0.292
2026-03-29 16:05:48 | INFO | Episode  287 - Reward: 44.000, Length: 44, Loss: 3.2458, Entropy: 0.6569, Epsilon: 0.290
2026-03-29 16:05:48 | INFO | Episode  288 - Reward: 200.000, Length: 200, Loss: 2.3583, Entropy: 0.6532, Epsilon: 0.287
2026-03-29 16:05:48 | INFO | Episode  289 - Reward: 58.000, Length: 58, Loss: 3.0230, Entropy: 0.6518, Epsilon: 0.285
2026-03-29 16:05:49 | INFO | Episode  290 - Reward: 75.000, Length: 75, Loss: 3.0026, Entropy: 0.6489, Epsilon: 0.282
2026-03-29 16:05:49 | INFO | Episode  291 - Reward: 107.000, Length: 107, Loss: 2.8185, Entropy: 0.6517, Epsilon: 0.280
2026-03-29 16:05:50 | INFO | Episode  292 - Reward: 131.000, Length: 131, Loss: 2.8636, Entropy: 0.6538, Epsilon: 0.277
2026-03-29 16:05:50 | INFO | Episode  293 - Reward: 94.000, Length: 94, Loss: 2.4644, Entropy: 0.6483, Epsilon: 0.275
2026-03-29 16:05:51 | INFO | Episode  294 - Reward: 87.000, Length: 87, Loss: 3.4436, Entropy: 0.6457, Epsilon: 0.272
2026-03-29 16:05:51 | INFO | Episode  295 - Reward: 40.000, Length: 40, Loss: 3.0231, Entropy: 0.6441, Epsilon: 0.270
2026-03-29 16:05:52 | INFO | Episode  296 - Reward: 37.000, Length: 37, Loss: 2.7273, Entropy: 0.6398, Epsilon: 0.267
2026-03-29 16:05:52 | INFO | Episode  297 - Reward: 63.000, Length: 63, Loss: 2.7463, Entropy: 0.6371, Epsilon: 0.265
2026-03-29 16:05:53 | INFO | Episode  298 - Reward: 95.000, Length: 95, Loss: 3.8655, Entropy: 0.6385, Epsilon: 0.262
2026-03-29 16:05:53 | INFO | Episode  299 - Reward: 76.000, Length: 76, Loss: 3.1962, Entropy: 0.6425, Epsilon: 0.260
2026-03-29 16:05:54 | INFO | Episode  300 - Reward: 53.000, Length: 53, Loss: 4.1228, Entropy: 0.6392, Epsilon: 0.258
2026-03-29 16:05:58 | INFO | [Episode  300] eps=0.258  avg_reward=  65.780  avg_length= 65.78  avg_loss=  2.3983  avg_entropy=0.6392  eval_success=0.040
2026-03-29 16:05:59 | INFO | Episode  301 - Reward: 31.000, Length: 31, Loss: 2.7263, Entropy: 0.6404, Epsilon: 0.255
2026-03-29 16:05:59 | INFO | Episode  302 - Reward: 51.000, Length: 51, Loss: 3.0468, Entropy: 0.6322, Epsilon: 0.253
2026-03-29 16:06:00 | INFO | Episode  303 - Reward: 72.000, Length: 72, Loss: 3.1908, Entropy: 0.6341, Epsilon: 0.250
2026-03-29 16:06:00 | INFO | Episode  304 - Reward: 47.000, Length: 47, Loss: 2.8388, Entropy: 0.6313, Epsilon: 0.248
2026-03-29 16:06:00 | INFO | Episode  305 - Reward: 107.000, Length: 107, Loss: 2.6071, Entropy: 0.6312, Epsilon: 0.245
2026-03-29 16:06:01 | INFO | Episode  306 - Reward: 86.000, Length: 86, Loss: 3.9173, Entropy: 0.6300, Epsilon: 0.243
2026-03-29 16:06:01 | INFO | Episode  307 - Reward: 32.000, Length: 32, Loss: 3.6011, Entropy: 0.6325, Epsilon: 0.240
2026-03-29 16:06:01 | INFO | Episode  308 - Reward: 129.000, Length: 129, Loss: 3.3139, Entropy: 0.6330, Epsilon: 0.238
2026-03-29 16:06:02 | INFO | Episode  309 - Reward: 101.000, Length: 101, Loss: 3.6529, Entropy: 0.6335, Epsilon: 0.235
2026-03-29 16:06:02 | INFO | Episode  310 - Reward: 56.000, Length: 56, Loss: 3.7876, Entropy: 0.6306, Epsilon: 0.233
2026-03-29 16:06:03 | INFO | Episode  311 - Reward: 48.000, Length: 48, Loss: 3.3940, Entropy: 0.6325, Epsilon: 0.230
2026-03-29 16:06:03 | INFO | Episode  312 - Reward: 110.000, Length: 110, Loss: 3.4046, Entropy: 0.6333, Epsilon: 0.228
2026-03-29 16:06:04 | INFO | Episode  313 - Reward: 69.000, Length: 69, Loss: 4.1211, Entropy: 0.6296, Epsilon: 0.225
2026-03-29 16:06:04 | INFO | Episode  314 - Reward: 106.000, Length: 106, Loss: 4.0193, Entropy: 0.6173, Epsilon: 0.223
2026-03-29 16:06:05 | INFO | Episode  315 - Reward: 61.000, Length: 61, Loss: 3.9421, Entropy: 0.6234, Epsilon: 0.220
2026-03-29 16:06:05 | INFO | Episode  316 - Reward: 43.000, Length: 43, Loss: 3.9149, Entropy: 0.6149, Epsilon: 0.218
2026-03-29 16:06:05 | INFO | Episode  317 - Reward: 78.000, Length: 78, Loss: 3.2774, Entropy: 0.6151, Epsilon: 0.215
2026-03-29 16:06:06 | INFO | Episode  318 - Reward: 75.000, Length: 75, Loss: 3.5258, Entropy: 0.6213, Epsilon: 0.213
2026-03-29 16:06:06 | INFO | Episode  319 - Reward: 59.000, Length: 59, Loss: 3.8703, Entropy: 0.6100, Epsilon: 0.210
2026-03-29 16:06:07 | INFO | Episode  320 - Reward: 47.000, Length: 47, Loss: 3.4048, Entropy: 0.6127, Epsilon: 0.208
2026-03-29 16:06:07 | INFO | Episode  321 - Reward: 184.000, Length: 184, Loss: 4.6290, Entropy: 0.6111, Epsilon: 0.206
2026-03-29 16:06:08 | INFO | Episode  322 - Reward: 58.000, Length: 58, Loss: 4.2569, Entropy: 0.6132, Epsilon: 0.203
2026-03-29 16:06:08 | INFO | Episode  323 - Reward: 96.000, Length: 96, Loss: 2.5466, Entropy: 0.6109, Epsilon: 0.201
2026-03-29 16:06:09 | INFO | Episode  324 - Reward: 102.000, Length: 102, Loss: 3.2929, Entropy: 0.6070, Epsilon: 0.198
2026-03-29 16:06:09 | INFO | Episode  325 - Reward: 105.000, Length: 105, Loss: 3.3082, Entropy: 0.6165, Epsilon: 0.196
2026-03-29 16:06:10 | INFO | Episode  326 - Reward: 87.000, Length: 87, Loss: 3.7644, Entropy: 0.6008, Epsilon: 0.193
2026-03-29 16:06:10 | INFO | Episode  327 - Reward: 96.000, Length: 96, Loss: 3.2179, Entropy: 0.6089, Epsilon: 0.191
2026-03-29 16:06:10 | INFO | Episode  328 - Reward: 103.000, Length: 103, Loss: 3.6403, Entropy: 0.6080, Epsilon: 0.188
2026-03-29 16:06:11 | INFO | Episode  329 - Reward: 129.000, Length: 129, Loss: 2.8938, Entropy: 0.6022, Epsilon: 0.186
2026-03-29 16:06:11 | INFO | Episode  330 - Reward: 74.000, Length: 74, Loss: 5.5324, Entropy: 0.6027, Epsilon: 0.183
2026-03-29 16:06:12 | INFO | Episode  331 - Reward: 65.000, Length: 65, Loss: 4.9600, Entropy: 0.5962, Epsilon: 0.181
2026-03-29 16:06:12 | INFO | Episode  332 - Reward: 85.000, Length: 85, Loss: 4.0150, Entropy: 0.6049, Epsilon: 0.178
2026-03-29 16:06:13 | INFO | Episode  333 - Reward: 107.000, Length: 107, Loss: 3.8455, Entropy: 0.5978, Epsilon: 0.176
2026-03-29 16:06:13 | INFO | Episode  334 - Reward: 80.000, Length: 80, Loss: 6.4891, Entropy: 0.5955, Epsilon: 0.173
2026-03-29 16:06:14 | INFO | Episode  335 - Reward: 200.000, Length: 200, Loss: 4.4588, Entropy: 0.5922, Epsilon: 0.171
2026-03-29 16:06:14 | INFO | Episode  336 - Reward: 52.000, Length: 52, Loss: 4.4065, Entropy: 0.5879, Epsilon: 0.168
2026-03-29 16:06:15 | INFO | Episode  337 - Reward: 36.000, Length: 36, Loss: 4.8422, Entropy: 0.5862, Epsilon: 0.166
2026-03-29 16:06:15 | INFO | Episode  338 - Reward: 46.000, Length: 46, Loss: 5.6099, Entropy: 0.5858, Epsilon: 0.163
2026-03-29 16:06:16 | INFO | Episode  339 - Reward: 64.000, Length: 64, Loss: 5.3324, Entropy: 0.5764, Epsilon: 0.161
2026-03-29 16:06:16 | INFO | Episode  340 - Reward: 50.000, Length: 50, Loss: 5.2472, Entropy: 0.5868, Epsilon: 0.158
2026-03-29 16:06:17 | INFO | Episode  341 - Reward: 33.000, Length: 33, Loss: 6.3890, Entropy: 0.5915, Epsilon: 0.156
2026-03-29 16:06:17 | INFO | Episode  342 - Reward: 26.000, Length: 26, Loss: 4.6006, Entropy: 0.5812, Epsilon: 0.154
2026-03-29 16:06:18 | INFO | Episode  343 - Reward: 80.000, Length: 80, Loss: 5.1598, Entropy: 0.5820, Epsilon: 0.151
2026-03-29 16:06:18 | INFO | Episode  344 - Reward: 69.000, Length: 69, Loss: 8.9470, Entropy: 0.5940, Epsilon: 0.149
2026-03-29 16:06:19 | INFO | Episode  345 - Reward: 115.000, Length: 115, Loss: 15.2664, Entropy: 0.5945, Epsilon: 0.146
2026-03-29 16:06:19 | INFO | Episode  346 - Reward: 124.000, Length: 124, Loss: 16.9668, Entropy: 0.5976, Epsilon: 0.144
2026-03-29 16:06:20 | INFO | Episode  347 - Reward: 38.000, Length: 38, Loss: 16.9041, Entropy: 0.6119, Epsilon: 0.141
2026-03-29 16:06:20 | INFO | Episode  348 - Reward: 45.000, Length: 45, Loss: 13.9288, Entropy: 0.6207, Epsilon: 0.139
2026-03-29 16:06:21 | INFO | Episode  349 - Reward: 85.000, Length: 85, Loss: 11.3816, Entropy: 0.6167, Epsilon: 0.136
2026-03-29 16:06:21 | INFO | Episode  350 - Reward: 44.000, Length: 44, Loss: 3.7280, Entropy: 0.6096, Epsilon: 0.134
2026-03-29 16:06:24 | INFO | [Episode  350] eps=0.134  avg_reward=  77.720  avg_length= 77.72  avg_loss=  5.1824  avg_entropy=0.6096  eval_success=0.000
2026-03-29 16:06:24 | INFO | Episode  351 - Reward: 43.000, Length: 43, Loss: 3.7482, Entropy: 0.6217, Epsilon: 0.131
2026-03-29 16:06:24 | INFO | Episode  352 - Reward: 110.000, Length: 110, Loss: 3.7798, Entropy: 0.6128, Epsilon: 0.129
2026-03-29 16:06:25 | INFO | Episode  353 - Reward: 36.000, Length: 36, Loss: 3.4101, Entropy: 0.6079, Epsilon: 0.126
2026-03-29 16:06:25 | INFO | Episode  354 - Reward: 69.000, Length: 69, Loss: 2.8187, Entropy: 0.6144, Epsilon: 0.124
2026-03-29 16:06:26 | INFO | Episode  355 - Reward: 171.000, Length: 171, Loss: 4.4734, Entropy: 0.6086, Epsilon: 0.121
2026-03-29 16:06:26 | INFO | Episode  356 - Reward: 104.000, Length: 104, Loss: 3.7566, Entropy: 0.6064, Epsilon: 0.119
2026-03-29 16:06:27 | INFO | Episode  357 - Reward: 58.000, Length: 58, Loss: 3.4144, Entropy: 0.6076, Epsilon: 0.116
2026-03-29 16:06:27 | INFO | Episode  358 - Reward: 50.000, Length: 50, Loss: 3.2827, Entropy: 0.6037, Epsilon: 0.114
2026-03-29 16:06:28 | INFO | Episode  359 - Reward: 104.000, Length: 104, Loss: 2.8637, Entropy: 0.6082, Epsilon: 0.111
2026-03-29 16:06:28 | INFO | Episode  360 - Reward: 142.000, Length: 142, Loss: 4.9244, Entropy: 0.5942, Epsilon: 0.109
2026-03-29 16:06:29 | INFO | Episode  361 - Reward: 105.000, Length: 105, Loss: 3.4145, Entropy: 0.5987, Epsilon: 0.107
2026-03-29 16:06:29 | INFO | Episode  362 - Reward: 158.000, Length: 158, Loss: 4.9985, Entropy: 0.5971, Epsilon: 0.104
2026-03-29 16:06:30 | INFO | Episode  363 - Reward: 140.000, Length: 140, Loss: 4.3585, Entropy: 0.5953, Epsilon: 0.102
2026-03-29 16:06:30 | INFO | Episode  364 - Reward: 114.000, Length: 114, Loss: 4.2974, Entropy: 0.5878, Epsilon: 0.099
2026-03-29 16:06:30 | INFO | Episode  365 - Reward: 61.000, Length: 61, Loss: 6.6831, Entropy: 0.5888, Epsilon: 0.097
2026-03-29 16:06:31 | INFO | Episode  366 - Reward: 103.000, Length: 103, Loss: 5.3596, Entropy: 0.5936, Epsilon: 0.094
2026-03-29 16:06:31 | INFO | Episode  367 - Reward: 169.000, Length: 169, Loss: 3.7466, Entropy: 0.5941, Epsilon: 0.092
2026-03-29 16:06:32 | INFO | Episode  368 - Reward: 48.000, Length: 48, Loss: 4.6740, Entropy: 0.6023, Epsilon: 0.089
2026-03-29 16:06:32 | INFO | Episode  369 - Reward: 119.000, Length: 119, Loss: 4.7445, Entropy: 0.5995, Epsilon: 0.087
2026-03-29 16:06:33 | INFO | Episode  370 - Reward: 129.000, Length: 129, Loss: 4.1498, Entropy: 0.5988, Epsilon: 0.084
2026-03-29 16:06:33 | INFO | Episode  371 - Reward: 200.000, Length: 200, Loss: 4.6678, Entropy: 0.5932, Epsilon: 0.082
2026-03-29 16:06:34 | INFO | Episode  372 - Reward: 108.000, Length: 108, Loss: 4.1246, Entropy: 0.5857, Epsilon: 0.079
2026-03-29 16:06:34 | INFO | Episode  373 - Reward: 117.000, Length: 117, Loss: 4.2249, Entropy: 0.5931, Epsilon: 0.077
2026-03-29 16:06:35 | INFO | Episode  374 - Reward: 166.000, Length: 166, Loss: 3.5723, Entropy: 0.5846, Epsilon: 0.074
2026-03-29 16:06:35 | INFO | Episode  375 - Reward: 104.000, Length: 104, Loss: 4.7728, Entropy: 0.5926, Epsilon: 0.072
2026-03-29 16:06:36 | INFO | Episode  376 - Reward: 134.000, Length: 134, Loss: 4.1666, Entropy: 0.5875, Epsilon: 0.069
2026-03-29 16:06:37 | INFO | Episode  377 - Reward: 130.000, Length: 130, Loss: 3.0888, Entropy: 0.5864, Epsilon: 0.067
2026-03-29 16:06:37 | INFO | Episode  378 - Reward: 111.000, Length: 111, Loss: 5.2835, Entropy: 0.5825, Epsilon: 0.064
2026-03-29 16:06:38 | INFO | Episode  379 - Reward: 200.000, Length: 200, Loss: 7.0215, Entropy: 0.5890, Epsilon: 0.062
2026-03-29 16:06:39 | INFO | Episode  380 - Reward: 200.000, Length: 200, Loss: 4.4522, Entropy: 0.5913, Epsilon: 0.059
2026-03-29 16:06:39 | INFO | Episode  381 - Reward: 147.000, Length: 147, Loss: 4.9766, Entropy: 0.5818, Epsilon: 0.057
2026-03-29 16:06:40 | INFO | Episode  382 - Reward: 200.000, Length: 200, Loss: 3.2911, Entropy: 0.5911, Epsilon: 0.055
2026-03-29 16:06:41 | INFO | Episode  383 - Reward: 200.000, Length: 200, Loss: 3.9094, Entropy: 0.5825, Epsilon: 0.052
2026-03-29 16:06:41 | INFO | Episode  384 - Reward: 200.000, Length: 200, Loss: 6.9496, Entropy: 0.5845, Epsilon: 0.050
2026-03-29 16:06:42 | INFO | Episode  385 - Reward: 200.000, Length: 200, Loss: 18.6257, Entropy: 0.5894, Epsilon: 0.047
2026-03-29 16:06:43 | INFO | Episode  386 - Reward: 200.000, Length: 200, Loss: 3.1134, Entropy: 0.5954, Epsilon: 0.045
2026-03-29 16:06:43 | INFO | Episode  387 - Reward: 200.000, Length: 200, Loss: 2.8222, Entropy: 0.5953, Epsilon: 0.042
2026-03-29 16:06:44 | INFO | Episode  388 - Reward: 200.000, Length: 200, Loss: 2.2605, Entropy: 0.5841, Epsilon: 0.040
2026-03-29 16:06:45 | INFO | Episode  389 - Reward: 200.000, Length: 200, Loss: 2.9747, Entropy: 0.5902, Epsilon: 0.037
2026-03-29 16:06:45 | INFO | Episode  390 - Reward: 200.000, Length: 200, Loss: 2.0038, Entropy: 0.5912, Epsilon: 0.035
2026-03-29 16:06:46 | INFO | Episode  391 - Reward: 200.000, Length: 200, Loss: 3.0473, Entropy: 0.5905, Epsilon: 0.032
2026-03-29 16:06:47 | INFO | Episode  392 - Reward: 200.000, Length: 200, Loss: 2.6426, Entropy: 0.5906, Epsilon: 0.030
2026-03-29 16:06:47 | INFO | Episode  393 - Reward: 200.000, Length: 200, Loss: 3.8174, Entropy: 0.5792, Epsilon: 0.027
2026-03-29 16:06:48 | INFO | Episode  394 - Reward: 200.000, Length: 200, Loss: 2.7355, Entropy: 0.5952, Epsilon: 0.025
2026-03-29 16:06:49 | INFO | Episode  395 - Reward: 200.000, Length: 200, Loss: 3.0143, Entropy: 0.5916, Epsilon: 0.022
2026-03-29 16:06:49 | INFO | Episode  396 - Reward: 200.000, Length: 200, Loss: 4.3303, Entropy: 0.5867, Epsilon: 0.020
2026-03-29 16:06:50 | INFO | Episode  397 - Reward: 200.000, Length: 200, Loss: 4.5175, Entropy: 0.5844, Epsilon: 0.017
2026-03-29 16:06:51 | INFO | Episode  398 - Reward: 200.000, Length: 200, Loss: 3.9494, Entropy: 0.5839, Epsilon: 0.015
2026-03-29 16:06:51 | INFO | Episode  399 - Reward: 200.000, Length: 200, Loss: 3.2110, Entropy: 0.5903, Epsilon: 0.012
2026-03-29 16:06:52 | INFO | Episode  400 - Reward: 200.000, Length: 200, Loss: 2.7401, Entropy: 0.5880, Epsilon: 0.010
2026-03-29 16:07:07 | INFO | [Episode  400] eps=0.010  avg_reward= 149.000  avg_length=149.00  avg_loss=  4.2641  avg_entropy=0.5880  eval_success=1.000
2026-03-29 16:07:07 | INFO | Episode  401 - Reward: 200.000, Length: 200, Loss: 2.4922, Entropy: 0.5878, Epsilon: 0.010
2026-03-29 16:07:08 | INFO | Episode  402 - Reward: 200.000, Length: 200, Loss: 3.6743, Entropy: 0.5814, Epsilon: 0.010
2026-03-29 16:07:08 | INFO | Episode  403 - Reward: 200.000, Length: 200, Loss: 2.0730, Entropy: 0.5845, Epsilon: 0.010
2026-03-29 16:07:09 | INFO | Episode  404 - Reward: 200.000, Length: 200, Loss: 3.0771, Entropy: 0.5803, Epsilon: 0.010
2026-03-29 16:07:09 | INFO | Episode  405 - Reward: 200.000, Length: 200, Loss: 1.9146, Entropy: 0.5874, Epsilon: 0.010
2026-03-29 16:07:10 | INFO | Episode  406 - Reward: 200.000, Length: 200, Loss: 4.5736, Entropy: 0.5793, Epsilon: 0.010
2026-03-29 16:07:10 | INFO | Episode  407 - Reward: 200.000, Length: 200, Loss: 11.2894, Entropy: 0.5832, Epsilon: 0.010
2026-03-29 16:07:11 | INFO | Episode  408 - Reward: 200.000, Length: 200, Loss: 15.2998, Entropy: 0.5882, Epsilon: 0.010
2026-03-29 16:07:11 | INFO | Episode  409 - Reward: 200.000, Length: 200, Loss: 2.0421, Entropy: 0.5903, Epsilon: 0.010
2026-03-29 16:07:12 | INFO | Episode  410 - Reward: 200.000, Length: 200, Loss: 1.9521, Entropy: 0.5899, Epsilon: 0.010
2026-03-29 16:07:12 | INFO | Episode  411 - Reward: 200.000, Length: 200, Loss: 2.4738, Entropy: 0.5872, Epsilon: 0.010
2026-03-29 16:07:13 | INFO | Episode  412 - Reward: 200.000, Length: 200, Loss: 2.8760, Entropy: 0.5847, Epsilon: 0.010
2026-03-29 16:07:13 | INFO | Episode  413 - Reward: 200.000, Length: 200, Loss: 3.1848, Entropy: 0.5921, Epsilon: 0.010
2026-03-29 16:07:14 | INFO | Episode  414 - Reward: 200.000, Length: 200, Loss: 2.4585, Entropy: 0.5827, Epsilon: 0.010
2026-03-29 16:07:14 | INFO | Episode  415 - Reward: 200.000, Length: 200, Loss: 2.7804, Entropy: 0.5872, Epsilon: 0.010
2026-03-29 16:07:15 | INFO | Episode  416 - Reward: 200.000, Length: 200, Loss: 2.3824, Entropy: 0.5935, Epsilon: 0.010
2026-03-29 16:07:15 | INFO | Episode  417 - Reward: 200.000, Length: 200, Loss: 3.5466, Entropy: 0.5812, Epsilon: 0.010
2026-03-29 16:07:16 | INFO | Episode  418 - Reward: 200.000, Length: 200, Loss: 4.4006, Entropy: 0.5725, Epsilon: 0.010
2026-03-29 16:07:16 | INFO | Episode  419 - Reward: 200.000, Length: 200, Loss: 2.7866, Entropy: 0.5840, Epsilon: 0.010
2026-03-29 16:07:16 | INFO | Episode  420 - Reward: 200.000, Length: 200, Loss: 2.9708, Entropy: 0.5824, Epsilon: 0.010
2026-03-29 16:07:17 | INFO | Episode  421 - Reward: 200.000, Length: 200, Loss: 5.1055, Entropy: 0.5723, Epsilon: 0.010
2026-03-29 16:07:17 | INFO | Episode  422 - Reward: 200.000, Length: 200, Loss: 4.2036, Entropy: 0.5734, Epsilon: 0.010
2026-03-29 16:07:18 | INFO | Episode  423 - Reward: 200.000, Length: 200, Loss: 3.1117, Entropy: 0.5859, Epsilon: 0.010
2026-03-29 16:07:19 | INFO | Episode  424 - Reward: 200.000, Length: 200, Loss: 2.0538, Entropy: 0.5783, Epsilon: 0.010
2026-03-29 16:07:19 | INFO | Episode  425 - Reward: 200.000, Length: 200, Loss: 1.6645, Entropy: 0.5813, Epsilon: 0.010
2026-03-29 16:07:20 | INFO | Episode  426 - Reward: 200.000, Length: 200, Loss: 3.9238, Entropy: 0.5806, Epsilon: 0.010
2026-03-29 16:07:20 | INFO | Episode  427 - Reward: 200.000, Length: 200, Loss: 3.8122, Entropy: 0.5853, Epsilon: 0.010
2026-03-29 16:07:21 | INFO | Episode  428 - Reward: 200.000, Length: 200, Loss: 3.9106, Entropy: 0.5865, Epsilon: 0.010
2026-03-29 16:07:22 | INFO | Episode  429 - Reward: 200.000, Length: 200, Loss: 2.6411, Entropy: 0.5865, Epsilon: 0.010
2026-03-29 16:07:22 | INFO | Episode  430 - Reward: 200.000, Length: 200, Loss: 4.1703, Entropy: 0.5680, Epsilon: 0.010
2026-03-29 16:07:23 | INFO | Episode  431 - Reward: 200.000, Length: 200, Loss: 4.0984, Entropy: 0.5850, Epsilon: 0.010
2026-03-29 16:07:24 | INFO | Episode  432 - Reward: 200.000, Length: 200, Loss: 1.1383, Entropy: 0.5971, Epsilon: 0.010
2026-03-29 16:07:24 | INFO | Episode  433 - Reward: 200.000, Length: 200, Loss: 2.0744, Entropy: 0.5962, Epsilon: 0.010
2026-03-29 16:07:25 | INFO | Episode  434 - Reward: 200.000, Length: 200, Loss: 3.0737, Entropy: 0.5930, Epsilon: 0.010
2026-03-29 16:07:26 | INFO | Episode  435 - Reward: 200.000, Length: 200, Loss: 5.9963, Entropy: 0.5935, Epsilon: 0.010
2026-03-29 16:07:26 | INFO | Episode  436 - Reward: 200.000, Length: 200, Loss: 1.5404, Entropy: 0.5959, Epsilon: 0.010
2026-03-29 16:07:27 | INFO | Episode  437 - Reward: 200.000, Length: 200, Loss: 2.3959, Entropy: 0.5788, Epsilon: 0.010
2026-03-29 16:07:28 | INFO | Episode  438 - Reward: 200.000, Length: 200, Loss: 1.7623, Entropy: 0.5904, Epsilon: 0.010
2026-03-29 16:07:28 | INFO | Episode  439 - Reward: 200.000, Length: 200, Loss: 2.2672, Entropy: 0.6017, Epsilon: 0.010
2026-03-29 16:07:29 | INFO | Episode  440 - Reward: 200.000, Length: 200, Loss: 2.4392, Entropy: 0.6060, Epsilon: 0.010
2026-03-29 16:07:30 | INFO | Episode  441 - Reward: 200.000, Length: 200, Loss: 2.2582, Entropy: 0.6027, Epsilon: 0.010
2026-03-29 16:07:30 | INFO | Episode  442 - Reward: 200.000, Length: 200, Loss: 1.8698, Entropy: 0.5946, Epsilon: 0.010
2026-03-29 16:07:31 | INFO | Episode  443 - Reward: 200.000, Length: 200, Loss: 2.1560, Entropy: 0.5948, Epsilon: 0.010
2026-03-29 16:07:31 | INFO | Episode  444 - Reward: 200.000, Length: 200, Loss: 2.2960, Entropy: 0.6028, Epsilon: 0.010
2026-03-29 16:07:32 | INFO | Episode  445 - Reward: 200.000, Length: 200, Loss: 1.8912, Entropy: 0.5988, Epsilon: 0.010
2026-03-29 16:07:33 | INFO | Episode  446 - Reward: 200.000, Length: 200, Loss: 2.0819, Entropy: 0.5964, Epsilon: 0.010
2026-03-29 16:07:34 | INFO | Episode  447 - Reward: 200.000, Length: 200, Loss: 1.4655, Entropy: 0.6064, Epsilon: 0.010
2026-03-29 16:07:34 | INFO | Episode  448 - Reward: 200.000, Length: 200, Loss: 1.3457, Entropy: 0.6047, Epsilon: 0.010
2026-03-29 16:07:35 | INFO | Episode  449 - Reward: 200.000, Length: 200, Loss: 3.7772, Entropy: 0.6057, Epsilon: 0.010
2026-03-29 16:07:35 | INFO | Episode  450 - Reward: 200.000, Length: 200, Loss: 2.4124, Entropy: 0.6055, Epsilon: 0.010
2026-03-29 16:07:49 | INFO | [Episode  450] eps=0.010  avg_reward= 200.000  avg_length=200.00  avg_loss=  3.2237  avg_entropy=0.6055  eval_success=1.000
2026-03-29 16:07:49 | INFO | Episode  451 - Reward: 200.000, Length: 200, Loss: 1.1947, Entropy: 0.6079, Epsilon: 0.010
2026-03-29 16:07:49 | INFO | Episode  452 - Reward: 200.000, Length: 200, Loss: 1.3452, Entropy: 0.6123, Epsilon: 0.010
2026-03-29 16:07:50 | INFO | Episode  453 - Reward: 200.000, Length: 200, Loss: 0.8754, Entropy: 0.6122, Epsilon: 0.010
2026-03-29 16:07:50 | INFO | Episode  454 - Reward: 200.000, Length: 200, Loss: 1.4018, Entropy: 0.6141, Epsilon: 0.010
2026-03-29 16:07:50 | INFO | Episode  455 - Reward: 200.000, Length: 200, Loss: 2.2108, Entropy: 0.6135, Epsilon: 0.010
2026-03-29 16:07:51 | INFO | Episode  456 - Reward: 200.000, Length: 200, Loss: 1.5576, Entropy: 0.6143, Epsilon: 0.010
2026-03-29 16:07:51 | INFO | Episode  457 - Reward: 200.000, Length: 200, Loss: 1.5981, Entropy: 0.6206, Epsilon: 0.010
2026-03-29 16:07:52 | INFO | Episode  458 - Reward: 200.000, Length: 200, Loss: 1.0500, Entropy: 0.6223, Epsilon: 0.010
2026-03-29 16:07:52 | INFO | Episode  459 - Reward: 200.000, Length: 200, Loss: 1.0249, Entropy: 0.6200, Epsilon: 0.010
2026-03-29 16:07:52 | INFO | Episode  460 - Reward: 200.000, Length: 200, Loss: 2.5709, Entropy: 0.6254, Epsilon: 0.010
2026-03-29 16:07:53 | INFO | Episode  461 - Reward: 200.000, Length: 200, Loss: 1.4188, Entropy: 0.6294, Epsilon: 0.010
2026-03-29 16:07:54 | INFO | Episode  462 - Reward: 200.000, Length: 200, Loss: 1.4864, Entropy: 0.6253, Epsilon: 0.010
2026-03-29 16:07:54 | INFO | Episode  463 - Reward: 200.000, Length: 200, Loss: 1.0051, Entropy: 0.6308, Epsilon: 0.010
2026-03-29 16:07:54 | INFO | Episode  464 - Reward: 200.000, Length: 200, Loss: 1.3825, Entropy: 0.6276, Epsilon: 0.010
2026-03-29 16:07:55 | INFO | Episode  465 - Reward: 200.000, Length: 200, Loss: 0.7212, Entropy: 0.6343, Epsilon: 0.010
2026-03-29 16:07:55 | INFO | Episode  466 - Reward: 200.000, Length: 200, Loss: 1.0415, Entropy: 0.6326, Epsilon: 0.010
2026-03-29 16:07:55 | INFO | Episode  467 - Reward: 200.000, Length: 200, Loss: 1.4347, Entropy: 0.6255, Epsilon: 0.010
2026-03-29 16:07:56 | INFO | Episode  468 - Reward: 200.000, Length: 200, Loss: 1.2252, Entropy: 0.6270, Epsilon: 0.010
2026-03-29 16:07:56 | INFO | Episode  469 - Reward: 200.000, Length: 200, Loss: 1.7877, Entropy: 0.6363, Epsilon: 0.010
2026-03-29 16:07:56 | INFO | Episode  470 - Reward: 200.000, Length: 200, Loss: 2.4216, Entropy: 0.6376, Epsilon: 0.010
2026-03-29 16:07:57 | INFO | Episode  471 - Reward: 200.000, Length: 200, Loss: 1.2842, Entropy: 0.6385, Epsilon: 0.010
2026-03-29 16:07:57 | INFO | Episode  472 - Reward: 200.000, Length: 200, Loss: 1.2363, Entropy: 0.6385, Epsilon: 0.010
2026-03-29 16:07:57 | INFO | Episode  473 - Reward: 200.000, Length: 200, Loss: 1.7642, Entropy: 0.6402, Epsilon: 0.010
2026-03-29 16:07:58 | INFO | Episode  474 - Reward: 200.000, Length: 200, Loss: 1.0168, Entropy: 0.6380, Epsilon: 0.010
2026-03-29 16:07:58 | INFO | Episode  475 - Reward: 200.000, Length: 200, Loss: 0.5027, Entropy: 0.6447, Epsilon: 0.010
2026-03-29 16:07:59 | INFO | Episode  476 - Reward: 200.000, Length: 200, Loss: 0.7783, Entropy: 0.6438, Epsilon: 0.010
2026-03-29 16:07:59 | INFO | Episode  477 - Reward: 200.000, Length: 200, Loss: 0.8749, Entropy: 0.6422, Epsilon: 0.010
2026-03-29 16:07:59 | INFO | Episode  478 - Reward: 200.000, Length: 200, Loss: 1.0958, Entropy: 0.6502, Epsilon: 0.010
2026-03-29 16:08:00 | INFO | Episode  479 - Reward: 200.000, Length: 200, Loss: 0.8871, Entropy: 0.6444, Epsilon: 0.010
2026-03-29 16:08:00 | INFO | Episode  480 - Reward: 200.000, Length: 200, Loss: 1.4976, Entropy: 0.6458, Epsilon: 0.010
2026-03-29 16:08:00 | INFO | Episode  481 - Reward: 200.000, Length: 200, Loss: 0.9522, Entropy: 0.6460, Epsilon: 0.010
2026-03-29 16:08:01 | INFO | Episode  482 - Reward: 200.000, Length: 200, Loss: 0.6287, Entropy: 0.6566, Epsilon: 0.010
2026-03-29 16:08:01 | INFO | Episode  483 - Reward: 200.000, Length: 200, Loss: 0.5030, Entropy: 0.6495, Epsilon: 0.010
2026-03-29 16:08:02 | INFO | Episode  484 - Reward: 200.000, Length: 200, Loss: 1.7150, Entropy: 0.6369, Epsilon: 0.010
2026-03-29 16:08:02 | INFO | Episode  485 - Reward: 200.000, Length: 200, Loss: 1.1206, Entropy: 0.6567, Epsilon: 0.010
2026-03-29 16:08:02 | INFO | Episode  486 - Reward: 200.000, Length: 200, Loss: 1.0237, Entropy: 0.6565, Epsilon: 0.010
2026-03-29 16:08:03 | INFO | Episode  487 - Reward: 200.000, Length: 200, Loss: 0.8755, Entropy: 0.6591, Epsilon: 0.010
2026-03-29 16:08:03 | INFO | Episode  488 - Reward: 200.000, Length: 200, Loss: 0.7892, Entropy: 0.6586, Epsilon: 0.010
2026-03-29 16:08:04 | INFO | Episode  489 - Reward: 200.000, Length: 200, Loss: 1.0319, Entropy: 0.6560, Epsilon: 0.010
2026-03-29 16:08:04 | INFO | Episode  490 - Reward: 200.000, Length: 200, Loss: 0.7166, Entropy: 0.6563, Epsilon: 0.010
2026-03-29 16:08:04 | INFO | Episode  491 - Reward: 200.000, Length: 200, Loss: 0.8000, Entropy: 0.6592, Epsilon: 0.010
2026-03-29 16:08:05 | INFO | Episode  492 - Reward: 200.000, Length: 200, Loss: 1.1816, Entropy: 0.6612, Epsilon: 0.010
2026-03-29 16:08:05 | INFO | Episode  493 - Reward: 200.000, Length: 200, Loss: 1.8556, Entropy: 0.6605, Epsilon: 0.010
2026-03-29 16:08:06 | INFO | Episode  494 - Reward: 200.000, Length: 200, Loss: 1.2584, Entropy: 0.6616, Epsilon: 0.010
2026-03-29 16:08:06 | INFO | Episode  495 - Reward: 200.000, Length: 200, Loss: 0.7409, Entropy: 0.6650, Epsilon: 0.010
2026-03-29 16:08:06 | INFO | Episode  496 - Reward: 200.000, Length: 200, Loss: 0.5960, Entropy: 0.6629, Epsilon: 0.010
2026-03-29 16:08:07 | INFO | Episode  497 - Reward: 200.000, Length: 200, Loss: 0.4070, Entropy: 0.6657, Epsilon: 0.010
2026-03-29 16:08:07 | INFO | Episode  498 - Reward: 200.000, Length: 200, Loss: 0.5431, Entropy: 0.6657, Epsilon: 0.010
2026-03-29 16:08:08 | INFO | Episode  499 - Reward: 200.000, Length: 200, Loss: 1.1012, Entropy: 0.6672, Epsilon: 0.010
2026-03-29 16:08:08 | INFO | Episode  500 - Reward: 200.000, Length: 200, Loss: 0.9333, Entropy: 0.6698, Epsilon: 0.010
2026-03-29 16:08:16 | INFO | [Episode  500] eps=0.010  avg_reward= 200.000  avg_length=200.00  avg_loss=  1.1693  avg_entropy=0.6698  eval_success=1.000
2026-03-29 16:08:16 | INFO | Early stopping at episode 500 — eval_success >= 0.99 for 3 consecutive evals
2026-03-29 16:08:16 | INFO | DQN+Entropy training: 5m 20.98s
2026-03-29 16:08:44 | INFO | [Final Eval] success=1.000, mean_reward=200.000
