2026-03-29 04:19:07 | INFO | ============================================================
2026-03-29 04:19:07 | INFO | DEVICE / COMPUTE INFORMATION
2026-03-29 04:19:07 | INFO |   JAX backend       : GPU
2026-03-29 04:19:07 | INFO |   Platform          : gpu
2026-03-29 04:19:07 | INFO |   Num devices       : 2
2026-03-29 04:19:07 | INFO |   Device            : cuda:0
2026-03-29 04:19:07 | INFO |   Device            : cuda:1
2026-03-29 04:19:07 | INFO |   GPU name          : Tesla T4
2026-03-29 04:19:07 | INFO | ============================================================
2026-03-29 04:19:07 | INFO | DQN+Entropy | seed=0, lr=0.0005, gamma=0.99, alpha=0.01
2026-03-29 04:19:07 | INFO | Env: cartpole/dense, obs_dim=4, num_actions=2
2026-03-29 04:19:11 | INFO | Episode    1 - Reward: 11.000, Length: 11, Loss: 0.0000, Entropy: 0.0000, Epsilon: 0.998
2026-03-29 04:19:13 | INFO | Episode    2 - Reward: 28.000, Length: 28, Loss: 0.0000, Entropy: 0.0000, Epsilon: 0.995
2026-03-29 04:19:15 | INFO | Episode    3 - Reward: 27.000, Length: 27, Loss: 0.0000, Entropy: 0.0000, Epsilon: 0.993
2026-03-29 04:19:17 | INFO | Episode    4 - Reward: 12.000, Length: 12, Loss: 0.0000, Entropy: 0.0000, Epsilon: 0.990
2026-03-29 04:19:19 | INFO | Episode    5 - Reward: 29.000, Length: 29, Loss: 0.0000, Entropy: 0.0000, Epsilon: 0.988
2026-03-29 04:19:21 | INFO | Episode    6 - Reward: 15.000, Length: 15, Loss: 0.0000, Entropy: 0.0000, Epsilon: 0.985
2026-03-29 04:19:23 | INFO | Episode    7 - Reward: 16.000, Length: 16, Loss: 0.0000, Entropy: 0.0000, Epsilon: 0.983
2026-03-29 04:19:25 | INFO | Episode    8 - Reward: 21.000, Length: 21, Loss: 0.0000, Entropy: 0.0000, Epsilon: 0.980
2026-03-29 04:19:27 | INFO | Episode    9 - Reward: 16.000, Length: 16, Loss: 0.0000, Entropy: 0.0000, Epsilon: 0.978
2026-03-29 04:19:29 | INFO | Episode   10 - Reward: 34.000, Length: 34, Loss: 0.0000, Entropy: 0.0000, Epsilon: 0.975
2026-03-29 04:19:31 | INFO | Episode   11 - Reward: 16.000, Length: 16, Loss: 0.0000, Entropy: 0.0000, Epsilon: 0.973
2026-03-29 04:19:33 | INFO | Episode   12 - Reward: 12.000, Length: 12, Loss: 0.0000, Entropy: 0.0000, Epsilon: 0.970
2026-03-29 04:19:35 | INFO | Episode   13 - Reward: 12.000, Length: 12, Loss: 0.0000, Entropy: 0.0000, Epsilon: 0.968
2026-03-29 04:19:40 | INFO | Episode   14 - Reward: 29.000, Length: 29, Loss: 1.0023, Entropy: 0.6931, Epsilon: 0.965
2026-03-29 04:19:42 | INFO | Episode   15 - Reward: 13.000, Length: 13, Loss: 0.9973, Entropy: 0.6931, Epsilon: 0.963
2026-03-29 04:19:44 | INFO | Episode   16 - Reward: 14.000, Length: 14, Loss: 0.9922, Entropy: 0.6931, Epsilon: 0.960
2026-03-29 04:19:46 | INFO | Episode   17 - Reward: 28.000, Length: 28, Loss: 0.9887, Entropy: 0.6931, Epsilon: 0.958
2026-03-29 04:19:48 | INFO | Episode   18 - Reward: 14.000, Length: 14, Loss: 0.9810, Entropy: 0.6931, Epsilon: 0.955
2026-03-29 04:19:50 | INFO | Episode   19 - Reward: 45.000, Length: 45, Loss: 0.9752, Entropy: 0.6931, Epsilon: 0.953
2026-03-29 04:19:52 | INFO | Episode   20 - Reward: 43.000, Length: 43, Loss: 0.9718, Entropy: 0.6931, Epsilon: 0.951
2026-03-29 04:19:54 | INFO | Episode   21 - Reward: 28.000, Length: 28, Loss: 0.9640, Entropy: 0.6931, Epsilon: 0.948
2026-03-29 04:19:56 | INFO | Episode   22 - Reward: 26.000, Length: 26, Loss: 0.9604, Entropy: 0.6931, Epsilon: 0.946
2026-03-29 04:19:59 | INFO | Episode   23 - Reward: 44.000, Length: 44, Loss: 0.9539, Entropy: 0.6931, Epsilon: 0.943
2026-03-29 04:20:01 | INFO | Episode   24 - Reward: 27.000, Length: 27, Loss: 0.9978, Entropy: 0.6931, Epsilon: 0.941
2026-03-29 04:20:03 | INFO | Episode   25 - Reward: 16.000, Length: 16, Loss: 0.9929, Entropy: 0.6931, Epsilon: 0.938
2026-03-29 04:20:05 | INFO | Episode   26 - Reward: 22.000, Length: 22, Loss: 0.9868, Entropy: 0.6931, Epsilon: 0.936
2026-03-29 04:20:07 | INFO | Episode   27 - Reward: 25.000, Length: 25, Loss: 0.9798, Entropy: 0.6931, Epsilon: 0.933
2026-03-29 04:20:09 | INFO | Episode   28 - Reward: 14.000, Length: 14, Loss: 0.9772, Entropy: 0.6931, Epsilon: 0.931
2026-03-29 04:20:11 | INFO | Episode   29 - Reward: 27.000, Length: 27, Loss: 0.9719, Entropy: 0.6931, Epsilon: 0.928
2026-03-29 04:20:13 | INFO | Episode   30 - Reward: 8.000, Length: 8, Loss: 0.9651, Entropy: 0.6931, Epsilon: 0.926
2026-03-29 04:20:15 | INFO | Episode   31 - Reward: 37.000, Length: 37, Loss: 0.9620, Entropy: 0.6931, Epsilon: 0.923
2026-03-29 04:20:17 | INFO | Episode   32 - Reward: 14.000, Length: 14, Loss: 0.9521, Entropy: 0.6931, Epsilon: 0.921
2026-03-29 04:20:19 | INFO | Episode   33 - Reward: 36.000, Length: 36, Loss: 0.9501, Entropy: 0.6931, Epsilon: 0.918
2026-03-29 04:20:21 | INFO | Episode   34 - Reward: 14.000, Length: 14, Loss: 0.9449, Entropy: 0.6931, Epsilon: 0.916
2026-03-29 04:20:24 | INFO | Episode   35 - Reward: 16.000, Length: 16, Loss: 0.9408, Entropy: 0.6931, Epsilon: 0.913
2026-03-29 04:20:26 | INFO | Episode   36 - Reward: 14.000, Length: 14, Loss: 0.9323, Entropy: 0.6931, Epsilon: 0.911
2026-03-29 04:20:28 | INFO | Episode   37 - Reward: 17.000, Length: 17, Loss: 0.9292, Entropy: 0.6931, Epsilon: 0.908
2026-03-29 04:20:30 | INFO | Episode   38 - Reward: 12.000, Length: 12, Loss: 0.9250, Entropy: 0.6931, Epsilon: 0.906
2026-03-29 04:20:32 | INFO | Episode   39 - Reward: 31.000, Length: 31, Loss: 0.9178, Entropy: 0.6931, Epsilon: 0.903
2026-03-29 04:20:35 | INFO | Episode   40 - Reward: 26.000, Length: 26, Loss: 0.9120, Entropy: 0.6931, Epsilon: 0.901
2026-03-29 04:20:37 | INFO | Episode   41 - Reward: 13.000, Length: 13, Loss: 0.9079, Entropy: 0.6931, Epsilon: 0.899
2026-03-29 04:20:39 | INFO | Episode   42 - Reward: 13.000, Length: 13, Loss: 0.9018, Entropy: 0.6931, Epsilon: 0.896
2026-03-29 04:20:41 | INFO | Episode   43 - Reward: 22.000, Length: 22, Loss: 0.8949, Entropy: 0.6931, Epsilon: 0.894
2026-03-29 04:20:43 | INFO | Episode   44 - Reward: 27.000, Length: 27, Loss: 0.8919, Entropy: 0.6931, Epsilon: 0.891
2026-03-29 04:20:45 | INFO | Episode   45 - Reward: 16.000, Length: 16, Loss: 0.8859, Entropy: 0.6931, Epsilon: 0.889
2026-03-29 04:20:47 | INFO | Episode   46 - Reward: 25.000, Length: 25, Loss: 0.8821, Entropy: 0.6931, Epsilon: 0.886
2026-03-29 04:20:49 | INFO | Episode   47 - Reward: 36.000, Length: 36, Loss: 0.9923, Entropy: 0.6931, Epsilon: 0.884
2026-03-29 04:20:52 | INFO | Episode   48 - Reward: 40.000, Length: 40, Loss: 0.9846, Entropy: 0.6931, Epsilon: 0.881
2026-03-29 04:20:54 | INFO | Episode   49 - Reward: 11.000, Length: 11, Loss: 0.9814, Entropy: 0.6931, Epsilon: 0.879
2026-03-29 04:20:56 | INFO | Episode   50 - Reward: 15.000, Length: 15, Loss: 0.9745, Entropy: 0.6931, Epsilon: 0.876
2026-03-29 04:21:04 | INFO | [Episode   50] eps=0.876  avg_reward=  22.140  avg_length= 22.14  avg_loss=  0.7064  avg_entropy=0.6931  eval_success=0.000
2026-03-29 04:21:06 | INFO | Episode   51 - Reward: 16.000, Length: 16, Loss: 0.9671, Entropy: 0.6931, Epsilon: 0.874
2026-03-29 04:21:08 | INFO | Episode   52 - Reward: 16.000, Length: 16, Loss: 0.9629, Entropy: 0.6931, Epsilon: 0.871
2026-03-29 04:21:10 | INFO | Episode   53 - Reward: 39.000, Length: 39, Loss: 0.9543, Entropy: 0.6931, Epsilon: 0.869
2026-03-29 04:21:12 | INFO | Episode   54 - Reward: 12.000, Length: 12, Loss: 0.9510, Entropy: 0.6931, Epsilon: 0.866
2026-03-29 04:21:14 | INFO | Episode   55 - Reward: 15.000, Length: 15, Loss: 0.9441, Entropy: 0.6931, Epsilon: 0.864
2026-03-29 04:21:16 | INFO | Episode   56 - Reward: 66.000, Length: 66, Loss: 0.9403, Entropy: 0.6931, Epsilon: 0.861
2026-03-29 04:21:18 | INFO | Episode   57 - Reward: 42.000, Length: 42, Loss: 0.9367, Entropy: 0.6931, Epsilon: 0.859
2026-03-29 04:21:21 | INFO | Episode   58 - Reward: 14.000, Length: 14, Loss: 0.9314, Entropy: 0.6931, Epsilon: 0.856
2026-03-29 04:21:23 | INFO | Episode   59 - Reward: 15.000, Length: 15, Loss: 0.9271, Entropy: 0.6931, Epsilon: 0.854
2026-03-29 04:21:25 | INFO | Episode   60 - Reward: 27.000, Length: 27, Loss: 0.9222, Entropy: 0.6931, Epsilon: 0.852
2026-03-29 04:21:27 | INFO | Episode   61 - Reward: 13.000, Length: 13, Loss: 0.9160, Entropy: 0.6931, Epsilon: 0.849
2026-03-29 04:21:29 | INFO | Episode   62 - Reward: 20.000, Length: 20, Loss: 0.9105, Entropy: 0.6931, Epsilon: 0.847
2026-03-29 04:21:31 | INFO | Episode   63 - Reward: 21.000, Length: 21, Loss: 0.9037, Entropy: 0.6931, Epsilon: 0.844
2026-03-29 04:21:33 | INFO | Episode   64 - Reward: 9.000, Length: 9, Loss: 0.8969, Entropy: 0.6931, Epsilon: 0.842
2026-03-29 04:21:35 | INFO | Episode   65 - Reward: 34.000, Length: 34, Loss: 0.8968, Entropy: 0.6931, Epsilon: 0.839
2026-03-29 04:21:37 | INFO | Episode   66 - Reward: 16.000, Length: 16, Loss: 0.8874, Entropy: 0.6931, Epsilon: 0.837
2026-03-29 04:21:40 | INFO | Episode   67 - Reward: 12.000, Length: 12, Loss: 0.8819, Entropy: 0.6931, Epsilon: 0.834
2026-03-29 04:21:42 | INFO | Episode   68 - Reward: 16.000, Length: 16, Loss: 0.8760, Entropy: 0.6931, Epsilon: 0.832
2026-03-29 04:21:44 | INFO | Episode   69 - Reward: 16.000, Length: 16, Loss: 0.9923, Entropy: 0.6931, Epsilon: 0.829
2026-03-29 04:21:46 | INFO | Episode   70 - Reward: 20.000, Length: 20, Loss: 0.9791, Entropy: 0.6931, Epsilon: 0.827
2026-03-29 04:21:48 | INFO | Episode   71 - Reward: 12.000, Length: 12, Loss: 0.9768, Entropy: 0.6931, Epsilon: 0.824
2026-03-29 04:21:50 | INFO | Episode   72 - Reward: 13.000, Length: 13, Loss: 0.9748, Entropy: 0.6931, Epsilon: 0.822
2026-03-29 04:21:52 | INFO | Episode   73 - Reward: 15.000, Length: 15, Loss: 0.9644, Entropy: 0.6931, Epsilon: 0.819
2026-03-29 04:21:54 | INFO | Episode   74 - Reward: 29.000, Length: 29, Loss: 0.9601, Entropy: 0.6931, Epsilon: 0.817
2026-03-29 04:21:56 | INFO | Episode   75 - Reward: 17.000, Length: 17, Loss: 0.9605, Entropy: 0.6931, Epsilon: 0.814
2026-03-29 04:21:58 | INFO | Episode   76 - Reward: 18.000, Length: 18, Loss: 0.9458, Entropy: 0.6931, Epsilon: 0.812
2026-03-29 04:22:01 | INFO | Episode   77 - Reward: 17.000, Length: 17, Loss: 0.9437, Entropy: 0.6931, Epsilon: 0.809
2026-03-29 04:22:03 | INFO | Episode   78 - Reward: 11.000, Length: 11, Loss: 0.9345, Entropy: 0.6931, Epsilon: 0.807
2026-03-29 04:22:05 | INFO | Episode   79 - Reward: 16.000, Length: 16, Loss: 0.9295, Entropy: 0.6931, Epsilon: 0.804
2026-03-29 04:22:07 | INFO | Episode   80 - Reward: 10.000, Length: 10, Loss: 0.9251, Entropy: 0.6931, Epsilon: 0.802
2026-03-29 04:22:09 | INFO | Episode   81 - Reward: 12.000, Length: 12, Loss: 0.9167, Entropy: 0.6931, Epsilon: 0.800
2026-03-29 04:22:11 | INFO | Episode   82 - Reward: 31.000, Length: 31, Loss: 0.9163, Entropy: 0.6931, Epsilon: 0.797
2026-03-29 04:22:13 | INFO | Episode   83 - Reward: 30.000, Length: 30, Loss: 0.9054, Entropy: 0.6931, Epsilon: 0.795
2026-03-29 04:22:16 | INFO | Episode   84 - Reward: 26.000, Length: 26, Loss: 0.9033, Entropy: 0.6931, Epsilon: 0.792
2026-03-29 04:22:18 | INFO | Episode   85 - Reward: 17.000, Length: 17, Loss: 0.8906, Entropy: 0.6931, Epsilon: 0.790
2026-03-29 04:22:20 | INFO | Episode   86 - Reward: 10.000, Length: 10, Loss: 0.8875, Entropy: 0.6931, Epsilon: 0.787
2026-03-29 04:22:22 | INFO | Episode   87 - Reward: 14.000, Length: 14, Loss: 0.8802, Entropy: 0.6931, Epsilon: 0.785
2026-03-29 04:22:24 | INFO | Episode   88 - Reward: 26.000, Length: 26, Loss: 0.8779, Entropy: 0.6931, Epsilon: 0.782
2026-03-29 04:22:27 | INFO | Episode   89 - Reward: 10.000, Length: 10, Loss: 0.8784, Entropy: 0.6931, Epsilon: 0.780
2026-03-29 04:22:29 | INFO | Episode   90 - Reward: 29.000, Length: 29, Loss: 0.8672, Entropy: 0.6930, Epsilon: 0.777
2026-03-29 04:22:31 | INFO | Episode   91 - Reward: 12.000, Length: 12, Loss: 0.8659, Entropy: 0.6930, Epsilon: 0.775
2026-03-29 04:22:33 | INFO | Episode   92 - Reward: 11.000, Length: 11, Loss: 0.8543, Entropy: 0.6930, Epsilon: 0.772
2026-03-29 04:22:35 | INFO | Episode   93 - Reward: 36.000, Length: 36, Loss: 0.8467, Entropy: 0.6930, Epsilon: 0.770
2026-03-29 04:22:37 | INFO | Episode   94 - Reward: 32.000, Length: 32, Loss: 0.8485, Entropy: 0.6930, Epsilon: 0.767
2026-03-29 04:22:39 | INFO | Episode   95 - Reward: 18.000, Length: 18, Loss: 0.9934, Entropy: 0.6930, Epsilon: 0.765
2026-03-29 04:22:41 | INFO | Episode   96 - Reward: 44.000, Length: 44, Loss: 0.9876, Entropy: 0.6930, Epsilon: 0.762
2026-03-29 04:22:43 | INFO | Episode   97 - Reward: 26.000, Length: 26, Loss: 0.9774, Entropy: 0.6930, Epsilon: 0.760
2026-03-29 04:22:45 | INFO | Episode   98 - Reward: 21.000, Length: 21, Loss: 0.9755, Entropy: 0.6930, Epsilon: 0.757
2026-03-29 04:22:47 | INFO | Episode   99 - Reward: 36.000, Length: 36, Loss: 0.9700, Entropy: 0.6930, Epsilon: 0.755
2026-03-29 04:22:50 | INFO | Episode  100 - Reward: 14.000, Length: 14, Loss: 0.9609, Entropy: 0.6930, Epsilon: 0.752
2026-03-29 04:22:53 | INFO | [Episode  100] eps=0.752  avg_reward=  21.040  avg_length= 21.04  avg_loss=  0.9259  avg_entropy=0.6930  eval_success=0.000
2026-03-29 04:22:55 | INFO | Episode  101 - Reward: 11.000, Length: 11, Loss: 0.9534, Entropy: 0.6930, Epsilon: 0.750
2026-03-29 04:22:58 | INFO | Episode  102 - Reward: 10.000, Length: 10, Loss: 0.9550, Entropy: 0.6930, Epsilon: 0.748
2026-03-29 04:23:00 | INFO | Episode  103 - Reward: 20.000, Length: 20, Loss: 0.9329, Entropy: 0.6930, Epsilon: 0.745
2026-03-29 04:23:02 | INFO | Episode  104 - Reward: 19.000, Length: 19, Loss: 0.9399, Entropy: 0.6930, Epsilon: 0.743
2026-03-29 04:23:04 | INFO | Episode  105 - Reward: 21.000, Length: 21, Loss: 0.9300, Entropy: 0.6930, Epsilon: 0.740
2026-03-29 04:23:07 | INFO | Episode  106 - Reward: 14.000, Length: 14, Loss: 0.9224, Entropy: 0.6930, Epsilon: 0.738
2026-03-29 04:23:09 | INFO | Episode  107 - Reward: 17.000, Length: 17, Loss: 0.9184, Entropy: 0.6930, Epsilon: 0.735
2026-03-29 04:23:11 | INFO | Episode  108 - Reward: 18.000, Length: 18, Loss: 0.9161, Entropy: 0.6930, Epsilon: 0.733
2026-03-29 04:23:13 | INFO | Episode  109 - Reward: 9.000, Length: 9, Loss: 0.9035, Entropy: 0.6929, Epsilon: 0.730
2026-03-29 04:23:15 | INFO | Episode  110 - Reward: 11.000, Length: 11, Loss: 0.9041, Entropy: 0.6929, Epsilon: 0.728
2026-03-29 04:23:17 | INFO | Episode  111 - Reward: 14.000, Length: 14, Loss: 0.8945, Entropy: 0.6929, Epsilon: 0.725
2026-03-29 04:23:19 | INFO | Episode  112 - Reward: 15.000, Length: 15, Loss: 0.8855, Entropy: 0.6929, Epsilon: 0.723
2026-03-29 04:23:21 | INFO | Episode  113 - Reward: 12.000, Length: 12, Loss: 0.8786, Entropy: 0.6929, Epsilon: 0.720
2026-03-29 04:23:24 | INFO | Episode  114 - Reward: 65.000, Length: 65, Loss: 0.8716, Entropy: 0.6929, Epsilon: 0.718
2026-03-29 04:23:26 | INFO | Episode  115 - Reward: 10.000, Length: 10, Loss: 0.8669, Entropy: 0.6929, Epsilon: 0.715
2026-03-29 04:23:27 | INFO | Episode  116 - Reward: 17.000, Length: 17, Loss: 0.8630, Entropy: 0.6929, Epsilon: 0.713
2026-03-29 04:23:30 | INFO | Episode  117 - Reward: 14.000, Length: 14, Loss: 0.8543, Entropy: 0.6929, Epsilon: 0.710
2026-03-29 04:23:32 | INFO | Episode  118 - Reward: 13.000, Length: 13, Loss: 0.8502, Entropy: 0.6929, Epsilon: 0.708
2026-03-29 04:23:34 | INFO | Episode  119 - Reward: 16.000, Length: 16, Loss: 0.8445, Entropy: 0.6929, Epsilon: 0.705
2026-03-29 04:23:37 | INFO | Episode  120 - Reward: 12.000, Length: 12, Loss: 0.8366, Entropy: 0.6928, Epsilon: 0.703
2026-03-29 04:23:39 | INFO | Episode  121 - Reward: 16.000, Length: 16, Loss: 0.8336, Entropy: 0.6928, Epsilon: 0.701
2026-03-29 04:23:41 | INFO | Episode  122 - Reward: 29.000, Length: 29, Loss: 1.0008, Entropy: 0.6928, Epsilon: 0.698
2026-03-29 04:23:43 | INFO | Episode  123 - Reward: 22.000, Length: 22, Loss: 0.9981, Entropy: 0.6928, Epsilon: 0.696
2026-03-29 04:23:45 | INFO | Episode  124 - Reward: 12.000, Length: 12, Loss: 0.9915, Entropy: 0.6928, Epsilon: 0.693
2026-03-29 04:23:47 | INFO | Episode  125 - Reward: 13.000, Length: 13, Loss: 0.9857, Entropy: 0.6928, Epsilon: 0.691
2026-03-29 04:23:49 | INFO | Episode  126 - Reward: 17.000, Length: 17, Loss: 0.9701, Entropy: 0.6928, Epsilon: 0.688
2026-03-29 04:23:51 | INFO | Episode  127 - Reward: 20.000, Length: 20, Loss: 0.9663, Entropy: 0.6928, Epsilon: 0.686
2026-03-29 04:23:53 | INFO | Episode  128 - Reward: 12.000, Length: 12, Loss: 0.9579, Entropy: 0.6927, Epsilon: 0.683
2026-03-29 04:23:55 | INFO | Episode  129 - Reward: 18.000, Length: 18, Loss: 0.9451, Entropy: 0.6927, Epsilon: 0.681
2026-03-29 04:23:57 | INFO | Episode  130 - Reward: 17.000, Length: 17, Loss: 0.9562, Entropy: 0.6927, Epsilon: 0.678
2026-03-29 04:23:59 | INFO | Episode  131 - Reward: 19.000, Length: 19, Loss: 0.9421, Entropy: 0.6927, Epsilon: 0.676
2026-03-29 04:24:01 | INFO | Episode  132 - Reward: 12.000, Length: 12, Loss: 0.9368, Entropy: 0.6927, Epsilon: 0.673
2026-03-29 04:24:04 | INFO | Episode  133 - Reward: 14.000, Length: 14, Loss: 0.9290, Entropy: 0.6927, Epsilon: 0.671
2026-03-29 04:24:05 | INFO | Episode  134 - Reward: 19.000, Length: 19, Loss: 0.9228, Entropy: 0.6927, Epsilon: 0.668
2026-03-29 04:24:07 | INFO | Episode  135 - Reward: 11.000, Length: 11, Loss: 0.9229, Entropy: 0.6927, Epsilon: 0.666
2026-03-29 04:24:10 | INFO | Episode  136 - Reward: 22.000, Length: 22, Loss: 0.9170, Entropy: 0.6927, Epsilon: 0.663
2026-03-29 04:24:12 | INFO | Episode  137 - Reward: 9.000, Length: 9, Loss: 0.9026, Entropy: 0.6926, Epsilon: 0.661
2026-03-29 04:24:14 | INFO | Episode  138 - Reward: 15.000, Length: 15, Loss: 0.8941, Entropy: 0.6926, Epsilon: 0.658
2026-03-29 04:24:16 | INFO | Episode  139 - Reward: 10.000, Length: 10, Loss: 0.8816, Entropy: 0.6926, Epsilon: 0.656
2026-03-29 04:24:18 | INFO | Episode  140 - Reward: 13.000, Length: 13, Loss: 0.8809, Entropy: 0.6926, Epsilon: 0.653
2026-03-29 04:24:20 | INFO | Episode  141 - Reward: 22.000, Length: 22, Loss: 0.8747, Entropy: 0.6926, Epsilon: 0.651
2026-03-29 04:24:22 | INFO | Episode  142 - Reward: 11.000, Length: 11, Loss: 0.8673, Entropy: 0.6926, Epsilon: 0.649
2026-03-29 04:24:24 | INFO | Episode  143 - Reward: 13.000, Length: 13, Loss: 0.8646, Entropy: 0.6925, Epsilon: 0.646
2026-03-29 04:24:26 | INFO | Episode  144 - Reward: 21.000, Length: 21, Loss: 0.8583, Entropy: 0.6925, Epsilon: 0.644
2026-03-29 04:24:29 | INFO | Episode  145 - Reward: 15.000, Length: 15, Loss: 0.8561, Entropy: 0.6925, Epsilon: 0.641
2026-03-29 04:24:31 | INFO | Episode  146 - Reward: 16.000, Length: 16, Loss: 0.8351, Entropy: 0.6925, Epsilon: 0.639
2026-03-29 04:24:33 | INFO | Episode  147 - Reward: 41.000, Length: 41, Loss: 0.8382, Entropy: 0.6925, Epsilon: 0.636
2026-03-29 04:24:35 | INFO | Episode  148 - Reward: 10.000, Length: 10, Loss: 0.8226, Entropy: 0.6925, Epsilon: 0.634
2026-03-29 04:24:37 | INFO | Episode  149 - Reward: 10.000, Length: 10, Loss: 0.8256, Entropy: 0.6924, Epsilon: 0.631
2026-03-29 04:24:40 | INFO | Episode  150 - Reward: 12.000, Length: 12, Loss: 0.8115, Entropy: 0.6924, Epsilon: 0.629
2026-03-29 04:24:44 | INFO | [Episode  150] eps=0.629  avg_reward=  16.580  avg_length= 16.58  avg_loss=  0.9022  avg_entropy=0.6924  eval_success=0.000
2026-03-29 04:24:46 | INFO | Episode  151 - Reward: 20.000, Length: 20, Loss: 0.8101, Entropy: 0.6924, Epsilon: 0.626
2026-03-29 04:24:48 | INFO | Episode  152 - Reward: 14.000, Length: 14, Loss: 1.0170, Entropy: 0.6924, Epsilon: 0.624
2026-03-29 04:24:50 | INFO | Episode  153 - Reward: 15.000, Length: 15, Loss: 1.0080, Entropy: 0.6924, Epsilon: 0.621
2026-03-29 04:24:52 | INFO | Episode  154 - Reward: 18.000, Length: 18, Loss: 0.9953, Entropy: 0.6923, Epsilon: 0.619
2026-03-29 04:24:55 | INFO | Episode  155 - Reward: 9.000, Length: 9, Loss: 0.9932, Entropy: 0.6923, Epsilon: 0.616
2026-03-29 04:24:57 | INFO | Episode  156 - Reward: 10.000, Length: 10, Loss: 0.9851, Entropy: 0.6923, Epsilon: 0.614
2026-03-29 04:24:59 | INFO | Episode  157 - Reward: 16.000, Length: 16, Loss: 0.9808, Entropy: 0.6923, Epsilon: 0.611
2026-03-29 04:25:02 | INFO | Episode  158 - Reward: 28.000, Length: 28, Loss: 0.9714, Entropy: 0.6922, Epsilon: 0.609
2026-03-29 04:25:04 | INFO | Episode  159 - Reward: 9.000, Length: 9, Loss: 0.9600, Entropy: 0.6922, Epsilon: 0.606
2026-03-29 04:25:06 | INFO | Episode  160 - Reward: 17.000, Length: 17, Loss: 0.9492, Entropy: 0.6922, Epsilon: 0.604
2026-03-29 04:25:08 | INFO | Episode  161 - Reward: 28.000, Length: 28, Loss: 0.9434, Entropy: 0.6921, Epsilon: 0.602
2026-03-29 04:25:10 | INFO | Episode  162 - Reward: 32.000, Length: 32, Loss: 0.9381, Entropy: 0.6921, Epsilon: 0.599
2026-03-29 04:25:12 | INFO | Episode  163 - Reward: 14.000, Length: 14, Loss: 0.9392, Entropy: 0.6921, Epsilon: 0.597
2026-03-29 04:25:14 | INFO | Episode  164 - Reward: 20.000, Length: 20, Loss: 0.9311, Entropy: 0.6921, Epsilon: 0.594
2026-03-29 04:25:16 | INFO | Episode  165 - Reward: 14.000, Length: 14, Loss: 0.9286, Entropy: 0.6921, Epsilon: 0.592
2026-03-29 04:25:18 | INFO | Episode  166 - Reward: 10.000, Length: 10, Loss: 0.9112, Entropy: 0.6920, Epsilon: 0.589
2026-03-29 04:25:20 | INFO | Episode  167 - Reward: 12.000, Length: 12, Loss: 0.8915, Entropy: 0.6919, Epsilon: 0.587
2026-03-29 04:25:22 | INFO | Episode  168 - Reward: 10.000, Length: 10, Loss: 0.8946, Entropy: 0.6920, Epsilon: 0.584
2026-03-29 04:25:24 | INFO | Episode  169 - Reward: 11.000, Length: 11, Loss: 0.8904, Entropy: 0.6919, Epsilon: 0.582
2026-03-29 04:25:27 | INFO | Episode  170 - Reward: 9.000, Length: 9, Loss: 0.8883, Entropy: 0.6919, Epsilon: 0.579
2026-03-29 04:25:29 | INFO | Episode  171 - Reward: 12.000, Length: 12, Loss: 0.8815, Entropy: 0.6919, Epsilon: 0.577
2026-03-29 04:25:31 | INFO | Episode  172 - Reward: 11.000, Length: 11, Loss: 0.8697, Entropy: 0.6919, Epsilon: 0.574
2026-03-29 04:25:33 | INFO | Episode  173 - Reward: 11.000, Length: 11, Loss: 0.8574, Entropy: 0.6918, Epsilon: 0.572
2026-03-29 04:25:35 | INFO | Episode  174 - Reward: 12.000, Length: 12, Loss: 0.8416, Entropy: 0.6918, Epsilon: 0.569
2026-03-29 04:25:37 | INFO | Episode  175 - Reward: 13.000, Length: 13, Loss: 0.8324, Entropy: 0.6917, Epsilon: 0.567
2026-03-29 04:25:40 | INFO | Episode  176 - Reward: 14.000, Length: 14, Loss: 0.8377, Entropy: 0.6917, Epsilon: 0.564
2026-03-29 04:25:42 | INFO | Episode  177 - Reward: 16.000, Length: 16, Loss: 0.8279, Entropy: 0.6917, Epsilon: 0.562
2026-03-29 04:25:44 | INFO | Episode  178 - Reward: 19.000, Length: 19, Loss: 0.8257, Entropy: 0.6917, Epsilon: 0.559
2026-03-29 04:25:46 | INFO | Episode  179 - Reward: 12.000, Length: 12, Loss: 0.8236, Entropy: 0.6917, Epsilon: 0.557
2026-03-29 04:25:48 | INFO | Episode  180 - Reward: 10.000, Length: 10, Loss: 0.8037, Entropy: 0.6916, Epsilon: 0.554
2026-03-29 04:25:50 | INFO | Episode  181 - Reward: 11.000, Length: 11, Loss: 0.8097, Entropy: 0.6916, Epsilon: 0.552
2026-03-29 04:25:52 | INFO | Episode  182 - Reward: 22.000, Length: 22, Loss: 0.7921, Entropy: 0.6916, Epsilon: 0.550
2026-03-29 04:25:54 | INFO | Episode  183 - Reward: 11.000, Length: 11, Loss: 0.7992, Entropy: 0.6915, Epsilon: 0.547
2026-03-29 04:25:56 | INFO | Episode  184 - Reward: 11.000, Length: 11, Loss: 0.7850, Entropy: 0.6914, Epsilon: 0.545
2026-03-29 04:25:58 | INFO | Episode  185 - Reward: 11.000, Length: 11, Loss: 0.7764, Entropy: 0.6914, Epsilon: 0.542
2026-03-29 04:26:01 | INFO | Episode  186 - Reward: 12.000, Length: 12, Loss: 1.0363, Entropy: 0.6914, Epsilon: 0.540
2026-03-29 04:26:03 | INFO | Episode  187 - Reward: 13.000, Length: 13, Loss: 1.0261, Entropy: 0.6913, Epsilon: 0.537
2026-03-29 04:26:05 | INFO | Episode  188 - Reward: 29.000, Length: 29, Loss: 1.0211, Entropy: 0.6913, Epsilon: 0.535
2026-03-29 04:26:07 | INFO | Episode  189 - Reward: 12.000, Length: 12, Loss: 1.0216, Entropy: 0.6913, Epsilon: 0.532
2026-03-29 04:26:09 | INFO | Episode  190 - Reward: 13.000, Length: 13, Loss: 1.0033, Entropy: 0.6913, Epsilon: 0.530
2026-03-29 04:26:11 | INFO | Episode  191 - Reward: 9.000, Length: 9, Loss: 0.9997, Entropy: 0.6912, Epsilon: 0.527
2026-03-29 04:26:13 | INFO | Episode  192 - Reward: 10.000, Length: 10, Loss: 1.0004, Entropy: 0.6912, Epsilon: 0.525
2026-03-29 04:26:16 | INFO | Episode  193 - Reward: 13.000, Length: 13, Loss: 0.9923, Entropy: 0.6911, Epsilon: 0.522
2026-03-29 04:26:18 | INFO | Episode  194 - Reward: 12.000, Length: 12, Loss: 0.9551, Entropy: 0.6910, Epsilon: 0.520
2026-03-29 04:26:20 | INFO | Episode  195 - Reward: 8.000, Length: 8, Loss: 0.9607, Entropy: 0.6910, Epsilon: 0.517
2026-03-29 04:26:22 | INFO | Episode  196 - Reward: 10.000, Length: 10, Loss: 0.9558, Entropy: 0.6909, Epsilon: 0.515
2026-03-29 04:26:25 | INFO | Episode  197 - Reward: 12.000, Length: 12, Loss: 0.9336, Entropy: 0.6909, Epsilon: 0.512
2026-03-29 04:26:27 | INFO | Episode  198 - Reward: 13.000, Length: 13, Loss: 0.9364, Entropy: 0.6908, Epsilon: 0.510
2026-03-29 04:26:29 | INFO | Episode  199 - Reward: 10.000, Length: 10, Loss: 0.9335, Entropy: 0.6909, Epsilon: 0.507
2026-03-29 04:26:31 | INFO | Episode  200 - Reward: 15.000, Length: 15, Loss: 0.9124, Entropy: 0.6907, Epsilon: 0.505
2026-03-29 04:26:35 | INFO | [Episode  200] eps=0.505  avg_reward=  14.060  avg_length= 14.06  avg_loss=  0.9176  avg_entropy=0.6907  eval_success=0.000
2026-03-29 04:26:37 | INFO | Episode  201 - Reward: 11.000, Length: 11, Loss: 0.9098, Entropy: 0.6908, Epsilon: 0.503
2026-03-29 04:26:39 | INFO | Episode  202 - Reward: 20.000, Length: 20, Loss: 0.9130, Entropy: 0.6908, Epsilon: 0.500
2026-03-29 04:26:41 | INFO | Episode  203 - Reward: 16.000, Length: 16, Loss: 0.9060, Entropy: 0.6906, Epsilon: 0.498
2026-03-29 04:26:43 | INFO | Episode  204 - Reward: 16.000, Length: 16, Loss: 0.8870, Entropy: 0.6905, Epsilon: 0.495
2026-03-29 04:26:45 | INFO | Episode  205 - Reward: 13.000, Length: 13, Loss: 0.8859, Entropy: 0.6906, Epsilon: 0.493
2026-03-29 04:26:47 | INFO | Episode  206 - Reward: 9.000, Length: 9, Loss: 0.8688, Entropy: 0.6905, Epsilon: 0.490
2026-03-29 04:26:50 | INFO | Episode  207 - Reward: 12.000, Length: 12, Loss: 0.8615, Entropy: 0.6904, Epsilon: 0.488
2026-03-29 04:26:52 | INFO | Episode  208 - Reward: 26.000, Length: 26, Loss: 0.8519, Entropy: 0.6904, Epsilon: 0.485
2026-03-29 04:26:54 | INFO | Episode  209 - Reward: 13.000, Length: 13, Loss: 0.8484, Entropy: 0.6904, Epsilon: 0.483
2026-03-29 04:26:56 | INFO | Episode  210 - Reward: 15.000, Length: 15, Loss: 0.8378, Entropy: 0.6902, Epsilon: 0.480
2026-03-29 04:26:58 | INFO | Episode  211 - Reward: 10.000, Length: 10, Loss: 0.8339, Entropy: 0.6902, Epsilon: 0.478
2026-03-29 04:27:01 | INFO | Episode  212 - Reward: 15.000, Length: 15, Loss: 0.8182, Entropy: 0.6901, Epsilon: 0.475
2026-03-29 04:27:03 | INFO | Episode  213 - Reward: 17.000, Length: 17, Loss: 0.8129, Entropy: 0.6900, Epsilon: 0.473
2026-03-29 04:27:05 | INFO | Episode  214 - Reward: 17.000, Length: 17, Loss: 0.7929, Entropy: 0.6900, Epsilon: 0.470
2026-03-29 04:27:07 | INFO | Episode  215 - Reward: 9.000, Length: 9, Loss: 0.7944, Entropy: 0.6900, Epsilon: 0.468
2026-03-29 04:27:09 | INFO | Episode  216 - Reward: 16.000, Length: 16, Loss: 0.7985, Entropy: 0.6900, Epsilon: 0.465
2026-03-29 04:27:11 | INFO | Episode  217 - Reward: 11.000, Length: 11, Loss: 0.7793, Entropy: 0.6899, Epsilon: 0.463
2026-03-29 04:27:13 | INFO | Episode  218 - Reward: 10.000, Length: 10, Loss: 0.7602, Entropy: 0.6898, Epsilon: 0.460
2026-03-29 04:27:15 | INFO | Episode  219 - Reward: 13.000, Length: 13, Loss: 0.7585, Entropy: 0.6898, Epsilon: 0.458
2026-03-29 04:27:18 | INFO | Episode  220 - Reward: 16.000, Length: 16, Loss: 0.7587, Entropy: 0.6897, Epsilon: 0.456
2026-03-29 04:27:20 | INFO | Episode  221 - Reward: 13.000, Length: 13, Loss: 0.7592, Entropy: 0.6896, Epsilon: 0.453
2026-03-29 04:27:22 | INFO | Episode  222 - Reward: 9.000, Length: 9, Loss: 0.7430, Entropy: 0.6895, Epsilon: 0.451
2026-03-29 04:27:24 | INFO | Episode  223 - Reward: 18.000, Length: 18, Loss: 0.7446, Entropy: 0.6896, Epsilon: 0.448
2026-03-29 04:27:26 | INFO | Episode  224 - Reward: 17.000, Length: 17, Loss: 1.0745, Entropy: 0.6895, Epsilon: 0.446
2026-03-29 04:27:29 | INFO | Episode  225 - Reward: 13.000, Length: 13, Loss: 1.0632, Entropy: 0.6893, Epsilon: 0.443
2026-03-29 04:27:31 | INFO | Episode  226 - Reward: 16.000, Length: 16, Loss: 1.0558, Entropy: 0.6892, Epsilon: 0.441
2026-03-29 04:27:33 | INFO | Episode  227 - Reward: 12.000, Length: 12, Loss: 1.0487, Entropy: 0.6893, Epsilon: 0.438
2026-03-29 04:27:35 | INFO | Episode  228 - Reward: 10.000, Length: 10, Loss: 1.0220, Entropy: 0.6891, Epsilon: 0.436
2026-03-29 04:27:37 | INFO | Episode  229 - Reward: 12.000, Length: 12, Loss: 1.0332, Entropy: 0.6890, Epsilon: 0.433
2026-03-29 04:27:39 | INFO | Episode  230 - Reward: 11.000, Length: 11, Loss: 1.0143, Entropy: 0.6888, Epsilon: 0.431
2026-03-29 04:27:41 | INFO | Episode  231 - Reward: 9.000, Length: 9, Loss: 1.0079, Entropy: 0.6888, Epsilon: 0.428
2026-03-29 04:27:43 | INFO | Episode  232 - Reward: 11.000, Length: 11, Loss: 0.9884, Entropy: 0.6888, Epsilon: 0.426
2026-03-29 04:27:45 | INFO | Episode  233 - Reward: 8.000, Length: 8, Loss: 0.9951, Entropy: 0.6888, Epsilon: 0.423
2026-03-29 04:27:47 | INFO | Episode  234 - Reward: 9.000, Length: 9, Loss: 0.9741, Entropy: 0.6886, Epsilon: 0.421
2026-03-29 04:27:49 | INFO | Episode  235 - Reward: 12.000, Length: 12, Loss: 0.9478, Entropy: 0.6884, Epsilon: 0.418
2026-03-29 04:27:51 | INFO | Episode  236 - Reward: 10.000, Length: 10, Loss: 0.9358, Entropy: 0.6884, Epsilon: 0.416
2026-03-29 04:27:53 | INFO | Episode  237 - Reward: 13.000, Length: 13, Loss: 0.9356, Entropy: 0.6883, Epsilon: 0.413
2026-03-29 04:27:55 | INFO | Episode  238 - Reward: 11.000, Length: 11, Loss: 0.9353, Entropy: 0.6882, Epsilon: 0.411
2026-03-29 04:27:58 | INFO | Episode  239 - Reward: 11.000, Length: 11, Loss: 0.9251, Entropy: 0.6882, Epsilon: 0.408
2026-03-29 04:28:00 | INFO | Episode  240 - Reward: 12.000, Length: 12, Loss: 0.9097, Entropy: 0.6880, Epsilon: 0.406
2026-03-29 04:28:03 | INFO | Episode  241 - Reward: 12.000, Length: 12, Loss: 0.8910, Entropy: 0.6879, Epsilon: 0.404
2026-03-29 04:28:05 | INFO | Episode  242 - Reward: 11.000, Length: 11, Loss: 0.9022, Entropy: 0.6878, Epsilon: 0.401
2026-03-29 04:28:07 | INFO | Episode  243 - Reward: 14.000, Length: 14, Loss: 0.8790, Entropy: 0.6878, Epsilon: 0.399
2026-03-29 04:28:09 | INFO | Episode  244 - Reward: 15.000, Length: 15, Loss: 0.8852, Entropy: 0.6876, Epsilon: 0.396
2026-03-29 04:28:11 | INFO | Episode  245 - Reward: 22.000, Length: 22, Loss: 0.8673, Entropy: 0.6876, Epsilon: 0.394
2026-03-29 04:28:13 | INFO | Episode  246 - Reward: 11.000, Length: 11, Loss: 0.8524, Entropy: 0.6874, Epsilon: 0.391
2026-03-29 04:28:16 | INFO | Episode  247 - Reward: 17.000, Length: 17, Loss: 0.8556, Entropy: 0.6874, Epsilon: 0.389
2026-03-29 04:28:18 | INFO | Episode  248 - Reward: 14.000, Length: 14, Loss: 0.8428, Entropy: 0.6873, Epsilon: 0.386
2026-03-29 04:28:20 | INFO | Episode  249 - Reward: 13.000, Length: 13, Loss: 0.8318, Entropy: 0.6873, Epsilon: 0.384
2026-03-29 04:28:22 | INFO | Episode  250 - Reward: 10.000, Length: 10, Loss: 0.8174, Entropy: 0.6870, Epsilon: 0.381
2026-03-29 04:28:26 | INFO | [Episode  250] eps=0.381  avg_reward=  13.220  avg_length= 13.22  avg_loss=  0.8883  avg_entropy=0.6870  eval_success=0.000
2026-03-29 04:28:28 | INFO | Episode  251 - Reward: 9.000, Length: 9, Loss: 0.8174, Entropy: 0.6869, Epsilon: 0.379
2026-03-29 04:28:31 | INFO | Episode  252 - Reward: 13.000, Length: 13, Loss: 0.7965, Entropy: 0.6870, Epsilon: 0.376
2026-03-29 04:28:33 | INFO | Episode  253 - Reward: 16.000, Length: 16, Loss: 0.8016, Entropy: 0.6869, Epsilon: 0.374
2026-03-29 04:28:35 | INFO | Episode  254 - Reward: 19.000, Length: 19, Loss: 0.7784, Entropy: 0.6865, Epsilon: 0.371
2026-03-29 04:28:37 | INFO | Episode  255 - Reward: 11.000, Length: 11, Loss: 0.7886, Entropy: 0.6867, Epsilon: 0.369
2026-03-29 04:28:39 | INFO | Episode  256 - Reward: 11.000, Length: 11, Loss: 0.7616, Entropy: 0.6865, Epsilon: 0.366
2026-03-29 04:28:42 | INFO | Episode  257 - Reward: 11.000, Length: 11, Loss: 0.7595, Entropy: 0.6865, Epsilon: 0.364
2026-03-29 04:28:44 | INFO | Episode  258 - Reward: 14.000, Length: 14, Loss: 0.7471, Entropy: 0.6863, Epsilon: 0.361
2026-03-29 04:28:46 | INFO | Episode  259 - Reward: 17.000, Length: 17, Loss: 0.7405, Entropy: 0.6863, Epsilon: 0.359
2026-03-29 04:28:48 | INFO | Episode  260 - Reward: 20.000, Length: 20, Loss: 0.7256, Entropy: 0.6860, Epsilon: 0.357
2026-03-29 04:28:51 | INFO | Episode  261 - Reward: 18.000, Length: 18, Loss: 0.7306, Entropy: 0.6862, Epsilon: 0.354
2026-03-29 04:28:53 | INFO | Episode  262 - Reward: 11.000, Length: 11, Loss: 1.1249, Entropy: 0.6859, Epsilon: 0.352
2026-03-29 04:28:55 | INFO | Episode  263 - Reward: 11.000, Length: 11, Loss: 1.1456, Entropy: 0.6861, Epsilon: 0.349
2026-03-29 04:28:57 | INFO | Episode  264 - Reward: 13.000, Length: 13, Loss: 1.1065, Entropy: 0.6856, Epsilon: 0.347
2026-03-29 04:28:59 | INFO | Episode  265 - Reward: 10.000, Length: 10, Loss: 1.0839, Entropy: 0.6856, Epsilon: 0.344
2026-03-29 04:29:01 | INFO | Episode  266 - Reward: 24.000, Length: 24, Loss: 1.0747, Entropy: 0.6852, Epsilon: 0.342
2026-03-29 04:29:03 | INFO | Episode  267 - Reward: 11.000, Length: 11, Loss: 1.0677, Entropy: 0.6854, Epsilon: 0.339
2026-03-29 04:29:05 | INFO | Episode  268 - Reward: 13.000, Length: 13, Loss: 1.0421, Entropy: 0.6851, Epsilon: 0.337
2026-03-29 04:29:07 | INFO | Episode  269 - Reward: 18.000, Length: 18, Loss: 1.0417, Entropy: 0.6849, Epsilon: 0.334
2026-03-29 04:29:09 | INFO | Episode  270 - Reward: 13.000, Length: 13, Loss: 1.0276, Entropy: 0.6848, Epsilon: 0.332
2026-03-29 04:29:11 | INFO | Episode  271 - Reward: 10.000, Length: 10, Loss: 1.0153, Entropy: 0.6848, Epsilon: 0.329
2026-03-29 04:29:14 | INFO | Episode  272 - Reward: 9.000, Length: 9, Loss: 1.0161, Entropy: 0.6842, Epsilon: 0.327
2026-03-29 04:29:16 | INFO | Episode  273 - Reward: 10.000, Length: 10, Loss: 0.9924, Entropy: 0.6845, Epsilon: 0.324
2026-03-29 04:29:18 | INFO | Episode  274 - Reward: 15.000, Length: 15, Loss: 0.9729, Entropy: 0.6841, Epsilon: 0.322
2026-03-29 04:29:20 | INFO | Episode  275 - Reward: 11.000, Length: 11, Loss: 0.9602, Entropy: 0.6840, Epsilon: 0.319
2026-03-29 04:29:22 | INFO | Episode  276 - Reward: 13.000, Length: 13, Loss: 0.9519, Entropy: 0.6837, Epsilon: 0.317
2026-03-29 04:29:24 | INFO | Episode  277 - Reward: 14.000, Length: 14, Loss: 0.9490, Entropy: 0.6837, Epsilon: 0.314
2026-03-29 04:29:26 | INFO | Episode  278 - Reward: 10.000, Length: 10, Loss: 0.9367, Entropy: 0.6835, Epsilon: 0.312
2026-03-29 04:29:28 | INFO | Episode  279 - Reward: 10.000, Length: 10, Loss: 0.9252, Entropy: 0.6837, Epsilon: 0.309
2026-03-29 04:29:30 | INFO | Episode  280 - Reward: 10.000, Length: 10, Loss: 0.9003, Entropy: 0.6835, Epsilon: 0.307
2026-03-29 04:29:33 | INFO | Episode  281 - Reward: 12.000, Length: 12, Loss: 0.8925, Entropy: 0.6828, Epsilon: 0.305
2026-03-29 04:29:35 | INFO | Episode  282 - Reward: 9.000, Length: 9, Loss: 0.8931, Entropy: 0.6831, Epsilon: 0.302
2026-03-29 04:29:37 | INFO | Episode  283 - Reward: 10.000, Length: 10, Loss: 0.8788, Entropy: 0.6827, Epsilon: 0.300
2026-03-29 04:29:39 | INFO | Episode  284 - Reward: 13.000, Length: 13, Loss: 0.8701, Entropy: 0.6824, Epsilon: 0.297
2026-03-29 04:29:41 | INFO | Episode  285 - Reward: 11.000, Length: 11, Loss: 0.8622, Entropy: 0.6823, Epsilon: 0.295
2026-03-29 04:29:44 | INFO | Episode  286 - Reward: 17.000, Length: 17, Loss: 0.8442, Entropy: 0.6822, Epsilon: 0.292
2026-03-29 04:29:46 | INFO | Episode  287 - Reward: 13.000, Length: 13, Loss: 0.8392, Entropy: 0.6818, Epsilon: 0.290
2026-03-29 04:29:48 | INFO | Episode  288 - Reward: 11.000, Length: 11, Loss: 0.8234, Entropy: 0.6820, Epsilon: 0.287
2026-03-29 04:29:50 | INFO | Episode  289 - Reward: 12.000, Length: 12, Loss: 0.8091, Entropy: 0.6818, Epsilon: 0.285
2026-03-29 04:29:52 | INFO | Episode  290 - Reward: 13.000, Length: 13, Loss: 0.8006, Entropy: 0.6818, Epsilon: 0.282
2026-03-29 04:29:54 | INFO | Episode  291 - Reward: 14.000, Length: 14, Loss: 0.7905, Entropy: 0.6812, Epsilon: 0.280
2026-03-29 04:29:57 | INFO | Episode  292 - Reward: 13.000, Length: 13, Loss: 0.7874, Entropy: 0.6812, Epsilon: 0.277
2026-03-29 04:29:59 | INFO | Episode  293 - Reward: 10.000, Length: 10, Loss: 0.7698, Entropy: 0.6812, Epsilon: 0.275
2026-03-29 04:30:01 | INFO | Episode  294 - Reward: 11.000, Length: 11, Loss: 0.7539, Entropy: 0.6809, Epsilon: 0.272
2026-03-29 04:30:04 | INFO | Episode  295 - Reward: 12.000, Length: 12, Loss: 0.7572, Entropy: 0.6812, Epsilon: 0.270
2026-03-29 04:30:06 | INFO | Episode  296 - Reward: 10.000, Length: 10, Loss: 0.7496, Entropy: 0.6807, Epsilon: 0.267
2026-03-29 04:30:08 | INFO | Episode  297 - Reward: 8.000, Length: 8, Loss: 0.7496, Entropy: 0.6808, Epsilon: 0.265
2026-03-29 04:30:10 | INFO | Episode  298 - Reward: 15.000, Length: 15, Loss: 0.7318, Entropy: 0.6803, Epsilon: 0.262
2026-03-29 04:30:13 | INFO | Episode  299 - Reward: 14.000, Length: 14, Loss: 0.7208, Entropy: 0.6804, Epsilon: 0.260
2026-03-29 04:30:15 | INFO | Episode  300 - Reward: 12.000, Length: 12, Loss: 0.7111, Entropy: 0.6802, Epsilon: 0.258
2026-03-29 04:30:19 | INFO | [Episode  300] eps=0.258  avg_reward=  12.700  avg_length= 12.70  avg_loss=  0.8763  avg_entropy=0.6802  eval_success=0.000
2026-03-29 04:30:21 | INFO | Episode  301 - Reward: 11.000, Length: 11, Loss: 0.7119, Entropy: 0.6801, Epsilon: 0.255
2026-03-29 04:30:23 | INFO | Episode  302 - Reward: 12.000, Length: 12, Loss: 0.6957, Entropy: 0.6799, Epsilon: 0.253
2026-03-29 04:30:25 | INFO | Episode  303 - Reward: 9.000, Length: 9, Loss: 1.2195, Entropy: 0.6797, Epsilon: 0.250
2026-03-29 04:30:28 | INFO | Episode  304 - Reward: 12.000, Length: 12, Loss: 1.2070, Entropy: 0.6793, Epsilon: 0.248
2026-03-29 04:30:30 | INFO | Episode  305 - Reward: 10.000, Length: 10, Loss: 1.1967, Entropy: 0.6793, Epsilon: 0.245
2026-03-29 04:30:32 | INFO | Episode  306 - Reward: 11.000, Length: 11, Loss: 1.1684, Entropy: 0.6787, Epsilon: 0.243
2026-03-29 04:30:34 | INFO | Episode  307 - Reward: 11.000, Length: 11, Loss: 1.1376, Entropy: 0.6786, Epsilon: 0.240
2026-03-29 04:30:36 | INFO | Episode  308 - Reward: 10.000, Length: 10, Loss: 1.1441, Entropy: 0.6784, Epsilon: 0.238
2026-03-29 04:30:38 | INFO | Episode  309 - Reward: 8.000, Length: 8, Loss: 1.1275, Entropy: 0.6778, Epsilon: 0.235
2026-03-29 04:30:40 | INFO | Episode  310 - Reward: 10.000, Length: 10, Loss: 1.1063, Entropy: 0.6782, Epsilon: 0.233
2026-03-29 04:30:42 | INFO | Episode  311 - Reward: 9.000, Length: 9, Loss: 1.0979, Entropy: 0.6774, Epsilon: 0.230
2026-03-29 04:30:44 | INFO | Episode  312 - Reward: 9.000, Length: 9, Loss: 1.0680, Entropy: 0.6778, Epsilon: 0.228
2026-03-29 04:30:47 | INFO | Episode  313 - Reward: 15.000, Length: 15, Loss: 1.0724, Entropy: 0.6770, Epsilon: 0.225
2026-03-29 04:30:49 | INFO | Episode  314 - Reward: 11.000, Length: 11, Loss: 1.0488, Entropy: 0.6766, Epsilon: 0.223
2026-03-29 04:30:51 | INFO | Episode  315 - Reward: 13.000, Length: 13, Loss: 1.0355, Entropy: 0.6765, Epsilon: 0.220
2026-03-29 04:30:52 | INFO | Episode  316 - Reward: 10.000, Length: 10, Loss: 1.0183, Entropy: 0.6760, Epsilon: 0.218
2026-03-29 04:30:55 | INFO | Episode  317 - Reward: 12.000, Length: 12, Loss: 1.0050, Entropy: 0.6760, Epsilon: 0.215
2026-03-29 04:30:57 | INFO | Episode  318 - Reward: 13.000, Length: 13, Loss: 0.9876, Entropy: 0.6756, Epsilon: 0.213
2026-03-29 04:30:59 | INFO | Episode  319 - Reward: 13.000, Length: 13, Loss: 0.9794, Entropy: 0.6756, Epsilon: 0.210
2026-03-29 04:31:01 | INFO | Episode  320 - Reward: 10.000, Length: 10, Loss: 0.9669, Entropy: 0.6746, Epsilon: 0.208
2026-03-29 04:31:04 | INFO | Episode  321 - Reward: 8.000, Length: 8, Loss: 0.9325, Entropy: 0.6747, Epsilon: 0.206
2026-03-29 04:31:06 | INFO | Episode  322 - Reward: 9.000, Length: 9, Loss: 0.9199, Entropy: 0.6746, Epsilon: 0.203
2026-03-29 04:31:08 | INFO | Episode  323 - Reward: 9.000, Length: 9, Loss: 0.9345, Entropy: 0.6739, Epsilon: 0.201
2026-03-29 04:31:10 | INFO | Episode  324 - Reward: 9.000, Length: 9, Loss: 0.9031, Entropy: 0.6741, Epsilon: 0.198
2026-03-29 04:31:12 | INFO | Episode  325 - Reward: 9.000, Length: 9, Loss: 0.9036, Entropy: 0.6737, Epsilon: 0.196
2026-03-29 04:31:15 | INFO | Episode  326 - Reward: 9.000, Length: 9, Loss: 0.8838, Entropy: 0.6734, Epsilon: 0.193
2026-03-29 04:31:17 | INFO | Episode  327 - Reward: 11.000, Length: 11, Loss: 0.8748, Entropy: 0.6723, Epsilon: 0.191
2026-03-29 04:31:19 | INFO | Episode  328 - Reward: 8.000, Length: 8, Loss: 0.8631, Entropy: 0.6725, Epsilon: 0.188
2026-03-29 04:31:21 | INFO | Episode  329 - Reward: 11.000, Length: 11, Loss: 0.8389, Entropy: 0.6726, Epsilon: 0.186
2026-03-29 04:31:23 | INFO | Episode  330 - Reward: 9.000, Length: 9, Loss: 0.8527, Entropy: 0.6722, Epsilon: 0.183
2026-03-29 04:31:25 | INFO | Episode  331 - Reward: 10.000, Length: 10, Loss: 0.8263, Entropy: 0.6724, Epsilon: 0.181
2026-03-29 04:31:27 | INFO | Episode  332 - Reward: 14.000, Length: 14, Loss: 0.7987, Entropy: 0.6719, Epsilon: 0.178
2026-03-29 04:31:29 | INFO | Episode  333 - Reward: 8.000, Length: 8, Loss: 0.8223, Entropy: 0.6712, Epsilon: 0.176
2026-03-29 04:31:31 | INFO | Episode  334 - Reward: 13.000, Length: 13, Loss: 0.7871, Entropy: 0.6719, Epsilon: 0.173
2026-03-29 04:31:34 | INFO | Episode  335 - Reward: 12.000, Length: 12, Loss: 0.7667, Entropy: 0.6707, Epsilon: 0.171
2026-03-29 04:31:36 | INFO | Episode  336 - Reward: 10.000, Length: 10, Loss: 0.7754, Entropy: 0.6702, Epsilon: 0.168
2026-03-29 04:31:38 | INFO | Episode  337 - Reward: 10.000, Length: 10, Loss: 0.7619, Entropy: 0.6702, Epsilon: 0.166
2026-03-29 04:31:40 | INFO | Episode  338 - Reward: 8.000, Length: 8, Loss: 0.7485, Entropy: 0.6699, Epsilon: 0.163
2026-03-29 04:31:42 | INFO | Episode  339 - Reward: 8.000, Length: 8, Loss: 0.7308, Entropy: 0.6704, Epsilon: 0.161
2026-03-29 04:31:44 | INFO | Episode  340 - Reward: 10.000, Length: 10, Loss: 0.7257, Entropy: 0.6702, Epsilon: 0.158
2026-03-29 04:31:46 | INFO | Episode  341 - Reward: 8.000, Length: 8, Loss: 0.7138, Entropy: 0.6693, Epsilon: 0.156
2026-03-29 04:31:49 | INFO | Episode  342 - Reward: 14.000, Length: 14, Loss: 0.7002, Entropy: 0.6691, Epsilon: 0.154
2026-03-29 04:31:51 | INFO | Episode  343 - Reward: 10.000, Length: 10, Loss: 0.7042, Entropy: 0.6692, Epsilon: 0.151
2026-03-29 04:31:53 | INFO | Episode  344 - Reward: 9.000, Length: 9, Loss: 0.6964, Entropy: 0.6689, Epsilon: 0.149
2026-03-29 04:31:55 | INFO | Episode  345 - Reward: 9.000, Length: 9, Loss: 0.6833, Entropy: 0.6689, Epsilon: 0.146
2026-03-29 04:31:57 | INFO | Episode  346 - Reward: 10.000, Length: 10, Loss: 0.6813, Entropy: 0.6691, Epsilon: 0.144
2026-03-29 04:31:59 | INFO | Episode  347 - Reward: 13.000, Length: 13, Loss: 0.6577, Entropy: 0.6685, Epsilon: 0.141
2026-03-29 04:32:02 | INFO | Episode  348 - Reward: 12.000, Length: 12, Loss: 0.6679, Entropy: 0.6676, Epsilon: 0.139
2026-03-29 04:32:04 | INFO | Episode  349 - Reward: 9.000, Length: 9, Loss: 0.6390, Entropy: 0.6678, Epsilon: 0.136
2026-03-29 04:32:06 | INFO | Episode  350 - Reward: 10.000, Length: 10, Loss: 0.6666, Entropy: 0.6678, Epsilon: 0.134
2026-03-29 04:32:10 | INFO | [Episode  350] eps=0.134  avg_reward=  10.360  avg_length= 10.36  avg_loss=  0.8891  avg_entropy=0.6678  eval_success=0.000
2026-03-29 04:32:13 | INFO | Episode  351 - Reward: 10.000, Length: 10, Loss: 1.3802, Entropy: 0.6678, Epsilon: 0.131
2026-03-29 04:32:15 | INFO | Episode  352 - Reward: 9.000, Length: 9, Loss: 1.3822, Entropy: 0.6662, Epsilon: 0.129
2026-03-29 04:32:17 | INFO | Episode  353 - Reward: 10.000, Length: 10, Loss: 1.3529, Entropy: 0.6664, Epsilon: 0.126
2026-03-29 04:32:19 | INFO | Episode  354 - Reward: 10.000, Length: 10, Loss: 1.3165, Entropy: 0.6651, Epsilon: 0.124
2026-03-29 04:32:21 | INFO | Episode  355 - Reward: 9.000, Length: 9, Loss: 1.3056, Entropy: 0.6651, Epsilon: 0.121
2026-03-29 04:32:23 | INFO | Episode  356 - Reward: 11.000, Length: 11, Loss: 1.2857, Entropy: 0.6645, Epsilon: 0.119
2026-03-29 04:32:26 | INFO | Episode  357 - Reward: 9.000, Length: 9, Loss: 1.2637, Entropy: 0.6637, Epsilon: 0.116
2026-03-29 04:32:28 | INFO | Episode  358 - Reward: 9.000, Length: 9, Loss: 1.2404, Entropy: 0.6636, Epsilon: 0.114
2026-03-29 04:32:30 | INFO | Episode  359 - Reward: 10.000, Length: 10, Loss: 1.1995, Entropy: 0.6629, Epsilon: 0.111
2026-03-29 04:32:32 | INFO | Episode  360 - Reward: 9.000, Length: 9, Loss: 1.1626, Entropy: 0.6625, Epsilon: 0.109
2026-03-29 04:32:34 | INFO | Episode  361 - Reward: 9.000, Length: 9, Loss: 1.1803, Entropy: 0.6620, Epsilon: 0.107
2026-03-29 04:32:36 | INFO | Episode  362 - Reward: 8.000, Length: 8, Loss: 1.1782, Entropy: 0.6612, Epsilon: 0.104
2026-03-29 04:32:39 | INFO | Episode  363 - Reward: 10.000, Length: 10, Loss: 1.1495, Entropy: 0.6599, Epsilon: 0.102
2026-03-29 04:32:41 | INFO | Episode  364 - Reward: 10.000, Length: 10, Loss: 1.1651, Entropy: 0.6595, Epsilon: 0.099
2026-03-29 04:32:43 | INFO | Episode  365 - Reward: 10.000, Length: 10, Loss: 1.1107, Entropy: 0.6604, Epsilon: 0.097
2026-03-29 04:32:45 | INFO | Episode  366 - Reward: 10.000, Length: 10, Loss: 1.0917, Entropy: 0.6594, Epsilon: 0.094
2026-03-29 04:32:47 | INFO | Episode  367 - Reward: 9.000, Length: 9, Loss: 1.0907, Entropy: 0.6586, Epsilon: 0.092
2026-03-29 04:32:49 | INFO | Episode  368 - Reward: 10.000, Length: 10, Loss: 1.0388, Entropy: 0.6575, Epsilon: 0.089
2026-03-29 04:32:51 | INFO | Episode  369 - Reward: 8.000, Length: 8, Loss: 1.0832, Entropy: 0.6575, Epsilon: 0.087
2026-03-29 04:32:53 | INFO | Episode  370 - Reward: 10.000, Length: 10, Loss: 1.0583, Entropy: 0.6570, Epsilon: 0.084
2026-03-29 04:32:56 | INFO | Episode  371 - Reward: 10.000, Length: 10, Loss: 1.0309, Entropy: 0.6581, Epsilon: 0.082
2026-03-29 04:32:58 | INFO | Episode  372 - Reward: 9.000, Length: 9, Loss: 0.9906, Entropy: 0.6564, Epsilon: 0.079
2026-03-29 04:33:00 | INFO | Episode  373 - Reward: 9.000, Length: 9, Loss: 0.9776, Entropy: 0.6560, Epsilon: 0.077
2026-03-29 04:33:02 | INFO | Episode  374 - Reward: 10.000, Length: 10, Loss: 0.9567, Entropy: 0.6555, Epsilon: 0.074
2026-03-29 04:33:05 | INFO | Episode  375 - Reward: 10.000, Length: 10, Loss: 0.9919, Entropy: 0.6549, Epsilon: 0.072
2026-03-29 04:33:07 | INFO | Episode  376 - Reward: 9.000, Length: 9, Loss: 0.9034, Entropy: 0.6548, Epsilon: 0.069
2026-03-29 04:33:09 | INFO | Episode  377 - Reward: 9.000, Length: 9, Loss: 0.9494, Entropy: 0.6536, Epsilon: 0.067
2026-03-29 04:33:11 | INFO | Episode  378 - Reward: 12.000, Length: 12, Loss: 0.9001, Entropy: 0.6544, Epsilon: 0.064
2026-03-29 04:33:13 | INFO | Episode  379 - Reward: 12.000, Length: 12, Loss: 0.8830, Entropy: 0.6543, Epsilon: 0.062
2026-03-29 04:33:15 | INFO | Episode  380 - Reward: 10.000, Length: 10, Loss: 0.8915, Entropy: 0.6538, Epsilon: 0.059
2026-03-29 04:33:17 | INFO | Episode  381 - Reward: 10.000, Length: 10, Loss: 0.9053, Entropy: 0.6526, Epsilon: 0.057
2026-03-29 04:33:20 | INFO | Episode  382 - Reward: 8.000, Length: 8, Loss: 0.9093, Entropy: 0.6523, Epsilon: 0.055
2026-03-29 04:33:22 | INFO | Episode  383 - Reward: 10.000, Length: 10, Loss: 0.8847, Entropy: 0.6544, Epsilon: 0.052
2026-03-29 04:33:24 | INFO | Episode  384 - Reward: 9.000, Length: 9, Loss: 0.9078, Entropy: 0.6523, Epsilon: 0.050
2026-03-29 04:33:26 | INFO | Episode  385 - Reward: 9.000, Length: 9, Loss: 0.8648, Entropy: 0.6520, Epsilon: 0.047
2026-03-29 04:33:28 | INFO | Episode  386 - Reward: 9.000, Length: 9, Loss: 0.8354, Entropy: 0.6508, Epsilon: 0.045
2026-03-29 04:33:30 | INFO | Episode  387 - Reward: 11.000, Length: 11, Loss: 0.8133, Entropy: 0.6502, Epsilon: 0.042
2026-03-29 04:33:33 | INFO | Episode  388 - Reward: 9.000, Length: 9, Loss: 0.9047, Entropy: 0.6495, Epsilon: 0.040
2026-03-29 04:33:35 | INFO | Episode  389 - Reward: 8.000, Length: 8, Loss: 0.8735, Entropy: 0.6513, Epsilon: 0.037
2026-03-29 04:33:37 | INFO | Episode  390 - Reward: 10.000, Length: 10, Loss: 0.8041, Entropy: 0.6507, Epsilon: 0.035
2026-03-29 04:33:39 | INFO | Episode  391 - Reward: 9.000, Length: 9, Loss: 0.8687, Entropy: 0.6501, Epsilon: 0.032
2026-03-29 04:33:41 | INFO | Episode  392 - Reward: 10.000, Length: 10, Loss: 0.8119, Entropy: 0.6509, Epsilon: 0.030
2026-03-29 04:33:43 | INFO | Episode  393 - Reward: 11.000, Length: 11, Loss: 0.8157, Entropy: 0.6497, Epsilon: 0.027
2026-03-29 04:33:46 | INFO | Episode  394 - Reward: 9.000, Length: 9, Loss: 0.8235, Entropy: 0.6496, Epsilon: 0.025
2026-03-29 04:33:48 | INFO | Episode  395 - Reward: 9.000, Length: 9, Loss: 0.7264, Entropy: 0.6500, Epsilon: 0.022
2026-03-29 04:33:50 | INFO | Episode  396 - Reward: 10.000, Length: 10, Loss: 0.7909, Entropy: 0.6496, Epsilon: 0.020
2026-03-29 04:33:52 | INFO | Episode  397 - Reward: 11.000, Length: 11, Loss: 0.8124, Entropy: 0.6489, Epsilon: 0.017
2026-03-29 04:33:55 | INFO | Episode  398 - Reward: 8.000, Length: 8, Loss: 0.7003, Entropy: 0.6514, Epsilon: 0.015
2026-03-29 04:33:57 | INFO | Episode  399 - Reward: 11.000, Length: 11, Loss: 0.7514, Entropy: 0.6502, Epsilon: 0.012
2026-03-29 04:33:59 | INFO | Episode  400 - Reward: 10.000, Length: 10, Loss: 0.7746, Entropy: 0.6493, Epsilon: 0.010
2026-03-29 04:34:02 | INFO | [Episode  400] eps=0.010  avg_reward=   9.620  avg_length=  9.62  avg_loss=  1.0018  avg_entropy=0.6493  eval_success=0.000
2026-03-29 04:34:04 | INFO | Episode  401 - Reward: 12.000, Length: 12, Loss: 0.7030, Entropy: 0.6494, Epsilon: 0.010
2026-03-29 04:34:07 | INFO | Episode  402 - Reward: 8.000, Length: 8, Loss: 0.7165, Entropy: 0.6492, Epsilon: 0.010
2026-03-29 04:34:09 | INFO | Episode  403 - Reward: 10.000, Length: 10, Loss: 1.7209, Entropy: 0.6484, Epsilon: 0.010
2026-03-29 04:34:11 | INFO | Episode  404 - Reward: 10.000, Length: 10, Loss: 1.6035, Entropy: 0.6483, Epsilon: 0.010
2026-03-29 04:34:13 | INFO | Episode  405 - Reward: 9.000, Length: 9, Loss: 1.6332, Entropy: 0.6456, Epsilon: 0.010
2026-03-29 04:34:15 | INFO | Episode  406 - Reward: 10.000, Length: 10, Loss: 1.5713, Entropy: 0.6454, Epsilon: 0.010
2026-03-29 04:34:17 | INFO | Episode  407 - Reward: 9.000, Length: 9, Loss: 1.5381, Entropy: 0.6453, Epsilon: 0.010
2026-03-29 04:34:19 | INFO | Episode  408 - Reward: 9.000, Length: 9, Loss: 1.5807, Entropy: 0.6432, Epsilon: 0.010
2026-03-29 04:34:22 | INFO | Episode  409 - Reward: 8.000, Length: 8, Loss: 1.5407, Entropy: 0.6423, Epsilon: 0.010
2026-03-29 04:34:24 | INFO | Episode  410 - Reward: 10.000, Length: 10, Loss: 1.5518, Entropy: 0.6411, Epsilon: 0.010
2026-03-29 04:34:26 | INFO | Episode  411 - Reward: 10.000, Length: 10, Loss: 1.4811, Entropy: 0.6421, Epsilon: 0.010
2026-03-29 04:34:28 | INFO | Episode  412 - Reward: 9.000, Length: 9, Loss: 1.4106, Entropy: 0.6424, Epsilon: 0.010
2026-03-29 04:34:30 | INFO | Episode  413 - Reward: 10.000, Length: 10, Loss: 1.4988, Entropy: 0.6395, Epsilon: 0.010
2026-03-29 04:34:33 | INFO | Episode  414 - Reward: 9.000, Length: 9, Loss: 1.3759, Entropy: 0.6407, Epsilon: 0.010
2026-03-29 04:34:35 | INFO | Episode  415 - Reward: 9.000, Length: 9, Loss: 1.3879, Entropy: 0.6392, Epsilon: 0.010
2026-03-29 04:34:37 | INFO | Episode  416 - Reward: 10.000, Length: 10, Loss: 1.3375, Entropy: 0.6381, Epsilon: 0.010
2026-03-29 04:34:39 | INFO | Episode  417 - Reward: 9.000, Length: 9, Loss: 1.3520, Entropy: 0.6359, Epsilon: 0.010
2026-03-29 04:34:42 | INFO | Episode  418 - Reward: 10.000, Length: 10, Loss: 1.3504, Entropy: 0.6375, Epsilon: 0.010
2026-03-29 04:34:44 | INFO | Episode  419 - Reward: 9.000, Length: 9, Loss: 1.3386, Entropy: 0.6361, Epsilon: 0.010
2026-03-29 04:34:46 | INFO | Episode  420 - Reward: 10.000, Length: 10, Loss: 1.3248, Entropy: 0.6360, Epsilon: 0.010
2026-03-29 04:34:48 | INFO | Episode  421 - Reward: 9.000, Length: 9, Loss: 1.2951, Entropy: 0.6347, Epsilon: 0.010
2026-03-29 04:34:50 | INFO | Episode  422 - Reward: 9.000, Length: 9, Loss: 1.3269, Entropy: 0.6326, Epsilon: 0.010
2026-03-29 04:34:52 | INFO | Episode  423 - Reward: 9.000, Length: 9, Loss: 1.3033, Entropy: 0.6326, Epsilon: 0.010
2026-03-29 04:34:54 | INFO | Episode  424 - Reward: 11.000, Length: 11, Loss: 1.2794, Entropy: 0.6325, Epsilon: 0.010
2026-03-29 04:34:56 | INFO | Episode  425 - Reward: 10.000, Length: 10, Loss: 1.2804, Entropy: 0.6322, Epsilon: 0.010
2026-03-29 04:34:59 | INFO | Episode  426 - Reward: 9.000, Length: 9, Loss: 1.2380, Entropy: 0.6324, Epsilon: 0.010
2026-03-29 04:35:01 | INFO | Episode  427 - Reward: 9.000, Length: 9, Loss: 1.2527, Entropy: 0.6327, Epsilon: 0.010
2026-03-29 04:35:03 | INFO | Episode  428 - Reward: 10.000, Length: 10, Loss: 1.1181, Entropy: 0.6317, Epsilon: 0.010
2026-03-29 04:35:05 | INFO | Episode  429 - Reward: 9.000, Length: 9, Loss: 1.1317, Entropy: 0.6307, Epsilon: 0.010
2026-03-29 04:35:07 | INFO | Episode  430 - Reward: 9.000, Length: 9, Loss: 1.1164, Entropy: 0.6304, Epsilon: 0.010
2026-03-29 04:35:09 | INFO | Episode  431 - Reward: 10.000, Length: 10, Loss: 1.1214, Entropy: 0.6322, Epsilon: 0.010
2026-03-29 04:35:11 | INFO | Episode  432 - Reward: 9.000, Length: 9, Loss: 1.1911, Entropy: 0.6311, Epsilon: 0.010
2026-03-29 04:35:14 | INFO | Episode  433 - Reward: 10.000, Length: 10, Loss: 1.2282, Entropy: 0.6300, Epsilon: 0.010
2026-03-29 04:35:16 | INFO | Episode  434 - Reward: 9.000, Length: 9, Loss: 1.0806, Entropy: 0.6293, Epsilon: 0.010
2026-03-29 04:35:18 | INFO | Episode  435 - Reward: 10.000, Length: 10, Loss: 1.1354, Entropy: 0.6291, Epsilon: 0.010
2026-03-29 04:35:20 | INFO | Episode  436 - Reward: 9.000, Length: 9, Loss: 1.1077, Entropy: 0.6305, Epsilon: 0.010
2026-03-29 04:35:22 | INFO | Episode  437 - Reward: 9.000, Length: 9, Loss: 1.0427, Entropy: 0.6294, Epsilon: 0.010
2026-03-29 04:35:25 | INFO | Episode  438 - Reward: 10.000, Length: 10, Loss: 1.1927, Entropy: 0.6281, Epsilon: 0.010
2026-03-29 04:35:27 | INFO | Episode  439 - Reward: 10.000, Length: 10, Loss: 1.1738, Entropy: 0.6288, Epsilon: 0.010
2026-03-29 04:35:29 | INFO | Episode  440 - Reward: 9.000, Length: 9, Loss: 1.0284, Entropy: 0.6297, Epsilon: 0.010
2026-03-29 04:35:31 | INFO | Episode  441 - Reward: 10.000, Length: 10, Loss: 1.0585, Entropy: 0.6284, Epsilon: 0.010
2026-03-29 04:35:33 | INFO | Episode  442 - Reward: 8.000, Length: 8, Loss: 1.0961, Entropy: 0.6286, Epsilon: 0.010
2026-03-29 04:35:35 | INFO | Episode  443 - Reward: 9.000, Length: 9, Loss: 1.1489, Entropy: 0.6288, Epsilon: 0.010
2026-03-29 04:35:38 | INFO | Episode  444 - Reward: 10.000, Length: 10, Loss: 1.1209, Entropy: 0.6286, Epsilon: 0.010
2026-03-29 04:35:40 | INFO | Episode  445 - Reward: 9.000, Length: 9, Loss: 1.0430, Entropy: 0.6292, Epsilon: 0.010
2026-03-29 04:35:42 | INFO | Episode  446 - Reward: 9.000, Length: 9, Loss: 1.0534, Entropy: 0.6280, Epsilon: 0.010
2026-03-29 04:35:44 | INFO | Episode  447 - Reward: 9.000, Length: 9, Loss: 1.1415, Entropy: 0.6296, Epsilon: 0.010
2026-03-29 04:35:46 | INFO | Episode  448 - Reward: 10.000, Length: 10, Loss: 0.9424, Entropy: 0.6305, Epsilon: 0.010
2026-03-29 04:35:49 | INFO | Episode  449 - Reward: 9.000, Length: 9, Loss: 1.0491, Entropy: 0.6287, Epsilon: 0.010
2026-03-29 04:35:51 | INFO | Episode  450 - Reward: 10.000, Length: 10, Loss: 1.0897, Entropy: 0.6285, Epsilon: 0.010
2026-03-29 04:35:54 | INFO | [Episode  450] eps=0.010  avg_reward=   9.440  avg_length=  9.44  avg_loss=  1.2481  avg_entropy=0.6285  eval_success=0.000
2026-03-29 04:35:56 | INFO | Episode  451 - Reward: 10.000, Length: 10, Loss: 1.0810, Entropy: 0.6302, Epsilon: 0.010
2026-03-29 04:35:58 | INFO | Episode  452 - Reward: 9.000, Length: 9, Loss: 0.9497, Entropy: 0.6315, Epsilon: 0.010
2026-03-29 04:36:01 | INFO | Episode  453 - Reward: 8.000, Length: 8, Loss: 1.0386, Entropy: 0.6289, Epsilon: 0.010
2026-03-29 04:36:03 | INFO | Episode  454 - Reward: 10.000, Length: 10, Loss: 1.0948, Entropy: 0.6301, Epsilon: 0.010
2026-03-29 04:36:05 | INFO | Episode  455 - Reward: 10.000, Length: 10, Loss: 1.0471, Entropy: 0.6293, Epsilon: 0.010
2026-03-29 04:36:07 | INFO | Episode  456 - Reward: 8.000, Length: 8, Loss: 2.1267, Entropy: 0.6296, Epsilon: 0.010
2026-03-29 04:36:09 | INFO | Episode  457 - Reward: 10.000, Length: 10, Loss: 2.1249, Entropy: 0.6275, Epsilon: 0.010
2026-03-29 04:36:12 | INFO | Episode  458 - Reward: 10.000, Length: 10, Loss: 1.9574, Entropy: 0.6283, Epsilon: 0.010
2026-03-29 04:36:14 | INFO | Episode  459 - Reward: 9.000, Length: 9, Loss: 1.9185, Entropy: 0.6253, Epsilon: 0.010
2026-03-29 04:36:16 | INFO | Episode  460 - Reward: 11.000, Length: 11, Loss: 1.9398, Entropy: 0.6235, Epsilon: 0.010
2026-03-29 04:36:18 | INFO | Episode  461 - Reward: 10.000, Length: 10, Loss: 2.0238, Entropy: 0.6216, Epsilon: 0.010
2026-03-29 04:36:20 | INFO | Episode  462 - Reward: 9.000, Length: 9, Loss: 1.8662, Entropy: 0.6217, Epsilon: 0.010
2026-03-29 04:36:22 | INFO | Episode  463 - Reward: 10.000, Length: 10, Loss: 1.9026, Entropy: 0.6203, Epsilon: 0.010
2026-03-29 04:36:25 | INFO | Episode  464 - Reward: 9.000, Length: 9, Loss: 1.8504, Entropy: 0.6197, Epsilon: 0.010
2026-03-29 04:36:27 | INFO | Episode  465 - Reward: 9.000, Length: 9, Loss: 1.9255, Entropy: 0.6174, Epsilon: 0.010
2026-03-29 04:36:29 | INFO | Episode  466 - Reward: 9.000, Length: 9, Loss: 1.8959, Entropy: 0.6173, Epsilon: 0.010
2026-03-29 04:36:31 | INFO | Episode  467 - Reward: 10.000, Length: 10, Loss: 1.7260, Entropy: 0.6170, Epsilon: 0.010
2026-03-29 04:36:33 | INFO | Episode  468 - Reward: 10.000, Length: 10, Loss: 1.7636, Entropy: 0.6166, Epsilon: 0.010
2026-03-29 04:36:35 | INFO | Episode  469 - Reward: 10.000, Length: 10, Loss: 1.8024, Entropy: 0.6166, Epsilon: 0.010
2026-03-29 04:36:38 | INFO | Episode  470 - Reward: 10.000, Length: 10, Loss: 1.8054, Entropy: 0.6155, Epsilon: 0.010
2026-03-29 04:36:40 | INFO | Episode  471 - Reward: 8.000, Length: 8, Loss: 1.5502, Entropy: 0.6134, Epsilon: 0.010
2026-03-29 04:36:42 | INFO | Episode  472 - Reward: 11.000, Length: 11, Loss: 1.6566, Entropy: 0.6123, Epsilon: 0.010
2026-03-29 04:36:44 | INFO | Episode  473 - Reward: 10.000, Length: 10, Loss: 1.7826, Entropy: 0.6101, Epsilon: 0.010
2026-03-29 04:36:46 | INFO | Episode  474 - Reward: 8.000, Length: 8, Loss: 1.7284, Entropy: 0.6111, Epsilon: 0.010
2026-03-29 04:36:48 | INFO | Episode  475 - Reward: 10.000, Length: 10, Loss: 1.4963, Entropy: 0.6124, Epsilon: 0.010
2026-03-29 04:36:51 | INFO | Episode  476 - Reward: 9.000, Length: 9, Loss: 1.6424, Entropy: 0.6106, Epsilon: 0.010
2026-03-29 04:36:53 | INFO | Episode  477 - Reward: 10.000, Length: 10, Loss: 1.6375, Entropy: 0.6120, Epsilon: 0.010
2026-03-29 04:36:55 | INFO | Episode  478 - Reward: 9.000, Length: 9, Loss: 1.4527, Entropy: 0.6098, Epsilon: 0.010
2026-03-29 04:36:57 | INFO | Episode  479 - Reward: 9.000, Length: 9, Loss: 1.6332, Entropy: 0.6103, Epsilon: 0.010
2026-03-29 04:36:59 | INFO | Episode  480 - Reward: 9.000, Length: 9, Loss: 1.6471, Entropy: 0.6100, Epsilon: 0.010
2026-03-29 04:37:02 | INFO | Episode  481 - Reward: 9.000, Length: 9, Loss: 1.6542, Entropy: 0.6077, Epsilon: 0.010
2026-03-29 04:37:04 | INFO | Episode  482 - Reward: 9.000, Length: 9, Loss: 1.7139, Entropy: 0.6083, Epsilon: 0.010
2026-03-29 04:37:06 | INFO | Episode  483 - Reward: 9.000, Length: 9, Loss: 1.4395, Entropy: 0.6103, Epsilon: 0.010
2026-03-29 04:37:08 | INFO | Episode  484 - Reward: 9.000, Length: 9, Loss: 1.6087, Entropy: 0.6094, Epsilon: 0.010
2026-03-29 04:37:10 | INFO | Episode  485 - Reward: 9.000, Length: 9, Loss: 1.5661, Entropy: 0.6091, Epsilon: 0.010
2026-03-29 04:37:12 | INFO | Episode  486 - Reward: 9.000, Length: 9, Loss: 1.3311, Entropy: 0.6098, Epsilon: 0.010
2026-03-29 04:37:14 | INFO | Episode  487 - Reward: 9.000, Length: 9, Loss: 1.3786, Entropy: 0.6115, Epsilon: 0.010
2026-03-29 04:37:17 | INFO | Episode  488 - Reward: 10.000, Length: 10, Loss: 1.7142, Entropy: 0.6093, Epsilon: 0.010
2026-03-29 04:37:19 | INFO | Episode  489 - Reward: 8.000, Length: 8, Loss: 1.5351, Entropy: 0.6092, Epsilon: 0.010
2026-03-29 04:37:21 | INFO | Episode  490 - Reward: 8.000, Length: 8, Loss: 1.4507, Entropy: 0.6107, Epsilon: 0.010
2026-03-29 04:37:23 | INFO | Episode  491 - Reward: 9.000, Length: 9, Loss: 1.4737, Entropy: 0.6107, Epsilon: 0.010
2026-03-29 04:37:25 | INFO | Episode  492 - Reward: 11.000, Length: 11, Loss: 1.5164, Entropy: 0.6118, Epsilon: 0.010
2026-03-29 04:37:27 | INFO | Episode  493 - Reward: 9.000, Length: 9, Loss: 1.6150, Entropy: 0.6119, Epsilon: 0.010
2026-03-29 04:37:29 | INFO | Episode  494 - Reward: 11.000, Length: 11, Loss: 1.7597, Entropy: 0.6113, Epsilon: 0.010
2026-03-29 04:37:32 | INFO | Episode  495 - Reward: 9.000, Length: 9, Loss: 1.5925, Entropy: 0.6128, Epsilon: 0.010
2026-03-29 04:37:35 | INFO | Episode  496 - Reward: 10.000, Length: 10, Loss: 1.3687, Entropy: 0.6141, Epsilon: 0.010
2026-03-29 04:37:37 | INFO | Episode  497 - Reward: 9.000, Length: 9, Loss: 1.6691, Entropy: 0.6137, Epsilon: 0.010
2026-03-29 04:37:39 | INFO | Episode  498 - Reward: 8.000, Length: 8, Loss: 1.4546, Entropy: 0.6139, Epsilon: 0.010
2026-03-29 04:37:42 | INFO | Episode  499 - Reward: 10.000, Length: 10, Loss: 1.5488, Entropy: 0.6147, Epsilon: 0.010
2026-03-29 04:37:44 | INFO | Episode  500 - Reward: 10.000, Length: 10, Loss: 1.3337, Entropy: 0.6154, Epsilon: 0.010
2026-03-29 04:37:48 | INFO | [Episode  500] eps=0.010  avg_reward=   9.380  avg_length=  9.38  avg_loss=  1.6158  avg_entropy=0.6154  eval_success=0.000
2026-03-29 04:37:48 | INFO | DQN+Entropy training: 18m 41.26s
2026-03-29 04:38:05 | INFO | [Final Eval] success=0.000, mean_reward=9.470
