2026-03-29 09:26:58 | INFO | ============================================================
2026-03-29 09:26:58 | INFO | DEVICE / COMPUTE INFORMATION
2026-03-29 09:26:58 | INFO |   JAX backend       : GPU
2026-03-29 09:26:58 | INFO |   Platform          : gpu
2026-03-29 09:26:58 | INFO |   Num devices       : 2
2026-03-29 09:26:58 | INFO |   Device            : cuda:0
2026-03-29 09:26:58 | INFO |   Device            : cuda:1
2026-03-29 09:26:58 | INFO |   GPU name          : Tesla T4
2026-03-29 09:26:58 | INFO | ============================================================
2026-03-29 09:26:58 | INFO | DQN+Entropy | seed=0, lr=0.01, gamma=0.99, alpha=0.05
2026-03-29 09:26:58 | INFO | Env: mountaincar/dense, obs_dim=2, num_actions=3
2026-03-29 09:27:02 | INFO | Episode    1 - Reward: -200.000, Length: 200, Loss: 0.0000, Entropy: 0.0000, Epsilon: 0.998
2026-03-29 09:27:07 | INFO | Episode    2 - Reward: -200.000, Length: 200, Loss: 0.8914, Entropy: 1.0985, Epsilon: 0.995
2026-03-29 09:27:10 | INFO | Episode    3 - Reward: -200.000, Length: 200, Loss: 0.8190, Entropy: 1.0986, Epsilon: 0.993
2026-03-29 09:27:12 | INFO | Episode    4 - Reward: -200.000, Length: 200, Loss: 0.8999, Entropy: 1.0986, Epsilon: 0.990
2026-03-29 09:27:15 | INFO | Episode    5 - Reward: -200.000, Length: 200, Loss: 0.8340, Entropy: 1.0986, Epsilon: 0.988
2026-03-29 09:27:17 | INFO | Episode    6 - Reward: -200.000, Length: 200, Loss: 0.9013, Entropy: 1.0986, Epsilon: 0.985
2026-03-29 09:27:20 | INFO | Episode    7 - Reward: -200.000, Length: 200, Loss: 0.8332, Entropy: 1.0986, Epsilon: 0.983
2026-03-29 09:27:22 | INFO | Episode    8 - Reward: -200.000, Length: 200, Loss: 0.7704, Entropy: 1.0986, Epsilon: 0.980
2026-03-29 09:27:25 | INFO | Episode    9 - Reward: -200.000, Length: 200, Loss: 0.8957, Entropy: 1.0986, Epsilon: 0.978
2026-03-29 09:27:27 | INFO | Episode   10 - Reward: -200.000, Length: 200, Loss: 0.8233, Entropy: 1.0986, Epsilon: 0.975
2026-03-29 09:27:30 | INFO | Episode   11 - Reward: -200.000, Length: 200, Loss: 0.8898, Entropy: 1.0986, Epsilon: 0.973
2026-03-29 09:27:32 | INFO | Episode   12 - Reward: -200.000, Length: 200, Loss: 0.8100, Entropy: 1.0986, Epsilon: 0.970
2026-03-29 09:27:35 | INFO | Episode   13 - Reward: -200.000, Length: 200, Loss: 0.7423, Entropy: 1.0985, Epsilon: 0.968
2026-03-29 09:27:37 | INFO | Episode   14 - Reward: -200.000, Length: 200, Loss: 0.8715, Entropy: 1.0985, Epsilon: 0.965
2026-03-29 09:27:39 | INFO | Episode   15 - Reward: -200.000, Length: 200, Loss: 0.7868, Entropy: 1.0985, Epsilon: 0.963
2026-03-29 09:27:42 | INFO | Episode   16 - Reward: -200.000, Length: 200, Loss: 0.8503, Entropy: 1.0984, Epsilon: 0.960
2026-03-29 09:27:44 | INFO | Episode   17 - Reward: -200.000, Length: 200, Loss: 0.7605, Entropy: 1.0984, Epsilon: 0.958
2026-03-29 09:27:47 | INFO | Episode   18 - Reward: -200.000, Length: 200, Loss: 0.6781, Entropy: 1.0983, Epsilon: 0.955
2026-03-29 09:27:50 | INFO | Episode   19 - Reward: -200.000, Length: 200, Loss: 0.8193, Entropy: 1.0982, Epsilon: 0.953
2026-03-29 09:27:52 | INFO | Episode   20 - Reward: -200.000, Length: 200, Loss: 0.7223, Entropy: 1.0982, Epsilon: 0.951
2026-03-29 09:27:54 | INFO | Episode   21 - Reward: -200.000, Length: 200, Loss: 0.8108, Entropy: 1.0981, Epsilon: 0.948
2026-03-29 09:27:57 | INFO | Episode   22 - Reward: -200.000, Length: 200, Loss: 0.6992, Entropy: 1.0981, Epsilon: 0.946
2026-03-29 09:28:00 | INFO | Episode   23 - Reward: -200.000, Length: 200, Loss: 0.5920, Entropy: 1.0981, Epsilon: 0.943
2026-03-29 09:28:02 | INFO | Episode   24 - Reward: -200.000, Length: 200, Loss: 0.7947, Entropy: 1.0981, Epsilon: 0.941
2026-03-29 09:28:05 | INFO | Episode   25 - Reward: -200.000, Length: 200, Loss: 0.6542, Entropy: 1.0980, Epsilon: 0.938
2026-03-29 09:28:07 | INFO | Episode   26 - Reward: -200.000, Length: 200, Loss: 0.7757, Entropy: 1.0980, Epsilon: 0.936
2026-03-29 09:28:10 | INFO | Episode   27 - Reward: -200.000, Length: 200, Loss: 0.6124, Entropy: 1.0980, Epsilon: 0.933
2026-03-29 09:28:12 | INFO | Episode   28 - Reward: -200.000, Length: 200, Loss: 0.4671, Entropy: 1.0980, Epsilon: 0.931
2026-03-29 09:28:15 | INFO | Episode   29 - Reward: -200.000, Length: 200, Loss: 0.7417, Entropy: 1.0979, Epsilon: 0.928
2026-03-29 09:28:17 | INFO | Episode   30 - Reward: -200.000, Length: 200, Loss: 0.5359, Entropy: 1.0979, Epsilon: 0.926
2026-03-29 09:28:20 | INFO | Episode   31 - Reward: -200.000, Length: 200, Loss: 0.7241, Entropy: 1.0979, Epsilon: 0.923
2026-03-29 09:28:22 | INFO | Episode   32 - Reward: -200.000, Length: 200, Loss: 0.4711, Entropy: 1.0980, Epsilon: 0.921
2026-03-29 09:28:25 | INFO | Episode   33 - Reward: -200.000, Length: 200, Loss: 0.2834, Entropy: 1.0980, Epsilon: 0.918
2026-03-29 09:28:28 | INFO | Episode   34 - Reward: -200.000, Length: 200, Loss: 0.6971, Entropy: 1.0981, Epsilon: 0.916
2026-03-29 09:28:30 | INFO | Episode   35 - Reward: -200.000, Length: 200, Loss: 0.3756, Entropy: 1.0981, Epsilon: 0.913
2026-03-29 09:28:33 | INFO | Episode   36 - Reward: -200.000, Length: 200, Loss: 0.6604, Entropy: 1.0981, Epsilon: 0.911
2026-03-29 09:28:35 | INFO | Episode   37 - Reward: -200.000, Length: 200, Loss: 0.2591, Entropy: 1.0981, Epsilon: 0.908
2026-03-29 09:28:38 | INFO | Episode   38 - Reward: -200.000, Length: 200, Loss: 0.0920, Entropy: 1.0982, Epsilon: 0.906
2026-03-29 09:28:40 | INFO | Episode   39 - Reward: -200.000, Length: 200, Loss: 0.5670, Entropy: 1.0982, Epsilon: 0.903
2026-03-29 09:28:43 | INFO | Episode   40 - Reward: -200.000, Length: 200, Loss: 0.1666, Entropy: 1.0983, Epsilon: 0.901
2026-03-29 09:28:46 | INFO | Episode   41 - Reward: -200.000, Length: 200, Loss: 0.4920, Entropy: 1.0984, Epsilon: 0.899
2026-03-29 09:28:49 | INFO | Episode   42 - Reward: -200.000, Length: 200, Loss: 0.0615, Entropy: 1.0985, Epsilon: 0.896
2026-03-29 09:28:51 | INFO | Episode   43 - Reward: -200.000, Length: 200, Loss: 0.0445, Entropy: 1.0986, Epsilon: 0.894
2026-03-29 09:28:54 | INFO | Episode   44 - Reward: -200.000, Length: 200, Loss: 0.4342, Entropy: 1.0986, Epsilon: 0.891
2026-03-29 09:28:56 | INFO | Episode   45 - Reward: -200.000, Length: 200, Loss: 0.0838, Entropy: 1.0985, Epsilon: 0.889
2026-03-29 09:28:58 | INFO | Episode   46 - Reward: -200.000, Length: 200, Loss: 0.4833, Entropy: 1.0985, Epsilon: 0.886
2026-03-29 09:29:01 | INFO | Episode   47 - Reward: -200.000, Length: 200, Loss: -0.0099, Entropy: 1.0985, Epsilon: 0.884
2026-03-29 09:29:03 | INFO | Episode   48 - Reward: -200.000, Length: 200, Loss: 0.1071, Entropy: 1.0985, Epsilon: 0.881
2026-03-29 09:29:06 | INFO | Episode   49 - Reward: -200.000, Length: 200, Loss: 0.3374, Entropy: 1.0985, Epsilon: 0.879
2026-03-29 09:29:08 | INFO | Episode   50 - Reward: -200.000, Length: 200, Loss: 0.1415, Entropy: 1.0985, Epsilon: 0.876
2026-03-29 09:30:03 | INFO | [Episode   50] eps=0.876  avg_reward=-200.000  avg_length=200.00  avg_loss=  0.5751  avg_entropy=1.0985  eval_success=0.000
2026-03-29 09:30:06 | INFO | Episode   51 - Reward: -200.000, Length: 200, Loss: 0.3922, Entropy: 1.0983, Epsilon: 0.874
2026-03-29 09:30:09 | INFO | Episode   52 - Reward: -200.000, Length: 200, Loss: 0.1812, Entropy: 1.0984, Epsilon: 0.871
2026-03-29 09:30:11 | INFO | Episode   53 - Reward: -200.000, Length: 200, Loss: 0.2129, Entropy: 1.0985, Epsilon: 0.869
2026-03-29 09:30:14 | INFO | Episode   54 - Reward: -200.000, Length: 200, Loss: 0.6194, Entropy: 1.0984, Epsilon: 0.866
2026-03-29 09:30:16 | INFO | Episode   55 - Reward: -200.000, Length: 200, Loss: 0.2222, Entropy: 1.0984, Epsilon: 0.864
2026-03-29 09:30:19 | INFO | Episode   56 - Reward: -200.000, Length: 200, Loss: 0.7118, Entropy: 1.0981, Epsilon: 0.861
2026-03-29 09:30:22 | INFO | Episode   57 - Reward: -200.000, Length: 200, Loss: 0.4347, Entropy: 1.0984, Epsilon: 0.859
2026-03-29 09:30:24 | INFO | Episode   58 - Reward: -200.000, Length: 200, Loss: 0.5732, Entropy: 1.0985, Epsilon: 0.856
2026-03-29 09:30:27 | INFO | Episode   59 - Reward: -200.000, Length: 200, Loss: 0.5792, Entropy: 1.0984, Epsilon: 0.854
2026-03-29 09:30:29 | INFO | Episode   60 - Reward: -200.000, Length: 200, Loss: 0.4674, Entropy: 1.0981, Epsilon: 0.852
2026-03-29 09:30:32 | INFO | Episode   61 - Reward: -200.000, Length: 200, Loss: 0.9275, Entropy: 1.0980, Epsilon: 0.849
2026-03-29 09:30:34 | INFO | Episode   62 - Reward: -200.000, Length: 200, Loss: 0.8423, Entropy: 1.0979, Epsilon: 0.847
2026-03-29 09:30:37 | INFO | Episode   63 - Reward: -200.000, Length: 200, Loss: 0.1557, Entropy: 1.0985, Epsilon: 0.844
2026-03-29 09:30:39 | INFO | Episode   64 - Reward: -200.000, Length: 200, Loss: 1.0175, Entropy: 1.0976, Epsilon: 0.842
2026-03-29 09:30:42 | INFO | Episode   65 - Reward: -200.000, Length: 200, Loss: 0.9887, Entropy: 1.0975, Epsilon: 0.839
2026-03-29 09:30:44 | INFO | Episode   66 - Reward: -200.000, Length: 200, Loss: 1.2703, Entropy: 1.0980, Epsilon: 0.837
2026-03-29 09:30:47 | INFO | Episode   67 - Reward: -200.000, Length: 200, Loss: 0.6048, Entropy: 1.0976, Epsilon: 0.834
2026-03-29 09:30:49 | INFO | Episode   68 - Reward: -200.000, Length: 200, Loss: 0.5815, Entropy: 1.0972, Epsilon: 0.832
2026-03-29 09:30:52 | INFO | Episode   69 - Reward: -200.000, Length: 200, Loss: 0.6154, Entropy: 1.0978, Epsilon: 0.829
2026-03-29 09:30:54 | INFO | Episode   70 - Reward: -200.000, Length: 200, Loss: 1.2890, Entropy: 1.0977, Epsilon: 0.827
2026-03-29 09:30:56 | INFO | Episode   71 - Reward: -200.000, Length: 200, Loss: 0.7523, Entropy: 1.0982, Epsilon: 0.824
2026-03-29 09:30:59 | INFO | Episode   72 - Reward: -200.000, Length: 200, Loss: 0.8471, Entropy: 1.0962, Epsilon: 0.822
2026-03-29 09:31:01 | INFO | Episode   73 - Reward: -200.000, Length: 200, Loss: 0.7417, Entropy: 1.0982, Epsilon: 0.819
2026-03-29 09:31:04 | INFO | Episode   74 - Reward: -200.000, Length: 200, Loss: 1.5233, Entropy: 1.0954, Epsilon: 0.817
2026-03-29 09:31:07 | INFO | Episode   75 - Reward: -200.000, Length: 200, Loss: 0.5840, Entropy: 1.0979, Epsilon: 0.814
2026-03-29 09:31:09 | INFO | Episode   76 - Reward: -200.000, Length: 200, Loss: 2.1236, Entropy: 1.0966, Epsilon: 0.812
2026-03-29 09:31:12 | INFO | Episode   77 - Reward: -200.000, Length: 200, Loss: 1.1325, Entropy: 1.0972, Epsilon: 0.809
2026-03-29 09:31:14 | INFO | Episode   78 - Reward: -200.000, Length: 200, Loss: 1.3543, Entropy: 1.0968, Epsilon: 0.807
2026-03-29 09:31:16 | INFO | Episode   79 - Reward: -200.000, Length: 200, Loss: 0.9255, Entropy: 1.0968, Epsilon: 0.804
2026-03-29 09:31:19 | INFO | Episode   80 - Reward: -200.000, Length: 200, Loss: 2.2194, Entropy: 1.0960, Epsilon: 0.802
2026-03-29 09:31:21 | INFO | Episode   81 - Reward: -200.000, Length: 200, Loss: 0.9297, Entropy: 1.0975, Epsilon: 0.800
2026-03-29 09:31:24 | INFO | Episode   82 - Reward: -200.000, Length: 200, Loss: 1.9014, Entropy: 1.0975, Epsilon: 0.797
2026-03-29 09:31:27 | INFO | Episode   83 - Reward: -200.000, Length: 200, Loss: 1.4176, Entropy: 1.0964, Epsilon: 0.795
2026-03-29 09:31:29 | INFO | Episode   84 - Reward: -200.000, Length: 200, Loss: 2.1897, Entropy: 1.0963, Epsilon: 0.792
2026-03-29 09:31:31 | INFO | Episode   85 - Reward: -200.000, Length: 200, Loss: 2.2079, Entropy: 1.0938, Epsilon: 0.790
2026-03-29 09:31:34 | INFO | Episode   86 - Reward: -200.000, Length: 200, Loss: 1.5125, Entropy: 1.0930, Epsilon: 0.787
2026-03-29 09:31:36 | INFO | Episode   87 - Reward: -200.000, Length: 200, Loss: 1.2667, Entropy: 1.0956, Epsilon: 0.785
2026-03-29 09:31:39 | INFO | Episode   88 - Reward: -200.000, Length: 200, Loss: 2.9065, Entropy: 1.0965, Epsilon: 0.782
2026-03-29 09:31:42 | INFO | Episode   89 - Reward: -200.000, Length: 200, Loss: 1.8517, Entropy: 1.0946, Epsilon: 0.780
2026-03-29 09:31:44 | INFO | Episode   90 - Reward: -200.000, Length: 200, Loss: 2.1799, Entropy: 1.0931, Epsilon: 0.777
2026-03-29 09:31:47 | INFO | Episode   91 - Reward: -200.000, Length: 200, Loss: 1.4475, Entropy: 1.0920, Epsilon: 0.775
2026-03-29 09:31:49 | INFO | Episode   92 - Reward: -200.000, Length: 200, Loss: 2.5218, Entropy: 1.0945, Epsilon: 0.772
2026-03-29 09:31:52 | INFO | Episode   93 - Reward: -200.000, Length: 200, Loss: 1.0070, Entropy: 1.0974, Epsilon: 0.770
2026-03-29 09:31:54 | INFO | Episode   94 - Reward: -200.000, Length: 200, Loss: 3.0699, Entropy: 1.0939, Epsilon: 0.767
2026-03-29 09:31:57 | INFO | Episode   95 - Reward: -200.000, Length: 200, Loss: 3.8645, Entropy: 1.0842, Epsilon: 0.765
2026-03-29 09:31:59 | INFO | Episode   96 - Reward: -200.000, Length: 200, Loss: 1.5974, Entropy: 1.0975, Epsilon: 0.762
2026-03-29 09:32:02 | INFO | Episode   97 - Reward: -200.000, Length: 200, Loss: 1.4867, Entropy: 1.0965, Epsilon: 0.760
2026-03-29 09:32:04 | INFO | Episode   98 - Reward: -200.000, Length: 200, Loss: 2.2922, Entropy: 1.0921, Epsilon: 0.757
2026-03-29 09:32:07 | INFO | Episode   99 - Reward: -200.000, Length: 200, Loss: 2.2144, Entropy: 1.0958, Epsilon: 0.755
2026-03-29 09:32:09 | INFO | Episode  100 - Reward: -200.000, Length: 200, Loss: 1.1603, Entropy: 1.0960, Epsilon: 0.752
2026-03-29 09:33:05 | INFO | [Episode  100] eps=0.752  avg_reward=-200.000  avg_length=200.00  avg_loss=  1.2783  avg_entropy=1.0960  eval_success=0.000
2026-03-29 09:33:08 | INFO | Episode  101 - Reward: -200.000, Length: 200, Loss: 1.7154, Entropy: 1.0936, Epsilon: 0.750
2026-03-29 09:33:10 | INFO | Episode  102 - Reward: -200.000, Length: 200, Loss: 2.7334, Entropy: 1.0913, Epsilon: 0.748
2026-03-29 09:33:13 | INFO | Episode  103 - Reward: -200.000, Length: 200, Loss: 2.7277, Entropy: 1.0900, Epsilon: 0.745
2026-03-29 09:33:16 | INFO | Episode  104 - Reward: -200.000, Length: 200, Loss: 2.1859, Entropy: 1.0953, Epsilon: 0.743
2026-03-29 09:33:18 | INFO | Episode  105 - Reward: -200.000, Length: 200, Loss: 2.1876, Entropy: 1.0933, Epsilon: 0.740
2026-03-29 09:33:21 | INFO | Episode  106 - Reward: -200.000, Length: 200, Loss: 2.5022, Entropy: 1.0941, Epsilon: 0.738
2026-03-29 09:33:23 | INFO | Episode  107 - Reward: -200.000, Length: 200, Loss: 1.7432, Entropy: 1.0933, Epsilon: 0.735
2026-03-29 09:33:26 | INFO | Episode  108 - Reward: -200.000, Length: 200, Loss: 3.3526, Entropy: 1.0889, Epsilon: 0.733
2026-03-29 09:33:29 | INFO | Episode  109 - Reward: -200.000, Length: 200, Loss: 2.1983, Entropy: 1.0925, Epsilon: 0.730
2026-03-29 09:33:31 | INFO | Episode  110 - Reward: -200.000, Length: 200, Loss: 0.7957, Entropy: 1.0966, Epsilon: 0.728
2026-03-29 09:33:33 | INFO | Episode  111 - Reward: -200.000, Length: 200, Loss: 1.7658, Entropy: 1.0952, Epsilon: 0.725
2026-03-29 09:33:36 | INFO | Episode  112 - Reward: -200.000, Length: 200, Loss: 1.4620, Entropy: 1.0962, Epsilon: 0.723
2026-03-29 09:33:39 | INFO | Episode  113 - Reward: -200.000, Length: 200, Loss: 0.6590, Entropy: 1.0961, Epsilon: 0.720
2026-03-29 09:33:41 | INFO | Episode  114 - Reward: -200.000, Length: 200, Loss: 2.1217, Entropy: 1.0970, Epsilon: 0.718
2026-03-29 09:33:44 | INFO | Episode  115 - Reward: -200.000, Length: 200, Loss: 2.1601, Entropy: 1.0947, Epsilon: 0.715
2026-03-29 09:33:46 | INFO | Episode  116 - Reward: -200.000, Length: 200, Loss: 3.5839, Entropy: 1.0935, Epsilon: 0.713
2026-03-29 09:33:49 | INFO | Episode  117 - Reward: -200.000, Length: 200, Loss: 4.4684, Entropy: 1.0909, Epsilon: 0.710
2026-03-29 09:33:52 | INFO | Episode  118 - Reward: -200.000, Length: 200, Loss: 7.1848, Entropy: 1.0909, Epsilon: 0.708
2026-03-29 09:33:54 | INFO | Episode  119 - Reward: -200.000, Length: 200, Loss: 1.6654, Entropy: 1.0969, Epsilon: 0.705
2026-03-29 09:33:57 | INFO | Episode  120 - Reward: -200.000, Length: 200, Loss: -0.0079, Entropy: 1.0986, Epsilon: 0.703
2026-03-29 09:33:59 | INFO | Episode  121 - Reward: -200.000, Length: 200, Loss: 1.1489, Entropy: 1.0968, Epsilon: 0.701
2026-03-29 09:34:02 | INFO | Episode  122 - Reward: -200.000, Length: 200, Loss: 2.6822, Entropy: 1.0947, Epsilon: 0.698
2026-03-29 09:34:04 | INFO | Episode  123 - Reward: -200.000, Length: 200, Loss: 1.7250, Entropy: 1.0964, Epsilon: 0.696
2026-03-29 09:34:07 | INFO | Episode  124 - Reward: -200.000, Length: 200, Loss: 3.0199, Entropy: 1.0871, Epsilon: 0.693
2026-03-29 09:34:09 | INFO | Episode  125 - Reward: -200.000, Length: 200, Loss: 1.4459, Entropy: 1.0924, Epsilon: 0.691
2026-03-29 09:34:12 | INFO | Episode  126 - Reward: -200.000, Length: 200, Loss: 0.6132, Entropy: 1.0974, Epsilon: 0.688
2026-03-29 09:34:14 | INFO | Episode  127 - Reward: -200.000, Length: 200, Loss: 1.5210, Entropy: 1.0938, Epsilon: 0.686
2026-03-29 09:34:17 | INFO | Episode  128 - Reward: -200.000, Length: 200, Loss: 0.5203, Entropy: 1.0980, Epsilon: 0.683
2026-03-29 09:34:20 | INFO | Episode  129 - Reward: -200.000, Length: 200, Loss: 1.6878, Entropy: 1.0969, Epsilon: 0.681
2026-03-29 09:34:22 | INFO | Episode  130 - Reward: -200.000, Length: 200, Loss: 2.2954, Entropy: 1.0956, Epsilon: 0.678
2026-03-29 09:34:25 | INFO | Episode  131 - Reward: -200.000, Length: 200, Loss: 1.5672, Entropy: 1.0910, Epsilon: 0.676
2026-03-29 09:34:27 | INFO | Episode  132 - Reward: -200.000, Length: 200, Loss: 1.3622, Entropy: 1.0954, Epsilon: 0.673
2026-03-29 09:34:30 | INFO | Episode  133 - Reward: -200.000, Length: 200, Loss: 1.8503, Entropy: 1.0938, Epsilon: 0.671
2026-03-29 09:34:32 | INFO | Episode  134 - Reward: -200.000, Length: 200, Loss: 2.4659, Entropy: 1.0946, Epsilon: 0.668
2026-03-29 09:34:35 | INFO | Episode  135 - Reward: -200.000, Length: 200, Loss: 2.8749, Entropy: 1.0910, Epsilon: 0.666
2026-03-29 09:34:38 | INFO | Episode  136 - Reward: -200.000, Length: 200, Loss: 2.7094, Entropy: 1.0908, Epsilon: 0.663
2026-03-29 09:34:40 | INFO | Episode  137 - Reward: -200.000, Length: 200, Loss: 2.1308, Entropy: 1.0957, Epsilon: 0.661
2026-03-29 09:34:43 | INFO | Episode  138 - Reward: -200.000, Length: 200, Loss: 2.2848, Entropy: 1.0949, Epsilon: 0.658
2026-03-29 09:34:45 | INFO | Episode  139 - Reward: -200.000, Length: 200, Loss: 1.8571, Entropy: 1.0976, Epsilon: 0.656
2026-03-29 09:34:48 | INFO | Episode  140 - Reward: -200.000, Length: 200, Loss: 0.6064, Entropy: 1.0980, Epsilon: 0.653
2026-03-29 09:34:50 | INFO | Episode  141 - Reward: -200.000, Length: 200, Loss: 1.9128, Entropy: 1.0883, Epsilon: 0.651
2026-03-29 09:34:53 | INFO | Episode  142 - Reward: -200.000, Length: 200, Loss: 2.3796, Entropy: 1.0962, Epsilon: 0.649
2026-03-29 09:34:55 | INFO | Episode  143 - Reward: -200.000, Length: 200, Loss: 4.1127, Entropy: 1.0911, Epsilon: 0.646
2026-03-29 09:34:58 | INFO | Episode  144 - Reward: -200.000, Length: 200, Loss: 1.7386, Entropy: 1.0964, Epsilon: 0.644
2026-03-29 09:35:01 | INFO | Episode  145 - Reward: -200.000, Length: 200, Loss: 1.4976, Entropy: 1.0957, Epsilon: 0.641
2026-03-29 09:35:03 | INFO | Episode  146 - Reward: -200.000, Length: 200, Loss: 1.8323, Entropy: 1.0951, Epsilon: 0.639
2026-03-29 09:35:06 | INFO | Episode  147 - Reward: -200.000, Length: 200, Loss: 3.8035, Entropy: 1.0909, Epsilon: 0.636
2026-03-29 09:35:08 | INFO | Episode  148 - Reward: -200.000, Length: 200, Loss: 1.8075, Entropy: 1.0928, Epsilon: 0.634
2026-03-29 09:35:11 | INFO | Episode  149 - Reward: -200.000, Length: 200, Loss: 1.8899, Entropy: 1.0960, Epsilon: 0.631
2026-03-29 09:35:13 | INFO | Episode  150 - Reward: -200.000, Length: 200, Loss: 2.6161, Entropy: 1.0949, Epsilon: 0.629
2026-03-29 09:36:10 | INFO | [Episode  150] eps=0.629  avg_reward=-200.000  avg_length=200.00  avg_loss=  2.1433  avg_entropy=1.0949  eval_success=0.000
2026-03-29 09:36:13 | INFO | Episode  151 - Reward: -200.000, Length: 200, Loss: 3.1003, Entropy: 1.0874, Epsilon: 0.626
2026-03-29 09:36:15 | INFO | Episode  152 - Reward: -200.000, Length: 200, Loss: 1.6237, Entropy: 1.0955, Epsilon: 0.624
2026-03-29 09:36:18 | INFO | Episode  153 - Reward: -200.000, Length: 200, Loss: 0.9517, Entropy: 1.0959, Epsilon: 0.621
2026-03-29 09:36:21 | INFO | Episode  154 - Reward: -200.000, Length: 200, Loss: 0.9943, Entropy: 1.0964, Epsilon: 0.619
2026-03-29 09:36:23 | INFO | Episode  155 - Reward: -200.000, Length: 200, Loss: 2.0055, Entropy: 1.0961, Epsilon: 0.616
2026-03-29 09:36:26 | INFO | Episode  156 - Reward: -200.000, Length: 200, Loss: 2.6999, Entropy: 1.0927, Epsilon: 0.614
2026-03-29 09:36:28 | INFO | Episode  157 - Reward: -200.000, Length: 200, Loss: 2.7346, Entropy: 1.0933, Epsilon: 0.611
2026-03-29 09:36:31 | INFO | Episode  158 - Reward: -200.000, Length: 200, Loss: 0.8686, Entropy: 1.0976, Epsilon: 0.609
2026-03-29 09:36:33 | INFO | Episode  159 - Reward: -200.000, Length: 200, Loss: 1.6476, Entropy: 1.0967, Epsilon: 0.606
2026-03-29 09:36:36 | INFO | Episode  160 - Reward: -200.000, Length: 200, Loss: 3.2255, Entropy: 1.0914, Epsilon: 0.604
2026-03-29 09:36:38 | INFO | Episode  161 - Reward: -200.000, Length: 200, Loss: 3.3829, Entropy: 1.0909, Epsilon: 0.602
2026-03-29 09:36:41 | INFO | Episode  162 - Reward: -200.000, Length: 200, Loss: 5.6756, Entropy: 1.0812, Epsilon: 0.599
2026-03-29 09:36:43 | INFO | Episode  163 - Reward: -200.000, Length: 200, Loss: 15.3380, Entropy: 1.0756, Epsilon: 0.597
2026-03-29 09:36:46 | INFO | Episode  164 - Reward: -200.000, Length: 200, Loss: 1.2848, Entropy: 1.0949, Epsilon: 0.594
2026-03-29 09:36:48 | INFO | Episode  165 - Reward: -200.000, Length: 200, Loss: 1.3569, Entropy: 1.0972, Epsilon: 0.592
2026-03-29 09:36:51 | INFO | Episode  166 - Reward: -200.000, Length: 200, Loss: 1.0744, Entropy: 1.0973, Epsilon: 0.589
2026-03-29 09:36:53 | INFO | Episode  167 - Reward: -200.000, Length: 200, Loss: 0.8873, Entropy: 1.0974, Epsilon: 0.587
2026-03-29 09:36:56 | INFO | Episode  168 - Reward: -200.000, Length: 200, Loss: 1.5959, Entropy: 1.0940, Epsilon: 0.584
2026-03-29 09:36:58 | INFO | Episode  169 - Reward: -200.000, Length: 200, Loss: 1.5573, Entropy: 1.0971, Epsilon: 0.582
2026-03-29 09:37:01 | INFO | Episode  170 - Reward: -200.000, Length: 200, Loss: 1.4286, Entropy: 1.0946, Epsilon: 0.579
2026-03-29 09:37:04 | INFO | Episode  171 - Reward: -200.000, Length: 200, Loss: 1.9707, Entropy: 1.0956, Epsilon: 0.577
2026-03-29 09:37:06 | INFO | Episode  172 - Reward: -200.000, Length: 200, Loss: 1.0750, Entropy: 1.0974, Epsilon: 0.574
2026-03-29 09:37:09 | INFO | Episode  173 - Reward: -200.000, Length: 200, Loss: 1.8303, Entropy: 1.0979, Epsilon: 0.572
2026-03-29 09:37:11 | INFO | Episode  174 - Reward: -200.000, Length: 200, Loss: 2.1581, Entropy: 1.0949, Epsilon: 0.569
2026-03-29 09:37:14 | INFO | Episode  175 - Reward: -200.000, Length: 200, Loss: 2.3282, Entropy: 1.0928, Epsilon: 0.567
2026-03-29 09:37:16 | INFO | Episode  176 - Reward: -200.000, Length: 200, Loss: 2.4764, Entropy: 1.0972, Epsilon: 0.564
2026-03-29 09:37:19 | INFO | Episode  177 - Reward: -200.000, Length: 200, Loss: 2.4641, Entropy: 1.0968, Epsilon: 0.562
2026-03-29 09:37:22 | INFO | Episode  178 - Reward: -200.000, Length: 200, Loss: 1.6812, Entropy: 1.0937, Epsilon: 0.559
2026-03-29 09:37:24 | INFO | Episode  179 - Reward: -200.000, Length: 200, Loss: 1.5265, Entropy: 1.0958, Epsilon: 0.557
2026-03-29 09:37:27 | INFO | Episode  180 - Reward: -200.000, Length: 200, Loss: 3.4157, Entropy: 1.0906, Epsilon: 0.554
2026-03-29 09:37:29 | INFO | Episode  181 - Reward: -200.000, Length: 200, Loss: 0.6323, Entropy: 1.0982, Epsilon: 0.552
2026-03-29 09:37:31 | INFO | Episode  182 - Reward: -200.000, Length: 200, Loss: 3.1227, Entropy: 1.0937, Epsilon: 0.550
2026-03-29 09:37:34 | INFO | Episode  183 - Reward: -200.000, Length: 200, Loss: 5.2363, Entropy: 1.0809, Epsilon: 0.547
2026-03-29 09:37:36 | INFO | Episode  184 - Reward: -200.000, Length: 200, Loss: 1.9086, Entropy: 1.0960, Epsilon: 0.545
2026-03-29 09:37:39 | INFO | Episode  185 - Reward: -200.000, Length: 200, Loss: 1.5892, Entropy: 1.0965, Epsilon: 0.542
2026-03-29 09:37:41 | INFO | Episode  186 - Reward: -200.000, Length: 200, Loss: 1.7420, Entropy: 1.0957, Epsilon: 0.540
2026-03-29 09:37:44 | INFO | Episode  187 - Reward: -200.000, Length: 200, Loss: 1.5712, Entropy: 1.0903, Epsilon: 0.537
2026-03-29 09:37:46 | INFO | Episode  188 - Reward: -200.000, Length: 200, Loss: 2.3795, Entropy: 1.0963, Epsilon: 0.535
2026-03-29 09:37:49 | INFO | Episode  189 - Reward: -200.000, Length: 200, Loss: 1.2988, Entropy: 1.0969, Epsilon: 0.532
2026-03-29 09:37:51 | INFO | Episode  190 - Reward: -200.000, Length: 200, Loss: 2.9770, Entropy: 1.0933, Epsilon: 0.530
2026-03-29 09:37:54 | INFO | Episode  191 - Reward: -200.000, Length: 200, Loss: 1.4925, Entropy: 1.0953, Epsilon: 0.527
2026-03-29 09:37:56 | INFO | Episode  192 - Reward: -200.000, Length: 200, Loss: 0.9628, Entropy: 1.0976, Epsilon: 0.525
2026-03-29 09:37:59 | INFO | Episode  193 - Reward: -200.000, Length: 200, Loss: 2.0398, Entropy: 1.0961, Epsilon: 0.522
2026-03-29 09:38:02 | INFO | Episode  194 - Reward: -200.000, Length: 200, Loss: 1.7763, Entropy: 1.0945, Epsilon: 0.520
2026-03-29 09:38:04 | INFO | Episode  195 - Reward: -200.000, Length: 200, Loss: 2.8722, Entropy: 1.0889, Epsilon: 0.517
2026-03-29 09:38:07 | INFO | Episode  196 - Reward: -200.000, Length: 200, Loss: 2.4447, Entropy: 1.0923, Epsilon: 0.515
2026-03-29 09:38:09 | INFO | Episode  197 - Reward: -200.000, Length: 200, Loss: 1.7334, Entropy: 1.0930, Epsilon: 0.512
2026-03-29 09:38:12 | INFO | Episode  198 - Reward: -200.000, Length: 200, Loss: 1.3289, Entropy: 1.0941, Epsilon: 0.510
2026-03-29 09:38:14 | INFO | Episode  199 - Reward: -200.000, Length: 200, Loss: 1.4373, Entropy: 1.0937, Epsilon: 0.507
2026-03-29 09:38:17 | INFO | Episode  200 - Reward: -200.000, Length: 200, Loss: 2.4287, Entropy: 1.0929, Epsilon: 0.505
2026-03-29 09:39:13 | INFO | [Episode  200] eps=0.505  avg_reward=-200.000  avg_length=200.00  avg_loss=  2.3067  avg_entropy=1.0929  eval_success=0.000
2026-03-29 09:39:16 | INFO | Episode  201 - Reward: -200.000, Length: 200, Loss: 3.6773, Entropy: 1.0885, Epsilon: 0.503
2026-03-29 09:39:19 | INFO | Episode  202 - Reward: -200.000, Length: 200, Loss: 2.9364, Entropy: 1.0953, Epsilon: 0.500
2026-03-29 09:39:21 | INFO | Episode  203 - Reward: -200.000, Length: 200, Loss: 2.7617, Entropy: 1.0930, Epsilon: 0.498
2026-03-29 09:39:24 | INFO | Episode  204 - Reward: -200.000, Length: 200, Loss: 1.3615, Entropy: 1.0974, Epsilon: 0.495
2026-03-29 09:39:27 | INFO | Episode  205 - Reward: -200.000, Length: 200, Loss: 1.6705, Entropy: 1.0936, Epsilon: 0.493
2026-03-29 09:39:29 | INFO | Episode  206 - Reward: -200.000, Length: 200, Loss: 2.1015, Entropy: 1.0937, Epsilon: 0.490
2026-03-29 09:39:32 | INFO | Episode  207 - Reward: -200.000, Length: 200, Loss: 3.1640, Entropy: 1.0922, Epsilon: 0.488
2026-03-29 09:39:35 | INFO | Episode  208 - Reward: -200.000, Length: 200, Loss: 4.3744, Entropy: 1.0936, Epsilon: 0.485
2026-03-29 09:39:37 | INFO | Episode  209 - Reward: -200.000, Length: 200, Loss: 1.3575, Entropy: 1.0917, Epsilon: 0.483
2026-03-29 09:39:40 | INFO | Episode  210 - Reward: -200.000, Length: 200, Loss: 3.4752, Entropy: 1.0939, Epsilon: 0.480
2026-03-29 09:39:42 | INFO | Episode  211 - Reward: -200.000, Length: 200, Loss: 3.0280, Entropy: 1.0925, Epsilon: 0.478
2026-03-29 09:39:45 | INFO | Episode  212 - Reward: -200.000, Length: 200, Loss: 1.5928, Entropy: 1.0965, Epsilon: 0.475
2026-03-29 09:39:48 | INFO | Episode  213 - Reward: -200.000, Length: 200, Loss: 1.9272, Entropy: 1.0942, Epsilon: 0.473
2026-03-29 09:39:51 | INFO | Episode  214 - Reward: -200.000, Length: 200, Loss: 1.4198, Entropy: 1.0950, Epsilon: 0.470
2026-03-29 09:39:53 | INFO | Episode  215 - Reward: -200.000, Length: 200, Loss: 0.8081, Entropy: 1.0966, Epsilon: 0.468
2026-03-29 09:39:55 | INFO | Episode  216 - Reward: -200.000, Length: 200, Loss: 1.2056, Entropy: 1.0959, Epsilon: 0.465
2026-03-29 09:39:58 | INFO | Episode  217 - Reward: -200.000, Length: 200, Loss: 1.4572, Entropy: 1.0971, Epsilon: 0.463
2026-03-29 09:40:00 | INFO | Episode  218 - Reward: -200.000, Length: 200, Loss: 2.1024, Entropy: 1.0941, Epsilon: 0.460
2026-03-29 09:40:03 | INFO | Episode  219 - Reward: -200.000, Length: 200, Loss: 3.3404, Entropy: 1.0950, Epsilon: 0.458
2026-03-29 09:40:06 | INFO | Episode  220 - Reward: -200.000, Length: 200, Loss: 4.4847, Entropy: 1.0899, Epsilon: 0.456
2026-03-29 09:40:08 | INFO | Episode  221 - Reward: -200.000, Length: 200, Loss: 1.4062, Entropy: 1.0933, Epsilon: 0.453
2026-03-29 09:40:11 | INFO | Episode  222 - Reward: -200.000, Length: 200, Loss: 1.0480, Entropy: 1.0966, Epsilon: 0.451
2026-03-29 09:40:13 | INFO | Episode  223 - Reward: -200.000, Length: 200, Loss: 2.6488, Entropy: 1.0921, Epsilon: 0.448
2026-03-29 09:40:16 | INFO | Episode  224 - Reward: -200.000, Length: 200, Loss: 1.8219, Entropy: 1.0964, Epsilon: 0.446
2026-03-29 09:40:18 | INFO | Episode  225 - Reward: -200.000, Length: 200, Loss: 1.1684, Entropy: 1.0955, Epsilon: 0.443
2026-03-29 09:40:21 | INFO | Episode  226 - Reward: -200.000, Length: 200, Loss: 3.3065, Entropy: 1.0940, Epsilon: 0.441
2026-03-29 09:40:24 | INFO | Episode  227 - Reward: -200.000, Length: 200, Loss: 3.1263, Entropy: 1.0967, Epsilon: 0.438
2026-03-29 09:40:26 | INFO | Episode  228 - Reward: -200.000, Length: 200, Loss: 2.3135, Entropy: 1.0935, Epsilon: 0.436
2026-03-29 09:40:29 | INFO | Episode  229 - Reward: -200.000, Length: 200, Loss: 1.1724, Entropy: 1.0949, Epsilon: 0.433
2026-03-29 09:40:32 | INFO | Episode  230 - Reward: -200.000, Length: 200, Loss: 1.7278, Entropy: 1.0937, Epsilon: 0.431
2026-03-29 09:40:34 | INFO | Episode  231 - Reward: -200.000, Length: 200, Loss: 1.7670, Entropy: 1.0970, Epsilon: 0.428
2026-03-29 09:40:36 | INFO | Episode  232 - Reward: -200.000, Length: 200, Loss: 1.9149, Entropy: 1.0912, Epsilon: 0.426
2026-03-29 09:40:39 | INFO | Episode  233 - Reward: -200.000, Length: 200, Loss: 2.0081, Entropy: 1.0961, Epsilon: 0.423
2026-03-29 09:40:42 | INFO | Episode  234 - Reward: -200.000, Length: 200, Loss: 2.4550, Entropy: 1.0949, Epsilon: 0.421
2026-03-29 09:40:44 | INFO | Episode  235 - Reward: -200.000, Length: 200, Loss: 1.5721, Entropy: 1.0942, Epsilon: 0.418
2026-03-29 09:40:47 | INFO | Episode  236 - Reward: -200.000, Length: 200, Loss: 1.9096, Entropy: 1.0967, Epsilon: 0.416
2026-03-29 09:40:49 | INFO | Episode  237 - Reward: -200.000, Length: 200, Loss: 1.4615, Entropy: 1.0952, Epsilon: 0.413
2026-03-29 09:40:52 | INFO | Episode  238 - Reward: -200.000, Length: 200, Loss: 1.6210, Entropy: 1.0967, Epsilon: 0.411
2026-03-29 09:40:54 | INFO | Episode  239 - Reward: -200.000, Length: 200, Loss: 1.6982, Entropy: 1.0947, Epsilon: 0.408
2026-03-29 09:40:57 | INFO | Episode  240 - Reward: -200.000, Length: 200, Loss: 4.7226, Entropy: 1.0937, Epsilon: 0.406
2026-03-29 09:41:00 | INFO | Episode  241 - Reward: -200.000, Length: 200, Loss: 3.1989, Entropy: 1.0964, Epsilon: 0.404
2026-03-29 09:41:02 | INFO | Episode  242 - Reward: -200.000, Length: 200, Loss: 2.1909, Entropy: 1.0949, Epsilon: 0.401
2026-03-29 09:41:05 | INFO | Episode  243 - Reward: -200.000, Length: 200, Loss: 2.4976, Entropy: 1.0946, Epsilon: 0.399
2026-03-29 09:41:07 | INFO | Episode  244 - Reward: -200.000, Length: 200, Loss: 1.8598, Entropy: 1.0917, Epsilon: 0.396
2026-03-29 09:41:10 | INFO | Episode  245 - Reward: -200.000, Length: 200, Loss: 1.8953, Entropy: 1.0945, Epsilon: 0.394
2026-03-29 09:41:12 | INFO | Episode  246 - Reward: -200.000, Length: 200, Loss: 3.7831, Entropy: 1.0880, Epsilon: 0.391
2026-03-29 09:41:15 | INFO | Episode  247 - Reward: -200.000, Length: 200, Loss: 2.6126, Entropy: 1.0882, Epsilon: 0.389
2026-03-29 09:41:17 | INFO | Episode  248 - Reward: -200.000, Length: 200, Loss: 3.5081, Entropy: 1.0866, Epsilon: 0.386
2026-03-29 09:41:20 | INFO | Episode  249 - Reward: -200.000, Length: 200, Loss: 2.6745, Entropy: 1.0963, Epsilon: 0.384
2026-03-29 09:41:23 | INFO | Episode  250 - Reward: -200.000, Length: 200, Loss: 0.7189, Entropy: 1.0978, Epsilon: 0.381
2026-03-29 09:42:19 | INFO | [Episode  250] eps=0.381  avg_reward=-200.000  avg_length=200.00  avg_loss=  2.2811  avg_entropy=1.0978  eval_success=0.000
2026-03-29 09:42:22 | INFO | Episode  251 - Reward: -200.000, Length: 200, Loss: 2.7539, Entropy: 1.0958, Epsilon: 0.379
2026-03-29 09:42:24 | INFO | Episode  252 - Reward: -200.000, Length: 200, Loss: 3.8729, Entropy: 1.0889, Epsilon: 0.376
2026-03-29 09:42:27 | INFO | Episode  253 - Reward: -200.000, Length: 200, Loss: 0.8966, Entropy: 1.0961, Epsilon: 0.374
2026-03-29 09:42:30 | INFO | Episode  254 - Reward: -200.000, Length: 200, Loss: 0.6134, Entropy: 1.0970, Epsilon: 0.371
2026-03-29 09:42:32 | INFO | Episode  255 - Reward: -200.000, Length: 200, Loss: 1.8068, Entropy: 1.0945, Epsilon: 0.369
2026-03-29 09:42:35 | INFO | Episode  256 - Reward: -200.000, Length: 200, Loss: 2.6092, Entropy: 1.0960, Epsilon: 0.366
2026-03-29 09:42:37 | INFO | Episode  257 - Reward: -200.000, Length: 200, Loss: 1.2522, Entropy: 1.0932, Epsilon: 0.364
2026-03-29 09:42:40 | INFO | Episode  258 - Reward: -200.000, Length: 200, Loss: 2.3006, Entropy: 1.0917, Epsilon: 0.361
2026-03-29 09:42:42 | INFO | Episode  259 - Reward: -200.000, Length: 200, Loss: 1.7884, Entropy: 1.0946, Epsilon: 0.359
2026-03-29 09:42:45 | INFO | Episode  260 - Reward: -200.000, Length: 200, Loss: 2.5641, Entropy: 1.0909, Epsilon: 0.357
2026-03-29 09:42:47 | INFO | Episode  261 - Reward: -200.000, Length: 200, Loss: 2.3756, Entropy: 1.0946, Epsilon: 0.354
2026-03-29 09:42:50 | INFO | Episode  262 - Reward: -200.000, Length: 200, Loss: 2.4941, Entropy: 1.0903, Epsilon: 0.352
2026-03-29 09:42:53 | INFO | Episode  263 - Reward: -200.000, Length: 200, Loss: 2.5605, Entropy: 1.0897, Epsilon: 0.349
2026-03-29 09:42:55 | INFO | Episode  264 - Reward: -200.000, Length: 200, Loss: 3.0226, Entropy: 1.0915, Epsilon: 0.347
2026-03-29 09:42:58 | INFO | Episode  265 - Reward: -200.000, Length: 200, Loss: 2.8718, Entropy: 1.0908, Epsilon: 0.344
2026-03-29 09:43:01 | INFO | Episode  266 - Reward: -200.000, Length: 200, Loss: 2.1136, Entropy: 1.0949, Epsilon: 0.342
2026-03-29 09:43:03 | INFO | Episode  267 - Reward: -200.000, Length: 200, Loss: 1.2224, Entropy: 1.0959, Epsilon: 0.339
2026-03-29 09:43:06 | INFO | Episode  268 - Reward: -200.000, Length: 200, Loss: 1.4237, Entropy: 1.0964, Epsilon: 0.337
2026-03-29 09:43:08 | INFO | Episode  269 - Reward: -200.000, Length: 200, Loss: 1.6104, Entropy: 1.0947, Epsilon: 0.334
2026-03-29 09:43:11 | INFO | Episode  270 - Reward: -200.000, Length: 200, Loss: 1.3424, Entropy: 1.0973, Epsilon: 0.332
2026-03-29 09:43:14 | INFO | Episode  271 - Reward: -200.000, Length: 200, Loss: 3.3070, Entropy: 1.0917, Epsilon: 0.329
2026-03-29 09:43:16 | INFO | Episode  272 - Reward: -200.000, Length: 200, Loss: 1.8611, Entropy: 1.0822, Epsilon: 0.327
2026-03-29 09:43:19 | INFO | Episode  273 - Reward: -200.000, Length: 200, Loss: 2.7348, Entropy: 1.0858, Epsilon: 0.324
2026-03-29 09:43:21 | INFO | Episode  274 - Reward: -200.000, Length: 200, Loss: 1.6220, Entropy: 1.0917, Epsilon: 0.322
2026-03-29 09:43:24 | INFO | Episode  275 - Reward: -200.000, Length: 200, Loss: 2.5864, Entropy: 1.0863, Epsilon: 0.319
2026-03-29 09:43:26 | INFO | Episode  276 - Reward: -200.000, Length: 200, Loss: 1.9671, Entropy: 1.0914, Epsilon: 0.317
2026-03-29 09:43:29 | INFO | Episode  277 - Reward: -200.000, Length: 200, Loss: 2.9094, Entropy: 1.0919, Epsilon: 0.314
2026-03-29 09:43:32 | INFO | Episode  278 - Reward: -200.000, Length: 200, Loss: 1.2500, Entropy: 1.0958, Epsilon: 0.312
2026-03-29 09:43:34 | INFO | Episode  279 - Reward: -200.000, Length: 200, Loss: 1.0429, Entropy: 1.0930, Epsilon: 0.309
2026-03-29 09:43:37 | INFO | Episode  280 - Reward: -200.000, Length: 200, Loss: 2.8242, Entropy: 1.0929, Epsilon: 0.307
2026-03-29 09:43:39 | INFO | Episode  281 - Reward: -200.000, Length: 200, Loss: 2.2928, Entropy: 1.0936, Epsilon: 0.305
2026-03-29 09:43:42 | INFO | Episode  282 - Reward: -200.000, Length: 200, Loss: 2.2729, Entropy: 1.0919, Epsilon: 0.302
2026-03-29 09:43:44 | INFO | Episode  283 - Reward: -200.000, Length: 200, Loss: 1.8151, Entropy: 1.0889, Epsilon: 0.300
2026-03-29 09:43:47 | INFO | Episode  284 - Reward: -200.000, Length: 200, Loss: 1.0414, Entropy: 1.0907, Epsilon: 0.297
2026-03-29 09:43:49 | INFO | Episode  285 - Reward: -200.000, Length: 200, Loss: 0.3851, Entropy: 1.0968, Epsilon: 0.295
2026-03-29 09:43:52 | INFO | Episode  286 - Reward: -200.000, Length: 200, Loss: 2.1590, Entropy: 1.0924, Epsilon: 0.292
2026-03-29 09:43:55 | INFO | Episode  287 - Reward: -200.000, Length: 200, Loss: 1.5950, Entropy: 1.0926, Epsilon: 0.290
2026-03-29 09:43:57 | INFO | Episode  288 - Reward: -200.000, Length: 200, Loss: 3.0127, Entropy: 1.0927, Epsilon: 0.287
2026-03-29 09:43:59 | INFO | Episode  289 - Reward: -200.000, Length: 200, Loss: 1.8386, Entropy: 1.0946, Epsilon: 0.285
2026-03-29 09:44:02 | INFO | Episode  290 - Reward: -200.000, Length: 200, Loss: 0.7219, Entropy: 1.0956, Epsilon: 0.282
2026-03-29 09:44:04 | INFO | Episode  291 - Reward: -200.000, Length: 200, Loss: 2.9858, Entropy: 1.0778, Epsilon: 0.280
2026-03-29 09:44:07 | INFO | Episode  292 - Reward: -200.000, Length: 200, Loss: 1.8228, Entropy: 1.0851, Epsilon: 0.277
2026-03-29 09:44:09 | INFO | Episode  293 - Reward: -200.000, Length: 200, Loss: 3.1724, Entropy: 1.0825, Epsilon: 0.275
2026-03-29 09:44:12 | INFO | Episode  294 - Reward: -200.000, Length: 200, Loss: 1.7603, Entropy: 1.0903, Epsilon: 0.272
2026-03-29 09:44:15 | INFO | Episode  295 - Reward: -200.000, Length: 200, Loss: 1.3217, Entropy: 1.0956, Epsilon: 0.270
2026-03-29 09:44:17 | INFO | Episode  296 - Reward: -200.000, Length: 200, Loss: 2.6136, Entropy: 1.0825, Epsilon: 0.267
2026-03-29 09:44:20 | INFO | Episode  297 - Reward: -200.000, Length: 200, Loss: 3.9630, Entropy: 1.0576, Epsilon: 0.265
2026-03-29 09:44:22 | INFO | Episode  298 - Reward: -200.000, Length: 200, Loss: 6.7621, Entropy: 1.0251, Epsilon: 0.262
2026-03-29 09:44:25 | INFO | Episode  299 - Reward: -200.000, Length: 200, Loss: 0.4051, Entropy: 1.0975, Epsilon: 0.260
2026-03-29 09:44:27 | INFO | Episode  300 - Reward: -200.000, Length: 200, Loss: 2.4069, Entropy: 1.0904, Epsilon: 0.258
2026-03-29 09:45:22 | INFO | [Episode  300] eps=0.258  avg_reward=-200.000  avg_length=200.00  avg_loss=  2.1590  avg_entropy=1.0904  eval_success=0.000
2026-03-29 09:45:25 | INFO | Episode  301 - Reward: -200.000, Length: 200, Loss: 3.5424, Entropy: 1.0746, Epsilon: 0.255
2026-03-29 09:45:28 | INFO | Episode  302 - Reward: -200.000, Length: 200, Loss: 2.9695, Entropy: 1.0789, Epsilon: 0.253
2026-03-29 09:45:30 | INFO | Episode  303 - Reward: -200.000, Length: 200, Loss: 1.3206, Entropy: 1.0842, Epsilon: 0.250
2026-03-29 09:45:33 | INFO | Episode  304 - Reward: -200.000, Length: 200, Loss: 2.0954, Entropy: 1.0944, Epsilon: 0.248
2026-03-29 09:45:35 | INFO | Episode  305 - Reward: -200.000, Length: 200, Loss: 0.6483, Entropy: 1.0969, Epsilon: 0.245
2026-03-29 09:45:38 | INFO | Episode  306 - Reward: -200.000, Length: 200, Loss: 2.5527, Entropy: 1.0819, Epsilon: 0.243
2026-03-29 09:45:40 | INFO | Episode  307 - Reward: -200.000, Length: 200, Loss: 1.0004, Entropy: 1.0897, Epsilon: 0.240
2026-03-29 09:45:43 | INFO | Episode  308 - Reward: -200.000, Length: 200, Loss: 2.5676, Entropy: 1.0836, Epsilon: 0.238
2026-03-29 09:45:45 | INFO | Episode  309 - Reward: -200.000, Length: 200, Loss: 1.6132, Entropy: 1.0909, Epsilon: 0.235
2026-03-29 09:45:48 | INFO | Episode  310 - Reward: -200.000, Length: 200, Loss: 2.8785, Entropy: 1.0952, Epsilon: 0.233
2026-03-29 09:45:50 | INFO | Episode  311 - Reward: -200.000, Length: 200, Loss: 3.0825, Entropy: 1.0890, Epsilon: 0.230
2026-03-29 09:45:53 | INFO | Episode  312 - Reward: -200.000, Length: 200, Loss: 2.2714, Entropy: 1.0695, Epsilon: 0.228
2026-03-29 09:45:55 | INFO | Episode  313 - Reward: -200.000, Length: 200, Loss: 3.5699, Entropy: 1.0540, Epsilon: 0.225
2026-03-29 09:45:58 | INFO | Episode  314 - Reward: -200.000, Length: 200, Loss: 2.4261, Entropy: 1.0922, Epsilon: 0.223
2026-03-29 09:46:00 | INFO | Episode  315 - Reward: -200.000, Length: 200, Loss: 1.7447, Entropy: 1.0918, Epsilon: 0.220
2026-03-29 09:46:03 | INFO | Episode  316 - Reward: -200.000, Length: 200, Loss: 2.2468, Entropy: 1.0961, Epsilon: 0.218
2026-03-29 09:46:06 | INFO | Episode  317 - Reward: -200.000, Length: 200, Loss: 1.4525, Entropy: 1.0948, Epsilon: 0.215
2026-03-29 09:46:09 | INFO | Episode  318 - Reward: -200.000, Length: 200, Loss: 1.8715, Entropy: 1.0942, Epsilon: 0.213
2026-03-29 09:46:11 | INFO | Episode  319 - Reward: -200.000, Length: 200, Loss: 2.2613, Entropy: 1.0801, Epsilon: 0.210
2026-03-29 09:46:14 | INFO | Episode  320 - Reward: -200.000, Length: 200, Loss: 3.2139, Entropy: 1.0868, Epsilon: 0.208
2026-03-29 09:46:16 | INFO | Episode  321 - Reward: -200.000, Length: 200, Loss: 0.8132, Entropy: 1.0856, Epsilon: 0.206
2026-03-29 09:46:19 | INFO | Episode  322 - Reward: -200.000, Length: 200, Loss: 1.6062, Entropy: 1.0944, Epsilon: 0.203
2026-03-29 09:46:21 | INFO | Episode  323 - Reward: -200.000, Length: 200, Loss: 1.7779, Entropy: 1.0894, Epsilon: 0.201
2026-03-29 09:46:24 | INFO | Episode  324 - Reward: -200.000, Length: 200, Loss: 2.0547, Entropy: 1.0912, Epsilon: 0.198
2026-03-29 09:46:26 | INFO | Episode  325 - Reward: -200.000, Length: 200, Loss: 1.3962, Entropy: 1.0949, Epsilon: 0.196
2026-03-29 09:46:29 | INFO | Episode  326 - Reward: -200.000, Length: 200, Loss: 2.1507, Entropy: 1.0822, Epsilon: 0.193
2026-03-29 09:46:31 | INFO | Episode  327 - Reward: -200.000, Length: 200, Loss: 5.6525, Entropy: 1.0188, Epsilon: 0.191
2026-03-29 09:46:34 | INFO | Episode  328 - Reward: -200.000, Length: 200, Loss: 7.4273, Entropy: 0.9987, Epsilon: 0.188
2026-03-29 09:46:36 | INFO | Episode  329 - Reward: -200.000, Length: 200, Loss: 2.2265, Entropy: 1.0867, Epsilon: 0.186
2026-03-29 09:46:39 | INFO | Episode  330 - Reward: -200.000, Length: 200, Loss: 0.4663, Entropy: 1.0956, Epsilon: 0.183
2026-03-29 09:46:42 | INFO | Episode  331 - Reward: -200.000, Length: 200, Loss: 0.6198, Entropy: 1.0906, Epsilon: 0.181
2026-03-29 09:46:44 | INFO | Episode  332 - Reward: -200.000, Length: 200, Loss: 0.6307, Entropy: 1.0964, Epsilon: 0.178
2026-03-29 09:46:47 | INFO | Episode  333 - Reward: -200.000, Length: 200, Loss: 0.6288, Entropy: 1.0954, Epsilon: 0.176
2026-03-29 09:46:49 | INFO | Episode  334 - Reward: -200.000, Length: 200, Loss: 2.0043, Entropy: 1.0961, Epsilon: 0.173
2026-03-29 09:46:52 | INFO | Episode  335 - Reward: -200.000, Length: 200, Loss: 0.9664, Entropy: 1.0977, Epsilon: 0.171
2026-03-29 09:46:55 | INFO | Episode  336 - Reward: -200.000, Length: 200, Loss: 2.8667, Entropy: 1.0829, Epsilon: 0.168
2026-03-29 09:46:57 | INFO | Episode  337 - Reward: -200.000, Length: 200, Loss: 2.3533, Entropy: 1.0926, Epsilon: 0.166
2026-03-29 09:47:00 | INFO | Episode  338 - Reward: -200.000, Length: 200, Loss: 1.9810, Entropy: 1.0897, Epsilon: 0.163
2026-03-29 09:47:02 | INFO | Episode  339 - Reward: -200.000, Length: 200, Loss: 2.1495, Entropy: 1.0905, Epsilon: 0.161
2026-03-29 09:47:05 | INFO | Episode  340 - Reward: -200.000, Length: 200, Loss: 0.5705, Entropy: 1.0983, Epsilon: 0.158
2026-03-29 09:47:07 | INFO | Episode  341 - Reward: -200.000, Length: 200, Loss: 2.3558, Entropy: 1.0869, Epsilon: 0.156
2026-03-29 09:47:09 | INFO | Episode  342 - Reward: -200.000, Length: 200, Loss: 3.2982, Entropy: 1.0850, Epsilon: 0.154
2026-03-29 09:47:12 | INFO | Episode  343 - Reward: -200.000, Length: 200, Loss: 1.1072, Entropy: 1.0915, Epsilon: 0.151
2026-03-29 09:47:15 | INFO | Episode  344 - Reward: -200.000, Length: 200, Loss: 2.7518, Entropy: 1.0874, Epsilon: 0.149
2026-03-29 09:47:17 | INFO | Episode  345 - Reward: -200.000, Length: 200, Loss: 3.5531, Entropy: 1.0675, Epsilon: 0.146
2026-03-29 09:47:20 | INFO | Episode  346 - Reward: -200.000, Length: 200, Loss: 1.6168, Entropy: 1.0786, Epsilon: 0.144
2026-03-29 09:47:22 | INFO | Episode  347 - Reward: -200.000, Length: 200, Loss: 1.9529, Entropy: 1.0843, Epsilon: 0.141
2026-03-29 09:47:24 | INFO | Episode  348 - Reward: -200.000, Length: 200, Loss: 3.3835, Entropy: 1.0798, Epsilon: 0.139
2026-03-29 09:47:27 | INFO | Episode  349 - Reward: -200.000, Length: 200, Loss: 1.5459, Entropy: 1.0900, Epsilon: 0.136
2026-03-29 09:47:30 | INFO | Episode  350 - Reward: -200.000, Length: 200, Loss: 1.1902, Entropy: 1.0914, Epsilon: 0.134
2026-03-29 09:48:27 | INFO | [Episode  350] eps=0.134  avg_reward=-200.000  avg_length=200.00  avg_loss=  2.1685  avg_entropy=1.0914  eval_success=0.000
2026-03-29 09:48:30 | INFO | Episode  351 - Reward: -200.000, Length: 200, Loss: 1.2961, Entropy: 1.0853, Epsilon: 0.131
2026-03-29 09:48:32 | INFO | Episode  352 - Reward: -200.000, Length: 200, Loss: 2.2571, Entropy: 1.0901, Epsilon: 0.129
2026-03-29 09:48:35 | INFO | Episode  353 - Reward: -200.000, Length: 200, Loss: 2.5551, Entropy: 1.0792, Epsilon: 0.126
2026-03-29 09:48:37 | INFO | Episode  354 - Reward: -200.000, Length: 200, Loss: 2.2389, Entropy: 1.0889, Epsilon: 0.124
2026-03-29 09:48:40 | INFO | Episode  355 - Reward: -200.000, Length: 200, Loss: 1.8143, Entropy: 1.0970, Epsilon: 0.121
2026-03-29 09:48:43 | INFO | Episode  356 - Reward: -200.000, Length: 200, Loss: 1.1185, Entropy: 1.0752, Epsilon: 0.119
2026-03-29 09:48:45 | INFO | Episode  357 - Reward: -200.000, Length: 200, Loss: 2.6645, Entropy: 1.0806, Epsilon: 0.116
2026-03-29 09:48:48 | INFO | Episode  358 - Reward: -200.000, Length: 200, Loss: 3.8557, Entropy: 1.0739, Epsilon: 0.114
2026-03-29 09:48:50 | INFO | Episode  359 - Reward: -200.000, Length: 200, Loss: 1.5860, Entropy: 1.0877, Epsilon: 0.111
2026-03-29 09:48:53 | INFO | Episode  360 - Reward: -200.000, Length: 200, Loss: 1.7944, Entropy: 1.0855, Epsilon: 0.109
2026-03-29 09:48:55 | INFO | Episode  361 - Reward: -200.000, Length: 200, Loss: 1.5284, Entropy: 1.0956, Epsilon: 0.107
2026-03-29 09:48:58 | INFO | Episode  362 - Reward: -200.000, Length: 200, Loss: 1.1892, Entropy: 1.0873, Epsilon: 0.104
2026-03-29 09:49:00 | INFO | Episode  363 - Reward: -200.000, Length: 200, Loss: 2.8510, Entropy: 1.0907, Epsilon: 0.102
2026-03-29 09:49:03 | INFO | Episode  364 - Reward: -200.000, Length: 200, Loss: 1.9640, Entropy: 1.0677, Epsilon: 0.099
2026-03-29 09:49:05 | INFO | Episode  365 - Reward: -200.000, Length: 200, Loss: 4.9631, Entropy: 1.0312, Epsilon: 0.097
2026-03-29 09:49:08 | INFO | Episode  366 - Reward: -200.000, Length: 200, Loss: 1.6448, Entropy: 1.0909, Epsilon: 0.094
2026-03-29 09:49:11 | INFO | Episode  367 - Reward: -200.000, Length: 200, Loss: 1.1637, Entropy: 1.0974, Epsilon: 0.092
2026-03-29 09:49:13 | INFO | Episode  368 - Reward: -200.000, Length: 200, Loss: 0.5218, Entropy: 1.0962, Epsilon: 0.089
2026-03-29 09:49:16 | INFO | Episode  369 - Reward: -200.000, Length: 200, Loss: 1.1254, Entropy: 1.0897, Epsilon: 0.087
2026-03-29 09:49:18 | INFO | Episode  370 - Reward: -200.000, Length: 200, Loss: 2.3777, Entropy: 1.0943, Epsilon: 0.084
2026-03-29 09:49:21 | INFO | Episode  371 - Reward: -200.000, Length: 200, Loss: 0.4456, Entropy: 1.0858, Epsilon: 0.082
2026-03-29 09:49:23 | INFO | Episode  372 - Reward: -200.000, Length: 200, Loss: 1.3250, Entropy: 1.0952, Epsilon: 0.079
2026-03-29 09:49:26 | INFO | Episode  373 - Reward: -200.000, Length: 200, Loss: 1.5837, Entropy: 1.0944, Epsilon: 0.077
2026-03-29 09:49:28 | INFO | Episode  374 - Reward: -200.000, Length: 200, Loss: 2.3037, Entropy: 1.0790, Epsilon: 0.074
2026-03-29 09:49:31 | INFO | Episode  375 - Reward: -200.000, Length: 200, Loss: 2.2088, Entropy: 1.0775, Epsilon: 0.072
2026-03-29 09:49:34 | INFO | Episode  376 - Reward: -200.000, Length: 200, Loss: 1.1265, Entropy: 1.0812, Epsilon: 0.069
2026-03-29 09:49:36 | INFO | Episode  377 - Reward: -200.000, Length: 200, Loss: 3.6790, Entropy: 1.0676, Epsilon: 0.067
2026-03-29 09:49:39 | INFO | Episode  378 - Reward: -200.000, Length: 200, Loss: 2.0996, Entropy: 1.0553, Epsilon: 0.064
2026-03-29 09:49:41 | INFO | Episode  379 - Reward: -200.000, Length: 200, Loss: 1.4561, Entropy: 1.0833, Epsilon: 0.062
2026-03-29 09:49:45 | INFO | Episode  380 - Reward: -200.000, Length: 200, Loss: 3.2352, Entropy: 1.0888, Epsilon: 0.059
2026-03-29 09:49:47 | INFO | Episode  381 - Reward: -200.000, Length: 200, Loss: 1.8958, Entropy: 1.0953, Epsilon: 0.057
2026-03-29 09:49:50 | INFO | Episode  382 - Reward: -200.000, Length: 200, Loss: 2.9375, Entropy: 1.0947, Epsilon: 0.055
2026-03-29 09:49:52 | INFO | Episode  383 - Reward: -200.000, Length: 200, Loss: 2.3143, Entropy: 1.0918, Epsilon: 0.052
2026-03-29 09:49:55 | INFO | Episode  384 - Reward: -200.000, Length: 200, Loss: 1.7575, Entropy: 1.0854, Epsilon: 0.050
2026-03-29 09:49:57 | INFO | Episode  385 - Reward: -200.000, Length: 200, Loss: 2.0227, Entropy: 1.0727, Epsilon: 0.047
2026-03-29 09:49:59 | INFO | Episode  386 - Reward: -200.000, Length: 200, Loss: 1.4931, Entropy: 1.0833, Epsilon: 0.045
2026-03-29 09:50:02 | INFO | Episode  387 - Reward: -200.000, Length: 200, Loss: 1.5666, Entropy: 1.0873, Epsilon: 0.042
2026-03-29 09:50:05 | INFO | Episode  388 - Reward: -200.000, Length: 200, Loss: 1.5418, Entropy: 1.0921, Epsilon: 0.040
2026-03-29 09:50:07 | INFO | Episode  389 - Reward: -200.000, Length: 200, Loss: 1.6189, Entropy: 1.0779, Epsilon: 0.037
2026-03-29 09:50:10 | INFO | Episode  390 - Reward: -200.000, Length: 200, Loss: 2.8898, Entropy: 1.0638, Epsilon: 0.035
2026-03-29 09:50:13 | INFO | Episode  391 - Reward: -200.000, Length: 200, Loss: 0.9589, Entropy: 1.0830, Epsilon: 0.032
2026-03-29 09:50:15 | INFO | Episode  392 - Reward: -200.000, Length: 200, Loss: 2.6853, Entropy: 1.0892, Epsilon: 0.030
2026-03-29 09:50:17 | INFO | Episode  393 - Reward: -200.000, Length: 200, Loss: 2.1500, Entropy: 1.0848, Epsilon: 0.027
2026-03-29 09:50:20 | INFO | Episode  394 - Reward: -200.000, Length: 200, Loss: 1.9382, Entropy: 1.0551, Epsilon: 0.025
2026-03-29 09:50:23 | INFO | Episode  395 - Reward: -200.000, Length: 200, Loss: 3.1272, Entropy: 1.0500, Epsilon: 0.022
2026-03-29 09:50:25 | INFO | Episode  396 - Reward: -200.000, Length: 200, Loss: 1.6186, Entropy: 1.0835, Epsilon: 0.020
2026-03-29 09:50:27 | INFO | Episode  397 - Reward: -200.000, Length: 200, Loss: 0.8219, Entropy: 1.0923, Epsilon: 0.017
2026-03-29 09:50:30 | INFO | Episode  398 - Reward: -200.000, Length: 200, Loss: 1.9392, Entropy: 1.0974, Epsilon: 0.015
2026-03-29 09:50:32 | INFO | Episode  399 - Reward: -200.000, Length: 200, Loss: 2.0104, Entropy: 1.0826, Epsilon: 0.012
2026-03-29 09:50:35 | INFO | Episode  400 - Reward: -200.000, Length: 200, Loss: 0.5658, Entropy: 1.0964, Epsilon: 0.010
2026-03-29 09:51:32 | INFO | [Episode  400] eps=0.010  avg_reward=-200.000  avg_length=200.00  avg_loss=  1.9565  avg_entropy=1.0964  eval_success=0.000
2026-03-29 09:51:34 | INFO | Episode  401 - Reward: -200.000, Length: 200, Loss: 2.7477, Entropy: 1.0825, Epsilon: 0.010
2026-03-29 09:51:37 | INFO | Episode  402 - Reward: -200.000, Length: 200, Loss: 1.7459, Entropy: 1.0875, Epsilon: 0.010
2026-03-29 09:51:39 | INFO | Episode  403 - Reward: -200.000, Length: 200, Loss: 2.2155, Entropy: 1.0707, Epsilon: 0.010
2026-03-29 09:51:42 | INFO | Episode  404 - Reward: -200.000, Length: 200, Loss: 2.6417, Entropy: 1.0634, Epsilon: 0.010
2026-03-29 09:51:44 | INFO | Episode  405 - Reward: -200.000, Length: 200, Loss: 3.0443, Entropy: 1.0198, Epsilon: 0.010
2026-03-29 09:51:47 | INFO | Episode  406 - Reward: -200.000, Length: 200, Loss: 1.6062, Entropy: 1.0861, Epsilon: 0.010
2026-03-29 09:51:49 | INFO | Episode  407 - Reward: -200.000, Length: 200, Loss: 1.2647, Entropy: 1.0953, Epsilon: 0.010
2026-03-29 09:51:52 | INFO | Episode  408 - Reward: -200.000, Length: 200, Loss: 1.0130, Entropy: 1.0943, Epsilon: 0.010
2026-03-29 09:51:54 | INFO | Episode  409 - Reward: -200.000, Length: 200, Loss: 1.4426, Entropy: 1.0880, Epsilon: 0.010
2026-03-29 09:51:57 | INFO | Episode  410 - Reward: -200.000, Length: 200, Loss: 1.8984, Entropy: 1.0929, Epsilon: 0.010
2026-03-29 09:52:00 | INFO | Episode  411 - Reward: -200.000, Length: 200, Loss: 1.5450, Entropy: 1.0774, Epsilon: 0.010
2026-03-29 09:52:02 | INFO | Episode  412 - Reward: -200.000, Length: 200, Loss: 3.0192, Entropy: 1.0520, Epsilon: 0.010
2026-03-29 09:52:05 | INFO | Episode  413 - Reward: -200.000, Length: 200, Loss: 4.6739, Entropy: 1.0149, Epsilon: 0.010
2026-03-29 09:52:08 | INFO | Episode  414 - Reward: -200.000, Length: 200, Loss: 0.9747, Entropy: 1.0857, Epsilon: 0.010
2026-03-29 09:52:10 | INFO | Episode  415 - Reward: -200.000, Length: 200, Loss: 1.1229, Entropy: 1.0964, Epsilon: 0.010
2026-03-29 09:52:13 | INFO | Episode  416 - Reward: -200.000, Length: 200, Loss: 2.4898, Entropy: 1.0805, Epsilon: 0.010
2026-03-29 09:52:15 | INFO | Episode  417 - Reward: -200.000, Length: 200, Loss: 1.3629, Entropy: 1.0863, Epsilon: 0.010
2026-03-29 09:52:18 | INFO | Episode  418 - Reward: -200.000, Length: 200, Loss: 0.8874, Entropy: 1.0947, Epsilon: 0.010
2026-03-29 09:52:20 | INFO | Episode  419 - Reward: -200.000, Length: 200, Loss: 1.5030, Entropy: 1.0818, Epsilon: 0.010
2026-03-29 09:52:23 | INFO | Episode  420 - Reward: -200.000, Length: 200, Loss: 0.7547, Entropy: 1.0915, Epsilon: 0.010
2026-03-29 09:52:25 | INFO | Episode  421 - Reward: -200.000, Length: 200, Loss: 1.4066, Entropy: 1.0725, Epsilon: 0.010
2026-03-29 09:52:28 | INFO | Episode  422 - Reward: -200.000, Length: 200, Loss: 3.9823, Entropy: 1.0388, Epsilon: 0.010
2026-03-29 09:52:30 | INFO | Episode  423 - Reward: -200.000, Length: 200, Loss: 4.7111, Entropy: 1.0012, Epsilon: 0.010
2026-03-29 09:52:33 | INFO | Episode  424 - Reward: -200.000, Length: 200, Loss: 1.5840, Entropy: 1.0818, Epsilon: 0.010
2026-03-29 09:52:35 | INFO | Episode  425 - Reward: -200.000, Length: 200, Loss: 1.2988, Entropy: 1.0923, Epsilon: 0.010
2026-03-29 09:52:38 | INFO | Episode  426 - Reward: -200.000, Length: 200, Loss: 1.6611, Entropy: 1.0814, Epsilon: 0.010
2026-03-29 09:52:41 | INFO | Episode  427 - Reward: -200.000, Length: 200, Loss: 1.3511, Entropy: 1.0696, Epsilon: 0.010
2026-03-29 09:52:43 | INFO | Episode  428 - Reward: -200.000, Length: 200, Loss: 1.8083, Entropy: 1.0876, Epsilon: 0.010
2026-03-29 09:52:46 | INFO | Episode  429 - Reward: -200.000, Length: 200, Loss: 1.6739, Entropy: 1.0754, Epsilon: 0.010
2026-03-29 09:52:48 | INFO | Episode  430 - Reward: -200.000, Length: 200, Loss: 0.8832, Entropy: 1.0877, Epsilon: 0.010
2026-03-29 09:52:51 | INFO | Episode  431 - Reward: -200.000, Length: 200, Loss: 2.0225, Entropy: 1.0843, Epsilon: 0.010
2026-03-29 09:52:53 | INFO | Episode  432 - Reward: -200.000, Length: 200, Loss: 2.2287, Entropy: 1.0555, Epsilon: 0.010
2026-03-29 09:52:56 | INFO | Episode  433 - Reward: -200.000, Length: 200, Loss: 4.0149, Entropy: 0.9933, Epsilon: 0.010
2026-03-29 09:52:58 | INFO | Episode  434 - Reward: -200.000, Length: 200, Loss: 0.8467, Entropy: 1.0761, Epsilon: 0.010
2026-03-29 09:53:01 | INFO | Episode  435 - Reward: -200.000, Length: 200, Loss: 0.3069, Entropy: 1.0923, Epsilon: 0.010
2026-03-29 09:53:03 | INFO | Episode  436 - Reward: -200.000, Length: 200, Loss: 2.2764, Entropy: 1.0793, Epsilon: 0.010
2026-03-29 09:53:06 | INFO | Episode  437 - Reward: -200.000, Length: 200, Loss: 1.4488, Entropy: 1.0933, Epsilon: 0.010
2026-03-29 09:53:08 | INFO | Episode  438 - Reward: -200.000, Length: 200, Loss: 2.0722, Entropy: 1.0952, Epsilon: 0.010
2026-03-29 09:53:10 | INFO | Episode  439 - Reward: -200.000, Length: 200, Loss: 2.1787, Entropy: 1.0850, Epsilon: 0.010
2026-03-29 09:53:13 | INFO | Episode  440 - Reward: -200.000, Length: 200, Loss: 1.4387, Entropy: 1.0827, Epsilon: 0.010
2026-03-29 09:53:16 | INFO | Episode  441 - Reward: -200.000, Length: 200, Loss: 2.0976, Entropy: 1.0804, Epsilon: 0.010
2026-03-29 09:53:18 | INFO | Episode  442 - Reward: -200.000, Length: 200, Loss: 1.4192, Entropy: 1.0890, Epsilon: 0.010
2026-03-29 09:53:20 | INFO | Episode  443 - Reward: -200.000, Length: 200, Loss: 1.5693, Entropy: 1.0961, Epsilon: 0.010
2026-03-29 09:53:23 | INFO | Episode  444 - Reward: -200.000, Length: 200, Loss: 2.3526, Entropy: 1.0597, Epsilon: 0.010
2026-03-29 09:53:25 | INFO | Episode  445 - Reward: -200.000, Length: 200, Loss: 3.0288, Entropy: 1.0244, Epsilon: 0.010
2026-03-29 09:53:28 | INFO | Episode  446 - Reward: -200.000, Length: 200, Loss: 1.2436, Entropy: 1.0868, Epsilon: 0.010
2026-03-29 09:53:30 | INFO | Episode  447 - Reward: -200.000, Length: 200, Loss: 0.2743, Entropy: 1.0966, Epsilon: 0.010
2026-03-29 09:53:33 | INFO | Episode  448 - Reward: -200.000, Length: 200, Loss: 0.4294, Entropy: 1.0979, Epsilon: 0.010
2026-03-29 09:53:35 | INFO | Episode  449 - Reward: -200.000, Length: 200, Loss: 1.8672, Entropy: 1.0754, Epsilon: 0.010
2026-03-29 09:53:38 | INFO | Episode  450 - Reward: -200.000, Length: 200, Loss: 3.2658, Entropy: 1.0601, Epsilon: 0.010
2026-03-29 09:54:33 | INFO | [Episode  450] eps=0.010  avg_reward=-200.000  avg_length=200.00  avg_loss=  1.8939  avg_entropy=1.0601  eval_success=0.000
2026-03-29 09:54:37 | INFO | Episode  451 - Reward: -200.000, Length: 200, Loss: 0.7970, Entropy: 1.0821, Epsilon: 0.010
2026-03-29 09:54:40 | INFO | Episode  452 - Reward: -200.000, Length: 200, Loss: 1.7822, Entropy: 1.0800, Epsilon: 0.010
2026-03-29 09:54:42 | INFO | Episode  453 - Reward: -200.000, Length: 200, Loss: 1.5089, Entropy: 1.0877, Epsilon: 0.010
2026-03-29 09:54:45 | INFO | Episode  454 - Reward: -200.000, Length: 200, Loss: 0.7812, Entropy: 1.0894, Epsilon: 0.010
2026-03-29 09:54:47 | INFO | Episode  455 - Reward: -200.000, Length: 200, Loss: 2.3183, Entropy: 1.0784, Epsilon: 0.010
2026-03-29 09:54:50 | INFO | Episode  456 - Reward: -200.000, Length: 200, Loss: 1.5522, Entropy: 1.0905, Epsilon: 0.010
2026-03-29 09:54:52 | INFO | Episode  457 - Reward: -200.000, Length: 200, Loss: 2.2014, Entropy: 1.0933, Epsilon: 0.010
2026-03-29 09:54:55 | INFO | Episode  458 - Reward: -200.000, Length: 200, Loss: 0.6694, Entropy: 1.0961, Epsilon: 0.010
2026-03-29 09:54:58 | INFO | Episode  459 - Reward: -200.000, Length: 200, Loss: 2.8546, Entropy: 1.0644, Epsilon: 0.010
2026-03-29 09:55:00 | INFO | Episode  460 - Reward: -200.000, Length: 200, Loss: 3.0172, Entropy: 1.0427, Epsilon: 0.010
2026-03-29 09:55:03 | INFO | Episode  461 - Reward: -200.000, Length: 200, Loss: 1.3579, Entropy: 1.0812, Epsilon: 0.010
2026-03-29 09:55:05 | INFO | Episode  462 - Reward: -200.000, Length: 200, Loss: 1.5114, Entropy: 1.0944, Epsilon: 0.010
2026-03-29 09:55:08 | INFO | Episode  463 - Reward: -200.000, Length: 200, Loss: 1.3903, Entropy: 1.0964, Epsilon: 0.010
2026-03-29 09:55:10 | INFO | Episode  464 - Reward: -200.000, Length: 200, Loss: 1.4120, Entropy: 1.0854, Epsilon: 0.010
2026-03-29 09:55:13 | INFO | Episode  465 - Reward: -200.000, Length: 200, Loss: 1.6931, Entropy: 1.0856, Epsilon: 0.010
2026-03-29 09:55:15 | INFO | Episode  466 - Reward: -200.000, Length: 200, Loss: 0.9960, Entropy: 1.0908, Epsilon: 0.010
2026-03-29 09:55:18 | INFO | Episode  467 - Reward: -200.000, Length: 200, Loss: 1.7159, Entropy: 1.0887, Epsilon: 0.010
2026-03-29 09:55:21 | INFO | Episode  468 - Reward: -200.000, Length: 200, Loss: 1.4629, Entropy: 1.0807, Epsilon: 0.010
2026-03-29 09:55:23 | INFO | Episode  469 - Reward: -200.000, Length: 200, Loss: 0.9126, Entropy: 1.0945, Epsilon: 0.010
2026-03-29 09:55:26 | INFO | Episode  470 - Reward: -200.000, Length: 200, Loss: 1.0351, Entropy: 1.0952, Epsilon: 0.010
2026-03-29 09:55:28 | INFO | Episode  471 - Reward: -200.000, Length: 200, Loss: 2.5143, Entropy: 1.0639, Epsilon: 0.010
2026-03-29 09:55:30 | INFO | Episode  472 - Reward: -200.000, Length: 200, Loss: 2.0208, Entropy: 1.0733, Epsilon: 0.010
2026-03-29 09:55:33 | INFO | Episode  473 - Reward: -200.000, Length: 200, Loss: 2.2684, Entropy: 1.0606, Epsilon: 0.010
2026-03-29 09:55:36 | INFO | Episode  474 - Reward: -200.000, Length: 200, Loss: 1.5155, Entropy: 1.0897, Epsilon: 0.010
2026-03-29 09:55:38 | INFO | Episode  475 - Reward: -200.000, Length: 200, Loss: 1.7082, Entropy: 1.0909, Epsilon: 0.010
2026-03-29 09:55:41 | INFO | Episode  476 - Reward: -200.000, Length: 200, Loss: 1.8973, Entropy: 1.0916, Epsilon: 0.010
2026-03-29 09:55:43 | INFO | Episode  477 - Reward: -200.000, Length: 200, Loss: 2.7236, Entropy: 1.0970, Epsilon: 0.010
2026-03-29 09:55:46 | INFO | Episode  478 - Reward: -200.000, Length: 200, Loss: 1.9589, Entropy: 1.0892, Epsilon: 0.010
2026-03-29 09:55:48 | INFO | Episode  479 - Reward: -200.000, Length: 200, Loss: 0.9761, Entropy: 1.0823, Epsilon: 0.010
2026-03-29 09:55:51 | INFO | Episode  480 - Reward: -200.000, Length: 200, Loss: 1.8966, Entropy: 1.0664, Epsilon: 0.010
2026-03-29 09:55:53 | INFO | Episode  481 - Reward: -200.000, Length: 200, Loss: 2.4546, Entropy: 1.0960, Epsilon: 0.010
2026-03-29 09:55:56 | INFO | Episode  482 - Reward: -200.000, Length: 200, Loss: 1.0501, Entropy: 1.0951, Epsilon: 0.010
2026-03-29 09:55:58 | INFO | Episode  483 - Reward: -200.000, Length: 200, Loss: 0.7515, Entropy: 1.0970, Epsilon: 0.010
2026-03-29 09:56:01 | INFO | Episode  484 - Reward: -200.000, Length: 200, Loss: 1.4292, Entropy: 1.0663, Epsilon: 0.010
2026-03-29 09:56:03 | INFO | Episode  485 - Reward: -200.000, Length: 200, Loss: 2.0497, Entropy: 1.0545, Epsilon: 0.010
2026-03-29 09:56:06 | INFO | Episode  486 - Reward: -200.000, Length: 200, Loss: 1.2581, Entropy: 1.0896, Epsilon: 0.010
2026-03-29 09:56:08 | INFO | Episode  487 - Reward: -200.000, Length: 200, Loss: 1.9322, Entropy: 1.0925, Epsilon: 0.010
2026-03-29 09:56:11 | INFO | Episode  488 - Reward: -200.000, Length: 200, Loss: 1.3286, Entropy: 1.0959, Epsilon: 0.010
2026-03-29 09:56:14 | INFO | Episode  489 - Reward: -200.000, Length: 200, Loss: 1.3955, Entropy: 1.0789, Epsilon: 0.010
2026-03-29 09:56:16 | INFO | Episode  490 - Reward: -200.000, Length: 200, Loss: 1.4855, Entropy: 1.0924, Epsilon: 0.010
2026-03-29 09:56:19 | INFO | Episode  491 - Reward: -200.000, Length: 200, Loss: 1.4048, Entropy: 1.0757, Epsilon: 0.010
2026-03-29 09:56:21 | INFO | Episode  492 - Reward: -200.000, Length: 200, Loss: 1.7290, Entropy: 1.0644, Epsilon: 0.010
2026-03-29 09:56:24 | INFO | Episode  493 - Reward: -200.000, Length: 200, Loss: 2.8283, Entropy: 1.0508, Epsilon: 0.010
2026-03-29 09:56:26 | INFO | Episode  494 - Reward: -200.000, Length: 200, Loss: 2.1867, Entropy: 1.0881, Epsilon: 0.010
2026-03-29 09:56:29 | INFO | Episode  495 - Reward: -200.000, Length: 200, Loss: 0.9535, Entropy: 1.0896, Epsilon: 0.010
2026-03-29 09:56:31 | INFO | Episode  496 - Reward: -200.000, Length: 200, Loss: 1.1014, Entropy: 1.0886, Epsilon: 0.010
2026-03-29 09:56:34 | INFO | Episode  497 - Reward: -200.000, Length: 200, Loss: 1.1924, Entropy: 1.0926, Epsilon: 0.010
2026-03-29 09:56:36 | INFO | Episode  498 - Reward: -200.000, Length: 200, Loss: 1.5011, Entropy: 1.0976, Epsilon: 0.010
2026-03-29 09:56:39 | INFO | Episode  499 - Reward: -200.000, Length: 200, Loss: 3.5109, Entropy: 1.0743, Epsilon: 0.010
2026-03-29 09:56:41 | INFO | Episode  500 - Reward: -200.000, Length: 200, Loss: 3.2309, Entropy: 1.0348, Epsilon: 0.010
2026-03-29 09:57:37 | INFO | [Episode  500] eps=0.010  avg_reward=-200.000  avg_length=200.00  avg_loss=  1.7045  avg_entropy=1.0348  eval_success=0.000
2026-03-29 09:57:37 | INFO | DQN+Entropy training: 30m 38.33s
2026-03-29 10:01:22 | INFO | [Final Eval] success=0.000, mean_reward=-200.000
