2026-03-29 20:43:44 | INFO | ============================================================
2026-03-29 20:43:44 | INFO | DEVICE / COMPUTE INFORMATION
2026-03-29 20:43:44 | INFO |   JAX backend       : CPU
2026-03-29 20:43:44 | INFO |   Platform          : cpu
2026-03-29 20:43:44 | INFO |   Num devices       : 1
2026-03-29 20:43:44 | INFO |   Device            : TFRT_CPU_0
2026-03-29 20:43:44 | INFO | ============================================================
2026-03-29 20:43:44 | INFO | DQN+Entropy | seed=7, lr=0.01, gamma=0.99, alpha=0.01
2026-03-29 20:43:44 | INFO | Env: mountaincar/dense, obs_dim=2, num_actions=3
2026-03-29 20:43:46 | INFO | Episode    1 - Reward: -200.000, Length: 200, Loss: 0.0000, Entropy: 0.0000, Epsilon: 0.998
2026-03-29 20:43:48 | INFO | Episode    2 - Reward: -200.000, Length: 200, Loss: 0.9238, Entropy: 1.0985, Epsilon: 0.995
2026-03-29 20:43:48 | INFO | Episode    3 - Reward: -200.000, Length: 200, Loss: 0.8607, Entropy: 1.0986, Epsilon: 0.993
2026-03-29 20:43:49 | INFO | Episode    4 - Reward: -200.000, Length: 200, Loss: 0.9479, Entropy: 1.0986, Epsilon: 0.990
2026-03-29 20:43:49 | INFO | Episode    5 - Reward: -200.000, Length: 200, Loss: 0.8848, Entropy: 1.0986, Epsilon: 0.988
2026-03-29 20:43:50 | INFO | Episode    6 - Reward: -200.000, Length: 200, Loss: 0.9413, Entropy: 1.0986, Epsilon: 0.985
2026-03-29 20:43:50 | INFO | Episode    7 - Reward: -200.000, Length: 200, Loss: 0.8812, Entropy: 1.0986, Epsilon: 0.983
2026-03-29 20:43:51 | INFO | Episode    8 - Reward: -200.000, Length: 200, Loss: 0.8244, Entropy: 1.0986, Epsilon: 0.980
2026-03-29 20:43:51 | INFO | Episode    9 - Reward: -200.000, Length: 200, Loss: 0.9537, Entropy: 1.0986, Epsilon: 0.978
2026-03-29 20:43:52 | INFO | Episode   10 - Reward: -200.000, Length: 200, Loss: 0.8944, Entropy: 1.0986, Epsilon: 0.975
2026-03-29 20:43:52 | INFO | Episode   11 - Reward: -200.000, Length: 200, Loss: 0.9467, Entropy: 1.0986, Epsilon: 0.973
2026-03-29 20:43:53 | INFO | Episode   12 - Reward: -200.000, Length: 200, Loss: 0.8856, Entropy: 1.0986, Epsilon: 0.970
2026-03-29 20:43:53 | INFO | Episode   13 - Reward: -200.000, Length: 200, Loss: 0.8247, Entropy: 1.0986, Epsilon: 0.968
2026-03-29 20:43:54 | INFO | Episode   14 - Reward: -200.000, Length: 200, Loss: 0.9295, Entropy: 1.0985, Epsilon: 0.965
2026-03-29 20:43:54 | INFO | Episode   15 - Reward: -200.000, Length: 200, Loss: 0.8692, Entropy: 1.0985, Epsilon: 0.963
2026-03-29 20:43:55 | INFO | Episode   16 - Reward: -200.000, Length: 200, Loss: 0.9246, Entropy: 1.0985, Epsilon: 0.960
2026-03-29 20:43:55 | INFO | Episode   17 - Reward: -200.000, Length: 200, Loss: 0.8559, Entropy: 1.0985, Epsilon: 0.958
2026-03-29 20:43:56 | INFO | Episode   18 - Reward: -200.000, Length: 200, Loss: 0.7917, Entropy: 1.0985, Epsilon: 0.955
2026-03-29 20:43:57 | INFO | Episode   19 - Reward: -200.000, Length: 200, Loss: 0.9213, Entropy: 1.0985, Epsilon: 0.953
2026-03-29 20:43:57 | INFO | Episode   20 - Reward: -200.000, Length: 200, Loss: 0.8439, Entropy: 1.0985, Epsilon: 0.951
2026-03-29 20:43:58 | INFO | Episode   21 - Reward: -200.000, Length: 200, Loss: 0.9145, Entropy: 1.0984, Epsilon: 0.948
2026-03-29 20:43:58 | INFO | Episode   22 - Reward: -200.000, Length: 200, Loss: 0.8383, Entropy: 1.0984, Epsilon: 0.946
2026-03-29 20:43:59 | INFO | Episode   23 - Reward: -200.000, Length: 200, Loss: 0.7649, Entropy: 1.0983, Epsilon: 0.943
2026-03-29 20:43:59 | INFO | Episode   24 - Reward: -200.000, Length: 200, Loss: 0.9006, Entropy: 1.0983, Epsilon: 0.941
2026-03-29 20:43:59 | INFO | Episode   25 - Reward: -200.000, Length: 200, Loss: 0.8038, Entropy: 1.0983, Epsilon: 0.938
2026-03-29 20:44:00 | INFO | Episode   26 - Reward: -200.000, Length: 200, Loss: 0.8866, Entropy: 1.0983, Epsilon: 0.936
2026-03-29 20:44:00 | INFO | Episode   27 - Reward: -200.000, Length: 200, Loss: 0.7909, Entropy: 1.0983, Epsilon: 0.933
2026-03-29 20:44:01 | INFO | Episode   28 - Reward: -200.000, Length: 200, Loss: 0.6986, Entropy: 1.0983, Epsilon: 0.931
2026-03-29 20:44:01 | INFO | Episode   29 - Reward: -200.000, Length: 200, Loss: 0.8732, Entropy: 1.0982, Epsilon: 0.928
2026-03-29 20:44:02 | INFO | Episode   30 - Reward: -200.000, Length: 200, Loss: 0.7620, Entropy: 1.0982, Epsilon: 0.926
2026-03-29 20:44:02 | INFO | Episode   31 - Reward: -200.000, Length: 200, Loss: 0.8655, Entropy: 1.0982, Epsilon: 0.923
2026-03-29 20:44:03 | INFO | Episode   32 - Reward: -200.000, Length: 200, Loss: 0.7302, Entropy: 1.0982, Epsilon: 0.921
2026-03-29 20:44:03 | INFO | Episode   33 - Reward: -200.000, Length: 200, Loss: 0.6111, Entropy: 1.0983, Epsilon: 0.918
2026-03-29 20:44:04 | INFO | Episode   34 - Reward: -200.000, Length: 200, Loss: 0.8487, Entropy: 1.0982, Epsilon: 0.916
2026-03-29 20:44:04 | INFO | Episode   35 - Reward: -200.000, Length: 200, Loss: 0.6846, Entropy: 1.0982, Epsilon: 0.913
2026-03-29 20:44:05 | INFO | Episode   36 - Reward: -200.000, Length: 200, Loss: 0.8348, Entropy: 1.0983, Epsilon: 0.911
2026-03-29 20:44:05 | INFO | Episode   37 - Reward: -200.000, Length: 200, Loss: 0.6327, Entropy: 1.0983, Epsilon: 0.908
2026-03-29 20:44:06 | INFO | Episode   38 - Reward: -200.000, Length: 200, Loss: 0.4654, Entropy: 1.0983, Epsilon: 0.906
2026-03-29 20:44:06 | INFO | Episode   39 - Reward: -200.000, Length: 200, Loss: 0.7989, Entropy: 1.0984, Epsilon: 0.903
2026-03-29 20:44:07 | INFO | Episode   40 - Reward: -200.000, Length: 200, Loss: 0.5395, Entropy: 1.0984, Epsilon: 0.901
2026-03-29 20:44:07 | INFO | Episode   41 - Reward: -200.000, Length: 200, Loss: 0.7778, Entropy: 1.0985, Epsilon: 0.899
2026-03-29 20:44:07 | INFO | Episode   42 - Reward: -200.000, Length: 200, Loss: 0.4607, Entropy: 1.0985, Epsilon: 0.896
2026-03-29 20:44:08 | INFO | Episode   43 - Reward: -200.000, Length: 200, Loss: 0.2513, Entropy: 1.0985, Epsilon: 0.894
2026-03-29 20:44:08 | INFO | Episode   44 - Reward: -200.000, Length: 200, Loss: 0.7407, Entropy: 1.0985, Epsilon: 0.891
2026-03-29 20:44:09 | INFO | Episode   45 - Reward: -200.000, Length: 200, Loss: 0.3295, Entropy: 1.0985, Epsilon: 0.889
2026-03-29 20:44:09 | INFO | Episode   46 - Reward: -200.000, Length: 200, Loss: 0.6618, Entropy: 1.0985, Epsilon: 0.886
2026-03-29 20:44:10 | INFO | Episode   47 - Reward: -200.000, Length: 200, Loss: 0.2356, Entropy: 1.0986, Epsilon: 0.884
2026-03-29 20:44:10 | INFO | Episode   48 - Reward: -200.000, Length: 200, Loss: 0.0959, Entropy: 1.0986, Epsilon: 0.881
2026-03-29 20:44:10 | INFO | Episode   49 - Reward: -200.000, Length: 200, Loss: 0.5981, Entropy: 1.0986, Epsilon: 0.879
2026-03-29 20:44:11 | INFO | Episode   50 - Reward: -200.000, Length: 200, Loss: 0.1637, Entropy: 1.0985, Epsilon: 0.876
2026-03-29 20:44:17 | INFO | [Episode   50] eps=0.876  avg_reward=-200.000  avg_length=200.00  avg_loss=  0.7293  avg_entropy=1.0985  eval_success=0.000
2026-03-29 20:44:18 | INFO | Episode   51 - Reward: -200.000, Length: 200, Loss: 0.5690, Entropy: 1.0984, Epsilon: 0.874
2026-03-29 20:44:18 | INFO | Episode   52 - Reward: -200.000, Length: 200, Loss: 0.1258, Entropy: 1.0982, Epsilon: 0.871
2026-03-29 20:44:18 | INFO | Episode   53 - Reward: -200.000, Length: 200, Loss: 0.0834, Entropy: 1.0983, Epsilon: 0.869
2026-03-29 20:44:19 | INFO | Episode   54 - Reward: -200.000, Length: 200, Loss: 0.5318, Entropy: 1.0982, Epsilon: 0.866
2026-03-29 20:44:19 | INFO | Episode   55 - Reward: -200.000, Length: 200, Loss: 0.1614, Entropy: 1.0984, Epsilon: 0.864
2026-03-29 20:44:20 | INFO | Episode   56 - Reward: -200.000, Length: 200, Loss: 0.5118, Entropy: 1.0979, Epsilon: 0.861
2026-03-29 20:44:20 | INFO | Episode   57 - Reward: -200.000, Length: 200, Loss: 0.2375, Entropy: 1.0980, Epsilon: 0.859
2026-03-29 20:44:21 | INFO | Episode   58 - Reward: -200.000, Length: 200, Loss: 0.2801, Entropy: 1.0982, Epsilon: 0.856
2026-03-29 20:44:21 | INFO | Episode   59 - Reward: -200.000, Length: 200, Loss: 0.4746, Entropy: 1.0984, Epsilon: 0.854
2026-03-29 20:44:22 | INFO | Episode   60 - Reward: -200.000, Length: 200, Loss: 0.1418, Entropy: 1.0985, Epsilon: 0.852
2026-03-29 20:44:22 | INFO | Episode   61 - Reward: -200.000, Length: 200, Loss: 0.4183, Entropy: 1.0982, Epsilon: 0.849
2026-03-29 20:44:22 | INFO | Episode   62 - Reward: -200.000, Length: 200, Loss: 0.3317, Entropy: 1.0985, Epsilon: 0.847
2026-03-29 20:44:23 | INFO | Episode   63 - Reward: -200.000, Length: 200, Loss: 0.3779, Entropy: 1.0983, Epsilon: 0.844
2026-03-29 20:44:23 | INFO | Episode   64 - Reward: -200.000, Length: 200, Loss: 0.6801, Entropy: 1.0982, Epsilon: 0.842
2026-03-29 20:44:24 | INFO | Episode   65 - Reward: -200.000, Length: 200, Loss: 0.2260, Entropy: 1.0982, Epsilon: 0.839
2026-03-29 20:44:24 | INFO | Episode   66 - Reward: -200.000, Length: 200, Loss: 0.7281, Entropy: 1.0976, Epsilon: 0.837
2026-03-29 20:44:25 | INFO | Episode   67 - Reward: -200.000, Length: 200, Loss: 0.3740, Entropy: 1.0985, Epsilon: 0.834
2026-03-29 20:44:25 | INFO | Episode   68 - Reward: -200.000, Length: 200, Loss: 0.5325, Entropy: 1.0983, Epsilon: 0.832
2026-03-29 20:44:25 | INFO | Episode   69 - Reward: -200.000, Length: 200, Loss: 0.9590, Entropy: 1.0983, Epsilon: 0.829
2026-03-29 20:44:26 | INFO | Episode   70 - Reward: -200.000, Length: 200, Loss: 0.6922, Entropy: 1.0982, Epsilon: 0.827
2026-03-29 20:44:26 | INFO | Episode   71 - Reward: -200.000, Length: 200, Loss: 1.0488, Entropy: 1.0975, Epsilon: 0.824
2026-03-29 20:44:27 | INFO | Episode   72 - Reward: -200.000, Length: 200, Loss: 0.7659, Entropy: 1.0983, Epsilon: 0.822
2026-03-29 20:44:27 | INFO | Episode   73 - Reward: -200.000, Length: 200, Loss: 0.4137, Entropy: 1.0985, Epsilon: 0.819
2026-03-29 20:44:28 | INFO | Episode   74 - Reward: -200.000, Length: 200, Loss: 0.4501, Entropy: 1.0983, Epsilon: 0.817
2026-03-29 20:44:28 | INFO | Episode   75 - Reward: -200.000, Length: 200, Loss: 0.4371, Entropy: 1.0976, Epsilon: 0.814
2026-03-29 20:44:29 | INFO | Episode   76 - Reward: -200.000, Length: 200, Loss: 0.8210, Entropy: 1.0983, Epsilon: 0.812
2026-03-29 20:44:30 | INFO | Episode   77 - Reward: -200.000, Length: 200, Loss: 0.7928, Entropy: 1.0979, Epsilon: 0.809
2026-03-29 20:44:30 | INFO | Episode   78 - Reward: -200.000, Length: 200, Loss: 1.4870, Entropy: 1.0963, Epsilon: 0.807
2026-03-29 20:44:31 | INFO | Episode   79 - Reward: -200.000, Length: 200, Loss: 1.7670, Entropy: 1.0979, Epsilon: 0.804
2026-03-29 20:44:31 | INFO | Episode   80 - Reward: -200.000, Length: 200, Loss: 2.3317, Entropy: 1.0980, Epsilon: 0.802
2026-03-29 20:44:31 | INFO | Episode   81 - Reward: -200.000, Length: 200, Loss: 1.9281, Entropy: 1.0966, Epsilon: 0.800
2026-03-29 20:44:32 | INFO | Episode   82 - Reward: -200.000, Length: 200, Loss: 1.3277, Entropy: 1.0952, Epsilon: 0.797
2026-03-29 20:44:32 | INFO | Episode   83 - Reward: -200.000, Length: 200, Loss: 0.7745, Entropy: 1.0979, Epsilon: 0.795
2026-03-29 20:44:33 | INFO | Episode   84 - Reward: -200.000, Length: 200, Loss: 1.3581, Entropy: 1.0969, Epsilon: 0.792
2026-03-29 20:44:33 | INFO | Episode   85 - Reward: -200.000, Length: 200, Loss: 1.1012, Entropy: 1.0971, Epsilon: 0.790
2026-03-29 20:44:34 | INFO | Episode   86 - Reward: -200.000, Length: 200, Loss: 2.0842, Entropy: 1.0974, Epsilon: 0.787
2026-03-29 20:44:34 | INFO | Episode   87 - Reward: -200.000, Length: 200, Loss: 1.1579, Entropy: 1.0966, Epsilon: 0.785
2026-03-29 20:44:35 | INFO | Episode   88 - Reward: -200.000, Length: 200, Loss: 1.3612, Entropy: 1.0972, Epsilon: 0.782
2026-03-29 20:44:35 | INFO | Episode   89 - Reward: -200.000, Length: 200, Loss: 2.0555, Entropy: 1.0977, Epsilon: 0.780
2026-03-29 20:44:35 | INFO | Episode   90 - Reward: -200.000, Length: 200, Loss: 1.7976, Entropy: 1.0973, Epsilon: 0.777
2026-03-29 20:44:36 | INFO | Episode   91 - Reward: -200.000, Length: 200, Loss: 1.8186, Entropy: 1.0940, Epsilon: 0.775
2026-03-29 20:44:36 | INFO | Episode   92 - Reward: -200.000, Length: 200, Loss: 0.8418, Entropy: 1.0965, Epsilon: 0.772
2026-03-29 20:44:37 | INFO | Episode   93 - Reward: -200.000, Length: 200, Loss: 1.1293, Entropy: 1.0971, Epsilon: 0.770
2026-03-29 20:44:37 | INFO | Episode   94 - Reward: -200.000, Length: 200, Loss: 1.6738, Entropy: 1.0954, Epsilon: 0.767
2026-03-29 20:44:38 | INFO | Episode   95 - Reward: -200.000, Length: 200, Loss: 1.5745, Entropy: 1.0962, Epsilon: 0.765
2026-03-29 20:44:38 | INFO | Episode   96 - Reward: -200.000, Length: 200, Loss: 1.8205, Entropy: 1.0929, Epsilon: 0.762
2026-03-29 20:44:39 | INFO | Episode   97 - Reward: -200.000, Length: 200, Loss: 2.3902, Entropy: 1.0942, Epsilon: 0.760
2026-03-29 20:44:39 | INFO | Episode   98 - Reward: -200.000, Length: 200, Loss: 1.5778, Entropy: 1.0951, Epsilon: 0.757
2026-03-29 20:44:39 | INFO | Episode   99 - Reward: -200.000, Length: 200, Loss: 1.1671, Entropy: 1.0964, Epsilon: 0.755
2026-03-29 20:44:40 | INFO | Episode  100 - Reward: -200.000, Length: 200, Loss: 0.9969, Entropy: 1.0969, Epsilon: 0.752
2026-03-29 20:44:46 | INFO | [Episode  100] eps=0.752  avg_reward=-200.000  avg_length=200.00  avg_loss=  0.9738  avg_entropy=1.0969  eval_success=0.000
2026-03-29 20:44:46 | INFO | Episode  101 - Reward: -200.000, Length: 200, Loss: 2.4566, Entropy: 1.0951, Epsilon: 0.750
2026-03-29 20:44:47 | INFO | Episode  102 - Reward: -200.000, Length: 200, Loss: 1.4505, Entropy: 1.0961, Epsilon: 0.748
2026-03-29 20:44:47 | INFO | Episode  103 - Reward: -200.000, Length: 200, Loss: 3.9754, Entropy: 1.0935, Epsilon: 0.745
2026-03-29 20:44:47 | INFO | Episode  104 - Reward: -200.000, Length: 200, Loss: 2.8516, Entropy: 1.0965, Epsilon: 0.743
2026-03-29 20:44:48 | INFO | Episode  105 - Reward: -200.000, Length: 200, Loss: 7.1226, Entropy: 1.0794, Epsilon: 0.740
2026-03-29 20:44:48 | INFO | Episode  106 - Reward: -200.000, Length: 200, Loss: 1.5442, Entropy: 1.0940, Epsilon: 0.738
2026-03-29 20:44:49 | INFO | Episode  107 - Reward: -200.000, Length: 200, Loss: 2.0252, Entropy: 1.0972, Epsilon: 0.735
2026-03-29 20:44:49 | INFO | Episode  108 - Reward: -200.000, Length: 200, Loss: 1.7060, Entropy: 1.0972, Epsilon: 0.733
2026-03-29 20:44:50 | INFO | Episode  109 - Reward: -200.000, Length: 200, Loss: 1.7934, Entropy: 1.0928, Epsilon: 0.730
2026-03-29 20:44:50 | INFO | Episode  110 - Reward: -200.000, Length: 200, Loss: 1.3754, Entropy: 1.0957, Epsilon: 0.728
2026-03-29 20:44:51 | INFO | Episode  111 - Reward: -200.000, Length: 200, Loss: 1.2416, Entropy: 1.0983, Epsilon: 0.725
2026-03-29 20:44:51 | INFO | Episode  112 - Reward: -200.000, Length: 200, Loss: 3.2664, Entropy: 1.0912, Epsilon: 0.723
2026-03-29 20:44:51 | INFO | Episode  113 - Reward: -200.000, Length: 200, Loss: 1.8685, Entropy: 1.0961, Epsilon: 0.720
2026-03-29 20:44:52 | INFO | Episode  114 - Reward: -200.000, Length: 200, Loss: 0.9316, Entropy: 1.0957, Epsilon: 0.718
2026-03-29 20:44:52 | INFO | Episode  115 - Reward: -200.000, Length: 200, Loss: 2.6578, Entropy: 1.0885, Epsilon: 0.715
2026-03-29 20:44:53 | INFO | Episode  116 - Reward: -200.000, Length: 200, Loss: 3.9563, Entropy: 1.0917, Epsilon: 0.713
2026-03-29 20:44:53 | INFO | Episode  117 - Reward: -200.000, Length: 200, Loss: 3.8449, Entropy: 1.0918, Epsilon: 0.710
2026-03-29 20:44:54 | INFO | Episode  118 - Reward: -200.000, Length: 200, Loss: 4.1167, Entropy: 1.0892, Epsilon: 0.708
2026-03-29 20:44:54 | INFO | Episode  119 - Reward: -200.000, Length: 200, Loss: 1.5725, Entropy: 1.0961, Epsilon: 0.705
2026-03-29 20:44:54 | INFO | Episode  120 - Reward: -200.000, Length: 200, Loss: 2.9062, Entropy: 1.0928, Epsilon: 0.703
2026-03-29 20:44:55 | INFO | Episode  121 - Reward: -200.000, Length: 200, Loss: 1.3395, Entropy: 1.0924, Epsilon: 0.701
2026-03-29 20:44:55 | INFO | Episode  122 - Reward: -200.000, Length: 200, Loss: 1.4460, Entropy: 1.0967, Epsilon: 0.698
2026-03-29 20:44:56 | INFO | Episode  123 - Reward: -200.000, Length: 200, Loss: 2.8790, Entropy: 1.0910, Epsilon: 0.696
2026-03-29 20:44:56 | INFO | Episode  124 - Reward: -200.000, Length: 200, Loss: 1.3026, Entropy: 1.0956, Epsilon: 0.693
2026-03-29 20:44:57 | INFO | Episode  125 - Reward: -200.000, Length: 200, Loss: 2.1361, Entropy: 1.0962, Epsilon: 0.691
2026-03-29 20:44:57 | INFO | Episode  126 - Reward: -200.000, Length: 200, Loss: 3.0741, Entropy: 1.0977, Epsilon: 0.688
2026-03-29 20:44:58 | INFO | Episode  127 - Reward: -200.000, Length: 200, Loss: 4.1208, Entropy: 1.0908, Epsilon: 0.686
2026-03-29 20:44:58 | INFO | Episode  128 - Reward: -200.000, Length: 200, Loss: 8.3707, Entropy: 1.0929, Epsilon: 0.683
2026-03-29 20:44:58 | INFO | Episode  129 - Reward: -200.000, Length: 200, Loss: 1.7509, Entropy: 1.0973, Epsilon: 0.681
2026-03-29 20:44:59 | INFO | Episode  130 - Reward: -200.000, Length: 200, Loss: 0.8768, Entropy: 1.0965, Epsilon: 0.678
2026-03-29 20:44:59 | INFO | Episode  131 - Reward: -200.000, Length: 200, Loss: 2.4827, Entropy: 1.0939, Epsilon: 0.676
2026-03-29 20:45:00 | INFO | Episode  132 - Reward: -200.000, Length: 200, Loss: 2.5864, Entropy: 1.0943, Epsilon: 0.673
2026-03-29 20:45:00 | INFO | Episode  133 - Reward: -200.000, Length: 200, Loss: 1.7960, Entropy: 1.0965, Epsilon: 0.671
2026-03-29 20:45:01 | INFO | Episode  134 - Reward: -200.000, Length: 200, Loss: 2.3959, Entropy: 1.0979, Epsilon: 0.668
2026-03-29 20:45:01 | INFO | Episode  135 - Reward: -200.000, Length: 200, Loss: 1.6416, Entropy: 1.0960, Epsilon: 0.666
2026-03-29 20:45:02 | INFO | Episode  136 - Reward: -200.000, Length: 200, Loss: 2.0212, Entropy: 1.0971, Epsilon: 0.663
2026-03-29 20:45:03 | INFO | Episode  137 - Reward: -200.000, Length: 200, Loss: 2.0939, Entropy: 1.0945, Epsilon: 0.661
2026-03-29 20:45:03 | INFO | Episode  138 - Reward: -200.000, Length: 200, Loss: 2.7458, Entropy: 1.0913, Epsilon: 0.658
2026-03-29 20:45:03 | INFO | Episode  139 - Reward: -200.000, Length: 200, Loss: 0.8561, Entropy: 1.0966, Epsilon: 0.656
2026-03-29 20:45:04 | INFO | Episode  140 - Reward: -200.000, Length: 200, Loss: 1.7560, Entropy: 1.0948, Epsilon: 0.653
2026-03-29 20:45:04 | INFO | Episode  141 - Reward: -200.000, Length: 200, Loss: 2.1220, Entropy: 1.0947, Epsilon: 0.651
2026-03-29 20:45:05 | INFO | Episode  142 - Reward: -200.000, Length: 200, Loss: 3.7970, Entropy: 1.0927, Epsilon: 0.649
2026-03-29 20:45:05 | INFO | Episode  143 - Reward: -200.000, Length: 200, Loss: 1.0631, Entropy: 1.0976, Epsilon: 0.646
2026-03-29 20:45:06 | INFO | Episode  144 - Reward: -200.000, Length: 200, Loss: 2.3683, Entropy: 1.0898, Epsilon: 0.644
2026-03-29 20:45:06 | INFO | Episode  145 - Reward: -200.000, Length: 200, Loss: 1.9973, Entropy: 1.0961, Epsilon: 0.641
2026-03-29 20:45:07 | INFO | Episode  146 - Reward: -200.000, Length: 200, Loss: 2.4661, Entropy: 1.0937, Epsilon: 0.639
2026-03-29 20:45:07 | INFO | Episode  147 - Reward: -200.000, Length: 200, Loss: 3.5793, Entropy: 1.0906, Epsilon: 0.636
2026-03-29 20:45:07 | INFO | Episode  148 - Reward: -200.000, Length: 200, Loss: 1.8322, Entropy: 1.0962, Epsilon: 0.634
2026-03-29 20:45:08 | INFO | Episode  149 - Reward: -200.000, Length: 200, Loss: 2.4887, Entropy: 1.0931, Epsilon: 0.631
2026-03-29 20:45:09 | INFO | Episode  150 - Reward: -200.000, Length: 200, Loss: 2.7864, Entropy: 1.0960, Epsilon: 0.629
2026-03-29 20:45:15 | INFO | [Episode  150] eps=0.629  avg_reward=-200.000  avg_length=200.00  avg_loss=  2.4967  avg_entropy=1.0960  eval_success=0.000
2026-03-29 20:45:15 | INFO | Episode  151 - Reward: -200.000, Length: 200, Loss: 2.4261, Entropy: 1.0808, Epsilon: 0.626
2026-03-29 20:45:16 | INFO | Episode  152 - Reward: -200.000, Length: 200, Loss: 1.8906, Entropy: 1.0952, Epsilon: 0.624
2026-03-29 20:45:17 | INFO | Episode  153 - Reward: -200.000, Length: 200, Loss: 1.7160, Entropy: 1.0957, Epsilon: 0.621
2026-03-29 20:45:17 | INFO | Episode  154 - Reward: -200.000, Length: 200, Loss: 1.2804, Entropy: 1.0935, Epsilon: 0.619
2026-03-29 20:45:18 | INFO | Episode  155 - Reward: -200.000, Length: 200, Loss: 0.3578, Entropy: 1.0979, Epsilon: 0.616
2026-03-29 20:45:18 | INFO | Episode  156 - Reward: -200.000, Length: 200, Loss: 1.4380, Entropy: 1.0963, Epsilon: 0.614
2026-03-29 20:45:19 | INFO | Episode  157 - Reward: -200.000, Length: 200, Loss: 2.5166, Entropy: 1.0952, Epsilon: 0.611
2026-03-29 20:45:20 | INFO | Episode  158 - Reward: -200.000, Length: 200, Loss: 1.1713, Entropy: 1.0953, Epsilon: 0.609
2026-03-29 20:45:20 | INFO | Episode  159 - Reward: -200.000, Length: 200, Loss: 2.3017, Entropy: 1.0956, Epsilon: 0.606
2026-03-29 20:45:21 | INFO | Episode  160 - Reward: -200.000, Length: 200, Loss: 2.6327, Entropy: 1.0958, Epsilon: 0.604
2026-03-29 20:45:22 | INFO | Episode  161 - Reward: -200.000, Length: 200, Loss: 1.9680, Entropy: 1.0971, Epsilon: 0.602
2026-03-29 20:45:23 | INFO | Episode  162 - Reward: -200.000, Length: 200, Loss: 2.3001, Entropy: 1.0970, Epsilon: 0.599
2026-03-29 20:45:23 | INFO | Episode  163 - Reward: -200.000, Length: 200, Loss: 4.3120, Entropy: 1.0790, Epsilon: 0.597
2026-03-29 20:45:24 | INFO | Episode  164 - Reward: -200.000, Length: 200, Loss: 1.9551, Entropy: 1.0969, Epsilon: 0.594
2026-03-29 20:45:24 | INFO | Episode  165 - Reward: -200.000, Length: 200, Loss: 0.5085, Entropy: 1.0980, Epsilon: 0.592
2026-03-29 20:45:25 | INFO | Episode  166 - Reward: -200.000, Length: 200, Loss: 1.9419, Entropy: 1.0968, Epsilon: 0.589
2026-03-29 20:45:26 | INFO | Episode  167 - Reward: -200.000, Length: 200, Loss: 2.1405, Entropy: 1.0887, Epsilon: 0.587
2026-03-29 20:45:26 | INFO | Episode  168 - Reward: -200.000, Length: 200, Loss: 1.8002, Entropy: 1.0920, Epsilon: 0.584
2026-03-29 20:45:27 | INFO | Episode  169 - Reward: -200.000, Length: 200, Loss: 2.9390, Entropy: 1.0948, Epsilon: 0.582
2026-03-29 20:45:28 | INFO | Episode  170 - Reward: -200.000, Length: 200, Loss: 3.5695, Entropy: 1.0953, Epsilon: 0.579
2026-03-29 20:45:29 | INFO | Episode  171 - Reward: -200.000, Length: 200, Loss: 1.5591, Entropy: 1.0947, Epsilon: 0.577
2026-03-29 20:45:29 | INFO | Episode  172 - Reward: -200.000, Length: 200, Loss: 2.7367, Entropy: 1.0833, Epsilon: 0.574
2026-03-29 20:45:30 | INFO | Episode  173 - Reward: -200.000, Length: 200, Loss: 1.7557, Entropy: 1.0958, Epsilon: 0.572
2026-03-29 20:45:31 | INFO | Episode  174 - Reward: -200.000, Length: 200, Loss: 2.4503, Entropy: 1.0940, Epsilon: 0.569
2026-03-29 20:45:31 | INFO | Episode  175 - Reward: -200.000, Length: 200, Loss: 2.6530, Entropy: 1.0885, Epsilon: 0.567
2026-03-29 20:45:32 | INFO | Episode  176 - Reward: -200.000, Length: 200, Loss: 2.2095, Entropy: 1.0974, Epsilon: 0.564
2026-03-29 20:45:33 | INFO | Episode  177 - Reward: -200.000, Length: 200, Loss: 0.2958, Entropy: 1.0978, Epsilon: 0.562
2026-03-29 20:45:33 | INFO | Episode  178 - Reward: -200.000, Length: 200, Loss: 1.5141, Entropy: 1.0956, Epsilon: 0.559
2026-03-29 20:45:34 | INFO | Episode  179 - Reward: -200.000, Length: 200, Loss: 2.2537, Entropy: 1.0893, Epsilon: 0.557
2026-03-29 20:45:35 | INFO | Episode  180 - Reward: -200.000, Length: 200, Loss: 2.3234, Entropy: 1.0907, Epsilon: 0.554
2026-03-29 20:45:36 | INFO | Episode  181 - Reward: -200.000, Length: 200, Loss: 1.8418, Entropy: 1.0966, Epsilon: 0.552
2026-03-29 20:45:37 | INFO | Episode  182 - Reward: -200.000, Length: 200, Loss: 1.0980, Entropy: 1.0970, Epsilon: 0.550
2026-03-29 20:45:38 | INFO | Episode  183 - Reward: -200.000, Length: 200, Loss: 2.3937, Entropy: 1.0965, Epsilon: 0.547
2026-03-29 20:45:38 | INFO | Episode  184 - Reward: -200.000, Length: 200, Loss: 3.5578, Entropy: 1.0878, Epsilon: 0.545
2026-03-29 20:45:39 | INFO | Episode  185 - Reward: -200.000, Length: 200, Loss: 4.4894, Entropy: 1.0811, Epsilon: 0.542
2026-03-29 20:45:40 | INFO | Episode  186 - Reward: -200.000, Length: 200, Loss: 2.1108, Entropy: 1.0958, Epsilon: 0.540
2026-03-29 20:45:40 | INFO | Episode  187 - Reward: -200.000, Length: 200, Loss: 1.3398, Entropy: 1.0952, Epsilon: 0.537
2026-03-29 20:45:41 | INFO | Episode  188 - Reward: -200.000, Length: 200, Loss: 1.8834, Entropy: 1.0951, Epsilon: 0.535
2026-03-29 20:45:42 | INFO | Episode  189 - Reward: -200.000, Length: 200, Loss: 2.2879, Entropy: 1.0900, Epsilon: 0.532
2026-03-29 20:45:42 | INFO | Episode  190 - Reward: -200.000, Length: 200, Loss: 1.9942, Entropy: 1.0900, Epsilon: 0.530
2026-03-29 20:45:43 | INFO | Episode  191 - Reward: -200.000, Length: 200, Loss: 2.2074, Entropy: 1.0957, Epsilon: 0.527
2026-03-29 20:45:44 | INFO | Episode  192 - Reward: -200.000, Length: 200, Loss: 2.0157, Entropy: 1.0937, Epsilon: 0.525
2026-03-29 20:45:44 | INFO | Episode  193 - Reward: -200.000, Length: 200, Loss: 1.3714, Entropy: 1.0969, Epsilon: 0.522
2026-03-29 20:45:45 | INFO | Episode  194 - Reward: -200.000, Length: 200, Loss: 2.2903, Entropy: 1.0977, Epsilon: 0.520
2026-03-29 20:45:46 | INFO | Episode  195 - Reward: -200.000, Length: 200, Loss: 1.4997, Entropy: 1.0963, Epsilon: 0.517
2026-03-29 20:45:46 | INFO | Episode  196 - Reward: -200.000, Length: 200, Loss: 1.7497, Entropy: 1.0951, Epsilon: 0.515
2026-03-29 20:45:47 | INFO | Episode  197 - Reward: -200.000, Length: 200, Loss: 2.1465, Entropy: 1.0970, Epsilon: 0.512
2026-03-29 20:45:48 | INFO | Episode  198 - Reward: -200.000, Length: 200, Loss: 2.5927, Entropy: 1.0952, Epsilon: 0.510
2026-03-29 20:45:48 | INFO | Episode  199 - Reward: -200.000, Length: 200, Loss: 2.2345, Entropy: 1.0929, Epsilon: 0.507
2026-03-29 20:45:49 | INFO | Episode  200 - Reward: -200.000, Length: 200, Loss: 1.3705, Entropy: 1.0959, Epsilon: 0.505
2026-03-29 20:45:58 | INFO | [Episode  200] eps=0.505  avg_reward=-200.000  avg_length=200.00  avg_loss=  2.0678  avg_entropy=1.0959  eval_success=0.000
2026-03-29 20:45:58 | INFO | Episode  201 - Reward: -200.000, Length: 200, Loss: 0.6756, Entropy: 1.0971, Epsilon: 0.503
2026-03-29 20:45:59 | INFO | Episode  202 - Reward: -200.000, Length: 200, Loss: 1.7154, Entropy: 1.0969, Epsilon: 0.500
2026-03-29 20:46:00 | INFO | Episode  203 - Reward: -200.000, Length: 200, Loss: 2.2589, Entropy: 1.0961, Epsilon: 0.498
2026-03-29 20:46:00 | INFO | Episode  204 - Reward: -200.000, Length: 200, Loss: 1.3961, Entropy: 1.0948, Epsilon: 0.495
2026-03-29 20:46:01 | INFO | Episode  205 - Reward: -200.000, Length: 200, Loss: 3.8072, Entropy: 1.0878, Epsilon: 0.493
2026-03-29 20:46:02 | INFO | Episode  206 - Reward: -200.000, Length: 200, Loss: 1.7386, Entropy: 1.0967, Epsilon: 0.490
2026-03-29 20:46:02 | INFO | Episode  207 - Reward: -200.000, Length: 200, Loss: 1.3192, Entropy: 1.0944, Epsilon: 0.488
2026-03-29 20:46:03 | INFO | Episode  208 - Reward: -200.000, Length: 200, Loss: 2.3342, Entropy: 1.0937, Epsilon: 0.485
2026-03-29 20:46:04 | INFO | Episode  209 - Reward: -200.000, Length: 200, Loss: 3.1520, Entropy: 1.0923, Epsilon: 0.483
2026-03-29 20:46:04 | INFO | Episode  210 - Reward: -200.000, Length: 200, Loss: 4.1733, Entropy: 1.0912, Epsilon: 0.480
2026-03-29 20:46:05 | INFO | Episode  211 - Reward: -200.000, Length: 200, Loss: 1.6220, Entropy: 1.0952, Epsilon: 0.478
2026-03-29 20:46:06 | INFO | Episode  212 - Reward: -200.000, Length: 200, Loss: 1.4912, Entropy: 1.0971, Epsilon: 0.475
2026-03-29 20:46:06 | INFO | Episode  213 - Reward: -200.000, Length: 200, Loss: 1.0473, Entropy: 1.0976, Epsilon: 0.473
2026-03-29 20:46:08 | INFO | Episode  214 - Reward: -200.000, Length: 200, Loss: 1.3052, Entropy: 1.0966, Epsilon: 0.470
2026-03-29 20:46:08 | INFO | Episode  215 - Reward: -200.000, Length: 200, Loss: 2.0590, Entropy: 1.0940, Epsilon: 0.468
2026-03-29 20:46:09 | INFO | Episode  216 - Reward: -200.000, Length: 200, Loss: 2.7777, Entropy: 1.0913, Epsilon: 0.465
2026-03-29 20:46:10 | INFO | Episode  217 - Reward: -200.000, Length: 200, Loss: 3.3659, Entropy: 1.0817, Epsilon: 0.463
2026-03-29 20:46:10 | INFO | Episode  218 - Reward: -200.000, Length: 200, Loss: 3.7840, Entropy: 1.0846, Epsilon: 0.460
2026-03-29 20:46:11 | INFO | Episode  219 - Reward: -200.000, Length: 200, Loss: 1.8134, Entropy: 1.0960, Epsilon: 0.458
2026-03-29 20:46:12 | INFO | Episode  220 - Reward: -200.000, Length: 200, Loss: 3.7341, Entropy: 1.0911, Epsilon: 0.456
2026-03-29 20:46:12 | INFO | Episode  221 - Reward: -200.000, Length: 200, Loss: 1.1644, Entropy: 1.0947, Epsilon: 0.453
2026-03-29 20:46:13 | INFO | Episode  222 - Reward: -200.000, Length: 200, Loss: 3.4297, Entropy: 1.0917, Epsilon: 0.451
2026-03-29 20:46:14 | INFO | Episode  223 - Reward: -200.000, Length: 200, Loss: 2.4754, Entropy: 1.0909, Epsilon: 0.448
2026-03-29 20:46:14 | INFO | Episode  224 - Reward: -200.000, Length: 200, Loss: 2.1616, Entropy: 1.0959, Epsilon: 0.446
2026-03-29 20:46:15 | INFO | Episode  225 - Reward: -200.000, Length: 200, Loss: 1.6274, Entropy: 1.0938, Epsilon: 0.443
2026-03-29 20:46:16 | INFO | Episode  226 - Reward: -200.000, Length: 200, Loss: 2.4338, Entropy: 1.0900, Epsilon: 0.441
2026-03-29 20:46:17 | INFO | Episode  227 - Reward: -200.000, Length: 200, Loss: 4.0532, Entropy: 1.0851, Epsilon: 0.438
2026-03-29 20:46:17 | INFO | Episode  228 - Reward: -200.000, Length: 200, Loss: 9.9933, Entropy: 1.0595, Epsilon: 0.436
2026-03-29 20:46:18 | INFO | Episode  229 - Reward: -200.000, Length: 200, Loss: 0.7627, Entropy: 1.0956, Epsilon: 0.433
2026-03-29 20:46:18 | INFO | Episode  230 - Reward: -200.000, Length: 200, Loss: 2.1355, Entropy: 1.0937, Epsilon: 0.431
2026-03-29 20:46:19 | INFO | Episode  231 - Reward: -200.000, Length: 200, Loss: 1.9522, Entropy: 1.0969, Epsilon: 0.428
2026-03-29 20:46:20 | INFO | Episode  232 - Reward: -200.000, Length: 200, Loss: 1.0412, Entropy: 1.0972, Epsilon: 0.426
2026-03-29 20:46:20 | INFO | Episode  233 - Reward: -200.000, Length: 200, Loss: 1.1412, Entropy: 1.0973, Epsilon: 0.423
2026-03-29 20:46:21 | INFO | Episode  234 - Reward: -200.000, Length: 200, Loss: 1.2159, Entropy: 1.0967, Epsilon: 0.421
2026-03-29 20:46:22 | INFO | Episode  235 - Reward: -200.000, Length: 200, Loss: 0.6597, Entropy: 1.0977, Epsilon: 0.418
2026-03-29 20:46:22 | INFO | Episode  236 - Reward: -200.000, Length: 200, Loss: 2.4546, Entropy: 1.0947, Epsilon: 0.416
2026-03-29 20:46:23 | INFO | Episode  237 - Reward: -200.000, Length: 200, Loss: 1.3056, Entropy: 1.0941, Epsilon: 0.413
2026-03-29 20:46:23 | INFO | Episode  238 - Reward: -200.000, Length: 200, Loss: 1.7548, Entropy: 1.0953, Epsilon: 0.411
2026-03-29 20:46:24 | INFO | Episode  239 - Reward: -200.000, Length: 200, Loss: 1.9432, Entropy: 1.0952, Epsilon: 0.408
2026-03-29 20:46:24 | INFO | Episode  240 - Reward: -200.000, Length: 200, Loss: 2.4677, Entropy: 1.0928, Epsilon: 0.406
2026-03-29 20:46:25 | INFO | Episode  241 - Reward: -200.000, Length: 200, Loss: 2.5645, Entropy: 1.0899, Epsilon: 0.404
2026-03-29 20:46:25 | INFO | Episode  242 - Reward: -200.000, Length: 200, Loss: 2.6116, Entropy: 1.0922, Epsilon: 0.401
2026-03-29 20:46:25 | INFO | Episode  243 - Reward: -200.000, Length: 200, Loss: 1.4255, Entropy: 1.0960, Epsilon: 0.399
2026-03-29 20:46:26 | INFO | Episode  244 - Reward: -200.000, Length: 200, Loss: 0.9413, Entropy: 1.0966, Epsilon: 0.396
2026-03-29 20:46:26 | INFO | Episode  245 - Reward: -200.000, Length: 200, Loss: 1.2606, Entropy: 1.0971, Epsilon: 0.394
2026-03-29 20:46:27 | INFO | Episode  246 - Reward: -200.000, Length: 200, Loss: 2.1600, Entropy: 1.0972, Epsilon: 0.391
2026-03-29 20:46:27 | INFO | Episode  247 - Reward: -200.000, Length: 200, Loss: 2.9391, Entropy: 1.0862, Epsilon: 0.389
2026-03-29 20:46:28 | INFO | Episode  248 - Reward: -200.000, Length: 200, Loss: 1.7755, Entropy: 1.0941, Epsilon: 0.386
2026-03-29 20:46:28 | INFO | Episode  249 - Reward: -200.000, Length: 200, Loss: 2.8988, Entropy: 1.0912, Epsilon: 0.384
2026-03-29 20:46:28 | INFO | Episode  250 - Reward: -200.000, Length: 200, Loss: 0.1462, Entropy: 1.0972, Epsilon: 0.381
2026-03-29 20:46:34 | INFO | [Episode  250] eps=0.381  avg_reward=-200.000  avg_length=200.00  avg_loss=  2.2093  avg_entropy=1.0972  eval_success=0.000
2026-03-29 20:46:35 | INFO | Episode  251 - Reward: -200.000, Length: 200, Loss: 2.7462, Entropy: 1.0939, Epsilon: 0.379
2026-03-29 20:46:35 | INFO | Episode  252 - Reward: -200.000, Length: 200, Loss: 2.9601, Entropy: 1.0963, Epsilon: 0.376
2026-03-29 20:46:36 | INFO | Episode  253 - Reward: -200.000, Length: 200, Loss: 1.8842, Entropy: 1.0951, Epsilon: 0.374
2026-03-29 20:46:36 | INFO | Episode  254 - Reward: -200.000, Length: 200, Loss: 2.9373, Entropy: 1.0959, Epsilon: 0.371
2026-03-29 20:46:37 | INFO | Episode  255 - Reward: -200.000, Length: 200, Loss: 4.1027, Entropy: 1.0919, Epsilon: 0.369
2026-03-29 20:46:37 | INFO | Episode  256 - Reward: -200.000, Length: 200, Loss: 3.6619, Entropy: 1.0903, Epsilon: 0.366
2026-03-29 20:46:37 | INFO | Episode  257 - Reward: -200.000, Length: 200, Loss: 10.4454, Entropy: 1.0784, Epsilon: 0.364
2026-03-29 20:46:38 | INFO | Episode  258 - Reward: -200.000, Length: 200, Loss: 23.7581, Entropy: 1.0597, Epsilon: 0.361
2026-03-29 20:46:38 | INFO | Episode  259 - Reward: -200.000, Length: 200, Loss: 2.4642, Entropy: 1.0949, Epsilon: 0.359
2026-03-29 20:46:39 | INFO | Episode  260 - Reward: -200.000, Length: 200, Loss: 0.9701, Entropy: 1.0975, Epsilon: 0.357
2026-03-29 20:46:39 | INFO | Episode  261 - Reward: -200.000, Length: 200, Loss: 2.8811, Entropy: 1.0891, Epsilon: 0.354
2026-03-29 20:46:41 | INFO | Episode  262 - Reward: -200.000, Length: 200, Loss: 2.0494, Entropy: 1.0963, Epsilon: 0.352
2026-03-29 20:46:41 | INFO | Episode  263 - Reward: -200.000, Length: 200, Loss: 1.9868, Entropy: 1.0972, Epsilon: 0.349
2026-03-29 20:46:42 | INFO | Episode  264 - Reward: -200.000, Length: 200, Loss: 1.5867, Entropy: 1.0956, Epsilon: 0.347
2026-03-29 20:46:42 | INFO | Episode  265 - Reward: -200.000, Length: 200, Loss: 1.3096, Entropy: 1.0971, Epsilon: 0.344
2026-03-29 20:46:43 | INFO | Episode  266 - Reward: -200.000, Length: 200, Loss: 2.0502, Entropy: 1.0967, Epsilon: 0.342
2026-03-29 20:46:43 | INFO | Episode  267 - Reward: -200.000, Length: 200, Loss: 1.5608, Entropy: 1.0974, Epsilon: 0.339
2026-03-29 20:46:43 | INFO | Episode  268 - Reward: -200.000, Length: 200, Loss: 2.1066, Entropy: 1.0942, Epsilon: 0.337
2026-03-29 20:46:44 | INFO | Episode  269 - Reward: -200.000, Length: 200, Loss: 1.8116, Entropy: 1.0939, Epsilon: 0.334
2026-03-29 20:46:44 | INFO | Episode  270 - Reward: -200.000, Length: 200, Loss: 1.9762, Entropy: 1.0967, Epsilon: 0.332
2026-03-29 20:46:45 | INFO | Episode  271 - Reward: -200.000, Length: 200, Loss: 4.9369, Entropy: 1.0600, Epsilon: 0.329
2026-03-29 20:46:45 | INFO | Episode  272 - Reward: -200.000, Length: 200, Loss: 1.7567, Entropy: 1.0952, Epsilon: 0.327
2026-03-29 20:46:46 | INFO | Episode  273 - Reward: -200.000, Length: 200, Loss: 1.0972, Entropy: 1.0975, Epsilon: 0.324
2026-03-29 20:46:46 | INFO | Episode  274 - Reward: -200.000, Length: 200, Loss: 1.1597, Entropy: 1.0978, Epsilon: 0.322
2026-03-29 20:46:47 | INFO | Episode  275 - Reward: -200.000, Length: 200, Loss: 4.1809, Entropy: 1.0932, Epsilon: 0.319
2026-03-29 20:46:47 | INFO | Episode  276 - Reward: -200.000, Length: 200, Loss: 3.3666, Entropy: 1.0959, Epsilon: 0.317
2026-03-29 20:46:48 | INFO | Episode  277 - Reward: -200.000, Length: 200, Loss: 1.5687, Entropy: 1.0965, Epsilon: 0.314
2026-03-29 20:46:48 | INFO | Episode  278 - Reward: -200.000, Length: 200, Loss: 2.1976, Entropy: 1.0947, Epsilon: 0.312
2026-03-29 20:46:49 | INFO | Episode  279 - Reward: -200.000, Length: 200, Loss: 4.5936, Entropy: 1.0914, Epsilon: 0.309
2026-03-29 20:46:49 | INFO | Episode  280 - Reward: -200.000, Length: 200, Loss: 2.4744, Entropy: 1.0973, Epsilon: 0.307
2026-03-29 20:46:49 | INFO | Episode  281 - Reward: -200.000, Length: 200, Loss: 2.3479, Entropy: 1.0944, Epsilon: 0.305
2026-03-29 20:46:50 | INFO | Episode  282 - Reward: -200.000, Length: 200, Loss: 2.3214, Entropy: 1.0927, Epsilon: 0.302
2026-03-29 20:46:50 | INFO | Episode  283 - Reward: -200.000, Length: 200, Loss: 2.6048, Entropy: 1.0958, Epsilon: 0.300
2026-03-29 20:46:51 | INFO | Episode  284 - Reward: -200.000, Length: 200, Loss: 2.5884, Entropy: 1.0951, Epsilon: 0.297
2026-03-29 20:46:51 | INFO | Episode  285 - Reward: -200.000, Length: 200, Loss: 1.3938, Entropy: 1.0966, Epsilon: 0.295
2026-03-29 20:46:52 | INFO | Episode  286 - Reward: -200.000, Length: 200, Loss: 1.1268, Entropy: 1.0945, Epsilon: 0.292
2026-03-29 20:46:52 | INFO | Episode  287 - Reward: -200.000, Length: 200, Loss: 1.6917, Entropy: 1.0955, Epsilon: 0.290
2026-03-29 20:46:53 | INFO | Episode  288 - Reward: -200.000, Length: 200, Loss: 3.9283, Entropy: 1.0959, Epsilon: 0.287
2026-03-29 20:46:53 | INFO | Episode  289 - Reward: -200.000, Length: 200, Loss: 3.1770, Entropy: 1.0931, Epsilon: 0.285
2026-03-29 20:46:54 | INFO | Episode  290 - Reward: -200.000, Length: 200, Loss: 1.8450, Entropy: 1.0931, Epsilon: 0.282
2026-03-29 20:46:54 | INFO | Episode  291 - Reward: -200.000, Length: 200, Loss: 1.0047, Entropy: 1.0981, Epsilon: 0.280
2026-03-29 20:46:54 | INFO | Episode  292 - Reward: -200.000, Length: 200, Loss: 3.3767, Entropy: 1.0907, Epsilon: 0.277
2026-03-29 20:46:55 | INFO | Episode  293 - Reward: -200.000, Length: 200, Loss: 0.7693, Entropy: 1.0974, Epsilon: 0.275
2026-03-29 20:46:55 | INFO | Episode  294 - Reward: -200.000, Length: 200, Loss: 1.1602, Entropy: 1.0975, Epsilon: 0.272
2026-03-29 20:46:56 | INFO | Episode  295 - Reward: -200.000, Length: 200, Loss: 3.8140, Entropy: 1.0942, Epsilon: 0.270
2026-03-29 20:46:56 | INFO | Episode  296 - Reward: -200.000, Length: 200, Loss: 1.6081, Entropy: 1.0917, Epsilon: 0.267
2026-03-29 20:46:57 | INFO | Episode  297 - Reward: -200.000, Length: 200, Loss: 2.5750, Entropy: 1.0963, Epsilon: 0.265
2026-03-29 20:46:57 | INFO | Episode  298 - Reward: -200.000, Length: 200, Loss: 2.4332, Entropy: 1.0950, Epsilon: 0.262
2026-03-29 20:46:58 | INFO | Episode  299 - Reward: -200.000, Length: 200, Loss: 2.8404, Entropy: 1.0902, Epsilon: 0.260
2026-03-29 20:46:58 | INFO | Episode  300 - Reward: -200.000, Length: 200, Loss: 2.3021, Entropy: 1.0938, Epsilon: 0.258
2026-03-29 20:47:04 | INFO | [Episode  300] eps=0.258  avg_reward=-200.000  avg_length=200.00  avg_loss=  2.9498  avg_entropy=1.0938  eval_success=0.000
2026-03-29 20:47:04 | INFO | Episode  301 - Reward: -200.000, Length: 200, Loss: 2.3331, Entropy: 1.0919, Epsilon: 0.255
2026-03-29 20:47:05 | INFO | Episode  302 - Reward: -200.000, Length: 200, Loss: 2.1335, Entropy: 1.0958, Epsilon: 0.253
2026-03-29 20:47:05 | INFO | Episode  303 - Reward: -200.000, Length: 200, Loss: 2.4578, Entropy: 1.0930, Epsilon: 0.250
2026-03-29 20:47:06 | INFO | Episode  304 - Reward: -200.000, Length: 200, Loss: 2.3342, Entropy: 1.0955, Epsilon: 0.248
2026-03-29 20:47:06 | INFO | Episode  305 - Reward: -200.000, Length: 200, Loss: 2.0071, Entropy: 1.0929, Epsilon: 0.245
2026-03-29 20:47:07 | INFO | Episode  306 - Reward: -200.000, Length: 200, Loss: 2.2084, Entropy: 1.0921, Epsilon: 0.243
2026-03-29 20:47:07 | INFO | Episode  307 - Reward: -200.000, Length: 200, Loss: 1.5112, Entropy: 1.0959, Epsilon: 0.240
2026-03-29 20:47:08 | INFO | Episode  308 - Reward: -200.000, Length: 200, Loss: 1.2483, Entropy: 1.0952, Epsilon: 0.238
2026-03-29 20:47:08 | INFO | Episode  309 - Reward: -200.000, Length: 200, Loss: 1.4260, Entropy: 1.0964, Epsilon: 0.235
2026-03-29 20:47:08 | INFO | Episode  310 - Reward: -200.000, Length: 200, Loss: 3.3848, Entropy: 1.0917, Epsilon: 0.233
2026-03-29 20:47:09 | INFO | Episode  311 - Reward: -200.000, Length: 200, Loss: 0.6604, Entropy: 1.0965, Epsilon: 0.230
2026-03-29 20:47:09 | INFO | Episode  312 - Reward: -200.000, Length: 200, Loss: 3.0280, Entropy: 1.0935, Epsilon: 0.228
2026-03-29 20:47:10 | INFO | Episode  313 - Reward: -200.000, Length: 200, Loss: 2.5465, Entropy: 1.0950, Epsilon: 0.225
2026-03-29 20:47:10 | INFO | Episode  314 - Reward: -200.000, Length: 200, Loss: 3.4578, Entropy: 1.0943, Epsilon: 0.223
2026-03-29 20:47:11 | INFO | Episode  315 - Reward: -200.000, Length: 200, Loss: 1.9209, Entropy: 1.0961, Epsilon: 0.220
2026-03-29 20:47:11 | INFO | Episode  316 - Reward: -200.000, Length: 200, Loss: 0.8003, Entropy: 1.0953, Epsilon: 0.218
2026-03-29 20:47:12 | INFO | Episode  317 - Reward: -200.000, Length: 200, Loss: 2.9204, Entropy: 1.0966, Epsilon: 0.215
2026-03-29 20:47:12 | INFO | Episode  318 - Reward: -200.000, Length: 200, Loss: 2.1345, Entropy: 1.0907, Epsilon: 0.213
2026-03-29 20:47:13 | INFO | Episode  319 - Reward: -200.000, Length: 200, Loss: 3.3931, Entropy: 1.0850, Epsilon: 0.210
2026-03-29 20:47:14 | INFO | Episode  320 - Reward: -200.000, Length: 200, Loss: 13.8623, Entropy: 1.0568, Epsilon: 0.208
2026-03-29 20:47:14 | INFO | Episode  321 - Reward: -200.000, Length: 200, Loss: 1.9990, Entropy: 1.0931, Epsilon: 0.206
2026-03-29 20:47:15 | INFO | Episode  322 - Reward: -200.000, Length: 200, Loss: 1.1866, Entropy: 1.0963, Epsilon: 0.203
2026-03-29 20:47:15 | INFO | Episode  323 - Reward: -200.000, Length: 200, Loss: 1.2234, Entropy: 1.0984, Epsilon: 0.201
2026-03-29 20:47:16 | INFO | Episode  324 - Reward: -200.000, Length: 200, Loss: 1.6737, Entropy: 1.0965, Epsilon: 0.198
2026-03-29 20:47:16 | INFO | Episode  325 - Reward: -200.000, Length: 200, Loss: 1.5873, Entropy: 1.0964, Epsilon: 0.196
2026-03-29 20:47:17 | INFO | Episode  326 - Reward: -200.000, Length: 200, Loss: 1.2119, Entropy: 1.0938, Epsilon: 0.193
2026-03-29 20:47:17 | INFO | Episode  327 - Reward: -200.000, Length: 200, Loss: 1.4598, Entropy: 1.0970, Epsilon: 0.191
2026-03-29 20:47:18 | INFO | Episode  328 - Reward: -200.000, Length: 200, Loss: 1.1476, Entropy: 1.0972, Epsilon: 0.188
2026-03-29 20:47:18 | INFO | Episode  329 - Reward: -200.000, Length: 200, Loss: 1.2780, Entropy: 1.0971, Epsilon: 0.186
2026-03-29 20:47:19 | INFO | Episode  330 - Reward: -200.000, Length: 200, Loss: 0.3820, Entropy: 1.0978, Epsilon: 0.183
2026-03-29 20:47:19 | INFO | Episode  331 - Reward: -200.000, Length: 200, Loss: 1.7838, Entropy: 1.0963, Epsilon: 0.181
2026-03-29 20:47:20 | INFO | Episode  332 - Reward: -200.000, Length: 200, Loss: 2.0939, Entropy: 1.0940, Epsilon: 0.178
2026-03-29 20:47:20 | INFO | Episode  333 - Reward: -200.000, Length: 200, Loss: 1.5013, Entropy: 1.0978, Epsilon: 0.176
2026-03-29 20:47:21 | INFO | Episode  334 - Reward: -200.000, Length: 200, Loss: 3.1836, Entropy: 1.0853, Epsilon: 0.173
2026-03-29 20:47:21 | INFO | Episode  335 - Reward: -200.000, Length: 200, Loss: 2.3655, Entropy: 1.0868, Epsilon: 0.171
2026-03-29 20:47:22 | INFO | Episode  336 - Reward: -200.000, Length: 200, Loss: 2.4501, Entropy: 1.0976, Epsilon: 0.168
2026-03-29 20:47:22 | INFO | Episode  337 - Reward: -200.000, Length: 200, Loss: 6.3113, Entropy: 1.0732, Epsilon: 0.166
2026-03-29 20:47:23 | INFO | Episode  338 - Reward: -200.000, Length: 200, Loss: 14.8226, Entropy: 1.0692, Epsilon: 0.163
2026-03-29 20:47:23 | INFO | Episode  339 - Reward: -200.000, Length: 200, Loss: 2.0158, Entropy: 1.0880, Epsilon: 0.161
2026-03-29 20:47:23 | INFO | Episode  340 - Reward: -200.000, Length: 200, Loss: 1.6130, Entropy: 1.0982, Epsilon: 0.158
2026-03-29 20:47:24 | INFO | Episode  341 - Reward: -200.000, Length: 200, Loss: 1.9278, Entropy: 1.0965, Epsilon: 0.156
2026-03-29 20:47:24 | INFO | Episode  342 - Reward: -200.000, Length: 200, Loss: 3.2615, Entropy: 1.0942, Epsilon: 0.154
2026-03-29 20:47:25 | INFO | Episode  343 - Reward: -200.000, Length: 200, Loss: 0.7270, Entropy: 1.0961, Epsilon: 0.151
2026-03-29 20:47:25 | INFO | Episode  344 - Reward: -200.000, Length: 200, Loss: 1.8993, Entropy: 1.0976, Epsilon: 0.149
2026-03-29 20:47:26 | INFO | Episode  345 - Reward: -200.000, Length: 200, Loss: 1.8811, Entropy: 1.0981, Epsilon: 0.146
2026-03-29 20:47:26 | INFO | Episode  346 - Reward: -200.000, Length: 200, Loss: 2.6948, Entropy: 1.0952, Epsilon: 0.144
2026-03-29 20:47:27 | INFO | Episode  347 - Reward: -200.000, Length: 200, Loss: 1.7267, Entropy: 1.0928, Epsilon: 0.141
2026-03-29 20:47:27 | INFO | Episode  348 - Reward: -200.000, Length: 200, Loss: 1.0863, Entropy: 1.0963, Epsilon: 0.139
2026-03-29 20:47:28 | INFO | Episode  349 - Reward: -200.000, Length: 200, Loss: 2.7271, Entropy: 1.0897, Epsilon: 0.136
2026-03-29 20:47:28 | INFO | Episode  350 - Reward: -200.000, Length: 200, Loss: 1.1845, Entropy: 1.0974, Epsilon: 0.134
2026-03-29 20:47:34 | INFO | [Episode  350] eps=0.134  avg_reward=-200.000  avg_length=200.00  avg_loss=  2.5235  avg_entropy=1.0974  eval_success=0.000
2026-03-29 20:47:34 | INFO | Episode  351 - Reward: -200.000, Length: 200, Loss: 2.0108, Entropy: 1.0934, Epsilon: 0.131
2026-03-29 20:47:35 | INFO | Episode  352 - Reward: -200.000, Length: 200, Loss: 3.3411, Entropy: 1.0929, Epsilon: 0.129
2026-03-29 20:47:35 | INFO | Episode  353 - Reward: -200.000, Length: 200, Loss: 2.3816, Entropy: 1.0942, Epsilon: 0.126
2026-03-29 20:47:36 | INFO | Episode  354 - Reward: -200.000, Length: 200, Loss: 3.0600, Entropy: 1.0958, Epsilon: 0.124
2026-03-29 20:47:36 | INFO | Episode  355 - Reward: -200.000, Length: 200, Loss: 1.4064, Entropy: 1.0959, Epsilon: 0.121
2026-03-29 20:47:37 | INFO | Episode  356 - Reward: -200.000, Length: 200, Loss: 2.2851, Entropy: 1.0954, Epsilon: 0.119
2026-03-29 20:47:37 | INFO | Episode  357 - Reward: -200.000, Length: 200, Loss: 2.1724, Entropy: 1.0969, Epsilon: 0.116
2026-03-29 20:47:38 | INFO | Episode  358 - Reward: -200.000, Length: 200, Loss: 0.0908, Entropy: 1.0976, Epsilon: 0.114
2026-03-29 20:47:38 | INFO | Episode  359 - Reward: -200.000, Length: 200, Loss: 2.8626, Entropy: 1.0946, Epsilon: 0.111
2026-03-29 20:47:39 | INFO | Episode  360 - Reward: -200.000, Length: 200, Loss: 2.8871, Entropy: 1.0842, Epsilon: 0.109
2026-03-29 20:47:39 | INFO | Episode  361 - Reward: -200.000, Length: 200, Loss: 1.7460, Entropy: 1.0930, Epsilon: 0.107
2026-03-29 20:47:40 | INFO | Episode  362 - Reward: -200.000, Length: 200, Loss: 1.4238, Entropy: 1.0968, Epsilon: 0.104
2026-03-29 20:47:40 | INFO | Episode  363 - Reward: -200.000, Length: 200, Loss: 2.1007, Entropy: 1.0946, Epsilon: 0.102
2026-03-29 20:47:41 | INFO | Episode  364 - Reward: -200.000, Length: 200, Loss: 3.8097, Entropy: 1.0840, Epsilon: 0.099
2026-03-29 20:47:41 | INFO | Episode  365 - Reward: -200.000, Length: 200, Loss: 2.4289, Entropy: 1.0934, Epsilon: 0.097
2026-03-29 20:47:42 | INFO | Episode  366 - Reward: -200.000, Length: 200, Loss: 4.1095, Entropy: 1.0926, Epsilon: 0.094
2026-03-29 20:47:42 | INFO | Episode  367 - Reward: -200.000, Length: 200, Loss: 2.7757, Entropy: 1.0943, Epsilon: 0.092
2026-03-29 20:47:43 | INFO | Episode  368 - Reward: -200.000, Length: 200, Loss: 1.5396, Entropy: 1.0973, Epsilon: 0.089
2026-03-29 20:47:43 | INFO | Episode  369 - Reward: -200.000, Length: 200, Loss: 1.8359, Entropy: 1.0910, Epsilon: 0.087
2026-03-29 20:47:44 | INFO | Episode  370 - Reward: -200.000, Length: 200, Loss: 2.4268, Entropy: 1.0935, Epsilon: 0.084
2026-03-29 20:47:44 | INFO | Episode  371 - Reward: -200.000, Length: 200, Loss: 1.9606, Entropy: 1.0925, Epsilon: 0.082
2026-03-29 20:47:45 | INFO | Episode  372 - Reward: -200.000, Length: 200, Loss: 1.7491, Entropy: 1.0941, Epsilon: 0.079
2026-03-29 20:47:46 | INFO | Episode  373 - Reward: -200.000, Length: 200, Loss: 2.5061, Entropy: 1.0825, Epsilon: 0.077
2026-03-29 20:47:47 | INFO | Episode  374 - Reward: -200.000, Length: 200, Loss: 2.0314, Entropy: 1.0925, Epsilon: 0.074
2026-03-29 20:47:48 | INFO | Episode  375 - Reward: -200.000, Length: 200, Loss: 2.0608, Entropy: 1.0917, Epsilon: 0.072
2026-03-29 20:47:48 | INFO | Episode  376 - Reward: -200.000, Length: 200, Loss: 1.5289, Entropy: 1.0931, Epsilon: 0.069
2026-03-29 20:47:49 | INFO | Episode  377 - Reward: -200.000, Length: 200, Loss: 3.1846, Entropy: 1.0844, Epsilon: 0.067
2026-03-29 20:47:50 | INFO | Episode  378 - Reward: -200.000, Length: 200, Loss: 2.5988, Entropy: 1.0829, Epsilon: 0.064
2026-03-29 20:47:51 | INFO | Episode  379 - Reward: -200.000, Length: 200, Loss: 2.4442, Entropy: 1.0898, Epsilon: 0.062
2026-03-29 20:47:51 | INFO | Episode  380 - Reward: -200.000, Length: 200, Loss: 1.5132, Entropy: 1.0960, Epsilon: 0.059
2026-03-29 20:47:52 | INFO | Episode  381 - Reward: -200.000, Length: 200, Loss: 0.8008, Entropy: 1.0946, Epsilon: 0.057
2026-03-29 20:47:53 | INFO | Episode  382 - Reward: -200.000, Length: 200, Loss: 1.7881, Entropy: 1.0894, Epsilon: 0.055
2026-03-29 20:47:53 | INFO | Episode  383 - Reward: -200.000, Length: 200, Loss: 4.2805, Entropy: 1.0680, Epsilon: 0.052
2026-03-29 20:47:54 | INFO | Episode  384 - Reward: -200.000, Length: 200, Loss: 1.4295, Entropy: 1.0911, Epsilon: 0.050
2026-03-29 20:47:55 | INFO | Episode  385 - Reward: -200.000, Length: 200, Loss: 3.0663, Entropy: 1.0947, Epsilon: 0.047
2026-03-29 20:47:56 | INFO | Episode  386 - Reward: -200.000, Length: 200, Loss: 1.9534, Entropy: 1.0864, Epsilon: 0.045
2026-03-29 20:47:56 | INFO | Episode  387 - Reward: -200.000, Length: 200, Loss: 4.2679, Entropy: 1.0674, Epsilon: 0.042
2026-03-29 20:47:57 | INFO | Episode  388 - Reward: -200.000, Length: 200, Loss: 5.4670, Entropy: 1.0540, Epsilon: 0.040
2026-03-29 20:47:58 | INFO | Episode  389 - Reward: -200.000, Length: 200, Loss: 0.6540, Entropy: 1.0906, Epsilon: 0.037
2026-03-29 20:47:58 | INFO | Episode  390 - Reward: -200.000, Length: 200, Loss: 1.8887, Entropy: 1.0938, Epsilon: 0.035
2026-03-29 20:47:59 | INFO | Episode  391 - Reward: -200.000, Length: 200, Loss: 1.7236, Entropy: 1.0928, Epsilon: 0.032
2026-03-29 20:48:00 | INFO | Episode  392 - Reward: -200.000, Length: 200, Loss: 2.4313, Entropy: 1.0966, Epsilon: 0.030
2026-03-29 20:48:00 | INFO | Episode  393 - Reward: -200.000, Length: 200, Loss: 0.9975, Entropy: 1.0963, Epsilon: 0.027
2026-03-29 20:48:01 | INFO | Episode  394 - Reward: -200.000, Length: 200, Loss: 2.9371, Entropy: 1.0866, Epsilon: 0.025
2026-03-29 20:48:02 | INFO | Episode  395 - Reward: -200.000, Length: 200, Loss: 2.1796, Entropy: 1.0869, Epsilon: 0.022
2026-03-29 20:48:02 | INFO | Episode  396 - Reward: -200.000, Length: 200, Loss: 1.5346, Entropy: 1.0903, Epsilon: 0.020
2026-03-29 20:48:03 | INFO | Episode  397 - Reward: -200.000, Length: 200, Loss: 2.8509, Entropy: 1.0848, Epsilon: 0.017
2026-03-29 20:48:04 | INFO | Episode  398 - Reward: -200.000, Length: 200, Loss: 2.9494, Entropy: 1.0900, Epsilon: 0.015
2026-03-29 20:48:04 | INFO | Episode  399 - Reward: -200.000, Length: 200, Loss: 1.9664, Entropy: 1.0815, Epsilon: 0.012
2026-03-29 20:48:05 | INFO | Episode  400 - Reward: -200.000, Length: 200, Loss: 2.2287, Entropy: 1.0953, Epsilon: 0.010
2026-03-29 20:48:13 | INFO | [Episode  400] eps=0.010  avg_reward=-200.000  avg_length=200.00  avg_loss=  2.3133  avg_entropy=1.0953  eval_success=0.000
2026-03-29 20:48:14 | INFO | Episode  401 - Reward: -200.000, Length: 200, Loss: 1.0662, Entropy: 1.0832, Epsilon: 0.010
2026-03-29 20:48:15 | INFO | Episode  402 - Reward: -200.000, Length: 200, Loss: 3.8397, Entropy: 1.0460, Epsilon: 0.010
2026-03-29 20:48:16 | INFO | Episode  403 - Reward: -200.000, Length: 200, Loss: 5.4110, Entropy: 1.0525, Epsilon: 0.010
2026-03-29 20:48:16 | INFO | Episode  404 - Reward: -200.000, Length: 200, Loss: 1.5804, Entropy: 1.0908, Epsilon: 0.010
2026-03-29 20:48:17 | INFO | Episode  405 - Reward: -200.000, Length: 200, Loss: 0.6113, Entropy: 1.0975, Epsilon: 0.010
2026-03-29 20:48:18 | INFO | Episode  406 - Reward: -200.000, Length: 200, Loss: 1.8522, Entropy: 1.0916, Epsilon: 0.010
2026-03-29 20:48:19 | INFO | Episode  407 - Reward: -200.000, Length: 200, Loss: 2.5414, Entropy: 1.0827, Epsilon: 0.010
2026-03-29 20:48:20 | INFO | Episode  408 - Reward: -200.000, Length: 200, Loss: 2.1138, Entropy: 1.0857, Epsilon: 0.010
2026-03-29 20:48:20 | INFO | Episode  409 - Reward: -200.000, Length: 200, Loss: 2.4372, Entropy: 1.0936, Epsilon: 0.010
2026-03-29 20:48:21 | INFO | Episode  410 - Reward: -200.000, Length: 200, Loss: 1.3894, Entropy: 1.0974, Epsilon: 0.010
2026-03-29 20:48:22 | INFO | Episode  411 - Reward: -200.000, Length: 200, Loss: 1.8103, Entropy: 1.0839, Epsilon: 0.010
2026-03-29 20:48:22 | INFO | Episode  412 - Reward: -200.000, Length: 200, Loss: 3.5083, Entropy: 1.0839, Epsilon: 0.010
2026-03-29 20:48:23 | INFO | Episode  413 - Reward: -200.000, Length: 200, Loss: 1.2594, Entropy: 1.0936, Epsilon: 0.010
2026-03-29 20:48:24 | INFO | Episode  414 - Reward: -200.000, Length: 200, Loss: 2.7468, Entropy: 1.0852, Epsilon: 0.010
2026-03-29 20:48:25 | INFO | Episode  415 - Reward: -200.000, Length: 200, Loss: 1.9267, Entropy: 1.0734, Epsilon: 0.010
2026-03-29 20:48:25 | INFO | Episode  416 - Reward: -200.000, Length: 200, Loss: 2.7883, Entropy: 1.0913, Epsilon: 0.010
2026-03-29 20:48:26 | INFO | Episode  417 - Reward: -200.000, Length: 200, Loss: 1.1344, Entropy: 1.0960, Epsilon: 0.010
2026-03-29 20:48:27 | INFO | Episode  418 - Reward: -200.000, Length: 200, Loss: 2.0011, Entropy: 1.0957, Epsilon: 0.010
2026-03-29 20:48:28 | INFO | Episode  419 - Reward: -200.000, Length: 200, Loss: 2.5359, Entropy: 1.0714, Epsilon: 0.010
2026-03-29 20:48:29 | INFO | Episode  420 - Reward: -200.000, Length: 200, Loss: 3.7069, Entropy: 1.0660, Epsilon: 0.010
2026-03-29 20:48:30 | INFO | Episode  421 - Reward: -200.000, Length: 200, Loss: 1.7667, Entropy: 1.0878, Epsilon: 0.010
2026-03-29 20:48:31 | INFO | Episode  422 - Reward: -200.000, Length: 200, Loss: 3.8246, Entropy: 1.0771, Epsilon: 0.010
2026-03-29 20:48:32 | INFO | Episode  423 - Reward: -200.000, Length: 200, Loss: 1.7151, Entropy: 1.0831, Epsilon: 0.010
2026-03-29 20:48:32 | INFO | Episode  424 - Reward: -200.000, Length: 200, Loss: 2.1050, Entropy: 1.0955, Epsilon: 0.010
2026-03-29 20:48:33 | INFO | Episode  425 - Reward: -200.000, Length: 200, Loss: 2.1513, Entropy: 1.0917, Epsilon: 0.010
2026-03-29 20:48:34 | INFO | Episode  426 - Reward: -200.000, Length: 200, Loss: 1.2557, Entropy: 1.0825, Epsilon: 0.010
2026-03-29 20:48:34 | INFO | Episode  427 - Reward: -200.000, Length: 200, Loss: 3.3567, Entropy: 1.0754, Epsilon: 0.010
2026-03-29 20:48:35 | INFO | Episode  428 - Reward: -200.000, Length: 200, Loss: 4.1380, Entropy: 1.0759, Epsilon: 0.010
2026-03-29 20:48:36 | INFO | Episode  429 - Reward: -200.000, Length: 200, Loss: 1.2044, Entropy: 1.0835, Epsilon: 0.010
2026-03-29 20:48:37 | INFO | Episode  430 - Reward: -200.000, Length: 200, Loss: 2.2179, Entropy: 1.0808, Epsilon: 0.010
2026-03-29 20:48:37 | INFO | Episode  431 - Reward: -200.000, Length: 200, Loss: 1.1130, Entropy: 1.0866, Epsilon: 0.010
2026-03-29 20:48:38 | INFO | Episode  432 - Reward: -200.000, Length: 200, Loss: 2.0078, Entropy: 1.0815, Epsilon: 0.010
2026-03-29 20:48:39 | INFO | Episode  433 - Reward: -200.000, Length: 200, Loss: 2.9198, Entropy: 1.0861, Epsilon: 0.010
2026-03-29 20:48:39 | INFO | Episode  434 - Reward: -200.000, Length: 200, Loss: 2.0651, Entropy: 1.0882, Epsilon: 0.010
2026-03-29 20:48:40 | INFO | Episode  435 - Reward: -200.000, Length: 200, Loss: 1.7852, Entropy: 1.0877, Epsilon: 0.010
2026-03-29 20:48:41 | INFO | Episode  436 - Reward: -200.000, Length: 200, Loss: 3.4318, Entropy: 1.0743, Epsilon: 0.010
2026-03-29 20:48:42 | INFO | Episode  437 - Reward: -200.000, Length: 200, Loss: 2.3416, Entropy: 1.0894, Epsilon: 0.010
2026-03-29 20:48:42 | INFO | Episode  438 - Reward: -200.000, Length: 200, Loss: 2.0421, Entropy: 1.0876, Epsilon: 0.010
2026-03-29 20:48:43 | INFO | Episode  439 - Reward: -200.000, Length: 200, Loss: 1.4766, Entropy: 1.0856, Epsilon: 0.010
2026-03-29 20:48:44 | INFO | Episode  440 - Reward: -200.000, Length: 200, Loss: 2.4181, Entropy: 1.0891, Epsilon: 0.010
2026-03-29 20:48:45 | INFO | Episode  441 - Reward: -200.000, Length: 200, Loss: 2.1744, Entropy: 1.0824, Epsilon: 0.010
2026-03-29 20:48:45 | INFO | Episode  442 - Reward: -200.000, Length: 200, Loss: 1.5992, Entropy: 1.0682, Epsilon: 0.010
2026-03-29 20:48:46 | INFO | Episode  443 - Reward: -200.000, Length: 200, Loss: 3.6971, Entropy: 1.0861, Epsilon: 0.010
2026-03-29 20:48:47 | INFO | Episode  444 - Reward: -200.000, Length: 200, Loss: 1.2585, Entropy: 1.0895, Epsilon: 0.010
2026-03-29 20:48:48 | INFO | Episode  445 - Reward: -200.000, Length: 200, Loss: 1.4681, Entropy: 1.0817, Epsilon: 0.010
2026-03-29 20:48:48 | INFO | Episode  446 - Reward: -200.000, Length: 200, Loss: 1.1081, Entropy: 1.0801, Epsilon: 0.010
2026-03-29 20:48:49 | INFO | Episode  447 - Reward: -200.000, Length: 200, Loss: 2.5209, Entropy: 1.0884, Epsilon: 0.010
2026-03-29 20:48:50 | INFO | Episode  448 - Reward: -200.000, Length: 200, Loss: 1.7184, Entropy: 1.0913, Epsilon: 0.010
2026-03-29 20:48:50 | INFO | Episode  449 - Reward: -200.000, Length: 200, Loss: 1.6025, Entropy: 1.0777, Epsilon: 0.010
2026-03-29 20:48:51 | INFO | Episode  450 - Reward: -200.000, Length: 200, Loss: 2.2580, Entropy: 1.0748, Epsilon: 0.010
2026-03-29 20:48:58 | INFO | [Episode  450] eps=0.010  avg_reward=-200.000  avg_length=200.00  avg_loss=  2.2201  avg_entropy=1.0748  eval_success=0.000
2026-03-29 20:48:59 | INFO | Episode  451 - Reward: -200.000, Length: 200, Loss: 1.4230, Entropy: 1.0897, Epsilon: 0.010
2026-03-29 20:48:59 | INFO | Episode  452 - Reward: -200.000, Length: 200, Loss: 2.8392, Entropy: 1.0766, Epsilon: 0.010
2026-03-29 20:49:00 | INFO | Episode  453 - Reward: -200.000, Length: 200, Loss: 3.3501, Entropy: 1.0277, Epsilon: 0.010
2026-03-29 20:49:00 | INFO | Episode  454 - Reward: -200.000, Length: 200, Loss: 0.7100, Entropy: 1.0938, Epsilon: 0.010
2026-03-29 20:49:01 | INFO | Episode  455 - Reward: -200.000, Length: 200, Loss: 1.0914, Entropy: 1.0973, Epsilon: 0.010
2026-03-29 20:49:01 | INFO | Episode  456 - Reward: -200.000, Length: 200, Loss: 1.9740, Entropy: 1.0894, Epsilon: 0.010
2026-03-29 20:49:02 | INFO | Episode  457 - Reward: -200.000, Length: 200, Loss: 1.2973, Entropy: 1.0854, Epsilon: 0.010
2026-03-29 20:49:02 | INFO | Episode  458 - Reward: -200.000, Length: 200, Loss: 1.8354, Entropy: 1.0938, Epsilon: 0.010
2026-03-29 20:49:03 | INFO | Episode  459 - Reward: -200.000, Length: 200, Loss: 1.2875, Entropy: 1.0868, Epsilon: 0.010
2026-03-29 20:49:03 | INFO | Episode  460 - Reward: -200.000, Length: 200, Loss: 2.6728, Entropy: 1.0967, Epsilon: 0.010
2026-03-29 20:49:04 | INFO | Episode  461 - Reward: -200.000, Length: 200, Loss: 3.7930, Entropy: 1.0602, Epsilon: 0.010
2026-03-29 20:49:04 | INFO | Episode  462 - Reward: -200.000, Length: 200, Loss: 2.0342, Entropy: 1.0611, Epsilon: 0.010
2026-03-29 20:49:05 | INFO | Episode  463 - Reward: -200.000, Length: 200, Loss: 3.0104, Entropy: 1.0413, Epsilon: 0.010
2026-03-29 20:49:05 | INFO | Episode  464 - Reward: -200.000, Length: 200, Loss: 2.6084, Entropy: 1.0849, Epsilon: 0.010
2026-03-29 20:49:06 | INFO | Episode  465 - Reward: -200.000, Length: 200, Loss: 1.8519, Entropy: 1.0900, Epsilon: 0.010
2026-03-29 20:49:06 | INFO | Episode  466 - Reward: -200.000, Length: 200, Loss: 1.6058, Entropy: 1.0690, Epsilon: 0.010
2026-03-29 20:49:07 | INFO | Episode  467 - Reward: -200.000, Length: 200, Loss: 2.9145, Entropy: 1.0581, Epsilon: 0.010
2026-03-29 20:49:07 | INFO | Episode  468 - Reward: -200.000, Length: 200, Loss: 3.9126, Entropy: 1.0401, Epsilon: 0.010
2026-03-29 20:49:08 | INFO | Episode  469 - Reward: -200.000, Length: 200, Loss: 2.4571, Entropy: 1.0946, Epsilon: 0.010
2026-03-29 20:49:08 | INFO | Episode  470 - Reward: -200.000, Length: 200, Loss: 3.4547, Entropy: 1.0904, Epsilon: 0.010
2026-03-29 20:49:09 | INFO | Episode  471 - Reward: -200.000, Length: 200, Loss: 1.3175, Entropy: 1.0941, Epsilon: 0.010
2026-03-29 20:49:09 | INFO | Episode  472 - Reward: -200.000, Length: 200, Loss: 1.5688, Entropy: 1.0943, Epsilon: 0.010
2026-03-29 20:49:10 | INFO | Episode  473 - Reward: -200.000, Length: 200, Loss: 1.1970, Entropy: 1.0971, Epsilon: 0.010
2026-03-29 20:49:10 | INFO | Episode  474 - Reward: -200.000, Length: 200, Loss: 3.4903, Entropy: 1.0526, Epsilon: 0.010
2026-03-29 20:49:11 | INFO | Episode  475 - Reward: -200.000, Length: 200, Loss: 6.4845, Entropy: 0.9906, Epsilon: 0.010
2026-03-29 20:49:11 | INFO | Episode  476 - Reward: -200.000, Length: 200, Loss: 0.7081, Entropy: 1.0733, Epsilon: 0.010
2026-03-29 20:49:12 | INFO | Episode  477 - Reward: -200.000, Length: 200, Loss: 0.0239, Entropy: 1.0895, Epsilon: 0.010
2026-03-29 20:49:12 | INFO | Episode  478 - Reward: -200.000, Length: 200, Loss: 1.9197, Entropy: 1.0898, Epsilon: 0.010
2026-03-29 20:49:13 | INFO | Episode  479 - Reward: -200.000, Length: 200, Loss: 0.8379, Entropy: 1.0912, Epsilon: 0.010
2026-03-29 20:49:13 | INFO | Episode  480 - Reward: -200.000, Length: 200, Loss: 1.0295, Entropy: 1.0982, Epsilon: 0.010
2026-03-29 20:49:14 | INFO | Episode  481 - Reward: -200.000, Length: 200, Loss: 2.6274, Entropy: 1.0625, Epsilon: 0.010
2026-03-29 20:49:14 | INFO | Episode  482 - Reward: -200.000, Length: 200, Loss: 4.7192, Entropy: 1.0126, Epsilon: 0.010
2026-03-29 20:49:15 | INFO | Episode  483 - Reward: -200.000, Length: 200, Loss: 3.5895, Entropy: 1.0390, Epsilon: 0.010
2026-03-29 20:49:15 | INFO | Episode  484 - Reward: -200.000, Length: 200, Loss: 0.9626, Entropy: 1.0940, Epsilon: 0.010
2026-03-29 20:49:16 | INFO | Episode  485 - Reward: -200.000, Length: 200, Loss: 1.6266, Entropy: 1.0954, Epsilon: 0.010
2026-03-29 20:49:16 | INFO | Episode  486 - Reward: -200.000, Length: 200, Loss: 1.9981, Entropy: 1.0872, Epsilon: 0.010
2026-03-29 20:49:17 | INFO | Episode  487 - Reward: -200.000, Length: 200, Loss: 1.3874, Entropy: 1.0810, Epsilon: 0.010
2026-03-29 20:49:17 | INFO | Episode  488 - Reward: -200.000, Length: 200, Loss: 2.0619, Entropy: 1.0833, Epsilon: 0.010
2026-03-29 20:49:18 | INFO | Episode  489 - Reward: -200.000, Length: 200, Loss: 1.4123, Entropy: 1.0899, Epsilon: 0.010
2026-03-29 20:49:18 | INFO | Episode  490 - Reward: -200.000, Length: 200, Loss: 2.3305, Entropy: 1.0980, Epsilon: 0.010
2026-03-29 20:49:19 | INFO | Episode  491 - Reward: -200.000, Length: 200, Loss: 0.7850, Entropy: 1.0757, Epsilon: 0.010
2026-03-29 20:49:19 | INFO | Episode  492 - Reward: -200.000, Length: 200, Loss: 0.9104, Entropy: 1.0733, Epsilon: 0.010
2026-03-29 20:49:20 | INFO | Episode  493 - Reward: -200.000, Length: 200, Loss: 3.0465, Entropy: 1.0814, Epsilon: 0.010
2026-03-29 20:49:20 | INFO | Episode  494 - Reward: -200.000, Length: 200, Loss: 2.2957, Entropy: 1.0761, Epsilon: 0.010
2026-03-29 20:49:21 | INFO | Episode  495 - Reward: -200.000, Length: 200, Loss: 2.6461, Entropy: 1.0658, Epsilon: 0.010
2026-03-29 20:49:21 | INFO | Episode  496 - Reward: -200.000, Length: 200, Loss: 1.7124, Entropy: 1.0838, Epsilon: 0.010
2026-03-29 20:49:22 | INFO | Episode  497 - Reward: -200.000, Length: 200, Loss: 0.8199, Entropy: 1.0890, Epsilon: 0.010
2026-03-29 20:49:22 | INFO | Episode  498 - Reward: -200.000, Length: 200, Loss: 1.7729, Entropy: 1.0935, Epsilon: 0.010
2026-03-29 20:49:23 | INFO | Episode  499 - Reward: -200.000, Length: 200, Loss: 2.2326, Entropy: 1.0556, Epsilon: 0.010
2026-03-29 20:49:23 | INFO | Episode  500 - Reward: -200.000, Length: 200, Loss: 2.6866, Entropy: 1.0550, Epsilon: 0.010
2026-03-29 20:49:30 | INFO | [Episode  500] eps=0.010  avg_reward=-200.000  avg_length=200.00  avg_loss=  2.1265  avg_entropy=1.0550  eval_success=0.000
2026-03-29 20:49:30 | INFO | DQN+Entropy training: 5m 39.54s
2026-03-29 20:49:54 | INFO | [Final Eval] success=0.000, mean_reward=-200.000
