2026-03-29 16:21:48 | INFO | ============================================================
2026-03-29 16:21:48 | INFO | DEVICE / COMPUTE INFORMATION
2026-03-29 16:21:48 | INFO |   JAX backend       : CPU
2026-03-29 16:21:48 | INFO |   Platform          : cpu
2026-03-29 16:21:48 | INFO |   Num devices       : 1
2026-03-29 16:21:48 | INFO |   Device            : TFRT_CPU_0
2026-03-29 16:21:48 | INFO | ============================================================
2026-03-29 16:21:48 | INFO | DQN+Entropy | seed=8, lr=0.01, gamma=0.99, alpha=0.05
2026-03-29 16:21:48 | INFO | Env: cartpole/dense, obs_dim=4, num_actions=2
2026-03-29 16:21:50 | INFO | Episode    1 - Reward: 11.000, Length: 11, Loss: 0.0000, Entropy: 0.0000, Epsilon: 0.998
2026-03-29 16:21:51 | INFO | Episode    2 - Reward: 11.000, Length: 11, Loss: 0.0000, Entropy: 0.0000, Epsilon: 0.995
2026-03-29 16:21:52 | INFO | Episode    3 - Reward: 15.000, Length: 15, Loss: 0.0000, Entropy: 0.0000, Epsilon: 0.993
2026-03-29 16:21:53 | INFO | Episode    4 - Reward: 21.000, Length: 21, Loss: 0.0000, Entropy: 0.0000, Epsilon: 0.990
2026-03-29 16:21:54 | INFO | Episode    5 - Reward: 38.000, Length: 38, Loss: 0.0000, Entropy: 0.0000, Epsilon: 0.988
2026-03-29 16:21:54 | INFO | Episode    6 - Reward: 15.000, Length: 15, Loss: 0.0000, Entropy: 0.0000, Epsilon: 0.985
2026-03-29 16:21:55 | INFO | Episode    7 - Reward: 23.000, Length: 23, Loss: 0.0000, Entropy: 0.0000, Epsilon: 0.983
2026-03-29 16:21:56 | INFO | Episode    8 - Reward: 36.000, Length: 36, Loss: 0.0000, Entropy: 0.0000, Epsilon: 0.980
2026-03-29 16:21:57 | INFO | Episode    9 - Reward: 34.000, Length: 34, Loss: 0.0000, Entropy: 0.0000, Epsilon: 0.978
2026-03-29 16:21:58 | INFO | Episode   10 - Reward: 17.000, Length: 17, Loss: 0.0000, Entropy: 0.0000, Epsilon: 0.975
2026-03-29 16:21:59 | INFO | Episode   11 - Reward: 14.000, Length: 14, Loss: 0.0000, Entropy: 0.0000, Epsilon: 0.973
2026-03-29 16:22:00 | INFO | Episode   12 - Reward: 12.000, Length: 12, Loss: 0.0000, Entropy: 0.0000, Epsilon: 0.970
2026-03-29 16:22:02 | INFO | Episode   13 - Reward: 11.000, Length: 11, Loss: 0.9701, Entropy: 0.6928, Epsilon: 0.968
2026-03-29 16:22:03 | INFO | Episode   14 - Reward: 20.000, Length: 20, Loss: 0.8732, Entropy: 0.6929, Epsilon: 0.965
2026-03-29 16:22:04 | INFO | Episode   15 - Reward: 37.000, Length: 37, Loss: 0.7786, Entropy: 0.6930, Epsilon: 0.963
2026-03-29 16:22:05 | INFO | Episode   16 - Reward: 41.000, Length: 41, Loss: 0.7057, Entropy: 0.6929, Epsilon: 0.960
2026-03-29 16:22:06 | INFO | Episode   17 - Reward: 20.000, Length: 20, Loss: 0.6304, Entropy: 0.6929, Epsilon: 0.958
2026-03-29 16:22:06 | INFO | Episode   18 - Reward: 12.000, Length: 12, Loss: 0.5621, Entropy: 0.6927, Epsilon: 0.955
2026-03-29 16:22:07 | INFO | Episode   19 - Reward: 17.000, Length: 17, Loss: 0.4990, Entropy: 0.6926, Epsilon: 0.953
2026-03-29 16:22:08 | INFO | Episode   20 - Reward: 15.000, Length: 15, Loss: 0.4470, Entropy: 0.6925, Epsilon: 0.951
2026-03-29 16:22:08 | INFO | Episode   21 - Reward: 27.000, Length: 27, Loss: 0.3957, Entropy: 0.6924, Epsilon: 0.948
2026-03-29 16:22:09 | INFO | Episode   22 - Reward: 13.000, Length: 13, Loss: 0.3489, Entropy: 0.6923, Epsilon: 0.946
2026-03-29 16:22:10 | INFO | Episode   23 - Reward: 13.000, Length: 13, Loss: 0.3058, Entropy: 0.6922, Epsilon: 0.943
2026-03-29 16:22:11 | INFO | Episode   24 - Reward: 13.000, Length: 13, Loss: 0.2636, Entropy: 0.6920, Epsilon: 0.941
2026-03-29 16:22:11 | INFO | Episode   25 - Reward: 11.000, Length: 11, Loss: 0.2315, Entropy: 0.6919, Epsilon: 0.938
2026-03-29 16:22:12 | INFO | Episode   26 - Reward: 21.000, Length: 21, Loss: 0.2022, Entropy: 0.6918, Epsilon: 0.936
2026-03-29 16:22:13 | INFO | Episode   27 - Reward: 14.000, Length: 14, Loss: 0.9736, Entropy: 0.6918, Epsilon: 0.933
2026-03-29 16:22:14 | INFO | Episode   28 - Reward: 29.000, Length: 29, Loss: 0.8476, Entropy: 0.6917, Epsilon: 0.931
2026-03-29 16:22:14 | INFO | Episode   29 - Reward: 13.000, Length: 13, Loss: 0.7342, Entropy: 0.6915, Epsilon: 0.928
2026-03-29 16:22:15 | INFO | Episode   30 - Reward: 18.000, Length: 18, Loss: 0.6275, Entropy: 0.6912, Epsilon: 0.926
2026-03-29 16:22:16 | INFO | Episode   31 - Reward: 20.000, Length: 20, Loss: 0.5453, Entropy: 0.6909, Epsilon: 0.923
2026-03-29 16:22:16 | INFO | Episode   32 - Reward: 13.000, Length: 13, Loss: 0.4506, Entropy: 0.6907, Epsilon: 0.921
2026-03-29 16:22:17 | INFO | Episode   33 - Reward: 17.000, Length: 17, Loss: 0.3872, Entropy: 0.6906, Epsilon: 0.918
2026-03-29 16:22:18 | INFO | Episode   34 - Reward: 23.000, Length: 23, Loss: 0.3210, Entropy: 0.6905, Epsilon: 0.916
2026-03-29 16:22:18 | INFO | Episode   35 - Reward: 11.000, Length: 11, Loss: 0.2638, Entropy: 0.6906, Epsilon: 0.913
2026-03-29 16:22:19 | INFO | Episode   36 - Reward: 22.000, Length: 22, Loss: 0.2164, Entropy: 0.6907, Epsilon: 0.911
2026-03-29 16:22:20 | INFO | Episode   37 - Reward: 12.000, Length: 12, Loss: 0.1711, Entropy: 0.6908, Epsilon: 0.908
2026-03-29 16:22:20 | INFO | Episode   38 - Reward: 13.000, Length: 13, Loss: 0.1378, Entropy: 0.6909, Epsilon: 0.906
2026-03-29 16:22:21 | INFO | Episode   39 - Reward: 12.000, Length: 12, Loss: 0.1107, Entropy: 0.6911, Epsilon: 0.903
2026-03-29 16:22:22 | INFO | Episode   40 - Reward: 21.000, Length: 21, Loss: 0.0907, Entropy: 0.6912, Epsilon: 0.901
2026-03-29 16:22:23 | INFO | Episode   41 - Reward: 17.000, Length: 17, Loss: 0.0652, Entropy: 0.6913, Epsilon: 0.899
2026-03-29 16:22:24 | INFO | Episode   42 - Reward: 14.000, Length: 14, Loss: 0.0523, Entropy: 0.6913, Epsilon: 0.896
2026-03-29 16:22:25 | INFO | Episode   43 - Reward: 30.000, Length: 30, Loss: 0.0422, Entropy: 0.6914, Epsilon: 0.894
2026-03-29 16:22:26 | INFO | Episode   44 - Reward: 32.000, Length: 32, Loss: 0.0304, Entropy: 0.6915, Epsilon: 0.891
2026-03-29 16:22:27 | INFO | Episode   45 - Reward: 22.000, Length: 22, Loss: 0.0274, Entropy: 0.6916, Epsilon: 0.889
2026-03-29 16:22:28 | INFO | Episode   46 - Reward: 13.000, Length: 13, Loss: 0.0183, Entropy: 0.6917, Epsilon: 0.886
2026-03-29 16:22:29 | INFO | Episode   47 - Reward: 21.000, Length: 21, Loss: 0.0170, Entropy: 0.6918, Epsilon: 0.884
2026-03-29 16:22:30 | INFO | Episode   48 - Reward: 18.000, Length: 18, Loss: 0.0080, Entropy: 0.6919, Epsilon: 0.881
2026-03-29 16:22:31 | INFO | Episode   49 - Reward: 15.000, Length: 15, Loss: 0.0081, Entropy: 0.6920, Epsilon: 0.879
2026-03-29 16:22:32 | INFO | Episode   50 - Reward: 30.000, Length: 30, Loss: 0.0079, Entropy: 0.6920, Epsilon: 0.876
2026-03-29 16:22:35 | INFO | [Episode   50] eps=0.876  avg_reward=  19.360  avg_length= 19.36  avg_loss=  0.2674  avg_entropy=0.6920  eval_success=0.000
2026-03-29 16:22:36 | INFO | Episode   51 - Reward: 11.000, Length: 11, Loss: 0.0102, Entropy: 0.6921, Epsilon: 0.874
2026-03-29 16:22:37 | INFO | Episode   52 - Reward: 27.000, Length: 27, Loss: 0.0079, Entropy: 0.6922, Epsilon: 0.871
2026-03-29 16:22:38 | INFO | Episode   53 - Reward: 11.000, Length: 11, Loss: 0.9023, Entropy: 0.6915, Epsilon: 0.869
2026-03-29 16:22:39 | INFO | Episode   54 - Reward: 12.000, Length: 12, Loss: 0.6799, Entropy: 0.6903, Epsilon: 0.866
2026-03-29 16:22:40 | INFO | Episode   55 - Reward: 40.000, Length: 40, Loss: 0.4970, Entropy: 0.6892, Epsilon: 0.864
2026-03-29 16:22:42 | INFO | Episode   56 - Reward: 11.000, Length: 11, Loss: 0.3860, Entropy: 0.6885, Epsilon: 0.861
2026-03-29 16:22:43 | INFO | Episode   57 - Reward: 14.000, Length: 14, Loss: 0.2790, Entropy: 0.6881, Epsilon: 0.859
2026-03-29 16:22:44 | INFO | Episode   58 - Reward: 13.000, Length: 13, Loss: 0.2374, Entropy: 0.6878, Epsilon: 0.856
2026-03-29 16:22:45 | INFO | Episode   59 - Reward: 13.000, Length: 13, Loss: 0.2024, Entropy: 0.6878, Epsilon: 0.854
2026-03-29 16:22:46 | INFO | Episode   60 - Reward: 9.000, Length: 9, Loss: 0.1560, Entropy: 0.6879, Epsilon: 0.852
2026-03-29 16:22:47 | INFO | Episode   61 - Reward: 36.000, Length: 36, Loss: 0.1215, Entropy: 0.6885, Epsilon: 0.849
2026-03-29 16:22:49 | INFO | Episode   62 - Reward: 19.000, Length: 19, Loss: 0.1632, Entropy: 0.6888, Epsilon: 0.847
2026-03-29 16:22:50 | INFO | Episode   63 - Reward: 30.000, Length: 30, Loss: 0.1540, Entropy: 0.6891, Epsilon: 0.844
2026-03-29 16:22:52 | INFO | Episode   64 - Reward: 18.000, Length: 18, Loss: 0.1343, Entropy: 0.6894, Epsilon: 0.842
2026-03-29 16:22:53 | INFO | Episode   65 - Reward: 13.000, Length: 13, Loss: 0.1677, Entropy: 0.6897, Epsilon: 0.839
2026-03-29 16:22:54 | INFO | Episode   66 - Reward: 13.000, Length: 13, Loss: 0.1129, Entropy: 0.6900, Epsilon: 0.837
2026-03-29 16:22:55 | INFO | Episode   67 - Reward: 28.000, Length: 28, Loss: 0.1890, Entropy: 0.6904, Epsilon: 0.834
2026-03-29 16:22:57 | INFO | Episode   68 - Reward: 25.000, Length: 25, Loss: 0.1071, Entropy: 0.6905, Epsilon: 0.832
2026-03-29 16:22:58 | INFO | Episode   69 - Reward: 22.000, Length: 22, Loss: 0.1383, Entropy: 0.6907, Epsilon: 0.829
2026-03-29 16:22:59 | INFO | Episode   70 - Reward: 31.000, Length: 31, Loss: 0.1401, Entropy: 0.6906, Epsilon: 0.827
2026-03-29 16:22:59 | INFO | Episode   71 - Reward: 22.000, Length: 22, Loss: 0.1226, Entropy: 0.6907, Epsilon: 0.824
2026-03-29 16:23:00 | INFO | Episode   72 - Reward: 14.000, Length: 14, Loss: 0.1099, Entropy: 0.6911, Epsilon: 0.822
2026-03-29 16:23:01 | INFO | Episode   73 - Reward: 15.000, Length: 15, Loss: 0.1050, Entropy: 0.6911, Epsilon: 0.819
2026-03-29 16:23:02 | INFO | Episode   74 - Reward: 11.000, Length: 11, Loss: 0.1147, Entropy: 0.6910, Epsilon: 0.817
2026-03-29 16:23:02 | INFO | Episode   75 - Reward: 27.000, Length: 27, Loss: 0.0983, Entropy: 0.6910, Epsilon: 0.814
2026-03-29 16:23:03 | INFO | Episode   76 - Reward: 23.000, Length: 23, Loss: 0.1062, Entropy: 0.6911, Epsilon: 0.812
2026-03-29 16:23:04 | INFO | Episode   77 - Reward: 14.000, Length: 14, Loss: 0.1531, Entropy: 0.6912, Epsilon: 0.809
2026-03-29 16:23:05 | INFO | Episode   78 - Reward: 27.000, Length: 27, Loss: 0.0872, Entropy: 0.6913, Epsilon: 0.807
2026-03-29 16:23:06 | INFO | Episode   79 - Reward: 18.000, Length: 18, Loss: 0.9898, Entropy: 0.6903, Epsilon: 0.804
2026-03-29 16:23:06 | INFO | Episode   80 - Reward: 20.000, Length: 20, Loss: 0.6299, Entropy: 0.6893, Epsilon: 0.802
2026-03-29 16:23:07 | INFO | Episode   81 - Reward: 11.000, Length: 11, Loss: 0.4828, Entropy: 0.6895, Epsilon: 0.800
2026-03-29 16:23:08 | INFO | Episode   82 - Reward: 14.000, Length: 14, Loss: 0.4033, Entropy: 0.6899, Epsilon: 0.797
2026-03-29 16:23:09 | INFO | Episode   83 - Reward: 19.000, Length: 19, Loss: 0.2866, Entropy: 0.6896, Epsilon: 0.795
2026-03-29 16:23:09 | INFO | Episode   84 - Reward: 59.000, Length: 59, Loss: 0.3744, Entropy: 0.6897, Epsilon: 0.792
2026-03-29 16:23:10 | INFO | Episode   85 - Reward: 16.000, Length: 16, Loss: 0.3666, Entropy: 0.6899, Epsilon: 0.790
2026-03-29 16:23:11 | INFO | Episode   86 - Reward: 20.000, Length: 20, Loss: 0.3710, Entropy: 0.6904, Epsilon: 0.787
2026-03-29 16:23:12 | INFO | Episode   87 - Reward: 10.000, Length: 10, Loss: 0.3276, Entropy: 0.6909, Epsilon: 0.785
2026-03-29 16:23:12 | INFO | Episode   88 - Reward: 13.000, Length: 13, Loss: 0.3581, Entropy: 0.6911, Epsilon: 0.782
2026-03-29 16:23:13 | INFO | Episode   89 - Reward: 23.000, Length: 23, Loss: 0.3383, Entropy: 0.6908, Epsilon: 0.780
2026-03-29 16:23:14 | INFO | Episode   90 - Reward: 10.000, Length: 10, Loss: 0.3304, Entropy: 0.6910, Epsilon: 0.777
2026-03-29 16:23:15 | INFO | Episode   91 - Reward: 13.000, Length: 13, Loss: 0.3370, Entropy: 0.6909, Epsilon: 0.775
2026-03-29 16:23:16 | INFO | Episode   92 - Reward: 11.000, Length: 11, Loss: 0.3002, Entropy: 0.6912, Epsilon: 0.772
2026-03-29 16:23:17 | INFO | Episode   93 - Reward: 16.000, Length: 16, Loss: 0.2500, Entropy: 0.6910, Epsilon: 0.770
2026-03-29 16:23:18 | INFO | Episode   94 - Reward: 16.000, Length: 16, Loss: 0.3499, Entropy: 0.6916, Epsilon: 0.767
2026-03-29 16:23:19 | INFO | Episode   95 - Reward: 10.000, Length: 10, Loss: 0.3516, Entropy: 0.6918, Epsilon: 0.765
2026-03-29 16:23:19 | INFO | Episode   96 - Reward: 12.000, Length: 12, Loss: 0.3295, Entropy: 0.6917, Epsilon: 0.762
2026-03-29 16:23:20 | INFO | Episode   97 - Reward: 13.000, Length: 13, Loss: 0.3043, Entropy: 0.6917, Epsilon: 0.760
2026-03-29 16:23:21 | INFO | Episode   98 - Reward: 21.000, Length: 21, Loss: 0.2347, Entropy: 0.6913, Epsilon: 0.757
2026-03-29 16:23:22 | INFO | Episode   99 - Reward: 20.000, Length: 20, Loss: 0.3418, Entropy: 0.6914, Epsilon: 0.755
2026-03-29 16:23:22 | INFO | Episode  100 - Reward: 9.000, Length: 9, Loss: 0.3870, Entropy: 0.6921, Epsilon: 0.752
2026-03-29 16:23:23 | INFO | [Episode  100] eps=0.752  avg_reward=  18.460  avg_length= 18.46  avg_loss=  0.2826  avg_entropy=0.6921  eval_success=0.000
2026-03-29 16:23:24 | INFO | Episode  101 - Reward: 13.000, Length: 13, Loss: 0.3437, Entropy: 0.6921, Epsilon: 0.750
2026-03-29 16:23:25 | INFO | Episode  102 - Reward: 12.000, Length: 12, Loss: 0.4023, Entropy: 0.6924, Epsilon: 0.748
2026-03-29 16:23:26 | INFO | Episode  103 - Reward: 13.000, Length: 13, Loss: 0.3433, Entropy: 0.6925, Epsilon: 0.745
2026-03-29 16:23:26 | INFO | Episode  104 - Reward: 25.000, Length: 25, Loss: 0.3754, Entropy: 0.6922, Epsilon: 0.743
2026-03-29 16:23:27 | INFO | Episode  105 - Reward: 15.000, Length: 15, Loss: 0.2750, Entropy: 0.6919, Epsilon: 0.740
2026-03-29 16:23:28 | INFO | Episode  106 - Reward: 11.000, Length: 11, Loss: 0.2644, Entropy: 0.6919, Epsilon: 0.738
2026-03-29 16:23:29 | INFO | Episode  107 - Reward: 15.000, Length: 15, Loss: 0.3633, Entropy: 0.6920, Epsilon: 0.735
2026-03-29 16:23:29 | INFO | Episode  108 - Reward: 33.000, Length: 33, Loss: 0.3304, Entropy: 0.6921, Epsilon: 0.733
2026-03-29 16:23:30 | INFO | Episode  109 - Reward: 13.000, Length: 13, Loss: 1.0282, Entropy: 0.6913, Epsilon: 0.730
2026-03-29 16:23:31 | INFO | Episode  110 - Reward: 12.000, Length: 12, Loss: 0.6578, Entropy: 0.6897, Epsilon: 0.728
2026-03-29 16:23:32 | INFO | Episode  111 - Reward: 13.000, Length: 13, Loss: 0.6903, Entropy: 0.6906, Epsilon: 0.725
2026-03-29 16:23:32 | INFO | Episode  112 - Reward: 17.000, Length: 17, Loss: 0.5530, Entropy: 0.6912, Epsilon: 0.723
2026-03-29 16:23:33 | INFO | Episode  113 - Reward: 24.000, Length: 24, Loss: 0.6176, Entropy: 0.6916, Epsilon: 0.720
2026-03-29 16:23:34 | INFO | Episode  114 - Reward: 33.000, Length: 33, Loss: 0.6749, Entropy: 0.6921, Epsilon: 0.718
2026-03-29 16:23:35 | INFO | Episode  115 - Reward: 14.000, Length: 14, Loss: 0.5444, Entropy: 0.6919, Epsilon: 0.715
2026-03-29 16:23:35 | INFO | Episode  116 - Reward: 43.000, Length: 43, Loss: 0.5180, Entropy: 0.6927, Epsilon: 0.713
2026-03-29 16:23:36 | INFO | Episode  117 - Reward: 37.000, Length: 37, Loss: 0.5252, Entropy: 0.6928, Epsilon: 0.710
2026-03-29 16:23:37 | INFO | Episode  118 - Reward: 13.000, Length: 13, Loss: 0.5691, Entropy: 0.6928, Epsilon: 0.708
2026-03-29 16:23:38 | INFO | Episode  119 - Reward: 11.000, Length: 11, Loss: 0.5310, Entropy: 0.6927, Epsilon: 0.705
2026-03-29 16:23:38 | INFO | Episode  120 - Reward: 14.000, Length: 14, Loss: 0.7252, Entropy: 0.6927, Epsilon: 0.703
2026-03-29 16:23:39 | INFO | Episode  121 - Reward: 9.000, Length: 9, Loss: 0.5661, Entropy: 0.6926, Epsilon: 0.701
2026-03-29 16:23:40 | INFO | Episode  122 - Reward: 16.000, Length: 16, Loss: 0.5239, Entropy: 0.6925, Epsilon: 0.698
2026-03-29 16:23:41 | INFO | Episode  123 - Reward: 36.000, Length: 36, Loss: 0.5734, Entropy: 0.6923, Epsilon: 0.696
2026-03-29 16:23:41 | INFO | Episode  124 - Reward: 13.000, Length: 13, Loss: 0.6204, Entropy: 0.6925, Epsilon: 0.693
2026-03-29 16:23:42 | INFO | Episode  125 - Reward: 13.000, Length: 13, Loss: 0.4747, Entropy: 0.6920, Epsilon: 0.691
2026-03-29 16:23:43 | INFO | Episode  126 - Reward: 10.000, Length: 10, Loss: 0.3671, Entropy: 0.6916, Epsilon: 0.688
2026-03-29 16:23:44 | INFO | Episode  127 - Reward: 11.000, Length: 11, Loss: 0.6103, Entropy: 0.6919, Epsilon: 0.686
2026-03-29 16:23:44 | INFO | Episode  128 - Reward: 24.000, Length: 24, Loss: 0.6149, Entropy: 0.6924, Epsilon: 0.683
2026-03-29 16:23:45 | INFO | Episode  129 - Reward: 18.000, Length: 18, Loss: 0.5653, Entropy: 0.6922, Epsilon: 0.681
2026-03-29 16:23:46 | INFO | Episode  130 - Reward: 11.000, Length: 11, Loss: 0.5562, Entropy: 0.6923, Epsilon: 0.678
2026-03-29 16:23:47 | INFO | Episode  131 - Reward: 29.000, Length: 29, Loss: 0.5853, Entropy: 0.6926, Epsilon: 0.676
2026-03-29 16:23:48 | INFO | Episode  132 - Reward: 13.000, Length: 13, Loss: 0.5060, Entropy: 0.6928, Epsilon: 0.673
2026-03-29 16:23:48 | INFO | Episode  133 - Reward: 21.000, Length: 21, Loss: 0.6198, Entropy: 0.6928, Epsilon: 0.671
2026-03-29 16:23:49 | INFO | Episode  134 - Reward: 15.000, Length: 15, Loss: 0.4832, Entropy: 0.6927, Epsilon: 0.668
2026-03-29 16:23:50 | INFO | Episode  135 - Reward: 10.000, Length: 10, Loss: 1.0959, Entropy: 0.6920, Epsilon: 0.666
2026-03-29 16:23:51 | INFO | Episode  136 - Reward: 14.000, Length: 14, Loss: 0.9702, Entropy: 0.6917, Epsilon: 0.663
2026-03-29 16:23:51 | INFO | Episode  137 - Reward: 9.000, Length: 9, Loss: 0.6048, Entropy: 0.6921, Epsilon: 0.661
2026-03-29 16:23:52 | INFO | Episode  138 - Reward: 28.000, Length: 28, Loss: 0.7776, Entropy: 0.6925, Epsilon: 0.658
2026-03-29 16:23:53 | INFO | Episode  139 - Reward: 9.000, Length: 9, Loss: 0.7500, Entropy: 0.6926, Epsilon: 0.656
2026-03-29 16:23:54 | INFO | Episode  140 - Reward: 22.000, Length: 22, Loss: 0.7614, Entropy: 0.6929, Epsilon: 0.653
2026-03-29 16:23:54 | INFO | Episode  141 - Reward: 15.000, Length: 15, Loss: 0.5888, Entropy: 0.6929, Epsilon: 0.651
2026-03-29 16:23:55 | INFO | Episode  142 - Reward: 17.000, Length: 17, Loss: 0.6672, Entropy: 0.6927, Epsilon: 0.649
2026-03-29 16:23:56 | INFO | Episode  143 - Reward: 12.000, Length: 12, Loss: 0.8407, Entropy: 0.6924, Epsilon: 0.646
2026-03-29 16:23:57 | INFO | Episode  144 - Reward: 14.000, Length: 14, Loss: 0.9485, Entropy: 0.6920, Epsilon: 0.644
2026-03-29 16:23:57 | INFO | Episode  145 - Reward: 9.000, Length: 9, Loss: 0.7925, Entropy: 0.6924, Epsilon: 0.641
2026-03-29 16:23:58 | INFO | Episode  146 - Reward: 10.000, Length: 10, Loss: 0.8734, Entropy: 0.6927, Epsilon: 0.639
2026-03-29 16:23:59 | INFO | Episode  147 - Reward: 9.000, Length: 9, Loss: 0.6221, Entropy: 0.6928, Epsilon: 0.636
2026-03-29 16:24:00 | INFO | Episode  148 - Reward: 17.000, Length: 17, Loss: 0.7385, Entropy: 0.6927, Epsilon: 0.634
2026-03-29 16:24:00 | INFO | Episode  149 - Reward: 13.000, Length: 13, Loss: 0.6417, Entropy: 0.6926, Epsilon: 0.631
2026-03-29 16:24:01 | INFO | Episode  150 - Reward: 15.000, Length: 15, Loss: 0.6256, Entropy: 0.6926, Epsilon: 0.629
2026-03-29 16:24:02 | INFO | [Episode  150] eps=0.629  avg_reward=  16.860  avg_length= 16.86  avg_loss=  0.6060  avg_entropy=0.6926  eval_success=0.000
2026-03-29 16:24:02 | INFO | Episode  151 - Reward: 15.000, Length: 15, Loss: 0.9529, Entropy: 0.6925, Epsilon: 0.626
2026-03-29 16:24:03 | INFO | Episode  152 - Reward: 15.000, Length: 15, Loss: 0.8376, Entropy: 0.6925, Epsilon: 0.624
2026-03-29 16:24:04 | INFO | Episode  153 - Reward: 10.000, Length: 10, Loss: 0.8691, Entropy: 0.6925, Epsilon: 0.621
2026-03-29 16:24:04 | INFO | Episode  154 - Reward: 9.000, Length: 9, Loss: 0.6406, Entropy: 0.6924, Epsilon: 0.619
2026-03-29 16:24:05 | INFO | Episode  155 - Reward: 15.000, Length: 15, Loss: 0.7805, Entropy: 0.6921, Epsilon: 0.616
2026-03-29 16:24:06 | INFO | Episode  156 - Reward: 12.000, Length: 12, Loss: 0.6303, Entropy: 0.6916, Epsilon: 0.614
2026-03-29 16:24:07 | INFO | Episode  157 - Reward: 13.000, Length: 13, Loss: 0.9001, Entropy: 0.6917, Epsilon: 0.611
2026-03-29 16:24:07 | INFO | Episode  158 - Reward: 19.000, Length: 19, Loss: 1.0212, Entropy: 0.6923, Epsilon: 0.609
2026-03-29 16:24:08 | INFO | Episode  159 - Reward: 10.000, Length: 10, Loss: 0.7534, Entropy: 0.6922, Epsilon: 0.606
2026-03-29 16:24:09 | INFO | Episode  160 - Reward: 10.000, Length: 10, Loss: 0.9127, Entropy: 0.6919, Epsilon: 0.604
2026-03-29 16:24:10 | INFO | Episode  161 - Reward: 22.000, Length: 22, Loss: 0.9152, Entropy: 0.6920, Epsilon: 0.602
2026-03-29 16:24:10 | INFO | Episode  162 - Reward: 16.000, Length: 16, Loss: 0.8075, Entropy: 0.6915, Epsilon: 0.599
2026-03-29 16:24:11 | INFO | Episode  163 - Reward: 15.000, Length: 15, Loss: 0.8682, Entropy: 0.6912, Epsilon: 0.597
2026-03-29 16:24:12 | INFO | Episode  164 - Reward: 18.000, Length: 18, Loss: 0.8135, Entropy: 0.6917, Epsilon: 0.594
2026-03-29 16:24:13 | INFO | Episode  165 - Reward: 13.000, Length: 13, Loss: 0.7474, Entropy: 0.6923, Epsilon: 0.592
2026-03-29 16:24:13 | INFO | Episode  166 - Reward: 18.000, Length: 18, Loss: 0.6786, Entropy: 0.6921, Epsilon: 0.589
2026-03-29 16:24:14 | INFO | Episode  167 - Reward: 14.000, Length: 14, Loss: 0.7275, Entropy: 0.6923, Epsilon: 0.587
2026-03-29 16:24:15 | INFO | Episode  168 - Reward: 19.000, Length: 19, Loss: 0.7436, Entropy: 0.6924, Epsilon: 0.584
2026-03-29 16:24:16 | INFO | Episode  169 - Reward: 12.000, Length: 12, Loss: 0.5953, Entropy: 0.6924, Epsilon: 0.582
2026-03-29 16:24:17 | INFO | Episode  170 - Reward: 11.000, Length: 11, Loss: 1.3462, Entropy: 0.6923, Epsilon: 0.579
2026-03-29 16:24:17 | INFO | Episode  171 - Reward: 10.000, Length: 10, Loss: 1.0058, Entropy: 0.6923, Epsilon: 0.577
2026-03-29 16:24:18 | INFO | Episode  172 - Reward: 10.000, Length: 10, Loss: 1.0778, Entropy: 0.6922, Epsilon: 0.574
2026-03-29 16:24:19 | INFO | Episode  173 - Reward: 27.000, Length: 27, Loss: 1.0987, Entropy: 0.6916, Epsilon: 0.572
2026-03-29 16:24:20 | INFO | Episode  174 - Reward: 10.000, Length: 10, Loss: 0.8705, Entropy: 0.6920, Epsilon: 0.569
2026-03-29 16:24:21 | INFO | Episode  175 - Reward: 11.000, Length: 11, Loss: 0.9088, Entropy: 0.6915, Epsilon: 0.567
2026-03-29 16:24:21 | INFO | Episode  176 - Reward: 12.000, Length: 12, Loss: 0.9108, Entropy: 0.6909, Epsilon: 0.564
2026-03-29 16:24:22 | INFO | Episode  177 - Reward: 10.000, Length: 10, Loss: 1.1399, Entropy: 0.6905, Epsilon: 0.562
2026-03-29 16:24:23 | INFO | Episode  178 - Reward: 15.000, Length: 15, Loss: 1.1092, Entropy: 0.6905, Epsilon: 0.559
2026-03-29 16:24:24 | INFO | Episode  179 - Reward: 17.000, Length: 17, Loss: 1.1290, Entropy: 0.6917, Epsilon: 0.557
2026-03-29 16:24:26 | INFO | Episode  180 - Reward: 14.000, Length: 14, Loss: 1.1679, Entropy: 0.6917, Epsilon: 0.554
2026-03-29 16:24:27 | INFO | Episode  181 - Reward: 10.000, Length: 10, Loss: 0.9599, Entropy: 0.6919, Epsilon: 0.552
2026-03-29 16:24:28 | INFO | Episode  182 - Reward: 16.000, Length: 16, Loss: 1.0754, Entropy: 0.6916, Epsilon: 0.550
2026-03-29 16:24:29 | INFO | Episode  183 - Reward: 17.000, Length: 17, Loss: 1.0104, Entropy: 0.6918, Epsilon: 0.547
2026-03-29 16:24:30 | INFO | Episode  184 - Reward: 22.000, Length: 22, Loss: 0.8125, Entropy: 0.6920, Epsilon: 0.545
2026-03-29 16:24:31 | INFO | Episode  185 - Reward: 10.000, Length: 10, Loss: 0.9868, Entropy: 0.6917, Epsilon: 0.542
2026-03-29 16:24:33 | INFO | Episode  186 - Reward: 13.000, Length: 13, Loss: 0.9610, Entropy: 0.6912, Epsilon: 0.540
2026-03-29 16:24:34 | INFO | Episode  187 - Reward: 9.000, Length: 9, Loss: 1.1307, Entropy: 0.6909, Epsilon: 0.537
2026-03-29 16:24:35 | INFO | Episode  188 - Reward: 14.000, Length: 14, Loss: 1.0401, Entropy: 0.6919, Epsilon: 0.535
2026-03-29 16:24:36 | INFO | Episode  189 - Reward: 10.000, Length: 10, Loss: 0.9699, Entropy: 0.6911, Epsilon: 0.532
2026-03-29 16:24:37 | INFO | Episode  190 - Reward: 14.000, Length: 14, Loss: 0.9310, Entropy: 0.6915, Epsilon: 0.530
2026-03-29 16:24:38 | INFO | Episode  191 - Reward: 11.000, Length: 11, Loss: 1.2376, Entropy: 0.6905, Epsilon: 0.527
2026-03-29 16:24:39 | INFO | Episode  192 - Reward: 16.000, Length: 16, Loss: 1.1148, Entropy: 0.6915, Epsilon: 0.525
2026-03-29 16:24:41 | INFO | Episode  193 - Reward: 20.000, Length: 20, Loss: 1.2344, Entropy: 0.6920, Epsilon: 0.522
2026-03-29 16:24:42 | INFO | Episode  194 - Reward: 16.000, Length: 16, Loss: 1.0211, Entropy: 0.6916, Epsilon: 0.520
2026-03-29 16:24:43 | INFO | Episode  195 - Reward: 10.000, Length: 10, Loss: 1.0278, Entropy: 0.6918, Epsilon: 0.517
2026-03-29 16:24:44 | INFO | Episode  196 - Reward: 11.000, Length: 11, Loss: 1.1828, Entropy: 0.6911, Epsilon: 0.515
2026-03-29 16:24:45 | INFO | Episode  197 - Reward: 28.000, Length: 28, Loss: 0.8227, Entropy: 0.6903, Epsilon: 0.512
2026-03-29 16:24:47 | INFO | Episode  198 - Reward: 17.000, Length: 17, Loss: 1.0812, Entropy: 0.6903, Epsilon: 0.510
2026-03-29 16:24:48 | INFO | Episode  199 - Reward: 16.000, Length: 16, Loss: 1.0697, Entropy: 0.6891, Epsilon: 0.507
2026-03-29 16:24:49 | INFO | Episode  200 - Reward: 15.000, Length: 15, Loss: 0.9903, Entropy: 0.6902, Epsilon: 0.505
2026-03-29 16:24:51 | INFO | [Episode  200] eps=0.505  avg_reward=  14.340  avg_length= 14.34  avg_loss=  0.9524  avg_entropy=0.6902  eval_success=0.000
2026-03-29 16:24:52 | INFO | Episode  201 - Reward: 15.000, Length: 15, Loss: 1.0262, Entropy: 0.6909, Epsilon: 0.503
2026-03-29 16:24:53 | INFO | Episode  202 - Reward: 11.000, Length: 11, Loss: 0.9580, Entropy: 0.6917, Epsilon: 0.500
2026-03-29 16:24:54 | INFO | Episode  203 - Reward: 10.000, Length: 10, Loss: 0.7274, Entropy: 0.6910, Epsilon: 0.498
2026-03-29 16:24:55 | INFO | Episode  204 - Reward: 10.000, Length: 10, Loss: 1.0280, Entropy: 0.6909, Epsilon: 0.495
2026-03-29 16:24:56 | INFO | Episode  205 - Reward: 12.000, Length: 12, Loss: 1.0366, Entropy: 0.6905, Epsilon: 0.493
2026-03-29 16:24:57 | INFO | Episode  206 - Reward: 13.000, Length: 13, Loss: 1.2871, Entropy: 0.6906, Epsilon: 0.490
2026-03-29 16:24:58 | INFO | Episode  207 - Reward: 13.000, Length: 13, Loss: 1.2634, Entropy: 0.6908, Epsilon: 0.488
2026-03-29 16:24:59 | INFO | Episode  208 - Reward: 10.000, Length: 10, Loss: 1.0911, Entropy: 0.6908, Epsilon: 0.485
2026-03-29 16:25:00 | INFO | Episode  209 - Reward: 17.000, Length: 17, Loss: 1.8064, Entropy: 0.6908, Epsilon: 0.483
2026-03-29 16:25:01 | INFO | Episode  210 - Reward: 12.000, Length: 12, Loss: 1.2488, Entropy: 0.6896, Epsilon: 0.480
2026-03-29 16:25:02 | INFO | Episode  211 - Reward: 14.000, Length: 14, Loss: 1.5020, Entropy: 0.6896, Epsilon: 0.478
2026-03-29 16:25:04 | INFO | Episode  212 - Reward: 10.000, Length: 10, Loss: 1.3408, Entropy: 0.6891, Epsilon: 0.475
2026-03-29 16:25:05 | INFO | Episode  213 - Reward: 16.000, Length: 16, Loss: 1.2160, Entropy: 0.6897, Epsilon: 0.473
2026-03-29 16:25:06 | INFO | Episode  214 - Reward: 11.000, Length: 11, Loss: 1.3241, Entropy: 0.6910, Epsilon: 0.470
2026-03-29 16:25:07 | INFO | Episode  215 - Reward: 29.000, Length: 29, Loss: 1.3329, Entropy: 0.6906, Epsilon: 0.468
2026-03-29 16:25:08 | INFO | Episode  216 - Reward: 20.000, Length: 20, Loss: 1.3138, Entropy: 0.6907, Epsilon: 0.465
2026-03-29 16:25:09 | INFO | Episode  217 - Reward: 23.000, Length: 23, Loss: 1.1340, Entropy: 0.6892, Epsilon: 0.463
2026-03-29 16:25:11 | INFO | Episode  218 - Reward: 10.000, Length: 10, Loss: 1.1132, Entropy: 0.6889, Epsilon: 0.460
2026-03-29 16:25:12 | INFO | Episode  219 - Reward: 11.000, Length: 11, Loss: 1.2046, Entropy: 0.6886, Epsilon: 0.458
2026-03-29 16:25:13 | INFO | Episode  220 - Reward: 12.000, Length: 12, Loss: 1.4969, Entropy: 0.6886, Epsilon: 0.456
2026-03-29 16:25:14 | INFO | Episode  221 - Reward: 18.000, Length: 18, Loss: 1.2354, Entropy: 0.6887, Epsilon: 0.453
2026-03-29 16:25:15 | INFO | Episode  222 - Reward: 20.000, Length: 20, Loss: 1.2459, Entropy: 0.6886, Epsilon: 0.451
2026-03-29 16:25:16 | INFO | Episode  223 - Reward: 24.000, Length: 24, Loss: 1.2421, Entropy: 0.6877, Epsilon: 0.448
2026-03-29 16:25:17 | INFO | Episode  224 - Reward: 20.000, Length: 20, Loss: 1.1979, Entropy: 0.6877, Epsilon: 0.446
2026-03-29 16:25:18 | INFO | Episode  225 - Reward: 10.000, Length: 10, Loss: 1.0247, Entropy: 0.6894, Epsilon: 0.443
2026-03-29 16:25:20 | INFO | Episode  226 - Reward: 34.000, Length: 34, Loss: 0.9594, Entropy: 0.6895, Epsilon: 0.441
2026-03-29 16:25:21 | INFO | Episode  227 - Reward: 19.000, Length: 19, Loss: 1.2749, Entropy: 0.6890, Epsilon: 0.438
2026-03-29 16:25:29 | INFO | Episode  228 - Reward: 21.000, Length: 21, Loss: 1.3874, Entropy: 0.6886, Epsilon: 0.436
2026-03-29 16:25:29 | INFO | Episode  229 - Reward: 17.000, Length: 17, Loss: 1.1230, Entropy: 0.6885, Epsilon: 0.433
2026-03-29 16:25:30 | INFO | Episode  230 - Reward: 28.000, Length: 28, Loss: 1.2822, Entropy: 0.6882, Epsilon: 0.431
2026-03-29 16:25:31 | INFO | Episode  231 - Reward: 21.000, Length: 21, Loss: 1.3558, Entropy: 0.6868, Epsilon: 0.428
2026-03-29 16:25:32 | INFO | Episode  232 - Reward: 15.000, Length: 15, Loss: 1.3142, Entropy: 0.6876, Epsilon: 0.426
2026-03-29 16:25:33 | INFO | Episode  233 - Reward: 23.000, Length: 23, Loss: 1.1282, Entropy: 0.6889, Epsilon: 0.423
2026-03-29 16:25:33 | INFO | Episode  234 - Reward: 27.000, Length: 27, Loss: 1.4931, Entropy: 0.6882, Epsilon: 0.421
2026-03-29 16:25:34 | INFO | Episode  235 - Reward: 67.000, Length: 67, Loss: 1.3995, Entropy: 0.6877, Epsilon: 0.418
2026-03-29 16:25:35 | INFO | Episode  236 - Reward: 39.000, Length: 39, Loss: 1.6215, Entropy: 0.6864, Epsilon: 0.416
2026-03-29 16:25:36 | INFO | Episode  237 - Reward: 55.000, Length: 55, Loss: 1.3429, Entropy: 0.6863, Epsilon: 0.413
2026-03-29 16:25:36 | INFO | Episode  238 - Reward: 17.000, Length: 17, Loss: 1.7454, Entropy: 0.6845, Epsilon: 0.411
2026-03-29 16:25:37 | INFO | Episode  239 - Reward: 20.000, Length: 20, Loss: 1.5208, Entropy: 0.6848, Epsilon: 0.408
2026-03-29 16:25:38 | INFO | Episode  240 - Reward: 36.000, Length: 36, Loss: 1.3897, Entropy: 0.6846, Epsilon: 0.406
2026-03-29 16:25:39 | INFO | Episode  241 - Reward: 54.000, Length: 54, Loss: 1.5617, Entropy: 0.6850, Epsilon: 0.404
2026-03-29 16:25:40 | INFO | Episode  242 - Reward: 36.000, Length: 36, Loss: 1.1147, Entropy: 0.6848, Epsilon: 0.401
2026-03-29 16:25:40 | INFO | Episode  243 - Reward: 42.000, Length: 42, Loss: 1.2926, Entropy: 0.6830, Epsilon: 0.399
2026-03-29 16:25:41 | INFO | Episode  244 - Reward: 33.000, Length: 33, Loss: 1.3150, Entropy: 0.6834, Epsilon: 0.396
2026-03-29 16:25:42 | INFO | Episode  245 - Reward: 24.000, Length: 24, Loss: 1.5050, Entropy: 0.6825, Epsilon: 0.394
2026-03-29 16:25:42 | INFO | Episode  246 - Reward: 22.000, Length: 22, Loss: 1.3399, Entropy: 0.6819, Epsilon: 0.391
2026-03-29 16:25:43 | INFO | Episode  247 - Reward: 60.000, Length: 60, Loss: 1.2928, Entropy: 0.6826, Epsilon: 0.389
2026-03-29 16:25:44 | INFO | Episode  248 - Reward: 53.000, Length: 53, Loss: 1.5629, Entropy: 0.6836, Epsilon: 0.386
2026-03-29 16:25:45 | INFO | Episode  249 - Reward: 34.000, Length: 34, Loss: 1.3606, Entropy: 0.6830, Epsilon: 0.384
2026-03-29 16:25:45 | INFO | Episode  250 - Reward: 23.000, Length: 23, Loss: 1.4987, Entropy: 0.6808, Epsilon: 0.381
2026-03-29 16:25:50 | INFO | [Episode  250] eps=0.381  avg_reward=  23.820  avg_length= 23.82  avg_loss=  1.2916  avg_entropy=0.6808  eval_success=0.000
2026-03-29 16:25:51 | INFO | Episode  251 - Reward: 59.000, Length: 59, Loss: 1.5527, Entropy: 0.6813, Epsilon: 0.379
2026-03-29 16:25:52 | INFO | Episode  252 - Reward: 38.000, Length: 38, Loss: 1.4471, Entropy: 0.6802, Epsilon: 0.376
2026-03-29 16:25:53 | INFO | Episode  253 - Reward: 47.000, Length: 47, Loss: 1.3910, Entropy: 0.6792, Epsilon: 0.374
2026-03-29 16:25:53 | INFO | Episode  254 - Reward: 25.000, Length: 25, Loss: 1.5782, Entropy: 0.6784, Epsilon: 0.371
2026-03-29 16:25:54 | INFO | Episode  255 - Reward: 28.000, Length: 28, Loss: 1.4642, Entropy: 0.6784, Epsilon: 0.369
2026-03-29 16:25:55 | INFO | Episode  256 - Reward: 30.000, Length: 30, Loss: 1.4998, Entropy: 0.6764, Epsilon: 0.366
2026-03-29 16:25:55 | INFO | Episode  257 - Reward: 130.000, Length: 130, Loss: 1.6377, Entropy: 0.6776, Epsilon: 0.364
2026-03-29 16:25:56 | INFO | Episode  258 - Reward: 36.000, Length: 36, Loss: 1.3355, Entropy: 0.6774, Epsilon: 0.361
2026-03-29 16:25:57 | INFO | Episode  259 - Reward: 77.000, Length: 77, Loss: 2.3083, Entropy: 0.6761, Epsilon: 0.359
2026-03-29 16:25:58 | INFO | Episode  260 - Reward: 44.000, Length: 44, Loss: 1.7683, Entropy: 0.6769, Epsilon: 0.357
2026-03-29 16:25:58 | INFO | Episode  261 - Reward: 38.000, Length: 38, Loss: 2.2917, Entropy: 0.6734, Epsilon: 0.354
2026-03-29 16:25:59 | INFO | Episode  262 - Reward: 69.000, Length: 69, Loss: 2.0342, Entropy: 0.6729, Epsilon: 0.352
2026-03-29 16:26:00 | INFO | Episode  263 - Reward: 35.000, Length: 35, Loss: 1.9465, Entropy: 0.6714, Epsilon: 0.349
2026-03-29 16:26:01 | INFO | Episode  264 - Reward: 54.000, Length: 54, Loss: 1.9278, Entropy: 0.6705, Epsilon: 0.347
2026-03-29 16:26:01 | INFO | Episode  265 - Reward: 41.000, Length: 41, Loss: 1.8171, Entropy: 0.6702, Epsilon: 0.344
2026-03-29 16:26:02 | INFO | Episode  266 - Reward: 40.000, Length: 40, Loss: 2.0913, Entropy: 0.6714, Epsilon: 0.342
2026-03-29 16:26:03 | INFO | Episode  267 - Reward: 45.000, Length: 45, Loss: 1.7889, Entropy: 0.6712, Epsilon: 0.339
2026-03-29 16:26:04 | INFO | Episode  268 - Reward: 57.000, Length: 57, Loss: 1.4631, Entropy: 0.6703, Epsilon: 0.337
2026-03-29 16:26:05 | INFO | Episode  269 - Reward: 53.000, Length: 53, Loss: 2.1901, Entropy: 0.6703, Epsilon: 0.334
2026-03-29 16:26:05 | INFO | Episode  270 - Reward: 36.000, Length: 36, Loss: 1.8827, Entropy: 0.6701, Epsilon: 0.332
2026-03-29 16:26:06 | INFO | Episode  271 - Reward: 40.000, Length: 40, Loss: 2.2341, Entropy: 0.6687, Epsilon: 0.329
2026-03-29 16:26:07 | INFO | Episode  272 - Reward: 34.000, Length: 34, Loss: 2.1886, Entropy: 0.6688, Epsilon: 0.327
2026-03-29 16:26:08 | INFO | Episode  273 - Reward: 42.000, Length: 42, Loss: 2.2440, Entropy: 0.6659, Epsilon: 0.324
2026-03-29 16:26:09 | INFO | Episode  274 - Reward: 42.000, Length: 42, Loss: 2.1830, Entropy: 0.6653, Epsilon: 0.322
2026-03-29 16:26:09 | INFO | Episode  275 - Reward: 41.000, Length: 41, Loss: 2.0277, Entropy: 0.6632, Epsilon: 0.319
2026-03-29 16:26:10 | INFO | Episode  276 - Reward: 41.000, Length: 41, Loss: 2.4442, Entropy: 0.6616, Epsilon: 0.317
2026-03-29 16:26:11 | INFO | Episode  277 - Reward: 136.000, Length: 136, Loss: 2.0049, Entropy: 0.6623, Epsilon: 0.314
2026-03-29 16:26:12 | INFO | Episode  278 - Reward: 35.000, Length: 35, Loss: 2.5021, Entropy: 0.6612, Epsilon: 0.312
2026-03-29 16:26:12 | INFO | Episode  279 - Reward: 31.000, Length: 31, Loss: 2.4302, Entropy: 0.6592, Epsilon: 0.309
2026-03-29 16:26:13 | INFO | Episode  280 - Reward: 61.000, Length: 61, Loss: 2.3811, Entropy: 0.6565, Epsilon: 0.307
2026-03-29 16:26:14 | INFO | Episode  281 - Reward: 38.000, Length: 38, Loss: 2.3959, Entropy: 0.6555, Epsilon: 0.305
2026-03-29 16:26:15 | INFO | Episode  282 - Reward: 35.000, Length: 35, Loss: 2.6169, Entropy: 0.6541, Epsilon: 0.302
2026-03-29 16:26:16 | INFO | Episode  283 - Reward: 64.000, Length: 64, Loss: 2.5611, Entropy: 0.6529, Epsilon: 0.300
2026-03-29 16:26:16 | INFO | Episode  284 - Reward: 53.000, Length: 53, Loss: 2.4933, Entropy: 0.6548, Epsilon: 0.297
2026-03-29 16:26:18 | INFO | Episode  285 - Reward: 61.000, Length: 61, Loss: 2.0104, Entropy: 0.6544, Epsilon: 0.295
2026-03-29 16:26:22 | INFO | Episode  286 - Reward: 44.000, Length: 44, Loss: 2.7671, Entropy: 0.6552, Epsilon: 0.292
2026-03-29 16:28:05 | INFO | Episode  287 - Reward: 31.000, Length: 31, Loss: 1.7440, Entropy: 0.6554, Epsilon: 0.290
2026-03-29 16:28:07 | INFO | Episode  288 - Reward: 85.000, Length: 85, Loss: 2.7717, Entropy: 0.6516, Epsilon: 0.287
2026-03-29 16:28:25 | INFO | Episode  289 - Reward: 83.000, Length: 83, Loss: 3.3057, Entropy: 0.6578, Epsilon: 0.285
2026-03-29 16:28:40 | INFO | Episode  290 - Reward: 39.000, Length: 39, Loss: 2.0291, Entropy: 0.6566, Epsilon: 0.282
2026-03-29 16:29:03 | INFO | Episode  291 - Reward: 34.000, Length: 34, Loss: 2.1597, Entropy: 0.6539, Epsilon: 0.280
2026-03-29 16:29:10 | INFO | Episode  292 - Reward: 64.000, Length: 64, Loss: 2.2465, Entropy: 0.6570, Epsilon: 0.277
2026-03-29 16:29:13 | INFO | Episode  293 - Reward: 41.000, Length: 41, Loss: 2.7864, Entropy: 0.6516, Epsilon: 0.275
2026-03-29 16:29:16 | INFO | Episode  294 - Reward: 97.000, Length: 97, Loss: 2.2977, Entropy: 0.6545, Epsilon: 0.272
2026-03-29 16:29:18 | INFO | Episode  295 - Reward: 53.000, Length: 53, Loss: 2.3631, Entropy: 0.6483, Epsilon: 0.270
2026-03-29 16:29:19 | INFO | Episode  296 - Reward: 30.000, Length: 30, Loss: 2.6238, Entropy: 0.6500, Epsilon: 0.267
2026-03-29 16:29:21 | INFO | Episode  297 - Reward: 25.000, Length: 25, Loss: 2.4754, Entropy: 0.6472, Epsilon: 0.265
2026-03-29 16:29:22 | INFO | Episode  298 - Reward: 52.000, Length: 52, Loss: 3.1750, Entropy: 0.6491, Epsilon: 0.262
2026-03-29 16:29:23 | INFO | Episode  299 - Reward: 37.000, Length: 37, Loss: 2.7483, Entropy: 0.6474, Epsilon: 0.260
2026-03-29 16:29:24 | INFO | Episode  300 - Reward: 52.000, Length: 52, Loss: 2.4625, Entropy: 0.6427, Epsilon: 0.258
2026-03-29 16:29:29 | INFO | [Episode  300] eps=0.258  avg_reward=  50.060  avg_length= 50.06  avg_loss=  2.1618  avg_entropy=0.6427  eval_success=0.000
2026-03-29 16:29:30 | INFO | Episode  301 - Reward: 65.000, Length: 65, Loss: 3.2202, Entropy: 0.6410, Epsilon: 0.255
2026-03-29 16:29:31 | INFO | Episode  302 - Reward: 74.000, Length: 74, Loss: 2.8477, Entropy: 0.6420, Epsilon: 0.253
2026-03-29 16:29:32 | INFO | Episode  303 - Reward: 29.000, Length: 29, Loss: 2.8619, Entropy: 0.6447, Epsilon: 0.250
2026-03-29 16:29:32 | INFO | Episode  304 - Reward: 35.000, Length: 35, Loss: 2.6886, Entropy: 0.6381, Epsilon: 0.248
2026-03-29 16:29:33 | INFO | Episode  305 - Reward: 33.000, Length: 33, Loss: 2.5669, Entropy: 0.6386, Epsilon: 0.245
2026-03-29 16:29:34 | INFO | Episode  306 - Reward: 43.000, Length: 43, Loss: 2.3584, Entropy: 0.6394, Epsilon: 0.243
2026-03-29 16:29:35 | INFO | Episode  307 - Reward: 74.000, Length: 74, Loss: 2.5247, Entropy: 0.6394, Epsilon: 0.240
2026-03-29 16:29:36 | INFO | Episode  308 - Reward: 68.000, Length: 68, Loss: 2.6306, Entropy: 0.6373, Epsilon: 0.238
2026-03-29 16:29:37 | INFO | Episode  309 - Reward: 38.000, Length: 38, Loss: 3.5517, Entropy: 0.6399, Epsilon: 0.235
2026-03-29 16:29:38 | INFO | Episode  310 - Reward: 50.000, Length: 50, Loss: 2.7317, Entropy: 0.6390, Epsilon: 0.233
2026-03-29 16:29:38 | INFO | Episode  311 - Reward: 44.000, Length: 44, Loss: 2.3702, Entropy: 0.6394, Epsilon: 0.230
2026-03-29 16:29:39 | INFO | Episode  312 - Reward: 87.000, Length: 87, Loss: 2.6699, Entropy: 0.6362, Epsilon: 0.228
2026-03-29 16:29:40 | INFO | Episode  313 - Reward: 41.000, Length: 41, Loss: 3.2448, Entropy: 0.6351, Epsilon: 0.225
2026-03-29 16:29:40 | INFO | Episode  314 - Reward: 55.000, Length: 55, Loss: 2.7614, Entropy: 0.6316, Epsilon: 0.223
2026-03-29 16:29:41 | INFO | Episode  315 - Reward: 63.000, Length: 63, Loss: 3.3140, Entropy: 0.6252, Epsilon: 0.220
2026-03-29 16:29:42 | INFO | Episode  316 - Reward: 48.000, Length: 48, Loss: 2.2777, Entropy: 0.6251, Epsilon: 0.218
2026-03-29 16:29:43 | INFO | Episode  317 - Reward: 95.000, Length: 95, Loss: 2.4999, Entropy: 0.6237, Epsilon: 0.215
2026-03-29 16:29:44 | INFO | Episode  318 - Reward: 41.000, Length: 41, Loss: 3.9486, Entropy: 0.6318, Epsilon: 0.213
2026-03-29 16:29:45 | INFO | Episode  319 - Reward: 102.000, Length: 102, Loss: 3.7686, Entropy: 0.6314, Epsilon: 0.210
2026-03-29 16:29:46 | INFO | Episode  320 - Reward: 41.000, Length: 41, Loss: 3.2742, Entropy: 0.6232, Epsilon: 0.208
2026-03-29 16:29:47 | INFO | Episode  321 - Reward: 32.000, Length: 32, Loss: 2.9699, Entropy: 0.6272, Epsilon: 0.206
2026-03-29 16:29:48 | INFO | Episode  322 - Reward: 53.000, Length: 53, Loss: 4.2545, Entropy: 0.6246, Epsilon: 0.203
2026-03-29 16:29:48 | INFO | Episode  323 - Reward: 39.000, Length: 39, Loss: 3.1220, Entropy: 0.6209, Epsilon: 0.201
2026-03-29 16:29:49 | INFO | Episode  324 - Reward: 45.000, Length: 45, Loss: 3.1087, Entropy: 0.6245, Epsilon: 0.198
2026-03-29 16:29:50 | INFO | Episode  325 - Reward: 88.000, Length: 88, Loss: 3.1437, Entropy: 0.6305, Epsilon: 0.196
2026-03-29 16:29:51 | INFO | Episode  326 - Reward: 58.000, Length: 58, Loss: 4.1761, Entropy: 0.6178, Epsilon: 0.193
2026-03-29 16:29:51 | INFO | Episode  327 - Reward: 55.000, Length: 55, Loss: 3.8819, Entropy: 0.6238, Epsilon: 0.191
2026-03-29 16:29:52 | INFO | Episode  328 - Reward: 50.000, Length: 50, Loss: 3.1398, Entropy: 0.6266, Epsilon: 0.188
2026-03-29 16:29:53 | INFO | Episode  329 - Reward: 135.000, Length: 135, Loss: 3.6927, Entropy: 0.6251, Epsilon: 0.186
2026-03-29 16:29:54 | INFO | Episode  330 - Reward: 55.000, Length: 55, Loss: 4.1656, Entropy: 0.6227, Epsilon: 0.183
2026-03-29 16:29:55 | INFO | Episode  331 - Reward: 55.000, Length: 55, Loss: 4.8496, Entropy: 0.6218, Epsilon: 0.181
2026-03-29 16:29:55 | INFO | Episode  332 - Reward: 76.000, Length: 76, Loss: 3.1631, Entropy: 0.6198, Epsilon: 0.178
2026-03-29 16:29:56 | INFO | Episode  333 - Reward: 46.000, Length: 46, Loss: 3.1257, Entropy: 0.6138, Epsilon: 0.176
2026-03-29 16:29:57 | INFO | Episode  334 - Reward: 81.000, Length: 81, Loss: 4.9233, Entropy: 0.6076, Epsilon: 0.173
2026-03-29 16:29:58 | INFO | Episode  335 - Reward: 67.000, Length: 67, Loss: 4.5082, Entropy: 0.6133, Epsilon: 0.171
2026-03-29 16:29:58 | INFO | Episode  336 - Reward: 95.000, Length: 95, Loss: 3.5113, Entropy: 0.6163, Epsilon: 0.168
2026-03-29 16:29:59 | INFO | Episode  337 - Reward: 51.000, Length: 51, Loss: 3.8442, Entropy: 0.6093, Epsilon: 0.166
2026-03-29 16:30:00 | INFO | Episode  338 - Reward: 69.000, Length: 69, Loss: 3.8547, Entropy: 0.6125, Epsilon: 0.163
2026-03-29 16:30:00 | INFO | Episode  339 - Reward: 30.000, Length: 30, Loss: 5.4282, Entropy: 0.6146, Epsilon: 0.161
2026-03-29 16:30:01 | INFO | Episode  340 - Reward: 66.000, Length: 66, Loss: 4.5031, Entropy: 0.6137, Epsilon: 0.158
2026-03-29 16:30:02 | INFO | Episode  341 - Reward: 61.000, Length: 61, Loss: 5.7151, Entropy: 0.6131, Epsilon: 0.156
2026-03-29 16:30:03 | INFO | Episode  342 - Reward: 67.000, Length: 67, Loss: 5.1684, Entropy: 0.6151, Epsilon: 0.154
2026-03-29 16:30:03 | INFO | Episode  343 - Reward: 147.000, Length: 147, Loss: 4.8252, Entropy: 0.6151, Epsilon: 0.151
2026-03-29 16:30:04 | INFO | Episode  344 - Reward: 110.000, Length: 110, Loss: 4.1568, Entropy: 0.6084, Epsilon: 0.149
2026-03-29 16:30:05 | INFO | Episode  345 - Reward: 37.000, Length: 37, Loss: 3.6595, Entropy: 0.6065, Epsilon: 0.146
2026-03-29 16:30:06 | INFO | Episode  346 - Reward: 56.000, Length: 56, Loss: 4.5097, Entropy: 0.6064, Epsilon: 0.144
2026-03-29 16:30:06 | INFO | Episode  347 - Reward: 72.000, Length: 72, Loss: 4.2086, Entropy: 0.5995, Epsilon: 0.141
2026-03-29 16:30:07 | INFO | Episode  348 - Reward: 82.000, Length: 82, Loss: 4.4373, Entropy: 0.6065, Epsilon: 0.139
2026-03-29 16:30:07 | INFO | Episode  349 - Reward: 54.000, Length: 54, Loss: 4.0640, Entropy: 0.6012, Epsilon: 0.136
2026-03-29 16:30:08 | INFO | Episode  350 - Reward: 79.000, Length: 79, Loss: 3.9680, Entropy: 0.6054, Epsilon: 0.134
2026-03-29 16:30:13 | INFO | [Episode  350] eps=0.134  avg_reward=  62.740  avg_length= 62.74  avg_loss=  3.6038  avg_entropy=0.6054  eval_success=0.000
2026-03-29 16:30:14 | INFO | Episode  351 - Reward: 42.000, Length: 42, Loss: 3.6442, Entropy: 0.5990, Epsilon: 0.131
2026-03-29 16:30:15 | INFO | Episode  352 - Reward: 30.000, Length: 30, Loss: 3.6257, Entropy: 0.5979, Epsilon: 0.129
2026-03-29 16:30:15 | INFO | Episode  353 - Reward: 52.000, Length: 52, Loss: 3.6765, Entropy: 0.6010, Epsilon: 0.126
2026-03-29 16:30:16 | INFO | Episode  354 - Reward: 94.000, Length: 94, Loss: 3.1761, Entropy: 0.6005, Epsilon: 0.124
2026-03-29 16:30:16 | INFO | Episode  355 - Reward: 51.000, Length: 51, Loss: 6.2927, Entropy: 0.5954, Epsilon: 0.121
2026-03-29 16:30:17 | INFO | Episode  356 - Reward: 75.000, Length: 75, Loss: 6.2962, Entropy: 0.5896, Epsilon: 0.119
2026-03-29 16:30:18 | INFO | Episode  357 - Reward: 35.000, Length: 35, Loss: 3.8442, Entropy: 0.5944, Epsilon: 0.116
2026-03-29 16:30:21 | INFO | Episode  358 - Reward: 58.000, Length: 58, Loss: 6.8524, Entropy: 0.5912, Epsilon: 0.114
2026-03-29 16:30:21 | INFO | Episode  359 - Reward: 90.000, Length: 90, Loss: 4.6714, Entropy: 0.5958, Epsilon: 0.111
2026-03-29 16:30:22 | INFO | Episode  360 - Reward: 50.000, Length: 50, Loss: 5.2218, Entropy: 0.6001, Epsilon: 0.109
2026-03-29 16:30:23 | INFO | Episode  361 - Reward: 47.000, Length: 47, Loss: 4.7880, Entropy: 0.5954, Epsilon: 0.107
2026-03-29 16:30:23 | INFO | Episode  362 - Reward: 49.000, Length: 49, Loss: 4.6698, Entropy: 0.5964, Epsilon: 0.104
2026-03-29 16:30:24 | INFO | Episode  363 - Reward: 70.000, Length: 70, Loss: 4.1939, Entropy: 0.5991, Epsilon: 0.102
2026-03-29 16:30:24 | INFO | Episode  364 - Reward: 43.000, Length: 43, Loss: 6.7346, Entropy: 0.6006, Epsilon: 0.099
2026-03-29 16:30:25 | INFO | Episode  365 - Reward: 79.000, Length: 79, Loss: 5.2116, Entropy: 0.5969, Epsilon: 0.097
2026-03-29 16:30:26 | INFO | Episode  366 - Reward: 81.000, Length: 81, Loss: 7.9670, Entropy: 0.5940, Epsilon: 0.094
2026-03-29 16:30:26 | INFO | Episode  367 - Reward: 40.000, Length: 40, Loss: 10.2535, Entropy: 0.5888, Epsilon: 0.092
2026-03-29 16:30:27 | INFO | Episode  368 - Reward: 60.000, Length: 60, Loss: 18.1244, Entropy: 0.5867, Epsilon: 0.089
2026-03-29 16:30:27 | INFO | Episode  369 - Reward: 50.000, Length: 50, Loss: 20.7915, Entropy: 0.6095, Epsilon: 0.087
2026-03-29 16:30:27 | INFO | Episode  370 - Reward: 137.000, Length: 137, Loss: 10.9910, Entropy: 0.6125, Epsilon: 0.084
2026-03-29 16:30:28 | INFO | Episode  371 - Reward: 60.000, Length: 60, Loss: 5.6815, Entropy: 0.6186, Epsilon: 0.082
2026-03-29 16:30:28 | INFO | Episode  372 - Reward: 62.000, Length: 62, Loss: 4.5503, Entropy: 0.6067, Epsilon: 0.079
2026-03-29 16:30:29 | INFO | Episode  373 - Reward: 77.000, Length: 77, Loss: 4.6519, Entropy: 0.6123, Epsilon: 0.077
2026-03-29 16:30:29 | INFO | Episode  374 - Reward: 49.000, Length: 49, Loss: 4.3618, Entropy: 0.6063, Epsilon: 0.074
2026-03-29 16:30:30 | INFO | Episode  375 - Reward: 42.000, Length: 42, Loss: 4.7118, Entropy: 0.6011, Epsilon: 0.072
2026-03-29 16:30:30 | INFO | Episode  376 - Reward: 30.000, Length: 30, Loss: 4.7742, Entropy: 0.5999, Epsilon: 0.069
2026-03-29 16:30:30 | INFO | Episode  377 - Reward: 57.000, Length: 57, Loss: 3.8970, Entropy: 0.6018, Epsilon: 0.067
2026-03-29 16:30:31 | INFO | Episode  378 - Reward: 59.000, Length: 59, Loss: 5.8402, Entropy: 0.5966, Epsilon: 0.064
2026-03-29 16:30:31 | INFO | Episode  379 - Reward: 138.000, Length: 138, Loss: 4.6374, Entropy: 0.6060, Epsilon: 0.062
2026-03-29 16:30:32 | INFO | Episode  380 - Reward: 31.000, Length: 31, Loss: 4.5254, Entropy: 0.6076, Epsilon: 0.059
2026-03-29 16:30:32 | INFO | Episode  381 - Reward: 90.000, Length: 90, Loss: 4.2547, Entropy: 0.6113, Epsilon: 0.057
2026-03-29 16:30:33 | INFO | Episode  382 - Reward: 105.000, Length: 105, Loss: 4.0036, Entropy: 0.6018, Epsilon: 0.055
2026-03-29 16:30:33 | INFO | Episode  383 - Reward: 124.000, Length: 124, Loss: 3.6074, Entropy: 0.6044, Epsilon: 0.052
2026-03-29 16:30:34 | INFO | Episode  384 - Reward: 46.000, Length: 46, Loss: 3.8411, Entropy: 0.6019, Epsilon: 0.050
2026-03-29 16:30:34 | INFO | Episode  385 - Reward: 123.000, Length: 123, Loss: 5.1622, Entropy: 0.5898, Epsilon: 0.047
2026-03-29 16:30:35 | INFO | Episode  386 - Reward: 79.000, Length: 79, Loss: 4.1981, Entropy: 0.5982, Epsilon: 0.045
2026-03-29 16:30:35 | INFO | Episode  387 - Reward: 145.000, Length: 145, Loss: 5.4785, Entropy: 0.6002, Epsilon: 0.042
2026-03-29 16:30:35 | INFO | Episode  388 - Reward: 138.000, Length: 138, Loss: 3.2122, Entropy: 0.5886, Epsilon: 0.040
2026-03-29 16:30:36 | INFO | Episode  389 - Reward: 44.000, Length: 44, Loss: 4.1647, Entropy: 0.5858, Epsilon: 0.037
2026-03-29 16:30:36 | INFO | Episode  390 - Reward: 200.000, Length: 200, Loss: 4.3510, Entropy: 0.5917, Epsilon: 0.035
2026-03-29 16:30:37 | INFO | Episode  391 - Reward: 88.000, Length: 88, Loss: 4.8592, Entropy: 0.5850, Epsilon: 0.032
2026-03-29 16:30:37 | INFO | Episode  392 - Reward: 104.000, Length: 104, Loss: 5.5948, Entropy: 0.5901, Epsilon: 0.030
2026-03-29 16:30:38 | INFO | Episode  393 - Reward: 167.000, Length: 167, Loss: 3.8974, Entropy: 0.5984, Epsilon: 0.027
2026-03-29 16:30:38 | INFO | Episode  394 - Reward: 121.000, Length: 121, Loss: 4.2911, Entropy: 0.5924, Epsilon: 0.025
2026-03-29 16:30:39 | INFO | Episode  395 - Reward: 100.000, Length: 100, Loss: 5.2278, Entropy: 0.5806, Epsilon: 0.022
2026-03-29 16:30:39 | INFO | Episode  396 - Reward: 200.000, Length: 200, Loss: 6.1460, Entropy: 0.5874, Epsilon: 0.020
2026-03-29 16:30:40 | INFO | Episode  397 - Reward: 68.000, Length: 68, Loss: 10.3458, Entropy: 0.5881, Epsilon: 0.017
2026-03-29 16:30:40 | INFO | Episode  398 - Reward: 88.000, Length: 88, Loss: 3.7178, Entropy: 0.5758, Epsilon: 0.015
2026-03-29 16:30:41 | INFO | Episode  399 - Reward: 186.000, Length: 186, Loss: 2.6952, Entropy: 0.5962, Epsilon: 0.012
2026-03-29 16:30:41 | INFO | Episode  400 - Reward: 156.000, Length: 156, Loss: 3.3443, Entropy: 0.5863, Epsilon: 0.010
2026-03-29 16:30:49 | INFO | [Episode  400] eps=0.010  avg_reward=  84.200  avg_length= 84.20  avg_loss=  5.6210  avg_entropy=0.5863  eval_success=0.160
2026-03-29 16:30:49 | INFO | Episode  401 - Reward: 200.000, Length: 200, Loss: 2.6879, Entropy: 0.5825, Epsilon: 0.010
2026-03-29 16:30:49 | INFO | Episode  402 - Reward: 129.000, Length: 129, Loss: 3.1248, Entropy: 0.5772, Epsilon: 0.010
2026-03-29 16:30:50 | INFO | Episode  403 - Reward: 200.000, Length: 200, Loss: 3.1412, Entropy: 0.5748, Epsilon: 0.010
2026-03-29 16:30:50 | INFO | Episode  404 - Reward: 200.000, Length: 200, Loss: 3.2475, Entropy: 0.5790, Epsilon: 0.010
2026-03-29 16:30:51 | INFO | Episode  405 - Reward: 200.000, Length: 200, Loss: 4.6715, Entropy: 0.5794, Epsilon: 0.010
2026-03-29 16:30:51 | INFO | Episode  406 - Reward: 200.000, Length: 200, Loss: 1.5609, Entropy: 0.5880, Epsilon: 0.010
2026-03-29 16:30:51 | INFO | Episode  407 - Reward: 199.000, Length: 199, Loss: 4.2982, Entropy: 0.5828, Epsilon: 0.010
2026-03-29 16:30:52 | INFO | Episode  408 - Reward: 200.000, Length: 200, Loss: 3.5944, Entropy: 0.5852, Epsilon: 0.010
2026-03-29 16:30:52 | INFO | Episode  409 - Reward: 156.000, Length: 156, Loss: 5.2016, Entropy: 0.5817, Epsilon: 0.010
2026-03-29 16:30:53 | INFO | Episode  410 - Reward: 200.000, Length: 200, Loss: 10.5280, Entropy: 0.5845, Epsilon: 0.010
2026-03-29 16:30:53 | INFO | Episode  411 - Reward: 200.000, Length: 200, Loss: 14.6767, Entropy: 0.5826, Epsilon: 0.010
2026-03-29 16:30:54 | INFO | Episode  412 - Reward: 189.000, Length: 189, Loss: 2.2173, Entropy: 0.5838, Epsilon: 0.010
2026-03-29 16:30:54 | INFO | Episode  413 - Reward: 200.000, Length: 200, Loss: 1.8371, Entropy: 0.5910, Epsilon: 0.010
2026-03-29 16:30:54 | INFO | Episode  414 - Reward: 200.000, Length: 200, Loss: 1.3494, Entropy: 0.5846, Epsilon: 0.010
2026-03-29 16:30:55 | INFO | Episode  415 - Reward: 200.000, Length: 200, Loss: 2.0068, Entropy: 0.5851, Epsilon: 0.010
2026-03-29 16:30:55 | INFO | Episode  416 - Reward: 200.000, Length: 200, Loss: 1.8071, Entropy: 0.5769, Epsilon: 0.010
2026-03-29 16:30:56 | INFO | Episode  417 - Reward: 200.000, Length: 200, Loss: 2.1714, Entropy: 0.5731, Epsilon: 0.010
2026-03-29 16:30:56 | INFO | Episode  418 - Reward: 200.000, Length: 200, Loss: 2.3987, Entropy: 0.5815, Epsilon: 0.010
2026-03-29 16:30:57 | INFO | Episode  419 - Reward: 200.000, Length: 200, Loss: 2.7197, Entropy: 0.5704, Epsilon: 0.010
2026-03-29 16:30:57 | INFO | Episode  420 - Reward: 200.000, Length: 200, Loss: 2.9704, Entropy: 0.5724, Epsilon: 0.010
2026-03-29 16:30:58 | INFO | Episode  421 - Reward: 200.000, Length: 200, Loss: 2.5780, Entropy: 0.5764, Epsilon: 0.010
2026-03-29 16:30:58 | INFO | Episode  422 - Reward: 200.000, Length: 200, Loss: 2.3437, Entropy: 0.5866, Epsilon: 0.010
2026-03-29 16:30:58 | INFO | Episode  423 - Reward: 200.000, Length: 200, Loss: 2.0854, Entropy: 0.5799, Epsilon: 0.010
2026-03-29 16:30:59 | INFO | Episode  424 - Reward: 200.000, Length: 200, Loss: 2.1310, Entropy: 0.5716, Epsilon: 0.010
2026-03-29 16:30:59 | INFO | Episode  425 - Reward: 200.000, Length: 200, Loss: 2.6257, Entropy: 0.5767, Epsilon: 0.010
2026-03-29 16:31:00 | INFO | Episode  426 - Reward: 200.000, Length: 200, Loss: 3.9180, Entropy: 0.5803, Epsilon: 0.010
2026-03-29 16:31:00 | INFO | Episode  427 - Reward: 200.000, Length: 200, Loss: 3.1790, Entropy: 0.5728, Epsilon: 0.010
2026-03-29 16:31:01 | INFO | Episode  428 - Reward: 200.000, Length: 200, Loss: 2.8624, Entropy: 0.5643, Epsilon: 0.010
2026-03-29 16:31:01 | INFO | Episode  429 - Reward: 200.000, Length: 200, Loss: 2.6016, Entropy: 0.5701, Epsilon: 0.010
2026-03-29 16:31:02 | INFO | Episode  430 - Reward: 200.000, Length: 200, Loss: 2.8612, Entropy: 0.5732, Epsilon: 0.010
2026-03-29 16:31:02 | INFO | Episode  431 - Reward: 200.000, Length: 200, Loss: 2.9513, Entropy: 0.5700, Epsilon: 0.010
2026-03-29 16:31:03 | INFO | Episode  432 - Reward: 200.000, Length: 200, Loss: 2.7698, Entropy: 0.5701, Epsilon: 0.010
2026-03-29 16:31:03 | INFO | Episode  433 - Reward: 200.000, Length: 200, Loss: 2.7451, Entropy: 0.5753, Epsilon: 0.010
2026-03-29 16:31:03 | INFO | Episode  434 - Reward: 200.000, Length: 200, Loss: 2.4459, Entropy: 0.5689, Epsilon: 0.010
2026-03-29 16:31:04 | INFO | Episode  435 - Reward: 200.000, Length: 200, Loss: 3.6372, Entropy: 0.5752, Epsilon: 0.010
2026-03-29 16:31:04 | INFO | Episode  436 - Reward: 200.000, Length: 200, Loss: 3.9144, Entropy: 0.5772, Epsilon: 0.010
2026-03-29 16:31:05 | INFO | Episode  437 - Reward: 200.000, Length: 200, Loss: 2.0879, Entropy: 0.5728, Epsilon: 0.010
2026-03-29 16:31:05 | INFO | Episode  438 - Reward: 200.000, Length: 200, Loss: 1.7610, Entropy: 0.5756, Epsilon: 0.010
2026-03-29 16:31:06 | INFO | Episode  439 - Reward: 200.000, Length: 200, Loss: 2.2641, Entropy: 0.5697, Epsilon: 0.010
2026-03-29 16:31:06 | INFO | Episode  440 - Reward: 200.000, Length: 200, Loss: 2.9533, Entropy: 0.5724, Epsilon: 0.010
2026-03-29 16:31:07 | INFO | Episode  441 - Reward: 200.000, Length: 200, Loss: 2.8374, Entropy: 0.5728, Epsilon: 0.010
2026-03-29 16:31:07 | INFO | Episode  442 - Reward: 200.000, Length: 200, Loss: 1.9732, Entropy: 0.5674, Epsilon: 0.010
2026-03-29 16:31:08 | INFO | Episode  443 - Reward: 200.000, Length: 200, Loss: 1.9894, Entropy: 0.5612, Epsilon: 0.010
2026-03-29 16:31:08 | INFO | Episode  444 - Reward: 200.000, Length: 200, Loss: 1.4508, Entropy: 0.5672, Epsilon: 0.010
2026-03-29 16:31:09 | INFO | Episode  445 - Reward: 200.000, Length: 200, Loss: 2.7726, Entropy: 0.5691, Epsilon: 0.010
2026-03-29 16:31:09 | INFO | Episode  446 - Reward: 200.000, Length: 200, Loss: 1.9659, Entropy: 0.5643, Epsilon: 0.010
2026-03-29 16:31:10 | INFO | Episode  447 - Reward: 200.000, Length: 200, Loss: 2.6241, Entropy: 0.5587, Epsilon: 0.010
2026-03-29 16:31:10 | INFO | Episode  448 - Reward: 200.000, Length: 200, Loss: 2.5012, Entropy: 0.5647, Epsilon: 0.010
2026-03-29 16:31:11 | INFO | Episode  449 - Reward: 200.000, Length: 200, Loss: 2.8624, Entropy: 0.5590, Epsilon: 0.010
2026-03-29 16:31:11 | INFO | Episode  450 - Reward: 200.000, Length: 200, Loss: 1.9887, Entropy: 0.5641, Epsilon: 0.010
2026-03-29 16:31:20 | INFO | [Episode  450] eps=0.010  avg_reward= 197.460  avg_length=197.46  avg_loss=  3.0778  avg_entropy=0.5641  eval_success=1.000
2026-03-29 16:31:21 | INFO | Episode  451 - Reward: 200.000, Length: 200, Loss: 1.8943, Entropy: 0.5631, Epsilon: 0.010
2026-03-29 16:31:21 | INFO | Episode  452 - Reward: 200.000, Length: 200, Loss: 2.7446, Entropy: 0.5677, Epsilon: 0.010
2026-03-29 16:31:22 | INFO | Episode  453 - Reward: 200.000, Length: 200, Loss: 1.7133, Entropy: 0.5769, Epsilon: 0.010
2026-03-29 16:31:22 | INFO | Episode  454 - Reward: 200.000, Length: 200, Loss: 2.2100, Entropy: 0.5644, Epsilon: 0.010
2026-03-29 16:31:23 | INFO | Episode  455 - Reward: 200.000, Length: 200, Loss: 1.3528, Entropy: 0.5711, Epsilon: 0.010
2026-03-29 16:31:23 | INFO | Episode  456 - Reward: 200.000, Length: 200, Loss: 1.7566, Entropy: 0.5752, Epsilon: 0.010
2026-03-29 16:31:23 | INFO | Episode  457 - Reward: 200.000, Length: 200, Loss: 1.6069, Entropy: 0.5721, Epsilon: 0.010
2026-03-29 16:31:24 | INFO | Episode  458 - Reward: 200.000, Length: 200, Loss: 1.4708, Entropy: 0.5709, Epsilon: 0.010
2026-03-29 16:31:24 | INFO | Episode  459 - Reward: 200.000, Length: 200, Loss: 1.5808, Entropy: 0.5800, Epsilon: 0.010
2026-03-29 16:31:25 | INFO | Episode  460 - Reward: 200.000, Length: 200, Loss: 2.5264, Entropy: 0.5902, Epsilon: 0.010
2026-03-29 16:31:25 | INFO | Episode  461 - Reward: 200.000, Length: 200, Loss: 5.6803, Entropy: 0.5805, Epsilon: 0.010
2026-03-29 16:31:26 | INFO | Episode  462 - Reward: 200.000, Length: 200, Loss: 2.1190, Entropy: 0.5769, Epsilon: 0.010
2026-03-29 16:31:26 | INFO | Episode  463 - Reward: 200.000, Length: 200, Loss: 1.5222, Entropy: 0.5908, Epsilon: 0.010
2026-03-29 16:31:26 | INFO | Episode  464 - Reward: 200.000, Length: 200, Loss: 1.1510, Entropy: 0.5858, Epsilon: 0.010
2026-03-29 16:31:27 | INFO | Episode  465 - Reward: 200.000, Length: 200, Loss: 2.8497, Entropy: 0.5869, Epsilon: 0.010
2026-03-29 16:31:27 | INFO | Episode  466 - Reward: 200.000, Length: 200, Loss: 3.2973, Entropy: 0.5976, Epsilon: 0.010
2026-03-29 16:31:28 | INFO | Episode  467 - Reward: 200.000, Length: 200, Loss: 2.2097, Entropy: 0.5884, Epsilon: 0.010
2026-03-29 16:31:28 | INFO | Episode  468 - Reward: 200.000, Length: 200, Loss: 2.1221, Entropy: 0.5986, Epsilon: 0.010
2026-03-29 16:31:29 | INFO | Episode  469 - Reward: 200.000, Length: 200, Loss: 0.9637, Entropy: 0.6015, Epsilon: 0.010
2026-03-29 16:31:29 | INFO | Episode  470 - Reward: 200.000, Length: 200, Loss: 1.9490, Entropy: 0.6059, Epsilon: 0.010
2026-03-29 16:31:30 | INFO | Episode  471 - Reward: 200.000, Length: 200, Loss: 2.8806, Entropy: 0.6059, Epsilon: 0.010
2026-03-29 16:31:30 | INFO | Episode  472 - Reward: 200.000, Length: 200, Loss: 1.3388, Entropy: 0.6061, Epsilon: 0.010
2026-03-29 16:31:30 | INFO | Episode  473 - Reward: 200.000, Length: 200, Loss: 0.8831, Entropy: 0.6014, Epsilon: 0.010
2026-03-29 16:31:31 | INFO | Episode  474 - Reward: 200.000, Length: 200, Loss: 0.7845, Entropy: 0.6091, Epsilon: 0.010
2026-03-29 16:31:31 | INFO | Episode  475 - Reward: 200.000, Length: 200, Loss: 1.3602, Entropy: 0.6112, Epsilon: 0.010
2026-03-29 16:31:32 | INFO | Episode  476 - Reward: 200.000, Length: 200, Loss: 1.3083, Entropy: 0.6173, Epsilon: 0.010
2026-03-29 16:31:32 | INFO | Episode  477 - Reward: 200.000, Length: 200, Loss: 1.4578, Entropy: 0.6161, Epsilon: 0.010
2026-03-29 16:31:33 | INFO | Episode  478 - Reward: 200.000, Length: 200, Loss: 2.2831, Entropy: 0.6163, Epsilon: 0.010
2026-03-29 16:31:33 | INFO | Episode  479 - Reward: 200.000, Length: 200, Loss: 1.2457, Entropy: 0.6156, Epsilon: 0.010
2026-03-29 16:31:34 | INFO | Episode  480 - Reward: 200.000, Length: 200, Loss: 1.8158, Entropy: 0.6151, Epsilon: 0.010
2026-03-29 16:31:34 | INFO | Episode  481 - Reward: 200.000, Length: 200, Loss: 0.9729, Entropy: 0.6175, Epsilon: 0.010
2026-03-29 16:31:35 | INFO | Episode  482 - Reward: 200.000, Length: 200, Loss: 2.5092, Entropy: 0.6196, Epsilon: 0.010
2026-03-29 16:31:35 | INFO | Episode  483 - Reward: 200.000, Length: 200, Loss: 1.8675, Entropy: 0.6235, Epsilon: 0.010
2026-03-29 16:31:36 | INFO | Episode  484 - Reward: 200.000, Length: 200, Loss: 1.1500, Entropy: 0.6190, Epsilon: 0.010
2026-03-29 16:31:36 | INFO | Episode  485 - Reward: 200.000, Length: 200, Loss: 1.1303, Entropy: 0.6280, Epsilon: 0.010
2026-03-29 16:31:36 | INFO | Episode  486 - Reward: 200.000, Length: 200, Loss: 1.6032, Entropy: 0.6240, Epsilon: 0.010
2026-03-29 16:31:37 | INFO | Episode  487 - Reward: 200.000, Length: 200, Loss: 0.9763, Entropy: 0.6225, Epsilon: 0.010
2026-03-29 16:31:37 | INFO | Episode  488 - Reward: 200.000, Length: 200, Loss: 1.2519, Entropy: 0.6225, Epsilon: 0.010
2026-03-29 16:31:38 | INFO | Episode  489 - Reward: 200.000, Length: 200, Loss: 0.6271, Entropy: 0.6226, Epsilon: 0.010
2026-03-29 16:31:38 | INFO | Episode  490 - Reward: 200.000, Length: 200, Loss: 1.6367, Entropy: 0.6285, Epsilon: 0.010
2026-03-29 16:31:39 | INFO | Episode  491 - Reward: 200.000, Length: 200, Loss: 2.3893, Entropy: 0.6313, Epsilon: 0.010
2026-03-29 16:31:39 | INFO | Episode  492 - Reward: 200.000, Length: 200, Loss: 1.8803, Entropy: 0.6314, Epsilon: 0.010
2026-03-29 16:31:40 | INFO | Episode  493 - Reward: 200.000, Length: 200, Loss: 0.7675, Entropy: 0.6380, Epsilon: 0.010
2026-03-29 16:31:40 | INFO | Episode  494 - Reward: 200.000, Length: 200, Loss: 0.4391, Entropy: 0.6379, Epsilon: 0.010
2026-03-29 16:31:41 | INFO | Episode  495 - Reward: 200.000, Length: 200, Loss: 1.1640, Entropy: 0.6363, Epsilon: 0.010
2026-03-29 16:31:41 | INFO | Episode  496 - Reward: 200.000, Length: 200, Loss: 1.1951, Entropy: 0.6399, Epsilon: 0.010
2026-03-29 16:31:42 | INFO | Episode  497 - Reward: 200.000, Length: 200, Loss: 1.3549, Entropy: 0.6424, Epsilon: 0.010
2026-03-29 16:31:42 | INFO | Episode  498 - Reward: 200.000, Length: 200, Loss: 0.7164, Entropy: 0.6445, Epsilon: 0.010
2026-03-29 16:31:43 | INFO | Episode  499 - Reward: 200.000, Length: 200, Loss: 0.3068, Entropy: 0.6454, Epsilon: 0.010
2026-03-29 16:31:43 | INFO | Episode  500 - Reward: 200.000, Length: 200, Loss: 1.5287, Entropy: 0.6390, Epsilon: 0.010
2026-03-29 16:31:55 | INFO | [Episode  500] eps=0.010  avg_reward= 200.000  avg_length=200.00  avg_loss=  1.6709  avg_entropy=0.6390  eval_success=1.000
2026-03-29 16:31:55 | INFO | DQN+Entropy training: 10m 7.41s
2026-03-29 16:32:35 | INFO | [Final Eval] success=1.000, mean_reward=200.000
