2026-03-29 16:15:05 | INFO | ============================================================
2026-03-29 16:15:05 | INFO | DEVICE / COMPUTE INFORMATION
2026-03-29 16:15:05 | INFO |   JAX backend       : CPU
2026-03-29 16:15:05 | INFO |   Platform          : cpu
2026-03-29 16:15:05 | INFO |   Num devices       : 1
2026-03-29 16:15:05 | INFO |   Device            : TFRT_CPU_0
2026-03-29 16:15:05 | INFO | ============================================================
2026-03-29 16:15:05 | INFO | DQN+Entropy | seed=5, lr=0.01, gamma=0.99, alpha=0.05
2026-03-29 16:15:05 | INFO | Env: cartpole/dense, obs_dim=4, num_actions=2
2026-03-29 16:15:07 | INFO | Episode    1 - Reward: 29.000, Length: 29, Loss: 0.0000, Entropy: 0.0000, Epsilon: 0.998
2026-03-29 16:15:07 | INFO | Episode    2 - Reward: 36.000, Length: 36, Loss: 0.0000, Entropy: 0.0000, Epsilon: 0.995
2026-03-29 16:15:08 | INFO | Episode    3 - Reward: 17.000, Length: 17, Loss: 0.0000, Entropy: 0.0000, Epsilon: 0.993
2026-03-29 16:15:09 | INFO | Episode    4 - Reward: 15.000, Length: 15, Loss: 0.0000, Entropy: 0.0000, Epsilon: 0.990
2026-03-29 16:15:09 | INFO | Episode    5 - Reward: 43.000, Length: 43, Loss: 0.0000, Entropy: 0.0000, Epsilon: 0.988
2026-03-29 16:15:10 | INFO | Episode    6 - Reward: 28.000, Length: 28, Loss: 0.0000, Entropy: 0.0000, Epsilon: 0.985
2026-03-29 16:15:11 | INFO | Episode    7 - Reward: 56.000, Length: 56, Loss: 0.0000, Entropy: 0.0000, Epsilon: 0.983
2026-03-29 16:15:13 | INFO | Episode    8 - Reward: 75.000, Length: 75, Loss: 0.9506, Entropy: 0.6929, Epsilon: 0.980
2026-03-29 16:15:13 | INFO | Episode    9 - Reward: 19.000, Length: 19, Loss: 0.8512, Entropy: 0.6929, Epsilon: 0.978
2026-03-29 16:15:14 | INFO | Episode   10 - Reward: 45.000, Length: 45, Loss: 0.7625, Entropy: 0.6929, Epsilon: 0.975
2026-03-29 16:15:15 | INFO | Episode   11 - Reward: 16.000, Length: 16, Loss: 0.6812, Entropy: 0.6929, Epsilon: 0.973
2026-03-29 16:15:15 | INFO | Episode   12 - Reward: 10.000, Length: 10, Loss: 0.6100, Entropy: 0.6928, Epsilon: 0.970
2026-03-29 16:15:16 | INFO | Episode   13 - Reward: 22.000, Length: 22, Loss: 0.5385, Entropy: 0.6929, Epsilon: 0.968
2026-03-29 16:15:17 | INFO | Episode   14 - Reward: 82.000, Length: 82, Loss: 0.4745, Entropy: 0.6928, Epsilon: 0.965
2026-03-29 16:15:17 | INFO | Episode   15 - Reward: 14.000, Length: 14, Loss: 0.4212, Entropy: 0.6928, Epsilon: 0.963
2026-03-29 16:15:17 | INFO | Episode   16 - Reward: 17.000, Length: 17, Loss: 0.9299, Entropy: 0.6928, Epsilon: 0.960
2026-03-29 16:15:18 | INFO | Episode   17 - Reward: 14.000, Length: 14, Loss: 0.8213, Entropy: 0.6927, Epsilon: 0.958
2026-03-29 16:15:18 | INFO | Episode   18 - Reward: 25.000, Length: 25, Loss: 0.7232, Entropy: 0.6927, Epsilon: 0.955
2026-03-29 16:15:19 | INFO | Episode   19 - Reward: 34.000, Length: 34, Loss: 0.6288, Entropy: 0.6926, Epsilon: 0.953
2026-03-29 16:15:19 | INFO | Episode   20 - Reward: 35.000, Length: 35, Loss: 0.5445, Entropy: 0.6926, Epsilon: 0.951
2026-03-29 16:15:20 | INFO | Episode   21 - Reward: 67.000, Length: 67, Loss: 0.4689, Entropy: 0.6926, Epsilon: 0.948
2026-03-29 16:15:20 | INFO | Episode   22 - Reward: 13.000, Length: 13, Loss: 0.4033, Entropy: 0.6926, Epsilon: 0.946
2026-03-29 16:15:21 | INFO | Episode   23 - Reward: 17.000, Length: 17, Loss: 0.3389, Entropy: 0.6926, Epsilon: 0.943
2026-03-29 16:15:21 | INFO | Episode   24 - Reward: 22.000, Length: 22, Loss: 0.2856, Entropy: 0.6926, Epsilon: 0.941
2026-03-29 16:15:22 | INFO | Episode   25 - Reward: 14.000, Length: 14, Loss: 0.2338, Entropy: 0.6925, Epsilon: 0.938
2026-03-29 16:15:22 | INFO | Episode   26 - Reward: 33.000, Length: 33, Loss: 0.1924, Entropy: 0.6925, Epsilon: 0.936
2026-03-29 16:15:23 | INFO | Episode   27 - Reward: 20.000, Length: 20, Loss: 0.1552, Entropy: 0.6925, Epsilon: 0.933
2026-03-29 16:15:23 | INFO | Episode   28 - Reward: 29.000, Length: 29, Loss: 0.1280, Entropy: 0.6925, Epsilon: 0.931
2026-03-29 16:15:24 | INFO | Episode   29 - Reward: 21.000, Length: 21, Loss: 0.0994, Entropy: 0.6925, Epsilon: 0.928
2026-03-29 16:15:24 | INFO | Episode   30 - Reward: 28.000, Length: 28, Loss: 0.0759, Entropy: 0.6924, Epsilon: 0.926
2026-03-29 16:15:25 | INFO | Episode   31 - Reward: 31.000, Length: 31, Loss: 0.0592, Entropy: 0.6924, Epsilon: 0.923
2026-03-29 16:15:25 | INFO | Episode   32 - Reward: 13.000, Length: 13, Loss: 0.0413, Entropy: 0.6924, Epsilon: 0.921
2026-03-29 16:15:25 | INFO | Episode   33 - Reward: 14.000, Length: 14, Loss: 0.0295, Entropy: 0.6925, Epsilon: 0.918
2026-03-29 16:15:26 | INFO | Episode   34 - Reward: 19.000, Length: 19, Loss: 0.0192, Entropy: 0.6924, Epsilon: 0.916
2026-03-29 16:15:26 | INFO | Episode   35 - Reward: 50.000, Length: 50, Loss: 0.0096, Entropy: 0.6925, Epsilon: 0.913
2026-03-29 16:15:27 | INFO | Episode   36 - Reward: 26.000, Length: 26, Loss: 0.8856, Entropy: 0.6923, Epsilon: 0.911
2026-03-29 16:15:27 | INFO | Episode   37 - Reward: 16.000, Length: 16, Loss: 0.7052, Entropy: 0.6923, Epsilon: 0.908
2026-03-29 16:15:28 | INFO | Episode   38 - Reward: 36.000, Length: 36, Loss: 0.5407, Entropy: 0.6923, Epsilon: 0.906
2026-03-29 16:15:28 | INFO | Episode   39 - Reward: 14.000, Length: 14, Loss: 0.4041, Entropy: 0.6921, Epsilon: 0.903
2026-03-29 16:15:29 | INFO | Episode   40 - Reward: 33.000, Length: 33, Loss: 0.2998, Entropy: 0.6921, Epsilon: 0.901
2026-03-29 16:15:29 | INFO | Episode   41 - Reward: 53.000, Length: 53, Loss: 0.2252, Entropy: 0.6919, Epsilon: 0.899
2026-03-29 16:15:30 | INFO | Episode   42 - Reward: 14.000, Length: 14, Loss: 0.1694, Entropy: 0.6919, Epsilon: 0.896
2026-03-29 16:15:30 | INFO | Episode   43 - Reward: 22.000, Length: 22, Loss: 0.1200, Entropy: 0.6919, Epsilon: 0.894
2026-03-29 16:15:31 | INFO | Episode   44 - Reward: 26.000, Length: 26, Loss: 0.0856, Entropy: 0.6919, Epsilon: 0.891
2026-03-29 16:15:31 | INFO | Episode   45 - Reward: 9.000, Length: 9, Loss: 0.0698, Entropy: 0.6919, Epsilon: 0.889
2026-03-29 16:15:32 | INFO | Episode   46 - Reward: 28.000, Length: 28, Loss: 0.0464, Entropy: 0.6919, Epsilon: 0.886
2026-03-29 16:15:32 | INFO | Episode   47 - Reward: 16.000, Length: 16, Loss: 0.0552, Entropy: 0.6919, Epsilon: 0.884
2026-03-29 16:15:33 | INFO | Episode   48 - Reward: 29.000, Length: 29, Loss: 0.0283, Entropy: 0.6919, Epsilon: 0.881
2026-03-29 16:15:33 | INFO | Episode   49 - Reward: 14.000, Length: 14, Loss: 0.0426, Entropy: 0.6919, Epsilon: 0.879
2026-03-29 16:15:33 | INFO | Episode   50 - Reward: 44.000, Length: 44, Loss: 0.0278, Entropy: 0.6920, Epsilon: 0.876
2026-03-29 16:15:35 | INFO | [Episode   50] eps=0.876  avg_reward=  28.060  avg_length= 28.06  avg_loss=  0.3037  avg_entropy=0.6920  eval_success=0.000
2026-03-29 16:15:35 | INFO | Episode   51 - Reward: 23.000, Length: 23, Loss: 0.0316, Entropy: 0.6919, Epsilon: 0.874
2026-03-29 16:15:36 | INFO | Episode   52 - Reward: 11.000, Length: 11, Loss: 0.0425, Entropy: 0.6919, Epsilon: 0.871
2026-03-29 16:15:36 | INFO | Episode   53 - Reward: 17.000, Length: 17, Loss: 0.0394, Entropy: 0.6920, Epsilon: 0.869
2026-03-29 16:15:37 | INFO | Episode   54 - Reward: 22.000, Length: 22, Loss: 0.0502, Entropy: 0.6920, Epsilon: 0.866
2026-03-29 16:15:37 | INFO | Episode   55 - Reward: 10.000, Length: 10, Loss: 0.0233, Entropy: 0.6920, Epsilon: 0.864
2026-03-29 16:15:38 | INFO | Episode   56 - Reward: 32.000, Length: 32, Loss: 0.0238, Entropy: 0.6921, Epsilon: 0.861
2026-03-29 16:15:38 | INFO | Episode   57 - Reward: 34.000, Length: 34, Loss: 0.8901, Entropy: 0.6921, Epsilon: 0.859
2026-03-29 16:15:38 | INFO | Episode   58 - Reward: 23.000, Length: 23, Loss: 0.5849, Entropy: 0.6919, Epsilon: 0.856
2026-03-29 16:15:39 | INFO | Episode   59 - Reward: 27.000, Length: 27, Loss: 0.3795, Entropy: 0.6918, Epsilon: 0.854
2026-03-29 16:15:39 | INFO | Episode   60 - Reward: 13.000, Length: 13, Loss: 0.2658, Entropy: 0.6916, Epsilon: 0.852
2026-03-29 16:15:40 | INFO | Episode   61 - Reward: 23.000, Length: 23, Loss: 0.2423, Entropy: 0.6917, Epsilon: 0.849
2026-03-29 16:15:40 | INFO | Episode   62 - Reward: 34.000, Length: 34, Loss: 0.2254, Entropy: 0.6917, Epsilon: 0.847
2026-03-29 16:15:41 | INFO | Episode   63 - Reward: 15.000, Length: 15, Loss: 0.1375, Entropy: 0.6917, Epsilon: 0.844
2026-03-29 16:15:41 | INFO | Episode   64 - Reward: 16.000, Length: 16, Loss: 0.1674, Entropy: 0.6918, Epsilon: 0.842
2026-03-29 16:15:42 | INFO | Episode   65 - Reward: 26.000, Length: 26, Loss: 0.1705, Entropy: 0.6918, Epsilon: 0.839
2026-03-29 16:15:42 | INFO | Episode   66 - Reward: 29.000, Length: 29, Loss: 0.1859, Entropy: 0.6920, Epsilon: 0.837
2026-03-29 16:15:42 | INFO | Episode   67 - Reward: 20.000, Length: 20, Loss: 0.1975, Entropy: 0.6920, Epsilon: 0.834
2026-03-29 16:15:43 | INFO | Episode   68 - Reward: 11.000, Length: 11, Loss: 0.2183, Entropy: 0.6920, Epsilon: 0.832
2026-03-29 16:15:44 | INFO | Episode   69 - Reward: 14.000, Length: 14, Loss: 0.1379, Entropy: 0.6921, Epsilon: 0.829
2026-03-29 16:15:44 | INFO | Episode   70 - Reward: 19.000, Length: 19, Loss: 0.1526, Entropy: 0.6919, Epsilon: 0.827
2026-03-29 16:15:45 | INFO | Episode   71 - Reward: 16.000, Length: 16, Loss: 0.1200, Entropy: 0.6919, Epsilon: 0.824
2026-03-29 16:15:46 | INFO | Episode   72 - Reward: 14.000, Length: 14, Loss: 0.1830, Entropy: 0.6918, Epsilon: 0.822
2026-03-29 16:15:46 | INFO | Episode   73 - Reward: 17.000, Length: 17, Loss: 0.1285, Entropy: 0.6920, Epsilon: 0.819
2026-03-29 16:15:47 | INFO | Episode   74 - Reward: 49.000, Length: 49, Loss: 0.1885, Entropy: 0.6919, Epsilon: 0.817
2026-03-29 16:15:47 | INFO | Episode   75 - Reward: 34.000, Length: 34, Loss: 0.1458, Entropy: 0.6918, Epsilon: 0.814
2026-03-29 16:15:48 | INFO | Episode   76 - Reward: 44.000, Length: 44, Loss: 0.1703, Entropy: 0.6918, Epsilon: 0.812
2026-03-29 16:15:48 | INFO | Episode   77 - Reward: 13.000, Length: 13, Loss: 0.1508, Entropy: 0.6918, Epsilon: 0.809
2026-03-29 16:15:49 | INFO | Episode   78 - Reward: 20.000, Length: 20, Loss: 0.9581, Entropy: 0.6916, Epsilon: 0.807
2026-03-29 16:15:49 | INFO | Episode   79 - Reward: 17.000, Length: 17, Loss: 0.5917, Entropy: 0.6917, Epsilon: 0.804
2026-03-29 16:15:50 | INFO | Episode   80 - Reward: 21.000, Length: 21, Loss: 0.4595, Entropy: 0.6917, Epsilon: 0.802
2026-03-29 16:15:50 | INFO | Episode   81 - Reward: 20.000, Length: 20, Loss: 0.4077, Entropy: 0.6914, Epsilon: 0.800
2026-03-29 16:15:51 | INFO | Episode   82 - Reward: 22.000, Length: 22, Loss: 0.4657, Entropy: 0.6916, Epsilon: 0.797
2026-03-29 16:15:51 | INFO | Episode   83 - Reward: 16.000, Length: 16, Loss: 0.3542, Entropy: 0.6918, Epsilon: 0.795
2026-03-29 16:15:52 | INFO | Episode   84 - Reward: 70.000, Length: 70, Loss: 0.3678, Entropy: 0.6919, Epsilon: 0.792
2026-03-29 16:15:52 | INFO | Episode   85 - Reward: 15.000, Length: 15, Loss: 0.3379, Entropy: 0.6917, Epsilon: 0.790
2026-03-29 16:15:53 | INFO | Episode   86 - Reward: 34.000, Length: 34, Loss: 0.4059, Entropy: 0.6917, Epsilon: 0.787
2026-03-29 16:15:53 | INFO | Episode   87 - Reward: 35.000, Length: 35, Loss: 0.3276, Entropy: 0.6917, Epsilon: 0.785
2026-03-29 16:15:53 | INFO | Episode   88 - Reward: 12.000, Length: 12, Loss: 0.4016, Entropy: 0.6917, Epsilon: 0.782
2026-03-29 16:15:54 | INFO | Episode   89 - Reward: 22.000, Length: 22, Loss: 0.2316, Entropy: 0.6918, Epsilon: 0.780
2026-03-29 16:15:55 | INFO | Episode   90 - Reward: 12.000, Length: 12, Loss: 0.3073, Entropy: 0.6920, Epsilon: 0.777
2026-03-29 16:15:55 | INFO | Episode   91 - Reward: 19.000, Length: 19, Loss: 0.3123, Entropy: 0.6920, Epsilon: 0.775
2026-03-29 16:15:55 | INFO | Episode   92 - Reward: 35.000, Length: 35, Loss: 0.3822, Entropy: 0.6920, Epsilon: 0.772
2026-03-29 16:15:56 | INFO | Episode   93 - Reward: 69.000, Length: 69, Loss: 0.3833, Entropy: 0.6918, Epsilon: 0.770
2026-03-29 16:15:57 | INFO | Episode   94 - Reward: 19.000, Length: 19, Loss: 0.3107, Entropy: 0.6915, Epsilon: 0.767
2026-03-29 16:15:57 | INFO | Episode   95 - Reward: 64.000, Length: 64, Loss: 0.3026, Entropy: 0.6915, Epsilon: 0.765
2026-03-29 16:15:58 | INFO | Episode   96 - Reward: 19.000, Length: 19, Loss: 1.0105, Entropy: 0.6916, Epsilon: 0.762
2026-03-29 16:15:58 | INFO | Episode   97 - Reward: 19.000, Length: 19, Loss: 0.7108, Entropy: 0.6914, Epsilon: 0.760
2026-03-29 16:15:58 | INFO | Episode   98 - Reward: 23.000, Length: 23, Loss: 0.6987, Entropy: 0.6917, Epsilon: 0.757
2026-03-29 16:15:59 | INFO | Episode   99 - Reward: 28.000, Length: 28, Loss: 0.7906, Entropy: 0.6921, Epsilon: 0.755
2026-03-29 16:15:59 | INFO | Episode  100 - Reward: 25.000, Length: 25, Loss: 0.6664, Entropy: 0.6918, Epsilon: 0.752
2026-03-29 16:16:00 | INFO | [Episode  100] eps=0.752  avg_reward=  24.840  avg_length= 24.84  avg_loss=  0.3288  avg_entropy=0.6918  eval_success=0.000
2026-03-29 16:16:00 | INFO | Episode  101 - Reward: 17.000, Length: 17, Loss: 0.5960, Entropy: 0.6916, Epsilon: 0.750
2026-03-29 16:16:01 | INFO | Episode  102 - Reward: 13.000, Length: 13, Loss: 0.5295, Entropy: 0.6919, Epsilon: 0.748
2026-03-29 16:16:01 | INFO | Episode  103 - Reward: 18.000, Length: 18, Loss: 0.4597, Entropy: 0.6922, Epsilon: 0.745
2026-03-29 16:16:02 | INFO | Episode  104 - Reward: 18.000, Length: 18, Loss: 0.4995, Entropy: 0.6923, Epsilon: 0.743
2026-03-29 16:16:02 | INFO | Episode  105 - Reward: 36.000, Length: 36, Loss: 0.5104, Entropy: 0.6924, Epsilon: 0.740
2026-03-29 16:16:02 | INFO | Episode  106 - Reward: 26.000, Length: 26, Loss: 0.5210, Entropy: 0.6924, Epsilon: 0.738
2026-03-29 16:16:03 | INFO | Episode  107 - Reward: 17.000, Length: 17, Loss: 0.6664, Entropy: 0.6924, Epsilon: 0.735
2026-03-29 16:16:03 | INFO | Episode  108 - Reward: 23.000, Length: 23, Loss: 0.5384, Entropy: 0.6924, Epsilon: 0.733
2026-03-29 16:16:04 | INFO | Episode  109 - Reward: 23.000, Length: 23, Loss: 0.7117, Entropy: 0.6923, Epsilon: 0.730
2026-03-29 16:16:04 | INFO | Episode  110 - Reward: 22.000, Length: 22, Loss: 0.5736, Entropy: 0.6924, Epsilon: 0.728
2026-03-29 16:16:05 | INFO | Episode  111 - Reward: 19.000, Length: 19, Loss: 0.5973, Entropy: 0.6924, Epsilon: 0.725
2026-03-29 16:16:05 | INFO | Episode  112 - Reward: 55.000, Length: 55, Loss: 0.6467, Entropy: 0.6922, Epsilon: 0.723
2026-03-29 16:16:06 | INFO | Episode  113 - Reward: 16.000, Length: 16, Loss: 0.5846, Entropy: 0.6922, Epsilon: 0.720
2026-03-29 16:16:07 | INFO | Episode  114 - Reward: 21.000, Length: 21, Loss: 0.4942, Entropy: 0.6922, Epsilon: 0.718
2026-03-29 16:16:07 | INFO | Episode  115 - Reward: 18.000, Length: 18, Loss: 0.5025, Entropy: 0.6920, Epsilon: 0.715
2026-03-29 16:16:08 | INFO | Episode  116 - Reward: 24.000, Length: 24, Loss: 0.4768, Entropy: 0.6922, Epsilon: 0.713
2026-03-29 16:16:09 | INFO | Episode  117 - Reward: 83.000, Length: 83, Loss: 1.1384, Entropy: 0.6920, Epsilon: 0.710
2026-03-29 16:16:09 | INFO | Episode  118 - Reward: 19.000, Length: 19, Loss: 0.5485, Entropy: 0.6919, Epsilon: 0.708
2026-03-29 16:16:10 | INFO | Episode  119 - Reward: 29.000, Length: 29, Loss: 0.7270, Entropy: 0.6925, Epsilon: 0.705
2026-03-29 16:16:11 | INFO | Episode  120 - Reward: 11.000, Length: 11, Loss: 1.0506, Entropy: 0.6924, Epsilon: 0.703
2026-03-29 16:16:12 | INFO | Episode  121 - Reward: 22.000, Length: 22, Loss: 1.1199, Entropy: 0.6925, Epsilon: 0.701
2026-03-29 16:16:12 | INFO | Episode  122 - Reward: 19.000, Length: 19, Loss: 0.9543, Entropy: 0.6923, Epsilon: 0.698
2026-03-29 16:16:13 | INFO | Episode  123 - Reward: 13.000, Length: 13, Loss: 0.8841, Entropy: 0.6923, Epsilon: 0.696
2026-03-29 16:16:14 | INFO | Episode  124 - Reward: 26.000, Length: 26, Loss: 0.9738, Entropy: 0.6924, Epsilon: 0.693
2026-03-29 16:16:15 | INFO | Episode  125 - Reward: 24.000, Length: 24, Loss: 0.7435, Entropy: 0.6925, Epsilon: 0.691
2026-03-29 16:16:15 | INFO | Episode  126 - Reward: 38.000, Length: 38, Loss: 0.7088, Entropy: 0.6925, Epsilon: 0.688
2026-03-29 16:16:16 | INFO | Episode  127 - Reward: 25.000, Length: 25, Loss: 0.8213, Entropy: 0.6925, Epsilon: 0.686
2026-03-29 16:16:17 | INFO | Episode  128 - Reward: 38.000, Length: 38, Loss: 0.7490, Entropy: 0.6925, Epsilon: 0.683
2026-03-29 16:16:19 | INFO | Episode  129 - Reward: 14.000, Length: 14, Loss: 0.8980, Entropy: 0.6924, Epsilon: 0.681
2026-03-29 16:16:20 | INFO | Episode  130 - Reward: 32.000, Length: 32, Loss: 0.7929, Entropy: 0.6924, Epsilon: 0.678
2026-03-29 16:16:21 | INFO | Episode  131 - Reward: 17.000, Length: 17, Loss: 0.7472, Entropy: 0.6922, Epsilon: 0.676
2026-03-29 16:16:22 | INFO | Episode  132 - Reward: 18.000, Length: 18, Loss: 0.7017, Entropy: 0.6923, Epsilon: 0.673
2026-03-29 16:16:24 | INFO | Episode  133 - Reward: 44.000, Length: 44, Loss: 0.7973, Entropy: 0.6924, Epsilon: 0.671
2026-03-29 16:16:25 | INFO | Episode  134 - Reward: 45.000, Length: 45, Loss: 0.9531, Entropy: 0.6925, Epsilon: 0.668
2026-03-29 16:16:27 | INFO | Episode  135 - Reward: 20.000, Length: 20, Loss: 1.4501, Entropy: 0.6925, Epsilon: 0.666
2026-03-29 16:16:29 | INFO | Episode  136 - Reward: 17.000, Length: 17, Loss: 1.0192, Entropy: 0.6925, Epsilon: 0.663
2026-03-29 16:16:30 | INFO | Episode  137 - Reward: 25.000, Length: 25, Loss: 0.7996, Entropy: 0.6926, Epsilon: 0.661
2026-03-29 16:16:31 | INFO | Episode  138 - Reward: 25.000, Length: 25, Loss: 0.9380, Entropy: 0.6922, Epsilon: 0.658
2026-03-29 16:16:33 | INFO | Episode  139 - Reward: 21.000, Length: 21, Loss: 0.8836, Entropy: 0.6923, Epsilon: 0.656
2026-03-29 16:16:34 | INFO | Episode  140 - Reward: 26.000, Length: 26, Loss: 1.2712, Entropy: 0.6924, Epsilon: 0.653
2026-03-29 16:16:35 | INFO | Episode  141 - Reward: 23.000, Length: 23, Loss: 1.1208, Entropy: 0.6924, Epsilon: 0.651
2026-03-29 16:16:36 | INFO | Episode  142 - Reward: 28.000, Length: 28, Loss: 1.1651, Entropy: 0.6925, Epsilon: 0.649
2026-03-29 16:16:37 | INFO | Episode  143 - Reward: 26.000, Length: 26, Loss: 0.9070, Entropy: 0.6925, Epsilon: 0.646
2026-03-29 16:16:37 | INFO | Episode  144 - Reward: 21.000, Length: 21, Loss: 0.9192, Entropy: 0.6925, Epsilon: 0.644
2026-03-29 16:16:38 | INFO | Episode  145 - Reward: 17.000, Length: 17, Loss: 0.8436, Entropy: 0.6926, Epsilon: 0.641
2026-03-29 16:16:39 | INFO | Episode  146 - Reward: 36.000, Length: 36, Loss: 0.7695, Entropy: 0.6922, Epsilon: 0.639
2026-03-29 16:16:40 | INFO | Episode  147 - Reward: 13.000, Length: 13, Loss: 0.9464, Entropy: 0.6919, Epsilon: 0.636
2026-03-29 16:16:41 | INFO | Episode  148 - Reward: 40.000, Length: 40, Loss: 1.1276, Entropy: 0.6926, Epsilon: 0.634
2026-03-29 16:16:42 | INFO | Episode  149 - Reward: 51.000, Length: 51, Loss: 1.1084, Entropy: 0.6925, Epsilon: 0.631
2026-03-29 16:16:42 | INFO | Episode  150 - Reward: 30.000, Length: 30, Loss: 0.9528, Entropy: 0.6926, Epsilon: 0.629
2026-03-29 16:16:49 | INFO | [Episode  150] eps=0.629  avg_reward=  26.040  avg_length= 26.04  avg_loss=  0.8088  avg_entropy=0.6926  eval_success=0.000
2026-03-29 16:16:50 | INFO | Episode  151 - Reward: 27.000, Length: 27, Loss: 0.7353, Entropy: 0.6925, Epsilon: 0.626
2026-03-29 16:16:50 | INFO | Episode  152 - Reward: 14.000, Length: 14, Loss: 0.9811, Entropy: 0.6922, Epsilon: 0.624
2026-03-29 16:16:51 | INFO | Episode  153 - Reward: 20.000, Length: 20, Loss: 0.8224, Entropy: 0.6924, Epsilon: 0.621
2026-03-29 16:16:52 | INFO | Episode  154 - Reward: 25.000, Length: 25, Loss: 2.0693, Entropy: 0.6922, Epsilon: 0.619
2026-03-29 16:16:53 | INFO | Episode  155 - Reward: 60.000, Length: 60, Loss: 1.5070, Entropy: 0.6913, Epsilon: 0.616
2026-03-29 16:16:53 | INFO | Episode  156 - Reward: 22.000, Length: 22, Loss: 1.5913, Entropy: 0.6921, Epsilon: 0.614
2026-03-29 16:16:54 | INFO | Episode  157 - Reward: 14.000, Length: 14, Loss: 1.4490, Entropy: 0.6922, Epsilon: 0.611
2026-03-29 16:16:55 | INFO | Episode  158 - Reward: 40.000, Length: 40, Loss: 1.1934, Entropy: 0.6925, Epsilon: 0.609
2026-03-29 16:16:56 | INFO | Episode  159 - Reward: 63.000, Length: 63, Loss: 1.2100, Entropy: 0.6925, Epsilon: 0.606
2026-03-29 16:16:57 | INFO | Episode  160 - Reward: 20.000, Length: 20, Loss: 1.1253, Entropy: 0.6925, Epsilon: 0.604
2026-03-29 16:16:57 | INFO | Episode  161 - Reward: 27.000, Length: 27, Loss: 1.6208, Entropy: 0.6924, Epsilon: 0.602
2026-03-29 16:16:58 | INFO | Episode  162 - Reward: 23.000, Length: 23, Loss: 1.2682, Entropy: 0.6924, Epsilon: 0.599
2026-03-29 16:16:59 | INFO | Episode  163 - Reward: 26.000, Length: 26, Loss: 1.0526, Entropy: 0.6923, Epsilon: 0.597
2026-03-29 16:17:00 | INFO | Episode  164 - Reward: 12.000, Length: 12, Loss: 1.0921, Entropy: 0.6925, Epsilon: 0.594
2026-03-29 16:17:01 | INFO | Episode  165 - Reward: 23.000, Length: 23, Loss: 1.2561, Entropy: 0.6924, Epsilon: 0.592
2026-03-29 16:17:01 | INFO | Episode  166 - Reward: 19.000, Length: 19, Loss: 1.2632, Entropy: 0.6922, Epsilon: 0.589
2026-03-29 16:17:02 | INFO | Episode  167 - Reward: 20.000, Length: 20, Loss: 1.1170, Entropy: 0.6922, Epsilon: 0.587
2026-03-29 16:17:03 | INFO | Episode  168 - Reward: 30.000, Length: 30, Loss: 1.1065, Entropy: 0.6923, Epsilon: 0.584
2026-03-29 16:17:04 | INFO | Episode  169 - Reward: 23.000, Length: 23, Loss: 1.1470, Entropy: 0.6923, Epsilon: 0.582
2026-03-29 16:17:05 | INFO | Episode  170 - Reward: 31.000, Length: 31, Loss: 1.2743, Entropy: 0.6920, Epsilon: 0.579
2026-03-29 16:17:05 | INFO | Episode  171 - Reward: 29.000, Length: 29, Loss: 1.4612, Entropy: 0.6917, Epsilon: 0.577
2026-03-29 16:17:06 | INFO | Episode  172 - Reward: 17.000, Length: 17, Loss: 1.5303, Entropy: 0.6921, Epsilon: 0.574
2026-03-29 16:17:07 | INFO | Episode  173 - Reward: 31.000, Length: 31, Loss: 1.4867, Entropy: 0.6922, Epsilon: 0.572
2026-03-29 16:17:08 | INFO | Episode  174 - Reward: 42.000, Length: 42, Loss: 1.6313, Entropy: 0.6918, Epsilon: 0.569
2026-03-29 16:17:09 | INFO | Episode  175 - Reward: 21.000, Length: 21, Loss: 1.1181, Entropy: 0.6909, Epsilon: 0.567
2026-03-29 16:17:09 | INFO | Episode  176 - Reward: 17.000, Length: 17, Loss: 1.9258, Entropy: 0.6916, Epsilon: 0.564
2026-03-29 16:17:10 | INFO | Episode  177 - Reward: 18.000, Length: 18, Loss: 1.9420, Entropy: 0.6904, Epsilon: 0.562
2026-03-29 16:17:11 | INFO | Episode  178 - Reward: 13.000, Length: 13, Loss: 1.6882, Entropy: 0.6908, Epsilon: 0.559
2026-03-29 16:17:12 | INFO | Episode  179 - Reward: 11.000, Length: 11, Loss: 1.4131, Entropy: 0.6909, Epsilon: 0.557
2026-03-29 16:17:13 | INFO | Episode  180 - Reward: 20.000, Length: 20, Loss: 1.6483, Entropy: 0.6914, Epsilon: 0.554
2026-03-29 16:17:14 | INFO | Episode  181 - Reward: 11.000, Length: 11, Loss: 1.6534, Entropy: 0.6918, Epsilon: 0.552
2026-03-29 16:17:15 | INFO | Episode  182 - Reward: 33.000, Length: 33, Loss: 1.4965, Entropy: 0.6910, Epsilon: 0.550
2026-03-29 16:17:15 | INFO | Episode  183 - Reward: 24.000, Length: 24, Loss: 1.6808, Entropy: 0.6918, Epsilon: 0.547
2026-03-29 16:17:16 | INFO | Episode  184 - Reward: 103.000, Length: 103, Loss: 1.4145, Entropy: 0.6922, Epsilon: 0.545
2026-03-29 16:17:17 | INFO | Episode  185 - Reward: 21.000, Length: 21, Loss: 1.1492, Entropy: 0.6922, Epsilon: 0.542
2026-03-29 16:17:17 | INFO | Episode  186 - Reward: 25.000, Length: 25, Loss: 1.4837, Entropy: 0.6914, Epsilon: 0.540
2026-03-29 16:17:18 | INFO | Episode  187 - Reward: 77.000, Length: 77, Loss: 1.6898, Entropy: 0.6913, Epsilon: 0.537
2026-03-29 16:17:19 | INFO | Episode  188 - Reward: 113.000, Length: 113, Loss: 1.3681, Entropy: 0.6917, Epsilon: 0.535
2026-03-29 16:17:19 | INFO | Episode  189 - Reward: 25.000, Length: 25, Loss: 2.0373, Entropy: 0.6914, Epsilon: 0.532
2026-03-29 16:17:20 | INFO | Episode  190 - Reward: 19.000, Length: 19, Loss: 1.8525, Entropy: 0.6908, Epsilon: 0.530
2026-03-29 16:17:21 | INFO | Episode  191 - Reward: 68.000, Length: 68, Loss: 1.5378, Entropy: 0.6919, Epsilon: 0.527
2026-03-29 16:17:21 | INFO | Episode  192 - Reward: 75.000, Length: 75, Loss: 1.5456, Entropy: 0.6918, Epsilon: 0.525
2026-03-29 16:17:22 | INFO | Episode  193 - Reward: 36.000, Length: 36, Loss: 1.6476, Entropy: 0.6911, Epsilon: 0.522
2026-03-29 16:17:23 | INFO | Episode  194 - Reward: 58.000, Length: 58, Loss: 1.4142, Entropy: 0.6914, Epsilon: 0.520
2026-03-29 16:17:23 | INFO | Episode  195 - Reward: 21.000, Length: 21, Loss: 1.8204, Entropy: 0.6914, Epsilon: 0.517
2026-03-29 16:17:24 | INFO | Episode  196 - Reward: 37.000, Length: 37, Loss: 1.2103, Entropy: 0.6905, Epsilon: 0.515
2026-03-29 16:17:25 | INFO | Episode  197 - Reward: 13.000, Length: 13, Loss: 1.7644, Entropy: 0.6913, Epsilon: 0.512
2026-03-29 16:17:25 | INFO | Episode  198 - Reward: 56.000, Length: 56, Loss: 1.5905, Entropy: 0.6913, Epsilon: 0.510
2026-03-29 16:17:26 | INFO | Episode  199 - Reward: 48.000, Length: 48, Loss: 2.3929, Entropy: 0.6916, Epsilon: 0.507
2026-03-29 16:17:27 | INFO | Episode  200 - Reward: 47.000, Length: 47, Loss: 2.0472, Entropy: 0.6917, Epsilon: 0.505
2026-03-29 16:17:32 | INFO | [Episode  200] eps=0.505  avg_reward=  33.360  avg_length= 33.36  avg_loss=  1.4705  avg_entropy=0.6917  eval_success=0.000
2026-03-29 16:17:33 | INFO | Episode  201 - Reward: 21.000, Length: 21, Loss: 2.2253, Entropy: 0.6913, Epsilon: 0.503
2026-03-29 16:17:34 | INFO | Episode  202 - Reward: 86.000, Length: 86, Loss: 2.2232, Entropy: 0.6914, Epsilon: 0.500
2026-03-29 16:17:35 | INFO | Episode  203 - Reward: 17.000, Length: 17, Loss: 1.6235, Entropy: 0.6900, Epsilon: 0.498
2026-03-29 16:17:35 | INFO | Episode  204 - Reward: 13.000, Length: 13, Loss: 2.2930, Entropy: 0.6899, Epsilon: 0.495
2026-03-29 16:17:36 | INFO | Episode  205 - Reward: 75.000, Length: 75, Loss: 2.1264, Entropy: 0.6891, Epsilon: 0.493
2026-03-29 16:17:37 | INFO | Episode  206 - Reward: 10.000, Length: 10, Loss: 2.0351, Entropy: 0.6893, Epsilon: 0.490
2026-03-29 16:17:38 | INFO | Episode  207 - Reward: 37.000, Length: 37, Loss: 2.1581, Entropy: 0.6899, Epsilon: 0.488
2026-03-29 16:17:38 | INFO | Episode  208 - Reward: 18.000, Length: 18, Loss: 2.4247, Entropy: 0.6901, Epsilon: 0.485
2026-03-29 16:17:39 | INFO | Episode  209 - Reward: 14.000, Length: 14, Loss: 2.3096, Entropy: 0.6902, Epsilon: 0.483
2026-03-29 16:17:40 | INFO | Episode  210 - Reward: 14.000, Length: 14, Loss: 2.3314, Entropy: 0.6914, Epsilon: 0.480
2026-03-29 16:17:41 | INFO | Episode  211 - Reward: 53.000, Length: 53, Loss: 1.7006, Entropy: 0.6914, Epsilon: 0.478
2026-03-29 16:17:42 | INFO | Episode  212 - Reward: 40.000, Length: 40, Loss: 2.3665, Entropy: 0.6908, Epsilon: 0.475
2026-03-29 16:17:43 | INFO | Episode  213 - Reward: 23.000, Length: 23, Loss: 1.9853, Entropy: 0.6910, Epsilon: 0.473
2026-03-29 16:17:44 | INFO | Episode  214 - Reward: 60.000, Length: 60, Loss: 2.6759, Entropy: 0.6900, Epsilon: 0.470
2026-03-29 16:17:44 | INFO | Episode  215 - Reward: 25.000, Length: 25, Loss: 2.7588, Entropy: 0.6899, Epsilon: 0.468
2026-03-29 16:17:45 | INFO | Episode  216 - Reward: 23.000, Length: 23, Loss: 2.3631, Entropy: 0.6900, Epsilon: 0.465
2026-03-29 16:17:46 | INFO | Episode  217 - Reward: 19.000, Length: 19, Loss: 1.9960, Entropy: 0.6894, Epsilon: 0.463
2026-03-29 16:17:47 | INFO | Episode  218 - Reward: 27.000, Length: 27, Loss: 2.1381, Entropy: 0.6888, Epsilon: 0.460
2026-03-29 16:17:48 | INFO | Episode  219 - Reward: 39.000, Length: 39, Loss: 2.1352, Entropy: 0.6882, Epsilon: 0.458
2026-03-29 16:17:49 | INFO | Episode  220 - Reward: 22.000, Length: 22, Loss: 2.2651, Entropy: 0.6875, Epsilon: 0.456
2026-03-29 16:17:50 | INFO | Episode  221 - Reward: 16.000, Length: 16, Loss: 2.9921, Entropy: 0.6871, Epsilon: 0.453
2026-03-29 16:17:50 | INFO | Episode  222 - Reward: 19.000, Length: 19, Loss: 2.7111, Entropy: 0.6879, Epsilon: 0.451
2026-03-29 16:17:51 | INFO | Episode  223 - Reward: 21.000, Length: 21, Loss: 2.4348, Entropy: 0.6883, Epsilon: 0.448
2026-03-29 16:17:52 | INFO | Episode  224 - Reward: 64.000, Length: 64, Loss: 2.0096, Entropy: 0.6889, Epsilon: 0.446
2026-03-29 16:17:53 | INFO | Episode  225 - Reward: 111.000, Length: 111, Loss: 2.0804, Entropy: 0.6897, Epsilon: 0.443
2026-03-29 16:17:54 | INFO | Episode  226 - Reward: 59.000, Length: 59, Loss: 2.4826, Entropy: 0.6890, Epsilon: 0.441
2026-03-29 16:17:55 | INFO | Episode  227 - Reward: 53.000, Length: 53, Loss: 2.4958, Entropy: 0.6895, Epsilon: 0.438
2026-03-29 16:17:56 | INFO | Episode  228 - Reward: 14.000, Length: 14, Loss: 2.0632, Entropy: 0.6876, Epsilon: 0.436
2026-03-29 16:17:56 | INFO | Episode  229 - Reward: 19.000, Length: 19, Loss: 2.5570, Entropy: 0.6879, Epsilon: 0.433
2026-03-29 16:17:58 | INFO | Episode  230 - Reward: 45.000, Length: 45, Loss: 2.2733, Entropy: 0.6878, Epsilon: 0.431
2026-03-29 16:17:59 | INFO | Episode  231 - Reward: 149.000, Length: 149, Loss: 2.7542, Entropy: 0.6851, Epsilon: 0.428
2026-03-29 16:17:59 | INFO | Episode  232 - Reward: 17.000, Length: 17, Loss: 2.1041, Entropy: 0.6819, Epsilon: 0.426
2026-03-29 16:18:00 | INFO | Episode  233 - Reward: 17.000, Length: 17, Loss: 2.4760, Entropy: 0.6850, Epsilon: 0.423
2026-03-29 16:18:01 | INFO | Episode  234 - Reward: 22.000, Length: 22, Loss: 2.4855, Entropy: 0.6831, Epsilon: 0.421
2026-03-29 16:18:02 | INFO | Episode  235 - Reward: 30.000, Length: 30, Loss: 2.6675, Entropy: 0.6851, Epsilon: 0.418
2026-03-29 16:18:03 | INFO | Episode  236 - Reward: 28.000, Length: 28, Loss: 2.8339, Entropy: 0.6868, Epsilon: 0.416
2026-03-29 16:18:04 | INFO | Episode  237 - Reward: 82.000, Length: 82, Loss: 3.0562, Entropy: 0.6860, Epsilon: 0.413
2026-03-29 16:18:04 | INFO | Episode  238 - Reward: 83.000, Length: 83, Loss: 2.6377, Entropy: 0.6854, Epsilon: 0.411
2026-03-29 16:18:05 | INFO | Episode  239 - Reward: 34.000, Length: 34, Loss: 3.0456, Entropy: 0.6861, Epsilon: 0.408
2026-03-29 16:18:05 | INFO | Episode  240 - Reward: 47.000, Length: 47, Loss: 3.1544, Entropy: 0.6856, Epsilon: 0.406
2026-03-29 16:18:06 | INFO | Episode  241 - Reward: 72.000, Length: 72, Loss: 2.1841, Entropy: 0.6846, Epsilon: 0.404
2026-03-29 16:18:06 | INFO | Episode  242 - Reward: 32.000, Length: 32, Loss: 2.8768, Entropy: 0.6853, Epsilon: 0.401
2026-03-29 16:18:07 | INFO | Episode  243 - Reward: 35.000, Length: 35, Loss: 2.5442, Entropy: 0.6844, Epsilon: 0.399
2026-03-29 16:18:07 | INFO | Episode  244 - Reward: 38.000, Length: 38, Loss: 3.0456, Entropy: 0.6843, Epsilon: 0.396
2026-03-29 16:18:08 | INFO | Episode  245 - Reward: 77.000, Length: 77, Loss: 2.6064, Entropy: 0.6842, Epsilon: 0.394
2026-03-29 16:18:08 | INFO | Episode  246 - Reward: 24.000, Length: 24, Loss: 2.5222, Entropy: 0.6830, Epsilon: 0.391
2026-03-29 16:18:09 | INFO | Episode  247 - Reward: 45.000, Length: 45, Loss: 3.2005, Entropy: 0.6817, Epsilon: 0.389
2026-03-29 16:18:09 | INFO | Episode  248 - Reward: 62.000, Length: 62, Loss: 3.0413, Entropy: 0.6843, Epsilon: 0.386
2026-03-29 16:18:10 | INFO | Episode  249 - Reward: 15.000, Length: 15, Loss: 3.0742, Entropy: 0.6838, Epsilon: 0.384
2026-03-29 16:18:10 | INFO | Episode  250 - Reward: 44.000, Length: 44, Loss: 3.9166, Entropy: 0.6817, Epsilon: 0.381
2026-03-29 16:18:13 | INFO | [Episode  250] eps=0.381  avg_reward=  40.200  avg_length= 40.20  avg_loss=  2.4892  avg_entropy=0.6817  eval_success=0.000
2026-03-29 16:18:13 | INFO | Episode  251 - Reward: 31.000, Length: 31, Loss: 2.9758, Entropy: 0.6811, Epsilon: 0.379
2026-03-29 16:18:14 | INFO | Episode  252 - Reward: 39.000, Length: 39, Loss: 3.0948, Entropy: 0.6818, Epsilon: 0.376
2026-03-29 16:18:15 | INFO | Episode  253 - Reward: 152.000, Length: 152, Loss: 3.0047, Entropy: 0.6789, Epsilon: 0.374
2026-03-29 16:18:15 | INFO | Episode  254 - Reward: 32.000, Length: 32, Loss: 1.4962, Entropy: 0.6807, Epsilon: 0.371
2026-03-29 16:18:15 | INFO | Episode  255 - Reward: 42.000, Length: 42, Loss: 2.5572, Entropy: 0.6796, Epsilon: 0.369
2026-03-29 16:18:16 | INFO | Episode  256 - Reward: 70.000, Length: 70, Loss: 2.8585, Entropy: 0.6811, Epsilon: 0.366
2026-03-29 16:18:16 | INFO | Episode  257 - Reward: 53.000, Length: 53, Loss: 2.8961, Entropy: 0.6767, Epsilon: 0.364
2026-03-29 16:18:17 | INFO | Episode  258 - Reward: 72.000, Length: 72, Loss: 2.9846, Entropy: 0.6767, Epsilon: 0.361
2026-03-29 16:18:17 | INFO | Episode  259 - Reward: 96.000, Length: 96, Loss: 2.2585, Entropy: 0.6796, Epsilon: 0.359
2026-03-29 16:18:18 | INFO | Episode  260 - Reward: 25.000, Length: 25, Loss: 3.6170, Entropy: 0.6777, Epsilon: 0.357
2026-03-29 16:18:18 | INFO | Episode  261 - Reward: 50.000, Length: 50, Loss: 2.0260, Entropy: 0.6781, Epsilon: 0.354
2026-03-29 16:18:19 | INFO | Episode  262 - Reward: 82.000, Length: 82, Loss: 4.2862, Entropy: 0.6771, Epsilon: 0.352
2026-03-29 16:18:19 | INFO | Episode  263 - Reward: 73.000, Length: 73, Loss: 3.9500, Entropy: 0.6729, Epsilon: 0.349
2026-03-29 16:18:20 | INFO | Episode  264 - Reward: 35.000, Length: 35, Loss: 3.1070, Entropy: 0.6765, Epsilon: 0.347
2026-03-29 16:18:20 | INFO | Episode  265 - Reward: 49.000, Length: 49, Loss: 3.3527, Entropy: 0.6762, Epsilon: 0.344
2026-03-29 16:18:21 | INFO | Episode  266 - Reward: 58.000, Length: 58, Loss: 3.7047, Entropy: 0.6757, Epsilon: 0.342
2026-03-29 16:18:21 | INFO | Episode  267 - Reward: 42.000, Length: 42, Loss: 4.0455, Entropy: 0.6741, Epsilon: 0.339
2026-03-29 16:18:22 | INFO | Episode  268 - Reward: 57.000, Length: 57, Loss: 2.1663, Entropy: 0.6745, Epsilon: 0.337
2026-03-29 16:18:22 | INFO | Episode  269 - Reward: 58.000, Length: 58, Loss: 3.5454, Entropy: 0.6726, Epsilon: 0.334
2026-03-29 16:18:23 | INFO | Episode  270 - Reward: 39.000, Length: 39, Loss: 2.4948, Entropy: 0.6725, Epsilon: 0.332
2026-03-29 16:18:24 | INFO | Episode  271 - Reward: 57.000, Length: 57, Loss: 3.8399, Entropy: 0.6703, Epsilon: 0.329
2026-03-29 16:18:24 | INFO | Episode  272 - Reward: 49.000, Length: 49, Loss: 3.4218, Entropy: 0.6711, Epsilon: 0.327
2026-03-29 16:18:25 | INFO | Episode  273 - Reward: 88.000, Length: 88, Loss: 2.7033, Entropy: 0.6691, Epsilon: 0.324
2026-03-29 16:18:25 | INFO | Episode  274 - Reward: 50.000, Length: 50, Loss: 4.3848, Entropy: 0.6685, Epsilon: 0.322
2026-03-29 16:18:26 | INFO | Episode  275 - Reward: 187.000, Length: 187, Loss: 3.7300, Entropy: 0.6676, Epsilon: 0.319
2026-03-29 16:18:26 | INFO | Episode  276 - Reward: 31.000, Length: 31, Loss: 2.9920, Entropy: 0.6695, Epsilon: 0.317
2026-03-29 16:18:27 | INFO | Episode  277 - Reward: 70.000, Length: 70, Loss: 2.1413, Entropy: 0.6648, Epsilon: 0.314
2026-03-29 16:18:27 | INFO | Episode  278 - Reward: 91.000, Length: 91, Loss: 2.4904, Entropy: 0.6650, Epsilon: 0.312
2026-03-29 16:18:28 | INFO | Episode  279 - Reward: 15.000, Length: 15, Loss: 4.1849, Entropy: 0.6631, Epsilon: 0.309
2026-03-29 16:18:28 | INFO | Episode  280 - Reward: 48.000, Length: 48, Loss: 3.3837, Entropy: 0.6611, Epsilon: 0.307
2026-03-29 16:18:29 | INFO | Episode  281 - Reward: 34.000, Length: 34, Loss: 3.2418, Entropy: 0.6616, Epsilon: 0.305
2026-03-29 16:18:29 | INFO | Episode  282 - Reward: 57.000, Length: 57, Loss: 3.1189, Entropy: 0.6612, Epsilon: 0.302
2026-03-29 16:18:30 | INFO | Episode  283 - Reward: 67.000, Length: 67, Loss: 3.4459, Entropy: 0.6532, Epsilon: 0.300
2026-03-29 16:18:30 | INFO | Episode  284 - Reward: 151.000, Length: 151, Loss: 2.4559, Entropy: 0.6554, Epsilon: 0.297
2026-03-29 16:18:31 | INFO | Episode  285 - Reward: 95.000, Length: 95, Loss: 3.7155, Entropy: 0.6570, Epsilon: 0.295
2026-03-29 16:18:31 | INFO | Episode  286 - Reward: 49.000, Length: 49, Loss: 3.7076, Entropy: 0.6553, Epsilon: 0.292
2026-03-29 16:18:32 | INFO | Episode  287 - Reward: 73.000, Length: 73, Loss: 3.5871, Entropy: 0.6571, Epsilon: 0.290
2026-03-29 16:18:33 | INFO | Episode  288 - Reward: 94.000, Length: 94, Loss: 3.9480, Entropy: 0.6550, Epsilon: 0.287
2026-03-29 16:18:33 | INFO | Episode  289 - Reward: 73.000, Length: 73, Loss: 3.6728, Entropy: 0.6515, Epsilon: 0.285
2026-03-29 16:18:34 | INFO | Episode  290 - Reward: 200.000, Length: 200, Loss: 4.7523, Entropy: 0.6446, Epsilon: 0.282
2026-03-29 16:18:34 | INFO | Episode  291 - Reward: 29.000, Length: 29, Loss: 3.4692, Entropy: 0.6520, Epsilon: 0.280
2026-03-29 16:18:35 | INFO | Episode  292 - Reward: 70.000, Length: 70, Loss: 3.7767, Entropy: 0.6528, Epsilon: 0.277
2026-03-29 16:18:35 | INFO | Episode  293 - Reward: 109.000, Length: 109, Loss: 2.7211, Entropy: 0.6449, Epsilon: 0.275
2026-03-29 16:18:35 | INFO | Episode  294 - Reward: 53.000, Length: 53, Loss: 4.6506, Entropy: 0.6457, Epsilon: 0.272
2026-03-29 16:18:36 | INFO | Episode  295 - Reward: 131.000, Length: 131, Loss: 2.5877, Entropy: 0.6462, Epsilon: 0.270
2026-03-29 16:18:37 | INFO | Episode  296 - Reward: 78.000, Length: 78, Loss: 4.6579, Entropy: 0.6480, Epsilon: 0.267
2026-03-29 16:18:37 | INFO | Episode  297 - Reward: 54.000, Length: 54, Loss: 3.7013, Entropy: 0.6429, Epsilon: 0.265
2026-03-29 16:18:37 | INFO | Episode  298 - Reward: 90.000, Length: 90, Loss: 3.7969, Entropy: 0.6399, Epsilon: 0.262
2026-03-29 16:18:38 | INFO | Episode  299 - Reward: 33.000, Length: 33, Loss: 3.2047, Entropy: 0.6298, Epsilon: 0.260
2026-03-29 16:18:38 | INFO | Episode  300 - Reward: 98.000, Length: 98, Loss: 4.3423, Entropy: 0.6328, Epsilon: 0.258
2026-03-29 16:18:43 | INFO | [Episode  300] eps=0.258  avg_reward=  69.580  avg_length= 69.58  avg_loss=  3.3250  avg_entropy=0.6328  eval_success=0.000
2026-03-29 16:18:44 | INFO | Episode  301 - Reward: 71.000, Length: 71, Loss: 4.6552, Entropy: 0.6381, Epsilon: 0.255
2026-03-29 16:18:44 | INFO | Episode  302 - Reward: 110.000, Length: 110, Loss: 5.8683, Entropy: 0.6379, Epsilon: 0.253
2026-03-29 16:18:44 | INFO | Episode  303 - Reward: 97.000, Length: 97, Loss: 4.2587, Entropy: 0.6380, Epsilon: 0.250
2026-03-29 16:18:45 | INFO | Episode  304 - Reward: 175.000, Length: 175, Loss: 5.0167, Entropy: 0.6351, Epsilon: 0.248
2026-03-29 16:18:45 | INFO | Episode  305 - Reward: 93.000, Length: 93, Loss: 4.6019, Entropy: 0.6251, Epsilon: 0.245
2026-03-29 16:18:46 | INFO | Episode  306 - Reward: 98.000, Length: 98, Loss: 4.0576, Entropy: 0.6233, Epsilon: 0.243
2026-03-29 16:18:46 | INFO | Episode  307 - Reward: 65.000, Length: 65, Loss: 4.9634, Entropy: 0.6284, Epsilon: 0.240
2026-03-29 16:18:46 | INFO | Episode  308 - Reward: 155.000, Length: 155, Loss: 5.1945, Entropy: 0.6202, Epsilon: 0.238
2026-03-29 16:18:47 | INFO | Episode  309 - Reward: 176.000, Length: 176, Loss: 5.4165, Entropy: 0.6275, Epsilon: 0.235
2026-03-29 16:18:47 | INFO | Episode  310 - Reward: 66.000, Length: 66, Loss: 5.6572, Entropy: 0.6315, Epsilon: 0.233
2026-03-29 16:18:48 | INFO | Episode  311 - Reward: 69.000, Length: 69, Loss: 5.4644, Entropy: 0.6291, Epsilon: 0.230
2026-03-29 16:18:48 | INFO | Episode  312 - Reward: 57.000, Length: 57, Loss: 6.8753, Entropy: 0.6257, Epsilon: 0.228
2026-03-29 16:18:49 | INFO | Episode  313 - Reward: 122.000, Length: 122, Loss: 5.9713, Entropy: 0.6202, Epsilon: 0.225
2026-03-29 16:18:49 | INFO | Episode  314 - Reward: 123.000, Length: 123, Loss: 6.6713, Entropy: 0.6232, Epsilon: 0.223
2026-03-29 16:18:50 | INFO | Episode  315 - Reward: 200.000, Length: 200, Loss: 6.7184, Entropy: 0.6276, Epsilon: 0.220
2026-03-29 16:18:50 | INFO | Episode  316 - Reward: 160.000, Length: 160, Loss: 14.4280, Entropy: 0.6223, Epsilon: 0.218
2026-03-29 16:18:51 | INFO | Episode  317 - Reward: 38.000, Length: 38, Loss: 22.4717, Entropy: 0.6258, Epsilon: 0.215
2026-03-29 16:18:51 | INFO | Episode  318 - Reward: 48.000, Length: 48, Loss: 16.3793, Entropy: 0.6297, Epsilon: 0.213
2026-03-29 16:18:52 | INFO | Episode  319 - Reward: 47.000, Length: 47, Loss: 5.3950, Entropy: 0.6285, Epsilon: 0.210
2026-03-29 16:18:52 | INFO | Episode  320 - Reward: 119.000, Length: 119, Loss: 5.7130, Entropy: 0.6323, Epsilon: 0.208
2026-03-29 16:18:52 | INFO | Episode  321 - Reward: 46.000, Length: 46, Loss: 6.0484, Entropy: 0.6323, Epsilon: 0.206
2026-03-29 16:18:53 | INFO | Episode  322 - Reward: 50.000, Length: 50, Loss: 4.7993, Entropy: 0.6284, Epsilon: 0.203
2026-03-29 16:18:53 | INFO | Episode  323 - Reward: 101.000, Length: 101, Loss: 3.6604, Entropy: 0.6230, Epsilon: 0.201
2026-03-29 16:18:54 | INFO | Episode  324 - Reward: 110.000, Length: 110, Loss: 5.9643, Entropy: 0.6298, Epsilon: 0.198
2026-03-29 16:18:54 | INFO | Episode  325 - Reward: 82.000, Length: 82, Loss: 3.4316, Entropy: 0.6247, Epsilon: 0.196
2026-03-29 16:18:55 | INFO | Episode  326 - Reward: 56.000, Length: 56, Loss: 4.2098, Entropy: 0.6239, Epsilon: 0.193
2026-03-29 16:18:55 | INFO | Episode  327 - Reward: 73.000, Length: 73, Loss: 4.1865, Entropy: 0.6220, Epsilon: 0.191
2026-03-29 16:18:55 | INFO | Episode  328 - Reward: 82.000, Length: 82, Loss: 4.9599, Entropy: 0.6188, Epsilon: 0.188
2026-03-29 16:18:56 | INFO | Episode  329 - Reward: 197.000, Length: 197, Loss: 4.4880, Entropy: 0.6133, Epsilon: 0.186
2026-03-29 16:18:56 | INFO | Episode  330 - Reward: 112.000, Length: 112, Loss: 4.1141, Entropy: 0.6180, Epsilon: 0.183
2026-03-29 16:18:57 | INFO | Episode  331 - Reward: 144.000, Length: 144, Loss: 4.4609, Entropy: 0.6242, Epsilon: 0.181
2026-03-29 16:18:57 | INFO | Episode  332 - Reward: 33.000, Length: 33, Loss: 5.8815, Entropy: 0.6185, Epsilon: 0.178
2026-03-29 16:18:58 | INFO | Episode  333 - Reward: 55.000, Length: 55, Loss: 5.1949, Entropy: 0.6203, Epsilon: 0.176
2026-03-29 16:18:59 | INFO | Episode  334 - Reward: 54.000, Length: 54, Loss: 3.6224, Entropy: 0.6186, Epsilon: 0.173
2026-03-29 16:18:59 | INFO | Episode  335 - Reward: 141.000, Length: 141, Loss: 3.8617, Entropy: 0.6225, Epsilon: 0.171
2026-03-29 16:19:00 | INFO | Episode  336 - Reward: 48.000, Length: 48, Loss: 5.1128, Entropy: 0.6138, Epsilon: 0.168
2026-03-29 16:19:00 | INFO | Episode  337 - Reward: 120.000, Length: 120, Loss: 6.0467, Entropy: 0.6135, Epsilon: 0.166
2026-03-29 16:19:01 | INFO | Episode  338 - Reward: 200.000, Length: 200, Loss: 4.0931, Entropy: 0.6119, Epsilon: 0.163
2026-03-29 16:19:01 | INFO | Episode  339 - Reward: 112.000, Length: 112, Loss: 6.2107, Entropy: 0.6071, Epsilon: 0.161
2026-03-29 16:19:02 | INFO | Episode  340 - Reward: 108.000, Length: 108, Loss: 4.7640, Entropy: 0.6142, Epsilon: 0.158
2026-03-29 16:19:02 | INFO | Episode  341 - Reward: 200.000, Length: 200, Loss: 5.5287, Entropy: 0.6063, Epsilon: 0.156
2026-03-29 16:19:02 | INFO | Episode  342 - Reward: 144.000, Length: 144, Loss: 4.1595, Entropy: 0.6054, Epsilon: 0.154
2026-03-29 16:19:03 | INFO | Episode  343 - Reward: 200.000, Length: 200, Loss: 5.4112, Entropy: 0.5997, Epsilon: 0.151
2026-03-29 16:19:03 | INFO | Episode  344 - Reward: 128.000, Length: 128, Loss: 4.3124, Entropy: 0.5918, Epsilon: 0.149
2026-03-29 16:19:04 | INFO | Episode  345 - Reward: 200.000, Length: 200, Loss: 5.5577, Entropy: 0.5850, Epsilon: 0.146
2026-03-29 16:19:05 | INFO | Episode  346 - Reward: 200.000, Length: 200, Loss: 3.5175, Entropy: 0.5896, Epsilon: 0.144
2026-03-29 16:19:06 | INFO | Episode  347 - Reward: 176.000, Length: 176, Loss: 5.2462, Entropy: 0.5934, Epsilon: 0.141
2026-03-29 16:19:06 | INFO | Episode  348 - Reward: 200.000, Length: 200, Loss: 5.5255, Entropy: 0.5856, Epsilon: 0.139
2026-03-29 16:19:07 | INFO | Episode  349 - Reward: 200.000, Length: 200, Loss: 4.4498, Entropy: 0.5964, Epsilon: 0.136
2026-03-29 16:19:08 | INFO | Episode  350 - Reward: 200.000, Length: 200, Loss: 4.5823, Entropy: 0.5928, Epsilon: 0.134
2026-03-29 16:19:17 | INFO | [Episode  350] eps=0.134  avg_reward= 117.220  avg_length=117.22  avg_loss=  5.7836  avg_entropy=0.5928  eval_success=0.000
2026-03-29 16:19:17 | INFO | Episode  351 - Reward: 147.000, Length: 147, Loss: 5.9065, Entropy: 0.5958, Epsilon: 0.131
2026-03-29 16:19:18 | INFO | Episode  352 - Reward: 105.000, Length: 105, Loss: 4.3940, Entropy: 0.5932, Epsilon: 0.129
2026-03-29 16:19:19 | INFO | Episode  353 - Reward: 200.000, Length: 200, Loss: 6.4209, Entropy: 0.5851, Epsilon: 0.126
2026-03-29 16:19:19 | INFO | Episode  354 - Reward: 116.000, Length: 116, Loss: 10.2380, Entropy: 0.5932, Epsilon: 0.124
2026-03-29 16:19:20 | INFO | Episode  355 - Reward: 200.000, Length: 200, Loss: 2.9075, Entropy: 0.5837, Epsilon: 0.121
2026-03-29 16:19:22 | INFO | Episode  356 - Reward: 200.000, Length: 200, Loss: 2.8930, Entropy: 0.5847, Epsilon: 0.119
2026-03-29 16:19:22 | INFO | Episode  357 - Reward: 166.000, Length: 166, Loss: 2.7322, Entropy: 0.5841, Epsilon: 0.116
2026-03-29 16:19:23 | INFO | Episode  358 - Reward: 200.000, Length: 200, Loss: 2.3487, Entropy: 0.5881, Epsilon: 0.114
2026-03-29 16:19:24 | INFO | Episode  359 - Reward: 127.000, Length: 127, Loss: 2.8130, Entropy: 0.5722, Epsilon: 0.111
2026-03-29 16:19:24 | INFO | Episode  360 - Reward: 200.000, Length: 200, Loss: 2.9512, Entropy: 0.5754, Epsilon: 0.109
2026-03-29 16:19:25 | INFO | Episode  361 - Reward: 200.000, Length: 200, Loss: 4.2115, Entropy: 0.5753, Epsilon: 0.107
2026-03-29 16:19:26 | INFO | Episode  362 - Reward: 200.000, Length: 200, Loss: 3.0523, Entropy: 0.5841, Epsilon: 0.104
2026-03-29 16:19:26 | INFO | Episode  363 - Reward: 200.000, Length: 200, Loss: 3.3826, Entropy: 0.5826, Epsilon: 0.102
2026-03-29 16:19:27 | INFO | Episode  364 - Reward: 200.000, Length: 200, Loss: 3.6271, Entropy: 0.5793, Epsilon: 0.099
2026-03-29 16:19:28 | INFO | Episode  365 - Reward: 200.000, Length: 200, Loss: 4.5552, Entropy: 0.5854, Epsilon: 0.097
2026-03-29 16:19:29 | INFO | Episode  366 - Reward: 200.000, Length: 200, Loss: 2.8612, Entropy: 0.5729, Epsilon: 0.094
2026-03-29 16:19:30 | INFO | Episode  367 - Reward: 200.000, Length: 200, Loss: 2.5295, Entropy: 0.5802, Epsilon: 0.092
2026-03-29 16:19:30 | INFO | Episode  368 - Reward: 200.000, Length: 200, Loss: 2.8876, Entropy: 0.5830, Epsilon: 0.089
2026-03-29 16:19:31 | INFO | Episode  369 - Reward: 200.000, Length: 200, Loss: 2.4302, Entropy: 0.5751, Epsilon: 0.087
2026-03-29 16:19:31 | INFO | Episode  370 - Reward: 200.000, Length: 200, Loss: 2.3108, Entropy: 0.5699, Epsilon: 0.084
2026-03-29 16:19:32 | INFO | Episode  371 - Reward: 200.000, Length: 200, Loss: 2.6749, Entropy: 0.5777, Epsilon: 0.082
2026-03-29 16:19:33 | INFO | Episode  372 - Reward: 200.000, Length: 200, Loss: 2.9385, Entropy: 0.5664, Epsilon: 0.079
2026-03-29 16:19:33 | INFO | Episode  373 - Reward: 200.000, Length: 200, Loss: 4.5383, Entropy: 0.5647, Epsilon: 0.077
2026-03-29 16:19:34 | INFO | Episode  374 - Reward: 200.000, Length: 200, Loss: 3.9664, Entropy: 0.5812, Epsilon: 0.074
2026-03-29 16:19:35 | INFO | Episode  375 - Reward: 200.000, Length: 200, Loss: 5.3735, Entropy: 0.5790, Epsilon: 0.072
2026-03-29 16:19:35 | INFO | Episode  376 - Reward: 200.000, Length: 200, Loss: 3.5226, Entropy: 0.5703, Epsilon: 0.069
2026-03-29 16:19:36 | INFO | Episode  377 - Reward: 200.000, Length: 200, Loss: 2.0004, Entropy: 0.5765, Epsilon: 0.067
2026-03-29 16:19:37 | INFO | Episode  378 - Reward: 200.000, Length: 200, Loss: 2.5587, Entropy: 0.5764, Epsilon: 0.064
2026-03-29 16:19:37 | INFO | Episode  379 - Reward: 200.000, Length: 200, Loss: 2.4440, Entropy: 0.5790, Epsilon: 0.062
2026-03-29 16:19:38 | INFO | Episode  380 - Reward: 179.000, Length: 179, Loss: 2.8621, Entropy: 0.5819, Epsilon: 0.059
2026-03-29 16:19:39 | INFO | Episode  381 - Reward: 200.000, Length: 200, Loss: 2.8751, Entropy: 0.5835, Epsilon: 0.057
2026-03-29 16:19:39 | INFO | Episode  382 - Reward: 200.000, Length: 200, Loss: 2.2216, Entropy: 0.5846, Epsilon: 0.055
2026-03-29 16:19:40 | INFO | Episode  383 - Reward: 200.000, Length: 200, Loss: 1.7089, Entropy: 0.5824, Epsilon: 0.052
2026-03-29 16:19:41 | INFO | Episode  384 - Reward: 200.000, Length: 200, Loss: 3.5409, Entropy: 0.5812, Epsilon: 0.050
2026-03-29 16:19:41 | INFO | Episode  385 - Reward: 200.000, Length: 200, Loss: 3.7615, Entropy: 0.5760, Epsilon: 0.047
2026-03-29 16:19:42 | INFO | Episode  386 - Reward: 200.000, Length: 200, Loss: 3.5466, Entropy: 0.5915, Epsilon: 0.045
2026-03-29 16:19:43 | INFO | Episode  387 - Reward: 200.000, Length: 200, Loss: 2.8620, Entropy: 0.5788, Epsilon: 0.042
2026-03-29 16:19:44 | INFO | Episode  388 - Reward: 200.000, Length: 200, Loss: 3.4020, Entropy: 0.5879, Epsilon: 0.040
2026-03-29 16:19:44 | INFO | Episode  389 - Reward: 200.000, Length: 200, Loss: 1.6599, Entropy: 0.5887, Epsilon: 0.037
2026-03-29 16:19:45 | INFO | Episode  390 - Reward: 200.000, Length: 200, Loss: 1.7143, Entropy: 0.5856, Epsilon: 0.035
2026-03-29 16:19:46 | INFO | Episode  391 - Reward: 200.000, Length: 200, Loss: 2.9874, Entropy: 0.5890, Epsilon: 0.032
2026-03-29 16:19:47 | INFO | Episode  392 - Reward: 200.000, Length: 200, Loss: 3.2198, Entropy: 0.5958, Epsilon: 0.030
2026-03-29 16:19:47 | INFO | Episode  393 - Reward: 200.000, Length: 200, Loss: 2.3568, Entropy: 0.5933, Epsilon: 0.027
2026-03-29 16:19:48 | INFO | Episode  394 - Reward: 200.000, Length: 200, Loss: 2.1374, Entropy: 0.5886, Epsilon: 0.025
2026-03-29 16:19:49 | INFO | Episode  395 - Reward: 200.000, Length: 200, Loss: 2.3951, Entropy: 0.5894, Epsilon: 0.022
2026-03-29 16:19:49 | INFO | Episode  396 - Reward: 200.000, Length: 200, Loss: 3.5395, Entropy: 0.5873, Epsilon: 0.020
2026-03-29 16:19:50 | INFO | Episode  397 - Reward: 200.000, Length: 200, Loss: 2.7913, Entropy: 0.5928, Epsilon: 0.017
2026-03-29 16:19:51 | INFO | Episode  398 - Reward: 200.000, Length: 200, Loss: 2.3949, Entropy: 0.5948, Epsilon: 0.015
2026-03-29 16:19:52 | INFO | Episode  399 - Reward: 200.000, Length: 200, Loss: 3.3291, Entropy: 0.5903, Epsilon: 0.012
2026-03-29 16:19:52 | INFO | Episode  400 - Reward: 200.000, Length: 200, Loss: 1.5040, Entropy: 0.6040, Epsilon: 0.010
2026-03-29 16:20:08 | INFO | [Episode  400] eps=0.010  avg_reward= 192.800  avg_length=192.80  avg_loss=  3.2456  avg_entropy=0.6040  eval_success=1.000
2026-03-29 16:20:08 | INFO | Episode  401 - Reward: 200.000, Length: 200, Loss: 2.1948, Entropy: 0.5954, Epsilon: 0.010
2026-03-29 16:20:09 | INFO | Episode  402 - Reward: 191.000, Length: 191, Loss: 3.2775, Entropy: 0.5994, Epsilon: 0.010
2026-03-29 16:20:09 | INFO | Episode  403 - Reward: 200.000, Length: 200, Loss: 2.0097, Entropy: 0.6049, Epsilon: 0.010
2026-03-29 16:20:10 | INFO | Episode  404 - Reward: 200.000, Length: 200, Loss: 3.9937, Entropy: 0.6039, Epsilon: 0.010
2026-03-29 16:20:11 | INFO | Episode  405 - Reward: 200.000, Length: 200, Loss: 4.9358, Entropy: 0.6051, Epsilon: 0.010
2026-03-29 16:20:11 | INFO | Episode  406 - Reward: 200.000, Length: 200, Loss: 1.7749, Entropy: 0.6059, Epsilon: 0.010
2026-03-29 16:20:12 | INFO | Episode  407 - Reward: 200.000, Length: 200, Loss: 1.4024, Entropy: 0.6103, Epsilon: 0.010
2026-03-29 16:20:13 | INFO | Episode  408 - Reward: 200.000, Length: 200, Loss: 1.1557, Entropy: 0.6115, Epsilon: 0.010
2026-03-29 16:20:13 | INFO | Episode  409 - Reward: 200.000, Length: 200, Loss: 1.8926, Entropy: 0.6091, Epsilon: 0.010
2026-03-29 16:20:14 | INFO | Episode  410 - Reward: 200.000, Length: 200, Loss: 1.9938, Entropy: 0.6124, Epsilon: 0.010
2026-03-29 16:20:14 | INFO | Episode  411 - Reward: 200.000, Length: 200, Loss: 1.2126, Entropy: 0.6118, Epsilon: 0.010
2026-03-29 16:20:15 | INFO | Episode  412 - Reward: 200.000, Length: 200, Loss: 0.9379, Entropy: 0.6193, Epsilon: 0.010
2026-03-29 16:20:16 | INFO | Episode  413 - Reward: 200.000, Length: 200, Loss: 1.0200, Entropy: 0.6130, Epsilon: 0.010
2026-03-29 16:20:16 | INFO | Episode  414 - Reward: 200.000, Length: 200, Loss: 2.2079, Entropy: 0.6224, Epsilon: 0.010
2026-03-29 16:20:17 | INFO | Episode  415 - Reward: 200.000, Length: 200, Loss: 3.1221, Entropy: 0.6183, Epsilon: 0.010
2026-03-29 16:20:18 | INFO | Episode  416 - Reward: 200.000, Length: 200, Loss: 1.2690, Entropy: 0.6139, Epsilon: 0.010
2026-03-29 16:20:18 | INFO | Episode  417 - Reward: 200.000, Length: 200, Loss: 1.9943, Entropy: 0.6228, Epsilon: 0.010
2026-03-29 16:20:19 | INFO | Episode  418 - Reward: 200.000, Length: 200, Loss: 0.9304, Entropy: 0.6211, Epsilon: 0.010
2026-03-29 16:20:20 | INFO | Episode  419 - Reward: 200.000, Length: 200, Loss: 1.3176, Entropy: 0.6232, Epsilon: 0.010
2026-03-29 16:20:21 | INFO | Episode  420 - Reward: 200.000, Length: 200, Loss: 0.6770, Entropy: 0.6148, Epsilon: 0.010
2026-03-29 16:20:21 | INFO | Episode  421 - Reward: 200.000, Length: 200, Loss: 1.3241, Entropy: 0.6258, Epsilon: 0.010
2026-03-29 16:20:22 | INFO | Episode  422 - Reward: 200.000, Length: 200, Loss: 1.2838, Entropy: 0.6267, Epsilon: 0.010
2026-03-29 16:20:22 | INFO | Episode  423 - Reward: 200.000, Length: 200, Loss: 1.3361, Entropy: 0.6283, Epsilon: 0.010
2026-03-29 16:20:23 | INFO | Episode  424 - Reward: 200.000, Length: 200, Loss: 1.5829, Entropy: 0.6271, Epsilon: 0.010
2026-03-29 16:20:24 | INFO | Episode  425 - Reward: 200.000, Length: 200, Loss: 1.7398, Entropy: 0.6186, Epsilon: 0.010
2026-03-29 16:20:24 | INFO | Episode  426 - Reward: 193.000, Length: 193, Loss: 1.4014, Entropy: 0.6221, Epsilon: 0.010
2026-03-29 16:20:25 | INFO | Episode  427 - Reward: 200.000, Length: 200, Loss: 1.6816, Entropy: 0.6306, Epsilon: 0.010
2026-03-29 16:20:25 | INFO | Episode  428 - Reward: 200.000, Length: 200, Loss: 1.1161, Entropy: 0.6314, Epsilon: 0.010
2026-03-29 16:20:26 | INFO | Episode  429 - Reward: 200.000, Length: 200, Loss: 1.2322, Entropy: 0.6307, Epsilon: 0.010
2026-03-29 16:20:27 | INFO | Episode  430 - Reward: 191.000, Length: 191, Loss: 0.8466, Entropy: 0.6243, Epsilon: 0.010
2026-03-29 16:20:27 | INFO | Episode  431 - Reward: 189.000, Length: 189, Loss: 1.0320, Entropy: 0.6280, Epsilon: 0.010
2026-03-29 16:20:27 | INFO | Episode  432 - Reward: 166.000, Length: 166, Loss: 1.4997, Entropy: 0.6331, Epsilon: 0.010
2026-03-29 16:20:28 | INFO | Episode  433 - Reward: 200.000, Length: 200, Loss: 2.1115, Entropy: 0.6345, Epsilon: 0.010
2026-03-29 16:20:28 | INFO | Episode  434 - Reward: 200.000, Length: 200, Loss: 0.9936, Entropy: 0.6323, Epsilon: 0.010
2026-03-29 16:20:29 | INFO | Episode  435 - Reward: 166.000, Length: 166, Loss: 0.2979, Entropy: 0.6323, Epsilon: 0.010
2026-03-29 16:20:29 | INFO | Episode  436 - Reward: 144.000, Length: 144, Loss: 1.3065, Entropy: 0.6314, Epsilon: 0.010
2026-03-29 16:20:30 | INFO | Episode  437 - Reward: 156.000, Length: 156, Loss: 0.6833, Entropy: 0.6304, Epsilon: 0.010
2026-03-29 16:20:30 | INFO | Episode  438 - Reward: 167.000, Length: 167, Loss: 1.7630, Entropy: 0.6296, Epsilon: 0.010
2026-03-29 16:20:31 | INFO | Episode  439 - Reward: 159.000, Length: 159, Loss: 0.9856, Entropy: 0.6388, Epsilon: 0.010
2026-03-29 16:20:31 | INFO | Episode  440 - Reward: 200.000, Length: 200, Loss: 1.6757, Entropy: 0.6319, Epsilon: 0.010
2026-03-29 16:20:32 | INFO | Episode  441 - Reward: 172.000, Length: 172, Loss: 1.7826, Entropy: 0.6280, Epsilon: 0.010
2026-03-29 16:20:32 | INFO | Episode  442 - Reward: 177.000, Length: 177, Loss: 2.1951, Entropy: 0.6288, Epsilon: 0.010
2026-03-29 16:20:33 | INFO | Episode  443 - Reward: 181.000, Length: 181, Loss: 1.0316, Entropy: 0.6341, Epsilon: 0.010
2026-03-29 16:20:33 | INFO | Episode  444 - Reward: 153.000, Length: 153, Loss: 0.9048, Entropy: 0.6262, Epsilon: 0.010
2026-03-29 16:20:34 | INFO | Episode  445 - Reward: 140.000, Length: 140, Loss: 1.1171, Entropy: 0.6277, Epsilon: 0.010
2026-03-29 16:20:34 | INFO | Episode  446 - Reward: 135.000, Length: 135, Loss: 1.0891, Entropy: 0.6223, Epsilon: 0.010
2026-03-29 16:20:35 | INFO | Episode  447 - Reward: 149.000, Length: 149, Loss: 1.2115, Entropy: 0.6273, Epsilon: 0.010
2026-03-29 16:20:35 | INFO | Episode  448 - Reward: 146.000, Length: 146, Loss: 0.7415, Entropy: 0.6361, Epsilon: 0.010
2026-03-29 16:20:36 | INFO | Episode  449 - Reward: 153.000, Length: 153, Loss: 1.0326, Entropy: 0.6280, Epsilon: 0.010
2026-03-29 16:20:36 | INFO | Episode  450 - Reward: 151.000, Length: 151, Loss: 0.7726, Entropy: 0.6331, Epsilon: 0.010
2026-03-29 16:20:45 | INFO | [Episode  450] eps=0.010  avg_reward= 185.580  avg_length=185.58  avg_loss=  1.5418  avg_entropy=0.6331  eval_success=0.000
2026-03-29 16:20:45 | INFO | Episode  451 - Reward: 161.000, Length: 161, Loss: 0.8681, Entropy: 0.6314, Epsilon: 0.010
2026-03-29 16:20:45 | INFO | Episode  452 - Reward: 157.000, Length: 157, Loss: 0.8220, Entropy: 0.6312, Epsilon: 0.010
2026-03-29 16:20:46 | INFO | Episode  453 - Reward: 141.000, Length: 141, Loss: 1.4944, Entropy: 0.6277, Epsilon: 0.010
2026-03-29 16:20:47 | INFO | Episode  454 - Reward: 149.000, Length: 149, Loss: 1.9267, Entropy: 0.6192, Epsilon: 0.010
2026-03-29 16:20:47 | INFO | Episode  455 - Reward: 148.000, Length: 148, Loss: 1.3149, Entropy: 0.6307, Epsilon: 0.010
2026-03-29 16:20:47 | INFO | Episode  456 - Reward: 157.000, Length: 157, Loss: 1.0490, Entropy: 0.6313, Epsilon: 0.010
2026-03-29 16:20:48 | INFO | Episode  457 - Reward: 162.000, Length: 162, Loss: 0.5639, Entropy: 0.6374, Epsilon: 0.010
2026-03-29 16:20:48 | INFO | Episode  458 - Reward: 172.000, Length: 172, Loss: 0.6110, Entropy: 0.6328, Epsilon: 0.010
2026-03-29 16:20:49 | INFO | Episode  459 - Reward: 145.000, Length: 145, Loss: 0.7782, Entropy: 0.6333, Epsilon: 0.010
2026-03-29 16:20:49 | INFO | Episode  460 - Reward: 162.000, Length: 162, Loss: 0.5608, Entropy: 0.6346, Epsilon: 0.010
2026-03-29 16:20:49 | INFO | Episode  461 - Reward: 165.000, Length: 165, Loss: 0.4987, Entropy: 0.6448, Epsilon: 0.010
2026-03-29 16:20:50 | INFO | Episode  462 - Reward: 146.000, Length: 146, Loss: 2.1614, Entropy: 0.6305, Epsilon: 0.010
2026-03-29 16:20:50 | INFO | Episode  463 - Reward: 128.000, Length: 128, Loss: 1.2171, Entropy: 0.6263, Epsilon: 0.010
2026-03-29 16:20:51 | INFO | Episode  464 - Reward: 158.000, Length: 158, Loss: 1.4355, Entropy: 0.6352, Epsilon: 0.010
2026-03-29 16:20:51 | INFO | Episode  465 - Reward: 142.000, Length: 142, Loss: 0.8233, Entropy: 0.6324, Epsilon: 0.010
2026-03-29 16:20:51 | INFO | Episode  466 - Reward: 146.000, Length: 146, Loss: 0.9331, Entropy: 0.6396, Epsilon: 0.010
2026-03-29 16:20:52 | INFO | Episode  467 - Reward: 138.000, Length: 138, Loss: 0.8990, Entropy: 0.6357, Epsilon: 0.010
2026-03-29 16:20:52 | INFO | Episode  468 - Reward: 150.000, Length: 150, Loss: 1.0452, Entropy: 0.6369, Epsilon: 0.010
2026-03-29 16:20:52 | INFO | Episode  469 - Reward: 146.000, Length: 146, Loss: 1.8205, Entropy: 0.6300, Epsilon: 0.010
2026-03-29 16:20:53 | INFO | Episode  470 - Reward: 142.000, Length: 142, Loss: 0.4084, Entropy: 0.6458, Epsilon: 0.010
2026-03-29 16:20:53 | INFO | Episode  471 - Reward: 153.000, Length: 153, Loss: 0.1410, Entropy: 0.6452, Epsilon: 0.010
2026-03-29 16:20:54 | INFO | Episode  472 - Reward: 148.000, Length: 148, Loss: 2.1166, Entropy: 0.6292, Epsilon: 0.010
2026-03-29 16:20:54 | INFO | Episode  473 - Reward: 148.000, Length: 148, Loss: 1.8401, Entropy: 0.6419, Epsilon: 0.010
2026-03-29 16:20:54 | INFO | Episode  474 - Reward: 182.000, Length: 182, Loss: 2.4699, Entropy: 0.6402, Epsilon: 0.010
2026-03-29 16:20:55 | INFO | Episode  475 - Reward: 170.000, Length: 170, Loss: 0.5241, Entropy: 0.6408, Epsilon: 0.010
2026-03-29 16:20:55 | INFO | Episode  476 - Reward: 152.000, Length: 152, Loss: 1.4597, Entropy: 0.6219, Epsilon: 0.010
2026-03-29 16:20:56 | INFO | Episode  477 - Reward: 127.000, Length: 127, Loss: 0.1445, Entropy: 0.6286, Epsilon: 0.010
2026-03-29 16:20:56 | INFO | Episode  478 - Reward: 144.000, Length: 144, Loss: 0.2059, Entropy: 0.6341, Epsilon: 0.010
2026-03-29 16:20:56 | INFO | Episode  479 - Reward: 137.000, Length: 137, Loss: 0.9668, Entropy: 0.6296, Epsilon: 0.010
2026-03-29 16:20:57 | INFO | Episode  480 - Reward: 148.000, Length: 148, Loss: 0.9790, Entropy: 0.6342, Epsilon: 0.010
2026-03-29 16:20:57 | INFO | Episode  481 - Reward: 157.000, Length: 157, Loss: 1.2701, Entropy: 0.6464, Epsilon: 0.010
2026-03-29 16:20:57 | INFO | Episode  482 - Reward: 182.000, Length: 182, Loss: 0.7573, Entropy: 0.6418, Epsilon: 0.010
2026-03-29 16:20:58 | INFO | Episode  483 - Reward: 133.000, Length: 133, Loss: 0.5540, Entropy: 0.6383, Epsilon: 0.010
2026-03-29 16:20:58 | INFO | Episode  484 - Reward: 145.000, Length: 145, Loss: 0.3755, Entropy: 0.6357, Epsilon: 0.010
2026-03-29 16:20:59 | INFO | Episode  485 - Reward: 143.000, Length: 143, Loss: 1.6399, Entropy: 0.6400, Epsilon: 0.010
2026-03-29 16:20:59 | INFO | Episode  486 - Reward: 155.000, Length: 155, Loss: 1.2690, Entropy: 0.6373, Epsilon: 0.010
2026-03-29 16:20:59 | INFO | Episode  487 - Reward: 151.000, Length: 151, Loss: 0.9557, Entropy: 0.6268, Epsilon: 0.010
2026-03-29 16:21:00 | INFO | Episode  488 - Reward: 132.000, Length: 132, Loss: 0.9945, Entropy: 0.6362, Epsilon: 0.010
2026-03-29 16:21:00 | INFO | Episode  489 - Reward: 143.000, Length: 143, Loss: 0.8793, Entropy: 0.6339, Epsilon: 0.010
2026-03-29 16:21:00 | INFO | Episode  490 - Reward: 129.000, Length: 129, Loss: 0.3367, Entropy: 0.6374, Epsilon: 0.010
2026-03-29 16:21:01 | INFO | Episode  491 - Reward: 140.000, Length: 140, Loss: 0.5449, Entropy: 0.6423, Epsilon: 0.010
2026-03-29 16:21:01 | INFO | Episode  492 - Reward: 161.000, Length: 161, Loss: 1.1126, Entropy: 0.6406, Epsilon: 0.010
2026-03-29 16:21:02 | INFO | Episode  493 - Reward: 149.000, Length: 149, Loss: 1.4105, Entropy: 0.6470, Epsilon: 0.010
2026-03-29 16:21:02 | INFO | Episode  494 - Reward: 159.000, Length: 159, Loss: 1.8763, Entropy: 0.6288, Epsilon: 0.010
2026-03-29 16:21:02 | INFO | Episode  495 - Reward: 163.000, Length: 163, Loss: 1.7902, Entropy: 0.6413, Epsilon: 0.010
2026-03-29 16:21:03 | INFO | Episode  496 - Reward: 150.000, Length: 150, Loss: 0.8986, Entropy: 0.6428, Epsilon: 0.010
2026-03-29 16:21:03 | INFO | Episode  497 - Reward: 157.000, Length: 157, Loss: 0.5765, Entropy: 0.6370, Epsilon: 0.010
2026-03-29 16:21:03 | INFO | Episode  498 - Reward: 151.000, Length: 151, Loss: 0.3786, Entropy: 0.6439, Epsilon: 0.010
2026-03-29 16:21:04 | INFO | Episode  499 - Reward: 143.000, Length: 143, Loss: 0.9275, Entropy: 0.6491, Epsilon: 0.010
2026-03-29 16:21:04 | INFO | Episode  500 - Reward: 149.000, Length: 149, Loss: 1.0027, Entropy: 0.6513, Epsilon: 0.010
2026-03-29 16:21:10 | INFO | [Episode  500] eps=0.010  avg_reward= 150.320  avg_length=150.32  avg_loss=  1.0326  avg_entropy=0.6513  eval_success=0.000
2026-03-29 16:21:10 | INFO | DQN+Entropy training: 6m 4.67s
2026-03-29 16:21:36 | INFO | [Final Eval] success=0.000, mean_reward=147.520
