2026-03-29 16:21:48 | INFO | ============================================================
2026-03-29 16:21:48 | INFO | DEVICE / COMPUTE INFORMATION
2026-03-29 16:21:48 | INFO |   JAX backend       : CPU
2026-03-29 16:21:48 | INFO |   Platform          : cpu
2026-03-29 16:21:48 | INFO |   Num devices       : 1
2026-03-29 16:21:48 | INFO |   Device            : TFRT_CPU_0
2026-03-29 16:21:48 | INFO | ============================================================
2026-03-29 16:21:48 | INFO | DQN+Entropy | seed=9, lr=0.01, gamma=0.99, alpha=0.05
2026-03-29 16:21:48 | INFO | Env: cartpole/dense, obs_dim=4, num_actions=2
2026-03-29 16:21:50 | INFO | Episode    1 - Reward: 10.000, Length: 10, Loss: 0.0000, Entropy: 0.0000, Epsilon: 0.998
2026-03-29 16:21:51 | INFO | Episode    2 - Reward: 13.000, Length: 13, Loss: 0.0000, Entropy: 0.0000, Epsilon: 0.995
2026-03-29 16:21:52 | INFO | Episode    3 - Reward: 19.000, Length: 19, Loss: 0.0000, Entropy: 0.0000, Epsilon: 0.993
2026-03-29 16:21:53 | INFO | Episode    4 - Reward: 22.000, Length: 22, Loss: 0.0000, Entropy: 0.0000, Epsilon: 0.990
2026-03-29 16:21:54 | INFO | Episode    5 - Reward: 16.000, Length: 16, Loss: 0.0000, Entropy: 0.0000, Epsilon: 0.988
2026-03-29 16:21:54 | INFO | Episode    6 - Reward: 44.000, Length: 44, Loss: 0.0000, Entropy: 0.0000, Epsilon: 0.985
2026-03-29 16:21:55 | INFO | Episode    7 - Reward: 10.000, Length: 10, Loss: 0.0000, Entropy: 0.0000, Epsilon: 0.983
2026-03-29 16:21:56 | INFO | Episode    8 - Reward: 19.000, Length: 19, Loss: 0.0000, Entropy: 0.0000, Epsilon: 0.980
2026-03-29 16:21:57 | INFO | Episode    9 - Reward: 20.000, Length: 20, Loss: 0.0000, Entropy: 0.0000, Epsilon: 0.978
2026-03-29 16:21:58 | INFO | Episode   10 - Reward: 16.000, Length: 16, Loss: 0.0000, Entropy: 0.0000, Epsilon: 0.975
2026-03-29 16:21:59 | INFO | Episode   11 - Reward: 23.000, Length: 23, Loss: 0.0000, Entropy: 0.0000, Epsilon: 0.973
2026-03-29 16:21:59 | INFO | Episode   12 - Reward: 20.000, Length: 20, Loss: 0.0000, Entropy: 0.0000, Epsilon: 0.970
2026-03-29 16:22:00 | INFO | Episode   13 - Reward: 13.000, Length: 13, Loss: 0.0000, Entropy: 0.0000, Epsilon: 0.968
2026-03-29 16:22:03 | INFO | Episode   14 - Reward: 46.000, Length: 46, Loss: 0.9307, Entropy: 0.6931, Epsilon: 0.965
2026-03-29 16:22:04 | INFO | Episode   15 - Reward: 14.000, Length: 14, Loss: 0.8088, Entropy: 0.6931, Epsilon: 0.963
2026-03-29 16:22:05 | INFO | Episode   16 - Reward: 12.000, Length: 12, Loss: 0.7053, Entropy: 0.6930, Epsilon: 0.960
2026-03-29 16:22:05 | INFO | Episode   17 - Reward: 23.000, Length: 23, Loss: 0.6125, Entropy: 0.6930, Epsilon: 0.958
2026-03-29 16:22:06 | INFO | Episode   18 - Reward: 20.000, Length: 20, Loss: 0.5301, Entropy: 0.6929, Epsilon: 0.955
2026-03-29 16:22:07 | INFO | Episode   19 - Reward: 18.000, Length: 18, Loss: 0.4571, Entropy: 0.6929, Epsilon: 0.953
2026-03-29 16:22:08 | INFO | Episode   20 - Reward: 18.000, Length: 18, Loss: 0.3850, Entropy: 0.6929, Epsilon: 0.951
2026-03-29 16:22:08 | INFO | Episode   21 - Reward: 26.000, Length: 26, Loss: 0.3279, Entropy: 0.6929, Epsilon: 0.948
2026-03-29 16:22:09 | INFO | Episode   22 - Reward: 17.000, Length: 17, Loss: 0.2715, Entropy: 0.6928, Epsilon: 0.946
2026-03-29 16:22:10 | INFO | Episode   23 - Reward: 12.000, Length: 12, Loss: 0.2223, Entropy: 0.6927, Epsilon: 0.943
2026-03-29 16:22:11 | INFO | Episode   24 - Reward: 11.000, Length: 11, Loss: 0.1844, Entropy: 0.6927, Epsilon: 0.941
2026-03-29 16:22:11 | INFO | Episode   25 - Reward: 23.000, Length: 23, Loss: 0.1494, Entropy: 0.6926, Epsilon: 0.938
2026-03-29 16:22:12 | INFO | Episode   26 - Reward: 16.000, Length: 16, Loss: 0.1271, Entropy: 0.6925, Epsilon: 0.936
2026-03-29 16:22:13 | INFO | Episode   27 - Reward: 34.000, Length: 34, Loss: 0.9129, Entropy: 0.6924, Epsilon: 0.933
2026-03-29 16:22:14 | INFO | Episode   28 - Reward: 41.000, Length: 41, Loss: 0.7517, Entropy: 0.6922, Epsilon: 0.931
2026-03-29 16:22:14 | INFO | Episode   29 - Reward: 45.000, Length: 45, Loss: 0.5943, Entropy: 0.6919, Epsilon: 0.928
2026-03-29 16:22:15 | INFO | Episode   30 - Reward: 31.000, Length: 31, Loss: 0.4754, Entropy: 0.6917, Epsilon: 0.926
2026-03-29 16:22:15 | INFO | Episode   31 - Reward: 20.000, Length: 20, Loss: 0.3678, Entropy: 0.6915, Epsilon: 0.923
2026-03-29 16:22:16 | INFO | Episode   32 - Reward: 11.000, Length: 11, Loss: 0.2774, Entropy: 0.6913, Epsilon: 0.921
2026-03-29 16:22:17 | INFO | Episode   33 - Reward: 19.000, Length: 19, Loss: 0.2058, Entropy: 0.6911, Epsilon: 0.918
2026-03-29 16:22:17 | INFO | Episode   34 - Reward: 40.000, Length: 40, Loss: 0.1590, Entropy: 0.6911, Epsilon: 0.916
2026-03-29 16:22:18 | INFO | Episode   35 - Reward: 24.000, Length: 24, Loss: 0.1133, Entropy: 0.6911, Epsilon: 0.913
2026-03-29 16:22:19 | INFO | Episode   36 - Reward: 16.000, Length: 16, Loss: 0.0842, Entropy: 0.6911, Epsilon: 0.911
2026-03-29 16:22:19 | INFO | Episode   37 - Reward: 29.000, Length: 29, Loss: 0.0609, Entropy: 0.6912, Epsilon: 0.908
2026-03-29 16:22:20 | INFO | Episode   38 - Reward: 33.000, Length: 33, Loss: 0.0458, Entropy: 0.6912, Epsilon: 0.906
2026-03-29 16:22:21 | INFO | Episode   39 - Reward: 14.000, Length: 14, Loss: 0.0355, Entropy: 0.6913, Epsilon: 0.903
2026-03-29 16:22:22 | INFO | Episode   40 - Reward: 14.000, Length: 14, Loss: 0.0329, Entropy: 0.6915, Epsilon: 0.901
2026-03-29 16:22:23 | INFO | Episode   41 - Reward: 24.000, Length: 24, Loss: 0.0143, Entropy: 0.6916, Epsilon: 0.899
2026-03-29 16:22:23 | INFO | Episode   42 - Reward: 14.000, Length: 14, Loss: 0.0168, Entropy: 0.6917, Epsilon: 0.896
2026-03-29 16:22:24 | INFO | Episode   43 - Reward: 27.000, Length: 27, Loss: 0.0233, Entropy: 0.6918, Epsilon: 0.894
2026-03-29 16:22:25 | INFO | Episode   44 - Reward: 40.000, Length: 40, Loss: 0.0159, Entropy: 0.6919, Epsilon: 0.891
2026-03-29 16:22:27 | INFO | Episode   45 - Reward: 17.000, Length: 17, Loss: 0.0131, Entropy: 0.6920, Epsilon: 0.889
2026-03-29 16:22:28 | INFO | Episode   46 - Reward: 11.000, Length: 11, Loss: 0.0192, Entropy: 0.6922, Epsilon: 0.886
2026-03-29 16:22:29 | INFO | Episode   47 - Reward: 15.000, Length: 15, Loss: 0.8787, Entropy: 0.6917, Epsilon: 0.884
2026-03-29 16:22:30 | INFO | Episode   48 - Reward: 14.000, Length: 14, Loss: 0.5822, Entropy: 0.6911, Epsilon: 0.881
2026-03-29 16:22:31 | INFO | Episode   49 - Reward: 12.000, Length: 12, Loss: 0.3958, Entropy: 0.6905, Epsilon: 0.879
2026-03-29 16:22:32 | INFO | Episode   50 - Reward: 52.000, Length: 52, Loss: 0.2954, Entropy: 0.6902, Epsilon: 0.876
2026-03-29 16:22:35 | INFO | [Episode   50] eps=0.876  avg_reward=  21.960  avg_length= 21.96  avg_loss=  0.2417  avg_entropy=0.6902  eval_success=0.000
2026-03-29 16:22:36 | INFO | Episode   51 - Reward: 13.000, Length: 13, Loss: 0.1881, Entropy: 0.6900, Epsilon: 0.874
2026-03-29 16:22:37 | INFO | Episode   52 - Reward: 20.000, Length: 20, Loss: 0.1711, Entropy: 0.6899, Epsilon: 0.871
2026-03-29 16:22:38 | INFO | Episode   53 - Reward: 32.000, Length: 32, Loss: 0.1365, Entropy: 0.6901, Epsilon: 0.869
2026-03-29 16:22:39 | INFO | Episode   54 - Reward: 15.000, Length: 15, Loss: 0.1391, Entropy: 0.6906, Epsilon: 0.866
2026-03-29 16:22:40 | INFO | Episode   55 - Reward: 12.000, Length: 12, Loss: 0.1385, Entropy: 0.6907, Epsilon: 0.864
2026-03-29 16:22:41 | INFO | Episode   56 - Reward: 17.000, Length: 17, Loss: 0.1663, Entropy: 0.6909, Epsilon: 0.861
2026-03-29 16:22:42 | INFO | Episode   57 - Reward: 10.000, Length: 10, Loss: 0.1280, Entropy: 0.6909, Epsilon: 0.859
2026-03-29 16:22:43 | INFO | Episode   58 - Reward: 14.000, Length: 14, Loss: 0.1177, Entropy: 0.6909, Epsilon: 0.856
2026-03-29 16:22:45 | INFO | Episode   59 - Reward: 23.000, Length: 23, Loss: 0.1352, Entropy: 0.6909, Epsilon: 0.854
2026-03-29 16:22:46 | INFO | Episode   60 - Reward: 16.000, Length: 16, Loss: 0.1313, Entropy: 0.6912, Epsilon: 0.852
2026-03-29 16:22:47 | INFO | Episode   61 - Reward: 58.000, Length: 58, Loss: 0.0912, Entropy: 0.6912, Epsilon: 0.849
2026-03-29 16:22:48 | INFO | Episode   62 - Reward: 15.000, Length: 15, Loss: 0.0890, Entropy: 0.6914, Epsilon: 0.847
2026-03-29 16:22:49 | INFO | Episode   63 - Reward: 15.000, Length: 15, Loss: 0.1102, Entropy: 0.6916, Epsilon: 0.844
2026-03-29 16:22:51 | INFO | Episode   64 - Reward: 39.000, Length: 39, Loss: 0.0931, Entropy: 0.6916, Epsilon: 0.842
2026-03-29 16:22:53 | INFO | Episode   65 - Reward: 21.000, Length: 21, Loss: 0.0920, Entropy: 0.6915, Epsilon: 0.839
2026-03-29 16:22:54 | INFO | Episode   66 - Reward: 9.000, Length: 9, Loss: 0.1128, Entropy: 0.6917, Epsilon: 0.837
2026-03-29 16:22:55 | INFO | Episode   67 - Reward: 13.000, Length: 13, Loss: 0.1231, Entropy: 0.6917, Epsilon: 0.834
2026-03-29 16:22:56 | INFO | Episode   68 - Reward: 22.000, Length: 22, Loss: 0.1299, Entropy: 0.6915, Epsilon: 0.832
2026-03-29 16:22:57 | INFO | Episode   69 - Reward: 10.000, Length: 10, Loss: 0.1465, Entropy: 0.6916, Epsilon: 0.829
2026-03-29 16:22:58 | INFO | Episode   70 - Reward: 33.000, Length: 33, Loss: 0.0783, Entropy: 0.6917, Epsilon: 0.827
2026-03-29 16:22:59 | INFO | Episode   71 - Reward: 11.000, Length: 11, Loss: 0.9060, Entropy: 0.6912, Epsilon: 0.824
2026-03-29 16:23:00 | INFO | Episode   72 - Reward: 25.000, Length: 25, Loss: 0.5676, Entropy: 0.6909, Epsilon: 0.822
2026-03-29 16:23:00 | INFO | Episode   73 - Reward: 18.000, Length: 18, Loss: 0.4334, Entropy: 0.6908, Epsilon: 0.819
2026-03-29 16:23:01 | INFO | Episode   74 - Reward: 17.000, Length: 17, Loss: 0.3247, Entropy: 0.6909, Epsilon: 0.817
2026-03-29 16:23:02 | INFO | Episode   75 - Reward: 32.000, Length: 32, Loss: 0.3156, Entropy: 0.6907, Epsilon: 0.814
2026-03-29 16:23:03 | INFO | Episode   76 - Reward: 14.000, Length: 14, Loss: 0.3058, Entropy: 0.6911, Epsilon: 0.812
2026-03-29 16:23:03 | INFO | Episode   77 - Reward: 19.000, Length: 19, Loss: 0.2691, Entropy: 0.6917, Epsilon: 0.809
2026-03-29 16:23:04 | INFO | Episode   78 - Reward: 19.000, Length: 19, Loss: 0.3139, Entropy: 0.6920, Epsilon: 0.807
2026-03-29 16:23:05 | INFO | Episode   79 - Reward: 13.000, Length: 13, Loss: 0.2953, Entropy: 0.6920, Epsilon: 0.804
2026-03-29 16:23:06 | INFO | Episode   80 - Reward: 18.000, Length: 18, Loss: 0.3357, Entropy: 0.6924, Epsilon: 0.802
2026-03-29 16:23:07 | INFO | Episode   81 - Reward: 10.000, Length: 10, Loss: 0.2798, Entropy: 0.6925, Epsilon: 0.800
2026-03-29 16:23:07 | INFO | Episode   82 - Reward: 11.000, Length: 11, Loss: 0.3011, Entropy: 0.6924, Epsilon: 0.797
2026-03-29 16:23:08 | INFO | Episode   83 - Reward: 10.000, Length: 10, Loss: 0.2766, Entropy: 0.6921, Epsilon: 0.795
2026-03-29 16:23:09 | INFO | Episode   84 - Reward: 12.000, Length: 12, Loss: 0.3780, Entropy: 0.6921, Epsilon: 0.792
2026-03-29 16:23:10 | INFO | Episode   85 - Reward: 15.000, Length: 15, Loss: 0.3014, Entropy: 0.6918, Epsilon: 0.790
2026-03-29 16:23:10 | INFO | Episode   86 - Reward: 23.000, Length: 23, Loss: 0.3997, Entropy: 0.6919, Epsilon: 0.787
2026-03-29 16:23:11 | INFO | Episode   87 - Reward: 16.000, Length: 16, Loss: 0.2404, Entropy: 0.6921, Epsilon: 0.785
2026-03-29 16:23:12 | INFO | Episode   88 - Reward: 16.000, Length: 16, Loss: 0.2516, Entropy: 0.6920, Epsilon: 0.782
2026-03-29 16:23:13 | INFO | Episode   89 - Reward: 15.000, Length: 15, Loss: 0.2893, Entropy: 0.6923, Epsilon: 0.780
2026-03-29 16:23:13 | INFO | Episode   90 - Reward: 15.000, Length: 15, Loss: 0.2960, Entropy: 0.6924, Epsilon: 0.777
2026-03-29 16:23:14 | INFO | Episode   91 - Reward: 17.000, Length: 17, Loss: 0.2654, Entropy: 0.6925, Epsilon: 0.775
2026-03-29 16:23:15 | INFO | Episode   92 - Reward: 20.000, Length: 20, Loss: 0.3749, Entropy: 0.6924, Epsilon: 0.772
2026-03-29 16:23:16 | INFO | Episode   93 - Reward: 10.000, Length: 10, Loss: 0.2754, Entropy: 0.6924, Epsilon: 0.770
2026-03-29 16:23:17 | INFO | Episode   94 - Reward: 12.000, Length: 12, Loss: 0.3355, Entropy: 0.6924, Epsilon: 0.767
2026-03-29 16:23:18 | INFO | Episode   95 - Reward: 17.000, Length: 17, Loss: 0.2461, Entropy: 0.6922, Epsilon: 0.765
2026-03-29 16:23:18 | INFO | Episode   96 - Reward: 22.000, Length: 22, Loss: 0.3057, Entropy: 0.6922, Epsilon: 0.762
2026-03-29 16:23:19 | INFO | Episode   97 - Reward: 10.000, Length: 10, Loss: 0.2028, Entropy: 0.6921, Epsilon: 0.760
2026-03-29 16:23:20 | INFO | Episode   98 - Reward: 19.000, Length: 19, Loss: 0.2672, Entropy: 0.6923, Epsilon: 0.757
2026-03-29 16:23:21 | INFO | Episode   99 - Reward: 18.000, Length: 18, Loss: 0.3190, Entropy: 0.6925, Epsilon: 0.755
2026-03-29 16:23:22 | INFO | Episode  100 - Reward: 12.000, Length: 12, Loss: 0.2644, Entropy: 0.6924, Epsilon: 0.752
2026-03-29 16:23:23 | INFO | [Episode  100] eps=0.752  avg_reward=  17.860  avg_length= 17.86  avg_loss=  0.2491  avg_entropy=0.6924  eval_success=0.000
2026-03-29 16:23:23 | INFO | Episode  101 - Reward: 19.000, Length: 19, Loss: 0.2722, Entropy: 0.6923, Epsilon: 0.750
2026-03-29 16:23:24 | INFO | Episode  102 - Reward: 20.000, Length: 20, Loss: 0.9092, Entropy: 0.6912, Epsilon: 0.748
2026-03-29 16:23:25 | INFO | Episode  103 - Reward: 9.000, Length: 9, Loss: 0.7660, Entropy: 0.6916, Epsilon: 0.745
2026-03-29 16:23:26 | INFO | Episode  104 - Reward: 12.000, Length: 12, Loss: 0.6339, Entropy: 0.6924, Epsilon: 0.743
2026-03-29 16:23:27 | INFO | Episode  105 - Reward: 13.000, Length: 13, Loss: 0.5439, Entropy: 0.6927, Epsilon: 0.740
2026-03-29 16:23:27 | INFO | Episode  106 - Reward: 16.000, Length: 16, Loss: 0.5244, Entropy: 0.6931, Epsilon: 0.738
2026-03-29 16:23:28 | INFO | Episode  107 - Reward: 15.000, Length: 15, Loss: 0.5618, Entropy: 0.6929, Epsilon: 0.735
2026-03-29 16:23:29 | INFO | Episode  108 - Reward: 12.000, Length: 12, Loss: 0.5876, Entropy: 0.6931, Epsilon: 0.733
2026-03-29 16:23:30 | INFO | Episode  109 - Reward: 16.000, Length: 16, Loss: 0.5055, Entropy: 0.6931, Epsilon: 0.730
2026-03-29 16:23:30 | INFO | Episode  110 - Reward: 11.000, Length: 11, Loss: 0.5382, Entropy: 0.6931, Epsilon: 0.728
2026-03-29 16:23:31 | INFO | Episode  111 - Reward: 23.000, Length: 23, Loss: 0.5462, Entropy: 0.6930, Epsilon: 0.725
2026-03-29 16:23:32 | INFO | Episode  112 - Reward: 13.000, Length: 13, Loss: 0.3975, Entropy: 0.6930, Epsilon: 0.723
2026-03-29 16:23:33 | INFO | Episode  113 - Reward: 10.000, Length: 10, Loss: 0.6573, Entropy: 0.6931, Epsilon: 0.720
2026-03-29 16:23:33 | INFO | Episode  114 - Reward: 22.000, Length: 22, Loss: 0.5950, Entropy: 0.6930, Epsilon: 0.718
2026-03-29 16:23:34 | INFO | Episode  115 - Reward: 28.000, Length: 28, Loss: 0.3872, Entropy: 0.6930, Epsilon: 0.715
2026-03-29 16:23:35 | INFO | Episode  116 - Reward: 17.000, Length: 17, Loss: 0.4678, Entropy: 0.6931, Epsilon: 0.713
2026-03-29 16:23:35 | INFO | Episode  117 - Reward: 28.000, Length: 28, Loss: 0.4845, Entropy: 0.6931, Epsilon: 0.710
2026-03-29 16:23:36 | INFO | Episode  118 - Reward: 13.000, Length: 13, Loss: 0.4988, Entropy: 0.6931, Epsilon: 0.708
2026-03-29 16:23:37 | INFO | Episode  119 - Reward: 28.000, Length: 28, Loss: 0.4998, Entropy: 0.6930, Epsilon: 0.705
2026-03-29 16:23:38 | INFO | Episode  120 - Reward: 14.000, Length: 14, Loss: 0.4960, Entropy: 0.6930, Epsilon: 0.703
2026-03-29 16:23:39 | INFO | Episode  121 - Reward: 36.000, Length: 36, Loss: 0.5977, Entropy: 0.6929, Epsilon: 0.701
2026-03-29 16:23:39 | INFO | Episode  122 - Reward: 12.000, Length: 12, Loss: 0.4506, Entropy: 0.6929, Epsilon: 0.698
2026-03-29 16:23:40 | INFO | Episode  123 - Reward: 22.000, Length: 22, Loss: 0.4975, Entropy: 0.6928, Epsilon: 0.696
2026-03-29 16:23:41 | INFO | Episode  124 - Reward: 13.000, Length: 13, Loss: 0.4904, Entropy: 0.6928, Epsilon: 0.693
2026-03-29 16:23:41 | INFO | Episode  125 - Reward: 17.000, Length: 17, Loss: 0.5208, Entropy: 0.6929, Epsilon: 0.691
2026-03-29 16:23:42 | INFO | Episode  126 - Reward: 93.000, Length: 93, Loss: 0.5059, Entropy: 0.6930, Epsilon: 0.688
2026-03-29 16:23:43 | INFO | Episode  127 - Reward: 15.000, Length: 15, Loss: 1.0491, Entropy: 0.6929, Epsilon: 0.686
2026-03-29 16:23:44 | INFO | Episode  128 - Reward: 21.000, Length: 21, Loss: 0.7419, Entropy: 0.6926, Epsilon: 0.683
2026-03-29 16:23:44 | INFO | Episode  129 - Reward: 25.000, Length: 25, Loss: 0.8261, Entropy: 0.6926, Epsilon: 0.681
2026-03-29 16:23:45 | INFO | Episode  130 - Reward: 19.000, Length: 19, Loss: 0.7688, Entropy: 0.6926, Epsilon: 0.678
2026-03-29 16:23:46 | INFO | Episode  131 - Reward: 11.000, Length: 11, Loss: 1.0065, Entropy: 0.6925, Epsilon: 0.676
2026-03-29 16:23:46 | INFO | Episode  132 - Reward: 10.000, Length: 10, Loss: 0.7168, Entropy: 0.6922, Epsilon: 0.673
2026-03-29 16:23:47 | INFO | Episode  133 - Reward: 27.000, Length: 27, Loss: 0.6741, Entropy: 0.6920, Epsilon: 0.671
2026-03-29 16:23:48 | INFO | Episode  134 - Reward: 12.000, Length: 12, Loss: 0.6764, Entropy: 0.6923, Epsilon: 0.668
2026-03-29 16:23:49 | INFO | Episode  135 - Reward: 16.000, Length: 16, Loss: 0.8653, Entropy: 0.6916, Epsilon: 0.666
2026-03-29 16:23:49 | INFO | Episode  136 - Reward: 10.000, Length: 10, Loss: 0.7961, Entropy: 0.6913, Epsilon: 0.663
2026-03-29 16:23:50 | INFO | Episode  137 - Reward: 20.000, Length: 20, Loss: 0.7635, Entropy: 0.6919, Epsilon: 0.661
2026-03-29 16:23:51 | INFO | Episode  138 - Reward: 14.000, Length: 14, Loss: 0.7598, Entropy: 0.6920, Epsilon: 0.658
2026-03-29 16:23:52 | INFO | Episode  139 - Reward: 9.000, Length: 9, Loss: 0.7679, Entropy: 0.6921, Epsilon: 0.656
2026-03-29 16:23:53 | INFO | Episode  140 - Reward: 27.000, Length: 27, Loss: 0.8446, Entropy: 0.6921, Epsilon: 0.653
2026-03-29 16:23:53 | INFO | Episode  141 - Reward: 13.000, Length: 13, Loss: 0.6413, Entropy: 0.6924, Epsilon: 0.651
2026-03-29 16:23:54 | INFO | Episode  142 - Reward: 21.000, Length: 21, Loss: 0.7933, Entropy: 0.6926, Epsilon: 0.649
2026-03-29 16:23:55 | INFO | Episode  143 - Reward: 14.000, Length: 14, Loss: 0.7738, Entropy: 0.6925, Epsilon: 0.646
2026-03-29 16:23:56 | INFO | Episode  144 - Reward: 17.000, Length: 17, Loss: 0.9256, Entropy: 0.6926, Epsilon: 0.644
2026-03-29 16:23:57 | INFO | Episode  145 - Reward: 48.000, Length: 48, Loss: 0.7418, Entropy: 0.6926, Epsilon: 0.641
2026-03-29 16:23:57 | INFO | Episode  146 - Reward: 22.000, Length: 22, Loss: 0.7204, Entropy: 0.6921, Epsilon: 0.639
2026-03-29 16:23:58 | INFO | Episode  147 - Reward: 13.000, Length: 13, Loss: 0.6078, Entropy: 0.6924, Epsilon: 0.636
2026-03-29 16:23:58 | INFO | Episode  148 - Reward: 50.000, Length: 50, Loss: 0.6315, Entropy: 0.6926, Epsilon: 0.634
2026-03-29 16:23:59 | INFO | Episode  149 - Reward: 41.000, Length: 41, Loss: 0.6297, Entropy: 0.6927, Epsilon: 0.631
2026-03-29 16:24:00 | INFO | Episode  150 - Reward: 86.000, Length: 86, Loss: 0.8019, Entropy: 0.6925, Epsilon: 0.629
2026-03-29 16:24:04 | INFO | [Episode  150] eps=0.629  avg_reward=  21.860  avg_length= 21.86  avg_loss=  0.6492  avg_entropy=0.6925  eval_success=0.000
2026-03-29 16:24:05 | INFO | Episode  151 - Reward: 68.000, Length: 68, Loss: 1.2382, Entropy: 0.6926, Epsilon: 0.626
2026-03-29 16:24:06 | INFO | Episode  152 - Reward: 16.000, Length: 16, Loss: 0.9599, Entropy: 0.6924, Epsilon: 0.624
2026-03-29 16:24:06 | INFO | Episode  153 - Reward: 25.000, Length: 25, Loss: 0.9308, Entropy: 0.6921, Epsilon: 0.621
2026-03-29 16:24:07 | INFO | Episode  154 - Reward: 10.000, Length: 10, Loss: 0.9924, Entropy: 0.6920, Epsilon: 0.619
2026-03-29 16:24:08 | INFO | Episode  155 - Reward: 15.000, Length: 15, Loss: 0.8352, Entropy: 0.6920, Epsilon: 0.616
2026-03-29 16:24:09 | INFO | Episode  156 - Reward: 37.000, Length: 37, Loss: 0.7613, Entropy: 0.6920, Epsilon: 0.614
2026-03-29 16:24:09 | INFO | Episode  157 - Reward: 26.000, Length: 26, Loss: 0.8972, Entropy: 0.6917, Epsilon: 0.611
2026-03-29 16:24:10 | INFO | Episode  158 - Reward: 18.000, Length: 18, Loss: 0.8888, Entropy: 0.6915, Epsilon: 0.609
2026-03-29 16:24:11 | INFO | Episode  159 - Reward: 15.000, Length: 15, Loss: 0.8312, Entropy: 0.6916, Epsilon: 0.606
2026-03-29 16:24:12 | INFO | Episode  160 - Reward: 14.000, Length: 14, Loss: 1.0181, Entropy: 0.6906, Epsilon: 0.604
2026-03-29 16:24:12 | INFO | Episode  161 - Reward: 18.000, Length: 18, Loss: 0.9171, Entropy: 0.6913, Epsilon: 0.602
2026-03-29 16:24:13 | INFO | Episode  162 - Reward: 20.000, Length: 20, Loss: 0.8132, Entropy: 0.6916, Epsilon: 0.599
2026-03-29 16:24:14 | INFO | Episode  163 - Reward: 20.000, Length: 20, Loss: 1.0037, Entropy: 0.6911, Epsilon: 0.597
2026-03-29 16:24:14 | INFO | Episode  164 - Reward: 18.000, Length: 18, Loss: 1.0281, Entropy: 0.6905, Epsilon: 0.594
2026-03-29 16:24:15 | INFO | Episode  165 - Reward: 14.000, Length: 14, Loss: 0.7920, Entropy: 0.6907, Epsilon: 0.592
2026-03-29 16:24:16 | INFO | Episode  166 - Reward: 17.000, Length: 17, Loss: 0.9041, Entropy: 0.6914, Epsilon: 0.589
2026-03-29 16:24:17 | INFO | Episode  167 - Reward: 12.000, Length: 12, Loss: 0.9731, Entropy: 0.6910, Epsilon: 0.587
2026-03-29 16:24:17 | INFO | Episode  168 - Reward: 17.000, Length: 17, Loss: 1.0700, Entropy: 0.6915, Epsilon: 0.584
2026-03-29 16:24:18 | INFO | Episode  169 - Reward: 34.000, Length: 34, Loss: 0.7709, Entropy: 0.6913, Epsilon: 0.582
2026-03-29 16:24:19 | INFO | Episode  170 - Reward: 17.000, Length: 17, Loss: 0.9322, Entropy: 0.6917, Epsilon: 0.579
2026-03-29 16:24:19 | INFO | Episode  171 - Reward: 22.000, Length: 22, Loss: 1.3123, Entropy: 0.6918, Epsilon: 0.577
2026-03-29 16:24:20 | INFO | Episode  172 - Reward: 39.000, Length: 39, Loss: 1.1125, Entropy: 0.6917, Epsilon: 0.574
2026-03-29 16:24:21 | INFO | Episode  173 - Reward: 34.000, Length: 34, Loss: 1.2320, Entropy: 0.6916, Epsilon: 0.572
2026-03-29 16:24:22 | INFO | Episode  174 - Reward: 53.000, Length: 53, Loss: 1.4447, Entropy: 0.6913, Epsilon: 0.569
2026-03-29 16:24:23 | INFO | Episode  175 - Reward: 69.000, Length: 69, Loss: 1.2439, Entropy: 0.6913, Epsilon: 0.567
2026-03-29 16:24:24 | INFO | Episode  176 - Reward: 46.000, Length: 46, Loss: 1.3351, Entropy: 0.6906, Epsilon: 0.564
2026-03-29 16:24:25 | INFO | Episode  177 - Reward: 22.000, Length: 22, Loss: 1.2932, Entropy: 0.6904, Epsilon: 0.562
2026-03-29 16:24:26 | INFO | Episode  178 - Reward: 27.000, Length: 27, Loss: 1.3136, Entropy: 0.6907, Epsilon: 0.559
2026-03-29 16:24:27 | INFO | Episode  179 - Reward: 17.000, Length: 17, Loss: 1.2680, Entropy: 0.6906, Epsilon: 0.557
2026-03-29 16:24:29 | INFO | Episode  180 - Reward: 29.000, Length: 29, Loss: 1.3797, Entropy: 0.6898, Epsilon: 0.554
2026-03-29 16:24:30 | INFO | Episode  181 - Reward: 18.000, Length: 18, Loss: 1.2752, Entropy: 0.6896, Epsilon: 0.552
2026-03-29 16:24:31 | INFO | Episode  182 - Reward: 26.000, Length: 26, Loss: 1.1908, Entropy: 0.6896, Epsilon: 0.550
2026-03-29 16:24:32 | INFO | Episode  183 - Reward: 43.000, Length: 43, Loss: 1.1089, Entropy: 0.6896, Epsilon: 0.547
2026-03-29 16:24:34 | INFO | Episode  184 - Reward: 27.000, Length: 27, Loss: 1.1891, Entropy: 0.6895, Epsilon: 0.545
2026-03-29 16:24:35 | INFO | Episode  185 - Reward: 41.000, Length: 41, Loss: 0.9162, Entropy: 0.6894, Epsilon: 0.542
2026-03-29 16:24:36 | INFO | Episode  186 - Reward: 26.000, Length: 26, Loss: 1.6998, Entropy: 0.6886, Epsilon: 0.540
2026-03-29 16:24:37 | INFO | Episode  187 - Reward: 19.000, Length: 19, Loss: 1.3832, Entropy: 0.6882, Epsilon: 0.537
2026-03-29 16:24:38 | INFO | Episode  188 - Reward: 23.000, Length: 23, Loss: 1.8512, Entropy: 0.6886, Epsilon: 0.535
2026-03-29 16:24:39 | INFO | Episode  189 - Reward: 18.000, Length: 18, Loss: 1.5111, Entropy: 0.6898, Epsilon: 0.532
2026-03-29 16:24:40 | INFO | Episode  190 - Reward: 40.000, Length: 40, Loss: 1.6097, Entropy: 0.6897, Epsilon: 0.530
2026-03-29 16:24:41 | INFO | Episode  191 - Reward: 42.000, Length: 42, Loss: 1.3848, Entropy: 0.6889, Epsilon: 0.527
2026-03-29 16:24:43 | INFO | Episode  192 - Reward: 26.000, Length: 26, Loss: 1.4345, Entropy: 0.6892, Epsilon: 0.525
2026-03-29 16:24:44 | INFO | Episode  193 - Reward: 21.000, Length: 21, Loss: 1.5840, Entropy: 0.6889, Epsilon: 0.522
2026-03-29 16:24:45 | INFO | Episode  194 - Reward: 42.000, Length: 42, Loss: 1.7386, Entropy: 0.6882, Epsilon: 0.520
2026-03-29 16:24:47 | INFO | Episode  195 - Reward: 75.000, Length: 75, Loss: 1.2524, Entropy: 0.6885, Epsilon: 0.517
2026-03-29 16:24:48 | INFO | Episode  196 - Reward: 30.000, Length: 30, Loss: 1.7240, Entropy: 0.6882, Epsilon: 0.515
2026-03-29 16:24:49 | INFO | Episode  197 - Reward: 48.000, Length: 48, Loss: 1.5958, Entropy: 0.6877, Epsilon: 0.512
2026-03-29 16:24:50 | INFO | Episode  198 - Reward: 15.000, Length: 15, Loss: 1.4270, Entropy: 0.6877, Epsilon: 0.510
2026-03-29 16:24:51 | INFO | Episode  199 - Reward: 57.000, Length: 57, Loss: 1.2868, Entropy: 0.6881, Epsilon: 0.507
2026-03-29 16:24:52 | INFO | Episode  200 - Reward: 23.000, Length: 23, Loss: 1.7918, Entropy: 0.6876, Epsilon: 0.505
2026-03-29 16:25:03 | INFO | [Episode  200] eps=0.505  avg_reward=  28.980  avg_length= 28.98  avg_loss=  1.2089  avg_entropy=0.6876  eval_success=0.000
2026-03-29 16:25:04 | INFO | Episode  201 - Reward: 49.000, Length: 49, Loss: 1.3764, Entropy: 0.6880, Epsilon: 0.503
2026-03-29 16:25:05 | INFO | Episode  202 - Reward: 56.000, Length: 56, Loss: 1.3580, Entropy: 0.6865, Epsilon: 0.500
2026-03-29 16:25:06 | INFO | Episode  203 - Reward: 27.000, Length: 27, Loss: 1.8063, Entropy: 0.6861, Epsilon: 0.498
2026-03-29 16:25:07 | INFO | Episode  204 - Reward: 61.000, Length: 61, Loss: 1.9340, Entropy: 0.6857, Epsilon: 0.495
2026-03-29 16:25:08 | INFO | Episode  205 - Reward: 60.000, Length: 60, Loss: 1.4611, Entropy: 0.6860, Epsilon: 0.493
2026-03-29 16:25:10 | INFO | Episode  206 - Reward: 88.000, Length: 88, Loss: 1.9506, Entropy: 0.6855, Epsilon: 0.490
2026-03-29 16:25:11 | INFO | Episode  207 - Reward: 13.000, Length: 13, Loss: 1.5773, Entropy: 0.6845, Epsilon: 0.488
2026-03-29 16:25:12 | INFO | Episode  208 - Reward: 90.000, Length: 90, Loss: 1.7664, Entropy: 0.6843, Epsilon: 0.485
2026-03-29 16:25:13 | INFO | Episode  209 - Reward: 59.000, Length: 59, Loss: 2.0638, Entropy: 0.6845, Epsilon: 0.483
2026-03-29 16:25:14 | INFO | Episode  210 - Reward: 134.000, Length: 134, Loss: 1.5158, Entropy: 0.6849, Epsilon: 0.480
2026-03-29 16:25:16 | INFO | Episode  211 - Reward: 59.000, Length: 59, Loss: 1.4170, Entropy: 0.6848, Epsilon: 0.478
2026-03-29 16:25:17 | INFO | Episode  212 - Reward: 40.000, Length: 40, Loss: 1.4617, Entropy: 0.6842, Epsilon: 0.475
2026-03-29 16:25:18 | INFO | Episode  213 - Reward: 109.000, Length: 109, Loss: 1.8338, Entropy: 0.6835, Epsilon: 0.473
2026-03-29 16:25:19 | INFO | Episode  214 - Reward: 37.000, Length: 37, Loss: 1.6240, Entropy: 0.6829, Epsilon: 0.470
2026-03-29 16:25:20 | INFO | Episode  215 - Reward: 38.000, Length: 38, Loss: 1.6736, Entropy: 0.6830, Epsilon: 0.468
2026-03-29 16:25:22 | INFO | Episode  216 - Reward: 13.000, Length: 13, Loss: 1.7901, Entropy: 0.6822, Epsilon: 0.465
2026-03-29 16:25:23 | INFO | Episode  217 - Reward: 49.000, Length: 49, Loss: 1.5083, Entropy: 0.6822, Epsilon: 0.463
2026-03-29 16:25:24 | INFO | Episode  218 - Reward: 86.000, Length: 86, Loss: 2.3630, Entropy: 0.6816, Epsilon: 0.460
2026-03-29 16:25:25 | INFO | Episode  219 - Reward: 88.000, Length: 88, Loss: 1.7873, Entropy: 0.6806, Epsilon: 0.458
2026-03-29 16:25:26 | INFO | Episode  220 - Reward: 39.000, Length: 39, Loss: 2.3990, Entropy: 0.6810, Epsilon: 0.456
2026-03-29 16:25:27 | INFO | Episode  221 - Reward: 17.000, Length: 17, Loss: 1.8342, Entropy: 0.6797, Epsilon: 0.453
2026-03-29 16:25:28 | INFO | Episode  222 - Reward: 67.000, Length: 67, Loss: 1.3543, Entropy: 0.6803, Epsilon: 0.451
2026-03-29 16:25:29 | INFO | Episode  223 - Reward: 59.000, Length: 59, Loss: 2.5402, Entropy: 0.6796, Epsilon: 0.448
2026-03-29 16:25:29 | INFO | Episode  224 - Reward: 42.000, Length: 42, Loss: 3.1128, Entropy: 0.6774, Epsilon: 0.446
2026-03-29 16:25:30 | INFO | Episode  225 - Reward: 47.000, Length: 47, Loss: 2.2908, Entropy: 0.6790, Epsilon: 0.443
2026-03-29 16:25:31 | INFO | Episode  226 - Reward: 19.000, Length: 19, Loss: 1.6318, Entropy: 0.6768, Epsilon: 0.441
2026-03-29 16:25:32 | INFO | Episode  227 - Reward: 48.000, Length: 48, Loss: 2.0970, Entropy: 0.6758, Epsilon: 0.438
2026-03-29 16:25:32 | INFO | Episode  228 - Reward: 28.000, Length: 28, Loss: 2.3280, Entropy: 0.6762, Epsilon: 0.436
2026-03-29 16:25:33 | INFO | Episode  229 - Reward: 51.000, Length: 51, Loss: 2.1319, Entropy: 0.6769, Epsilon: 0.433
2026-03-29 16:25:34 | INFO | Episode  230 - Reward: 26.000, Length: 26, Loss: 2.6301, Entropy: 0.6745, Epsilon: 0.431
2026-03-29 16:25:35 | INFO | Episode  231 - Reward: 45.000, Length: 45, Loss: 2.2809, Entropy: 0.6735, Epsilon: 0.428
2026-03-29 16:25:35 | INFO | Episode  232 - Reward: 45.000, Length: 45, Loss: 1.7215, Entropy: 0.6743, Epsilon: 0.426
2026-03-29 16:25:36 | INFO | Episode  233 - Reward: 80.000, Length: 80, Loss: 2.4320, Entropy: 0.6727, Epsilon: 0.423
2026-03-29 16:25:37 | INFO | Episode  234 - Reward: 30.000, Length: 30, Loss: 2.5068, Entropy: 0.6723, Epsilon: 0.421
2026-03-29 16:25:38 | INFO | Episode  235 - Reward: 54.000, Length: 54, Loss: 2.1101, Entropy: 0.6726, Epsilon: 0.418
2026-03-29 16:25:39 | INFO | Episode  236 - Reward: 42.000, Length: 42, Loss: 2.5357, Entropy: 0.6704, Epsilon: 0.416
2026-03-29 16:25:39 | INFO | Episode  237 - Reward: 49.000, Length: 49, Loss: 1.9304, Entropy: 0.6704, Epsilon: 0.413
2026-03-29 16:25:46 | INFO | Episode  238 - Reward: 84.000, Length: 84, Loss: 2.5065, Entropy: 0.6687, Epsilon: 0.411
2026-03-29 16:25:46 | INFO | Episode  239 - Reward: 83.000, Length: 83, Loss: 2.0456, Entropy: 0.6714, Epsilon: 0.408
2026-03-29 16:25:47 | INFO | Episode  240 - Reward: 44.000, Length: 44, Loss: 2.4420, Entropy: 0.6689, Epsilon: 0.406
2026-03-29 16:25:48 | INFO | Episode  241 - Reward: 50.000, Length: 50, Loss: 2.4283, Entropy: 0.6709, Epsilon: 0.404
2026-03-29 16:25:48 | INFO | Episode  242 - Reward: 41.000, Length: 41, Loss: 2.7714, Entropy: 0.6678, Epsilon: 0.401
2026-03-29 16:25:49 | INFO | Episode  243 - Reward: 67.000, Length: 67, Loss: 3.8419, Entropy: 0.6664, Epsilon: 0.399
2026-03-29 16:25:50 | INFO | Episode  244 - Reward: 38.000, Length: 38, Loss: 2.5178, Entropy: 0.6657, Epsilon: 0.396
2026-03-29 16:25:51 | INFO | Episode  245 - Reward: 83.000, Length: 83, Loss: 2.6605, Entropy: 0.6672, Epsilon: 0.394
2026-03-29 16:25:51 | INFO | Episode  246 - Reward: 122.000, Length: 122, Loss: 3.1987, Entropy: 0.6668, Epsilon: 0.391
2026-03-29 16:25:52 | INFO | Episode  247 - Reward: 116.000, Length: 116, Loss: 3.1218, Entropy: 0.6646, Epsilon: 0.389
2026-03-29 16:25:53 | INFO | Episode  248 - Reward: 49.000, Length: 49, Loss: 2.9977, Entropy: 0.6635, Epsilon: 0.386
2026-03-29 16:25:54 | INFO | Episode  249 - Reward: 63.000, Length: 63, Loss: 2.3706, Entropy: 0.6593, Epsilon: 0.384
2026-03-29 16:25:54 | INFO | Episode  250 - Reward: 37.000, Length: 37, Loss: 2.7017, Entropy: 0.6591, Epsilon: 0.381
2026-03-29 16:26:00 | INFO | [Episode  250] eps=0.381  avg_reward=  56.420  avg_length= 56.42  avg_loss=  2.1548  avg_entropy=0.6591  eval_success=0.000
2026-03-29 16:26:01 | INFO | Episode  251 - Reward: 41.000, Length: 41, Loss: 3.0417, Entropy: 0.6608, Epsilon: 0.379
2026-03-29 16:26:02 | INFO | Episode  252 - Reward: 41.000, Length: 41, Loss: 2.7013, Entropy: 0.6612, Epsilon: 0.376
2026-03-29 16:26:03 | INFO | Episode  253 - Reward: 62.000, Length: 62, Loss: 2.4395, Entropy: 0.6600, Epsilon: 0.374
2026-03-29 16:26:04 | INFO | Episode  254 - Reward: 43.000, Length: 43, Loss: 2.6558, Entropy: 0.6607, Epsilon: 0.371
2026-03-29 16:26:04 | INFO | Episode  255 - Reward: 81.000, Length: 81, Loss: 3.6671, Entropy: 0.6579, Epsilon: 0.369
2026-03-29 16:26:05 | INFO | Episode  256 - Reward: 53.000, Length: 53, Loss: 2.6560, Entropy: 0.6580, Epsilon: 0.366
2026-03-29 16:26:06 | INFO | Episode  257 - Reward: 53.000, Length: 53, Loss: 2.9711, Entropy: 0.6541, Epsilon: 0.364
2026-03-29 16:26:07 | INFO | Episode  258 - Reward: 60.000, Length: 60, Loss: 3.3729, Entropy: 0.6541, Epsilon: 0.361
2026-03-29 16:26:08 | INFO | Episode  259 - Reward: 57.000, Length: 57, Loss: 3.0567, Entropy: 0.6559, Epsilon: 0.359
2026-03-29 16:26:08 | INFO | Episode  260 - Reward: 14.000, Length: 14, Loss: 2.9927, Entropy: 0.6500, Epsilon: 0.357
2026-03-29 16:26:09 | INFO | Episode  261 - Reward: 106.000, Length: 106, Loss: 3.4538, Entropy: 0.6494, Epsilon: 0.354
2026-03-29 16:26:10 | INFO | Episode  262 - Reward: 32.000, Length: 32, Loss: 4.8233, Entropy: 0.6466, Epsilon: 0.352
2026-03-29 16:26:11 | INFO | Episode  263 - Reward: 32.000, Length: 32, Loss: 2.7449, Entropy: 0.6497, Epsilon: 0.349
2026-03-29 16:26:12 | INFO | Episode  264 - Reward: 80.000, Length: 80, Loss: 3.2309, Entropy: 0.6483, Epsilon: 0.347
2026-03-29 16:26:12 | INFO | Episode  265 - Reward: 26.000, Length: 26, Loss: 3.3264, Entropy: 0.6500, Epsilon: 0.344
2026-03-29 16:26:13 | INFO | Episode  266 - Reward: 30.000, Length: 30, Loss: 3.7535, Entropy: 0.6479, Epsilon: 0.342
2026-03-29 16:26:14 | INFO | Episode  267 - Reward: 34.000, Length: 34, Loss: 3.7862, Entropy: 0.6405, Epsilon: 0.339
2026-03-29 16:26:15 | INFO | Episode  268 - Reward: 126.000, Length: 126, Loss: 3.4469, Entropy: 0.6416, Epsilon: 0.337
2026-03-29 16:26:16 | INFO | Episode  269 - Reward: 44.000, Length: 44, Loss: 3.1414, Entropy: 0.6430, Epsilon: 0.334
2026-03-29 16:26:16 | INFO | Episode  270 - Reward: 63.000, Length: 63, Loss: 2.6415, Entropy: 0.6490, Epsilon: 0.332
2026-03-29 16:26:18 | INFO | Episode  271 - Reward: 23.000, Length: 23, Loss: 3.0177, Entropy: 0.6474, Epsilon: 0.329
2026-03-29 16:26:22 | INFO | Episode  272 - Reward: 23.000, Length: 23, Loss: 4.0476, Entropy: 0.6380, Epsilon: 0.327
2026-03-29 16:28:05 | INFO | Episode  273 - Reward: 62.000, Length: 62, Loss: 4.1825, Entropy: 0.6405, Epsilon: 0.324
2026-03-29 16:28:07 | INFO | Episode  274 - Reward: 32.000, Length: 32, Loss: 4.0059, Entropy: 0.6368, Epsilon: 0.322
2026-03-29 16:28:25 | INFO | Episode  275 - Reward: 36.000, Length: 36, Loss: 3.6604, Entropy: 0.6407, Epsilon: 0.319
2026-03-29 16:28:47 | INFO | Episode  276 - Reward: 40.000, Length: 40, Loss: 4.5362, Entropy: 0.6376, Epsilon: 0.317
2026-03-29 16:29:06 | INFO | Episode  277 - Reward: 79.000, Length: 79, Loss: 3.8462, Entropy: 0.6364, Epsilon: 0.314
2026-03-29 16:29:12 | INFO | Episode  278 - Reward: 32.000, Length: 32, Loss: 3.7601, Entropy: 0.6400, Epsilon: 0.312
2026-03-29 16:29:16 | INFO | Episode  279 - Reward: 50.000, Length: 50, Loss: 2.9376, Entropy: 0.6378, Epsilon: 0.309
2026-03-29 16:29:18 | INFO | Episode  280 - Reward: 76.000, Length: 76, Loss: 4.3517, Entropy: 0.6380, Epsilon: 0.307
2026-03-29 16:29:19 | INFO | Episode  281 - Reward: 63.000, Length: 63, Loss: 3.9352, Entropy: 0.6411, Epsilon: 0.305
2026-03-29 16:29:21 | INFO | Episode  282 - Reward: 44.000, Length: 44, Loss: 3.4280, Entropy: 0.6389, Epsilon: 0.302
2026-03-29 16:29:22 | INFO | Episode  283 - Reward: 59.000, Length: 59, Loss: 3.9896, Entropy: 0.6326, Epsilon: 0.300
2026-03-29 16:29:23 | INFO | Episode  284 - Reward: 45.000, Length: 45, Loss: 3.4316, Entropy: 0.6414, Epsilon: 0.297
2026-03-29 16:29:24 | INFO | Episode  285 - Reward: 113.000, Length: 113, Loss: 4.0554, Entropy: 0.6372, Epsilon: 0.295
2026-03-29 16:29:25 | INFO | Episode  286 - Reward: 77.000, Length: 77, Loss: 4.2512, Entropy: 0.6317, Epsilon: 0.292
2026-03-29 16:29:25 | INFO | Episode  287 - Reward: 58.000, Length: 58, Loss: 4.0565, Entropy: 0.6317, Epsilon: 0.290
2026-03-29 16:29:26 | INFO | Episode  288 - Reward: 29.000, Length: 29, Loss: 5.1602, Entropy: 0.6242, Epsilon: 0.287
2026-03-29 16:29:27 | INFO | Episode  289 - Reward: 87.000, Length: 87, Loss: 2.7573, Entropy: 0.6207, Epsilon: 0.285
2026-03-29 16:29:28 | INFO | Episode  290 - Reward: 34.000, Length: 34, Loss: 4.1461, Entropy: 0.6249, Epsilon: 0.282
2026-03-29 16:29:28 | INFO | Episode  291 - Reward: 57.000, Length: 57, Loss: 3.4751, Entropy: 0.6186, Epsilon: 0.280
2026-03-29 16:29:29 | INFO | Episode  292 - Reward: 72.000, Length: 72, Loss: 4.3355, Entropy: 0.6173, Epsilon: 0.277
2026-03-29 16:29:30 | INFO | Episode  293 - Reward: 72.000, Length: 72, Loss: 3.8720, Entropy: 0.6186, Epsilon: 0.275
2026-03-29 16:29:31 | INFO | Episode  294 - Reward: 37.000, Length: 37, Loss: 4.1334, Entropy: 0.6156, Epsilon: 0.272
2026-03-29 16:29:32 | INFO | Episode  295 - Reward: 68.000, Length: 68, Loss: 4.0742, Entropy: 0.6104, Epsilon: 0.270
2026-03-29 16:29:32 | INFO | Episode  296 - Reward: 84.000, Length: 84, Loss: 3.9253, Entropy: 0.6127, Epsilon: 0.267
2026-03-29 16:29:33 | INFO | Episode  297 - Reward: 45.000, Length: 45, Loss: 3.1198, Entropy: 0.6120, Epsilon: 0.265
2026-03-29 16:29:34 | INFO | Episode  298 - Reward: 124.000, Length: 124, Loss: 4.1182, Entropy: 0.6137, Epsilon: 0.262
2026-03-29 16:29:35 | INFO | Episode  299 - Reward: 90.000, Length: 90, Loss: 4.9691, Entropy: 0.6081, Epsilon: 0.260
2026-03-29 16:29:36 | INFO | Episode  300 - Reward: 87.000, Length: 87, Loss: 2.9078, Entropy: 0.6121, Epsilon: 0.258
2026-03-29 16:29:42 | INFO | [Episode  300] eps=0.258  avg_reward=  57.520  avg_length= 57.52  avg_loss=  3.6078  avg_entropy=0.6121  eval_success=0.000
2026-03-29 16:29:47 | INFO | Episode  301 - Reward: 46.000, Length: 46, Loss: 4.4474, Entropy: 0.6113, Epsilon: 0.255
2026-03-29 16:29:48 | INFO | Episode  302 - Reward: 106.000, Length: 106, Loss: 4.1870, Entropy: 0.6074, Epsilon: 0.253
2026-03-29 16:29:49 | INFO | Episode  303 - Reward: 62.000, Length: 62, Loss: 3.9078, Entropy: 0.6063, Epsilon: 0.250
2026-03-29 16:29:49 | INFO | Episode  304 - Reward: 72.000, Length: 72, Loss: 3.2849, Entropy: 0.6041, Epsilon: 0.248
2026-03-29 16:29:50 | INFO | Episode  305 - Reward: 102.000, Length: 102, Loss: 5.5273, Entropy: 0.6110, Epsilon: 0.245
2026-03-29 16:29:51 | INFO | Episode  306 - Reward: 63.000, Length: 63, Loss: 5.9992, Entropy: 0.5948, Epsilon: 0.243
2026-03-29 16:29:51 | INFO | Episode  307 - Reward: 75.000, Length: 75, Loss: 5.9010, Entropy: 0.6015, Epsilon: 0.240
2026-03-29 16:29:52 | INFO | Episode  308 - Reward: 123.000, Length: 123, Loss: 3.7920, Entropy: 0.6047, Epsilon: 0.238
2026-03-29 16:29:53 | INFO | Episode  309 - Reward: 49.000, Length: 49, Loss: 4.1514, Entropy: 0.5943, Epsilon: 0.235
2026-03-29 16:29:54 | INFO | Episode  310 - Reward: 104.000, Length: 104, Loss: 5.1476, Entropy: 0.5941, Epsilon: 0.233
2026-03-29 16:29:55 | INFO | Episode  311 - Reward: 200.000, Length: 200, Loss: 3.9608, Entropy: 0.6023, Epsilon: 0.230
2026-03-29 16:29:55 | INFO | Episode  312 - Reward: 99.000, Length: 99, Loss: 6.4305, Entropy: 0.5949, Epsilon: 0.228
2026-03-29 16:29:56 | INFO | Episode  313 - Reward: 70.000, Length: 70, Loss: 5.7865, Entropy: 0.5987, Epsilon: 0.225
2026-03-29 16:29:57 | INFO | Episode  314 - Reward: 131.000, Length: 131, Loss: 4.2038, Entropy: 0.5979, Epsilon: 0.223
2026-03-29 16:29:58 | INFO | Episode  315 - Reward: 90.000, Length: 90, Loss: 4.1929, Entropy: 0.6014, Epsilon: 0.220
2026-03-29 16:29:58 | INFO | Episode  316 - Reward: 85.000, Length: 85, Loss: 10.4812, Entropy: 0.5942, Epsilon: 0.218
2026-03-29 16:29:59 | INFO | Episode  317 - Reward: 97.000, Length: 97, Loss: 10.2983, Entropy: 0.5962, Epsilon: 0.215
2026-03-29 16:30:00 | INFO | Episode  318 - Reward: 114.000, Length: 114, Loss: 10.5287, Entropy: 0.5984, Epsilon: 0.213
2026-03-29 16:30:01 | INFO | Episode  319 - Reward: 101.000, Length: 101, Loss: 7.8647, Entropy: 0.5938, Epsilon: 0.210
2026-03-29 16:30:01 | INFO | Episode  320 - Reward: 164.000, Length: 164, Loss: 5.1079, Entropy: 0.5973, Epsilon: 0.208
2026-03-29 16:30:02 | INFO | Episode  321 - Reward: 125.000, Length: 125, Loss: 5.4468, Entropy: 0.5969, Epsilon: 0.206
2026-03-29 16:30:03 | INFO | Episode  322 - Reward: 65.000, Length: 65, Loss: 4.2610, Entropy: 0.5960, Epsilon: 0.203
2026-03-29 16:30:03 | INFO | Episode  323 - Reward: 48.000, Length: 48, Loss: 5.7516, Entropy: 0.5930, Epsilon: 0.201
2026-03-29 16:30:04 | INFO | Episode  324 - Reward: 129.000, Length: 129, Loss: 5.1382, Entropy: 0.5958, Epsilon: 0.198
2026-03-29 16:30:05 | INFO | Episode  325 - Reward: 47.000, Length: 47, Loss: 7.2967, Entropy: 0.5957, Epsilon: 0.196
2026-03-29 16:30:06 | INFO | Episode  326 - Reward: 121.000, Length: 121, Loss: 10.3788, Entropy: 0.5861, Epsilon: 0.193
2026-03-29 16:30:06 | INFO | Episode  327 - Reward: 200.000, Length: 200, Loss: 28.3567, Entropy: 0.5671, Epsilon: 0.191
2026-03-29 16:30:07 | INFO | Episode  328 - Reward: 53.000, Length: 53, Loss: 22.5192, Entropy: 0.6190, Epsilon: 0.188
2026-03-29 16:30:07 | INFO | Episode  329 - Reward: 95.000, Length: 95, Loss: 15.7820, Entropy: 0.6246, Epsilon: 0.186
2026-03-29 16:30:08 | INFO | Episode  330 - Reward: 75.000, Length: 75, Loss: 4.1566, Entropy: 0.6088, Epsilon: 0.183
2026-03-29 16:30:09 | INFO | Episode  331 - Reward: 37.000, Length: 37, Loss: 3.9362, Entropy: 0.6139, Epsilon: 0.181
2026-03-29 16:30:09 | INFO | Episode  332 - Reward: 44.000, Length: 44, Loss: 3.7564, Entropy: 0.6126, Epsilon: 0.178
2026-03-29 16:30:10 | INFO | Episode  333 - Reward: 61.000, Length: 61, Loss: 4.5839, Entropy: 0.6043, Epsilon: 0.176
2026-03-29 16:30:10 | INFO | Episode  334 - Reward: 41.000, Length: 41, Loss: 3.8137, Entropy: 0.6115, Epsilon: 0.173
2026-03-29 16:30:11 | INFO | Episode  335 - Reward: 59.000, Length: 59, Loss: 4.4418, Entropy: 0.6092, Epsilon: 0.171
2026-03-29 16:30:11 | INFO | Episode  336 - Reward: 130.000, Length: 130, Loss: 2.7046, Entropy: 0.6120, Epsilon: 0.168
2026-03-29 16:30:12 | INFO | Episode  337 - Reward: 56.000, Length: 56, Loss: 4.8756, Entropy: 0.6095, Epsilon: 0.166
2026-03-29 16:30:12 | INFO | Episode  338 - Reward: 125.000, Length: 125, Loss: 4.4951, Entropy: 0.6072, Epsilon: 0.163
2026-03-29 16:30:12 | INFO | Episode  339 - Reward: 122.000, Length: 122, Loss: 4.1281, Entropy: 0.6099, Epsilon: 0.161
2026-03-29 16:30:13 | INFO | Episode  340 - Reward: 49.000, Length: 49, Loss: 3.3346, Entropy: 0.6053, Epsilon: 0.158
2026-03-29 16:30:13 | INFO | Episode  341 - Reward: 145.000, Length: 145, Loss: 6.2694, Entropy: 0.6056, Epsilon: 0.156
2026-03-29 16:30:14 | INFO | Episode  342 - Reward: 68.000, Length: 68, Loss: 5.2320, Entropy: 0.6039, Epsilon: 0.154
2026-03-29 16:30:15 | INFO | Episode  343 - Reward: 176.000, Length: 176, Loss: 7.7375, Entropy: 0.6004, Epsilon: 0.151
2026-03-29 16:30:15 | INFO | Episode  344 - Reward: 157.000, Length: 157, Loss: 10.0565, Entropy: 0.6013, Epsilon: 0.149
2026-03-29 16:30:16 | INFO | Episode  345 - Reward: 163.000, Length: 163, Loss: 13.2822, Entropy: 0.5983, Epsilon: 0.146
2026-03-29 16:30:17 | INFO | Episode  346 - Reward: 49.000, Length: 49, Loss: 3.0201, Entropy: 0.6152, Epsilon: 0.144
2026-03-29 16:30:17 | INFO | Episode  347 - Reward: 61.000, Length: 61, Loss: 3.0317, Entropy: 0.5953, Epsilon: 0.141
2026-03-29 16:30:18 | INFO | Episode  348 - Reward: 70.000, Length: 70, Loss: 3.3384, Entropy: 0.5850, Epsilon: 0.139
2026-03-29 16:30:18 | INFO | Episode  349 - Reward: 108.000, Length: 108, Loss: 4.1213, Entropy: 0.5854, Epsilon: 0.136
2026-03-29 16:30:19 | INFO | Episode  350 - Reward: 118.000, Length: 118, Loss: 3.6945, Entropy: 0.5830, Epsilon: 0.134
2026-03-29 16:30:28 | INFO | [Episode  350] eps=0.134  avg_reward=  95.000  avg_length= 95.00  avg_loss=  6.4828  avg_entropy=0.5830  eval_success=0.000
2026-03-29 16:30:29 | INFO | Episode  351 - Reward: 139.000, Length: 139, Loss: 2.5654, Entropy: 0.5839, Epsilon: 0.131
2026-03-29 16:30:29 | INFO | Episode  352 - Reward: 66.000, Length: 66, Loss: 4.4693, Entropy: 0.5859, Epsilon: 0.129
2026-03-29 16:30:30 | INFO | Episode  353 - Reward: 200.000, Length: 200, Loss: 3.6801, Entropy: 0.5801, Epsilon: 0.126
2026-03-29 16:30:30 | INFO | Episode  354 - Reward: 200.000, Length: 200, Loss: 5.5835, Entropy: 0.5899, Epsilon: 0.124
2026-03-29 16:30:31 | INFO | Episode  355 - Reward: 200.000, Length: 200, Loss: 6.5712, Entropy: 0.5717, Epsilon: 0.121
2026-03-29 16:30:31 | INFO | Episode  356 - Reward: 129.000, Length: 129, Loss: 7.1631, Entropy: 0.5786, Epsilon: 0.119
2026-03-29 16:30:32 | INFO | Episode  357 - Reward: 164.000, Length: 164, Loss: 10.8968, Entropy: 0.5848, Epsilon: 0.116
2026-03-29 16:30:32 | INFO | Episode  358 - Reward: 200.000, Length: 200, Loss: 3.3607, Entropy: 0.5896, Epsilon: 0.114
2026-03-29 16:30:33 | INFO | Episode  359 - Reward: 200.000, Length: 200, Loss: 2.7913, Entropy: 0.5846, Epsilon: 0.111
2026-03-29 16:30:33 | INFO | Episode  360 - Reward: 200.000, Length: 200, Loss: 2.8197, Entropy: 0.5806, Epsilon: 0.109
2026-03-29 16:30:33 | INFO | Episode  361 - Reward: 200.000, Length: 200, Loss: 2.8431, Entropy: 0.5867, Epsilon: 0.107
2026-03-29 16:30:34 | INFO | Episode  362 - Reward: 200.000, Length: 200, Loss: 2.4946, Entropy: 0.5853, Epsilon: 0.104
2026-03-29 16:30:34 | INFO | Episode  363 - Reward: 200.000, Length: 200, Loss: 4.1081, Entropy: 0.5835, Epsilon: 0.102
2026-03-29 16:30:35 | INFO | Episode  364 - Reward: 200.000, Length: 200, Loss: 3.3459, Entropy: 0.5751, Epsilon: 0.099
2026-03-29 16:30:35 | INFO | Episode  365 - Reward: 200.000, Length: 200, Loss: 3.8455, Entropy: 0.5718, Epsilon: 0.097
2026-03-29 16:30:36 | INFO | Episode  366 - Reward: 200.000, Length: 200, Loss: 3.9572, Entropy: 0.5816, Epsilon: 0.094
2026-03-29 16:30:36 | INFO | Episode  367 - Reward: 138.000, Length: 138, Loss: 3.8852, Entropy: 0.5745, Epsilon: 0.092
2026-03-29 16:30:37 | INFO | Episode  368 - Reward: 192.000, Length: 192, Loss: 4.6085, Entropy: 0.5727, Epsilon: 0.089
2026-03-29 16:30:37 | INFO | Episode  369 - Reward: 200.000, Length: 200, Loss: 7.3713, Entropy: 0.5763, Epsilon: 0.087
2026-03-29 16:30:38 | INFO | Episode  370 - Reward: 200.000, Length: 200, Loss: 12.8309, Entropy: 0.5821, Epsilon: 0.084
2026-03-29 16:30:38 | INFO | Episode  371 - Reward: 200.000, Length: 200, Loss: 2.4290, Entropy: 0.5912, Epsilon: 0.082
2026-03-29 16:30:39 | INFO | Episode  372 - Reward: 200.000, Length: 200, Loss: 2.8115, Entropy: 0.5758, Epsilon: 0.079
2026-03-29 16:30:39 | INFO | Episode  373 - Reward: 200.000, Length: 200, Loss: 3.9551, Entropy: 0.5792, Epsilon: 0.077
2026-03-29 16:30:40 | INFO | Episode  374 - Reward: 200.000, Length: 200, Loss: 3.1080, Entropy: 0.5812, Epsilon: 0.074
2026-03-29 16:30:40 | INFO | Episode  375 - Reward: 200.000, Length: 200, Loss: 3.3221, Entropy: 0.5727, Epsilon: 0.072
2026-03-29 16:30:41 | INFO | Episode  376 - Reward: 200.000, Length: 200, Loss: 4.8932, Entropy: 0.5802, Epsilon: 0.069
2026-03-29 16:30:41 | INFO | Episode  377 - Reward: 200.000, Length: 200, Loss: 5.9703, Entropy: 0.5720, Epsilon: 0.067
2026-03-29 16:30:42 | INFO | Episode  378 - Reward: 200.000, Length: 200, Loss: 3.0299, Entropy: 0.5723, Epsilon: 0.064
2026-03-29 16:30:42 | INFO | Episode  379 - Reward: 200.000, Length: 200, Loss: 1.9052, Entropy: 0.5740, Epsilon: 0.062
2026-03-29 16:30:42 | INFO | Episode  380 - Reward: 200.000, Length: 200, Loss: 3.6761, Entropy: 0.5684, Epsilon: 0.059
2026-03-29 16:30:43 | INFO | Episode  381 - Reward: 200.000, Length: 200, Loss: 2.3673, Entropy: 0.5714, Epsilon: 0.057
2026-03-29 16:30:43 | INFO | Episode  382 - Reward: 200.000, Length: 200, Loss: 0.9964, Entropy: 0.5706, Epsilon: 0.055
2026-03-29 16:30:44 | INFO | Episode  383 - Reward: 200.000, Length: 200, Loss: 3.6174, Entropy: 0.5658, Epsilon: 0.052
2026-03-29 16:30:44 | INFO | Episode  384 - Reward: 200.000, Length: 200, Loss: 2.5927, Entropy: 0.5726, Epsilon: 0.050
2026-03-29 16:30:44 | INFO | Episode  385 - Reward: 200.000, Length: 200, Loss: 2.2409, Entropy: 0.5726, Epsilon: 0.047
2026-03-29 16:30:45 | INFO | Episode  386 - Reward: 200.000, Length: 200, Loss: 3.2691, Entropy: 0.5775, Epsilon: 0.045
2026-03-29 16:30:45 | INFO | Episode  387 - Reward: 200.000, Length: 200, Loss: 8.0648, Entropy: 0.5863, Epsilon: 0.042
2026-03-29 16:30:45 | INFO | Episode  388 - Reward: 200.000, Length: 200, Loss: 1.8074, Entropy: 0.5846, Epsilon: 0.040
2026-03-29 16:30:46 | INFO | Episode  389 - Reward: 200.000, Length: 200, Loss: 1.9972, Entropy: 0.5736, Epsilon: 0.037
2026-03-29 16:30:46 | INFO | Episode  390 - Reward: 200.000, Length: 200, Loss: 3.1059, Entropy: 0.5742, Epsilon: 0.035
2026-03-29 16:30:46 | INFO | Episode  391 - Reward: 200.000, Length: 200, Loss: 2.6182, Entropy: 0.5677, Epsilon: 0.032
2026-03-29 16:30:47 | INFO | Episode  392 - Reward: 200.000, Length: 200, Loss: 3.4446, Entropy: 0.5678, Epsilon: 0.030
2026-03-29 16:30:47 | INFO | Episode  393 - Reward: 200.000, Length: 200, Loss: 2.8091, Entropy: 0.5708, Epsilon: 0.027
2026-03-29 16:30:47 | INFO | Episode  394 - Reward: 200.000, Length: 200, Loss: 2.5284, Entropy: 0.5754, Epsilon: 0.025
2026-03-29 16:30:48 | INFO | Episode  395 - Reward: 200.000, Length: 200, Loss: 3.0870, Entropy: 0.5763, Epsilon: 0.022
2026-03-29 16:30:48 | INFO | Episode  396 - Reward: 200.000, Length: 200, Loss: 2.7796, Entropy: 0.5727, Epsilon: 0.020
2026-03-29 16:30:49 | INFO | Episode  397 - Reward: 200.000, Length: 200, Loss: 1.8037, Entropy: 0.5822, Epsilon: 0.017
2026-03-29 16:30:49 | INFO | Episode  398 - Reward: 200.000, Length: 200, Loss: 3.5052, Entropy: 0.5797, Epsilon: 0.015
2026-03-29 16:30:49 | INFO | Episode  399 - Reward: 200.000, Length: 200, Loss: 3.6127, Entropy: 0.5723, Epsilon: 0.012
2026-03-29 16:30:50 | INFO | Episode  400 - Reward: 200.000, Length: 200, Loss: 1.9667, Entropy: 0.5722, Epsilon: 0.010
2026-03-29 16:31:00 | INFO | [Episode  400] eps=0.010  avg_reward= 192.560  avg_length=192.56  avg_loss=  3.8501  avg_entropy=0.5722  eval_success=1.000
2026-03-29 16:31:01 | INFO | Episode  401 - Reward: 200.000, Length: 200, Loss: 3.5005, Entropy: 0.5783, Epsilon: 0.010
2026-03-29 16:31:01 | INFO | Episode  402 - Reward: 200.000, Length: 200, Loss: 6.6960, Entropy: 0.5596, Epsilon: 0.010
2026-03-29 16:31:02 | INFO | Episode  403 - Reward: 200.000, Length: 200, Loss: 3.2343, Entropy: 0.5706, Epsilon: 0.010
2026-03-29 16:31:02 | INFO | Episode  404 - Reward: 200.000, Length: 200, Loss: 2.1762, Entropy: 0.5754, Epsilon: 0.010
2026-03-29 16:31:03 | INFO | Episode  405 - Reward: 200.000, Length: 200, Loss: 1.4398, Entropy: 0.5811, Epsilon: 0.010
2026-03-29 16:31:03 | INFO | Episode  406 - Reward: 200.000, Length: 200, Loss: 2.5287, Entropy: 0.5829, Epsilon: 0.010
2026-03-29 16:31:04 | INFO | Episode  407 - Reward: 200.000, Length: 200, Loss: 2.5910, Entropy: 0.5776, Epsilon: 0.010
2026-03-29 16:31:04 | INFO | Episode  408 - Reward: 200.000, Length: 200, Loss: 2.2180, Entropy: 0.5891, Epsilon: 0.010
2026-03-29 16:31:05 | INFO | Episode  409 - Reward: 200.000, Length: 200, Loss: 3.6092, Entropy: 0.5918, Epsilon: 0.010
2026-03-29 16:31:05 | INFO | Episode  410 - Reward: 200.000, Length: 200, Loss: 5.7585, Entropy: 0.5918, Epsilon: 0.010
2026-03-29 16:31:06 | INFO | Episode  411 - Reward: 200.000, Length: 200, Loss: 1.7192, Entropy: 0.5933, Epsilon: 0.010
2026-03-29 16:31:06 | INFO | Episode  412 - Reward: 200.000, Length: 200, Loss: 0.7674, Entropy: 0.5962, Epsilon: 0.010
2026-03-29 16:31:07 | INFO | Episode  413 - Reward: 200.000, Length: 200, Loss: 1.8832, Entropy: 0.6009, Epsilon: 0.010
2026-03-29 16:31:07 | INFO | Episode  414 - Reward: 200.000, Length: 200, Loss: 2.2064, Entropy: 0.5953, Epsilon: 0.010
2026-03-29 16:31:07 | INFO | Episode  415 - Reward: 200.000, Length: 200, Loss: 2.4514, Entropy: 0.5909, Epsilon: 0.010
2026-03-29 16:31:08 | INFO | Episode  416 - Reward: 200.000, Length: 200, Loss: 1.4485, Entropy: 0.6045, Epsilon: 0.010
2026-03-29 16:31:08 | INFO | Episode  417 - Reward: 200.000, Length: 200, Loss: 1.1452, Entropy: 0.5923, Epsilon: 0.010
2026-03-29 16:31:09 | INFO | Episode  418 - Reward: 200.000, Length: 200, Loss: 2.8828, Entropy: 0.5922, Epsilon: 0.010
2026-03-29 16:31:09 | INFO | Episode  419 - Reward: 200.000, Length: 200, Loss: 2.1099, Entropy: 0.6006, Epsilon: 0.010
2026-03-29 16:31:10 | INFO | Episode  420 - Reward: 200.000, Length: 200, Loss: 1.3927, Entropy: 0.6125, Epsilon: 0.010
2026-03-29 16:31:10 | INFO | Episode  421 - Reward: 200.000, Length: 200, Loss: 2.3961, Entropy: 0.6121, Epsilon: 0.010
2026-03-29 16:31:11 | INFO | Episode  422 - Reward: 200.000, Length: 200, Loss: 1.1700, Entropy: 0.6165, Epsilon: 0.010
2026-03-29 16:31:11 | INFO | Episode  423 - Reward: 200.000, Length: 200, Loss: 1.8587, Entropy: 0.6048, Epsilon: 0.010
2026-03-29 16:31:12 | INFO | Episode  424 - Reward: 200.000, Length: 200, Loss: 1.6069, Entropy: 0.6130, Epsilon: 0.010
2026-03-29 16:31:12 | INFO | Episode  425 - Reward: 200.000, Length: 200, Loss: 2.6048, Entropy: 0.6133, Epsilon: 0.010
2026-03-29 16:31:12 | INFO | Episode  426 - Reward: 200.000, Length: 200, Loss: 2.7276, Entropy: 0.6082, Epsilon: 0.010
2026-03-29 16:31:13 | INFO | Episode  427 - Reward: 200.000, Length: 200, Loss: 1.4888, Entropy: 0.6118, Epsilon: 0.010
2026-03-29 16:31:13 | INFO | Episode  428 - Reward: 200.000, Length: 200, Loss: 2.0663, Entropy: 0.6062, Epsilon: 0.010
2026-03-29 16:31:14 | INFO | Episode  429 - Reward: 200.000, Length: 200, Loss: 4.6080, Entropy: 0.6146, Epsilon: 0.010
2026-03-29 16:31:14 | INFO | Episode  430 - Reward: 200.000, Length: 200, Loss: 6.4727, Entropy: 0.6147, Epsilon: 0.010
2026-03-29 16:31:14 | INFO | Episode  431 - Reward: 200.000, Length: 200, Loss: 0.8133, Entropy: 0.6218, Epsilon: 0.010
2026-03-29 16:31:15 | INFO | Episode  432 - Reward: 200.000, Length: 200, Loss: 1.1141, Entropy: 0.6207, Epsilon: 0.010
2026-03-29 16:31:15 | INFO | Episode  433 - Reward: 200.000, Length: 200, Loss: 2.0278, Entropy: 0.6185, Epsilon: 0.010
2026-03-29 16:31:15 | INFO | Episode  434 - Reward: 200.000, Length: 200, Loss: 1.4779, Entropy: 0.6240, Epsilon: 0.010
2026-03-29 16:31:16 | INFO | Episode  435 - Reward: 200.000, Length: 200, Loss: 1.1976, Entropy: 0.6265, Epsilon: 0.010
2026-03-29 16:31:16 | INFO | Episode  436 - Reward: 200.000, Length: 200, Loss: 2.2599, Entropy: 0.6242, Epsilon: 0.010
2026-03-29 16:31:17 | INFO | Episode  437 - Reward: 200.000, Length: 200, Loss: 1.9075, Entropy: 0.6256, Epsilon: 0.010
2026-03-29 16:31:17 | INFO | Episode  438 - Reward: 200.000, Length: 200, Loss: 0.9591, Entropy: 0.6292, Epsilon: 0.010
2026-03-29 16:31:17 | INFO | Episode  439 - Reward: 200.000, Length: 200, Loss: 1.1019, Entropy: 0.6245, Epsilon: 0.010
2026-03-29 16:31:18 | INFO | Episode  440 - Reward: 200.000, Length: 200, Loss: 1.3361, Entropy: 0.6314, Epsilon: 0.010
2026-03-29 16:31:18 | INFO | Episode  441 - Reward: 200.000, Length: 200, Loss: 1.3287, Entropy: 0.6260, Epsilon: 0.010
2026-03-29 16:31:18 | INFO | Episode  442 - Reward: 200.000, Length: 200, Loss: 0.5714, Entropy: 0.6273, Epsilon: 0.010
2026-03-29 16:31:19 | INFO | Episode  443 - Reward: 200.000, Length: 200, Loss: 1.7725, Entropy: 0.6342, Epsilon: 0.010
2026-03-29 16:31:19 | INFO | Episode  444 - Reward: 200.000, Length: 200, Loss: 1.1817, Entropy: 0.6401, Epsilon: 0.010
2026-03-29 16:31:19 | INFO | Episode  445 - Reward: 200.000, Length: 200, Loss: 1.6594, Entropy: 0.6429, Epsilon: 0.010
2026-03-29 16:31:20 | INFO | Episode  446 - Reward: 200.000, Length: 200, Loss: 1.1544, Entropy: 0.6387, Epsilon: 0.010
2026-03-29 16:31:20 | INFO | Episode  447 - Reward: 200.000, Length: 200, Loss: 1.3411, Entropy: 0.6389, Epsilon: 0.010
2026-03-29 16:31:21 | INFO | Episode  448 - Reward: 200.000, Length: 200, Loss: 1.2375, Entropy: 0.6345, Epsilon: 0.010
2026-03-29 16:31:21 | INFO | Episode  449 - Reward: 200.000, Length: 200, Loss: 1.0351, Entropy: 0.6417, Epsilon: 0.010
2026-03-29 16:31:21 | INFO | Episode  450 - Reward: 200.000, Length: 200, Loss: 1.7615, Entropy: 0.6420, Epsilon: 0.010
2026-03-29 16:31:32 | INFO | [Episode  450] eps=0.010  avg_reward= 200.000  avg_length=200.00  avg_loss=  2.1199  avg_entropy=0.6420  eval_success=1.000
2026-03-29 16:31:33 | INFO | Episode  451 - Reward: 200.000, Length: 200, Loss: 1.1727, Entropy: 0.6450, Epsilon: 0.010
2026-03-29 16:31:33 | INFO | Episode  452 - Reward: 200.000, Length: 200, Loss: 1.3199, Entropy: 0.6409, Epsilon: 0.010
2026-03-29 16:31:34 | INFO | Episode  453 - Reward: 200.000, Length: 200, Loss: 0.6227, Entropy: 0.6484, Epsilon: 0.010
2026-03-29 16:31:34 | INFO | Episode  454 - Reward: 200.000, Length: 200, Loss: 1.3695, Entropy: 0.6452, Epsilon: 0.010
2026-03-29 16:31:35 | INFO | Episode  455 - Reward: 200.000, Length: 200, Loss: 1.1840, Entropy: 0.6403, Epsilon: 0.010
2026-03-29 16:31:35 | INFO | Episode  456 - Reward: 200.000, Length: 200, Loss: 0.9546, Entropy: 0.6476, Epsilon: 0.010
2026-03-29 16:31:36 | INFO | Episode  457 - Reward: 200.000, Length: 200, Loss: 0.8092, Entropy: 0.6529, Epsilon: 0.010
2026-03-29 16:31:36 | INFO | Episode  458 - Reward: 200.000, Length: 200, Loss: 1.0290, Entropy: 0.6502, Epsilon: 0.010
2026-03-29 16:31:36 | INFO | Episode  459 - Reward: 200.000, Length: 200, Loss: 1.1903, Entropy: 0.6512, Epsilon: 0.010
2026-03-29 16:31:37 | INFO | Episode  460 - Reward: 200.000, Length: 200, Loss: 0.7697, Entropy: 0.6515, Epsilon: 0.010
2026-03-29 16:31:38 | INFO | Episode  461 - Reward: 200.000, Length: 200, Loss: 0.8820, Entropy: 0.6514, Epsilon: 0.010
2026-03-29 16:31:38 | INFO | Episode  462 - Reward: 200.000, Length: 200, Loss: 0.9985, Entropy: 0.6555, Epsilon: 0.010
2026-03-29 16:31:39 | INFO | Episode  463 - Reward: 200.000, Length: 200, Loss: 1.8455, Entropy: 0.6531, Epsilon: 0.010
2026-03-29 16:31:39 | INFO | Episode  464 - Reward: 200.000, Length: 200, Loss: 2.5978, Entropy: 0.6502, Epsilon: 0.010
2026-03-29 16:31:40 | INFO | Episode  465 - Reward: 200.000, Length: 200, Loss: 3.7155, Entropy: 0.6593, Epsilon: 0.010
2026-03-29 16:31:40 | INFO | Episode  466 - Reward: 200.000, Length: 200, Loss: 0.4560, Entropy: 0.6554, Epsilon: 0.010
2026-03-29 16:31:41 | INFO | Episode  467 - Reward: 200.000, Length: 200, Loss: 0.5409, Entropy: 0.6549, Epsilon: 0.010
2026-03-29 16:31:41 | INFO | Episode  468 - Reward: 200.000, Length: 200, Loss: 0.5999, Entropy: 0.6629, Epsilon: 0.010
2026-03-29 16:31:42 | INFO | Episode  469 - Reward: 200.000, Length: 200, Loss: 0.6409, Entropy: 0.6618, Epsilon: 0.010
2026-03-29 16:31:42 | INFO | Episode  470 - Reward: 200.000, Length: 200, Loss: 0.3202, Entropy: 0.6656, Epsilon: 0.010
2026-03-29 16:31:43 | INFO | Episode  471 - Reward: 200.000, Length: 200, Loss: 0.5917, Entropy: 0.6596, Epsilon: 0.010
2026-03-29 16:31:43 | INFO | Episode  472 - Reward: 200.000, Length: 200, Loss: 1.0978, Entropy: 0.6596, Epsilon: 0.010
2026-03-29 16:31:43 | INFO | Episode  473 - Reward: 200.000, Length: 200, Loss: 0.8004, Entropy: 0.6688, Epsilon: 0.010
2026-03-29 16:31:44 | INFO | Episode  474 - Reward: 200.000, Length: 200, Loss: 1.3730, Entropy: 0.6689, Epsilon: 0.010
2026-03-29 16:31:44 | INFO | Episode  475 - Reward: 200.000, Length: 200, Loss: 1.7151, Entropy: 0.6683, Epsilon: 0.010
2026-03-29 16:31:45 | INFO | Episode  476 - Reward: 200.000, Length: 200, Loss: 0.5193, Entropy: 0.6648, Epsilon: 0.010
2026-03-29 16:31:45 | INFO | Episode  477 - Reward: 200.000, Length: 200, Loss: 0.3612, Entropy: 0.6667, Epsilon: 0.010
2026-03-29 16:31:46 | INFO | Episode  478 - Reward: 200.000, Length: 200, Loss: 0.7265, Entropy: 0.6720, Epsilon: 0.010
2026-03-29 16:31:46 | INFO | Episode  479 - Reward: 200.000, Length: 200, Loss: 0.8018, Entropy: 0.6735, Epsilon: 0.010
2026-03-29 16:31:47 | INFO | Episode  480 - Reward: 200.000, Length: 200, Loss: 1.2129, Entropy: 0.6743, Epsilon: 0.010
2026-03-29 16:31:47 | INFO | Episode  481 - Reward: 200.000, Length: 200, Loss: 1.0721, Entropy: 0.6695, Epsilon: 0.010
2026-03-29 16:31:48 | INFO | Episode  482 - Reward: 200.000, Length: 200, Loss: 0.9130, Entropy: 0.6716, Epsilon: 0.010
2026-03-29 16:31:49 | INFO | Episode  483 - Reward: 200.000, Length: 200, Loss: 0.5904, Entropy: 0.6715, Epsilon: 0.010
2026-03-29 16:31:49 | INFO | Episode  484 - Reward: 200.000, Length: 200, Loss: 0.4552, Entropy: 0.6745, Epsilon: 0.010
2026-03-29 16:31:50 | INFO | Episode  485 - Reward: 200.000, Length: 200, Loss: 0.3182, Entropy: 0.6707, Epsilon: 0.010
2026-03-29 16:31:50 | INFO | Episode  486 - Reward: 194.000, Length: 194, Loss: 0.6706, Entropy: 0.6731, Epsilon: 0.010
2026-03-29 16:31:51 | INFO | Episode  487 - Reward: 200.000, Length: 200, Loss: 0.8393, Entropy: 0.6761, Epsilon: 0.010
2026-03-29 16:31:51 | INFO | Episode  488 - Reward: 200.000, Length: 200, Loss: 0.6094, Entropy: 0.6752, Epsilon: 0.010
2026-03-29 16:31:52 | INFO | Episode  489 - Reward: 200.000, Length: 200, Loss: 0.5474, Entropy: 0.6749, Epsilon: 0.010
2026-03-29 16:31:52 | INFO | Episode  490 - Reward: 200.000, Length: 200, Loss: 0.5392, Entropy: 0.6762, Epsilon: 0.010
2026-03-29 16:31:53 | INFO | Episode  491 - Reward: 200.000, Length: 200, Loss: 0.5855, Entropy: 0.6733, Epsilon: 0.010
2026-03-29 16:31:53 | INFO | Episode  492 - Reward: 200.000, Length: 200, Loss: 0.5624, Entropy: 0.6734, Epsilon: 0.010
2026-03-29 16:31:54 | INFO | Episode  493 - Reward: 197.000, Length: 197, Loss: 0.8689, Entropy: 0.6771, Epsilon: 0.010
2026-03-29 16:31:54 | INFO | Episode  494 - Reward: 200.000, Length: 200, Loss: 0.4763, Entropy: 0.6774, Epsilon: 0.010
2026-03-29 16:31:55 | INFO | Episode  495 - Reward: 200.000, Length: 200, Loss: 1.1300, Entropy: 0.6754, Epsilon: 0.010
2026-03-29 16:31:55 | INFO | Episode  496 - Reward: 200.000, Length: 200, Loss: 0.5874, Entropy: 0.6749, Epsilon: 0.010
2026-03-29 16:31:56 | INFO | Episode  497 - Reward: 200.000, Length: 200, Loss: 0.4899, Entropy: 0.6748, Epsilon: 0.010
2026-03-29 16:31:56 | INFO | Episode  498 - Reward: 200.000, Length: 200, Loss: 0.3839, Entropy: 0.6715, Epsilon: 0.010
2026-03-29 16:31:57 | INFO | Episode  499 - Reward: 200.000, Length: 200, Loss: 0.6155, Entropy: 0.6751, Epsilon: 0.010
2026-03-29 16:31:57 | INFO | Episode  500 - Reward: 200.000, Length: 200, Loss: 0.6097, Entropy: 0.6793, Epsilon: 0.010
2026-03-29 16:32:07 | INFO | [Episode  500] eps=0.010  avg_reward= 199.820  avg_length=199.82  avg_loss=  0.9017  avg_entropy=0.6793  eval_success=1.000
2026-03-29 16:32:07 | INFO | Early stopping at episode 500 — eval_success >= 0.99 for 3 consecutive evals
2026-03-29 16:32:07 | INFO | DQN+Entropy training: 10m 19.44s
2026-03-29 16:32:46 | INFO | [Final Eval] success=1.000, mean_reward=200.000
