2026-03-29 17:17:43 | INFO | ============================================================
2026-03-29 17:17:43 | INFO | DEVICE / COMPUTE INFORMATION
2026-03-29 17:17:43 | INFO |   JAX backend       : CPU
2026-03-29 17:17:43 | INFO |   Platform          : cpu
2026-03-29 17:17:43 | INFO |   Num devices       : 1
2026-03-29 17:17:43 | INFO |   Device            : TFRT_CPU_0
2026-03-29 17:17:43 | INFO | ============================================================
2026-03-29 17:17:43 | INFO | DQN+Entropy | seed=7, lr=0.01, gamma=0.95, alpha=0.01
2026-03-29 17:17:43 | INFO | Env: cartpole/dense, obs_dim=4, num_actions=2
2026-03-29 17:17:45 | INFO | Episode    1 - Reward: 14.000, Length: 14, Loss: 0.0000, Entropy: 0.0000, Epsilon: 0.998
2026-03-29 17:17:46 | INFO | Episode    2 - Reward: 10.000, Length: 10, Loss: 0.0000, Entropy: 0.0000, Epsilon: 0.995
2026-03-29 17:17:46 | INFO | Episode    3 - Reward: 26.000, Length: 26, Loss: 0.0000, Entropy: 0.0000, Epsilon: 0.993
2026-03-29 17:17:47 | INFO | Episode    4 - Reward: 12.000, Length: 12, Loss: 0.0000, Entropy: 0.0000, Epsilon: 0.990
2026-03-29 17:17:48 | INFO | Episode    5 - Reward: 22.000, Length: 22, Loss: 0.0000, Entropy: 0.0000, Epsilon: 0.988
2026-03-29 17:17:48 | INFO | Episode    6 - Reward: 22.000, Length: 22, Loss: 0.0000, Entropy: 0.0000, Epsilon: 0.985
2026-03-29 17:17:49 | INFO | Episode    7 - Reward: 15.000, Length: 15, Loss: 0.0000, Entropy: 0.0000, Epsilon: 0.983
2026-03-29 17:17:50 | INFO | Episode    8 - Reward: 11.000, Length: 11, Loss: 0.0000, Entropy: 0.0000, Epsilon: 0.980
2026-03-29 17:17:50 | INFO | Episode    9 - Reward: 14.000, Length: 14, Loss: 0.0000, Entropy: 0.0000, Epsilon: 0.978
2026-03-29 17:17:51 | INFO | Episode   10 - Reward: 45.000, Length: 45, Loss: 0.0000, Entropy: 0.0000, Epsilon: 0.975
2026-03-29 17:17:52 | INFO | Episode   11 - Reward: 53.000, Length: 53, Loss: 0.0000, Entropy: 0.0000, Epsilon: 0.973
2026-03-29 17:17:52 | INFO | Episode   12 - Reward: 11.000, Length: 11, Loss: 0.0000, Entropy: 0.0000, Epsilon: 0.970
2026-03-29 17:17:54 | INFO | Episode   13 - Reward: 25.000, Length: 25, Loss: 1.0225, Entropy: 0.6918, Epsilon: 0.968
2026-03-29 17:17:55 | INFO | Episode   14 - Reward: 50.000, Length: 50, Loss: 0.9169, Entropy: 0.6918, Epsilon: 0.965
2026-03-29 17:17:56 | INFO | Episode   15 - Reward: 13.000, Length: 13, Loss: 0.8201, Entropy: 0.6917, Epsilon: 0.963
2026-03-29 17:17:56 | INFO | Episode   16 - Reward: 17.000, Length: 17, Loss: 0.7326, Entropy: 0.6915, Epsilon: 0.960
2026-03-29 17:17:57 | INFO | Episode   17 - Reward: 26.000, Length: 26, Loss: 0.6514, Entropy: 0.6915, Epsilon: 0.958
2026-03-29 17:17:57 | INFO | Episode   18 - Reward: 12.000, Length: 12, Loss: 0.5763, Entropy: 0.6911, Epsilon: 0.955
2026-03-29 17:17:58 | INFO | Episode   19 - Reward: 11.000, Length: 11, Loss: 0.5130, Entropy: 0.6910, Epsilon: 0.953
2026-03-29 17:17:58 | INFO | Episode   20 - Reward: 24.000, Length: 24, Loss: 0.4467, Entropy: 0.6905, Epsilon: 0.951
2026-03-29 17:17:59 | INFO | Episode   21 - Reward: 14.000, Length: 14, Loss: 0.3965, Entropy: 0.6903, Epsilon: 0.948
2026-03-29 17:17:59 | INFO | Episode   22 - Reward: 10.000, Length: 10, Loss: 0.3473, Entropy: 0.6899, Epsilon: 0.946
2026-03-29 17:18:00 | INFO | Episode   23 - Reward: 18.000, Length: 18, Loss: 0.3086, Entropy: 0.6896, Epsilon: 0.943
2026-03-29 17:18:00 | INFO | Episode   24 - Reward: 32.000, Length: 32, Loss: 0.2669, Entropy: 0.6894, Epsilon: 0.941
2026-03-29 17:18:00 | INFO | Episode   25 - Reward: 14.000, Length: 14, Loss: 0.9907, Entropy: 0.6889, Epsilon: 0.938
2026-03-29 17:18:01 | INFO | Episode   26 - Reward: 13.000, Length: 13, Loss: 0.8677, Entropy: 0.6880, Epsilon: 0.936
2026-03-29 17:18:01 | INFO | Episode   27 - Reward: 29.000, Length: 29, Loss: 0.7316, Entropy: 0.6874, Epsilon: 0.933
2026-03-29 17:18:02 | INFO | Episode   28 - Reward: 24.000, Length: 24, Loss: 0.6250, Entropy: 0.6869, Epsilon: 0.931
2026-03-29 17:18:02 | INFO | Episode   29 - Reward: 11.000, Length: 11, Loss: 0.5419, Entropy: 0.6861, Epsilon: 0.928
2026-03-29 17:18:03 | INFO | Episode   30 - Reward: 10.000, Length: 10, Loss: 0.4439, Entropy: 0.6856, Epsilon: 0.926
2026-03-29 17:18:03 | INFO | Episode   31 - Reward: 12.000, Length: 12, Loss: 0.3648, Entropy: 0.6853, Epsilon: 0.923
2026-03-29 17:18:04 | INFO | Episode   32 - Reward: 14.000, Length: 14, Loss: 0.3064, Entropy: 0.6856, Epsilon: 0.921
2026-03-29 17:18:04 | INFO | Episode   33 - Reward: 59.000, Length: 59, Loss: 0.2494, Entropy: 0.6859, Epsilon: 0.918
2026-03-29 17:18:05 | INFO | Episode   34 - Reward: 16.000, Length: 16, Loss: 0.2062, Entropy: 0.6858, Epsilon: 0.916
2026-03-29 17:18:05 | INFO | Episode   35 - Reward: 13.000, Length: 13, Loss: 0.1643, Entropy: 0.6857, Epsilon: 0.913
2026-03-29 17:18:06 | INFO | Episode   36 - Reward: 20.000, Length: 20, Loss: 0.1324, Entropy: 0.6862, Epsilon: 0.911
2026-03-29 17:18:06 | INFO | Episode   37 - Reward: 25.000, Length: 25, Loss: 0.1063, Entropy: 0.6865, Epsilon: 0.908
2026-03-29 17:18:07 | INFO | Episode   38 - Reward: 17.000, Length: 17, Loss: 0.0890, Entropy: 0.6865, Epsilon: 0.906
2026-03-29 17:18:07 | INFO | Episode   39 - Reward: 15.000, Length: 15, Loss: 0.0734, Entropy: 0.6871, Epsilon: 0.903
2026-03-29 17:18:07 | INFO | Episode   40 - Reward: 13.000, Length: 13, Loss: 0.0669, Entropy: 0.6875, Epsilon: 0.901
2026-03-29 17:18:08 | INFO | Episode   41 - Reward: 17.000, Length: 17, Loss: 0.0514, Entropy: 0.6879, Epsilon: 0.899
2026-03-29 17:18:08 | INFO | Episode   42 - Reward: 12.000, Length: 12, Loss: 0.0501, Entropy: 0.6884, Epsilon: 0.896
2026-03-29 17:18:09 | INFO | Episode   43 - Reward: 11.000, Length: 11, Loss: 0.0433, Entropy: 0.6890, Epsilon: 0.894
2026-03-29 17:18:09 | INFO | Episode   44 - Reward: 38.000, Length: 38, Loss: 0.0321, Entropy: 0.6894, Epsilon: 0.891
2026-03-29 17:18:10 | INFO | Episode   45 - Reward: 14.000, Length: 14, Loss: 0.0337, Entropy: 0.6898, Epsilon: 0.889
2026-03-29 17:18:10 | INFO | Episode   46 - Reward: 27.000, Length: 27, Loss: 0.0283, Entropy: 0.6901, Epsilon: 0.886
2026-03-29 17:18:11 | INFO | Episode   47 - Reward: 15.000, Length: 15, Loss: 0.0254, Entropy: 0.6904, Epsilon: 0.884
2026-03-29 17:18:11 | INFO | Episode   48 - Reward: 21.000, Length: 21, Loss: 0.0280, Entropy: 0.6907, Epsilon: 0.881
2026-03-29 17:18:11 | INFO | Episode   49 - Reward: 11.000, Length: 11, Loss: 0.0322, Entropy: 0.6909, Epsilon: 0.879
2026-03-29 17:18:12 | INFO | Episode   50 - Reward: 33.000, Length: 33, Loss: 0.0212, Entropy: 0.6912, Epsilon: 0.876
2026-03-29 17:18:13 | INFO | [Episode   50] eps=0.876  avg_reward=  20.220  avg_length= 20.22  avg_loss=  0.2661  avg_entropy=0.6912  eval_success=0.000
2026-03-29 17:18:13 | INFO | Episode   51 - Reward: 11.000, Length: 11, Loss: 0.8417, Entropy: 0.6906, Epsilon: 0.874
2026-03-29 17:18:14 | INFO | Episode   52 - Reward: 29.000, Length: 29, Loss: 0.6280, Entropy: 0.6897, Epsilon: 0.871
2026-03-29 17:18:14 | INFO | Episode   53 - Reward: 13.000, Length: 13, Loss: 0.4702, Entropy: 0.6885, Epsilon: 0.869
2026-03-29 17:18:15 | INFO | Episode   54 - Reward: 23.000, Length: 23, Loss: 0.3423, Entropy: 0.6877, Epsilon: 0.866
2026-03-29 17:18:15 | INFO | Episode   55 - Reward: 11.000, Length: 11, Loss: 0.2526, Entropy: 0.6874, Epsilon: 0.864
2026-03-29 17:18:15 | INFO | Episode   56 - Reward: 17.000, Length: 17, Loss: 0.2120, Entropy: 0.6877, Epsilon: 0.861
2026-03-29 17:18:16 | INFO | Episode   57 - Reward: 17.000, Length: 17, Loss: 0.1856, Entropy: 0.6878, Epsilon: 0.859
2026-03-29 17:18:16 | INFO | Episode   58 - Reward: 11.000, Length: 11, Loss: 0.1886, Entropy: 0.6883, Epsilon: 0.856
2026-03-29 17:18:17 | INFO | Episode   59 - Reward: 11.000, Length: 11, Loss: 0.1855, Entropy: 0.6887, Epsilon: 0.854
2026-03-29 17:18:17 | INFO | Episode   60 - Reward: 13.000, Length: 13, Loss: 0.1226, Entropy: 0.6895, Epsilon: 0.852
2026-03-29 17:18:18 | INFO | Episode   61 - Reward: 12.000, Length: 12, Loss: 0.1433, Entropy: 0.6899, Epsilon: 0.849
2026-03-29 17:18:18 | INFO | Episode   62 - Reward: 17.000, Length: 17, Loss: 0.1400, Entropy: 0.6905, Epsilon: 0.847
2026-03-29 17:18:19 | INFO | Episode   63 - Reward: 11.000, Length: 11, Loss: 0.1525, Entropy: 0.6906, Epsilon: 0.844
2026-03-29 17:18:19 | INFO | Episode   64 - Reward: 14.000, Length: 14, Loss: 0.1394, Entropy: 0.6912, Epsilon: 0.842
2026-03-29 17:18:19 | INFO | Episode   65 - Reward: 24.000, Length: 24, Loss: 0.1540, Entropy: 0.6915, Epsilon: 0.839
2026-03-29 17:18:20 | INFO | Episode   66 - Reward: 18.000, Length: 18, Loss: 0.1626, Entropy: 0.6919, Epsilon: 0.837
2026-03-29 17:18:20 | INFO | Episode   67 - Reward: 26.000, Length: 26, Loss: 0.1316, Entropy: 0.6922, Epsilon: 0.834
2026-03-29 17:18:21 | INFO | Episode   68 - Reward: 42.000, Length: 42, Loss: 0.1331, Entropy: 0.6921, Epsilon: 0.832
2026-03-29 17:18:21 | INFO | Episode   69 - Reward: 29.000, Length: 29, Loss: 0.1096, Entropy: 0.6922, Epsilon: 0.829
2026-03-29 17:18:22 | INFO | Episode   70 - Reward: 21.000, Length: 21, Loss: 0.1213, Entropy: 0.6922, Epsilon: 0.827
2026-03-29 17:18:22 | INFO | Episode   71 - Reward: 21.000, Length: 21, Loss: 0.1306, Entropy: 0.6921, Epsilon: 0.824
2026-03-29 17:18:23 | INFO | Episode   72 - Reward: 17.000, Length: 17, Loss: 0.1295, Entropy: 0.6921, Epsilon: 0.822
2026-03-29 17:18:23 | INFO | Episode   73 - Reward: 12.000, Length: 12, Loss: 0.1641, Entropy: 0.6923, Epsilon: 0.819
2026-03-29 17:18:23 | INFO | Episode   74 - Reward: 24.000, Length: 24, Loss: 0.1245, Entropy: 0.6924, Epsilon: 0.817
2026-03-29 17:18:24 | INFO | Episode   75 - Reward: 21.000, Length: 21, Loss: 0.1157, Entropy: 0.6924, Epsilon: 0.814
2026-03-29 17:18:24 | INFO | Episode   76 - Reward: 19.000, Length: 19, Loss: 0.1407, Entropy: 0.6924, Epsilon: 0.812
2026-03-29 17:18:25 | INFO | Episode   77 - Reward: 12.000, Length: 12, Loss: 0.1552, Entropy: 0.6923, Epsilon: 0.809
2026-03-29 17:18:25 | INFO | Episode   78 - Reward: 23.000, Length: 23, Loss: 0.7970, Entropy: 0.6918, Epsilon: 0.807
2026-03-29 17:18:26 | INFO | Episode   79 - Reward: 28.000, Length: 28, Loss: 0.5533, Entropy: 0.6908, Epsilon: 0.804
2026-03-29 17:18:26 | INFO | Episode   80 - Reward: 27.000, Length: 27, Loss: 0.3998, Entropy: 0.6901, Epsilon: 0.802
2026-03-29 17:18:27 | INFO | Episode   81 - Reward: 31.000, Length: 31, Loss: 0.2906, Entropy: 0.6902, Epsilon: 0.800
2026-03-29 17:18:27 | INFO | Episode   82 - Reward: 9.000, Length: 9, Loss: 0.3102, Entropy: 0.6907, Epsilon: 0.797
2026-03-29 17:18:27 | INFO | Episode   83 - Reward: 46.000, Length: 46, Loss: 0.3200, Entropy: 0.6909, Epsilon: 0.795
2026-03-29 17:18:28 | INFO | Episode   84 - Reward: 27.000, Length: 27, Loss: 0.2896, Entropy: 0.6913, Epsilon: 0.792
2026-03-29 17:18:28 | INFO | Episode   85 - Reward: 10.000, Length: 10, Loss: 0.2802, Entropy: 0.6916, Epsilon: 0.790
2026-03-29 17:18:29 | INFO | Episode   86 - Reward: 14.000, Length: 14, Loss: 0.2585, Entropy: 0.6920, Epsilon: 0.787
2026-03-29 17:18:29 | INFO | Episode   87 - Reward: 60.000, Length: 60, Loss: 0.3034, Entropy: 0.6923, Epsilon: 0.785
2026-03-29 17:18:30 | INFO | Episode   88 - Reward: 20.000, Length: 20, Loss: 0.3213, Entropy: 0.6928, Epsilon: 0.782
2026-03-29 17:18:30 | INFO | Episode   89 - Reward: 16.000, Length: 16, Loss: 0.3120, Entropy: 0.6928, Epsilon: 0.780
2026-03-29 17:18:30 | INFO | Episode   90 - Reward: 16.000, Length: 16, Loss: 0.2501, Entropy: 0.6926, Epsilon: 0.777
2026-03-29 17:18:31 | INFO | Episode   91 - Reward: 19.000, Length: 19, Loss: 0.2819, Entropy: 0.6927, Epsilon: 0.775
2026-03-29 17:18:31 | INFO | Episode   92 - Reward: 12.000, Length: 12, Loss: 0.2633, Entropy: 0.6928, Epsilon: 0.772
2026-03-29 17:18:32 | INFO | Episode   93 - Reward: 34.000, Length: 34, Loss: 0.2386, Entropy: 0.6929, Epsilon: 0.770
2026-03-29 17:18:32 | INFO | Episode   94 - Reward: 12.000, Length: 12, Loss: 0.2523, Entropy: 0.6928, Epsilon: 0.767
2026-03-29 17:18:33 | INFO | Episode   95 - Reward: 24.000, Length: 24, Loss: 0.2451, Entropy: 0.6927, Epsilon: 0.765
2026-03-29 17:18:33 | INFO | Episode   96 - Reward: 15.000, Length: 15, Loss: 0.2723, Entropy: 0.6929, Epsilon: 0.762
2026-03-29 17:18:34 | INFO | Episode   97 - Reward: 35.000, Length: 35, Loss: 0.3239, Entropy: 0.6929, Epsilon: 0.760
2026-03-29 17:18:34 | INFO | Episode   98 - Reward: 15.000, Length: 15, Loss: 0.2618, Entropy: 0.6930, Epsilon: 0.757
2026-03-29 17:18:34 | INFO | Episode   99 - Reward: 10.000, Length: 10, Loss: 0.8458, Entropy: 0.6928, Epsilon: 0.755
2026-03-29 17:18:35 | INFO | Episode  100 - Reward: 14.000, Length: 14, Loss: 0.5954, Entropy: 0.6926, Epsilon: 0.752
2026-03-29 17:18:35 | INFO | [Episode  100] eps=0.752  avg_reward=  20.260  avg_length= 20.26  avg_loss=  0.2809  avg_entropy=0.6926  eval_success=0.000
2026-03-29 17:18:36 | INFO | Episode  101 - Reward: 32.000, Length: 32, Loss: 0.4864, Entropy: 0.6919, Epsilon: 0.750
2026-03-29 17:18:36 | INFO | Episode  102 - Reward: 39.000, Length: 39, Loss: 0.4452, Entropy: 0.6921, Epsilon: 0.748
2026-03-29 17:18:37 | INFO | Episode  103 - Reward: 24.000, Length: 24, Loss: 0.4500, Entropy: 0.6924, Epsilon: 0.745
2026-03-29 17:18:37 | INFO | Episode  104 - Reward: 14.000, Length: 14, Loss: 0.4179, Entropy: 0.6927, Epsilon: 0.743
2026-03-29 17:18:38 | INFO | Episode  105 - Reward: 15.000, Length: 15, Loss: 0.5451, Entropy: 0.6930, Epsilon: 0.740
2026-03-29 17:18:38 | INFO | Episode  106 - Reward: 18.000, Length: 18, Loss: 0.4489, Entropy: 0.6930, Epsilon: 0.738
2026-03-29 17:18:38 | INFO | Episode  107 - Reward: 17.000, Length: 17, Loss: 0.4988, Entropy: 0.6931, Epsilon: 0.735
2026-03-29 17:18:39 | INFO | Episode  108 - Reward: 28.000, Length: 28, Loss: 0.3603, Entropy: 0.6930, Epsilon: 0.733
2026-03-29 17:18:39 | INFO | Episode  109 - Reward: 16.000, Length: 16, Loss: 0.3947, Entropy: 0.6931, Epsilon: 0.730
2026-03-29 17:18:40 | INFO | Episode  110 - Reward: 50.000, Length: 50, Loss: 0.3734, Entropy: 0.6931, Epsilon: 0.728
2026-03-29 17:18:40 | INFO | Episode  111 - Reward: 27.000, Length: 27, Loss: 0.3970, Entropy: 0.6931, Epsilon: 0.725
2026-03-29 17:18:41 | INFO | Episode  112 - Reward: 29.000, Length: 29, Loss: 0.4599, Entropy: 0.6931, Epsilon: 0.723
2026-03-29 17:18:41 | INFO | Episode  113 - Reward: 40.000, Length: 40, Loss: 0.3663, Entropy: 0.6931, Epsilon: 0.720
2026-03-29 17:18:41 | INFO | Episode  114 - Reward: 37.000, Length: 37, Loss: 0.3522, Entropy: 0.6931, Epsilon: 0.718
2026-03-29 17:18:42 | INFO | Episode  115 - Reward: 52.000, Length: 52, Loss: 0.3820, Entropy: 0.6931, Epsilon: 0.715
2026-03-29 17:18:42 | INFO | Episode  116 - Reward: 18.000, Length: 18, Loss: 0.3459, Entropy: 0.6931, Epsilon: 0.713
2026-03-29 17:18:43 | INFO | Episode  117 - Reward: 18.000, Length: 18, Loss: 0.4964, Entropy: 0.6931, Epsilon: 0.710
2026-03-29 17:18:43 | INFO | Episode  118 - Reward: 31.000, Length: 31, Loss: 0.4158, Entropy: 0.6931, Epsilon: 0.708
2026-03-29 17:18:44 | INFO | Episode  119 - Reward: 75.000, Length: 75, Loss: 0.7895, Entropy: 0.6931, Epsilon: 0.705
2026-03-29 17:18:44 | INFO | Episode  120 - Reward: 14.000, Length: 14, Loss: 0.6087, Entropy: 0.6930, Epsilon: 0.703
2026-03-29 17:18:44 | INFO | Episode  121 - Reward: 28.000, Length: 28, Loss: 0.6098, Entropy: 0.6931, Epsilon: 0.701
2026-03-29 17:18:45 | INFO | Episode  122 - Reward: 13.000, Length: 13, Loss: 0.4753, Entropy: 0.6931, Epsilon: 0.698
2026-03-29 17:18:45 | INFO | Episode  123 - Reward: 19.000, Length: 19, Loss: 0.5944, Entropy: 0.6929, Epsilon: 0.696
2026-03-29 17:18:46 | INFO | Episode  124 - Reward: 12.000, Length: 12, Loss: 0.6495, Entropy: 0.6925, Epsilon: 0.693
2026-03-29 17:18:46 | INFO | Episode  125 - Reward: 31.000, Length: 31, Loss: 0.5496, Entropy: 0.6926, Epsilon: 0.691
2026-03-29 17:18:47 | INFO | Episode  126 - Reward: 13.000, Length: 13, Loss: 0.5912, Entropy: 0.6926, Epsilon: 0.688
2026-03-29 17:18:47 | INFO | Episode  127 - Reward: 21.000, Length: 21, Loss: 0.6721, Entropy: 0.6927, Epsilon: 0.686
2026-03-29 17:18:48 | INFO | Episode  128 - Reward: 15.000, Length: 15, Loss: 0.6081, Entropy: 0.6925, Epsilon: 0.683
2026-03-29 17:18:48 | INFO | Episode  129 - Reward: 9.000, Length: 9, Loss: 0.7176, Entropy: 0.6920, Epsilon: 0.681
2026-03-29 17:18:49 | INFO | Episode  130 - Reward: 22.000, Length: 22, Loss: 0.6278, Entropy: 0.6920, Epsilon: 0.678
2026-03-29 17:18:49 | INFO | Episode  131 - Reward: 17.000, Length: 17, Loss: 0.5138, Entropy: 0.6925, Epsilon: 0.676
2026-03-29 17:18:50 | INFO | Episode  132 - Reward: 13.000, Length: 13, Loss: 0.5579, Entropy: 0.6925, Epsilon: 0.673
2026-03-29 17:18:50 | INFO | Episode  133 - Reward: 11.000, Length: 11, Loss: 0.5980, Entropy: 0.6922, Epsilon: 0.671
2026-03-29 17:18:50 | INFO | Episode  134 - Reward: 40.000, Length: 40, Loss: 0.5644, Entropy: 0.6924, Epsilon: 0.668
2026-03-29 17:18:51 | INFO | Episode  135 - Reward: 11.000, Length: 11, Loss: 0.6201, Entropy: 0.6928, Epsilon: 0.666
2026-03-29 17:18:51 | INFO | Episode  136 - Reward: 28.000, Length: 28, Loss: 0.5461, Entropy: 0.6928, Epsilon: 0.663
2026-03-29 17:18:52 | INFO | Episode  137 - Reward: 19.000, Length: 19, Loss: 0.5652, Entropy: 0.6929, Epsilon: 0.661
2026-03-29 17:18:52 | INFO | Episode  138 - Reward: 17.000, Length: 17, Loss: 0.5919, Entropy: 0.6926, Epsilon: 0.658
2026-03-29 17:18:53 | INFO | Episode  139 - Reward: 14.000, Length: 14, Loss: 0.6030, Entropy: 0.6926, Epsilon: 0.656
2026-03-29 17:18:53 | INFO | Episode  140 - Reward: 11.000, Length: 11, Loss: 0.5245, Entropy: 0.6921, Epsilon: 0.653
2026-03-29 17:18:53 | INFO | Episode  141 - Reward: 14.000, Length: 14, Loss: 0.5361, Entropy: 0.6923, Epsilon: 0.651
2026-03-29 17:18:54 | INFO | Episode  142 - Reward: 11.000, Length: 11, Loss: 0.5640, Entropy: 0.6920, Epsilon: 0.649
2026-03-29 17:18:54 | INFO | Episode  143 - Reward: 13.000, Length: 13, Loss: 1.1310, Entropy: 0.6924, Epsilon: 0.646
2026-03-29 17:18:55 | INFO | Episode  144 - Reward: 20.000, Length: 20, Loss: 0.8154, Entropy: 0.6924, Epsilon: 0.644
2026-03-29 17:18:55 | INFO | Episode  145 - Reward: 37.000, Length: 37, Loss: 0.8281, Entropy: 0.6925, Epsilon: 0.641
2026-03-29 17:18:56 | INFO | Episode  146 - Reward: 14.000, Length: 14, Loss: 0.9181, Entropy: 0.6928, Epsilon: 0.639
2026-03-29 17:18:56 | INFO | Episode  147 - Reward: 16.000, Length: 16, Loss: 0.9435, Entropy: 0.6927, Epsilon: 0.636
2026-03-29 17:18:57 | INFO | Episode  148 - Reward: 12.000, Length: 12, Loss: 0.8493, Entropy: 0.6920, Epsilon: 0.634
2026-03-29 17:18:57 | INFO | Episode  149 - Reward: 23.000, Length: 23, Loss: 0.8247, Entropy: 0.6909, Epsilon: 0.631
2026-03-29 17:18:57 | INFO | Episode  150 - Reward: 11.000, Length: 11, Loss: 0.6593, Entropy: 0.6914, Epsilon: 0.629
2026-03-29 17:18:58 | INFO | [Episode  150] eps=0.629  avg_reward=  22.580  avg_length= 22.58  avg_loss=  0.5777  avg_entropy=0.6914  eval_success=0.000
2026-03-29 17:18:58 | INFO | Episode  151 - Reward: 18.000, Length: 18, Loss: 0.8137, Entropy: 0.6918, Epsilon: 0.626
2026-03-29 17:18:59 | INFO | Episode  152 - Reward: 34.000, Length: 34, Loss: 0.7951, Entropy: 0.6915, Epsilon: 0.624
2026-03-29 17:18:59 | INFO | Episode  153 - Reward: 12.000, Length: 12, Loss: 0.7616, Entropy: 0.6916, Epsilon: 0.621
2026-03-29 17:19:00 | INFO | Episode  154 - Reward: 11.000, Length: 11, Loss: 0.7918, Entropy: 0.6914, Epsilon: 0.619
2026-03-29 17:19:00 | INFO | Episode  155 - Reward: 10.000, Length: 10, Loss: 0.6972, Entropy: 0.6909, Epsilon: 0.616
2026-03-29 17:19:00 | INFO | Episode  156 - Reward: 11.000, Length: 11, Loss: 0.5542, Entropy: 0.6918, Epsilon: 0.614
2026-03-29 17:19:01 | INFO | Episode  157 - Reward: 11.000, Length: 11, Loss: 0.8933, Entropy: 0.6920, Epsilon: 0.611
2026-03-29 17:19:01 | INFO | Episode  158 - Reward: 9.000, Length: 9, Loss: 0.7702, Entropy: 0.6921, Epsilon: 0.609
2026-03-29 17:19:02 | INFO | Episode  159 - Reward: 11.000, Length: 11, Loss: 0.6166, Entropy: 0.6918, Epsilon: 0.606
2026-03-29 17:19:02 | INFO | Episode  160 - Reward: 23.000, Length: 23, Loss: 0.6693, Entropy: 0.6914, Epsilon: 0.604
2026-03-29 17:19:03 | INFO | Episode  161 - Reward: 19.000, Length: 19, Loss: 0.7936, Entropy: 0.6913, Epsilon: 0.602
2026-03-29 17:19:03 | INFO | Episode  162 - Reward: 22.000, Length: 22, Loss: 0.7656, Entropy: 0.6917, Epsilon: 0.599
2026-03-29 17:19:03 | INFO | Episode  163 - Reward: 19.000, Length: 19, Loss: 0.8490, Entropy: 0.6916, Epsilon: 0.597
2026-03-29 17:19:04 | INFO | Episode  164 - Reward: 21.000, Length: 21, Loss: 0.8725, Entropy: 0.6919, Epsilon: 0.594
2026-03-29 17:19:04 | INFO | Episode  165 - Reward: 16.000, Length: 16, Loss: 0.7874, Entropy: 0.6924, Epsilon: 0.592
2026-03-29 17:19:05 | INFO | Episode  166 - Reward: 12.000, Length: 12, Loss: 0.7945, Entropy: 0.6913, Epsilon: 0.589
2026-03-29 17:19:05 | INFO | Episode  167 - Reward: 21.000, Length: 21, Loss: 0.8298, Entropy: 0.6910, Epsilon: 0.587
2026-03-29 17:19:06 | INFO | Episode  168 - Reward: 12.000, Length: 12, Loss: 0.6528, Entropy: 0.6903, Epsilon: 0.584
2026-03-29 17:19:06 | INFO | Episode  169 - Reward: 23.000, Length: 23, Loss: 0.6462, Entropy: 0.6896, Epsilon: 0.582
2026-03-29 17:19:07 | INFO | Episode  170 - Reward: 21.000, Length: 21, Loss: 0.8731, Entropy: 0.6898, Epsilon: 0.579
2026-03-29 17:19:07 | INFO | Episode  171 - Reward: 12.000, Length: 12, Loss: 0.7320, Entropy: 0.6915, Epsilon: 0.577
2026-03-29 17:19:07 | INFO | Episode  172 - Reward: 16.000, Length: 16, Loss: 1.2938, Entropy: 0.6925, Epsilon: 0.574
2026-03-29 17:19:08 | INFO | Episode  173 - Reward: 23.000, Length: 23, Loss: 1.0192, Entropy: 0.6922, Epsilon: 0.572
2026-03-29 17:19:08 | INFO | Episode  174 - Reward: 18.000, Length: 18, Loss: 0.8714, Entropy: 0.6918, Epsilon: 0.569
2026-03-29 17:19:09 | INFO | Episode  175 - Reward: 22.000, Length: 22, Loss: 1.1086, Entropy: 0.6915, Epsilon: 0.567
2026-03-29 17:19:09 | INFO | Episode  176 - Reward: 11.000, Length: 11, Loss: 1.1146, Entropy: 0.6911, Epsilon: 0.564
2026-03-29 17:19:10 | INFO | Episode  177 - Reward: 20.000, Length: 20, Loss: 0.8840, Entropy: 0.6902, Epsilon: 0.562
2026-03-29 17:19:10 | INFO | Episode  178 - Reward: 11.000, Length: 11, Loss: 1.0984, Entropy: 0.6905, Epsilon: 0.559
2026-03-29 17:19:11 | INFO | Episode  179 - Reward: 12.000, Length: 12, Loss: 0.8982, Entropy: 0.6910, Epsilon: 0.557
2026-03-29 17:19:11 | INFO | Episode  180 - Reward: 12.000, Length: 12, Loss: 0.8598, Entropy: 0.6909, Epsilon: 0.554
2026-03-29 17:19:12 | INFO | Episode  181 - Reward: 10.000, Length: 10, Loss: 0.9683, Entropy: 0.6907, Epsilon: 0.552
2026-03-29 17:19:12 | INFO | Episode  182 - Reward: 12.000, Length: 12, Loss: 0.7384, Entropy: 0.6901, Epsilon: 0.550
2026-03-29 17:19:12 | INFO | Episode  183 - Reward: 13.000, Length: 13, Loss: 1.0322, Entropy: 0.6908, Epsilon: 0.547
2026-03-29 17:19:13 | INFO | Episode  184 - Reward: 9.000, Length: 9, Loss: 0.9456, Entropy: 0.6901, Epsilon: 0.545
2026-03-29 17:19:13 | INFO | Episode  185 - Reward: 16.000, Length: 16, Loss: 1.0290, Entropy: 0.6898, Epsilon: 0.542
2026-03-29 17:19:14 | INFO | Episode  186 - Reward: 11.000, Length: 11, Loss: 1.2832, Entropy: 0.6904, Epsilon: 0.540
2026-03-29 17:19:14 | INFO | Episode  187 - Reward: 16.000, Length: 16, Loss: 1.0251, Entropy: 0.6910, Epsilon: 0.537
2026-03-29 17:19:15 | INFO | Episode  188 - Reward: 10.000, Length: 10, Loss: 0.9386, Entropy: 0.6903, Epsilon: 0.535
2026-03-29 17:19:15 | INFO | Episode  189 - Reward: 11.000, Length: 11, Loss: 0.8164, Entropy: 0.6897, Epsilon: 0.532
2026-03-29 17:19:16 | INFO | Episode  190 - Reward: 20.000, Length: 20, Loss: 1.0351, Entropy: 0.6902, Epsilon: 0.530
2026-03-29 17:19:16 | INFO | Episode  191 - Reward: 8.000, Length: 8, Loss: 0.9382, Entropy: 0.6907, Epsilon: 0.527
2026-03-29 17:19:16 | INFO | Episode  192 - Reward: 11.000, Length: 11, Loss: 0.8395, Entropy: 0.6913, Epsilon: 0.525
2026-03-29 17:19:17 | INFO | Episode  193 - Reward: 24.000, Length: 24, Loss: 1.0075, Entropy: 0.6912, Epsilon: 0.522
2026-03-29 17:19:17 | INFO | Episode  194 - Reward: 12.000, Length: 12, Loss: 1.0715, Entropy: 0.6911, Epsilon: 0.520
2026-03-29 17:19:18 | INFO | Episode  195 - Reward: 15.000, Length: 15, Loss: 1.2919, Entropy: 0.6894, Epsilon: 0.517
2026-03-29 17:19:18 | INFO | Episode  196 - Reward: 8.000, Length: 8, Loss: 1.0848, Entropy: 0.6903, Epsilon: 0.515
2026-03-29 17:19:19 | INFO | Episode  197 - Reward: 15.000, Length: 15, Loss: 1.0592, Entropy: 0.6906, Epsilon: 0.512
2026-03-29 17:19:19 | INFO | Episode  198 - Reward: 40.000, Length: 40, Loss: 0.9861, Entropy: 0.6913, Epsilon: 0.510
2026-03-29 17:19:20 | INFO | Episode  199 - Reward: 13.000, Length: 13, Loss: 1.0140, Entropy: 0.6903, Epsilon: 0.507
2026-03-29 17:19:20 | INFO | Episode  200 - Reward: 18.000, Length: 18, Loss: 1.0964, Entropy: 0.6887, Epsilon: 0.505
2026-03-29 17:19:20 | INFO | [Episode  200] eps=0.505  avg_reward=  15.700  avg_length= 15.70  avg_loss=  0.9062  avg_entropy=0.6887  eval_success=0.000
2026-03-29 17:19:21 | INFO | Episode  201 - Reward: 11.000, Length: 11, Loss: 0.9056, Entropy: 0.6889, Epsilon: 0.503
2026-03-29 17:19:21 | INFO | Episode  202 - Reward: 12.000, Length: 12, Loss: 0.9298, Entropy: 0.6903, Epsilon: 0.500
2026-03-29 17:19:22 | INFO | Episode  203 - Reward: 13.000, Length: 13, Loss: 0.7774, Entropy: 0.6907, Epsilon: 0.498
2026-03-29 17:19:22 | INFO | Episode  204 - Reward: 8.000, Length: 8, Loss: 0.8038, Entropy: 0.6907, Epsilon: 0.495
2026-03-29 17:19:22 | INFO | Episode  205 - Reward: 25.000, Length: 25, Loss: 0.9142, Entropy: 0.6910, Epsilon: 0.493
2026-03-29 17:19:23 | INFO | Episode  206 - Reward: 12.000, Length: 12, Loss: 1.1746, Entropy: 0.6914, Epsilon: 0.490
2026-03-29 17:19:23 | INFO | Episode  207 - Reward: 12.000, Length: 12, Loss: 0.9851, Entropy: 0.6923, Epsilon: 0.488
2026-03-29 17:19:24 | INFO | Episode  208 - Reward: 35.000, Length: 35, Loss: 1.2432, Entropy: 0.6926, Epsilon: 0.485
2026-03-29 17:19:24 | INFO | Episode  209 - Reward: 35.000, Length: 35, Loss: 1.1754, Entropy: 0.6924, Epsilon: 0.483
2026-03-29 17:19:25 | INFO | Episode  210 - Reward: 45.000, Length: 45, Loss: 1.1407, Entropy: 0.6924, Epsilon: 0.480
2026-03-29 17:19:25 | INFO | Episode  211 - Reward: 21.000, Length: 21, Loss: 0.9990, Entropy: 0.6925, Epsilon: 0.478
2026-03-29 17:19:25 | INFO | Episode  212 - Reward: 33.000, Length: 33, Loss: 1.0468, Entropy: 0.6922, Epsilon: 0.475
2026-03-29 17:19:26 | INFO | Episode  213 - Reward: 21.000, Length: 21, Loss: 0.9423, Entropy: 0.6920, Epsilon: 0.473
2026-03-29 17:19:26 | INFO | Episode  214 - Reward: 133.000, Length: 133, Loss: 1.0329, Entropy: 0.6922, Epsilon: 0.470
2026-03-29 17:19:27 | INFO | Episode  215 - Reward: 52.000, Length: 52, Loss: 1.1217, Entropy: 0.6922, Epsilon: 0.468
2026-03-29 17:19:27 | INFO | Episode  216 - Reward: 39.000, Length: 39, Loss: 1.1568, Entropy: 0.6922, Epsilon: 0.465
2026-03-29 17:19:28 | INFO | Episode  217 - Reward: 20.000, Length: 20, Loss: 0.8283, Entropy: 0.6919, Epsilon: 0.463
2026-03-29 17:19:28 | INFO | Episode  218 - Reward: 47.000, Length: 47, Loss: 1.0939, Entropy: 0.6915, Epsilon: 0.460
2026-03-29 17:19:29 | INFO | Episode  219 - Reward: 13.000, Length: 13, Loss: 1.5053, Entropy: 0.6919, Epsilon: 0.458
2026-03-29 17:19:29 | INFO | Episode  220 - Reward: 76.000, Length: 76, Loss: 1.3045, Entropy: 0.6914, Epsilon: 0.456
2026-03-29 17:19:29 | INFO | Episode  221 - Reward: 46.000, Length: 46, Loss: 1.1457, Entropy: 0.6918, Epsilon: 0.453
2026-03-29 17:19:30 | INFO | Episode  222 - Reward: 53.000, Length: 53, Loss: 0.9602, Entropy: 0.6915, Epsilon: 0.451
2026-03-29 17:19:30 | INFO | Episode  223 - Reward: 16.000, Length: 16, Loss: 1.3063, Entropy: 0.6911, Epsilon: 0.448
2026-03-29 17:19:31 | INFO | Episode  224 - Reward: 23.000, Length: 23, Loss: 1.3463, Entropy: 0.6909, Epsilon: 0.446
2026-03-29 17:19:31 | INFO | Episode  225 - Reward: 26.000, Length: 26, Loss: 1.0369, Entropy: 0.6914, Epsilon: 0.443
2026-03-29 17:19:32 | INFO | Episode  226 - Reward: 33.000, Length: 33, Loss: 1.3110, Entropy: 0.6914, Epsilon: 0.441
2026-03-29 17:19:32 | INFO | Episode  227 - Reward: 34.000, Length: 34, Loss: 0.9782, Entropy: 0.6910, Epsilon: 0.438
2026-03-29 17:19:33 | INFO | Episode  228 - Reward: 19.000, Length: 19, Loss: 1.3517, Entropy: 0.6904, Epsilon: 0.436
2026-03-29 17:19:33 | INFO | Episode  229 - Reward: 51.000, Length: 51, Loss: 1.1088, Entropy: 0.6908, Epsilon: 0.433
2026-03-29 17:19:34 | INFO | Episode  230 - Reward: 27.000, Length: 27, Loss: 1.0142, Entropy: 0.6909, Epsilon: 0.431
2026-03-29 17:19:34 | INFO | Episode  231 - Reward: 30.000, Length: 30, Loss: 1.0253, Entropy: 0.6909, Epsilon: 0.428
2026-03-29 17:19:35 | INFO | Episode  232 - Reward: 26.000, Length: 26, Loss: 0.9469, Entropy: 0.6909, Epsilon: 0.426
2026-03-29 17:19:35 | INFO | Episode  233 - Reward: 21.000, Length: 21, Loss: 1.1675, Entropy: 0.6909, Epsilon: 0.423
2026-03-29 17:19:35 | INFO | Episode  234 - Reward: 40.000, Length: 40, Loss: 1.3000, Entropy: 0.6906, Epsilon: 0.421
2026-03-29 17:19:36 | INFO | Episode  235 - Reward: 25.000, Length: 25, Loss: 1.3881, Entropy: 0.6903, Epsilon: 0.418
2026-03-29 17:19:36 | INFO | Episode  236 - Reward: 22.000, Length: 22, Loss: 0.9852, Entropy: 0.6906, Epsilon: 0.416
2026-03-29 17:19:37 | INFO | Episode  237 - Reward: 23.000, Length: 23, Loss: 1.1434, Entropy: 0.6902, Epsilon: 0.413
2026-03-29 17:19:37 | INFO | Episode  238 - Reward: 15.000, Length: 15, Loss: 1.5264, Entropy: 0.6900, Epsilon: 0.411
2026-03-29 17:19:38 | INFO | Episode  239 - Reward: 31.000, Length: 31, Loss: 1.1366, Entropy: 0.6895, Epsilon: 0.408
2026-03-29 17:19:38 | INFO | Episode  240 - Reward: 24.000, Length: 24, Loss: 1.2877, Entropy: 0.6889, Epsilon: 0.406
2026-03-29 17:19:38 | INFO | Episode  241 - Reward: 33.000, Length: 33, Loss: 1.4696, Entropy: 0.6893, Epsilon: 0.404
2026-03-29 17:19:39 | INFO | Episode  242 - Reward: 32.000, Length: 32, Loss: 1.2227, Entropy: 0.6894, Epsilon: 0.401
2026-03-29 17:19:39 | INFO | Episode  243 - Reward: 44.000, Length: 44, Loss: 1.4972, Entropy: 0.6893, Epsilon: 0.399
2026-03-29 17:19:40 | INFO | Episode  244 - Reward: 56.000, Length: 56, Loss: 1.1155, Entropy: 0.6890, Epsilon: 0.396
2026-03-29 17:19:40 | INFO | Episode  245 - Reward: 23.000, Length: 23, Loss: 1.0529, Entropy: 0.6894, Epsilon: 0.394
2026-03-29 17:19:41 | INFO | Episode  246 - Reward: 45.000, Length: 45, Loss: 1.1531, Entropy: 0.6889, Epsilon: 0.391
2026-03-29 17:19:41 | INFO | Episode  247 - Reward: 66.000, Length: 66, Loss: 1.0190, Entropy: 0.6890, Epsilon: 0.389
2026-03-29 17:19:42 | INFO | Episode  248 - Reward: 41.000, Length: 41, Loss: 1.3475, Entropy: 0.6888, Epsilon: 0.386
2026-03-29 17:19:42 | INFO | Episode  249 - Reward: 28.000, Length: 28, Loss: 1.4821, Entropy: 0.6885, Epsilon: 0.384
2026-03-29 17:19:42 | INFO | Episode  250 - Reward: 27.000, Length: 27, Loss: 1.0313, Entropy: 0.6884, Epsilon: 0.381
2026-03-29 17:19:44 | INFO | [Episode  250] eps=0.381  avg_reward=  32.860  avg_length= 32.86  avg_loss=  1.1388  avg_entropy=0.6884  eval_success=0.000
2026-03-29 17:19:45 | INFO | Episode  251 - Reward: 21.000, Length: 21, Loss: 1.3224, Entropy: 0.6879, Epsilon: 0.379
2026-03-29 17:19:45 | INFO | Episode  252 - Reward: 28.000, Length: 28, Loss: 1.3930, Entropy: 0.6882, Epsilon: 0.376
2026-03-29 17:19:46 | INFO | Episode  253 - Reward: 19.000, Length: 19, Loss: 1.1967, Entropy: 0.6877, Epsilon: 0.374
2026-03-29 17:19:46 | INFO | Episode  254 - Reward: 48.000, Length: 48, Loss: 1.5056, Entropy: 0.6867, Epsilon: 0.371
2026-03-29 17:19:46 | INFO | Episode  255 - Reward: 29.000, Length: 29, Loss: 0.9326, Entropy: 0.6872, Epsilon: 0.369
2026-03-29 17:19:47 | INFO | Episode  256 - Reward: 39.000, Length: 39, Loss: 1.2216, Entropy: 0.6875, Epsilon: 0.366
2026-03-29 17:19:47 | INFO | Episode  257 - Reward: 38.000, Length: 38, Loss: 1.1851, Entropy: 0.6865, Epsilon: 0.364
2026-03-29 17:19:48 | INFO | Episode  258 - Reward: 35.000, Length: 35, Loss: 1.1808, Entropy: 0.6864, Epsilon: 0.361
2026-03-29 17:19:48 | INFO | Episode  259 - Reward: 52.000, Length: 52, Loss: 0.8535, Entropy: 0.6867, Epsilon: 0.359
2026-03-29 17:19:49 | INFO | Episode  260 - Reward: 28.000, Length: 28, Loss: 1.4367, Entropy: 0.6860, Epsilon: 0.357
2026-03-29 17:19:49 | INFO | Episode  261 - Reward: 62.000, Length: 62, Loss: 0.9605, Entropy: 0.6854, Epsilon: 0.354
2026-03-29 17:19:50 | INFO | Episode  262 - Reward: 52.000, Length: 52, Loss: 1.5241, Entropy: 0.6851, Epsilon: 0.352
2026-03-29 17:19:50 | INFO | Episode  263 - Reward: 53.000, Length: 53, Loss: 1.3227, Entropy: 0.6858, Epsilon: 0.349
2026-03-29 17:19:50 | INFO | Episode  264 - Reward: 63.000, Length: 63, Loss: 1.2532, Entropy: 0.6854, Epsilon: 0.347
2026-03-29 17:19:51 | INFO | Episode  265 - Reward: 44.000, Length: 44, Loss: 1.3108, Entropy: 0.6850, Epsilon: 0.344
2026-03-29 17:19:51 | INFO | Episode  266 - Reward: 61.000, Length: 61, Loss: 1.4816, Entropy: 0.6844, Epsilon: 0.342
2026-03-29 17:19:52 | INFO | Episode  267 - Reward: 28.000, Length: 28, Loss: 0.9631, Entropy: 0.6850, Epsilon: 0.339
2026-03-29 17:19:52 | INFO | Episode  268 - Reward: 52.000, Length: 52, Loss: 1.4985, Entropy: 0.6840, Epsilon: 0.337
2026-03-29 17:19:53 | INFO | Episode  269 - Reward: 70.000, Length: 70, Loss: 1.2275, Entropy: 0.6832, Epsilon: 0.334
2026-03-29 17:19:53 | INFO | Episode  270 - Reward: 45.000, Length: 45, Loss: 1.3096, Entropy: 0.6837, Epsilon: 0.332
2026-03-29 17:19:54 | INFO | Episode  271 - Reward: 41.000, Length: 41, Loss: 1.4640, Entropy: 0.6837, Epsilon: 0.329
2026-03-29 17:19:54 | INFO | Episode  272 - Reward: 50.000, Length: 50, Loss: 1.1626, Entropy: 0.6829, Epsilon: 0.327
2026-03-29 17:19:54 | INFO | Episode  273 - Reward: 37.000, Length: 37, Loss: 1.5035, Entropy: 0.6834, Epsilon: 0.324
2026-03-29 17:19:55 | INFO | Episode  274 - Reward: 37.000, Length: 37, Loss: 1.6103, Entropy: 0.6826, Epsilon: 0.322
2026-03-29 17:19:55 | INFO | Episode  275 - Reward: 49.000, Length: 49, Loss: 1.5979, Entropy: 0.6819, Epsilon: 0.319
2026-03-29 17:19:56 | INFO | Episode  276 - Reward: 84.000, Length: 84, Loss: 1.5363, Entropy: 0.6823, Epsilon: 0.317
2026-03-29 17:19:57 | INFO | Episode  277 - Reward: 40.000, Length: 40, Loss: 1.4791, Entropy: 0.6796, Epsilon: 0.314
2026-03-29 17:19:57 | INFO | Episode  278 - Reward: 62.000, Length: 62, Loss: 1.5412, Entropy: 0.6782, Epsilon: 0.312
2026-03-29 17:19:58 | INFO | Episode  279 - Reward: 15.000, Length: 15, Loss: 1.6075, Entropy: 0.6802, Epsilon: 0.309
2026-03-29 17:19:59 | INFO | Episode  280 - Reward: 41.000, Length: 41, Loss: 1.3796, Entropy: 0.6803, Epsilon: 0.307
2026-03-29 17:19:59 | INFO | Episode  281 - Reward: 65.000, Length: 65, Loss: 1.1193, Entropy: 0.6798, Epsilon: 0.305
2026-03-29 17:20:00 | INFO | Episode  282 - Reward: 81.000, Length: 81, Loss: 1.2193, Entropy: 0.6778, Epsilon: 0.302
2026-03-29 17:20:00 | INFO | Episode  283 - Reward: 44.000, Length: 44, Loss: 1.5571, Entropy: 0.6773, Epsilon: 0.300
2026-03-29 17:20:01 | INFO | Episode  284 - Reward: 63.000, Length: 63, Loss: 1.7272, Entropy: 0.6770, Epsilon: 0.297
2026-03-29 17:20:02 | INFO | Episode  285 - Reward: 47.000, Length: 47, Loss: 1.9618, Entropy: 0.6771, Epsilon: 0.295
2026-03-29 17:20:02 | INFO | Episode  286 - Reward: 103.000, Length: 103, Loss: 1.4350, Entropy: 0.6793, Epsilon: 0.292
2026-03-29 17:20:03 | INFO | Episode  287 - Reward: 46.000, Length: 46, Loss: 1.3852, Entropy: 0.6781, Epsilon: 0.290
2026-03-29 17:20:04 | INFO | Episode  288 - Reward: 33.000, Length: 33, Loss: 1.8499, Entropy: 0.6769, Epsilon: 0.287
2026-03-29 17:20:05 | INFO | Episode  289 - Reward: 100.000, Length: 100, Loss: 2.0715, Entropy: 0.6766, Epsilon: 0.285
2026-03-29 17:20:05 | INFO | Episode  290 - Reward: 47.000, Length: 47, Loss: 1.6397, Entropy: 0.6771, Epsilon: 0.282
2026-03-29 17:20:06 | INFO | Episode  291 - Reward: 27.000, Length: 27, Loss: 2.0825, Entropy: 0.6762, Epsilon: 0.280
2026-03-29 17:20:07 | INFO | Episode  292 - Reward: 89.000, Length: 89, Loss: 1.8499, Entropy: 0.6764, Epsilon: 0.277
2026-03-29 17:20:07 | INFO | Episode  293 - Reward: 48.000, Length: 48, Loss: 1.8467, Entropy: 0.6747, Epsilon: 0.275
2026-03-29 17:20:08 | INFO | Episode  294 - Reward: 69.000, Length: 69, Loss: 2.0982, Entropy: 0.6715, Epsilon: 0.272
2026-03-29 17:20:08 | INFO | Episode  295 - Reward: 48.000, Length: 48, Loss: 1.5977, Entropy: 0.6747, Epsilon: 0.270
2026-03-29 17:20:09 | INFO | Episode  296 - Reward: 121.000, Length: 121, Loss: 2.0424, Entropy: 0.6757, Epsilon: 0.267
2026-03-29 17:20:10 | INFO | Episode  297 - Reward: 48.000, Length: 48, Loss: 1.4244, Entropy: 0.6744, Epsilon: 0.265
2026-03-29 17:20:10 | INFO | Episode  298 - Reward: 63.000, Length: 63, Loss: 1.6350, Entropy: 0.6744, Epsilon: 0.262
2026-03-29 17:20:11 | INFO | Episode  299 - Reward: 36.000, Length: 36, Loss: 1.8269, Entropy: 0.6741, Epsilon: 0.260
2026-03-29 17:20:12 | INFO | Episode  300 - Reward: 62.000, Length: 62, Loss: 1.9358, Entropy: 0.6723, Epsilon: 0.258
2026-03-29 17:20:15 | INFO | [Episode  300] eps=0.258  avg_reward=  51.260  avg_length= 51.26  avg_loss=  1.4853  avg_entropy=0.6723  eval_success=0.000
2026-03-29 17:20:16 | INFO | Episode  301 - Reward: 61.000, Length: 61, Loss: 1.8420, Entropy: 0.6721, Epsilon: 0.255
2026-03-29 17:20:16 | INFO | Episode  302 - Reward: 200.000, Length: 200, Loss: 1.6157, Entropy: 0.6722, Epsilon: 0.253
2026-03-29 17:20:17 | INFO | Episode  303 - Reward: 75.000, Length: 75, Loss: 1.1058, Entropy: 0.6709, Epsilon: 0.250
2026-03-29 17:20:17 | INFO | Episode  304 - Reward: 46.000, Length: 46, Loss: 1.5730, Entropy: 0.6708, Epsilon: 0.248
2026-03-29 17:20:18 | INFO | Episode  305 - Reward: 23.000, Length: 23, Loss: 2.3147, Entropy: 0.6684, Epsilon: 0.245
2026-03-29 17:20:19 | INFO | Episode  306 - Reward: 57.000, Length: 57, Loss: 1.6826, Entropy: 0.6683, Epsilon: 0.243
2026-03-29 17:20:19 | INFO | Episode  307 - Reward: 38.000, Length: 38, Loss: 1.9253, Entropy: 0.6704, Epsilon: 0.240
2026-03-29 17:20:20 | INFO | Episode  308 - Reward: 57.000, Length: 57, Loss: 1.8048, Entropy: 0.6705, Epsilon: 0.238
2026-03-29 17:20:20 | INFO | Episode  309 - Reward: 54.000, Length: 54, Loss: 1.9363, Entropy: 0.6681, Epsilon: 0.235
2026-03-29 17:20:21 | INFO | Episode  310 - Reward: 123.000, Length: 123, Loss: 1.9182, Entropy: 0.6655, Epsilon: 0.233
2026-03-29 17:20:22 | INFO | Episode  311 - Reward: 55.000, Length: 55, Loss: 1.5970, Entropy: 0.6676, Epsilon: 0.230
2026-03-29 17:20:22 | INFO | Episode  312 - Reward: 47.000, Length: 47, Loss: 1.6305, Entropy: 0.6671, Epsilon: 0.228
2026-03-29 17:20:23 | INFO | Episode  313 - Reward: 55.000, Length: 55, Loss: 1.4374, Entropy: 0.6664, Epsilon: 0.225
2026-03-29 17:20:23 | INFO | Episode  314 - Reward: 64.000, Length: 64, Loss: 2.1169, Entropy: 0.6656, Epsilon: 0.223
2026-03-29 17:20:24 | INFO | Episode  315 - Reward: 53.000, Length: 53, Loss: 2.0252, Entropy: 0.6666, Epsilon: 0.220
2026-03-29 17:20:25 | INFO | Episode  316 - Reward: 68.000, Length: 68, Loss: 2.1662, Entropy: 0.6666, Epsilon: 0.218
2026-03-29 17:20:25 | INFO | Episode  317 - Reward: 42.000, Length: 42, Loss: 1.8887, Entropy: 0.6670, Epsilon: 0.215
2026-03-29 17:20:26 | INFO | Episode  318 - Reward: 43.000, Length: 43, Loss: 2.5717, Entropy: 0.6648, Epsilon: 0.213
2026-03-29 17:20:26 | INFO | Episode  319 - Reward: 59.000, Length: 59, Loss: 1.5530, Entropy: 0.6626, Epsilon: 0.210
2026-03-29 17:20:27 | INFO | Episode  320 - Reward: 67.000, Length: 67, Loss: 1.6232, Entropy: 0.6635, Epsilon: 0.208
2026-03-29 17:20:27 | INFO | Episode  321 - Reward: 60.000, Length: 60, Loss: 1.4214, Entropy: 0.6662, Epsilon: 0.206
2026-03-29 17:20:28 | INFO | Episode  322 - Reward: 56.000, Length: 56, Loss: 1.4869, Entropy: 0.6643, Epsilon: 0.203
2026-03-29 17:20:29 | INFO | Episode  323 - Reward: 65.000, Length: 65, Loss: 1.4216, Entropy: 0.6655, Epsilon: 0.201
2026-03-29 17:20:29 | INFO | Episode  324 - Reward: 43.000, Length: 43, Loss: 1.8693, Entropy: 0.6632, Epsilon: 0.198
2026-03-29 17:20:30 | INFO | Episode  325 - Reward: 93.000, Length: 93, Loss: 1.8359, Entropy: 0.6600, Epsilon: 0.196
2026-03-29 17:20:31 | INFO | Episode  326 - Reward: 60.000, Length: 60, Loss: 1.4437, Entropy: 0.6628, Epsilon: 0.193
2026-03-29 17:20:31 | INFO | Episode  327 - Reward: 82.000, Length: 82, Loss: 1.5130, Entropy: 0.6592, Epsilon: 0.191
2026-03-29 17:20:32 | INFO | Episode  328 - Reward: 74.000, Length: 74, Loss: 1.2808, Entropy: 0.6602, Epsilon: 0.188
2026-03-29 17:20:33 | INFO | Episode  329 - Reward: 138.000, Length: 138, Loss: 1.8415, Entropy: 0.6619, Epsilon: 0.186
2026-03-29 17:20:33 | INFO | Episode  330 - Reward: 52.000, Length: 52, Loss: 2.4526, Entropy: 0.6589, Epsilon: 0.183
2026-03-29 17:20:34 | INFO | Episode  331 - Reward: 59.000, Length: 59, Loss: 2.2289, Entropy: 0.6601, Epsilon: 0.181
2026-03-29 17:20:35 | INFO | Episode  332 - Reward: 80.000, Length: 80, Loss: 3.0007, Entropy: 0.6586, Epsilon: 0.178
2026-03-29 17:20:35 | INFO | Episode  333 - Reward: 42.000, Length: 42, Loss: 1.7466, Entropy: 0.6604, Epsilon: 0.176
2026-03-29 17:20:36 | INFO | Episode  334 - Reward: 65.000, Length: 65, Loss: 1.8326, Entropy: 0.6587, Epsilon: 0.173
2026-03-29 17:20:36 | INFO | Episode  335 - Reward: 45.000, Length: 45, Loss: 2.2639, Entropy: 0.6558, Epsilon: 0.171
2026-03-29 17:20:37 | INFO | Episode  336 - Reward: 78.000, Length: 78, Loss: 1.7023, Entropy: 0.6573, Epsilon: 0.168
2026-03-29 17:20:38 | INFO | Episode  337 - Reward: 53.000, Length: 53, Loss: 2.2056, Entropy: 0.6580, Epsilon: 0.166
2026-03-29 17:20:38 | INFO | Episode  338 - Reward: 62.000, Length: 62, Loss: 1.2512, Entropy: 0.6588, Epsilon: 0.163
2026-03-29 17:20:39 | INFO | Episode  339 - Reward: 111.000, Length: 111, Loss: 2.2204, Entropy: 0.6578, Epsilon: 0.161
2026-03-29 17:20:40 | INFO | Episode  340 - Reward: 65.000, Length: 65, Loss: 2.3948, Entropy: 0.6571, Epsilon: 0.158
2026-03-29 17:20:40 | INFO | Episode  341 - Reward: 52.000, Length: 52, Loss: 2.0896, Entropy: 0.6597, Epsilon: 0.156
2026-03-29 17:20:41 | INFO | Episode  342 - Reward: 111.000, Length: 111, Loss: 2.3056, Entropy: 0.6576, Epsilon: 0.154
2026-03-29 17:20:42 | INFO | Episode  343 - Reward: 116.000, Length: 116, Loss: 2.1749, Entropy: 0.6553, Epsilon: 0.151
2026-03-29 17:20:42 | INFO | Episode  344 - Reward: 72.000, Length: 72, Loss: 2.0566, Entropy: 0.6587, Epsilon: 0.149
2026-03-29 17:20:43 | INFO | Episode  345 - Reward: 43.000, Length: 43, Loss: 1.4211, Entropy: 0.6560, Epsilon: 0.146
2026-03-29 17:20:44 | INFO | Episode  346 - Reward: 39.000, Length: 39, Loss: 1.4544, Entropy: 0.6583, Epsilon: 0.144
2026-03-29 17:20:44 | INFO | Episode  347 - Reward: 89.000, Length: 89, Loss: 2.2341, Entropy: 0.6548, Epsilon: 0.141
2026-03-29 17:20:45 | INFO | Episode  348 - Reward: 123.000, Length: 123, Loss: 1.9811, Entropy: 0.6501, Epsilon: 0.139
2026-03-29 17:20:45 | INFO | Episode  349 - Reward: 94.000, Length: 94, Loss: 2.1781, Entropy: 0.6572, Epsilon: 0.136
2026-03-29 17:20:46 | INFO | Episode  350 - Reward: 53.000, Length: 53, Loss: 1.9984, Entropy: 0.6558, Epsilon: 0.134
2026-03-29 17:20:52 | INFO | [Episode  350] eps=0.134  avg_reward=  69.240  avg_length= 69.24  avg_loss=  1.8727  avg_entropy=0.6558  eval_success=0.040
2026-03-29 17:20:52 | INFO | Episode  351 - Reward: 140.000, Length: 140, Loss: 2.3107, Entropy: 0.6533, Epsilon: 0.131
2026-03-29 17:20:53 | INFO | Episode  352 - Reward: 78.000, Length: 78, Loss: 1.8925, Entropy: 0.6570, Epsilon: 0.129
2026-03-29 17:20:53 | INFO | Episode  353 - Reward: 87.000, Length: 87, Loss: 1.8045, Entropy: 0.6541, Epsilon: 0.126
2026-03-29 17:20:54 | INFO | Episode  354 - Reward: 43.000, Length: 43, Loss: 2.5402, Entropy: 0.6561, Epsilon: 0.124
2026-03-29 17:20:54 | INFO | Episode  355 - Reward: 51.000, Length: 51, Loss: 2.5099, Entropy: 0.6541, Epsilon: 0.121
2026-03-29 17:20:54 | INFO | Episode  356 - Reward: 152.000, Length: 152, Loss: 1.2881, Entropy: 0.6543, Epsilon: 0.119
2026-03-29 17:20:55 | INFO | Episode  357 - Reward: 96.000, Length: 96, Loss: 2.6248, Entropy: 0.6545, Epsilon: 0.116
2026-03-29 17:20:56 | INFO | Episode  358 - Reward: 120.000, Length: 120, Loss: 2.5126, Entropy: 0.6560, Epsilon: 0.114
2026-03-29 17:20:56 | INFO | Episode  359 - Reward: 58.000, Length: 58, Loss: 1.9928, Entropy: 0.6533, Epsilon: 0.111
2026-03-29 17:20:57 | INFO | Episode  360 - Reward: 52.000, Length: 52, Loss: 1.9733, Entropy: 0.6530, Epsilon: 0.109
2026-03-29 17:20:57 | INFO | Episode  361 - Reward: 53.000, Length: 53, Loss: 2.6233, Entropy: 0.6522, Epsilon: 0.107
2026-03-29 17:20:57 | INFO | Episode  362 - Reward: 45.000, Length: 45, Loss: 1.5916, Entropy: 0.6471, Epsilon: 0.104
2026-03-29 17:20:58 | INFO | Episode  363 - Reward: 61.000, Length: 61, Loss: 2.3792, Entropy: 0.6527, Epsilon: 0.102
2026-03-29 17:20:58 | INFO | Episode  364 - Reward: 53.000, Length: 53, Loss: 2.0629, Entropy: 0.6512, Epsilon: 0.099
2026-03-29 17:20:59 | INFO | Episode  365 - Reward: 59.000, Length: 59, Loss: 2.8959, Entropy: 0.6499, Epsilon: 0.097
2026-03-29 17:20:59 | INFO | Episode  366 - Reward: 127.000, Length: 127, Loss: 2.1833, Entropy: 0.6490, Epsilon: 0.094
2026-03-29 17:21:00 | INFO | Episode  367 - Reward: 78.000, Length: 78, Loss: 1.7881, Entropy: 0.6517, Epsilon: 0.092
2026-03-29 17:21:00 | INFO | Episode  368 - Reward: 108.000, Length: 108, Loss: 2.7438, Entropy: 0.6424, Epsilon: 0.089
2026-03-29 17:21:00 | INFO | Episode  369 - Reward: 155.000, Length: 155, Loss: 1.6897, Entropy: 0.6518, Epsilon: 0.087
2026-03-29 17:21:01 | INFO | Episode  370 - Reward: 46.000, Length: 46, Loss: 2.3775, Entropy: 0.6504, Epsilon: 0.084
2026-03-29 17:21:01 | INFO | Episode  371 - Reward: 111.000, Length: 111, Loss: 2.1312, Entropy: 0.6468, Epsilon: 0.082
2026-03-29 17:21:02 | INFO | Episode  372 - Reward: 103.000, Length: 103, Loss: 2.0970, Entropy: 0.6471, Epsilon: 0.079
2026-03-29 17:21:02 | INFO | Episode  373 - Reward: 74.000, Length: 74, Loss: 3.0739, Entropy: 0.6464, Epsilon: 0.077
2026-03-29 17:21:03 | INFO | Episode  374 - Reward: 71.000, Length: 71, Loss: 2.0421, Entropy: 0.6476, Epsilon: 0.074
2026-03-29 17:21:03 | INFO | Episode  375 - Reward: 66.000, Length: 66, Loss: 2.1781, Entropy: 0.6488, Epsilon: 0.072
2026-03-29 17:21:03 | INFO | Episode  376 - Reward: 31.000, Length: 31, Loss: 2.9357, Entropy: 0.6448, Epsilon: 0.069
2026-03-29 17:21:04 | INFO | Episode  377 - Reward: 38.000, Length: 38, Loss: 2.7926, Entropy: 0.6438, Epsilon: 0.067
2026-03-29 17:21:04 | INFO | Episode  378 - Reward: 60.000, Length: 60, Loss: 2.0026, Entropy: 0.6467, Epsilon: 0.064
2026-03-29 17:21:05 | INFO | Episode  379 - Reward: 34.000, Length: 34, Loss: 2.5073, Entropy: 0.6485, Epsilon: 0.062
2026-03-29 17:21:05 | INFO | Episode  380 - Reward: 35.000, Length: 35, Loss: 2.8610, Entropy: 0.6403, Epsilon: 0.059
2026-03-29 17:21:06 | INFO | Episode  381 - Reward: 36.000, Length: 36, Loss: 2.6954, Entropy: 0.6435, Epsilon: 0.057
2026-03-29 17:21:06 | INFO | Episode  382 - Reward: 60.000, Length: 60, Loss: 1.6111, Entropy: 0.6492, Epsilon: 0.055
2026-03-29 17:21:07 | INFO | Episode  383 - Reward: 50.000, Length: 50, Loss: 2.5357, Entropy: 0.6540, Epsilon: 0.052
2026-03-29 17:21:07 | INFO | Episode  384 - Reward: 134.000, Length: 134, Loss: 1.6794, Entropy: 0.6499, Epsilon: 0.050
2026-03-29 17:21:08 | INFO | Episode  385 - Reward: 85.000, Length: 85, Loss: 1.5355, Entropy: 0.6472, Epsilon: 0.047
2026-03-29 17:21:08 | INFO | Episode  386 - Reward: 90.000, Length: 90, Loss: 2.3896, Entropy: 0.6487, Epsilon: 0.045
2026-03-29 17:21:08 | INFO | Episode  387 - Reward: 147.000, Length: 147, Loss: 1.5797, Entropy: 0.6475, Epsilon: 0.042
2026-03-29 17:21:09 | INFO | Episode  388 - Reward: 76.000, Length: 76, Loss: 2.8348, Entropy: 0.6508, Epsilon: 0.040
2026-03-29 17:21:09 | INFO | Episode  389 - Reward: 200.000, Length: 200, Loss: 2.5881, Entropy: 0.6496, Epsilon: 0.037
2026-03-29 17:21:10 | INFO | Episode  390 - Reward: 73.000, Length: 73, Loss: 2.1530, Entropy: 0.6465, Epsilon: 0.035
2026-03-29 17:21:10 | INFO | Episode  391 - Reward: 82.000, Length: 82, Loss: 2.6673, Entropy: 0.6449, Epsilon: 0.032
2026-03-29 17:21:11 | INFO | Episode  392 - Reward: 89.000, Length: 89, Loss: 2.1765, Entropy: 0.6491, Epsilon: 0.030
2026-03-29 17:21:11 | INFO | Episode  393 - Reward: 95.000, Length: 95, Loss: 2.1589, Entropy: 0.6511, Epsilon: 0.027
2026-03-29 17:21:12 | INFO | Episode  394 - Reward: 105.000, Length: 105, Loss: 2.9194, Entropy: 0.6483, Epsilon: 0.025
2026-03-29 17:21:12 | INFO | Episode  395 - Reward: 101.000, Length: 101, Loss: 1.9754, Entropy: 0.6491, Epsilon: 0.022
2026-03-29 17:21:13 | INFO | Episode  396 - Reward: 146.000, Length: 146, Loss: 1.6191, Entropy: 0.6517, Epsilon: 0.020
2026-03-29 17:21:13 | INFO | Episode  397 - Reward: 140.000, Length: 140, Loss: 2.4136, Entropy: 0.6531, Epsilon: 0.017
2026-03-29 17:21:14 | INFO | Episode  398 - Reward: 118.000, Length: 118, Loss: 2.5610, Entropy: 0.6510, Epsilon: 0.015
2026-03-29 17:21:14 | INFO | Episode  399 - Reward: 89.000, Length: 89, Loss: 2.8719, Entropy: 0.6444, Epsilon: 0.012
2026-03-29 17:21:14 | INFO | Episode  400 - Reward: 117.000, Length: 117, Loss: 2.4774, Entropy: 0.6462, Epsilon: 0.010
2026-03-29 17:21:17 | INFO | [Episode  400] eps=0.010  avg_reward=  86.360  avg_length= 86.36  avg_loss=  2.2770  avg_entropy=0.6462  eval_success=0.000
2026-03-29 17:21:18 | INFO | Episode  401 - Reward: 100.000, Length: 100, Loss: 1.6514, Entropy: 0.6442, Epsilon: 0.010
2026-03-29 17:21:18 | INFO | Episode  402 - Reward: 83.000, Length: 83, Loss: 2.6368, Entropy: 0.6438, Epsilon: 0.010
2026-03-29 17:21:18 | INFO | Episode  403 - Reward: 83.000, Length: 83, Loss: 2.4436, Entropy: 0.6481, Epsilon: 0.010
2026-03-29 17:21:19 | INFO | Episode  404 - Reward: 67.000, Length: 67, Loss: 2.3950, Entropy: 0.6463, Epsilon: 0.010
2026-03-29 17:21:19 | INFO | Episode  405 - Reward: 139.000, Length: 139, Loss: 2.9831, Entropy: 0.6493, Epsilon: 0.010
2026-03-29 17:21:20 | INFO | Episode  406 - Reward: 77.000, Length: 77, Loss: 2.2966, Entropy: 0.6485, Epsilon: 0.010
2026-03-29 17:21:20 | INFO | Episode  407 - Reward: 178.000, Length: 178, Loss: 2.3147, Entropy: 0.6491, Epsilon: 0.010
2026-03-29 17:21:20 | INFO | Episode  408 - Reward: 200.000, Length: 200, Loss: 2.1025, Entropy: 0.6440, Epsilon: 0.010
2026-03-29 17:21:21 | INFO | Episode  409 - Reward: 129.000, Length: 129, Loss: 2.0471, Entropy: 0.6460, Epsilon: 0.010
2026-03-29 17:21:21 | INFO | Episode  410 - Reward: 169.000, Length: 169, Loss: 2.5372, Entropy: 0.6451, Epsilon: 0.010
2026-03-29 17:21:22 | INFO | Episode  411 - Reward: 132.000, Length: 132, Loss: 1.9043, Entropy: 0.6450, Epsilon: 0.010
2026-03-29 17:21:22 | INFO | Episode  412 - Reward: 134.000, Length: 134, Loss: 1.9561, Entropy: 0.6487, Epsilon: 0.010
2026-03-29 17:21:23 | INFO | Episode  413 - Reward: 155.000, Length: 155, Loss: 3.0883, Entropy: 0.6425, Epsilon: 0.010
2026-03-29 17:21:23 | INFO | Episode  414 - Reward: 135.000, Length: 135, Loss: 2.6592, Entropy: 0.6463, Epsilon: 0.010
2026-03-29 17:21:24 | INFO | Episode  415 - Reward: 139.000, Length: 139, Loss: 3.3489, Entropy: 0.6431, Epsilon: 0.010
2026-03-29 17:21:24 | INFO | Episode  416 - Reward: 142.000, Length: 142, Loss: 2.9358, Entropy: 0.6448, Epsilon: 0.010
2026-03-29 17:21:25 | INFO | Episode  417 - Reward: 129.000, Length: 129, Loss: 2.3313, Entropy: 0.6425, Epsilon: 0.010
2026-03-29 17:21:25 | INFO | Episode  418 - Reward: 134.000, Length: 134, Loss: 2.5917, Entropy: 0.6491, Epsilon: 0.010
2026-03-29 17:21:26 | INFO | Episode  419 - Reward: 150.000, Length: 150, Loss: 2.7915, Entropy: 0.6443, Epsilon: 0.010
2026-03-29 17:21:26 | INFO | Episode  420 - Reward: 99.000, Length: 99, Loss: 1.9000, Entropy: 0.6481, Epsilon: 0.010
2026-03-29 17:21:26 | INFO | Episode  421 - Reward: 114.000, Length: 114, Loss: 1.5520, Entropy: 0.6444, Epsilon: 0.010
2026-03-29 17:21:27 | INFO | Episode  422 - Reward: 102.000, Length: 102, Loss: 1.6420, Entropy: 0.6434, Epsilon: 0.010
2026-03-29 17:21:27 | INFO | Episode  423 - Reward: 183.000, Length: 183, Loss: 2.4406, Entropy: 0.6431, Epsilon: 0.010
2026-03-29 17:21:28 | INFO | Episode  424 - Reward: 111.000, Length: 111, Loss: 2.8297, Entropy: 0.6452, Epsilon: 0.010
2026-03-29 17:21:28 | INFO | Episode  425 - Reward: 200.000, Length: 200, Loss: 2.0628, Entropy: 0.6414, Epsilon: 0.010
2026-03-29 17:21:29 | INFO | Episode  426 - Reward: 127.000, Length: 127, Loss: 1.3214, Entropy: 0.6466, Epsilon: 0.010
2026-03-29 17:21:29 | INFO | Episode  427 - Reward: 143.000, Length: 143, Loss: 1.8575, Entropy: 0.6433, Epsilon: 0.010
2026-03-29 17:21:30 | INFO | Episode  428 - Reward: 147.000, Length: 147, Loss: 1.9063, Entropy: 0.6474, Epsilon: 0.010
2026-03-29 17:21:30 | INFO | Episode  429 - Reward: 126.000, Length: 126, Loss: 1.7882, Entropy: 0.6405, Epsilon: 0.010
2026-03-29 17:21:30 | INFO | Episode  430 - Reward: 200.000, Length: 200, Loss: 1.9834, Entropy: 0.6396, Epsilon: 0.010
2026-03-29 17:21:31 | INFO | Episode  431 - Reward: 200.000, Length: 200, Loss: 1.5899, Entropy: 0.6428, Epsilon: 0.010
2026-03-29 17:21:31 | INFO | Episode  432 - Reward: 200.000, Length: 200, Loss: 2.8575, Entropy: 0.6412, Epsilon: 0.010
2026-03-29 17:21:32 | INFO | Episode  433 - Reward: 130.000, Length: 130, Loss: 2.1727, Entropy: 0.6448, Epsilon: 0.010
2026-03-29 17:21:32 | INFO | Episode  434 - Reward: 200.000, Length: 200, Loss: 2.0019, Entropy: 0.6443, Epsilon: 0.010
2026-03-29 17:21:33 | INFO | Episode  435 - Reward: 176.000, Length: 176, Loss: 1.9330, Entropy: 0.6476, Epsilon: 0.010
2026-03-29 17:21:33 | INFO | Episode  436 - Reward: 181.000, Length: 181, Loss: 1.6944, Entropy: 0.6439, Epsilon: 0.010
2026-03-29 17:21:33 | INFO | Episode  437 - Reward: 158.000, Length: 158, Loss: 2.2340, Entropy: 0.6442, Epsilon: 0.010
2026-03-29 17:21:34 | INFO | Episode  438 - Reward: 147.000, Length: 147, Loss: 2.3925, Entropy: 0.6409, Epsilon: 0.010
2026-03-29 17:21:34 | INFO | Episode  439 - Reward: 160.000, Length: 160, Loss: 1.8585, Entropy: 0.6445, Epsilon: 0.010
2026-03-29 17:21:35 | INFO | Episode  440 - Reward: 176.000, Length: 176, Loss: 2.0768, Entropy: 0.6442, Epsilon: 0.010
2026-03-29 17:21:35 | INFO | Episode  441 - Reward: 200.000, Length: 200, Loss: 2.2416, Entropy: 0.6405, Epsilon: 0.010
2026-03-29 17:21:36 | INFO | Episode  442 - Reward: 133.000, Length: 133, Loss: 1.9801, Entropy: 0.6452, Epsilon: 0.010
2026-03-29 17:21:36 | INFO | Episode  443 - Reward: 160.000, Length: 160, Loss: 2.1547, Entropy: 0.6417, Epsilon: 0.010
2026-03-29 17:21:36 | INFO | Episode  444 - Reward: 172.000, Length: 172, Loss: 1.8061, Entropy: 0.6421, Epsilon: 0.010
2026-03-29 17:21:37 | INFO | Episode  445 - Reward: 166.000, Length: 166, Loss: 2.3437, Entropy: 0.6331, Epsilon: 0.010
2026-03-29 17:21:37 | INFO | Episode  446 - Reward: 200.000, Length: 200, Loss: 1.6442, Entropy: 0.6374, Epsilon: 0.010
2026-03-29 17:21:38 | INFO | Episode  447 - Reward: 200.000, Length: 200, Loss: 1.5788, Entropy: 0.6379, Epsilon: 0.010
2026-03-29 17:21:39 | INFO | Episode  448 - Reward: 200.000, Length: 200, Loss: 2.1831, Entropy: 0.6348, Epsilon: 0.010
2026-03-29 17:21:39 | INFO | Episode  449 - Reward: 200.000, Length: 200, Loss: 1.6941, Entropy: 0.6366, Epsilon: 0.010
2026-03-29 17:21:40 | INFO | Episode  450 - Reward: 200.000, Length: 200, Loss: 0.8540, Entropy: 0.6389, Epsilon: 0.010
2026-03-29 17:21:49 | INFO | [Episode  450] eps=0.010  avg_reward= 151.720  avg_length=151.72  avg_loss=  2.1518  avg_entropy=0.6389  eval_success=0.880
2026-03-29 17:21:50 | INFO | Episode  451 - Reward: 185.000, Length: 185, Loss: 2.9594, Entropy: 0.6226, Epsilon: 0.010
2026-03-29 17:21:50 | INFO | Episode  452 - Reward: 200.000, Length: 200, Loss: 2.7166, Entropy: 0.6335, Epsilon: 0.010
2026-03-29 17:21:51 | INFO | Episode  453 - Reward: 200.000, Length: 200, Loss: 2.1283, Entropy: 0.6357, Epsilon: 0.010
2026-03-29 17:21:51 | INFO | Episode  454 - Reward: 200.000, Length: 200, Loss: 2.0914, Entropy: 0.6377, Epsilon: 0.010
2026-03-29 17:21:51 | INFO | Episode  455 - Reward: 200.000, Length: 200, Loss: 1.5902, Entropy: 0.6305, Epsilon: 0.010
2026-03-29 17:21:52 | INFO | Episode  456 - Reward: 200.000, Length: 200, Loss: 1.4483, Entropy: 0.6383, Epsilon: 0.010
2026-03-29 17:21:52 | INFO | Episode  457 - Reward: 200.000, Length: 200, Loss: 0.9943, Entropy: 0.6402, Epsilon: 0.010
2026-03-29 17:21:53 | INFO | Episode  458 - Reward: 200.000, Length: 200, Loss: 1.4791, Entropy: 0.6404, Epsilon: 0.010
2026-03-29 17:21:53 | INFO | Episode  459 - Reward: 200.000, Length: 200, Loss: 1.1974, Entropy: 0.6314, Epsilon: 0.010
2026-03-29 17:21:54 | INFO | Episode  460 - Reward: 180.000, Length: 180, Loss: 1.6441, Entropy: 0.6401, Epsilon: 0.010
2026-03-29 17:21:54 | INFO | Episode  461 - Reward: 196.000, Length: 196, Loss: 3.8399, Entropy: 0.6350, Epsilon: 0.010
2026-03-29 17:21:55 | INFO | Episode  462 - Reward: 121.000, Length: 121, Loss: 3.2792, Entropy: 0.6316, Epsilon: 0.010
2026-03-29 17:21:55 | INFO | Episode  463 - Reward: 200.000, Length: 200, Loss: 2.9563, Entropy: 0.6338, Epsilon: 0.010
2026-03-29 17:21:56 | INFO | Episode  464 - Reward: 183.000, Length: 183, Loss: 3.1665, Entropy: 0.6313, Epsilon: 0.010
2026-03-29 17:21:56 | INFO | Episode  465 - Reward: 148.000, Length: 148, Loss: 3.8287, Entropy: 0.6385, Epsilon: 0.010
2026-03-29 17:21:57 | INFO | Episode  466 - Reward: 200.000, Length: 200, Loss: 3.5733, Entropy: 0.6441, Epsilon: 0.010
2026-03-29 17:21:57 | INFO | Episode  467 - Reward: 200.000, Length: 200, Loss: 0.9868, Entropy: 0.6434, Epsilon: 0.010
2026-03-29 17:21:58 | INFO | Episode  468 - Reward: 160.000, Length: 160, Loss: 1.8056, Entropy: 0.6412, Epsilon: 0.010
2026-03-29 17:21:58 | INFO | Episode  469 - Reward: 200.000, Length: 200, Loss: 1.9257, Entropy: 0.6402, Epsilon: 0.010
2026-03-29 17:21:59 | INFO | Episode  470 - Reward: 185.000, Length: 185, Loss: 1.6268, Entropy: 0.6430, Epsilon: 0.010
2026-03-29 17:21:59 | INFO | Episode  471 - Reward: 200.000, Length: 200, Loss: 2.4318, Entropy: 0.6429, Epsilon: 0.010
2026-03-29 17:21:59 | INFO | Episode  472 - Reward: 200.000, Length: 200, Loss: 5.3865, Entropy: 0.6434, Epsilon: 0.010
2026-03-29 17:22:00 | INFO | Episode  473 - Reward: 183.000, Length: 183, Loss: 0.7748, Entropy: 0.6447, Epsilon: 0.010
2026-03-29 17:22:00 | INFO | Episode  474 - Reward: 200.000, Length: 200, Loss: 0.8439, Entropy: 0.6401, Epsilon: 0.010
2026-03-29 17:22:01 | INFO | Episode  475 - Reward: 200.000, Length: 200, Loss: 1.3302, Entropy: 0.6398, Epsilon: 0.010
2026-03-29 17:22:01 | INFO | Episode  476 - Reward: 200.000, Length: 200, Loss: 1.6601, Entropy: 0.6425, Epsilon: 0.010
2026-03-29 17:22:02 | INFO | Episode  477 - Reward: 192.000, Length: 192, Loss: 1.2429, Entropy: 0.6515, Epsilon: 0.010
2026-03-29 17:22:02 | INFO | Episode  478 - Reward: 200.000, Length: 200, Loss: 1.2545, Entropy: 0.6525, Epsilon: 0.010
2026-03-29 17:22:03 | INFO | Episode  479 - Reward: 200.000, Length: 200, Loss: 1.4211, Entropy: 0.6501, Epsilon: 0.010
2026-03-29 17:22:03 | INFO | Episode  480 - Reward: 200.000, Length: 200, Loss: 1.6167, Entropy: 0.6518, Epsilon: 0.010
2026-03-29 17:22:03 | INFO | Episode  481 - Reward: 200.000, Length: 200, Loss: 2.1938, Entropy: 0.6538, Epsilon: 0.010
2026-03-29 17:22:04 | INFO | Episode  482 - Reward: 185.000, Length: 185, Loss: 2.9711, Entropy: 0.6572, Epsilon: 0.010
2026-03-29 17:22:04 | INFO | Episode  483 - Reward: 194.000, Length: 194, Loss: 1.2168, Entropy: 0.6544, Epsilon: 0.010
2026-03-29 17:22:05 | INFO | Episode  484 - Reward: 200.000, Length: 200, Loss: 0.3874, Entropy: 0.6557, Epsilon: 0.010
2026-03-29 17:22:05 | INFO | Episode  485 - Reward: 200.000, Length: 200, Loss: 0.5361, Entropy: 0.6562, Epsilon: 0.010
2026-03-29 17:22:06 | INFO | Episode  486 - Reward: 200.000, Length: 200, Loss: 1.0128, Entropy: 0.6492, Epsilon: 0.010
2026-03-29 17:22:06 | INFO | Episode  487 - Reward: 200.000, Length: 200, Loss: 1.6214, Entropy: 0.6544, Epsilon: 0.010
2026-03-29 17:22:06 | INFO | Episode  488 - Reward: 194.000, Length: 194, Loss: 1.4629, Entropy: 0.6508, Epsilon: 0.010
2026-03-29 17:22:07 | INFO | Episode  489 - Reward: 200.000, Length: 200, Loss: 0.5511, Entropy: 0.6519, Epsilon: 0.010
2026-03-29 17:22:07 | INFO | Episode  490 - Reward: 200.000, Length: 200, Loss: 1.4266, Entropy: 0.6539, Epsilon: 0.010
2026-03-29 17:22:08 | INFO | Episode  491 - Reward: 200.000, Length: 200, Loss: 1.5606, Entropy: 0.6510, Epsilon: 0.010
2026-03-29 17:22:08 | INFO | Episode  492 - Reward: 200.000, Length: 200, Loss: 2.9110, Entropy: 0.6556, Epsilon: 0.010
2026-03-29 17:22:08 | INFO | Episode  493 - Reward: 200.000, Length: 200, Loss: 0.4626, Entropy: 0.6563, Epsilon: 0.010
2026-03-29 17:22:09 | INFO | Episode  494 - Reward: 200.000, Length: 200, Loss: 1.4180, Entropy: 0.6538, Epsilon: 0.010
2026-03-29 17:22:09 | INFO | Episode  495 - Reward: 200.000, Length: 200, Loss: 0.8001, Entropy: 0.6554, Epsilon: 0.010
2026-03-29 17:22:10 | INFO | Episode  496 - Reward: 200.000, Length: 200, Loss: 0.9035, Entropy: 0.6557, Epsilon: 0.010
2026-03-29 17:22:10 | INFO | Episode  497 - Reward: 200.000, Length: 200, Loss: 0.9537, Entropy: 0.6530, Epsilon: 0.010
2026-03-29 17:22:10 | INFO | Episode  498 - Reward: 200.000, Length: 200, Loss: 0.3097, Entropy: 0.6581, Epsilon: 0.010
2026-03-29 17:22:11 | INFO | Episode  499 - Reward: 200.000, Length: 200, Loss: 0.9535, Entropy: 0.6562, Epsilon: 0.010
2026-03-29 17:22:11 | INFO | Episode  500 - Reward: 200.000, Length: 200, Loss: 0.7698, Entropy: 0.6587, Epsilon: 0.010
2026-03-29 17:22:19 | INFO | [Episode  500] eps=0.010  avg_reward= 194.120  avg_length=194.12  avg_loss=  1.7525  avg_entropy=0.6587  eval_success=1.000
2026-03-29 17:22:19 | INFO | DQN+Entropy training: 4m 35.77s
2026-03-29 17:22:51 | INFO | [Final Eval] success=1.000, mean_reward=200.000
