2026-03-29 17:11:54 | INFO | ============================================================
2026-03-29 17:11:54 | INFO | DEVICE / COMPUTE INFORMATION
2026-03-29 17:11:54 | INFO |   JAX backend       : CPU
2026-03-29 17:11:54 | INFO |   Platform          : cpu
2026-03-29 17:11:54 | INFO |   Num devices       : 1
2026-03-29 17:11:54 | INFO |   Device            : TFRT_CPU_0
2026-03-29 17:11:54 | INFO | ============================================================
2026-03-29 17:11:54 | INFO | DQN+Entropy | seed=4, lr=0.01, gamma=0.95, alpha=0.01
2026-03-29 17:11:54 | INFO | Env: cartpole/dense, obs_dim=4, num_actions=2
2026-03-29 17:11:56 | INFO | Episode    1 - Reward: 31.000, Length: 31, Loss: 0.0000, Entropy: 0.0000, Epsilon: 0.998
2026-03-29 17:11:56 | INFO | Episode    2 - Reward: 17.000, Length: 17, Loss: 0.0000, Entropy: 0.0000, Epsilon: 0.995
2026-03-29 17:11:57 | INFO | Episode    3 - Reward: 20.000, Length: 20, Loss: 0.0000, Entropy: 0.0000, Epsilon: 0.993
2026-03-29 17:11:58 | INFO | Episode    4 - Reward: 19.000, Length: 19, Loss: 0.0000, Entropy: 0.0000, Epsilon: 0.990
2026-03-29 17:11:58 | INFO | Episode    5 - Reward: 17.000, Length: 17, Loss: 0.0000, Entropy: 0.0000, Epsilon: 0.988
2026-03-29 17:11:59 | INFO | Episode    6 - Reward: 17.000, Length: 17, Loss: 0.0000, Entropy: 0.0000, Epsilon: 0.985
2026-03-29 17:12:00 | INFO | Episode    7 - Reward: 27.000, Length: 27, Loss: 0.0000, Entropy: 0.0000, Epsilon: 0.983
2026-03-29 17:12:01 | INFO | Episode    8 - Reward: 18.000, Length: 18, Loss: 0.0000, Entropy: 0.0000, Epsilon: 0.980
2026-03-29 17:12:01 | INFO | Episode    9 - Reward: 25.000, Length: 25, Loss: 0.0000, Entropy: 0.0000, Epsilon: 0.978
2026-03-29 17:12:02 | INFO | Episode   10 - Reward: 19.000, Length: 19, Loss: 0.0000, Entropy: 0.0000, Epsilon: 0.975
2026-03-29 17:12:03 | INFO | Episode   11 - Reward: 13.000, Length: 13, Loss: 0.0000, Entropy: 0.0000, Epsilon: 0.973
2026-03-29 17:12:03 | INFO | Episode   12 - Reward: 22.000, Length: 22, Loss: 0.0000, Entropy: 0.0000, Epsilon: 0.970
2026-03-29 17:12:05 | INFO | Episode   13 - Reward: 26.000, Length: 26, Loss: 0.9653, Entropy: 0.6931, Epsilon: 0.968
2026-03-29 17:12:06 | INFO | Episode   14 - Reward: 54.000, Length: 54, Loss: 0.8646, Entropy: 0.6931, Epsilon: 0.965
2026-03-29 17:12:07 | INFO | Episode   15 - Reward: 33.000, Length: 33, Loss: 0.7727, Entropy: 0.6931, Epsilon: 0.963
2026-03-29 17:12:07 | INFO | Episode   16 - Reward: 51.000, Length: 51, Loss: 0.6914, Entropy: 0.6931, Epsilon: 0.960
2026-03-29 17:12:08 | INFO | Episode   17 - Reward: 11.000, Length: 11, Loss: 0.6164, Entropy: 0.6931, Epsilon: 0.958
2026-03-29 17:12:09 | INFO | Episode   18 - Reward: 14.000, Length: 14, Loss: 0.5465, Entropy: 0.6931, Epsilon: 0.955
2026-03-29 17:12:09 | INFO | Episode   19 - Reward: 14.000, Length: 14, Loss: 0.4848, Entropy: 0.6931, Epsilon: 0.953
2026-03-29 17:12:10 | INFO | Episode   20 - Reward: 63.000, Length: 63, Loss: 0.4282, Entropy: 0.6931, Epsilon: 0.951
2026-03-29 17:12:11 | INFO | Episode   21 - Reward: 10.000, Length: 10, Loss: 0.9019, Entropy: 0.6930, Epsilon: 0.948
2026-03-29 17:12:11 | INFO | Episode   22 - Reward: 14.000, Length: 14, Loss: 0.7950, Entropy: 0.6930, Epsilon: 0.946
2026-03-29 17:12:12 | INFO | Episode   23 - Reward: 73.000, Length: 73, Loss: 0.6915, Entropy: 0.6929, Epsilon: 0.943
2026-03-29 17:12:13 | INFO | Episode   24 - Reward: 16.000, Length: 16, Loss: 0.5965, Entropy: 0.6928, Epsilon: 0.941
2026-03-29 17:12:13 | INFO | Episode   25 - Reward: 26.000, Length: 26, Loss: 0.5160, Entropy: 0.6928, Epsilon: 0.938
2026-03-29 17:12:14 | INFO | Episode   26 - Reward: 19.000, Length: 19, Loss: 0.4384, Entropy: 0.6927, Epsilon: 0.936
2026-03-29 17:12:15 | INFO | Episode   27 - Reward: 14.000, Length: 14, Loss: 0.3741, Entropy: 0.6927, Epsilon: 0.933
2026-03-29 17:12:15 | INFO | Episode   28 - Reward: 24.000, Length: 24, Loss: 0.3147, Entropy: 0.6927, Epsilon: 0.931
2026-03-29 17:12:16 | INFO | Episode   29 - Reward: 17.000, Length: 17, Loss: 0.2614, Entropy: 0.6926, Epsilon: 0.928
2026-03-29 17:12:17 | INFO | Episode   30 - Reward: 12.000, Length: 12, Loss: 0.2208, Entropy: 0.6926, Epsilon: 0.926
2026-03-29 17:12:17 | INFO | Episode   31 - Reward: 14.000, Length: 14, Loss: 0.1805, Entropy: 0.6926, Epsilon: 0.923
2026-03-29 17:12:18 | INFO | Episode   32 - Reward: 19.000, Length: 19, Loss: 0.1452, Entropy: 0.6926, Epsilon: 0.921
2026-03-29 17:12:19 | INFO | Episode   33 - Reward: 15.000, Length: 15, Loss: 0.1193, Entropy: 0.6926, Epsilon: 0.918
2026-03-29 17:12:20 | INFO | Episode   34 - Reward: 16.000, Length: 16, Loss: 0.0979, Entropy: 0.6926, Epsilon: 0.916
2026-03-29 17:12:20 | INFO | Episode   35 - Reward: 10.000, Length: 10, Loss: 0.0789, Entropy: 0.6925, Epsilon: 0.913
2026-03-29 17:12:21 | INFO | Episode   36 - Reward: 19.000, Length: 19, Loss: 0.0636, Entropy: 0.6926, Epsilon: 0.911
2026-03-29 17:12:21 | INFO | Episode   37 - Reward: 13.000, Length: 13, Loss: 0.0509, Entropy: 0.6926, Epsilon: 0.908
2026-03-29 17:12:22 | INFO | Episode   38 - Reward: 18.000, Length: 18, Loss: 0.0404, Entropy: 0.6926, Epsilon: 0.906
2026-03-29 17:12:22 | INFO | Episode   39 - Reward: 31.000, Length: 31, Loss: 0.0329, Entropy: 0.6926, Epsilon: 0.903
2026-03-29 17:12:23 | INFO | Episode   40 - Reward: 9.000, Length: 9, Loss: 0.0269, Entropy: 0.6926, Epsilon: 0.901
2026-03-29 17:12:23 | INFO | Episode   41 - Reward: 23.000, Length: 23, Loss: 0.0216, Entropy: 0.6927, Epsilon: 0.899
2026-03-29 17:12:23 | INFO | Episode   42 - Reward: 20.000, Length: 20, Loss: 0.0181, Entropy: 0.6927, Epsilon: 0.896
2026-03-29 17:12:24 | INFO | Episode   43 - Reward: 37.000, Length: 37, Loss: 0.0144, Entropy: 0.6927, Epsilon: 0.894
2026-03-29 17:12:24 | INFO | Episode   44 - Reward: 37.000, Length: 37, Loss: 0.0137, Entropy: 0.6928, Epsilon: 0.891
2026-03-29 17:12:25 | INFO | Episode   45 - Reward: 17.000, Length: 17, Loss: 0.8000, Entropy: 0.6927, Epsilon: 0.889
2026-03-29 17:12:25 | INFO | Episode   46 - Reward: 13.000, Length: 13, Loss: 0.6261, Entropy: 0.6925, Epsilon: 0.886
2026-03-29 17:12:26 | INFO | Episode   47 - Reward: 17.000, Length: 17, Loss: 0.4786, Entropy: 0.6922, Epsilon: 0.884
2026-03-29 17:12:26 | INFO | Episode   48 - Reward: 13.000, Length: 13, Loss: 0.3604, Entropy: 0.6920, Epsilon: 0.881
2026-03-29 17:12:27 | INFO | Episode   49 - Reward: 16.000, Length: 16, Loss: 0.2643, Entropy: 0.6917, Epsilon: 0.879
2026-03-29 17:12:27 | INFO | Episode   50 - Reward: 21.000, Length: 21, Loss: 0.2204, Entropy: 0.6916, Epsilon: 0.876
2026-03-29 17:12:28 | INFO | [Episode   50] eps=0.876  avg_reward=  22.280  avg_length= 22.28  avg_loss=  0.2827  avg_entropy=0.6916  eval_success=0.000
2026-03-29 17:12:29 | INFO | Episode   51 - Reward: 13.000, Length: 13, Loss: 0.1723, Entropy: 0.6915, Epsilon: 0.874
2026-03-29 17:12:29 | INFO | Episode   52 - Reward: 26.000, Length: 26, Loss: 0.1350, Entropy: 0.6915, Epsilon: 0.871
2026-03-29 17:12:29 | INFO | Episode   53 - Reward: 10.000, Length: 10, Loss: 0.1205, Entropy: 0.6915, Epsilon: 0.869
2026-03-29 17:12:30 | INFO | Episode   54 - Reward: 15.000, Length: 15, Loss: 0.1038, Entropy: 0.6916, Epsilon: 0.866
2026-03-29 17:12:30 | INFO | Episode   55 - Reward: 23.000, Length: 23, Loss: 0.1006, Entropy: 0.6917, Epsilon: 0.864
2026-03-29 17:12:31 | INFO | Episode   56 - Reward: 19.000, Length: 19, Loss: 0.0913, Entropy: 0.6919, Epsilon: 0.861
2026-03-29 17:12:31 | INFO | Episode   57 - Reward: 21.000, Length: 21, Loss: 0.0787, Entropy: 0.6919, Epsilon: 0.859
2026-03-29 17:12:32 | INFO | Episode   58 - Reward: 36.000, Length: 36, Loss: 0.0821, Entropy: 0.6921, Epsilon: 0.856
2026-03-29 17:12:32 | INFO | Episode   59 - Reward: 11.000, Length: 11, Loss: 0.0979, Entropy: 0.6922, Epsilon: 0.854
2026-03-29 17:12:32 | INFO | Episode   60 - Reward: 25.000, Length: 25, Loss: 0.0872, Entropy: 0.6923, Epsilon: 0.852
2026-03-29 17:12:33 | INFO | Episode   61 - Reward: 32.000, Length: 32, Loss: 0.0711, Entropy: 0.6924, Epsilon: 0.849
2026-03-29 17:12:33 | INFO | Episode   62 - Reward: 24.000, Length: 24, Loss: 0.0964, Entropy: 0.6926, Epsilon: 0.847
2026-03-29 17:12:34 | INFO | Episode   63 - Reward: 12.000, Length: 12, Loss: 0.0760, Entropy: 0.6926, Epsilon: 0.844
2026-03-29 17:12:34 | INFO | Episode   64 - Reward: 12.000, Length: 12, Loss: 0.0598, Entropy: 0.6926, Epsilon: 0.842
2026-03-29 17:12:35 | INFO | Episode   65 - Reward: 9.000, Length: 9, Loss: 0.0747, Entropy: 0.6927, Epsilon: 0.839
2026-03-29 17:12:35 | INFO | Episode   66 - Reward: 16.000, Length: 16, Loss: 0.0692, Entropy: 0.6927, Epsilon: 0.837
2026-03-29 17:12:36 | INFO | Episode   67 - Reward: 27.000, Length: 27, Loss: 0.0655, Entropy: 0.6927, Epsilon: 0.834
2026-03-29 17:12:36 | INFO | Episode   68 - Reward: 23.000, Length: 23, Loss: 0.0777, Entropy: 0.6928, Epsilon: 0.832
2026-03-29 17:12:37 | INFO | Episode   69 - Reward: 17.000, Length: 17, Loss: 0.0883, Entropy: 0.6927, Epsilon: 0.829
2026-03-29 17:12:37 | INFO | Episode   70 - Reward: 58.000, Length: 58, Loss: 0.0760, Entropy: 0.6928, Epsilon: 0.827
2026-03-29 17:12:37 | INFO | Episode   71 - Reward: 13.000, Length: 13, Loss: 0.7505, Entropy: 0.6924, Epsilon: 0.824
2026-03-29 17:12:38 | INFO | Episode   72 - Reward: 17.000, Length: 17, Loss: 0.5188, Entropy: 0.6919, Epsilon: 0.822
2026-03-29 17:12:38 | INFO | Episode   73 - Reward: 24.000, Length: 24, Loss: 0.3588, Entropy: 0.6915, Epsilon: 0.819
2026-03-29 17:12:39 | INFO | Episode   74 - Reward: 35.000, Length: 35, Loss: 0.2701, Entropy: 0.6915, Epsilon: 0.817
2026-03-29 17:12:39 | INFO | Episode   75 - Reward: 13.000, Length: 13, Loss: 0.2999, Entropy: 0.6917, Epsilon: 0.814
2026-03-29 17:12:40 | INFO | Episode   76 - Reward: 25.000, Length: 25, Loss: 0.2206, Entropy: 0.6920, Epsilon: 0.812
2026-03-29 17:12:40 | INFO | Episode   77 - Reward: 18.000, Length: 18, Loss: 0.1833, Entropy: 0.6921, Epsilon: 0.809
2026-03-29 17:12:41 | INFO | Episode   78 - Reward: 14.000, Length: 14, Loss: 0.2083, Entropy: 0.6924, Epsilon: 0.807
2026-03-29 17:12:41 | INFO | Episode   79 - Reward: 28.000, Length: 28, Loss: 0.2124, Entropy: 0.6925, Epsilon: 0.804
2026-03-29 17:12:42 | INFO | Episode   80 - Reward: 16.000, Length: 16, Loss: 0.1930, Entropy: 0.6927, Epsilon: 0.802
2026-03-29 17:12:42 | INFO | Episode   81 - Reward: 34.000, Length: 34, Loss: 0.2365, Entropy: 0.6928, Epsilon: 0.800
2026-03-29 17:12:43 | INFO | Episode   82 - Reward: 13.000, Length: 13, Loss: 0.1872, Entropy: 0.6928, Epsilon: 0.797
2026-03-29 17:12:43 | INFO | Episode   83 - Reward: 10.000, Length: 10, Loss: 0.1955, Entropy: 0.6928, Epsilon: 0.795
2026-03-29 17:12:43 | INFO | Episode   84 - Reward: 15.000, Length: 15, Loss: 0.2106, Entropy: 0.6928, Epsilon: 0.792
2026-03-29 17:12:44 | INFO | Episode   85 - Reward: 35.000, Length: 35, Loss: 0.2353, Entropy: 0.6929, Epsilon: 0.790
2026-03-29 17:12:44 | INFO | Episode   86 - Reward: 13.000, Length: 13, Loss: 0.2131, Entropy: 0.6929, Epsilon: 0.787
2026-03-29 17:12:45 | INFO | Episode   87 - Reward: 46.000, Length: 46, Loss: 0.1746, Entropy: 0.6929, Epsilon: 0.785
2026-03-29 17:12:45 | INFO | Episode   88 - Reward: 17.000, Length: 17, Loss: 0.1640, Entropy: 0.6929, Epsilon: 0.782
2026-03-29 17:12:46 | INFO | Episode   89 - Reward: 36.000, Length: 36, Loss: 0.2003, Entropy: 0.6930, Epsilon: 0.780
2026-03-29 17:12:46 | INFO | Episode   90 - Reward: 67.000, Length: 67, Loss: 0.1761, Entropy: 0.6930, Epsilon: 0.777
2026-03-29 17:12:47 | INFO | Episode   91 - Reward: 54.000, Length: 54, Loss: 0.7753, Entropy: 0.6929, Epsilon: 0.775
2026-03-29 17:12:47 | INFO | Episode   92 - Reward: 25.000, Length: 25, Loss: 0.5028, Entropy: 0.6928, Epsilon: 0.772
2026-03-29 17:12:48 | INFO | Episode   93 - Reward: 31.000, Length: 31, Loss: 0.4017, Entropy: 0.6928, Epsilon: 0.770
2026-03-29 17:12:48 | INFO | Episode   94 - Reward: 27.000, Length: 27, Loss: 0.3710, Entropy: 0.6928, Epsilon: 0.767
2026-03-29 17:12:49 | INFO | Episode   95 - Reward: 25.000, Length: 25, Loss: 0.3976, Entropy: 0.6929, Epsilon: 0.765
2026-03-29 17:12:49 | INFO | Episode   96 - Reward: 16.000, Length: 16, Loss: 0.3137, Entropy: 0.6929, Epsilon: 0.762
2026-03-29 17:12:50 | INFO | Episode   97 - Reward: 14.000, Length: 14, Loss: 0.3451, Entropy: 0.6929, Epsilon: 0.760
2026-03-29 17:12:50 | INFO | Episode   98 - Reward: 15.000, Length: 15, Loss: 0.4128, Entropy: 0.6929, Epsilon: 0.757
2026-03-29 17:12:51 | INFO | Episode   99 - Reward: 35.000, Length: 35, Loss: 0.3137, Entropy: 0.6930, Epsilon: 0.755
2026-03-29 17:12:51 | INFO | Episode  100 - Reward: 31.000, Length: 31, Loss: 0.4303, Entropy: 0.6930, Epsilon: 0.752
2026-03-29 17:12:57 | INFO | [Episode  100] eps=0.752  avg_reward=  23.820  avg_length= 23.82  avg_loss=  0.2259  avg_entropy=0.6930  eval_success=0.000
2026-03-29 17:12:58 | INFO | Episode  101 - Reward: 54.000, Length: 54, Loss: 0.3404, Entropy: 0.6930, Epsilon: 0.750
2026-03-29 17:12:58 | INFO | Episode  102 - Reward: 18.000, Length: 18, Loss: 0.3005, Entropy: 0.6929, Epsilon: 0.748
2026-03-29 17:12:59 | INFO | Episode  103 - Reward: 16.000, Length: 16, Loss: 0.2899, Entropy: 0.6930, Epsilon: 0.745
2026-03-29 17:12:59 | INFO | Episode  104 - Reward: 12.000, Length: 12, Loss: 0.3439, Entropy: 0.6929, Epsilon: 0.743
2026-03-29 17:12:59 | INFO | Episode  105 - Reward: 35.000, Length: 35, Loss: 0.2820, Entropy: 0.6930, Epsilon: 0.740
2026-03-29 17:13:00 | INFO | Episode  106 - Reward: 28.000, Length: 28, Loss: 0.3715, Entropy: 0.6930, Epsilon: 0.738
2026-03-29 17:13:00 | INFO | Episode  107 - Reward: 88.000, Length: 88, Loss: 0.3640, Entropy: 0.6930, Epsilon: 0.735
2026-03-29 17:13:01 | INFO | Episode  108 - Reward: 50.000, Length: 50, Loss: 0.7749, Entropy: 0.6929, Epsilon: 0.733
2026-03-29 17:13:01 | INFO | Episode  109 - Reward: 15.000, Length: 15, Loss: 0.5358, Entropy: 0.6928, Epsilon: 0.730
2026-03-29 17:13:01 | INFO | Episode  110 - Reward: 20.000, Length: 20, Loss: 0.5127, Entropy: 0.6928, Epsilon: 0.728
2026-03-29 17:13:02 | INFO | Episode  111 - Reward: 28.000, Length: 28, Loss: 0.5196, Entropy: 0.6929, Epsilon: 0.725
2026-03-29 17:13:02 | INFO | Episode  112 - Reward: 13.000, Length: 13, Loss: 0.4197, Entropy: 0.6929, Epsilon: 0.723
2026-03-29 17:13:03 | INFO | Episode  113 - Reward: 31.000, Length: 31, Loss: 0.5501, Entropy: 0.6929, Epsilon: 0.720
2026-03-29 17:13:03 | INFO | Episode  114 - Reward: 98.000, Length: 98, Loss: 0.5143, Entropy: 0.6929, Epsilon: 0.718
2026-03-29 17:13:03 | INFO | Episode  115 - Reward: 89.000, Length: 89, Loss: 0.5340, Entropy: 0.6929, Epsilon: 0.715
2026-03-29 17:13:04 | INFO | Episode  116 - Reward: 57.000, Length: 57, Loss: 0.4195, Entropy: 0.6929, Epsilon: 0.713
2026-03-29 17:13:04 | INFO | Episode  117 - Reward: 22.000, Length: 22, Loss: 0.4225, Entropy: 0.6929, Epsilon: 0.710
2026-03-29 17:13:05 | INFO | Episode  118 - Reward: 21.000, Length: 21, Loss: 0.4673, Entropy: 0.6929, Epsilon: 0.708
2026-03-29 17:13:05 | INFO | Episode  119 - Reward: 16.000, Length: 16, Loss: 0.8291, Entropy: 0.6929, Epsilon: 0.705
2026-03-29 17:13:06 | INFO | Episode  120 - Reward: 11.000, Length: 11, Loss: 0.4730, Entropy: 0.6929, Epsilon: 0.703
2026-03-29 17:13:06 | INFO | Episode  121 - Reward: 63.000, Length: 63, Loss: 0.7079, Entropy: 0.6929, Epsilon: 0.701
2026-03-29 17:13:06 | INFO | Episode  122 - Reward: 68.000, Length: 68, Loss: 0.4347, Entropy: 0.6928, Epsilon: 0.698
2026-03-29 17:13:07 | INFO | Episode  123 - Reward: 61.000, Length: 61, Loss: 0.6574, Entropy: 0.6925, Epsilon: 0.696
2026-03-29 17:13:07 | INFO | Episode  124 - Reward: 13.000, Length: 13, Loss: 0.5911, Entropy: 0.6923, Epsilon: 0.693
2026-03-29 17:13:08 | INFO | Episode  125 - Reward: 10.000, Length: 10, Loss: 0.4435, Entropy: 0.6921, Epsilon: 0.691
2026-03-29 17:13:08 | INFO | Episode  126 - Reward: 20.000, Length: 20, Loss: 0.4734, Entropy: 0.6923, Epsilon: 0.688
2026-03-29 17:13:09 | INFO | Episode  127 - Reward: 16.000, Length: 16, Loss: 0.5337, Entropy: 0.6923, Epsilon: 0.686
2026-03-29 17:13:09 | INFO | Episode  128 - Reward: 10.000, Length: 10, Loss: 0.6810, Entropy: 0.6923, Epsilon: 0.683
2026-03-29 17:13:10 | INFO | Episode  129 - Reward: 23.000, Length: 23, Loss: 0.8491, Entropy: 0.6924, Epsilon: 0.681
2026-03-29 17:13:10 | INFO | Episode  130 - Reward: 16.000, Length: 16, Loss: 0.4927, Entropy: 0.6923, Epsilon: 0.678
2026-03-29 17:13:11 | INFO | Episode  131 - Reward: 9.000, Length: 9, Loss: 0.4981, Entropy: 0.6921, Epsilon: 0.676
2026-03-29 17:13:11 | INFO | Episode  132 - Reward: 12.000, Length: 12, Loss: 0.6338, Entropy: 0.6914, Epsilon: 0.673
2026-03-29 17:13:11 | INFO | Episode  133 - Reward: 17.000, Length: 17, Loss: 0.6876, Entropy: 0.6911, Epsilon: 0.671
2026-03-29 17:13:12 | INFO | Episode  134 - Reward: 17.000, Length: 17, Loss: 0.5083, Entropy: 0.6916, Epsilon: 0.668
2026-03-29 17:13:12 | INFO | Episode  135 - Reward: 29.000, Length: 29, Loss: 0.5103, Entropy: 0.6923, Epsilon: 0.666
2026-03-29 17:13:13 | INFO | Episode  136 - Reward: 17.000, Length: 17, Loss: 0.6493, Entropy: 0.6922, Epsilon: 0.663
2026-03-29 17:13:13 | INFO | Episode  137 - Reward: 10.000, Length: 10, Loss: 0.5717, Entropy: 0.6918, Epsilon: 0.661
2026-03-29 17:13:14 | INFO | Episode  138 - Reward: 13.000, Length: 13, Loss: 0.5506, Entropy: 0.6914, Epsilon: 0.658
2026-03-29 17:13:14 | INFO | Episode  139 - Reward: 38.000, Length: 38, Loss: 0.5602, Entropy: 0.6912, Epsilon: 0.656
2026-03-29 17:13:14 | INFO | Episode  140 - Reward: 12.000, Length: 12, Loss: 0.6417, Entropy: 0.6912, Epsilon: 0.653
2026-03-29 17:13:15 | INFO | Episode  141 - Reward: 30.000, Length: 30, Loss: 0.9446, Entropy: 0.6920, Epsilon: 0.651
2026-03-29 17:13:15 | INFO | Episode  142 - Reward: 25.000, Length: 25, Loss: 0.8602, Entropy: 0.6920, Epsilon: 0.649
2026-03-29 17:13:16 | INFO | Episode  143 - Reward: 17.000, Length: 17, Loss: 1.0826, Entropy: 0.6920, Epsilon: 0.646
2026-03-29 17:13:16 | INFO | Episode  144 - Reward: 30.000, Length: 30, Loss: 0.8631, Entropy: 0.6924, Epsilon: 0.644
2026-03-29 17:13:17 | INFO | Episode  145 - Reward: 15.000, Length: 15, Loss: 0.8187, Entropy: 0.6926, Epsilon: 0.641
2026-03-29 17:13:17 | INFO | Episode  146 - Reward: 11.000, Length: 11, Loss: 0.8756, Entropy: 0.6924, Epsilon: 0.639
2026-03-29 17:13:17 | INFO | Episode  147 - Reward: 25.000, Length: 25, Loss: 0.9092, Entropy: 0.6926, Epsilon: 0.636
2026-03-29 17:13:18 | INFO | Episode  148 - Reward: 68.000, Length: 68, Loss: 0.8366, Entropy: 0.6928, Epsilon: 0.634
2026-03-29 17:13:18 | INFO | Episode  149 - Reward: 45.000, Length: 45, Loss: 0.9106, Entropy: 0.6927, Epsilon: 0.631
2026-03-29 17:13:19 | INFO | Episode  150 - Reward: 96.000, Length: 96, Loss: 0.7986, Entropy: 0.6928, Epsilon: 0.629
2026-03-29 17:13:21 | INFO | [Episode  150] eps=0.629  avg_reward=  31.160  avg_length= 31.16  avg_loss=  0.5968  avg_entropy=0.6928  eval_success=0.000
2026-03-29 17:13:21 | INFO | Episode  151 - Reward: 34.000, Length: 34, Loss: 0.6878, Entropy: 0.6928, Epsilon: 0.626
2026-03-29 17:13:22 | INFO | Episode  152 - Reward: 34.000, Length: 34, Loss: 0.8102, Entropy: 0.6925, Epsilon: 0.624
2026-03-29 17:13:22 | INFO | Episode  153 - Reward: 12.000, Length: 12, Loss: 0.7205, Entropy: 0.6922, Epsilon: 0.621
2026-03-29 17:13:22 | INFO | Episode  154 - Reward: 15.000, Length: 15, Loss: 0.9341, Entropy: 0.6924, Epsilon: 0.619
2026-03-29 17:13:23 | INFO | Episode  155 - Reward: 23.000, Length: 23, Loss: 0.8565, Entropy: 0.6926, Epsilon: 0.616
2026-03-29 17:13:23 | INFO | Episode  156 - Reward: 24.000, Length: 24, Loss: 0.9589, Entropy: 0.6927, Epsilon: 0.614
2026-03-29 17:13:24 | INFO | Episode  157 - Reward: 10.000, Length: 10, Loss: 0.9506, Entropy: 0.6927, Epsilon: 0.611
2026-03-29 17:13:24 | INFO | Episode  158 - Reward: 12.000, Length: 12, Loss: 0.9178, Entropy: 0.6923, Epsilon: 0.609
2026-03-29 17:13:25 | INFO | Episode  159 - Reward: 12.000, Length: 12, Loss: 0.9343, Entropy: 0.6922, Epsilon: 0.606
2026-03-29 17:13:25 | INFO | Episode  160 - Reward: 10.000, Length: 10, Loss: 1.0594, Entropy: 0.6926, Epsilon: 0.604
2026-03-29 17:13:26 | INFO | Episode  161 - Reward: 21.000, Length: 21, Loss: 0.9740, Entropy: 0.6926, Epsilon: 0.602
2026-03-29 17:13:26 | INFO | Episode  162 - Reward: 70.000, Length: 70, Loss: 1.0252, Entropy: 0.6926, Epsilon: 0.599
2026-03-29 17:13:26 | INFO | Episode  163 - Reward: 66.000, Length: 66, Loss: 1.1029, Entropy: 0.6927, Epsilon: 0.597
2026-03-29 17:13:27 | INFO | Episode  164 - Reward: 35.000, Length: 35, Loss: 1.0051, Entropy: 0.6926, Epsilon: 0.594
2026-03-29 17:13:27 | INFO | Episode  165 - Reward: 67.000, Length: 67, Loss: 1.0003, Entropy: 0.6923, Epsilon: 0.592
2026-03-29 17:13:28 | INFO | Episode  166 - Reward: 23.000, Length: 23, Loss: 0.7932, Entropy: 0.6922, Epsilon: 0.589
2026-03-29 17:13:28 | INFO | Episode  167 - Reward: 36.000, Length: 36, Loss: 1.1356, Entropy: 0.6924, Epsilon: 0.587
2026-03-29 17:13:29 | INFO | Episode  168 - Reward: 27.000, Length: 27, Loss: 0.8315, Entropy: 0.6922, Epsilon: 0.584
2026-03-29 17:13:29 | INFO | Episode  169 - Reward: 38.000, Length: 38, Loss: 0.9565, Entropy: 0.6925, Epsilon: 0.582
2026-03-29 17:13:29 | INFO | Episode  170 - Reward: 20.000, Length: 20, Loss: 1.1051, Entropy: 0.6925, Epsilon: 0.579
2026-03-29 17:13:30 | INFO | Episode  171 - Reward: 51.000, Length: 51, Loss: 1.0843, Entropy: 0.6925, Epsilon: 0.577
2026-03-29 17:13:30 | INFO | Episode  172 - Reward: 43.000, Length: 43, Loss: 1.3782, Entropy: 0.6925, Epsilon: 0.574
2026-03-29 17:13:31 | INFO | Episode  173 - Reward: 19.000, Length: 19, Loss: 1.1022, Entropy: 0.6925, Epsilon: 0.572
2026-03-29 17:13:31 | INFO | Episode  174 - Reward: 27.000, Length: 27, Loss: 1.4054, Entropy: 0.6924, Epsilon: 0.569
2026-03-29 17:13:32 | INFO | Episode  175 - Reward: 65.000, Length: 65, Loss: 0.8622, Entropy: 0.6925, Epsilon: 0.567
2026-03-29 17:13:32 | INFO | Episode  176 - Reward: 38.000, Length: 38, Loss: 0.9724, Entropy: 0.6924, Epsilon: 0.564
2026-03-29 17:13:33 | INFO | Episode  177 - Reward: 33.000, Length: 33, Loss: 0.9391, Entropy: 0.6923, Epsilon: 0.562
2026-03-29 17:13:33 | INFO | Episode  178 - Reward: 174.000, Length: 174, Loss: 1.1429, Entropy: 0.6923, Epsilon: 0.559
2026-03-29 17:13:34 | INFO | Episode  179 - Reward: 46.000, Length: 46, Loss: 0.8844, Entropy: 0.6922, Epsilon: 0.557
2026-03-29 17:13:34 | INFO | Episode  180 - Reward: 24.000, Length: 24, Loss: 0.7610, Entropy: 0.6916, Epsilon: 0.554
2026-03-29 17:13:35 | INFO | Episode  181 - Reward: 16.000, Length: 16, Loss: 0.9634, Entropy: 0.6918, Epsilon: 0.552
2026-03-29 17:13:35 | INFO | Episode  182 - Reward: 21.000, Length: 21, Loss: 0.8075, Entropy: 0.6912, Epsilon: 0.550
2026-03-29 17:13:35 | INFO | Episode  183 - Reward: 20.000, Length: 20, Loss: 0.9772, Entropy: 0.6910, Epsilon: 0.547
2026-03-29 17:13:36 | INFO | Episode  184 - Reward: 15.000, Length: 15, Loss: 1.3874, Entropy: 0.6910, Epsilon: 0.545
2026-03-29 17:13:36 | INFO | Episode  185 - Reward: 17.000, Length: 17, Loss: 1.3277, Entropy: 0.6913, Epsilon: 0.542
2026-03-29 17:13:37 | INFO | Episode  186 - Reward: 21.000, Length: 21, Loss: 1.3989, Entropy: 0.6920, Epsilon: 0.540
2026-03-29 17:13:37 | INFO | Episode  187 - Reward: 103.000, Length: 103, Loss: 0.9065, Entropy: 0.6919, Epsilon: 0.537
2026-03-29 17:13:38 | INFO | Episode  188 - Reward: 67.000, Length: 67, Loss: 0.9674, Entropy: 0.6912, Epsilon: 0.535
2026-03-29 17:13:38 | INFO | Episode  189 - Reward: 19.000, Length: 19, Loss: 1.4704, Entropy: 0.6914, Epsilon: 0.532
2026-03-29 17:13:38 | INFO | Episode  190 - Reward: 52.000, Length: 52, Loss: 1.1648, Entropy: 0.6915, Epsilon: 0.530
2026-03-29 17:13:39 | INFO | Episode  191 - Reward: 20.000, Length: 20, Loss: 1.3653, Entropy: 0.6909, Epsilon: 0.527
2026-03-29 17:13:39 | INFO | Episode  192 - Reward: 24.000, Length: 24, Loss: 1.3783, Entropy: 0.6905, Epsilon: 0.525
2026-03-29 17:13:40 | INFO | Episode  193 - Reward: 19.000, Length: 19, Loss: 1.4344, Entropy: 0.6911, Epsilon: 0.522
2026-03-29 17:13:40 | INFO | Episode  194 - Reward: 27.000, Length: 27, Loss: 1.3806, Entropy: 0.6908, Epsilon: 0.520
2026-03-29 17:13:41 | INFO | Episode  195 - Reward: 38.000, Length: 38, Loss: 1.1601, Entropy: 0.6908, Epsilon: 0.517
2026-03-29 17:13:41 | INFO | Episode  196 - Reward: 15.000, Length: 15, Loss: 1.2703, Entropy: 0.6899, Epsilon: 0.515
2026-03-29 17:13:41 | INFO | Episode  197 - Reward: 13.000, Length: 13, Loss: 1.0776, Entropy: 0.6905, Epsilon: 0.512
2026-03-29 17:13:42 | INFO | Episode  198 - Reward: 90.000, Length: 90, Loss: 1.1421, Entropy: 0.6916, Epsilon: 0.510
2026-03-29 17:13:42 | INFO | Episode  199 - Reward: 131.000, Length: 131, Loss: 1.1450, Entropy: 0.6916, Epsilon: 0.507
2026-03-29 17:13:43 | INFO | Episode  200 - Reward: 56.000, Length: 56, Loss: 1.2225, Entropy: 0.6909, Epsilon: 0.505
2026-03-29 17:13:44 | INFO | [Episode  200] eps=0.505  avg_reward=  37.860  avg_length= 37.86  avg_loss=  1.0648  avg_entropy=0.6909  eval_success=0.000
2026-03-29 17:13:44 | INFO | Episode  201 - Reward: 18.000, Length: 18, Loss: 1.4561, Entropy: 0.6897, Epsilon: 0.503
2026-03-29 17:13:45 | INFO | Episode  202 - Reward: 13.000, Length: 13, Loss: 1.2676, Entropy: 0.6903, Epsilon: 0.500
2026-03-29 17:13:45 | INFO | Episode  203 - Reward: 33.000, Length: 33, Loss: 1.8765, Entropy: 0.6908, Epsilon: 0.498
2026-03-29 17:13:46 | INFO | Episode  204 - Reward: 15.000, Length: 15, Loss: 1.3920, Entropy: 0.6915, Epsilon: 0.495
2026-03-29 17:13:46 | INFO | Episode  205 - Reward: 71.000, Length: 71, Loss: 1.2708, Entropy: 0.6911, Epsilon: 0.493
2026-03-29 17:13:47 | INFO | Episode  206 - Reward: 45.000, Length: 45, Loss: 0.9560, Entropy: 0.6901, Epsilon: 0.490
2026-03-29 17:13:47 | INFO | Episode  207 - Reward: 16.000, Length: 16, Loss: 1.1643, Entropy: 0.6903, Epsilon: 0.488
2026-03-29 17:13:47 | INFO | Episode  208 - Reward: 148.000, Length: 148, Loss: 1.2453, Entropy: 0.6894, Epsilon: 0.485
2026-03-29 17:13:48 | INFO | Episode  209 - Reward: 20.000, Length: 20, Loss: 1.4364, Entropy: 0.6903, Epsilon: 0.483
2026-03-29 17:13:48 | INFO | Episode  210 - Reward: 26.000, Length: 26, Loss: 1.2862, Entropy: 0.6911, Epsilon: 0.480
2026-03-29 17:13:49 | INFO | Episode  211 - Reward: 69.000, Length: 69, Loss: 1.7391, Entropy: 0.6900, Epsilon: 0.478
2026-03-29 17:13:49 | INFO | Episode  212 - Reward: 22.000, Length: 22, Loss: 1.6808, Entropy: 0.6900, Epsilon: 0.475
2026-03-29 17:13:50 | INFO | Episode  213 - Reward: 35.000, Length: 35, Loss: 1.6193, Entropy: 0.6905, Epsilon: 0.473
2026-03-29 17:13:50 | INFO | Episode  214 - Reward: 33.000, Length: 33, Loss: 1.4192, Entropy: 0.6897, Epsilon: 0.470
2026-03-29 17:13:50 | INFO | Episode  215 - Reward: 40.000, Length: 40, Loss: 1.2775, Entropy: 0.6901, Epsilon: 0.468
2026-03-29 17:13:51 | INFO | Episode  216 - Reward: 18.000, Length: 18, Loss: 1.4642, Entropy: 0.6907, Epsilon: 0.465
2026-03-29 17:13:51 | INFO | Episode  217 - Reward: 55.000, Length: 55, Loss: 1.6276, Entropy: 0.6904, Epsilon: 0.463
2026-03-29 17:13:52 | INFO | Episode  218 - Reward: 84.000, Length: 84, Loss: 1.6421, Entropy: 0.6903, Epsilon: 0.460
2026-03-29 17:13:52 | INFO | Episode  219 - Reward: 25.000, Length: 25, Loss: 1.5675, Entropy: 0.6900, Epsilon: 0.458
2026-03-29 17:13:52 | INFO | Episode  220 - Reward: 26.000, Length: 26, Loss: 1.4776, Entropy: 0.6902, Epsilon: 0.456
2026-03-29 17:13:53 | INFO | Episode  221 - Reward: 96.000, Length: 96, Loss: 1.4472, Entropy: 0.6892, Epsilon: 0.453
2026-03-29 17:13:53 | INFO | Episode  222 - Reward: 104.000, Length: 104, Loss: 1.3371, Entropy: 0.6885, Epsilon: 0.451
2026-03-29 17:13:54 | INFO | Episode  223 - Reward: 32.000, Length: 32, Loss: 1.2237, Entropy: 0.6891, Epsilon: 0.448
2026-03-29 17:13:54 | INFO | Episode  224 - Reward: 51.000, Length: 51, Loss: 1.3731, Entropy: 0.6884, Epsilon: 0.446
2026-03-29 17:13:55 | INFO | Episode  225 - Reward: 32.000, Length: 32, Loss: 1.3911, Entropy: 0.6881, Epsilon: 0.443
2026-03-29 17:13:55 | INFO | Episode  226 - Reward: 32.000, Length: 32, Loss: 1.8016, Entropy: 0.6884, Epsilon: 0.441
2026-03-29 17:13:56 | INFO | Episode  227 - Reward: 72.000, Length: 72, Loss: 1.5178, Entropy: 0.6883, Epsilon: 0.438
2026-03-29 17:13:56 | INFO | Episode  228 - Reward: 90.000, Length: 90, Loss: 1.3325, Entropy: 0.6880, Epsilon: 0.436
2026-03-29 17:13:57 | INFO | Episode  229 - Reward: 24.000, Length: 24, Loss: 1.7049, Entropy: 0.6887, Epsilon: 0.433
2026-03-29 17:13:57 | INFO | Episode  230 - Reward: 49.000, Length: 49, Loss: 1.6688, Entropy: 0.6881, Epsilon: 0.431
2026-03-29 17:13:58 | INFO | Episode  231 - Reward: 77.000, Length: 77, Loss: 1.4735, Entropy: 0.6886, Epsilon: 0.428
2026-03-29 17:13:58 | INFO | Episode  232 - Reward: 85.000, Length: 85, Loss: 1.9904, Entropy: 0.6886, Epsilon: 0.426
2026-03-29 17:13:59 | INFO | Episode  233 - Reward: 66.000, Length: 66, Loss: 1.3801, Entropy: 0.6885, Epsilon: 0.423
2026-03-29 17:13:59 | INFO | Episode  234 - Reward: 58.000, Length: 58, Loss: 1.5138, Entropy: 0.6883, Epsilon: 0.421
2026-03-29 17:13:59 | INFO | Episode  235 - Reward: 77.000, Length: 77, Loss: 1.7707, Entropy: 0.6888, Epsilon: 0.418
2026-03-29 17:14:00 | INFO | Episode  236 - Reward: 84.000, Length: 84, Loss: 2.0575, Entropy: 0.6879, Epsilon: 0.416
2026-03-29 17:14:00 | INFO | Episode  237 - Reward: 33.000, Length: 33, Loss: 1.5428, Entropy: 0.6871, Epsilon: 0.413
2026-03-29 17:14:01 | INFO | Episode  238 - Reward: 86.000, Length: 86, Loss: 1.4884, Entropy: 0.6872, Epsilon: 0.411
2026-03-29 17:14:01 | INFO | Episode  239 - Reward: 127.000, Length: 127, Loss: 1.7921, Entropy: 0.6871, Epsilon: 0.408
2026-03-29 17:14:02 | INFO | Episode  240 - Reward: 29.000, Length: 29, Loss: 1.6122, Entropy: 0.6869, Epsilon: 0.406
2026-03-29 17:14:02 | INFO | Episode  241 - Reward: 57.000, Length: 57, Loss: 1.4151, Entropy: 0.6872, Epsilon: 0.404
2026-03-29 17:14:02 | INFO | Episode  242 - Reward: 33.000, Length: 33, Loss: 1.2062, Entropy: 0.6867, Epsilon: 0.401
2026-03-29 17:14:03 | INFO | Episode  243 - Reward: 52.000, Length: 52, Loss: 1.5154, Entropy: 0.6866, Epsilon: 0.399
2026-03-29 17:14:03 | INFO | Episode  244 - Reward: 53.000, Length: 53, Loss: 1.6121, Entropy: 0.6862, Epsilon: 0.396
2026-03-29 17:14:04 | INFO | Episode  245 - Reward: 90.000, Length: 90, Loss: 2.1196, Entropy: 0.6863, Epsilon: 0.394
2026-03-29 17:14:04 | INFO | Episode  246 - Reward: 53.000, Length: 53, Loss: 2.0849, Entropy: 0.6852, Epsilon: 0.391
2026-03-29 17:14:04 | INFO | Episode  247 - Reward: 16.000, Length: 16, Loss: 1.9280, Entropy: 0.6857, Epsilon: 0.389
2026-03-29 17:14:05 | INFO | Episode  248 - Reward: 89.000, Length: 89, Loss: 1.2471, Entropy: 0.6849, Epsilon: 0.386
2026-03-29 17:14:05 | INFO | Episode  249 - Reward: 27.000, Length: 27, Loss: 1.4091, Entropy: 0.6849, Epsilon: 0.384
2026-03-29 17:14:06 | INFO | Episode  250 - Reward: 59.000, Length: 59, Loss: 2.6359, Entropy: 0.6845, Epsilon: 0.381
2026-03-29 17:14:09 | INFO | [Episode  250] eps=0.381  avg_reward=  52.900  avg_length= 52.90  avg_loss=  1.5492  avg_entropy=0.6845  eval_success=0.000
2026-03-29 17:14:09 | INFO | Episode  251 - Reward: 109.000, Length: 109, Loss: 2.0998, Entropy: 0.6845, Epsilon: 0.379
2026-03-29 17:14:09 | INFO | Episode  252 - Reward: 42.000, Length: 42, Loss: 2.0071, Entropy: 0.6833, Epsilon: 0.376
2026-03-29 17:14:10 | INFO | Episode  253 - Reward: 102.000, Length: 102, Loss: 1.2093, Entropy: 0.6840, Epsilon: 0.374
2026-03-29 17:14:10 | INFO | Episode  254 - Reward: 123.000, Length: 123, Loss: 1.6591, Entropy: 0.6820, Epsilon: 0.371
2026-03-29 17:14:11 | INFO | Episode  255 - Reward: 32.000, Length: 32, Loss: 1.7323, Entropy: 0.6828, Epsilon: 0.369
2026-03-29 17:14:11 | INFO | Episode  256 - Reward: 77.000, Length: 77, Loss: 1.4454, Entropy: 0.6830, Epsilon: 0.366
2026-03-29 17:14:12 | INFO | Episode  257 - Reward: 55.000, Length: 55, Loss: 1.8194, Entropy: 0.6821, Epsilon: 0.364
2026-03-29 17:14:12 | INFO | Episode  258 - Reward: 54.000, Length: 54, Loss: 1.4504, Entropy: 0.6828, Epsilon: 0.361
2026-03-29 17:14:13 | INFO | Episode  259 - Reward: 24.000, Length: 24, Loss: 1.3509, Entropy: 0.6830, Epsilon: 0.359
2026-03-29 17:14:13 | INFO | Episode  260 - Reward: 96.000, Length: 96, Loss: 1.6233, Entropy: 0.6827, Epsilon: 0.357
2026-03-29 17:14:13 | INFO | Episode  261 - Reward: 31.000, Length: 31, Loss: 1.9913, Entropy: 0.6837, Epsilon: 0.354
2026-03-29 17:14:14 | INFO | Episode  262 - Reward: 74.000, Length: 74, Loss: 2.0307, Entropy: 0.6814, Epsilon: 0.352
2026-03-29 17:14:14 | INFO | Episode  263 - Reward: 41.000, Length: 41, Loss: 2.3156, Entropy: 0.6813, Epsilon: 0.349
2026-03-29 17:14:15 | INFO | Episode  264 - Reward: 44.000, Length: 44, Loss: 1.4725, Entropy: 0.6813, Epsilon: 0.347
2026-03-29 17:14:15 | INFO | Episode  265 - Reward: 80.000, Length: 80, Loss: 2.4331, Entropy: 0.6810, Epsilon: 0.344
2026-03-29 17:14:16 | INFO | Episode  266 - Reward: 59.000, Length: 59, Loss: 2.1929, Entropy: 0.6798, Epsilon: 0.342
2026-03-29 17:14:16 | INFO | Episode  267 - Reward: 72.000, Length: 72, Loss: 1.4168, Entropy: 0.6799, Epsilon: 0.339
2026-03-29 17:14:17 | INFO | Episode  268 - Reward: 58.000, Length: 58, Loss: 1.8897, Entropy: 0.6784, Epsilon: 0.337
2026-03-29 17:14:17 | INFO | Episode  269 - Reward: 45.000, Length: 45, Loss: 2.0838, Entropy: 0.6786, Epsilon: 0.334
2026-03-29 17:14:18 | INFO | Episode  270 - Reward: 80.000, Length: 80, Loss: 2.0381, Entropy: 0.6777, Epsilon: 0.332
2026-03-29 17:14:19 | INFO | Episode  271 - Reward: 95.000, Length: 95, Loss: 2.0809, Entropy: 0.6770, Epsilon: 0.329
2026-03-29 17:14:19 | INFO | Episode  272 - Reward: 80.000, Length: 80, Loss: 1.8747, Entropy: 0.6757, Epsilon: 0.327
2026-03-29 17:14:20 | INFO | Episode  273 - Reward: 34.000, Length: 34, Loss: 1.5672, Entropy: 0.6764, Epsilon: 0.324
2026-03-29 17:14:20 | INFO | Episode  274 - Reward: 107.000, Length: 107, Loss: 1.3233, Entropy: 0.6776, Epsilon: 0.322
2026-03-29 17:14:21 | INFO | Episode  275 - Reward: 121.000, Length: 121, Loss: 2.2812, Entropy: 0.6757, Epsilon: 0.319
2026-03-29 17:14:22 | INFO | Episode  276 - Reward: 47.000, Length: 47, Loss: 2.5277, Entropy: 0.6723, Epsilon: 0.317
2026-03-29 17:14:22 | INFO | Episode  277 - Reward: 34.000, Length: 34, Loss: 2.4067, Entropy: 0.6758, Epsilon: 0.314
2026-03-29 17:14:23 | INFO | Episode  278 - Reward: 63.000, Length: 63, Loss: 1.3761, Entropy: 0.6766, Epsilon: 0.312
2026-03-29 17:14:23 | INFO | Episode  279 - Reward: 81.000, Length: 81, Loss: 2.4937, Entropy: 0.6745, Epsilon: 0.309
2026-03-29 17:14:24 | INFO | Episode  280 - Reward: 45.000, Length: 45, Loss: 2.0411, Entropy: 0.6757, Epsilon: 0.307
2026-03-29 17:14:25 | INFO | Episode  281 - Reward: 41.000, Length: 41, Loss: 1.6668, Entropy: 0.6747, Epsilon: 0.305
2026-03-29 17:14:25 | INFO | Episode  282 - Reward: 102.000, Length: 102, Loss: 2.5382, Entropy: 0.6717, Epsilon: 0.302
2026-03-29 17:14:26 | INFO | Episode  283 - Reward: 49.000, Length: 49, Loss: 1.6052, Entropy: 0.6715, Epsilon: 0.300
2026-03-29 17:14:26 | INFO | Episode  284 - Reward: 34.000, Length: 34, Loss: 1.3794, Entropy: 0.6736, Epsilon: 0.297
2026-03-29 17:14:27 | INFO | Episode  285 - Reward: 83.000, Length: 83, Loss: 1.8979, Entropy: 0.6706, Epsilon: 0.295
2026-03-29 17:14:28 | INFO | Episode  286 - Reward: 160.000, Length: 160, Loss: 2.3277, Entropy: 0.6697, Epsilon: 0.292
2026-03-29 17:14:29 | INFO | Episode  287 - Reward: 36.000, Length: 36, Loss: 1.6544, Entropy: 0.6702, Epsilon: 0.290
2026-03-29 17:14:29 | INFO | Episode  288 - Reward: 68.000, Length: 68, Loss: 1.8507, Entropy: 0.6688, Epsilon: 0.287
2026-03-29 17:14:30 | INFO | Episode  289 - Reward: 28.000, Length: 28, Loss: 2.1038, Entropy: 0.6674, Epsilon: 0.285
2026-03-29 17:14:31 | INFO | Episode  290 - Reward: 72.000, Length: 72, Loss: 2.4953, Entropy: 0.6673, Epsilon: 0.282
2026-03-29 17:14:31 | INFO | Episode  291 - Reward: 86.000, Length: 86, Loss: 2.4461, Entropy: 0.6660, Epsilon: 0.280
2026-03-29 17:14:32 | INFO | Episode  292 - Reward: 84.000, Length: 84, Loss: 2.6483, Entropy: 0.6656, Epsilon: 0.277
2026-03-29 17:14:32 | INFO | Episode  293 - Reward: 45.000, Length: 45, Loss: 3.0123, Entropy: 0.6671, Epsilon: 0.275
2026-03-29 17:14:33 | INFO | Episode  294 - Reward: 53.000, Length: 53, Loss: 1.5716, Entropy: 0.6679, Epsilon: 0.272
2026-03-29 17:14:33 | INFO | Episode  295 - Reward: 50.000, Length: 50, Loss: 1.4732, Entropy: 0.6644, Epsilon: 0.270
2026-03-29 17:14:34 | INFO | Episode  296 - Reward: 76.000, Length: 76, Loss: 1.5621, Entropy: 0.6644, Epsilon: 0.267
2026-03-29 17:14:35 | INFO | Episode  297 - Reward: 76.000, Length: 76, Loss: 2.0302, Entropy: 0.6633, Epsilon: 0.265
2026-03-29 17:14:35 | INFO | Episode  298 - Reward: 30.000, Length: 30, Loss: 2.0466, Entropy: 0.6629, Epsilon: 0.262
2026-03-29 17:14:36 | INFO | Episode  299 - Reward: 64.000, Length: 64, Loss: 1.9632, Entropy: 0.6602, Epsilon: 0.260
2026-03-29 17:14:37 | INFO | Episode  300 - Reward: 41.000, Length: 41, Loss: 2.7358, Entropy: 0.6606, Epsilon: 0.258
2026-03-29 17:14:47 | INFO | [Episode  300] eps=0.258  avg_reward=  65.660  avg_length= 65.66  avg_loss=  1.9449  avg_entropy=0.6606  eval_success=0.160
2026-03-29 17:14:47 | INFO | Episode  301 - Reward: 121.000, Length: 121, Loss: 1.4547, Entropy: 0.6607, Epsilon: 0.255
2026-03-29 17:14:48 | INFO | Episode  302 - Reward: 86.000, Length: 86, Loss: 2.4973, Entropy: 0.6568, Epsilon: 0.253
2026-03-29 17:14:49 | INFO | Episode  303 - Reward: 144.000, Length: 144, Loss: 1.7521, Entropy: 0.6588, Epsilon: 0.250
2026-03-29 17:14:49 | INFO | Episode  304 - Reward: 97.000, Length: 97, Loss: 2.2828, Entropy: 0.6583, Epsilon: 0.248
2026-03-29 17:14:50 | INFO | Episode  305 - Reward: 55.000, Length: 55, Loss: 2.4498, Entropy: 0.6592, Epsilon: 0.245
2026-03-29 17:14:51 | INFO | Episode  306 - Reward: 92.000, Length: 92, Loss: 2.5733, Entropy: 0.6539, Epsilon: 0.243
2026-03-29 17:14:51 | INFO | Episode  307 - Reward: 61.000, Length: 61, Loss: 3.0651, Entropy: 0.6538, Epsilon: 0.240
2026-03-29 17:14:52 | INFO | Episode  308 - Reward: 48.000, Length: 48, Loss: 2.4880, Entropy: 0.6534, Epsilon: 0.238
2026-03-29 17:14:53 | INFO | Episode  309 - Reward: 82.000, Length: 82, Loss: 2.9463, Entropy: 0.6544, Epsilon: 0.235
2026-03-29 17:14:53 | INFO | Episode  310 - Reward: 46.000, Length: 46, Loss: 1.9142, Entropy: 0.6579, Epsilon: 0.233
2026-03-29 17:14:54 | INFO | Episode  311 - Reward: 81.000, Length: 81, Loss: 1.8594, Entropy: 0.6562, Epsilon: 0.230
2026-03-29 17:14:54 | INFO | Episode  312 - Reward: 85.000, Length: 85, Loss: 2.6656, Entropy: 0.6540, Epsilon: 0.228
2026-03-29 17:14:55 | INFO | Episode  313 - Reward: 88.000, Length: 88, Loss: 1.3789, Entropy: 0.6557, Epsilon: 0.225
2026-03-29 17:14:56 | INFO | Episode  314 - Reward: 58.000, Length: 58, Loss: 1.8838, Entropy: 0.6558, Epsilon: 0.223
2026-03-29 17:14:56 | INFO | Episode  315 - Reward: 42.000, Length: 42, Loss: 2.0896, Entropy: 0.6507, Epsilon: 0.220
2026-03-29 17:14:57 | INFO | Episode  316 - Reward: 51.000, Length: 51, Loss: 2.3216, Entropy: 0.6503, Epsilon: 0.218
2026-03-29 17:14:58 | INFO | Episode  317 - Reward: 78.000, Length: 78, Loss: 2.5378, Entropy: 0.6543, Epsilon: 0.215
2026-03-29 17:14:58 | INFO | Episode  318 - Reward: 156.000, Length: 156, Loss: 1.5778, Entropy: 0.6558, Epsilon: 0.213
2026-03-29 17:14:59 | INFO | Episode  319 - Reward: 128.000, Length: 128, Loss: 2.5533, Entropy: 0.6528, Epsilon: 0.210
2026-03-29 17:14:59 | INFO | Episode  320 - Reward: 87.000, Length: 87, Loss: 2.0599, Entropy: 0.6502, Epsilon: 0.208
2026-03-29 17:15:00 | INFO | Episode  321 - Reward: 75.000, Length: 75, Loss: 2.5100, Entropy: 0.6503, Epsilon: 0.206
2026-03-29 17:15:00 | INFO | Episode  322 - Reward: 79.000, Length: 79, Loss: 2.7746, Entropy: 0.6503, Epsilon: 0.203
2026-03-29 17:15:01 | INFO | Episode  323 - Reward: 65.000, Length: 65, Loss: 2.1016, Entropy: 0.6483, Epsilon: 0.201
2026-03-29 17:15:02 | INFO | Episode  324 - Reward: 158.000, Length: 158, Loss: 2.7021, Entropy: 0.6484, Epsilon: 0.198
2026-03-29 17:15:02 | INFO | Episode  325 - Reward: 89.000, Length: 89, Loss: 1.7869, Entropy: 0.6473, Epsilon: 0.196
2026-03-29 17:15:03 | INFO | Episode  326 - Reward: 98.000, Length: 98, Loss: 2.6327, Entropy: 0.6477, Epsilon: 0.193
2026-03-29 17:15:03 | INFO | Episode  327 - Reward: 119.000, Length: 119, Loss: 2.5231, Entropy: 0.6503, Epsilon: 0.191
2026-03-29 17:15:04 | INFO | Episode  328 - Reward: 68.000, Length: 68, Loss: 2.6792, Entropy: 0.6467, Epsilon: 0.188
2026-03-29 17:15:05 | INFO | Episode  329 - Reward: 74.000, Length: 74, Loss: 2.4520, Entropy: 0.6489, Epsilon: 0.186
2026-03-29 17:15:05 | INFO | Episode  330 - Reward: 133.000, Length: 133, Loss: 3.0214, Entropy: 0.6489, Epsilon: 0.183
2026-03-29 17:15:06 | INFO | Episode  331 - Reward: 200.000, Length: 200, Loss: 2.4899, Entropy: 0.6441, Epsilon: 0.181
2026-03-29 17:15:06 | INFO | Episode  332 - Reward: 76.000, Length: 76, Loss: 2.6076, Entropy: 0.6458, Epsilon: 0.178
2026-03-29 17:15:07 | INFO | Episode  333 - Reward: 88.000, Length: 88, Loss: 2.4446, Entropy: 0.6435, Epsilon: 0.176
2026-03-29 17:15:07 | INFO | Episode  334 - Reward: 200.000, Length: 200, Loss: 2.2119, Entropy: 0.6462, Epsilon: 0.173
2026-03-29 17:15:08 | INFO | Episode  335 - Reward: 146.000, Length: 146, Loss: 1.9761, Entropy: 0.6493, Epsilon: 0.171
2026-03-29 17:15:08 | INFO | Episode  336 - Reward: 143.000, Length: 143, Loss: 1.6002, Entropy: 0.6511, Epsilon: 0.168
2026-03-29 17:15:09 | INFO | Episode  337 - Reward: 93.000, Length: 93, Loss: 1.9730, Entropy: 0.6455, Epsilon: 0.166
2026-03-29 17:15:10 | INFO | Episode  338 - Reward: 62.000, Length: 62, Loss: 1.7379, Entropy: 0.6473, Epsilon: 0.163
2026-03-29 17:15:10 | INFO | Episode  339 - Reward: 160.000, Length: 160, Loss: 2.6971, Entropy: 0.6398, Epsilon: 0.161
2026-03-29 17:15:11 | INFO | Episode  340 - Reward: 112.000, Length: 112, Loss: 1.6680, Entropy: 0.6447, Epsilon: 0.158
2026-03-29 17:15:11 | INFO | Episode  341 - Reward: 157.000, Length: 157, Loss: 1.9550, Entropy: 0.6450, Epsilon: 0.156
2026-03-29 17:15:12 | INFO | Episode  342 - Reward: 104.000, Length: 104, Loss: 2.8443, Entropy: 0.6433, Epsilon: 0.154
2026-03-29 17:15:12 | INFO | Episode  343 - Reward: 130.000, Length: 130, Loss: 3.0143, Entropy: 0.6405, Epsilon: 0.151
2026-03-29 17:15:13 | INFO | Episode  344 - Reward: 143.000, Length: 143, Loss: 2.5158, Entropy: 0.6454, Epsilon: 0.149
2026-03-29 17:15:13 | INFO | Episode  345 - Reward: 50.000, Length: 50, Loss: 2.0682, Entropy: 0.6433, Epsilon: 0.146
2026-03-29 17:15:14 | INFO | Episode  346 - Reward: 126.000, Length: 126, Loss: 2.4321, Entropy: 0.6430, Epsilon: 0.144
2026-03-29 17:15:14 | INFO | Episode  347 - Reward: 137.000, Length: 137, Loss: 1.9112, Entropy: 0.6436, Epsilon: 0.141
2026-03-29 17:15:15 | INFO | Episode  348 - Reward: 105.000, Length: 105, Loss: 2.3404, Entropy: 0.6400, Epsilon: 0.139
2026-03-29 17:15:15 | INFO | Episode  349 - Reward: 150.000, Length: 150, Loss: 2.2183, Entropy: 0.6455, Epsilon: 0.136
2026-03-29 17:15:16 | INFO | Episode  350 - Reward: 151.000, Length: 151, Loss: 2.6224, Entropy: 0.6375, Epsilon: 0.134
2026-03-29 17:15:26 | INFO | [Episode  350] eps=0.134  avg_reward= 103.540  avg_length=103.54  avg_loss=  2.2973  avg_entropy=0.6375  eval_success=1.000
2026-03-29 17:15:26 | INFO | Episode  351 - Reward: 200.000, Length: 200, Loss: 1.9499, Entropy: 0.6362, Epsilon: 0.131
2026-03-29 17:15:27 | INFO | Episode  352 - Reward: 200.000, Length: 200, Loss: 2.0996, Entropy: 0.6331, Epsilon: 0.129
2026-03-29 17:15:27 | INFO | Episode  353 - Reward: 200.000, Length: 200, Loss: 2.4660, Entropy: 0.6351, Epsilon: 0.126
2026-03-29 17:15:28 | INFO | Episode  354 - Reward: 188.000, Length: 188, Loss: 2.0333, Entropy: 0.6390, Epsilon: 0.124
2026-03-29 17:15:28 | INFO | Episode  355 - Reward: 200.000, Length: 200, Loss: 2.8536, Entropy: 0.6349, Epsilon: 0.121
2026-03-29 17:15:29 | INFO | Episode  356 - Reward: 200.000, Length: 200, Loss: 1.9657, Entropy: 0.6329, Epsilon: 0.119
2026-03-29 17:15:29 | INFO | Episode  357 - Reward: 159.000, Length: 159, Loss: 2.5447, Entropy: 0.6328, Epsilon: 0.116
2026-03-29 17:15:30 | INFO | Episode  358 - Reward: 200.000, Length: 200, Loss: 2.2755, Entropy: 0.6336, Epsilon: 0.114
2026-03-29 17:15:30 | INFO | Episode  359 - Reward: 200.000, Length: 200, Loss: 2.0661, Entropy: 0.6392, Epsilon: 0.111
2026-03-29 17:15:31 | INFO | Episode  360 - Reward: 187.000, Length: 187, Loss: 1.6417, Entropy: 0.6332, Epsilon: 0.109
2026-03-29 17:15:31 | INFO | Episode  361 - Reward: 200.000, Length: 200, Loss: 2.0703, Entropy: 0.6350, Epsilon: 0.107
2026-03-29 17:15:31 | INFO | Episode  362 - Reward: 200.000, Length: 200, Loss: 2.2215, Entropy: 0.6355, Epsilon: 0.104
2026-03-29 17:15:32 | INFO | Episode  363 - Reward: 200.000, Length: 200, Loss: 2.4089, Entropy: 0.6337, Epsilon: 0.102
2026-03-29 17:15:32 | INFO | Episode  364 - Reward: 200.000, Length: 200, Loss: 2.6329, Entropy: 0.6371, Epsilon: 0.099
2026-03-29 17:15:33 | INFO | Episode  365 - Reward: 200.000, Length: 200, Loss: 2.8892, Entropy: 0.6301, Epsilon: 0.097
2026-03-29 17:15:33 | INFO | Episode  366 - Reward: 121.000, Length: 121, Loss: 2.4070, Entropy: 0.6355, Epsilon: 0.094
2026-03-29 17:15:33 | INFO | Episode  367 - Reward: 162.000, Length: 162, Loss: 2.0046, Entropy: 0.6332, Epsilon: 0.092
2026-03-29 17:15:34 | INFO | Episode  368 - Reward: 200.000, Length: 200, Loss: 3.1069, Entropy: 0.6344, Epsilon: 0.089
2026-03-29 17:15:34 | INFO | Episode  369 - Reward: 200.000, Length: 200, Loss: 2.7867, Entropy: 0.6287, Epsilon: 0.087
2026-03-29 17:15:35 | INFO | Episode  370 - Reward: 200.000, Length: 200, Loss: 2.3921, Entropy: 0.6353, Epsilon: 0.084
2026-03-29 17:15:35 | INFO | Episode  371 - Reward: 187.000, Length: 187, Loss: 2.2047, Entropy: 0.6316, Epsilon: 0.082
2026-03-29 17:15:35 | INFO | Episode  372 - Reward: 200.000, Length: 200, Loss: 2.3590, Entropy: 0.6281, Epsilon: 0.079
2026-03-29 17:15:36 | INFO | Episode  373 - Reward: 200.000, Length: 200, Loss: 1.6869, Entropy: 0.6219, Epsilon: 0.077
2026-03-29 17:15:36 | INFO | Episode  374 - Reward: 121.000, Length: 121, Loss: 1.3626, Entropy: 0.6198, Epsilon: 0.074
2026-03-29 17:15:37 | INFO | Episode  375 - Reward: 200.000, Length: 200, Loss: 1.8902, Entropy: 0.6157, Epsilon: 0.072
2026-03-29 17:15:37 | INFO | Episode  376 - Reward: 200.000, Length: 200, Loss: 2.6643, Entropy: 0.6296, Epsilon: 0.069
2026-03-29 17:15:37 | INFO | Episode  377 - Reward: 200.000, Length: 200, Loss: 3.1795, Entropy: 0.6272, Epsilon: 0.067
2026-03-29 17:15:38 | INFO | Episode  378 - Reward: 200.000, Length: 200, Loss: 2.4076, Entropy: 0.6283, Epsilon: 0.064
2026-03-29 17:15:38 | INFO | Episode  379 - Reward: 200.000, Length: 200, Loss: 1.8113, Entropy: 0.6233, Epsilon: 0.062
2026-03-29 17:15:39 | INFO | Episode  380 - Reward: 200.000, Length: 200, Loss: 1.7365, Entropy: 0.6235, Epsilon: 0.059
2026-03-29 17:15:39 | INFO | Episode  381 - Reward: 200.000, Length: 200, Loss: 1.8308, Entropy: 0.6283, Epsilon: 0.057
2026-03-29 17:15:39 | INFO | Episode  382 - Reward: 200.000, Length: 200, Loss: 2.3517, Entropy: 0.6244, Epsilon: 0.055
2026-03-29 17:15:40 | INFO | Episode  383 - Reward: 200.000, Length: 200, Loss: 2.6911, Entropy: 0.6223, Epsilon: 0.052
2026-03-29 17:15:40 | INFO | Episode  384 - Reward: 127.000, Length: 127, Loss: 2.5779, Entropy: 0.6188, Epsilon: 0.050
2026-03-29 17:15:41 | INFO | Episode  385 - Reward: 200.000, Length: 200, Loss: 1.4687, Entropy: 0.6165, Epsilon: 0.047
2026-03-29 17:15:41 | INFO | Episode  386 - Reward: 200.000, Length: 200, Loss: 1.9972, Entropy: 0.6235, Epsilon: 0.045
2026-03-29 17:15:42 | INFO | Episode  387 - Reward: 200.000, Length: 200, Loss: 2.2486, Entropy: 0.6221, Epsilon: 0.042
2026-03-29 17:15:42 | INFO | Episode  388 - Reward: 108.000, Length: 108, Loss: 1.9243, Entropy: 0.6202, Epsilon: 0.040
2026-03-29 17:15:42 | INFO | Episode  389 - Reward: 198.000, Length: 198, Loss: 1.7695, Entropy: 0.6230, Epsilon: 0.037
2026-03-29 17:15:43 | INFO | Episode  390 - Reward: 200.000, Length: 200, Loss: 2.9760, Entropy: 0.6195, Epsilon: 0.035
2026-03-29 17:15:43 | INFO | Episode  391 - Reward: 200.000, Length: 200, Loss: 2.1737, Entropy: 0.6186, Epsilon: 0.032
2026-03-29 17:15:44 | INFO | Episode  392 - Reward: 200.000, Length: 200, Loss: 2.6094, Entropy: 0.6186, Epsilon: 0.030
2026-03-29 17:15:44 | INFO | Episode  393 - Reward: 200.000, Length: 200, Loss: 2.2245, Entropy: 0.6207, Epsilon: 0.027
2026-03-29 17:15:45 | INFO | Episode  394 - Reward: 188.000, Length: 188, Loss: 3.1338, Entropy: 0.6195, Epsilon: 0.025
2026-03-29 17:15:45 | INFO | Episode  395 - Reward: 187.000, Length: 187, Loss: 3.3682, Entropy: 0.6173, Epsilon: 0.022
2026-03-29 17:15:46 | INFO | Episode  396 - Reward: 200.000, Length: 200, Loss: 2.5405, Entropy: 0.6258, Epsilon: 0.020
2026-03-29 17:15:46 | INFO | Episode  397 - Reward: 200.000, Length: 200, Loss: 2.8630, Entropy: 0.6190, Epsilon: 0.017
2026-03-29 17:15:46 | INFO | Episode  398 - Reward: 184.000, Length: 184, Loss: 3.2023, Entropy: 0.6248, Epsilon: 0.015
2026-03-29 17:15:47 | INFO | Episode  399 - Reward: 200.000, Length: 200, Loss: 4.9434, Entropy: 0.6214, Epsilon: 0.012
2026-03-29 17:15:47 | INFO | Episode  400 - Reward: 200.000, Length: 200, Loss: 1.0449, Entropy: 0.6250, Epsilon: 0.010
2026-03-29 17:15:58 | INFO | [Episode  400] eps=0.010  avg_reward= 190.340  avg_length=190.34  avg_loss=  2.3612  avg_entropy=0.6250  eval_success=1.000
2026-03-29 17:15:58 | INFO | Episode  401 - Reward: 200.000, Length: 200, Loss: 1.6264, Entropy: 0.6245, Epsilon: 0.010
2026-03-29 17:15:59 | INFO | Episode  402 - Reward: 200.000, Length: 200, Loss: 1.1536, Entropy: 0.6243, Epsilon: 0.010
2026-03-29 17:15:59 | INFO | Episode  403 - Reward: 200.000, Length: 200, Loss: 1.5956, Entropy: 0.6260, Epsilon: 0.010
2026-03-29 17:16:00 | INFO | Episode  404 - Reward: 200.000, Length: 200, Loss: 1.0680, Entropy: 0.6297, Epsilon: 0.010
2026-03-29 17:16:00 | INFO | Episode  405 - Reward: 200.000, Length: 200, Loss: 2.0726, Entropy: 0.6181, Epsilon: 0.010
2026-03-29 17:16:00 | INFO | Episode  406 - Reward: 200.000, Length: 200, Loss: 0.9947, Entropy: 0.6306, Epsilon: 0.010
2026-03-29 17:16:01 | INFO | Episode  407 - Reward: 200.000, Length: 200, Loss: 1.5242, Entropy: 0.6304, Epsilon: 0.010
2026-03-29 17:16:01 | INFO | Episode  408 - Reward: 200.000, Length: 200, Loss: 0.8835, Entropy: 0.6324, Epsilon: 0.010
2026-03-29 17:16:02 | INFO | Episode  409 - Reward: 200.000, Length: 200, Loss: 1.6843, Entropy: 0.6266, Epsilon: 0.010
2026-03-29 17:16:02 | INFO | Episode  410 - Reward: 200.000, Length: 200, Loss: 1.4123, Entropy: 0.6292, Epsilon: 0.010
2026-03-29 17:16:03 | INFO | Episode  411 - Reward: 200.000, Length: 200, Loss: 1.3123, Entropy: 0.6292, Epsilon: 0.010
2026-03-29 17:16:03 | INFO | Episode  412 - Reward: 200.000, Length: 200, Loss: 1.6809, Entropy: 0.6284, Epsilon: 0.010
2026-03-29 17:16:03 | INFO | Episode  413 - Reward: 200.000, Length: 200, Loss: 1.5426, Entropy: 0.6306, Epsilon: 0.010
2026-03-29 17:16:04 | INFO | Episode  414 - Reward: 200.000, Length: 200, Loss: 1.6931, Entropy: 0.6316, Epsilon: 0.010
2026-03-29 17:16:04 | INFO | Episode  415 - Reward: 200.000, Length: 200, Loss: 0.7243, Entropy: 0.6328, Epsilon: 0.010
2026-03-29 17:16:05 | INFO | Episode  416 - Reward: 200.000, Length: 200, Loss: 0.7021, Entropy: 0.6293, Epsilon: 0.010
2026-03-29 17:16:05 | INFO | Episode  417 - Reward: 200.000, Length: 200, Loss: 1.6552, Entropy: 0.6291, Epsilon: 0.010
2026-03-29 17:16:06 | INFO | Episode  418 - Reward: 200.000, Length: 200, Loss: 1.1171, Entropy: 0.6317, Epsilon: 0.010
2026-03-29 17:16:06 | INFO | Episode  419 - Reward: 200.000, Length: 200, Loss: 1.1912, Entropy: 0.6346, Epsilon: 0.010
2026-03-29 17:16:06 | INFO | Episode  420 - Reward: 200.000, Length: 200, Loss: 1.7185, Entropy: 0.6344, Epsilon: 0.010
2026-03-29 17:16:07 | INFO | Episode  421 - Reward: 200.000, Length: 200, Loss: 1.5302, Entropy: 0.6311, Epsilon: 0.010
2026-03-29 17:16:07 | INFO | Episode  422 - Reward: 200.000, Length: 200, Loss: 1.6976, Entropy: 0.6351, Epsilon: 0.010
2026-03-29 17:16:08 | INFO | Episode  423 - Reward: 200.000, Length: 200, Loss: 1.5314, Entropy: 0.6394, Epsilon: 0.010
2026-03-29 17:16:08 | INFO | Episode  424 - Reward: 200.000, Length: 200, Loss: 1.6417, Entropy: 0.6411, Epsilon: 0.010
2026-03-29 17:16:09 | INFO | Episode  425 - Reward: 200.000, Length: 200, Loss: 0.9459, Entropy: 0.6375, Epsilon: 0.010
2026-03-29 17:16:09 | INFO | Episode  426 - Reward: 200.000, Length: 200, Loss: 0.6203, Entropy: 0.6440, Epsilon: 0.010
2026-03-29 17:16:09 | INFO | Episode  427 - Reward: 200.000, Length: 200, Loss: 1.2267, Entropy: 0.6441, Epsilon: 0.010
2026-03-29 17:16:10 | INFO | Episode  428 - Reward: 200.000, Length: 200, Loss: 1.1428, Entropy: 0.6437, Epsilon: 0.010
2026-03-29 17:16:10 | INFO | Episode  429 - Reward: 200.000, Length: 200, Loss: 0.9404, Entropy: 0.6420, Epsilon: 0.010
2026-03-29 17:16:11 | INFO | Episode  430 - Reward: 200.000, Length: 200, Loss: 0.7568, Entropy: 0.6431, Epsilon: 0.010
2026-03-29 17:16:11 | INFO | Episode  431 - Reward: 200.000, Length: 200, Loss: 1.0068, Entropy: 0.6391, Epsilon: 0.010
2026-03-29 17:16:12 | INFO | Episode  432 - Reward: 200.000, Length: 200, Loss: 1.2030, Entropy: 0.6392, Epsilon: 0.010
2026-03-29 17:16:12 | INFO | Episode  433 - Reward: 200.000, Length: 200, Loss: 0.9223, Entropy: 0.6431, Epsilon: 0.010
2026-03-29 17:16:12 | INFO | Episode  434 - Reward: 200.000, Length: 200, Loss: 0.7162, Entropy: 0.6477, Epsilon: 0.010
2026-03-29 17:16:13 | INFO | Episode  435 - Reward: 200.000, Length: 200, Loss: 0.8934, Entropy: 0.6474, Epsilon: 0.010
2026-03-29 17:16:13 | INFO | Episode  436 - Reward: 200.000, Length: 200, Loss: 0.1948, Entropy: 0.6456, Epsilon: 0.010
2026-03-29 17:16:14 | INFO | Episode  437 - Reward: 200.000, Length: 200, Loss: 0.9398, Entropy: 0.6467, Epsilon: 0.010
2026-03-29 17:16:14 | INFO | Episode  438 - Reward: 200.000, Length: 200, Loss: 0.9505, Entropy: 0.6445, Epsilon: 0.010
2026-03-29 17:16:15 | INFO | Episode  439 - Reward: 200.000, Length: 200, Loss: 0.7836, Entropy: 0.6484, Epsilon: 0.010
2026-03-29 17:16:15 | INFO | Episode  440 - Reward: 200.000, Length: 200, Loss: 1.0065, Entropy: 0.6491, Epsilon: 0.010
2026-03-29 17:16:16 | INFO | Episode  441 - Reward: 200.000, Length: 200, Loss: 0.3069, Entropy: 0.6513, Epsilon: 0.010
2026-03-29 17:16:16 | INFO | Episode  442 - Reward: 200.000, Length: 200, Loss: 0.5415, Entropy: 0.6486, Epsilon: 0.010
2026-03-29 17:16:17 | INFO | Episode  443 - Reward: 200.000, Length: 200, Loss: 0.7753, Entropy: 0.6479, Epsilon: 0.010
2026-03-29 17:16:17 | INFO | Episode  444 - Reward: 200.000, Length: 200, Loss: 0.6818, Entropy: 0.6529, Epsilon: 0.010
2026-03-29 17:16:17 | INFO | Episode  445 - Reward: 200.000, Length: 200, Loss: 0.6979, Entropy: 0.6501, Epsilon: 0.010
2026-03-29 17:16:18 | INFO | Episode  446 - Reward: 200.000, Length: 200, Loss: 0.4650, Entropy: 0.6507, Epsilon: 0.010
2026-03-29 17:16:19 | INFO | Episode  447 - Reward: 200.000, Length: 200, Loss: 0.3843, Entropy: 0.6499, Epsilon: 0.010
2026-03-29 17:16:19 | INFO | Episode  448 - Reward: 200.000, Length: 200, Loss: 0.1878, Entropy: 0.6549, Epsilon: 0.010
2026-03-29 17:16:20 | INFO | Episode  449 - Reward: 200.000, Length: 200, Loss: 1.2921, Entropy: 0.6535, Epsilon: 0.010
2026-03-29 17:16:20 | INFO | Episode  450 - Reward: 200.000, Length: 200, Loss: 0.1917, Entropy: 0.6522, Epsilon: 0.010
2026-03-29 17:16:30 | INFO | [Episode  450] eps=0.010  avg_reward= 200.000  avg_length=200.00  avg_loss=  1.0705  avg_entropy=0.6522  eval_success=1.000
2026-03-29 17:16:30 | INFO | Early stopping at episode 450 — eval_success >= 0.99 for 3 consecutive evals
2026-03-29 17:16:30 | INFO | DQN+Entropy training: 4m 35.83s
2026-03-29 17:17:03 | INFO | [Final Eval] success=1.000, mean_reward=200.000
