2026-03-29 16:08:53 | INFO | ============================================================
2026-03-29 16:08:53 | INFO | DEVICE / COMPUTE INFORMATION
2026-03-29 16:08:53 | INFO |   JAX backend       : CPU
2026-03-29 16:08:53 | INFO |   Platform          : cpu
2026-03-29 16:08:53 | INFO |   Num devices       : 1
2026-03-29 16:08:53 | INFO |   Device            : TFRT_CPU_0
2026-03-29 16:08:53 | INFO | ============================================================
2026-03-29 16:08:53 | INFO | DQN+Entropy | seed=6, lr=0.01, gamma=0.99, alpha=0.01
2026-03-29 16:08:53 | INFO | Env: cartpole/dense, obs_dim=4, num_actions=2
2026-03-29 16:08:54 | INFO | Episode    1 - Reward: 13.000, Length: 13, Loss: 0.0000, Entropy: 0.0000, Epsilon: 0.998
2026-03-29 16:08:54 | INFO | Episode    2 - Reward: 18.000, Length: 18, Loss: 0.0000, Entropy: 0.0000, Epsilon: 0.995
2026-03-29 16:08:54 | INFO | Episode    3 - Reward: 13.000, Length: 13, Loss: 0.0000, Entropy: 0.0000, Epsilon: 0.993
2026-03-29 16:08:55 | INFO | Episode    4 - Reward: 51.000, Length: 51, Loss: 0.0000, Entropy: 0.0000, Epsilon: 0.990
2026-03-29 16:08:55 | INFO | Episode    5 - Reward: 25.000, Length: 25, Loss: 0.0000, Entropy: 0.0000, Epsilon: 0.988
2026-03-29 16:08:56 | INFO | Episode    6 - Reward: 27.000, Length: 27, Loss: 0.0000, Entropy: 0.0000, Epsilon: 0.985
2026-03-29 16:08:56 | INFO | Episode    7 - Reward: 11.000, Length: 11, Loss: 0.0000, Entropy: 0.0000, Epsilon: 0.983
2026-03-29 16:08:57 | INFO | Episode    8 - Reward: 11.000, Length: 11, Loss: 0.0000, Entropy: 0.0000, Epsilon: 0.980
2026-03-29 16:08:57 | INFO | Episode    9 - Reward: 16.000, Length: 16, Loss: 0.0000, Entropy: 0.0000, Epsilon: 0.978
2026-03-29 16:08:57 | INFO | Episode   10 - Reward: 45.000, Length: 45, Loss: 0.0000, Entropy: 0.0000, Epsilon: 0.975
2026-03-29 16:08:59 | INFO | Episode   11 - Reward: 33.000, Length: 33, Loss: 1.0142, Entropy: 0.6919, Epsilon: 0.973
2026-03-29 16:08:59 | INFO | Episode   12 - Reward: 34.000, Length: 34, Loss: 0.9110, Entropy: 0.6919, Epsilon: 0.970
2026-03-29 16:09:00 | INFO | Episode   13 - Reward: 17.000, Length: 17, Loss: 0.8216, Entropy: 0.6916, Epsilon: 0.968
2026-03-29 16:09:00 | INFO | Episode   14 - Reward: 18.000, Length: 18, Loss: 0.7385, Entropy: 0.6912, Epsilon: 0.965
2026-03-29 16:09:01 | INFO | Episode   15 - Reward: 47.000, Length: 47, Loss: 0.6722, Entropy: 0.6910, Epsilon: 0.963
2026-03-29 16:09:02 | INFO | Episode   16 - Reward: 16.000, Length: 16, Loss: 0.6104, Entropy: 0.6908, Epsilon: 0.960
2026-03-29 16:09:03 | INFO | Episode   17 - Reward: 10.000, Length: 10, Loss: 0.5429, Entropy: 0.6904, Epsilon: 0.958
2026-03-29 16:09:03 | INFO | Episode   18 - Reward: 15.000, Length: 15, Loss: 0.4929, Entropy: 0.6904, Epsilon: 0.955
2026-03-29 16:09:04 | INFO | Episode   19 - Reward: 24.000, Length: 24, Loss: 0.4304, Entropy: 0.6901, Epsilon: 0.953
2026-03-29 16:09:05 | INFO | Episode   20 - Reward: 16.000, Length: 16, Loss: 0.3908, Entropy: 0.6899, Epsilon: 0.951
2026-03-29 16:09:05 | INFO | Episode   21 - Reward: 19.000, Length: 19, Loss: 0.3459, Entropy: 0.6897, Epsilon: 0.948
2026-03-29 16:09:06 | INFO | Episode   22 - Reward: 15.000, Length: 15, Loss: 0.3071, Entropy: 0.6898, Epsilon: 0.946
2026-03-29 16:09:07 | INFO | Episode   23 - Reward: 13.000, Length: 13, Loss: 0.2741, Entropy: 0.6893, Epsilon: 0.943
2026-03-29 16:09:07 | INFO | Episode   24 - Reward: 37.000, Length: 37, Loss: 1.0502, Entropy: 0.6891, Epsilon: 0.941
2026-03-29 16:09:08 | INFO | Episode   25 - Reward: 14.000, Length: 14, Loss: 0.9200, Entropy: 0.6886, Epsilon: 0.938
2026-03-29 16:09:09 | INFO | Episode   26 - Reward: 13.000, Length: 13, Loss: 0.8054, Entropy: 0.6880, Epsilon: 0.936
2026-03-29 16:09:09 | INFO | Episode   27 - Reward: 28.000, Length: 28, Loss: 0.7021, Entropy: 0.6877, Epsilon: 0.933
2026-03-29 16:09:10 | INFO | Episode   28 - Reward: 20.000, Length: 20, Loss: 0.6058, Entropy: 0.6875, Epsilon: 0.931
2026-03-29 16:09:11 | INFO | Episode   29 - Reward: 12.000, Length: 12, Loss: 0.5218, Entropy: 0.6872, Epsilon: 0.928
2026-03-29 16:09:11 | INFO | Episode   30 - Reward: 18.000, Length: 18, Loss: 0.4467, Entropy: 0.6871, Epsilon: 0.926
2026-03-29 16:09:12 | INFO | Episode   31 - Reward: 26.000, Length: 26, Loss: 0.3795, Entropy: 0.6872, Epsilon: 0.923
2026-03-29 16:09:13 | INFO | Episode   32 - Reward: 28.000, Length: 28, Loss: 0.3117, Entropy: 0.6873, Epsilon: 0.921
2026-03-29 16:09:13 | INFO | Episode   33 - Reward: 20.000, Length: 20, Loss: 0.2644, Entropy: 0.6873, Epsilon: 0.918
2026-03-29 16:09:14 | INFO | Episode   34 - Reward: 21.000, Length: 21, Loss: 0.2167, Entropy: 0.6875, Epsilon: 0.916
2026-03-29 16:09:15 | INFO | Episode   35 - Reward: 45.000, Length: 45, Loss: 0.1732, Entropy: 0.6873, Epsilon: 0.913
2026-03-29 16:09:16 | INFO | Episode   36 - Reward: 16.000, Length: 16, Loss: 0.1451, Entropy: 0.6876, Epsilon: 0.911
2026-03-29 16:09:16 | INFO | Episode   37 - Reward: 12.000, Length: 12, Loss: 0.1176, Entropy: 0.6876, Epsilon: 0.908
2026-03-29 16:09:17 | INFO | Episode   38 - Reward: 15.000, Length: 15, Loss: 0.0988, Entropy: 0.6879, Epsilon: 0.906
2026-03-29 16:09:18 | INFO | Episode   39 - Reward: 14.000, Length: 14, Loss: 0.0858, Entropy: 0.6882, Epsilon: 0.903
2026-03-29 16:09:18 | INFO | Episode   40 - Reward: 13.000, Length: 13, Loss: 0.0698, Entropy: 0.6887, Epsilon: 0.901
2026-03-29 16:09:19 | INFO | Episode   41 - Reward: 24.000, Length: 24, Loss: 0.0610, Entropy: 0.6889, Epsilon: 0.899
2026-03-29 16:09:20 | INFO | Episode   42 - Reward: 27.000, Length: 27, Loss: 0.0595, Entropy: 0.6893, Epsilon: 0.896
2026-03-29 16:09:20 | INFO | Episode   43 - Reward: 38.000, Length: 38, Loss: 0.0433, Entropy: 0.6899, Epsilon: 0.894
2026-03-29 16:09:21 | INFO | Episode   44 - Reward: 21.000, Length: 21, Loss: 0.0396, Entropy: 0.6903, Epsilon: 0.891
2026-03-29 16:09:22 | INFO | Episode   45 - Reward: 13.000, Length: 13, Loss: 0.0300, Entropy: 0.6905, Epsilon: 0.889
2026-03-29 16:09:23 | INFO | Episode   46 - Reward: 15.000, Length: 15, Loss: 0.0354, Entropy: 0.6908, Epsilon: 0.886
2026-03-29 16:09:23 | INFO | Episode   47 - Reward: 43.000, Length: 43, Loss: 0.0277, Entropy: 0.6909, Epsilon: 0.884
2026-03-29 16:09:24 | INFO | Episode   48 - Reward: 24.000, Length: 24, Loss: 0.9583, Entropy: 0.6903, Epsilon: 0.881
2026-03-29 16:09:25 | INFO | Episode   49 - Reward: 36.000, Length: 36, Loss: 0.7170, Entropy: 0.6892, Epsilon: 0.879
2026-03-29 16:09:25 | INFO | Episode   50 - Reward: 17.000, Length: 17, Loss: 0.5431, Entropy: 0.6886, Epsilon: 0.876
2026-03-29 16:09:27 | INFO | [Episode   50] eps=0.876  avg_reward=  22.340  avg_length= 22.34  avg_loss=  0.3396  avg_entropy=0.6886  eval_success=0.000
2026-03-29 16:09:27 | INFO | Episode   51 - Reward: 18.000, Length: 18, Loss: 0.4162, Entropy: 0.6880, Epsilon: 0.874
2026-03-29 16:09:28 | INFO | Episode   52 - Reward: 21.000, Length: 21, Loss: 0.3151, Entropy: 0.6879, Epsilon: 0.871
2026-03-29 16:09:29 | INFO | Episode   53 - Reward: 29.000, Length: 29, Loss: 0.2589, Entropy: 0.6885, Epsilon: 0.869
2026-03-29 16:09:29 | INFO | Episode   54 - Reward: 20.000, Length: 20, Loss: 0.1813, Entropy: 0.6892, Epsilon: 0.866
2026-03-29 16:09:30 | INFO | Episode   55 - Reward: 20.000, Length: 20, Loss: 0.1614, Entropy: 0.6895, Epsilon: 0.864
2026-03-29 16:09:31 | INFO | Episode   56 - Reward: 20.000, Length: 20, Loss: 0.1706, Entropy: 0.6899, Epsilon: 0.861
2026-03-29 16:09:31 | INFO | Episode   57 - Reward: 14.000, Length: 14, Loss: 0.1308, Entropy: 0.6905, Epsilon: 0.859
2026-03-29 16:09:32 | INFO | Episode   58 - Reward: 10.000, Length: 10, Loss: 0.1412, Entropy: 0.6907, Epsilon: 0.856
2026-03-29 16:09:33 | INFO | Episode   59 - Reward: 11.000, Length: 11, Loss: 0.1582, Entropy: 0.6909, Epsilon: 0.854
2026-03-29 16:09:33 | INFO | Episode   60 - Reward: 20.000, Length: 20, Loss: 0.1607, Entropy: 0.6912, Epsilon: 0.852
2026-03-29 16:09:34 | INFO | Episode   61 - Reward: 25.000, Length: 25, Loss: 0.1391, Entropy: 0.6913, Epsilon: 0.849
2026-03-29 16:09:35 | INFO | Episode   62 - Reward: 18.000, Length: 18, Loss: 0.1439, Entropy: 0.6917, Epsilon: 0.847
2026-03-29 16:09:36 | INFO | Episode   63 - Reward: 22.000, Length: 22, Loss: 0.1089, Entropy: 0.6919, Epsilon: 0.844
2026-03-29 16:09:36 | INFO | Episode   64 - Reward: 14.000, Length: 14, Loss: 0.1044, Entropy: 0.6919, Epsilon: 0.842
2026-03-29 16:09:37 | INFO | Episode   65 - Reward: 43.000, Length: 43, Loss: 0.1450, Entropy: 0.6920, Epsilon: 0.839
2026-03-29 16:09:38 | INFO | Episode   66 - Reward: 19.000, Length: 19, Loss: 0.1009, Entropy: 0.6921, Epsilon: 0.837
2026-03-29 16:09:38 | INFO | Episode   67 - Reward: 19.000, Length: 19, Loss: 0.1470, Entropy: 0.6924, Epsilon: 0.834
2026-03-29 16:09:39 | INFO | Episode   68 - Reward: 22.000, Length: 22, Loss: 0.1055, Entropy: 0.6924, Epsilon: 0.832
2026-03-29 16:09:40 | INFO | Episode   69 - Reward: 16.000, Length: 16, Loss: 0.1427, Entropy: 0.6923, Epsilon: 0.829
2026-03-29 16:09:40 | INFO | Episode   70 - Reward: 36.000, Length: 36, Loss: 0.1094, Entropy: 0.6924, Epsilon: 0.827
2026-03-29 16:09:41 | INFO | Episode   71 - Reward: 61.000, Length: 61, Loss: 0.9450, Entropy: 0.6919, Epsilon: 0.824
2026-03-29 16:09:42 | INFO | Episode   72 - Reward: 13.000, Length: 13, Loss: 0.6709, Entropy: 0.6912, Epsilon: 0.822
2026-03-29 16:09:42 | INFO | Episode   73 - Reward: 28.000, Length: 28, Loss: 0.4338, Entropy: 0.6906, Epsilon: 0.819
2026-03-29 16:09:43 | INFO | Episode   74 - Reward: 21.000, Length: 21, Loss: 0.3754, Entropy: 0.6898, Epsilon: 0.817
2026-03-29 16:09:44 | INFO | Episode   75 - Reward: 10.000, Length: 10, Loss: 0.3520, Entropy: 0.6900, Epsilon: 0.814
2026-03-29 16:09:44 | INFO | Episode   76 - Reward: 10.000, Length: 10, Loss: 0.3096, Entropy: 0.6901, Epsilon: 0.812
2026-03-29 16:09:45 | INFO | Episode   77 - Reward: 16.000, Length: 16, Loss: 0.3260, Entropy: 0.6911, Epsilon: 0.809
2026-03-29 16:09:46 | INFO | Episode   78 - Reward: 20.000, Length: 20, Loss: 0.3091, Entropy: 0.6915, Epsilon: 0.807
2026-03-29 16:09:46 | INFO | Episode   79 - Reward: 35.000, Length: 35, Loss: 0.2464, Entropy: 0.6920, Epsilon: 0.804
2026-03-29 16:09:47 | INFO | Episode   80 - Reward: 44.000, Length: 44, Loss: 0.2584, Entropy: 0.6919, Epsilon: 0.802
2026-03-29 16:09:47 | INFO | Episode   81 - Reward: 16.000, Length: 16, Loss: 0.2933, Entropy: 0.6917, Epsilon: 0.800
2026-03-29 16:09:48 | INFO | Episode   82 - Reward: 11.000, Length: 11, Loss: 0.2920, Entropy: 0.6917, Epsilon: 0.797
2026-03-29 16:09:49 | INFO | Episode   83 - Reward: 38.000, Length: 38, Loss: 0.2883, Entropy: 0.6916, Epsilon: 0.795
2026-03-29 16:09:49 | INFO | Episode   84 - Reward: 12.000, Length: 12, Loss: 0.2737, Entropy: 0.6917, Epsilon: 0.792
2026-03-29 16:09:50 | INFO | Episode   85 - Reward: 15.000, Length: 15, Loss: 0.2704, Entropy: 0.6916, Epsilon: 0.790
2026-03-29 16:09:51 | INFO | Episode   86 - Reward: 12.000, Length: 12, Loss: 0.2744, Entropy: 0.6916, Epsilon: 0.787
2026-03-29 16:09:51 | INFO | Episode   87 - Reward: 14.000, Length: 14, Loss: 0.3084, Entropy: 0.6917, Epsilon: 0.785
2026-03-29 16:09:52 | INFO | Episode   88 - Reward: 11.000, Length: 11, Loss: 0.2816, Entropy: 0.6917, Epsilon: 0.782
2026-03-29 16:09:53 | INFO | Episode   89 - Reward: 17.000, Length: 17, Loss: 0.3597, Entropy: 0.6913, Epsilon: 0.780
2026-03-29 16:09:53 | INFO | Episode   90 - Reward: 15.000, Length: 15, Loss: 0.2643, Entropy: 0.6913, Epsilon: 0.777
2026-03-29 16:09:54 | INFO | Episode   91 - Reward: 37.000, Length: 37, Loss: 0.3380, Entropy: 0.6913, Epsilon: 0.775
2026-03-29 16:09:54 | INFO | Episode   92 - Reward: 14.000, Length: 14, Loss: 0.2697, Entropy: 0.6911, Epsilon: 0.772
2026-03-29 16:09:55 | INFO | Episode   93 - Reward: 42.000, Length: 42, Loss: 1.0518, Entropy: 0.6894, Epsilon: 0.770
2026-03-29 16:09:56 | INFO | Episode   94 - Reward: 26.000, Length: 26, Loss: 0.7267, Entropy: 0.6876, Epsilon: 0.767
2026-03-29 16:09:57 | INFO | Episode   95 - Reward: 12.000, Length: 12, Loss: 0.5003, Entropy: 0.6889, Epsilon: 0.765
2026-03-29 16:09:57 | INFO | Episode   96 - Reward: 30.000, Length: 30, Loss: 0.5399, Entropy: 0.6912, Epsilon: 0.762
2026-03-29 16:09:58 | INFO | Episode   97 - Reward: 27.000, Length: 27, Loss: 0.6799, Entropy: 0.6915, Epsilon: 0.760
2026-03-29 16:09:58 | INFO | Episode   98 - Reward: 15.000, Length: 15, Loss: 0.4851, Entropy: 0.6917, Epsilon: 0.757
2026-03-29 16:09:59 | INFO | Episode   99 - Reward: 13.000, Length: 13, Loss: 0.5724, Entropy: 0.6916, Epsilon: 0.755
2026-03-29 16:10:00 | INFO | Episode  100 - Reward: 11.000, Length: 11, Loss: 0.3329, Entropy: 0.6916, Epsilon: 0.752
2026-03-29 16:10:00 | INFO | [Episode  100] eps=0.752  avg_reward=  21.260  avg_length= 21.26  avg_loss=  0.3194  avg_entropy=0.6916  eval_success=0.000
2026-03-29 16:10:01 | INFO | Episode  101 - Reward: 14.000, Length: 14, Loss: 0.5778, Entropy: 0.6915, Epsilon: 0.750
2026-03-29 16:10:01 | INFO | Episode  102 - Reward: 12.000, Length: 12, Loss: 0.6605, Entropy: 0.6915, Epsilon: 0.748
2026-03-29 16:10:02 | INFO | Episode  103 - Reward: 12.000, Length: 12, Loss: 0.5291, Entropy: 0.6917, Epsilon: 0.745
2026-03-29 16:10:03 | INFO | Episode  104 - Reward: 21.000, Length: 21, Loss: 0.6198, Entropy: 0.6919, Epsilon: 0.743
2026-03-29 16:10:03 | INFO | Episode  105 - Reward: 23.000, Length: 23, Loss: 0.5104, Entropy: 0.6919, Epsilon: 0.740
2026-03-29 16:10:04 | INFO | Episode  106 - Reward: 18.000, Length: 18, Loss: 0.5164, Entropy: 0.6914, Epsilon: 0.738
2026-03-29 16:10:05 | INFO | Episode  107 - Reward: 10.000, Length: 10, Loss: 0.4794, Entropy: 0.6915, Epsilon: 0.735
2026-03-29 16:10:05 | INFO | Episode  108 - Reward: 13.000, Length: 13, Loss: 0.4946, Entropy: 0.6911, Epsilon: 0.733
2026-03-29 16:10:06 | INFO | Episode  109 - Reward: 19.000, Length: 19, Loss: 0.5912, Entropy: 0.6913, Epsilon: 0.730
2026-03-29 16:10:07 | INFO | Episode  110 - Reward: 21.000, Length: 21, Loss: 0.6033, Entropy: 0.6914, Epsilon: 0.728
2026-03-29 16:10:07 | INFO | Episode  111 - Reward: 10.000, Length: 10, Loss: 0.4275, Entropy: 0.6915, Epsilon: 0.725
2026-03-29 16:10:08 | INFO | Episode  112 - Reward: 70.000, Length: 70, Loss: 0.4965, Entropy: 0.6910, Epsilon: 0.723
2026-03-29 16:10:09 | INFO | Episode  113 - Reward: 19.000, Length: 19, Loss: 0.5345, Entropy: 0.6911, Epsilon: 0.720
2026-03-29 16:10:09 | INFO | Episode  114 - Reward: 10.000, Length: 10, Loss: 0.4044, Entropy: 0.6915, Epsilon: 0.718
2026-03-29 16:10:10 | INFO | Episode  115 - Reward: 11.000, Length: 11, Loss: 0.3778, Entropy: 0.6914, Epsilon: 0.715
2026-03-29 16:10:10 | INFO | Episode  116 - Reward: 10.000, Length: 10, Loss: 0.4567, Entropy: 0.6912, Epsilon: 0.713
2026-03-29 16:10:11 | INFO | Episode  117 - Reward: 13.000, Length: 13, Loss: 0.3854, Entropy: 0.6912, Epsilon: 0.710
2026-03-29 16:10:12 | INFO | Episode  118 - Reward: 11.000, Length: 11, Loss: 0.5768, Entropy: 0.6908, Epsilon: 0.708
2026-03-29 16:10:12 | INFO | Episode  119 - Reward: 11.000, Length: 11, Loss: 0.5580, Entropy: 0.6910, Epsilon: 0.705
2026-03-29 16:10:13 | INFO | Episode  120 - Reward: 11.000, Length: 11, Loss: 1.1342, Entropy: 0.6905, Epsilon: 0.703
2026-03-29 16:10:14 | INFO | Episode  121 - Reward: 14.000, Length: 14, Loss: 1.0661, Entropy: 0.6904, Epsilon: 0.701
2026-03-29 16:10:14 | INFO | Episode  122 - Reward: 15.000, Length: 15, Loss: 0.9676, Entropy: 0.6907, Epsilon: 0.698
2026-03-29 16:10:15 | INFO | Episode  123 - Reward: 12.000, Length: 12, Loss: 0.5952, Entropy: 0.6911, Epsilon: 0.696
2026-03-29 16:10:15 | INFO | Episode  124 - Reward: 9.000, Length: 9, Loss: 0.6508, Entropy: 0.6916, Epsilon: 0.693
2026-03-29 16:10:16 | INFO | Episode  125 - Reward: 16.000, Length: 16, Loss: 0.7527, Entropy: 0.6917, Epsilon: 0.691
2026-03-29 16:10:17 | INFO | Episode  126 - Reward: 10.000, Length: 10, Loss: 0.9527, Entropy: 0.6917, Epsilon: 0.688
2026-03-29 16:10:17 | INFO | Episode  127 - Reward: 19.000, Length: 19, Loss: 0.8991, Entropy: 0.6918, Epsilon: 0.686
2026-03-29 16:10:18 | INFO | Episode  128 - Reward: 10.000, Length: 10, Loss: 0.8141, Entropy: 0.6919, Epsilon: 0.683
2026-03-29 16:10:18 | INFO | Episode  129 - Reward: 13.000, Length: 13, Loss: 0.6264, Entropy: 0.6919, Epsilon: 0.681
2026-03-29 16:10:19 | INFO | Episode  130 - Reward: 20.000, Length: 20, Loss: 0.9416, Entropy: 0.6918, Epsilon: 0.678
2026-03-29 16:10:20 | INFO | Episode  131 - Reward: 11.000, Length: 11, Loss: 0.8804, Entropy: 0.6917, Epsilon: 0.676
2026-03-29 16:10:20 | INFO | Episode  132 - Reward: 19.000, Length: 19, Loss: 0.8843, Entropy: 0.6919, Epsilon: 0.673
2026-03-29 16:10:20 | INFO | Episode  133 - Reward: 14.000, Length: 14, Loss: 0.6439, Entropy: 0.6919, Epsilon: 0.671
2026-03-29 16:10:21 | INFO | Episode  134 - Reward: 23.000, Length: 23, Loss: 0.7616, Entropy: 0.6919, Epsilon: 0.668
2026-03-29 16:10:21 | INFO | Episode  135 - Reward: 13.000, Length: 13, Loss: 0.6898, Entropy: 0.6920, Epsilon: 0.666
2026-03-29 16:10:22 | INFO | Episode  136 - Reward: 43.000, Length: 43, Loss: 0.8268, Entropy: 0.6920, Epsilon: 0.663
2026-03-29 16:10:22 | INFO | Episode  137 - Reward: 27.000, Length: 27, Loss: 0.6788, Entropy: 0.6921, Epsilon: 0.661
2026-03-29 16:10:23 | INFO | Episode  138 - Reward: 18.000, Length: 18, Loss: 0.6703, Entropy: 0.6920, Epsilon: 0.658
2026-03-29 16:10:23 | INFO | Episode  139 - Reward: 11.000, Length: 11, Loss: 0.8793, Entropy: 0.6921, Epsilon: 0.656
2026-03-29 16:10:24 | INFO | Episode  140 - Reward: 12.000, Length: 12, Loss: 0.8761, Entropy: 0.6920, Epsilon: 0.653
2026-03-29 16:10:24 | INFO | Episode  141 - Reward: 16.000, Length: 16, Loss: 0.9382, Entropy: 0.6921, Epsilon: 0.651
2026-03-29 16:10:24 | INFO | Episode  142 - Reward: 17.000, Length: 17, Loss: 0.6198, Entropy: 0.6920, Epsilon: 0.649
2026-03-29 16:10:25 | INFO | Episode  143 - Reward: 22.000, Length: 22, Loss: 0.9119, Entropy: 0.6921, Epsilon: 0.646
2026-03-29 16:10:25 | INFO | Episode  144 - Reward: 27.000, Length: 27, Loss: 0.7866, Entropy: 0.6922, Epsilon: 0.644
2026-03-29 16:10:26 | INFO | Episode  145 - Reward: 10.000, Length: 10, Loss: 0.7792, Entropy: 0.6922, Epsilon: 0.641
2026-03-29 16:10:26 | INFO | Episode  146 - Reward: 14.000, Length: 14, Loss: 0.8045, Entropy: 0.6922, Epsilon: 0.639
2026-03-29 16:10:26 | INFO | Episode  147 - Reward: 18.000, Length: 18, Loss: 0.9444, Entropy: 0.6921, Epsilon: 0.636
2026-03-29 16:10:27 | INFO | Episode  148 - Reward: 11.000, Length: 11, Loss: 0.8100, Entropy: 0.6920, Epsilon: 0.634
2026-03-29 16:10:27 | INFO | Episode  149 - Reward: 21.000, Length: 21, Loss: 0.9091, Entropy: 0.6919, Epsilon: 0.631
2026-03-29 16:10:28 | INFO | Episode  150 - Reward: 11.000, Length: 11, Loss: 1.3994, Entropy: 0.6919, Epsilon: 0.629
2026-03-29 16:10:28 | INFO | [Episode  150] eps=0.629  avg_reward=  16.700  avg_length= 16.70  avg_loss=  0.7179  avg_entropy=0.6919  eval_success=0.000
2026-03-29 16:10:29 | INFO | Episode  151 - Reward: 13.000, Length: 13, Loss: 1.1644, Entropy: 0.6921, Epsilon: 0.626
2026-03-29 16:10:29 | INFO | Episode  152 - Reward: 17.000, Length: 17, Loss: 0.8713, Entropy: 0.6915, Epsilon: 0.624
2026-03-29 16:10:29 | INFO | Episode  153 - Reward: 19.000, Length: 19, Loss: 0.9814, Entropy: 0.6917, Epsilon: 0.621
2026-03-29 16:10:30 | INFO | Episode  154 - Reward: 11.000, Length: 11, Loss: 1.2280, Entropy: 0.6922, Epsilon: 0.619
2026-03-29 16:10:30 | INFO | Episode  155 - Reward: 13.000, Length: 13, Loss: 1.1378, Entropy: 0.6923, Epsilon: 0.616
2026-03-29 16:10:31 | INFO | Episode  156 - Reward: 10.000, Length: 10, Loss: 1.0354, Entropy: 0.6922, Epsilon: 0.614
2026-03-29 16:10:31 | INFO | Episode  157 - Reward: 11.000, Length: 11, Loss: 0.8637, Entropy: 0.6923, Epsilon: 0.611
2026-03-29 16:10:31 | INFO | Episode  158 - Reward: 13.000, Length: 13, Loss: 1.1096, Entropy: 0.6922, Epsilon: 0.609
2026-03-29 16:10:32 | INFO | Episode  159 - Reward: 18.000, Length: 18, Loss: 0.9762, Entropy: 0.6924, Epsilon: 0.606
2026-03-29 16:10:32 | INFO | Episode  160 - Reward: 13.000, Length: 13, Loss: 0.9315, Entropy: 0.6923, Epsilon: 0.604
2026-03-29 16:10:33 | INFO | Episode  161 - Reward: 20.000, Length: 20, Loss: 0.9714, Entropy: 0.6922, Epsilon: 0.602
2026-03-29 16:10:33 | INFO | Episode  162 - Reward: 12.000, Length: 12, Loss: 0.9300, Entropy: 0.6924, Epsilon: 0.599
2026-03-29 16:10:34 | INFO | Episode  163 - Reward: 14.000, Length: 14, Loss: 1.1474, Entropy: 0.6924, Epsilon: 0.597
2026-03-29 16:10:34 | INFO | Episode  164 - Reward: 14.000, Length: 14, Loss: 0.7388, Entropy: 0.6921, Epsilon: 0.594
2026-03-29 16:10:35 | INFO | Episode  165 - Reward: 15.000, Length: 15, Loss: 1.2510, Entropy: 0.6924, Epsilon: 0.592
2026-03-29 16:10:35 | INFO | Episode  166 - Reward: 17.000, Length: 17, Loss: 1.1415, Entropy: 0.6926, Epsilon: 0.589
2026-03-29 16:10:35 | INFO | Episode  167 - Reward: 16.000, Length: 16, Loss: 0.9813, Entropy: 0.6925, Epsilon: 0.587
2026-03-29 16:10:36 | INFO | Episode  168 - Reward: 14.000, Length: 14, Loss: 0.8641, Entropy: 0.6926, Epsilon: 0.584
2026-03-29 16:10:36 | INFO | Episode  169 - Reward: 20.000, Length: 20, Loss: 1.0147, Entropy: 0.6921, Epsilon: 0.582
2026-03-29 16:10:37 | INFO | Episode  170 - Reward: 11.000, Length: 11, Loss: 1.0459, Entropy: 0.6921, Epsilon: 0.579
2026-03-29 16:10:37 | INFO | Episode  171 - Reward: 10.000, Length: 10, Loss: 1.0033, Entropy: 0.6916, Epsilon: 0.577
2026-03-29 16:10:38 | INFO | Episode  172 - Reward: 15.000, Length: 15, Loss: 0.9712, Entropy: 0.6921, Epsilon: 0.574
2026-03-29 16:10:38 | INFO | Episode  173 - Reward: 15.000, Length: 15, Loss: 1.0514, Entropy: 0.6920, Epsilon: 0.572
2026-03-29 16:10:39 | INFO | Episode  174 - Reward: 17.000, Length: 17, Loss: 1.1898, Entropy: 0.6923, Epsilon: 0.569
2026-03-29 16:10:39 | INFO | Episode  175 - Reward: 12.000, Length: 12, Loss: 1.2488, Entropy: 0.6917, Epsilon: 0.567
2026-03-29 16:10:40 | INFO | Episode  176 - Reward: 13.000, Length: 13, Loss: 1.1686, Entropy: 0.6920, Epsilon: 0.564
2026-03-29 16:10:40 | INFO | Episode  177 - Reward: 10.000, Length: 10, Loss: 1.0255, Entropy: 0.6920, Epsilon: 0.562
2026-03-29 16:10:41 | INFO | Episode  178 - Reward: 12.000, Length: 12, Loss: 1.0119, Entropy: 0.6925, Epsilon: 0.559
2026-03-29 16:10:41 | INFO | Episode  179 - Reward: 15.000, Length: 15, Loss: 0.7206, Entropy: 0.6923, Epsilon: 0.557
2026-03-29 16:10:42 | INFO | Episode  180 - Reward: 9.000, Length: 9, Loss: 1.0621, Entropy: 0.6921, Epsilon: 0.554
2026-03-29 16:10:42 | INFO | Episode  181 - Reward: 14.000, Length: 14, Loss: 1.2876, Entropy: 0.6906, Epsilon: 0.552
2026-03-29 16:10:42 | INFO | Episode  182 - Reward: 11.000, Length: 11, Loss: 1.2450, Entropy: 0.6902, Epsilon: 0.550
2026-03-29 16:10:43 | INFO | Episode  183 - Reward: 15.000, Length: 15, Loss: 1.1007, Entropy: 0.6913, Epsilon: 0.547
2026-03-29 16:10:43 | INFO | Episode  184 - Reward: 14.000, Length: 14, Loss: 1.0641, Entropy: 0.6911, Epsilon: 0.545
2026-03-29 16:10:44 | INFO | Episode  185 - Reward: 20.000, Length: 20, Loss: 1.2777, Entropy: 0.6920, Epsilon: 0.542
2026-03-29 16:10:44 | INFO | Episode  186 - Reward: 14.000, Length: 14, Loss: 1.5985, Entropy: 0.6922, Epsilon: 0.540
2026-03-29 16:10:45 | INFO | Episode  187 - Reward: 15.000, Length: 15, Loss: 1.2354, Entropy: 0.6920, Epsilon: 0.537
2026-03-29 16:10:45 | INFO | Episode  188 - Reward: 13.000, Length: 13, Loss: 1.3771, Entropy: 0.6921, Epsilon: 0.535
2026-03-29 16:10:46 | INFO | Episode  189 - Reward: 10.000, Length: 10, Loss: 1.2818, Entropy: 0.6918, Epsilon: 0.532
2026-03-29 16:10:46 | INFO | Episode  190 - Reward: 11.000, Length: 11, Loss: 1.4293, Entropy: 0.6913, Epsilon: 0.530
2026-03-29 16:10:46 | INFO | Episode  191 - Reward: 8.000, Length: 8, Loss: 1.1740, Entropy: 0.6916, Epsilon: 0.527
2026-03-29 16:10:47 | INFO | Episode  192 - Reward: 20.000, Length: 20, Loss: 1.1651, Entropy: 0.6921, Epsilon: 0.525
2026-03-29 16:10:47 | INFO | Episode  193 - Reward: 15.000, Length: 15, Loss: 1.3576, Entropy: 0.6924, Epsilon: 0.522
2026-03-29 16:10:48 | INFO | Episode  194 - Reward: 12.000, Length: 12, Loss: 1.1907, Entropy: 0.6924, Epsilon: 0.520
2026-03-29 16:10:48 | INFO | Episode  195 - Reward: 17.000, Length: 17, Loss: 1.8445, Entropy: 0.6923, Epsilon: 0.517
2026-03-29 16:10:49 | INFO | Episode  196 - Reward: 19.000, Length: 19, Loss: 1.3010, Entropy: 0.6918, Epsilon: 0.515
2026-03-29 16:10:49 | INFO | Episode  197 - Reward: 14.000, Length: 14, Loss: 1.0318, Entropy: 0.6920, Epsilon: 0.512
2026-03-29 16:10:49 | INFO | Episode  198 - Reward: 23.000, Length: 23, Loss: 1.3654, Entropy: 0.6918, Epsilon: 0.510
2026-03-29 16:10:50 | INFO | Episode  199 - Reward: 10.000, Length: 10, Loss: 1.3316, Entropy: 0.6915, Epsilon: 0.507
2026-03-29 16:10:50 | INFO | Episode  200 - Reward: 12.000, Length: 12, Loss: 1.3158, Entropy: 0.6920, Epsilon: 0.505
2026-03-29 16:10:51 | INFO | [Episode  200] eps=0.505  avg_reward=  14.120  avg_length= 14.12  avg_loss=  1.1363  avg_entropy=0.6920  eval_success=0.000
2026-03-29 16:10:51 | INFO | Episode  201 - Reward: 22.000, Length: 22, Loss: 1.5330, Entropy: 0.6917, Epsilon: 0.503
2026-03-29 16:10:52 | INFO | Episode  202 - Reward: 12.000, Length: 12, Loss: 1.2971, Entropy: 0.6919, Epsilon: 0.500
2026-03-29 16:10:52 | INFO | Episode  203 - Reward: 10.000, Length: 10, Loss: 1.3515, Entropy: 0.6918, Epsilon: 0.498
2026-03-29 16:10:53 | INFO | Episode  204 - Reward: 18.000, Length: 18, Loss: 1.3355, Entropy: 0.6912, Epsilon: 0.495
2026-03-29 16:10:53 | INFO | Episode  205 - Reward: 17.000, Length: 17, Loss: 1.2662, Entropy: 0.6906, Epsilon: 0.493
2026-03-29 16:10:54 | INFO | Episode  206 - Reward: 14.000, Length: 14, Loss: 1.2107, Entropy: 0.6909, Epsilon: 0.490
2026-03-29 16:10:54 | INFO | Episode  207 - Reward: 14.000, Length: 14, Loss: 1.0519, Entropy: 0.6912, Epsilon: 0.488
2026-03-29 16:10:54 | INFO | Episode  208 - Reward: 11.000, Length: 11, Loss: 1.0819, Entropy: 0.6915, Epsilon: 0.485
2026-03-29 16:10:55 | INFO | Episode  209 - Reward: 16.000, Length: 16, Loss: 1.2227, Entropy: 0.6908, Epsilon: 0.483
2026-03-29 16:10:55 | INFO | Episode  210 - Reward: 15.000, Length: 15, Loss: 1.3616, Entropy: 0.6911, Epsilon: 0.480
2026-03-29 16:10:56 | INFO | Episode  211 - Reward: 18.000, Length: 18, Loss: 1.4214, Entropy: 0.6916, Epsilon: 0.478
2026-03-29 16:10:56 | INFO | Episode  212 - Reward: 15.000, Length: 15, Loss: 0.9812, Entropy: 0.6917, Epsilon: 0.475
2026-03-29 16:10:57 | INFO | Episode  213 - Reward: 26.000, Length: 26, Loss: 1.0775, Entropy: 0.6918, Epsilon: 0.473
2026-03-29 16:10:57 | INFO | Episode  214 - Reward: 18.000, Length: 18, Loss: 1.3915, Entropy: 0.6918, Epsilon: 0.470
2026-03-29 16:10:57 | INFO | Episode  215 - Reward: 18.000, Length: 18, Loss: 1.3507, Entropy: 0.6914, Epsilon: 0.468
2026-03-29 16:10:58 | INFO | Episode  216 - Reward: 19.000, Length: 19, Loss: 1.0647, Entropy: 0.6917, Epsilon: 0.465
2026-03-29 16:10:58 | INFO | Episode  217 - Reward: 21.000, Length: 21, Loss: 1.3516, Entropy: 0.6916, Epsilon: 0.463
2026-03-29 16:10:59 | INFO | Episode  218 - Reward: 13.000, Length: 13, Loss: 1.5719, Entropy: 0.6918, Epsilon: 0.460
2026-03-29 16:10:59 | INFO | Episode  219 - Reward: 18.000, Length: 18, Loss: 1.6858, Entropy: 0.6918, Epsilon: 0.458
2026-03-29 16:11:00 | INFO | Episode  220 - Reward: 24.000, Length: 24, Loss: 1.5289, Entropy: 0.6915, Epsilon: 0.456
2026-03-29 16:11:00 | INFO | Episode  221 - Reward: 21.000, Length: 21, Loss: 1.4628, Entropy: 0.6914, Epsilon: 0.453
2026-03-29 16:11:01 | INFO | Episode  222 - Reward: 32.000, Length: 32, Loss: 1.3119, Entropy: 0.6911, Epsilon: 0.451
2026-03-29 16:11:01 | INFO | Episode  223 - Reward: 33.000, Length: 33, Loss: 1.3897, Entropy: 0.6904, Epsilon: 0.448
2026-03-29 16:11:01 | INFO | Episode  224 - Reward: 11.000, Length: 11, Loss: 1.1487, Entropy: 0.6907, Epsilon: 0.446
2026-03-29 16:11:02 | INFO | Episode  225 - Reward: 29.000, Length: 29, Loss: 1.3962, Entropy: 0.6898, Epsilon: 0.443
2026-03-29 16:11:02 | INFO | Episode  226 - Reward: 62.000, Length: 62, Loss: 1.3778, Entropy: 0.6903, Epsilon: 0.441
2026-03-29 16:11:03 | INFO | Episode  227 - Reward: 83.000, Length: 83, Loss: 1.1589, Entropy: 0.6901, Epsilon: 0.438
2026-03-29 16:11:03 | INFO | Episode  228 - Reward: 21.000, Length: 21, Loss: 1.6167, Entropy: 0.6900, Epsilon: 0.436
2026-03-29 16:11:04 | INFO | Episode  229 - Reward: 24.000, Length: 24, Loss: 1.6007, Entropy: 0.6898, Epsilon: 0.433
2026-03-29 16:11:04 | INFO | Episode  230 - Reward: 39.000, Length: 39, Loss: 1.0672, Entropy: 0.6900, Epsilon: 0.431
2026-03-29 16:11:05 | INFO | Episode  231 - Reward: 32.000, Length: 32, Loss: 1.3403, Entropy: 0.6895, Epsilon: 0.428
2026-03-29 16:11:05 | INFO | Episode  232 - Reward: 30.000, Length: 30, Loss: 1.8218, Entropy: 0.6883, Epsilon: 0.426
2026-03-29 16:11:06 | INFO | Episode  233 - Reward: 33.000, Length: 33, Loss: 1.6687, Entropy: 0.6886, Epsilon: 0.423
2026-03-29 16:11:06 | INFO | Episode  234 - Reward: 46.000, Length: 46, Loss: 1.5549, Entropy: 0.6887, Epsilon: 0.421
2026-03-29 16:11:07 | INFO | Episode  235 - Reward: 51.000, Length: 51, Loss: 1.7411, Entropy: 0.6885, Epsilon: 0.418
2026-03-29 16:11:07 | INFO | Episode  236 - Reward: 38.000, Length: 38, Loss: 1.3287, Entropy: 0.6888, Epsilon: 0.416
2026-03-29 16:11:07 | INFO | Episode  237 - Reward: 26.000, Length: 26, Loss: 1.2801, Entropy: 0.6873, Epsilon: 0.413
2026-03-29 16:11:08 | INFO | Episode  238 - Reward: 62.000, Length: 62, Loss: 1.7341, Entropy: 0.6869, Epsilon: 0.411
2026-03-29 16:11:08 | INFO | Episode  239 - Reward: 33.000, Length: 33, Loss: 1.5797, Entropy: 0.6871, Epsilon: 0.408
2026-03-29 16:11:09 | INFO | Episode  240 - Reward: 34.000, Length: 34, Loss: 1.5754, Entropy: 0.6871, Epsilon: 0.406
2026-03-29 16:11:09 | INFO | Episode  241 - Reward: 25.000, Length: 25, Loss: 1.3358, Entropy: 0.6865, Epsilon: 0.404
2026-03-29 16:11:10 | INFO | Episode  242 - Reward: 29.000, Length: 29, Loss: 1.4062, Entropy: 0.6866, Epsilon: 0.401
2026-03-29 16:11:10 | INFO | Episode  243 - Reward: 68.000, Length: 68, Loss: 1.3863, Entropy: 0.6856, Epsilon: 0.399
2026-03-29 16:11:11 | INFO | Episode  244 - Reward: 49.000, Length: 49, Loss: 1.4264, Entropy: 0.6849, Epsilon: 0.396
2026-03-29 16:11:11 | INFO | Episode  245 - Reward: 29.000, Length: 29, Loss: 0.9018, Entropy: 0.6850, Epsilon: 0.394
2026-03-29 16:11:11 | INFO | Episode  246 - Reward: 30.000, Length: 30, Loss: 1.5114, Entropy: 0.6844, Epsilon: 0.391
2026-03-29 16:11:12 | INFO | Episode  247 - Reward: 51.000, Length: 51, Loss: 1.8300, Entropy: 0.6841, Epsilon: 0.389
2026-03-29 16:11:12 | INFO | Episode  248 - Reward: 45.000, Length: 45, Loss: 2.2810, Entropy: 0.6831, Epsilon: 0.386
2026-03-29 16:11:13 | INFO | Episode  249 - Reward: 31.000, Length: 31, Loss: 1.9511, Entropy: 0.6851, Epsilon: 0.384
2026-03-29 16:11:13 | INFO | Episode  250 - Reward: 32.000, Length: 32, Loss: 1.5563, Entropy: 0.6846, Epsilon: 0.381
2026-03-29 16:11:15 | INFO | [Episode  250] eps=0.381  avg_reward=  29.360  avg_length= 29.36  avg_loss=  1.4176  avg_entropy=0.6846  eval_success=0.000
2026-03-29 16:11:16 | INFO | Episode  251 - Reward: 53.000, Length: 53, Loss: 2.0178, Entropy: 0.6831, Epsilon: 0.379
2026-03-29 16:11:16 | INFO | Episode  252 - Reward: 92.000, Length: 92, Loss: 1.9585, Entropy: 0.6798, Epsilon: 0.376
2026-03-29 16:11:17 | INFO | Episode  253 - Reward: 40.000, Length: 40, Loss: 2.0930, Entropy: 0.6791, Epsilon: 0.374
2026-03-29 16:11:17 | INFO | Episode  254 - Reward: 92.000, Length: 92, Loss: 2.0555, Entropy: 0.6793, Epsilon: 0.371
2026-03-29 16:11:17 | INFO | Episode  255 - Reward: 97.000, Length: 97, Loss: 1.5584, Entropy: 0.6779, Epsilon: 0.369
2026-03-29 16:11:18 | INFO | Episode  256 - Reward: 60.000, Length: 60, Loss: 2.3291, Entropy: 0.6822, Epsilon: 0.366
2026-03-29 16:11:18 | INFO | Episode  257 - Reward: 47.000, Length: 47, Loss: 2.1181, Entropy: 0.6815, Epsilon: 0.364
2026-03-29 16:11:19 | INFO | Episode  258 - Reward: 38.000, Length: 38, Loss: 2.3140, Entropy: 0.6805, Epsilon: 0.361
2026-03-29 16:11:19 | INFO | Episode  259 - Reward: 20.000, Length: 20, Loss: 2.0817, Entropy: 0.6800, Epsilon: 0.359
2026-03-29 16:11:20 | INFO | Episode  260 - Reward: 33.000, Length: 33, Loss: 2.3724, Entropy: 0.6796, Epsilon: 0.357
2026-03-29 16:11:20 | INFO | Episode  261 - Reward: 48.000, Length: 48, Loss: 2.1397, Entropy: 0.6797, Epsilon: 0.354
2026-03-29 16:11:21 | INFO | Episode  262 - Reward: 40.000, Length: 40, Loss: 1.7585, Entropy: 0.6784, Epsilon: 0.352
2026-03-29 16:11:21 | INFO | Episode  263 - Reward: 31.000, Length: 31, Loss: 2.1262, Entropy: 0.6762, Epsilon: 0.349
2026-03-29 16:11:22 | INFO | Episode  264 - Reward: 61.000, Length: 61, Loss: 1.6684, Entropy: 0.6756, Epsilon: 0.347
2026-03-29 16:11:22 | INFO | Episode  265 - Reward: 80.000, Length: 80, Loss: 2.0726, Entropy: 0.6748, Epsilon: 0.344
2026-03-29 16:11:23 | INFO | Episode  266 - Reward: 29.000, Length: 29, Loss: 2.8191, Entropy: 0.6752, Epsilon: 0.342
2026-03-29 16:11:23 | INFO | Episode  267 - Reward: 37.000, Length: 37, Loss: 1.9435, Entropy: 0.6720, Epsilon: 0.339
2026-03-29 16:11:24 | INFO | Episode  268 - Reward: 36.000, Length: 36, Loss: 2.0930, Entropy: 0.6720, Epsilon: 0.337
2026-03-29 16:11:24 | INFO | Episode  269 - Reward: 90.000, Length: 90, Loss: 2.5559, Entropy: 0.6741, Epsilon: 0.334
2026-03-29 16:11:25 | INFO | Episode  270 - Reward: 101.000, Length: 101, Loss: 2.4111, Entropy: 0.6716, Epsilon: 0.332
2026-03-29 16:11:25 | INFO | Episode  271 - Reward: 45.000, Length: 45, Loss: 2.2871, Entropy: 0.6697, Epsilon: 0.329
2026-03-29 16:11:26 | INFO | Episode  272 - Reward: 119.000, Length: 119, Loss: 2.6029, Entropy: 0.6733, Epsilon: 0.327
2026-03-29 16:11:26 | INFO | Episode  273 - Reward: 18.000, Length: 18, Loss: 2.4829, Entropy: 0.6683, Epsilon: 0.324
2026-03-29 16:11:27 | INFO | Episode  274 - Reward: 35.000, Length: 35, Loss: 2.0818, Entropy: 0.6649, Epsilon: 0.322
2026-03-29 16:11:27 | INFO | Episode  275 - Reward: 34.000, Length: 34, Loss: 2.5608, Entropy: 0.6665, Epsilon: 0.319
2026-03-29 16:11:28 | INFO | Episode  276 - Reward: 72.000, Length: 72, Loss: 2.2367, Entropy: 0.6708, Epsilon: 0.317
2026-03-29 16:11:28 | INFO | Episode  277 - Reward: 17.000, Length: 17, Loss: 2.1001, Entropy: 0.6694, Epsilon: 0.314
2026-03-29 16:11:29 | INFO | Episode  278 - Reward: 68.000, Length: 68, Loss: 2.3715, Entropy: 0.6661, Epsilon: 0.312
2026-03-29 16:11:30 | INFO | Episode  279 - Reward: 31.000, Length: 31, Loss: 2.5046, Entropy: 0.6659, Epsilon: 0.309
2026-03-29 16:11:31 | INFO | Episode  280 - Reward: 34.000, Length: 34, Loss: 2.5370, Entropy: 0.6643, Epsilon: 0.307
2026-03-29 16:11:31 | INFO | Episode  281 - Reward: 62.000, Length: 62, Loss: 2.6711, Entropy: 0.6605, Epsilon: 0.305
2026-03-29 16:11:32 | INFO | Episode  282 - Reward: 22.000, Length: 22, Loss: 2.6813, Entropy: 0.6619, Epsilon: 0.302
2026-03-29 16:11:33 | INFO | Episode  283 - Reward: 82.000, Length: 82, Loss: 2.5241, Entropy: 0.6606, Epsilon: 0.300
2026-03-29 16:11:33 | INFO | Episode  284 - Reward: 65.000, Length: 65, Loss: 2.2900, Entropy: 0.6610, Epsilon: 0.297
2026-03-29 16:11:34 | INFO | Episode  285 - Reward: 23.000, Length: 23, Loss: 2.9882, Entropy: 0.6597, Epsilon: 0.295
2026-03-29 16:11:35 | INFO | Episode  286 - Reward: 40.000, Length: 40, Loss: 2.4907, Entropy: 0.6581, Epsilon: 0.292
2026-03-29 16:11:36 | INFO | Episode  287 - Reward: 54.000, Length: 54, Loss: 2.0136, Entropy: 0.6622, Epsilon: 0.290
2026-03-29 16:11:36 | INFO | Episode  288 - Reward: 37.000, Length: 37, Loss: 2.9546, Entropy: 0.6536, Epsilon: 0.287
2026-03-29 16:11:37 | INFO | Episode  289 - Reward: 53.000, Length: 53, Loss: 2.6226, Entropy: 0.6561, Epsilon: 0.285
2026-03-29 16:11:38 | INFO | Episode  290 - Reward: 37.000, Length: 37, Loss: 1.8606, Entropy: 0.6525, Epsilon: 0.282
2026-03-29 16:11:39 | INFO | Episode  291 - Reward: 37.000, Length: 37, Loss: 3.2542, Entropy: 0.6497, Epsilon: 0.280
2026-03-29 16:11:40 | INFO | Episode  292 - Reward: 34.000, Length: 34, Loss: 2.5532, Entropy: 0.6522, Epsilon: 0.277
2026-03-29 16:11:41 | INFO | Episode  293 - Reward: 35.000, Length: 35, Loss: 3.3147, Entropy: 0.6522, Epsilon: 0.275
2026-03-29 16:11:41 | INFO | Episode  294 - Reward: 97.000, Length: 97, Loss: 2.7524, Entropy: 0.6490, Epsilon: 0.272
2026-03-29 16:11:42 | INFO | Episode  295 - Reward: 59.000, Length: 59, Loss: 2.3130, Entropy: 0.6487, Epsilon: 0.270
2026-03-29 16:11:43 | INFO | Episode  296 - Reward: 41.000, Length: 41, Loss: 2.4388, Entropy: 0.6486, Epsilon: 0.267
2026-03-29 16:11:44 | INFO | Episode  297 - Reward: 75.000, Length: 75, Loss: 3.2060, Entropy: 0.6449, Epsilon: 0.265
2026-03-29 16:11:44 | INFO | Episode  298 - Reward: 53.000, Length: 53, Loss: 2.0620, Entropy: 0.6476, Epsilon: 0.262
2026-03-29 16:11:45 | INFO | Episode  299 - Reward: 55.000, Length: 55, Loss: 2.3173, Entropy: 0.6460, Epsilon: 0.260
2026-03-29 16:11:45 | INFO | Episode  300 - Reward: 42.000, Length: 42, Loss: 2.6650, Entropy: 0.6436, Epsilon: 0.258
2026-03-29 16:11:49 | INFO | [Episode  300] eps=0.258  avg_reward=  52.020  avg_length= 52.02  avg_loss=  2.3645  avg_entropy=0.6436  eval_success=0.040
2026-03-29 16:11:50 | INFO | Episode  301 - Reward: 58.000, Length: 58, Loss: 3.0033, Entropy: 0.6466, Epsilon: 0.255
2026-03-29 16:11:50 | INFO | Episode  302 - Reward: 32.000, Length: 32, Loss: 3.0743, Entropy: 0.6426, Epsilon: 0.253
2026-03-29 16:11:51 | INFO | Episode  303 - Reward: 104.000, Length: 104, Loss: 2.4757, Entropy: 0.6452, Epsilon: 0.250
2026-03-29 16:11:51 | INFO | Episode  304 - Reward: 54.000, Length: 54, Loss: 3.4596, Entropy: 0.6454, Epsilon: 0.248
2026-03-29 16:11:52 | INFO | Episode  305 - Reward: 123.000, Length: 123, Loss: 4.0569, Entropy: 0.6433, Epsilon: 0.245
2026-03-29 16:11:52 | INFO | Episode  306 - Reward: 97.000, Length: 97, Loss: 4.2359, Entropy: 0.6459, Epsilon: 0.243
2026-03-29 16:11:53 | INFO | Episode  307 - Reward: 51.000, Length: 51, Loss: 2.2062, Entropy: 0.6466, Epsilon: 0.240
2026-03-29 16:11:54 | INFO | Episode  308 - Reward: 50.000, Length: 50, Loss: 3.5792, Entropy: 0.6302, Epsilon: 0.238
2026-03-29 16:11:54 | INFO | Episode  309 - Reward: 46.000, Length: 46, Loss: 3.0179, Entropy: 0.6344, Epsilon: 0.235
2026-03-29 16:11:55 | INFO | Episode  310 - Reward: 68.000, Length: 68, Loss: 3.1543, Entropy: 0.6318, Epsilon: 0.233
2026-03-29 16:11:55 | INFO | Episode  311 - Reward: 91.000, Length: 91, Loss: 2.9826, Entropy: 0.6297, Epsilon: 0.230
2026-03-29 16:11:56 | INFO | Episode  312 - Reward: 58.000, Length: 58, Loss: 2.7106, Entropy: 0.6379, Epsilon: 0.228
2026-03-29 16:11:57 | INFO | Episode  313 - Reward: 78.000, Length: 78, Loss: 3.6390, Entropy: 0.6334, Epsilon: 0.225
2026-03-29 16:11:57 | INFO | Episode  314 - Reward: 31.000, Length: 31, Loss: 3.0086, Entropy: 0.6356, Epsilon: 0.223
2026-03-29 16:11:58 | INFO | Episode  315 - Reward: 43.000, Length: 43, Loss: 3.3216, Entropy: 0.6323, Epsilon: 0.220
2026-03-29 16:11:59 | INFO | Episode  316 - Reward: 49.000, Length: 49, Loss: 3.7629, Entropy: 0.6322, Epsilon: 0.218
2026-03-29 16:11:59 | INFO | Episode  317 - Reward: 68.000, Length: 68, Loss: 2.9604, Entropy: 0.6332, Epsilon: 0.215
2026-03-29 16:12:00 | INFO | Episode  318 - Reward: 82.000, Length: 82, Loss: 3.2295, Entropy: 0.6310, Epsilon: 0.213
2026-03-29 16:12:01 | INFO | Episode  319 - Reward: 36.000, Length: 36, Loss: 2.4630, Entropy: 0.6268, Epsilon: 0.210
2026-03-29 16:12:01 | INFO | Episode  320 - Reward: 77.000, Length: 77, Loss: 3.4747, Entropy: 0.6253, Epsilon: 0.208
2026-03-29 16:12:02 | INFO | Episode  321 - Reward: 50.000, Length: 50, Loss: 3.0890, Entropy: 0.6288, Epsilon: 0.206
2026-03-29 16:12:02 | INFO | Episode  322 - Reward: 113.000, Length: 113, Loss: 3.8712, Entropy: 0.6248, Epsilon: 0.203
2026-03-29 16:12:03 | INFO | Episode  323 - Reward: 102.000, Length: 102, Loss: 2.6393, Entropy: 0.6222, Epsilon: 0.201
2026-03-29 16:12:04 | INFO | Episode  324 - Reward: 101.000, Length: 101, Loss: 3.9305, Entropy: 0.6269, Epsilon: 0.198
2026-03-29 16:12:05 | INFO | Episode  325 - Reward: 93.000, Length: 93, Loss: 4.6610, Entropy: 0.6153, Epsilon: 0.196
2026-03-29 16:12:05 | INFO | Episode  326 - Reward: 71.000, Length: 71, Loss: 4.5003, Entropy: 0.6232, Epsilon: 0.193
2026-03-29 16:12:06 | INFO | Episode  327 - Reward: 46.000, Length: 46, Loss: 3.4391, Entropy: 0.6183, Epsilon: 0.191
2026-03-29 16:12:06 | INFO | Episode  328 - Reward: 96.000, Length: 96, Loss: 3.5479, Entropy: 0.6139, Epsilon: 0.188
2026-03-29 16:12:07 | INFO | Episode  329 - Reward: 55.000, Length: 55, Loss: 3.6995, Entropy: 0.6152, Epsilon: 0.186
2026-03-29 16:12:08 | INFO | Episode  330 - Reward: 62.000, Length: 62, Loss: 3.2291, Entropy: 0.6190, Epsilon: 0.183
2026-03-29 16:12:08 | INFO | Episode  331 - Reward: 80.000, Length: 80, Loss: 3.9305, Entropy: 0.6158, Epsilon: 0.181
2026-03-29 16:12:09 | INFO | Episode  332 - Reward: 38.000, Length: 38, Loss: 4.0645, Entropy: 0.6125, Epsilon: 0.178
2026-03-29 16:12:10 | INFO | Episode  333 - Reward: 78.000, Length: 78, Loss: 3.3594, Entropy: 0.6137, Epsilon: 0.176
2026-03-29 16:12:10 | INFO | Episode  334 - Reward: 45.000, Length: 45, Loss: 5.2434, Entropy: 0.6129, Epsilon: 0.173
2026-03-29 16:12:11 | INFO | Episode  335 - Reward: 45.000, Length: 45, Loss: 4.9500, Entropy: 0.6189, Epsilon: 0.171
2026-03-29 16:12:12 | INFO | Episode  336 - Reward: 45.000, Length: 45, Loss: 3.6221, Entropy: 0.6175, Epsilon: 0.168
2026-03-29 16:12:12 | INFO | Episode  337 - Reward: 136.000, Length: 136, Loss: 4.2676, Entropy: 0.6074, Epsilon: 0.166
2026-03-29 16:12:13 | INFO | Episode  338 - Reward: 58.000, Length: 58, Loss: 5.1023, Entropy: 0.6099, Epsilon: 0.163
2026-03-29 16:12:14 | INFO | Episode  339 - Reward: 56.000, Length: 56, Loss: 3.6709, Entropy: 0.6062, Epsilon: 0.161
2026-03-29 16:12:14 | INFO | Episode  340 - Reward: 111.000, Length: 111, Loss: 4.9367, Entropy: 0.5982, Epsilon: 0.158
2026-03-29 16:12:15 | INFO | Episode  341 - Reward: 48.000, Length: 48, Loss: 5.8099, Entropy: 0.6041, Epsilon: 0.156
2026-03-29 16:12:16 | INFO | Episode  342 - Reward: 85.000, Length: 85, Loss: 6.6133, Entropy: 0.5966, Epsilon: 0.154
2026-03-29 16:12:16 | INFO | Episode  343 - Reward: 119.000, Length: 119, Loss: 6.5141, Entropy: 0.6120, Epsilon: 0.151
2026-03-29 16:12:17 | INFO | Episode  344 - Reward: 58.000, Length: 58, Loss: 10.4939, Entropy: 0.6090, Epsilon: 0.149
2026-03-29 16:12:18 | INFO | Episode  345 - Reward: 96.000, Length: 96, Loss: 8.2906, Entropy: 0.6065, Epsilon: 0.146
2026-03-29 16:12:18 | INFO | Episode  346 - Reward: 68.000, Length: 68, Loss: 6.1353, Entropy: 0.5989, Epsilon: 0.144
2026-03-29 16:12:19 | INFO | Episode  347 - Reward: 100.000, Length: 100, Loss: 4.4061, Entropy: 0.6041, Epsilon: 0.141
2026-03-29 16:12:20 | INFO | Episode  348 - Reward: 48.000, Length: 48, Loss: 7.1594, Entropy: 0.6002, Epsilon: 0.139
2026-03-29 16:12:20 | INFO | Episode  349 - Reward: 51.000, Length: 51, Loss: 8.9907, Entropy: 0.6010, Epsilon: 0.136
2026-03-29 16:12:21 | INFO | Episode  350 - Reward: 52.000, Length: 52, Loss: 6.1403, Entropy: 0.5936, Epsilon: 0.134
2026-03-29 16:12:27 | INFO | [Episode  350] eps=0.134  avg_reward=  70.040  avg_length= 70.04  avg_loss=  4.2825  avg_entropy=0.5936  eval_success=0.040
2026-03-29 16:12:28 | INFO | Episode  351 - Reward: 190.000, Length: 190, Loss: 6.8184, Entropy: 0.6030, Epsilon: 0.131
2026-03-29 16:12:28 | INFO | Episode  352 - Reward: 62.000, Length: 62, Loss: 6.6015, Entropy: 0.5975, Epsilon: 0.129
2026-03-29 16:12:29 | INFO | Episode  353 - Reward: 115.000, Length: 115, Loss: 4.8429, Entropy: 0.5971, Epsilon: 0.126
2026-03-29 16:12:29 | INFO | Episode  354 - Reward: 125.000, Length: 125, Loss: 4.0806, Entropy: 0.5930, Epsilon: 0.124
2026-03-29 16:12:30 | INFO | Episode  355 - Reward: 78.000, Length: 78, Loss: 3.6855, Entropy: 0.5986, Epsilon: 0.121
2026-03-29 16:12:30 | INFO | Episode  356 - Reward: 46.000, Length: 46, Loss: 4.3587, Entropy: 0.5853, Epsilon: 0.119
2026-03-29 16:12:31 | INFO | Episode  357 - Reward: 79.000, Length: 79, Loss: 3.1686, Entropy: 0.5908, Epsilon: 0.116
2026-03-29 16:12:31 | INFO | Episode  358 - Reward: 101.000, Length: 101, Loss: 2.4175, Entropy: 0.5900, Epsilon: 0.114
2026-03-29 16:12:32 | INFO | Episode  359 - Reward: 129.000, Length: 129, Loss: 4.7433, Entropy: 0.5802, Epsilon: 0.111
2026-03-29 16:12:33 | INFO | Episode  360 - Reward: 72.000, Length: 72, Loss: 7.7321, Entropy: 0.5805, Epsilon: 0.109
2026-03-29 16:12:33 | INFO | Episode  361 - Reward: 176.000, Length: 176, Loss: 8.4666, Entropy: 0.5746, Epsilon: 0.107
2026-03-29 16:12:34 | INFO | Episode  362 - Reward: 74.000, Length: 74, Loss: 7.1709, Entropy: 0.5814, Epsilon: 0.104
2026-03-29 16:12:35 | INFO | Episode  363 - Reward: 87.000, Length: 87, Loss: 4.7019, Entropy: 0.5748, Epsilon: 0.102
2026-03-29 16:12:36 | INFO | Episode  364 - Reward: 167.000, Length: 167, Loss: 3.6966, Entropy: 0.5853, Epsilon: 0.099
2026-03-29 16:12:37 | INFO | Episode  365 - Reward: 96.000, Length: 96, Loss: 3.1413, Entropy: 0.5881, Epsilon: 0.097
2026-03-29 16:12:37 | INFO | Episode  366 - Reward: 106.000, Length: 106, Loss: 3.2666, Entropy: 0.5867, Epsilon: 0.094
2026-03-29 16:12:38 | INFO | Episode  367 - Reward: 96.000, Length: 96, Loss: 3.1602, Entropy: 0.5920, Epsilon: 0.092
2026-03-29 16:12:39 | INFO | Episode  368 - Reward: 200.000, Length: 200, Loss: 4.1245, Entropy: 0.5921, Epsilon: 0.089
2026-03-29 16:12:39 | INFO | Episode  369 - Reward: 98.000, Length: 98, Loss: 4.6900, Entropy: 0.5963, Epsilon: 0.087
2026-03-29 16:12:40 | INFO | Episode  370 - Reward: 200.000, Length: 200, Loss: 3.4318, Entropy: 0.5878, Epsilon: 0.084
2026-03-29 16:12:41 | INFO | Episode  371 - Reward: 135.000, Length: 135, Loss: 4.0105, Entropy: 0.5891, Epsilon: 0.082
2026-03-29 16:12:41 | INFO | Episode  372 - Reward: 152.000, Length: 152, Loss: 3.9108, Entropy: 0.5866, Epsilon: 0.079
2026-03-29 16:12:42 | INFO | Episode  373 - Reward: 103.000, Length: 103, Loss: 5.8686, Entropy: 0.5868, Epsilon: 0.077
2026-03-29 16:12:43 | INFO | Episode  374 - Reward: 126.000, Length: 126, Loss: 7.6210, Entropy: 0.5904, Epsilon: 0.074
2026-03-29 16:12:43 | INFO | Episode  375 - Reward: 72.000, Length: 72, Loss: 3.6070, Entropy: 0.5646, Epsilon: 0.072
2026-03-29 16:12:44 | INFO | Episode  376 - Reward: 200.000, Length: 200, Loss: 2.9972, Entropy: 0.5793, Epsilon: 0.069
2026-03-29 16:12:45 | INFO | Episode  377 - Reward: 170.000, Length: 170, Loss: 3.9425, Entropy: 0.5750, Epsilon: 0.067
2026-03-29 16:12:45 | INFO | Episode  378 - Reward: 189.000, Length: 189, Loss: 2.9830, Entropy: 0.5827, Epsilon: 0.064
2026-03-29 16:12:46 | INFO | Episode  379 - Reward: 139.000, Length: 139, Loss: 2.9649, Entropy: 0.5870, Epsilon: 0.062
2026-03-29 16:12:47 | INFO | Episode  380 - Reward: 137.000, Length: 137, Loss: 3.3323, Entropy: 0.5785, Epsilon: 0.059
2026-03-29 16:12:47 | INFO | Episode  381 - Reward: 115.000, Length: 115, Loss: 4.2115, Entropy: 0.5840, Epsilon: 0.057
2026-03-29 16:12:48 | INFO | Episode  382 - Reward: 125.000, Length: 125, Loss: 6.7808, Entropy: 0.5716, Epsilon: 0.055
2026-03-29 16:12:48 | INFO | Episode  383 - Reward: 154.000, Length: 154, Loss: 10.0567, Entropy: 0.5771, Epsilon: 0.052
2026-03-29 16:12:49 | INFO | Episode  384 - Reward: 112.000, Length: 112, Loss: 14.3376, Entropy: 0.5965, Epsilon: 0.050
2026-03-29 16:12:50 | INFO | Episode  385 - Reward: 200.000, Length: 200, Loss: 2.4830, Entropy: 0.5875, Epsilon: 0.047
2026-03-29 16:12:50 | INFO | Episode  386 - Reward: 120.000, Length: 120, Loss: 2.1261, Entropy: 0.5923, Epsilon: 0.045
2026-03-29 16:12:51 | INFO | Episode  387 - Reward: 140.000, Length: 140, Loss: 2.3129, Entropy: 0.5905, Epsilon: 0.042
2026-03-29 16:12:51 | INFO | Episode  388 - Reward: 187.000, Length: 187, Loss: 2.8946, Entropy: 0.5832, Epsilon: 0.040
2026-03-29 16:12:52 | INFO | Episode  389 - Reward: 125.000, Length: 125, Loss: 2.7919, Entropy: 0.5801, Epsilon: 0.037
2026-03-29 16:12:52 | INFO | Episode  390 - Reward: 200.000, Length: 200, Loss: 2.9898, Entropy: 0.5860, Epsilon: 0.035
2026-03-29 16:12:52 | INFO | Episode  391 - Reward: 200.000, Length: 200, Loss: 2.4049, Entropy: 0.5793, Epsilon: 0.032
2026-03-29 16:12:53 | INFO | Episode  392 - Reward: 200.000, Length: 200, Loss: 2.0735, Entropy: 0.5824, Epsilon: 0.030
2026-03-29 16:12:53 | INFO | Episode  393 - Reward: 188.000, Length: 188, Loss: 1.8660, Entropy: 0.5840, Epsilon: 0.027
2026-03-29 16:12:54 | INFO | Episode  394 - Reward: 172.000, Length: 172, Loss: 4.2290, Entropy: 0.5789, Epsilon: 0.025
2026-03-29 16:12:54 | INFO | Episode  395 - Reward: 182.000, Length: 182, Loss: 2.7624, Entropy: 0.5865, Epsilon: 0.022
2026-03-29 16:12:55 | INFO | Episode  396 - Reward: 156.000, Length: 156, Loss: 3.4113, Entropy: 0.5744, Epsilon: 0.020
2026-03-29 16:12:55 | INFO | Episode  397 - Reward: 200.000, Length: 200, Loss: 3.0957, Entropy: 0.5812, Epsilon: 0.017
2026-03-29 16:12:56 | INFO | Episode  398 - Reward: 200.000, Length: 200, Loss: 2.7489, Entropy: 0.5732, Epsilon: 0.015
2026-03-29 16:12:56 | INFO | Episode  399 - Reward: 192.000, Length: 192, Loss: 3.5351, Entropy: 0.5673, Epsilon: 0.012
2026-03-29 16:12:57 | INFO | Episode  400 - Reward: 200.000, Length: 200, Loss: 7.5509, Entropy: 0.5690, Epsilon: 0.010
2026-03-29 16:13:04 | INFO | [Episode  400] eps=0.010  avg_reward= 141.760  avg_length=141.76  avg_loss=  4.4040  avg_entropy=0.5690  eval_success=1.000
2026-03-29 16:13:05 | INFO | Episode  401 - Reward: 200.000, Length: 200, Loss: 19.0251, Entropy: 0.5737, Epsilon: 0.010
2026-03-29 16:13:05 | INFO | Episode  402 - Reward: 115.000, Length: 115, Loss: 1.9019, Entropy: 0.5731, Epsilon: 0.010
2026-03-29 16:13:06 | INFO | Episode  403 - Reward: 200.000, Length: 200, Loss: 2.7425, Entropy: 0.5708, Epsilon: 0.010
2026-03-29 16:13:06 | INFO | Episode  404 - Reward: 186.000, Length: 186, Loss: 1.4711, Entropy: 0.5694, Epsilon: 0.010
2026-03-29 16:13:06 | INFO | Episode  405 - Reward: 200.000, Length: 200, Loss: 2.9281, Entropy: 0.5825, Epsilon: 0.010
2026-03-29 16:13:07 | INFO | Episode  406 - Reward: 200.000, Length: 200, Loss: 1.4324, Entropy: 0.5832, Epsilon: 0.010
2026-03-29 16:13:07 | INFO | Episode  407 - Reward: 200.000, Length: 200, Loss: 1.4631, Entropy: 0.5792, Epsilon: 0.010
2026-03-29 16:13:08 | INFO | Episode  408 - Reward: 200.000, Length: 200, Loss: 3.2796, Entropy: 0.5833, Epsilon: 0.010
2026-03-29 16:13:08 | INFO | Episode  409 - Reward: 184.000, Length: 184, Loss: 1.5339, Entropy: 0.5852, Epsilon: 0.010
2026-03-29 16:13:09 | INFO | Episode  410 - Reward: 195.000, Length: 195, Loss: 2.7263, Entropy: 0.5855, Epsilon: 0.010
2026-03-29 16:13:09 | INFO | Episode  411 - Reward: 184.000, Length: 184, Loss: 4.1871, Entropy: 0.5795, Epsilon: 0.010
2026-03-29 16:13:09 | INFO | Episode  412 - Reward: 200.000, Length: 200, Loss: 2.9142, Entropy: 0.5847, Epsilon: 0.010
2026-03-29 16:13:10 | INFO | Episode  413 - Reward: 141.000, Length: 141, Loss: 4.3885, Entropy: 0.5821, Epsilon: 0.010
2026-03-29 16:13:10 | INFO | Episode  414 - Reward: 200.000, Length: 200, Loss: 4.5798, Entropy: 0.5887, Epsilon: 0.010
2026-03-29 16:13:11 | INFO | Episode  415 - Reward: 200.000, Length: 200, Loss: 2.6881, Entropy: 0.5803, Epsilon: 0.010
2026-03-29 16:13:11 | INFO | Episode  416 - Reward: 200.000, Length: 200, Loss: 2.5398, Entropy: 0.5712, Epsilon: 0.010
2026-03-29 16:13:12 | INFO | Episode  417 - Reward: 200.000, Length: 200, Loss: 4.5161, Entropy: 0.5721, Epsilon: 0.010
2026-03-29 16:13:12 | INFO | Episode  418 - Reward: 200.000, Length: 200, Loss: 1.9157, Entropy: 0.5757, Epsilon: 0.010
2026-03-29 16:13:13 | INFO | Episode  419 - Reward: 200.000, Length: 200, Loss: 2.0241, Entropy: 0.5761, Epsilon: 0.010
2026-03-29 16:13:13 | INFO | Episode  420 - Reward: 200.000, Length: 200, Loss: 2.1299, Entropy: 0.5768, Epsilon: 0.010
2026-03-29 16:13:14 | INFO | Episode  421 - Reward: 177.000, Length: 177, Loss: 2.2202, Entropy: 0.5709, Epsilon: 0.010
2026-03-29 16:13:14 | INFO | Episode  422 - Reward: 200.000, Length: 200, Loss: 3.8734, Entropy: 0.5593, Epsilon: 0.010
2026-03-29 16:13:15 | INFO | Episode  423 - Reward: 200.000, Length: 200, Loss: 2.5040, Entropy: 0.5833, Epsilon: 0.010
2026-03-29 16:13:15 | INFO | Episode  424 - Reward: 200.000, Length: 200, Loss: 3.6042, Entropy: 0.5849, Epsilon: 0.010
2026-03-29 16:13:16 | INFO | Episode  425 - Reward: 191.000, Length: 191, Loss: 3.1126, Entropy: 0.5843, Epsilon: 0.010
2026-03-29 16:13:16 | INFO | Episode  426 - Reward: 200.000, Length: 200, Loss: 3.0570, Entropy: 0.5794, Epsilon: 0.010
2026-03-29 16:13:16 | INFO | Episode  427 - Reward: 200.000, Length: 200, Loss: 2.7526, Entropy: 0.5737, Epsilon: 0.010
2026-03-29 16:13:17 | INFO | Episode  428 - Reward: 200.000, Length: 200, Loss: 2.1457, Entropy: 0.5784, Epsilon: 0.010
2026-03-29 16:13:17 | INFO | Episode  429 - Reward: 200.000, Length: 200, Loss: 1.7495, Entropy: 0.5822, Epsilon: 0.010
2026-03-29 16:13:18 | INFO | Episode  430 - Reward: 200.000, Length: 200, Loss: 2.2661, Entropy: 0.5765, Epsilon: 0.010
2026-03-29 16:13:18 | INFO | Episode  431 - Reward: 200.000, Length: 200, Loss: 1.9005, Entropy: 0.5754, Epsilon: 0.010
2026-03-29 16:13:19 | INFO | Episode  432 - Reward: 200.000, Length: 200, Loss: 2.2448, Entropy: 0.5798, Epsilon: 0.010
2026-03-29 16:13:19 | INFO | Episode  433 - Reward: 200.000, Length: 200, Loss: 2.8859, Entropy: 0.5839, Epsilon: 0.010
2026-03-29 16:13:20 | INFO | Episode  434 - Reward: 200.000, Length: 200, Loss: 2.5759, Entropy: 0.5859, Epsilon: 0.010
2026-03-29 16:13:20 | INFO | Episode  435 - Reward: 200.000, Length: 200, Loss: 3.8267, Entropy: 0.5773, Epsilon: 0.010
2026-03-29 16:13:21 | INFO | Episode  436 - Reward: 173.000, Length: 173, Loss: 1.4745, Entropy: 0.5863, Epsilon: 0.010
2026-03-29 16:13:21 | INFO | Episode  437 - Reward: 200.000, Length: 200, Loss: 2.5174, Entropy: 0.5811, Epsilon: 0.010
2026-03-29 16:13:22 | INFO | Episode  438 - Reward: 200.000, Length: 200, Loss: 1.6566, Entropy: 0.5872, Epsilon: 0.010
2026-03-29 16:13:22 | INFO | Episode  439 - Reward: 187.000, Length: 187, Loss: 2.6634, Entropy: 0.5767, Epsilon: 0.010
2026-03-29 16:13:23 | INFO | Episode  440 - Reward: 200.000, Length: 200, Loss: 2.3801, Entropy: 0.5867, Epsilon: 0.010
2026-03-29 16:13:23 | INFO | Episode  441 - Reward: 200.000, Length: 200, Loss: 2.3681, Entropy: 0.5810, Epsilon: 0.010
2026-03-29 16:13:23 | INFO | Episode  442 - Reward: 200.000, Length: 200, Loss: 2.0282, Entropy: 0.5882, Epsilon: 0.010
2026-03-29 16:13:24 | INFO | Episode  443 - Reward: 200.000, Length: 200, Loss: 3.2748, Entropy: 0.5887, Epsilon: 0.010
2026-03-29 16:13:24 | INFO | Episode  444 - Reward: 200.000, Length: 200, Loss: 3.3717, Entropy: 0.5919, Epsilon: 0.010
2026-03-29 16:13:25 | INFO | Episode  445 - Reward: 181.000, Length: 181, Loss: 3.3691, Entropy: 0.5942, Epsilon: 0.010
2026-03-29 16:13:25 | INFO | Episode  446 - Reward: 193.000, Length: 193, Loss: 1.4700, Entropy: 0.5976, Epsilon: 0.010
2026-03-29 16:13:26 | INFO | Episode  447 - Reward: 200.000, Length: 200, Loss: 1.0918, Entropy: 0.6017, Epsilon: 0.010
2026-03-29 16:13:26 | INFO | Episode  448 - Reward: 194.000, Length: 194, Loss: 2.0436, Entropy: 0.5989, Epsilon: 0.010
2026-03-29 16:13:27 | INFO | Episode  449 - Reward: 200.000, Length: 200, Loss: 3.1808, Entropy: 0.6034, Epsilon: 0.010
2026-03-29 16:13:27 | INFO | Episode  450 - Reward: 186.000, Length: 186, Loss: 4.1583, Entropy: 0.6032, Epsilon: 0.010
2026-03-29 16:13:35 | INFO | [Episode  450] eps=0.010  avg_reward= 193.740  avg_length=193.74  avg_loss=  2.9631  avg_entropy=0.6032  eval_success=1.000
2026-03-29 16:13:36 | INFO | Episode  451 - Reward: 200.000, Length: 200, Loss: 1.5778, Entropy: 0.6017, Epsilon: 0.010
2026-03-29 16:13:36 | INFO | Episode  452 - Reward: 174.000, Length: 174, Loss: 1.0653, Entropy: 0.6113, Epsilon: 0.010
2026-03-29 16:13:36 | INFO | Episode  453 - Reward: 200.000, Length: 200, Loss: 0.6617, Entropy: 0.6062, Epsilon: 0.010
2026-03-29 16:13:37 | INFO | Episode  454 - Reward: 200.000, Length: 200, Loss: 1.8539, Entropy: 0.6174, Epsilon: 0.010
2026-03-29 16:13:37 | INFO | Episode  455 - Reward: 200.000, Length: 200, Loss: 1.5722, Entropy: 0.6191, Epsilon: 0.010
2026-03-29 16:13:38 | INFO | Episode  456 - Reward: 200.000, Length: 200, Loss: 1.9637, Entropy: 0.6153, Epsilon: 0.010
2026-03-29 16:13:38 | INFO | Episode  457 - Reward: 200.000, Length: 200, Loss: 2.3176, Entropy: 0.6205, Epsilon: 0.010
2026-03-29 16:13:39 | INFO | Episode  458 - Reward: 183.000, Length: 183, Loss: 1.8337, Entropy: 0.6223, Epsilon: 0.010
2026-03-29 16:13:39 | INFO | Episode  459 - Reward: 200.000, Length: 200, Loss: 2.4060, Entropy: 0.6152, Epsilon: 0.010
2026-03-29 16:13:40 | INFO | Episode  460 - Reward: 200.000, Length: 200, Loss: 1.3409, Entropy: 0.6242, Epsilon: 0.010
2026-03-29 16:13:40 | INFO | Episode  461 - Reward: 187.000, Length: 187, Loss: 1.1258, Entropy: 0.6288, Epsilon: 0.010
2026-03-29 16:13:41 | INFO | Episode  462 - Reward: 200.000, Length: 200, Loss: 1.2594, Entropy: 0.6216, Epsilon: 0.010
2026-03-29 16:13:41 | INFO | Episode  463 - Reward: 200.000, Length: 200, Loss: 0.8870, Entropy: 0.6225, Epsilon: 0.010
2026-03-29 16:13:42 | INFO | Episode  464 - Reward: 200.000, Length: 200, Loss: 1.6671, Entropy: 0.6213, Epsilon: 0.010
2026-03-29 16:13:42 | INFO | Episode  465 - Reward: 194.000, Length: 194, Loss: 1.3395, Entropy: 0.6283, Epsilon: 0.010
2026-03-29 16:13:42 | INFO | Episode  466 - Reward: 188.000, Length: 188, Loss: 0.8962, Entropy: 0.6310, Epsilon: 0.010
2026-03-29 16:13:43 | INFO | Episode  467 - Reward: 200.000, Length: 200, Loss: 2.6184, Entropy: 0.6239, Epsilon: 0.010
2026-03-29 16:13:43 | INFO | Episode  468 - Reward: 185.000, Length: 185, Loss: 3.1534, Entropy: 0.6227, Epsilon: 0.010
2026-03-29 16:13:44 | INFO | Episode  469 - Reward: 200.000, Length: 200, Loss: 1.2274, Entropy: 0.6350, Epsilon: 0.010
2026-03-29 16:13:44 | INFO | Episode  470 - Reward: 179.000, Length: 179, Loss: 0.8697, Entropy: 0.6309, Epsilon: 0.010
2026-03-29 16:13:45 | INFO | Episode  471 - Reward: 181.000, Length: 181, Loss: 1.2534, Entropy: 0.6328, Epsilon: 0.010
2026-03-29 16:13:45 | INFO | Episode  472 - Reward: 200.000, Length: 200, Loss: 1.0431, Entropy: 0.6370, Epsilon: 0.010
2026-03-29 16:13:46 | INFO | Episode  473 - Reward: 195.000, Length: 195, Loss: 0.5581, Entropy: 0.6346, Epsilon: 0.010
2026-03-29 16:13:46 | INFO | Episode  474 - Reward: 177.000, Length: 177, Loss: 1.1692, Entropy: 0.6390, Epsilon: 0.010
2026-03-29 16:13:47 | INFO | Episode  475 - Reward: 200.000, Length: 200, Loss: 1.6725, Entropy: 0.6413, Epsilon: 0.010
2026-03-29 16:13:47 | INFO | Episode  476 - Reward: 194.000, Length: 194, Loss: 1.4868, Entropy: 0.6365, Epsilon: 0.010
2026-03-29 16:13:48 | INFO | Episode  477 - Reward: 200.000, Length: 200, Loss: 1.6714, Entropy: 0.6414, Epsilon: 0.010
2026-03-29 16:13:48 | INFO | Episode  478 - Reward: 200.000, Length: 200, Loss: 1.8757, Entropy: 0.6364, Epsilon: 0.010
2026-03-29 16:13:49 | INFO | Episode  479 - Reward: 159.000, Length: 159, Loss: 1.1208, Entropy: 0.6389, Epsilon: 0.010
2026-03-29 16:13:49 | INFO | Episode  480 - Reward: 200.000, Length: 200, Loss: 1.0212, Entropy: 0.6418, Epsilon: 0.010
2026-03-29 16:13:50 | INFO | Episode  481 - Reward: 170.000, Length: 170, Loss: 1.0185, Entropy: 0.6434, Epsilon: 0.010
2026-03-29 16:13:50 | INFO | Episode  482 - Reward: 200.000, Length: 200, Loss: 1.3355, Entropy: 0.6446, Epsilon: 0.010
2026-03-29 16:13:51 | INFO | Episode  483 - Reward: 200.000, Length: 200, Loss: 0.5064, Entropy: 0.6446, Epsilon: 0.010
2026-03-29 16:13:51 | INFO | Episode  484 - Reward: 182.000, Length: 182, Loss: 0.6108, Entropy: 0.6435, Epsilon: 0.010
2026-03-29 16:13:52 | INFO | Episode  485 - Reward: 186.000, Length: 186, Loss: 1.0387, Entropy: 0.6491, Epsilon: 0.010
2026-03-29 16:13:52 | INFO | Episode  486 - Reward: 178.000, Length: 178, Loss: 0.6682, Entropy: 0.6506, Epsilon: 0.010
2026-03-29 16:13:52 | INFO | Episode  487 - Reward: 200.000, Length: 200, Loss: 0.6414, Entropy: 0.6484, Epsilon: 0.010
2026-03-29 16:13:53 | INFO | Episode  488 - Reward: 200.000, Length: 200, Loss: 0.9109, Entropy: 0.6496, Epsilon: 0.010
2026-03-29 16:13:53 | INFO | Episode  489 - Reward: 163.000, Length: 163, Loss: 1.1267, Entropy: 0.6481, Epsilon: 0.010
2026-03-29 16:13:54 | INFO | Episode  490 - Reward: 169.000, Length: 169, Loss: 0.7052, Entropy: 0.6478, Epsilon: 0.010
2026-03-29 16:13:54 | INFO | Episode  491 - Reward: 166.000, Length: 166, Loss: 0.5533, Entropy: 0.6526, Epsilon: 0.010
2026-03-29 16:13:55 | INFO | Episode  492 - Reward: 164.000, Length: 164, Loss: 0.6195, Entropy: 0.6547, Epsilon: 0.010
2026-03-29 16:13:55 | INFO | Episode  493 - Reward: 196.000, Length: 196, Loss: 0.6792, Entropy: 0.6551, Epsilon: 0.010
2026-03-29 16:13:56 | INFO | Episode  494 - Reward: 182.000, Length: 182, Loss: 0.7806, Entropy: 0.6512, Epsilon: 0.010
2026-03-29 16:13:56 | INFO | Episode  495 - Reward: 179.000, Length: 179, Loss: 0.9076, Entropy: 0.6560, Epsilon: 0.010
2026-03-29 16:13:57 | INFO | Episode  496 - Reward: 150.000, Length: 150, Loss: 1.2608, Entropy: 0.6576, Epsilon: 0.010
2026-03-29 16:13:58 | INFO | Episode  497 - Reward: 171.000, Length: 171, Loss: 1.5046, Entropy: 0.6580, Epsilon: 0.010
2026-03-29 16:13:58 | INFO | Episode  498 - Reward: 180.000, Length: 180, Loss: 2.3647, Entropy: 0.6585, Epsilon: 0.010
2026-03-29 16:13:59 | INFO | Episode  499 - Reward: 188.000, Length: 188, Loss: 0.5158, Entropy: 0.6588, Epsilon: 0.010
2026-03-29 16:14:00 | INFO | Episode  500 - Reward: 142.000, Length: 142, Loss: 0.3720, Entropy: 0.6524, Epsilon: 0.010
2026-03-29 16:14:08 | INFO | [Episode  500] eps=0.010  avg_reward= 187.240  avg_length=187.24  avg_loss=  1.2526  avg_entropy=0.6524  eval_success=0.000
2026-03-29 16:14:08 | INFO | DQN+Entropy training: 5m 15.55s
2026-03-29 16:14:37 | INFO | [Final Eval] success=0.000, mean_reward=145.260
