2026-03-29 17:02:08 | INFO | ============================================================
2026-03-29 17:02:08 | INFO | DEVICE / COMPUTE INFORMATION
2026-03-29 17:02:08 | INFO |   JAX backend       : CPU
2026-03-29 17:02:08 | INFO |   Platform          : cpu
2026-03-29 17:02:08 | INFO |   Num devices       : 1
2026-03-29 17:02:08 | INFO |   Device            : TFRT_CPU_0
2026-03-29 17:02:08 | INFO | ============================================================
2026-03-29 17:02:08 | INFO | DQN+Entropy | seed=3, lr=0.0005, gamma=0.99, alpha=0.05
2026-03-29 17:02:08 | INFO | Env: cartpole/dense, obs_dim=4, num_actions=2
2026-03-29 17:02:09 | INFO | Episode    1 - Reward: 14.000, Length: 14, Loss: 0.0000, Entropy: 0.0000, Epsilon: 0.998
2026-03-29 17:02:10 | INFO | Episode    2 - Reward: 26.000, Length: 26, Loss: 0.0000, Entropy: 0.0000, Epsilon: 0.995
2026-03-29 17:02:10 | INFO | Episode    3 - Reward: 29.000, Length: 29, Loss: 0.0000, Entropy: 0.0000, Epsilon: 0.993
2026-03-29 17:02:10 | INFO | Episode    4 - Reward: 16.000, Length: 16, Loss: 0.0000, Entropy: 0.0000, Epsilon: 0.990
2026-03-29 17:02:11 | INFO | Episode    5 - Reward: 19.000, Length: 19, Loss: 0.0000, Entropy: 0.0000, Epsilon: 0.988
2026-03-29 17:02:11 | INFO | Episode    6 - Reward: 12.000, Length: 12, Loss: 0.0000, Entropy: 0.0000, Epsilon: 0.985
2026-03-29 17:02:12 | INFO | Episode    7 - Reward: 18.000, Length: 18, Loss: 0.0000, Entropy: 0.0000, Epsilon: 0.983
2026-03-29 17:02:12 | INFO | Episode    8 - Reward: 22.000, Length: 22, Loss: 0.0000, Entropy: 0.0000, Epsilon: 0.980
2026-03-29 17:02:13 | INFO | Episode    9 - Reward: 13.000, Length: 13, Loss: 0.0000, Entropy: 0.0000, Epsilon: 0.978
2026-03-29 17:02:13 | INFO | Episode   10 - Reward: 11.000, Length: 11, Loss: 0.0000, Entropy: 0.0000, Epsilon: 0.975
2026-03-29 17:02:14 | INFO | Episode   11 - Reward: 13.000, Length: 13, Loss: 0.0000, Entropy: 0.0000, Epsilon: 0.973
2026-03-29 17:02:14 | INFO | Episode   12 - Reward: 31.000, Length: 31, Loss: 0.0000, Entropy: 0.0000, Epsilon: 0.970
2026-03-29 17:02:15 | INFO | Episode   13 - Reward: 16.000, Length: 16, Loss: 0.0000, Entropy: 0.0000, Epsilon: 0.968
2026-03-29 17:02:16 | INFO | Episode   14 - Reward: 18.000, Length: 18, Loss: 0.9824, Entropy: 0.6931, Epsilon: 0.965
2026-03-29 17:02:16 | INFO | Episode   15 - Reward: 17.000, Length: 17, Loss: 0.9772, Entropy: 0.6931, Epsilon: 0.963
2026-03-29 17:02:17 | INFO | Episode   16 - Reward: 14.000, Length: 14, Loss: 0.9724, Entropy: 0.6931, Epsilon: 0.960
2026-03-29 17:02:17 | INFO | Episode   17 - Reward: 11.000, Length: 11, Loss: 0.9655, Entropy: 0.6931, Epsilon: 0.958
2026-03-29 17:02:18 | INFO | Episode   18 - Reward: 16.000, Length: 16, Loss: 0.9615, Entropy: 0.6931, Epsilon: 0.955
2026-03-29 17:02:18 | INFO | Episode   19 - Reward: 20.000, Length: 20, Loss: 0.9557, Entropy: 0.6931, Epsilon: 0.953
2026-03-29 17:02:19 | INFO | Episode   20 - Reward: 30.000, Length: 30, Loss: 0.9479, Entropy: 0.6931, Epsilon: 0.951
2026-03-29 17:02:19 | INFO | Episode   21 - Reward: 26.000, Length: 26, Loss: 0.9431, Entropy: 0.6931, Epsilon: 0.948
2026-03-29 17:02:20 | INFO | Episode   22 - Reward: 90.000, Length: 90, Loss: 0.9372, Entropy: 0.6931, Epsilon: 0.946
2026-03-29 17:02:20 | INFO | Episode   23 - Reward: 14.000, Length: 14, Loss: 0.9299, Entropy: 0.6931, Epsilon: 0.943
2026-03-29 17:02:21 | INFO | Episode   24 - Reward: 39.000, Length: 39, Loss: 0.9254, Entropy: 0.6931, Epsilon: 0.941
2026-03-29 17:02:21 | INFO | Episode   25 - Reward: 10.000, Length: 10, Loss: 0.9780, Entropy: 0.6931, Epsilon: 0.938
2026-03-29 17:02:22 | INFO | Episode   26 - Reward: 15.000, Length: 15, Loss: 0.9702, Entropy: 0.6931, Epsilon: 0.936
2026-03-29 17:02:22 | INFO | Episode   27 - Reward: 14.000, Length: 14, Loss: 0.9660, Entropy: 0.6931, Epsilon: 0.933
2026-03-29 17:02:23 | INFO | Episode   28 - Reward: 20.000, Length: 20, Loss: 0.9613, Entropy: 0.6931, Epsilon: 0.931
2026-03-29 17:02:23 | INFO | Episode   29 - Reward: 13.000, Length: 13, Loss: 0.9585, Entropy: 0.6931, Epsilon: 0.928
2026-03-29 17:02:23 | INFO | Episode   30 - Reward: 47.000, Length: 47, Loss: 0.9496, Entropy: 0.6931, Epsilon: 0.926
2026-03-29 17:02:24 | INFO | Episode   31 - Reward: 31.000, Length: 31, Loss: 0.9439, Entropy: 0.6931, Epsilon: 0.923
2026-03-29 17:02:24 | INFO | Episode   32 - Reward: 10.000, Length: 10, Loss: 0.9408, Entropy: 0.6931, Epsilon: 0.921
2026-03-29 17:02:25 | INFO | Episode   33 - Reward: 13.000, Length: 13, Loss: 0.9344, Entropy: 0.6931, Epsilon: 0.918
2026-03-29 17:02:25 | INFO | Episode   34 - Reward: 12.000, Length: 12, Loss: 0.9272, Entropy: 0.6931, Epsilon: 0.916
2026-03-29 17:02:26 | INFO | Episode   35 - Reward: 31.000, Length: 31, Loss: 0.9228, Entropy: 0.6931, Epsilon: 0.913
2026-03-29 17:02:26 | INFO | Episode   36 - Reward: 26.000, Length: 26, Loss: 0.9170, Entropy: 0.6931, Epsilon: 0.911
2026-03-29 17:02:27 | INFO | Episode   37 - Reward: 32.000, Length: 32, Loss: 0.9109, Entropy: 0.6931, Epsilon: 0.908
2026-03-29 17:02:28 | INFO | Episode   38 - Reward: 48.000, Length: 48, Loss: 0.9052, Entropy: 0.6931, Epsilon: 0.906
2026-03-29 17:02:28 | INFO | Episode   39 - Reward: 12.000, Length: 12, Loss: 0.9005, Entropy: 0.6931, Epsilon: 0.903
2026-03-29 17:02:29 | INFO | Episode   40 - Reward: 17.000, Length: 17, Loss: 0.8945, Entropy: 0.6930, Epsilon: 0.901
2026-03-29 17:02:30 | INFO | Episode   41 - Reward: 12.000, Length: 12, Loss: 0.8921, Entropy: 0.6931, Epsilon: 0.899
2026-03-29 17:02:30 | INFO | Episode   42 - Reward: 19.000, Length: 19, Loss: 0.8861, Entropy: 0.6931, Epsilon: 0.896
2026-03-29 17:02:31 | INFO | Episode   43 - Reward: 30.000, Length: 30, Loss: 0.8797, Entropy: 0.6930, Epsilon: 0.894
2026-03-29 17:02:32 | INFO | Episode   44 - Reward: 20.000, Length: 20, Loss: 0.8756, Entropy: 0.6930, Epsilon: 0.891
2026-03-29 17:02:32 | INFO | Episode   45 - Reward: 14.000, Length: 14, Loss: 0.8711, Entropy: 0.6930, Epsilon: 0.889
2026-03-29 17:02:33 | INFO | Episode   46 - Reward: 27.000, Length: 27, Loss: 0.8658, Entropy: 0.6930, Epsilon: 0.886
2026-03-29 17:02:34 | INFO | Episode   47 - Reward: 11.000, Length: 11, Loss: 0.9753, Entropy: 0.6930, Epsilon: 0.884
2026-03-29 17:02:34 | INFO | Episode   48 - Reward: 16.000, Length: 16, Loss: 0.9672, Entropy: 0.6930, Epsilon: 0.881
2026-03-29 17:02:35 | INFO | Episode   49 - Reward: 20.000, Length: 20, Loss: 0.9630, Entropy: 0.6930, Epsilon: 0.879
2026-03-29 17:02:35 | INFO | Episode   50 - Reward: 26.000, Length: 26, Loss: 0.9595, Entropy: 0.6930, Epsilon: 0.876
2026-03-29 17:02:37 | INFO | [Episode   50] eps=0.876  avg_reward=  21.620  avg_length= 21.62  avg_loss=  0.6923  avg_entropy=0.6930  eval_success=0.000
2026-03-29 17:02:37 | INFO | Episode   51 - Reward: 24.000, Length: 24, Loss: 0.9512, Entropy: 0.6930, Epsilon: 0.874
2026-03-29 17:02:38 | INFO | Episode   52 - Reward: 17.000, Length: 17, Loss: 0.9487, Entropy: 0.6930, Epsilon: 0.871
2026-03-29 17:02:38 | INFO | Episode   53 - Reward: 12.000, Length: 12, Loss: 0.9415, Entropy: 0.6930, Epsilon: 0.869
2026-03-29 17:02:39 | INFO | Episode   54 - Reward: 28.000, Length: 28, Loss: 0.9362, Entropy: 0.6930, Epsilon: 0.866
2026-03-29 17:02:39 | INFO | Episode   55 - Reward: 14.000, Length: 14, Loss: 0.9315, Entropy: 0.6930, Epsilon: 0.864
2026-03-29 17:02:40 | INFO | Episode   56 - Reward: 23.000, Length: 23, Loss: 0.9209, Entropy: 0.6930, Epsilon: 0.861
2026-03-29 17:02:40 | INFO | Episode   57 - Reward: 40.000, Length: 40, Loss: 0.9160, Entropy: 0.6930, Epsilon: 0.859
2026-03-29 17:02:41 | INFO | Episode   58 - Reward: 12.000, Length: 12, Loss: 0.9153, Entropy: 0.6930, Epsilon: 0.856
2026-03-29 17:02:41 | INFO | Episode   59 - Reward: 38.000, Length: 38, Loss: 0.9083, Entropy: 0.6930, Epsilon: 0.854
2026-03-29 17:02:42 | INFO | Episode   60 - Reward: 21.000, Length: 21, Loss: 0.9016, Entropy: 0.6930, Epsilon: 0.852
2026-03-29 17:02:42 | INFO | Episode   61 - Reward: 11.000, Length: 11, Loss: 0.8984, Entropy: 0.6930, Epsilon: 0.849
2026-03-29 17:02:43 | INFO | Episode   62 - Reward: 12.000, Length: 12, Loss: 0.8936, Entropy: 0.6930, Epsilon: 0.847
2026-03-29 17:02:43 | INFO | Episode   63 - Reward: 11.000, Length: 11, Loss: 0.8861, Entropy: 0.6930, Epsilon: 0.844
2026-03-29 17:02:44 | INFO | Episode   64 - Reward: 32.000, Length: 32, Loss: 0.8778, Entropy: 0.6930, Epsilon: 0.842
2026-03-29 17:02:44 | INFO | Episode   65 - Reward: 26.000, Length: 26, Loss: 0.8749, Entropy: 0.6930, Epsilon: 0.839
2026-03-29 17:02:45 | INFO | Episode   66 - Reward: 12.000, Length: 12, Loss: 0.8707, Entropy: 0.6930, Epsilon: 0.837
2026-03-29 17:02:46 | INFO | Episode   67 - Reward: 13.000, Length: 13, Loss: 0.8616, Entropy: 0.6930, Epsilon: 0.834
2026-03-29 17:02:46 | INFO | Episode   68 - Reward: 10.000, Length: 10, Loss: 0.8595, Entropy: 0.6930, Epsilon: 0.832
2026-03-29 17:02:47 | INFO | Episode   69 - Reward: 13.000, Length: 13, Loss: 0.8542, Entropy: 0.6929, Epsilon: 0.829
2026-03-29 17:02:47 | INFO | Episode   70 - Reward: 21.000, Length: 21, Loss: 0.8465, Entropy: 0.6929, Epsilon: 0.827
2026-03-29 17:02:48 | INFO | Episode   71 - Reward: 30.000, Length: 30, Loss: 0.8421, Entropy: 0.6929, Epsilon: 0.824
2026-03-29 17:02:49 | INFO | Episode   72 - Reward: 34.000, Length: 34, Loss: 0.9770, Entropy: 0.6930, Epsilon: 0.822
2026-03-29 17:02:49 | INFO | Episode   73 - Reward: 12.000, Length: 12, Loss: 0.9668, Entropy: 0.6929, Epsilon: 0.819
2026-03-29 17:02:50 | INFO | Episode   74 - Reward: 14.000, Length: 14, Loss: 0.9662, Entropy: 0.6929, Epsilon: 0.817
2026-03-29 17:02:51 | INFO | Episode   75 - Reward: 12.000, Length: 12, Loss: 0.9570, Entropy: 0.6929, Epsilon: 0.814
2026-03-29 17:02:51 | INFO | Episode   76 - Reward: 21.000, Length: 21, Loss: 0.9478, Entropy: 0.6929, Epsilon: 0.812
2026-03-29 17:02:52 | INFO | Episode   77 - Reward: 14.000, Length: 14, Loss: 0.9430, Entropy: 0.6929, Epsilon: 0.809
2026-03-29 17:02:52 | INFO | Episode   78 - Reward: 37.000, Length: 37, Loss: 0.9420, Entropy: 0.6929, Epsilon: 0.807
2026-03-29 17:02:53 | INFO | Episode   79 - Reward: 11.000, Length: 11, Loss: 0.9371, Entropy: 0.6929, Epsilon: 0.804
2026-03-29 17:02:54 | INFO | Episode   80 - Reward: 26.000, Length: 26, Loss: 0.9269, Entropy: 0.6929, Epsilon: 0.802
2026-03-29 17:02:54 | INFO | Episode   81 - Reward: 11.000, Length: 11, Loss: 0.9187, Entropy: 0.6928, Epsilon: 0.800
2026-03-29 17:02:55 | INFO | Episode   82 - Reward: 11.000, Length: 11, Loss: 0.9163, Entropy: 0.6928, Epsilon: 0.797
2026-03-29 17:02:56 | INFO | Episode   83 - Reward: 14.000, Length: 14, Loss: 0.9082, Entropy: 0.6928, Epsilon: 0.795
2026-03-29 17:02:56 | INFO | Episode   84 - Reward: 23.000, Length: 23, Loss: 0.9011, Entropy: 0.6928, Epsilon: 0.792
2026-03-29 17:02:57 | INFO | Episode   85 - Reward: 16.000, Length: 16, Loss: 0.8929, Entropy: 0.6928, Epsilon: 0.790
2026-03-29 17:02:57 | INFO | Episode   86 - Reward: 14.000, Length: 14, Loss: 0.8937, Entropy: 0.6928, Epsilon: 0.787
2026-03-29 17:02:58 | INFO | Episode   87 - Reward: 36.000, Length: 36, Loss: 0.8927, Entropy: 0.6928, Epsilon: 0.785
2026-03-29 17:02:59 | INFO | Episode   88 - Reward: 19.000, Length: 19, Loss: 0.8814, Entropy: 0.6928, Epsilon: 0.782
2026-03-29 17:02:59 | INFO | Episode   89 - Reward: 12.000, Length: 12, Loss: 0.8733, Entropy: 0.6928, Epsilon: 0.780
2026-03-29 17:03:00 | INFO | Episode   90 - Reward: 9.000, Length: 9, Loss: 0.8741, Entropy: 0.6928, Epsilon: 0.777
2026-03-29 17:03:01 | INFO | Episode   91 - Reward: 26.000, Length: 26, Loss: 0.8661, Entropy: 0.6927, Epsilon: 0.775
2026-03-29 17:03:01 | INFO | Episode   92 - Reward: 18.000, Length: 18, Loss: 0.8634, Entropy: 0.6927, Epsilon: 0.772
2026-03-29 17:03:02 | INFO | Episode   93 - Reward: 33.000, Length: 33, Loss: 0.8576, Entropy: 0.6927, Epsilon: 0.770
2026-03-29 17:03:02 | INFO | Episode   94 - Reward: 14.000, Length: 14, Loss: 0.8484, Entropy: 0.6927, Epsilon: 0.767
2026-03-29 17:03:03 | INFO | Episode   95 - Reward: 14.000, Length: 14, Loss: 0.8426, Entropy: 0.6927, Epsilon: 0.765
2026-03-29 17:03:04 | INFO | Episode   96 - Reward: 27.000, Length: 27, Loss: 0.8385, Entropy: 0.6927, Epsilon: 0.762
2026-03-29 17:03:04 | INFO | Episode   97 - Reward: 40.000, Length: 40, Loss: 0.8337, Entropy: 0.6927, Epsilon: 0.760
2026-03-29 17:03:05 | INFO | Episode   98 - Reward: 18.000, Length: 18, Loss: 0.9825, Entropy: 0.6927, Epsilon: 0.757
2026-03-29 17:03:06 | INFO | Episode   99 - Reward: 13.000, Length: 13, Loss: 0.9788, Entropy: 0.6926, Epsilon: 0.755
2026-03-29 17:03:06 | INFO | Episode  100 - Reward: 29.000, Length: 29, Loss: 0.9746, Entropy: 0.6926, Epsilon: 0.752
2026-03-29 17:03:07 | INFO | [Episode  100] eps=0.752  avg_reward=  19.960  avg_length= 19.96  avg_loss=  0.9048  avg_entropy=0.6926  eval_success=0.000
2026-03-29 17:03:07 | INFO | Episode  101 - Reward: 15.000, Length: 15, Loss: 0.9760, Entropy: 0.6926, Epsilon: 0.750
2026-03-29 17:03:08 | INFO | Episode  102 - Reward: 19.000, Length: 19, Loss: 0.9654, Entropy: 0.6926, Epsilon: 0.748
2026-03-29 17:03:09 | INFO | Episode  103 - Reward: 15.000, Length: 15, Loss: 0.9531, Entropy: 0.6926, Epsilon: 0.745
2026-03-29 17:03:09 | INFO | Episode  104 - Reward: 12.000, Length: 12, Loss: 0.9465, Entropy: 0.6926, Epsilon: 0.743
2026-03-29 17:03:10 | INFO | Episode  105 - Reward: 22.000, Length: 22, Loss: 0.9445, Entropy: 0.6926, Epsilon: 0.740
2026-03-29 17:03:11 | INFO | Episode  106 - Reward: 20.000, Length: 20, Loss: 0.9355, Entropy: 0.6926, Epsilon: 0.738
2026-03-29 17:03:11 | INFO | Episode  107 - Reward: 18.000, Length: 18, Loss: 0.9368, Entropy: 0.6925, Epsilon: 0.735
2026-03-29 17:03:12 | INFO | Episode  108 - Reward: 10.000, Length: 10, Loss: 0.9149, Entropy: 0.6925, Epsilon: 0.733
2026-03-29 17:03:12 | INFO | Episode  109 - Reward: 15.000, Length: 15, Loss: 0.9112, Entropy: 0.6925, Epsilon: 0.730
2026-03-29 17:03:13 | INFO | Episode  110 - Reward: 10.000, Length: 10, Loss: 0.9161, Entropy: 0.6925, Epsilon: 0.728
2026-03-29 17:03:14 | INFO | Episode  111 - Reward: 25.000, Length: 25, Loss: 0.9106, Entropy: 0.6925, Epsilon: 0.725
2026-03-29 17:03:14 | INFO | Episode  112 - Reward: 17.000, Length: 17, Loss: 0.8978, Entropy: 0.6924, Epsilon: 0.723
2026-03-29 17:03:15 | INFO | Episode  113 - Reward: 17.000, Length: 17, Loss: 0.8882, Entropy: 0.6924, Epsilon: 0.720
2026-03-29 17:03:16 | INFO | Episode  114 - Reward: 32.000, Length: 32, Loss: 0.8839, Entropy: 0.6924, Epsilon: 0.718
2026-03-29 17:03:16 | INFO | Episode  115 - Reward: 41.000, Length: 41, Loss: 0.8798, Entropy: 0.6923, Epsilon: 0.715
2026-03-29 17:03:17 | INFO | Episode  116 - Reward: 15.000, Length: 15, Loss: 0.8722, Entropy: 0.6924, Epsilon: 0.713
2026-03-29 17:03:17 | INFO | Episode  117 - Reward: 11.000, Length: 11, Loss: 0.8673, Entropy: 0.6923, Epsilon: 0.710
2026-03-29 17:03:18 | INFO | Episode  118 - Reward: 10.000, Length: 10, Loss: 0.8696, Entropy: 0.6923, Epsilon: 0.708
2026-03-29 17:03:18 | INFO | Episode  119 - Reward: 10.000, Length: 10, Loss: 0.8655, Entropy: 0.6923, Epsilon: 0.705
2026-03-29 17:03:19 | INFO | Episode  120 - Reward: 23.000, Length: 23, Loss: 0.8547, Entropy: 0.6923, Epsilon: 0.703
2026-03-29 17:03:19 | INFO | Episode  121 - Reward: 15.000, Length: 15, Loss: 0.8491, Entropy: 0.6922, Epsilon: 0.701
2026-03-29 17:03:20 | INFO | Episode  122 - Reward: 31.000, Length: 31, Loss: 0.8437, Entropy: 0.6922, Epsilon: 0.698
2026-03-29 17:03:20 | INFO | Episode  123 - Reward: 31.000, Length: 31, Loss: 0.8364, Entropy: 0.6922, Epsilon: 0.696
2026-03-29 17:03:21 | INFO | Episode  124 - Reward: 12.000, Length: 12, Loss: 0.9998, Entropy: 0.6922, Epsilon: 0.693
2026-03-29 17:03:21 | INFO | Episode  125 - Reward: 12.000, Length: 12, Loss: 0.9848, Entropy: 0.6921, Epsilon: 0.691
2026-03-29 17:03:22 | INFO | Episode  126 - Reward: 20.000, Length: 20, Loss: 0.9899, Entropy: 0.6921, Epsilon: 0.688
2026-03-29 17:03:22 | INFO | Episode  127 - Reward: 15.000, Length: 15, Loss: 0.9773, Entropy: 0.6921, Epsilon: 0.686
2026-03-29 17:03:23 | INFO | Episode  128 - Reward: 15.000, Length: 15, Loss: 0.9700, Entropy: 0.6921, Epsilon: 0.683
2026-03-29 17:03:23 | INFO | Episode  129 - Reward: 13.000, Length: 13, Loss: 0.9571, Entropy: 0.6921, Epsilon: 0.681
2026-03-29 17:03:23 | INFO | Episode  130 - Reward: 14.000, Length: 14, Loss: 0.9526, Entropy: 0.6920, Epsilon: 0.678
2026-03-29 17:03:24 | INFO | Episode  131 - Reward: 12.000, Length: 12, Loss: 0.9558, Entropy: 0.6920, Epsilon: 0.676
2026-03-29 17:03:24 | INFO | Episode  132 - Reward: 12.000, Length: 12, Loss: 0.9464, Entropy: 0.6919, Epsilon: 0.673
2026-03-29 17:03:25 | INFO | Episode  133 - Reward: 15.000, Length: 15, Loss: 0.9357, Entropy: 0.6919, Epsilon: 0.671
2026-03-29 17:03:25 | INFO | Episode  134 - Reward: 13.000, Length: 13, Loss: 0.9304, Entropy: 0.6919, Epsilon: 0.668
2026-03-29 17:03:26 | INFO | Episode  135 - Reward: 28.000, Length: 28, Loss: 0.9264, Entropy: 0.6919, Epsilon: 0.666
2026-03-29 17:03:26 | INFO | Episode  136 - Reward: 23.000, Length: 23, Loss: 0.9214, Entropy: 0.6919, Epsilon: 0.663
2026-03-29 17:03:27 | INFO | Episode  137 - Reward: 13.000, Length: 13, Loss: 0.9056, Entropy: 0.6918, Epsilon: 0.661
2026-03-29 17:03:27 | INFO | Episode  138 - Reward: 17.000, Length: 17, Loss: 0.9004, Entropy: 0.6918, Epsilon: 0.658
2026-03-29 17:03:28 | INFO | Episode  139 - Reward: 10.000, Length: 10, Loss: 0.8909, Entropy: 0.6917, Epsilon: 0.656
2026-03-29 17:03:28 | INFO | Episode  140 - Reward: 15.000, Length: 15, Loss: 0.8964, Entropy: 0.6917, Epsilon: 0.653
2026-03-29 17:03:29 | INFO | Episode  141 - Reward: 10.000, Length: 10, Loss: 0.8836, Entropy: 0.6917, Epsilon: 0.651
2026-03-29 17:03:29 | INFO | Episode  142 - Reward: 12.000, Length: 12, Loss: 0.8766, Entropy: 0.6917, Epsilon: 0.649
2026-03-29 17:03:29 | INFO | Episode  143 - Reward: 14.000, Length: 14, Loss: 0.8768, Entropy: 0.6917, Epsilon: 0.646
2026-03-29 17:03:30 | INFO | Episode  144 - Reward: 20.000, Length: 20, Loss: 0.8672, Entropy: 0.6915, Epsilon: 0.644
2026-03-29 17:03:30 | INFO | Episode  145 - Reward: 10.000, Length: 10, Loss: 0.8583, Entropy: 0.6916, Epsilon: 0.641
2026-03-29 17:03:31 | INFO | Episode  146 - Reward: 21.000, Length: 21, Loss: 0.8482, Entropy: 0.6915, Epsilon: 0.639
2026-03-29 17:03:31 | INFO | Episode  147 - Reward: 15.000, Length: 15, Loss: 0.8489, Entropy: 0.6915, Epsilon: 0.636
2026-03-29 17:03:32 | INFO | Episode  148 - Reward: 13.000, Length: 13, Loss: 0.8477, Entropy: 0.6914, Epsilon: 0.634
2026-03-29 17:03:32 | INFO | Episode  149 - Reward: 12.000, Length: 12, Loss: 0.8322, Entropy: 0.6914, Epsilon: 0.631
2026-03-29 17:03:32 | INFO | Episode  150 - Reward: 12.000, Length: 12, Loss: 0.8294, Entropy: 0.6913, Epsilon: 0.629
2026-03-29 17:03:33 | INFO | [Episode  150] eps=0.629  avg_reward=  16.640  avg_length= 16.64  avg_loss=  0.9066  avg_entropy=0.6913  eval_success=0.000
2026-03-29 17:03:33 | INFO | Episode  151 - Reward: 15.000, Length: 15, Loss: 0.8254, Entropy: 0.6914, Epsilon: 0.626
2026-03-29 17:03:34 | INFO | Episode  152 - Reward: 12.000, Length: 12, Loss: 0.8151, Entropy: 0.6912, Epsilon: 0.624
2026-03-29 17:03:34 | INFO | Episode  153 - Reward: 13.000, Length: 13, Loss: 0.8180, Entropy: 0.6912, Epsilon: 0.621
2026-03-29 17:03:35 | INFO | Episode  154 - Reward: 10.000, Length: 10, Loss: 0.7984, Entropy: 0.6913, Epsilon: 0.619
2026-03-29 17:03:35 | INFO | Episode  155 - Reward: 12.000, Length: 12, Loss: 0.8029, Entropy: 0.6912, Epsilon: 0.616
2026-03-29 17:03:36 | INFO | Episode  156 - Reward: 9.000, Length: 9, Loss: 0.7940, Entropy: 0.6911, Epsilon: 0.614
2026-03-29 17:03:36 | INFO | Episode  157 - Reward: 18.000, Length: 18, Loss: 0.7821, Entropy: 0.6910, Epsilon: 0.611
2026-03-29 17:03:36 | INFO | Episode  158 - Reward: 23.000, Length: 23, Loss: 1.0108, Entropy: 0.6911, Epsilon: 0.609
2026-03-29 17:03:37 | INFO | Episode  159 - Reward: 9.000, Length: 9, Loss: 1.0100, Entropy: 0.6910, Epsilon: 0.606
2026-03-29 17:03:37 | INFO | Episode  160 - Reward: 19.000, Length: 19, Loss: 1.0019, Entropy: 0.6910, Epsilon: 0.604
2026-03-29 17:03:38 | INFO | Episode  161 - Reward: 43.000, Length: 43, Loss: 1.0060, Entropy: 0.6910, Epsilon: 0.602
2026-03-29 17:03:38 | INFO | Episode  162 - Reward: 17.000, Length: 17, Loss: 0.9887, Entropy: 0.6909, Epsilon: 0.599
2026-03-29 17:03:39 | INFO | Episode  163 - Reward: 17.000, Length: 17, Loss: 0.9821, Entropy: 0.6908, Epsilon: 0.597
2026-03-29 17:03:39 | INFO | Episode  164 - Reward: 21.000, Length: 21, Loss: 0.9782, Entropy: 0.6908, Epsilon: 0.594
2026-03-29 17:03:39 | INFO | Episode  165 - Reward: 15.000, Length: 15, Loss: 0.9614, Entropy: 0.6908, Epsilon: 0.592
2026-03-29 17:03:40 | INFO | Episode  166 - Reward: 12.000, Length: 12, Loss: 0.9585, Entropy: 0.6908, Epsilon: 0.589
2026-03-29 17:03:40 | INFO | Episode  167 - Reward: 14.000, Length: 14, Loss: 0.9501, Entropy: 0.6907, Epsilon: 0.587
2026-03-29 17:03:41 | INFO | Episode  168 - Reward: 22.000, Length: 22, Loss: 0.9400, Entropy: 0.6906, Epsilon: 0.584
2026-03-29 17:03:41 | INFO | Episode  169 - Reward: 9.000, Length: 9, Loss: 0.9273, Entropy: 0.6906, Epsilon: 0.582
2026-03-29 17:03:42 | INFO | Episode  170 - Reward: 17.000, Length: 17, Loss: 0.9300, Entropy: 0.6906, Epsilon: 0.579
2026-03-29 17:03:42 | INFO | Episode  171 - Reward: 13.000, Length: 13, Loss: 0.9136, Entropy: 0.6905, Epsilon: 0.577
2026-03-29 17:03:43 | INFO | Episode  172 - Reward: 17.000, Length: 17, Loss: 0.9169, Entropy: 0.6903, Epsilon: 0.574
2026-03-29 17:03:43 | INFO | Episode  173 - Reward: 11.000, Length: 11, Loss: 0.9120, Entropy: 0.6904, Epsilon: 0.572
2026-03-29 17:03:43 | INFO | Episode  174 - Reward: 14.000, Length: 14, Loss: 0.8927, Entropy: 0.6902, Epsilon: 0.569
2026-03-29 17:03:44 | INFO | Episode  175 - Reward: 16.000, Length: 16, Loss: 0.8874, Entropy: 0.6903, Epsilon: 0.567
2026-03-29 17:03:44 | INFO | Episode  176 - Reward: 9.000, Length: 9, Loss: 0.8694, Entropy: 0.6902, Epsilon: 0.564
2026-03-29 17:03:45 | INFO | Episode  177 - Reward: 22.000, Length: 22, Loss: 0.8776, Entropy: 0.6901, Epsilon: 0.562
2026-03-29 17:03:45 | INFO | Episode  178 - Reward: 17.000, Length: 17, Loss: 0.8665, Entropy: 0.6900, Epsilon: 0.559
2026-03-29 17:03:45 | INFO | Episode  179 - Reward: 14.000, Length: 14, Loss: 0.8661, Entropy: 0.6900, Epsilon: 0.557
2026-03-29 17:03:46 | INFO | Episode  180 - Reward: 13.000, Length: 13, Loss: 0.8562, Entropy: 0.6900, Epsilon: 0.554
2026-03-29 17:03:46 | INFO | Episode  181 - Reward: 13.000, Length: 13, Loss: 0.8591, Entropy: 0.6899, Epsilon: 0.552
2026-03-29 17:03:46 | INFO | Episode  182 - Reward: 12.000, Length: 12, Loss: 0.8410, Entropy: 0.6899, Epsilon: 0.550
2026-03-29 17:03:47 | INFO | Episode  183 - Reward: 16.000, Length: 16, Loss: 0.8354, Entropy: 0.6900, Epsilon: 0.547
2026-03-29 17:03:47 | INFO | Episode  184 - Reward: 16.000, Length: 16, Loss: 0.8231, Entropy: 0.6898, Epsilon: 0.545
2026-03-29 17:03:48 | INFO | Episode  185 - Reward: 9.000, Length: 9, Loss: 0.8235, Entropy: 0.6897, Epsilon: 0.542
2026-03-29 17:03:48 | INFO | Episode  186 - Reward: 10.000, Length: 10, Loss: 0.8153, Entropy: 0.6896, Epsilon: 0.540
2026-03-29 17:03:49 | INFO | Episode  187 - Reward: 22.000, Length: 22, Loss: 0.8075, Entropy: 0.6894, Epsilon: 0.537
2026-03-29 17:03:49 | INFO | Episode  188 - Reward: 34.000, Length: 34, Loss: 0.8016, Entropy: 0.6895, Epsilon: 0.535
2026-03-29 17:03:50 | INFO | Episode  189 - Reward: 18.000, Length: 18, Loss: 1.0375, Entropy: 0.6895, Epsilon: 0.532
2026-03-29 17:03:50 | INFO | Episode  190 - Reward: 12.000, Length: 12, Loss: 1.0390, Entropy: 0.6895, Epsilon: 0.530
2026-03-29 17:03:50 | INFO | Episode  191 - Reward: 13.000, Length: 13, Loss: 1.0208, Entropy: 0.6894, Epsilon: 0.527
2026-03-29 17:03:51 | INFO | Episode  192 - Reward: 19.000, Length: 19, Loss: 1.0132, Entropy: 0.6893, Epsilon: 0.525
2026-03-29 17:03:51 | INFO | Episode  193 - Reward: 14.000, Length: 14, Loss: 1.0132, Entropy: 0.6892, Epsilon: 0.522
2026-03-29 17:03:52 | INFO | Episode  194 - Reward: 10.000, Length: 10, Loss: 1.0021, Entropy: 0.6892, Epsilon: 0.520
2026-03-29 17:03:52 | INFO | Episode  195 - Reward: 12.000, Length: 12, Loss: 1.0055, Entropy: 0.6891, Epsilon: 0.517
2026-03-29 17:03:53 | INFO | Episode  196 - Reward: 14.000, Length: 14, Loss: 0.9767, Entropy: 0.6890, Epsilon: 0.515
2026-03-29 17:03:53 | INFO | Episode  197 - Reward: 15.000, Length: 15, Loss: 0.9619, Entropy: 0.6892, Epsilon: 0.512
2026-03-29 17:03:53 | INFO | Episode  198 - Reward: 9.000, Length: 9, Loss: 0.9609, Entropy: 0.6890, Epsilon: 0.510
2026-03-29 17:03:54 | INFO | Episode  199 - Reward: 27.000, Length: 27, Loss: 0.9553, Entropy: 0.6887, Epsilon: 0.507
2026-03-29 17:03:54 | INFO | Episode  200 - Reward: 12.000, Length: 12, Loss: 0.9492, Entropy: 0.6888, Epsilon: 0.505
2026-03-29 17:03:55 | INFO | [Episode  200] eps=0.505  avg_reward=  15.600  avg_length= 15.60  avg_loss=  0.9136  avg_entropy=0.6888  eval_success=0.000
2026-03-29 17:03:55 | INFO | Episode  201 - Reward: 16.000, Length: 16, Loss: 0.9479, Entropy: 0.6887, Epsilon: 0.503
2026-03-29 17:03:56 | INFO | Episode  202 - Reward: 17.000, Length: 17, Loss: 0.9200, Entropy: 0.6886, Epsilon: 0.500
2026-03-29 17:03:56 | INFO | Episode  203 - Reward: 15.000, Length: 15, Loss: 0.9302, Entropy: 0.6886, Epsilon: 0.498
2026-03-29 17:03:57 | INFO | Episode  204 - Reward: 14.000, Length: 14, Loss: 0.9295, Entropy: 0.6885, Epsilon: 0.495
2026-03-29 17:03:57 | INFO | Episode  205 - Reward: 12.000, Length: 12, Loss: 0.9107, Entropy: 0.6884, Epsilon: 0.493
2026-03-29 17:03:58 | INFO | Episode  206 - Reward: 13.000, Length: 13, Loss: 0.8950, Entropy: 0.6884, Epsilon: 0.490
2026-03-29 17:03:58 | INFO | Episode  207 - Reward: 9.000, Length: 9, Loss: 0.9008, Entropy: 0.6884, Epsilon: 0.488
2026-03-29 17:03:59 | INFO | Episode  208 - Reward: 15.000, Length: 15, Loss: 0.8925, Entropy: 0.6881, Epsilon: 0.485
2026-03-29 17:03:59 | INFO | Episode  209 - Reward: 12.000, Length: 12, Loss: 0.8819, Entropy: 0.6881, Epsilon: 0.483
2026-03-29 17:03:59 | INFO | Episode  210 - Reward: 11.000, Length: 11, Loss: 0.8567, Entropy: 0.6879, Epsilon: 0.480
2026-03-29 17:04:00 | INFO | Episode  211 - Reward: 9.000, Length: 9, Loss: 0.8625, Entropy: 0.6880, Epsilon: 0.478
2026-03-29 17:04:00 | INFO | Episode  212 - Reward: 10.000, Length: 10, Loss: 0.8403, Entropy: 0.6879, Epsilon: 0.475
2026-03-29 17:04:01 | INFO | Episode  213 - Reward: 11.000, Length: 11, Loss: 0.8500, Entropy: 0.6877, Epsilon: 0.473
2026-03-29 17:04:01 | INFO | Episode  214 - Reward: 10.000, Length: 10, Loss: 0.8477, Entropy: 0.6877, Epsilon: 0.470
2026-03-29 17:04:02 | INFO | Episode  215 - Reward: 13.000, Length: 13, Loss: 0.8369, Entropy: 0.6875, Epsilon: 0.468
2026-03-29 17:04:02 | INFO | Episode  216 - Reward: 10.000, Length: 10, Loss: 0.8153, Entropy: 0.6872, Epsilon: 0.465
2026-03-29 17:04:03 | INFO | Episode  217 - Reward: 14.000, Length: 14, Loss: 0.8209, Entropy: 0.6875, Epsilon: 0.463
2026-03-29 17:04:03 | INFO | Episode  218 - Reward: 11.000, Length: 11, Loss: 0.8043, Entropy: 0.6872, Epsilon: 0.460
2026-03-29 17:04:03 | INFO | Episode  219 - Reward: 14.000, Length: 14, Loss: 0.7962, Entropy: 0.6872, Epsilon: 0.458
2026-03-29 17:04:04 | INFO | Episode  220 - Reward: 19.000, Length: 19, Loss: 0.8029, Entropy: 0.6872, Epsilon: 0.456
2026-03-29 17:04:04 | INFO | Episode  221 - Reward: 16.000, Length: 16, Loss: 0.7851, Entropy: 0.6870, Epsilon: 0.453
2026-03-29 17:04:05 | INFO | Episode  222 - Reward: 10.000, Length: 10, Loss: 0.7801, Entropy: 0.6870, Epsilon: 0.451
2026-03-29 17:04:05 | INFO | Episode  223 - Reward: 17.000, Length: 17, Loss: 0.7674, Entropy: 0.6866, Epsilon: 0.448
2026-03-29 17:04:06 | INFO | Episode  224 - Reward: 10.000, Length: 10, Loss: 0.7600, Entropy: 0.6868, Epsilon: 0.446
2026-03-29 17:04:06 | INFO | Episode  225 - Reward: 17.000, Length: 17, Loss: 0.7753, Entropy: 0.6871, Epsilon: 0.443
2026-03-29 17:04:06 | INFO | Episode  226 - Reward: 13.000, Length: 13, Loss: 1.0826, Entropy: 0.6868, Epsilon: 0.441
2026-03-29 17:04:07 | INFO | Episode  227 - Reward: 13.000, Length: 13, Loss: 1.0561, Entropy: 0.6866, Epsilon: 0.438
2026-03-29 17:04:07 | INFO | Episode  228 - Reward: 9.000, Length: 9, Loss: 1.0427, Entropy: 0.6864, Epsilon: 0.436
2026-03-29 17:04:08 | INFO | Episode  229 - Reward: 12.000, Length: 12, Loss: 1.0433, Entropy: 0.6861, Epsilon: 0.433
2026-03-29 17:04:08 | INFO | Episode  230 - Reward: 14.000, Length: 14, Loss: 1.0310, Entropy: 0.6862, Epsilon: 0.431
2026-03-29 17:04:09 | INFO | Episode  231 - Reward: 12.000, Length: 12, Loss: 1.0195, Entropy: 0.6861, Epsilon: 0.428
2026-03-29 17:04:09 | INFO | Episode  232 - Reward: 10.000, Length: 10, Loss: 1.0145, Entropy: 0.6857, Epsilon: 0.426
2026-03-29 17:04:10 | INFO | Episode  233 - Reward: 12.000, Length: 12, Loss: 1.0126, Entropy: 0.6859, Epsilon: 0.423
2026-03-29 17:04:10 | INFO | Episode  234 - Reward: 11.000, Length: 11, Loss: 0.9927, Entropy: 0.6858, Epsilon: 0.421
2026-03-29 17:04:10 | INFO | Episode  235 - Reward: 10.000, Length: 10, Loss: 0.9844, Entropy: 0.6855, Epsilon: 0.418
2026-03-29 17:04:11 | INFO | Episode  236 - Reward: 13.000, Length: 13, Loss: 0.9783, Entropy: 0.6852, Epsilon: 0.416
2026-03-29 17:04:11 | INFO | Episode  237 - Reward: 9.000, Length: 9, Loss: 0.9897, Entropy: 0.6855, Epsilon: 0.413
2026-03-29 17:04:12 | INFO | Episode  238 - Reward: 12.000, Length: 12, Loss: 0.9530, Entropy: 0.6851, Epsilon: 0.411
2026-03-29 17:04:12 | INFO | Episode  239 - Reward: 9.000, Length: 9, Loss: 0.9483, Entropy: 0.6852, Epsilon: 0.408
2026-03-29 17:04:12 | INFO | Episode  240 - Reward: 11.000, Length: 11, Loss: 0.9494, Entropy: 0.6851, Epsilon: 0.406
2026-03-29 17:04:13 | INFO | Episode  241 - Reward: 13.000, Length: 13, Loss: 0.9320, Entropy: 0.6848, Epsilon: 0.404
2026-03-29 17:04:13 | INFO | Episode  242 - Reward: 12.000, Length: 12, Loss: 0.9239, Entropy: 0.6848, Epsilon: 0.401
2026-03-29 17:04:14 | INFO | Episode  243 - Reward: 16.000, Length: 16, Loss: 0.9192, Entropy: 0.6846, Epsilon: 0.399
2026-03-29 17:04:14 | INFO | Episode  244 - Reward: 11.000, Length: 11, Loss: 0.9023, Entropy: 0.6845, Epsilon: 0.396
2026-03-29 17:04:15 | INFO | Episode  245 - Reward: 12.000, Length: 12, Loss: 0.8948, Entropy: 0.6842, Epsilon: 0.394
2026-03-29 17:04:15 | INFO | Episode  246 - Reward: 11.000, Length: 11, Loss: 0.8914, Entropy: 0.6843, Epsilon: 0.391
2026-03-29 17:04:15 | INFO | Episode  247 - Reward: 9.000, Length: 9, Loss: 0.8768, Entropy: 0.6840, Epsilon: 0.389
2026-03-29 17:04:16 | INFO | Episode  248 - Reward: 15.000, Length: 15, Loss: 0.8759, Entropy: 0.6837, Epsilon: 0.386
2026-03-29 17:04:16 | INFO | Episode  249 - Reward: 12.000, Length: 12, Loss: 0.8534, Entropy: 0.6838, Epsilon: 0.384
2026-03-29 17:04:17 | INFO | Episode  250 - Reward: 11.000, Length: 11, Loss: 0.8458, Entropy: 0.6836, Epsilon: 0.381
2026-03-29 17:04:17 | INFO | [Episode  250] eps=0.381  avg_reward=  12.340  avg_length= 12.34  avg_loss=  0.9045  avg_entropy=0.6836  eval_success=0.000
2026-03-29 17:04:18 | INFO | Episode  251 - Reward: 9.000, Length: 9, Loss: 0.8282, Entropy: 0.6832, Epsilon: 0.379
2026-03-29 17:04:18 | INFO | Episode  252 - Reward: 10.000, Length: 10, Loss: 0.8468, Entropy: 0.6836, Epsilon: 0.376
2026-03-29 17:04:19 | INFO | Episode  253 - Reward: 10.000, Length: 10, Loss: 0.8221, Entropy: 0.6830, Epsilon: 0.374
2026-03-29 17:04:19 | INFO | Episode  254 - Reward: 13.000, Length: 13, Loss: 0.8281, Entropy: 0.6829, Epsilon: 0.371
2026-03-29 17:04:20 | INFO | Episode  255 - Reward: 8.000, Length: 8, Loss: 0.8229, Entropy: 0.6831, Epsilon: 0.369
2026-03-29 17:04:20 | INFO | Episode  256 - Reward: 17.000, Length: 17, Loss: 0.7863, Entropy: 0.6831, Epsilon: 0.366
2026-03-29 17:04:20 | INFO | Episode  257 - Reward: 11.000, Length: 11, Loss: 0.7864, Entropy: 0.6825, Epsilon: 0.364
2026-03-29 17:04:21 | INFO | Episode  258 - Reward: 11.000, Length: 11, Loss: 0.7698, Entropy: 0.6824, Epsilon: 0.361
2026-03-29 17:04:21 | INFO | Episode  259 - Reward: 14.000, Length: 14, Loss: 0.7667, Entropy: 0.6826, Epsilon: 0.359
2026-03-29 17:04:22 | INFO | Episode  260 - Reward: 17.000, Length: 17, Loss: 0.7707, Entropy: 0.6825, Epsilon: 0.357
2026-03-29 17:04:22 | INFO | Episode  261 - Reward: 14.000, Length: 14, Loss: 0.7621, Entropy: 0.6822, Epsilon: 0.354
2026-03-29 17:04:23 | INFO | Episode  262 - Reward: 10.000, Length: 10, Loss: 0.7443, Entropy: 0.6818, Epsilon: 0.352
2026-03-29 17:04:23 | INFO | Episode  263 - Reward: 10.000, Length: 10, Loss: 0.7455, Entropy: 0.6820, Epsilon: 0.349
2026-03-29 17:04:24 | INFO | Episode  264 - Reward: 14.000, Length: 14, Loss: 0.7214, Entropy: 0.6820, Epsilon: 0.347
2026-03-29 17:04:24 | INFO | Episode  265 - Reward: 12.000, Length: 12, Loss: 0.7276, Entropy: 0.6819, Epsilon: 0.344
2026-03-29 17:04:24 | INFO | Episode  266 - Reward: 12.000, Length: 12, Loss: 0.7414, Entropy: 0.6814, Epsilon: 0.342
2026-03-29 17:04:25 | INFO | Episode  267 - Reward: 14.000, Length: 14, Loss: 1.1403, Entropy: 0.6811, Epsilon: 0.339
2026-03-29 17:04:25 | INFO | Episode  268 - Reward: 10.000, Length: 10, Loss: 1.1243, Entropy: 0.6812, Epsilon: 0.337
2026-03-29 17:04:26 | INFO | Episode  269 - Reward: 9.000, Length: 9, Loss: 1.1070, Entropy: 0.6807, Epsilon: 0.334
2026-03-29 17:04:26 | INFO | Episode  270 - Reward: 10.000, Length: 10, Loss: 1.0969, Entropy: 0.6811, Epsilon: 0.332
2026-03-29 17:04:27 | INFO | Episode  271 - Reward: 11.000, Length: 11, Loss: 1.0783, Entropy: 0.6806, Epsilon: 0.329
2026-03-29 17:04:27 | INFO | Episode  272 - Reward: 10.000, Length: 10, Loss: 1.0657, Entropy: 0.6798, Epsilon: 0.327
2026-03-29 17:04:28 | INFO | Episode  273 - Reward: 10.000, Length: 10, Loss: 1.0385, Entropy: 0.6799, Epsilon: 0.324
2026-03-29 17:04:28 | INFO | Episode  274 - Reward: 15.000, Length: 15, Loss: 1.0381, Entropy: 0.6801, Epsilon: 0.322
2026-03-29 17:04:28 | INFO | Episode  275 - Reward: 9.000, Length: 9, Loss: 1.0221, Entropy: 0.6797, Epsilon: 0.319
2026-03-29 17:04:29 | INFO | Episode  276 - Reward: 10.000, Length: 10, Loss: 1.0226, Entropy: 0.6795, Epsilon: 0.317
2026-03-29 17:04:29 | INFO | Episode  277 - Reward: 10.000, Length: 10, Loss: 1.0275, Entropy: 0.6795, Epsilon: 0.314
2026-03-29 17:04:30 | INFO | Episode  278 - Reward: 11.000, Length: 11, Loss: 0.9980, Entropy: 0.6791, Epsilon: 0.312
2026-03-29 17:04:30 | INFO | Episode  279 - Reward: 10.000, Length: 10, Loss: 0.9764, Entropy: 0.6789, Epsilon: 0.309
2026-03-29 17:04:31 | INFO | Episode  280 - Reward: 16.000, Length: 16, Loss: 0.9691, Entropy: 0.6783, Epsilon: 0.307
2026-03-29 17:04:31 | INFO | Episode  281 - Reward: 12.000, Length: 12, Loss: 0.9623, Entropy: 0.6784, Epsilon: 0.305
2026-03-29 17:04:32 | INFO | Episode  282 - Reward: 13.000, Length: 13, Loss: 0.9579, Entropy: 0.6783, Epsilon: 0.302
2026-03-29 17:04:32 | INFO | Episode  283 - Reward: 9.000, Length: 9, Loss: 0.9541, Entropy: 0.6780, Epsilon: 0.300
2026-03-29 17:04:32 | INFO | Episode  284 - Reward: 10.000, Length: 10, Loss: 0.9308, Entropy: 0.6780, Epsilon: 0.297
2026-03-29 17:04:33 | INFO | Episode  285 - Reward: 14.000, Length: 14, Loss: 0.9236, Entropy: 0.6781, Epsilon: 0.295
2026-03-29 17:04:33 | INFO | Episode  286 - Reward: 8.000, Length: 8, Loss: 0.9369, Entropy: 0.6778, Epsilon: 0.292
2026-03-29 17:04:34 | INFO | Episode  287 - Reward: 12.000, Length: 12, Loss: 0.8929, Entropy: 0.6775, Epsilon: 0.290
2026-03-29 17:04:34 | INFO | Episode  288 - Reward: 10.000, Length: 10, Loss: 0.8866, Entropy: 0.6772, Epsilon: 0.287
2026-03-29 17:04:35 | INFO | Episode  289 - Reward: 9.000, Length: 9, Loss: 0.8733, Entropy: 0.6769, Epsilon: 0.285
2026-03-29 17:04:35 | INFO | Episode  290 - Reward: 13.000, Length: 13, Loss: 0.8755, Entropy: 0.6767, Epsilon: 0.282
2026-03-29 17:04:35 | INFO | Episode  291 - Reward: 9.000, Length: 9, Loss: 0.8662, Entropy: 0.6771, Epsilon: 0.280
2026-03-29 17:04:36 | INFO | Episode  292 - Reward: 12.000, Length: 12, Loss: 0.8529, Entropy: 0.6763, Epsilon: 0.277
2026-03-29 17:04:36 | INFO | Episode  293 - Reward: 15.000, Length: 15, Loss: 0.8389, Entropy: 0.6765, Epsilon: 0.275
2026-03-29 17:04:37 | INFO | Episode  294 - Reward: 10.000, Length: 10, Loss: 0.8400, Entropy: 0.6758, Epsilon: 0.272
2026-03-29 17:04:37 | INFO | Episode  295 - Reward: 12.000, Length: 12, Loss: 0.8270, Entropy: 0.6763, Epsilon: 0.270
2026-03-29 17:04:37 | INFO | Episode  296 - Reward: 10.000, Length: 10, Loss: 0.8048, Entropy: 0.6755, Epsilon: 0.267
2026-03-29 17:04:38 | INFO | Episode  297 - Reward: 12.000, Length: 12, Loss: 0.7980, Entropy: 0.6746, Epsilon: 0.265
2026-03-29 17:04:38 | INFO | Episode  298 - Reward: 16.000, Length: 16, Loss: 0.7837, Entropy: 0.6751, Epsilon: 0.262
2026-03-29 17:04:39 | INFO | Episode  299 - Reward: 13.000, Length: 13, Loss: 0.7879, Entropy: 0.6751, Epsilon: 0.260
2026-03-29 17:04:39 | INFO | Episode  300 - Reward: 9.000, Length: 9, Loss: 0.7784, Entropy: 0.6747, Epsilon: 0.258
2026-03-29 17:04:39 | INFO | [Episode  300] eps=0.258  avg_reward=  11.500  avg_length= 11.50  avg_loss=  0.8909  avg_entropy=0.6747  eval_success=0.000
2026-03-29 17:04:40 | INFO | Episode  301 - Reward: 13.000, Length: 13, Loss: 0.7570, Entropy: 0.6739, Epsilon: 0.255
2026-03-29 17:04:41 | INFO | Episode  302 - Reward: 10.000, Length: 10, Loss: 0.7508, Entropy: 0.6747, Epsilon: 0.253
2026-03-29 17:04:41 | INFO | Episode  303 - Reward: 10.000, Length: 10, Loss: 0.7563, Entropy: 0.6737, Epsilon: 0.250
2026-03-29 17:04:42 | INFO | Episode  304 - Reward: 9.000, Length: 9, Loss: 0.7257, Entropy: 0.6746, Epsilon: 0.248
2026-03-29 17:04:42 | INFO | Episode  305 - Reward: 9.000, Length: 9, Loss: 0.7244, Entropy: 0.6737, Epsilon: 0.245
2026-03-29 17:04:42 | INFO | Episode  306 - Reward: 9.000, Length: 9, Loss: 0.7058, Entropy: 0.6735, Epsilon: 0.243
2026-03-29 17:04:43 | INFO | Episode  307 - Reward: 13.000, Length: 13, Loss: 0.6994, Entropy: 0.6728, Epsilon: 0.240
2026-03-29 17:04:43 | INFO | Episode  308 - Reward: 13.000, Length: 13, Loss: 0.7079, Entropy: 0.6723, Epsilon: 0.238
2026-03-29 17:04:44 | INFO | Episode  309 - Reward: 10.000, Length: 10, Loss: 0.6981, Entropy: 0.6728, Epsilon: 0.235
2026-03-29 17:04:44 | INFO | Episode  310 - Reward: 10.000, Length: 10, Loss: 0.6722, Entropy: 0.6718, Epsilon: 0.233
2026-03-29 17:04:45 | INFO | Episode  311 - Reward: 13.000, Length: 13, Loss: 0.6850, Entropy: 0.6726, Epsilon: 0.230
2026-03-29 17:04:45 | INFO | Episode  312 - Reward: 8.000, Length: 8, Loss: 1.2068, Entropy: 0.6719, Epsilon: 0.228
2026-03-29 17:04:46 | INFO | Episode  313 - Reward: 10.000, Length: 10, Loss: 1.1706, Entropy: 0.6713, Epsilon: 0.225
2026-03-29 17:04:46 | INFO | Episode  314 - Reward: 9.000, Length: 9, Loss: 1.1591, Entropy: 0.6721, Epsilon: 0.223
2026-03-29 17:04:47 | INFO | Episode  315 - Reward: 11.000, Length: 11, Loss: 1.1642, Entropy: 0.6712, Epsilon: 0.220
2026-03-29 17:04:47 | INFO | Episode  316 - Reward: 8.000, Length: 8, Loss: 1.1565, Entropy: 0.6707, Epsilon: 0.218
2026-03-29 17:04:48 | INFO | Episode  317 - Reward: 10.000, Length: 10, Loss: 1.1192, Entropy: 0.6706, Epsilon: 0.215
2026-03-29 17:04:48 | INFO | Episode  318 - Reward: 9.000, Length: 9, Loss: 1.0993, Entropy: 0.6701, Epsilon: 0.213
2026-03-29 17:04:48 | INFO | Episode  319 - Reward: 11.000, Length: 11, Loss: 1.1123, Entropy: 0.6697, Epsilon: 0.210
2026-03-29 17:04:49 | INFO | Episode  320 - Reward: 10.000, Length: 10, Loss: 1.0825, Entropy: 0.6695, Epsilon: 0.208
2026-03-29 17:04:49 | INFO | Episode  321 - Reward: 12.000, Length: 12, Loss: 1.0609, Entropy: 0.6689, Epsilon: 0.206
2026-03-29 17:04:50 | INFO | Episode  322 - Reward: 10.000, Length: 10, Loss: 1.0620, Entropy: 0.6685, Epsilon: 0.203
2026-03-29 17:04:50 | INFO | Episode  323 - Reward: 10.000, Length: 10, Loss: 1.0460, Entropy: 0.6680, Epsilon: 0.201
2026-03-29 17:04:51 | INFO | Episode  324 - Reward: 8.000, Length: 8, Loss: 1.0188, Entropy: 0.6680, Epsilon: 0.198
2026-03-29 17:04:51 | INFO | Episode  325 - Reward: 10.000, Length: 10, Loss: 0.9994, Entropy: 0.6684, Epsilon: 0.196
2026-03-29 17:04:52 | INFO | Episode  326 - Reward: 10.000, Length: 10, Loss: 1.0070, Entropy: 0.6676, Epsilon: 0.193
2026-03-29 17:04:52 | INFO | Episode  327 - Reward: 11.000, Length: 11, Loss: 1.0180, Entropy: 0.6680, Epsilon: 0.191
2026-03-29 17:04:53 | INFO | Episode  328 - Reward: 8.000, Length: 8, Loss: 0.9756, Entropy: 0.6669, Epsilon: 0.188
2026-03-29 17:04:53 | INFO | Episode  329 - Reward: 10.000, Length: 10, Loss: 0.9540, Entropy: 0.6664, Epsilon: 0.186
2026-03-29 17:04:54 | INFO | Episode  330 - Reward: 10.000, Length: 10, Loss: 0.9604, Entropy: 0.6668, Epsilon: 0.183
2026-03-29 17:04:54 | INFO | Episode  331 - Reward: 10.000, Length: 10, Loss: 0.9294, Entropy: 0.6660, Epsilon: 0.181
2026-03-29 17:04:55 | INFO | Episode  332 - Reward: 16.000, Length: 16, Loss: 0.9427, Entropy: 0.6661, Epsilon: 0.178
2026-03-29 17:04:55 | INFO | Episode  333 - Reward: 11.000, Length: 11, Loss: 0.8961, Entropy: 0.6646, Epsilon: 0.176
2026-03-29 17:04:55 | INFO | Episode  334 - Reward: 9.000, Length: 9, Loss: 0.9152, Entropy: 0.6656, Epsilon: 0.173
2026-03-29 17:04:56 | INFO | Episode  335 - Reward: 8.000, Length: 8, Loss: 0.8881, Entropy: 0.6644, Epsilon: 0.171
2026-03-29 17:04:56 | INFO | Episode  336 - Reward: 10.000, Length: 10, Loss: 0.9023, Entropy: 0.6637, Epsilon: 0.168
2026-03-29 17:04:57 | INFO | Episode  337 - Reward: 8.000, Length: 8, Loss: 0.8606, Entropy: 0.6644, Epsilon: 0.166
2026-03-29 17:04:57 | INFO | Episode  338 - Reward: 10.000, Length: 10, Loss: 0.8431, Entropy: 0.6631, Epsilon: 0.163
2026-03-29 17:04:58 | INFO | Episode  339 - Reward: 10.000, Length: 10, Loss: 0.8449, Entropy: 0.6637, Epsilon: 0.161
2026-03-29 17:04:58 | INFO | Episode  340 - Reward: 9.000, Length: 9, Loss: 0.8404, Entropy: 0.6628, Epsilon: 0.158
2026-03-29 17:04:59 | INFO | Episode  341 - Reward: 10.000, Length: 10, Loss: 0.8208, Entropy: 0.6630, Epsilon: 0.156
2026-03-29 17:04:59 | INFO | Episode  342 - Reward: 9.000, Length: 9, Loss: 0.8150, Entropy: 0.6624, Epsilon: 0.154
2026-03-29 17:05:00 | INFO | Episode  343 - Reward: 14.000, Length: 14, Loss: 0.7998, Entropy: 0.6619, Epsilon: 0.151
2026-03-29 17:05:00 | INFO | Episode  344 - Reward: 10.000, Length: 10, Loss: 0.7744, Entropy: 0.6616, Epsilon: 0.149
2026-03-29 17:05:00 | INFO | Episode  345 - Reward: 9.000, Length: 9, Loss: 0.7806, Entropy: 0.6609, Epsilon: 0.146
2026-03-29 17:05:01 | INFO | Episode  346 - Reward: 10.000, Length: 10, Loss: 0.7746, Entropy: 0.6609, Epsilon: 0.144
2026-03-29 17:05:01 | INFO | Episode  347 - Reward: 9.000, Length: 9, Loss: 0.7537, Entropy: 0.6610, Epsilon: 0.141
2026-03-29 17:05:02 | INFO | Episode  348 - Reward: 10.000, Length: 10, Loss: 0.7601, Entropy: 0.6607, Epsilon: 0.139
2026-03-29 17:05:02 | INFO | Episode  349 - Reward: 11.000, Length: 11, Loss: 0.7421, Entropy: 0.6608, Epsilon: 0.136
2026-03-29 17:05:03 | INFO | Episode  350 - Reward: 12.000, Length: 12, Loss: 0.7376, Entropy: 0.6597, Epsilon: 0.134
2026-03-29 17:05:03 | INFO | [Episode  350] eps=0.134  avg_reward=  10.180  avg_length= 10.18  avg_loss=  0.8975  avg_entropy=0.6597  eval_success=0.000
2026-03-29 17:05:03 | INFO | Episode  351 - Reward: 9.000, Length: 9, Loss: 0.7388, Entropy: 0.6601, Epsilon: 0.131
2026-03-29 17:05:04 | INFO | Episode  352 - Reward: 12.000, Length: 12, Loss: 0.7251, Entropy: 0.6591, Epsilon: 0.129
2026-03-29 17:05:04 | INFO | Episode  353 - Reward: 9.000, Length: 9, Loss: 0.7182, Entropy: 0.6588, Epsilon: 0.126
2026-03-29 17:05:05 | INFO | Episode  354 - Reward: 10.000, Length: 10, Loss: 0.6906, Entropy: 0.6587, Epsilon: 0.124
2026-03-29 17:05:05 | INFO | Episode  355 - Reward: 11.000, Length: 11, Loss: 0.6907, Entropy: 0.6595, Epsilon: 0.121
2026-03-29 17:05:06 | INFO | Episode  356 - Reward: 10.000, Length: 10, Loss: 0.6817, Entropy: 0.6592, Epsilon: 0.119
2026-03-29 17:05:06 | INFO | Episode  357 - Reward: 10.000, Length: 10, Loss: 0.6668, Entropy: 0.6592, Epsilon: 0.116
2026-03-29 17:05:06 | INFO | Episode  358 - Reward: 10.000, Length: 10, Loss: 0.6577, Entropy: 0.6584, Epsilon: 0.114
2026-03-29 17:05:07 | INFO | Episode  359 - Reward: 8.000, Length: 8, Loss: 0.6429, Entropy: 0.6571, Epsilon: 0.111
2026-03-29 17:05:07 | INFO | Episode  360 - Reward: 12.000, Length: 12, Loss: 0.6416, Entropy: 0.6577, Epsilon: 0.109
2026-03-29 17:05:08 | INFO | Episode  361 - Reward: 11.000, Length: 11, Loss: 0.6329, Entropy: 0.6571, Epsilon: 0.107
2026-03-29 17:05:08 | INFO | Episode  362 - Reward: 9.000, Length: 9, Loss: 1.3404, Entropy: 0.6567, Epsilon: 0.104
2026-03-29 17:05:09 | INFO | Episode  363 - Reward: 12.000, Length: 12, Loss: 1.3163, Entropy: 0.6550, Epsilon: 0.102
2026-03-29 17:05:09 | INFO | Episode  364 - Reward: 15.000, Length: 15, Loss: 1.3108, Entropy: 0.6546, Epsilon: 0.099
2026-03-29 17:05:10 | INFO | Episode  365 - Reward: 9.000, Length: 9, Loss: 1.2735, Entropy: 0.6553, Epsilon: 0.097
2026-03-29 17:05:10 | INFO | Episode  366 - Reward: 9.000, Length: 9, Loss: 1.2603, Entropy: 0.6552, Epsilon: 0.094
2026-03-29 17:05:10 | INFO | Episode  367 - Reward: 10.000, Length: 10, Loss: 1.2565, Entropy: 0.6527, Epsilon: 0.092
2026-03-29 17:05:11 | INFO | Episode  368 - Reward: 9.000, Length: 9, Loss: 1.1844, Entropy: 0.6534, Epsilon: 0.089
2026-03-29 17:05:11 | INFO | Episode  369 - Reward: 8.000, Length: 8, Loss: 1.1885, Entropy: 0.6524, Epsilon: 0.087
2026-03-29 17:05:12 | INFO | Episode  370 - Reward: 8.000, Length: 8, Loss: 1.2058, Entropy: 0.6506, Epsilon: 0.084
2026-03-29 17:05:12 | INFO | Episode  371 - Reward: 9.000, Length: 9, Loss: 1.1683, Entropy: 0.6506, Epsilon: 0.082
2026-03-29 17:05:13 | INFO | Episode  372 - Reward: 9.000, Length: 9, Loss: 1.1287, Entropy: 0.6518, Epsilon: 0.079
2026-03-29 17:05:13 | INFO | Episode  373 - Reward: 9.000, Length: 9, Loss: 1.1314, Entropy: 0.6513, Epsilon: 0.077
2026-03-29 17:05:14 | INFO | Episode  374 - Reward: 11.000, Length: 11, Loss: 1.0996, Entropy: 0.6501, Epsilon: 0.074
2026-03-29 17:05:14 | INFO | Episode  375 - Reward: 9.000, Length: 9, Loss: 1.1125, Entropy: 0.6481, Epsilon: 0.072
2026-03-29 17:05:15 | INFO | Episode  376 - Reward: 13.000, Length: 13, Loss: 1.0703, Entropy: 0.6486, Epsilon: 0.069
2026-03-29 17:05:15 | INFO | Episode  377 - Reward: 10.000, Length: 10, Loss: 1.1035, Entropy: 0.6476, Epsilon: 0.067
2026-03-29 17:05:16 | INFO | Episode  378 - Reward: 9.000, Length: 9, Loss: 1.0449, Entropy: 0.6484, Epsilon: 0.064
2026-03-29 17:05:16 | INFO | Episode  379 - Reward: 9.000, Length: 9, Loss: 1.0188, Entropy: 0.6461, Epsilon: 0.062
2026-03-29 17:05:17 | INFO | Episode  380 - Reward: 11.000, Length: 11, Loss: 1.0230, Entropy: 0.6459, Epsilon: 0.059
2026-03-29 17:05:17 | INFO | Episode  381 - Reward: 11.000, Length: 11, Loss: 0.9886, Entropy: 0.6450, Epsilon: 0.057
2026-03-29 17:05:18 | INFO | Episode  382 - Reward: 9.000, Length: 9, Loss: 1.0103, Entropy: 0.6443, Epsilon: 0.055
2026-03-29 17:05:18 | INFO | Episode  383 - Reward: 9.000, Length: 9, Loss: 1.0135, Entropy: 0.6438, Epsilon: 0.052
2026-03-29 17:05:19 | INFO | Episode  384 - Reward: 9.000, Length: 9, Loss: 0.9637, Entropy: 0.6445, Epsilon: 0.050
2026-03-29 17:05:19 | INFO | Episode  385 - Reward: 9.000, Length: 9, Loss: 0.9512, Entropy: 0.6456, Epsilon: 0.047
2026-03-29 17:05:20 | INFO | Episode  386 - Reward: 10.000, Length: 10, Loss: 0.9333, Entropy: 0.6438, Epsilon: 0.045
2026-03-29 17:05:20 | INFO | Episode  387 - Reward: 10.000, Length: 10, Loss: 0.9500, Entropy: 0.6429, Epsilon: 0.042
2026-03-29 17:05:21 | INFO | Episode  388 - Reward: 8.000, Length: 8, Loss: 0.8801, Entropy: 0.6433, Epsilon: 0.040
2026-03-29 17:05:21 | INFO | Episode  389 - Reward: 9.000, Length: 9, Loss: 0.9099, Entropy: 0.6428, Epsilon: 0.037
2026-03-29 17:05:21 | INFO | Episode  390 - Reward: 8.000, Length: 8, Loss: 0.8653, Entropy: 0.6430, Epsilon: 0.035
2026-03-29 17:05:22 | INFO | Episode  391 - Reward: 9.000, Length: 9, Loss: 0.8779, Entropy: 0.6431, Epsilon: 0.032
2026-03-29 17:05:22 | INFO | Episode  392 - Reward: 10.000, Length: 10, Loss: 0.8914, Entropy: 0.6423, Epsilon: 0.030
2026-03-29 17:05:23 | INFO | Episode  393 - Reward: 10.000, Length: 10, Loss: 0.8598, Entropy: 0.6406, Epsilon: 0.027
2026-03-29 17:05:23 | INFO | Episode  394 - Reward: 9.000, Length: 9, Loss: 0.8680, Entropy: 0.6401, Epsilon: 0.025
2026-03-29 17:05:24 | INFO | Episode  395 - Reward: 8.000, Length: 8, Loss: 0.8301, Entropy: 0.6400, Epsilon: 0.022
2026-03-29 17:05:24 | INFO | Episode  396 - Reward: 10.000, Length: 10, Loss: 0.8353, Entropy: 0.6409, Epsilon: 0.020
2026-03-29 17:05:25 | INFO | Episode  397 - Reward: 9.000, Length: 9, Loss: 0.8314, Entropy: 0.6413, Epsilon: 0.017
2026-03-29 17:05:25 | INFO | Episode  398 - Reward: 10.000, Length: 10, Loss: 0.7902, Entropy: 0.6399, Epsilon: 0.015
2026-03-29 17:05:26 | INFO | Episode  399 - Reward: 9.000, Length: 9, Loss: 0.7960, Entropy: 0.6387, Epsilon: 0.012
2026-03-29 17:05:26 | INFO | Episode  400 - Reward: 9.000, Length: 9, Loss: 0.7492, Entropy: 0.6395, Epsilon: 0.010
2026-03-29 17:05:27 | INFO | [Episode  400] eps=0.010  avg_reward=   9.700  avg_length=  9.70  avg_loss=  0.9504  avg_entropy=0.6395  eval_success=0.000
2026-03-29 17:05:27 | INFO | Episode  401 - Reward: 10.000, Length: 10, Loss: 0.7698, Entropy: 0.6401, Epsilon: 0.010
2026-03-29 17:05:28 | INFO | Episode  402 - Reward: 10.000, Length: 10, Loss: 0.7822, Entropy: 0.6387, Epsilon: 0.010
2026-03-29 17:05:28 | INFO | Episode  403 - Reward: 9.000, Length: 9, Loss: 0.7652, Entropy: 0.6391, Epsilon: 0.010
2026-03-29 17:05:28 | INFO | Episode  404 - Reward: 10.000, Length: 10, Loss: 0.7890, Entropy: 0.6377, Epsilon: 0.010
2026-03-29 17:05:29 | INFO | Episode  405 - Reward: 10.000, Length: 10, Loss: 0.7405, Entropy: 0.6380, Epsilon: 0.010
2026-03-29 17:05:29 | INFO | Episode  406 - Reward: 9.000, Length: 9, Loss: 0.7366, Entropy: 0.6381, Epsilon: 0.010
2026-03-29 17:05:30 | INFO | Episode  407 - Reward: 10.000, Length: 10, Loss: 0.7473, Entropy: 0.6382, Epsilon: 0.010
2026-03-29 17:05:31 | INFO | Episode  408 - Reward: 10.000, Length: 10, Loss: 0.6893, Entropy: 0.6373, Epsilon: 0.010
2026-03-29 17:05:31 | INFO | Episode  409 - Reward: 10.000, Length: 10, Loss: 0.7150, Entropy: 0.6361, Epsilon: 0.010
2026-03-29 17:05:32 | INFO | Episode  410 - Reward: 9.000, Length: 9, Loss: 0.7127, Entropy: 0.6377, Epsilon: 0.010
2026-03-29 17:05:32 | INFO | Episode  411 - Reward: 10.000, Length: 10, Loss: 0.6885, Entropy: 0.6369, Epsilon: 0.010
2026-03-29 17:05:33 | INFO | Episode  412 - Reward: 9.000, Length: 9, Loss: 0.6823, Entropy: 0.6366, Epsilon: 0.010
2026-03-29 17:05:34 | INFO | Episode  413 - Reward: 8.000, Length: 8, Loss: 0.7132, Entropy: 0.6385, Epsilon: 0.010
2026-03-29 17:05:34 | INFO | Episode  414 - Reward: 9.000, Length: 9, Loss: 1.5410, Entropy: 0.6365, Epsilon: 0.010
2026-03-29 17:05:35 | INFO | Episode  415 - Reward: 9.000, Length: 9, Loss: 1.5096, Entropy: 0.6360, Epsilon: 0.010
2026-03-29 17:05:36 | INFO | Episode  416 - Reward: 9.000, Length: 9, Loss: 1.5157, Entropy: 0.6333, Epsilon: 0.010
2026-03-29 17:05:36 | INFO | Episode  417 - Reward: 10.000, Length: 10, Loss: 1.4417, Entropy: 0.6350, Epsilon: 0.010
2026-03-29 17:05:37 | INFO | Episode  418 - Reward: 8.000, Length: 8, Loss: 1.4093, Entropy: 0.6322, Epsilon: 0.010
2026-03-29 17:05:38 | INFO | Episode  419 - Reward: 9.000, Length: 9, Loss: 1.4012, Entropy: 0.6306, Epsilon: 0.010
2026-03-29 17:05:38 | INFO | Episode  420 - Reward: 8.000, Length: 8, Loss: 1.4095, Entropy: 0.6320, Epsilon: 0.010
2026-03-29 17:05:39 | INFO | Episode  421 - Reward: 9.000, Length: 9, Loss: 1.3973, Entropy: 0.6292, Epsilon: 0.010
2026-03-29 17:05:40 | INFO | Episode  422 - Reward: 10.000, Length: 10, Loss: 1.3875, Entropy: 0.6294, Epsilon: 0.010
2026-03-29 17:05:40 | INFO | Episode  423 - Reward: 9.000, Length: 9, Loss: 1.2785, Entropy: 0.6294, Epsilon: 0.010
2026-03-29 17:05:41 | INFO | Episode  424 - Reward: 8.000, Length: 8, Loss: 1.2733, Entropy: 0.6288, Epsilon: 0.010
2026-03-29 17:05:42 | INFO | Episode  425 - Reward: 8.000, Length: 8, Loss: 1.2656, Entropy: 0.6261, Epsilon: 0.010
2026-03-29 17:05:42 | INFO | Episode  426 - Reward: 9.000, Length: 9, Loss: 1.2480, Entropy: 0.6269, Epsilon: 0.010
2026-03-29 17:05:43 | INFO | Episode  427 - Reward: 9.000, Length: 9, Loss: 1.2622, Entropy: 0.6241, Epsilon: 0.010
2026-03-29 17:05:44 | INFO | Episode  428 - Reward: 9.000, Length: 9, Loss: 1.2199, Entropy: 0.6251, Epsilon: 0.010
2026-03-29 17:05:44 | INFO | Episode  429 - Reward: 9.000, Length: 9, Loss: 1.2083, Entropy: 0.6236, Epsilon: 0.010
2026-03-29 17:05:45 | INFO | Episode  430 - Reward: 9.000, Length: 9, Loss: 1.1959, Entropy: 0.6240, Epsilon: 0.010
2026-03-29 17:05:46 | INFO | Episode  431 - Reward: 10.000, Length: 10, Loss: 1.2543, Entropy: 0.6208, Epsilon: 0.010
2026-03-29 17:05:46 | INFO | Episode  432 - Reward: 9.000, Length: 9, Loss: 1.2005, Entropy: 0.6211, Epsilon: 0.010
2026-03-29 17:05:47 | INFO | Episode  433 - Reward: 10.000, Length: 10, Loss: 1.1196, Entropy: 0.6205, Epsilon: 0.010
2026-03-29 17:05:47 | INFO | Episode  434 - Reward: 10.000, Length: 10, Loss: 1.1465, Entropy: 0.6214, Epsilon: 0.010
2026-03-29 17:05:48 | INFO | Episode  435 - Reward: 9.000, Length: 9, Loss: 1.1303, Entropy: 0.6215, Epsilon: 0.010
2026-03-29 17:05:49 | INFO | Episode  436 - Reward: 10.000, Length: 10, Loss: 1.1352, Entropy: 0.6181, Epsilon: 0.010
2026-03-29 17:05:49 | INFO | Episode  437 - Reward: 8.000, Length: 8, Loss: 1.0893, Entropy: 0.6214, Epsilon: 0.010
2026-03-29 17:05:50 | INFO | Episode  438 - Reward: 10.000, Length: 10, Loss: 1.1142, Entropy: 0.6204, Epsilon: 0.010
2026-03-29 17:05:51 | INFO | Episode  439 - Reward: 9.000, Length: 9, Loss: 0.9916, Entropy: 0.6189, Epsilon: 0.010
2026-03-29 17:05:52 | INFO | Episode  440 - Reward: 9.000, Length: 9, Loss: 1.1138, Entropy: 0.6168, Epsilon: 0.010
2026-03-29 17:05:52 | INFO | Episode  441 - Reward: 10.000, Length: 10, Loss: 1.0493, Entropy: 0.6186, Epsilon: 0.010
2026-03-29 17:05:53 | INFO | Episode  442 - Reward: 8.000, Length: 8, Loss: 1.0798, Entropy: 0.6158, Epsilon: 0.010
2026-03-29 17:05:54 | INFO | Episode  443 - Reward: 9.000, Length: 9, Loss: 1.0448, Entropy: 0.6169, Epsilon: 0.010
2026-03-29 17:05:54 | INFO | Episode  444 - Reward: 9.000, Length: 9, Loss: 1.0322, Entropy: 0.6161, Epsilon: 0.010
2026-03-29 17:05:55 | INFO | Episode  445 - Reward: 10.000, Length: 10, Loss: 0.9880, Entropy: 0.6174, Epsilon: 0.010
2026-03-29 17:05:56 | INFO | Episode  446 - Reward: 8.000, Length: 8, Loss: 1.0128, Entropy: 0.6159, Epsilon: 0.010
2026-03-29 17:05:56 | INFO | Episode  447 - Reward: 9.000, Length: 9, Loss: 1.0315, Entropy: 0.6151, Epsilon: 0.010
2026-03-29 17:05:57 | INFO | Episode  448 - Reward: 9.000, Length: 9, Loss: 0.9591, Entropy: 0.6169, Epsilon: 0.010
2026-03-29 17:05:58 | INFO | Episode  449 - Reward: 10.000, Length: 10, Loss: 0.9075, Entropy: 0.6175, Epsilon: 0.010
2026-03-29 17:05:58 | INFO | Episode  450 - Reward: 8.000, Length: 8, Loss: 1.0308, Entropy: 0.6167, Epsilon: 0.010
2026-03-29 17:05:59 | INFO | [Episode  450] eps=0.010  avg_reward=   9.180  avg_length=  9.18  avg_loss=  1.0785  avg_entropy=0.6167  eval_success=0.000
2026-03-29 17:05:59 | INFO | Episode  451 - Reward: 11.000, Length: 11, Loss: 0.8283, Entropy: 0.6176, Epsilon: 0.010
2026-03-29 17:06:00 | INFO | Episode  452 - Reward: 8.000, Length: 8, Loss: 0.9404, Entropy: 0.6149, Epsilon: 0.010
2026-03-29 17:06:01 | INFO | Episode  453 - Reward: 11.000, Length: 11, Loss: 0.9101, Entropy: 0.6159, Epsilon: 0.010
2026-03-29 17:06:01 | INFO | Episode  454 - Reward: 10.000, Length: 10, Loss: 0.9359, Entropy: 0.6158, Epsilon: 0.010
2026-03-29 17:06:02 | INFO | Episode  455 - Reward: 9.000, Length: 9, Loss: 0.9730, Entropy: 0.6148, Epsilon: 0.010
2026-03-29 17:06:03 | INFO | Episode  456 - Reward: 9.000, Length: 9, Loss: 0.9423, Entropy: 0.6131, Epsilon: 0.010
2026-03-29 17:06:03 | INFO | Episode  457 - Reward: 11.000, Length: 11, Loss: 0.9151, Entropy: 0.6154, Epsilon: 0.010
2026-03-29 17:06:04 | INFO | Episode  458 - Reward: 10.000, Length: 10, Loss: 0.8288, Entropy: 0.6161, Epsilon: 0.010
2026-03-29 17:06:05 | INFO | Episode  459 - Reward: 10.000, Length: 10, Loss: 0.9145, Entropy: 0.6162, Epsilon: 0.010
2026-03-29 17:06:05 | INFO | Episode  460 - Reward: 10.000, Length: 10, Loss: 0.8604, Entropy: 0.6158, Epsilon: 0.010
2026-03-29 17:06:06 | INFO | Episode  461 - Reward: 12.000, Length: 12, Loss: 0.8503, Entropy: 0.6160, Epsilon: 0.010
2026-03-29 17:06:07 | INFO | Episode  462 - Reward: 8.000, Length: 8, Loss: 0.9469, Entropy: 0.6155, Epsilon: 0.010
2026-03-29 17:06:08 | INFO | Episode  463 - Reward: 10.000, Length: 10, Loss: 0.9400, Entropy: 0.6138, Epsilon: 0.010
2026-03-29 17:06:08 | INFO | Episode  464 - Reward: 9.000, Length: 9, Loss: 0.7927, Entropy: 0.6165, Epsilon: 0.010
2026-03-29 17:06:09 | INFO | Episode  465 - Reward: 10.000, Length: 10, Loss: 0.9548, Entropy: 0.6167, Epsilon: 0.010
2026-03-29 17:06:10 | INFO | Episode  466 - Reward: 9.000, Length: 9, Loss: 0.8528, Entropy: 0.6158, Epsilon: 0.010
2026-03-29 17:06:10 | INFO | Episode  467 - Reward: 9.000, Length: 9, Loss: 0.8072, Entropy: 0.6169, Epsilon: 0.010
2026-03-29 17:06:11 | INFO | Episode  468 - Reward: 9.000, Length: 9, Loss: 1.8069, Entropy: 0.6159, Epsilon: 0.010
2026-03-29 17:06:11 | INFO | Episode  469 - Reward: 9.000, Length: 9, Loss: 1.9133, Entropy: 0.6155, Epsilon: 0.010
2026-03-29 17:06:12 | INFO | Episode  470 - Reward: 10.000, Length: 10, Loss: 1.8037, Entropy: 0.6129, Epsilon: 0.010
2026-03-29 17:06:13 | INFO | Episode  471 - Reward: 10.000, Length: 10, Loss: 1.8083, Entropy: 0.6112, Epsilon: 0.010
2026-03-29 17:06:13 | INFO | Episode  472 - Reward: 10.000, Length: 10, Loss: 1.7848, Entropy: 0.6111, Epsilon: 0.010
2026-03-29 17:06:14 | INFO | Episode  473 - Reward: 8.000, Length: 8, Loss: 1.7318, Entropy: 0.6092, Epsilon: 0.010
2026-03-29 17:06:15 | INFO | Episode  474 - Reward: 8.000, Length: 8, Loss: 1.6833, Entropy: 0.6084, Epsilon: 0.010
2026-03-29 17:06:15 | INFO | Episode  475 - Reward: 8.000, Length: 8, Loss: 1.6921, Entropy: 0.6095, Epsilon: 0.010
2026-03-29 17:06:16 | INFO | Episode  476 - Reward: 8.000, Length: 8, Loss: 1.5975, Entropy: 0.6078, Epsilon: 0.010
2026-03-29 17:06:17 | INFO | Episode  477 - Reward: 9.000, Length: 9, Loss: 1.5273, Entropy: 0.6055, Epsilon: 0.010
2026-03-29 17:06:17 | INFO | Episode  478 - Reward: 9.000, Length: 9, Loss: 1.5800, Entropy: 0.6048, Epsilon: 0.010
2026-03-29 17:06:18 | INFO | Episode  479 - Reward: 8.000, Length: 8, Loss: 1.5791, Entropy: 0.6026, Epsilon: 0.010
2026-03-29 17:06:19 | INFO | Episode  480 - Reward: 10.000, Length: 10, Loss: 1.5342, Entropy: 0.6028, Epsilon: 0.010
2026-03-29 17:06:19 | INFO | Episode  481 - Reward: 10.000, Length: 10, Loss: 1.5677, Entropy: 0.5997, Epsilon: 0.010
2026-03-29 17:06:20 | INFO | Episode  482 - Reward: 8.000, Length: 8, Loss: 1.5502, Entropy: 0.6005, Epsilon: 0.010
2026-03-29 17:06:21 | INFO | Episode  483 - Reward: 9.000, Length: 9, Loss: 1.4435, Entropy: 0.6010, Epsilon: 0.010
2026-03-29 17:06:21 | INFO | Episode  484 - Reward: 8.000, Length: 8, Loss: 1.4054, Entropy: 0.6009, Epsilon: 0.010
2026-03-29 17:06:22 | INFO | Episode  485 - Reward: 9.000, Length: 9, Loss: 1.3800, Entropy: 0.5997, Epsilon: 0.010
2026-03-29 17:06:23 | INFO | Episode  486 - Reward: 9.000, Length: 9, Loss: 1.4424, Entropy: 0.5996, Epsilon: 0.010
2026-03-29 17:06:23 | INFO | Episode  487 - Reward: 8.000, Length: 8, Loss: 1.5045, Entropy: 0.5965, Epsilon: 0.010
2026-03-29 17:06:24 | INFO | Episode  488 - Reward: 10.000, Length: 10, Loss: 1.3844, Entropy: 0.5981, Epsilon: 0.010
2026-03-29 17:06:25 | INFO | Episode  489 - Reward: 11.000, Length: 11, Loss: 1.4733, Entropy: 0.5983, Epsilon: 0.010
2026-03-29 17:06:25 | INFO | Episode  490 - Reward: 10.000, Length: 10, Loss: 1.2894, Entropy: 0.5963, Epsilon: 0.010
2026-03-29 17:06:26 | INFO | Episode  491 - Reward: 9.000, Length: 9, Loss: 1.2961, Entropy: 0.5971, Epsilon: 0.010
2026-03-29 17:06:26 | INFO | Episode  492 - Reward: 10.000, Length: 10, Loss: 1.2213, Entropy: 0.5969, Epsilon: 0.010
2026-03-29 17:06:27 | INFO | Episode  493 - Reward: 10.000, Length: 10, Loss: 1.4472, Entropy: 0.5945, Epsilon: 0.010
2026-03-29 17:06:27 | INFO | Episode  494 - Reward: 10.000, Length: 10, Loss: 1.3434, Entropy: 0.5963, Epsilon: 0.010
2026-03-29 17:06:28 | INFO | Episode  495 - Reward: 9.000, Length: 9, Loss: 1.3787, Entropy: 0.5958, Epsilon: 0.010
2026-03-29 17:06:28 | INFO | Episode  496 - Reward: 10.000, Length: 10, Loss: 1.5066, Entropy: 0.5966, Epsilon: 0.010
2026-03-29 17:06:29 | INFO | Episode  497 - Reward: 9.000, Length: 9, Loss: 1.1967, Entropy: 0.5979, Epsilon: 0.010
2026-03-29 17:06:29 | INFO | Episode  498 - Reward: 8.000, Length: 8, Loss: 1.1424, Entropy: 0.5981, Epsilon: 0.010
2026-03-29 17:06:30 | INFO | Episode  499 - Reward: 10.000, Length: 10, Loss: 1.3725, Entropy: 0.5954, Epsilon: 0.010
2026-03-29 17:06:30 | INFO | Episode  500 - Reward: 9.000, Length: 9, Loss: 1.2245, Entropy: 0.5968, Epsilon: 0.010
2026-03-29 17:06:30 | INFO | [Episode  500] eps=0.010  avg_reward=   9.360  avg_length=  9.36  avg_loss=  1.2961  avg_entropy=0.5968  eval_success=0.000
2026-03-29 17:06:31 | INFO | DQN+Entropy training: 4m 22.61s
2026-03-29 17:06:33 | INFO | [Final Eval] success=0.000, mean_reward=9.310
