2026-03-29 16:57:29 | INFO | ============================================================
2026-03-29 16:57:29 | INFO | DEVICE / COMPUTE INFORMATION
2026-03-29 16:57:29 | INFO |   JAX backend       : CPU
2026-03-29 16:57:29 | INFO |   Platform          : cpu
2026-03-29 16:57:29 | INFO |   Num devices       : 1
2026-03-29 16:57:29 | INFO |   Device            : TFRT_CPU_0
2026-03-29 16:57:29 | INFO | ============================================================
2026-03-29 16:57:29 | INFO | DQN+Entropy | seed=6, lr=0.0005, gamma=0.99, alpha=0.01
2026-03-29 16:57:29 | INFO | Env: cartpole/dense, obs_dim=4, num_actions=2
2026-03-29 16:57:30 | INFO | Episode    1 - Reward: 13.000, Length: 13, Loss: 0.0000, Entropy: 0.0000, Epsilon: 0.998
2026-03-29 16:57:30 | INFO | Episode    2 - Reward: 18.000, Length: 18, Loss: 0.0000, Entropy: 0.0000, Epsilon: 0.995
2026-03-29 16:57:31 | INFO | Episode    3 - Reward: 13.000, Length: 13, Loss: 0.0000, Entropy: 0.0000, Epsilon: 0.993
2026-03-29 16:57:31 | INFO | Episode    4 - Reward: 51.000, Length: 51, Loss: 0.0000, Entropy: 0.0000, Epsilon: 0.990
2026-03-29 16:57:32 | INFO | Episode    5 - Reward: 25.000, Length: 25, Loss: 0.0000, Entropy: 0.0000, Epsilon: 0.988
2026-03-29 16:57:32 | INFO | Episode    6 - Reward: 27.000, Length: 27, Loss: 0.0000, Entropy: 0.0000, Epsilon: 0.985
2026-03-29 16:57:33 | INFO | Episode    7 - Reward: 11.000, Length: 11, Loss: 0.0000, Entropy: 0.0000, Epsilon: 0.983
2026-03-29 16:57:33 | INFO | Episode    8 - Reward: 11.000, Length: 11, Loss: 0.0000, Entropy: 0.0000, Epsilon: 0.980
2026-03-29 16:57:33 | INFO | Episode    9 - Reward: 16.000, Length: 16, Loss: 0.0000, Entropy: 0.0000, Epsilon: 0.978
2026-03-29 16:57:34 | INFO | Episode   10 - Reward: 45.000, Length: 45, Loss: 0.0000, Entropy: 0.0000, Epsilon: 0.975
2026-03-29 16:57:35 | INFO | Episode   11 - Reward: 33.000, Length: 33, Loss: 1.0525, Entropy: 0.6920, Epsilon: 0.973
2026-03-29 16:57:36 | INFO | Episode   12 - Reward: 34.000, Length: 34, Loss: 1.0429, Entropy: 0.6922, Epsilon: 0.970
2026-03-29 16:57:36 | INFO | Episode   13 - Reward: 17.000, Length: 17, Loss: 1.0362, Entropy: 0.6922, Epsilon: 0.968
2026-03-29 16:57:37 | INFO | Episode   14 - Reward: 18.000, Length: 18, Loss: 1.0304, Entropy: 0.6921, Epsilon: 0.965
2026-03-29 16:57:37 | INFO | Episode   15 - Reward: 47.000, Length: 47, Loss: 1.0310, Entropy: 0.6921, Epsilon: 0.963
2026-03-29 16:57:38 | INFO | Episode   16 - Reward: 16.000, Length: 16, Loss: 1.0323, Entropy: 0.6920, Epsilon: 0.960
2026-03-29 16:57:38 | INFO | Episode   17 - Reward: 10.000, Length: 10, Loss: 1.0248, Entropy: 0.6919, Epsilon: 0.958
2026-03-29 16:57:39 | INFO | Episode   18 - Reward: 15.000, Length: 15, Loss: 1.0229, Entropy: 0.6920, Epsilon: 0.955
2026-03-29 16:57:39 | INFO | Episode   19 - Reward: 24.000, Length: 24, Loss: 1.0106, Entropy: 0.6920, Epsilon: 0.953
2026-03-29 16:57:40 | INFO | Episode   20 - Reward: 16.000, Length: 16, Loss: 1.0142, Entropy: 0.6920, Epsilon: 0.951
2026-03-29 16:57:40 | INFO | Episode   21 - Reward: 19.000, Length: 19, Loss: 1.0064, Entropy: 0.6920, Epsilon: 0.948
2026-03-29 16:57:41 | INFO | Episode   22 - Reward: 15.000, Length: 15, Loss: 0.9951, Entropy: 0.6921, Epsilon: 0.946
2026-03-29 16:57:41 | INFO | Episode   23 - Reward: 13.000, Length: 13, Loss: 1.0016, Entropy: 0.6918, Epsilon: 0.943
2026-03-29 16:57:42 | INFO | Episode   24 - Reward: 37.000, Length: 37, Loss: 1.0636, Entropy: 0.6919, Epsilon: 0.941
2026-03-29 16:57:42 | INFO | Episode   25 - Reward: 14.000, Length: 14, Loss: 1.0622, Entropy: 0.6919, Epsilon: 0.938
2026-03-29 16:57:43 | INFO | Episode   26 - Reward: 13.000, Length: 13, Loss: 1.0553, Entropy: 0.6919, Epsilon: 0.936
2026-03-29 16:57:43 | INFO | Episode   27 - Reward: 28.000, Length: 28, Loss: 1.0547, Entropy: 0.6918, Epsilon: 0.933
2026-03-29 16:57:44 | INFO | Episode   28 - Reward: 20.000, Length: 20, Loss: 1.0448, Entropy: 0.6919, Epsilon: 0.931
2026-03-29 16:57:44 | INFO | Episode   29 - Reward: 12.000, Length: 12, Loss: 1.0431, Entropy: 0.6918, Epsilon: 0.928
2026-03-29 16:57:45 | INFO | Episode   30 - Reward: 18.000, Length: 18, Loss: 1.0381, Entropy: 0.6918, Epsilon: 0.926
2026-03-29 16:57:45 | INFO | Episode   31 - Reward: 26.000, Length: 26, Loss: 1.0309, Entropy: 0.6918, Epsilon: 0.923
2026-03-29 16:57:46 | INFO | Episode   32 - Reward: 28.000, Length: 28, Loss: 1.0224, Entropy: 0.6918, Epsilon: 0.921
2026-03-29 16:57:46 | INFO | Episode   33 - Reward: 20.000, Length: 20, Loss: 1.0194, Entropy: 0.6918, Epsilon: 0.918
2026-03-29 16:57:47 | INFO | Episode   34 - Reward: 21.000, Length: 21, Loss: 1.0104, Entropy: 0.6918, Epsilon: 0.916
2026-03-29 16:57:47 | INFO | Episode   35 - Reward: 45.000, Length: 45, Loss: 1.0002, Entropy: 0.6918, Epsilon: 0.913
2026-03-29 16:57:48 | INFO | Episode   36 - Reward: 16.000, Length: 16, Loss: 1.0000, Entropy: 0.6918, Epsilon: 0.911
2026-03-29 16:57:48 | INFO | Episode   37 - Reward: 12.000, Length: 12, Loss: 0.9889, Entropy: 0.6917, Epsilon: 0.908
2026-03-29 16:57:49 | INFO | Episode   38 - Reward: 15.000, Length: 15, Loss: 0.9867, Entropy: 0.6917, Epsilon: 0.906
2026-03-29 16:57:49 | INFO | Episode   39 - Reward: 14.000, Length: 14, Loss: 0.9845, Entropy: 0.6917, Epsilon: 0.903
2026-03-29 16:57:50 | INFO | Episode   40 - Reward: 13.000, Length: 13, Loss: 0.9768, Entropy: 0.6918, Epsilon: 0.901
2026-03-29 16:57:50 | INFO | Episode   41 - Reward: 24.000, Length: 24, Loss: 0.9758, Entropy: 0.6917, Epsilon: 0.899
2026-03-29 16:57:50 | INFO | Episode   42 - Reward: 27.000, Length: 27, Loss: 0.9718, Entropy: 0.6916, Epsilon: 0.896
2026-03-29 16:57:51 | INFO | Episode   43 - Reward: 38.000, Length: 38, Loss: 0.9691, Entropy: 0.6917, Epsilon: 0.894
2026-03-29 16:57:51 | INFO | Episode   44 - Reward: 21.000, Length: 21, Loss: 0.9551, Entropy: 0.6917, Epsilon: 0.891
2026-03-29 16:57:52 | INFO | Episode   45 - Reward: 13.000, Length: 13, Loss: 0.9542, Entropy: 0.6917, Epsilon: 0.889
2026-03-29 16:57:52 | INFO | Episode   46 - Reward: 15.000, Length: 15, Loss: 0.9555, Entropy: 0.6916, Epsilon: 0.886
2026-03-29 16:57:53 | INFO | Episode   47 - Reward: 43.000, Length: 43, Loss: 0.9506, Entropy: 0.6915, Epsilon: 0.884
2026-03-29 16:57:53 | INFO | Episode   48 - Reward: 24.000, Length: 24, Loss: 1.0634, Entropy: 0.6917, Epsilon: 0.881
2026-03-29 16:57:54 | INFO | Episode   49 - Reward: 36.000, Length: 36, Loss: 1.0561, Entropy: 0.6916, Epsilon: 0.879
2026-03-29 16:57:54 | INFO | Episode   50 - Reward: 17.000, Length: 17, Loss: 1.0552, Entropy: 0.6917, Epsilon: 0.876
2026-03-29 16:57:55 | INFO | [Episode   50] eps=0.876  avg_reward=  22.340  avg_length= 22.34  avg_loss=  0.8118  avg_entropy=0.6917  eval_success=0.000
2026-03-29 16:57:56 | INFO | Episode   51 - Reward: 18.000, Length: 18, Loss: 1.0510, Entropy: 0.6916, Epsilon: 0.874
2026-03-29 16:57:56 | INFO | Episode   52 - Reward: 21.000, Length: 21, Loss: 1.0383, Entropy: 0.6916, Epsilon: 0.871
2026-03-29 16:57:56 | INFO | Episode   53 - Reward: 29.000, Length: 29, Loss: 1.0359, Entropy: 0.6916, Epsilon: 0.869
2026-03-29 16:57:57 | INFO | Episode   54 - Reward: 20.000, Length: 20, Loss: 1.0349, Entropy: 0.6917, Epsilon: 0.866
2026-03-29 16:57:57 | INFO | Episode   55 - Reward: 20.000, Length: 20, Loss: 1.0272, Entropy: 0.6916, Epsilon: 0.864
2026-03-29 16:57:58 | INFO | Episode   56 - Reward: 20.000, Length: 20, Loss: 1.0146, Entropy: 0.6915, Epsilon: 0.861
2026-03-29 16:57:58 | INFO | Episode   57 - Reward: 14.000, Length: 14, Loss: 1.0221, Entropy: 0.6915, Epsilon: 0.859
2026-03-29 16:57:59 | INFO | Episode   58 - Reward: 10.000, Length: 10, Loss: 1.0134, Entropy: 0.6916, Epsilon: 0.856
2026-03-29 16:57:59 | INFO | Episode   59 - Reward: 11.000, Length: 11, Loss: 1.0045, Entropy: 0.6915, Epsilon: 0.854
2026-03-29 16:58:00 | INFO | Episode   60 - Reward: 20.000, Length: 20, Loss: 0.9971, Entropy: 0.6915, Epsilon: 0.852
2026-03-29 16:58:00 | INFO | Episode   61 - Reward: 25.000, Length: 25, Loss: 1.0001, Entropy: 0.6916, Epsilon: 0.849
2026-03-29 16:58:01 | INFO | Episode   62 - Reward: 18.000, Length: 18, Loss: 0.9916, Entropy: 0.6915, Epsilon: 0.847
2026-03-29 16:58:01 | INFO | Episode   63 - Reward: 22.000, Length: 22, Loss: 0.9937, Entropy: 0.6916, Epsilon: 0.844
2026-03-29 16:58:01 | INFO | Episode   64 - Reward: 14.000, Length: 14, Loss: 0.9821, Entropy: 0.6915, Epsilon: 0.842
2026-03-29 16:58:02 | INFO | Episode   65 - Reward: 43.000, Length: 43, Loss: 0.9736, Entropy: 0.6914, Epsilon: 0.839
2026-03-29 16:58:02 | INFO | Episode   66 - Reward: 19.000, Length: 19, Loss: 0.9819, Entropy: 0.6915, Epsilon: 0.837
2026-03-29 16:58:03 | INFO | Episode   67 - Reward: 19.000, Length: 19, Loss: 0.9614, Entropy: 0.6916, Epsilon: 0.834
2026-03-29 16:58:03 | INFO | Episode   68 - Reward: 22.000, Length: 22, Loss: 0.9586, Entropy: 0.6916, Epsilon: 0.832
2026-03-29 16:58:04 | INFO | Episode   69 - Reward: 16.000, Length: 16, Loss: 0.9520, Entropy: 0.6914, Epsilon: 0.829
2026-03-29 16:58:04 | INFO | Episode   70 - Reward: 36.000, Length: 36, Loss: 0.9504, Entropy: 0.6915, Epsilon: 0.827
2026-03-29 16:58:04 | INFO | Episode   71 - Reward: 61.000, Length: 61, Loss: 1.0715, Entropy: 0.6915, Epsilon: 0.824
2026-03-29 16:58:05 | INFO | Episode   72 - Reward: 13.000, Length: 13, Loss: 1.0647, Entropy: 0.6913, Epsilon: 0.822
2026-03-29 16:58:05 | INFO | Episode   73 - Reward: 28.000, Length: 28, Loss: 1.0677, Entropy: 0.6915, Epsilon: 0.819
2026-03-29 16:58:06 | INFO | Episode   74 - Reward: 21.000, Length: 21, Loss: 1.0496, Entropy: 0.6915, Epsilon: 0.817
2026-03-29 16:58:06 | INFO | Episode   75 - Reward: 10.000, Length: 10, Loss: 1.0470, Entropy: 0.6914, Epsilon: 0.814
2026-03-29 16:58:07 | INFO | Episode   76 - Reward: 10.000, Length: 10, Loss: 1.0432, Entropy: 0.6914, Epsilon: 0.812
2026-03-29 16:58:07 | INFO | Episode   77 - Reward: 16.000, Length: 16, Loss: 1.0378, Entropy: 0.6914, Epsilon: 0.809
2026-03-29 16:58:08 | INFO | Episode   78 - Reward: 20.000, Length: 20, Loss: 1.0333, Entropy: 0.6913, Epsilon: 0.807
2026-03-29 16:58:08 | INFO | Episode   79 - Reward: 35.000, Length: 35, Loss: 1.0245, Entropy: 0.6914, Epsilon: 0.804
2026-03-29 16:58:08 | INFO | Episode   80 - Reward: 44.000, Length: 44, Loss: 1.0214, Entropy: 0.6914, Epsilon: 0.802
2026-03-29 16:58:09 | INFO | Episode   81 - Reward: 16.000, Length: 16, Loss: 1.0156, Entropy: 0.6913, Epsilon: 0.800
2026-03-29 16:58:09 | INFO | Episode   82 - Reward: 11.000, Length: 11, Loss: 1.0055, Entropy: 0.6913, Epsilon: 0.797
2026-03-29 16:58:10 | INFO | Episode   83 - Reward: 38.000, Length: 38, Loss: 1.0057, Entropy: 0.6913, Epsilon: 0.795
2026-03-29 16:58:10 | INFO | Episode   84 - Reward: 12.000, Length: 12, Loss: 1.0046, Entropy: 0.6913, Epsilon: 0.792
2026-03-29 16:58:11 | INFO | Episode   85 - Reward: 15.000, Length: 15, Loss: 0.9931, Entropy: 0.6912, Epsilon: 0.790
2026-03-29 16:58:11 | INFO | Episode   86 - Reward: 12.000, Length: 12, Loss: 0.9918, Entropy: 0.6912, Epsilon: 0.787
2026-03-29 16:58:11 | INFO | Episode   87 - Reward: 14.000, Length: 14, Loss: 0.9781, Entropy: 0.6910, Epsilon: 0.785
2026-03-29 16:58:12 | INFO | Episode   88 - Reward: 11.000, Length: 11, Loss: 0.9771, Entropy: 0.6912, Epsilon: 0.782
2026-03-29 16:58:12 | INFO | Episode   89 - Reward: 17.000, Length: 17, Loss: 0.9628, Entropy: 0.6910, Epsilon: 0.780
2026-03-29 16:58:13 | INFO | Episode   90 - Reward: 15.000, Length: 15, Loss: 0.9622, Entropy: 0.6911, Epsilon: 0.777
2026-03-29 16:58:13 | INFO | Episode   91 - Reward: 37.000, Length: 37, Loss: 0.9632, Entropy: 0.6911, Epsilon: 0.775
2026-03-29 16:58:14 | INFO | Episode   92 - Reward: 14.000, Length: 14, Loss: 0.9580, Entropy: 0.6910, Epsilon: 0.772
2026-03-29 16:58:14 | INFO | Episode   93 - Reward: 42.000, Length: 42, Loss: 1.0684, Entropy: 0.6911, Epsilon: 0.770
2026-03-29 16:58:15 | INFO | Episode   94 - Reward: 26.000, Length: 26, Loss: 1.0683, Entropy: 0.6910, Epsilon: 0.767
2026-03-29 16:58:15 | INFO | Episode   95 - Reward: 12.000, Length: 12, Loss: 1.0691, Entropy: 0.6909, Epsilon: 0.765
2026-03-29 16:58:16 | INFO | Episode   96 - Reward: 30.000, Length: 30, Loss: 1.0634, Entropy: 0.6908, Epsilon: 0.762
2026-03-29 16:58:16 | INFO | Episode   97 - Reward: 27.000, Length: 27, Loss: 1.0337, Entropy: 0.6909, Epsilon: 0.760
2026-03-29 16:58:16 | INFO | Episode   98 - Reward: 15.000, Length: 15, Loss: 1.0564, Entropy: 0.6908, Epsilon: 0.757
2026-03-29 16:58:17 | INFO | Episode   99 - Reward: 13.000, Length: 13, Loss: 1.0349, Entropy: 0.6909, Epsilon: 0.755
2026-03-29 16:58:17 | INFO | Episode  100 - Reward: 11.000, Length: 11, Loss: 1.0339, Entropy: 0.6910, Epsilon: 0.752
2026-03-29 16:58:18 | INFO | [Episode  100] eps=0.752  avg_reward=  21.260  avg_length= 21.26  avg_loss=  1.0138  avg_entropy=0.6910  eval_success=0.000
2026-03-29 16:58:18 | INFO | Episode  101 - Reward: 14.000, Length: 14, Loss: 1.0263, Entropy: 0.6909, Epsilon: 0.750
2026-03-29 16:58:19 | INFO | Episode  102 - Reward: 12.000, Length: 12, Loss: 1.0231, Entropy: 0.6907, Epsilon: 0.748
2026-03-29 16:58:19 | INFO | Episode  103 - Reward: 15.000, Length: 15, Loss: 1.0142, Entropy: 0.6909, Epsilon: 0.745
2026-03-29 16:58:20 | INFO | Episode  104 - Reward: 19.000, Length: 19, Loss: 1.0081, Entropy: 0.6908, Epsilon: 0.743
2026-03-29 16:58:20 | INFO | Episode  105 - Reward: 11.000, Length: 11, Loss: 1.0120, Entropy: 0.6907, Epsilon: 0.740
2026-03-29 16:58:20 | INFO | Episode  106 - Reward: 13.000, Length: 13, Loss: 0.9947, Entropy: 0.6905, Epsilon: 0.738
2026-03-29 16:58:21 | INFO | Episode  107 - Reward: 10.000, Length: 10, Loss: 0.9915, Entropy: 0.6907, Epsilon: 0.735
2026-03-29 16:58:21 | INFO | Episode  108 - Reward: 13.000, Length: 13, Loss: 0.9947, Entropy: 0.6907, Epsilon: 0.733
2026-03-29 16:58:22 | INFO | Episode  109 - Reward: 44.000, Length: 44, Loss: 0.9857, Entropy: 0.6907, Epsilon: 0.730
2026-03-29 16:58:22 | INFO | Episode  110 - Reward: 29.000, Length: 29, Loss: 0.9921, Entropy: 0.6906, Epsilon: 0.728
2026-03-29 16:58:23 | INFO | Episode  111 - Reward: 10.000, Length: 10, Loss: 0.9825, Entropy: 0.6905, Epsilon: 0.725
2026-03-29 16:58:23 | INFO | Episode  112 - Reward: 70.000, Length: 70, Loss: 0.9672, Entropy: 0.6905, Epsilon: 0.723
2026-03-29 16:58:24 | INFO | Episode  113 - Reward: 19.000, Length: 19, Loss: 0.9638, Entropy: 0.6905, Epsilon: 0.720
2026-03-29 16:58:24 | INFO | Episode  114 - Reward: 10.000, Length: 10, Loss: 0.9571, Entropy: 0.6906, Epsilon: 0.718
2026-03-29 16:58:24 | INFO | Episode  115 - Reward: 21.000, Length: 21, Loss: 0.9444, Entropy: 0.6905, Epsilon: 0.715
2026-03-29 16:58:25 | INFO | Episode  116 - Reward: 10.000, Length: 10, Loss: 0.9423, Entropy: 0.6905, Epsilon: 0.713
2026-03-29 16:58:25 | INFO | Episode  117 - Reward: 65.000, Length: 65, Loss: 1.0775, Entropy: 0.6904, Epsilon: 0.710
2026-03-29 16:58:26 | INFO | Episode  118 - Reward: 11.000, Length: 11, Loss: 1.0643, Entropy: 0.6902, Epsilon: 0.708
2026-03-29 16:58:26 | INFO | Episode  119 - Reward: 11.000, Length: 11, Loss: 1.0709, Entropy: 0.6905, Epsilon: 0.705
2026-03-29 16:58:27 | INFO | Episode  120 - Reward: 16.000, Length: 16, Loss: 1.0579, Entropy: 0.6904, Epsilon: 0.703
2026-03-29 16:58:27 | INFO | Episode  121 - Reward: 14.000, Length: 14, Loss: 1.0564, Entropy: 0.6903, Epsilon: 0.701
2026-03-29 16:58:28 | INFO | Episode  122 - Reward: 15.000, Length: 15, Loss: 1.0578, Entropy: 0.6902, Epsilon: 0.698
2026-03-29 16:58:28 | INFO | Episode  123 - Reward: 12.000, Length: 12, Loss: 1.0539, Entropy: 0.6902, Epsilon: 0.696
2026-03-29 16:58:28 | INFO | Episode  124 - Reward: 32.000, Length: 32, Loss: 1.0414, Entropy: 0.6901, Epsilon: 0.693
2026-03-29 16:58:29 | INFO | Episode  125 - Reward: 19.000, Length: 19, Loss: 1.0236, Entropy: 0.6902, Epsilon: 0.691
2026-03-29 16:58:29 | INFO | Episode  126 - Reward: 14.000, Length: 14, Loss: 1.0361, Entropy: 0.6902, Epsilon: 0.688
2026-03-29 16:58:30 | INFO | Episode  127 - Reward: 11.000, Length: 11, Loss: 1.0228, Entropy: 0.6901, Epsilon: 0.686
2026-03-29 16:58:30 | INFO | Episode  128 - Reward: 10.000, Length: 10, Loss: 1.0120, Entropy: 0.6899, Epsilon: 0.683
2026-03-29 16:58:31 | INFO | Episode  129 - Reward: 15.000, Length: 15, Loss: 1.0009, Entropy: 0.6900, Epsilon: 0.681
2026-03-29 16:58:31 | INFO | Episode  130 - Reward: 13.000, Length: 13, Loss: 1.0063, Entropy: 0.6899, Epsilon: 0.678
2026-03-29 16:58:32 | INFO | Episode  131 - Reward: 11.000, Length: 11, Loss: 0.9995, Entropy: 0.6899, Epsilon: 0.676
2026-03-29 16:58:32 | INFO | Episode  132 - Reward: 12.000, Length: 12, Loss: 0.9927, Entropy: 0.6899, Epsilon: 0.673
2026-03-29 16:58:33 | INFO | Episode  133 - Reward: 17.000, Length: 17, Loss: 0.9833, Entropy: 0.6898, Epsilon: 0.671
2026-03-29 16:58:33 | INFO | Episode  134 - Reward: 15.000, Length: 15, Loss: 0.9847, Entropy: 0.6898, Epsilon: 0.668
2026-03-29 16:58:33 | INFO | Episode  135 - Reward: 23.000, Length: 23, Loss: 0.9881, Entropy: 0.6898, Epsilon: 0.666
2026-03-29 16:58:34 | INFO | Episode  136 - Reward: 13.000, Length: 13, Loss: 0.9740, Entropy: 0.6897, Epsilon: 0.663
2026-03-29 16:58:34 | INFO | Episode  137 - Reward: 21.000, Length: 21, Loss: 0.9606, Entropy: 0.6897, Epsilon: 0.661
2026-03-29 16:58:35 | INFO | Episode  138 - Reward: 25.000, Length: 25, Loss: 0.9472, Entropy: 0.6896, Epsilon: 0.658
2026-03-29 16:58:35 | INFO | Episode  139 - Reward: 11.000, Length: 11, Loss: 0.9533, Entropy: 0.6896, Epsilon: 0.656
2026-03-29 16:58:36 | INFO | Episode  140 - Reward: 21.000, Length: 21, Loss: 0.9402, Entropy: 0.6895, Epsilon: 0.653
2026-03-29 16:58:36 | INFO | Episode  141 - Reward: 9.000, Length: 9, Loss: 0.9445, Entropy: 0.6895, Epsilon: 0.651
2026-03-29 16:58:36 | INFO | Episode  142 - Reward: 17.000, Length: 17, Loss: 0.9353, Entropy: 0.6896, Epsilon: 0.649
2026-03-29 16:58:37 | INFO | Episode  143 - Reward: 18.000, Length: 18, Loss: 0.9385, Entropy: 0.6895, Epsilon: 0.646
2026-03-29 16:58:37 | INFO | Episode  144 - Reward: 16.000, Length: 16, Loss: 0.9256, Entropy: 0.6894, Epsilon: 0.644
2026-03-29 16:58:38 | INFO | Episode  145 - Reward: 13.000, Length: 13, Loss: 0.9108, Entropy: 0.6893, Epsilon: 0.641
2026-03-29 16:58:38 | INFO | Episode  146 - Reward: 15.000, Length: 15, Loss: 1.0734, Entropy: 0.6893, Epsilon: 0.639
2026-03-29 16:58:39 | INFO | Episode  147 - Reward: 20.000, Length: 20, Loss: 1.0956, Entropy: 0.6892, Epsilon: 0.636
2026-03-29 16:58:39 | INFO | Episode  148 - Reward: 11.000, Length: 11, Loss: 1.0722, Entropy: 0.6892, Epsilon: 0.634
2026-03-29 16:58:39 | INFO | Episode  149 - Reward: 10.000, Length: 10, Loss: 1.0918, Entropy: 0.6893, Epsilon: 0.631
2026-03-29 16:58:40 | INFO | Episode  150 - Reward: 21.000, Length: 21, Loss: 1.0788, Entropy: 0.6893, Epsilon: 0.629
2026-03-29 16:58:40 | INFO | [Episode  150] eps=0.629  avg_reward=  17.940  avg_length= 17.94  avg_loss=  1.0034  avg_entropy=0.6893  eval_success=0.000
2026-03-29 16:58:41 | INFO | Episode  151 - Reward: 16.000, Length: 16, Loss: 1.0701, Entropy: 0.6891, Epsilon: 0.626
2026-03-29 16:58:41 | INFO | Episode  152 - Reward: 13.000, Length: 13, Loss: 1.0524, Entropy: 0.6891, Epsilon: 0.624
2026-03-29 16:58:42 | INFO | Episode  153 - Reward: 13.000, Length: 13, Loss: 1.0487, Entropy: 0.6889, Epsilon: 0.621
2026-03-29 16:58:42 | INFO | Episode  154 - Reward: 12.000, Length: 12, Loss: 1.0371, Entropy: 0.6890, Epsilon: 0.619
2026-03-29 16:58:43 | INFO | Episode  155 - Reward: 24.000, Length: 24, Loss: 1.0253, Entropy: 0.6888, Epsilon: 0.616
2026-03-29 16:58:43 | INFO | Episode  156 - Reward: 19.000, Length: 19, Loss: 1.0340, Entropy: 0.6888, Epsilon: 0.614
2026-03-29 16:58:43 | INFO | Episode  157 - Reward: 18.000, Length: 18, Loss: 1.0192, Entropy: 0.6889, Epsilon: 0.611
2026-03-29 16:58:44 | INFO | Episode  158 - Reward: 12.000, Length: 12, Loss: 1.0121, Entropy: 0.6888, Epsilon: 0.609
2026-03-29 16:58:44 | INFO | Episode  159 - Reward: 28.000, Length: 28, Loss: 1.0103, Entropy: 0.6888, Epsilon: 0.606
2026-03-29 16:58:45 | INFO | Episode  160 - Reward: 10.000, Length: 10, Loss: 1.0043, Entropy: 0.6886, Epsilon: 0.604
2026-03-29 16:58:45 | INFO | Episode  161 - Reward: 12.000, Length: 12, Loss: 0.9994, Entropy: 0.6885, Epsilon: 0.602
2026-03-29 16:58:46 | INFO | Episode  162 - Reward: 14.000, Length: 14, Loss: 0.9903, Entropy: 0.6887, Epsilon: 0.599
2026-03-29 16:58:46 | INFO | Episode  163 - Reward: 17.000, Length: 17, Loss: 0.9923, Entropy: 0.6885, Epsilon: 0.597
2026-03-29 16:58:46 | INFO | Episode  164 - Reward: 17.000, Length: 17, Loss: 0.9830, Entropy: 0.6884, Epsilon: 0.594
2026-03-29 16:58:47 | INFO | Episode  165 - Reward: 12.000, Length: 12, Loss: 0.9814, Entropy: 0.6885, Epsilon: 0.592
2026-03-29 16:58:47 | INFO | Episode  166 - Reward: 11.000, Length: 11, Loss: 0.9804, Entropy: 0.6883, Epsilon: 0.589
2026-03-29 16:58:48 | INFO | Episode  167 - Reward: 13.000, Length: 13, Loss: 0.9724, Entropy: 0.6883, Epsilon: 0.587
2026-03-29 16:58:48 | INFO | Episode  168 - Reward: 17.000, Length: 17, Loss: 0.9696, Entropy: 0.6883, Epsilon: 0.584
2026-03-29 16:58:49 | INFO | Episode  169 - Reward: 12.000, Length: 12, Loss: 0.9586, Entropy: 0.6882, Epsilon: 0.582
2026-03-29 16:58:49 | INFO | Episode  170 - Reward: 19.000, Length: 19, Loss: 0.9565, Entropy: 0.6882, Epsilon: 0.579
2026-03-29 16:58:49 | INFO | Episode  171 - Reward: 10.000, Length: 10, Loss: 0.9402, Entropy: 0.6881, Epsilon: 0.577
2026-03-29 16:58:50 | INFO | Episode  172 - Reward: 9.000, Length: 9, Loss: 0.9440, Entropy: 0.6881, Epsilon: 0.574
2026-03-29 16:58:51 | INFO | Episode  173 - Reward: 9.000, Length: 9, Loss: 0.9375, Entropy: 0.6881, Epsilon: 0.572
2026-03-29 16:58:51 | INFO | Episode  174 - Reward: 23.000, Length: 23, Loss: 0.9175, Entropy: 0.6881, Epsilon: 0.569
2026-03-29 16:58:51 | INFO | Episode  175 - Reward: 13.000, Length: 13, Loss: 0.9298, Entropy: 0.6879, Epsilon: 0.567
2026-03-29 16:58:52 | INFO | Episode  176 - Reward: 14.000, Length: 14, Loss: 0.9069, Entropy: 0.6878, Epsilon: 0.564
2026-03-29 16:58:52 | INFO | Episode  177 - Reward: 15.000, Length: 15, Loss: 0.9016, Entropy: 0.6877, Epsilon: 0.562
2026-03-29 16:58:53 | INFO | Episode  178 - Reward: 12.000, Length: 12, Loss: 0.9011, Entropy: 0.6876, Epsilon: 0.559
2026-03-29 16:58:53 | INFO | Episode  179 - Reward: 8.000, Length: 8, Loss: 0.8905, Entropy: 0.6878, Epsilon: 0.557
2026-03-29 16:58:54 | INFO | Episode  180 - Reward: 23.000, Length: 23, Loss: 0.8835, Entropy: 0.6876, Epsilon: 0.554
2026-03-29 16:58:54 | INFO | Episode  181 - Reward: 14.000, Length: 14, Loss: 1.1049, Entropy: 0.6877, Epsilon: 0.552
2026-03-29 16:58:55 | INFO | Episode  182 - Reward: 13.000, Length: 13, Loss: 1.1177, Entropy: 0.6875, Epsilon: 0.550
2026-03-29 16:58:55 | INFO | Episode  183 - Reward: 11.000, Length: 11, Loss: 1.0954, Entropy: 0.6876, Epsilon: 0.547
2026-03-29 16:58:55 | INFO | Episode  184 - Reward: 11.000, Length: 11, Loss: 1.0920, Entropy: 0.6874, Epsilon: 0.545
2026-03-29 16:58:56 | INFO | Episode  185 - Reward: 15.000, Length: 15, Loss: 1.0932, Entropy: 0.6872, Epsilon: 0.542
2026-03-29 16:58:56 | INFO | Episode  186 - Reward: 23.000, Length: 23, Loss: 1.0878, Entropy: 0.6874, Epsilon: 0.540
2026-03-29 16:58:57 | INFO | Episode  187 - Reward: 29.000, Length: 29, Loss: 1.0776, Entropy: 0.6871, Epsilon: 0.537
2026-03-29 16:58:57 | INFO | Episode  188 - Reward: 10.000, Length: 10, Loss: 1.0608, Entropy: 0.6873, Epsilon: 0.535
2026-03-29 16:58:58 | INFO | Episode  189 - Reward: 18.000, Length: 18, Loss: 1.0462, Entropy: 0.6870, Epsilon: 0.532
2026-03-29 16:58:58 | INFO | Episode  190 - Reward: 9.000, Length: 9, Loss: 1.0588, Entropy: 0.6869, Epsilon: 0.530
2026-03-29 16:58:59 | INFO | Episode  191 - Reward: 28.000, Length: 28, Loss: 1.0595, Entropy: 0.6869, Epsilon: 0.527
2026-03-29 16:58:59 | INFO | Episode  192 - Reward: 24.000, Length: 24, Loss: 1.0362, Entropy: 0.6869, Epsilon: 0.525
2026-03-29 16:58:59 | INFO | Episode  193 - Reward: 11.000, Length: 11, Loss: 1.0333, Entropy: 0.6867, Epsilon: 0.522
2026-03-29 16:59:00 | INFO | Episode  194 - Reward: 13.000, Length: 13, Loss: 1.0157, Entropy: 0.6865, Epsilon: 0.520
2026-03-29 16:59:00 | INFO | Episode  195 - Reward: 10.000, Length: 10, Loss: 1.0104, Entropy: 0.6865, Epsilon: 0.517
2026-03-29 16:59:01 | INFO | Episode  196 - Reward: 11.000, Length: 11, Loss: 1.0111, Entropy: 0.6863, Epsilon: 0.515
2026-03-29 16:59:01 | INFO | Episode  197 - Reward: 25.000, Length: 25, Loss: 1.0021, Entropy: 0.6863, Epsilon: 0.512
2026-03-29 16:59:02 | INFO | Episode  198 - Reward: 13.000, Length: 13, Loss: 0.9935, Entropy: 0.6860, Epsilon: 0.510
2026-03-29 16:59:02 | INFO | Episode  199 - Reward: 17.000, Length: 17, Loss: 0.9881, Entropy: 0.6861, Epsilon: 0.507
2026-03-29 16:59:03 | INFO | Episode  200 - Reward: 12.000, Length: 12, Loss: 0.9751, Entropy: 0.6861, Epsilon: 0.505
2026-03-29 16:59:03 | INFO | [Episode  200] eps=0.505  avg_reward=  15.240  avg_length= 15.24  avg_loss=  1.0042  avg_entropy=0.6861  eval_success=0.000
2026-03-29 16:59:04 | INFO | Episode  201 - Reward: 9.000, Length: 9, Loss: 0.9855, Entropy: 0.6860, Epsilon: 0.503
2026-03-29 16:59:04 | INFO | Episode  202 - Reward: 13.000, Length: 13, Loss: 0.9663, Entropy: 0.6861, Epsilon: 0.500
2026-03-29 16:59:04 | INFO | Episode  203 - Reward: 39.000, Length: 39, Loss: 0.9550, Entropy: 0.6859, Epsilon: 0.498
2026-03-29 16:59:05 | INFO | Episode  204 - Reward: 9.000, Length: 9, Loss: 0.9555, Entropy: 0.6859, Epsilon: 0.495
2026-03-29 16:59:05 | INFO | Episode  205 - Reward: 10.000, Length: 10, Loss: 0.9642, Entropy: 0.6860, Epsilon: 0.493
2026-03-29 16:59:06 | INFO | Episode  206 - Reward: 14.000, Length: 14, Loss: 0.9470, Entropy: 0.6859, Epsilon: 0.490
2026-03-29 16:59:06 | INFO | Episode  207 - Reward: 12.000, Length: 12, Loss: 0.9351, Entropy: 0.6855, Epsilon: 0.488
2026-03-29 16:59:07 | INFO | Episode  208 - Reward: 28.000, Length: 28, Loss: 0.9325, Entropy: 0.6855, Epsilon: 0.485
2026-03-29 16:59:07 | INFO | Episode  209 - Reward: 10.000, Length: 10, Loss: 0.9197, Entropy: 0.6853, Epsilon: 0.483
2026-03-29 16:59:07 | INFO | Episode  210 - Reward: 9.000, Length: 9, Loss: 0.9099, Entropy: 0.6853, Epsilon: 0.480
2026-03-29 16:59:08 | INFO | Episode  211 - Reward: 9.000, Length: 9, Loss: 0.9144, Entropy: 0.6852, Epsilon: 0.478
2026-03-29 16:59:08 | INFO | Episode  212 - Reward: 14.000, Length: 14, Loss: 1.1463, Entropy: 0.6850, Epsilon: 0.475
2026-03-29 16:59:09 | INFO | Episode  213 - Reward: 9.000, Length: 9, Loss: 1.1300, Entropy: 0.6852, Epsilon: 0.473
2026-03-29 16:59:09 | INFO | Episode  214 - Reward: 10.000, Length: 10, Loss: 1.1154, Entropy: 0.6849, Epsilon: 0.470
2026-03-29 16:59:10 | INFO | Episode  215 - Reward: 13.000, Length: 13, Loss: 1.1123, Entropy: 0.6847, Epsilon: 0.468
2026-03-29 16:59:10 | INFO | Episode  216 - Reward: 12.000, Length: 12, Loss: 1.1070, Entropy: 0.6848, Epsilon: 0.465
2026-03-29 16:59:10 | INFO | Episode  217 - Reward: 12.000, Length: 12, Loss: 1.0951, Entropy: 0.6844, Epsilon: 0.463
2026-03-29 16:59:11 | INFO | Episode  218 - Reward: 15.000, Length: 15, Loss: 1.0858, Entropy: 0.6844, Epsilon: 0.460
2026-03-29 16:59:11 | INFO | Episode  219 - Reward: 13.000, Length: 13, Loss: 1.0682, Entropy: 0.6844, Epsilon: 0.458
2026-03-29 16:59:12 | INFO | Episode  220 - Reward: 13.000, Length: 13, Loss: 1.0798, Entropy: 0.6840, Epsilon: 0.456
2026-03-29 16:59:12 | INFO | Episode  221 - Reward: 12.000, Length: 12, Loss: 1.0578, Entropy: 0.6837, Epsilon: 0.453
2026-03-29 16:59:13 | INFO | Episode  222 - Reward: 13.000, Length: 13, Loss: 1.0563, Entropy: 0.6838, Epsilon: 0.451
2026-03-29 16:59:13 | INFO | Episode  223 - Reward: 13.000, Length: 13, Loss: 1.0406, Entropy: 0.6836, Epsilon: 0.448
2026-03-29 16:59:14 | INFO | Episode  224 - Reward: 11.000, Length: 11, Loss: 1.0412, Entropy: 0.6837, Epsilon: 0.446
2026-03-29 16:59:14 | INFO | Episode  225 - Reward: 11.000, Length: 11, Loss: 1.0263, Entropy: 0.6836, Epsilon: 0.443
2026-03-29 16:59:14 | INFO | Episode  226 - Reward: 11.000, Length: 11, Loss: 1.0432, Entropy: 0.6835, Epsilon: 0.441
2026-03-29 16:59:15 | INFO | Episode  227 - Reward: 9.000, Length: 9, Loss: 1.0133, Entropy: 0.6831, Epsilon: 0.438
2026-03-29 16:59:16 | INFO | Episode  228 - Reward: 25.000, Length: 25, Loss: 1.0108, Entropy: 0.6831, Epsilon: 0.436
2026-03-29 16:59:16 | INFO | Episode  229 - Reward: 16.000, Length: 16, Loss: 1.0231, Entropy: 0.6832, Epsilon: 0.433
2026-03-29 16:59:16 | INFO | Episode  230 - Reward: 18.000, Length: 18, Loss: 0.9991, Entropy: 0.6828, Epsilon: 0.431
2026-03-29 16:59:17 | INFO | Episode  231 - Reward: 8.000, Length: 8, Loss: 0.9993, Entropy: 0.6829, Epsilon: 0.428
2026-03-29 16:59:17 | INFO | Episode  232 - Reward: 9.000, Length: 9, Loss: 0.9979, Entropy: 0.6827, Epsilon: 0.426
2026-03-29 16:59:18 | INFO | Episode  233 - Reward: 11.000, Length: 11, Loss: 0.9575, Entropy: 0.6824, Epsilon: 0.423
2026-03-29 16:59:18 | INFO | Episode  234 - Reward: 16.000, Length: 16, Loss: 0.9741, Entropy: 0.6824, Epsilon: 0.421
2026-03-29 16:59:19 | INFO | Episode  235 - Reward: 11.000, Length: 11, Loss: 0.9516, Entropy: 0.6824, Epsilon: 0.418
2026-03-29 16:59:19 | INFO | Episode  236 - Reward: 12.000, Length: 12, Loss: 0.9562, Entropy: 0.6821, Epsilon: 0.416
2026-03-29 16:59:19 | INFO | Episode  237 - Reward: 19.000, Length: 19, Loss: 0.9571, Entropy: 0.6821, Epsilon: 0.413
2026-03-29 16:59:20 | INFO | Episode  238 - Reward: 10.000, Length: 10, Loss: 0.9294, Entropy: 0.6816, Epsilon: 0.411
2026-03-29 16:59:20 | INFO | Episode  239 - Reward: 15.000, Length: 15, Loss: 0.9237, Entropy: 0.6814, Epsilon: 0.408
2026-03-29 16:59:21 | INFO | Episode  240 - Reward: 10.000, Length: 10, Loss: 0.9113, Entropy: 0.6818, Epsilon: 0.406
2026-03-29 16:59:21 | INFO | Episode  241 - Reward: 9.000, Length: 9, Loss: 0.9181, Entropy: 0.6817, Epsilon: 0.404
2026-03-29 16:59:22 | INFO | Episode  242 - Reward: 12.000, Length: 12, Loss: 0.9377, Entropy: 0.6817, Epsilon: 0.401
2026-03-29 16:59:22 | INFO | Episode  243 - Reward: 13.000, Length: 13, Loss: 0.8844, Entropy: 0.6812, Epsilon: 0.399
2026-03-29 16:59:23 | INFO | Episode  244 - Reward: 10.000, Length: 10, Loss: 0.8997, Entropy: 0.6811, Epsilon: 0.396
2026-03-29 16:59:23 | INFO | Episode  245 - Reward: 12.000, Length: 12, Loss: 0.8879, Entropy: 0.6811, Epsilon: 0.394
2026-03-29 16:59:24 | INFO | Episode  246 - Reward: 12.000, Length: 12, Loss: 0.8875, Entropy: 0.6808, Epsilon: 0.391
2026-03-29 16:59:24 | INFO | Episode  247 - Reward: 9.000, Length: 9, Loss: 0.8615, Entropy: 0.6806, Epsilon: 0.389
2026-03-29 16:59:25 | INFO | Episode  248 - Reward: 10.000, Length: 10, Loss: 0.8750, Entropy: 0.6805, Epsilon: 0.386
2026-03-29 16:59:25 | INFO | Episode  249 - Reward: 13.000, Length: 13, Loss: 0.8521, Entropy: 0.6802, Epsilon: 0.384
2026-03-29 16:59:25 | INFO | Episode  250 - Reward: 11.000, Length: 11, Loss: 0.8546, Entropy: 0.6802, Epsilon: 0.381
2026-03-29 16:59:26 | INFO | [Episode  250] eps=0.381  avg_reward=  12.880  avg_length= 12.88  avg_loss=  0.9811  avg_entropy=0.6802  eval_success=0.000
2026-03-29 16:59:26 | INFO | Episode  251 - Reward: 9.000, Length: 9, Loss: 0.8553, Entropy: 0.6802, Epsilon: 0.379
2026-03-29 16:59:27 | INFO | Episode  252 - Reward: 8.000, Length: 8, Loss: 0.8334, Entropy: 0.6800, Epsilon: 0.376
2026-03-29 16:59:27 | INFO | Episode  253 - Reward: 9.000, Length: 9, Loss: 1.1984, Entropy: 0.6799, Epsilon: 0.374
2026-03-29 16:59:28 | INFO | Episode  254 - Reward: 10.000, Length: 10, Loss: 1.1602, Entropy: 0.6791, Epsilon: 0.371
2026-03-29 16:59:28 | INFO | Episode  255 - Reward: 12.000, Length: 12, Loss: 1.1356, Entropy: 0.6793, Epsilon: 0.369
2026-03-29 16:59:28 | INFO | Episode  256 - Reward: 11.000, Length: 11, Loss: 1.1609, Entropy: 0.6789, Epsilon: 0.366
2026-03-29 16:59:29 | INFO | Episode  257 - Reward: 9.000, Length: 9, Loss: 1.1292, Entropy: 0.6786, Epsilon: 0.364
2026-03-29 16:59:29 | INFO | Episode  258 - Reward: 9.000, Length: 9, Loss: 1.1272, Entropy: 0.6786, Epsilon: 0.361
2026-03-29 16:59:30 | INFO | Episode  259 - Reward: 15.000, Length: 15, Loss: 1.1435, Entropy: 0.6784, Epsilon: 0.359
2026-03-29 16:59:30 | INFO | Episode  260 - Reward: 12.000, Length: 12, Loss: 1.1239, Entropy: 0.6784, Epsilon: 0.357
2026-03-29 16:59:31 | INFO | Episode  261 - Reward: 12.000, Length: 12, Loss: 1.1033, Entropy: 0.6782, Epsilon: 0.354
2026-03-29 16:59:31 | INFO | Episode  262 - Reward: 13.000, Length: 13, Loss: 1.1000, Entropy: 0.6776, Epsilon: 0.352
2026-03-29 16:59:32 | INFO | Episode  263 - Reward: 12.000, Length: 12, Loss: 1.0946, Entropy: 0.6776, Epsilon: 0.349
2026-03-29 16:59:32 | INFO | Episode  264 - Reward: 9.000, Length: 9, Loss: 1.0819, Entropy: 0.6776, Epsilon: 0.347
2026-03-29 16:59:33 | INFO | Episode  265 - Reward: 9.000, Length: 9, Loss: 1.0508, Entropy: 0.6764, Epsilon: 0.344
2026-03-29 16:59:34 | INFO | Episode  266 - Reward: 22.000, Length: 22, Loss: 1.0424, Entropy: 0.6769, Epsilon: 0.342
2026-03-29 16:59:34 | INFO | Episode  267 - Reward: 8.000, Length: 8, Loss: 1.0725, Entropy: 0.6769, Epsilon: 0.339
2026-03-29 16:59:35 | INFO | Episode  268 - Reward: 10.000, Length: 10, Loss: 1.0524, Entropy: 0.6767, Epsilon: 0.337
2026-03-29 16:59:35 | INFO | Episode  269 - Reward: 10.000, Length: 10, Loss: 1.0381, Entropy: 0.6767, Epsilon: 0.334
2026-03-29 16:59:36 | INFO | Episode  270 - Reward: 9.000, Length: 9, Loss: 1.0299, Entropy: 0.6765, Epsilon: 0.332
2026-03-29 16:59:37 | INFO | Episode  271 - Reward: 8.000, Length: 8, Loss: 1.0241, Entropy: 0.6758, Epsilon: 0.329
2026-03-29 16:59:37 | INFO | Episode  272 - Reward: 11.000, Length: 11, Loss: 0.9960, Entropy: 0.6757, Epsilon: 0.327
2026-03-29 16:59:38 | INFO | Episode  273 - Reward: 10.000, Length: 10, Loss: 1.0068, Entropy: 0.6755, Epsilon: 0.324
2026-03-29 16:59:39 | INFO | Episode  274 - Reward: 14.000, Length: 14, Loss: 1.0011, Entropy: 0.6753, Epsilon: 0.322
2026-03-29 16:59:39 | INFO | Episode  275 - Reward: 11.000, Length: 11, Loss: 0.9600, Entropy: 0.6753, Epsilon: 0.319
2026-03-29 16:59:40 | INFO | Episode  276 - Reward: 10.000, Length: 10, Loss: 0.9842, Entropy: 0.6750, Epsilon: 0.317
2026-03-29 16:59:41 | INFO | Episode  277 - Reward: 15.000, Length: 15, Loss: 0.9617, Entropy: 0.6751, Epsilon: 0.314
2026-03-29 16:59:41 | INFO | Episode  278 - Reward: 9.000, Length: 9, Loss: 0.9403, Entropy: 0.6744, Epsilon: 0.312
2026-03-29 16:59:42 | INFO | Episode  279 - Reward: 13.000, Length: 13, Loss: 0.9574, Entropy: 0.6739, Epsilon: 0.309
2026-03-29 16:59:43 | INFO | Episode  280 - Reward: 18.000, Length: 18, Loss: 0.9311, Entropy: 0.6742, Epsilon: 0.307
2026-03-29 16:59:43 | INFO | Episode  281 - Reward: 12.000, Length: 12, Loss: 0.9101, Entropy: 0.6739, Epsilon: 0.305
2026-03-29 16:59:44 | INFO | Episode  282 - Reward: 15.000, Length: 15, Loss: 0.9252, Entropy: 0.6740, Epsilon: 0.302
2026-03-29 16:59:44 | INFO | Episode  283 - Reward: 9.000, Length: 9, Loss: 0.9296, Entropy: 0.6734, Epsilon: 0.300
2026-03-29 16:59:45 | INFO | Episode  284 - Reward: 9.000, Length: 9, Loss: 0.9000, Entropy: 0.6731, Epsilon: 0.297
2026-03-29 16:59:46 | INFO | Episode  285 - Reward: 13.000, Length: 13, Loss: 0.9233, Entropy: 0.6725, Epsilon: 0.295
2026-03-29 16:59:46 | INFO | Episode  286 - Reward: 10.000, Length: 10, Loss: 0.8828, Entropy: 0.6730, Epsilon: 0.292
2026-03-29 16:59:47 | INFO | Episode  287 - Reward: 11.000, Length: 11, Loss: 0.8862, Entropy: 0.6733, Epsilon: 0.290
2026-03-29 16:59:48 | INFO | Episode  288 - Reward: 19.000, Length: 19, Loss: 0.8787, Entropy: 0.6722, Epsilon: 0.287
2026-03-29 16:59:48 | INFO | Episode  289 - Reward: 15.000, Length: 15, Loss: 0.8639, Entropy: 0.6727, Epsilon: 0.285
2026-03-29 16:59:49 | INFO | Episode  290 - Reward: 11.000, Length: 11, Loss: 0.8581, Entropy: 0.6722, Epsilon: 0.282
2026-03-29 16:59:50 | INFO | Episode  291 - Reward: 14.000, Length: 14, Loss: 0.8610, Entropy: 0.6725, Epsilon: 0.280
2026-03-29 16:59:51 | INFO | Episode  292 - Reward: 12.000, Length: 12, Loss: 0.8739, Entropy: 0.6718, Epsilon: 0.277
2026-03-29 16:59:51 | INFO | Episode  293 - Reward: 11.000, Length: 11, Loss: 0.8165, Entropy: 0.6715, Epsilon: 0.275
2026-03-29 16:59:52 | INFO | Episode  294 - Reward: 10.000, Length: 10, Loss: 0.8600, Entropy: 0.6716, Epsilon: 0.272
2026-03-29 16:59:52 | INFO | Episode  295 - Reward: 13.000, Length: 13, Loss: 0.8348, Entropy: 0.6709, Epsilon: 0.270
2026-03-29 16:59:53 | INFO | Episode  296 - Reward: 10.000, Length: 10, Loss: 1.2592, Entropy: 0.6704, Epsilon: 0.267
2026-03-29 16:59:54 | INFO | Episode  297 - Reward: 10.000, Length: 10, Loss: 1.2607, Entropy: 0.6703, Epsilon: 0.265
2026-03-29 16:59:54 | INFO | Episode  298 - Reward: 11.000, Length: 11, Loss: 1.2349, Entropy: 0.6702, Epsilon: 0.262
2026-03-29 16:59:55 | INFO | Episode  299 - Reward: 11.000, Length: 11, Loss: 1.2409, Entropy: 0.6698, Epsilon: 0.260
2026-03-29 16:59:56 | INFO | Episode  300 - Reward: 10.000, Length: 10, Loss: 1.2357, Entropy: 0.6691, Epsilon: 0.258
2026-03-29 16:59:56 | INFO | [Episode  300] eps=0.258  avg_reward=  11.460  avg_length= 11.46  avg_loss=  1.0146  avg_entropy=0.6691  eval_success=0.000
2026-03-29 16:59:57 | INFO | Episode  301 - Reward: 10.000, Length: 10, Loss: 1.1999, Entropy: 0.6700, Epsilon: 0.255
2026-03-29 16:59:58 | INFO | Episode  302 - Reward: 10.000, Length: 10, Loss: 1.2039, Entropy: 0.6693, Epsilon: 0.253
2026-03-29 16:59:58 | INFO | Episode  303 - Reward: 9.000, Length: 9, Loss: 1.1727, Entropy: 0.6686, Epsilon: 0.250
2026-03-29 16:59:59 | INFO | Episode  304 - Reward: 9.000, Length: 9, Loss: 1.1751, Entropy: 0.6679, Epsilon: 0.248
2026-03-29 17:00:00 | INFO | Episode  305 - Reward: 8.000, Length: 8, Loss: 1.1625, Entropy: 0.6686, Epsilon: 0.245
2026-03-29 17:00:00 | INFO | Episode  306 - Reward: 11.000, Length: 11, Loss: 1.1596, Entropy: 0.6678, Epsilon: 0.243
2026-03-29 17:00:01 | INFO | Episode  307 - Reward: 11.000, Length: 11, Loss: 1.1577, Entropy: 0.6678, Epsilon: 0.240
2026-03-29 17:00:02 | INFO | Episode  308 - Reward: 11.000, Length: 11, Loss: 1.1278, Entropy: 0.6672, Epsilon: 0.238
2026-03-29 17:00:02 | INFO | Episode  309 - Reward: 10.000, Length: 10, Loss: 1.0865, Entropy: 0.6667, Epsilon: 0.235
2026-03-29 17:00:03 | INFO | Episode  310 - Reward: 9.000, Length: 9, Loss: 1.0889, Entropy: 0.6664, Epsilon: 0.233
2026-03-29 17:00:03 | INFO | Episode  311 - Reward: 11.000, Length: 11, Loss: 1.0813, Entropy: 0.6657, Epsilon: 0.230
2026-03-29 17:00:04 | INFO | Episode  312 - Reward: 12.000, Length: 12, Loss: 1.0768, Entropy: 0.6672, Epsilon: 0.228
2026-03-29 17:00:05 | INFO | Episode  313 - Reward: 11.000, Length: 11, Loss: 1.0675, Entropy: 0.6668, Epsilon: 0.225
2026-03-29 17:00:05 | INFO | Episode  314 - Reward: 8.000, Length: 8, Loss: 1.0484, Entropy: 0.6658, Epsilon: 0.223
2026-03-29 17:00:06 | INFO | Episode  315 - Reward: 11.000, Length: 11, Loss: 1.0315, Entropy: 0.6647, Epsilon: 0.220
2026-03-29 17:00:07 | INFO | Episode  316 - Reward: 9.000, Length: 9, Loss: 1.0398, Entropy: 0.6644, Epsilon: 0.218
2026-03-29 17:00:07 | INFO | Episode  317 - Reward: 13.000, Length: 13, Loss: 1.0098, Entropy: 0.6656, Epsilon: 0.215
2026-03-29 17:00:08 | INFO | Episode  318 - Reward: 11.000, Length: 11, Loss: 0.9958, Entropy: 0.6638, Epsilon: 0.213
2026-03-29 17:00:09 | INFO | Episode  319 - Reward: 12.000, Length: 12, Loss: 1.0153, Entropy: 0.6642, Epsilon: 0.210
2026-03-29 17:00:09 | INFO | Episode  320 - Reward: 8.000, Length: 8, Loss: 1.0056, Entropy: 0.6630, Epsilon: 0.208
2026-03-29 17:00:10 | INFO | Episode  321 - Reward: 10.000, Length: 10, Loss: 0.9966, Entropy: 0.6634, Epsilon: 0.206
2026-03-29 17:00:11 | INFO | Episode  322 - Reward: 9.000, Length: 9, Loss: 0.9812, Entropy: 0.6636, Epsilon: 0.203
2026-03-29 17:00:11 | INFO | Episode  323 - Reward: 10.000, Length: 10, Loss: 0.9790, Entropy: 0.6630, Epsilon: 0.201
2026-03-29 17:00:12 | INFO | Episode  324 - Reward: 8.000, Length: 8, Loss: 0.9531, Entropy: 0.6623, Epsilon: 0.198
2026-03-29 17:00:12 | INFO | Episode  325 - Reward: 9.000, Length: 9, Loss: 0.9523, Entropy: 0.6627, Epsilon: 0.196
2026-03-29 17:00:13 | INFO | Episode  326 - Reward: 9.000, Length: 9, Loss: 0.9387, Entropy: 0.6621, Epsilon: 0.193
2026-03-29 17:00:14 | INFO | Episode  327 - Reward: 10.000, Length: 10, Loss: 0.9660, Entropy: 0.6620, Epsilon: 0.191
2026-03-29 17:00:14 | INFO | Episode  328 - Reward: 13.000, Length: 13, Loss: 0.9153, Entropy: 0.6623, Epsilon: 0.188
2026-03-29 17:00:15 | INFO | Episode  329 - Reward: 11.000, Length: 11, Loss: 0.9164, Entropy: 0.6608, Epsilon: 0.186
2026-03-29 17:00:16 | INFO | Episode  330 - Reward: 11.000, Length: 11, Loss: 0.8972, Entropy: 0.6600, Epsilon: 0.183
2026-03-29 17:00:16 | INFO | Episode  331 - Reward: 10.000, Length: 10, Loss: 0.8762, Entropy: 0.6603, Epsilon: 0.181
2026-03-29 17:00:17 | INFO | Episode  332 - Reward: 13.000, Length: 13, Loss: 0.8719, Entropy: 0.6609, Epsilon: 0.178
2026-03-29 17:00:18 | INFO | Episode  333 - Reward: 10.000, Length: 10, Loss: 0.8639, Entropy: 0.6599, Epsilon: 0.176
2026-03-29 17:00:18 | INFO | Episode  334 - Reward: 9.000, Length: 9, Loss: 0.8910, Entropy: 0.6597, Epsilon: 0.173
2026-03-29 17:00:19 | INFO | Episode  335 - Reward: 9.000, Length: 9, Loss: 0.8715, Entropy: 0.6598, Epsilon: 0.171
2026-03-29 17:00:19 | INFO | Episode  336 - Reward: 11.000, Length: 11, Loss: 0.8388, Entropy: 0.6595, Epsilon: 0.168
2026-03-29 17:00:20 | INFO | Episode  337 - Reward: 11.000, Length: 11, Loss: 0.8487, Entropy: 0.6590, Epsilon: 0.166
2026-03-29 17:00:21 | INFO | Episode  338 - Reward: 13.000, Length: 13, Loss: 0.8397, Entropy: 0.6578, Epsilon: 0.163
2026-03-29 17:00:21 | INFO | Episode  339 - Reward: 10.000, Length: 10, Loss: 0.8238, Entropy: 0.6587, Epsilon: 0.161
2026-03-29 17:00:22 | INFO | Episode  340 - Reward: 9.000, Length: 9, Loss: 0.8010, Entropy: 0.6581, Epsilon: 0.158
2026-03-29 17:00:23 | INFO | Episode  341 - Reward: 9.000, Length: 9, Loss: 0.8064, Entropy: 0.6578, Epsilon: 0.156
2026-03-29 17:00:23 | INFO | Episode  342 - Reward: 8.000, Length: 8, Loss: 0.7860, Entropy: 0.6564, Epsilon: 0.154
2026-03-29 17:00:24 | INFO | Episode  343 - Reward: 10.000, Length: 10, Loss: 0.7864, Entropy: 0.6571, Epsilon: 0.151
2026-03-29 17:00:25 | INFO | Episode  344 - Reward: 12.000, Length: 12, Loss: 0.7654, Entropy: 0.6568, Epsilon: 0.149
2026-03-29 17:00:25 | INFO | Episode  345 - Reward: 9.000, Length: 9, Loss: 1.3673, Entropy: 0.6555, Epsilon: 0.146
2026-03-29 17:00:26 | INFO | Episode  346 - Reward: 9.000, Length: 9, Loss: 1.3435, Entropy: 0.6559, Epsilon: 0.144
2026-03-29 17:00:26 | INFO | Episode  347 - Reward: 11.000, Length: 11, Loss: 1.3097, Entropy: 0.6551, Epsilon: 0.141
2026-03-29 17:00:27 | INFO | Episode  348 - Reward: 9.000, Length: 9, Loss: 1.3259, Entropy: 0.6553, Epsilon: 0.139
2026-03-29 17:00:27 | INFO | Episode  349 - Reward: 9.000, Length: 9, Loss: 1.3174, Entropy: 0.6544, Epsilon: 0.136
2026-03-29 17:00:28 | INFO | Episode  350 - Reward: 9.000, Length: 9, Loss: 1.2747, Entropy: 0.6534, Epsilon: 0.134
2026-03-29 17:00:28 | INFO | [Episode  350] eps=0.134  avg_reward=  10.080  avg_length= 10.08  avg_loss=  1.0202  avg_entropy=0.6534  eval_success=0.000
2026-03-29 17:00:29 | INFO | Episode  351 - Reward: 10.000, Length: 10, Loss: 1.2524, Entropy: 0.6527, Epsilon: 0.131
2026-03-29 17:00:29 | INFO | Episode  352 - Reward: 10.000, Length: 10, Loss: 1.2532, Entropy: 0.6539, Epsilon: 0.129
2026-03-29 17:00:30 | INFO | Episode  353 - Reward: 8.000, Length: 8, Loss: 1.2594, Entropy: 0.6524, Epsilon: 0.126
2026-03-29 17:00:30 | INFO | Episode  354 - Reward: 10.000, Length: 10, Loss: 1.2220, Entropy: 0.6524, Epsilon: 0.124
2026-03-29 17:00:31 | INFO | Episode  355 - Reward: 11.000, Length: 11, Loss: 1.2195, Entropy: 0.6526, Epsilon: 0.121
2026-03-29 17:00:31 | INFO | Episode  356 - Reward: 11.000, Length: 11, Loss: 1.2261, Entropy: 0.6513, Epsilon: 0.119
2026-03-29 17:00:31 | INFO | Episode  357 - Reward: 9.000, Length: 9, Loss: 1.1883, Entropy: 0.6507, Epsilon: 0.116
2026-03-29 17:00:32 | INFO | Episode  358 - Reward: 11.000, Length: 11, Loss: 1.1631, Entropy: 0.6502, Epsilon: 0.114
2026-03-29 17:00:32 | INFO | Episode  359 - Reward: 11.000, Length: 11, Loss: 1.1750, Entropy: 0.6499, Epsilon: 0.111
2026-03-29 17:00:33 | INFO | Episode  360 - Reward: 10.000, Length: 10, Loss: 1.1434, Entropy: 0.6485, Epsilon: 0.109
2026-03-29 17:00:33 | INFO | Episode  361 - Reward: 10.000, Length: 10, Loss: 1.1505, Entropy: 0.6481, Epsilon: 0.107
2026-03-29 17:00:34 | INFO | Episode  362 - Reward: 10.000, Length: 10, Loss: 1.1159, Entropy: 0.6489, Epsilon: 0.104
2026-03-29 17:00:34 | INFO | Episode  363 - Reward: 8.000, Length: 8, Loss: 1.0929, Entropy: 0.6480, Epsilon: 0.102
2026-03-29 17:00:35 | INFO | Episode  364 - Reward: 9.000, Length: 9, Loss: 1.1125, Entropy: 0.6474, Epsilon: 0.099
2026-03-29 17:00:35 | INFO | Episode  365 - Reward: 10.000, Length: 10, Loss: 1.0441, Entropy: 0.6462, Epsilon: 0.097
2026-03-29 17:00:36 | INFO | Episode  366 - Reward: 10.000, Length: 10, Loss: 1.0589, Entropy: 0.6459, Epsilon: 0.094
2026-03-29 17:00:36 | INFO | Episode  367 - Reward: 10.000, Length: 10, Loss: 1.0340, Entropy: 0.6455, Epsilon: 0.092
2026-03-29 17:00:37 | INFO | Episode  368 - Reward: 9.000, Length: 9, Loss: 1.0589, Entropy: 0.6453, Epsilon: 0.089
2026-03-29 17:00:37 | INFO | Episode  369 - Reward: 9.000, Length: 9, Loss: 1.0490, Entropy: 0.6447, Epsilon: 0.087
2026-03-29 17:00:38 | INFO | Episode  370 - Reward: 9.000, Length: 9, Loss: 1.0277, Entropy: 0.6446, Epsilon: 0.084
2026-03-29 17:00:38 | INFO | Episode  371 - Reward: 9.000, Length: 9, Loss: 0.9955, Entropy: 0.6433, Epsilon: 0.082
2026-03-29 17:00:39 | INFO | Episode  372 - Reward: 10.000, Length: 10, Loss: 0.9894, Entropy: 0.6444, Epsilon: 0.079
2026-03-29 17:00:39 | INFO | Episode  373 - Reward: 12.000, Length: 12, Loss: 0.9721, Entropy: 0.6419, Epsilon: 0.077
2026-03-29 17:00:40 | INFO | Episode  374 - Reward: 9.000, Length: 9, Loss: 1.0164, Entropy: 0.6426, Epsilon: 0.074
2026-03-29 17:00:40 | INFO | Episode  375 - Reward: 9.000, Length: 9, Loss: 0.9627, Entropy: 0.6410, Epsilon: 0.072
2026-03-29 17:00:40 | INFO | Episode  376 - Reward: 10.000, Length: 10, Loss: 0.9695, Entropy: 0.6419, Epsilon: 0.069
2026-03-29 17:00:41 | INFO | Episode  377 - Reward: 9.000, Length: 9, Loss: 0.9702, Entropy: 0.6414, Epsilon: 0.067
2026-03-29 17:00:41 | INFO | Episode  378 - Reward: 9.000, Length: 9, Loss: 0.9477, Entropy: 0.6403, Epsilon: 0.064
2026-03-29 17:00:42 | INFO | Episode  379 - Reward: 9.000, Length: 9, Loss: 0.9531, Entropy: 0.6407, Epsilon: 0.062
2026-03-29 17:00:42 | INFO | Episode  380 - Reward: 9.000, Length: 9, Loss: 0.9185, Entropy: 0.6397, Epsilon: 0.059
2026-03-29 17:00:43 | INFO | Episode  381 - Reward: 10.000, Length: 10, Loss: 0.9063, Entropy: 0.6403, Epsilon: 0.057
2026-03-29 17:00:43 | INFO | Episode  382 - Reward: 12.000, Length: 12, Loss: 0.9003, Entropy: 0.6400, Epsilon: 0.055
2026-03-29 17:00:44 | INFO | Episode  383 - Reward: 10.000, Length: 10, Loss: 0.8775, Entropy: 0.6378, Epsilon: 0.052
2026-03-29 17:00:44 | INFO | Episode  384 - Reward: 10.000, Length: 10, Loss: 0.8769, Entropy: 0.6377, Epsilon: 0.050
2026-03-29 17:00:45 | INFO | Episode  385 - Reward: 8.000, Length: 8, Loss: 0.8730, Entropy: 0.6377, Epsilon: 0.047
2026-03-29 17:00:45 | INFO | Episode  386 - Reward: 11.000, Length: 11, Loss: 0.8497, Entropy: 0.6389, Epsilon: 0.045
2026-03-29 17:00:45 | INFO | Episode  387 - Reward: 9.000, Length: 9, Loss: 0.8454, Entropy: 0.6378, Epsilon: 0.042
2026-03-29 17:00:46 | INFO | Episode  388 - Reward: 9.000, Length: 9, Loss: 0.8204, Entropy: 0.6364, Epsilon: 0.040
2026-03-29 17:00:46 | INFO | Episode  389 - Reward: 10.000, Length: 10, Loss: 0.8257, Entropy: 0.6368, Epsilon: 0.037
2026-03-29 17:00:47 | INFO | Episode  390 - Reward: 9.000, Length: 9, Loss: 0.8383, Entropy: 0.6364, Epsilon: 0.035
2026-03-29 17:00:47 | INFO | Episode  391 - Reward: 10.000, Length: 10, Loss: 0.8196, Entropy: 0.6363, Epsilon: 0.032
2026-03-29 17:00:48 | INFO | Episode  392 - Reward: 10.000, Length: 10, Loss: 0.8042, Entropy: 0.6360, Epsilon: 0.030
2026-03-29 17:00:48 | INFO | Episode  393 - Reward: 10.000, Length: 10, Loss: 0.7990, Entropy: 0.6371, Epsilon: 0.027
2026-03-29 17:00:49 | INFO | Episode  394 - Reward: 10.000, Length: 10, Loss: 0.7917, Entropy: 0.6342, Epsilon: 0.025
2026-03-29 17:00:49 | INFO | Episode  395 - Reward: 10.000, Length: 10, Loss: 0.7896, Entropy: 0.6346, Epsilon: 0.022
2026-03-29 17:00:50 | INFO | Episode  396 - Reward: 10.000, Length: 10, Loss: 0.7727, Entropy: 0.6368, Epsilon: 0.020
2026-03-29 17:00:50 | INFO | Episode  397 - Reward: 10.000, Length: 10, Loss: 1.5821, Entropy: 0.6332, Epsilon: 0.017
2026-03-29 17:00:50 | INFO | Episode  398 - Reward: 8.000, Length: 8, Loss: 1.5211, Entropy: 0.6341, Epsilon: 0.015
2026-03-29 17:00:51 | INFO | Episode  399 - Reward: 10.000, Length: 10, Loss: 1.4792, Entropy: 0.6324, Epsilon: 0.012
2026-03-29 17:00:51 | INFO | Episode  400 - Reward: 9.000, Length: 9, Loss: 1.4380, Entropy: 0.6317, Epsilon: 0.010
2026-03-29 17:00:52 | INFO | [Episode  400] eps=0.010  avg_reward=   9.700  avg_length=  9.70  avg_loss=  1.0390  avg_entropy=0.6317  eval_success=0.000
2026-03-29 17:00:52 | INFO | Episode  401 - Reward: 9.000, Length: 9, Loss: 1.4908, Entropy: 0.6302, Epsilon: 0.010
2026-03-29 17:00:53 | INFO | Episode  402 - Reward: 9.000, Length: 9, Loss: 1.4413, Entropy: 0.6294, Epsilon: 0.010
2026-03-29 17:00:53 | INFO | Episode  403 - Reward: 9.000, Length: 9, Loss: 1.4309, Entropy: 0.6306, Epsilon: 0.010
2026-03-29 17:00:54 | INFO | Episode  404 - Reward: 10.000, Length: 10, Loss: 1.4518, Entropy: 0.6261, Epsilon: 0.010
2026-03-29 17:00:54 | INFO | Episode  405 - Reward: 9.000, Length: 9, Loss: 1.3523, Entropy: 0.6293, Epsilon: 0.010
2026-03-29 17:00:55 | INFO | Episode  406 - Reward: 9.000, Length: 9, Loss: 1.3807, Entropy: 0.6263, Epsilon: 0.010
2026-03-29 17:00:55 | INFO | Episode  407 - Reward: 10.000, Length: 10, Loss: 1.3494, Entropy: 0.6268, Epsilon: 0.010
2026-03-29 17:00:56 | INFO | Episode  408 - Reward: 9.000, Length: 9, Loss: 1.2992, Entropy: 0.6279, Epsilon: 0.010
2026-03-29 17:00:56 | INFO | Episode  409 - Reward: 10.000, Length: 10, Loss: 1.3237, Entropy: 0.6260, Epsilon: 0.010
2026-03-29 17:00:56 | INFO | Episode  410 - Reward: 10.000, Length: 10, Loss: 1.2932, Entropy: 0.6241, Epsilon: 0.010
2026-03-29 17:00:57 | INFO | Episode  411 - Reward: 10.000, Length: 10, Loss: 1.2394, Entropy: 0.6238, Epsilon: 0.010
2026-03-29 17:00:57 | INFO | Episode  412 - Reward: 10.000, Length: 10, Loss: 1.2530, Entropy: 0.6234, Epsilon: 0.010
2026-03-29 17:00:58 | INFO | Episode  413 - Reward: 10.000, Length: 10, Loss: 1.1999, Entropy: 0.6242, Epsilon: 0.010
2026-03-29 17:00:58 | INFO | Episode  414 - Reward: 9.000, Length: 9, Loss: 1.1982, Entropy: 0.6220, Epsilon: 0.010
2026-03-29 17:00:59 | INFO | Episode  415 - Reward: 9.000, Length: 9, Loss: 1.1811, Entropy: 0.6196, Epsilon: 0.010
2026-03-29 17:00:59 | INFO | Episode  416 - Reward: 9.000, Length: 9, Loss: 1.2185, Entropy: 0.6202, Epsilon: 0.010
2026-03-29 17:01:00 | INFO | Episode  417 - Reward: 9.000, Length: 9, Loss: 1.1699, Entropy: 0.6194, Epsilon: 0.010
2026-03-29 17:01:00 | INFO | Episode  418 - Reward: 9.000, Length: 9, Loss: 1.1729, Entropy: 0.6178, Epsilon: 0.010
2026-03-29 17:01:01 | INFO | Episode  419 - Reward: 9.000, Length: 9, Loss: 1.0921, Entropy: 0.6172, Epsilon: 0.010
2026-03-29 17:01:01 | INFO | Episode  420 - Reward: 8.000, Length: 8, Loss: 1.1453, Entropy: 0.6175, Epsilon: 0.010
2026-03-29 17:01:02 | INFO | Episode  421 - Reward: 11.000, Length: 11, Loss: 1.1236, Entropy: 0.6168, Epsilon: 0.010
2026-03-29 17:01:02 | INFO | Episode  422 - Reward: 10.000, Length: 10, Loss: 1.1343, Entropy: 0.6160, Epsilon: 0.010
2026-03-29 17:01:03 | INFO | Episode  423 - Reward: 10.000, Length: 10, Loss: 1.1251, Entropy: 0.6168, Epsilon: 0.010
2026-03-29 17:01:03 | INFO | Episode  424 - Reward: 9.000, Length: 9, Loss: 1.0881, Entropy: 0.6141, Epsilon: 0.010
2026-03-29 17:01:03 | INFO | Episode  425 - Reward: 10.000, Length: 10, Loss: 1.0660, Entropy: 0.6147, Epsilon: 0.010
2026-03-29 17:01:04 | INFO | Episode  426 - Reward: 9.000, Length: 9, Loss: 1.0402, Entropy: 0.6166, Epsilon: 0.010
2026-03-29 17:01:04 | INFO | Episode  427 - Reward: 11.000, Length: 11, Loss: 1.0309, Entropy: 0.6140, Epsilon: 0.010
2026-03-29 17:01:05 | INFO | Episode  428 - Reward: 10.000, Length: 10, Loss: 1.0619, Entropy: 0.6141, Epsilon: 0.010
2026-03-29 17:01:05 | INFO | Episode  429 - Reward: 10.000, Length: 10, Loss: 1.0005, Entropy: 0.6133, Epsilon: 0.010
2026-03-29 17:01:06 | INFO | Episode  430 - Reward: 9.000, Length: 9, Loss: 1.0307, Entropy: 0.6119, Epsilon: 0.010
2026-03-29 17:01:06 | INFO | Episode  431 - Reward: 9.000, Length: 9, Loss: 0.9826, Entropy: 0.6128, Epsilon: 0.010
2026-03-29 17:01:07 | INFO | Episode  432 - Reward: 9.000, Length: 9, Loss: 0.9781, Entropy: 0.6110, Epsilon: 0.010
2026-03-29 17:01:07 | INFO | Episode  433 - Reward: 8.000, Length: 8, Loss: 1.0223, Entropy: 0.6106, Epsilon: 0.010
2026-03-29 17:01:08 | INFO | Episode  434 - Reward: 10.000, Length: 10, Loss: 0.9876, Entropy: 0.6115, Epsilon: 0.010
2026-03-29 17:01:08 | INFO | Episode  435 - Reward: 10.000, Length: 10, Loss: 0.9686, Entropy: 0.6121, Epsilon: 0.010
2026-03-29 17:01:09 | INFO | Episode  436 - Reward: 11.000, Length: 11, Loss: 0.9608, Entropy: 0.6100, Epsilon: 0.010
2026-03-29 17:01:09 | INFO | Episode  437 - Reward: 10.000, Length: 10, Loss: 1.0002, Entropy: 0.6097, Epsilon: 0.010
2026-03-29 17:01:09 | INFO | Episode  438 - Reward: 10.000, Length: 10, Loss: 1.0037, Entropy: 0.6092, Epsilon: 0.010
2026-03-29 17:01:10 | INFO | Episode  439 - Reward: 10.000, Length: 10, Loss: 0.9169, Entropy: 0.6090, Epsilon: 0.010
2026-03-29 17:01:10 | INFO | Episode  440 - Reward: 9.000, Length: 9, Loss: 0.9364, Entropy: 0.6077, Epsilon: 0.010
2026-03-29 17:01:11 | INFO | Episode  441 - Reward: 9.000, Length: 9, Loss: 0.9148, Entropy: 0.6099, Epsilon: 0.010
2026-03-29 17:01:11 | INFO | Episode  442 - Reward: 10.000, Length: 10, Loss: 0.8940, Entropy: 0.6077, Epsilon: 0.010
2026-03-29 17:01:12 | INFO | Episode  443 - Reward: 9.000, Length: 9, Loss: 0.9267, Entropy: 0.6086, Epsilon: 0.010
2026-03-29 17:01:12 | INFO | Episode  444 - Reward: 9.000, Length: 9, Loss: 0.8706, Entropy: 0.6081, Epsilon: 0.010
2026-03-29 17:01:13 | INFO | Episode  445 - Reward: 10.000, Length: 10, Loss: 0.9124, Entropy: 0.6078, Epsilon: 0.010
2026-03-29 17:01:13 | INFO | Episode  446 - Reward: 10.000, Length: 10, Loss: 0.9327, Entropy: 0.6081, Epsilon: 0.010
2026-03-29 17:01:14 | INFO | Episode  447 - Reward: 9.000, Length: 9, Loss: 0.8335, Entropy: 0.6073, Epsilon: 0.010
2026-03-29 17:01:14 | INFO | Episode  448 - Reward: 10.000, Length: 10, Loss: 0.8254, Entropy: 0.6100, Epsilon: 0.010
2026-03-29 17:01:15 | INFO | Episode  449 - Reward: 9.000, Length: 9, Loss: 1.7534, Entropy: 0.6064, Epsilon: 0.010
2026-03-29 17:01:15 | INFO | Episode  450 - Reward: 10.000, Length: 10, Loss: 1.7882, Entropy: 0.6062, Epsilon: 0.010
2026-03-29 17:01:16 | INFO | [Episode  450] eps=0.010  avg_reward=   9.520  avg_length=  9.52  avg_loss=  1.1359  avg_entropy=0.6062  eval_success=0.000
2026-03-29 17:01:16 | INFO | Episode  451 - Reward: 9.000, Length: 9, Loss: 1.7755, Entropy: 0.6015, Epsilon: 0.010
2026-03-29 17:01:17 | INFO | Episode  452 - Reward: 13.000, Length: 13, Loss: 1.6660, Entropy: 0.6043, Epsilon: 0.010
2026-03-29 17:01:17 | INFO | Episode  453 - Reward: 9.000, Length: 9, Loss: 1.6449, Entropy: 0.6031, Epsilon: 0.010
2026-03-29 17:01:18 | INFO | Episode  454 - Reward: 9.000, Length: 9, Loss: 1.6156, Entropy: 0.6019, Epsilon: 0.010
2026-03-29 17:01:18 | INFO | Episode  455 - Reward: 8.000, Length: 8, Loss: 1.6180, Entropy: 0.5992, Epsilon: 0.010
2026-03-29 17:01:19 | INFO | Episode  456 - Reward: 9.000, Length: 9, Loss: 1.6293, Entropy: 0.5993, Epsilon: 0.010
2026-03-29 17:01:19 | INFO | Episode  457 - Reward: 9.000, Length: 9, Loss: 1.6212, Entropy: 0.5967, Epsilon: 0.010
2026-03-29 17:01:20 | INFO | Episode  458 - Reward: 10.000, Length: 10, Loss: 1.6081, Entropy: 0.5962, Epsilon: 0.010
2026-03-29 17:01:20 | INFO | Episode  459 - Reward: 10.000, Length: 10, Loss: 1.5112, Entropy: 0.5965, Epsilon: 0.010
2026-03-29 17:01:20 | INFO | Episode  460 - Reward: 10.000, Length: 10, Loss: 1.5158, Entropy: 0.5938, Epsilon: 0.010
2026-03-29 17:01:21 | INFO | Episode  461 - Reward: 9.000, Length: 9, Loss: 1.5647, Entropy: 0.5904, Epsilon: 0.010
2026-03-29 17:01:21 | INFO | Episode  462 - Reward: 8.000, Length: 8, Loss: 1.5062, Entropy: 0.5925, Epsilon: 0.010
2026-03-29 17:01:22 | INFO | Episode  463 - Reward: 9.000, Length: 9, Loss: 1.4744, Entropy: 0.5920, Epsilon: 0.010
2026-03-29 17:01:22 | INFO | Episode  464 - Reward: 10.000, Length: 10, Loss: 1.5077, Entropy: 0.5939, Epsilon: 0.010
2026-03-29 17:01:23 | INFO | Episode  465 - Reward: 8.000, Length: 8, Loss: 1.4382, Entropy: 0.5932, Epsilon: 0.010
2026-03-29 17:01:23 | INFO | Episode  466 - Reward: 10.000, Length: 10, Loss: 1.4445, Entropy: 0.5886, Epsilon: 0.010
2026-03-29 17:01:24 | INFO | Episode  467 - Reward: 11.000, Length: 11, Loss: 1.3574, Entropy: 0.5921, Epsilon: 0.010
2026-03-29 17:01:24 | INFO | Episode  468 - Reward: 9.000, Length: 9, Loss: 1.3472, Entropy: 0.5886, Epsilon: 0.010
2026-03-29 17:01:25 | INFO | Episode  469 - Reward: 10.000, Length: 10, Loss: 1.3219, Entropy: 0.5903, Epsilon: 0.010
2026-03-29 17:01:25 | INFO | Episode  470 - Reward: 11.000, Length: 11, Loss: 1.3338, Entropy: 0.5882, Epsilon: 0.010
2026-03-29 17:01:26 | INFO | Episode  471 - Reward: 9.000, Length: 9, Loss: 1.3577, Entropy: 0.5883, Epsilon: 0.010
2026-03-29 17:01:26 | INFO | Episode  472 - Reward: 9.000, Length: 9, Loss: 1.3255, Entropy: 0.5856, Epsilon: 0.010
2026-03-29 17:01:27 | INFO | Episode  473 - Reward: 10.000, Length: 10, Loss: 1.3418, Entropy: 0.5855, Epsilon: 0.010
2026-03-29 17:01:27 | INFO | Episode  474 - Reward: 9.000, Length: 9, Loss: 1.2165, Entropy: 0.5846, Epsilon: 0.010
2026-03-29 17:01:28 | INFO | Episode  475 - Reward: 10.000, Length: 10, Loss: 1.2217, Entropy: 0.5837, Epsilon: 0.010
2026-03-29 17:01:28 | INFO | Episode  476 - Reward: 8.000, Length: 8, Loss: 1.2865, Entropy: 0.5857, Epsilon: 0.010
2026-03-29 17:01:28 | INFO | Episode  477 - Reward: 10.000, Length: 10, Loss: 1.2711, Entropy: 0.5862, Epsilon: 0.010
2026-03-29 17:01:29 | INFO | Episode  478 - Reward: 8.000, Length: 8, Loss: 1.3513, Entropy: 0.5822, Epsilon: 0.010
2026-03-29 17:01:29 | INFO | Episode  479 - Reward: 10.000, Length: 10, Loss: 1.3181, Entropy: 0.5831, Epsilon: 0.010
2026-03-29 17:01:30 | INFO | Episode  480 - Reward: 10.000, Length: 10, Loss: 1.2894, Entropy: 0.5851, Epsilon: 0.010
2026-03-29 17:01:30 | INFO | Episode  481 - Reward: 10.000, Length: 10, Loss: 1.1413, Entropy: 0.5828, Epsilon: 0.010
2026-03-29 17:01:31 | INFO | Episode  482 - Reward: 8.000, Length: 8, Loss: 1.0962, Entropy: 0.5834, Epsilon: 0.010
2026-03-29 17:01:31 | INFO | Episode  483 - Reward: 9.000, Length: 9, Loss: 1.2378, Entropy: 0.5832, Epsilon: 0.010
2026-03-29 17:01:32 | INFO | Episode  484 - Reward: 9.000, Length: 9, Loss: 1.2420, Entropy: 0.5826, Epsilon: 0.010
2026-03-29 17:01:32 | INFO | Episode  485 - Reward: 9.000, Length: 9, Loss: 1.1991, Entropy: 0.5822, Epsilon: 0.010
2026-03-29 17:01:33 | INFO | Episode  486 - Reward: 9.000, Length: 9, Loss: 1.2065, Entropy: 0.5818, Epsilon: 0.010
2026-03-29 17:01:33 | INFO | Episode  487 - Reward: 8.000, Length: 8, Loss: 1.2913, Entropy: 0.5773, Epsilon: 0.010
2026-03-29 17:01:34 | INFO | Episode  488 - Reward: 8.000, Length: 8, Loss: 1.1221, Entropy: 0.5831, Epsilon: 0.010
2026-03-29 17:01:34 | INFO | Episode  489 - Reward: 9.000, Length: 9, Loss: 1.1166, Entropy: 0.5824, Epsilon: 0.010
2026-03-29 17:01:35 | INFO | Episode  490 - Reward: 10.000, Length: 10, Loss: 1.2060, Entropy: 0.5788, Epsilon: 0.010
2026-03-29 17:01:35 | INFO | Episode  491 - Reward: 10.000, Length: 10, Loss: 1.0289, Entropy: 0.5827, Epsilon: 0.010
2026-03-29 17:01:36 | INFO | Episode  492 - Reward: 10.000, Length: 10, Loss: 1.1531, Entropy: 0.5842, Epsilon: 0.010
2026-03-29 17:01:36 | INFO | Episode  493 - Reward: 8.000, Length: 8, Loss: 1.2140, Entropy: 0.5816, Epsilon: 0.010
2026-03-29 17:01:37 | INFO | Episode  494 - Reward: 9.000, Length: 9, Loss: 1.1517, Entropy: 0.5856, Epsilon: 0.010
2026-03-29 17:01:37 | INFO | Episode  495 - Reward: 8.000, Length: 8, Loss: 1.1020, Entropy: 0.5845, Epsilon: 0.010
2026-03-29 17:01:38 | INFO | Episode  496 - Reward: 8.000, Length: 8, Loss: 1.0406, Entropy: 0.5829, Epsilon: 0.010
2026-03-29 17:01:38 | INFO | Episode  497 - Reward: 10.000, Length: 10, Loss: 1.1184, Entropy: 0.5833, Epsilon: 0.010
2026-03-29 17:01:39 | INFO | Episode  498 - Reward: 10.000, Length: 10, Loss: 1.0834, Entropy: 0.5851, Epsilon: 0.010
2026-03-29 17:01:39 | INFO | Episode  499 - Reward: 10.000, Length: 10, Loss: 1.0475, Entropy: 0.5841, Epsilon: 0.010
2026-03-29 17:01:40 | INFO | Episode  500 - Reward: 10.000, Length: 10, Loss: 1.0665, Entropy: 0.5829, Epsilon: 0.010
2026-03-29 17:01:40 | INFO | [Episode  500] eps=0.010  avg_reward=   9.320  avg_length=  9.32  avg_loss=  1.3269  avg_entropy=0.5829  eval_success=0.000
2026-03-29 17:01:40 | INFO | DQN+Entropy training: 4m 11.07s
2026-03-29 17:01:42 | INFO | [Final Eval] success=0.000, mean_reward=9.300
