2026-03-29 22:23:37 | INFO | ============================================================
2026-03-29 22:23:37 | INFO | DEVICE / COMPUTE INFORMATION
2026-03-29 22:23:37 | INFO |   JAX backend       : CPU
2026-03-29 22:23:37 | INFO |   Platform          : cpu
2026-03-29 22:23:37 | INFO |   Num devices       : 1
2026-03-29 22:23:37 | INFO |   Device            : TFRT_CPU_0
2026-03-29 22:23:37 | INFO | ============================================================
2026-03-29 22:23:37 | INFO | DQN+Entropy | seed=8, lr=0.001, gamma=0.95, alpha=0.01
2026-03-29 22:23:37 | INFO | Env: mountaincar/dense, obs_dim=2, num_actions=3
2026-03-29 22:23:38 | INFO | Episode    1 - Reward: -200.000, Length: 200, Loss: 0.0000, Entropy: 0.0000, Epsilon: 0.998
2026-03-29 22:23:40 | INFO | Episode    2 - Reward: -200.000, Length: 200, Loss: 0.9523, Entropy: 1.0985, Epsilon: 0.995
2026-03-29 22:23:40 | INFO | Episode    3 - Reward: -200.000, Length: 200, Loss: 0.9449, Entropy: 1.0985, Epsilon: 0.993
2026-03-29 22:23:40 | INFO | Episode    4 - Reward: -200.000, Length: 200, Loss: 0.9502, Entropy: 1.0985, Epsilon: 0.990
2026-03-29 22:23:41 | INFO | Episode    5 - Reward: -200.000, Length: 200, Loss: 0.9428, Entropy: 1.0985, Epsilon: 0.988
2026-03-29 22:23:41 | INFO | Episode    6 - Reward: -200.000, Length: 200, Loss: 0.9496, Entropy: 1.0985, Epsilon: 0.985
2026-03-29 22:23:42 | INFO | Episode    7 - Reward: -200.000, Length: 200, Loss: 0.9415, Entropy: 1.0985, Epsilon: 0.983
2026-03-29 22:23:42 | INFO | Episode    8 - Reward: -200.000, Length: 200, Loss: 0.9353, Entropy: 1.0985, Epsilon: 0.980
2026-03-29 22:23:43 | INFO | Episode    9 - Reward: -200.000, Length: 200, Loss: 0.9465, Entropy: 1.0985, Epsilon: 0.978
2026-03-29 22:23:43 | INFO | Episode   10 - Reward: -200.000, Length: 200, Loss: 0.9399, Entropy: 1.0985, Epsilon: 0.975
2026-03-29 22:23:44 | INFO | Episode   11 - Reward: -200.000, Length: 200, Loss: 0.9466, Entropy: 1.0985, Epsilon: 0.973
2026-03-29 22:23:44 | INFO | Episode   12 - Reward: -200.000, Length: 200, Loss: 0.9384, Entropy: 1.0985, Epsilon: 0.970
2026-03-29 22:23:44 | INFO | Episode   13 - Reward: -200.000, Length: 200, Loss: 0.9325, Entropy: 1.0985, Epsilon: 0.968
2026-03-29 22:23:45 | INFO | Episode   14 - Reward: -200.000, Length: 200, Loss: 0.9444, Entropy: 1.0984, Epsilon: 0.965
2026-03-29 22:23:45 | INFO | Episode   15 - Reward: -200.000, Length: 200, Loss: 0.9374, Entropy: 1.0984, Epsilon: 0.963
2026-03-29 22:23:46 | INFO | Episode   16 - Reward: -200.000, Length: 200, Loss: 0.9461, Entropy: 1.0984, Epsilon: 0.960
2026-03-29 22:23:46 | INFO | Episode   17 - Reward: -200.000, Length: 200, Loss: 0.9353, Entropy: 1.0984, Epsilon: 0.958
2026-03-29 22:23:47 | INFO | Episode   18 - Reward: -200.000, Length: 200, Loss: 0.9308, Entropy: 1.0984, Epsilon: 0.955
2026-03-29 22:23:47 | INFO | Episode   19 - Reward: -200.000, Length: 200, Loss: 0.9442, Entropy: 1.0984, Epsilon: 0.953
2026-03-29 22:23:48 | INFO | Episode   20 - Reward: -200.000, Length: 200, Loss: 0.9374, Entropy: 1.0984, Epsilon: 0.951
2026-03-29 22:23:48 | INFO | Episode   21 - Reward: -200.000, Length: 200, Loss: 0.9430, Entropy: 1.0984, Epsilon: 0.948
2026-03-29 22:23:49 | INFO | Episode   22 - Reward: -200.000, Length: 200, Loss: 0.9349, Entropy: 1.0984, Epsilon: 0.946
2026-03-29 22:23:49 | INFO | Episode   23 - Reward: -200.000, Length: 200, Loss: 0.9298, Entropy: 1.0984, Epsilon: 0.943
2026-03-29 22:23:50 | INFO | Episode   24 - Reward: -200.000, Length: 200, Loss: 0.9421, Entropy: 1.0984, Epsilon: 0.941
2026-03-29 22:23:50 | INFO | Episode   25 - Reward: -200.000, Length: 200, Loss: 0.9368, Entropy: 1.0984, Epsilon: 0.938
2026-03-29 22:23:51 | INFO | Episode   26 - Reward: -200.000, Length: 200, Loss: 0.9435, Entropy: 1.0984, Epsilon: 0.936
2026-03-29 22:23:52 | INFO | Episode   27 - Reward: -200.000, Length: 200, Loss: 0.9363, Entropy: 1.0984, Epsilon: 0.933
2026-03-29 22:23:52 | INFO | Episode   28 - Reward: -200.000, Length: 200, Loss: 0.9282, Entropy: 1.0984, Epsilon: 0.931
2026-03-29 22:23:53 | INFO | Episode   29 - Reward: -200.000, Length: 200, Loss: 0.9381, Entropy: 1.0984, Epsilon: 0.928
2026-03-29 22:23:53 | INFO | Episode   30 - Reward: -200.000, Length: 200, Loss: 0.9374, Entropy: 1.0984, Epsilon: 0.926
2026-03-29 22:23:54 | INFO | Episode   31 - Reward: -200.000, Length: 200, Loss: 0.9440, Entropy: 1.0984, Epsilon: 0.923
2026-03-29 22:23:54 | INFO | Episode   32 - Reward: -200.000, Length: 200, Loss: 0.9336, Entropy: 1.0984, Epsilon: 0.921
2026-03-29 22:23:55 | INFO | Episode   33 - Reward: -200.000, Length: 200, Loss: 0.9289, Entropy: 1.0984, Epsilon: 0.918
2026-03-29 22:23:55 | INFO | Episode   34 - Reward: -200.000, Length: 200, Loss: 0.9398, Entropy: 1.0984, Epsilon: 0.916
2026-03-29 22:23:55 | INFO | Episode   35 - Reward: -200.000, Length: 200, Loss: 0.9337, Entropy: 1.0984, Epsilon: 0.913
2026-03-29 22:23:56 | INFO | Episode   36 - Reward: -200.000, Length: 200, Loss: 0.9395, Entropy: 1.0984, Epsilon: 0.911
2026-03-29 22:23:56 | INFO | Episode   37 - Reward: -200.000, Length: 200, Loss: 0.9344, Entropy: 1.0984, Epsilon: 0.908
2026-03-29 22:23:57 | INFO | Episode   38 - Reward: -200.000, Length: 200, Loss: 0.9261, Entropy: 1.0983, Epsilon: 0.906
2026-03-29 22:23:57 | INFO | Episode   39 - Reward: -200.000, Length: 200, Loss: 0.9368, Entropy: 1.0983, Epsilon: 0.903
2026-03-29 22:23:58 | INFO | Episode   40 - Reward: -200.000, Length: 200, Loss: 0.9331, Entropy: 1.0983, Epsilon: 0.901
2026-03-29 22:23:58 | INFO | Episode   41 - Reward: -200.000, Length: 200, Loss: 0.9371, Entropy: 1.0983, Epsilon: 0.899
2026-03-29 22:23:59 | INFO | Episode   42 - Reward: -200.000, Length: 200, Loss: 0.9291, Entropy: 1.0983, Epsilon: 0.896
2026-03-29 22:23:59 | INFO | Episode   43 - Reward: -200.000, Length: 200, Loss: 0.9262, Entropy: 1.0983, Epsilon: 0.894
2026-03-29 22:24:00 | INFO | Episode   44 - Reward: -200.000, Length: 200, Loss: 0.9382, Entropy: 1.0983, Epsilon: 0.891
2026-03-29 22:24:00 | INFO | Episode   45 - Reward: -200.000, Length: 200, Loss: 0.9338, Entropy: 1.0983, Epsilon: 0.889
2026-03-29 22:24:00 | INFO | Episode   46 - Reward: -200.000, Length: 200, Loss: 0.9381, Entropy: 1.0983, Epsilon: 0.886
2026-03-29 22:24:01 | INFO | Episode   47 - Reward: -200.000, Length: 200, Loss: 0.9337, Entropy: 1.0983, Epsilon: 0.884
2026-03-29 22:24:01 | INFO | Episode   48 - Reward: -200.000, Length: 200, Loss: 0.9250, Entropy: 1.0983, Epsilon: 0.881
2026-03-29 22:24:02 | INFO | Episode   49 - Reward: -200.000, Length: 200, Loss: 0.9356, Entropy: 1.0983, Epsilon: 0.879
2026-03-29 22:24:02 | INFO | Episode   50 - Reward: -200.000, Length: 200, Loss: 0.9304, Entropy: 1.0983, Epsilon: 0.876
2026-03-29 22:24:08 | INFO | [Episode   50] eps=0.876  avg_reward=-200.000  avg_length=200.00  avg_loss=  0.9189  avg_entropy=1.0983  eval_success=0.000
2026-03-29 22:24:09 | INFO | Episode   51 - Reward: -200.000, Length: 200, Loss: 0.9354, Entropy: 1.0983, Epsilon: 0.874
2026-03-29 22:24:09 | INFO | Episode   52 - Reward: -200.000, Length: 200, Loss: 0.9315, Entropy: 1.0983, Epsilon: 0.871
2026-03-29 22:24:09 | INFO | Episode   53 - Reward: -200.000, Length: 200, Loss: 0.9240, Entropy: 1.0983, Epsilon: 0.869
2026-03-29 22:24:10 | INFO | Episode   54 - Reward: -200.000, Length: 200, Loss: 0.9329, Entropy: 1.0983, Epsilon: 0.866
2026-03-29 22:24:10 | INFO | Episode   55 - Reward: -200.000, Length: 200, Loss: 0.9274, Entropy: 1.0983, Epsilon: 0.864
2026-03-29 22:24:11 | INFO | Episode   56 - Reward: -200.000, Length: 200, Loss: 0.9333, Entropy: 1.0983, Epsilon: 0.861
2026-03-29 22:24:11 | INFO | Episode   57 - Reward: -200.000, Length: 200, Loss: 0.9247, Entropy: 1.0983, Epsilon: 0.859
2026-03-29 22:24:12 | INFO | Episode   58 - Reward: -200.000, Length: 200, Loss: 0.9209, Entropy: 1.0983, Epsilon: 0.856
2026-03-29 22:24:12 | INFO | Episode   59 - Reward: -200.000, Length: 200, Loss: 0.9297, Entropy: 1.0983, Epsilon: 0.854
2026-03-29 22:24:12 | INFO | Episode   60 - Reward: -200.000, Length: 200, Loss: 0.9267, Entropy: 1.0983, Epsilon: 0.852
2026-03-29 22:24:13 | INFO | Episode   61 - Reward: -200.000, Length: 200, Loss: 0.9299, Entropy: 1.0983, Epsilon: 0.849
2026-03-29 22:24:13 | INFO | Episode   62 - Reward: -200.000, Length: 200, Loss: 0.9270, Entropy: 1.0983, Epsilon: 0.847
2026-03-29 22:24:14 | INFO | Episode   63 - Reward: -200.000, Length: 200, Loss: 0.9159, Entropy: 1.0983, Epsilon: 0.844
2026-03-29 22:24:14 | INFO | Episode   64 - Reward: -200.000, Length: 200, Loss: 0.9279, Entropy: 1.0983, Epsilon: 0.842
2026-03-29 22:24:15 | INFO | Episode   65 - Reward: -200.000, Length: 200, Loss: 0.9216, Entropy: 1.0983, Epsilon: 0.839
2026-03-29 22:24:15 | INFO | Episode   66 - Reward: -200.000, Length: 200, Loss: 0.9313, Entropy: 1.0983, Epsilon: 0.837
2026-03-29 22:24:15 | INFO | Episode   67 - Reward: -200.000, Length: 200, Loss: 0.9186, Entropy: 1.0983, Epsilon: 0.834
2026-03-29 22:24:16 | INFO | Episode   68 - Reward: -200.000, Length: 200, Loss: 0.9102, Entropy: 1.0983, Epsilon: 0.832
2026-03-29 22:24:16 | INFO | Episode   69 - Reward: -200.000, Length: 200, Loss: 0.9247, Entropy: 1.0983, Epsilon: 0.829
2026-03-29 22:24:17 | INFO | Episode   70 - Reward: -200.000, Length: 200, Loss: 0.9202, Entropy: 1.0983, Epsilon: 0.827
2026-03-29 22:24:17 | INFO | Episode   71 - Reward: -200.000, Length: 200, Loss: 0.9270, Entropy: 1.0983, Epsilon: 0.824
2026-03-29 22:24:18 | INFO | Episode   72 - Reward: -200.000, Length: 200, Loss: 0.9192, Entropy: 1.0983, Epsilon: 0.822
2026-03-29 22:24:18 | INFO | Episode   73 - Reward: -200.000, Length: 200, Loss: 0.9143, Entropy: 1.0983, Epsilon: 0.819
2026-03-29 22:24:18 | INFO | Episode   74 - Reward: -200.000, Length: 200, Loss: 0.9229, Entropy: 1.0983, Epsilon: 0.817
2026-03-29 22:24:19 | INFO | Episode   75 - Reward: -200.000, Length: 200, Loss: 0.9196, Entropy: 1.0983, Epsilon: 0.814
2026-03-29 22:24:19 | INFO | Episode   76 - Reward: -200.000, Length: 200, Loss: 0.9248, Entropy: 1.0983, Epsilon: 0.812
2026-03-29 22:24:20 | INFO | Episode   77 - Reward: -200.000, Length: 200, Loss: 0.9198, Entropy: 1.0983, Epsilon: 0.809
2026-03-29 22:24:20 | INFO | Episode   78 - Reward: -200.000, Length: 200, Loss: 0.9102, Entropy: 1.0983, Epsilon: 0.807
2026-03-29 22:24:20 | INFO | Episode   79 - Reward: -200.000, Length: 200, Loss: 0.9215, Entropy: 1.0983, Epsilon: 0.804
2026-03-29 22:24:21 | INFO | Episode   80 - Reward: -200.000, Length: 200, Loss: 0.9182, Entropy: 1.0982, Epsilon: 0.802
2026-03-29 22:24:21 | INFO | Episode   81 - Reward: -200.000, Length: 200, Loss: 0.9235, Entropy: 1.0982, Epsilon: 0.800
2026-03-29 22:24:22 | INFO | Episode   82 - Reward: -200.000, Length: 200, Loss: 0.9169, Entropy: 1.0982, Epsilon: 0.797
2026-03-29 22:24:22 | INFO | Episode   83 - Reward: -200.000, Length: 200, Loss: 0.9108, Entropy: 1.0982, Epsilon: 0.795
2026-03-29 22:24:23 | INFO | Episode   84 - Reward: -200.000, Length: 200, Loss: 0.9231, Entropy: 1.0982, Epsilon: 0.792
2026-03-29 22:24:23 | INFO | Episode   85 - Reward: -200.000, Length: 200, Loss: 0.9170, Entropy: 1.0982, Epsilon: 0.790
2026-03-29 22:24:23 | INFO | Episode   86 - Reward: -200.000, Length: 200, Loss: 0.9242, Entropy: 1.0982, Epsilon: 0.787
2026-03-29 22:24:25 | INFO | Episode   87 - Reward: -200.000, Length: 200, Loss: 0.9139, Entropy: 1.0982, Epsilon: 0.785
2026-03-29 22:24:25 | INFO | Episode   88 - Reward: -200.000, Length: 200, Loss: 0.9082, Entropy: 1.0982, Epsilon: 0.782
2026-03-29 22:24:25 | INFO | Episode   89 - Reward: -200.000, Length: 200, Loss: 0.9232, Entropy: 1.0982, Epsilon: 0.780
2026-03-29 22:24:26 | INFO | Episode   90 - Reward: -200.000, Length: 200, Loss: 0.9158, Entropy: 1.0982, Epsilon: 0.777
2026-03-29 22:24:26 | INFO | Episode   91 - Reward: -200.000, Length: 200, Loss: 0.9227, Entropy: 1.0982, Epsilon: 0.775
2026-03-29 22:24:27 | INFO | Episode   92 - Reward: -200.000, Length: 200, Loss: 0.9139, Entropy: 1.0982, Epsilon: 0.772
2026-03-29 22:24:27 | INFO | Episode   93 - Reward: -200.000, Length: 200, Loss: 0.9046, Entropy: 1.0982, Epsilon: 0.770
2026-03-29 22:24:28 | INFO | Episode   94 - Reward: -200.000, Length: 200, Loss: 0.9158, Entropy: 1.0982, Epsilon: 0.767
2026-03-29 22:24:28 | INFO | Episode   95 - Reward: -200.000, Length: 200, Loss: 0.9121, Entropy: 1.0982, Epsilon: 0.765
2026-03-29 22:24:28 | INFO | Episode   96 - Reward: -200.000, Length: 200, Loss: 0.9201, Entropy: 1.0982, Epsilon: 0.762
2026-03-29 22:24:29 | INFO | Episode   97 - Reward: -200.000, Length: 200, Loss: 0.9106, Entropy: 1.0982, Epsilon: 0.760
2026-03-29 22:24:29 | INFO | Episode   98 - Reward: -200.000, Length: 200, Loss: 0.9017, Entropy: 1.0982, Epsilon: 0.757
2026-03-29 22:24:30 | INFO | Episode   99 - Reward: -200.000, Length: 200, Loss: 0.9186, Entropy: 1.0983, Epsilon: 0.755
2026-03-29 22:24:30 | INFO | Episode  100 - Reward: -200.000, Length: 200, Loss: 0.9097, Entropy: 1.0983, Epsilon: 0.752
2026-03-29 22:24:36 | INFO | [Episode  100] eps=0.752  avg_reward=-200.000  avg_length=200.00  avg_loss=  0.9203  avg_entropy=1.0983  eval_success=0.000
2026-03-29 22:24:36 | INFO | Episode  101 - Reward: -200.000, Length: 200, Loss: 0.9184, Entropy: 1.0983, Epsilon: 0.750
2026-03-29 22:24:37 | INFO | Episode  102 - Reward: -200.000, Length: 200, Loss: 0.9058, Entropy: 1.0983, Epsilon: 0.748
2026-03-29 22:24:37 | INFO | Episode  103 - Reward: -200.000, Length: 200, Loss: 0.9034, Entropy: 1.0983, Epsilon: 0.745
2026-03-29 22:24:37 | INFO | Episode  104 - Reward: -200.000, Length: 200, Loss: 0.9169, Entropy: 1.0983, Epsilon: 0.743
2026-03-29 22:24:38 | INFO | Episode  105 - Reward: -200.000, Length: 200, Loss: 0.9109, Entropy: 1.0983, Epsilon: 0.740
2026-03-29 22:24:38 | INFO | Episode  106 - Reward: -200.000, Length: 200, Loss: 0.9136, Entropy: 1.0983, Epsilon: 0.738
2026-03-29 22:24:39 | INFO | Episode  107 - Reward: -200.000, Length: 200, Loss: 0.9104, Entropy: 1.0983, Epsilon: 0.735
2026-03-29 22:24:39 | INFO | Episode  108 - Reward: -200.000, Length: 200, Loss: 0.9016, Entropy: 1.0983, Epsilon: 0.733
2026-03-29 22:24:40 | INFO | Episode  109 - Reward: -200.000, Length: 200, Loss: 0.9137, Entropy: 1.0983, Epsilon: 0.730
2026-03-29 22:24:40 | INFO | Episode  110 - Reward: -200.000, Length: 200, Loss: 0.9077, Entropy: 1.0983, Epsilon: 0.728
2026-03-29 22:24:40 | INFO | Episode  111 - Reward: -200.000, Length: 200, Loss: 0.9140, Entropy: 1.0983, Epsilon: 0.725
2026-03-29 22:24:41 | INFO | Episode  112 - Reward: -200.000, Length: 200, Loss: 0.9068, Entropy: 1.0983, Epsilon: 0.723
2026-03-29 22:24:41 | INFO | Episode  113 - Reward: -200.000, Length: 200, Loss: 0.9026, Entropy: 1.0983, Epsilon: 0.720
2026-03-29 22:24:42 | INFO | Episode  114 - Reward: -200.000, Length: 200, Loss: 0.9144, Entropy: 1.0983, Epsilon: 0.718
2026-03-29 22:24:42 | INFO | Episode  115 - Reward: -200.000, Length: 200, Loss: 0.9068, Entropy: 1.0983, Epsilon: 0.715
2026-03-29 22:24:43 | INFO | Episode  116 - Reward: -200.000, Length: 200, Loss: 0.9139, Entropy: 1.0983, Epsilon: 0.713
2026-03-29 22:24:43 | INFO | Episode  117 - Reward: -200.000, Length: 200, Loss: 0.9075, Entropy: 1.0983, Epsilon: 0.710
2026-03-29 22:24:43 | INFO | Episode  118 - Reward: -200.000, Length: 200, Loss: 0.8985, Entropy: 1.0983, Epsilon: 0.708
2026-03-29 22:24:44 | INFO | Episode  119 - Reward: -200.000, Length: 200, Loss: 0.9132, Entropy: 1.0983, Epsilon: 0.705
2026-03-29 22:24:44 | INFO | Episode  120 - Reward: -200.000, Length: 200, Loss: 0.9027, Entropy: 1.0983, Epsilon: 0.703
2026-03-29 22:24:45 | INFO | Episode  121 - Reward: -200.000, Length: 200, Loss: 0.9161, Entropy: 1.0983, Epsilon: 0.701
2026-03-29 22:24:45 | INFO | Episode  122 - Reward: -200.000, Length: 200, Loss: 0.9041, Entropy: 1.0983, Epsilon: 0.698
2026-03-29 22:24:45 | INFO | Episode  123 - Reward: -200.000, Length: 200, Loss: 0.8969, Entropy: 1.0983, Epsilon: 0.696
2026-03-29 22:24:46 | INFO | Episode  124 - Reward: -200.000, Length: 200, Loss: 0.9102, Entropy: 1.0983, Epsilon: 0.693
2026-03-29 22:24:46 | INFO | Episode  125 - Reward: -200.000, Length: 200, Loss: 0.9032, Entropy: 1.0983, Epsilon: 0.691
2026-03-29 22:24:47 | INFO | Episode  126 - Reward: -200.000, Length: 200, Loss: 0.9109, Entropy: 1.0983, Epsilon: 0.688
2026-03-29 22:24:47 | INFO | Episode  127 - Reward: -200.000, Length: 200, Loss: 0.9021, Entropy: 1.0983, Epsilon: 0.686
2026-03-29 22:24:48 | INFO | Episode  128 - Reward: -200.000, Length: 200, Loss: 0.8957, Entropy: 1.0983, Epsilon: 0.683
2026-03-29 22:24:48 | INFO | Episode  129 - Reward: -200.000, Length: 200, Loss: 0.9097, Entropy: 1.0983, Epsilon: 0.681
2026-03-29 22:24:48 | INFO | Episode  130 - Reward: -200.000, Length: 200, Loss: 0.9015, Entropy: 1.0983, Epsilon: 0.678
2026-03-29 22:24:49 | INFO | Episode  131 - Reward: -200.000, Length: 200, Loss: 0.9040, Entropy: 1.0983, Epsilon: 0.676
2026-03-29 22:24:49 | INFO | Episode  132 - Reward: -200.000, Length: 200, Loss: 0.9028, Entropy: 1.0983, Epsilon: 0.673
2026-03-29 22:24:50 | INFO | Episode  133 - Reward: -200.000, Length: 200, Loss: 0.8940, Entropy: 1.0983, Epsilon: 0.671
2026-03-29 22:24:50 | INFO | Episode  134 - Reward: -200.000, Length: 200, Loss: 0.9067, Entropy: 1.0983, Epsilon: 0.668
2026-03-29 22:24:51 | INFO | Episode  135 - Reward: -200.000, Length: 200, Loss: 0.9023, Entropy: 1.0983, Epsilon: 0.666
2026-03-29 22:24:51 | INFO | Episode  136 - Reward: -200.000, Length: 200, Loss: 0.9050, Entropy: 1.0983, Epsilon: 0.663
2026-03-29 22:24:51 | INFO | Episode  137 - Reward: -200.000, Length: 200, Loss: 0.8974, Entropy: 1.0983, Epsilon: 0.661
2026-03-29 22:24:52 | INFO | Episode  138 - Reward: -200.000, Length: 200, Loss: 0.8926, Entropy: 1.0983, Epsilon: 0.658
2026-03-29 22:24:52 | INFO | Episode  139 - Reward: -200.000, Length: 200, Loss: 0.9049, Entropy: 1.0983, Epsilon: 0.656
2026-03-29 22:24:53 | INFO | Episode  140 - Reward: -200.000, Length: 200, Loss: 0.8991, Entropy: 1.0983, Epsilon: 0.653
2026-03-29 22:24:53 | INFO | Episode  141 - Reward: -200.000, Length: 200, Loss: 0.9052, Entropy: 1.0983, Epsilon: 0.651
2026-03-29 22:24:54 | INFO | Episode  142 - Reward: -200.000, Length: 200, Loss: 0.8992, Entropy: 1.0983, Epsilon: 0.649
2026-03-29 22:24:54 | INFO | Episode  143 - Reward: -200.000, Length: 200, Loss: 0.8935, Entropy: 1.0983, Epsilon: 0.646
2026-03-29 22:24:54 | INFO | Episode  144 - Reward: -200.000, Length: 200, Loss: 0.9069, Entropy: 1.0984, Epsilon: 0.644
2026-03-29 22:24:55 | INFO | Episode  145 - Reward: -200.000, Length: 200, Loss: 0.8982, Entropy: 1.0984, Epsilon: 0.641
2026-03-29 22:24:55 | INFO | Episode  146 - Reward: -200.000, Length: 200, Loss: 0.9068, Entropy: 1.0984, Epsilon: 0.639
2026-03-29 22:24:56 | INFO | Episode  147 - Reward: -200.000, Length: 200, Loss: 0.8996, Entropy: 1.0984, Epsilon: 0.636
2026-03-29 22:24:56 | INFO | Episode  148 - Reward: -200.000, Length: 200, Loss: 0.8887, Entropy: 1.0984, Epsilon: 0.634
2026-03-29 22:24:57 | INFO | Episode  149 - Reward: -200.000, Length: 200, Loss: 0.9038, Entropy: 1.0984, Epsilon: 0.631
2026-03-29 22:24:58 | INFO | Episode  150 - Reward: -200.000, Length: 200, Loss: 0.8967, Entropy: 1.0984, Epsilon: 0.629
2026-03-29 22:25:03 | INFO | [Episode  150] eps=0.629  avg_reward=-200.000  avg_length=200.00  avg_loss=  0.9048  avg_entropy=1.0984  eval_success=0.000
2026-03-29 22:25:04 | INFO | Episode  151 - Reward: -200.000, Length: 200, Loss: 0.9088, Entropy: 1.0984, Epsilon: 0.626
2026-03-29 22:25:04 | INFO | Episode  152 - Reward: -200.000, Length: 200, Loss: 0.8961, Entropy: 1.0984, Epsilon: 0.624
2026-03-29 22:25:04 | INFO | Episode  153 - Reward: -200.000, Length: 200, Loss: 0.8893, Entropy: 1.0984, Epsilon: 0.621
2026-03-29 22:25:05 | INFO | Episode  154 - Reward: -200.000, Length: 200, Loss: 0.9055, Entropy: 1.0984, Epsilon: 0.619
2026-03-29 22:25:05 | INFO | Episode  155 - Reward: -200.000, Length: 200, Loss: 0.8989, Entropy: 1.0984, Epsilon: 0.616
2026-03-29 22:25:06 | INFO | Episode  156 - Reward: -200.000, Length: 200, Loss: 0.9037, Entropy: 1.0984, Epsilon: 0.614
2026-03-29 22:25:06 | INFO | Episode  157 - Reward: -200.000, Length: 200, Loss: 0.8943, Entropy: 1.0984, Epsilon: 0.611
2026-03-29 22:25:07 | INFO | Episode  158 - Reward: -200.000, Length: 200, Loss: 0.8880, Entropy: 1.0984, Epsilon: 0.609
2026-03-29 22:25:07 | INFO | Episode  159 - Reward: -200.000, Length: 200, Loss: 0.9042, Entropy: 1.0984, Epsilon: 0.606
2026-03-29 22:25:07 | INFO | Episode  160 - Reward: -200.000, Length: 200, Loss: 0.8939, Entropy: 1.0984, Epsilon: 0.604
2026-03-29 22:25:08 | INFO | Episode  161 - Reward: -200.000, Length: 200, Loss: 0.9042, Entropy: 1.0984, Epsilon: 0.602
2026-03-29 22:25:08 | INFO | Episode  162 - Reward: -200.000, Length: 200, Loss: 0.8951, Entropy: 1.0984, Epsilon: 0.599
2026-03-29 22:25:09 | INFO | Episode  163 - Reward: -200.000, Length: 200, Loss: 0.8834, Entropy: 1.0984, Epsilon: 0.597
2026-03-29 22:25:09 | INFO | Episode  164 - Reward: -200.000, Length: 200, Loss: 0.9011, Entropy: 1.0985, Epsilon: 0.594
2026-03-29 22:25:09 | INFO | Episode  165 - Reward: -200.000, Length: 200, Loss: 0.8927, Entropy: 1.0985, Epsilon: 0.592
2026-03-29 22:25:10 | INFO | Episode  166 - Reward: -200.000, Length: 200, Loss: 0.9008, Entropy: 1.0985, Epsilon: 0.589
2026-03-29 22:25:10 | INFO | Episode  167 - Reward: -200.000, Length: 200, Loss: 0.8918, Entropy: 1.0985, Epsilon: 0.587
2026-03-29 22:25:11 | INFO | Episode  168 - Reward: -200.000, Length: 200, Loss: 0.8854, Entropy: 1.0985, Epsilon: 0.584
2026-03-29 22:25:11 | INFO | Episode  169 - Reward: -200.000, Length: 200, Loss: 0.9029, Entropy: 1.0985, Epsilon: 0.582
2026-03-29 22:25:12 | INFO | Episode  170 - Reward: -200.000, Length: 200, Loss: 0.8951, Entropy: 1.0985, Epsilon: 0.579
2026-03-29 22:25:12 | INFO | Episode  171 - Reward: -200.000, Length: 200, Loss: 0.9017, Entropy: 1.0985, Epsilon: 0.577
2026-03-29 22:25:12 | INFO | Episode  172 - Reward: -200.000, Length: 200, Loss: 0.8920, Entropy: 1.0985, Epsilon: 0.574
2026-03-29 22:25:13 | INFO | Episode  173 - Reward: -200.000, Length: 200, Loss: 0.8814, Entropy: 1.0985, Epsilon: 0.572
2026-03-29 22:25:13 | INFO | Episode  174 - Reward: -200.000, Length: 200, Loss: 0.9034, Entropy: 1.0985, Epsilon: 0.569
2026-03-29 22:25:14 | INFO | Episode  175 - Reward: -200.000, Length: 200, Loss: 0.8899, Entropy: 1.0985, Epsilon: 0.567
2026-03-29 22:25:14 | INFO | Episode  176 - Reward: -200.000, Length: 200, Loss: 0.9012, Entropy: 1.0985, Epsilon: 0.564
2026-03-29 22:25:15 | INFO | Episode  177 - Reward: -200.000, Length: 200, Loss: 0.8942, Entropy: 1.0985, Epsilon: 0.562
2026-03-29 22:25:15 | INFO | Episode  178 - Reward: -200.000, Length: 200, Loss: 0.8814, Entropy: 1.0986, Epsilon: 0.559
2026-03-29 22:25:16 | INFO | Episode  179 - Reward: -200.000, Length: 200, Loss: 0.9052, Entropy: 1.0986, Epsilon: 0.557
2026-03-29 22:25:16 | INFO | Episode  180 - Reward: -200.000, Length: 200, Loss: 0.8888, Entropy: 1.0986, Epsilon: 0.554
2026-03-29 22:25:17 | INFO | Episode  181 - Reward: -200.000, Length: 200, Loss: 0.9035, Entropy: 1.0986, Epsilon: 0.552
2026-03-29 22:25:17 | INFO | Episode  182 - Reward: -200.000, Length: 200, Loss: 0.8900, Entropy: 1.0986, Epsilon: 0.550
2026-03-29 22:25:18 | INFO | Episode  183 - Reward: -200.000, Length: 200, Loss: 0.8822, Entropy: 1.0986, Epsilon: 0.547
2026-03-29 22:25:18 | INFO | Episode  184 - Reward: -200.000, Length: 200, Loss: 0.9001, Entropy: 1.0986, Epsilon: 0.545
2026-03-29 22:25:18 | INFO | Episode  185 - Reward: -200.000, Length: 200, Loss: 0.8918, Entropy: 1.0986, Epsilon: 0.542
2026-03-29 22:25:19 | INFO | Episode  186 - Reward: -200.000, Length: 200, Loss: 0.9055, Entropy: 1.0986, Epsilon: 0.540
2026-03-29 22:25:19 | INFO | Episode  187 - Reward: -200.000, Length: 200, Loss: 0.8934, Entropy: 1.0986, Epsilon: 0.537
2026-03-29 22:25:20 | INFO | Episode  188 - Reward: -200.000, Length: 200, Loss: 0.8820, Entropy: 1.0986, Epsilon: 0.535
2026-03-29 22:25:20 | INFO | Episode  189 - Reward: -200.000, Length: 200, Loss: 0.8977, Entropy: 1.0986, Epsilon: 0.532
2026-03-29 22:25:21 | INFO | Episode  190 - Reward: -200.000, Length: 200, Loss: 0.8891, Entropy: 1.0986, Epsilon: 0.530
2026-03-29 22:25:21 | INFO | Episode  191 - Reward: -200.000, Length: 200, Loss: 0.8976, Entropy: 1.0986, Epsilon: 0.527
2026-03-29 22:25:21 | INFO | Episode  192 - Reward: -200.000, Length: 200, Loss: 0.8892, Entropy: 1.0986, Epsilon: 0.525
2026-03-29 22:25:22 | INFO | Episode  193 - Reward: -200.000, Length: 200, Loss: 0.8794, Entropy: 1.0986, Epsilon: 0.522
2026-03-29 22:25:22 | INFO | Episode  194 - Reward: -200.000, Length: 200, Loss: 0.8953, Entropy: 1.0986, Epsilon: 0.520
2026-03-29 22:25:23 | INFO | Episode  195 - Reward: -200.000, Length: 200, Loss: 0.8894, Entropy: 1.0986, Epsilon: 0.517
2026-03-29 22:25:23 | INFO | Episode  196 - Reward: -200.000, Length: 200, Loss: 0.8965, Entropy: 1.0986, Epsilon: 0.515
2026-03-29 22:25:24 | INFO | Episode  197 - Reward: -200.000, Length: 200, Loss: 0.8843, Entropy: 1.0986, Epsilon: 0.512
2026-03-29 22:25:24 | INFO | Episode  198 - Reward: -200.000, Length: 200, Loss: 0.8751, Entropy: 1.0986, Epsilon: 0.510
2026-03-29 22:25:24 | INFO | Episode  199 - Reward: -200.000, Length: 200, Loss: 0.8893, Entropy: 1.0986, Epsilon: 0.507
2026-03-29 22:25:25 | INFO | Episode  200 - Reward: -200.000, Length: 200, Loss: 0.8807, Entropy: 1.0986, Epsilon: 0.505
2026-03-29 22:25:31 | INFO | [Episode  200] eps=0.505  avg_reward=-200.000  avg_length=200.00  avg_loss=  0.8937  avg_entropy=1.0986  eval_success=0.000
2026-03-29 22:25:32 | INFO | Episode  201 - Reward: -200.000, Length: 200, Loss: 0.8924, Entropy: 1.0986, Epsilon: 0.503
2026-03-29 22:25:32 | INFO | Episode  202 - Reward: -200.000, Length: 200, Loss: 0.8777, Entropy: 1.0986, Epsilon: 0.500
2026-03-29 22:25:33 | INFO | Episode  203 - Reward: -200.000, Length: 200, Loss: 0.8680, Entropy: 1.0986, Epsilon: 0.498
2026-03-29 22:25:33 | INFO | Episode  204 - Reward: -200.000, Length: 200, Loss: 0.8866, Entropy: 1.0986, Epsilon: 0.495
2026-03-29 22:25:33 | INFO | Episode  205 - Reward: -200.000, Length: 200, Loss: 0.8728, Entropy: 1.0986, Epsilon: 0.493
2026-03-29 22:25:34 | INFO | Episode  206 - Reward: -200.000, Length: 200, Loss: 0.8857, Entropy: 1.0986, Epsilon: 0.490
2026-03-29 22:25:34 | INFO | Episode  207 - Reward: -200.000, Length: 200, Loss: 0.8742, Entropy: 1.0986, Epsilon: 0.488
2026-03-29 22:25:35 | INFO | Episode  208 - Reward: -200.000, Length: 200, Loss: 0.8565, Entropy: 1.0986, Epsilon: 0.485
2026-03-29 22:25:35 | INFO | Episode  209 - Reward: -200.000, Length: 200, Loss: 0.8760, Entropy: 1.0986, Epsilon: 0.483
2026-03-29 22:25:36 | INFO | Episode  210 - Reward: -200.000, Length: 200, Loss: 0.8667, Entropy: 1.0986, Epsilon: 0.480
2026-03-29 22:25:36 | INFO | Episode  211 - Reward: -200.000, Length: 200, Loss: 0.8786, Entropy: 1.0986, Epsilon: 0.478
2026-03-29 22:25:36 | INFO | Episode  212 - Reward: -200.000, Length: 200, Loss: 0.8610, Entropy: 1.0986, Epsilon: 0.475
2026-03-29 22:25:37 | INFO | Episode  213 - Reward: -200.000, Length: 200, Loss: 0.8509, Entropy: 1.0986, Epsilon: 0.473
2026-03-29 22:25:37 | INFO | Episode  214 - Reward: -200.000, Length: 200, Loss: 0.8746, Entropy: 1.0986, Epsilon: 0.470
2026-03-29 22:25:38 | INFO | Episode  215 - Reward: -200.000, Length: 200, Loss: 0.8599, Entropy: 1.0986, Epsilon: 0.468
2026-03-29 22:25:38 | INFO | Episode  216 - Reward: -200.000, Length: 200, Loss: 0.8710, Entropy: 1.0986, Epsilon: 0.465
2026-03-29 22:25:39 | INFO | Episode  217 - Reward: -200.000, Length: 200, Loss: 0.8591, Entropy: 1.0986, Epsilon: 0.463
2026-03-29 22:25:39 | INFO | Episode  218 - Reward: -200.000, Length: 200, Loss: 0.8461, Entropy: 1.0986, Epsilon: 0.460
2026-03-29 22:25:39 | INFO | Episode  219 - Reward: -200.000, Length: 200, Loss: 0.8711, Entropy: 1.0986, Epsilon: 0.458
2026-03-29 22:25:40 | INFO | Episode  220 - Reward: -200.000, Length: 200, Loss: 0.8551, Entropy: 1.0986, Epsilon: 0.456
2026-03-29 22:25:40 | INFO | Episode  221 - Reward: -200.000, Length: 200, Loss: 0.8667, Entropy: 1.0986, Epsilon: 0.453
2026-03-29 22:25:41 | INFO | Episode  222 - Reward: -200.000, Length: 200, Loss: 0.8563, Entropy: 1.0986, Epsilon: 0.451
2026-03-29 22:25:41 | INFO | Episode  223 - Reward: -200.000, Length: 200, Loss: 0.8419, Entropy: 1.0986, Epsilon: 0.448
2026-03-29 22:25:42 | INFO | Episode  224 - Reward: -200.000, Length: 200, Loss: 0.8671, Entropy: 1.0986, Epsilon: 0.446
2026-03-29 22:25:42 | INFO | Episode  225 - Reward: -200.000, Length: 200, Loss: 0.8574, Entropy: 1.0986, Epsilon: 0.443
2026-03-29 22:25:42 | INFO | Episode  226 - Reward: -200.000, Length: 200, Loss: 0.8671, Entropy: 1.0986, Epsilon: 0.441
2026-03-29 22:25:43 | INFO | Episode  227 - Reward: -200.000, Length: 200, Loss: 0.8549, Entropy: 1.0986, Epsilon: 0.438
2026-03-29 22:25:43 | INFO | Episode  228 - Reward: -200.000, Length: 200, Loss: 0.8414, Entropy: 1.0986, Epsilon: 0.436
2026-03-29 22:25:44 | INFO | Episode  229 - Reward: -200.000, Length: 200, Loss: 0.8665, Entropy: 1.0986, Epsilon: 0.433
2026-03-29 22:25:44 | INFO | Episode  230 - Reward: -200.000, Length: 200, Loss: 0.8543, Entropy: 1.0986, Epsilon: 0.431
2026-03-29 22:25:45 | INFO | Episode  231 - Reward: -200.000, Length: 200, Loss: 0.8703, Entropy: 1.0986, Epsilon: 0.428
2026-03-29 22:25:45 | INFO | Episode  232 - Reward: -200.000, Length: 200, Loss: 0.8550, Entropy: 1.0986, Epsilon: 0.426
2026-03-29 22:25:45 | INFO | Episode  233 - Reward: -200.000, Length: 200, Loss: 0.8403, Entropy: 1.0986, Epsilon: 0.423
2026-03-29 22:25:46 | INFO | Episode  234 - Reward: -200.000, Length: 200, Loss: 0.8669, Entropy: 1.0986, Epsilon: 0.421
2026-03-29 22:25:46 | INFO | Episode  235 - Reward: -200.000, Length: 200, Loss: 0.8552, Entropy: 1.0986, Epsilon: 0.418
2026-03-29 22:25:47 | INFO | Episode  236 - Reward: -200.000, Length: 200, Loss: 0.8693, Entropy: 1.0986, Epsilon: 0.416
2026-03-29 22:25:47 | INFO | Episode  237 - Reward: -200.000, Length: 200, Loss: 0.8511, Entropy: 1.0986, Epsilon: 0.413
2026-03-29 22:25:48 | INFO | Episode  238 - Reward: -200.000, Length: 200, Loss: 0.8383, Entropy: 1.0986, Epsilon: 0.411
2026-03-29 22:25:48 | INFO | Episode  239 - Reward: -200.000, Length: 200, Loss: 0.8683, Entropy: 1.0986, Epsilon: 0.408
2026-03-29 22:25:48 | INFO | Episode  240 - Reward: -200.000, Length: 200, Loss: 0.8536, Entropy: 1.0986, Epsilon: 0.406
2026-03-29 22:25:49 | INFO | Episode  241 - Reward: -200.000, Length: 200, Loss: 0.8631, Entropy: 1.0986, Epsilon: 0.404
2026-03-29 22:25:49 | INFO | Episode  242 - Reward: -200.000, Length: 200, Loss: 0.8476, Entropy: 1.0986, Epsilon: 0.401
2026-03-29 22:25:50 | INFO | Episode  243 - Reward: -200.000, Length: 200, Loss: 0.8295, Entropy: 1.0986, Epsilon: 0.399
2026-03-29 22:25:50 | INFO | Episode  244 - Reward: -200.000, Length: 200, Loss: 0.8604, Entropy: 1.0986, Epsilon: 0.396
2026-03-29 22:25:51 | INFO | Episode  245 - Reward: -200.000, Length: 200, Loss: 0.8425, Entropy: 1.0986, Epsilon: 0.394
2026-03-29 22:25:51 | INFO | Episode  246 - Reward: -200.000, Length: 200, Loss: 0.8540, Entropy: 1.0986, Epsilon: 0.391
2026-03-29 22:25:52 | INFO | Episode  247 - Reward: -200.000, Length: 200, Loss: 0.8411, Entropy: 1.0986, Epsilon: 0.389
2026-03-29 22:25:52 | INFO | Episode  248 - Reward: -200.000, Length: 200, Loss: 0.8201, Entropy: 1.0986, Epsilon: 0.386
2026-03-29 22:25:52 | INFO | Episode  249 - Reward: -200.000, Length: 200, Loss: 0.8467, Entropy: 1.0986, Epsilon: 0.384
2026-03-29 22:25:53 | INFO | Episode  250 - Reward: -200.000, Length: 200, Loss: 0.8304, Entropy: 1.0986, Epsilon: 0.381
2026-03-29 22:25:58 | INFO | [Episode  250] eps=0.381  avg_reward=-200.000  avg_length=200.00  avg_loss=  0.8592  avg_entropy=1.0986  eval_success=0.000
2026-03-29 22:25:59 | INFO | Episode  251 - Reward: -200.000, Length: 200, Loss: 0.8467, Entropy: 1.0985, Epsilon: 0.379
2026-03-29 22:25:59 | INFO | Episode  252 - Reward: -200.000, Length: 200, Loss: 0.8232, Entropy: 1.0985, Epsilon: 0.376
2026-03-29 22:26:00 | INFO | Episode  253 - Reward: -200.000, Length: 200, Loss: 0.8100, Entropy: 1.0985, Epsilon: 0.374
2026-03-29 22:26:00 | INFO | Episode  254 - Reward: -200.000, Length: 200, Loss: 0.8420, Entropy: 1.0985, Epsilon: 0.371
2026-03-29 22:26:00 | INFO | Episode  255 - Reward: -200.000, Length: 200, Loss: 0.8238, Entropy: 1.0985, Epsilon: 0.369
2026-03-29 22:26:01 | INFO | Episode  256 - Reward: -200.000, Length: 200, Loss: 0.8357, Entropy: 1.0985, Epsilon: 0.366
2026-03-29 22:26:01 | INFO | Episode  257 - Reward: -200.000, Length: 200, Loss: 0.8190, Entropy: 1.0985, Epsilon: 0.364
2026-03-29 22:26:02 | INFO | Episode  258 - Reward: -200.000, Length: 200, Loss: 0.8006, Entropy: 1.0985, Epsilon: 0.361
2026-03-29 22:26:02 | INFO | Episode  259 - Reward: -200.000, Length: 200, Loss: 0.8341, Entropy: 1.0985, Epsilon: 0.359
2026-03-29 22:26:04 | INFO | Episode  260 - Reward: -200.000, Length: 200, Loss: 0.8140, Entropy: 1.0985, Epsilon: 0.357
2026-03-29 22:26:04 | INFO | Episode  261 - Reward: -200.000, Length: 200, Loss: 0.8302, Entropy: 1.0985, Epsilon: 0.354
2026-03-29 22:26:04 | INFO | Episode  262 - Reward: -200.000, Length: 200, Loss: 0.8081, Entropy: 1.0984, Epsilon: 0.352
2026-03-29 22:26:05 | INFO | Episode  263 - Reward: -200.000, Length: 200, Loss: 0.7886, Entropy: 1.0984, Epsilon: 0.349
2026-03-29 22:26:05 | INFO | Episode  264 - Reward: -200.000, Length: 200, Loss: 0.8247, Entropy: 1.0984, Epsilon: 0.347
2026-03-29 22:26:06 | INFO | Episode  265 - Reward: -200.000, Length: 200, Loss: 0.8060, Entropy: 1.0984, Epsilon: 0.344
2026-03-29 22:26:06 | INFO | Episode  266 - Reward: -200.000, Length: 200, Loss: 0.8201, Entropy: 1.0984, Epsilon: 0.342
2026-03-29 22:26:07 | INFO | Episode  267 - Reward: -200.000, Length: 200, Loss: 0.7964, Entropy: 1.0984, Epsilon: 0.339
2026-03-29 22:26:07 | INFO | Episode  268 - Reward: -200.000, Length: 200, Loss: 0.7750, Entropy: 1.0984, Epsilon: 0.337
2026-03-29 22:26:07 | INFO | Episode  269 - Reward: -200.000, Length: 200, Loss: 0.8067, Entropy: 1.0984, Epsilon: 0.334
2026-03-29 22:26:08 | INFO | Episode  270 - Reward: -200.000, Length: 200, Loss: 0.7905, Entropy: 1.0984, Epsilon: 0.332
2026-03-29 22:26:08 | INFO | Episode  271 - Reward: -200.000, Length: 200, Loss: 0.8079, Entropy: 1.0984, Epsilon: 0.329
2026-03-29 22:26:09 | INFO | Episode  272 - Reward: -200.000, Length: 200, Loss: 0.7844, Entropy: 1.0984, Epsilon: 0.327
2026-03-29 22:26:09 | INFO | Episode  273 - Reward: -200.000, Length: 200, Loss: 0.7591, Entropy: 1.0984, Epsilon: 0.324
2026-03-29 22:26:10 | INFO | Episode  274 - Reward: -200.000, Length: 200, Loss: 0.7980, Entropy: 1.0983, Epsilon: 0.322
2026-03-29 22:26:10 | INFO | Episode  275 - Reward: -200.000, Length: 200, Loss: 0.7760, Entropy: 1.0983, Epsilon: 0.319
2026-03-29 22:26:10 | INFO | Episode  276 - Reward: -200.000, Length: 200, Loss: 0.7959, Entropy: 1.0983, Epsilon: 0.317
2026-03-29 22:26:11 | INFO | Episode  277 - Reward: -200.000, Length: 200, Loss: 0.7743, Entropy: 1.0983, Epsilon: 0.314
2026-03-29 22:26:11 | INFO | Episode  278 - Reward: -200.000, Length: 200, Loss: 0.7488, Entropy: 1.0983, Epsilon: 0.312
2026-03-29 22:26:12 | INFO | Episode  279 - Reward: -200.000, Length: 200, Loss: 0.7920, Entropy: 1.0983, Epsilon: 0.309
2026-03-29 22:26:12 | INFO | Episode  280 - Reward: -200.000, Length: 200, Loss: 0.7668, Entropy: 1.0983, Epsilon: 0.307
2026-03-29 22:26:13 | INFO | Episode  281 - Reward: -200.000, Length: 200, Loss: 0.7874, Entropy: 1.0983, Epsilon: 0.305
2026-03-29 22:26:13 | INFO | Episode  282 - Reward: -200.000, Length: 200, Loss: 0.7669, Entropy: 1.0983, Epsilon: 0.302
2026-03-29 22:26:14 | INFO | Episode  283 - Reward: -200.000, Length: 200, Loss: 0.7393, Entropy: 1.0983, Epsilon: 0.300
2026-03-29 22:26:14 | INFO | Episode  284 - Reward: -200.000, Length: 200, Loss: 0.7867, Entropy: 1.0982, Epsilon: 0.297
2026-03-29 22:26:14 | INFO | Episode  285 - Reward: -200.000, Length: 200, Loss: 0.7614, Entropy: 1.0982, Epsilon: 0.295
2026-03-29 22:26:15 | INFO | Episode  286 - Reward: -200.000, Length: 200, Loss: 0.7858, Entropy: 1.0982, Epsilon: 0.292
2026-03-29 22:26:15 | INFO | Episode  287 - Reward: -200.000, Length: 200, Loss: 0.7578, Entropy: 1.0982, Epsilon: 0.290
2026-03-29 22:26:16 | INFO | Episode  288 - Reward: -200.000, Length: 200, Loss: 0.7341, Entropy: 1.0982, Epsilon: 0.287
2026-03-29 22:26:16 | INFO | Episode  289 - Reward: -200.000, Length: 200, Loss: 0.7826, Entropy: 1.0982, Epsilon: 0.285
2026-03-29 22:26:17 | INFO | Episode  290 - Reward: -200.000, Length: 200, Loss: 0.7603, Entropy: 1.0982, Epsilon: 0.282
2026-03-29 22:26:17 | INFO | Episode  291 - Reward: -200.000, Length: 200, Loss: 0.7813, Entropy: 1.0982, Epsilon: 0.280
2026-03-29 22:26:17 | INFO | Episode  292 - Reward: -200.000, Length: 200, Loss: 0.7562, Entropy: 1.0982, Epsilon: 0.277
2026-03-29 22:26:18 | INFO | Episode  293 - Reward: -200.000, Length: 200, Loss: 0.7282, Entropy: 1.0982, Epsilon: 0.275
2026-03-29 22:26:18 | INFO | Episode  294 - Reward: -200.000, Length: 200, Loss: 0.7793, Entropy: 1.0982, Epsilon: 0.272
2026-03-29 22:26:19 | INFO | Episode  295 - Reward: -200.000, Length: 200, Loss: 0.7479, Entropy: 1.0982, Epsilon: 0.270
2026-03-29 22:26:19 | INFO | Episode  296 - Reward: -200.000, Length: 200, Loss: 0.7674, Entropy: 1.0982, Epsilon: 0.267
2026-03-29 22:26:20 | INFO | Episode  297 - Reward: -200.000, Length: 200, Loss: 0.7453, Entropy: 1.0982, Epsilon: 0.265
2026-03-29 22:26:20 | INFO | Episode  298 - Reward: -200.000, Length: 200, Loss: 0.7165, Entropy: 1.0982, Epsilon: 0.262
2026-03-29 22:26:20 | INFO | Episode  299 - Reward: -200.000, Length: 200, Loss: 0.7652, Entropy: 1.0982, Epsilon: 0.260
2026-03-29 22:26:21 | INFO | Episode  300 - Reward: -200.000, Length: 200, Loss: 0.7355, Entropy: 1.0982, Epsilon: 0.258
2026-03-29 22:26:26 | INFO | [Episode  300] eps=0.258  avg_reward=-200.000  avg_length=200.00  avg_loss=  0.7857  avg_entropy=1.0982  eval_success=0.000
2026-03-29 22:26:27 | INFO | Episode  301 - Reward: -200.000, Length: 200, Loss: 0.7617, Entropy: 1.0982, Epsilon: 0.255
2026-03-29 22:26:27 | INFO | Episode  302 - Reward: -200.000, Length: 200, Loss: 0.7267, Entropy: 1.0982, Epsilon: 0.253
2026-03-29 22:26:28 | INFO | Episode  303 - Reward: -200.000, Length: 200, Loss: 0.6971, Entropy: 1.0982, Epsilon: 0.250
2026-03-29 22:26:28 | INFO | Episode  304 - Reward: -200.000, Length: 200, Loss: 0.7531, Entropy: 1.0982, Epsilon: 0.248
2026-03-29 22:26:28 | INFO | Episode  305 - Reward: -200.000, Length: 200, Loss: 0.7218, Entropy: 1.0982, Epsilon: 0.245
2026-03-29 22:26:29 | INFO | Episode  306 - Reward: -200.000, Length: 200, Loss: 0.7506, Entropy: 1.0982, Epsilon: 0.243
2026-03-29 22:26:29 | INFO | Episode  307 - Reward: -200.000, Length: 200, Loss: 0.7169, Entropy: 1.0982, Epsilon: 0.240
2026-03-29 22:26:30 | INFO | Episode  308 - Reward: -200.000, Length: 200, Loss: 0.6832, Entropy: 1.0982, Epsilon: 0.238
2026-03-29 22:26:30 | INFO | Episode  309 - Reward: -200.000, Length: 200, Loss: 0.7490, Entropy: 1.0982, Epsilon: 0.235
2026-03-29 22:26:31 | INFO | Episode  310 - Reward: -200.000, Length: 200, Loss: 0.7099, Entropy: 1.0983, Epsilon: 0.233
2026-03-29 22:26:31 | INFO | Episode  311 - Reward: -200.000, Length: 200, Loss: 0.7478, Entropy: 1.0983, Epsilon: 0.230
2026-03-29 22:26:32 | INFO | Episode  312 - Reward: -200.000, Length: 200, Loss: 0.7111, Entropy: 1.0983, Epsilon: 0.228
2026-03-29 22:26:32 | INFO | Episode  313 - Reward: -200.000, Length: 200, Loss: 0.6745, Entropy: 1.0983, Epsilon: 0.225
2026-03-29 22:26:32 | INFO | Episode  314 - Reward: -200.000, Length: 200, Loss: 0.7437, Entropy: 1.0983, Epsilon: 0.223
2026-03-29 22:26:33 | INFO | Episode  315 - Reward: -200.000, Length: 200, Loss: 0.7089, Entropy: 1.0983, Epsilon: 0.220
2026-03-29 22:26:33 | INFO | Episode  316 - Reward: -200.000, Length: 200, Loss: 0.7464, Entropy: 1.0984, Epsilon: 0.218
2026-03-29 22:26:34 | INFO | Episode  317 - Reward: -200.000, Length: 200, Loss: 0.7053, Entropy: 1.0984, Epsilon: 0.215
2026-03-29 22:26:34 | INFO | Episode  318 - Reward: -200.000, Length: 200, Loss: 0.6688, Entropy: 1.0984, Epsilon: 0.213
2026-03-29 22:26:35 | INFO | Episode  319 - Reward: -200.000, Length: 200, Loss: 0.7403, Entropy: 1.0984, Epsilon: 0.210
2026-03-29 22:26:35 | INFO | Episode  320 - Reward: -200.000, Length: 200, Loss: 0.7045, Entropy: 1.0984, Epsilon: 0.208
2026-03-29 22:26:36 | INFO | Episode  321 - Reward: -200.000, Length: 200, Loss: 0.7432, Entropy: 1.0984, Epsilon: 0.206
2026-03-29 22:26:37 | INFO | Episode  322 - Reward: -200.000, Length: 200, Loss: 0.6989, Entropy: 1.0984, Epsilon: 0.203
2026-03-29 22:26:37 | INFO | Episode  323 - Reward: -200.000, Length: 200, Loss: 0.6539, Entropy: 1.0984, Epsilon: 0.201
2026-03-29 22:26:38 | INFO | Episode  324 - Reward: -200.000, Length: 200, Loss: 0.7303, Entropy: 1.0984, Epsilon: 0.198
2026-03-29 22:26:38 | INFO | Episode  325 - Reward: -200.000, Length: 200, Loss: 0.6871, Entropy: 1.0984, Epsilon: 0.196
2026-03-29 22:26:38 | INFO | Episode  326 - Reward: -200.000, Length: 200, Loss: 0.7196, Entropy: 1.0984, Epsilon: 0.193
2026-03-29 22:26:39 | INFO | Episode  327 - Reward: -200.000, Length: 200, Loss: 0.6746, Entropy: 1.0984, Epsilon: 0.191
2026-03-29 22:26:39 | INFO | Episode  328 - Reward: -200.000, Length: 200, Loss: 0.6328, Entropy: 1.0984, Epsilon: 0.188
2026-03-29 22:26:40 | INFO | Episode  329 - Reward: -200.000, Length: 200, Loss: 0.7122, Entropy: 1.0984, Epsilon: 0.186
2026-03-29 22:26:40 | INFO | Episode  330 - Reward: -200.000, Length: 200, Loss: 0.6593, Entropy: 1.0985, Epsilon: 0.183
2026-03-29 22:26:41 | INFO | Episode  331 - Reward: -200.000, Length: 200, Loss: 0.7029, Entropy: 1.0985, Epsilon: 0.181
2026-03-29 22:26:41 | INFO | Episode  332 - Reward: -200.000, Length: 200, Loss: 0.6563, Entropy: 1.0985, Epsilon: 0.178
2026-03-29 22:26:42 | INFO | Episode  333 - Reward: -200.000, Length: 200, Loss: 0.6183, Entropy: 1.0985, Epsilon: 0.176
2026-03-29 22:26:42 | INFO | Episode  334 - Reward: -200.000, Length: 200, Loss: 0.7037, Entropy: 1.0985, Epsilon: 0.173
2026-03-29 22:26:43 | INFO | Episode  335 - Reward: -200.000, Length: 200, Loss: 0.6558, Entropy: 1.0985, Epsilon: 0.171
2026-03-29 22:26:43 | INFO | Episode  336 - Reward: -200.000, Length: 200, Loss: 0.7084, Entropy: 1.0985, Epsilon: 0.168
2026-03-29 22:26:44 | INFO | Episode  337 - Reward: -200.000, Length: 200, Loss: 0.6426, Entropy: 1.0985, Epsilon: 0.166
2026-03-29 22:26:44 | INFO | Episode  338 - Reward: -200.000, Length: 200, Loss: 0.5944, Entropy: 1.0984, Epsilon: 0.163
2026-03-29 22:26:44 | INFO | Episode  339 - Reward: -200.000, Length: 200, Loss: 0.6749, Entropy: 1.0984, Epsilon: 0.161
2026-03-29 22:26:45 | INFO | Episode  340 - Reward: -200.000, Length: 200, Loss: 0.6307, Entropy: 1.0983, Epsilon: 0.158
2026-03-29 22:26:45 | INFO | Episode  341 - Reward: -200.000, Length: 200, Loss: 0.6779, Entropy: 1.0983, Epsilon: 0.156
2026-03-29 22:26:46 | INFO | Episode  342 - Reward: -200.000, Length: 200, Loss: 0.6109, Entropy: 1.0982, Epsilon: 0.154
2026-03-29 22:26:46 | INFO | Episode  343 - Reward: -200.000, Length: 200, Loss: 0.5613, Entropy: 1.0982, Epsilon: 0.151
2026-03-29 22:26:47 | INFO | Episode  344 - Reward: -200.000, Length: 200, Loss: 0.6337, Entropy: 1.0981, Epsilon: 0.149
2026-03-29 22:26:47 | INFO | Episode  345 - Reward: -200.000, Length: 200, Loss: 0.5859, Entropy: 1.0980, Epsilon: 0.146
2026-03-29 22:26:47 | INFO | Episode  346 - Reward: -200.000, Length: 200, Loss: 0.6104, Entropy: 1.0979, Epsilon: 0.144
2026-03-29 22:26:48 | INFO | Episode  347 - Reward: -200.000, Length: 200, Loss: 0.5788, Entropy: 1.0978, Epsilon: 0.141
2026-03-29 22:26:48 | INFO | Episode  348 - Reward: -200.000, Length: 200, Loss: 0.5248, Entropy: 1.0978, Epsilon: 0.139
2026-03-29 22:26:49 | INFO | Episode  349 - Reward: -200.000, Length: 200, Loss: 0.5984, Entropy: 1.0977, Epsilon: 0.136
2026-03-29 22:26:49 | INFO | Episode  350 - Reward: -200.000, Length: 200, Loss: 0.5453, Entropy: 1.0976, Epsilon: 0.134
2026-03-29 22:26:55 | INFO | [Episode  350] eps=0.134  avg_reward=-200.000  avg_length=200.00  avg_loss=  0.6770  avg_entropy=1.0976  eval_success=0.000
2026-03-29 22:26:55 | INFO | Episode  351 - Reward: -200.000, Length: 200, Loss: 0.5895, Entropy: 1.0975, Epsilon: 0.131
2026-03-29 22:26:56 | INFO | Episode  352 - Reward: -200.000, Length: 200, Loss: 0.5307, Entropy: 1.0974, Epsilon: 0.129
2026-03-29 22:26:56 | INFO | Episode  353 - Reward: -200.000, Length: 200, Loss: 0.4891, Entropy: 1.0973, Epsilon: 0.126
2026-03-29 22:26:57 | INFO | Episode  354 - Reward: -200.000, Length: 200, Loss: 0.5613, Entropy: 1.0972, Epsilon: 0.124
2026-03-29 22:26:57 | INFO | Episode  355 - Reward: -200.000, Length: 200, Loss: 0.5121, Entropy: 1.0971, Epsilon: 0.121
2026-03-29 22:26:58 | INFO | Episode  356 - Reward: -200.000, Length: 200, Loss: 0.5567, Entropy: 1.0970, Epsilon: 0.119
2026-03-29 22:26:58 | INFO | Episode  357 - Reward: -200.000, Length: 200, Loss: 0.5013, Entropy: 1.0969, Epsilon: 0.116
2026-03-29 22:26:58 | INFO | Episode  358 - Reward: -200.000, Length: 200, Loss: 0.4532, Entropy: 1.0968, Epsilon: 0.114
2026-03-29 22:26:59 | INFO | Episode  359 - Reward: -200.000, Length: 200, Loss: 0.5456, Entropy: 1.0967, Epsilon: 0.111
2026-03-29 22:26:59 | INFO | Episode  360 - Reward: -200.000, Length: 200, Loss: 0.4779, Entropy: 1.0966, Epsilon: 0.109
2026-03-29 22:27:00 | INFO | Episode  361 - Reward: -200.000, Length: 200, Loss: 0.5160, Entropy: 1.0965, Epsilon: 0.107
2026-03-29 22:27:00 | INFO | Episode  362 - Reward: -200.000, Length: 200, Loss: 0.4885, Entropy: 1.0965, Epsilon: 0.104
2026-03-29 22:27:01 | INFO | Episode  363 - Reward: -200.000, Length: 200, Loss: 0.4380, Entropy: 1.0964, Epsilon: 0.102
2026-03-29 22:27:01 | INFO | Episode  364 - Reward: -200.000, Length: 200, Loss: 0.5140, Entropy: 1.0963, Epsilon: 0.099
2026-03-29 22:27:02 | INFO | Episode  365 - Reward: -200.000, Length: 200, Loss: 0.4769, Entropy: 1.0962, Epsilon: 0.097
2026-03-29 22:27:02 | INFO | Episode  366 - Reward: -200.000, Length: 200, Loss: 0.5117, Entropy: 1.0962, Epsilon: 0.094
2026-03-29 22:27:02 | INFO | Episode  367 - Reward: -200.000, Length: 200, Loss: 0.4598, Entropy: 1.0962, Epsilon: 0.092
2026-03-29 22:27:03 | INFO | Episode  368 - Reward: -200.000, Length: 200, Loss: 0.3867, Entropy: 1.0963, Epsilon: 0.089
2026-03-29 22:27:03 | INFO | Episode  369 - Reward: -200.000, Length: 200, Loss: 0.5127, Entropy: 1.0964, Epsilon: 0.087
2026-03-29 22:27:04 | INFO | Episode  370 - Reward: -200.000, Length: 200, Loss: 0.4578, Entropy: 1.0964, Epsilon: 0.084
2026-03-29 22:27:04 | INFO | Episode  371 - Reward: -200.000, Length: 200, Loss: 0.5402, Entropy: 1.0966, Epsilon: 0.082
2026-03-29 22:27:05 | INFO | Episode  372 - Reward: -200.000, Length: 200, Loss: 0.4423, Entropy: 1.0967, Epsilon: 0.079
2026-03-29 22:27:05 | INFO | Episode  373 - Reward: -200.000, Length: 200, Loss: 0.4024, Entropy: 1.0968, Epsilon: 0.077
2026-03-29 22:27:06 | INFO | Episode  374 - Reward: -200.000, Length: 200, Loss: 0.5481, Entropy: 1.0969, Epsilon: 0.074
2026-03-29 22:27:06 | INFO | Episode  375 - Reward: -200.000, Length: 200, Loss: 0.4755, Entropy: 1.0970, Epsilon: 0.072
2026-03-29 22:27:07 | INFO | Episode  376 - Reward: -200.000, Length: 200, Loss: 0.4960, Entropy: 1.0972, Epsilon: 0.069
2026-03-29 22:27:07 | INFO | Episode  377 - Reward: -200.000, Length: 200, Loss: 0.4669, Entropy: 1.0974, Epsilon: 0.067
2026-03-29 22:27:07 | INFO | Episode  378 - Reward: -200.000, Length: 200, Loss: 0.4504, Entropy: 1.0975, Epsilon: 0.064
2026-03-29 22:27:08 | INFO | Episode  379 - Reward: -200.000, Length: 200, Loss: 0.6034, Entropy: 1.0978, Epsilon: 0.062
2026-03-29 22:27:09 | INFO | Episode  380 - Reward: -200.000, Length: 200, Loss: 0.4881, Entropy: 1.0979, Epsilon: 0.059
2026-03-29 22:27:09 | INFO | Episode  381 - Reward: -200.000, Length: 200, Loss: 0.6028, Entropy: 1.0980, Epsilon: 0.057
2026-03-29 22:27:10 | INFO | Episode  382 - Reward: -200.000, Length: 200, Loss: 0.5489, Entropy: 1.0981, Epsilon: 0.055
2026-03-29 22:27:10 | INFO | Episode  383 - Reward: -200.000, Length: 200, Loss: 0.4162, Entropy: 1.0982, Epsilon: 0.052
2026-03-29 22:27:11 | INFO | Episode  384 - Reward: -200.000, Length: 200, Loss: 0.5325, Entropy: 1.0983, Epsilon: 0.050
2026-03-29 22:27:11 | INFO | Episode  385 - Reward: -200.000, Length: 200, Loss: 0.5028, Entropy: 1.0984, Epsilon: 0.047
2026-03-29 22:27:12 | INFO | Episode  386 - Reward: -200.000, Length: 200, Loss: 0.5593, Entropy: 1.0985, Epsilon: 0.045
2026-03-29 22:27:12 | INFO | Episode  387 - Reward: -200.000, Length: 200, Loss: 0.4895, Entropy: 1.0985, Epsilon: 0.042
2026-03-29 22:27:13 | INFO | Episode  388 - Reward: -200.000, Length: 200, Loss: 0.4297, Entropy: 1.0985, Epsilon: 0.040
2026-03-29 22:27:13 | INFO | Episode  389 - Reward: -200.000, Length: 200, Loss: 0.5472, Entropy: 1.0985, Epsilon: 0.037
2026-03-29 22:27:13 | INFO | Episode  390 - Reward: -200.000, Length: 200, Loss: 0.5504, Entropy: 1.0985, Epsilon: 0.035
2026-03-29 22:27:14 | INFO | Episode  391 - Reward: -200.000, Length: 200, Loss: 0.5620, Entropy: 1.0984, Epsilon: 0.032
2026-03-29 22:27:14 | INFO | Episode  392 - Reward: -200.000, Length: 200, Loss: 0.4868, Entropy: 1.0982, Epsilon: 0.030
2026-03-29 22:27:15 | INFO | Episode  393 - Reward: -200.000, Length: 200, Loss: 0.3522, Entropy: 1.0981, Epsilon: 0.027
2026-03-29 22:27:15 | INFO | Episode  394 - Reward: -200.000, Length: 200, Loss: 0.4929, Entropy: 1.0980, Epsilon: 0.025
2026-03-29 22:27:16 | INFO | Episode  395 - Reward: -200.000, Length: 200, Loss: 0.4824, Entropy: 1.0978, Epsilon: 0.022
2026-03-29 22:27:16 | INFO | Episode  396 - Reward: -200.000, Length: 200, Loss: 0.5584, Entropy: 1.0976, Epsilon: 0.020
2026-03-29 22:27:16 | INFO | Episode  397 - Reward: -200.000, Length: 200, Loss: 0.4077, Entropy: 1.0974, Epsilon: 0.017
2026-03-29 22:27:17 | INFO | Episode  398 - Reward: -200.000, Length: 200, Loss: 0.3618, Entropy: 1.0972, Epsilon: 0.015
2026-03-29 22:27:17 | INFO | Episode  399 - Reward: -200.000, Length: 200, Loss: 0.4899, Entropy: 1.0970, Epsilon: 0.012
2026-03-29 22:27:18 | INFO | Episode  400 - Reward: -200.000, Length: 200, Loss: 0.3798, Entropy: 1.0968, Epsilon: 0.010
2026-03-29 22:27:23 | INFO | [Episode  400] eps=0.010  avg_reward=-200.000  avg_length=200.00  avg_loss=  0.4929  avg_entropy=1.0968  eval_success=0.000
2026-03-29 22:27:24 | INFO | Episode  401 - Reward: -200.000, Length: 200, Loss: 0.4467, Entropy: 1.0965, Epsilon: 0.010
2026-03-29 22:27:24 | INFO | Episode  402 - Reward: -200.000, Length: 200, Loss: 0.4583, Entropy: 1.0963, Epsilon: 0.010
2026-03-29 22:27:25 | INFO | Episode  403 - Reward: -200.000, Length: 200, Loss: 0.4525, Entropy: 1.0961, Epsilon: 0.010
2026-03-29 22:27:25 | INFO | Episode  404 - Reward: -200.000, Length: 200, Loss: 0.5020, Entropy: 1.0958, Epsilon: 0.010
2026-03-29 22:27:26 | INFO | Episode  405 - Reward: -200.000, Length: 200, Loss: 0.4330, Entropy: 1.0955, Epsilon: 0.010
2026-03-29 22:27:26 | INFO | Episode  406 - Reward: -200.000, Length: 200, Loss: 0.5104, Entropy: 1.0954, Epsilon: 0.010
2026-03-29 22:27:27 | INFO | Episode  407 - Reward: -200.000, Length: 200, Loss: 0.3369, Entropy: 1.0954, Epsilon: 0.010
2026-03-29 22:27:27 | INFO | Episode  408 - Reward: -200.000, Length: 200, Loss: 0.3682, Entropy: 1.0953, Epsilon: 0.010
2026-03-29 22:27:27 | INFO | Episode  409 - Reward: -200.000, Length: 200, Loss: 0.4855, Entropy: 1.0950, Epsilon: 0.010
2026-03-29 22:27:28 | INFO | Episode  410 - Reward: -200.000, Length: 200, Loss: 0.3526, Entropy: 1.0949, Epsilon: 0.010
2026-03-29 22:27:28 | INFO | Episode  411 - Reward: -200.000, Length: 200, Loss: 0.4152, Entropy: 1.0946, Epsilon: 0.010
2026-03-29 22:27:29 | INFO | Episode  412 - Reward: -200.000, Length: 200, Loss: 0.3936, Entropy: 1.0946, Epsilon: 0.010
2026-03-29 22:27:29 | INFO | Episode  413 - Reward: -200.000, Length: 200, Loss: 0.3516, Entropy: 1.0946, Epsilon: 0.010
2026-03-29 22:27:30 | INFO | Episode  414 - Reward: -200.000, Length: 200, Loss: 0.4067, Entropy: 1.0945, Epsilon: 0.010
2026-03-29 22:27:30 | INFO | Episode  415 - Reward: -200.000, Length: 200, Loss: 0.3024, Entropy: 1.0944, Epsilon: 0.010
2026-03-29 22:27:31 | INFO | Episode  416 - Reward: -200.000, Length: 200, Loss: 0.5535, Entropy: 1.0945, Epsilon: 0.010
2026-03-29 22:27:31 | INFO | Episode  417 - Reward: -200.000, Length: 200, Loss: 0.4100, Entropy: 1.0943, Epsilon: 0.010
2026-03-29 22:27:32 | INFO | Episode  418 - Reward: -200.000, Length: 200, Loss: 0.3652, Entropy: 1.0943, Epsilon: 0.010
2026-03-29 22:27:32 | INFO | Episode  419 - Reward: -200.000, Length: 200, Loss: 0.2957, Entropy: 1.0943, Epsilon: 0.010
2026-03-29 22:27:33 | INFO | Episode  420 - Reward: -200.000, Length: 200, Loss: 0.3735, Entropy: 1.0944, Epsilon: 0.010
2026-03-29 22:27:33 | INFO | Episode  421 - Reward: -200.000, Length: 200, Loss: 0.5908, Entropy: 1.0945, Epsilon: 0.010
2026-03-29 22:27:34 | INFO | Episode  422 - Reward: -200.000, Length: 200, Loss: 0.4394, Entropy: 1.0947, Epsilon: 0.010
2026-03-29 22:27:34 | INFO | Episode  423 - Reward: -200.000, Length: 200, Loss: 0.4362, Entropy: 1.0948, Epsilon: 0.010
2026-03-29 22:27:35 | INFO | Episode  424 - Reward: -200.000, Length: 200, Loss: 0.4283, Entropy: 1.0948, Epsilon: 0.010
2026-03-29 22:27:35 | INFO | Episode  425 - Reward: -200.000, Length: 200, Loss: 0.3866, Entropy: 1.0948, Epsilon: 0.010
2026-03-29 22:27:35 | INFO | Episode  426 - Reward: -200.000, Length: 200, Loss: 0.6335, Entropy: 1.0949, Epsilon: 0.010
2026-03-29 22:27:36 | INFO | Episode  427 - Reward: -200.000, Length: 200, Loss: 0.3514, Entropy: 1.0947, Epsilon: 0.010
2026-03-29 22:27:36 | INFO | Episode  428 - Reward: -200.000, Length: 200, Loss: 0.5327, Entropy: 1.0946, Epsilon: 0.010
2026-03-29 22:27:37 | INFO | Episode  429 - Reward: -200.000, Length: 200, Loss: 0.5126, Entropy: 1.0945, Epsilon: 0.010
2026-03-29 22:27:37 | INFO | Episode  430 - Reward: -200.000, Length: 200, Loss: 0.2025, Entropy: 1.0945, Epsilon: 0.010
2026-03-29 22:27:38 | INFO | Episode  431 - Reward: -200.000, Length: 200, Loss: 0.5424, Entropy: 1.0945, Epsilon: 0.010
2026-03-29 22:27:38 | INFO | Episode  432 - Reward: -200.000, Length: 200, Loss: 0.4707, Entropy: 1.0945, Epsilon: 0.010
2026-03-29 22:27:39 | INFO | Episode  433 - Reward: -200.000, Length: 200, Loss: 0.2796, Entropy: 1.0947, Epsilon: 0.010
2026-03-29 22:27:39 | INFO | Episode  434 - Reward: -200.000, Length: 200, Loss: 0.4345, Entropy: 1.0947, Epsilon: 0.010
2026-03-29 22:27:40 | INFO | Episode  435 - Reward: -200.000, Length: 200, Loss: 0.2892, Entropy: 1.0945, Epsilon: 0.010
2026-03-29 22:27:40 | INFO | Episode  436 - Reward: -200.000, Length: 200, Loss: 0.3650, Entropy: 1.0946, Epsilon: 0.010
2026-03-29 22:27:41 | INFO | Episode  437 - Reward: -200.000, Length: 200, Loss: 0.2538, Entropy: 1.0946, Epsilon: 0.010
2026-03-29 22:27:42 | INFO | Episode  438 - Reward: -200.000, Length: 200, Loss: 0.3454, Entropy: 1.0946, Epsilon: 0.010
2026-03-29 22:27:42 | INFO | Episode  439 - Reward: -200.000, Length: 200, Loss: 0.5588, Entropy: 1.0945, Epsilon: 0.010
2026-03-29 22:27:43 | INFO | Episode  440 - Reward: -200.000, Length: 200, Loss: 0.3506, Entropy: 1.0944, Epsilon: 0.010
2026-03-29 22:27:43 | INFO | Episode  441 - Reward: -200.000, Length: 200, Loss: 0.7344, Entropy: 1.0946, Epsilon: 0.010
2026-03-29 22:27:44 | INFO | Episode  442 - Reward: -200.000, Length: 200, Loss: 0.5977, Entropy: 1.0945, Epsilon: 0.010
2026-03-29 22:27:44 | INFO | Episode  443 - Reward: -200.000, Length: 200, Loss: 0.5410, Entropy: 1.0944, Epsilon: 0.010
2026-03-29 22:27:45 | INFO | Episode  444 - Reward: -200.000, Length: 200, Loss: 0.6667, Entropy: 1.0945, Epsilon: 0.010
2026-03-29 22:27:45 | INFO | Episode  445 - Reward: -200.000, Length: 200, Loss: 0.4520, Entropy: 1.0946, Epsilon: 0.010
2026-03-29 22:27:46 | INFO | Episode  446 - Reward: -200.000, Length: 200, Loss: 0.3598, Entropy: 1.0946, Epsilon: 0.010
2026-03-29 22:27:46 | INFO | Episode  447 - Reward: -200.000, Length: 200, Loss: 0.2867, Entropy: 1.0946, Epsilon: 0.010
2026-03-29 22:27:47 | INFO | Episode  448 - Reward: -200.000, Length: 200, Loss: 0.3055, Entropy: 1.0950, Epsilon: 0.010
2026-03-29 22:27:47 | INFO | Episode  449 - Reward: -200.000, Length: 200, Loss: 0.2700, Entropy: 1.0950, Epsilon: 0.010
2026-03-29 22:27:47 | INFO | Episode  450 - Reward: -200.000, Length: 200, Loss: 0.5290, Entropy: 1.0954, Epsilon: 0.010
2026-03-29 22:27:53 | INFO | [Episode  450] eps=0.010  avg_reward=-200.000  avg_length=200.00  avg_loss=  0.4272  avg_entropy=1.0954  eval_success=0.000
2026-03-29 22:27:54 | INFO | Episode  451 - Reward: -200.000, Length: 200, Loss: 0.6038, Entropy: 1.0956, Epsilon: 0.010
2026-03-29 22:27:54 | INFO | Episode  452 - Reward: -200.000, Length: 200, Loss: 0.7722, Entropy: 1.0958, Epsilon: 0.010
2026-03-29 22:27:54 | INFO | Episode  453 - Reward: -200.000, Length: 200, Loss: 0.4040, Entropy: 1.0960, Epsilon: 0.010
2026-03-29 22:27:55 | INFO | Episode  454 - Reward: -200.000, Length: 200, Loss: 0.3509, Entropy: 1.0960, Epsilon: 0.010
2026-03-29 22:27:55 | INFO | Episode  455 - Reward: -200.000, Length: 200, Loss: 0.5389, Entropy: 1.0960, Epsilon: 0.010
2026-03-29 22:27:56 | INFO | Episode  456 - Reward: -200.000, Length: 200, Loss: 0.8564, Entropy: 1.0960, Epsilon: 0.010
2026-03-29 22:27:56 | INFO | Episode  457 - Reward: -200.000, Length: 200, Loss: 0.7527, Entropy: 1.0959, Epsilon: 0.010
2026-03-29 22:27:57 | INFO | Episode  458 - Reward: -200.000, Length: 200, Loss: 0.7201, Entropy: 1.0960, Epsilon: 0.010
2026-03-29 22:27:57 | INFO | Episode  459 - Reward: -200.000, Length: 200, Loss: 1.1057, Entropy: 1.0959, Epsilon: 0.010
2026-03-29 22:27:58 | INFO | Episode  460 - Reward: -200.000, Length: 200, Loss: 0.6437, Entropy: 1.0960, Epsilon: 0.010
2026-03-29 22:27:58 | INFO | Episode  461 - Reward: -200.000, Length: 200, Loss: 0.6380, Entropy: 1.0962, Epsilon: 0.010
2026-03-29 22:27:59 | INFO | Episode  462 - Reward: -200.000, Length: 200, Loss: 0.4117, Entropy: 1.0963, Epsilon: 0.010
2026-03-29 22:27:59 | INFO | Episode  463 - Reward: -200.000, Length: 200, Loss: 0.8667, Entropy: 1.0963, Epsilon: 0.010
2026-03-29 22:27:59 | INFO | Episode  464 - Reward: -200.000, Length: 200, Loss: 0.7089, Entropy: 1.0960, Epsilon: 0.010
2026-03-29 22:28:00 | INFO | Episode  465 - Reward: -200.000, Length: 200, Loss: 0.5796, Entropy: 1.0962, Epsilon: 0.010
2026-03-29 22:28:00 | INFO | Episode  466 - Reward: -200.000, Length: 200, Loss: 0.6877, Entropy: 1.0964, Epsilon: 0.010
2026-03-29 22:28:01 | INFO | Episode  467 - Reward: -200.000, Length: 200, Loss: 0.5206, Entropy: 1.0966, Epsilon: 0.010
2026-03-29 22:28:01 | INFO | Episode  468 - Reward: -200.000, Length: 200, Loss: 0.4740, Entropy: 1.0966, Epsilon: 0.010
2026-03-29 22:28:02 | INFO | Episode  469 - Reward: -200.000, Length: 200, Loss: 0.6343, Entropy: 1.0966, Epsilon: 0.010
2026-03-29 22:28:02 | INFO | Episode  470 - Reward: -200.000, Length: 200, Loss: 0.6767, Entropy: 1.0967, Epsilon: 0.010
2026-03-29 22:28:03 | INFO | Episode  471 - Reward: -200.000, Length: 200, Loss: 0.7932, Entropy: 1.0970, Epsilon: 0.010
2026-03-29 22:28:03 | INFO | Episode  472 - Reward: -200.000, Length: 200, Loss: 0.3784, Entropy: 1.0971, Epsilon: 0.010
2026-03-29 22:28:04 | INFO | Episode  473 - Reward: -200.000, Length: 200, Loss: 0.6089, Entropy: 1.0971, Epsilon: 0.010
2026-03-29 22:28:04 | INFO | Episode  474 - Reward: -200.000, Length: 200, Loss: 0.6148, Entropy: 1.0972, Epsilon: 0.010
2026-03-29 22:28:04 | INFO | Episode  475 - Reward: -200.000, Length: 200, Loss: 0.2665, Entropy: 1.0975, Epsilon: 0.010
2026-03-29 22:28:05 | INFO | Episode  476 - Reward: -200.000, Length: 200, Loss: 0.7411, Entropy: 1.0978, Epsilon: 0.010
2026-03-29 22:28:05 | INFO | Episode  477 - Reward: -200.000, Length: 200, Loss: 0.1654, Entropy: 1.0981, Epsilon: 0.010
2026-03-29 22:28:06 | INFO | Episode  478 - Reward: -200.000, Length: 200, Loss: 0.9031, Entropy: 1.0981, Epsilon: 0.010
2026-03-29 22:28:06 | INFO | Episode  479 - Reward: -200.000, Length: 200, Loss: 0.6312, Entropy: 1.0981, Epsilon: 0.010
2026-03-29 22:28:07 | INFO | Episode  480 - Reward: -200.000, Length: 200, Loss: 0.7535, Entropy: 1.0981, Epsilon: 0.010
2026-03-29 22:28:07 | INFO | Episode  481 - Reward: -200.000, Length: 200, Loss: 1.1418, Entropy: 1.0981, Epsilon: 0.010
2026-03-29 22:28:08 | INFO | Episode  482 - Reward: -200.000, Length: 200, Loss: 0.4402, Entropy: 1.0984, Epsilon: 0.010
2026-03-29 22:28:08 | INFO | Episode  483 - Reward: -200.000, Length: 200, Loss: 0.9086, Entropy: 1.0984, Epsilon: 0.010
2026-03-29 22:28:09 | INFO | Episode  484 - Reward: -200.000, Length: 200, Loss: 0.5652, Entropy: 1.0985, Epsilon: 0.010
2026-03-29 22:28:09 | INFO | Episode  485 - Reward: -200.000, Length: 200, Loss: 0.8010, Entropy: 1.0985, Epsilon: 0.010
2026-03-29 22:28:10 | INFO | Episode  486 - Reward: -200.000, Length: 200, Loss: 1.3932, Entropy: 1.0986, Epsilon: 0.010
2026-03-29 22:28:10 | INFO | Episode  487 - Reward: -200.000, Length: 200, Loss: 0.6105, Entropy: 1.0986, Epsilon: 0.010
2026-03-29 22:28:11 | INFO | Episode  488 - Reward: -200.000, Length: 200, Loss: 0.2644, Entropy: 1.0986, Epsilon: 0.010
2026-03-29 22:28:11 | INFO | Episode  489 - Reward: -200.000, Length: 200, Loss: 1.5177, Entropy: 1.0985, Epsilon: 0.010
2026-03-29 22:28:11 | INFO | Episode  490 - Reward: -200.000, Length: 200, Loss: 0.6437, Entropy: 1.0984, Epsilon: 0.010
2026-03-29 22:28:12 | INFO | Episode  491 - Reward: -200.000, Length: 200, Loss: 0.3491, Entropy: 1.0984, Epsilon: 0.010
2026-03-29 22:28:12 | INFO | Episode  492 - Reward: -200.000, Length: 200, Loss: 0.1836, Entropy: 1.0983, Epsilon: 0.010
2026-03-29 22:28:13 | INFO | Episode  493 - Reward: -200.000, Length: 200, Loss: 0.9124, Entropy: 1.0984, Epsilon: 0.010
2026-03-29 22:28:13 | INFO | Episode  494 - Reward: -200.000, Length: 200, Loss: 0.8562, Entropy: 1.0983, Epsilon: 0.010
2026-03-29 22:28:14 | INFO | Episode  495 - Reward: -200.000, Length: 200, Loss: 0.8341, Entropy: 1.0984, Epsilon: 0.010
2026-03-29 22:28:15 | INFO | Episode  496 - Reward: -200.000, Length: 200, Loss: 1.5923, Entropy: 1.0984, Epsilon: 0.010
2026-03-29 22:28:15 | INFO | Episode  497 - Reward: -200.000, Length: 200, Loss: 1.0611, Entropy: 1.0983, Epsilon: 0.010
2026-03-29 22:28:16 | INFO | Episode  498 - Reward: -200.000, Length: 200, Loss: 1.1101, Entropy: 1.0984, Epsilon: 0.010
2026-03-29 22:28:16 | INFO | Episode  499 - Reward: -200.000, Length: 200, Loss: 1.1234, Entropy: 1.0983, Epsilon: 0.010
2026-03-29 22:28:17 | INFO | Episode  500 - Reward: -200.000, Length: 200, Loss: 1.4919, Entropy: 1.0984, Epsilon: 0.010
2026-03-29 22:28:22 | INFO | [Episode  500] eps=0.010  avg_reward=-200.000  avg_length=200.00  avg_loss=  0.7321  avg_entropy=1.0984  eval_success=0.000
2026-03-29 22:28:22 | INFO | DQN+Entropy training: 4m 39.08s
2026-03-29 22:28:44 | INFO | [Final Eval] success=0.000, mean_reward=-200.000
