2026-03-29 22:06:09 | INFO | ============================================================
2026-03-29 22:06:09 | INFO | DEVICE / COMPUTE INFORMATION
2026-03-29 22:06:09 | INFO |   JAX backend       : CPU
2026-03-29 22:06:09 | INFO |   Platform          : cpu
2026-03-29 22:06:09 | INFO |   Num devices       : 1
2026-03-29 22:06:09 | INFO |   Device            : TFRT_CPU_0
2026-03-29 22:06:09 | INFO | ============================================================
2026-03-29 22:06:09 | INFO | DQN+Entropy | seed=2, lr=0.01, gamma=0.95, alpha=0.05
2026-03-29 22:06:09 | INFO | Env: mountaincar/dense, obs_dim=2, num_actions=3
2026-03-29 22:06:10 | INFO | Episode    1 - Reward: -200.000, Length: 200, Loss: 0.0000, Entropy: 0.0000, Epsilon: 0.998
2026-03-29 22:06:11 | INFO | Episode    2 - Reward: -200.000, Length: 200, Loss: 0.8695, Entropy: 1.0985, Epsilon: 0.995
2026-03-29 22:06:12 | INFO | Episode    3 - Reward: -200.000, Length: 200, Loss: 0.7972, Entropy: 1.0985, Epsilon: 0.993
2026-03-29 22:06:12 | INFO | Episode    4 - Reward: -200.000, Length: 200, Loss: 0.8730, Entropy: 1.0985, Epsilon: 0.990
2026-03-29 22:06:12 | INFO | Episode    5 - Reward: -200.000, Length: 200, Loss: 0.8043, Entropy: 1.0985, Epsilon: 0.988
2026-03-29 22:06:13 | INFO | Episode    6 - Reward: -200.000, Length: 200, Loss: 0.8702, Entropy: 1.0985, Epsilon: 0.985
2026-03-29 22:06:13 | INFO | Episode    7 - Reward: -200.000, Length: 200, Loss: 0.8012, Entropy: 1.0985, Epsilon: 0.983
2026-03-29 22:06:14 | INFO | Episode    8 - Reward: -200.000, Length: 200, Loss: 0.7337, Entropy: 1.0985, Epsilon: 0.980
2026-03-29 22:06:14 | INFO | Episode    9 - Reward: -200.000, Length: 200, Loss: 0.8696, Entropy: 1.0985, Epsilon: 0.978
2026-03-29 22:06:15 | INFO | Episode   10 - Reward: -200.000, Length: 200, Loss: 0.7938, Entropy: 1.0986, Epsilon: 0.975
2026-03-29 22:06:15 | INFO | Episode   11 - Reward: -200.000, Length: 200, Loss: 0.8598, Entropy: 1.0985, Epsilon: 0.973
2026-03-29 22:06:16 | INFO | Episode   12 - Reward: -200.000, Length: 200, Loss: 0.7825, Entropy: 1.0985, Epsilon: 0.970
2026-03-29 22:06:16 | INFO | Episode   13 - Reward: -200.000, Length: 200, Loss: 0.7083, Entropy: 1.0985, Epsilon: 0.968
2026-03-29 22:06:17 | INFO | Episode   14 - Reward: -200.000, Length: 200, Loss: 0.8382, Entropy: 1.0985, Epsilon: 0.965
2026-03-29 22:06:17 | INFO | Episode   15 - Reward: -200.000, Length: 200, Loss: 0.7535, Entropy: 1.0985, Epsilon: 0.963
2026-03-29 22:06:18 | INFO | Episode   16 - Reward: -200.000, Length: 200, Loss: 0.8242, Entropy: 1.0985, Epsilon: 0.960
2026-03-29 22:06:19 | INFO | Episode   17 - Reward: -200.000, Length: 200, Loss: 0.7303, Entropy: 1.0984, Epsilon: 0.958
2026-03-29 22:06:19 | INFO | Episode   18 - Reward: -200.000, Length: 200, Loss: 0.6481, Entropy: 1.0984, Epsilon: 0.955
2026-03-29 22:06:20 | INFO | Episode   19 - Reward: -200.000, Length: 200, Loss: 0.7999, Entropy: 1.0984, Epsilon: 0.953
2026-03-29 22:06:20 | INFO | Episode   20 - Reward: -200.000, Length: 200, Loss: 0.6933, Entropy: 1.0985, Epsilon: 0.951
2026-03-29 22:06:21 | INFO | Episode   21 - Reward: -200.000, Length: 200, Loss: 0.7869, Entropy: 1.0985, Epsilon: 0.948
2026-03-29 22:06:21 | INFO | Episode   22 - Reward: -200.000, Length: 200, Loss: 0.6641, Entropy: 1.0985, Epsilon: 0.946
2026-03-29 22:06:21 | INFO | Episode   23 - Reward: -200.000, Length: 200, Loss: 0.5519, Entropy: 1.0984, Epsilon: 0.943
2026-03-29 22:06:22 | INFO | Episode   24 - Reward: -200.000, Length: 200, Loss: 0.7548, Entropy: 1.0984, Epsilon: 0.941
2026-03-29 22:06:22 | INFO | Episode   25 - Reward: -200.000, Length: 200, Loss: 0.6130, Entropy: 1.0984, Epsilon: 0.938
2026-03-29 22:06:23 | INFO | Episode   26 - Reward: -200.000, Length: 200, Loss: 0.7224, Entropy: 1.0984, Epsilon: 0.936
2026-03-29 22:06:23 | INFO | Episode   27 - Reward: -200.000, Length: 200, Loss: 0.5609, Entropy: 1.0984, Epsilon: 0.933
2026-03-29 22:06:24 | INFO | Episode   28 - Reward: -200.000, Length: 200, Loss: 0.4173, Entropy: 1.0984, Epsilon: 0.931
2026-03-29 22:06:24 | INFO | Episode   29 - Reward: -200.000, Length: 200, Loss: 0.6718, Entropy: 1.0984, Epsilon: 0.928
2026-03-29 22:06:25 | INFO | Episode   30 - Reward: -200.000, Length: 200, Loss: 0.4720, Entropy: 1.0983, Epsilon: 0.926
2026-03-29 22:06:25 | INFO | Episode   31 - Reward: -200.000, Length: 200, Loss: 0.6296, Entropy: 1.0983, Epsilon: 0.923
2026-03-29 22:06:26 | INFO | Episode   32 - Reward: -200.000, Length: 200, Loss: 0.4006, Entropy: 1.0983, Epsilon: 0.921
2026-03-29 22:06:26 | INFO | Episode   33 - Reward: -200.000, Length: 200, Loss: 0.2373, Entropy: 1.0983, Epsilon: 0.918
2026-03-29 22:06:26 | INFO | Episode   34 - Reward: -200.000, Length: 200, Loss: 0.5768, Entropy: 1.0984, Epsilon: 0.916
2026-03-29 22:06:27 | INFO | Episode   35 - Reward: -200.000, Length: 200, Loss: 0.3121, Entropy: 1.0984, Epsilon: 0.913
2026-03-29 22:06:27 | INFO | Episode   36 - Reward: -200.000, Length: 200, Loss: 0.5424, Entropy: 1.0984, Epsilon: 0.911
2026-03-29 22:06:28 | INFO | Episode   37 - Reward: -200.000, Length: 200, Loss: 0.2330, Entropy: 1.0985, Epsilon: 0.908
2026-03-29 22:06:28 | INFO | Episode   38 - Reward: -200.000, Length: 200, Loss: 0.0704, Entropy: 1.0985, Epsilon: 0.906
2026-03-29 22:06:29 | INFO | Episode   39 - Reward: -200.000, Length: 200, Loss: 0.4715, Entropy: 1.0985, Epsilon: 0.903
2026-03-29 22:06:29 | INFO | Episode   40 - Reward: -200.000, Length: 200, Loss: 0.1610, Entropy: 1.0985, Epsilon: 0.901
2026-03-29 22:06:30 | INFO | Episode   41 - Reward: -200.000, Length: 200, Loss: 0.3732, Entropy: 1.0986, Epsilon: 0.899
2026-03-29 22:06:30 | INFO | Episode   42 - Reward: -200.000, Length: 200, Loss: 0.1227, Entropy: 1.0986, Epsilon: 0.896
2026-03-29 22:06:31 | INFO | Episode   43 - Reward: -200.000, Length: 200, Loss: 0.0443, Entropy: 1.0986, Epsilon: 0.894
2026-03-29 22:06:31 | INFO | Episode   44 - Reward: -200.000, Length: 200, Loss: 0.3082, Entropy: 1.0986, Epsilon: 0.891
2026-03-29 22:06:31 | INFO | Episode   45 - Reward: -200.000, Length: 200, Loss: 0.1058, Entropy: 1.0986, Epsilon: 0.889
2026-03-29 22:06:32 | INFO | Episode   46 - Reward: -200.000, Length: 200, Loss: 0.2786, Entropy: 1.0985, Epsilon: 0.886
2026-03-29 22:06:32 | INFO | Episode   47 - Reward: -200.000, Length: 200, Loss: 0.2056, Entropy: 1.0985, Epsilon: 0.884
2026-03-29 22:06:33 | INFO | Episode   48 - Reward: -200.000, Length: 200, Loss: 0.1564, Entropy: 1.0986, Epsilon: 0.881
2026-03-29 22:06:33 | INFO | Episode   49 - Reward: -200.000, Length: 200, Loss: 0.2731, Entropy: 1.0986, Epsilon: 0.879
2026-03-29 22:06:34 | INFO | Episode   50 - Reward: -200.000, Length: 200, Loss: 0.0642, Entropy: 1.0985, Epsilon: 0.876
2026-03-29 22:06:40 | INFO | [Episode   50] eps=0.876  avg_reward=-200.000  avg_length=200.00  avg_loss=  0.5366  avg_entropy=1.0985  eval_success=0.000
2026-03-29 22:06:40 | INFO | Episode   51 - Reward: -200.000, Length: 200, Loss: 0.4444, Entropy: 1.0985, Epsilon: 0.874
2026-03-29 22:06:41 | INFO | Episode   52 - Reward: -200.000, Length: 200, Loss: 0.2357, Entropy: 1.0984, Epsilon: 0.871
2026-03-29 22:06:41 | INFO | Episode   53 - Reward: -200.000, Length: 200, Loss: 0.2024, Entropy: 1.0984, Epsilon: 0.869
2026-03-29 22:06:42 | INFO | Episode   54 - Reward: -200.000, Length: 200, Loss: 0.5495, Entropy: 1.0984, Epsilon: 0.866
2026-03-29 22:06:42 | INFO | Episode   55 - Reward: -200.000, Length: 200, Loss: 0.1128, Entropy: 1.0985, Epsilon: 0.864
2026-03-29 22:06:43 | INFO | Episode   56 - Reward: -200.000, Length: 200, Loss: 0.2093, Entropy: 1.0986, Epsilon: 0.861
2026-03-29 22:06:43 | INFO | Episode   57 - Reward: -200.000, Length: 200, Loss: 0.2518, Entropy: 1.0985, Epsilon: 0.859
2026-03-29 22:06:43 | INFO | Episode   58 - Reward: -200.000, Length: 200, Loss: 0.1084, Entropy: 1.0985, Epsilon: 0.856
2026-03-29 22:06:44 | INFO | Episode   59 - Reward: -200.000, Length: 200, Loss: 0.4528, Entropy: 1.0982, Epsilon: 0.854
2026-03-29 22:06:44 | INFO | Episode   60 - Reward: -200.000, Length: 200, Loss: 0.1938, Entropy: 1.0983, Epsilon: 0.852
2026-03-29 22:06:45 | INFO | Episode   61 - Reward: -200.000, Length: 200, Loss: 0.3018, Entropy: 1.0982, Epsilon: 0.849
2026-03-29 22:06:45 | INFO | Episode   62 - Reward: -200.000, Length: 200, Loss: 0.3493, Entropy: 1.0983, Epsilon: 0.847
2026-03-29 22:06:45 | INFO | Episode   63 - Reward: -200.000, Length: 200, Loss: 0.1566, Entropy: 1.0984, Epsilon: 0.844
2026-03-29 22:06:46 | INFO | Episode   64 - Reward: -200.000, Length: 200, Loss: 0.3827, Entropy: 1.0983, Epsilon: 0.842
2026-03-29 22:06:46 | INFO | Episode   65 - Reward: -200.000, Length: 200, Loss: 1.0710, Entropy: 1.0982, Epsilon: 0.839
2026-03-29 22:06:47 | INFO | Episode   66 - Reward: -200.000, Length: 200, Loss: 0.5668, Entropy: 1.0981, Epsilon: 0.837
2026-03-29 22:06:47 | INFO | Episode   67 - Reward: -200.000, Length: 200, Loss: 0.4333, Entropy: 1.0981, Epsilon: 0.834
2026-03-29 22:06:48 | INFO | Episode   68 - Reward: -200.000, Length: 200, Loss: 0.3647, Entropy: 1.0985, Epsilon: 0.832
2026-03-29 22:06:48 | INFO | Episode   69 - Reward: -200.000, Length: 200, Loss: 0.6982, Entropy: 1.0984, Epsilon: 0.829
2026-03-29 22:06:48 | INFO | Episode   70 - Reward: -200.000, Length: 200, Loss: 0.6614, Entropy: 1.0983, Epsilon: 0.827
2026-03-29 22:06:49 | INFO | Episode   71 - Reward: -200.000, Length: 200, Loss: 0.5576, Entropy: 1.0984, Epsilon: 0.824
2026-03-29 22:06:49 | INFO | Episode   72 - Reward: -200.000, Length: 200, Loss: 0.2450, Entropy: 1.0983, Epsilon: 0.822
2026-03-29 22:06:50 | INFO | Episode   73 - Reward: -200.000, Length: 200, Loss: 0.8165, Entropy: 1.0979, Epsilon: 0.819
2026-03-29 22:06:50 | INFO | Episode   74 - Reward: -200.000, Length: 200, Loss: 0.4821, Entropy: 1.0986, Epsilon: 0.817
2026-03-29 22:06:51 | INFO | Episode   75 - Reward: -200.000, Length: 200, Loss: 0.9331, Entropy: 1.0977, Epsilon: 0.814
2026-03-29 22:06:52 | INFO | Episode   76 - Reward: -200.000, Length: 200, Loss: 0.2991, Entropy: 1.0984, Epsilon: 0.812
2026-03-29 22:06:52 | INFO | Episode   77 - Reward: -200.000, Length: 200, Loss: 0.2791, Entropy: 1.0984, Epsilon: 0.809
2026-03-29 22:06:53 | INFO | Episode   78 - Reward: -200.000, Length: 200, Loss: 0.6084, Entropy: 1.0983, Epsilon: 0.807
2026-03-29 22:06:53 | INFO | Episode   79 - Reward: -200.000, Length: 200, Loss: 0.3600, Entropy: 1.0983, Epsilon: 0.804
2026-03-29 22:06:53 | INFO | Episode   80 - Reward: -200.000, Length: 200, Loss: 0.5476, Entropy: 1.0984, Epsilon: 0.802
2026-03-29 22:06:54 | INFO | Episode   81 - Reward: -200.000, Length: 200, Loss: 0.2328, Entropy: 1.0984, Epsilon: 0.800
2026-03-29 22:06:54 | INFO | Episode   82 - Reward: -200.000, Length: 200, Loss: 0.8050, Entropy: 1.0983, Epsilon: 0.797
2026-03-29 22:06:55 | INFO | Episode   83 - Reward: -200.000, Length: 200, Loss: 0.4586, Entropy: 1.0982, Epsilon: 0.795
2026-03-29 22:06:55 | INFO | Episode   84 - Reward: -200.000, Length: 200, Loss: 0.4784, Entropy: 1.0982, Epsilon: 0.792
2026-03-29 22:06:55 | INFO | Episode   85 - Reward: -200.000, Length: 200, Loss: 0.3528, Entropy: 1.0984, Epsilon: 0.790
2026-03-29 22:06:56 | INFO | Episode   86 - Reward: -200.000, Length: 200, Loss: 0.3945, Entropy: 1.0985, Epsilon: 0.787
2026-03-29 22:06:56 | INFO | Episode   87 - Reward: -200.000, Length: 200, Loss: 0.7786, Entropy: 1.0977, Epsilon: 0.785
2026-03-29 22:06:57 | INFO | Episode   88 - Reward: -200.000, Length: 200, Loss: 0.9676, Entropy: 1.0982, Epsilon: 0.782
2026-03-29 22:06:57 | INFO | Episode   89 - Reward: -200.000, Length: 200, Loss: 0.5588, Entropy: 1.0979, Epsilon: 0.780
2026-03-29 22:06:58 | INFO | Episode   90 - Reward: -200.000, Length: 200, Loss: 1.2618, Entropy: 1.0984, Epsilon: 0.777
2026-03-29 22:06:58 | INFO | Episode   91 - Reward: -200.000, Length: 200, Loss: 0.4166, Entropy: 1.0981, Epsilon: 0.775
2026-03-29 22:06:58 | INFO | Episode   92 - Reward: -200.000, Length: 200, Loss: 1.1143, Entropy: 1.0955, Epsilon: 0.772
2026-03-29 22:06:59 | INFO | Episode   93 - Reward: -200.000, Length: 200, Loss: 0.9551, Entropy: 1.0979, Epsilon: 0.770
2026-03-29 22:06:59 | INFO | Episode   94 - Reward: -200.000, Length: 200, Loss: 0.5827, Entropy: 1.0980, Epsilon: 0.767
2026-03-29 22:07:00 | INFO | Episode   95 - Reward: -200.000, Length: 200, Loss: 0.5853, Entropy: 1.0982, Epsilon: 0.765
2026-03-29 22:07:00 | INFO | Episode   96 - Reward: -200.000, Length: 200, Loss: 0.1298, Entropy: 1.0983, Epsilon: 0.762
2026-03-29 22:07:01 | INFO | Episode   97 - Reward: -200.000, Length: 200, Loss: 1.0997, Entropy: 1.0974, Epsilon: 0.760
2026-03-29 22:07:01 | INFO | Episode   98 - Reward: -200.000, Length: 200, Loss: 0.4651, Entropy: 1.0983, Epsilon: 0.757
2026-03-29 22:07:01 | INFO | Episode   99 - Reward: -200.000, Length: 200, Loss: 0.6712, Entropy: 1.0984, Epsilon: 0.755
2026-03-29 22:07:02 | INFO | Episode  100 - Reward: -200.000, Length: 200, Loss: 0.9917, Entropy: 1.0981, Epsilon: 0.752
2026-03-29 22:07:07 | INFO | [Episode  100] eps=0.752  avg_reward=-200.000  avg_length=200.00  avg_loss=  0.5235  avg_entropy=1.0981  eval_success=0.000
2026-03-29 22:07:08 | INFO | Episode  101 - Reward: -200.000, Length: 200, Loss: 0.9907, Entropy: 1.0974, Epsilon: 0.750
2026-03-29 22:07:08 | INFO | Episode  102 - Reward: -200.000, Length: 200, Loss: 0.8591, Entropy: 1.0978, Epsilon: 0.748
2026-03-29 22:07:09 | INFO | Episode  103 - Reward: -200.000, Length: 200, Loss: 0.4709, Entropy: 1.0976, Epsilon: 0.745
2026-03-29 22:07:09 | INFO | Episode  104 - Reward: -200.000, Length: 200, Loss: 0.8705, Entropy: 1.0981, Epsilon: 0.743
2026-03-29 22:07:09 | INFO | Episode  105 - Reward: -200.000, Length: 200, Loss: 0.6993, Entropy: 1.0960, Epsilon: 0.740
2026-03-29 22:07:10 | INFO | Episode  106 - Reward: -200.000, Length: 200, Loss: 1.4548, Entropy: 1.0981, Epsilon: 0.738
2026-03-29 22:07:10 | INFO | Episode  107 - Reward: -200.000, Length: 200, Loss: 1.4671, Entropy: 1.0969, Epsilon: 0.735
2026-03-29 22:07:11 | INFO | Episode  108 - Reward: -200.000, Length: 200, Loss: 0.5344, Entropy: 1.0983, Epsilon: 0.733
2026-03-29 22:07:11 | INFO | Episode  109 - Reward: -200.000, Length: 200, Loss: 0.1828, Entropy: 1.0983, Epsilon: 0.730
2026-03-29 22:07:12 | INFO | Episode  110 - Reward: -200.000, Length: 200, Loss: 0.3141, Entropy: 1.0982, Epsilon: 0.728
2026-03-29 22:07:12 | INFO | Episode  111 - Reward: -200.000, Length: 200, Loss: 0.1551, Entropy: 1.0986, Epsilon: 0.725
2026-03-29 22:07:13 | INFO | Episode  112 - Reward: -200.000, Length: 200, Loss: 0.7718, Entropy: 1.0982, Epsilon: 0.723
2026-03-29 22:07:13 | INFO | Episode  113 - Reward: -200.000, Length: 200, Loss: 0.7410, Entropy: 1.0979, Epsilon: 0.720
2026-03-29 22:07:13 | INFO | Episode  114 - Reward: -200.000, Length: 200, Loss: 1.4797, Entropy: 1.0956, Epsilon: 0.718
2026-03-29 22:07:14 | INFO | Episode  115 - Reward: -200.000, Length: 200, Loss: 1.0077, Entropy: 1.0978, Epsilon: 0.715
2026-03-29 22:07:14 | INFO | Episode  116 - Reward: -200.000, Length: 200, Loss: 1.1984, Entropy: 1.0970, Epsilon: 0.713
2026-03-29 22:07:15 | INFO | Episode  117 - Reward: -200.000, Length: 200, Loss: 0.8126, Entropy: 1.0982, Epsilon: 0.710
2026-03-29 22:07:15 | INFO | Episode  118 - Reward: -200.000, Length: 200, Loss: 1.8980, Entropy: 1.0954, Epsilon: 0.708
2026-03-29 22:07:16 | INFO | Episode  119 - Reward: -200.000, Length: 200, Loss: 1.8313, Entropy: 1.0982, Epsilon: 0.705
2026-03-29 22:07:16 | INFO | Episode  120 - Reward: -200.000, Length: 200, Loss: 0.7859, Entropy: 1.0979, Epsilon: 0.703
2026-03-29 22:07:16 | INFO | Episode  121 - Reward: -200.000, Length: 200, Loss: 0.7961, Entropy: 1.0974, Epsilon: 0.701
2026-03-29 22:07:17 | INFO | Episode  122 - Reward: -200.000, Length: 200, Loss: 0.5725, Entropy: 1.0982, Epsilon: 0.698
2026-03-29 22:07:17 | INFO | Episode  123 - Reward: -200.000, Length: 200, Loss: 2.4861, Entropy: 1.0963, Epsilon: 0.696
2026-03-29 22:07:18 | INFO | Episode  124 - Reward: -200.000, Length: 200, Loss: 0.6012, Entropy: 1.0979, Epsilon: 0.693
2026-03-29 22:07:18 | INFO | Episode  125 - Reward: -200.000, Length: 200, Loss: 1.2076, Entropy: 1.0967, Epsilon: 0.691
2026-03-29 22:07:19 | INFO | Episode  126 - Reward: -200.000, Length: 200, Loss: 0.3590, Entropy: 1.0980, Epsilon: 0.688
2026-03-29 22:07:19 | INFO | Episode  127 - Reward: -200.000, Length: 200, Loss: 0.7719, Entropy: 1.0972, Epsilon: 0.686
2026-03-29 22:07:19 | INFO | Episode  128 - Reward: -200.000, Length: 200, Loss: 1.6386, Entropy: 1.0982, Epsilon: 0.683
2026-03-29 22:07:20 | INFO | Episode  129 - Reward: -200.000, Length: 200, Loss: 0.3701, Entropy: 1.0983, Epsilon: 0.681
2026-03-29 22:07:20 | INFO | Episode  130 - Reward: -200.000, Length: 200, Loss: 0.5260, Entropy: 1.0975, Epsilon: 0.678
2026-03-29 22:07:21 | INFO | Episode  131 - Reward: -200.000, Length: 200, Loss: 0.9422, Entropy: 1.0937, Epsilon: 0.676
2026-03-29 22:07:21 | INFO | Episode  132 - Reward: -200.000, Length: 200, Loss: 1.7256, Entropy: 1.0966, Epsilon: 0.673
2026-03-29 22:07:22 | INFO | Episode  133 - Reward: -200.000, Length: 200, Loss: 1.1568, Entropy: 1.0978, Epsilon: 0.671
2026-03-29 22:07:22 | INFO | Episode  134 - Reward: -200.000, Length: 200, Loss: 1.4243, Entropy: 1.0973, Epsilon: 0.668
2026-03-29 22:07:22 | INFO | Episode  135 - Reward: -200.000, Length: 200, Loss: 1.8200, Entropy: 1.0982, Epsilon: 0.666
2026-03-29 22:07:23 | INFO | Episode  136 - Reward: -200.000, Length: 200, Loss: 0.3612, Entropy: 1.0981, Epsilon: 0.663
2026-03-29 22:07:24 | INFO | Episode  137 - Reward: -200.000, Length: 200, Loss: 0.5895, Entropy: 1.0979, Epsilon: 0.661
2026-03-29 22:07:24 | INFO | Episode  138 - Reward: -200.000, Length: 200, Loss: 1.0011, Entropy: 1.0967, Epsilon: 0.658
2026-03-29 22:07:25 | INFO | Episode  139 - Reward: -200.000, Length: 200, Loss: 1.1949, Entropy: 1.0981, Epsilon: 0.656
2026-03-29 22:07:25 | INFO | Episode  140 - Reward: -200.000, Length: 200, Loss: 1.7993, Entropy: 1.0968, Epsilon: 0.653
2026-03-29 22:07:26 | INFO | Episode  141 - Reward: -200.000, Length: 200, Loss: 0.7666, Entropy: 1.0981, Epsilon: 0.651
2026-03-29 22:07:26 | INFO | Episode  142 - Reward: -200.000, Length: 200, Loss: 0.3629, Entropy: 1.0983, Epsilon: 0.649
2026-03-29 22:07:27 | INFO | Episode  143 - Reward: -200.000, Length: 200, Loss: -0.0496, Entropy: 1.0986, Epsilon: 0.646
2026-03-29 22:07:27 | INFO | Episode  144 - Reward: -200.000, Length: 200, Loss: 0.3582, Entropy: 1.0981, Epsilon: 0.644
2026-03-29 22:07:27 | INFO | Episode  145 - Reward: -200.000, Length: 200, Loss: 0.8482, Entropy: 1.0978, Epsilon: 0.641
2026-03-29 22:07:28 | INFO | Episode  146 - Reward: -200.000, Length: 200, Loss: 1.0845, Entropy: 1.0957, Epsilon: 0.639
2026-03-29 22:07:28 | INFO | Episode  147 - Reward: -200.000, Length: 200, Loss: 0.6335, Entropy: 1.0978, Epsilon: 0.636
2026-03-29 22:07:29 | INFO | Episode  148 - Reward: -200.000, Length: 200, Loss: 1.3111, Entropy: 1.0970, Epsilon: 0.634
2026-03-29 22:07:29 | INFO | Episode  149 - Reward: -200.000, Length: 200, Loss: 1.2658, Entropy: 1.0969, Epsilon: 0.631
2026-03-29 22:07:30 | INFO | Episode  150 - Reward: -200.000, Length: 200, Loss: 0.8736, Entropy: 1.0973, Epsilon: 0.629
2026-03-29 22:07:35 | INFO | [Episode  150] eps=0.629  avg_reward=-200.000  avg_length=200.00  avg_loss=  0.9465  avg_entropy=1.0973  eval_success=0.000
2026-03-29 22:07:35 | INFO | Episode  151 - Reward: -200.000, Length: 200, Loss: 0.7705, Entropy: 1.0969, Epsilon: 0.626
2026-03-29 22:07:36 | INFO | Episode  152 - Reward: -200.000, Length: 200, Loss: 0.7865, Entropy: 1.0982, Epsilon: 0.624
2026-03-29 22:07:36 | INFO | Episode  153 - Reward: -200.000, Length: 200, Loss: 1.6351, Entropy: 1.0963, Epsilon: 0.621
2026-03-29 22:07:37 | INFO | Episode  154 - Reward: -200.000, Length: 200, Loss: 0.6616, Entropy: 1.0982, Epsilon: 0.619
2026-03-29 22:07:37 | INFO | Episode  155 - Reward: -200.000, Length: 200, Loss: 2.5692, Entropy: 1.0943, Epsilon: 0.616
2026-03-29 22:07:37 | INFO | Episode  156 - Reward: -200.000, Length: 200, Loss: 1.2624, Entropy: 1.0948, Epsilon: 0.614
2026-03-29 22:07:38 | INFO | Episode  157 - Reward: -200.000, Length: 200, Loss: 0.5879, Entropy: 1.0979, Epsilon: 0.611
2026-03-29 22:07:38 | INFO | Episode  158 - Reward: -200.000, Length: 200, Loss: 1.0005, Entropy: 1.0982, Epsilon: 0.609
2026-03-29 22:07:39 | INFO | Episode  159 - Reward: -200.000, Length: 200, Loss: 1.0322, Entropy: 1.0983, Epsilon: 0.606
2026-03-29 22:07:39 | INFO | Episode  160 - Reward: -200.000, Length: 200, Loss: 1.3106, Entropy: 1.0977, Epsilon: 0.604
2026-03-29 22:07:40 | INFO | Episode  161 - Reward: -200.000, Length: 200, Loss: 1.0929, Entropy: 1.0967, Epsilon: 0.602
2026-03-29 22:07:40 | INFO | Episode  162 - Reward: -200.000, Length: 200, Loss: 1.0490, Entropy: 1.0954, Epsilon: 0.599
2026-03-29 22:07:40 | INFO | Episode  163 - Reward: -200.000, Length: 200, Loss: 2.1860, Entropy: 1.0974, Epsilon: 0.597
2026-03-29 22:07:41 | INFO | Episode  164 - Reward: -200.000, Length: 200, Loss: 1.4540, Entropy: 1.0949, Epsilon: 0.594
2026-03-29 22:07:41 | INFO | Episode  165 - Reward: -200.000, Length: 200, Loss: 1.2660, Entropy: 1.0971, Epsilon: 0.592
2026-03-29 22:07:42 | INFO | Episode  166 - Reward: -200.000, Length: 200, Loss: 2.2011, Entropy: 1.0973, Epsilon: 0.589
2026-03-29 22:07:42 | INFO | Episode  167 - Reward: -200.000, Length: 200, Loss: 0.3953, Entropy: 1.0977, Epsilon: 0.587
2026-03-29 22:07:42 | INFO | Episode  168 - Reward: -200.000, Length: 200, Loss: 0.9972, Entropy: 1.0977, Epsilon: 0.584
2026-03-29 22:07:43 | INFO | Episode  169 - Reward: -200.000, Length: 200, Loss: 0.6538, Entropy: 1.0973, Epsilon: 0.582
2026-03-29 22:07:43 | INFO | Episode  170 - Reward: -200.000, Length: 200, Loss: 0.8642, Entropy: 1.0983, Epsilon: 0.579
2026-03-29 22:07:44 | INFO | Episode  171 - Reward: -200.000, Length: 200, Loss: 0.9166, Entropy: 1.0949, Epsilon: 0.577
2026-03-29 22:07:44 | INFO | Episode  172 - Reward: -200.000, Length: 200, Loss: 0.6987, Entropy: 1.0961, Epsilon: 0.574
2026-03-29 22:07:45 | INFO | Episode  173 - Reward: -200.000, Length: 200, Loss: 1.1151, Entropy: 1.0967, Epsilon: 0.572
2026-03-29 22:07:45 | INFO | Episode  174 - Reward: -200.000, Length: 200, Loss: 0.7005, Entropy: 1.0979, Epsilon: 0.569
2026-03-29 22:07:45 | INFO | Episode  175 - Reward: -200.000, Length: 200, Loss: 0.6691, Entropy: 1.0969, Epsilon: 0.567
2026-03-29 22:07:46 | INFO | Episode  176 - Reward: -200.000, Length: 200, Loss: 0.8582, Entropy: 1.0983, Epsilon: 0.564
2026-03-29 22:07:46 | INFO | Episode  177 - Reward: -200.000, Length: 200, Loss: 0.9667, Entropy: 1.0980, Epsilon: 0.562
2026-03-29 22:07:47 | INFO | Episode  178 - Reward: -200.000, Length: 200, Loss: 0.9829, Entropy: 1.0980, Epsilon: 0.559
2026-03-29 22:07:47 | INFO | Episode  179 - Reward: -200.000, Length: 200, Loss: 2.6410, Entropy: 1.0964, Epsilon: 0.557
2026-03-29 22:07:48 | INFO | Episode  180 - Reward: -200.000, Length: 200, Loss: 0.6729, Entropy: 1.0972, Epsilon: 0.554
2026-03-29 22:07:48 | INFO | Episode  181 - Reward: -200.000, Length: 200, Loss: 1.4165, Entropy: 1.0949, Epsilon: 0.552
2026-03-29 22:07:48 | INFO | Episode  182 - Reward: -200.000, Length: 200, Loss: 0.9535, Entropy: 1.0972, Epsilon: 0.550
2026-03-29 22:07:49 | INFO | Episode  183 - Reward: -200.000, Length: 200, Loss: 0.9106, Entropy: 1.0977, Epsilon: 0.547
2026-03-29 22:07:49 | INFO | Episode  184 - Reward: -200.000, Length: 200, Loss: 1.2342, Entropy: 1.0972, Epsilon: 0.545
2026-03-29 22:07:50 | INFO | Episode  185 - Reward: -200.000, Length: 200, Loss: 1.7331, Entropy: 1.0965, Epsilon: 0.542
2026-03-29 22:07:50 | INFO | Episode  186 - Reward: -200.000, Length: 200, Loss: 0.1793, Entropy: 1.0982, Epsilon: 0.540
2026-03-29 22:07:51 | INFO | Episode  187 - Reward: -200.000, Length: 200, Loss: 1.7952, Entropy: 1.0968, Epsilon: 0.537
2026-03-29 22:07:51 | INFO | Episode  188 - Reward: -200.000, Length: 200, Loss: 1.8554, Entropy: 1.0942, Epsilon: 0.535
2026-03-29 22:07:52 | INFO | Episode  189 - Reward: -200.000, Length: 200, Loss: 1.6943, Entropy: 1.0954, Epsilon: 0.532
2026-03-29 22:07:52 | INFO | Episode  190 - Reward: -200.000, Length: 200, Loss: 0.9654, Entropy: 1.0970, Epsilon: 0.530
2026-03-29 22:07:52 | INFO | Episode  191 - Reward: -200.000, Length: 200, Loss: 1.0951, Entropy: 1.0962, Epsilon: 0.527
2026-03-29 22:07:53 | INFO | Episode  192 - Reward: -200.000, Length: 200, Loss: 1.0367, Entropy: 1.0957, Epsilon: 0.525
2026-03-29 22:07:53 | INFO | Episode  193 - Reward: -200.000, Length: 200, Loss: 1.5111, Entropy: 1.0964, Epsilon: 0.522
2026-03-29 22:07:54 | INFO | Episode  194 - Reward: -200.000, Length: 200, Loss: 0.4596, Entropy: 1.0981, Epsilon: 0.520
2026-03-29 22:07:54 | INFO | Episode  195 - Reward: -200.000, Length: 200, Loss: 2.1888, Entropy: 1.0935, Epsilon: 0.517
2026-03-29 22:07:55 | INFO | Episode  196 - Reward: -200.000, Length: 200, Loss: 1.7590, Entropy: 1.0955, Epsilon: 0.515
2026-03-29 22:07:55 | INFO | Episode  197 - Reward: -200.000, Length: 200, Loss: 1.6993, Entropy: 1.0965, Epsilon: 0.512
2026-03-29 22:07:55 | INFO | Episode  198 - Reward: -200.000, Length: 200, Loss: 1.1925, Entropy: 1.0972, Epsilon: 0.510
2026-03-29 22:07:56 | INFO | Episode  199 - Reward: -200.000, Length: 200, Loss: 1.2701, Entropy: 1.0970, Epsilon: 0.507
2026-03-29 22:07:57 | INFO | Episode  200 - Reward: -200.000, Length: 200, Loss: 0.7350, Entropy: 1.0977, Epsilon: 0.505
2026-03-29 22:08:03 | INFO | [Episode  200] eps=0.505  avg_reward=-200.000  avg_length=200.00  avg_loss=  1.1936  avg_entropy=1.0977  eval_success=0.000
2026-03-29 22:08:03 | INFO | Episode  201 - Reward: -200.000, Length: 200, Loss: 0.7105, Entropy: 1.0970, Epsilon: 0.503
2026-03-29 22:08:03 | INFO | Episode  202 - Reward: -200.000, Length: 200, Loss: 2.8296, Entropy: 1.0968, Epsilon: 0.500
2026-03-29 22:08:04 | INFO | Episode  203 - Reward: -200.000, Length: 200, Loss: 1.6084, Entropy: 1.0968, Epsilon: 0.498
2026-03-29 22:08:04 | INFO | Episode  204 - Reward: -200.000, Length: 200, Loss: 0.4896, Entropy: 1.0983, Epsilon: 0.495
2026-03-29 22:08:05 | INFO | Episode  205 - Reward: -200.000, Length: 200, Loss: 1.1626, Entropy: 1.0972, Epsilon: 0.493
2026-03-29 22:08:05 | INFO | Episode  206 - Reward: -200.000, Length: 200, Loss: 0.1871, Entropy: 1.0982, Epsilon: 0.490
2026-03-29 22:08:06 | INFO | Episode  207 - Reward: -200.000, Length: 200, Loss: 0.4440, Entropy: 1.0980, Epsilon: 0.488
2026-03-29 22:08:06 | INFO | Episode  208 - Reward: -200.000, Length: 200, Loss: 1.7358, Entropy: 1.0976, Epsilon: 0.485
2026-03-29 22:08:06 | INFO | Episode  209 - Reward: -200.000, Length: 200, Loss: 0.9183, Entropy: 1.0974, Epsilon: 0.483
2026-03-29 22:08:07 | INFO | Episode  210 - Reward: -200.000, Length: 200, Loss: 1.4877, Entropy: 1.0950, Epsilon: 0.480
2026-03-29 22:08:07 | INFO | Episode  211 - Reward: -200.000, Length: 200, Loss: 1.2040, Entropy: 1.0975, Epsilon: 0.478
2026-03-29 22:08:08 | INFO | Episode  212 - Reward: -200.000, Length: 200, Loss: 1.9030, Entropy: 1.0969, Epsilon: 0.475
2026-03-29 22:08:08 | INFO | Episode  213 - Reward: -200.000, Length: 200, Loss: 1.2399, Entropy: 1.0949, Epsilon: 0.473
2026-03-29 22:08:09 | INFO | Episode  214 - Reward: -200.000, Length: 200, Loss: 0.2275, Entropy: 1.0982, Epsilon: 0.470
2026-03-29 22:08:09 | INFO | Episode  215 - Reward: -200.000, Length: 200, Loss: 0.7224, Entropy: 1.0967, Epsilon: 0.468
2026-03-29 22:08:09 | INFO | Episode  216 - Reward: -200.000, Length: 200, Loss: 1.0144, Entropy: 1.0975, Epsilon: 0.465
2026-03-29 22:08:10 | INFO | Episode  217 - Reward: -200.000, Length: 200, Loss: 2.3294, Entropy: 1.0919, Epsilon: 0.463
2026-03-29 22:08:10 | INFO | Episode  218 - Reward: -200.000, Length: 200, Loss: 0.9542, Entropy: 1.0980, Epsilon: 0.460
2026-03-29 22:08:11 | INFO | Episode  219 - Reward: -200.000, Length: 200, Loss: 1.2675, Entropy: 1.0966, Epsilon: 0.458
2026-03-29 22:08:11 | INFO | Episode  220 - Reward: -200.000, Length: 200, Loss: 1.1160, Entropy: 1.0971, Epsilon: 0.456
2026-03-29 22:08:12 | INFO | Episode  221 - Reward: -200.000, Length: 200, Loss: 0.7732, Entropy: 1.0974, Epsilon: 0.453
2026-03-29 22:08:13 | INFO | Episode  222 - Reward: -200.000, Length: 200, Loss: 1.1894, Entropy: 1.0976, Epsilon: 0.451
2026-03-29 22:08:13 | INFO | Episode  223 - Reward: -200.000, Length: 200, Loss: 2.2200, Entropy: 1.0930, Epsilon: 0.448
2026-03-29 22:08:14 | INFO | Episode  224 - Reward: -200.000, Length: 200, Loss: 1.3585, Entropy: 1.0975, Epsilon: 0.446
2026-03-29 22:08:15 | INFO | Episode  225 - Reward: -200.000, Length: 200, Loss: 1.3198, Entropy: 1.0976, Epsilon: 0.443
2026-03-29 22:08:15 | INFO | Episode  226 - Reward: -200.000, Length: 200, Loss: 1.3769, Entropy: 1.0965, Epsilon: 0.441
2026-03-29 22:08:16 | INFO | Episode  227 - Reward: -200.000, Length: 200, Loss: 1.6370, Entropy: 1.0976, Epsilon: 0.438
2026-03-29 22:08:16 | INFO | Episode  228 - Reward: -200.000, Length: 200, Loss: 1.8783, Entropy: 1.0939, Epsilon: 0.436
2026-03-29 22:08:17 | INFO | Episode  229 - Reward: -200.000, Length: 200, Loss: 1.1027, Entropy: 1.0933, Epsilon: 0.433
2026-03-29 22:08:18 | INFO | Episode  230 - Reward: -200.000, Length: 200, Loss: 0.5441, Entropy: 1.0973, Epsilon: 0.431
2026-03-29 22:08:18 | INFO | Episode  231 - Reward: -200.000, Length: 200, Loss: 2.1658, Entropy: 1.0959, Epsilon: 0.428
2026-03-29 22:08:19 | INFO | Episode  232 - Reward: -200.000, Length: 200, Loss: 2.0684, Entropy: 1.0946, Epsilon: 0.426
2026-03-29 22:08:20 | INFO | Episode  233 - Reward: -200.000, Length: 200, Loss: 1.1968, Entropy: 1.0968, Epsilon: 0.423
2026-03-29 22:08:20 | INFO | Episode  234 - Reward: -200.000, Length: 200, Loss: 0.7754, Entropy: 1.0970, Epsilon: 0.421
2026-03-29 22:08:21 | INFO | Episode  235 - Reward: -200.000, Length: 200, Loss: 1.8054, Entropy: 1.0966, Epsilon: 0.418
2026-03-29 22:08:21 | INFO | Episode  236 - Reward: -200.000, Length: 200, Loss: 1.8724, Entropy: 1.0969, Epsilon: 0.416
2026-03-29 22:08:22 | INFO | Episode  237 - Reward: -200.000, Length: 200, Loss: 1.0225, Entropy: 1.0980, Epsilon: 0.413
2026-03-29 22:08:23 | INFO | Episode  238 - Reward: -200.000, Length: 200, Loss: 2.0802, Entropy: 1.0958, Epsilon: 0.411
2026-03-29 22:08:23 | INFO | Episode  239 - Reward: -200.000, Length: 200, Loss: 1.5066, Entropy: 1.0949, Epsilon: 0.408
2026-03-29 22:08:24 | INFO | Episode  240 - Reward: -200.000, Length: 200, Loss: 0.5609, Entropy: 1.0978, Epsilon: 0.406
2026-03-29 22:08:25 | INFO | Episode  241 - Reward: -200.000, Length: 200, Loss: 0.4936, Entropy: 1.0979, Epsilon: 0.404
2026-03-29 22:08:25 | INFO | Episode  242 - Reward: -200.000, Length: 200, Loss: 1.5062, Entropy: 1.0954, Epsilon: 0.401
2026-03-29 22:08:26 | INFO | Episode  243 - Reward: -200.000, Length: 200, Loss: 1.7371, Entropy: 1.0942, Epsilon: 0.399
2026-03-29 22:08:26 | INFO | Episode  244 - Reward: -200.000, Length: 200, Loss: 0.7738, Entropy: 1.0966, Epsilon: 0.396
2026-03-29 22:08:27 | INFO | Episode  245 - Reward: -200.000, Length: 200, Loss: 0.9232, Entropy: 1.0976, Epsilon: 0.394
2026-03-29 22:08:28 | INFO | Episode  246 - Reward: -200.000, Length: 200, Loss: 0.9903, Entropy: 1.0975, Epsilon: 0.391
2026-03-29 22:08:28 | INFO | Episode  247 - Reward: -200.000, Length: 200, Loss: 1.0465, Entropy: 1.0958, Epsilon: 0.389
2026-03-29 22:08:29 | INFO | Episode  248 - Reward: -200.000, Length: 200, Loss: 1.7610, Entropy: 1.0971, Epsilon: 0.386
2026-03-29 22:08:30 | INFO | Episode  249 - Reward: -200.000, Length: 200, Loss: 1.0917, Entropy: 1.0971, Epsilon: 0.384
2026-03-29 22:08:31 | INFO | Episode  250 - Reward: -200.000, Length: 200, Loss: 1.6384, Entropy: 1.0920, Epsilon: 0.381
2026-03-29 22:08:38 | INFO | [Episode  250] eps=0.381  avg_reward=-200.000  avg_length=200.00  avg_loss=  1.2794  avg_entropy=1.0920  eval_success=0.000
2026-03-29 22:08:39 | INFO | Episode  251 - Reward: -200.000, Length: 200, Loss: 1.2975, Entropy: 1.0953, Epsilon: 0.379
2026-03-29 22:08:40 | INFO | Episode  252 - Reward: -200.000, Length: 200, Loss: 0.9780, Entropy: 1.0979, Epsilon: 0.376
2026-03-29 22:08:40 | INFO | Episode  253 - Reward: -200.000, Length: 200, Loss: 0.2038, Entropy: 1.0982, Epsilon: 0.374
2026-03-29 22:08:41 | INFO | Episode  254 - Reward: -200.000, Length: 200, Loss: 1.0013, Entropy: 1.0976, Epsilon: 0.371
2026-03-29 22:08:41 | INFO | Episode  255 - Reward: -200.000, Length: 200, Loss: 0.9774, Entropy: 1.0979, Epsilon: 0.369
2026-03-29 22:08:42 | INFO | Episode  256 - Reward: -200.000, Length: 200, Loss: 0.7421, Entropy: 1.0972, Epsilon: 0.366
2026-03-29 22:08:43 | INFO | Episode  257 - Reward: -200.000, Length: 200, Loss: 1.8578, Entropy: 1.0953, Epsilon: 0.364
2026-03-29 22:08:43 | INFO | Episode  258 - Reward: -200.000, Length: 200, Loss: 2.3440, Entropy: 1.0926, Epsilon: 0.361
2026-03-29 22:08:44 | INFO | Episode  259 - Reward: -200.000, Length: 200, Loss: 0.7409, Entropy: 1.0983, Epsilon: 0.359
2026-03-29 22:08:45 | INFO | Episode  260 - Reward: -200.000, Length: 200, Loss: 0.6832, Entropy: 1.0972, Epsilon: 0.357
2026-03-29 22:08:45 | INFO | Episode  261 - Reward: -200.000, Length: 200, Loss: 2.0469, Entropy: 1.0961, Epsilon: 0.354
2026-03-29 22:08:46 | INFO | Episode  262 - Reward: -200.000, Length: 200, Loss: 0.2210, Entropy: 1.0968, Epsilon: 0.352
2026-03-29 22:08:47 | INFO | Episode  263 - Reward: -200.000, Length: 200, Loss: 1.8452, Entropy: 1.0945, Epsilon: 0.349
2026-03-29 22:08:47 | INFO | Episode  264 - Reward: -200.000, Length: 200, Loss: 1.8093, Entropy: 1.0946, Epsilon: 0.347
2026-03-29 22:08:48 | INFO | Episode  265 - Reward: -200.000, Length: 200, Loss: 1.2722, Entropy: 1.0978, Epsilon: 0.344
2026-03-29 22:08:48 | INFO | Episode  266 - Reward: -200.000, Length: 200, Loss: 0.4541, Entropy: 1.0981, Epsilon: 0.342
2026-03-29 22:08:49 | INFO | Episode  267 - Reward: -200.000, Length: 200, Loss: 0.2262, Entropy: 1.0980, Epsilon: 0.339
2026-03-29 22:08:50 | INFO | Episode  268 - Reward: -200.000, Length: 200, Loss: 2.5631, Entropy: 1.0937, Epsilon: 0.337
2026-03-29 22:08:50 | INFO | Episode  269 - Reward: -200.000, Length: 200, Loss: 1.7502, Entropy: 1.0964, Epsilon: 0.334
2026-03-29 22:08:51 | INFO | Episode  270 - Reward: -200.000, Length: 200, Loss: 1.7523, Entropy: 1.0969, Epsilon: 0.332
2026-03-29 22:08:52 | INFO | Episode  271 - Reward: -200.000, Length: 200, Loss: 0.5062, Entropy: 1.0977, Epsilon: 0.329
2026-03-29 22:08:52 | INFO | Episode  272 - Reward: -200.000, Length: 200, Loss: 0.9840, Entropy: 1.0976, Epsilon: 0.327
2026-03-29 22:08:53 | INFO | Episode  273 - Reward: -200.000, Length: 200, Loss: 2.4114, Entropy: 1.0952, Epsilon: 0.324
2026-03-29 22:08:54 | INFO | Episode  274 - Reward: -200.000, Length: 200, Loss: 0.7321, Entropy: 1.0982, Epsilon: 0.322
2026-03-29 22:08:54 | INFO | Episode  275 - Reward: -200.000, Length: 200, Loss: 0.5425, Entropy: 1.0971, Epsilon: 0.319
2026-03-29 22:08:55 | INFO | Episode  276 - Reward: -200.000, Length: 200, Loss: 0.2095, Entropy: 1.0981, Epsilon: 0.317
2026-03-29 22:08:55 | INFO | Episode  277 - Reward: -200.000, Length: 200, Loss: 1.2583, Entropy: 1.0976, Epsilon: 0.314
2026-03-29 22:08:56 | INFO | Episode  278 - Reward: -200.000, Length: 200, Loss: 0.7242, Entropy: 1.0980, Epsilon: 0.312
2026-03-29 22:08:57 | INFO | Episode  279 - Reward: -200.000, Length: 200, Loss: 1.6126, Entropy: 1.0956, Epsilon: 0.309
2026-03-29 22:08:57 | INFO | Episode  280 - Reward: -200.000, Length: 200, Loss: 1.2401, Entropy: 1.0958, Epsilon: 0.307
2026-03-29 22:08:58 | INFO | Episode  281 - Reward: -200.000, Length: 200, Loss: 1.7900, Entropy: 1.0964, Epsilon: 0.305
2026-03-29 22:08:59 | INFO | Episode  282 - Reward: -200.000, Length: 200, Loss: 1.2857, Entropy: 1.0971, Epsilon: 0.302
2026-03-29 22:08:59 | INFO | Episode  283 - Reward: -200.000, Length: 200, Loss: 1.2165, Entropy: 1.0966, Epsilon: 0.300
2026-03-29 22:09:00 | INFO | Episode  284 - Reward: -200.000, Length: 200, Loss: 1.2642, Entropy: 1.0973, Epsilon: 0.297
2026-03-29 22:09:00 | INFO | Episode  285 - Reward: -200.000, Length: 200, Loss: 2.9499, Entropy: 1.0946, Epsilon: 0.295
2026-03-29 22:09:01 | INFO | Episode  286 - Reward: -200.000, Length: 200, Loss: 1.7190, Entropy: 1.0955, Epsilon: 0.292
2026-03-29 22:09:01 | INFO | Episode  287 - Reward: -200.000, Length: 200, Loss: 0.1875, Entropy: 1.0978, Epsilon: 0.290
2026-03-29 22:09:02 | INFO | Episode  288 - Reward: -200.000, Length: 200, Loss: 1.2960, Entropy: 1.0971, Epsilon: 0.287
2026-03-29 22:09:03 | INFO | Episode  289 - Reward: -200.000, Length: 200, Loss: 1.8534, Entropy: 1.0951, Epsilon: 0.285
2026-03-29 22:09:03 | INFO | Episode  290 - Reward: -200.000, Length: 200, Loss: 0.8512, Entropy: 1.0979, Epsilon: 0.282
2026-03-29 22:09:04 | INFO | Episode  291 - Reward: -200.000, Length: 200, Loss: 2.1101, Entropy: 1.0946, Epsilon: 0.280
2026-03-29 22:09:04 | INFO | Episode  292 - Reward: -200.000, Length: 200, Loss: 2.0757, Entropy: 1.0964, Epsilon: 0.277
2026-03-29 22:09:05 | INFO | Episode  293 - Reward: -200.000, Length: 200, Loss: 1.7721, Entropy: 1.0923, Epsilon: 0.275
2026-03-29 22:09:05 | INFO | Episode  294 - Reward: -200.000, Length: 200, Loss: 1.3186, Entropy: 1.0948, Epsilon: 0.272
2026-03-29 22:09:05 | INFO | Episode  295 - Reward: -200.000, Length: 200, Loss: 0.4564, Entropy: 1.0983, Epsilon: 0.270
2026-03-29 22:09:06 | INFO | Episode  296 - Reward: -200.000, Length: 200, Loss: 1.3663, Entropy: 1.0974, Epsilon: 0.267
2026-03-29 22:09:06 | INFO | Episode  297 - Reward: -200.000, Length: 200, Loss: 1.2860, Entropy: 1.0963, Epsilon: 0.265
2026-03-29 22:09:07 | INFO | Episode  298 - Reward: -200.000, Length: 200, Loss: 2.0685, Entropy: 1.0973, Epsilon: 0.262
2026-03-29 22:09:07 | INFO | Episode  299 - Reward: -200.000, Length: 200, Loss: 1.6390, Entropy: 1.0967, Epsilon: 0.260
2026-03-29 22:09:08 | INFO | Episode  300 - Reward: -200.000, Length: 200, Loss: 0.6820, Entropy: 1.0978, Epsilon: 0.258
2026-03-29 22:09:13 | INFO | [Episode  300] eps=0.258  avg_reward=-200.000  avg_length=200.00  avg_loss=  1.2835  avg_entropy=1.0978  eval_success=0.000
2026-03-29 22:09:14 | INFO | Episode  301 - Reward: -200.000, Length: 200, Loss: 1.6659, Entropy: 1.0952, Epsilon: 0.255
2026-03-29 22:09:14 | INFO | Episode  302 - Reward: -200.000, Length: 200, Loss: 1.6325, Entropy: 1.0978, Epsilon: 0.253
2026-03-29 22:09:14 | INFO | Episode  303 - Reward: -200.000, Length: 200, Loss: 1.5475, Entropy: 1.0973, Epsilon: 0.250
2026-03-29 22:09:15 | INFO | Episode  304 - Reward: -200.000, Length: 200, Loss: 2.3708, Entropy: 1.0954, Epsilon: 0.248
2026-03-29 22:09:15 | INFO | Episode  305 - Reward: -200.000, Length: 200, Loss: 1.3854, Entropy: 1.0975, Epsilon: 0.245
2026-03-29 22:09:16 | INFO | Episode  306 - Reward: -200.000, Length: 200, Loss: 0.8169, Entropy: 1.0978, Epsilon: 0.243
2026-03-29 22:09:16 | INFO | Episode  307 - Reward: -200.000, Length: 200, Loss: 0.9643, Entropy: 1.0975, Epsilon: 0.240
2026-03-29 22:09:17 | INFO | Episode  308 - Reward: -200.000, Length: 200, Loss: 0.2123, Entropy: 1.0983, Epsilon: 0.238
2026-03-29 22:09:17 | INFO | Episode  309 - Reward: -200.000, Length: 200, Loss: 1.6360, Entropy: 1.0959, Epsilon: 0.235
2026-03-29 22:09:17 | INFO | Episode  310 - Reward: -200.000, Length: 200, Loss: 1.0680, Entropy: 1.0977, Epsilon: 0.233
2026-03-29 22:09:18 | INFO | Episode  311 - Reward: -200.000, Length: 200, Loss: 1.0070, Entropy: 1.0962, Epsilon: 0.230
2026-03-29 22:09:18 | INFO | Episode  312 - Reward: -200.000, Length: 200, Loss: 2.0099, Entropy: 1.0960, Epsilon: 0.228
2026-03-29 22:09:19 | INFO | Episode  313 - Reward: -200.000, Length: 200, Loss: 1.3614, Entropy: 1.0960, Epsilon: 0.225
2026-03-29 22:09:19 | INFO | Episode  314 - Reward: -200.000, Length: 200, Loss: 1.2810, Entropy: 1.0967, Epsilon: 0.223
2026-03-29 22:09:20 | INFO | Episode  315 - Reward: -200.000, Length: 200, Loss: 1.9373, Entropy: 1.0980, Epsilon: 0.220
2026-03-29 22:09:20 | INFO | Episode  316 - Reward: -200.000, Length: 200, Loss: 0.4893, Entropy: 1.0978, Epsilon: 0.218
2026-03-29 22:09:21 | INFO | Episode  317 - Reward: -200.000, Length: 200, Loss: 0.5536, Entropy: 1.0980, Epsilon: 0.215
2026-03-29 22:09:21 | INFO | Episode  318 - Reward: -200.000, Length: 200, Loss: 1.3669, Entropy: 1.0975, Epsilon: 0.213
2026-03-29 22:09:21 | INFO | Episode  319 - Reward: -200.000, Length: 200, Loss: 1.8814, Entropy: 1.0948, Epsilon: 0.210
2026-03-29 22:09:22 | INFO | Episode  320 - Reward: -200.000, Length: 200, Loss: 2.1404, Entropy: 1.0960, Epsilon: 0.208
2026-03-29 22:09:22 | INFO | Episode  321 - Reward: -200.000, Length: 200, Loss: 0.5570, Entropy: 1.0975, Epsilon: 0.206
2026-03-29 22:09:23 | INFO | Episode  322 - Reward: -200.000, Length: 200, Loss: 1.8604, Entropy: 1.0973, Epsilon: 0.203
2026-03-29 22:09:23 | INFO | Episode  323 - Reward: -200.000, Length: 200, Loss: 2.0194, Entropy: 1.0950, Epsilon: 0.201
2026-03-29 22:09:24 | INFO | Episode  324 - Reward: -200.000, Length: 200, Loss: 1.7544, Entropy: 1.0951, Epsilon: 0.198
2026-03-29 22:09:24 | INFO | Episode  325 - Reward: -200.000, Length: 200, Loss: 0.8424, Entropy: 1.0953, Epsilon: 0.196
2026-03-29 22:09:24 | INFO | Episode  326 - Reward: -200.000, Length: 200, Loss: 0.8812, Entropy: 1.0974, Epsilon: 0.193
2026-03-29 22:09:25 | INFO | Episode  327 - Reward: -200.000, Length: 200, Loss: 1.7621, Entropy: 1.0964, Epsilon: 0.191
2026-03-29 22:09:25 | INFO | Episode  328 - Reward: -200.000, Length: 200, Loss: 1.1835, Entropy: 1.0940, Epsilon: 0.188
2026-03-29 22:09:26 | INFO | Episode  329 - Reward: -200.000, Length: 200, Loss: 1.2754, Entropy: 1.0967, Epsilon: 0.186
2026-03-29 22:09:26 | INFO | Episode  330 - Reward: -200.000, Length: 200, Loss: 2.0015, Entropy: 1.0962, Epsilon: 0.183
2026-03-29 22:09:27 | INFO | Episode  331 - Reward: -200.000, Length: 200, Loss: 1.2504, Entropy: 1.0978, Epsilon: 0.181
2026-03-29 22:09:27 | INFO | Episode  332 - Reward: -200.000, Length: 200, Loss: 1.9025, Entropy: 1.0955, Epsilon: 0.178
2026-03-29 22:09:28 | INFO | Episode  333 - Reward: -200.000, Length: 200, Loss: -0.0237, Entropy: 1.0984, Epsilon: 0.176
2026-03-29 22:09:28 | INFO | Episode  334 - Reward: -200.000, Length: 200, Loss: 2.4867, Entropy: 1.0961, Epsilon: 0.173
2026-03-29 22:09:29 | INFO | Episode  335 - Reward: -200.000, Length: 200, Loss: 1.3218, Entropy: 1.0972, Epsilon: 0.171
2026-03-29 22:09:29 | INFO | Episode  336 - Reward: -200.000, Length: 200, Loss: 1.4416, Entropy: 1.0962, Epsilon: 0.168
2026-03-29 22:09:30 | INFO | Episode  337 - Reward: -200.000, Length: 200, Loss: 2.1373, Entropy: 1.0952, Epsilon: 0.166
2026-03-29 22:09:30 | INFO | Episode  338 - Reward: -200.000, Length: 200, Loss: 1.3885, Entropy: 1.0969, Epsilon: 0.163
2026-03-29 22:09:30 | INFO | Episode  339 - Reward: -200.000, Length: 200, Loss: 1.0747, Entropy: 1.0968, Epsilon: 0.161
2026-03-29 22:09:31 | INFO | Episode  340 - Reward: -200.000, Length: 200, Loss: 1.5996, Entropy: 1.0978, Epsilon: 0.158
2026-03-29 22:09:31 | INFO | Episode  341 - Reward: -200.000, Length: 200, Loss: 1.0880, Entropy: 1.0966, Epsilon: 0.156
2026-03-29 22:09:32 | INFO | Episode  342 - Reward: -200.000, Length: 200, Loss: 2.1808, Entropy: 1.0946, Epsilon: 0.154
2026-03-29 22:09:32 | INFO | Episode  343 - Reward: -200.000, Length: 200, Loss: 1.0423, Entropy: 1.0971, Epsilon: 0.151
2026-03-29 22:09:33 | INFO | Episode  344 - Reward: -200.000, Length: 200, Loss: 1.6255, Entropy: 1.0952, Epsilon: 0.149
2026-03-29 22:09:33 | INFO | Episode  345 - Reward: -200.000, Length: 200, Loss: 0.2305, Entropy: 1.0979, Epsilon: 0.146
2026-03-29 22:09:34 | INFO | Episode  346 - Reward: -200.000, Length: 200, Loss: 1.9668, Entropy: 1.0979, Epsilon: 0.144
2026-03-29 22:09:34 | INFO | Episode  347 - Reward: -200.000, Length: 200, Loss: 1.8092, Entropy: 1.0982, Epsilon: 0.141
2026-03-29 22:09:34 | INFO | Episode  348 - Reward: -200.000, Length: 200, Loss: 2.2110, Entropy: 1.0920, Epsilon: 0.139
2026-03-29 22:09:36 | INFO | Episode  349 - Reward: -200.000, Length: 200, Loss: 0.8663, Entropy: 1.0977, Epsilon: 0.136
2026-03-29 22:09:36 | INFO | Episode  350 - Reward: -200.000, Length: 200, Loss: 0.7563, Entropy: 1.0970, Epsilon: 0.134
2026-03-29 22:09:42 | INFO | [Episode  350] eps=0.134  avg_reward=-200.000  avg_length=200.00  avg_loss=  1.3964  avg_entropy=1.0970  eval_success=0.000
2026-03-29 22:09:42 | INFO | Episode  351 - Reward: -200.000, Length: 200, Loss: 0.4499, Entropy: 1.0981, Epsilon: 0.131
2026-03-29 22:09:42 | INFO | Episode  352 - Reward: -200.000, Length: 200, Loss: 0.4738, Entropy: 1.0980, Epsilon: 0.129
2026-03-29 22:09:43 | INFO | Episode  353 - Reward: -200.000, Length: 200, Loss: 1.5152, Entropy: 1.0973, Epsilon: 0.126
2026-03-29 22:09:43 | INFO | Episode  354 - Reward: -200.000, Length: 200, Loss: 1.7584, Entropy: 1.0969, Epsilon: 0.124
2026-03-29 22:09:44 | INFO | Episode  355 - Reward: -200.000, Length: 200, Loss: 0.8652, Entropy: 1.0962, Epsilon: 0.121
2026-03-29 22:09:44 | INFO | Episode  356 - Reward: -200.000, Length: 200, Loss: 1.8218, Entropy: 1.0951, Epsilon: 0.119
2026-03-29 22:09:45 | INFO | Episode  357 - Reward: -200.000, Length: 200, Loss: 2.7861, Entropy: 1.0953, Epsilon: 0.116
2026-03-29 22:09:45 | INFO | Episode  358 - Reward: -200.000, Length: 200, Loss: 1.0682, Entropy: 1.0960, Epsilon: 0.114
2026-03-29 22:09:45 | INFO | Episode  359 - Reward: -200.000, Length: 200, Loss: 1.3034, Entropy: 1.0971, Epsilon: 0.111
2026-03-29 22:09:46 | INFO | Episode  360 - Reward: -200.000, Length: 200, Loss: 2.2912, Entropy: 1.0937, Epsilon: 0.109
2026-03-29 22:09:46 | INFO | Episode  361 - Reward: -200.000, Length: 200, Loss: 1.5495, Entropy: 1.0964, Epsilon: 0.107
2026-03-29 22:09:47 | INFO | Episode  362 - Reward: -200.000, Length: 200, Loss: 1.5063, Entropy: 1.0972, Epsilon: 0.104
2026-03-29 22:09:47 | INFO | Episode  363 - Reward: -200.000, Length: 200, Loss: 1.0376, Entropy: 1.0973, Epsilon: 0.102
2026-03-29 22:09:48 | INFO | Episode  364 - Reward: -200.000, Length: 200, Loss: 0.2090, Entropy: 1.0983, Epsilon: 0.099
2026-03-29 22:09:48 | INFO | Episode  365 - Reward: -200.000, Length: 200, Loss: 2.3206, Entropy: 1.0961, Epsilon: 0.097
2026-03-29 22:09:49 | INFO | Episode  366 - Reward: -200.000, Length: 200, Loss: 1.2573, Entropy: 1.0950, Epsilon: 0.094
2026-03-29 22:09:49 | INFO | Episode  367 - Reward: -200.000, Length: 200, Loss: 1.8770, Entropy: 1.0939, Epsilon: 0.092
2026-03-29 22:09:50 | INFO | Episode  368 - Reward: -200.000, Length: 200, Loss: 2.0752, Entropy: 1.0927, Epsilon: 0.089
2026-03-29 22:09:50 | INFO | Episode  369 - Reward: -200.000, Length: 200, Loss: 1.5288, Entropy: 1.0963, Epsilon: 0.087
2026-03-29 22:09:51 | INFO | Episode  370 - Reward: -200.000, Length: 200, Loss: 0.1950, Entropy: 1.0979, Epsilon: 0.084
2026-03-29 22:09:51 | INFO | Episode  371 - Reward: -200.000, Length: 200, Loss: 1.0034, Entropy: 1.0977, Epsilon: 0.082
2026-03-29 22:09:52 | INFO | Episode  372 - Reward: -200.000, Length: 200, Loss: 2.5345, Entropy: 1.0969, Epsilon: 0.079
2026-03-29 22:09:52 | INFO | Episode  373 - Reward: -200.000, Length: 200, Loss: 2.1617, Entropy: 1.0972, Epsilon: 0.077
2026-03-29 22:09:53 | INFO | Episode  374 - Reward: -200.000, Length: 200, Loss: 1.2372, Entropy: 1.0965, Epsilon: 0.074
2026-03-29 22:09:53 | INFO | Episode  375 - Reward: -200.000, Length: 200, Loss: 1.7149, Entropy: 1.0963, Epsilon: 0.072
2026-03-29 22:09:54 | INFO | Episode  376 - Reward: -200.000, Length: 200, Loss: 1.9200, Entropy: 1.0943, Epsilon: 0.069
2026-03-29 22:09:54 | INFO | Episode  377 - Reward: -200.000, Length: 200, Loss: 0.8172, Entropy: 1.0978, Epsilon: 0.067
2026-03-29 22:09:55 | INFO | Episode  378 - Reward: -200.000, Length: 200, Loss: 1.1154, Entropy: 1.0945, Epsilon: 0.064
2026-03-29 22:09:55 | INFO | Episode  379 - Reward: -200.000, Length: 200, Loss: 1.4585, Entropy: 1.0976, Epsilon: 0.062
2026-03-29 22:09:55 | INFO | Episode  380 - Reward: -200.000, Length: 200, Loss: 1.5845, Entropy: 1.0966, Epsilon: 0.059
2026-03-29 22:09:56 | INFO | Episode  381 - Reward: -200.000, Length: 200, Loss: 0.7405, Entropy: 1.0980, Epsilon: 0.057
2026-03-29 22:09:56 | INFO | Episode  382 - Reward: -200.000, Length: 200, Loss: 1.0100, Entropy: 1.0979, Epsilon: 0.055
2026-03-29 22:09:57 | INFO | Episode  383 - Reward: -200.000, Length: 200, Loss: 1.5608, Entropy: 1.0963, Epsilon: 0.052
2026-03-29 22:09:57 | INFO | Episode  384 - Reward: -200.000, Length: 200, Loss: 2.1232, Entropy: 1.0957, Epsilon: 0.050
2026-03-29 22:09:58 | INFO | Episode  385 - Reward: -200.000, Length: 200, Loss: 0.2178, Entropy: 1.0978, Epsilon: 0.047
2026-03-29 22:09:58 | INFO | Episode  386 - Reward: -200.000, Length: 200, Loss: 1.4209, Entropy: 1.0956, Epsilon: 0.045
2026-03-29 22:09:59 | INFO | Episode  387 - Reward: -200.000, Length: 200, Loss: 1.5994, Entropy: 1.0968, Epsilon: 0.042
2026-03-29 22:09:59 | INFO | Episode  388 - Reward: -200.000, Length: 200, Loss: 2.7586, Entropy: 1.0952, Epsilon: 0.040
2026-03-29 22:10:00 | INFO | Episode  389 - Reward: -200.000, Length: 200, Loss: 1.7122, Entropy: 1.0969, Epsilon: 0.037
2026-03-29 22:10:00 | INFO | Episode  390 - Reward: -200.000, Length: 200, Loss: 1.5790, Entropy: 1.0965, Epsilon: 0.035
2026-03-29 22:10:01 | INFO | Episode  391 - Reward: -200.000, Length: 200, Loss: 1.1040, Entropy: 1.0964, Epsilon: 0.032
2026-03-29 22:10:01 | INFO | Episode  392 - Reward: -200.000, Length: 200, Loss: 0.3932, Entropy: 1.0978, Epsilon: 0.030
2026-03-29 22:10:01 | INFO | Episode  393 - Reward: -200.000, Length: 200, Loss: 0.9213, Entropy: 1.0973, Epsilon: 0.027
2026-03-29 22:10:02 | INFO | Episode  394 - Reward: -200.000, Length: 200, Loss: -0.0494, Entropy: 1.0983, Epsilon: 0.025
2026-03-29 22:10:02 | INFO | Episode  395 - Reward: -200.000, Length: 200, Loss: 1.3134, Entropy: 1.0961, Epsilon: 0.022
2026-03-29 22:10:03 | INFO | Episode  396 - Reward: -200.000, Length: 200, Loss: 1.7218, Entropy: 1.0968, Epsilon: 0.020
2026-03-29 22:10:03 | INFO | Episode  397 - Reward: -200.000, Length: 200, Loss: 1.6085, Entropy: 1.0917, Epsilon: 0.017
2026-03-29 22:10:04 | INFO | Episode  398 - Reward: -200.000, Length: 200, Loss: 1.6795, Entropy: 1.0955, Epsilon: 0.015
2026-03-29 22:10:04 | INFO | Episode  399 - Reward: -200.000, Length: 200, Loss: 2.1417, Entropy: 1.0966, Epsilon: 0.012
2026-03-29 22:10:04 | INFO | Episode  400 - Reward: -200.000, Length: 200, Loss: 1.9584, Entropy: 1.0954, Epsilon: 0.010
2026-03-29 22:10:11 | INFO | [Episode  400] eps=0.010  avg_reward=-200.000  avg_length=200.00  avg_loss=  1.4190  avg_entropy=1.0954  eval_success=0.000
2026-03-29 22:10:11 | INFO | Episode  401 - Reward: -200.000, Length: 200, Loss: 1.3924, Entropy: 1.0955, Epsilon: 0.010
2026-03-29 22:10:12 | INFO | Episode  402 - Reward: -200.000, Length: 200, Loss: 1.1196, Entropy: 1.0972, Epsilon: 0.010
2026-03-29 22:10:12 | INFO | Episode  403 - Reward: -200.000, Length: 200, Loss: 1.1744, Entropy: 1.0952, Epsilon: 0.010
2026-03-29 22:10:13 | INFO | Episode  404 - Reward: -200.000, Length: 200, Loss: 0.6597, Entropy: 1.0977, Epsilon: 0.010
2026-03-29 22:10:13 | INFO | Episode  405 - Reward: -200.000, Length: 200, Loss: 1.8513, Entropy: 1.0948, Epsilon: 0.010
2026-03-29 22:10:14 | INFO | Episode  406 - Reward: -200.000, Length: 200, Loss: 0.6795, Entropy: 1.0978, Epsilon: 0.010
2026-03-29 22:10:14 | INFO | Episode  407 - Reward: -200.000, Length: 200, Loss: 0.9024, Entropy: 1.0958, Epsilon: 0.010
2026-03-29 22:10:14 | INFO | Episode  408 - Reward: -200.000, Length: 200, Loss: 2.2184, Entropy: 1.0952, Epsilon: 0.010
2026-03-29 22:10:15 | INFO | Episode  409 - Reward: -200.000, Length: 200, Loss: 1.3384, Entropy: 1.0973, Epsilon: 0.010
2026-03-29 22:10:15 | INFO | Episode  410 - Reward: -200.000, Length: 200, Loss: 0.6505, Entropy: 1.0970, Epsilon: 0.010
2026-03-29 22:10:16 | INFO | Episode  411 - Reward: -200.000, Length: 200, Loss: 1.4930, Entropy: 1.0966, Epsilon: 0.010
2026-03-29 22:10:16 | INFO | Episode  412 - Reward: -200.000, Length: 200, Loss: 0.7978, Entropy: 1.0979, Epsilon: 0.010
2026-03-29 22:10:17 | INFO | Episode  413 - Reward: -200.000, Length: 200, Loss: 1.8451, Entropy: 1.0953, Epsilon: 0.010
2026-03-29 22:10:17 | INFO | Episode  414 - Reward: -200.000, Length: 200, Loss: 0.6565, Entropy: 1.0973, Epsilon: 0.010
2026-03-29 22:10:18 | INFO | Episode  415 - Reward: -200.000, Length: 200, Loss: 1.1198, Entropy: 1.0969, Epsilon: 0.010
2026-03-29 22:10:18 | INFO | Episode  416 - Reward: -200.000, Length: 200, Loss: 1.6827, Entropy: 1.0939, Epsilon: 0.010
2026-03-29 22:10:19 | INFO | Episode  417 - Reward: -200.000, Length: 200, Loss: 0.4104, Entropy: 1.0981, Epsilon: 0.010
2026-03-29 22:10:19 | INFO | Episode  418 - Reward: -200.000, Length: 200, Loss: 1.1539, Entropy: 1.0973, Epsilon: 0.010
2026-03-29 22:10:20 | INFO | Episode  419 - Reward: -200.000, Length: 200, Loss: 1.1303, Entropy: 1.0981, Epsilon: 0.010
2026-03-29 22:10:21 | INFO | Episode  420 - Reward: -200.000, Length: 200, Loss: 1.4032, Entropy: 1.0955, Epsilon: 0.010
2026-03-29 22:10:21 | INFO | Episode  421 - Reward: -200.000, Length: 200, Loss: 2.1164, Entropy: 1.0915, Epsilon: 0.010
2026-03-29 22:10:21 | INFO | Episode  422 - Reward: -200.000, Length: 200, Loss: 0.7166, Entropy: 1.0963, Epsilon: 0.010
2026-03-29 22:10:22 | INFO | Episode  423 - Reward: -200.000, Length: 200, Loss: 0.8752, Entropy: 1.0973, Epsilon: 0.010
2026-03-29 22:10:22 | INFO | Episode  424 - Reward: -200.000, Length: 200, Loss: 0.5049, Entropy: 1.0975, Epsilon: 0.010
2026-03-29 22:10:23 | INFO | Episode  425 - Reward: -200.000, Length: 200, Loss: 0.4922, Entropy: 1.0975, Epsilon: 0.010
2026-03-29 22:10:23 | INFO | Episode  426 - Reward: -200.000, Length: 200, Loss: 1.1938, Entropy: 1.0954, Epsilon: 0.010
2026-03-29 22:10:24 | INFO | Episode  427 - Reward: -200.000, Length: 200, Loss: 0.6790, Entropy: 1.0980, Epsilon: 0.010
2026-03-29 22:10:24 | INFO | Episode  428 - Reward: -200.000, Length: 200, Loss: 0.9793, Entropy: 1.0964, Epsilon: 0.010
2026-03-29 22:10:25 | INFO | Episode  429 - Reward: -200.000, Length: 200, Loss: 0.6909, Entropy: 1.0971, Epsilon: 0.010
2026-03-29 22:10:25 | INFO | Episode  430 - Reward: -200.000, Length: 200, Loss: 1.8402, Entropy: 1.0977, Epsilon: 0.010
2026-03-29 22:10:26 | INFO | Episode  431 - Reward: -200.000, Length: 200, Loss: 0.9220, Entropy: 1.0976, Epsilon: 0.010
2026-03-29 22:10:26 | INFO | Episode  432 - Reward: -200.000, Length: 200, Loss: 1.1457, Entropy: 1.0979, Epsilon: 0.010
2026-03-29 22:10:27 | INFO | Episode  433 - Reward: -200.000, Length: 200, Loss: 0.6573, Entropy: 1.0978, Epsilon: 0.010
2026-03-29 22:10:27 | INFO | Episode  434 - Reward: -200.000, Length: 200, Loss: 1.3341, Entropy: 1.0976, Epsilon: 0.010
2026-03-29 22:10:28 | INFO | Episode  435 - Reward: -200.000, Length: 200, Loss: 0.2313, Entropy: 1.0982, Epsilon: 0.010
2026-03-29 22:10:28 | INFO | Episode  436 - Reward: -200.000, Length: 200, Loss: 0.7731, Entropy: 1.0967, Epsilon: 0.010
2026-03-29 22:10:29 | INFO | Episode  437 - Reward: -200.000, Length: 200, Loss: 0.8324, Entropy: 1.0962, Epsilon: 0.010
2026-03-29 22:10:29 | INFO | Episode  438 - Reward: -200.000, Length: 200, Loss: 1.4147, Entropy: 1.0971, Epsilon: 0.010
2026-03-29 22:10:30 | INFO | Episode  439 - Reward: -200.000, Length: 200, Loss: 0.8776, Entropy: 1.0967, Epsilon: 0.010
2026-03-29 22:10:30 | INFO | Episode  440 - Reward: -200.000, Length: 200, Loss: 1.4049, Entropy: 1.0974, Epsilon: 0.010
2026-03-29 22:10:30 | INFO | Episode  441 - Reward: -200.000, Length: 200, Loss: 1.5942, Entropy: 1.0939, Epsilon: 0.010
2026-03-29 22:10:31 | INFO | Episode  442 - Reward: -200.000, Length: 200, Loss: 1.4659, Entropy: 1.0943, Epsilon: 0.010
2026-03-29 22:10:31 | INFO | Episode  443 - Reward: -200.000, Length: 200, Loss: 1.8243, Entropy: 1.0956, Epsilon: 0.010
2026-03-29 22:10:32 | INFO | Episode  444 - Reward: -200.000, Length: 200, Loss: 0.9551, Entropy: 1.0971, Epsilon: 0.010
2026-03-29 22:10:32 | INFO | Episode  445 - Reward: -200.000, Length: 200, Loss: 0.4476, Entropy: 1.0978, Epsilon: 0.010
2026-03-29 22:10:33 | INFO | Episode  446 - Reward: -200.000, Length: 200, Loss: 1.4789, Entropy: 1.0966, Epsilon: 0.010
2026-03-29 22:10:33 | INFO | Episode  447 - Reward: -200.000, Length: 200, Loss: 0.6918, Entropy: 1.0972, Epsilon: 0.010
2026-03-29 22:10:34 | INFO | Episode  448 - Reward: -200.000, Length: 200, Loss: 0.4703, Entropy: 1.0974, Epsilon: 0.010
2026-03-29 22:10:34 | INFO | Episode  449 - Reward: -200.000, Length: 200, Loss: 2.2835, Entropy: 1.0941, Epsilon: 0.010
2026-03-29 22:10:34 | INFO | Episode  450 - Reward: -200.000, Length: 200, Loss: 0.9227, Entropy: 1.0972, Epsilon: 0.010
2026-03-29 22:10:40 | INFO | [Episode  450] eps=0.010  avg_reward=-200.000  avg_length=200.00  avg_loss=  1.1099  avg_entropy=1.0972  eval_success=0.000
2026-03-29 22:10:40 | INFO | Episode  451 - Reward: -200.000, Length: 200, Loss: 1.0083, Entropy: 1.0973, Epsilon: 0.010
2026-03-29 22:10:42 | INFO | Episode  452 - Reward: -200.000, Length: 200, Loss: 0.2631, Entropy: 1.0983, Epsilon: 0.010
2026-03-29 22:10:42 | INFO | Episode  453 - Reward: -200.000, Length: 200, Loss: 0.7175, Entropy: 1.0975, Epsilon: 0.010
2026-03-29 22:10:43 | INFO | Episode  454 - Reward: -200.000, Length: 200, Loss: 1.0157, Entropy: 1.0963, Epsilon: 0.010
2026-03-29 22:10:43 | INFO | Episode  455 - Reward: -200.000, Length: 200, Loss: 1.2881, Entropy: 1.0966, Epsilon: 0.010
2026-03-29 22:10:43 | INFO | Episode  456 - Reward: -200.000, Length: 200, Loss: 0.7288, Entropy: 1.0959, Epsilon: 0.010
2026-03-29 22:10:44 | INFO | Episode  457 - Reward: -200.000, Length: 200, Loss: 1.2479, Entropy: 1.0970, Epsilon: 0.010
2026-03-29 22:10:44 | INFO | Episode  458 - Reward: -200.000, Length: 200, Loss: 0.7145, Entropy: 1.0969, Epsilon: 0.010
2026-03-29 22:10:45 | INFO | Episode  459 - Reward: -200.000, Length: 200, Loss: 1.2633, Entropy: 1.0958, Epsilon: 0.010
2026-03-29 22:10:45 | INFO | Episode  460 - Reward: -200.000, Length: 200, Loss: 0.2125, Entropy: 1.0978, Epsilon: 0.010
2026-03-29 22:10:46 | INFO | Episode  461 - Reward: -200.000, Length: 200, Loss: 1.5304, Entropy: 1.0957, Epsilon: 0.010
2026-03-29 22:10:46 | INFO | Episode  462 - Reward: -200.000, Length: 200, Loss: 2.2902, Entropy: 1.0946, Epsilon: 0.010
2026-03-29 22:10:47 | INFO | Episode  463 - Reward: -200.000, Length: 200, Loss: 1.1358, Entropy: 1.0950, Epsilon: 0.010
2026-03-29 22:10:47 | INFO | Episode  464 - Reward: -200.000, Length: 200, Loss: 1.5925, Entropy: 1.0973, Epsilon: 0.010
2026-03-29 22:10:48 | INFO | Episode  465 - Reward: -200.000, Length: 200, Loss: 0.7223, Entropy: 1.0966, Epsilon: 0.010
2026-03-29 22:10:48 | INFO | Episode  466 - Reward: -200.000, Length: 200, Loss: 1.3711, Entropy: 1.0969, Epsilon: 0.010
2026-03-29 22:10:49 | INFO | Episode  467 - Reward: -200.000, Length: 200, Loss: 1.2939, Entropy: 1.0971, Epsilon: 0.010
2026-03-29 22:10:49 | INFO | Episode  468 - Reward: -200.000, Length: 200, Loss: 0.9563, Entropy: 1.0973, Epsilon: 0.010
2026-03-29 22:10:49 | INFO | Episode  469 - Reward: -200.000, Length: 200, Loss: 0.6955, Entropy: 1.0972, Epsilon: 0.010
2026-03-29 22:10:50 | INFO | Episode  470 - Reward: -200.000, Length: 200, Loss: 1.1788, Entropy: 1.0972, Epsilon: 0.010
2026-03-29 22:10:50 | INFO | Episode  471 - Reward: -200.000, Length: 200, Loss: 0.9325, Entropy: 1.0974, Epsilon: 0.010
2026-03-29 22:10:51 | INFO | Episode  472 - Reward: -200.000, Length: 200, Loss: 0.8091, Entropy: 1.0971, Epsilon: 0.010
2026-03-29 22:10:51 | INFO | Episode  473 - Reward: -200.000, Length: 200, Loss: 2.0738, Entropy: 1.0965, Epsilon: 0.010
2026-03-29 22:10:52 | INFO | Episode  474 - Reward: -200.000, Length: 200, Loss: 2.1370, Entropy: 1.0929, Epsilon: 0.010
2026-03-29 22:10:52 | INFO | Episode  475 - Reward: -200.000, Length: 200, Loss: 0.4354, Entropy: 1.0966, Epsilon: 0.010
2026-03-29 22:10:53 | INFO | Episode  476 - Reward: -200.000, Length: 200, Loss: 1.4689, Entropy: 1.0954, Epsilon: 0.010
2026-03-29 22:10:53 | INFO | Episode  477 - Reward: -200.000, Length: 200, Loss: 1.5929, Entropy: 1.0961, Epsilon: 0.010
2026-03-29 22:10:54 | INFO | Episode  478 - Reward: -200.000, Length: 200, Loss: 1.3519, Entropy: 1.0980, Epsilon: 0.010
2026-03-29 22:10:54 | INFO | Episode  479 - Reward: -200.000, Length: 200, Loss: 1.4903, Entropy: 1.0965, Epsilon: 0.010
2026-03-29 22:10:55 | INFO | Episode  480 - Reward: -200.000, Length: 200, Loss: 2.1052, Entropy: 1.0884, Epsilon: 0.010
2026-03-29 22:10:55 | INFO | Episode  481 - Reward: -200.000, Length: 200, Loss: 1.2694, Entropy: 1.0957, Epsilon: 0.010
2026-03-29 22:10:56 | INFO | Episode  482 - Reward: -200.000, Length: 200, Loss: 1.5071, Entropy: 1.0968, Epsilon: 0.010
2026-03-29 22:10:56 | INFO | Episode  483 - Reward: -200.000, Length: 200, Loss: 1.1572, Entropy: 1.0964, Epsilon: 0.010
2026-03-29 22:10:57 | INFO | Episode  484 - Reward: -200.000, Length: 200, Loss: 1.1790, Entropy: 1.0941, Epsilon: 0.010
2026-03-29 22:10:57 | INFO | Episode  485 - Reward: -200.000, Length: 200, Loss: 1.1764, Entropy: 1.0974, Epsilon: 0.010
2026-03-29 22:10:57 | INFO | Episode  486 - Reward: -200.000, Length: 200, Loss: 1.0876, Entropy: 1.0981, Epsilon: 0.010
2026-03-29 22:10:58 | INFO | Episode  487 - Reward: -200.000, Length: 200, Loss: 1.8024, Entropy: 1.0958, Epsilon: 0.010
2026-03-29 22:10:58 | INFO | Episode  488 - Reward: -200.000, Length: 200, Loss: 1.0288, Entropy: 1.0965, Epsilon: 0.010
2026-03-29 22:10:59 | INFO | Episode  489 - Reward: -200.000, Length: 200, Loss: 1.6099, Entropy: 1.0935, Epsilon: 0.010
2026-03-29 22:10:59 | INFO | Episode  490 - Reward: -200.000, Length: 200, Loss: 0.2549, Entropy: 1.0975, Epsilon: 0.010
2026-03-29 22:11:00 | INFO | Episode  491 - Reward: -200.000, Length: 200, Loss: 1.5829, Entropy: 1.0957, Epsilon: 0.010
2026-03-29 22:11:00 | INFO | Episode  492 - Reward: -200.000, Length: 200, Loss: 1.0560, Entropy: 1.0964, Epsilon: 0.010
2026-03-29 22:11:01 | INFO | Episode  493 - Reward: -200.000, Length: 200, Loss: 0.9411, Entropy: 1.0963, Epsilon: 0.010
2026-03-29 22:11:01 | INFO | Episode  494 - Reward: -200.000, Length: 200, Loss: 0.9844, Entropy: 1.0976, Epsilon: 0.010
2026-03-29 22:11:02 | INFO | Episode  495 - Reward: -200.000, Length: 200, Loss: 1.2556, Entropy: 1.0961, Epsilon: 0.010
2026-03-29 22:11:02 | INFO | Episode  496 - Reward: -200.000, Length: 200, Loss: 1.2222, Entropy: 1.0950, Epsilon: 0.010
2026-03-29 22:11:03 | INFO | Episode  497 - Reward: -200.000, Length: 200, Loss: 2.2702, Entropy: 1.0955, Epsilon: 0.010
2026-03-29 22:11:10 | INFO | Episode  498 - Reward: -200.000, Length: 200, Loss: 0.6548, Entropy: 1.0982, Epsilon: 0.010
2026-03-29 22:11:10 | INFO | Episode  499 - Reward: -200.000, Length: 200, Loss: 1.1804, Entropy: 1.0966, Epsilon: 0.010
2026-03-29 22:11:11 | INFO | Episode  500 - Reward: -200.000, Length: 200, Loss: 1.4875, Entropy: 1.0969, Epsilon: 0.010
2026-03-29 22:11:16 | INFO | [Episode  500] eps=0.010  avg_reward=-200.000  avg_length=200.00  avg_loss=  1.2066  avg_entropy=1.0969  eval_success=0.000
2026-03-29 22:11:16 | INFO | DQN+Entropy training: 5m 0.91s
2026-03-29 22:11:38 | INFO | [Final Eval] success=0.000, mean_reward=-200.000
