2026-03-29 16:37:59 | INFO | ============================================================
2026-03-29 16:37:59 | INFO | DEVICE / COMPUTE INFORMATION
2026-03-29 16:37:59 | INFO |   JAX backend       : CPU
2026-03-29 16:37:59 | INFO |   Platform          : cpu
2026-03-29 16:37:59 | INFO |   Num devices       : 1
2026-03-29 16:37:59 | INFO |   Device            : TFRT_CPU_0
2026-03-29 16:37:59 | INFO | ============================================================
2026-03-29 16:37:59 | INFO | DQN+Entropy | seed=7, lr=0.001, gamma=0.99, alpha=0.01
2026-03-29 16:37:59 | INFO | Env: cartpole/dense, obs_dim=4, num_actions=2
2026-03-29 16:38:00 | INFO | Episode    1 - Reward: 14.000, Length: 14, Loss: 0.0000, Entropy: 0.0000, Epsilon: 0.998
2026-03-29 16:38:01 | INFO | Episode    2 - Reward: 10.000, Length: 10, Loss: 0.0000, Entropy: 0.0000, Epsilon: 0.995
2026-03-29 16:38:01 | INFO | Episode    3 - Reward: 26.000, Length: 26, Loss: 0.0000, Entropy: 0.0000, Epsilon: 0.993
2026-03-29 16:38:02 | INFO | Episode    4 - Reward: 12.000, Length: 12, Loss: 0.0000, Entropy: 0.0000, Epsilon: 0.990
2026-03-29 16:38:02 | INFO | Episode    5 - Reward: 22.000, Length: 22, Loss: 0.0000, Entropy: 0.0000, Epsilon: 0.988
2026-03-29 16:38:02 | INFO | Episode    6 - Reward: 22.000, Length: 22, Loss: 0.0000, Entropy: 0.0000, Epsilon: 0.985
2026-03-29 16:38:03 | INFO | Episode    7 - Reward: 15.000, Length: 15, Loss: 0.0000, Entropy: 0.0000, Epsilon: 0.983
2026-03-29 16:38:03 | INFO | Episode    8 - Reward: 11.000, Length: 11, Loss: 0.0000, Entropy: 0.0000, Epsilon: 0.980
2026-03-29 16:38:04 | INFO | Episode    9 - Reward: 14.000, Length: 14, Loss: 0.0000, Entropy: 0.0000, Epsilon: 0.978
2026-03-29 16:38:04 | INFO | Episode   10 - Reward: 45.000, Length: 45, Loss: 0.0000, Entropy: 0.0000, Epsilon: 0.975
2026-03-29 16:38:05 | INFO | Episode   11 - Reward: 53.000, Length: 53, Loss: 0.0000, Entropy: 0.0000, Epsilon: 0.973
2026-03-29 16:38:05 | INFO | Episode   12 - Reward: 11.000, Length: 11, Loss: 0.0000, Entropy: 0.0000, Epsilon: 0.970
2026-03-29 16:38:06 | INFO | Episode   13 - Reward: 25.000, Length: 25, Loss: 1.0644, Entropy: 0.6918, Epsilon: 0.968
2026-03-29 16:38:07 | INFO | Episode   14 - Reward: 50.000, Length: 50, Loss: 1.0550, Entropy: 0.6919, Epsilon: 0.965
2026-03-29 16:38:07 | INFO | Episode   15 - Reward: 13.000, Length: 13, Loss: 1.0411, Entropy: 0.6920, Epsilon: 0.963
2026-03-29 16:38:08 | INFO | Episode   16 - Reward: 17.000, Length: 17, Loss: 1.0307, Entropy: 0.6920, Epsilon: 0.960
2026-03-29 16:38:08 | INFO | Episode   17 - Reward: 26.000, Length: 26, Loss: 1.0147, Entropy: 0.6920, Epsilon: 0.958
2026-03-29 16:38:09 | INFO | Episode   18 - Reward: 12.000, Length: 12, Loss: 1.0023, Entropy: 0.6918, Epsilon: 0.955
2026-03-29 16:38:09 | INFO | Episode   19 - Reward: 11.000, Length: 11, Loss: 0.9951, Entropy: 0.6919, Epsilon: 0.953
2026-03-29 16:38:10 | INFO | Episode   20 - Reward: 24.000, Length: 24, Loss: 0.9749, Entropy: 0.6918, Epsilon: 0.951
2026-03-29 16:38:10 | INFO | Episode   21 - Reward: 14.000, Length: 14, Loss: 0.9727, Entropy: 0.6917, Epsilon: 0.948
2026-03-29 16:38:11 | INFO | Episode   22 - Reward: 10.000, Length: 10, Loss: 0.9630, Entropy: 0.6916, Epsilon: 0.946
2026-03-29 16:38:11 | INFO | Episode   23 - Reward: 18.000, Length: 18, Loss: 0.9589, Entropy: 0.6914, Epsilon: 0.943
2026-03-29 16:38:12 | INFO | Episode   24 - Reward: 32.000, Length: 32, Loss: 0.9500, Entropy: 0.6913, Epsilon: 0.941
2026-03-29 16:38:12 | INFO | Episode   25 - Reward: 14.000, Length: 14, Loss: 1.0672, Entropy: 0.6914, Epsilon: 0.938
2026-03-29 16:38:13 | INFO | Episode   26 - Reward: 13.000, Length: 13, Loss: 1.0651, Entropy: 0.6912, Epsilon: 0.936
2026-03-29 16:38:13 | INFO | Episode   27 - Reward: 29.000, Length: 29, Loss: 1.0460, Entropy: 0.6914, Epsilon: 0.933
2026-03-29 16:38:14 | INFO | Episode   28 - Reward: 24.000, Length: 24, Loss: 1.0351, Entropy: 0.6914, Epsilon: 0.931
2026-03-29 16:38:14 | INFO | Episode   29 - Reward: 11.000, Length: 11, Loss: 1.0377, Entropy: 0.6912, Epsilon: 0.928
2026-03-29 16:38:15 | INFO | Episode   30 - Reward: 10.000, Length: 10, Loss: 1.0188, Entropy: 0.6911, Epsilon: 0.926
2026-03-29 16:38:15 | INFO | Episode   31 - Reward: 12.000, Length: 12, Loss: 1.0047, Entropy: 0.6909, Epsilon: 0.923
2026-03-29 16:38:16 | INFO | Episode   32 - Reward: 14.000, Length: 14, Loss: 0.9967, Entropy: 0.6910, Epsilon: 0.921
2026-03-29 16:38:16 | INFO | Episode   33 - Reward: 59.000, Length: 59, Loss: 0.9810, Entropy: 0.6912, Epsilon: 0.918
2026-03-29 16:38:17 | INFO | Episode   34 - Reward: 16.000, Length: 16, Loss: 0.9720, Entropy: 0.6911, Epsilon: 0.916
2026-03-29 16:38:17 | INFO | Episode   35 - Reward: 13.000, Length: 13, Loss: 0.9618, Entropy: 0.6908, Epsilon: 0.913
2026-03-29 16:38:18 | INFO | Episode   36 - Reward: 20.000, Length: 20, Loss: 0.9403, Entropy: 0.6909, Epsilon: 0.911
2026-03-29 16:38:18 | INFO | Episode   37 - Reward: 25.000, Length: 25, Loss: 0.9323, Entropy: 0.6909, Epsilon: 0.908
2026-03-29 16:38:19 | INFO | Episode   38 - Reward: 17.000, Length: 17, Loss: 0.9260, Entropy: 0.6907, Epsilon: 0.906
2026-03-29 16:38:19 | INFO | Episode   39 - Reward: 15.000, Length: 15, Loss: 0.9187, Entropy: 0.6907, Epsilon: 0.903
2026-03-29 16:38:20 | INFO | Episode   40 - Reward: 13.000, Length: 13, Loss: 0.9024, Entropy: 0.6907, Epsilon: 0.901
2026-03-29 16:38:20 | INFO | Episode   41 - Reward: 17.000, Length: 17, Loss: 0.9004, Entropy: 0.6905, Epsilon: 0.899
2026-03-29 16:38:20 | INFO | Episode   42 - Reward: 12.000, Length: 12, Loss: 0.8856, Entropy: 0.6904, Epsilon: 0.896
2026-03-29 16:38:21 | INFO | Episode   43 - Reward: 11.000, Length: 11, Loss: 0.8722, Entropy: 0.6903, Epsilon: 0.894
2026-03-29 16:38:21 | INFO | Episode   44 - Reward: 38.000, Length: 38, Loss: 0.8708, Entropy: 0.6904, Epsilon: 0.891
2026-03-29 16:38:22 | INFO | Episode   45 - Reward: 14.000, Length: 14, Loss: 0.8519, Entropy: 0.6903, Epsilon: 0.889
2026-03-29 16:38:22 | INFO | Episode   46 - Reward: 27.000, Length: 27, Loss: 0.8404, Entropy: 0.6903, Epsilon: 0.886
2026-03-29 16:38:23 | INFO | Episode   47 - Reward: 15.000, Length: 15, Loss: 0.8326, Entropy: 0.6902, Epsilon: 0.884
2026-03-29 16:38:23 | INFO | Episode   48 - Reward: 21.000, Length: 21, Loss: 0.8233, Entropy: 0.6900, Epsilon: 0.881
2026-03-29 16:38:24 | INFO | Episode   49 - Reward: 11.000, Length: 11, Loss: 0.8042, Entropy: 0.6899, Epsilon: 0.879
2026-03-29 16:38:24 | INFO | Episode   50 - Reward: 33.000, Length: 33, Loss: 0.7987, Entropy: 0.6900, Epsilon: 0.876
2026-03-29 16:38:25 | INFO | [Episode   50] eps=0.876  avg_reward=  20.220  avg_length= 20.22  avg_loss=  0.7262  avg_entropy=0.6900  eval_success=0.000
2026-03-29 16:38:26 | INFO | Episode   51 - Reward: 11.000, Length: 11, Loss: 1.0857, Entropy: 0.6897, Epsilon: 0.874
2026-03-29 16:38:26 | INFO | Episode   52 - Reward: 29.000, Length: 29, Loss: 1.0919, Entropy: 0.6898, Epsilon: 0.871
2026-03-29 16:38:27 | INFO | Episode   53 - Reward: 13.000, Length: 13, Loss: 1.0706, Entropy: 0.6896, Epsilon: 0.869
2026-03-29 16:38:27 | INFO | Episode   54 - Reward: 23.000, Length: 23, Loss: 1.0663, Entropy: 0.6894, Epsilon: 0.866
2026-03-29 16:38:28 | INFO | Episode   55 - Reward: 11.000, Length: 11, Loss: 1.0461, Entropy: 0.6896, Epsilon: 0.864
2026-03-29 16:38:28 | INFO | Episode   56 - Reward: 17.000, Length: 17, Loss: 1.0304, Entropy: 0.6897, Epsilon: 0.861
2026-03-29 16:38:29 | INFO | Episode   57 - Reward: 17.000, Length: 17, Loss: 1.0247, Entropy: 0.6893, Epsilon: 0.859
2026-03-29 16:38:29 | INFO | Episode   58 - Reward: 11.000, Length: 11, Loss: 1.0011, Entropy: 0.6890, Epsilon: 0.856
2026-03-29 16:38:30 | INFO | Episode   59 - Reward: 11.000, Length: 11, Loss: 0.9887, Entropy: 0.6888, Epsilon: 0.854
2026-03-29 16:38:30 | INFO | Episode   60 - Reward: 13.000, Length: 13, Loss: 0.9868, Entropy: 0.6890, Epsilon: 0.852
2026-03-29 16:38:31 | INFO | Episode   61 - Reward: 12.000, Length: 12, Loss: 0.9737, Entropy: 0.6886, Epsilon: 0.849
2026-03-29 16:38:31 | INFO | Episode   62 - Reward: 17.000, Length: 17, Loss: 0.9603, Entropy: 0.6889, Epsilon: 0.847
2026-03-29 16:38:32 | INFO | Episode   63 - Reward: 11.000, Length: 11, Loss: 0.9431, Entropy: 0.6884, Epsilon: 0.844
2026-03-29 16:38:32 | INFO | Episode   64 - Reward: 14.000, Length: 14, Loss: 0.9388, Entropy: 0.6882, Epsilon: 0.842
2026-03-29 16:38:33 | INFO | Episode   65 - Reward: 24.000, Length: 24, Loss: 0.9142, Entropy: 0.6881, Epsilon: 0.839
2026-03-29 16:38:33 | INFO | Episode   66 - Reward: 18.000, Length: 18, Loss: 0.8989, Entropy: 0.6880, Epsilon: 0.837
2026-03-29 16:38:33 | INFO | Episode   67 - Reward: 26.000, Length: 26, Loss: 0.8995, Entropy: 0.6883, Epsilon: 0.834
2026-03-29 16:38:34 | INFO | Episode   68 - Reward: 42.000, Length: 42, Loss: 0.8801, Entropy: 0.6878, Epsilon: 0.832
2026-03-29 16:38:34 | INFO | Episode   69 - Reward: 29.000, Length: 29, Loss: 0.8654, Entropy: 0.6880, Epsilon: 0.829
2026-03-29 16:38:35 | INFO | Episode   70 - Reward: 21.000, Length: 21, Loss: 0.8626, Entropy: 0.6878, Epsilon: 0.827
2026-03-29 16:38:35 | INFO | Episode   71 - Reward: 21.000, Length: 21, Loss: 0.8502, Entropy: 0.6874, Epsilon: 0.824
2026-03-29 16:38:36 | INFO | Episode   72 - Reward: 17.000, Length: 17, Loss: 0.8350, Entropy: 0.6872, Epsilon: 0.822
2026-03-29 16:38:36 | INFO | Episode   73 - Reward: 12.000, Length: 12, Loss: 0.8234, Entropy: 0.6873, Epsilon: 0.819
2026-03-29 16:38:37 | INFO | Episode   74 - Reward: 24.000, Length: 24, Loss: 0.8195, Entropy: 0.6869, Epsilon: 0.817
2026-03-29 16:38:37 | INFO | Episode   75 - Reward: 21.000, Length: 21, Loss: 0.8022, Entropy: 0.6872, Epsilon: 0.814
2026-03-29 16:38:38 | INFO | Episode   76 - Reward: 19.000, Length: 19, Loss: 0.7842, Entropy: 0.6872, Epsilon: 0.812
2026-03-29 16:38:38 | INFO | Episode   77 - Reward: 12.000, Length: 12, Loss: 0.7771, Entropy: 0.6869, Epsilon: 0.809
2026-03-29 16:38:38 | INFO | Episode   78 - Reward: 23.000, Length: 23, Loss: 1.1373, Entropy: 0.6869, Epsilon: 0.807
2026-03-29 16:38:39 | INFO | Episode   79 - Reward: 28.000, Length: 28, Loss: 1.1214, Entropy: 0.6866, Epsilon: 0.804
2026-03-29 16:38:39 | INFO | Episode   80 - Reward: 27.000, Length: 27, Loss: 1.1110, Entropy: 0.6864, Epsilon: 0.802
2026-03-29 16:38:40 | INFO | Episode   81 - Reward: 31.000, Length: 31, Loss: 1.1015, Entropy: 0.6865, Epsilon: 0.800
2026-03-29 16:38:40 | INFO | Episode   82 - Reward: 9.000, Length: 9, Loss: 1.0709, Entropy: 0.6864, Epsilon: 0.797
2026-03-29 16:38:41 | INFO | Episode   83 - Reward: 46.000, Length: 46, Loss: 1.0690, Entropy: 0.6855, Epsilon: 0.795
2026-03-29 16:38:41 | INFO | Episode   84 - Reward: 27.000, Length: 27, Loss: 1.0581, Entropy: 0.6852, Epsilon: 0.792
2026-03-29 16:38:42 | INFO | Episode   85 - Reward: 10.000, Length: 10, Loss: 1.0406, Entropy: 0.6855, Epsilon: 0.790
2026-03-29 16:38:42 | INFO | Episode   86 - Reward: 14.000, Length: 14, Loss: 1.0343, Entropy: 0.6851, Epsilon: 0.787
2026-03-29 16:38:43 | INFO | Episode   87 - Reward: 60.000, Length: 60, Loss: 1.0050, Entropy: 0.6849, Epsilon: 0.785
2026-03-29 16:38:43 | INFO | Episode   88 - Reward: 20.000, Length: 20, Loss: 0.9769, Entropy: 0.6854, Epsilon: 0.782
2026-03-29 16:38:44 | INFO | Episode   89 - Reward: 16.000, Length: 16, Loss: 0.9779, Entropy: 0.6847, Epsilon: 0.780
2026-03-29 16:38:44 | INFO | Episode   90 - Reward: 16.000, Length: 16, Loss: 0.9705, Entropy: 0.6847, Epsilon: 0.777
2026-03-29 16:38:44 | INFO | Episode   91 - Reward: 19.000, Length: 19, Loss: 0.9654, Entropy: 0.6843, Epsilon: 0.775
2026-03-29 16:38:45 | INFO | Episode   92 - Reward: 12.000, Length: 12, Loss: 0.9303, Entropy: 0.6843, Epsilon: 0.772
2026-03-29 16:38:45 | INFO | Episode   93 - Reward: 34.000, Length: 34, Loss: 0.9360, Entropy: 0.6844, Epsilon: 0.770
2026-03-29 16:38:46 | INFO | Episode   94 - Reward: 12.000, Length: 12, Loss: 0.9082, Entropy: 0.6841, Epsilon: 0.767
2026-03-29 16:38:46 | INFO | Episode   95 - Reward: 24.000, Length: 24, Loss: 0.8974, Entropy: 0.6839, Epsilon: 0.765
2026-03-29 16:38:47 | INFO | Episode   96 - Reward: 15.000, Length: 15, Loss: 0.8748, Entropy: 0.6840, Epsilon: 0.762
2026-03-29 16:38:47 | INFO | Episode   97 - Reward: 35.000, Length: 35, Loss: 0.8616, Entropy: 0.6837, Epsilon: 0.760
2026-03-29 16:38:48 | INFO | Episode   98 - Reward: 15.000, Length: 15, Loss: 0.8531, Entropy: 0.6836, Epsilon: 0.757
2026-03-29 16:38:48 | INFO | Episode   99 - Reward: 10.000, Length: 10, Loss: 1.1750, Entropy: 0.6831, Epsilon: 0.755
2026-03-29 16:38:49 | INFO | Episode  100 - Reward: 14.000, Length: 14, Loss: 1.1585, Entropy: 0.6828, Epsilon: 0.752
2026-03-29 16:38:49 | INFO | [Episode  100] eps=0.752  avg_reward=  20.260  avg_length= 20.26  avg_loss=  0.9691  avg_entropy=0.6828  eval_success=0.000
2026-03-29 16:38:50 | INFO | Episode  101 - Reward: 32.000, Length: 32, Loss: 1.1593, Entropy: 0.6821, Epsilon: 0.750
2026-03-29 16:38:50 | INFO | Episode  102 - Reward: 39.000, Length: 39, Loss: 1.1381, Entropy: 0.6820, Epsilon: 0.748
2026-03-29 16:38:50 | INFO | Episode  103 - Reward: 24.000, Length: 24, Loss: 1.1256, Entropy: 0.6824, Epsilon: 0.745
2026-03-29 16:38:51 | INFO | Episode  104 - Reward: 14.000, Length: 14, Loss: 1.1072, Entropy: 0.6816, Epsilon: 0.743
2026-03-29 16:38:51 | INFO | Episode  105 - Reward: 15.000, Length: 15, Loss: 1.0709, Entropy: 0.6817, Epsilon: 0.740
2026-03-29 16:38:52 | INFO | Episode  106 - Reward: 18.000, Length: 18, Loss: 1.0732, Entropy: 0.6812, Epsilon: 0.738
2026-03-29 16:38:52 | INFO | Episode  107 - Reward: 17.000, Length: 17, Loss: 1.0513, Entropy: 0.6804, Epsilon: 0.735
2026-03-29 16:38:53 | INFO | Episode  108 - Reward: 23.000, Length: 23, Loss: 1.0310, Entropy: 0.6812, Epsilon: 0.733
2026-03-29 16:38:53 | INFO | Episode  109 - Reward: 16.000, Length: 16, Loss: 1.0485, Entropy: 0.6807, Epsilon: 0.730
2026-03-29 16:38:53 | INFO | Episode  110 - Reward: 12.000, Length: 12, Loss: 1.0073, Entropy: 0.6808, Epsilon: 0.728
2026-03-29 16:38:54 | INFO | Episode  111 - Reward: 11.000, Length: 11, Loss: 0.9848, Entropy: 0.6800, Epsilon: 0.725
2026-03-29 16:38:54 | INFO | Episode  112 - Reward: 15.000, Length: 15, Loss: 0.9721, Entropy: 0.6799, Epsilon: 0.723
2026-03-29 16:38:55 | INFO | Episode  113 - Reward: 11.000, Length: 11, Loss: 0.9566, Entropy: 0.6803, Epsilon: 0.720
2026-03-29 16:38:55 | INFO | Episode  114 - Reward: 14.000, Length: 14, Loss: 0.9420, Entropy: 0.6797, Epsilon: 0.718
2026-03-29 16:38:56 | INFO | Episode  115 - Reward: 15.000, Length: 15, Loss: 0.9279, Entropy: 0.6793, Epsilon: 0.715
2026-03-29 16:38:56 | INFO | Episode  116 - Reward: 14.000, Length: 14, Loss: 0.8983, Entropy: 0.6790, Epsilon: 0.713
2026-03-29 16:38:57 | INFO | Episode  117 - Reward: 15.000, Length: 15, Loss: 0.8977, Entropy: 0.6787, Epsilon: 0.710
2026-03-29 16:38:57 | INFO | Episode  118 - Reward: 18.000, Length: 18, Loss: 0.8823, Entropy: 0.6790, Epsilon: 0.708
2026-03-29 16:38:57 | INFO | Episode  119 - Reward: 19.000, Length: 19, Loss: 0.8681, Entropy: 0.6789, Epsilon: 0.705
2026-03-29 16:38:58 | INFO | Episode  120 - Reward: 14.000, Length: 14, Loss: 0.8429, Entropy: 0.6779, Epsilon: 0.703
2026-03-29 16:38:58 | INFO | Episode  121 - Reward: 11.000, Length: 11, Loss: 0.8258, Entropy: 0.6781, Epsilon: 0.701
2026-03-29 16:38:59 | INFO | Episode  122 - Reward: 13.000, Length: 13, Loss: 0.8219, Entropy: 0.6774, Epsilon: 0.698
2026-03-29 16:38:59 | INFO | Episode  123 - Reward: 19.000, Length: 19, Loss: 0.8188, Entropy: 0.6772, Epsilon: 0.696
2026-03-29 16:39:00 | INFO | Episode  124 - Reward: 28.000, Length: 28, Loss: 0.7798, Entropy: 0.6773, Epsilon: 0.693
2026-03-29 16:39:00 | INFO | Episode  125 - Reward: 14.000, Length: 14, Loss: 0.7835, Entropy: 0.6767, Epsilon: 0.691
2026-03-29 16:39:01 | INFO | Episode  126 - Reward: 17.000, Length: 17, Loss: 0.7782, Entropy: 0.6769, Epsilon: 0.688
2026-03-29 16:39:01 | INFO | Episode  127 - Reward: 11.000, Length: 11, Loss: 0.7552, Entropy: 0.6764, Epsilon: 0.686
2026-03-29 16:39:02 | INFO | Episode  128 - Reward: 11.000, Length: 11, Loss: 0.7326, Entropy: 0.6759, Epsilon: 0.683
2026-03-29 16:39:02 | INFO | Episode  129 - Reward: 31.000, Length: 31, Loss: 1.2907, Entropy: 0.6759, Epsilon: 0.681
2026-03-29 16:39:03 | INFO | Episode  130 - Reward: 13.000, Length: 13, Loss: 1.2466, Entropy: 0.6758, Epsilon: 0.678
2026-03-29 16:39:03 | INFO | Episode  131 - Reward: 10.000, Length: 10, Loss: 1.1969, Entropy: 0.6746, Epsilon: 0.676
2026-03-29 16:39:04 | INFO | Episode  132 - Reward: 11.000, Length: 11, Loss: 1.1858, Entropy: 0.6743, Epsilon: 0.673
2026-03-29 16:39:04 | INFO | Episode  133 - Reward: 10.000, Length: 10, Loss: 1.1648, Entropy: 0.6737, Epsilon: 0.671
2026-03-29 16:39:04 | INFO | Episode  134 - Reward: 11.000, Length: 11, Loss: 1.1414, Entropy: 0.6745, Epsilon: 0.668
2026-03-29 16:39:05 | INFO | Episode  135 - Reward: 21.000, Length: 21, Loss: 1.1158, Entropy: 0.6723, Epsilon: 0.666
2026-03-29 16:39:05 | INFO | Episode  136 - Reward: 13.000, Length: 13, Loss: 1.0985, Entropy: 0.6727, Epsilon: 0.663
2026-03-29 16:39:06 | INFO | Episode  137 - Reward: 16.000, Length: 16, Loss: 1.0763, Entropy: 0.6722, Epsilon: 0.661
2026-03-29 16:39:06 | INFO | Episode  138 - Reward: 10.000, Length: 10, Loss: 1.0731, Entropy: 0.6716, Epsilon: 0.658
2026-03-29 16:39:07 | INFO | Episode  139 - Reward: 17.000, Length: 17, Loss: 1.0291, Entropy: 0.6722, Epsilon: 0.656
2026-03-29 16:39:07 | INFO | Episode  140 - Reward: 14.000, Length: 14, Loss: 1.0214, Entropy: 0.6712, Epsilon: 0.653
2026-03-29 16:39:07 | INFO | Episode  141 - Reward: 10.000, Length: 10, Loss: 0.9981, Entropy: 0.6706, Epsilon: 0.651
2026-03-29 16:39:08 | INFO | Episode  142 - Reward: 12.000, Length: 12, Loss: 0.9492, Entropy: 0.6697, Epsilon: 0.649
2026-03-29 16:39:08 | INFO | Episode  143 - Reward: 16.000, Length: 16, Loss: 0.9563, Entropy: 0.6700, Epsilon: 0.646
2026-03-29 16:39:09 | INFO | Episode  144 - Reward: 9.000, Length: 9, Loss: 0.9466, Entropy: 0.6685, Epsilon: 0.644
2026-03-29 16:39:09 | INFO | Episode  145 - Reward: 9.000, Length: 9, Loss: 0.9082, Entropy: 0.6680, Epsilon: 0.641
2026-03-29 16:39:10 | INFO | Episode  146 - Reward: 12.000, Length: 12, Loss: 0.8919, Entropy: 0.6684, Epsilon: 0.639
2026-03-29 16:39:10 | INFO | Episode  147 - Reward: 14.000, Length: 14, Loss: 0.8765, Entropy: 0.6678, Epsilon: 0.636
2026-03-29 16:39:11 | INFO | Episode  148 - Reward: 17.000, Length: 17, Loss: 0.8408, Entropy: 0.6668, Epsilon: 0.634
2026-03-29 16:39:11 | INFO | Episode  149 - Reward: 11.000, Length: 11, Loss: 0.8480, Entropy: 0.6667, Epsilon: 0.631
2026-03-29 16:39:11 | INFO | Episode  150 - Reward: 33.000, Length: 33, Loss: 0.8214, Entropy: 0.6659, Epsilon: 0.629
2026-03-29 16:39:12 | INFO | [Episode  150] eps=0.629  avg_reward=  16.000  avg_length= 16.00  avg_loss=  0.9792  avg_entropy=0.6659  eval_success=0.000
2026-03-29 16:39:12 | INFO | Episode  151 - Reward: 16.000, Length: 16, Loss: 0.7887, Entropy: 0.6665, Epsilon: 0.626
2026-03-29 16:39:13 | INFO | Episode  152 - Reward: 11.000, Length: 11, Loss: 0.7943, Entropy: 0.6658, Epsilon: 0.624
2026-03-29 16:39:13 | INFO | Episode  153 - Reward: 11.000, Length: 11, Loss: 0.7757, Entropy: 0.6661, Epsilon: 0.621
2026-03-29 16:39:14 | INFO | Episode  154 - Reward: 16.000, Length: 16, Loss: 0.7783, Entropy: 0.6650, Epsilon: 0.619
2026-03-29 16:39:14 | INFO | Episode  155 - Reward: 17.000, Length: 17, Loss: 0.7390, Entropy: 0.6658, Epsilon: 0.616
2026-03-29 16:39:14 | INFO | Episode  156 - Reward: 11.000, Length: 11, Loss: 0.7308, Entropy: 0.6644, Epsilon: 0.614
2026-03-29 16:39:15 | INFO | Episode  157 - Reward: 11.000, Length: 11, Loss: 0.7195, Entropy: 0.6632, Epsilon: 0.611
2026-03-29 16:39:15 | INFO | Episode  158 - Reward: 33.000, Length: 33, Loss: 0.7027, Entropy: 0.6638, Epsilon: 0.609
2026-03-29 16:39:16 | INFO | Episode  159 - Reward: 12.000, Length: 12, Loss: 0.6787, Entropy: 0.6637, Epsilon: 0.606
2026-03-29 16:39:16 | INFO | Episode  160 - Reward: 10.000, Length: 10, Loss: 0.6670, Entropy: 0.6624, Epsilon: 0.604
2026-03-29 16:39:17 | INFO | Episode  161 - Reward: 11.000, Length: 11, Loss: 0.6506, Entropy: 0.6633, Epsilon: 0.602
2026-03-29 16:39:17 | INFO | Episode  162 - Reward: 16.000, Length: 16, Loss: 0.6480, Entropy: 0.6627, Epsilon: 0.599
2026-03-29 16:39:17 | INFO | Episode  163 - Reward: 9.000, Length: 9, Loss: 0.6170, Entropy: 0.6630, Epsilon: 0.597
2026-03-29 16:39:18 | INFO | Episode  164 - Reward: 12.000, Length: 12, Loss: 1.3866, Entropy: 0.6613, Epsilon: 0.594
2026-03-29 16:39:18 | INFO | Episode  165 - Reward: 11.000, Length: 11, Loss: 1.3594, Entropy: 0.6610, Epsilon: 0.592
2026-03-29 16:39:19 | INFO | Episode  166 - Reward: 11.000, Length: 11, Loss: 1.3271, Entropy: 0.6603, Epsilon: 0.589
2026-03-29 16:39:19 | INFO | Episode  167 - Reward: 13.000, Length: 13, Loss: 1.2538, Entropy: 0.6617, Epsilon: 0.587
2026-03-29 16:39:20 | INFO | Episode  168 - Reward: 15.000, Length: 15, Loss: 1.2451, Entropy: 0.6596, Epsilon: 0.584
2026-03-29 16:39:20 | INFO | Episode  169 - Reward: 17.000, Length: 17, Loss: 1.2175, Entropy: 0.6588, Epsilon: 0.582
2026-03-29 16:39:20 | INFO | Episode  170 - Reward: 12.000, Length: 12, Loss: 1.1900, Entropy: 0.6570, Epsilon: 0.579
2026-03-29 16:39:21 | INFO | Episode  171 - Reward: 13.000, Length: 13, Loss: 1.1713, Entropy: 0.6575, Epsilon: 0.577
2026-03-29 16:39:21 | INFO | Episode  172 - Reward: 11.000, Length: 11, Loss: 1.1077, Entropy: 0.6556, Epsilon: 0.574
2026-03-29 16:39:22 | INFO | Episode  173 - Reward: 13.000, Length: 13, Loss: 1.1191, Entropy: 0.6543, Epsilon: 0.572
2026-03-29 16:39:22 | INFO | Episode  174 - Reward: 12.000, Length: 12, Loss: 1.0721, Entropy: 0.6543, Epsilon: 0.569
2026-03-29 16:39:23 | INFO | Episode  175 - Reward: 13.000, Length: 13, Loss: 1.0502, Entropy: 0.6535, Epsilon: 0.567
2026-03-29 16:39:23 | INFO | Episode  176 - Reward: 14.000, Length: 14, Loss: 1.0081, Entropy: 0.6547, Epsilon: 0.564
2026-03-29 16:39:24 | INFO | Episode  177 - Reward: 10.000, Length: 10, Loss: 0.9963, Entropy: 0.6535, Epsilon: 0.562
2026-03-29 16:39:24 | INFO | Episode  178 - Reward: 34.000, Length: 34, Loss: 0.9721, Entropy: 0.6522, Epsilon: 0.559
2026-03-29 16:39:25 | INFO | Episode  179 - Reward: 12.000, Length: 12, Loss: 0.9476, Entropy: 0.6509, Epsilon: 0.557
2026-03-29 16:39:25 | INFO | Episode  180 - Reward: 15.000, Length: 15, Loss: 0.8897, Entropy: 0.6514, Epsilon: 0.554
2026-03-29 16:39:26 | INFO | Episode  181 - Reward: 18.000, Length: 18, Loss: 0.9241, Entropy: 0.6496, Epsilon: 0.552
2026-03-29 16:39:26 | INFO | Episode  182 - Reward: 9.000, Length: 9, Loss: 0.8471, Entropy: 0.6498, Epsilon: 0.550
2026-03-29 16:39:26 | INFO | Episode  183 - Reward: 15.000, Length: 15, Loss: 0.8574, Entropy: 0.6484, Epsilon: 0.547
2026-03-29 16:39:27 | INFO | Episode  184 - Reward: 23.000, Length: 23, Loss: 0.8248, Entropy: 0.6488, Epsilon: 0.545
2026-03-29 16:39:27 | INFO | Episode  185 - Reward: 11.000, Length: 11, Loss: 0.7770, Entropy: 0.6479, Epsilon: 0.542
2026-03-29 16:39:28 | INFO | Episode  186 - Reward: 13.000, Length: 13, Loss: 0.7691, Entropy: 0.6487, Epsilon: 0.540
2026-03-29 16:39:28 | INFO | Episode  187 - Reward: 8.000, Length: 8, Loss: 0.7685, Entropy: 0.6465, Epsilon: 0.537
2026-03-29 16:39:29 | INFO | Episode  188 - Reward: 23.000, Length: 23, Loss: 0.7375, Entropy: 0.6470, Epsilon: 0.535
2026-03-29 16:39:29 | INFO | Episode  189 - Reward: 17.000, Length: 17, Loss: 0.7416, Entropy: 0.6457, Epsilon: 0.532
2026-03-29 16:39:29 | INFO | Episode  190 - Reward: 14.000, Length: 14, Loss: 0.7101, Entropy: 0.6468, Epsilon: 0.530
2026-03-29 16:39:30 | INFO | Episode  191 - Reward: 15.000, Length: 15, Loss: 0.6825, Entropy: 0.6466, Epsilon: 0.527
2026-03-29 16:39:30 | INFO | Episode  192 - Reward: 18.000, Length: 18, Loss: 0.6826, Entropy: 0.6459, Epsilon: 0.525
2026-03-29 16:39:31 | INFO | Episode  193 - Reward: 12.000, Length: 12, Loss: 0.6670, Entropy: 0.6456, Epsilon: 0.522
2026-03-29 16:39:31 | INFO | Episode  194 - Reward: 10.000, Length: 10, Loss: 0.6433, Entropy: 0.6458, Epsilon: 0.520
2026-03-29 16:39:32 | INFO | Episode  195 - Reward: 17.000, Length: 17, Loss: 0.6242, Entropy: 0.6443, Epsilon: 0.517
2026-03-29 16:39:32 | INFO | Episode  196 - Reward: 13.000, Length: 13, Loss: 0.6174, Entropy: 0.6460, Epsilon: 0.515
2026-03-29 16:39:33 | INFO | Episode  197 - Reward: 9.000, Length: 9, Loss: 0.6105, Entropy: 0.6436, Epsilon: 0.512
2026-03-29 16:39:33 | INFO | Episode  198 - Reward: 13.000, Length: 13, Loss: 0.6217, Entropy: 0.6438, Epsilon: 0.510
2026-03-29 16:39:34 | INFO | Episode  199 - Reward: 12.000, Length: 12, Loss: 1.5278, Entropy: 0.6457, Epsilon: 0.507
2026-03-29 16:39:34 | INFO | Episode  200 - Reward: 11.000, Length: 11, Loss: 1.5156, Entropy: 0.6411, Epsilon: 0.505
2026-03-29 16:39:34 | INFO | [Episode  200] eps=0.505  avg_reward=  14.060  avg_length= 14.06  avg_loss=  0.8951  avg_entropy=0.6411  eval_success=0.000
2026-03-29 16:39:35 | INFO | Episode  201 - Reward: 10.000, Length: 10, Loss: 1.4534, Entropy: 0.6418, Epsilon: 0.503
2026-03-29 16:39:35 | INFO | Episode  202 - Reward: 16.000, Length: 16, Loss: 1.4280, Entropy: 0.6386, Epsilon: 0.500
2026-03-29 16:39:36 | INFO | Episode  203 - Reward: 16.000, Length: 16, Loss: 1.3644, Entropy: 0.6400, Epsilon: 0.498
2026-03-29 16:39:36 | INFO | Episode  204 - Reward: 16.000, Length: 16, Loss: 1.3233, Entropy: 0.6377, Epsilon: 0.495
2026-03-29 16:39:37 | INFO | Episode  205 - Reward: 10.000, Length: 10, Loss: 1.3009, Entropy: 0.6372, Epsilon: 0.493
2026-03-29 16:39:37 | INFO | Episode  206 - Reward: 15.000, Length: 15, Loss: 1.2004, Entropy: 0.6342, Epsilon: 0.490
2026-03-29 16:39:38 | INFO | Episode  207 - Reward: 11.000, Length: 11, Loss: 1.2017, Entropy: 0.6342, Epsilon: 0.488
2026-03-29 16:39:38 | INFO | Episode  208 - Reward: 10.000, Length: 10, Loss: 1.1725, Entropy: 0.6326, Epsilon: 0.485
2026-03-29 16:39:38 | INFO | Episode  209 - Reward: 8.000, Length: 8, Loss: 1.1406, Entropy: 0.6325, Epsilon: 0.483
2026-03-29 16:39:39 | INFO | Episode  210 - Reward: 12.000, Length: 12, Loss: 1.0980, Entropy: 0.6314, Epsilon: 0.480
2026-03-29 16:39:40 | INFO | Episode  211 - Reward: 43.000, Length: 43, Loss: 1.0655, Entropy: 0.6293, Epsilon: 0.478
2026-03-29 16:39:40 | INFO | Episode  212 - Reward: 10.000, Length: 10, Loss: 1.0344, Entropy: 0.6307, Epsilon: 0.475
2026-03-29 16:39:41 | INFO | Episode  213 - Reward: 9.000, Length: 9, Loss: 1.0099, Entropy: 0.6282, Epsilon: 0.473
2026-03-29 16:39:42 | INFO | Episode  214 - Reward: 12.000, Length: 12, Loss: 0.9662, Entropy: 0.6282, Epsilon: 0.470
2026-03-29 16:39:42 | INFO | Episode  215 - Reward: 14.000, Length: 14, Loss: 0.9201, Entropy: 0.6295, Epsilon: 0.468
2026-03-29 16:39:43 | INFO | Episode  216 - Reward: 9.000, Length: 9, Loss: 0.9696, Entropy: 0.6266, Epsilon: 0.465
2026-03-29 16:39:44 | INFO | Episode  217 - Reward: 11.000, Length: 11, Loss: 0.8903, Entropy: 0.6270, Epsilon: 0.463
2026-03-29 16:39:44 | INFO | Episode  218 - Reward: 14.000, Length: 14, Loss: 0.8424, Entropy: 0.6286, Epsilon: 0.460
2026-03-29 16:39:45 | INFO | Episode  219 - Reward: 21.000, Length: 21, Loss: 0.8992, Entropy: 0.6251, Epsilon: 0.458
2026-03-29 16:39:46 | INFO | Episode  220 - Reward: 14.000, Length: 14, Loss: 0.8825, Entropy: 0.6251, Epsilon: 0.456
2026-03-29 16:39:46 | INFO | Episode  221 - Reward: 11.000, Length: 11, Loss: 0.7862, Entropy: 0.6273, Epsilon: 0.453
2026-03-29 16:39:47 | INFO | Episode  222 - Reward: 12.000, Length: 12, Loss: 0.7689, Entropy: 0.6273, Epsilon: 0.451
2026-03-29 16:39:48 | INFO | Episode  223 - Reward: 14.000, Length: 14, Loss: 0.7729, Entropy: 0.6272, Epsilon: 0.448
2026-03-29 16:39:48 | INFO | Episode  224 - Reward: 19.000, Length: 19, Loss: 0.7917, Entropy: 0.6267, Epsilon: 0.446
2026-03-29 16:39:49 | INFO | Episode  225 - Reward: 10.000, Length: 10, Loss: 0.7032, Entropy: 0.6267, Epsilon: 0.443
2026-03-29 16:39:50 | INFO | Episode  226 - Reward: 12.000, Length: 12, Loss: 0.7192, Entropy: 0.6253, Epsilon: 0.441
2026-03-29 16:39:50 | INFO | Episode  227 - Reward: 12.000, Length: 12, Loss: 0.7405, Entropy: 0.6259, Epsilon: 0.438
2026-03-29 16:39:51 | INFO | Episode  228 - Reward: 10.000, Length: 10, Loss: 0.7281, Entropy: 0.6276, Epsilon: 0.436
2026-03-29 16:39:52 | INFO | Episode  229 - Reward: 23.000, Length: 23, Loss: 0.6645, Entropy: 0.6288, Epsilon: 0.433
2026-03-29 16:39:53 | INFO | Episode  230 - Reward: 11.000, Length: 11, Loss: 0.7165, Entropy: 0.6263, Epsilon: 0.431
2026-03-29 16:39:53 | INFO | Episode  231 - Reward: 11.000, Length: 11, Loss: 0.5921, Entropy: 0.6279, Epsilon: 0.428
2026-03-29 16:39:54 | INFO | Episode  232 - Reward: 14.000, Length: 14, Loss: 0.6790, Entropy: 0.6274, Epsilon: 0.426
2026-03-29 16:39:55 | INFO | Episode  233 - Reward: 11.000, Length: 11, Loss: 0.6563, Entropy: 0.6288, Epsilon: 0.423
2026-03-29 16:39:55 | INFO | Episode  234 - Reward: 10.000, Length: 10, Loss: 0.5659, Entropy: 0.6293, Epsilon: 0.421
2026-03-29 16:39:56 | INFO | Episode  235 - Reward: 10.000, Length: 10, Loss: 0.6973, Entropy: 0.6303, Epsilon: 0.418
2026-03-29 16:39:57 | INFO | Episode  236 - Reward: 11.000, Length: 11, Loss: 0.7032, Entropy: 0.6304, Epsilon: 0.416
2026-03-29 16:39:57 | INFO | Episode  237 - Reward: 15.000, Length: 15, Loss: 1.8420, Entropy: 0.6303, Epsilon: 0.413
2026-03-29 16:39:58 | INFO | Episode  238 - Reward: 9.000, Length: 9, Loss: 1.7558, Entropy: 0.6300, Epsilon: 0.411
2026-03-29 16:39:58 | INFO | Episode  239 - Reward: 13.000, Length: 13, Loss: 1.6683, Entropy: 0.6266, Epsilon: 0.408
2026-03-29 16:39:59 | INFO | Episode  240 - Reward: 11.000, Length: 11, Loss: 1.6416, Entropy: 0.6247, Epsilon: 0.406
2026-03-29 16:40:00 | INFO | Episode  241 - Reward: 11.000, Length: 11, Loss: 1.5680, Entropy: 0.6222, Epsilon: 0.404
2026-03-29 16:40:00 | INFO | Episode  242 - Reward: 15.000, Length: 15, Loss: 1.5425, Entropy: 0.6195, Epsilon: 0.401
2026-03-29 16:40:01 | INFO | Episode  243 - Reward: 19.000, Length: 19, Loss: 1.4815, Entropy: 0.6203, Epsilon: 0.399
2026-03-29 16:40:02 | INFO | Episode  244 - Reward: 31.000, Length: 31, Loss: 1.3199, Entropy: 0.6195, Epsilon: 0.396
2026-03-29 16:40:02 | INFO | Episode  245 - Reward: 10.000, Length: 10, Loss: 1.2978, Entropy: 0.6187, Epsilon: 0.394
2026-03-29 16:40:03 | INFO | Episode  246 - Reward: 15.000, Length: 15, Loss: 1.2916, Entropy: 0.6161, Epsilon: 0.391
2026-03-29 16:40:04 | INFO | Episode  247 - Reward: 10.000, Length: 10, Loss: 1.2961, Entropy: 0.6163, Epsilon: 0.389
2026-03-29 16:40:04 | INFO | Episode  248 - Reward: 14.000, Length: 14, Loss: 1.3397, Entropy: 0.6165, Epsilon: 0.386
2026-03-29 16:40:05 | INFO | Episode  249 - Reward: 12.000, Length: 12, Loss: 1.1711, Entropy: 0.6165, Epsilon: 0.384
2026-03-29 16:40:06 | INFO | Episode  250 - Reward: 11.000, Length: 11, Loss: 1.4173, Entropy: 0.6148, Epsilon: 0.381
2026-03-29 16:40:06 | INFO | [Episode  250] eps=0.381  avg_reward=  13.560  avg_length= 13.56  avg_loss=  1.0816  avg_entropy=0.6148  eval_success=0.000
2026-03-29 16:40:07 | INFO | Episode  251 - Reward: 8.000, Length: 8, Loss: 1.1772, Entropy: 0.6162, Epsilon: 0.379
2026-03-29 16:40:07 | INFO | Episode  252 - Reward: 11.000, Length: 11, Loss: 1.2605, Entropy: 0.6165, Epsilon: 0.376
2026-03-29 16:40:08 | INFO | Episode  253 - Reward: 11.000, Length: 11, Loss: 1.1562, Entropy: 0.6184, Epsilon: 0.374
2026-03-29 16:40:09 | INFO | Episode  254 - Reward: 17.000, Length: 17, Loss: 1.1675, Entropy: 0.6179, Epsilon: 0.371
2026-03-29 16:40:09 | INFO | Episode  255 - Reward: 10.000, Length: 10, Loss: 1.2367, Entropy: 0.6174, Epsilon: 0.369
2026-03-29 16:40:10 | INFO | Episode  256 - Reward: 15.000, Length: 15, Loss: 1.1026, Entropy: 0.6193, Epsilon: 0.366
2026-03-29 16:40:11 | INFO | Episode  257 - Reward: 12.000, Length: 12, Loss: 1.2050, Entropy: 0.6188, Epsilon: 0.364
2026-03-29 16:40:11 | INFO | Episode  258 - Reward: 10.000, Length: 10, Loss: 1.1432, Entropy: 0.6207, Epsilon: 0.361
2026-03-29 16:40:12 | INFO | Episode  259 - Reward: 17.000, Length: 17, Loss: 1.0412, Entropy: 0.6214, Epsilon: 0.359
2026-03-29 16:40:13 | INFO | Episode  260 - Reward: 9.000, Length: 9, Loss: 0.9772, Entropy: 0.6238, Epsilon: 0.357
2026-03-29 16:40:13 | INFO | Episode  261 - Reward: 10.000, Length: 10, Loss: 1.0145, Entropy: 0.6231, Epsilon: 0.354
2026-03-29 16:40:14 | INFO | Episode  262 - Reward: 14.000, Length: 14, Loss: 1.1357, Entropy: 0.6255, Epsilon: 0.352
2026-03-29 16:40:15 | INFO | Episode  263 - Reward: 10.000, Length: 10, Loss: 1.2225, Entropy: 0.6253, Epsilon: 0.349
2026-03-29 16:40:15 | INFO | Episode  264 - Reward: 10.000, Length: 10, Loss: 0.9770, Entropy: 0.6272, Epsilon: 0.347
2026-03-29 16:40:16 | INFO | Episode  265 - Reward: 9.000, Length: 9, Loss: 0.9634, Entropy: 0.6289, Epsilon: 0.344
2026-03-29 16:40:17 | INFO | Episode  266 - Reward: 12.000, Length: 12, Loss: 0.8573, Entropy: 0.6274, Epsilon: 0.342
2026-03-29 16:40:17 | INFO | Episode  267 - Reward: 9.000, Length: 9, Loss: 0.9558, Entropy: 0.6304, Epsilon: 0.339
2026-03-29 16:40:18 | INFO | Episode  268 - Reward: 18.000, Length: 18, Loss: 0.9790, Entropy: 0.6296, Epsilon: 0.337
2026-03-29 16:40:18 | INFO | Episode  269 - Reward: 11.000, Length: 11, Loss: 0.9489, Entropy: 0.6316, Epsilon: 0.334
2026-03-29 16:40:19 | INFO | Episode  270 - Reward: 9.000, Length: 9, Loss: 0.9672, Entropy: 0.6331, Epsilon: 0.332
2026-03-29 16:40:20 | INFO | Episode  271 - Reward: 11.000, Length: 11, Loss: 1.0547, Entropy: 0.6325, Epsilon: 0.329
2026-03-29 16:40:20 | INFO | Episode  272 - Reward: 17.000, Length: 17, Loss: 0.8884, Entropy: 0.6359, Epsilon: 0.327
2026-03-29 16:40:21 | INFO | Episode  273 - Reward: 10.000, Length: 10, Loss: 0.8181, Entropy: 0.6344, Epsilon: 0.324
2026-03-29 16:40:22 | INFO | Episode  274 - Reward: 11.000, Length: 11, Loss: 0.8953, Entropy: 0.6362, Epsilon: 0.322
2026-03-29 16:40:22 | INFO | Episode  275 - Reward: 9.000, Length: 9, Loss: 1.0702, Entropy: 0.6372, Epsilon: 0.319
2026-03-29 16:40:23 | INFO | Episode  276 - Reward: 11.000, Length: 11, Loss: 0.9842, Entropy: 0.6382, Epsilon: 0.317
2026-03-29 16:40:24 | INFO | Episode  277 - Reward: 9.000, Length: 9, Loss: 2.0346, Entropy: 0.6385, Epsilon: 0.314
2026-03-29 16:40:24 | INFO | Episode  278 - Reward: 14.000, Length: 14, Loss: 2.0773, Entropy: 0.6333, Epsilon: 0.312
2026-03-29 16:40:25 | INFO | Episode  279 - Reward: 25.000, Length: 25, Loss: 1.9681, Entropy: 0.6327, Epsilon: 0.309
2026-03-29 16:40:26 | INFO | Episode  280 - Reward: 9.000, Length: 9, Loss: 1.6927, Entropy: 0.6289, Epsilon: 0.307
2026-03-29 16:40:26 | INFO | Episode  281 - Reward: 16.000, Length: 16, Loss: 1.6613, Entropy: 0.6279, Epsilon: 0.305
2026-03-29 16:40:27 | INFO | Episode  282 - Reward: 12.000, Length: 12, Loss: 1.7137, Entropy: 0.6259, Epsilon: 0.302
2026-03-29 16:40:27 | INFO | Episode  283 - Reward: 12.000, Length: 12, Loss: 1.7284, Entropy: 0.6263, Epsilon: 0.300
2026-03-29 16:40:28 | INFO | Episode  284 - Reward: 9.000, Length: 9, Loss: 1.5415, Entropy: 0.6241, Epsilon: 0.297
2026-03-29 16:40:29 | INFO | Episode  285 - Reward: 11.000, Length: 11, Loss: 1.6194, Entropy: 0.6242, Epsilon: 0.295
2026-03-29 16:40:29 | INFO | Episode  286 - Reward: 14.000, Length: 14, Loss: 1.4020, Entropy: 0.6230, Epsilon: 0.292
2026-03-29 16:40:30 | INFO | Episode  287 - Reward: 9.000, Length: 9, Loss: 1.3837, Entropy: 0.6217, Epsilon: 0.290
2026-03-29 16:40:31 | INFO | Episode  288 - Reward: 9.000, Length: 9, Loss: 1.5792, Entropy: 0.6220, Epsilon: 0.287
2026-03-29 16:40:32 | INFO | Episode  289 - Reward: 15.000, Length: 15, Loss: 1.6180, Entropy: 0.6234, Epsilon: 0.285
2026-03-29 16:40:32 | INFO | Episode  290 - Reward: 12.000, Length: 12, Loss: 1.6118, Entropy: 0.6236, Epsilon: 0.282
2026-03-29 16:40:33 | INFO | Episode  291 - Reward: 12.000, Length: 12, Loss: 1.7631, Entropy: 0.6253, Epsilon: 0.280
2026-03-29 16:40:33 | INFO | Episode  292 - Reward: 21.000, Length: 21, Loss: 1.7106, Entropy: 0.6261, Epsilon: 0.277
2026-03-29 16:40:34 | INFO | Episode  293 - Reward: 16.000, Length: 16, Loss: 1.4265, Entropy: 0.6289, Epsilon: 0.275
2026-03-29 16:40:35 | INFO | Episode  294 - Reward: 10.000, Length: 10, Loss: 1.2176, Entropy: 0.6308, Epsilon: 0.272
2026-03-29 16:40:36 | INFO | Episode  295 - Reward: 12.000, Length: 12, Loss: 1.5164, Entropy: 0.6292, Epsilon: 0.270
2026-03-29 16:40:36 | INFO | Episode  296 - Reward: 10.000, Length: 10, Loss: 1.4662, Entropy: 0.6311, Epsilon: 0.267
2026-03-29 16:40:37 | INFO | Episode  297 - Reward: 13.000, Length: 13, Loss: 1.2033, Entropy: 0.6318, Epsilon: 0.265
2026-03-29 16:40:37 | INFO | Episode  298 - Reward: 10.000, Length: 10, Loss: 1.4538, Entropy: 0.6319, Epsilon: 0.262
2026-03-29 16:40:38 | INFO | Episode  299 - Reward: 12.000, Length: 12, Loss: 1.5090, Entropy: 0.6338, Epsilon: 0.260
2026-03-29 16:40:38 | INFO | Episode  300 - Reward: 10.000, Length: 10, Loss: 1.4100, Entropy: 0.6357, Epsilon: 0.258
2026-03-29 16:40:39 | INFO | [Episode  300] eps=0.258  avg_reward=  12.060  avg_length= 12.06  avg_loss=  1.3102  avg_entropy=0.6357  eval_success=0.000
2026-03-29 16:40:39 | INFO | Episode  301 - Reward: 11.000, Length: 11, Loss: 1.1708, Entropy: 0.6367, Epsilon: 0.255
2026-03-29 16:40:40 | INFO | Episode  302 - Reward: 10.000, Length: 10, Loss: 1.1126, Entropy: 0.6365, Epsilon: 0.253
2026-03-29 16:40:40 | INFO | Episode  303 - Reward: 11.000, Length: 11, Loss: 1.1883, Entropy: 0.6378, Epsilon: 0.250
2026-03-29 16:40:40 | INFO | Episode  304 - Reward: 10.000, Length: 10, Loss: 1.5504, Entropy: 0.6380, Epsilon: 0.248
2026-03-29 16:40:41 | INFO | Episode  305 - Reward: 8.000, Length: 8, Loss: 1.3714, Entropy: 0.6390, Epsilon: 0.245
2026-03-29 16:40:41 | INFO | Episode  306 - Reward: 11.000, Length: 11, Loss: 1.2431, Entropy: 0.6417, Epsilon: 0.243
2026-03-29 16:40:42 | INFO | Episode  307 - Reward: 8.000, Length: 8, Loss: 1.1666, Entropy: 0.6428, Epsilon: 0.240
2026-03-29 16:40:42 | INFO | Episode  308 - Reward: 9.000, Length: 9, Loss: 1.2448, Entropy: 0.6428, Epsilon: 0.238
2026-03-29 16:40:43 | INFO | Episode  309 - Reward: 11.000, Length: 11, Loss: 1.2531, Entropy: 0.6430, Epsilon: 0.235
2026-03-29 16:40:43 | INFO | Episode  310 - Reward: 10.000, Length: 10, Loss: 1.3046, Entropy: 0.6444, Epsilon: 0.233
2026-03-29 16:40:44 | INFO | Episode  311 - Reward: 12.000, Length: 12, Loss: 1.3124, Entropy: 0.6459, Epsilon: 0.230
2026-03-29 16:40:44 | INFO | Episode  312 - Reward: 12.000, Length: 12, Loss: 0.9121, Entropy: 0.6467, Epsilon: 0.228
2026-03-29 16:40:45 | INFO | Episode  313 - Reward: 10.000, Length: 10, Loss: 1.1977, Entropy: 0.6468, Epsilon: 0.225
2026-03-29 16:40:45 | INFO | Episode  314 - Reward: 10.000, Length: 10, Loss: 1.4680, Entropy: 0.6475, Epsilon: 0.223
2026-03-29 16:40:45 | INFO | Episode  315 - Reward: 10.000, Length: 10, Loss: 1.3410, Entropy: 0.6492, Epsilon: 0.220
2026-03-29 16:40:46 | INFO | Episode  316 - Reward: 10.000, Length: 10, Loss: 1.2305, Entropy: 0.6504, Epsilon: 0.218
2026-03-29 16:40:46 | INFO | Episode  317 - Reward: 10.000, Length: 10, Loss: 1.4187, Entropy: 0.6520, Epsilon: 0.215
2026-03-29 16:40:47 | INFO | Episode  318 - Reward: 8.000, Length: 8, Loss: 1.2839, Entropy: 0.6531, Epsilon: 0.213
2026-03-29 16:40:47 | INFO | Episode  319 - Reward: 10.000, Length: 10, Loss: 1.2347, Entropy: 0.6543, Epsilon: 0.210
2026-03-29 16:40:48 | INFO | Episode  320 - Reward: 9.000, Length: 9, Loss: 1.3420, Entropy: 0.6547, Epsilon: 0.208
2026-03-29 16:40:48 | INFO | Episode  321 - Reward: 10.000, Length: 10, Loss: 2.3014, Entropy: 0.6533, Epsilon: 0.206
2026-03-29 16:40:49 | INFO | Episode  322 - Reward: 8.000, Length: 8, Loss: 2.3689, Entropy: 0.6506, Epsilon: 0.203
2026-03-29 16:40:49 | INFO | Episode  323 - Reward: 12.000, Length: 12, Loss: 2.2815, Entropy: 0.6484, Epsilon: 0.201
2026-03-29 16:40:50 | INFO | Episode  324 - Reward: 10.000, Length: 10, Loss: 2.1684, Entropy: 0.6475, Epsilon: 0.198
2026-03-29 16:40:50 | INFO | Episode  325 - Reward: 10.000, Length: 10, Loss: 2.1226, Entropy: 0.6467, Epsilon: 0.196
2026-03-29 16:40:50 | INFO | Episode  326 - Reward: 12.000, Length: 12, Loss: 2.0427, Entropy: 0.6452, Epsilon: 0.193
2026-03-29 16:40:51 | INFO | Episode  327 - Reward: 12.000, Length: 12, Loss: 1.8959, Entropy: 0.6448, Epsilon: 0.191
2026-03-29 16:40:51 | INFO | Episode  328 - Reward: 12.000, Length: 12, Loss: 2.0153, Entropy: 0.6430, Epsilon: 0.188
2026-03-29 16:40:52 | INFO | Episode  329 - Reward: 11.000, Length: 11, Loss: 1.9695, Entropy: 0.6434, Epsilon: 0.186
2026-03-29 16:40:52 | INFO | Episode  330 - Reward: 9.000, Length: 9, Loss: 1.9524, Entropy: 0.6431, Epsilon: 0.183
2026-03-29 16:40:53 | INFO | Episode  331 - Reward: 10.000, Length: 10, Loss: 1.3891, Entropy: 0.6424, Epsilon: 0.181
2026-03-29 16:40:53 | INFO | Episode  332 - Reward: 12.000, Length: 12, Loss: 1.7894, Entropy: 0.6417, Epsilon: 0.178
2026-03-29 16:40:54 | INFO | Episode  333 - Reward: 9.000, Length: 9, Loss: 2.0865, Entropy: 0.6432, Epsilon: 0.176
2026-03-29 16:40:54 | INFO | Episode  334 - Reward: 9.000, Length: 9, Loss: 1.9276, Entropy: 0.6434, Epsilon: 0.173
2026-03-29 16:40:55 | INFO | Episode  335 - Reward: 11.000, Length: 11, Loss: 1.8231, Entropy: 0.6443, Epsilon: 0.171
2026-03-29 16:40:55 | INFO | Episode  336 - Reward: 11.000, Length: 11, Loss: 1.7314, Entropy: 0.6443, Epsilon: 0.168
2026-03-29 16:40:55 | INFO | Episode  337 - Reward: 12.000, Length: 12, Loss: 1.8992, Entropy: 0.6452, Epsilon: 0.166
2026-03-29 16:40:56 | INFO | Episode  338 - Reward: 15.000, Length: 15, Loss: 1.5660, Entropy: 0.6458, Epsilon: 0.163
2026-03-29 16:40:56 | INFO | Episode  339 - Reward: 10.000, Length: 10, Loss: 1.7273, Entropy: 0.6459, Epsilon: 0.161
2026-03-29 16:40:57 | INFO | Episode  340 - Reward: 9.000, Length: 9, Loss: 1.5262, Entropy: 0.6473, Epsilon: 0.158
2026-03-29 16:40:57 | INFO | Episode  341 - Reward: 12.000, Length: 12, Loss: 1.7086, Entropy: 0.6480, Epsilon: 0.156
2026-03-29 16:40:58 | INFO | Episode  342 - Reward: 10.000, Length: 10, Loss: 1.4049, Entropy: 0.6489, Epsilon: 0.154
2026-03-29 16:40:58 | INFO | Episode  343 - Reward: 9.000, Length: 9, Loss: 1.6260, Entropy: 0.6489, Epsilon: 0.151
2026-03-29 16:40:59 | INFO | Episode  344 - Reward: 10.000, Length: 10, Loss: 1.6957, Entropy: 0.6503, Epsilon: 0.149
2026-03-29 16:40:59 | INFO | Episode  345 - Reward: 9.000, Length: 9, Loss: 1.7575, Entropy: 0.6514, Epsilon: 0.146
2026-03-29 16:41:00 | INFO | Episode  346 - Reward: 9.000, Length: 9, Loss: 1.7889, Entropy: 0.6530, Epsilon: 0.144
2026-03-29 16:41:00 | INFO | Episode  347 - Reward: 10.000, Length: 10, Loss: 1.6074, Entropy: 0.6534, Epsilon: 0.141
2026-03-29 16:41:00 | INFO | Episode  348 - Reward: 13.000, Length: 13, Loss: 1.8540, Entropy: 0.6542, Epsilon: 0.139
2026-03-29 16:41:01 | INFO | Episode  349 - Reward: 10.000, Length: 10, Loss: 1.8816, Entropy: 0.6556, Epsilon: 0.136
2026-03-29 16:41:01 | INFO | Episode  350 - Reward: 10.000, Length: 10, Loss: 1.4128, Entropy: 0.6560, Epsilon: 0.134
2026-03-29 16:41:02 | INFO | [Episode  350] eps=0.134  avg_reward=  10.320  avg_length= 10.32  avg_loss=  1.6134  avg_entropy=0.6560  eval_success=0.000
2026-03-29 16:41:02 | INFO | Episode  351 - Reward: 10.000, Length: 10, Loss: 1.7773, Entropy: 0.6569, Epsilon: 0.131
2026-03-29 16:41:03 | INFO | Episode  352 - Reward: 9.000, Length: 9, Loss: 1.6796, Entropy: 0.6581, Epsilon: 0.129
2026-03-29 16:41:03 | INFO | Episode  353 - Reward: 12.000, Length: 12, Loss: 1.8006, Entropy: 0.6591, Epsilon: 0.126
2026-03-29 16:41:04 | INFO | Episode  354 - Reward: 9.000, Length: 9, Loss: 1.6208, Entropy: 0.6599, Epsilon: 0.124
2026-03-29 16:41:04 | INFO | Episode  355 - Reward: 8.000, Length: 8, Loss: 1.9044, Entropy: 0.6611, Epsilon: 0.121
2026-03-29 16:41:05 | INFO | Episode  356 - Reward: 10.000, Length: 10, Loss: 1.5889, Entropy: 0.6628, Epsilon: 0.119
2026-03-29 16:41:05 | INFO | Episode  357 - Reward: 10.000, Length: 10, Loss: 1.9191, Entropy: 0.6638, Epsilon: 0.116
2026-03-29 16:41:06 | INFO | Episode  358 - Reward: 11.000, Length: 11, Loss: 1.4186, Entropy: 0.6641, Epsilon: 0.114
2026-03-29 16:41:06 | INFO | Episode  359 - Reward: 11.000, Length: 11, Loss: 1.4798, Entropy: 0.6643, Epsilon: 0.111
2026-03-29 16:41:07 | INFO | Episode  360 - Reward: 8.000, Length: 8, Loss: 1.5723, Entropy: 0.6647, Epsilon: 0.109
2026-03-29 16:41:07 | INFO | Episode  361 - Reward: 11.000, Length: 11, Loss: 1.2996, Entropy: 0.6653, Epsilon: 0.107
2026-03-29 16:41:08 | INFO | Episode  362 - Reward: 8.000, Length: 8, Loss: 1.8719, Entropy: 0.6657, Epsilon: 0.104
2026-03-29 16:41:08 | INFO | Episode  363 - Reward: 8.000, Length: 8, Loss: 1.5165, Entropy: 0.6661, Epsilon: 0.102
2026-03-29 16:41:09 | INFO | Episode  364 - Reward: 8.000, Length: 8, Loss: 1.4286, Entropy: 0.6662, Epsilon: 0.099
2026-03-29 16:41:09 | INFO | Episode  365 - Reward: 9.000, Length: 9, Loss: 1.5362, Entropy: 0.6666, Epsilon: 0.097
2026-03-29 16:41:10 | INFO | Episode  366 - Reward: 10.000, Length: 10, Loss: 1.6002, Entropy: 0.6671, Epsilon: 0.094
2026-03-29 16:41:10 | INFO | Episode  367 - Reward: 9.000, Length: 9, Loss: 1.8983, Entropy: 0.6676, Epsilon: 0.092
2026-03-29 16:41:10 | INFO | Episode  368 - Reward: 8.000, Length: 8, Loss: 1.8589, Entropy: 0.6685, Epsilon: 0.089
2026-03-29 16:41:11 | INFO | Episode  369 - Reward: 9.000, Length: 9, Loss: 1.5251, Entropy: 0.6691, Epsilon: 0.087
2026-03-29 16:41:11 | INFO | Episode  370 - Reward: 10.000, Length: 10, Loss: 2.2595, Entropy: 0.6674, Epsilon: 0.084
2026-03-29 16:41:12 | INFO | Episode  371 - Reward: 10.000, Length: 10, Loss: 2.4102, Entropy: 0.6649, Epsilon: 0.082
2026-03-29 16:41:12 | INFO | Episode  372 - Reward: 10.000, Length: 10, Loss: 2.3096, Entropy: 0.6635, Epsilon: 0.079
2026-03-29 16:41:13 | INFO | Episode  373 - Reward: 9.000, Length: 9, Loss: 2.7392, Entropy: 0.6624, Epsilon: 0.077
2026-03-29 16:41:13 | INFO | Episode  374 - Reward: 10.000, Length: 10, Loss: 2.4769, Entropy: 0.6628, Epsilon: 0.074
2026-03-29 16:41:14 | INFO | Episode  375 - Reward: 9.000, Length: 9, Loss: 2.2228, Entropy: 0.6630, Epsilon: 0.072
2026-03-29 16:41:14 | INFO | Episode  376 - Reward: 11.000, Length: 11, Loss: 2.4357, Entropy: 0.6624, Epsilon: 0.069
2026-03-29 16:41:15 | INFO | Episode  377 - Reward: 10.000, Length: 10, Loss: 2.2945, Entropy: 0.6619, Epsilon: 0.067
2026-03-29 16:41:15 | INFO | Episode  378 - Reward: 9.000, Length: 9, Loss: 2.1325, Entropy: 0.6625, Epsilon: 0.064
2026-03-29 16:41:15 | INFO | Episode  379 - Reward: 11.000, Length: 11, Loss: 2.4244, Entropy: 0.6624, Epsilon: 0.062
2026-03-29 16:41:16 | INFO | Episode  380 - Reward: 10.000, Length: 10, Loss: 1.9544, Entropy: 0.6620, Epsilon: 0.059
2026-03-29 16:41:16 | INFO | Episode  381 - Reward: 9.000, Length: 9, Loss: 2.0349, Entropy: 0.6622, Epsilon: 0.057
2026-03-29 16:41:17 | INFO | Episode  382 - Reward: 11.000, Length: 11, Loss: 2.0498, Entropy: 0.6623, Epsilon: 0.055
2026-03-29 16:41:17 | INFO | Episode  383 - Reward: 10.000, Length: 10, Loss: 2.1801, Entropy: 0.6637, Epsilon: 0.052
2026-03-29 16:41:18 | INFO | Episode  384 - Reward: 10.000, Length: 10, Loss: 1.8364, Entropy: 0.6642, Epsilon: 0.050
2026-03-29 16:41:18 | INFO | Episode  385 - Reward: 9.000, Length: 9, Loss: 2.1728, Entropy: 0.6644, Epsilon: 0.047
2026-03-29 16:41:19 | INFO | Episode  386 - Reward: 9.000, Length: 9, Loss: 2.1287, Entropy: 0.6652, Epsilon: 0.045
2026-03-29 16:41:19 | INFO | Episode  387 - Reward: 10.000, Length: 10, Loss: 1.9670, Entropy: 0.6655, Epsilon: 0.042
2026-03-29 16:41:20 | INFO | Episode  388 - Reward: 9.000, Length: 9, Loss: 2.2743, Entropy: 0.6653, Epsilon: 0.040
2026-03-29 16:41:20 | INFO | Episode  389 - Reward: 10.000, Length: 10, Loss: 2.2098, Entropy: 0.6666, Epsilon: 0.037
2026-03-29 16:41:21 | INFO | Episode  390 - Reward: 9.000, Length: 9, Loss: 1.9899, Entropy: 0.6677, Epsilon: 0.035
2026-03-29 16:41:21 | INFO | Episode  391 - Reward: 10.000, Length: 10, Loss: 2.3758, Entropy: 0.6689, Epsilon: 0.032
2026-03-29 16:41:21 | INFO | Episode  392 - Reward: 10.000, Length: 10, Loss: 1.8394, Entropy: 0.6690, Epsilon: 0.030
2026-03-29 16:41:22 | INFO | Episode  393 - Reward: 10.000, Length: 10, Loss: 1.7554, Entropy: 0.6689, Epsilon: 0.027
2026-03-29 16:41:22 | INFO | Episode  394 - Reward: 9.000, Length: 9, Loss: 1.7694, Entropy: 0.6687, Epsilon: 0.025
2026-03-29 16:41:23 | INFO | Episode  395 - Reward: 9.000, Length: 9, Loss: 2.1564, Entropy: 0.6696, Epsilon: 0.022
2026-03-29 16:41:23 | INFO | Episode  396 - Reward: 10.000, Length: 10, Loss: 2.0155, Entropy: 0.6707, Epsilon: 0.020
2026-03-29 16:41:24 | INFO | Episode  397 - Reward: 10.000, Length: 10, Loss: 2.0882, Entropy: 0.6714, Epsilon: 0.017
2026-03-29 16:41:24 | INFO | Episode  398 - Reward: 10.000, Length: 10, Loss: 2.0905, Entropy: 0.6721, Epsilon: 0.015
2026-03-29 16:41:25 | INFO | Episode  399 - Reward: 10.000, Length: 10, Loss: 1.8565, Entropy: 0.6732, Epsilon: 0.012
2026-03-29 16:41:25 | INFO | Episode  400 - Reward: 9.000, Length: 9, Loss: 1.6897, Entropy: 0.6728, Epsilon: 0.010
2026-03-29 16:41:26 | INFO | [Episode  400] eps=0.010  avg_reward=   9.600  avg_length=  9.60  avg_loss=  1.9487  avg_entropy=0.6728  eval_success=0.000
2026-03-29 16:41:26 | INFO | Episode  401 - Reward: 8.000, Length: 8, Loss: 1.7674, Entropy: 0.6729, Epsilon: 0.010
2026-03-29 16:41:27 | INFO | Episode  402 - Reward: 9.000, Length: 9, Loss: 2.0551, Entropy: 0.6738, Epsilon: 0.010
2026-03-29 16:41:27 | INFO | Episode  403 - Reward: 8.000, Length: 8, Loss: 1.8908, Entropy: 0.6734, Epsilon: 0.010
2026-03-29 16:41:27 | INFO | Episode  404 - Reward: 9.000, Length: 9, Loss: 1.9749, Entropy: 0.6741, Epsilon: 0.010
2026-03-29 16:41:28 | INFO | Episode  405 - Reward: 10.000, Length: 10, Loss: 2.0189, Entropy: 0.6748, Epsilon: 0.010
2026-03-29 16:41:28 | INFO | Episode  406 - Reward: 8.000, Length: 8, Loss: 2.0958, Entropy: 0.6752, Epsilon: 0.010
2026-03-29 16:41:29 | INFO | Episode  407 - Reward: 9.000, Length: 9, Loss: 1.8722, Entropy: 0.6757, Epsilon: 0.010
2026-03-29 16:41:29 | INFO | Episode  408 - Reward: 9.000, Length: 9, Loss: 1.5847, Entropy: 0.6761, Epsilon: 0.010
2026-03-29 16:41:30 | INFO | Episode  409 - Reward: 9.000, Length: 9, Loss: 1.9598, Entropy: 0.6767, Epsilon: 0.010
2026-03-29 16:41:30 | INFO | Episode  410 - Reward: 9.000, Length: 9, Loss: 1.6875, Entropy: 0.6764, Epsilon: 0.010
2026-03-29 16:41:31 | INFO | Episode  411 - Reward: 8.000, Length: 8, Loss: 1.8314, Entropy: 0.6767, Epsilon: 0.010
2026-03-29 16:41:31 | INFO | Episode  412 - Reward: 10.000, Length: 10, Loss: 1.6573, Entropy: 0.6760, Epsilon: 0.010
2026-03-29 16:41:32 | INFO | Episode  413 - Reward: 9.000, Length: 9, Loss: 1.9105, Entropy: 0.6761, Epsilon: 0.010
2026-03-29 16:41:32 | INFO | Episode  414 - Reward: 9.000, Length: 9, Loss: 2.0654, Entropy: 0.6769, Epsilon: 0.010
2026-03-29 16:41:33 | INFO | Episode  415 - Reward: 10.000, Length: 10, Loss: 1.7677, Entropy: 0.6770, Epsilon: 0.010
2026-03-29 16:41:33 | INFO | Episode  416 - Reward: 9.000, Length: 9, Loss: 1.8379, Entropy: 0.6774, Epsilon: 0.010
2026-03-29 16:41:34 | INFO | Episode  417 - Reward: 9.000, Length: 9, Loss: 1.8984, Entropy: 0.6779, Epsilon: 0.010
2026-03-29 16:41:34 | INFO | Episode  418 - Reward: 9.000, Length: 9, Loss: 2.0148, Entropy: 0.6778, Epsilon: 0.010
2026-03-29 16:41:34 | INFO | Episode  419 - Reward: 10.000, Length: 10, Loss: 2.0091, Entropy: 0.6782, Epsilon: 0.010
2026-03-29 16:41:35 | INFO | Episode  420 - Reward: 9.000, Length: 9, Loss: 1.9640, Entropy: 0.6786, Epsilon: 0.010
2026-03-29 16:41:35 | INFO | Episode  421 - Reward: 9.000, Length: 9, Loss: 1.7518, Entropy: 0.6788, Epsilon: 0.010
2026-03-29 16:41:36 | INFO | Episode  422 - Reward: 8.000, Length: 8, Loss: 1.7484, Entropy: 0.6792, Epsilon: 0.010
2026-03-29 16:41:36 | INFO | Episode  423 - Reward: 10.000, Length: 10, Loss: 2.4592, Entropy: 0.6781, Epsilon: 0.010
2026-03-29 16:41:37 | INFO | Episode  424 - Reward: 8.000, Length: 8, Loss: 2.5561, Entropy: 0.6766, Epsilon: 0.010
2026-03-29 16:41:37 | INFO | Episode  425 - Reward: 10.000, Length: 10, Loss: 2.5608, Entropy: 0.6765, Epsilon: 0.010
2026-03-29 16:41:38 | INFO | Episode  426 - Reward: 9.000, Length: 9, Loss: 2.5149, Entropy: 0.6758, Epsilon: 0.010
2026-03-29 16:41:38 | INFO | Episode  427 - Reward: 8.000, Length: 8, Loss: 2.1268, Entropy: 0.6754, Epsilon: 0.010
2026-03-29 16:41:39 | INFO | Episode  428 - Reward: 10.000, Length: 10, Loss: 2.2611, Entropy: 0.6759, Epsilon: 0.010
2026-03-29 16:41:39 | INFO | Episode  429 - Reward: 9.000, Length: 9, Loss: 2.1853, Entropy: 0.6766, Epsilon: 0.010
2026-03-29 16:41:40 | INFO | Episode  430 - Reward: 11.000, Length: 11, Loss: 2.2639, Entropy: 0.6772, Epsilon: 0.010
2026-03-29 16:41:40 | INFO | Episode  431 - Reward: 10.000, Length: 10, Loss: 1.9837, Entropy: 0.6769, Epsilon: 0.010
2026-03-29 16:41:41 | INFO | Episode  432 - Reward: 10.000, Length: 10, Loss: 2.1176, Entropy: 0.6777, Epsilon: 0.010
2026-03-29 16:41:41 | INFO | Episode  433 - Reward: 10.000, Length: 10, Loss: 1.9517, Entropy: 0.6787, Epsilon: 0.010
2026-03-29 16:41:42 | INFO | Episode  434 - Reward: 10.000, Length: 10, Loss: 2.0113, Entropy: 0.6789, Epsilon: 0.010
2026-03-29 16:41:42 | INFO | Episode  435 - Reward: 9.000, Length: 9, Loss: 2.0489, Entropy: 0.6795, Epsilon: 0.010
2026-03-29 16:41:42 | INFO | Episode  436 - Reward: 10.000, Length: 10, Loss: 2.1310, Entropy: 0.6794, Epsilon: 0.010
2026-03-29 16:41:43 | INFO | Episode  437 - Reward: 10.000, Length: 10, Loss: 2.0463, Entropy: 0.6804, Epsilon: 0.010
2026-03-29 16:41:43 | INFO | Episode  438 - Reward: 10.000, Length: 10, Loss: 2.0642, Entropy: 0.6811, Epsilon: 0.010
2026-03-29 16:41:44 | INFO | Episode  439 - Reward: 9.000, Length: 9, Loss: 2.1139, Entropy: 0.6820, Epsilon: 0.010
2026-03-29 16:41:44 | INFO | Episode  440 - Reward: 9.000, Length: 9, Loss: 1.9981, Entropy: 0.6829, Epsilon: 0.010
2026-03-29 16:41:45 | INFO | Episode  441 - Reward: 11.000, Length: 11, Loss: 1.7965, Entropy: 0.6832, Epsilon: 0.010
2026-03-29 16:41:45 | INFO | Episode  442 - Reward: 9.000, Length: 9, Loss: 1.7439, Entropy: 0.6833, Epsilon: 0.010
2026-03-29 16:41:46 | INFO | Episode  443 - Reward: 10.000, Length: 10, Loss: 1.9839, Entropy: 0.6838, Epsilon: 0.010
2026-03-29 16:41:46 | INFO | Episode  444 - Reward: 10.000, Length: 10, Loss: 2.0085, Entropy: 0.6845, Epsilon: 0.010
2026-03-29 16:41:47 | INFO | Episode  445 - Reward: 10.000, Length: 10, Loss: 1.5519, Entropy: 0.6850, Epsilon: 0.010
2026-03-29 16:41:47 | INFO | Episode  446 - Reward: 10.000, Length: 10, Loss: 1.9534, Entropy: 0.6855, Epsilon: 0.010
2026-03-29 16:41:48 | INFO | Episode  447 - Reward: 8.000, Length: 8, Loss: 1.8678, Entropy: 0.6860, Epsilon: 0.010
2026-03-29 16:41:48 | INFO | Episode  448 - Reward: 10.000, Length: 10, Loss: 2.1993, Entropy: 0.6863, Epsilon: 0.010
2026-03-29 16:41:49 | INFO | Episode  449 - Reward: 9.000, Length: 9, Loss: 1.6557, Entropy: 0.6866, Epsilon: 0.010
2026-03-29 16:41:49 | INFO | Episode  450 - Reward: 9.000, Length: 9, Loss: 1.5596, Entropy: 0.6866, Epsilon: 0.010
2026-03-29 16:41:50 | INFO | [Episode  450] eps=0.010  avg_reward=   9.300  avg_length=  9.30  avg_loss=  1.9816  avg_entropy=0.6866  eval_success=0.000
2026-03-29 16:41:50 | INFO | Episode  451 - Reward: 9.000, Length: 9, Loss: 1.8983, Entropy: 0.6876, Epsilon: 0.010
2026-03-29 16:41:51 | INFO | Episode  452 - Reward: 10.000, Length: 10, Loss: 2.0087, Entropy: 0.6879, Epsilon: 0.010
2026-03-29 16:41:51 | INFO | Episode  453 - Reward: 11.000, Length: 11, Loss: 1.8131, Entropy: 0.6882, Epsilon: 0.010
2026-03-29 16:41:52 | INFO | Episode  454 - Reward: 8.000, Length: 8, Loss: 1.6825, Entropy: 0.6881, Epsilon: 0.010
2026-03-29 16:41:52 | INFO | Episode  455 - Reward: 10.000, Length: 10, Loss: 1.8869, Entropy: 0.6884, Epsilon: 0.010
2026-03-29 16:41:53 | INFO | Episode  456 - Reward: 9.000, Length: 9, Loss: 1.7435, Entropy: 0.6883, Epsilon: 0.010
2026-03-29 16:41:53 | INFO | Episode  457 - Reward: 11.000, Length: 11, Loss: 1.9583, Entropy: 0.6886, Epsilon: 0.010
2026-03-29 16:41:54 | INFO | Episode  458 - Reward: 11.000, Length: 11, Loss: 1.9398, Entropy: 0.6886, Epsilon: 0.010
2026-03-29 16:41:54 | INFO | Episode  459 - Reward: 8.000, Length: 8, Loss: 1.8216, Entropy: 0.6890, Epsilon: 0.010
2026-03-29 16:41:54 | INFO | Episode  460 - Reward: 9.000, Length: 9, Loss: 1.7825, Entropy: 0.6891, Epsilon: 0.010
2026-03-29 16:41:55 | INFO | Episode  461 - Reward: 9.000, Length: 9, Loss: 1.7708, Entropy: 0.6896, Epsilon: 0.010
2026-03-29 16:41:55 | INFO | Episode  462 - Reward: 10.000, Length: 10, Loss: 1.7276, Entropy: 0.6894, Epsilon: 0.010
2026-03-29 16:41:56 | INFO | Episode  463 - Reward: 9.000, Length: 9, Loss: 1.9209, Entropy: 0.6897, Epsilon: 0.010
2026-03-29 16:41:56 | INFO | Episode  464 - Reward: 10.000, Length: 10, Loss: 1.9051, Entropy: 0.6899, Epsilon: 0.010
2026-03-29 16:41:57 | INFO | Episode  465 - Reward: 10.000, Length: 10, Loss: 1.8649, Entropy: 0.6902, Epsilon: 0.010
2026-03-29 16:41:57 | INFO | Episode  466 - Reward: 10.000, Length: 10, Loss: 1.6370, Entropy: 0.6902, Epsilon: 0.010
2026-03-29 16:41:58 | INFO | Episode  467 - Reward: 10.000, Length: 10, Loss: 2.0467, Entropy: 0.6903, Epsilon: 0.010
2026-03-29 16:41:58 | INFO | Episode  468 - Reward: 8.000, Length: 8, Loss: 1.9106, Entropy: 0.6905, Epsilon: 0.010
2026-03-29 16:41:59 | INFO | Episode  469 - Reward: 9.000, Length: 9, Loss: 1.8746, Entropy: 0.6905, Epsilon: 0.010
2026-03-29 16:41:59 | INFO | Episode  470 - Reward: 10.000, Length: 10, Loss: 2.0830, Entropy: 0.6905, Epsilon: 0.010
2026-03-29 16:42:00 | INFO | Episode  471 - Reward: 11.000, Length: 11, Loss: 2.2430, Entropy: 0.6910, Epsilon: 0.010
2026-03-29 16:42:00 | INFO | Episode  472 - Reward: 11.000, Length: 11, Loss: 2.3062, Entropy: 0.6914, Epsilon: 0.010
2026-03-29 16:42:01 | INFO | Episode  473 - Reward: 9.000, Length: 9, Loss: 2.1306, Entropy: 0.6913, Epsilon: 0.010
2026-03-29 16:42:01 | INFO | Episode  474 - Reward: 9.000, Length: 9, Loss: 1.9834, Entropy: 0.6914, Epsilon: 0.010
2026-03-29 16:42:02 | INFO | Episode  475 - Reward: 11.000, Length: 11, Loss: 2.2792, Entropy: 0.6913, Epsilon: 0.010
2026-03-29 16:42:02 | INFO | Episode  476 - Reward: 10.000, Length: 10, Loss: 2.2556, Entropy: 0.6913, Epsilon: 0.010
2026-03-29 16:42:02 | INFO | Episode  477 - Reward: 9.000, Length: 9, Loss: 2.5965, Entropy: 0.6912, Epsilon: 0.010
2026-03-29 16:42:03 | INFO | Episode  478 - Reward: 10.000, Length: 10, Loss: 2.0295, Entropy: 0.6913, Epsilon: 0.010
2026-03-29 16:42:03 | INFO | Episode  479 - Reward: 9.000, Length: 9, Loss: 1.9224, Entropy: 0.6914, Epsilon: 0.010
2026-03-29 16:42:04 | INFO | Episode  480 - Reward: 8.000, Length: 8, Loss: 2.1978, Entropy: 0.6915, Epsilon: 0.010
2026-03-29 16:42:04 | INFO | Episode  481 - Reward: 14.000, Length: 14, Loss: 2.0827, Entropy: 0.6917, Epsilon: 0.010
2026-03-29 16:42:05 | INFO | Episode  482 - Reward: 8.000, Length: 8, Loss: 1.9860, Entropy: 0.6918, Epsilon: 0.010
2026-03-29 16:42:05 | INFO | Episode  483 - Reward: 9.000, Length: 9, Loss: 1.9722, Entropy: 0.6919, Epsilon: 0.010
2026-03-29 16:42:06 | INFO | Episode  484 - Reward: 10.000, Length: 10, Loss: 1.6483, Entropy: 0.6920, Epsilon: 0.010
2026-03-29 16:42:06 | INFO | Episode  485 - Reward: 11.000, Length: 11, Loss: 1.8995, Entropy: 0.6920, Epsilon: 0.010
2026-03-29 16:42:07 | INFO | Episode  486 - Reward: 10.000, Length: 10, Loss: 2.0985, Entropy: 0.6921, Epsilon: 0.010
2026-03-29 16:42:07 | INFO | Episode  487 - Reward: 10.000, Length: 10, Loss: 1.7446, Entropy: 0.6923, Epsilon: 0.010
2026-03-29 16:42:08 | INFO | Episode  488 - Reward: 13.000, Length: 13, Loss: 1.8928, Entropy: 0.6922, Epsilon: 0.010
2026-03-29 16:42:08 | INFO | Episode  489 - Reward: 13.000, Length: 13, Loss: 1.7637, Entropy: 0.6923, Epsilon: 0.010
2026-03-29 16:42:09 | INFO | Episode  490 - Reward: 11.000, Length: 11, Loss: 1.6979, Entropy: 0.6924, Epsilon: 0.010
2026-03-29 16:42:09 | INFO | Episode  491 - Reward: 11.000, Length: 11, Loss: 1.5807, Entropy: 0.6924, Epsilon: 0.010
2026-03-29 16:42:10 | INFO | Episode  492 - Reward: 12.000, Length: 12, Loss: 1.8093, Entropy: 0.6924, Epsilon: 0.010
2026-03-29 16:42:10 | INFO | Episode  493 - Reward: 11.000, Length: 11, Loss: 1.8753, Entropy: 0.6924, Epsilon: 0.010
2026-03-29 16:42:11 | INFO | Episode  494 - Reward: 12.000, Length: 12, Loss: 1.7092, Entropy: 0.6924, Epsilon: 0.010
2026-03-29 16:42:11 | INFO | Episode  495 - Reward: 18.000, Length: 18, Loss: 1.4484, Entropy: 0.6925, Epsilon: 0.010
2026-03-29 16:42:12 | INFO | Episode  496 - Reward: 16.000, Length: 16, Loss: 1.5675, Entropy: 0.6925, Epsilon: 0.010
2026-03-29 16:42:12 | INFO | Episode  497 - Reward: 13.000, Length: 13, Loss: 1.9425, Entropy: 0.6924, Epsilon: 0.010
2026-03-29 16:42:13 | INFO | Episode  498 - Reward: 16.000, Length: 16, Loss: 1.9336, Entropy: 0.6925, Epsilon: 0.010
2026-03-29 16:42:13 | INFO | Episode  499 - Reward: 18.000, Length: 18, Loss: 1.6078, Entropy: 0.6925, Epsilon: 0.010
2026-03-29 16:42:14 | INFO | Episode  500 - Reward: 19.000, Length: 19, Loss: 1.5787, Entropy: 0.6925, Epsilon: 0.010
2026-03-29 16:42:15 | INFO | [Episode  500] eps=0.010  avg_reward=  10.860  avg_length= 10.86  avg_loss=  1.9012  avg_entropy=0.6925  eval_success=0.000
2026-03-29 16:42:15 | INFO | DQN+Entropy training: 4m 15.45s
2026-03-29 16:42:18 | INFO | [Final Eval] success=0.000, mean_reward=18.530
