2026-03-29 17:59:09 | INFO | ============================================================
2026-03-29 17:59:09 | INFO | DEVICE / COMPUTE INFORMATION
2026-03-29 17:59:09 | INFO |   JAX backend       : CPU
2026-03-29 17:59:09 | INFO |   Platform          : cpu
2026-03-29 17:59:09 | INFO |   Num devices       : 1
2026-03-29 17:59:09 | INFO |   Device            : TFRT_CPU_0
2026-03-29 17:59:09 | INFO | ============================================================
2026-03-29 17:59:09 | INFO | DQN+Entropy | seed=6, lr=0.0005, gamma=0.95, alpha=0.01
2026-03-29 17:59:09 | INFO | Env: cartpole/dense, obs_dim=4, num_actions=2
2026-03-29 17:59:10 | INFO | Episode    1 - Reward: 13.000, Length: 13, Loss: 0.0000, Entropy: 0.0000, Epsilon: 0.998
2026-03-29 17:59:10 | INFO | Episode    2 - Reward: 18.000, Length: 18, Loss: 0.0000, Entropy: 0.0000, Epsilon: 0.995
2026-03-29 17:59:11 | INFO | Episode    3 - Reward: 13.000, Length: 13, Loss: 0.0000, Entropy: 0.0000, Epsilon: 0.993
2026-03-29 17:59:11 | INFO | Episode    4 - Reward: 51.000, Length: 51, Loss: 0.0000, Entropy: 0.0000, Epsilon: 0.990
2026-03-29 17:59:12 | INFO | Episode    5 - Reward: 25.000, Length: 25, Loss: 0.0000, Entropy: 0.0000, Epsilon: 0.988
2026-03-29 17:59:12 | INFO | Episode    6 - Reward: 27.000, Length: 27, Loss: 0.0000, Entropy: 0.0000, Epsilon: 0.985
2026-03-29 17:59:13 | INFO | Episode    7 - Reward: 11.000, Length: 11, Loss: 0.0000, Entropy: 0.0000, Epsilon: 0.983
2026-03-29 17:59:13 | INFO | Episode    8 - Reward: 11.000, Length: 11, Loss: 0.0000, Entropy: 0.0000, Epsilon: 0.980
2026-03-29 17:59:13 | INFO | Episode    9 - Reward: 16.000, Length: 16, Loss: 0.0000, Entropy: 0.0000, Epsilon: 0.978
2026-03-29 17:59:14 | INFO | Episode   10 - Reward: 45.000, Length: 45, Loss: 0.0000, Entropy: 0.0000, Epsilon: 0.975
2026-03-29 17:59:15 | INFO | Episode   11 - Reward: 33.000, Length: 33, Loss: 1.0495, Entropy: 0.6920, Epsilon: 0.973
2026-03-29 17:59:15 | INFO | Episode   12 - Reward: 34.000, Length: 34, Loss: 1.0400, Entropy: 0.6922, Epsilon: 0.970
2026-03-29 17:59:16 | INFO | Episode   13 - Reward: 17.000, Length: 17, Loss: 1.0335, Entropy: 0.6922, Epsilon: 0.968
2026-03-29 17:59:16 | INFO | Episode   14 - Reward: 18.000, Length: 18, Loss: 1.0275, Entropy: 0.6921, Epsilon: 0.965
2026-03-29 17:59:17 | INFO | Episode   15 - Reward: 47.000, Length: 47, Loss: 1.0281, Entropy: 0.6921, Epsilon: 0.963
2026-03-29 17:59:17 | INFO | Episode   16 - Reward: 16.000, Length: 16, Loss: 1.0293, Entropy: 0.6920, Epsilon: 0.960
2026-03-29 17:59:18 | INFO | Episode   17 - Reward: 10.000, Length: 10, Loss: 1.0217, Entropy: 0.6919, Epsilon: 0.958
2026-03-29 17:59:18 | INFO | Episode   18 - Reward: 15.000, Length: 15, Loss: 1.0200, Entropy: 0.6920, Epsilon: 0.955
2026-03-29 17:59:19 | INFO | Episode   19 - Reward: 24.000, Length: 24, Loss: 1.0075, Entropy: 0.6920, Epsilon: 0.953
2026-03-29 17:59:19 | INFO | Episode   20 - Reward: 16.000, Length: 16, Loss: 1.0111, Entropy: 0.6920, Epsilon: 0.951
2026-03-29 17:59:19 | INFO | Episode   21 - Reward: 19.000, Length: 19, Loss: 1.0035, Entropy: 0.6920, Epsilon: 0.948
2026-03-29 17:59:20 | INFO | Episode   22 - Reward: 15.000, Length: 15, Loss: 0.9924, Entropy: 0.6921, Epsilon: 0.946
2026-03-29 17:59:20 | INFO | Episode   23 - Reward: 13.000, Length: 13, Loss: 0.9985, Entropy: 0.6918, Epsilon: 0.943
2026-03-29 17:59:21 | INFO | Episode   24 - Reward: 37.000, Length: 37, Loss: 1.0575, Entropy: 0.6919, Epsilon: 0.941
2026-03-29 17:59:21 | INFO | Episode   25 - Reward: 14.000, Length: 14, Loss: 1.0561, Entropy: 0.6919, Epsilon: 0.938
2026-03-29 17:59:22 | INFO | Episode   26 - Reward: 13.000, Length: 13, Loss: 1.0493, Entropy: 0.6919, Epsilon: 0.936
2026-03-29 17:59:22 | INFO | Episode   27 - Reward: 28.000, Length: 28, Loss: 1.0487, Entropy: 0.6918, Epsilon: 0.933
2026-03-29 17:59:23 | INFO | Episode   28 - Reward: 20.000, Length: 20, Loss: 1.0387, Entropy: 0.6919, Epsilon: 0.931
2026-03-29 17:59:23 | INFO | Episode   29 - Reward: 12.000, Length: 12, Loss: 1.0370, Entropy: 0.6918, Epsilon: 0.928
2026-03-29 17:59:24 | INFO | Episode   30 - Reward: 18.000, Length: 18, Loss: 1.0321, Entropy: 0.6918, Epsilon: 0.926
2026-03-29 17:59:24 | INFO | Episode   31 - Reward: 26.000, Length: 26, Loss: 1.0247, Entropy: 0.6918, Epsilon: 0.923
2026-03-29 17:59:24 | INFO | Episode   32 - Reward: 28.000, Length: 28, Loss: 1.0164, Entropy: 0.6918, Epsilon: 0.921
2026-03-29 17:59:25 | INFO | Episode   33 - Reward: 20.000, Length: 20, Loss: 1.0133, Entropy: 0.6918, Epsilon: 0.918
2026-03-29 17:59:25 | INFO | Episode   34 - Reward: 21.000, Length: 21, Loss: 1.0044, Entropy: 0.6918, Epsilon: 0.916
2026-03-29 17:59:26 | INFO | Episode   35 - Reward: 45.000, Length: 45, Loss: 0.9943, Entropy: 0.6918, Epsilon: 0.913
2026-03-29 17:59:26 | INFO | Episode   36 - Reward: 16.000, Length: 16, Loss: 0.9942, Entropy: 0.6918, Epsilon: 0.911
2026-03-29 17:59:27 | INFO | Episode   37 - Reward: 12.000, Length: 12, Loss: 0.9833, Entropy: 0.6917, Epsilon: 0.908
2026-03-29 17:59:27 | INFO | Episode   38 - Reward: 15.000, Length: 15, Loss: 0.9808, Entropy: 0.6917, Epsilon: 0.906
2026-03-29 17:59:28 | INFO | Episode   39 - Reward: 14.000, Length: 14, Loss: 0.9788, Entropy: 0.6917, Epsilon: 0.903
2026-03-29 17:59:28 | INFO | Episode   40 - Reward: 13.000, Length: 13, Loss: 0.9711, Entropy: 0.6918, Epsilon: 0.901
2026-03-29 17:59:29 | INFO | Episode   41 - Reward: 24.000, Length: 24, Loss: 0.9701, Entropy: 0.6917, Epsilon: 0.899
2026-03-29 17:59:29 | INFO | Episode   42 - Reward: 27.000, Length: 27, Loss: 0.9661, Entropy: 0.6916, Epsilon: 0.896
2026-03-29 17:59:30 | INFO | Episode   43 - Reward: 38.000, Length: 38, Loss: 0.9633, Entropy: 0.6917, Epsilon: 0.894
2026-03-29 17:59:30 | INFO | Episode   44 - Reward: 21.000, Length: 21, Loss: 0.9495, Entropy: 0.6917, Epsilon: 0.891
2026-03-29 17:59:31 | INFO | Episode   45 - Reward: 13.000, Length: 13, Loss: 0.9485, Entropy: 0.6917, Epsilon: 0.889
2026-03-29 17:59:31 | INFO | Episode   46 - Reward: 15.000, Length: 15, Loss: 0.9497, Entropy: 0.6916, Epsilon: 0.886
2026-03-29 17:59:32 | INFO | Episode   47 - Reward: 43.000, Length: 43, Loss: 0.9448, Entropy: 0.6915, Epsilon: 0.884
2026-03-29 17:59:32 | INFO | Episode   48 - Reward: 24.000, Length: 24, Loss: 1.0518, Entropy: 0.6917, Epsilon: 0.881
2026-03-29 17:59:32 | INFO | Episode   49 - Reward: 36.000, Length: 36, Loss: 1.0445, Entropy: 0.6916, Epsilon: 0.879
2026-03-29 17:59:33 | INFO | Episode   50 - Reward: 17.000, Length: 17, Loss: 1.0439, Entropy: 0.6917, Epsilon: 0.876
2026-03-29 17:59:34 | INFO | [Episode   50] eps=0.876  avg_reward=  22.340  avg_length= 22.34  avg_loss=  0.8075  avg_entropy=0.6917  eval_success=0.000
2026-03-29 17:59:35 | INFO | Episode   51 - Reward: 18.000, Length: 18, Loss: 1.0397, Entropy: 0.6916, Epsilon: 0.874
2026-03-29 17:59:35 | INFO | Episode   52 - Reward: 21.000, Length: 21, Loss: 1.0270, Entropy: 0.6916, Epsilon: 0.871
2026-03-29 17:59:36 | INFO | Episode   53 - Reward: 29.000, Length: 29, Loss: 1.0247, Entropy: 0.6916, Epsilon: 0.869
2026-03-29 17:59:36 | INFO | Episode   54 - Reward: 20.000, Length: 20, Loss: 1.0236, Entropy: 0.6917, Epsilon: 0.866
2026-03-29 17:59:36 | INFO | Episode   55 - Reward: 20.000, Length: 20, Loss: 1.0159, Entropy: 0.6916, Epsilon: 0.864
2026-03-29 17:59:37 | INFO | Episode   56 - Reward: 20.000, Length: 20, Loss: 1.0036, Entropy: 0.6915, Epsilon: 0.861
2026-03-29 17:59:37 | INFO | Episode   57 - Reward: 14.000, Length: 14, Loss: 1.0109, Entropy: 0.6916, Epsilon: 0.859
2026-03-29 17:59:38 | INFO | Episode   58 - Reward: 10.000, Length: 10, Loss: 1.0025, Entropy: 0.6916, Epsilon: 0.856
2026-03-29 17:59:38 | INFO | Episode   59 - Reward: 11.000, Length: 11, Loss: 0.9937, Entropy: 0.6915, Epsilon: 0.854
2026-03-29 17:59:38 | INFO | Episode   60 - Reward: 20.000, Length: 20, Loss: 0.9864, Entropy: 0.6915, Epsilon: 0.852
2026-03-29 17:59:39 | INFO | Episode   61 - Reward: 25.000, Length: 25, Loss: 0.9893, Entropy: 0.6916, Epsilon: 0.849
2026-03-29 17:59:39 | INFO | Episode   62 - Reward: 18.000, Length: 18, Loss: 0.9809, Entropy: 0.6915, Epsilon: 0.847
2026-03-29 17:59:40 | INFO | Episode   63 - Reward: 22.000, Length: 22, Loss: 0.9828, Entropy: 0.6916, Epsilon: 0.844
2026-03-29 17:59:40 | INFO | Episode   64 - Reward: 14.000, Length: 14, Loss: 0.9713, Entropy: 0.6915, Epsilon: 0.842
2026-03-29 17:59:41 | INFO | Episode   65 - Reward: 43.000, Length: 43, Loss: 0.9631, Entropy: 0.6914, Epsilon: 0.839
2026-03-29 17:59:41 | INFO | Episode   66 - Reward: 19.000, Length: 19, Loss: 0.9711, Entropy: 0.6915, Epsilon: 0.837
2026-03-29 17:59:42 | INFO | Episode   67 - Reward: 19.000, Length: 19, Loss: 0.9511, Entropy: 0.6916, Epsilon: 0.834
2026-03-29 17:59:42 | INFO | Episode   68 - Reward: 22.000, Length: 22, Loss: 0.9482, Entropy: 0.6916, Epsilon: 0.832
2026-03-29 17:59:42 | INFO | Episode   69 - Reward: 16.000, Length: 16, Loss: 0.9416, Entropy: 0.6914, Epsilon: 0.829
2026-03-29 17:59:43 | INFO | Episode   70 - Reward: 36.000, Length: 36, Loss: 0.9400, Entropy: 0.6915, Epsilon: 0.827
2026-03-29 17:59:43 | INFO | Episode   71 - Reward: 61.000, Length: 61, Loss: 1.0548, Entropy: 0.6915, Epsilon: 0.824
2026-03-29 17:59:44 | INFO | Episode   72 - Reward: 13.000, Length: 13, Loss: 1.0482, Entropy: 0.6913, Epsilon: 0.822
2026-03-29 17:59:44 | INFO | Episode   73 - Reward: 28.000, Length: 28, Loss: 1.0510, Entropy: 0.6915, Epsilon: 0.819
2026-03-29 17:59:44 | INFO | Episode   74 - Reward: 21.000, Length: 21, Loss: 1.0331, Entropy: 0.6915, Epsilon: 0.817
2026-03-29 17:59:45 | INFO | Episode   75 - Reward: 10.000, Length: 10, Loss: 1.0307, Entropy: 0.6914, Epsilon: 0.814
2026-03-29 17:59:45 | INFO | Episode   76 - Reward: 10.000, Length: 10, Loss: 1.0268, Entropy: 0.6914, Epsilon: 0.812
2026-03-29 17:59:46 | INFO | Episode   77 - Reward: 16.000, Length: 16, Loss: 1.0216, Entropy: 0.6914, Epsilon: 0.809
2026-03-29 17:59:46 | INFO | Episode   78 - Reward: 20.000, Length: 20, Loss: 1.0169, Entropy: 0.6913, Epsilon: 0.807
2026-03-29 17:59:47 | INFO | Episode   79 - Reward: 35.000, Length: 35, Loss: 1.0083, Entropy: 0.6914, Epsilon: 0.804
2026-03-29 17:59:47 | INFO | Episode   80 - Reward: 44.000, Length: 44, Loss: 1.0053, Entropy: 0.6914, Epsilon: 0.802
2026-03-29 17:59:47 | INFO | Episode   81 - Reward: 16.000, Length: 16, Loss: 0.9996, Entropy: 0.6913, Epsilon: 0.800
2026-03-29 17:59:48 | INFO | Episode   82 - Reward: 11.000, Length: 11, Loss: 0.9896, Entropy: 0.6913, Epsilon: 0.797
2026-03-29 17:59:48 | INFO | Episode   83 - Reward: 38.000, Length: 38, Loss: 0.9899, Entropy: 0.6913, Epsilon: 0.795
2026-03-29 17:59:49 | INFO | Episode   84 - Reward: 12.000, Length: 12, Loss: 0.9888, Entropy: 0.6913, Epsilon: 0.792
2026-03-29 17:59:49 | INFO | Episode   85 - Reward: 15.000, Length: 15, Loss: 0.9775, Entropy: 0.6912, Epsilon: 0.790
2026-03-29 17:59:50 | INFO | Episode   86 - Reward: 12.000, Length: 12, Loss: 0.9762, Entropy: 0.6912, Epsilon: 0.787
2026-03-29 17:59:50 | INFO | Episode   87 - Reward: 14.000, Length: 14, Loss: 0.9625, Entropy: 0.6910, Epsilon: 0.785
2026-03-29 17:59:51 | INFO | Episode   88 - Reward: 11.000, Length: 11, Loss: 0.9617, Entropy: 0.6912, Epsilon: 0.782
2026-03-29 17:59:51 | INFO | Episode   89 - Reward: 17.000, Length: 17, Loss: 0.9475, Entropy: 0.6910, Epsilon: 0.780
2026-03-29 17:59:51 | INFO | Episode   90 - Reward: 15.000, Length: 15, Loss: 0.9470, Entropy: 0.6911, Epsilon: 0.777
2026-03-29 17:59:52 | INFO | Episode   91 - Reward: 37.000, Length: 37, Loss: 0.9481, Entropy: 0.6911, Epsilon: 0.775
2026-03-29 17:59:52 | INFO | Episode   92 - Reward: 14.000, Length: 14, Loss: 0.9427, Entropy: 0.6910, Epsilon: 0.772
2026-03-29 17:59:53 | INFO | Episode   93 - Reward: 42.000, Length: 42, Loss: 1.0464, Entropy: 0.6911, Epsilon: 0.770
2026-03-29 17:59:53 | INFO | Episode   94 - Reward: 26.000, Length: 26, Loss: 1.0465, Entropy: 0.6910, Epsilon: 0.767
2026-03-29 17:59:54 | INFO | Episode   95 - Reward: 12.000, Length: 12, Loss: 1.0468, Entropy: 0.6910, Epsilon: 0.765
2026-03-29 17:59:54 | INFO | Episode   96 - Reward: 30.000, Length: 30, Loss: 1.0412, Entropy: 0.6909, Epsilon: 0.762
2026-03-29 17:59:55 | INFO | Episode   97 - Reward: 27.000, Length: 27, Loss: 1.0127, Entropy: 0.6909, Epsilon: 0.760
2026-03-29 17:59:55 | INFO | Episode   98 - Reward: 15.000, Length: 15, Loss: 1.0345, Entropy: 0.6909, Epsilon: 0.757
2026-03-29 17:59:55 | INFO | Episode   99 - Reward: 13.000, Length: 13, Loss: 1.0137, Entropy: 0.6909, Epsilon: 0.755
2026-03-29 17:59:56 | INFO | Episode  100 - Reward: 11.000, Length: 11, Loss: 1.0124, Entropy: 0.6910, Epsilon: 0.752
2026-03-29 17:59:56 | INFO | [Episode  100] eps=0.752  avg_reward=  21.260  avg_length= 21.26  avg_loss=  0.9990  avg_entropy=0.6910  eval_success=0.000
2026-03-29 17:59:57 | INFO | Episode  101 - Reward: 14.000, Length: 14, Loss: 1.0054, Entropy: 0.6909, Epsilon: 0.750
2026-03-29 17:59:57 | INFO | Episode  102 - Reward: 12.000, Length: 12, Loss: 1.0022, Entropy: 0.6907, Epsilon: 0.748
2026-03-29 17:59:57 | INFO | Episode  103 - Reward: 15.000, Length: 15, Loss: 0.9935, Entropy: 0.6909, Epsilon: 0.745
2026-03-29 17:59:58 | INFO | Episode  104 - Reward: 19.000, Length: 19, Loss: 0.9873, Entropy: 0.6908, Epsilon: 0.743
2026-03-29 17:59:58 | INFO | Episode  105 - Reward: 11.000, Length: 11, Loss: 0.9910, Entropy: 0.6907, Epsilon: 0.740
2026-03-29 17:59:59 | INFO | Episode  106 - Reward: 13.000, Length: 13, Loss: 0.9742, Entropy: 0.6906, Epsilon: 0.738
2026-03-29 17:59:59 | INFO | Episode  107 - Reward: 10.000, Length: 10, Loss: 0.9711, Entropy: 0.6907, Epsilon: 0.735
2026-03-29 18:00:00 | INFO | Episode  108 - Reward: 13.000, Length: 13, Loss: 0.9742, Entropy: 0.6907, Epsilon: 0.733
2026-03-29 18:00:00 | INFO | Episode  109 - Reward: 44.000, Length: 44, Loss: 0.9655, Entropy: 0.6907, Epsilon: 0.730
2026-03-29 18:00:01 | INFO | Episode  110 - Reward: 29.000, Length: 29, Loss: 0.9715, Entropy: 0.6906, Epsilon: 0.728
2026-03-29 18:00:01 | INFO | Episode  111 - Reward: 10.000, Length: 10, Loss: 0.9621, Entropy: 0.6905, Epsilon: 0.725
2026-03-29 18:00:02 | INFO | Episode  112 - Reward: 70.000, Length: 70, Loss: 0.9472, Entropy: 0.6905, Epsilon: 0.723
2026-03-29 18:00:02 | INFO | Episode  113 - Reward: 19.000, Length: 19, Loss: 0.9439, Entropy: 0.6905, Epsilon: 0.720
2026-03-29 18:00:02 | INFO | Episode  114 - Reward: 10.000, Length: 10, Loss: 0.9374, Entropy: 0.6906, Epsilon: 0.718
2026-03-29 18:00:03 | INFO | Episode  115 - Reward: 21.000, Length: 21, Loss: 0.9251, Entropy: 0.6905, Epsilon: 0.715
2026-03-29 18:00:03 | INFO | Episode  116 - Reward: 10.000, Length: 10, Loss: 0.9229, Entropy: 0.6905, Epsilon: 0.713
2026-03-29 18:00:04 | INFO | Episode  117 - Reward: 65.000, Length: 65, Loss: 1.0493, Entropy: 0.6904, Epsilon: 0.710
2026-03-29 18:00:04 | INFO | Episode  118 - Reward: 11.000, Length: 11, Loss: 1.0366, Entropy: 0.6903, Epsilon: 0.708
2026-03-29 18:00:05 | INFO | Episode  119 - Reward: 11.000, Length: 11, Loss: 1.0431, Entropy: 0.6905, Epsilon: 0.705
2026-03-29 18:00:05 | INFO | Episode  120 - Reward: 16.000, Length: 16, Loss: 1.0303, Entropy: 0.6904, Epsilon: 0.703
2026-03-29 18:00:06 | INFO | Episode  121 - Reward: 14.000, Length: 14, Loss: 1.0289, Entropy: 0.6903, Epsilon: 0.701
2026-03-29 18:00:06 | INFO | Episode  122 - Reward: 15.000, Length: 15, Loss: 1.0302, Entropy: 0.6903, Epsilon: 0.698
2026-03-29 18:00:07 | INFO | Episode  123 - Reward: 12.000, Length: 12, Loss: 1.0263, Entropy: 0.6903, Epsilon: 0.696
2026-03-29 18:00:07 | INFO | Episode  124 - Reward: 32.000, Length: 32, Loss: 1.0141, Entropy: 0.6901, Epsilon: 0.693
2026-03-29 18:00:08 | INFO | Episode  125 - Reward: 19.000, Length: 19, Loss: 0.9968, Entropy: 0.6902, Epsilon: 0.691
2026-03-29 18:00:08 | INFO | Episode  126 - Reward: 14.000, Length: 14, Loss: 1.0090, Entropy: 0.6902, Epsilon: 0.688
2026-03-29 18:00:09 | INFO | Episode  127 - Reward: 11.000, Length: 11, Loss: 0.9962, Entropy: 0.6901, Epsilon: 0.686
2026-03-29 18:00:09 | INFO | Episode  128 - Reward: 10.000, Length: 10, Loss: 0.9854, Entropy: 0.6900, Epsilon: 0.683
2026-03-29 18:00:09 | INFO | Episode  129 - Reward: 15.000, Length: 15, Loss: 0.9749, Entropy: 0.6901, Epsilon: 0.681
2026-03-29 18:00:10 | INFO | Episode  130 - Reward: 13.000, Length: 13, Loss: 0.9800, Entropy: 0.6899, Epsilon: 0.678
2026-03-29 18:00:11 | INFO | Episode  131 - Reward: 11.000, Length: 11, Loss: 0.9734, Entropy: 0.6899, Epsilon: 0.676
2026-03-29 18:00:11 | INFO | Episode  132 - Reward: 12.000, Length: 12, Loss: 0.9669, Entropy: 0.6899, Epsilon: 0.673
2026-03-29 18:00:11 | INFO | Episode  133 - Reward: 17.000, Length: 17, Loss: 0.9577, Entropy: 0.6899, Epsilon: 0.671
2026-03-29 18:00:12 | INFO | Episode  134 - Reward: 15.000, Length: 15, Loss: 0.9588, Entropy: 0.6899, Epsilon: 0.668
2026-03-29 18:00:12 | INFO | Episode  135 - Reward: 23.000, Length: 23, Loss: 0.9622, Entropy: 0.6898, Epsilon: 0.666
2026-03-29 18:00:13 | INFO | Episode  136 - Reward: 13.000, Length: 13, Loss: 0.9486, Entropy: 0.6898, Epsilon: 0.663
2026-03-29 18:00:13 | INFO | Episode  137 - Reward: 21.000, Length: 21, Loss: 0.9356, Entropy: 0.6898, Epsilon: 0.661
2026-03-29 18:00:14 | INFO | Episode  138 - Reward: 25.000, Length: 25, Loss: 0.9227, Entropy: 0.6897, Epsilon: 0.658
2026-03-29 18:00:14 | INFO | Episode  139 - Reward: 11.000, Length: 11, Loss: 0.9285, Entropy: 0.6897, Epsilon: 0.656
2026-03-29 18:00:14 | INFO | Episode  140 - Reward: 21.000, Length: 21, Loss: 0.9160, Entropy: 0.6896, Epsilon: 0.653
2026-03-29 18:00:15 | INFO | Episode  141 - Reward: 9.000, Length: 9, Loss: 0.9198, Entropy: 0.6895, Epsilon: 0.651
2026-03-29 18:00:15 | INFO | Episode  142 - Reward: 17.000, Length: 17, Loss: 0.9113, Entropy: 0.6896, Epsilon: 0.649
2026-03-29 18:00:16 | INFO | Episode  143 - Reward: 18.000, Length: 18, Loss: 0.9140, Entropy: 0.6896, Epsilon: 0.646
2026-03-29 18:00:16 | INFO | Episode  144 - Reward: 16.000, Length: 16, Loss: 0.9017, Entropy: 0.6895, Epsilon: 0.644
2026-03-29 18:00:17 | INFO | Episode  145 - Reward: 13.000, Length: 13, Loss: 0.8872, Entropy: 0.6894, Epsilon: 0.641
2026-03-29 18:00:17 | INFO | Episode  146 - Reward: 15.000, Length: 15, Loss: 1.0378, Entropy: 0.6893, Epsilon: 0.639
2026-03-29 18:00:17 | INFO | Episode  147 - Reward: 20.000, Length: 20, Loss: 1.0589, Entropy: 0.6892, Epsilon: 0.636
2026-03-29 18:00:18 | INFO | Episode  148 - Reward: 11.000, Length: 11, Loss: 1.0367, Entropy: 0.6893, Epsilon: 0.634
2026-03-29 18:00:18 | INFO | Episode  149 - Reward: 10.000, Length: 10, Loss: 1.0558, Entropy: 0.6893, Epsilon: 0.631
2026-03-29 18:00:19 | INFO | Episode  150 - Reward: 21.000, Length: 21, Loss: 1.0428, Entropy: 0.6894, Epsilon: 0.629
2026-03-29 18:00:19 | INFO | [Episode  150] eps=0.629  avg_reward=  17.940  avg_length= 17.94  avg_loss=  0.9782  avg_entropy=0.6894  eval_success=0.000
2026-03-29 18:00:20 | INFO | Episode  151 - Reward: 16.000, Length: 16, Loss: 1.0345, Entropy: 0.6891, Epsilon: 0.626
2026-03-29 18:00:20 | INFO | Episode  152 - Reward: 13.000, Length: 13, Loss: 1.0176, Entropy: 0.6891, Epsilon: 0.624
2026-03-29 18:00:20 | INFO | Episode  153 - Reward: 13.000, Length: 13, Loss: 1.0140, Entropy: 0.6889, Epsilon: 0.621
2026-03-29 18:00:21 | INFO | Episode  154 - Reward: 12.000, Length: 12, Loss: 1.0030, Entropy: 0.6890, Epsilon: 0.619
2026-03-29 18:00:21 | INFO | Episode  155 - Reward: 24.000, Length: 24, Loss: 0.9913, Entropy: 0.6888, Epsilon: 0.616
2026-03-29 18:00:22 | INFO | Episode  156 - Reward: 19.000, Length: 19, Loss: 0.9999, Entropy: 0.6889, Epsilon: 0.614
2026-03-29 18:00:22 | INFO | Episode  157 - Reward: 18.000, Length: 18, Loss: 0.9856, Entropy: 0.6890, Epsilon: 0.611
2026-03-29 18:00:23 | INFO | Episode  158 - Reward: 12.000, Length: 12, Loss: 0.9786, Entropy: 0.6889, Epsilon: 0.609
2026-03-29 18:00:23 | INFO | Episode  159 - Reward: 28.000, Length: 28, Loss: 0.9770, Entropy: 0.6889, Epsilon: 0.606
2026-03-29 18:00:23 | INFO | Episode  160 - Reward: 10.000, Length: 10, Loss: 0.9711, Entropy: 0.6887, Epsilon: 0.604
2026-03-29 18:00:24 | INFO | Episode  161 - Reward: 12.000, Length: 12, Loss: 0.9663, Entropy: 0.6886, Epsilon: 0.602
2026-03-29 18:00:24 | INFO | Episode  162 - Reward: 14.000, Length: 14, Loss: 0.9577, Entropy: 0.6888, Epsilon: 0.599
2026-03-29 18:00:25 | INFO | Episode  163 - Reward: 17.000, Length: 17, Loss: 0.9594, Entropy: 0.6885, Epsilon: 0.597
2026-03-29 18:00:25 | INFO | Episode  164 - Reward: 17.000, Length: 17, Loss: 0.9507, Entropy: 0.6884, Epsilon: 0.594
2026-03-29 18:00:26 | INFO | Episode  165 - Reward: 12.000, Length: 12, Loss: 0.9492, Entropy: 0.6886, Epsilon: 0.592
2026-03-29 18:00:26 | INFO | Episode  166 - Reward: 11.000, Length: 11, Loss: 0.9480, Entropy: 0.6884, Epsilon: 0.589
2026-03-29 18:00:27 | INFO | Episode  167 - Reward: 13.000, Length: 13, Loss: 0.9403, Entropy: 0.6884, Epsilon: 0.587
2026-03-29 18:00:27 | INFO | Episode  168 - Reward: 17.000, Length: 17, Loss: 0.9377, Entropy: 0.6883, Epsilon: 0.584
2026-03-29 18:00:27 | INFO | Episode  169 - Reward: 12.000, Length: 12, Loss: 0.9270, Entropy: 0.6883, Epsilon: 0.582
2026-03-29 18:00:28 | INFO | Episode  170 - Reward: 19.000, Length: 19, Loss: 0.9252, Entropy: 0.6882, Epsilon: 0.579
2026-03-29 18:00:28 | INFO | Episode  171 - Reward: 10.000, Length: 10, Loss: 0.9093, Entropy: 0.6882, Epsilon: 0.577
2026-03-29 18:00:29 | INFO | Episode  172 - Reward: 9.000, Length: 9, Loss: 0.9130, Entropy: 0.6882, Epsilon: 0.574
2026-03-29 18:00:29 | INFO | Episode  173 - Reward: 9.000, Length: 9, Loss: 0.9065, Entropy: 0.6882, Epsilon: 0.572
2026-03-29 18:00:30 | INFO | Episode  174 - Reward: 23.000, Length: 23, Loss: 0.8874, Entropy: 0.6882, Epsilon: 0.569
2026-03-29 18:00:30 | INFO | Episode  175 - Reward: 13.000, Length: 13, Loss: 0.8993, Entropy: 0.6880, Epsilon: 0.567
2026-03-29 18:00:31 | INFO | Episode  176 - Reward: 14.000, Length: 14, Loss: 0.8773, Entropy: 0.6879, Epsilon: 0.564
2026-03-29 18:00:31 | INFO | Episode  177 - Reward: 15.000, Length: 15, Loss: 0.8720, Entropy: 0.6878, Epsilon: 0.562
2026-03-29 18:00:32 | INFO | Episode  178 - Reward: 12.000, Length: 12, Loss: 0.8714, Entropy: 0.6877, Epsilon: 0.559
2026-03-29 18:00:32 | INFO | Episode  179 - Reward: 8.000, Length: 8, Loss: 0.8613, Entropy: 0.6879, Epsilon: 0.557
2026-03-29 18:00:33 | INFO | Episode  180 - Reward: 23.000, Length: 23, Loss: 0.8545, Entropy: 0.6877, Epsilon: 0.554
2026-03-29 18:00:33 | INFO | Episode  181 - Reward: 14.000, Length: 14, Loss: 1.0580, Entropy: 0.6878, Epsilon: 0.552
2026-03-29 18:00:33 | INFO | Episode  182 - Reward: 13.000, Length: 13, Loss: 1.0703, Entropy: 0.6876, Epsilon: 0.550
2026-03-29 18:00:34 | INFO | Episode  183 - Reward: 11.000, Length: 11, Loss: 1.0493, Entropy: 0.6877, Epsilon: 0.547
2026-03-29 18:00:34 | INFO | Episode  184 - Reward: 11.000, Length: 11, Loss: 1.0461, Entropy: 0.6875, Epsilon: 0.545
2026-03-29 18:00:35 | INFO | Episode  185 - Reward: 15.000, Length: 15, Loss: 1.0471, Entropy: 0.6873, Epsilon: 0.542
2026-03-29 18:00:35 | INFO | Episode  186 - Reward: 23.000, Length: 23, Loss: 1.0420, Entropy: 0.6875, Epsilon: 0.540
2026-03-29 18:00:36 | INFO | Episode  187 - Reward: 29.000, Length: 29, Loss: 1.0319, Entropy: 0.6873, Epsilon: 0.537
2026-03-29 18:00:36 | INFO | Episode  188 - Reward: 10.000, Length: 10, Loss: 1.0163, Entropy: 0.6874, Epsilon: 0.535
2026-03-29 18:00:36 | INFO | Episode  189 - Reward: 18.000, Length: 18, Loss: 1.0022, Entropy: 0.6871, Epsilon: 0.532
2026-03-29 18:00:37 | INFO | Episode  190 - Reward: 9.000, Length: 9, Loss: 1.0141, Entropy: 0.6870, Epsilon: 0.530
2026-03-29 18:00:37 | INFO | Episode  191 - Reward: 28.000, Length: 28, Loss: 1.0149, Entropy: 0.6870, Epsilon: 0.527
2026-03-29 18:00:38 | INFO | Episode  192 - Reward: 24.000, Length: 24, Loss: 0.9927, Entropy: 0.6870, Epsilon: 0.525
2026-03-29 18:00:38 | INFO | Episode  193 - Reward: 11.000, Length: 11, Loss: 0.9901, Entropy: 0.6869, Epsilon: 0.522
2026-03-29 18:00:39 | INFO | Episode  194 - Reward: 13.000, Length: 13, Loss: 0.9726, Entropy: 0.6866, Epsilon: 0.520
2026-03-29 18:00:40 | INFO | Episode  195 - Reward: 10.000, Length: 10, Loss: 0.9681, Entropy: 0.6866, Epsilon: 0.517
2026-03-29 18:00:40 | INFO | Episode  196 - Reward: 11.000, Length: 11, Loss: 0.9687, Entropy: 0.6865, Epsilon: 0.515
2026-03-29 18:00:40 | INFO | Episode  197 - Reward: 25.000, Length: 25, Loss: 0.9598, Entropy: 0.6865, Epsilon: 0.512
2026-03-29 18:00:41 | INFO | Episode  198 - Reward: 13.000, Length: 13, Loss: 0.9518, Entropy: 0.6862, Epsilon: 0.510
2026-03-29 18:00:41 | INFO | Episode  199 - Reward: 17.000, Length: 17, Loss: 0.9465, Entropy: 0.6863, Epsilon: 0.507
2026-03-29 18:00:42 | INFO | Episode  200 - Reward: 12.000, Length: 12, Loss: 0.9343, Entropy: 0.6863, Epsilon: 0.505
2026-03-29 18:00:42 | INFO | [Episode  200] eps=0.505  avg_reward=  15.240  avg_length= 15.24  avg_loss=  0.9673  avg_entropy=0.6863  eval_success=0.000
2026-03-29 18:00:43 | INFO | Episode  201 - Reward: 9.000, Length: 9, Loss: 0.9443, Entropy: 0.6862, Epsilon: 0.503
2026-03-29 18:00:43 | INFO | Episode  202 - Reward: 13.000, Length: 13, Loss: 0.9261, Entropy: 0.6863, Epsilon: 0.500
2026-03-29 18:00:44 | INFO | Episode  203 - Reward: 39.000, Length: 39, Loss: 0.9150, Entropy: 0.6861, Epsilon: 0.498
2026-03-29 18:00:44 | INFO | Episode  204 - Reward: 9.000, Length: 9, Loss: 0.9154, Entropy: 0.6860, Epsilon: 0.495
2026-03-29 18:00:44 | INFO | Episode  205 - Reward: 10.000, Length: 10, Loss: 0.9241, Entropy: 0.6862, Epsilon: 0.493
2026-03-29 18:00:45 | INFO | Episode  206 - Reward: 14.000, Length: 14, Loss: 0.9077, Entropy: 0.6861, Epsilon: 0.490
2026-03-29 18:00:45 | INFO | Episode  207 - Reward: 12.000, Length: 12, Loss: 0.8962, Entropy: 0.6857, Epsilon: 0.488
2026-03-29 18:00:46 | INFO | Episode  208 - Reward: 28.000, Length: 28, Loss: 0.8938, Entropy: 0.6857, Epsilon: 0.485
2026-03-29 18:00:46 | INFO | Episode  209 - Reward: 10.000, Length: 10, Loss: 0.8811, Entropy: 0.6855, Epsilon: 0.483
2026-03-29 18:00:47 | INFO | Episode  210 - Reward: 9.000, Length: 9, Loss: 0.8722, Entropy: 0.6855, Epsilon: 0.480
2026-03-29 18:00:47 | INFO | Episode  211 - Reward: 9.000, Length: 9, Loss: 0.8765, Entropy: 0.6854, Epsilon: 0.478
2026-03-29 18:00:48 | INFO | Episode  212 - Reward: 14.000, Length: 14, Loss: 1.0873, Entropy: 0.6852, Epsilon: 0.475
2026-03-29 18:00:48 | INFO | Episode  213 - Reward: 9.000, Length: 9, Loss: 1.0721, Entropy: 0.6854, Epsilon: 0.473
2026-03-29 18:00:48 | INFO | Episode  214 - Reward: 10.000, Length: 10, Loss: 1.0583, Entropy: 0.6851, Epsilon: 0.470
2026-03-29 18:00:49 | INFO | Episode  215 - Reward: 13.000, Length: 13, Loss: 1.0554, Entropy: 0.6849, Epsilon: 0.468
2026-03-29 18:00:50 | INFO | Episode  216 - Reward: 12.000, Length: 12, Loss: 1.0504, Entropy: 0.6851, Epsilon: 0.465
2026-03-29 18:00:50 | INFO | Episode  217 - Reward: 12.000, Length: 12, Loss: 1.0393, Entropy: 0.6847, Epsilon: 0.463
2026-03-29 18:00:51 | INFO | Episode  218 - Reward: 15.000, Length: 15, Loss: 1.0304, Entropy: 0.6847, Epsilon: 0.460
2026-03-29 18:00:52 | INFO | Episode  219 - Reward: 13.000, Length: 13, Loss: 1.0136, Entropy: 0.6847, Epsilon: 0.458
2026-03-29 18:00:52 | INFO | Episode  220 - Reward: 13.000, Length: 13, Loss: 1.0244, Entropy: 0.6843, Epsilon: 0.456
2026-03-29 18:00:53 | INFO | Episode  221 - Reward: 12.000, Length: 12, Loss: 1.0043, Entropy: 0.6840, Epsilon: 0.453
2026-03-29 18:00:53 | INFO | Episode  222 - Reward: 13.000, Length: 13, Loss: 1.0024, Entropy: 0.6841, Epsilon: 0.451
2026-03-29 18:00:54 | INFO | Episode  223 - Reward: 13.000, Length: 13, Loss: 0.9875, Entropy: 0.6839, Epsilon: 0.448
2026-03-29 18:00:55 | INFO | Episode  224 - Reward: 11.000, Length: 11, Loss: 0.9884, Entropy: 0.6840, Epsilon: 0.446
2026-03-29 18:00:55 | INFO | Episode  225 - Reward: 11.000, Length: 11, Loss: 0.9743, Entropy: 0.6839, Epsilon: 0.443
2026-03-29 18:00:56 | INFO | Episode  226 - Reward: 11.000, Length: 11, Loss: 0.9903, Entropy: 0.6838, Epsilon: 0.441
2026-03-29 18:00:57 | INFO | Episode  227 - Reward: 9.000, Length: 9, Loss: 0.9614, Entropy: 0.6834, Epsilon: 0.438
2026-03-29 18:00:58 | INFO | Episode  228 - Reward: 25.000, Length: 25, Loss: 0.9599, Entropy: 0.6835, Epsilon: 0.436
2026-03-29 18:00:58 | INFO | Episode  229 - Reward: 16.000, Length: 16, Loss: 0.9712, Entropy: 0.6835, Epsilon: 0.433
2026-03-29 18:00:59 | INFO | Episode  230 - Reward: 18.000, Length: 18, Loss: 0.9486, Entropy: 0.6831, Epsilon: 0.431
2026-03-29 18:00:59 | INFO | Episode  231 - Reward: 8.000, Length: 8, Loss: 0.9488, Entropy: 0.6833, Epsilon: 0.428
2026-03-29 18:01:00 | INFO | Episode  232 - Reward: 9.000, Length: 9, Loss: 0.9477, Entropy: 0.6831, Epsilon: 0.426
2026-03-29 18:01:01 | INFO | Episode  233 - Reward: 11.000, Length: 11, Loss: 0.9094, Entropy: 0.6828, Epsilon: 0.423
2026-03-29 18:01:01 | INFO | Episode  234 - Reward: 16.000, Length: 16, Loss: 0.9250, Entropy: 0.6828, Epsilon: 0.421
2026-03-29 18:01:02 | INFO | Episode  235 - Reward: 11.000, Length: 11, Loss: 0.9038, Entropy: 0.6828, Epsilon: 0.418
2026-03-29 18:01:03 | INFO | Episode  236 - Reward: 12.000, Length: 12, Loss: 0.9081, Entropy: 0.6825, Epsilon: 0.416
2026-03-29 18:01:03 | INFO | Episode  237 - Reward: 19.000, Length: 19, Loss: 0.9090, Entropy: 0.6825, Epsilon: 0.413
2026-03-29 18:01:04 | INFO | Episode  238 - Reward: 10.000, Length: 10, Loss: 0.8820, Entropy: 0.6820, Epsilon: 0.411
2026-03-29 18:01:04 | INFO | Episode  239 - Reward: 15.000, Length: 15, Loss: 0.8771, Entropy: 0.6819, Epsilon: 0.408
2026-03-29 18:01:05 | INFO | Episode  240 - Reward: 10.000, Length: 10, Loss: 0.8660, Entropy: 0.6822, Epsilon: 0.406
2026-03-29 18:01:06 | INFO | Episode  241 - Reward: 9.000, Length: 9, Loss: 0.8718, Entropy: 0.6821, Epsilon: 0.404
2026-03-29 18:01:06 | INFO | Episode  242 - Reward: 12.000, Length: 12, Loss: 0.8909, Entropy: 0.6821, Epsilon: 0.401
2026-03-29 18:01:07 | INFO | Episode  243 - Reward: 13.000, Length: 13, Loss: 0.8402, Entropy: 0.6816, Epsilon: 0.399
2026-03-29 18:01:07 | INFO | Episode  244 - Reward: 10.000, Length: 10, Loss: 0.8548, Entropy: 0.6816, Epsilon: 0.396
2026-03-29 18:01:08 | INFO | Episode  245 - Reward: 12.000, Length: 12, Loss: 0.8436, Entropy: 0.6816, Epsilon: 0.394
2026-03-29 18:01:09 | INFO | Episode  246 - Reward: 12.000, Length: 12, Loss: 0.8433, Entropy: 0.6813, Epsilon: 0.391
2026-03-29 18:01:09 | INFO | Episode  247 - Reward: 9.000, Length: 9, Loss: 0.8185, Entropy: 0.6810, Epsilon: 0.389
2026-03-29 18:01:10 | INFO | Episode  248 - Reward: 10.000, Length: 10, Loss: 0.8317, Entropy: 0.6810, Epsilon: 0.386
2026-03-29 18:01:11 | INFO | Episode  249 - Reward: 13.000, Length: 13, Loss: 0.8097, Entropy: 0.6807, Epsilon: 0.384
2026-03-29 18:01:12 | INFO | Episode  250 - Reward: 11.000, Length: 11, Loss: 0.8123, Entropy: 0.6807, Epsilon: 0.381
2026-03-29 18:01:12 | INFO | [Episode  250] eps=0.381  avg_reward=  12.880  avg_length= 12.88  avg_loss=  0.9333  avg_entropy=0.6807  eval_success=0.000
2026-03-29 18:01:13 | INFO | Episode  251 - Reward: 9.000, Length: 9, Loss: 0.8130, Entropy: 0.6807, Epsilon: 0.379
2026-03-29 18:01:14 | INFO | Episode  252 - Reward: 8.000, Length: 8, Loss: 0.7924, Entropy: 0.6805, Epsilon: 0.376
2026-03-29 18:01:14 | INFO | Episode  253 - Reward: 9.000, Length: 9, Loss: 1.1211, Entropy: 0.6804, Epsilon: 0.374
2026-03-29 18:01:15 | INFO | Episode  254 - Reward: 10.000, Length: 10, Loss: 1.0851, Entropy: 0.6796, Epsilon: 0.371
2026-03-29 18:01:16 | INFO | Episode  255 - Reward: 12.000, Length: 12, Loss: 1.0624, Entropy: 0.6798, Epsilon: 0.369
2026-03-29 18:01:16 | INFO | Episode  256 - Reward: 11.000, Length: 11, Loss: 1.0859, Entropy: 0.6795, Epsilon: 0.366
2026-03-29 18:01:17 | INFO | Episode  257 - Reward: 9.000, Length: 9, Loss: 1.0566, Entropy: 0.6791, Epsilon: 0.364
2026-03-29 18:01:17 | INFO | Episode  258 - Reward: 9.000, Length: 9, Loss: 1.0542, Entropy: 0.6792, Epsilon: 0.361
2026-03-29 18:01:18 | INFO | Episode  259 - Reward: 15.000, Length: 15, Loss: 1.0698, Entropy: 0.6790, Epsilon: 0.359
2026-03-29 18:01:19 | INFO | Episode  260 - Reward: 12.000, Length: 12, Loss: 1.0518, Entropy: 0.6791, Epsilon: 0.357
2026-03-29 18:01:19 | INFO | Episode  261 - Reward: 12.000, Length: 12, Loss: 1.0325, Entropy: 0.6788, Epsilon: 0.354
2026-03-29 18:01:20 | INFO | Episode  262 - Reward: 13.000, Length: 13, Loss: 1.0294, Entropy: 0.6783, Epsilon: 0.352
2026-03-29 18:01:21 | INFO | Episode  263 - Reward: 12.000, Length: 12, Loss: 1.0245, Entropy: 0.6783, Epsilon: 0.349
2026-03-29 18:01:21 | INFO | Episode  264 - Reward: 9.000, Length: 9, Loss: 1.0126, Entropy: 0.6783, Epsilon: 0.347
2026-03-29 18:01:22 | INFO | Episode  265 - Reward: 9.000, Length: 9, Loss: 0.9831, Entropy: 0.6771, Epsilon: 0.344
2026-03-29 18:01:23 | INFO | Episode  266 - Reward: 22.000, Length: 22, Loss: 0.9761, Entropy: 0.6777, Epsilon: 0.342
2026-03-29 18:01:23 | INFO | Episode  267 - Reward: 8.000, Length: 8, Loss: 1.0043, Entropy: 0.6776, Epsilon: 0.339
2026-03-29 18:01:24 | INFO | Episode  268 - Reward: 10.000, Length: 10, Loss: 0.9857, Entropy: 0.6774, Epsilon: 0.337
2026-03-29 18:01:24 | INFO | Episode  269 - Reward: 10.000, Length: 10, Loss: 0.9724, Entropy: 0.6774, Epsilon: 0.334
2026-03-29 18:01:25 | INFO | Episode  270 - Reward: 9.000, Length: 9, Loss: 0.9651, Entropy: 0.6773, Epsilon: 0.332
2026-03-29 18:01:26 | INFO | Episode  271 - Reward: 8.000, Length: 8, Loss: 0.9591, Entropy: 0.6766, Epsilon: 0.329
2026-03-29 18:01:26 | INFO | Episode  272 - Reward: 11.000, Length: 11, Loss: 0.9331, Entropy: 0.6765, Epsilon: 0.327
2026-03-29 18:01:27 | INFO | Episode  273 - Reward: 10.000, Length: 10, Loss: 0.9433, Entropy: 0.6764, Epsilon: 0.324
2026-03-29 18:01:28 | INFO | Episode  274 - Reward: 14.000, Length: 14, Loss: 0.9384, Entropy: 0.6762, Epsilon: 0.322
2026-03-29 18:01:28 | INFO | Episode  275 - Reward: 11.000, Length: 11, Loss: 0.8996, Entropy: 0.6762, Epsilon: 0.319
2026-03-29 18:01:29 | INFO | Episode  276 - Reward: 10.000, Length: 10, Loss: 0.9225, Entropy: 0.6758, Epsilon: 0.317
2026-03-29 18:01:30 | INFO | Episode  277 - Reward: 15.000, Length: 15, Loss: 0.9016, Entropy: 0.6760, Epsilon: 0.314
2026-03-29 18:01:30 | INFO | Episode  278 - Reward: 9.000, Length: 9, Loss: 0.8814, Entropy: 0.6753, Epsilon: 0.312
2026-03-29 18:01:31 | INFO | Episode  279 - Reward: 13.000, Length: 13, Loss: 0.8975, Entropy: 0.6749, Epsilon: 0.309
2026-03-29 18:01:31 | INFO | Episode  280 - Reward: 18.000, Length: 18, Loss: 0.8729, Entropy: 0.6751, Epsilon: 0.307
2026-03-29 18:01:32 | INFO | Episode  281 - Reward: 12.000, Length: 12, Loss: 0.8534, Entropy: 0.6748, Epsilon: 0.305
2026-03-29 18:01:33 | INFO | Episode  282 - Reward: 15.000, Length: 15, Loss: 0.8679, Entropy: 0.6749, Epsilon: 0.302
2026-03-29 18:01:33 | INFO | Episode  283 - Reward: 9.000, Length: 9, Loss: 0.8723, Entropy: 0.6744, Epsilon: 0.300
2026-03-29 18:01:34 | INFO | Episode  284 - Reward: 9.000, Length: 9, Loss: 0.8444, Entropy: 0.6741, Epsilon: 0.297
2026-03-29 18:01:35 | INFO | Episode  285 - Reward: 13.000, Length: 13, Loss: 0.8662, Entropy: 0.6735, Epsilon: 0.295
2026-03-29 18:01:35 | INFO | Episode  286 - Reward: 10.000, Length: 10, Loss: 0.8285, Entropy: 0.6740, Epsilon: 0.292
2026-03-29 18:01:36 | INFO | Episode  287 - Reward: 11.000, Length: 11, Loss: 0.8322, Entropy: 0.6743, Epsilon: 0.290
2026-03-29 18:01:37 | INFO | Episode  288 - Reward: 19.000, Length: 19, Loss: 0.8248, Entropy: 0.6733, Epsilon: 0.287
2026-03-29 18:01:37 | INFO | Episode  289 - Reward: 15.000, Length: 15, Loss: 0.8111, Entropy: 0.6737, Epsilon: 0.285
2026-03-29 18:01:38 | INFO | Episode  290 - Reward: 11.000, Length: 11, Loss: 0.8059, Entropy: 0.6733, Epsilon: 0.282
2026-03-29 18:01:39 | INFO | Episode  291 - Reward: 14.000, Length: 14, Loss: 0.8088, Entropy: 0.6736, Epsilon: 0.280
2026-03-29 18:01:39 | INFO | Episode  292 - Reward: 12.000, Length: 12, Loss: 0.8212, Entropy: 0.6730, Epsilon: 0.277
2026-03-29 18:01:40 | INFO | Episode  293 - Reward: 11.000, Length: 11, Loss: 0.7670, Entropy: 0.6726, Epsilon: 0.275
2026-03-29 18:01:40 | INFO | Episode  294 - Reward: 10.000, Length: 10, Loss: 0.8085, Entropy: 0.6727, Epsilon: 0.272
2026-03-29 18:01:41 | INFO | Episode  295 - Reward: 13.000, Length: 13, Loss: 0.7845, Entropy: 0.6721, Epsilon: 0.270
2026-03-29 18:01:41 | INFO | Episode  296 - Reward: 10.000, Length: 10, Loss: 1.1569, Entropy: 0.6717, Epsilon: 0.267
2026-03-29 18:01:42 | INFO | Episode  297 - Reward: 10.000, Length: 10, Loss: 1.1588, Entropy: 0.6715, Epsilon: 0.265
2026-03-29 18:01:42 | INFO | Episode  298 - Reward: 11.000, Length: 11, Loss: 1.1354, Entropy: 0.6715, Epsilon: 0.262
2026-03-29 18:01:43 | INFO | Episode  299 - Reward: 11.000, Length: 11, Loss: 1.1408, Entropy: 0.6711, Epsilon: 0.260
2026-03-29 18:01:43 | INFO | Episode  300 - Reward: 10.000, Length: 10, Loss: 1.1360, Entropy: 0.6704, Epsilon: 0.258
2026-03-29 18:01:43 | INFO | [Episode  300] eps=0.258  avg_reward=  11.460  avg_length= 11.46  avg_loss=  0.9490  avg_entropy=0.6704  eval_success=0.000
2026-03-29 18:01:44 | INFO | Episode  301 - Reward: 10.000, Length: 10, Loss: 1.1042, Entropy: 0.6713, Epsilon: 0.255
2026-03-29 18:01:45 | INFO | Episode  302 - Reward: 10.000, Length: 10, Loss: 1.1078, Entropy: 0.6707, Epsilon: 0.253
2026-03-29 18:01:45 | INFO | Episode  303 - Reward: 9.000, Length: 9, Loss: 1.0788, Entropy: 0.6700, Epsilon: 0.250
2026-03-29 18:01:46 | INFO | Episode  304 - Reward: 9.000, Length: 9, Loss: 1.0811, Entropy: 0.6693, Epsilon: 0.248
2026-03-29 18:01:46 | INFO | Episode  305 - Reward: 8.000, Length: 8, Loss: 1.0700, Entropy: 0.6701, Epsilon: 0.245
2026-03-29 18:01:47 | INFO | Episode  306 - Reward: 11.000, Length: 11, Loss: 1.0676, Entropy: 0.6693, Epsilon: 0.243
2026-03-29 18:01:47 | INFO | Episode  307 - Reward: 11.000, Length: 11, Loss: 1.0666, Entropy: 0.6693, Epsilon: 0.240
2026-03-29 18:01:48 | INFO | Episode  308 - Reward: 11.000, Length: 11, Loss: 1.0391, Entropy: 0.6688, Epsilon: 0.238
2026-03-29 18:01:48 | INFO | Episode  309 - Reward: 10.000, Length: 10, Loss: 1.0006, Entropy: 0.6683, Epsilon: 0.235
2026-03-29 18:01:48 | INFO | Episode  310 - Reward: 9.000, Length: 9, Loss: 1.0033, Entropy: 0.6680, Epsilon: 0.233
2026-03-29 18:01:49 | INFO | Episode  311 - Reward: 11.000, Length: 11, Loss: 0.9960, Entropy: 0.6674, Epsilon: 0.230
2026-03-29 18:01:49 | INFO | Episode  312 - Reward: 12.000, Length: 12, Loss: 0.9932, Entropy: 0.6688, Epsilon: 0.228
2026-03-29 18:01:50 | INFO | Episode  313 - Reward: 11.000, Length: 11, Loss: 0.9848, Entropy: 0.6684, Epsilon: 0.225
2026-03-29 18:01:50 | INFO | Episode  314 - Reward: 8.000, Length: 8, Loss: 0.9670, Entropy: 0.6675, Epsilon: 0.223
2026-03-29 18:01:51 | INFO | Episode  315 - Reward: 11.000, Length: 11, Loss: 0.9511, Entropy: 0.6665, Epsilon: 0.220
2026-03-29 18:01:51 | INFO | Episode  316 - Reward: 9.000, Length: 9, Loss: 0.9594, Entropy: 0.6662, Epsilon: 0.218
2026-03-29 18:01:52 | INFO | Episode  317 - Reward: 13.000, Length: 13, Loss: 0.9321, Entropy: 0.6674, Epsilon: 0.215
2026-03-29 18:01:52 | INFO | Episode  318 - Reward: 11.000, Length: 11, Loss: 0.9186, Entropy: 0.6657, Epsilon: 0.213
2026-03-29 18:01:52 | INFO | Episode  319 - Reward: 12.000, Length: 12, Loss: 0.9379, Entropy: 0.6660, Epsilon: 0.210
2026-03-29 18:01:53 | INFO | Episode  320 - Reward: 8.000, Length: 8, Loss: 0.9283, Entropy: 0.6650, Epsilon: 0.208
2026-03-29 18:01:53 | INFO | Episode  321 - Reward: 10.000, Length: 10, Loss: 0.9206, Entropy: 0.6653, Epsilon: 0.206
2026-03-29 18:01:54 | INFO | Episode  322 - Reward: 9.000, Length: 9, Loss: 0.9070, Entropy: 0.6655, Epsilon: 0.203
2026-03-29 18:01:54 | INFO | Episode  323 - Reward: 10.000, Length: 10, Loss: 0.9051, Entropy: 0.6649, Epsilon: 0.201
2026-03-29 18:01:55 | INFO | Episode  324 - Reward: 8.000, Length: 8, Loss: 0.8813, Entropy: 0.6643, Epsilon: 0.198
2026-03-29 18:01:55 | INFO | Episode  325 - Reward: 9.000, Length: 9, Loss: 0.8814, Entropy: 0.6648, Epsilon: 0.196
2026-03-29 18:01:55 | INFO | Episode  326 - Reward: 9.000, Length: 9, Loss: 0.8682, Entropy: 0.6642, Epsilon: 0.193
2026-03-29 18:01:56 | INFO | Episode  327 - Reward: 10.000, Length: 10, Loss: 0.8942, Entropy: 0.6641, Epsilon: 0.191
2026-03-29 18:01:56 | INFO | Episode  328 - Reward: 13.000, Length: 13, Loss: 0.8474, Entropy: 0.6644, Epsilon: 0.188
2026-03-29 18:01:57 | INFO | Episode  329 - Reward: 11.000, Length: 11, Loss: 0.8482, Entropy: 0.6629, Epsilon: 0.186
2026-03-29 18:01:57 | INFO | Episode  330 - Reward: 11.000, Length: 11, Loss: 0.8300, Entropy: 0.6623, Epsilon: 0.183
2026-03-29 18:01:58 | INFO | Episode  331 - Reward: 10.000, Length: 10, Loss: 0.8113, Entropy: 0.6625, Epsilon: 0.181
2026-03-29 18:01:58 | INFO | Episode  332 - Reward: 13.000, Length: 13, Loss: 0.8082, Entropy: 0.6631, Epsilon: 0.178
2026-03-29 18:01:59 | INFO | Episode  333 - Reward: 10.000, Length: 10, Loss: 0.8004, Entropy: 0.6622, Epsilon: 0.176
2026-03-29 18:01:59 | INFO | Episode  334 - Reward: 9.000, Length: 9, Loss: 0.8263, Entropy: 0.6620, Epsilon: 0.173
2026-03-29 18:02:00 | INFO | Episode  335 - Reward: 9.000, Length: 9, Loss: 0.8086, Entropy: 0.6621, Epsilon: 0.171
2026-03-29 18:02:00 | INFO | Episode  336 - Reward: 11.000, Length: 11, Loss: 0.7780, Entropy: 0.6618, Epsilon: 0.168
2026-03-29 18:02:00 | INFO | Episode  337 - Reward: 11.000, Length: 11, Loss: 0.7877, Entropy: 0.6613, Epsilon: 0.166
2026-03-29 18:02:01 | INFO | Episode  338 - Reward: 13.000, Length: 13, Loss: 0.7790, Entropy: 0.6603, Epsilon: 0.163
2026-03-29 18:02:01 | INFO | Episode  339 - Reward: 10.000, Length: 10, Loss: 0.7648, Entropy: 0.6611, Epsilon: 0.161
2026-03-29 18:02:02 | INFO | Episode  340 - Reward: 9.000, Length: 9, Loss: 0.7438, Entropy: 0.6606, Epsilon: 0.158
2026-03-29 18:02:02 | INFO | Episode  341 - Reward: 9.000, Length: 9, Loss: 0.7489, Entropy: 0.6603, Epsilon: 0.156
2026-03-29 18:02:03 | INFO | Episode  342 - Reward: 8.000, Length: 8, Loss: 0.7297, Entropy: 0.6590, Epsilon: 0.154
2026-03-29 18:02:03 | INFO | Episode  343 - Reward: 10.000, Length: 10, Loss: 0.7306, Entropy: 0.6596, Epsilon: 0.151
2026-03-29 18:02:04 | INFO | Episode  344 - Reward: 12.000, Length: 12, Loss: 0.7117, Entropy: 0.6594, Epsilon: 0.149
2026-03-29 18:02:04 | INFO | Episode  345 - Reward: 9.000, Length: 9, Loss: 1.2261, Entropy: 0.6582, Epsilon: 0.146
2026-03-29 18:02:04 | INFO | Episode  346 - Reward: 9.000, Length: 9, Loss: 1.2056, Entropy: 0.6586, Epsilon: 0.144
2026-03-29 18:02:05 | INFO | Episode  347 - Reward: 11.000, Length: 11, Loss: 1.1750, Entropy: 0.6579, Epsilon: 0.141
2026-03-29 18:02:05 | INFO | Episode  348 - Reward: 9.000, Length: 9, Loss: 1.1910, Entropy: 0.6581, Epsilon: 0.139
2026-03-29 18:02:06 | INFO | Episode  349 - Reward: 9.000, Length: 9, Loss: 1.1837, Entropy: 0.6573, Epsilon: 0.136
2026-03-29 18:02:06 | INFO | Episode  350 - Reward: 9.000, Length: 9, Loss: 1.1452, Entropy: 0.6564, Epsilon: 0.134
2026-03-29 18:02:07 | INFO | [Episode  350] eps=0.134  avg_reward=  10.080  avg_length= 10.08  avg_loss=  0.9385  avg_entropy=0.6564  eval_success=0.000
2026-03-29 18:02:07 | INFO | Episode  351 - Reward: 10.000, Length: 10, Loss: 1.1253, Entropy: 0.6558, Epsilon: 0.131
2026-03-29 18:02:07 | INFO | Episode  352 - Reward: 10.000, Length: 10, Loss: 1.1279, Entropy: 0.6569, Epsilon: 0.129
2026-03-29 18:02:08 | INFO | Episode  353 - Reward: 8.000, Length: 8, Loss: 1.1335, Entropy: 0.6556, Epsilon: 0.126
2026-03-29 18:02:08 | INFO | Episode  354 - Reward: 10.000, Length: 10, Loss: 1.1006, Entropy: 0.6556, Epsilon: 0.124
2026-03-29 18:02:09 | INFO | Episode  355 - Reward: 11.000, Length: 11, Loss: 1.0990, Entropy: 0.6558, Epsilon: 0.121
2026-03-29 18:02:09 | INFO | Episode  356 - Reward: 11.000, Length: 11, Loss: 1.1057, Entropy: 0.6546, Epsilon: 0.119
2026-03-29 18:02:10 | INFO | Episode  357 - Reward: 9.000, Length: 9, Loss: 1.0713, Entropy: 0.6541, Epsilon: 0.116
2026-03-29 18:02:10 | INFO | Episode  358 - Reward: 11.000, Length: 11, Loss: 1.0484, Entropy: 0.6536, Epsilon: 0.114
2026-03-29 18:02:11 | INFO | Episode  359 - Reward: 11.000, Length: 11, Loss: 1.0605, Entropy: 0.6534, Epsilon: 0.111
2026-03-29 18:02:11 | INFO | Episode  360 - Reward: 10.000, Length: 10, Loss: 1.0312, Entropy: 0.6522, Epsilon: 0.109
2026-03-29 18:02:11 | INFO | Episode  361 - Reward: 10.000, Length: 10, Loss: 1.0389, Entropy: 0.6518, Epsilon: 0.107
2026-03-29 18:02:12 | INFO | Episode  362 - Reward: 10.000, Length: 10, Loss: 1.0086, Entropy: 0.6526, Epsilon: 0.104
2026-03-29 18:02:12 | INFO | Episode  363 - Reward: 8.000, Length: 8, Loss: 0.9881, Entropy: 0.6517, Epsilon: 0.102
2026-03-29 18:02:13 | INFO | Episode  364 - Reward: 9.000, Length: 9, Loss: 1.0058, Entropy: 0.6512, Epsilon: 0.099
2026-03-29 18:02:14 | INFO | Episode  365 - Reward: 10.000, Length: 10, Loss: 0.9429, Entropy: 0.6501, Epsilon: 0.097
2026-03-29 18:02:14 | INFO | Episode  366 - Reward: 10.000, Length: 10, Loss: 0.9583, Entropy: 0.6499, Epsilon: 0.094
2026-03-29 18:02:15 | INFO | Episode  367 - Reward: 10.000, Length: 10, Loss: 0.9363, Entropy: 0.6495, Epsilon: 0.092
2026-03-29 18:02:15 | INFO | Episode  368 - Reward: 9.000, Length: 9, Loss: 0.9594, Entropy: 0.6494, Epsilon: 0.089
2026-03-29 18:02:15 | INFO | Episode  369 - Reward: 9.000, Length: 9, Loss: 0.9501, Entropy: 0.6488, Epsilon: 0.087
2026-03-29 18:02:16 | INFO | Episode  370 - Reward: 9.000, Length: 9, Loss: 0.9310, Entropy: 0.6487, Epsilon: 0.084
2026-03-29 18:02:16 | INFO | Episode  371 - Reward: 9.000, Length: 9, Loss: 0.9012, Entropy: 0.6476, Epsilon: 0.082
2026-03-29 18:02:17 | INFO | Episode  372 - Reward: 10.000, Length: 10, Loss: 0.8984, Entropy: 0.6486, Epsilon: 0.079
2026-03-29 18:02:18 | INFO | Episode  373 - Reward: 12.000, Length: 12, Loss: 0.8808, Entropy: 0.6464, Epsilon: 0.077
2026-03-29 18:02:18 | INFO | Episode  374 - Reward: 9.000, Length: 9, Loss: 0.9234, Entropy: 0.6470, Epsilon: 0.074
2026-03-29 18:02:19 | INFO | Episode  375 - Reward: 9.000, Length: 9, Loss: 0.8733, Entropy: 0.6456, Epsilon: 0.072
2026-03-29 18:02:19 | INFO | Episode  376 - Reward: 10.000, Length: 10, Loss: 0.8820, Entropy: 0.6464, Epsilon: 0.069
2026-03-29 18:02:19 | INFO | Episode  377 - Reward: 9.000, Length: 9, Loss: 0.8830, Entropy: 0.6460, Epsilon: 0.067
2026-03-29 18:02:20 | INFO | Episode  378 - Reward: 9.000, Length: 9, Loss: 0.8622, Entropy: 0.6450, Epsilon: 0.064
2026-03-29 18:02:20 | INFO | Episode  379 - Reward: 9.000, Length: 9, Loss: 0.8676, Entropy: 0.6454, Epsilon: 0.062
2026-03-29 18:02:21 | INFO | Episode  380 - Reward: 9.000, Length: 9, Loss: 0.8365, Entropy: 0.6444, Epsilon: 0.059
2026-03-29 18:02:21 | INFO | Episode  381 - Reward: 10.000, Length: 10, Loss: 0.8252, Entropy: 0.6451, Epsilon: 0.057
2026-03-29 18:02:22 | INFO | Episode  382 - Reward: 12.000, Length: 12, Loss: 0.8199, Entropy: 0.6448, Epsilon: 0.055
2026-03-29 18:02:22 | INFO | Episode  383 - Reward: 10.000, Length: 10, Loss: 0.7984, Entropy: 0.6428, Epsilon: 0.052
2026-03-29 18:02:23 | INFO | Episode  384 - Reward: 10.000, Length: 10, Loss: 0.7982, Entropy: 0.6427, Epsilon: 0.050
2026-03-29 18:02:23 | INFO | Episode  385 - Reward: 8.000, Length: 8, Loss: 0.7954, Entropy: 0.6427, Epsilon: 0.047
2026-03-29 18:02:23 | INFO | Episode  386 - Reward: 11.000, Length: 11, Loss: 0.7753, Entropy: 0.6438, Epsilon: 0.045
2026-03-29 18:02:24 | INFO | Episode  387 - Reward: 9.000, Length: 9, Loss: 0.7724, Entropy: 0.6428, Epsilon: 0.042
2026-03-29 18:02:24 | INFO | Episode  388 - Reward: 9.000, Length: 9, Loss: 0.7470, Entropy: 0.6415, Epsilon: 0.040
2026-03-29 18:02:25 | INFO | Episode  389 - Reward: 10.000, Length: 10, Loss: 0.7537, Entropy: 0.6419, Epsilon: 0.037
2026-03-29 18:02:25 | INFO | Episode  390 - Reward: 9.000, Length: 9, Loss: 0.7641, Entropy: 0.6415, Epsilon: 0.035
2026-03-29 18:02:26 | INFO | Episode  391 - Reward: 10.000, Length: 10, Loss: 0.7493, Entropy: 0.6414, Epsilon: 0.032
2026-03-29 18:02:26 | INFO | Episode  392 - Reward: 10.000, Length: 10, Loss: 0.7346, Entropy: 0.6412, Epsilon: 0.030
2026-03-29 18:02:27 | INFO | Episode  393 - Reward: 10.000, Length: 10, Loss: 0.7310, Entropy: 0.6422, Epsilon: 0.027
2026-03-29 18:02:27 | INFO | Episode  394 - Reward: 10.000, Length: 10, Loss: 0.7222, Entropy: 0.6395, Epsilon: 0.025
2026-03-29 18:02:28 | INFO | Episode  395 - Reward: 10.000, Length: 10, Loss: 0.7223, Entropy: 0.6399, Epsilon: 0.022
2026-03-29 18:02:28 | INFO | Episode  396 - Reward: 10.000, Length: 10, Loss: 0.7091, Entropy: 0.6420, Epsilon: 0.020
2026-03-29 18:02:28 | INFO | Episode  397 - Reward: 10.000, Length: 10, Loss: 1.3747, Entropy: 0.6387, Epsilon: 0.017
2026-03-29 18:02:29 | INFO | Episode  398 - Reward: 8.000, Length: 8, Loss: 1.3246, Entropy: 0.6396, Epsilon: 0.015
2026-03-29 18:02:29 | INFO | Episode  399 - Reward: 10.000, Length: 10, Loss: 1.2871, Entropy: 0.6382, Epsilon: 0.012
2026-03-29 18:02:30 | INFO | Episode  400 - Reward: 9.000, Length: 9, Loss: 1.2520, Entropy: 0.6375, Epsilon: 0.010
2026-03-29 18:02:30 | INFO | [Episode  400] eps=0.010  avg_reward=   9.700  avg_length=  9.70  avg_loss=  0.9378  avg_entropy=0.6375  eval_success=0.000
2026-03-29 18:02:31 | INFO | Episode  401 - Reward: 9.000, Length: 9, Loss: 1.2998, Entropy: 0.6362, Epsilon: 0.010
2026-03-29 18:02:31 | INFO | Episode  402 - Reward: 9.000, Length: 9, Loss: 1.2572, Entropy: 0.6356, Epsilon: 0.010
2026-03-29 18:02:32 | INFO | Episode  403 - Reward: 9.000, Length: 9, Loss: 1.2520, Entropy: 0.6367, Epsilon: 0.010
2026-03-29 18:02:32 | INFO | Episode  404 - Reward: 10.000, Length: 10, Loss: 1.2678, Entropy: 0.6327, Epsilon: 0.010
2026-03-29 18:02:33 | INFO | Episode  405 - Reward: 9.000, Length: 9, Loss: 1.1830, Entropy: 0.6356, Epsilon: 0.010
2026-03-29 18:02:33 | INFO | Episode  406 - Reward: 9.000, Length: 9, Loss: 1.2083, Entropy: 0.6330, Epsilon: 0.010
2026-03-29 18:02:34 | INFO | Episode  407 - Reward: 10.000, Length: 10, Loss: 1.1823, Entropy: 0.6335, Epsilon: 0.010
2026-03-29 18:02:34 | INFO | Episode  408 - Reward: 9.000, Length: 9, Loss: 1.1407, Entropy: 0.6345, Epsilon: 0.010
2026-03-29 18:02:34 | INFO | Episode  409 - Reward: 10.000, Length: 10, Loss: 1.1615, Entropy: 0.6329, Epsilon: 0.010
2026-03-29 18:02:35 | INFO | Episode  410 - Reward: 10.000, Length: 10, Loss: 1.1343, Entropy: 0.6312, Epsilon: 0.010
2026-03-29 18:02:35 | INFO | Episode  411 - Reward: 10.000, Length: 10, Loss: 1.0896, Entropy: 0.6309, Epsilon: 0.010
2026-03-29 18:02:36 | INFO | Episode  412 - Reward: 10.000, Length: 10, Loss: 1.1011, Entropy: 0.6307, Epsilon: 0.010
2026-03-29 18:02:36 | INFO | Episode  413 - Reward: 10.000, Length: 10, Loss: 1.0584, Entropy: 0.6314, Epsilon: 0.010
2026-03-29 18:02:37 | INFO | Episode  414 - Reward: 9.000, Length: 9, Loss: 1.0547, Entropy: 0.6294, Epsilon: 0.010
2026-03-29 18:02:37 | INFO | Episode  415 - Reward: 9.000, Length: 9, Loss: 1.0394, Entropy: 0.6274, Epsilon: 0.010
2026-03-29 18:02:38 | INFO | Episode  416 - Reward: 9.000, Length: 9, Loss: 1.0737, Entropy: 0.6279, Epsilon: 0.010
2026-03-29 18:02:38 | INFO | Episode  417 - Reward: 9.000, Length: 9, Loss: 1.0312, Entropy: 0.6273, Epsilon: 0.010
2026-03-29 18:02:39 | INFO | Episode  418 - Reward: 9.000, Length: 9, Loss: 1.0336, Entropy: 0.6258, Epsilon: 0.010
2026-03-29 18:02:40 | INFO | Episode  419 - Reward: 9.000, Length: 9, Loss: 0.9640, Entropy: 0.6253, Epsilon: 0.010
2026-03-29 18:02:40 | INFO | Episode  420 - Reward: 8.000, Length: 8, Loss: 1.0124, Entropy: 0.6257, Epsilon: 0.010
2026-03-29 18:02:41 | INFO | Episode  421 - Reward: 11.000, Length: 11, Loss: 0.9928, Entropy: 0.6250, Epsilon: 0.010
2026-03-29 18:02:41 | INFO | Episode  422 - Reward: 10.000, Length: 10, Loss: 1.0044, Entropy: 0.6244, Epsilon: 0.010
2026-03-29 18:02:42 | INFO | Episode  423 - Reward: 10.000, Length: 10, Loss: 0.9971, Entropy: 0.6251, Epsilon: 0.010
2026-03-29 18:02:42 | INFO | Episode  424 - Reward: 9.000, Length: 9, Loss: 0.9600, Entropy: 0.6227, Epsilon: 0.010
2026-03-29 18:02:43 | INFO | Episode  425 - Reward: 10.000, Length: 10, Loss: 0.9465, Entropy: 0.6232, Epsilon: 0.010
2026-03-29 18:02:43 | INFO | Episode  426 - Reward: 9.000, Length: 9, Loss: 0.9246, Entropy: 0.6249, Epsilon: 0.010
2026-03-29 18:02:44 | INFO | Episode  427 - Reward: 11.000, Length: 11, Loss: 0.9148, Entropy: 0.6226, Epsilon: 0.010
2026-03-29 18:02:44 | INFO | Episode  428 - Reward: 10.000, Length: 10, Loss: 0.9437, Entropy: 0.6227, Epsilon: 0.010
2026-03-29 18:02:45 | INFO | Episode  429 - Reward: 10.000, Length: 10, Loss: 0.8874, Entropy: 0.6220, Epsilon: 0.010
2026-03-29 18:02:45 | INFO | Episode  430 - Reward: 9.000, Length: 9, Loss: 0.9150, Entropy: 0.6208, Epsilon: 0.010
2026-03-29 18:02:45 | INFO | Episode  431 - Reward: 9.000, Length: 9, Loss: 0.8751, Entropy: 0.6217, Epsilon: 0.010
2026-03-29 18:02:46 | INFO | Episode  432 - Reward: 9.000, Length: 9, Loss: 0.8699, Entropy: 0.6200, Epsilon: 0.010
2026-03-29 18:02:46 | INFO | Episode  433 - Reward: 8.000, Length: 8, Loss: 0.9069, Entropy: 0.6197, Epsilon: 0.010
2026-03-29 18:02:47 | INFO | Episode  434 - Reward: 10.000, Length: 10, Loss: 0.8769, Entropy: 0.6204, Epsilon: 0.010
2026-03-29 18:02:47 | INFO | Episode  435 - Reward: 10.000, Length: 10, Loss: 0.8643, Entropy: 0.6210, Epsilon: 0.010
2026-03-29 18:02:48 | INFO | Episode  436 - Reward: 11.000, Length: 11, Loss: 0.8489, Entropy: 0.6191, Epsilon: 0.010
2026-03-29 18:02:48 | INFO | Episode  437 - Reward: 10.000, Length: 10, Loss: 0.8877, Entropy: 0.6189, Epsilon: 0.010
2026-03-29 18:02:49 | INFO | Episode  438 - Reward: 10.000, Length: 10, Loss: 0.8860, Entropy: 0.6183, Epsilon: 0.010
2026-03-29 18:02:50 | INFO | Episode  439 - Reward: 10.000, Length: 10, Loss: 0.8134, Entropy: 0.6181, Epsilon: 0.010
2026-03-29 18:02:50 | INFO | Episode  440 - Reward: 9.000, Length: 9, Loss: 0.8292, Entropy: 0.6169, Epsilon: 0.010
2026-03-29 18:02:51 | INFO | Episode  441 - Reward: 9.000, Length: 9, Loss: 0.8151, Entropy: 0.6189, Epsilon: 0.010
2026-03-29 18:02:51 | INFO | Episode  442 - Reward: 10.000, Length: 10, Loss: 0.7921, Entropy: 0.6169, Epsilon: 0.010
2026-03-29 18:02:52 | INFO | Episode  443 - Reward: 9.000, Length: 9, Loss: 0.8235, Entropy: 0.6177, Epsilon: 0.010
2026-03-29 18:02:52 | INFO | Episode  444 - Reward: 9.000, Length: 9, Loss: 0.7751, Entropy: 0.6173, Epsilon: 0.010
2026-03-29 18:02:53 | INFO | Episode  445 - Reward: 10.000, Length: 10, Loss: 0.8104, Entropy: 0.6170, Epsilon: 0.010
2026-03-29 18:02:53 | INFO | Episode  446 - Reward: 10.000, Length: 10, Loss: 0.8254, Entropy: 0.6172, Epsilon: 0.010
2026-03-29 18:02:54 | INFO | Episode  447 - Reward: 9.000, Length: 9, Loss: 0.7422, Entropy: 0.6165, Epsilon: 0.010
2026-03-29 18:02:54 | INFO | Episode  448 - Reward: 10.000, Length: 10, Loss: 0.7353, Entropy: 0.6189, Epsilon: 0.010
2026-03-29 18:02:55 | INFO | Episode  449 - Reward: 9.000, Length: 9, Loss: 1.4671, Entropy: 0.6158, Epsilon: 0.010
2026-03-29 18:02:56 | INFO | Episode  450 - Reward: 10.000, Length: 10, Loss: 1.5025, Entropy: 0.6157, Epsilon: 0.010
2026-03-29 18:02:56 | INFO | [Episode  450] eps=0.010  avg_reward=   9.520  avg_length=  9.52  avg_loss=  0.9996  avg_entropy=0.6157  eval_success=0.000
2026-03-29 18:02:57 | INFO | Episode  451 - Reward: 9.000, Length: 9, Loss: 1.4880, Entropy: 0.6116, Epsilon: 0.010
2026-03-29 18:02:57 | INFO | Episode  452 - Reward: 13.000, Length: 13, Loss: 1.4025, Entropy: 0.6143, Epsilon: 0.010
2026-03-29 18:02:57 | INFO | Episode  453 - Reward: 9.000, Length: 9, Loss: 1.3858, Entropy: 0.6133, Epsilon: 0.010
2026-03-29 18:02:58 | INFO | Episode  454 - Reward: 9.000, Length: 9, Loss: 1.3635, Entropy: 0.6124, Epsilon: 0.010
2026-03-29 18:02:58 | INFO | Episode  455 - Reward: 8.000, Length: 8, Loss: 1.3654, Entropy: 0.6101, Epsilon: 0.010
2026-03-29 18:02:59 | INFO | Episode  456 - Reward: 9.000, Length: 9, Loss: 1.3779, Entropy: 0.6103, Epsilon: 0.010
2026-03-29 18:02:59 | INFO | Episode  457 - Reward: 9.000, Length: 9, Loss: 1.3677, Entropy: 0.6081, Epsilon: 0.010
2026-03-29 18:03:00 | INFO | Episode  458 - Reward: 10.000, Length: 10, Loss: 1.3612, Entropy: 0.6076, Epsilon: 0.010
2026-03-29 18:03:00 | INFO | Episode  459 - Reward: 10.000, Length: 10, Loss: 1.2826, Entropy: 0.6080, Epsilon: 0.010
2026-03-29 18:03:01 | INFO | Episode  460 - Reward: 10.000, Length: 10, Loss: 1.2846, Entropy: 0.6057, Epsilon: 0.010
2026-03-29 18:03:01 | INFO | Episode  461 - Reward: 9.000, Length: 9, Loss: 1.3211, Entropy: 0.6028, Epsilon: 0.010
2026-03-29 18:03:02 | INFO | Episode  462 - Reward: 8.000, Length: 8, Loss: 1.2788, Entropy: 0.6047, Epsilon: 0.010
2026-03-29 18:03:02 | INFO | Episode  463 - Reward: 9.000, Length: 9, Loss: 1.2551, Entropy: 0.6043, Epsilon: 0.010
2026-03-29 18:03:02 | INFO | Episode  464 - Reward: 10.000, Length: 10, Loss: 1.2818, Entropy: 0.6061, Epsilon: 0.010
2026-03-29 18:03:03 | INFO | Episode  465 - Reward: 8.000, Length: 8, Loss: 1.2234, Entropy: 0.6055, Epsilon: 0.010
2026-03-29 18:03:03 | INFO | Episode  466 - Reward: 10.000, Length: 10, Loss: 1.2276, Entropy: 0.6014, Epsilon: 0.010
2026-03-29 18:03:04 | INFO | Episode  467 - Reward: 11.000, Length: 11, Loss: 1.1616, Entropy: 0.6046, Epsilon: 0.010
2026-03-29 18:03:04 | INFO | Episode  468 - Reward: 9.000, Length: 9, Loss: 1.1530, Entropy: 0.6015, Epsilon: 0.010
2026-03-29 18:03:05 | INFO | Episode  469 - Reward: 10.000, Length: 10, Loss: 1.1389, Entropy: 0.6031, Epsilon: 0.010
2026-03-29 18:03:05 | INFO | Episode  470 - Reward: 11.000, Length: 11, Loss: 1.1401, Entropy: 0.6012, Epsilon: 0.010
2026-03-29 18:03:06 | INFO | Episode  471 - Reward: 9.000, Length: 9, Loss: 1.1544, Entropy: 0.6013, Epsilon: 0.010
2026-03-29 18:03:06 | INFO | Episode  472 - Reward: 9.000, Length: 9, Loss: 1.1340, Entropy: 0.5989, Epsilon: 0.010
2026-03-29 18:03:07 | INFO | Episode  473 - Reward: 10.000, Length: 10, Loss: 1.1484, Entropy: 0.5988, Epsilon: 0.010
2026-03-29 18:03:07 | INFO | Episode  474 - Reward: 9.000, Length: 9, Loss: 1.0446, Entropy: 0.5981, Epsilon: 0.010
2026-03-29 18:03:08 | INFO | Episode  475 - Reward: 10.000, Length: 10, Loss: 1.0468, Entropy: 0.5973, Epsilon: 0.010
2026-03-29 18:03:08 | INFO | Episode  476 - Reward: 8.000, Length: 8, Loss: 1.1029, Entropy: 0.5991, Epsilon: 0.010
2026-03-29 18:03:09 | INFO | Episode  477 - Reward: 10.000, Length: 10, Loss: 1.0877, Entropy: 0.5995, Epsilon: 0.010
2026-03-29 18:03:09 | INFO | Episode  478 - Reward: 8.000, Length: 8, Loss: 1.1498, Entropy: 0.5959, Epsilon: 0.010
2026-03-29 18:03:10 | INFO | Episode  479 - Reward: 10.000, Length: 10, Loss: 1.1237, Entropy: 0.5966, Epsilon: 0.010
2026-03-29 18:03:10 | INFO | Episode  480 - Reward: 10.000, Length: 10, Loss: 1.1009, Entropy: 0.5983, Epsilon: 0.010
2026-03-29 18:03:11 | INFO | Episode  481 - Reward: 10.000, Length: 10, Loss: 0.9790, Entropy: 0.5963, Epsilon: 0.010
2026-03-29 18:03:11 | INFO | Episode  482 - Reward: 8.000, Length: 8, Loss: 0.9460, Entropy: 0.5969, Epsilon: 0.010
2026-03-29 18:03:11 | INFO | Episode  483 - Reward: 9.000, Length: 9, Loss: 1.0583, Entropy: 0.5966, Epsilon: 0.010
2026-03-29 18:03:12 | INFO | Episode  484 - Reward: 9.000, Length: 9, Loss: 1.0604, Entropy: 0.5961, Epsilon: 0.010
2026-03-29 18:03:12 | INFO | Episode  485 - Reward: 9.000, Length: 9, Loss: 1.0254, Entropy: 0.5956, Epsilon: 0.010
2026-03-29 18:03:13 | INFO | Episode  486 - Reward: 9.000, Length: 9, Loss: 1.0310, Entropy: 0.5952, Epsilon: 0.010
2026-03-29 18:03:13 | INFO | Episode  487 - Reward: 8.000, Length: 8, Loss: 1.0963, Entropy: 0.5911, Epsilon: 0.010
2026-03-29 18:03:14 | INFO | Episode  488 - Reward: 8.000, Length: 8, Loss: 0.9637, Entropy: 0.5962, Epsilon: 0.010
2026-03-29 18:03:14 | INFO | Episode  489 - Reward: 9.000, Length: 9, Loss: 0.9562, Entropy: 0.5955, Epsilon: 0.010
2026-03-29 18:03:15 | INFO | Episode  490 - Reward: 10.000, Length: 10, Loss: 1.0249, Entropy: 0.5923, Epsilon: 0.010
2026-03-29 18:03:15 | INFO | Episode  491 - Reward: 10.000, Length: 10, Loss: 0.8865, Entropy: 0.5958, Epsilon: 0.010
2026-03-29 18:03:16 | INFO | Episode  492 - Reward: 10.000, Length: 10, Loss: 0.9856, Entropy: 0.5970, Epsilon: 0.010
2026-03-29 18:03:16 | INFO | Episode  493 - Reward: 8.000, Length: 8, Loss: 1.0323, Entropy: 0.5946, Epsilon: 0.010
2026-03-29 18:03:17 | INFO | Episode  494 - Reward: 9.000, Length: 9, Loss: 0.9841, Entropy: 0.5981, Epsilon: 0.010
2026-03-29 18:03:17 | INFO | Episode  495 - Reward: 8.000, Length: 8, Loss: 0.9450, Entropy: 0.5970, Epsilon: 0.010
2026-03-29 18:03:18 | INFO | Episode  496 - Reward: 8.000, Length: 8, Loss: 0.8930, Entropy: 0.5957, Epsilon: 0.010
2026-03-29 18:03:18 | INFO | Episode  497 - Reward: 10.000, Length: 10, Loss: 0.9552, Entropy: 0.5958, Epsilon: 0.010
2026-03-29 18:03:19 | INFO | Episode  498 - Reward: 10.000, Length: 10, Loss: 0.9260, Entropy: 0.5974, Epsilon: 0.010
2026-03-29 18:03:19 | INFO | Episode  499 - Reward: 10.000, Length: 10, Loss: 0.8948, Entropy: 0.5965, Epsilon: 0.010
2026-03-29 18:03:20 | INFO | Episode  500 - Reward: 10.000, Length: 10, Loss: 0.9134, Entropy: 0.5953, Epsilon: 0.010
2026-03-29 18:03:20 | INFO | [Episode  500] eps=0.010  avg_reward=   9.320  avg_length=  9.32  avg_loss=  1.1302  avg_entropy=0.5953  eval_success=0.000
2026-03-29 18:03:20 | INFO | DQN+Entropy training: 4m 7.73s
2026-03-29 18:03:22 | INFO | [Final Eval] success=0.000, mean_reward=9.300
