2026-03-29 10:01:39 | INFO | ============================================================
2026-03-29 10:01:39 | INFO | DEVICE / COMPUTE INFORMATION
2026-03-29 10:01:39 | INFO |   JAX backend       : GPU
2026-03-29 10:01:39 | INFO |   Platform          : gpu
2026-03-29 10:01:39 | INFO |   Num devices       : 2
2026-03-29 10:01:39 | INFO |   Device            : cuda:0
2026-03-29 10:01:39 | INFO |   Device            : cuda:1
2026-03-29 10:01:39 | INFO |   GPU name          : Tesla T4
2026-03-29 10:01:39 | INFO | ============================================================
2026-03-29 10:01:39 | INFO | DQN+Entropy | seed=1, lr=0.001, gamma=0.99, alpha=0.01
2026-03-29 10:01:39 | INFO | Env: mountaincar/dense, obs_dim=2, num_actions=3
2026-03-29 10:01:43 | INFO | Episode    1 - Reward: -200.000, Length: 200, Loss: 0.0000, Entropy: 0.0000, Epsilon: 0.998
2026-03-29 10:01:48 | INFO | Episode    2 - Reward: -200.000, Length: 200, Loss: 0.9750, Entropy: 1.0986, Epsilon: 0.995
2026-03-29 10:01:50 | INFO | Episode    3 - Reward: -200.000, Length: 200, Loss: 0.9669, Entropy: 1.0986, Epsilon: 0.993
2026-03-29 10:01:53 | INFO | Episode    4 - Reward: -200.000, Length: 200, Loss: 0.9748, Entropy: 1.0986, Epsilon: 0.990
2026-03-29 10:01:55 | INFO | Episode    5 - Reward: -200.000, Length: 200, Loss: 0.9669, Entropy: 1.0986, Epsilon: 0.988
2026-03-29 10:01:58 | INFO | Episode    6 - Reward: -200.000, Length: 200, Loss: 0.9755, Entropy: 1.0986, Epsilon: 0.985
2026-03-29 10:02:00 | INFO | Episode    7 - Reward: -200.000, Length: 200, Loss: 0.9682, Entropy: 1.0986, Epsilon: 0.983
2026-03-29 10:02:03 | INFO | Episode    8 - Reward: -200.000, Length: 200, Loss: 0.9603, Entropy: 1.0986, Epsilon: 0.980
2026-03-29 10:02:05 | INFO | Episode    9 - Reward: -200.000, Length: 200, Loss: 0.9751, Entropy: 1.0986, Epsilon: 0.978
2026-03-29 10:02:08 | INFO | Episode   10 - Reward: -200.000, Length: 200, Loss: 0.9682, Entropy: 1.0986, Epsilon: 0.975
2026-03-29 10:02:10 | INFO | Episode   11 - Reward: -200.000, Length: 200, Loss: 0.9748, Entropy: 1.0986, Epsilon: 0.973
2026-03-29 10:02:13 | INFO | Episode   12 - Reward: -200.000, Length: 200, Loss: 0.9676, Entropy: 1.0986, Epsilon: 0.970
2026-03-29 10:02:15 | INFO | Episode   13 - Reward: -200.000, Length: 200, Loss: 0.9602, Entropy: 1.0986, Epsilon: 0.968
2026-03-29 10:02:17 | INFO | Episode   14 - Reward: -200.000, Length: 200, Loss: 0.9742, Entropy: 1.0986, Epsilon: 0.965
2026-03-29 10:02:20 | INFO | Episode   15 - Reward: -200.000, Length: 200, Loss: 0.9675, Entropy: 1.0986, Epsilon: 0.963
2026-03-29 10:02:22 | INFO | Episode   16 - Reward: -200.000, Length: 200, Loss: 0.9740, Entropy: 1.0986, Epsilon: 0.960
2026-03-29 10:02:25 | INFO | Episode   17 - Reward: -200.000, Length: 200, Loss: 0.9668, Entropy: 1.0986, Epsilon: 0.958
2026-03-29 10:02:27 | INFO | Episode   18 - Reward: -200.000, Length: 200, Loss: 0.9598, Entropy: 1.0986, Epsilon: 0.955
2026-03-29 10:02:30 | INFO | Episode   19 - Reward: -200.000, Length: 200, Loss: 0.9736, Entropy: 1.0986, Epsilon: 0.953
2026-03-29 10:02:32 | INFO | Episode   20 - Reward: -200.000, Length: 200, Loss: 0.9662, Entropy: 1.0986, Epsilon: 0.951
2026-03-29 10:02:35 | INFO | Episode   21 - Reward: -200.000, Length: 200, Loss: 0.9741, Entropy: 1.0986, Epsilon: 0.948
2026-03-29 10:02:38 | INFO | Episode   22 - Reward: -200.000, Length: 200, Loss: 0.9669, Entropy: 1.0986, Epsilon: 0.946
2026-03-29 10:02:40 | INFO | Episode   23 - Reward: -200.000, Length: 200, Loss: 0.9595, Entropy: 1.0986, Epsilon: 0.943
2026-03-29 10:02:43 | INFO | Episode   24 - Reward: -200.000, Length: 200, Loss: 0.9755, Entropy: 1.0986, Epsilon: 0.941
2026-03-29 10:02:45 | INFO | Episode   25 - Reward: -200.000, Length: 200, Loss: 0.9678, Entropy: 1.0986, Epsilon: 0.938
2026-03-29 10:02:48 | INFO | Episode   26 - Reward: -200.000, Length: 200, Loss: 0.9764, Entropy: 1.0986, Epsilon: 0.936
2026-03-29 10:02:50 | INFO | Episode   27 - Reward: -200.000, Length: 200, Loss: 0.9692, Entropy: 1.0986, Epsilon: 0.933
2026-03-29 10:02:53 | INFO | Episode   28 - Reward: -200.000, Length: 200, Loss: 0.9615, Entropy: 1.0986, Epsilon: 0.931
2026-03-29 10:02:55 | INFO | Episode   29 - Reward: -200.000, Length: 200, Loss: 0.9760, Entropy: 1.0986, Epsilon: 0.928
2026-03-29 10:02:58 | INFO | Episode   30 - Reward: -200.000, Length: 200, Loss: 0.9689, Entropy: 1.0986, Epsilon: 0.926
2026-03-29 10:03:00 | INFO | Episode   31 - Reward: -200.000, Length: 200, Loss: 0.9789, Entropy: 1.0986, Epsilon: 0.923
2026-03-29 10:03:03 | INFO | Episode   32 - Reward: -200.000, Length: 200, Loss: 0.9711, Entropy: 1.0986, Epsilon: 0.921
2026-03-29 10:03:05 | INFO | Episode   33 - Reward: -200.000, Length: 200, Loss: 0.9633, Entropy: 1.0986, Epsilon: 0.918
2026-03-29 10:03:08 | INFO | Episode   34 - Reward: -200.000, Length: 200, Loss: 0.9801, Entropy: 1.0986, Epsilon: 0.916
2026-03-29 10:03:11 | INFO | Episode   35 - Reward: -200.000, Length: 200, Loss: 0.9721, Entropy: 1.0986, Epsilon: 0.913
2026-03-29 10:03:13 | INFO | Episode   36 - Reward: -200.000, Length: 200, Loss: 0.9803, Entropy: 1.0986, Epsilon: 0.911
2026-03-29 10:03:16 | INFO | Episode   37 - Reward: -200.000, Length: 200, Loss: 0.9725, Entropy: 1.0986, Epsilon: 0.908
2026-03-29 10:03:18 | INFO | Episode   38 - Reward: -200.000, Length: 200, Loss: 0.9653, Entropy: 1.0986, Epsilon: 0.906
2026-03-29 10:03:21 | INFO | Episode   39 - Reward: -200.000, Length: 200, Loss: 0.9800, Entropy: 1.0986, Epsilon: 0.903
2026-03-29 10:03:23 | INFO | Episode   40 - Reward: -200.000, Length: 200, Loss: 0.9719, Entropy: 1.0986, Epsilon: 0.901
2026-03-29 10:03:26 | INFO | Episode   41 - Reward: -200.000, Length: 200, Loss: 0.9797, Entropy: 1.0986, Epsilon: 0.899
2026-03-29 10:03:28 | INFO | Episode   42 - Reward: -200.000, Length: 200, Loss: 0.9717, Entropy: 1.0986, Epsilon: 0.896
2026-03-29 10:03:31 | INFO | Episode   43 - Reward: -200.000, Length: 200, Loss: 0.9645, Entropy: 1.0986, Epsilon: 0.894
2026-03-29 10:03:34 | INFO | Episode   44 - Reward: -200.000, Length: 200, Loss: 0.9799, Entropy: 1.0986, Epsilon: 0.891
2026-03-29 10:03:36 | INFO | Episode   45 - Reward: -200.000, Length: 200, Loss: 0.9712, Entropy: 1.0986, Epsilon: 0.889
2026-03-29 10:03:38 | INFO | Episode   46 - Reward: -200.000, Length: 200, Loss: 0.9776, Entropy: 1.0986, Epsilon: 0.886
2026-03-29 10:03:41 | INFO | Episode   47 - Reward: -200.000, Length: 200, Loss: 0.9704, Entropy: 1.0986, Epsilon: 0.884
2026-03-29 10:03:44 | INFO | Episode   48 - Reward: -200.000, Length: 200, Loss: 0.9627, Entropy: 1.0986, Epsilon: 0.881
2026-03-29 10:03:46 | INFO | Episode   49 - Reward: -200.000, Length: 200, Loss: 0.9778, Entropy: 1.0986, Epsilon: 0.879
2026-03-29 10:03:48 | INFO | Episode   50 - Reward: -200.000, Length: 200, Loss: 0.9691, Entropy: 1.0986, Epsilon: 0.876
2026-03-29 10:04:46 | INFO | [Episode   50] eps=0.876  avg_reward=-200.000  avg_length=200.00  avg_loss=  0.9514  avg_entropy=1.0986  eval_success=0.000
2026-03-29 10:04:49 | INFO | Episode   51 - Reward: -200.000, Length: 200, Loss: 0.9765, Entropy: 1.0986, Epsilon: 0.874
2026-03-29 10:04:51 | INFO | Episode   52 - Reward: -200.000, Length: 200, Loss: 0.9676, Entropy: 1.0986, Epsilon: 0.871
2026-03-29 10:04:54 | INFO | Episode   53 - Reward: -200.000, Length: 200, Loss: 0.9611, Entropy: 1.0986, Epsilon: 0.869
2026-03-29 10:04:56 | INFO | Episode   54 - Reward: -200.000, Length: 200, Loss: 0.9768, Entropy: 1.0986, Epsilon: 0.866
2026-03-29 10:04:59 | INFO | Episode   55 - Reward: -200.000, Length: 200, Loss: 0.9668, Entropy: 1.0986, Epsilon: 0.864
2026-03-29 10:05:01 | INFO | Episode   56 - Reward: -200.000, Length: 200, Loss: 0.9740, Entropy: 1.0986, Epsilon: 0.861
2026-03-29 10:05:04 | INFO | Episode   57 - Reward: -200.000, Length: 200, Loss: 0.9651, Entropy: 1.0986, Epsilon: 0.859
2026-03-29 10:05:06 | INFO | Episode   58 - Reward: -200.000, Length: 200, Loss: 0.9581, Entropy: 1.0986, Epsilon: 0.856
2026-03-29 10:05:09 | INFO | Episode   59 - Reward: -200.000, Length: 200, Loss: 0.9737, Entropy: 1.0986, Epsilon: 0.854
2026-03-29 10:05:11 | INFO | Episode   60 - Reward: -200.000, Length: 200, Loss: 0.9661, Entropy: 1.0986, Epsilon: 0.852
2026-03-29 10:05:14 | INFO | Episode   61 - Reward: -200.000, Length: 200, Loss: 0.9734, Entropy: 1.0986, Epsilon: 0.849
2026-03-29 10:05:16 | INFO | Episode   62 - Reward: -200.000, Length: 200, Loss: 0.9646, Entropy: 1.0986, Epsilon: 0.847
2026-03-29 10:05:19 | INFO | Episode   63 - Reward: -200.000, Length: 200, Loss: 0.9585, Entropy: 1.0986, Epsilon: 0.844
2026-03-29 10:05:21 | INFO | Episode   64 - Reward: -200.000, Length: 200, Loss: 0.9725, Entropy: 1.0986, Epsilon: 0.842
2026-03-29 10:05:24 | INFO | Episode   65 - Reward: -200.000, Length: 200, Loss: 0.9635, Entropy: 1.0986, Epsilon: 0.839
2026-03-29 10:05:26 | INFO | Episode   66 - Reward: -200.000, Length: 200, Loss: 0.9721, Entropy: 1.0986, Epsilon: 0.837
2026-03-29 10:05:29 | INFO | Episode   67 - Reward: -200.000, Length: 200, Loss: 0.9642, Entropy: 1.0986, Epsilon: 0.834
2026-03-29 10:05:32 | INFO | Episode   68 - Reward: -200.000, Length: 200, Loss: 0.9576, Entropy: 1.0986, Epsilon: 0.832
2026-03-29 10:05:34 | INFO | Episode   69 - Reward: -200.000, Length: 200, Loss: 0.9698, Entropy: 1.0986, Epsilon: 0.829
2026-03-29 10:05:37 | INFO | Episode   70 - Reward: -200.000, Length: 200, Loss: 0.9651, Entropy: 1.0986, Epsilon: 0.827
2026-03-29 10:05:39 | INFO | Episode   71 - Reward: -200.000, Length: 200, Loss: 0.9733, Entropy: 1.0986, Epsilon: 0.824
2026-03-29 10:05:42 | INFO | Episode   72 - Reward: -200.000, Length: 200, Loss: 0.9655, Entropy: 1.0986, Epsilon: 0.822
2026-03-29 10:05:44 | INFO | Episode   73 - Reward: -200.000, Length: 200, Loss: 0.9569, Entropy: 1.0986, Epsilon: 0.819
2026-03-29 10:05:47 | INFO | Episode   74 - Reward: -200.000, Length: 200, Loss: 0.9736, Entropy: 1.0986, Epsilon: 0.817
2026-03-29 10:05:49 | INFO | Episode   75 - Reward: -200.000, Length: 200, Loss: 0.9666, Entropy: 1.0986, Epsilon: 0.814
2026-03-29 10:05:52 | INFO | Episode   76 - Reward: -200.000, Length: 200, Loss: 0.9734, Entropy: 1.0986, Epsilon: 0.812
2026-03-29 10:05:54 | INFO | Episode   77 - Reward: -200.000, Length: 200, Loss: 0.9661, Entropy: 1.0986, Epsilon: 0.809
2026-03-29 10:05:57 | INFO | Episode   78 - Reward: -200.000, Length: 200, Loss: 0.9570, Entropy: 1.0986, Epsilon: 0.807
2026-03-29 10:05:59 | INFO | Episode   79 - Reward: -200.000, Length: 200, Loss: 0.9752, Entropy: 1.0986, Epsilon: 0.804
2026-03-29 10:06:01 | INFO | Episode   80 - Reward: -200.000, Length: 200, Loss: 0.9664, Entropy: 1.0986, Epsilon: 0.802
2026-03-29 10:06:04 | INFO | Episode   81 - Reward: -200.000, Length: 200, Loss: 0.9753, Entropy: 1.0986, Epsilon: 0.800
2026-03-29 10:06:07 | INFO | Episode   82 - Reward: -200.000, Length: 200, Loss: 0.9669, Entropy: 1.0986, Epsilon: 0.797
2026-03-29 10:06:09 | INFO | Episode   83 - Reward: -200.000, Length: 200, Loss: 0.9578, Entropy: 1.0986, Epsilon: 0.795
2026-03-29 10:06:12 | INFO | Episode   84 - Reward: -200.000, Length: 200, Loss: 0.9750, Entropy: 1.0986, Epsilon: 0.792
2026-03-29 10:06:14 | INFO | Episode   85 - Reward: -200.000, Length: 200, Loss: 0.9685, Entropy: 1.0986, Epsilon: 0.790
2026-03-29 10:06:17 | INFO | Episode   86 - Reward: -200.000, Length: 200, Loss: 0.9730, Entropy: 1.0986, Epsilon: 0.787
2026-03-29 10:06:19 | INFO | Episode   87 - Reward: -200.000, Length: 200, Loss: 0.9670, Entropy: 1.0986, Epsilon: 0.785
2026-03-29 10:06:22 | INFO | Episode   88 - Reward: -200.000, Length: 200, Loss: 0.9566, Entropy: 1.0986, Epsilon: 0.782
2026-03-29 10:06:24 | INFO | Episode   89 - Reward: -200.000, Length: 200, Loss: 0.9733, Entropy: 1.0986, Epsilon: 0.780
2026-03-29 10:06:27 | INFO | Episode   90 - Reward: -200.000, Length: 200, Loss: 0.9644, Entropy: 1.0986, Epsilon: 0.777
2026-03-29 10:06:29 | INFO | Episode   91 - Reward: -200.000, Length: 200, Loss: 0.9705, Entropy: 1.0986, Epsilon: 0.775
2026-03-29 10:06:32 | INFO | Episode   92 - Reward: -200.000, Length: 200, Loss: 0.9628, Entropy: 1.0986, Epsilon: 0.772
2026-03-29 10:06:34 | INFO | Episode   93 - Reward: -200.000, Length: 200, Loss: 0.9547, Entropy: 1.0986, Epsilon: 0.770
2026-03-29 10:06:37 | INFO | Episode   94 - Reward: -200.000, Length: 200, Loss: 0.9708, Entropy: 1.0986, Epsilon: 0.767
2026-03-29 10:06:39 | INFO | Episode   95 - Reward: -200.000, Length: 200, Loss: 0.9620, Entropy: 1.0986, Epsilon: 0.765
2026-03-29 10:06:42 | INFO | Episode   96 - Reward: -200.000, Length: 200, Loss: 0.9688, Entropy: 1.0986, Epsilon: 0.762
2026-03-29 10:06:45 | INFO | Episode   97 - Reward: -200.000, Length: 200, Loss: 0.9617, Entropy: 1.0986, Epsilon: 0.760
2026-03-29 10:06:47 | INFO | Episode   98 - Reward: -200.000, Length: 200, Loss: 0.9502, Entropy: 1.0986, Epsilon: 0.757
2026-03-29 10:06:50 | INFO | Episode   99 - Reward: -200.000, Length: 200, Loss: 0.9687, Entropy: 1.0986, Epsilon: 0.755
2026-03-29 10:06:52 | INFO | Episode  100 - Reward: -200.000, Length: 200, Loss: 0.9604, Entropy: 1.0986, Epsilon: 0.752
2026-03-29 10:07:49 | INFO | [Episode  100] eps=0.752  avg_reward=-200.000  avg_length=200.00  avg_loss=  0.9666  avg_entropy=1.0986  eval_success=0.000
2026-03-29 10:07:52 | INFO | Episode  101 - Reward: -200.000, Length: 200, Loss: 0.9678, Entropy: 1.0986, Epsilon: 0.750
2026-03-29 10:07:54 | INFO | Episode  102 - Reward: -200.000, Length: 200, Loss: 0.9594, Entropy: 1.0986, Epsilon: 0.748
2026-03-29 10:07:57 | INFO | Episode  103 - Reward: -200.000, Length: 200, Loss: 0.9495, Entropy: 1.0986, Epsilon: 0.745
2026-03-29 10:07:59 | INFO | Episode  104 - Reward: -200.000, Length: 200, Loss: 0.9697, Entropy: 1.0986, Epsilon: 0.743
2026-03-29 10:08:02 | INFO | Episode  105 - Reward: -200.000, Length: 200, Loss: 0.9554, Entropy: 1.0986, Epsilon: 0.740
2026-03-29 10:08:04 | INFO | Episode  106 - Reward: -200.000, Length: 200, Loss: 0.9683, Entropy: 1.0986, Epsilon: 0.738
2026-03-29 10:08:07 | INFO | Episode  107 - Reward: -200.000, Length: 200, Loss: 0.9579, Entropy: 1.0986, Epsilon: 0.735
2026-03-29 10:08:09 | INFO | Episode  108 - Reward: -200.000, Length: 200, Loss: 0.9482, Entropy: 1.0986, Epsilon: 0.733
2026-03-29 10:08:12 | INFO | Episode  109 - Reward: -200.000, Length: 200, Loss: 0.9684, Entropy: 1.0986, Epsilon: 0.730
2026-03-29 10:08:14 | INFO | Episode  110 - Reward: -200.000, Length: 200, Loss: 0.9576, Entropy: 1.0986, Epsilon: 0.728
2026-03-29 10:08:17 | INFO | Episode  111 - Reward: -200.000, Length: 200, Loss: 0.9680, Entropy: 1.0986, Epsilon: 0.725
2026-03-29 10:08:19 | INFO | Episode  112 - Reward: -200.000, Length: 200, Loss: 0.9587, Entropy: 1.0986, Epsilon: 0.723
2026-03-29 10:08:22 | INFO | Episode  113 - Reward: -200.000, Length: 200, Loss: 0.9456, Entropy: 1.0986, Epsilon: 0.720
2026-03-29 10:08:25 | INFO | Episode  114 - Reward: -200.000, Length: 200, Loss: 0.9642, Entropy: 1.0986, Epsilon: 0.718
2026-03-29 10:08:28 | INFO | Episode  115 - Reward: -200.000, Length: 200, Loss: 0.9571, Entropy: 1.0986, Epsilon: 0.715
2026-03-29 10:08:30 | INFO | Episode  116 - Reward: -200.000, Length: 200, Loss: 0.9671, Entropy: 1.0986, Epsilon: 0.713
2026-03-29 10:08:33 | INFO | Episode  117 - Reward: -200.000, Length: 200, Loss: 0.9563, Entropy: 1.0986, Epsilon: 0.710
2026-03-29 10:08:35 | INFO | Episode  118 - Reward: -200.000, Length: 200, Loss: 0.9485, Entropy: 1.0986, Epsilon: 0.708
2026-03-29 10:08:38 | INFO | Episode  119 - Reward: -200.000, Length: 200, Loss: 0.9662, Entropy: 1.0986, Epsilon: 0.705
2026-03-29 10:08:40 | INFO | Episode  120 - Reward: -200.000, Length: 200, Loss: 0.9546, Entropy: 1.0986, Epsilon: 0.703
2026-03-29 10:08:43 | INFO | Episode  121 - Reward: -200.000, Length: 200, Loss: 0.9652, Entropy: 1.0986, Epsilon: 0.701
2026-03-29 10:08:45 | INFO | Episode  122 - Reward: -200.000, Length: 200, Loss: 0.9551, Entropy: 1.0986, Epsilon: 0.698
2026-03-29 10:08:48 | INFO | Episode  123 - Reward: -200.000, Length: 200, Loss: 0.9467, Entropy: 1.0986, Epsilon: 0.696
2026-03-29 10:08:50 | INFO | Episode  124 - Reward: -200.000, Length: 200, Loss: 0.9618, Entropy: 1.0986, Epsilon: 0.693
2026-03-29 10:08:53 | INFO | Episode  125 - Reward: -200.000, Length: 200, Loss: 0.9531, Entropy: 1.0986, Epsilon: 0.691
2026-03-29 10:08:55 | INFO | Episode  126 - Reward: -200.000, Length: 200, Loss: 0.9670, Entropy: 1.0986, Epsilon: 0.688
2026-03-29 10:08:58 | INFO | Episode  127 - Reward: -200.000, Length: 200, Loss: 0.9562, Entropy: 1.0986, Epsilon: 0.686
2026-03-29 10:09:01 | INFO | Episode  128 - Reward: -200.000, Length: 200, Loss: 0.9477, Entropy: 1.0986, Epsilon: 0.683
2026-03-29 10:09:03 | INFO | Episode  129 - Reward: -200.000, Length: 200, Loss: 0.9645, Entropy: 1.0986, Epsilon: 0.681
2026-03-29 10:09:06 | INFO | Episode  130 - Reward: -200.000, Length: 200, Loss: 0.9538, Entropy: 1.0986, Epsilon: 0.678
2026-03-29 10:09:08 | INFO | Episode  131 - Reward: -200.000, Length: 200, Loss: 0.9649, Entropy: 1.0986, Epsilon: 0.676
2026-03-29 10:09:11 | INFO | Episode  132 - Reward: -200.000, Length: 200, Loss: 0.9564, Entropy: 1.0986, Epsilon: 0.673
2026-03-29 10:09:14 | INFO | Episode  133 - Reward: -200.000, Length: 200, Loss: 0.9439, Entropy: 1.0986, Epsilon: 0.671
2026-03-29 10:09:16 | INFO | Episode  134 - Reward: -200.000, Length: 200, Loss: 0.9624, Entropy: 1.0986, Epsilon: 0.668
2026-03-29 10:09:18 | INFO | Episode  135 - Reward: -200.000, Length: 200, Loss: 0.9530, Entropy: 1.0986, Epsilon: 0.666
2026-03-29 10:09:21 | INFO | Episode  136 - Reward: -200.000, Length: 200, Loss: 0.9677, Entropy: 1.0986, Epsilon: 0.663
2026-03-29 10:09:24 | INFO | Episode  137 - Reward: -200.000, Length: 200, Loss: 0.9540, Entropy: 1.0986, Epsilon: 0.661
2026-03-29 10:09:26 | INFO | Episode  138 - Reward: -200.000, Length: 200, Loss: 0.9449, Entropy: 1.0986, Epsilon: 0.658
2026-03-29 10:09:29 | INFO | Episode  139 - Reward: -200.000, Length: 200, Loss: 0.9624, Entropy: 1.0986, Epsilon: 0.656
2026-03-29 10:09:31 | INFO | Episode  140 - Reward: -200.000, Length: 200, Loss: 0.9514, Entropy: 1.0986, Epsilon: 0.653
2026-03-29 10:09:34 | INFO | Episode  141 - Reward: -200.000, Length: 200, Loss: 0.9627, Entropy: 1.0986, Epsilon: 0.651
2026-03-29 10:09:36 | INFO | Episode  142 - Reward: -200.000, Length: 200, Loss: 0.9539, Entropy: 1.0986, Epsilon: 0.649
2026-03-29 10:09:39 | INFO | Episode  143 - Reward: -200.000, Length: 200, Loss: 0.9446, Entropy: 1.0986, Epsilon: 0.646
2026-03-29 10:09:41 | INFO | Episode  144 - Reward: -200.000, Length: 200, Loss: 0.9645, Entropy: 1.0986, Epsilon: 0.644
2026-03-29 10:09:44 | INFO | Episode  145 - Reward: -200.000, Length: 200, Loss: 0.9515, Entropy: 1.0986, Epsilon: 0.641
2026-03-29 10:09:46 | INFO | Episode  146 - Reward: -200.000, Length: 200, Loss: 0.9664, Entropy: 1.0986, Epsilon: 0.639
2026-03-29 10:09:49 | INFO | Episode  147 - Reward: -200.000, Length: 200, Loss: 0.9531, Entropy: 1.0986, Epsilon: 0.636
2026-03-29 10:09:51 | INFO | Episode  148 - Reward: -200.000, Length: 200, Loss: 0.9407, Entropy: 1.0986, Epsilon: 0.634
2026-03-29 10:09:54 | INFO | Episode  149 - Reward: -200.000, Length: 200, Loss: 0.9663, Entropy: 1.0986, Epsilon: 0.631
2026-03-29 10:09:57 | INFO | Episode  150 - Reward: -200.000, Length: 200, Loss: 0.9517, Entropy: 1.0986, Epsilon: 0.629
2026-03-29 10:10:52 | INFO | [Episode  150] eps=0.629  avg_reward=-200.000  avg_length=200.00  avg_loss=  0.9575  avg_entropy=1.0986  eval_success=0.000
2026-03-29 10:10:55 | INFO | Episode  151 - Reward: -200.000, Length: 200, Loss: 0.9611, Entropy: 1.0986, Epsilon: 0.626
2026-03-29 10:10:57 | INFO | Episode  152 - Reward: -200.000, Length: 200, Loss: 0.9492, Entropy: 1.0986, Epsilon: 0.624
2026-03-29 10:11:00 | INFO | Episode  153 - Reward: -200.000, Length: 200, Loss: 0.9301, Entropy: 1.0986, Epsilon: 0.621
2026-03-29 10:11:02 | INFO | Episode  154 - Reward: -200.000, Length: 200, Loss: 0.9577, Entropy: 1.0986, Epsilon: 0.619
2026-03-29 10:11:04 | INFO | Episode  155 - Reward: -200.000, Length: 200, Loss: 0.9405, Entropy: 1.0986, Epsilon: 0.616
2026-03-29 10:11:07 | INFO | Episode  156 - Reward: -200.000, Length: 200, Loss: 0.9565, Entropy: 1.0986, Epsilon: 0.614
2026-03-29 10:11:09 | INFO | Episode  157 - Reward: -200.000, Length: 200, Loss: 0.9440, Entropy: 1.0986, Epsilon: 0.611
2026-03-29 10:11:12 | INFO | Episode  158 - Reward: -200.000, Length: 200, Loss: 0.9301, Entropy: 1.0986, Epsilon: 0.609
2026-03-29 10:11:14 | INFO | Episode  159 - Reward: -200.000, Length: 200, Loss: 0.9602, Entropy: 1.0986, Epsilon: 0.606
2026-03-29 10:11:17 | INFO | Episode  160 - Reward: -200.000, Length: 200, Loss: 0.9446, Entropy: 1.0986, Epsilon: 0.604
2026-03-29 10:11:19 | INFO | Episode  161 - Reward: -200.000, Length: 200, Loss: 0.9590, Entropy: 1.0986, Epsilon: 0.602
2026-03-29 10:11:22 | INFO | Episode  162 - Reward: -200.000, Length: 200, Loss: 0.9469, Entropy: 1.0986, Epsilon: 0.599
2026-03-29 10:11:24 | INFO | Episode  163 - Reward: -200.000, Length: 200, Loss: 0.9280, Entropy: 1.0986, Epsilon: 0.597
2026-03-29 10:11:26 | INFO | Episode  164 - Reward: -200.000, Length: 200, Loss: 0.9546, Entropy: 1.0986, Epsilon: 0.594
2026-03-29 10:11:29 | INFO | Episode  165 - Reward: -200.000, Length: 200, Loss: 0.9435, Entropy: 1.0986, Epsilon: 0.592
2026-03-29 10:11:32 | INFO | Episode  166 - Reward: -200.000, Length: 200, Loss: 0.9590, Entropy: 1.0986, Epsilon: 0.589
2026-03-29 10:11:34 | INFO | Episode  167 - Reward: -200.000, Length: 200, Loss: 0.9427, Entropy: 1.0986, Epsilon: 0.587
2026-03-29 10:11:37 | INFO | Episode  168 - Reward: -200.000, Length: 200, Loss: 0.9285, Entropy: 1.0986, Epsilon: 0.584
2026-03-29 10:11:39 | INFO | Episode  169 - Reward: -200.000, Length: 200, Loss: 0.9552, Entropy: 1.0986, Epsilon: 0.582
2026-03-29 10:11:42 | INFO | Episode  170 - Reward: -200.000, Length: 200, Loss: 0.9415, Entropy: 1.0986, Epsilon: 0.579
2026-03-29 10:11:44 | INFO | Episode  171 - Reward: -200.000, Length: 200, Loss: 0.9490, Entropy: 1.0986, Epsilon: 0.577
2026-03-29 10:11:47 | INFO | Episode  172 - Reward: -200.000, Length: 200, Loss: 0.9367, Entropy: 1.0986, Epsilon: 0.574
2026-03-29 10:11:50 | INFO | Episode  173 - Reward: -200.000, Length: 200, Loss: 0.9206, Entropy: 1.0986, Epsilon: 0.572
2026-03-29 10:11:52 | INFO | Episode  174 - Reward: -200.000, Length: 200, Loss: 0.9501, Entropy: 1.0986, Epsilon: 0.569
2026-03-29 10:11:55 | INFO | Episode  175 - Reward: -200.000, Length: 200, Loss: 0.9351, Entropy: 1.0986, Epsilon: 0.567
2026-03-29 10:11:57 | INFO | Episode  176 - Reward: -200.000, Length: 200, Loss: 0.9511, Entropy: 1.0986, Epsilon: 0.564
2026-03-29 10:12:00 | INFO | Episode  177 - Reward: -200.000, Length: 200, Loss: 0.9310, Entropy: 1.0986, Epsilon: 0.562
2026-03-29 10:12:02 | INFO | Episode  178 - Reward: -200.000, Length: 200, Loss: 0.9167, Entropy: 1.0986, Epsilon: 0.559
2026-03-29 10:12:05 | INFO | Episode  179 - Reward: -200.000, Length: 200, Loss: 0.9487, Entropy: 1.0986, Epsilon: 0.557
2026-03-29 10:12:07 | INFO | Episode  180 - Reward: -200.000, Length: 200, Loss: 0.9302, Entropy: 1.0986, Epsilon: 0.554
2026-03-29 10:12:10 | INFO | Episode  181 - Reward: -200.000, Length: 200, Loss: 0.9466, Entropy: 1.0986, Epsilon: 0.552
2026-03-29 10:12:12 | INFO | Episode  182 - Reward: -200.000, Length: 200, Loss: 0.9296, Entropy: 1.0986, Epsilon: 0.550
2026-03-29 10:12:15 | INFO | Episode  183 - Reward: -200.000, Length: 200, Loss: 0.9154, Entropy: 1.0986, Epsilon: 0.547
2026-03-29 10:12:17 | INFO | Episode  184 - Reward: -200.000, Length: 200, Loss: 0.9485, Entropy: 1.0986, Epsilon: 0.545
2026-03-29 10:12:20 | INFO | Episode  185 - Reward: -200.000, Length: 200, Loss: 0.9288, Entropy: 1.0986, Epsilon: 0.542
2026-03-29 10:12:22 | INFO | Episode  186 - Reward: -200.000, Length: 200, Loss: 0.9491, Entropy: 1.0986, Epsilon: 0.540
2026-03-29 10:12:25 | INFO | Episode  187 - Reward: -200.000, Length: 200, Loss: 0.9344, Entropy: 1.0986, Epsilon: 0.537
2026-03-29 10:12:27 | INFO | Episode  188 - Reward: -200.000, Length: 200, Loss: 0.9138, Entropy: 1.0986, Epsilon: 0.535
2026-03-29 10:12:30 | INFO | Episode  189 - Reward: -200.000, Length: 200, Loss: 0.9530, Entropy: 1.0986, Epsilon: 0.532
2026-03-29 10:12:32 | INFO | Episode  190 - Reward: -200.000, Length: 200, Loss: 0.9319, Entropy: 1.0986, Epsilon: 0.530
2026-03-29 10:12:35 | INFO | Episode  191 - Reward: -200.000, Length: 200, Loss: 0.9511, Entropy: 1.0986, Epsilon: 0.527
2026-03-29 10:12:37 | INFO | Episode  192 - Reward: -200.000, Length: 200, Loss: 0.9333, Entropy: 1.0986, Epsilon: 0.525
2026-03-29 10:12:40 | INFO | Episode  193 - Reward: -200.000, Length: 200, Loss: 0.9148, Entropy: 1.0986, Epsilon: 0.522
2026-03-29 10:12:42 | INFO | Episode  194 - Reward: -200.000, Length: 200, Loss: 0.9534, Entropy: 1.0986, Epsilon: 0.520
2026-03-29 10:12:45 | INFO | Episode  195 - Reward: -200.000, Length: 200, Loss: 0.9319, Entropy: 1.0986, Epsilon: 0.517
2026-03-29 10:12:47 | INFO | Episode  196 - Reward: -200.000, Length: 200, Loss: 0.9509, Entropy: 1.0986, Epsilon: 0.515
2026-03-29 10:12:50 | INFO | Episode  197 - Reward: -200.000, Length: 200, Loss: 0.9317, Entropy: 1.0986, Epsilon: 0.512
2026-03-29 10:12:52 | INFO | Episode  198 - Reward: -200.000, Length: 200, Loss: 0.9085, Entropy: 1.0986, Epsilon: 0.510
2026-03-29 10:12:55 | INFO | Episode  199 - Reward: -200.000, Length: 200, Loss: 0.9434, Entropy: 1.0986, Epsilon: 0.507
2026-03-29 10:12:57 | INFO | Episode  200 - Reward: -200.000, Length: 200, Loss: 0.9271, Entropy: 1.0986, Epsilon: 0.505
2026-03-29 10:13:53 | INFO | [Episode  200] eps=0.505  avg_reward=-200.000  avg_length=200.00  avg_loss=  0.9400  avg_entropy=1.0986  eval_success=0.000
2026-03-29 10:13:56 | INFO | Episode  201 - Reward: -200.000, Length: 200, Loss: 0.9439, Entropy: 1.0986, Epsilon: 0.503
2026-03-29 10:13:59 | INFO | Episode  202 - Reward: -200.000, Length: 200, Loss: 0.9232, Entropy: 1.0986, Epsilon: 0.500
2026-03-29 10:14:01 | INFO | Episode  203 - Reward: -200.000, Length: 200, Loss: 0.9058, Entropy: 1.0986, Epsilon: 0.498
2026-03-29 10:14:03 | INFO | Episode  204 - Reward: -200.000, Length: 200, Loss: 0.9417, Entropy: 1.0986, Epsilon: 0.495
2026-03-29 10:14:06 | INFO | Episode  205 - Reward: -200.000, Length: 200, Loss: 0.9171, Entropy: 1.0986, Epsilon: 0.493
2026-03-29 10:14:09 | INFO | Episode  206 - Reward: -200.000, Length: 200, Loss: 0.9406, Entropy: 1.0986, Epsilon: 0.490
2026-03-29 10:14:11 | INFO | Episode  207 - Reward: -200.000, Length: 200, Loss: 0.9193, Entropy: 1.0986, Epsilon: 0.488
2026-03-29 10:14:14 | INFO | Episode  208 - Reward: -200.000, Length: 200, Loss: 0.8962, Entropy: 1.0986, Epsilon: 0.485
2026-03-29 10:14:16 | INFO | Episode  209 - Reward: -200.000, Length: 200, Loss: 0.9419, Entropy: 1.0986, Epsilon: 0.483
2026-03-29 10:14:19 | INFO | Episode  210 - Reward: -200.000, Length: 200, Loss: 0.9163, Entropy: 1.0986, Epsilon: 0.480
2026-03-29 10:14:21 | INFO | Episode  211 - Reward: -200.000, Length: 200, Loss: 0.9409, Entropy: 1.0986, Epsilon: 0.478
2026-03-29 10:14:24 | INFO | Episode  212 - Reward: -200.000, Length: 200, Loss: 0.9131, Entropy: 1.0986, Epsilon: 0.475
2026-03-29 10:14:27 | INFO | Episode  213 - Reward: -200.000, Length: 200, Loss: 0.8957, Entropy: 1.0986, Epsilon: 0.473
2026-03-29 10:14:29 | INFO | Episode  214 - Reward: -200.000, Length: 200, Loss: 0.9370, Entropy: 1.0986, Epsilon: 0.470
2026-03-29 10:14:31 | INFO | Episode  215 - Reward: -200.000, Length: 200, Loss: 0.9136, Entropy: 1.0986, Epsilon: 0.468
2026-03-29 10:14:34 | INFO | Episode  216 - Reward: -200.000, Length: 200, Loss: 0.9356, Entropy: 1.0986, Epsilon: 0.465
2026-03-29 10:14:36 | INFO | Episode  217 - Reward: -200.000, Length: 200, Loss: 0.9079, Entropy: 1.0986, Epsilon: 0.463
2026-03-29 10:14:39 | INFO | Episode  218 - Reward: -200.000, Length: 200, Loss: 0.8873, Entropy: 1.0986, Epsilon: 0.460
2026-03-29 10:14:41 | INFO | Episode  219 - Reward: -200.000, Length: 200, Loss: 0.9308, Entropy: 1.0986, Epsilon: 0.458
2026-03-29 10:14:44 | INFO | Episode  220 - Reward: -200.000, Length: 200, Loss: 0.9059, Entropy: 1.0986, Epsilon: 0.456
2026-03-29 10:14:46 | INFO | Episode  221 - Reward: -200.000, Length: 200, Loss: 0.9286, Entropy: 1.0986, Epsilon: 0.453
2026-03-29 10:14:49 | INFO | Episode  222 - Reward: -200.000, Length: 200, Loss: 0.9019, Entropy: 1.0986, Epsilon: 0.451
2026-03-29 10:14:52 | INFO | Episode  223 - Reward: -200.000, Length: 200, Loss: 0.8766, Entropy: 1.0986, Epsilon: 0.448
2026-03-29 10:14:54 | INFO | Episode  224 - Reward: -200.000, Length: 200, Loss: 0.9213, Entropy: 1.0986, Epsilon: 0.446
2026-03-29 10:14:57 | INFO | Episode  225 - Reward: -200.000, Length: 200, Loss: 0.8977, Entropy: 1.0986, Epsilon: 0.443
2026-03-29 10:14:59 | INFO | Episode  226 - Reward: -200.000, Length: 200, Loss: 0.9223, Entropy: 1.0986, Epsilon: 0.441
2026-03-29 10:15:02 | INFO | Episode  227 - Reward: -200.000, Length: 200, Loss: 0.8958, Entropy: 1.0986, Epsilon: 0.438
2026-03-29 10:15:04 | INFO | Episode  228 - Reward: -200.000, Length: 200, Loss: 0.8679, Entropy: 1.0986, Epsilon: 0.436
2026-03-29 10:15:06 | INFO | Episode  229 - Reward: -200.000, Length: 200, Loss: 0.9244, Entropy: 1.0986, Epsilon: 0.433
2026-03-29 10:15:09 | INFO | Episode  230 - Reward: -200.000, Length: 200, Loss: 0.8927, Entropy: 1.0986, Epsilon: 0.431
2026-03-29 10:15:12 | INFO | Episode  231 - Reward: -200.000, Length: 200, Loss: 0.9255, Entropy: 1.0986, Epsilon: 0.428
2026-03-29 10:15:14 | INFO | Episode  232 - Reward: -200.000, Length: 200, Loss: 0.8966, Entropy: 1.0986, Epsilon: 0.426
2026-03-29 10:15:17 | INFO | Episode  233 - Reward: -200.000, Length: 200, Loss: 0.8660, Entropy: 1.0986, Epsilon: 0.423
2026-03-29 10:15:20 | INFO | Episode  234 - Reward: -200.000, Length: 200, Loss: 0.9309, Entropy: 1.0986, Epsilon: 0.421
2026-03-29 10:15:22 | INFO | Episode  235 - Reward: -200.000, Length: 200, Loss: 0.8960, Entropy: 1.0986, Epsilon: 0.418
2026-03-29 10:15:25 | INFO | Episode  236 - Reward: -200.000, Length: 200, Loss: 0.9306, Entropy: 1.0986, Epsilon: 0.416
2026-03-29 10:15:27 | INFO | Episode  237 - Reward: -200.000, Length: 200, Loss: 0.8965, Entropy: 1.0986, Epsilon: 0.413
2026-03-29 10:15:30 | INFO | Episode  238 - Reward: -200.000, Length: 200, Loss: 0.8627, Entropy: 1.0986, Epsilon: 0.411
2026-03-29 10:15:32 | INFO | Episode  239 - Reward: -200.000, Length: 200, Loss: 0.9327, Entropy: 1.0986, Epsilon: 0.408
2026-03-29 10:15:35 | INFO | Episode  240 - Reward: -200.000, Length: 200, Loss: 0.8951, Entropy: 1.0986, Epsilon: 0.406
2026-03-29 10:15:37 | INFO | Episode  241 - Reward: -200.000, Length: 200, Loss: 0.9336, Entropy: 1.0986, Epsilon: 0.404
2026-03-29 10:15:40 | INFO | Episode  242 - Reward: -200.000, Length: 200, Loss: 0.8974, Entropy: 1.0986, Epsilon: 0.401
2026-03-29 10:15:42 | INFO | Episode  243 - Reward: -200.000, Length: 200, Loss: 0.8606, Entropy: 1.0986, Epsilon: 0.399
2026-03-29 10:15:45 | INFO | Episode  244 - Reward: -200.000, Length: 200, Loss: 0.9330, Entropy: 1.0986, Epsilon: 0.396
2026-03-29 10:15:47 | INFO | Episode  245 - Reward: -200.000, Length: 200, Loss: 0.8941, Entropy: 1.0986, Epsilon: 0.394
2026-03-29 10:15:50 | INFO | Episode  246 - Reward: -200.000, Length: 200, Loss: 0.9307, Entropy: 1.0986, Epsilon: 0.391
2026-03-29 10:15:52 | INFO | Episode  247 - Reward: -200.000, Length: 200, Loss: 0.8922, Entropy: 1.0986, Epsilon: 0.389
2026-03-29 10:15:55 | INFO | Episode  248 - Reward: -200.000, Length: 200, Loss: 0.8550, Entropy: 1.0986, Epsilon: 0.386
2026-03-29 10:15:57 | INFO | Episode  249 - Reward: -200.000, Length: 200, Loss: 0.9229, Entropy: 1.0986, Epsilon: 0.384
2026-03-29 10:16:00 | INFO | Episode  250 - Reward: -200.000, Length: 200, Loss: 0.8831, Entropy: 1.0986, Epsilon: 0.381
2026-03-29 10:16:57 | INFO | [Episode  250] eps=0.381  avg_reward=-200.000  avg_length=200.00  avg_loss=  0.9096  avg_entropy=1.0986  eval_success=0.000
2026-03-29 10:16:59 | INFO | Episode  251 - Reward: -200.000, Length: 200, Loss: 0.9186, Entropy: 1.0986, Epsilon: 0.379
2026-03-29 10:17:02 | INFO | Episode  252 - Reward: -200.000, Length: 200, Loss: 0.8769, Entropy: 1.0986, Epsilon: 0.376
2026-03-29 10:17:05 | INFO | Episode  253 - Reward: -200.000, Length: 200, Loss: 0.8353, Entropy: 1.0986, Epsilon: 0.374
2026-03-29 10:17:07 | INFO | Episode  254 - Reward: -200.000, Length: 200, Loss: 0.9148, Entropy: 1.0986, Epsilon: 0.371
2026-03-29 10:17:10 | INFO | Episode  255 - Reward: -200.000, Length: 200, Loss: 0.8710, Entropy: 1.0986, Epsilon: 0.369
2026-03-29 10:17:12 | INFO | Episode  256 - Reward: -200.000, Length: 200, Loss: 0.9118, Entropy: 1.0986, Epsilon: 0.366
2026-03-29 10:17:15 | INFO | Episode  257 - Reward: -200.000, Length: 200, Loss: 0.8654, Entropy: 1.0986, Epsilon: 0.364
2026-03-29 10:17:17 | INFO | Episode  258 - Reward: -200.000, Length: 200, Loss: 0.8209, Entropy: 1.0986, Epsilon: 0.361
2026-03-29 10:17:20 | INFO | Episode  259 - Reward: -200.000, Length: 200, Loss: 0.9074, Entropy: 1.0986, Epsilon: 0.359
2026-03-29 10:17:22 | INFO | Episode  260 - Reward: -200.000, Length: 200, Loss: 0.8599, Entropy: 1.0986, Epsilon: 0.357
2026-03-29 10:17:25 | INFO | Episode  261 - Reward: -200.000, Length: 200, Loss: 0.9067, Entropy: 1.0986, Epsilon: 0.354
2026-03-29 10:17:28 | INFO | Episode  262 - Reward: -200.000, Length: 200, Loss: 0.8567, Entropy: 1.0986, Epsilon: 0.352
2026-03-29 10:17:31 | INFO | Episode  263 - Reward: -200.000, Length: 200, Loss: 0.8093, Entropy: 1.0986, Epsilon: 0.349
2026-03-29 10:17:33 | INFO | Episode  264 - Reward: -200.000, Length: 200, Loss: 0.9097, Entropy: 1.0986, Epsilon: 0.347
2026-03-29 10:17:36 | INFO | Episode  265 - Reward: -200.000, Length: 200, Loss: 0.8594, Entropy: 1.0986, Epsilon: 0.344
2026-03-29 10:17:38 | INFO | Episode  266 - Reward: -200.000, Length: 200, Loss: 0.9093, Entropy: 1.0986, Epsilon: 0.342
2026-03-29 10:17:40 | INFO | Episode  267 - Reward: -200.000, Length: 200, Loss: 0.8510, Entropy: 1.0986, Epsilon: 0.339
2026-03-29 10:17:43 | INFO | Episode  268 - Reward: -200.000, Length: 200, Loss: 0.7993, Entropy: 1.0986, Epsilon: 0.337
2026-03-29 10:17:45 | INFO | Episode  269 - Reward: -200.000, Length: 200, Loss: 0.9134, Entropy: 1.0986, Epsilon: 0.334
2026-03-29 10:17:48 | INFO | Episode  270 - Reward: -200.000, Length: 200, Loss: 0.8559, Entropy: 1.0986, Epsilon: 0.332
2026-03-29 10:17:51 | INFO | Episode  271 - Reward: -200.000, Length: 200, Loss: 0.9006, Entropy: 1.0986, Epsilon: 0.329
2026-03-29 10:17:53 | INFO | Episode  272 - Reward: -200.000, Length: 200, Loss: 0.8380, Entropy: 1.0986, Epsilon: 0.327
2026-03-29 10:17:56 | INFO | Episode  273 - Reward: -200.000, Length: 200, Loss: 0.7903, Entropy: 1.0986, Epsilon: 0.324
2026-03-29 10:17:58 | INFO | Episode  274 - Reward: -200.000, Length: 200, Loss: 0.8976, Entropy: 1.0986, Epsilon: 0.322
2026-03-29 10:18:01 | INFO | Episode  275 - Reward: -200.000, Length: 200, Loss: 0.8348, Entropy: 1.0985, Epsilon: 0.319
2026-03-29 10:18:03 | INFO | Episode  276 - Reward: -200.000, Length: 200, Loss: 0.8925, Entropy: 1.0985, Epsilon: 0.317
2026-03-29 10:18:05 | INFO | Episode  277 - Reward: -200.000, Length: 200, Loss: 0.8241, Entropy: 1.0985, Epsilon: 0.314
2026-03-29 10:18:08 | INFO | Episode  278 - Reward: -200.000, Length: 200, Loss: 0.7698, Entropy: 1.0985, Epsilon: 0.312
2026-03-29 10:18:11 | INFO | Episode  279 - Reward: -200.000, Length: 200, Loss: 0.8848, Entropy: 1.0985, Epsilon: 0.309
2026-03-29 10:18:13 | INFO | Episode  280 - Reward: -200.000, Length: 200, Loss: 0.8183, Entropy: 1.0985, Epsilon: 0.307
2026-03-29 10:18:16 | INFO | Episode  281 - Reward: -200.000, Length: 200, Loss: 0.8947, Entropy: 1.0985, Epsilon: 0.305
2026-03-29 10:18:18 | INFO | Episode  282 - Reward: -200.000, Length: 200, Loss: 0.8142, Entropy: 1.0985, Epsilon: 0.302
2026-03-29 10:18:21 | INFO | Episode  283 - Reward: -200.000, Length: 200, Loss: 0.7493, Entropy: 1.0985, Epsilon: 0.300
2026-03-29 10:18:24 | INFO | Episode  284 - Reward: -200.000, Length: 200, Loss: 0.8857, Entropy: 1.0985, Epsilon: 0.297
2026-03-29 10:18:26 | INFO | Episode  285 - Reward: -200.000, Length: 200, Loss: 0.8133, Entropy: 1.0985, Epsilon: 0.295
2026-03-29 10:18:29 | INFO | Episode  286 - Reward: -200.000, Length: 200, Loss: 0.8665, Entropy: 1.0984, Epsilon: 0.292
2026-03-29 10:18:31 | INFO | Episode  287 - Reward: -200.000, Length: 200, Loss: 0.7816, Entropy: 1.0984, Epsilon: 0.290
2026-03-29 10:18:33 | INFO | Episode  288 - Reward: -200.000, Length: 200, Loss: 0.7265, Entropy: 1.0984, Epsilon: 0.287
2026-03-29 10:18:35 | INFO | Episode  289 - Reward: -200.000, Length: 200, Loss: 0.8606, Entropy: 1.0984, Epsilon: 0.285
2026-03-29 10:18:38 | INFO | Episode  290 - Reward: -200.000, Length: 200, Loss: 0.7775, Entropy: 1.0983, Epsilon: 0.282
2026-03-29 10:18:41 | INFO | Episode  291 - Reward: -200.000, Length: 200, Loss: 0.8678, Entropy: 1.0983, Epsilon: 0.280
2026-03-29 10:18:43 | INFO | Episode  292 - Reward: -200.000, Length: 200, Loss: 0.7698, Entropy: 1.0983, Epsilon: 0.277
2026-03-29 10:18:46 | INFO | Episode  293 - Reward: -200.000, Length: 200, Loss: 0.6891, Entropy: 1.0983, Epsilon: 0.275
2026-03-29 10:18:48 | INFO | Episode  294 - Reward: -200.000, Length: 200, Loss: 0.8345, Entropy: 1.0982, Epsilon: 0.272
2026-03-29 10:18:51 | INFO | Episode  295 - Reward: -200.000, Length: 200, Loss: 0.7493, Entropy: 1.0982, Epsilon: 0.270
2026-03-29 10:18:53 | INFO | Episode  296 - Reward: -200.000, Length: 200, Loss: 0.8425, Entropy: 1.0982, Epsilon: 0.267
2026-03-29 10:18:56 | INFO | Episode  297 - Reward: -200.000, Length: 200, Loss: 0.7453, Entropy: 1.0982, Epsilon: 0.265
2026-03-29 10:18:58 | INFO | Episode  298 - Reward: -200.000, Length: 200, Loss: 0.6782, Entropy: 1.0981, Epsilon: 0.262
2026-03-29 10:19:01 | INFO | Episode  299 - Reward: -200.000, Length: 200, Loss: 0.8277, Entropy: 1.0981, Epsilon: 0.260
2026-03-29 10:19:03 | INFO | Episode  300 - Reward: -200.000, Length: 200, Loss: 0.7470, Entropy: 1.0982, Epsilon: 0.258
2026-03-29 10:20:00 | INFO | [Episode  300] eps=0.258  avg_reward=-200.000  avg_length=200.00  avg_loss=  0.8365  avg_entropy=1.0982  eval_success=0.000
2026-03-29 10:20:03 | INFO | Episode  301 - Reward: -200.000, Length: 200, Loss: 0.8279, Entropy: 1.0983, Epsilon: 0.255
2026-03-29 10:20:05 | INFO | Episode  302 - Reward: -200.000, Length: 200, Loss: 0.7435, Entropy: 1.0983, Epsilon: 0.253
2026-03-29 10:20:08 | INFO | Episode  303 - Reward: -200.000, Length: 200, Loss: 0.6818, Entropy: 1.0983, Epsilon: 0.250
2026-03-29 10:20:11 | INFO | Episode  304 - Reward: -200.000, Length: 200, Loss: 0.8261, Entropy: 1.0984, Epsilon: 0.248
2026-03-29 10:20:13 | INFO | Episode  305 - Reward: -200.000, Length: 200, Loss: 0.7062, Entropy: 1.0984, Epsilon: 0.245
2026-03-29 10:20:16 | INFO | Episode  306 - Reward: -200.000, Length: 200, Loss: 0.8645, Entropy: 1.0984, Epsilon: 0.243
2026-03-29 10:20:18 | INFO | Episode  307 - Reward: -200.000, Length: 200, Loss: 0.7198, Entropy: 1.0985, Epsilon: 0.240
2026-03-29 10:20:21 | INFO | Episode  308 - Reward: -200.000, Length: 200, Loss: 0.6865, Entropy: 1.0985, Epsilon: 0.238
2026-03-29 10:20:23 | INFO | Episode  309 - Reward: -200.000, Length: 200, Loss: 0.8508, Entropy: 1.0985, Epsilon: 0.235
2026-03-29 10:20:26 | INFO | Episode  310 - Reward: -200.000, Length: 200, Loss: 0.7455, Entropy: 1.0985, Epsilon: 0.233
2026-03-29 10:20:28 | INFO | Episode  311 - Reward: -200.000, Length: 200, Loss: 0.8969, Entropy: 1.0985, Epsilon: 0.230
2026-03-29 10:20:30 | INFO | Episode  312 - Reward: -200.000, Length: 200, Loss: 0.7560, Entropy: 1.0984, Epsilon: 0.228
2026-03-29 10:20:33 | INFO | Episode  313 - Reward: -200.000, Length: 200, Loss: 0.6353, Entropy: 1.0984, Epsilon: 0.225
2026-03-29 10:20:35 | INFO | Episode  314 - Reward: -200.000, Length: 200, Loss: 0.8569, Entropy: 1.0984, Epsilon: 0.223
2026-03-29 10:20:38 | INFO | Episode  315 - Reward: -200.000, Length: 200, Loss: 0.6843, Entropy: 1.0983, Epsilon: 0.220
2026-03-29 10:20:40 | INFO | Episode  316 - Reward: -200.000, Length: 200, Loss: 0.8319, Entropy: 1.0982, Epsilon: 0.218
2026-03-29 10:20:43 | INFO | Episode  317 - Reward: -200.000, Length: 200, Loss: 0.7038, Entropy: 1.0981, Epsilon: 0.215
2026-03-29 10:20:46 | INFO | Episode  318 - Reward: -200.000, Length: 200, Loss: 0.6623, Entropy: 1.0981, Epsilon: 0.213
2026-03-29 10:20:49 | INFO | Episode  319 - Reward: -200.000, Length: 200, Loss: 0.8635, Entropy: 1.0981, Epsilon: 0.210
2026-03-29 10:20:51 | INFO | Episode  320 - Reward: -200.000, Length: 200, Loss: 0.6723, Entropy: 1.0980, Epsilon: 0.208
2026-03-29 10:20:54 | INFO | Episode  321 - Reward: -200.000, Length: 200, Loss: 0.8620, Entropy: 1.0980, Epsilon: 0.206
2026-03-29 10:20:56 | INFO | Episode  322 - Reward: -200.000, Length: 200, Loss: 0.6468, Entropy: 1.0980, Epsilon: 0.203
2026-03-29 10:20:59 | INFO | Episode  323 - Reward: -200.000, Length: 200, Loss: 0.5038, Entropy: 1.0979, Epsilon: 0.201
2026-03-29 10:21:01 | INFO | Episode  324 - Reward: -200.000, Length: 200, Loss: 0.9632, Entropy: 1.0980, Epsilon: 0.198
2026-03-29 10:21:04 | INFO | Episode  325 - Reward: -200.000, Length: 200, Loss: 0.7199, Entropy: 1.0979, Epsilon: 0.196
2026-03-29 10:21:07 | INFO | Episode  326 - Reward: -200.000, Length: 200, Loss: 0.8828, Entropy: 1.0979, Epsilon: 0.193
2026-03-29 10:21:09 | INFO | Episode  327 - Reward: -200.000, Length: 200, Loss: 0.6715, Entropy: 1.0979, Epsilon: 0.191
2026-03-29 10:21:12 | INFO | Episode  328 - Reward: -200.000, Length: 200, Loss: 0.5683, Entropy: 1.0980, Epsilon: 0.188
2026-03-29 10:21:14 | INFO | Episode  329 - Reward: -200.000, Length: 200, Loss: 0.9182, Entropy: 1.0981, Epsilon: 0.186
2026-03-29 10:21:17 | INFO | Episode  330 - Reward: -200.000, Length: 200, Loss: 0.7151, Entropy: 1.0982, Epsilon: 0.183
2026-03-29 10:21:19 | INFO | Episode  331 - Reward: -200.000, Length: 200, Loss: 1.0254, Entropy: 1.0983, Epsilon: 0.181
2026-03-29 10:21:22 | INFO | Episode  332 - Reward: -200.000, Length: 200, Loss: 0.6109, Entropy: 1.0984, Epsilon: 0.178
2026-03-29 10:21:24 | INFO | Episode  333 - Reward: -200.000, Length: 200, Loss: 0.6662, Entropy: 1.0984, Epsilon: 0.176
2026-03-29 10:21:27 | INFO | Episode  334 - Reward: -200.000, Length: 200, Loss: 0.8397, Entropy: 1.0984, Epsilon: 0.173
2026-03-29 10:21:30 | INFO | Episode  335 - Reward: -200.000, Length: 200, Loss: 0.7018, Entropy: 1.0985, Epsilon: 0.171
2026-03-29 10:21:32 | INFO | Episode  336 - Reward: -200.000, Length: 200, Loss: 0.8318, Entropy: 1.0985, Epsilon: 0.168
2026-03-29 10:21:35 | INFO | Episode  337 - Reward: -200.000, Length: 200, Loss: 0.8291, Entropy: 1.0986, Epsilon: 0.166
2026-03-29 10:21:37 | INFO | Episode  338 - Reward: -200.000, Length: 200, Loss: 0.6329, Entropy: 1.0986, Epsilon: 0.163
2026-03-29 10:21:39 | INFO | Episode  339 - Reward: -200.000, Length: 200, Loss: 0.9908, Entropy: 1.0985, Epsilon: 0.161
2026-03-29 10:21:42 | INFO | Episode  340 - Reward: -200.000, Length: 200, Loss: 0.7116, Entropy: 1.0985, Epsilon: 0.158
2026-03-29 10:21:44 | INFO | Episode  341 - Reward: -200.000, Length: 200, Loss: 1.0156, Entropy: 1.0984, Epsilon: 0.156
2026-03-29 10:21:47 | INFO | Episode  342 - Reward: -200.000, Length: 200, Loss: 0.6338, Entropy: 1.0983, Epsilon: 0.154
2026-03-29 10:21:49 | INFO | Episode  343 - Reward: -200.000, Length: 200, Loss: 0.5570, Entropy: 1.0983, Epsilon: 0.151
2026-03-29 10:21:52 | INFO | Episode  344 - Reward: -200.000, Length: 200, Loss: 0.8126, Entropy: 1.0982, Epsilon: 0.149
2026-03-29 10:21:54 | INFO | Episode  345 - Reward: -200.000, Length: 200, Loss: 0.7638, Entropy: 1.0981, Epsilon: 0.146
2026-03-29 10:21:57 | INFO | Episode  346 - Reward: -200.000, Length: 200, Loss: 0.9669, Entropy: 1.0982, Epsilon: 0.144
2026-03-29 10:21:59 | INFO | Episode  347 - Reward: -200.000, Length: 200, Loss: 0.5106, Entropy: 1.0982, Epsilon: 0.141
2026-03-29 10:22:02 | INFO | Episode  348 - Reward: -200.000, Length: 200, Loss: 0.6694, Entropy: 1.0982, Epsilon: 0.139
2026-03-29 10:22:04 | INFO | Episode  349 - Reward: -200.000, Length: 200, Loss: 0.8974, Entropy: 1.0981, Epsilon: 0.136
2026-03-29 10:22:07 | INFO | Episode  350 - Reward: -200.000, Length: 200, Loss: 0.6388, Entropy: 1.0981, Epsilon: 0.134
2026-03-29 10:23:01 | INFO | [Episode  350] eps=0.134  avg_reward=-200.000  avg_length=200.00  avg_loss=  0.7595  avg_entropy=1.0981  eval_success=0.000
2026-03-29 10:23:04 | INFO | Episode  351 - Reward: -200.000, Length: 200, Loss: 0.8899, Entropy: 1.0981, Epsilon: 0.131
2026-03-29 10:23:07 | INFO | Episode  352 - Reward: -200.000, Length: 200, Loss: 0.9476, Entropy: 1.0980, Epsilon: 0.129
2026-03-29 10:23:09 | INFO | Episode  353 - Reward: -200.000, Length: 200, Loss: 0.5639, Entropy: 1.0980, Epsilon: 0.126
2026-03-29 10:23:12 | INFO | Episode  354 - Reward: -200.000, Length: 200, Loss: 1.0878, Entropy: 1.0979, Epsilon: 0.124
2026-03-29 10:23:14 | INFO | Episode  355 - Reward: -200.000, Length: 200, Loss: 0.4274, Entropy: 1.0978, Epsilon: 0.121
2026-03-29 10:23:17 | INFO | Episode  356 - Reward: -200.000, Length: 200, Loss: 1.0678, Entropy: 1.0979, Epsilon: 0.119
2026-03-29 10:23:20 | INFO | Episode  357 - Reward: -200.000, Length: 200, Loss: 0.7374, Entropy: 1.0976, Epsilon: 0.116
2026-03-29 10:23:22 | INFO | Episode  358 - Reward: -200.000, Length: 200, Loss: 0.6100, Entropy: 1.0975, Epsilon: 0.114
2026-03-29 10:23:25 | INFO | Episode  359 - Reward: -200.000, Length: 200, Loss: 1.0068, Entropy: 1.0975, Epsilon: 0.111
2026-03-29 10:23:27 | INFO | Episode  360 - Reward: -200.000, Length: 200, Loss: 0.7294, Entropy: 1.0973, Epsilon: 0.109
2026-03-29 10:23:30 | INFO | Episode  361 - Reward: -200.000, Length: 200, Loss: 1.1414, Entropy: 1.0973, Epsilon: 0.107
2026-03-29 10:23:32 | INFO | Episode  362 - Reward: -200.000, Length: 200, Loss: 0.5420, Entropy: 1.0974, Epsilon: 0.104
2026-03-29 10:23:35 | INFO | Episode  363 - Reward: -200.000, Length: 200, Loss: 0.6278, Entropy: 1.0975, Epsilon: 0.102
2026-03-29 10:23:37 | INFO | Episode  364 - Reward: -200.000, Length: 200, Loss: 1.4783, Entropy: 1.0975, Epsilon: 0.099
2026-03-29 10:23:40 | INFO | Episode  365 - Reward: -200.000, Length: 200, Loss: 0.6217, Entropy: 1.0977, Epsilon: 0.097
2026-03-29 10:23:42 | INFO | Episode  366 - Reward: -200.000, Length: 200, Loss: 0.7231, Entropy: 1.0977, Epsilon: 0.094
2026-03-29 10:23:44 | INFO | Episode  367 - Reward: -200.000, Length: 200, Loss: 0.9656, Entropy: 1.0979, Epsilon: 0.092
2026-03-29 10:23:47 | INFO | Episode  368 - Reward: -200.000, Length: 200, Loss: 0.7226, Entropy: 1.0982, Epsilon: 0.089
2026-03-29 10:23:50 | INFO | Episode  369 - Reward: -200.000, Length: 200, Loss: 1.3597, Entropy: 1.0984, Epsilon: 0.087
2026-03-29 10:23:52 | INFO | Episode  370 - Reward: -200.000, Length: 200, Loss: 0.9776, Entropy: 1.0985, Epsilon: 0.084
2026-03-29 10:23:55 | INFO | Episode  371 - Reward: -200.000, Length: 200, Loss: 1.5191, Entropy: 1.0985, Epsilon: 0.082
2026-03-29 10:23:57 | INFO | Episode  372 - Reward: -200.000, Length: 200, Loss: 0.7541, Entropy: 1.0985, Epsilon: 0.079
2026-03-29 10:24:00 | INFO | Episode  373 - Reward: -200.000, Length: 200, Loss: 0.4177, Entropy: 1.0986, Epsilon: 0.077
2026-03-29 10:24:02 | INFO | Episode  374 - Reward: -200.000, Length: 200, Loss: 1.4472, Entropy: 1.0985, Epsilon: 0.074
2026-03-29 10:24:05 | INFO | Episode  375 - Reward: -200.000, Length: 200, Loss: 0.7314, Entropy: 1.0985, Epsilon: 0.072
2026-03-29 10:24:07 | INFO | Episode  376 - Reward: -200.000, Length: 200, Loss: 0.9571, Entropy: 1.0985, Epsilon: 0.069
2026-03-29 10:24:10 | INFO | Episode  377 - Reward: -200.000, Length: 200, Loss: 1.5662, Entropy: 1.0985, Epsilon: 0.067
2026-03-29 10:24:13 | INFO | Episode  378 - Reward: -200.000, Length: 200, Loss: 0.8540, Entropy: 1.0985, Epsilon: 0.064
2026-03-29 10:24:15 | INFO | Episode  379 - Reward: -200.000, Length: 200, Loss: 0.7990, Entropy: 1.0984, Epsilon: 0.062
2026-03-29 10:24:19 | INFO | Episode  380 - Reward: -200.000, Length: 200, Loss: 0.1594, Entropy: 1.0983, Epsilon: 0.059
2026-03-29 10:24:21 | INFO | Episode  381 - Reward: -200.000, Length: 200, Loss: 1.0380, Entropy: 1.0981, Epsilon: 0.057
2026-03-29 10:24:24 | INFO | Episode  382 - Reward: -200.000, Length: 200, Loss: 0.9903, Entropy: 1.0982, Epsilon: 0.055
2026-03-29 10:24:26 | INFO | Episode  383 - Reward: -200.000, Length: 200, Loss: 1.6987, Entropy: 1.0980, Epsilon: 0.052
2026-03-29 10:24:29 | INFO | Episode  384 - Reward: -200.000, Length: 200, Loss: 1.0260, Entropy: 1.0981, Epsilon: 0.050
2026-03-29 10:24:32 | INFO | Episode  385 - Reward: -200.000, Length: 200, Loss: 1.5403, Entropy: 1.0978, Epsilon: 0.047
2026-03-29 10:24:34 | INFO | Episode  386 - Reward: -200.000, Length: 200, Loss: 1.4302, Entropy: 1.0978, Epsilon: 0.045
2026-03-29 10:24:37 | INFO | Episode  387 - Reward: -200.000, Length: 200, Loss: 0.3356, Entropy: 1.0981, Epsilon: 0.042
2026-03-29 10:24:39 | INFO | Episode  388 - Reward: -200.000, Length: 200, Loss: 1.0088, Entropy: 1.0983, Epsilon: 0.040
2026-03-29 10:24:42 | INFO | Episode  389 - Reward: -200.000, Length: 200, Loss: 1.7936, Entropy: 1.0984, Epsilon: 0.037
2026-03-29 10:24:44 | INFO | Episode  390 - Reward: -200.000, Length: 200, Loss: 1.1554, Entropy: 1.0983, Epsilon: 0.035
2026-03-29 10:24:47 | INFO | Episode  391 - Reward: -200.000, Length: 200, Loss: 2.4000, Entropy: 1.0982, Epsilon: 0.032
2026-03-29 10:24:49 | INFO | Episode  392 - Reward: -200.000, Length: 200, Loss: 1.9916, Entropy: 1.0983, Epsilon: 0.030
2026-03-29 10:24:52 | INFO | Episode  393 - Reward: -200.000, Length: 200, Loss: 1.0943, Entropy: 1.0985, Epsilon: 0.027
2026-03-29 10:24:54 | INFO | Episode  394 - Reward: -200.000, Length: 200, Loss: 2.9599, Entropy: 1.0984, Epsilon: 0.025
2026-03-29 10:24:57 | INFO | Episode  395 - Reward: -200.000, Length: 200, Loss: 1.3209, Entropy: 1.0986, Epsilon: 0.022
2026-03-29 10:25:00 | INFO | Episode  396 - Reward: -200.000, Length: 200, Loss: 2.2749, Entropy: 1.0985, Epsilon: 0.020
2026-03-29 10:25:02 | INFO | Episode  397 - Reward: -200.000, Length: 200, Loss: 0.7029, Entropy: 1.0986, Epsilon: 0.017
2026-03-29 10:25:05 | INFO | Episode  398 - Reward: -200.000, Length: 200, Loss: 1.6708, Entropy: 1.0986, Epsilon: 0.015
2026-03-29 10:25:07 | INFO | Episode  399 - Reward: -200.000, Length: 200, Loss: 1.8114, Entropy: 1.0984, Epsilon: 0.012
2026-03-29 10:25:10 | INFO | Episode  400 - Reward: -200.000, Length: 200, Loss: 0.4634, Entropy: 1.0983, Epsilon: 0.010
2026-03-29 10:26:06 | INFO | [Episode  400] eps=0.010  avg_reward=-200.000  avg_length=200.00  avg_loss=  1.1028  avg_entropy=1.0983  eval_success=0.000
2026-03-29 10:26:09 | INFO | Episode  401 - Reward: -200.000, Length: 200, Loss: 0.9804, Entropy: 1.0985, Epsilon: 0.010
2026-03-29 10:26:12 | INFO | Episode  402 - Reward: -200.000, Length: 200, Loss: 2.8262, Entropy: 1.0985, Epsilon: 0.010
2026-03-29 10:26:14 | INFO | Episode  403 - Reward: -200.000, Length: 200, Loss: 1.1728, Entropy: 1.0982, Epsilon: 0.010
2026-03-29 10:26:16 | INFO | Episode  404 - Reward: -200.000, Length: 200, Loss: 0.6640, Entropy: 1.0981, Epsilon: 0.010
2026-03-29 10:26:19 | INFO | Episode  405 - Reward: -200.000, Length: 200, Loss: 2.0360, Entropy: 1.0984, Epsilon: 0.010
2026-03-29 10:26:21 | INFO | Episode  406 - Reward: -200.000, Length: 200, Loss: 0.9830, Entropy: 1.0984, Epsilon: 0.010
2026-03-29 10:26:24 | INFO | Episode  407 - Reward: -200.000, Length: 200, Loss: 1.5199, Entropy: 1.0983, Epsilon: 0.010
2026-03-29 10:26:27 | INFO | Episode  408 - Reward: -200.000, Length: 200, Loss: 1.6344, Entropy: 1.0984, Epsilon: 0.010
2026-03-29 10:26:29 | INFO | Episode  409 - Reward: -200.000, Length: 200, Loss: 2.3615, Entropy: 1.0985, Epsilon: 0.010
2026-03-29 10:26:32 | INFO | Episode  410 - Reward: -200.000, Length: 200, Loss: 2.1128, Entropy: 1.0981, Epsilon: 0.010
2026-03-29 10:26:34 | INFO | Episode  411 - Reward: -200.000, Length: 200, Loss: 2.6939, Entropy: 1.0983, Epsilon: 0.010
2026-03-29 10:26:37 | INFO | Episode  412 - Reward: -200.000, Length: 200, Loss: 2.0479, Entropy: 1.0979, Epsilon: 0.010
2026-03-29 10:26:39 | INFO | Episode  413 - Reward: -200.000, Length: 200, Loss: 2.9526, Entropy: 1.0976, Epsilon: 0.010
2026-03-29 10:26:42 | INFO | Episode  414 - Reward: -200.000, Length: 200, Loss: 2.5409, Entropy: 1.0977, Epsilon: 0.010
2026-03-29 10:26:44 | INFO | Episode  415 - Reward: -200.000, Length: 200, Loss: 2.8626, Entropy: 1.0978, Epsilon: 0.010
2026-03-29 10:26:47 | INFO | Episode  416 - Reward: -200.000, Length: 200, Loss: 3.4854, Entropy: 1.0977, Epsilon: 0.010
2026-03-29 10:26:49 | INFO | Episode  417 - Reward: -200.000, Length: 200, Loss: 2.1349, Entropy: 1.0980, Epsilon: 0.010
2026-03-29 10:26:52 | INFO | Episode  418 - Reward: -200.000, Length: 200, Loss: 5.3189, Entropy: 1.0979, Epsilon: 0.010
2026-03-29 10:26:55 | INFO | Episode  419 - Reward: -200.000, Length: 200, Loss: 2.9885, Entropy: 1.0981, Epsilon: 0.010
2026-03-29 10:26:57 | INFO | Episode  420 - Reward: -200.000, Length: 200, Loss: 2.8577, Entropy: 1.0979, Epsilon: 0.010
2026-03-29 10:27:00 | INFO | Episode  421 - Reward: -200.000, Length: 200, Loss: 2.9699, Entropy: 1.0981, Epsilon: 0.010
2026-03-29 10:27:02 | INFO | Episode  422 - Reward: -200.000, Length: 200, Loss: 1.6304, Entropy: 1.0986, Epsilon: 0.010
2026-03-29 10:27:04 | INFO | Episode  423 - Reward: -200.000, Length: 200, Loss: 3.8683, Entropy: 1.0977, Epsilon: 0.010
2026-03-29 10:27:07 | INFO | Episode  424 - Reward: -200.000, Length: 200, Loss: 2.0009, Entropy: 1.0984, Epsilon: 0.010
2026-03-29 10:27:10 | INFO | Episode  425 - Reward: -200.000, Length: 200, Loss: 1.6382, Entropy: 1.0986, Epsilon: 0.010
2026-03-29 10:27:12 | INFO | Episode  426 - Reward: -200.000, Length: 200, Loss: 5.3847, Entropy: 1.0984, Epsilon: 0.010
2026-03-29 10:27:15 | INFO | Episode  427 - Reward: -200.000, Length: 200, Loss: 3.1895, Entropy: 1.0982, Epsilon: 0.010
2026-03-29 10:27:17 | INFO | Episode  428 - Reward: -200.000, Length: 200, Loss: 3.7087, Entropy: 1.0969, Epsilon: 0.010
2026-03-29 10:27:20 | INFO | Episode  429 - Reward: -200.000, Length: 200, Loss: 4.4414, Entropy: 1.0976, Epsilon: 0.010
2026-03-29 10:27:22 | INFO | Episode  430 - Reward: -200.000, Length: 200, Loss: 1.1824, Entropy: 1.0985, Epsilon: 0.010
2026-03-29 10:27:25 | INFO | Episode  431 - Reward: -200.000, Length: 200, Loss: 4.4944, Entropy: 1.0983, Epsilon: 0.010
2026-03-29 10:27:28 | INFO | Episode  432 - Reward: -200.000, Length: 200, Loss: 4.0177, Entropy: 1.0966, Epsilon: 0.010
2026-03-29 10:27:30 | INFO | Episode  433 - Reward: -200.000, Length: 200, Loss: 2.1321, Entropy: 1.0971, Epsilon: 0.010
2026-03-29 10:27:33 | INFO | Episode  434 - Reward: -200.000, Length: 200, Loss: 4.2473, Entropy: 1.0967, Epsilon: 0.010
2026-03-29 10:27:35 | INFO | Episode  435 - Reward: -200.000, Length: 200, Loss: 1.6292, Entropy: 1.0976, Epsilon: 0.010
2026-03-29 10:27:38 | INFO | Episode  436 - Reward: -200.000, Length: 200, Loss: 3.1073, Entropy: 1.0972, Epsilon: 0.010
2026-03-29 10:27:40 | INFO | Episode  437 - Reward: -200.000, Length: 200, Loss: 1.1186, Entropy: 1.0971, Epsilon: 0.010
2026-03-29 10:27:43 | INFO | Episode  438 - Reward: -200.000, Length: 200, Loss: 5.2936, Entropy: 1.0960, Epsilon: 0.010
2026-03-29 10:27:45 | INFO | Episode  439 - Reward: -200.000, Length: 200, Loss: 5.6196, Entropy: 1.0966, Epsilon: 0.010
2026-03-29 10:27:48 | INFO | Episode  440 - Reward: -200.000, Length: 200, Loss: 5.2835, Entropy: 1.0983, Epsilon: 0.010
2026-03-29 10:27:50 | INFO | Episode  441 - Reward: -200.000, Length: 200, Loss: 3.0733, Entropy: 1.0966, Epsilon: 0.010
2026-03-29 10:27:53 | INFO | Episode  442 - Reward: -200.000, Length: 200, Loss: 5.7842, Entropy: 1.0971, Epsilon: 0.010
2026-03-29 10:27:55 | INFO | Episode  443 - Reward: -200.000, Length: 200, Loss: 5.4612, Entropy: 1.0983, Epsilon: 0.010
2026-03-29 10:27:58 | INFO | Episode  444 - Reward: -200.000, Length: 200, Loss: 3.8623, Entropy: 1.0974, Epsilon: 0.010
2026-03-29 10:28:00 | INFO | Episode  445 - Reward: -200.000, Length: 200, Loss: 7.7391, Entropy: 1.0974, Epsilon: 0.010
2026-03-29 10:28:02 | INFO | Episode  446 - Reward: -200.000, Length: 200, Loss: 2.8405, Entropy: 1.0958, Epsilon: 0.010
2026-03-29 10:28:05 | INFO | Episode  447 - Reward: -200.000, Length: 200, Loss: 4.3490, Entropy: 1.0979, Epsilon: 0.010
2026-03-29 10:28:08 | INFO | Episode  448 - Reward: -200.000, Length: 200, Loss: 5.6029, Entropy: 1.0982, Epsilon: 0.010
2026-03-29 10:28:10 | INFO | Episode  449 - Reward: -200.000, Length: 200, Loss: 2.6480, Entropy: 1.0983, Epsilon: 0.010
2026-03-29 10:28:13 | INFO | Episode  450 - Reward: -200.000, Length: 200, Loss: 4.0292, Entropy: 1.0985, Epsilon: 0.010
2026-03-29 10:29:09 | INFO | [Episode  450] eps=0.010  avg_reward=-200.000  avg_length=200.00  avg_loss=  3.1704  avg_entropy=1.0985  eval_success=0.000
2026-03-29 10:29:11 | INFO | Episode  451 - Reward: -200.000, Length: 200, Loss: 7.0339, Entropy: 1.0967, Epsilon: 0.010
2026-03-29 10:29:15 | INFO | Episode  452 - Reward: -200.000, Length: 200, Loss: 3.0801, Entropy: 1.0985, Epsilon: 0.010
2026-03-29 10:29:17 | INFO | Episode  453 - Reward: -200.000, Length: 200, Loss: 3.7927, Entropy: 1.0983, Epsilon: 0.010
2026-03-29 10:29:20 | INFO | Episode  454 - Reward: -200.000, Length: 200, Loss: 8.6107, Entropy: 1.0968, Epsilon: 0.010
2026-03-29 10:29:22 | INFO | Episode  455 - Reward: -200.000, Length: 200, Loss: 9.6769, Entropy: 1.0963, Epsilon: 0.010
2026-03-29 10:29:25 | INFO | Episode  456 - Reward: -200.000, Length: 200, Loss: 2.6779, Entropy: 1.0975, Epsilon: 0.010
2026-03-29 10:29:27 | INFO | Episode  457 - Reward: -200.000, Length: 200, Loss: 4.9530, Entropy: 1.0978, Epsilon: 0.010
2026-03-29 10:29:30 | INFO | Episode  458 - Reward: -200.000, Length: 200, Loss: 2.8806, Entropy: 1.0979, Epsilon: 0.010
2026-03-29 10:29:32 | INFO | Episode  459 - Reward: -200.000, Length: 200, Loss: 0.8338, Entropy: 1.0979, Epsilon: 0.010
2026-03-29 10:29:35 | INFO | Episode  460 - Reward: -200.000, Length: 200, Loss: 1.9960, Entropy: 1.0985, Epsilon: 0.010
2026-03-29 10:29:37 | INFO | Episode  461 - Reward: -200.000, Length: 200, Loss: 1.8721, Entropy: 1.0980, Epsilon: 0.010
2026-03-29 10:29:39 | INFO | Episode  462 - Reward: -200.000, Length: 200, Loss: 4.3347, Entropy: 1.0984, Epsilon: 0.010
2026-03-29 10:29:42 | INFO | Episode  463 - Reward: -200.000, Length: 200, Loss: 4.0932, Entropy: 1.0981, Epsilon: 0.010
2026-03-29 10:29:44 | INFO | Episode  464 - Reward: -200.000, Length: 200, Loss: 5.0629, Entropy: 1.0979, Epsilon: 0.010
2026-03-29 10:29:47 | INFO | Episode  465 - Reward: -200.000, Length: 200, Loss: 5.6167, Entropy: 1.0982, Epsilon: 0.010
2026-03-29 10:29:49 | INFO | Episode  466 - Reward: -200.000, Length: 200, Loss: 6.4096, Entropy: 1.0968, Epsilon: 0.010
2026-03-29 10:29:51 | INFO | Episode  467 - Reward: -200.000, Length: 200, Loss: 4.4856, Entropy: 1.0975, Epsilon: 0.010
2026-03-29 10:29:54 | INFO | Episode  468 - Reward: -200.000, Length: 200, Loss: 9.1829, Entropy: 1.0924, Epsilon: 0.010
2026-03-29 10:29:56 | INFO | Episode  469 - Reward: -200.000, Length: 200, Loss: 7.1352, Entropy: 1.0954, Epsilon: 0.010
2026-03-29 10:29:59 | INFO | Episode  470 - Reward: -200.000, Length: 200, Loss: 7.5185, Entropy: 1.0970, Epsilon: 0.010
2026-03-29 10:30:01 | INFO | Episode  471 - Reward: -200.000, Length: 200, Loss: 9.3344, Entropy: 1.0980, Epsilon: 0.010
2026-03-29 10:30:04 | INFO | Episode  472 - Reward: -200.000, Length: 200, Loss: 6.6105, Entropy: 1.0966, Epsilon: 0.010
2026-03-29 10:30:06 | INFO | Episode  473 - Reward: -200.000, Length: 200, Loss: 9.6860, Entropy: 1.0945, Epsilon: 0.010
2026-03-29 10:30:09 | INFO | Episode  474 - Reward: -200.000, Length: 200, Loss: 4.6079, Entropy: 1.0962, Epsilon: 0.010
2026-03-29 10:30:12 | INFO | Episode  475 - Reward: -200.000, Length: 200, Loss: 3.6162, Entropy: 1.0984, Epsilon: 0.010
2026-03-29 10:30:14 | INFO | Episode  476 - Reward: -200.000, Length: 200, Loss: 5.0349, Entropy: 1.0978, Epsilon: 0.010
2026-03-29 10:30:17 | INFO | Episode  477 - Reward: -200.000, Length: 200, Loss: 5.2660, Entropy: 1.0962, Epsilon: 0.010
2026-03-29 10:30:19 | INFO | Episode  478 - Reward: -200.000, Length: 200, Loss: 5.1722, Entropy: 1.0941, Epsilon: 0.010
2026-03-29 10:30:22 | INFO | Episode  479 - Reward: -200.000, Length: 200, Loss: 9.6109, Entropy: 1.0941, Epsilon: 0.010
2026-03-29 10:30:25 | INFO | Episode  480 - Reward: -200.000, Length: 200, Loss: 14.1482, Entropy: 1.0935, Epsilon: 0.010
2026-03-29 10:30:27 | INFO | Episode  481 - Reward: -200.000, Length: 200, Loss: 7.8686, Entropy: 1.0902, Epsilon: 0.010
2026-03-29 10:30:30 | INFO | Episode  482 - Reward: -200.000, Length: 200, Loss: 1.6692, Entropy: 1.0933, Epsilon: 0.010
2026-03-29 10:30:32 | INFO | Episode  483 - Reward: -200.000, Length: 200, Loss: 8.5493, Entropy: 1.0950, Epsilon: 0.010
2026-03-29 10:30:35 | INFO | Episode  484 - Reward: -200.000, Length: 200, Loss: 7.7856, Entropy: 1.0976, Epsilon: 0.010
2026-03-29 10:30:38 | INFO | Episode  485 - Reward: -200.000, Length: 200, Loss: 5.7915, Entropy: 1.0974, Epsilon: 0.010
2026-03-29 10:30:40 | INFO | Episode  486 - Reward: -200.000, Length: 200, Loss: 8.0263, Entropy: 1.0982, Epsilon: 0.010
2026-03-29 10:30:43 | INFO | Episode  487 - Reward: -200.000, Length: 200, Loss: 6.4488, Entropy: 1.0970, Epsilon: 0.010
2026-03-29 10:30:45 | INFO | Episode  488 - Reward: -200.000, Length: 200, Loss: 7.4797, Entropy: 1.0971, Epsilon: 0.010
2026-03-29 10:30:48 | INFO | Episode  489 - Reward: -200.000, Length: 200, Loss: 8.7218, Entropy: 1.0954, Epsilon: 0.010
2026-03-29 10:30:50 | INFO | Episode  490 - Reward: -200.000, Length: 200, Loss: 2.5871, Entropy: 1.0957, Epsilon: 0.010
2026-03-29 10:30:53 | INFO | Episode  491 - Reward: -200.000, Length: 200, Loss: 3.6938, Entropy: 1.0942, Epsilon: 0.010
2026-03-29 10:30:55 | INFO | Episode  492 - Reward: -200.000, Length: 200, Loss: 6.1307, Entropy: 1.0948, Epsilon: 0.010
2026-03-29 10:30:58 | INFO | Episode  493 - Reward: -200.000, Length: 200, Loss: 2.8825, Entropy: 1.0980, Epsilon: 0.010
2026-03-29 10:31:00 | INFO | Episode  494 - Reward: -200.000, Length: 200, Loss: 9.0948, Entropy: 1.0974, Epsilon: 0.010
2026-03-29 10:31:03 | INFO | Episode  495 - Reward: -200.000, Length: 200, Loss: 6.7315, Entropy: 1.0953, Epsilon: 0.010
2026-03-29 10:31:06 | INFO | Episode  496 - Reward: -200.000, Length: 200, Loss: 5.4784, Entropy: 1.0958, Epsilon: 0.010
2026-03-29 10:31:08 | INFO | Episode  497 - Reward: -200.000, Length: 200, Loss: 10.6333, Entropy: 1.0963, Epsilon: 0.010
2026-03-29 10:31:11 | INFO | Episode  498 - Reward: -200.000, Length: 200, Loss: 7.5326, Entropy: 1.0950, Epsilon: 0.010
2026-03-29 10:31:13 | INFO | Episode  499 - Reward: -200.000, Length: 200, Loss: 8.1503, Entropy: 1.0874, Epsilon: 0.010
2026-03-29 10:31:16 | INFO | Episode  500 - Reward: -200.000, Length: 200, Loss: 7.9066, Entropy: 1.0979, Epsilon: 0.010
2026-03-29 10:32:12 | INFO | [Episode  500] eps=0.010  avg_reward=-200.000  avg_length=200.00  avg_loss=  6.1499  avg_entropy=1.0979  eval_success=0.000
2026-03-29 10:32:12 | INFO | DQN+Entropy training: 30m 33.57s
2026-03-29 10:35:58 | INFO | [Final Eval] success=0.000, mean_reward=-200.000
