2026-03-29 16:37:59 | INFO | ============================================================
2026-03-29 16:37:59 | INFO | DEVICE / COMPUTE INFORMATION
2026-03-29 16:37:59 | INFO |   JAX backend       : CPU
2026-03-29 16:37:59 | INFO |   Platform          : cpu
2026-03-29 16:37:59 | INFO |   Num devices       : 1
2026-03-29 16:37:59 | INFO |   Device            : TFRT_CPU_0
2026-03-29 16:37:59 | INFO | ============================================================
2026-03-29 16:37:59 | INFO | DQN+Entropy | seed=9, lr=0.001, gamma=0.99, alpha=0.01
2026-03-29 16:37:59 | INFO | Env: cartpole/dense, obs_dim=4, num_actions=2
2026-03-29 16:38:00 | INFO | Episode    1 - Reward: 10.000, Length: 10, Loss: 0.0000, Entropy: 0.0000, Epsilon: 0.998
2026-03-29 16:38:01 | INFO | Episode    2 - Reward: 13.000, Length: 13, Loss: 0.0000, Entropy: 0.0000, Epsilon: 0.995
2026-03-29 16:38:01 | INFO | Episode    3 - Reward: 19.000, Length: 19, Loss: 0.0000, Entropy: 0.0000, Epsilon: 0.993
2026-03-29 16:38:02 | INFO | Episode    4 - Reward: 22.000, Length: 22, Loss: 0.0000, Entropy: 0.0000, Epsilon: 0.990
2026-03-29 16:38:02 | INFO | Episode    5 - Reward: 16.000, Length: 16, Loss: 0.0000, Entropy: 0.0000, Epsilon: 0.988
2026-03-29 16:38:03 | INFO | Episode    6 - Reward: 44.000, Length: 44, Loss: 0.0000, Entropy: 0.0000, Epsilon: 0.985
2026-03-29 16:38:03 | INFO | Episode    7 - Reward: 10.000, Length: 10, Loss: 0.0000, Entropy: 0.0000, Epsilon: 0.983
2026-03-29 16:38:04 | INFO | Episode    8 - Reward: 19.000, Length: 19, Loss: 0.0000, Entropy: 0.0000, Epsilon: 0.980
2026-03-29 16:38:04 | INFO | Episode    9 - Reward: 20.000, Length: 20, Loss: 0.0000, Entropy: 0.0000, Epsilon: 0.978
2026-03-29 16:38:04 | INFO | Episode   10 - Reward: 16.000, Length: 16, Loss: 0.0000, Entropy: 0.0000, Epsilon: 0.975
2026-03-29 16:38:05 | INFO | Episode   11 - Reward: 23.000, Length: 23, Loss: 0.0000, Entropy: 0.0000, Epsilon: 0.973
2026-03-29 16:38:05 | INFO | Episode   12 - Reward: 20.000, Length: 20, Loss: 0.0000, Entropy: 0.0000, Epsilon: 0.970
2026-03-29 16:38:06 | INFO | Episode   13 - Reward: 13.000, Length: 13, Loss: 0.0000, Entropy: 0.0000, Epsilon: 0.968
2026-03-29 16:38:07 | INFO | Episode   14 - Reward: 46.000, Length: 46, Loss: 1.0024, Entropy: 0.6931, Epsilon: 0.965
2026-03-29 16:38:08 | INFO | Episode   15 - Reward: 18.000, Length: 18, Loss: 0.9873, Entropy: 0.6931, Epsilon: 0.963
2026-03-29 16:38:08 | INFO | Episode   16 - Reward: 12.000, Length: 12, Loss: 0.9770, Entropy: 0.6931, Epsilon: 0.960
2026-03-29 16:38:08 | INFO | Episode   17 - Reward: 23.000, Length: 23, Loss: 0.9636, Entropy: 0.6931, Epsilon: 0.958
2026-03-29 16:38:09 | INFO | Episode   18 - Reward: 25.000, Length: 25, Loss: 0.9521, Entropy: 0.6931, Epsilon: 0.955
2026-03-29 16:38:09 | INFO | Episode   19 - Reward: 18.000, Length: 18, Loss: 0.9356, Entropy: 0.6931, Epsilon: 0.953
2026-03-29 16:38:10 | INFO | Episode   20 - Reward: 18.000, Length: 18, Loss: 0.9250, Entropy: 0.6931, Epsilon: 0.951
2026-03-29 16:38:10 | INFO | Episode   21 - Reward: 26.000, Length: 26, Loss: 0.9117, Entropy: 0.6931, Epsilon: 0.948
2026-03-29 16:38:11 | INFO | Episode   22 - Reward: 19.000, Length: 19, Loss: 0.9008, Entropy: 0.6931, Epsilon: 0.946
2026-03-29 16:38:11 | INFO | Episode   23 - Reward: 12.000, Length: 12, Loss: 0.8888, Entropy: 0.6931, Epsilon: 0.943
2026-03-29 16:38:12 | INFO | Episode   24 - Reward: 11.000, Length: 11, Loss: 0.8773, Entropy: 0.6931, Epsilon: 0.941
2026-03-29 16:38:12 | INFO | Episode   25 - Reward: 23.000, Length: 23, Loss: 0.8646, Entropy: 0.6931, Epsilon: 0.938
2026-03-29 16:38:13 | INFO | Episode   26 - Reward: 16.000, Length: 16, Loss: 0.8557, Entropy: 0.6931, Epsilon: 0.936
2026-03-29 16:38:13 | INFO | Episode   27 - Reward: 34.000, Length: 34, Loss: 0.9944, Entropy: 0.6931, Epsilon: 0.933
2026-03-29 16:38:14 | INFO | Episode   28 - Reward: 41.000, Length: 41, Loss: 0.9859, Entropy: 0.6931, Epsilon: 0.931
2026-03-29 16:38:14 | INFO | Episode   29 - Reward: 45.000, Length: 45, Loss: 0.9716, Entropy: 0.6931, Epsilon: 0.928
2026-03-29 16:38:15 | INFO | Episode   30 - Reward: 31.000, Length: 31, Loss: 0.9575, Entropy: 0.6931, Epsilon: 0.926
2026-03-29 16:38:15 | INFO | Episode   31 - Reward: 20.000, Length: 20, Loss: 0.9458, Entropy: 0.6931, Epsilon: 0.923
2026-03-29 16:38:16 | INFO | Episode   32 - Reward: 11.000, Length: 11, Loss: 0.9315, Entropy: 0.6931, Epsilon: 0.921
2026-03-29 16:38:16 | INFO | Episode   33 - Reward: 19.000, Length: 19, Loss: 0.9213, Entropy: 0.6931, Epsilon: 0.918
2026-03-29 16:38:17 | INFO | Episode   34 - Reward: 40.000, Length: 40, Loss: 0.9081, Entropy: 0.6930, Epsilon: 0.916
2026-03-29 16:38:17 | INFO | Episode   35 - Reward: 24.000, Length: 24, Loss: 0.8938, Entropy: 0.6930, Epsilon: 0.913
2026-03-29 16:38:18 | INFO | Episode   36 - Reward: 16.000, Length: 16, Loss: 0.8833, Entropy: 0.6930, Epsilon: 0.911
2026-03-29 16:38:18 | INFO | Episode   37 - Reward: 29.000, Length: 29, Loss: 0.8757, Entropy: 0.6930, Epsilon: 0.908
2026-03-29 16:38:19 | INFO | Episode   38 - Reward: 33.000, Length: 33, Loss: 0.8655, Entropy: 0.6930, Epsilon: 0.906
2026-03-29 16:38:19 | INFO | Episode   39 - Reward: 14.000, Length: 14, Loss: 0.8478, Entropy: 0.6930, Epsilon: 0.903
2026-03-29 16:38:20 | INFO | Episode   40 - Reward: 14.000, Length: 14, Loss: 0.8408, Entropy: 0.6930, Epsilon: 0.901
2026-03-29 16:38:20 | INFO | Episode   41 - Reward: 24.000, Length: 24, Loss: 0.8287, Entropy: 0.6930, Epsilon: 0.899
2026-03-29 16:38:21 | INFO | Episode   42 - Reward: 14.000, Length: 14, Loss: 0.8151, Entropy: 0.6930, Epsilon: 0.896
2026-03-29 16:38:21 | INFO | Episode   43 - Reward: 27.000, Length: 27, Loss: 0.8066, Entropy: 0.6930, Epsilon: 0.894
2026-03-29 16:38:22 | INFO | Episode   44 - Reward: 40.000, Length: 40, Loss: 0.7954, Entropy: 0.6930, Epsilon: 0.891
2026-03-29 16:38:22 | INFO | Episode   45 - Reward: 17.000, Length: 17, Loss: 0.7835, Entropy: 0.6930, Epsilon: 0.889
2026-03-29 16:38:23 | INFO | Episode   46 - Reward: 11.000, Length: 11, Loss: 0.9921, Entropy: 0.6930, Epsilon: 0.886
2026-03-29 16:38:23 | INFO | Episode   47 - Reward: 15.000, Length: 15, Loss: 0.9835, Entropy: 0.6930, Epsilon: 0.884
2026-03-29 16:38:24 | INFO | Episode   48 - Reward: 14.000, Length: 14, Loss: 0.9673, Entropy: 0.6929, Epsilon: 0.881
2026-03-29 16:38:24 | INFO | Episode   49 - Reward: 12.000, Length: 12, Loss: 0.9579, Entropy: 0.6929, Epsilon: 0.879
2026-03-29 16:38:25 | INFO | Episode   50 - Reward: 52.000, Length: 52, Loss: 0.9497, Entropy: 0.6929, Epsilon: 0.876
2026-03-29 16:38:26 | INFO | [Episode   50] eps=0.876  avg_reward=  22.180  avg_length= 22.18  avg_loss=  0.6749  avg_entropy=0.6929  eval_success=0.000
2026-03-29 16:38:26 | INFO | Episode   51 - Reward: 13.000, Length: 13, Loss: 0.9315, Entropy: 0.6929, Epsilon: 0.874
2026-03-29 16:38:27 | INFO | Episode   52 - Reward: 20.000, Length: 20, Loss: 0.9090, Entropy: 0.6929, Epsilon: 0.871
2026-03-29 16:38:27 | INFO | Episode   53 - Reward: 32.000, Length: 32, Loss: 0.9022, Entropy: 0.6929, Epsilon: 0.869
2026-03-29 16:38:28 | INFO | Episode   54 - Reward: 15.000, Length: 15, Loss: 0.8930, Entropy: 0.6929, Epsilon: 0.866
2026-03-29 16:38:28 | INFO | Episode   55 - Reward: 12.000, Length: 12, Loss: 0.8819, Entropy: 0.6929, Epsilon: 0.864
2026-03-29 16:38:28 | INFO | Episode   56 - Reward: 17.000, Length: 17, Loss: 0.8729, Entropy: 0.6928, Epsilon: 0.861
2026-03-29 16:38:29 | INFO | Episode   57 - Reward: 10.000, Length: 10, Loss: 0.8621, Entropy: 0.6928, Epsilon: 0.859
2026-03-29 16:38:29 | INFO | Episode   58 - Reward: 14.000, Length: 14, Loss: 0.8441, Entropy: 0.6928, Epsilon: 0.856
2026-03-29 16:38:30 | INFO | Episode   59 - Reward: 23.000, Length: 23, Loss: 0.8360, Entropy: 0.6928, Epsilon: 0.854
2026-03-29 16:38:30 | INFO | Episode   60 - Reward: 16.000, Length: 16, Loss: 0.8175, Entropy: 0.6928, Epsilon: 0.852
2026-03-29 16:38:31 | INFO | Episode   61 - Reward: 59.000, Length: 59, Loss: 0.8088, Entropy: 0.6928, Epsilon: 0.849
2026-03-29 16:38:31 | INFO | Episode   62 - Reward: 15.000, Length: 15, Loss: 0.7979, Entropy: 0.6928, Epsilon: 0.847
2026-03-29 16:38:32 | INFO | Episode   63 - Reward: 15.000, Length: 15, Loss: 0.7861, Entropy: 0.6928, Epsilon: 0.844
2026-03-29 16:38:32 | INFO | Episode   64 - Reward: 39.000, Length: 39, Loss: 0.7751, Entropy: 0.6927, Epsilon: 0.842
2026-03-29 16:38:33 | INFO | Episode   65 - Reward: 21.000, Length: 21, Loss: 0.7608, Entropy: 0.6928, Epsilon: 0.839
2026-03-29 16:38:33 | INFO | Episode   66 - Reward: 9.000, Length: 9, Loss: 0.7503, Entropy: 0.6927, Epsilon: 0.837
2026-03-29 16:38:34 | INFO | Episode   67 - Reward: 13.000, Length: 13, Loss: 0.7426, Entropy: 0.6927, Epsilon: 0.834
2026-03-29 16:38:34 | INFO | Episode   68 - Reward: 22.000, Length: 22, Loss: 0.7314, Entropy: 0.6927, Epsilon: 0.832
2026-03-29 16:38:34 | INFO | Episode   69 - Reward: 10.000, Length: 10, Loss: 0.7220, Entropy: 0.6927, Epsilon: 0.829
2026-03-29 16:38:35 | INFO | Episode   70 - Reward: 33.000, Length: 33, Loss: 0.7081, Entropy: 0.6927, Epsilon: 0.827
2026-03-29 16:38:35 | INFO | Episode   71 - Reward: 11.000, Length: 11, Loss: 1.0038, Entropy: 0.6927, Epsilon: 0.824
2026-03-29 16:38:36 | INFO | Episode   72 - Reward: 25.000, Length: 25, Loss: 0.9973, Entropy: 0.6926, Epsilon: 0.822
2026-03-29 16:38:36 | INFO | Episode   73 - Reward: 18.000, Length: 18, Loss: 0.9694, Entropy: 0.6926, Epsilon: 0.819
2026-03-29 16:38:37 | INFO | Episode   74 - Reward: 17.000, Length: 17, Loss: 0.9702, Entropy: 0.6926, Epsilon: 0.817
2026-03-29 16:38:37 | INFO | Episode   75 - Reward: 32.000, Length: 32, Loss: 0.9496, Entropy: 0.6926, Epsilon: 0.814
2026-03-29 16:38:38 | INFO | Episode   76 - Reward: 14.000, Length: 14, Loss: 0.9314, Entropy: 0.6926, Epsilon: 0.812
2026-03-29 16:38:38 | INFO | Episode   77 - Reward: 19.000, Length: 19, Loss: 0.9196, Entropy: 0.6925, Epsilon: 0.809
2026-03-29 16:38:39 | INFO | Episode   78 - Reward: 19.000, Length: 19, Loss: 0.9150, Entropy: 0.6925, Epsilon: 0.807
2026-03-29 16:38:39 | INFO | Episode   79 - Reward: 13.000, Length: 13, Loss: 0.8973, Entropy: 0.6925, Epsilon: 0.804
2026-03-29 16:38:39 | INFO | Episode   80 - Reward: 18.000, Length: 18, Loss: 0.8815, Entropy: 0.6925, Epsilon: 0.802
2026-03-29 16:38:40 | INFO | Episode   81 - Reward: 10.000, Length: 10, Loss: 0.8659, Entropy: 0.6924, Epsilon: 0.800
2026-03-29 16:38:40 | INFO | Episode   82 - Reward: 11.000, Length: 11, Loss: 0.8516, Entropy: 0.6924, Epsilon: 0.797
2026-03-29 16:38:41 | INFO | Episode   83 - Reward: 10.000, Length: 10, Loss: 0.8389, Entropy: 0.6924, Epsilon: 0.795
2026-03-29 16:38:41 | INFO | Episode   84 - Reward: 12.000, Length: 12, Loss: 0.8294, Entropy: 0.6923, Epsilon: 0.792
2026-03-29 16:38:42 | INFO | Episode   85 - Reward: 15.000, Length: 15, Loss: 0.8148, Entropy: 0.6923, Epsilon: 0.790
2026-03-29 16:38:42 | INFO | Episode   86 - Reward: 23.000, Length: 23, Loss: 0.7962, Entropy: 0.6923, Epsilon: 0.787
2026-03-29 16:38:43 | INFO | Episode   87 - Reward: 16.000, Length: 16, Loss: 0.7901, Entropy: 0.6923, Epsilon: 0.785
2026-03-29 16:38:43 | INFO | Episode   88 - Reward: 16.000, Length: 16, Loss: 0.7756, Entropy: 0.6922, Epsilon: 0.782
2026-03-29 16:38:44 | INFO | Episode   89 - Reward: 15.000, Length: 15, Loss: 0.7522, Entropy: 0.6922, Epsilon: 0.780
2026-03-29 16:38:44 | INFO | Episode   90 - Reward: 15.000, Length: 15, Loss: 0.7506, Entropy: 0.6922, Epsilon: 0.777
2026-03-29 16:38:44 | INFO | Episode   91 - Reward: 17.000, Length: 17, Loss: 0.7290, Entropy: 0.6922, Epsilon: 0.775
2026-03-29 16:38:45 | INFO | Episode   92 - Reward: 20.000, Length: 20, Loss: 0.7234, Entropy: 0.6921, Epsilon: 0.772
2026-03-29 16:38:45 | INFO | Episode   93 - Reward: 10.000, Length: 10, Loss: 0.7046, Entropy: 0.6921, Epsilon: 0.770
2026-03-29 16:38:46 | INFO | Episode   94 - Reward: 12.000, Length: 12, Loss: 0.6916, Entropy: 0.6921, Epsilon: 0.767
2026-03-29 16:38:46 | INFO | Episode   95 - Reward: 17.000, Length: 17, Loss: 0.6900, Entropy: 0.6920, Epsilon: 0.765
2026-03-29 16:38:47 | INFO | Episode   96 - Reward: 22.000, Length: 22, Loss: 0.6667, Entropy: 0.6920, Epsilon: 0.762
2026-03-29 16:38:47 | INFO | Episode   97 - Reward: 10.000, Length: 10, Loss: 0.6667, Entropy: 0.6920, Epsilon: 0.760
2026-03-29 16:38:48 | INFO | Episode   98 - Reward: 19.000, Length: 19, Loss: 0.6459, Entropy: 0.6919, Epsilon: 0.757
2026-03-29 16:38:48 | INFO | Episode   99 - Reward: 18.000, Length: 18, Loss: 0.6378, Entropy: 0.6919, Epsilon: 0.755
2026-03-29 16:38:49 | INFO | Episode  100 - Reward: 12.000, Length: 12, Loss: 0.6280, Entropy: 0.6918, Epsilon: 0.752
2026-03-29 16:38:49 | INFO | [Episode  100] eps=0.752  avg_reward=  17.880  avg_length= 17.88  avg_loss=  0.8123  avg_entropy=0.6918  eval_success=0.000
2026-03-29 16:38:50 | INFO | Episode  101 - Reward: 19.000, Length: 19, Loss: 1.0211, Entropy: 0.6918, Epsilon: 0.750
2026-03-29 16:38:50 | INFO | Episode  102 - Reward: 20.000, Length: 20, Loss: 1.0066, Entropy: 0.6917, Epsilon: 0.748
2026-03-29 16:38:50 | INFO | Episode  103 - Reward: 9.000, Length: 9, Loss: 0.9916, Entropy: 0.6917, Epsilon: 0.745
2026-03-29 16:38:51 | INFO | Episode  104 - Reward: 12.000, Length: 12, Loss: 0.9666, Entropy: 0.6916, Epsilon: 0.743
2026-03-29 16:38:51 | INFO | Episode  105 - Reward: 13.000, Length: 13, Loss: 0.9651, Entropy: 0.6916, Epsilon: 0.740
2026-03-29 16:38:52 | INFO | Episode  106 - Reward: 16.000, Length: 16, Loss: 0.9392, Entropy: 0.6915, Epsilon: 0.738
2026-03-29 16:38:52 | INFO | Episode  107 - Reward: 60.000, Length: 60, Loss: 0.9234, Entropy: 0.6915, Epsilon: 0.735
2026-03-29 16:38:53 | INFO | Episode  108 - Reward: 21.000, Length: 21, Loss: 0.8940, Entropy: 0.6914, Epsilon: 0.733
2026-03-29 16:38:53 | INFO | Episode  109 - Reward: 13.000, Length: 13, Loss: 0.8772, Entropy: 0.6913, Epsilon: 0.730
2026-03-29 16:38:54 | INFO | Episode  110 - Reward: 12.000, Length: 12, Loss: 0.8766, Entropy: 0.6913, Epsilon: 0.728
2026-03-29 16:38:54 | INFO | Episode  111 - Reward: 11.000, Length: 11, Loss: 0.8535, Entropy: 0.6912, Epsilon: 0.725
2026-03-29 16:38:54 | INFO | Episode  112 - Reward: 27.000, Length: 27, Loss: 0.8320, Entropy: 0.6911, Epsilon: 0.723
2026-03-29 16:38:55 | INFO | Episode  113 - Reward: 16.000, Length: 16, Loss: 0.8199, Entropy: 0.6911, Epsilon: 0.720
2026-03-29 16:38:55 | INFO | Episode  114 - Reward: 22.000, Length: 22, Loss: 0.8138, Entropy: 0.6910, Epsilon: 0.718
2026-03-29 16:38:56 | INFO | Episode  115 - Reward: 15.000, Length: 15, Loss: 0.7845, Entropy: 0.6910, Epsilon: 0.715
2026-03-29 16:38:56 | INFO | Episode  116 - Reward: 23.000, Length: 23, Loss: 0.7723, Entropy: 0.6909, Epsilon: 0.713
2026-03-29 16:38:57 | INFO | Episode  117 - Reward: 46.000, Length: 46, Loss: 0.7580, Entropy: 0.6908, Epsilon: 0.710
2026-03-29 16:38:57 | INFO | Episode  118 - Reward: 10.000, Length: 10, Loss: 0.7491, Entropy: 0.6908, Epsilon: 0.708
2026-03-29 16:38:58 | INFO | Episode  119 - Reward: 13.000, Length: 13, Loss: 0.7383, Entropy: 0.6907, Epsilon: 0.705
2026-03-29 16:38:58 | INFO | Episode  120 - Reward: 40.000, Length: 40, Loss: 0.7064, Entropy: 0.6905, Epsilon: 0.703
2026-03-29 16:38:58 | INFO | Episode  121 - Reward: 12.000, Length: 12, Loss: 0.6949, Entropy: 0.6905, Epsilon: 0.701
2026-03-29 16:38:59 | INFO | Episode  122 - Reward: 17.000, Length: 17, Loss: 0.6841, Entropy: 0.6904, Epsilon: 0.698
2026-03-29 16:38:59 | INFO | Episode  123 - Reward: 11.000, Length: 11, Loss: 0.6680, Entropy: 0.6904, Epsilon: 0.696
2026-03-29 16:39:00 | INFO | Episode  124 - Reward: 10.000, Length: 10, Loss: 0.6403, Entropy: 0.6903, Epsilon: 0.693
2026-03-29 16:39:00 | INFO | Episode  125 - Reward: 29.000, Length: 29, Loss: 0.6368, Entropy: 0.6902, Epsilon: 0.691
2026-03-29 16:39:01 | INFO | Episode  126 - Reward: 18.000, Length: 18, Loss: 1.0545, Entropy: 0.6901, Epsilon: 0.688
2026-03-29 16:39:01 | INFO | Episode  127 - Reward: 10.000, Length: 10, Loss: 1.0302, Entropy: 0.6900, Epsilon: 0.686
2026-03-29 16:39:02 | INFO | Episode  128 - Reward: 9.000, Length: 9, Loss: 1.0253, Entropy: 0.6899, Epsilon: 0.683
2026-03-29 16:39:02 | INFO | Episode  129 - Reward: 12.000, Length: 12, Loss: 0.9906, Entropy: 0.6898, Epsilon: 0.681
2026-03-29 16:39:02 | INFO | Episode  130 - Reward: 17.000, Length: 17, Loss: 0.9707, Entropy: 0.6896, Epsilon: 0.678
2026-03-29 16:39:03 | INFO | Episode  131 - Reward: 22.000, Length: 22, Loss: 0.9524, Entropy: 0.6895, Epsilon: 0.676
2026-03-29 16:39:03 | INFO | Episode  132 - Reward: 25.000, Length: 25, Loss: 0.9251, Entropy: 0.6894, Epsilon: 0.673
2026-03-29 16:39:04 | INFO | Episode  133 - Reward: 17.000, Length: 17, Loss: 0.9257, Entropy: 0.6893, Epsilon: 0.671
2026-03-29 16:39:04 | INFO | Episode  134 - Reward: 16.000, Length: 16, Loss: 0.8784, Entropy: 0.6892, Epsilon: 0.668
2026-03-29 16:39:05 | INFO | Episode  135 - Reward: 14.000, Length: 14, Loss: 0.8642, Entropy: 0.6891, Epsilon: 0.666
2026-03-29 16:39:05 | INFO | Episode  136 - Reward: 21.000, Length: 21, Loss: 0.8487, Entropy: 0.6890, Epsilon: 0.663
2026-03-29 16:39:06 | INFO | Episode  137 - Reward: 10.000, Length: 10, Loss: 0.8211, Entropy: 0.6889, Epsilon: 0.661
2026-03-29 16:39:06 | INFO | Episode  138 - Reward: 15.000, Length: 15, Loss: 0.8010, Entropy: 0.6887, Epsilon: 0.658
2026-03-29 16:39:07 | INFO | Episode  139 - Reward: 27.000, Length: 27, Loss: 0.7903, Entropy: 0.6886, Epsilon: 0.656
2026-03-29 16:39:07 | INFO | Episode  140 - Reward: 13.000, Length: 13, Loss: 0.7797, Entropy: 0.6885, Epsilon: 0.653
2026-03-29 16:39:07 | INFO | Episode  141 - Reward: 21.000, Length: 21, Loss: 0.7544, Entropy: 0.6884, Epsilon: 0.651
2026-03-29 16:39:08 | INFO | Episode  142 - Reward: 10.000, Length: 10, Loss: 0.7362, Entropy: 0.6883, Epsilon: 0.649
2026-03-29 16:39:08 | INFO | Episode  143 - Reward: 14.000, Length: 14, Loss: 0.7129, Entropy: 0.6882, Epsilon: 0.646
2026-03-29 16:39:09 | INFO | Episode  144 - Reward: 15.000, Length: 15, Loss: 0.6898, Entropy: 0.6880, Epsilon: 0.644
2026-03-29 16:39:09 | INFO | Episode  145 - Reward: 11.000, Length: 11, Loss: 0.6831, Entropy: 0.6880, Epsilon: 0.641
2026-03-29 16:39:10 | INFO | Episode  146 - Reward: 17.000, Length: 17, Loss: 0.6678, Entropy: 0.6879, Epsilon: 0.639
2026-03-29 16:39:10 | INFO | Episode  147 - Reward: 15.000, Length: 15, Loss: 0.6347, Entropy: 0.6877, Epsilon: 0.636
2026-03-29 16:39:11 | INFO | Episode  148 - Reward: 17.000, Length: 17, Loss: 0.6275, Entropy: 0.6876, Epsilon: 0.634
2026-03-29 16:39:11 | INFO | Episode  149 - Reward: 11.000, Length: 11, Loss: 0.6146, Entropy: 0.6875, Epsilon: 0.631
2026-03-29 16:39:11 | INFO | Episode  150 - Reward: 17.000, Length: 17, Loss: 0.5992, Entropy: 0.6874, Epsilon: 0.629
2026-03-29 16:39:12 | INFO | [Episode  150] eps=0.629  avg_reward=  17.820  avg_length= 17.82  avg_loss=  0.8198  avg_entropy=0.6874  eval_success=0.000
2026-03-29 16:39:12 | INFO | Episode  151 - Reward: 17.000, Length: 17, Loss: 0.5899, Entropy: 0.6873, Epsilon: 0.626
2026-03-29 16:39:13 | INFO | Episode  152 - Reward: 15.000, Length: 15, Loss: 0.5670, Entropy: 0.6872, Epsilon: 0.624
2026-03-29 16:39:13 | INFO | Episode  153 - Reward: 11.000, Length: 11, Loss: 0.5550, Entropy: 0.6872, Epsilon: 0.621
2026-03-29 16:39:14 | INFO | Episode  154 - Reward: 20.000, Length: 20, Loss: 0.5306, Entropy: 0.6870, Epsilon: 0.619
2026-03-29 16:39:14 | INFO | Episode  155 - Reward: 12.000, Length: 12, Loss: 0.5277, Entropy: 0.6871, Epsilon: 0.616
2026-03-29 16:39:14 | INFO | Episode  156 - Reward: 16.000, Length: 16, Loss: 0.5086, Entropy: 0.6869, Epsilon: 0.614
2026-03-29 16:39:15 | INFO | Episode  157 - Reward: 10.000, Length: 10, Loss: 0.4912, Entropy: 0.6868, Epsilon: 0.611
2026-03-29 16:39:15 | INFO | Episode  158 - Reward: 19.000, Length: 19, Loss: 0.4810, Entropy: 0.6867, Epsilon: 0.609
2026-03-29 16:39:16 | INFO | Episode  159 - Reward: 14.000, Length: 14, Loss: 1.1127, Entropy: 0.6864, Epsilon: 0.606
2026-03-29 16:39:16 | INFO | Episode  160 - Reward: 9.000, Length: 9, Loss: 1.0904, Entropy: 0.6862, Epsilon: 0.604
2026-03-29 16:39:17 | INFO | Episode  161 - Reward: 10.000, Length: 10, Loss: 1.0634, Entropy: 0.6860, Epsilon: 0.602
2026-03-29 16:39:17 | INFO | Episode  162 - Reward: 11.000, Length: 11, Loss: 1.0408, Entropy: 0.6858, Epsilon: 0.599
2026-03-29 16:39:18 | INFO | Episode  163 - Reward: 10.000, Length: 10, Loss: 1.0048, Entropy: 0.6856, Epsilon: 0.597
2026-03-29 16:39:18 | INFO | Episode  164 - Reward: 11.000, Length: 11, Loss: 0.9841, Entropy: 0.6853, Epsilon: 0.594
2026-03-29 16:39:18 | INFO | Episode  165 - Reward: 10.000, Length: 10, Loss: 0.9518, Entropy: 0.6850, Epsilon: 0.592
2026-03-29 16:39:19 | INFO | Episode  166 - Reward: 17.000, Length: 17, Loss: 0.9148, Entropy: 0.6848, Epsilon: 0.589
2026-03-29 16:39:19 | INFO | Episode  167 - Reward: 22.000, Length: 22, Loss: 0.8903, Entropy: 0.6845, Epsilon: 0.587
2026-03-29 16:39:20 | INFO | Episode  168 - Reward: 17.000, Length: 17, Loss: 0.8735, Entropy: 0.6844, Epsilon: 0.584
2026-03-29 16:39:20 | INFO | Episode  169 - Reward: 16.000, Length: 16, Loss: 0.8325, Entropy: 0.6842, Epsilon: 0.582
2026-03-29 16:39:21 | INFO | Episode  170 - Reward: 11.000, Length: 11, Loss: 0.8214, Entropy: 0.6838, Epsilon: 0.579
2026-03-29 16:39:21 | INFO | Episode  171 - Reward: 21.000, Length: 21, Loss: 0.7866, Entropy: 0.6837, Epsilon: 0.577
2026-03-29 16:39:22 | INFO | Episode  172 - Reward: 25.000, Length: 25, Loss: 0.7664, Entropy: 0.6836, Epsilon: 0.574
2026-03-29 16:39:22 | INFO | Episode  173 - Reward: 10.000, Length: 10, Loss: 0.7413, Entropy: 0.6834, Epsilon: 0.572
2026-03-29 16:39:22 | INFO | Episode  174 - Reward: 11.000, Length: 11, Loss: 0.7122, Entropy: 0.6831, Epsilon: 0.569
2026-03-29 16:39:23 | INFO | Episode  175 - Reward: 18.000, Length: 18, Loss: 0.6979, Entropy: 0.6829, Epsilon: 0.567
2026-03-29 16:39:23 | INFO | Episode  176 - Reward: 10.000, Length: 10, Loss: 0.6692, Entropy: 0.6826, Epsilon: 0.564
2026-03-29 16:39:24 | INFO | Episode  177 - Reward: 30.000, Length: 30, Loss: 0.6693, Entropy: 0.6827, Epsilon: 0.562
2026-03-29 16:39:24 | INFO | Episode  178 - Reward: 12.000, Length: 12, Loss: 0.6321, Entropy: 0.6824, Epsilon: 0.559
2026-03-29 16:39:25 | INFO | Episode  179 - Reward: 34.000, Length: 34, Loss: 0.6091, Entropy: 0.6821, Epsilon: 0.557
2026-03-29 16:39:25 | INFO | Episode  180 - Reward: 11.000, Length: 11, Loss: 0.5978, Entropy: 0.6818, Epsilon: 0.554
2026-03-29 16:39:26 | INFO | Episode  181 - Reward: 19.000, Length: 19, Loss: 0.5898, Entropy: 0.6818, Epsilon: 0.552
2026-03-29 16:39:26 | INFO | Episode  182 - Reward: 12.000, Length: 12, Loss: 0.5560, Entropy: 0.6818, Epsilon: 0.550
2026-03-29 16:39:27 | INFO | Episode  183 - Reward: 8.000, Length: 8, Loss: 0.5481, Entropy: 0.6818, Epsilon: 0.547
2026-03-29 16:39:27 | INFO | Episode  184 - Reward: 27.000, Length: 27, Loss: 0.5450, Entropy: 0.6813, Epsilon: 0.545
2026-03-29 16:39:28 | INFO | Episode  185 - Reward: 13.000, Length: 13, Loss: 0.5081, Entropy: 0.6813, Epsilon: 0.542
2026-03-29 16:39:28 | INFO | Episode  186 - Reward: 11.000, Length: 11, Loss: 0.4993, Entropy: 0.6811, Epsilon: 0.540
2026-03-29 16:39:29 | INFO | Episode  187 - Reward: 10.000, Length: 10, Loss: 0.4895, Entropy: 0.6811, Epsilon: 0.537
2026-03-29 16:39:29 | INFO | Episode  188 - Reward: 25.000, Length: 25, Loss: 0.4661, Entropy: 0.6809, Epsilon: 0.535
2026-03-29 16:39:29 | INFO | Episode  189 - Reward: 13.000, Length: 13, Loss: 0.4624, Entropy: 0.6807, Epsilon: 0.532
2026-03-29 16:39:30 | INFO | Episode  190 - Reward: 12.000, Length: 12, Loss: 0.4422, Entropy: 0.6807, Epsilon: 0.530
2026-03-29 16:39:30 | INFO | Episode  191 - Reward: 14.000, Length: 14, Loss: 1.2655, Entropy: 0.6803, Epsilon: 0.527
2026-03-29 16:39:31 | INFO | Episode  192 - Reward: 15.000, Length: 15, Loss: 1.2292, Entropy: 0.6800, Epsilon: 0.525
2026-03-29 16:39:31 | INFO | Episode  193 - Reward: 13.000, Length: 13, Loss: 1.1659, Entropy: 0.6797, Epsilon: 0.522
2026-03-29 16:39:32 | INFO | Episode  194 - Reward: 13.000, Length: 13, Loss: 1.1194, Entropy: 0.6793, Epsilon: 0.520
2026-03-29 16:39:32 | INFO | Episode  195 - Reward: 14.000, Length: 14, Loss: 1.0863, Entropy: 0.6788, Epsilon: 0.517
2026-03-29 16:39:33 | INFO | Episode  196 - Reward: 11.000, Length: 11, Loss: 1.0505, Entropy: 0.6783, Epsilon: 0.515
2026-03-29 16:39:33 | INFO | Episode  197 - Reward: 15.000, Length: 15, Loss: 0.9981, Entropy: 0.6780, Epsilon: 0.512
2026-03-29 16:39:33 | INFO | Episode  198 - Reward: 23.000, Length: 23, Loss: 0.9532, Entropy: 0.6778, Epsilon: 0.510
2026-03-29 16:39:34 | INFO | Episode  199 - Reward: 9.000, Length: 9, Loss: 0.9508, Entropy: 0.6773, Epsilon: 0.507
2026-03-29 16:39:34 | INFO | Episode  200 - Reward: 12.000, Length: 12, Loss: 0.8964, Entropy: 0.6770, Epsilon: 0.505
2026-03-29 16:39:35 | INFO | [Episode  200] eps=0.505  avg_reward=  14.980  avg_length= 14.98  avg_loss=  0.7707  avg_entropy=0.6770  eval_success=0.000
2026-03-29 16:39:35 | INFO | Episode  201 - Reward: 13.000, Length: 13, Loss: 0.8614, Entropy: 0.6766, Epsilon: 0.503
2026-03-29 16:39:36 | INFO | Episode  202 - Reward: 12.000, Length: 12, Loss: 0.8205, Entropy: 0.6761, Epsilon: 0.500
2026-03-29 16:39:36 | INFO | Episode  203 - Reward: 21.000, Length: 21, Loss: 0.8216, Entropy: 0.6754, Epsilon: 0.498
2026-03-29 16:39:37 | INFO | Episode  204 - Reward: 15.000, Length: 15, Loss: 0.7545, Entropy: 0.6755, Epsilon: 0.495
2026-03-29 16:39:37 | INFO | Episode  205 - Reward: 16.000, Length: 16, Loss: 0.7421, Entropy: 0.6750, Epsilon: 0.493
2026-03-29 16:39:37 | INFO | Episode  206 - Reward: 9.000, Length: 9, Loss: 0.7570, Entropy: 0.6747, Epsilon: 0.490
2026-03-29 16:39:38 | INFO | Episode  207 - Reward: 10.000, Length: 10, Loss: 0.6883, Entropy: 0.6743, Epsilon: 0.488
2026-03-29 16:39:38 | INFO | Episode  208 - Reward: 11.000, Length: 11, Loss: 0.6878, Entropy: 0.6741, Epsilon: 0.485
2026-03-29 16:39:39 | INFO | Episode  209 - Reward: 9.000, Length: 9, Loss: 0.6505, Entropy: 0.6738, Epsilon: 0.483
2026-03-29 16:39:39 | INFO | Episode  210 - Reward: 10.000, Length: 10, Loss: 0.6157, Entropy: 0.6736, Epsilon: 0.480
2026-03-29 16:39:40 | INFO | Episode  211 - Reward: 9.000, Length: 9, Loss: 0.5999, Entropy: 0.6734, Epsilon: 0.478
2026-03-29 16:39:41 | INFO | Episode  212 - Reward: 10.000, Length: 10, Loss: 0.6547, Entropy: 0.6734, Epsilon: 0.475
2026-03-29 16:39:41 | INFO | Episode  213 - Reward: 14.000, Length: 14, Loss: 0.5802, Entropy: 0.6731, Epsilon: 0.473
2026-03-29 16:39:42 | INFO | Episode  214 - Reward: 17.000, Length: 17, Loss: 0.5813, Entropy: 0.6728, Epsilon: 0.470
2026-03-29 16:39:43 | INFO | Episode  215 - Reward: 11.000, Length: 11, Loss: 0.5376, Entropy: 0.6726, Epsilon: 0.468
2026-03-29 16:39:43 | INFO | Episode  216 - Reward: 18.000, Length: 18, Loss: 0.5802, Entropy: 0.6725, Epsilon: 0.465
2026-03-29 16:39:44 | INFO | Episode  217 - Reward: 15.000, Length: 15, Loss: 0.5531, Entropy: 0.6723, Epsilon: 0.463
2026-03-29 16:39:45 | INFO | Episode  218 - Reward: 17.000, Length: 17, Loss: 0.4690, Entropy: 0.6726, Epsilon: 0.460
2026-03-29 16:39:45 | INFO | Episode  219 - Reward: 16.000, Length: 16, Loss: 0.4798, Entropy: 0.6728, Epsilon: 0.458
2026-03-29 16:39:46 | INFO | Episode  220 - Reward: 12.000, Length: 12, Loss: 0.4740, Entropy: 0.6725, Epsilon: 0.456
2026-03-29 16:39:47 | INFO | Episode  221 - Reward: 9.000, Length: 9, Loss: 0.5090, Entropy: 0.6727, Epsilon: 0.453
2026-03-29 16:39:47 | INFO | Episode  222 - Reward: 14.000, Length: 14, Loss: 0.4846, Entropy: 0.6726, Epsilon: 0.451
2026-03-29 16:39:48 | INFO | Episode  223 - Reward: 16.000, Length: 16, Loss: 0.5314, Entropy: 0.6727, Epsilon: 0.448
2026-03-29 16:39:49 | INFO | Episode  224 - Reward: 12.000, Length: 12, Loss: 0.4396, Entropy: 0.6728, Epsilon: 0.446
2026-03-29 16:39:49 | INFO | Episode  225 - Reward: 18.000, Length: 18, Loss: 0.4231, Entropy: 0.6732, Epsilon: 0.443
2026-03-29 16:39:50 | INFO | Episode  226 - Reward: 11.000, Length: 11, Loss: 0.4539, Entropy: 0.6730, Epsilon: 0.441
2026-03-29 16:39:51 | INFO | Episode  227 - Reward: 12.000, Length: 12, Loss: 0.4421, Entropy: 0.6729, Epsilon: 0.438
2026-03-29 16:39:51 | INFO | Episode  228 - Reward: 8.000, Length: 8, Loss: 1.4628, Entropy: 0.6726, Epsilon: 0.436
2026-03-29 16:39:52 | INFO | Episode  229 - Reward: 30.000, Length: 30, Loss: 1.4319, Entropy: 0.6713, Epsilon: 0.433
2026-03-29 16:39:53 | INFO | Episode  230 - Reward: 17.000, Length: 17, Loss: 1.3900, Entropy: 0.6711, Epsilon: 0.431
2026-03-29 16:39:53 | INFO | Episode  231 - Reward: 11.000, Length: 11, Loss: 1.3399, Entropy: 0.6703, Epsilon: 0.428
2026-03-29 16:39:54 | INFO | Episode  232 - Reward: 11.000, Length: 11, Loss: 1.2475, Entropy: 0.6688, Epsilon: 0.426
2026-03-29 16:39:55 | INFO | Episode  233 - Reward: 18.000, Length: 18, Loss: 1.1603, Entropy: 0.6688, Epsilon: 0.423
2026-03-29 16:39:55 | INFO | Episode  234 - Reward: 10.000, Length: 10, Loss: 1.1447, Entropy: 0.6675, Epsilon: 0.421
2026-03-29 16:39:56 | INFO | Episode  235 - Reward: 10.000, Length: 10, Loss: 1.1040, Entropy: 0.6670, Epsilon: 0.418
2026-03-29 16:39:57 | INFO | Episode  236 - Reward: 11.000, Length: 11, Loss: 1.0057, Entropy: 0.6660, Epsilon: 0.416
2026-03-29 16:39:57 | INFO | Episode  237 - Reward: 13.000, Length: 13, Loss: 1.0914, Entropy: 0.6656, Epsilon: 0.413
2026-03-29 16:39:58 | INFO | Episode  238 - Reward: 15.000, Length: 15, Loss: 0.9808, Entropy: 0.6654, Epsilon: 0.411
2026-03-29 16:39:59 | INFO | Episode  239 - Reward: 12.000, Length: 12, Loss: 0.9852, Entropy: 0.6652, Epsilon: 0.408
2026-03-29 16:39:59 | INFO | Episode  240 - Reward: 12.000, Length: 12, Loss: 0.9330, Entropy: 0.6648, Epsilon: 0.406
2026-03-29 16:40:00 | INFO | Episode  241 - Reward: 17.000, Length: 17, Loss: 0.9738, Entropy: 0.6641, Epsilon: 0.404
2026-03-29 16:40:01 | INFO | Episode  242 - Reward: 16.000, Length: 16, Loss: 0.8864, Entropy: 0.6641, Epsilon: 0.401
2026-03-29 16:40:01 | INFO | Episode  243 - Reward: 17.000, Length: 17, Loss: 0.9091, Entropy: 0.6632, Epsilon: 0.399
2026-03-29 16:40:02 | INFO | Episode  244 - Reward: 10.000, Length: 10, Loss: 0.7958, Entropy: 0.6635, Epsilon: 0.396
2026-03-29 16:40:03 | INFO | Episode  245 - Reward: 11.000, Length: 11, Loss: 0.8147, Entropy: 0.6635, Epsilon: 0.394
2026-03-29 16:40:03 | INFO | Episode  246 - Reward: 11.000, Length: 11, Loss: 0.7732, Entropy: 0.6633, Epsilon: 0.391
2026-03-29 16:40:04 | INFO | Episode  247 - Reward: 13.000, Length: 13, Loss: 0.8142, Entropy: 0.6628, Epsilon: 0.389
2026-03-29 16:40:05 | INFO | Episode  248 - Reward: 11.000, Length: 11, Loss: 0.8077, Entropy: 0.6624, Epsilon: 0.386
2026-03-29 16:40:05 | INFO | Episode  249 - Reward: 9.000, Length: 9, Loss: 0.8363, Entropy: 0.6631, Epsilon: 0.384
2026-03-29 16:40:06 | INFO | Episode  250 - Reward: 11.000, Length: 11, Loss: 0.6810, Entropy: 0.6633, Epsilon: 0.381
2026-03-29 16:40:07 | INFO | [Episode  250] eps=0.381  avg_reward=  13.220  avg_length= 13.22  avg_loss=  0.7952  avg_entropy=0.6633  eval_success=0.000
2026-03-29 16:40:07 | INFO | Episode  251 - Reward: 11.000, Length: 11, Loss: 0.8212, Entropy: 0.6630, Epsilon: 0.379
2026-03-29 16:40:08 | INFO | Episode  252 - Reward: 13.000, Length: 13, Loss: 0.8403, Entropy: 0.6633, Epsilon: 0.376
2026-03-29 16:40:08 | INFO | Episode  253 - Reward: 11.000, Length: 11, Loss: 0.7702, Entropy: 0.6642, Epsilon: 0.374
2026-03-29 16:40:09 | INFO | Episode  254 - Reward: 10.000, Length: 10, Loss: 0.6940, Entropy: 0.6651, Epsilon: 0.371
2026-03-29 16:40:10 | INFO | Episode  255 - Reward: 25.000, Length: 25, Loss: 0.7949, Entropy: 0.6648, Epsilon: 0.369
2026-03-29 16:40:10 | INFO | Episode  256 - Reward: 11.000, Length: 11, Loss: 0.7867, Entropy: 0.6652, Epsilon: 0.366
2026-03-29 16:40:11 | INFO | Episode  257 - Reward: 9.000, Length: 9, Loss: 0.7950, Entropy: 0.6657, Epsilon: 0.364
2026-03-29 16:40:12 | INFO | Episode  258 - Reward: 10.000, Length: 10, Loss: 0.6780, Entropy: 0.6661, Epsilon: 0.361
2026-03-29 16:40:12 | INFO | Episode  259 - Reward: 10.000, Length: 10, Loss: 0.8844, Entropy: 0.6665, Epsilon: 0.359
2026-03-29 16:40:13 | INFO | Episode  260 - Reward: 9.000, Length: 9, Loss: 0.6803, Entropy: 0.6672, Epsilon: 0.357
2026-03-29 16:40:14 | INFO | Episode  261 - Reward: 11.000, Length: 11, Loss: 0.5717, Entropy: 0.6673, Epsilon: 0.354
2026-03-29 16:40:14 | INFO | Episode  262 - Reward: 8.000, Length: 8, Loss: 0.6954, Entropy: 0.6676, Epsilon: 0.352
2026-03-29 16:40:15 | INFO | Episode  263 - Reward: 8.000, Length: 8, Loss: 0.8197, Entropy: 0.6677, Epsilon: 0.349
2026-03-29 16:40:15 | INFO | Episode  264 - Reward: 10.000, Length: 10, Loss: 0.6356, Entropy: 0.6680, Epsilon: 0.347
2026-03-29 16:40:16 | INFO | Episode  265 - Reward: 11.000, Length: 11, Loss: 0.7735, Entropy: 0.6689, Epsilon: 0.344
2026-03-29 16:40:17 | INFO | Episode  266 - Reward: 16.000, Length: 16, Loss: 0.5767, Entropy: 0.6690, Epsilon: 0.342
2026-03-29 16:40:17 | INFO | Episode  267 - Reward: 22.000, Length: 22, Loss: 0.5931, Entropy: 0.6694, Epsilon: 0.339
2026-03-29 16:40:18 | INFO | Episode  268 - Reward: 12.000, Length: 12, Loss: 1.8538, Entropy: 0.6683, Epsilon: 0.337
2026-03-29 16:40:19 | INFO | Episode  269 - Reward: 13.000, Length: 13, Loss: 1.8390, Entropy: 0.6666, Epsilon: 0.334
2026-03-29 16:40:19 | INFO | Episode  270 - Reward: 12.000, Length: 12, Loss: 1.6887, Entropy: 0.6650, Epsilon: 0.332
2026-03-29 16:40:20 | INFO | Episode  271 - Reward: 11.000, Length: 11, Loss: 1.6440, Entropy: 0.6641, Epsilon: 0.329
2026-03-29 16:40:21 | INFO | Episode  272 - Reward: 9.000, Length: 9, Loss: 1.5336, Entropy: 0.6627, Epsilon: 0.327
2026-03-29 16:40:21 | INFO | Episode  273 - Reward: 11.000, Length: 11, Loss: 1.4994, Entropy: 0.6613, Epsilon: 0.324
2026-03-29 16:40:22 | INFO | Episode  274 - Reward: 10.000, Length: 10, Loss: 1.4714, Entropy: 0.6611, Epsilon: 0.322
2026-03-29 16:40:23 | INFO | Episode  275 - Reward: 10.000, Length: 10, Loss: 1.2739, Entropy: 0.6599, Epsilon: 0.319
2026-03-29 16:40:23 | INFO | Episode  276 - Reward: 9.000, Length: 9, Loss: 1.3990, Entropy: 0.6590, Epsilon: 0.317
2026-03-29 16:40:24 | INFO | Episode  277 - Reward: 10.000, Length: 10, Loss: 1.2723, Entropy: 0.6592, Epsilon: 0.314
2026-03-29 16:40:24 | INFO | Episode  278 - Reward: 14.000, Length: 14, Loss: 1.3131, Entropy: 0.6585, Epsilon: 0.312
2026-03-29 16:40:25 | INFO | Episode  279 - Reward: 18.000, Length: 18, Loss: 1.1066, Entropy: 0.6583, Epsilon: 0.309
2026-03-29 16:40:26 | INFO | Episode  280 - Reward: 13.000, Length: 13, Loss: 1.1508, Entropy: 0.6580, Epsilon: 0.307
2026-03-29 16:40:26 | INFO | Episode  281 - Reward: 9.000, Length: 9, Loss: 1.3661, Entropy: 0.6581, Epsilon: 0.305
2026-03-29 16:40:27 | INFO | Episode  282 - Reward: 9.000, Length: 9, Loss: 1.2627, Entropy: 0.6580, Epsilon: 0.302
2026-03-29 16:40:28 | INFO | Episode  283 - Reward: 9.000, Length: 9, Loss: 1.2677, Entropy: 0.6588, Epsilon: 0.300
2026-03-29 16:40:28 | INFO | Episode  284 - Reward: 10.000, Length: 10, Loss: 1.0831, Entropy: 0.6595, Epsilon: 0.297
2026-03-29 16:40:29 | INFO | Episode  285 - Reward: 10.000, Length: 10, Loss: 1.3313, Entropy: 0.6597, Epsilon: 0.295
2026-03-29 16:40:30 | INFO | Episode  286 - Reward: 11.000, Length: 11, Loss: 1.4078, Entropy: 0.6611, Epsilon: 0.292
2026-03-29 16:40:30 | INFO | Episode  287 - Reward: 23.000, Length: 23, Loss: 1.1188, Entropy: 0.6612, Epsilon: 0.290
2026-03-29 16:40:31 | INFO | Episode  288 - Reward: 9.000, Length: 9, Loss: 1.1916, Entropy: 0.6613, Epsilon: 0.287
2026-03-29 16:40:32 | INFO | Episode  289 - Reward: 10.000, Length: 10, Loss: 1.2668, Entropy: 0.6617, Epsilon: 0.285
2026-03-29 16:40:32 | INFO | Episode  290 - Reward: 8.000, Length: 8, Loss: 1.1261, Entropy: 0.6626, Epsilon: 0.282
2026-03-29 16:40:33 | INFO | Episode  291 - Reward: 14.000, Length: 14, Loss: 1.1792, Entropy: 0.6633, Epsilon: 0.280
2026-03-29 16:40:33 | INFO | Episode  292 - Reward: 8.000, Length: 8, Loss: 1.0318, Entropy: 0.6635, Epsilon: 0.277
2026-03-29 16:40:34 | INFO | Episode  293 - Reward: 10.000, Length: 10, Loss: 1.1726, Entropy: 0.6638, Epsilon: 0.275
2026-03-29 16:40:35 | INFO | Episode  294 - Reward: 8.000, Length: 8, Loss: 1.1270, Entropy: 0.6645, Epsilon: 0.272
2026-03-29 16:40:35 | INFO | Episode  295 - Reward: 11.000, Length: 11, Loss: 1.1418, Entropy: 0.6649, Epsilon: 0.270
2026-03-29 16:40:36 | INFO | Episode  296 - Reward: 11.000, Length: 11, Loss: 0.9671, Entropy: 0.6657, Epsilon: 0.267
2026-03-29 16:40:37 | INFO | Episode  297 - Reward: 10.000, Length: 10, Loss: 1.1202, Entropy: 0.6659, Epsilon: 0.265
2026-03-29 16:40:37 | INFO | Episode  298 - Reward: 9.000, Length: 9, Loss: 1.0853, Entropy: 0.6662, Epsilon: 0.262
2026-03-29 16:40:38 | INFO | Episode  299 - Reward: 12.000, Length: 12, Loss: 1.2036, Entropy: 0.6664, Epsilon: 0.260
2026-03-29 16:40:38 | INFO | Episode  300 - Reward: 10.000, Length: 10, Loss: 0.8893, Entropy: 0.6671, Epsilon: 0.258
2026-03-29 16:40:39 | INFO | [Episode  300] eps=0.258  avg_reward=  11.360  avg_length= 11.36  avg_loss=  1.0959  avg_entropy=0.6671  eval_success=0.000
2026-03-29 16:40:39 | INFO | Episode  301 - Reward: 9.000, Length: 9, Loss: 1.1091, Entropy: 0.6671, Epsilon: 0.255
2026-03-29 16:40:40 | INFO | Episode  302 - Reward: 16.000, Length: 16, Loss: 1.0014, Entropy: 0.6672, Epsilon: 0.253
2026-03-29 16:40:40 | INFO | Episode  303 - Reward: 12.000, Length: 12, Loss: 0.9448, Entropy: 0.6672, Epsilon: 0.250
2026-03-29 16:40:41 | INFO | Episode  304 - Reward: 11.000, Length: 11, Loss: 1.1092, Entropy: 0.6676, Epsilon: 0.248
2026-03-29 16:40:41 | INFO | Episode  305 - Reward: 14.000, Length: 14, Loss: 0.8747, Entropy: 0.6681, Epsilon: 0.245
2026-03-29 16:40:42 | INFO | Episode  306 - Reward: 12.000, Length: 12, Loss: 0.9360, Entropy: 0.6683, Epsilon: 0.243
2026-03-29 16:40:42 | INFO | Episode  307 - Reward: 8.000, Length: 8, Loss: 1.0439, Entropy: 0.6687, Epsilon: 0.240
2026-03-29 16:40:43 | INFO | Episode  308 - Reward: 10.000, Length: 10, Loss: 1.1632, Entropy: 0.6690, Epsilon: 0.238
2026-03-29 16:40:43 | INFO | Episode  309 - Reward: 14.000, Length: 14, Loss: 1.0311, Entropy: 0.6697, Epsilon: 0.235
2026-03-29 16:40:43 | INFO | Episode  310 - Reward: 13.000, Length: 13, Loss: 0.9965, Entropy: 0.6704, Epsilon: 0.233
2026-03-29 16:40:44 | INFO | Episode  311 - Reward: 10.000, Length: 10, Loss: 0.8977, Entropy: 0.6707, Epsilon: 0.230
2026-03-29 16:40:44 | INFO | Episode  312 - Reward: 10.000, Length: 10, Loss: 2.1185, Entropy: 0.6692, Epsilon: 0.228
2026-03-29 16:40:45 | INFO | Episode  313 - Reward: 10.000, Length: 10, Loss: 1.9191, Entropy: 0.6676, Epsilon: 0.225
2026-03-29 16:40:45 | INFO | Episode  314 - Reward: 9.000, Length: 9, Loss: 1.6703, Entropy: 0.6654, Epsilon: 0.223
2026-03-29 16:40:46 | INFO | Episode  315 - Reward: 19.000, Length: 19, Loss: 1.9696, Entropy: 0.6635, Epsilon: 0.220
2026-03-29 16:40:46 | INFO | Episode  316 - Reward: 11.000, Length: 11, Loss: 1.9316, Entropy: 0.6631, Epsilon: 0.218
2026-03-29 16:40:47 | INFO | Episode  317 - Reward: 11.000, Length: 11, Loss: 1.9249, Entropy: 0.6618, Epsilon: 0.215
2026-03-29 16:40:47 | INFO | Episode  318 - Reward: 9.000, Length: 9, Loss: 1.6883, Entropy: 0.6604, Epsilon: 0.213
2026-03-29 16:40:48 | INFO | Episode  319 - Reward: 10.000, Length: 10, Loss: 1.5927, Entropy: 0.6591, Epsilon: 0.210
2026-03-29 16:40:48 | INFO | Episode  320 - Reward: 10.000, Length: 10, Loss: 1.5380, Entropy: 0.6583, Epsilon: 0.208
2026-03-29 16:40:49 | INFO | Episode  321 - Reward: 10.000, Length: 10, Loss: 1.7729, Entropy: 0.6588, Epsilon: 0.206
2026-03-29 16:40:49 | INFO | Episode  322 - Reward: 10.000, Length: 10, Loss: 1.5270, Entropy: 0.6586, Epsilon: 0.203
2026-03-29 16:40:49 | INFO | Episode  323 - Reward: 9.000, Length: 9, Loss: 1.4536, Entropy: 0.6587, Epsilon: 0.201
2026-03-29 16:40:50 | INFO | Episode  324 - Reward: 11.000, Length: 11, Loss: 1.4568, Entropy: 0.6588, Epsilon: 0.198
2026-03-29 16:40:50 | INFO | Episode  325 - Reward: 13.000, Length: 13, Loss: 1.6036, Entropy: 0.6591, Epsilon: 0.196
2026-03-29 16:40:51 | INFO | Episode  326 - Reward: 11.000, Length: 11, Loss: 1.5373, Entropy: 0.6586, Epsilon: 0.193
2026-03-29 16:40:51 | INFO | Episode  327 - Reward: 11.000, Length: 11, Loss: 1.4020, Entropy: 0.6585, Epsilon: 0.191
2026-03-29 16:40:52 | INFO | Episode  328 - Reward: 9.000, Length: 9, Loss: 1.4985, Entropy: 0.6591, Epsilon: 0.188
2026-03-29 16:40:52 | INFO | Episode  329 - Reward: 9.000, Length: 9, Loss: 1.3976, Entropy: 0.6604, Epsilon: 0.186
2026-03-29 16:40:53 | INFO | Episode  330 - Reward: 9.000, Length: 9, Loss: 2.0548, Entropy: 0.6618, Epsilon: 0.183
2026-03-29 16:40:53 | INFO | Episode  331 - Reward: 12.000, Length: 12, Loss: 1.3887, Entropy: 0.6628, Epsilon: 0.181
2026-03-29 16:40:54 | INFO | Episode  332 - Reward: 11.000, Length: 11, Loss: 1.7722, Entropy: 0.6640, Epsilon: 0.178
2026-03-29 16:40:54 | INFO | Episode  333 - Reward: 9.000, Length: 9, Loss: 1.5844, Entropy: 0.6651, Epsilon: 0.176
2026-03-29 16:40:55 | INFO | Episode  334 - Reward: 11.000, Length: 11, Loss: 1.4887, Entropy: 0.6657, Epsilon: 0.173
2026-03-29 16:40:55 | INFO | Episode  335 - Reward: 11.000, Length: 11, Loss: 1.6639, Entropy: 0.6664, Epsilon: 0.171
2026-03-29 16:40:55 | INFO | Episode  336 - Reward: 8.000, Length: 8, Loss: 1.5992, Entropy: 0.6670, Epsilon: 0.168
2026-03-29 16:40:56 | INFO | Episode  337 - Reward: 11.000, Length: 11, Loss: 1.2319, Entropy: 0.6669, Epsilon: 0.166
2026-03-29 16:40:56 | INFO | Episode  338 - Reward: 10.000, Length: 10, Loss: 1.6402, Entropy: 0.6672, Epsilon: 0.163
2026-03-29 16:40:57 | INFO | Episode  339 - Reward: 12.000, Length: 12, Loss: 1.4146, Entropy: 0.6681, Epsilon: 0.161
2026-03-29 16:40:57 | INFO | Episode  340 - Reward: 9.000, Length: 9, Loss: 1.4068, Entropy: 0.6689, Epsilon: 0.158
2026-03-29 16:40:58 | INFO | Episode  341 - Reward: 10.000, Length: 10, Loss: 1.4270, Entropy: 0.6699, Epsilon: 0.156
2026-03-29 16:40:58 | INFO | Episode  342 - Reward: 12.000, Length: 12, Loss: 1.2774, Entropy: 0.6700, Epsilon: 0.154
2026-03-29 16:40:59 | INFO | Episode  343 - Reward: 9.000, Length: 9, Loss: 1.5671, Entropy: 0.6709, Epsilon: 0.151
2026-03-29 16:40:59 | INFO | Episode  344 - Reward: 10.000, Length: 10, Loss: 1.2183, Entropy: 0.6713, Epsilon: 0.149
2026-03-29 16:41:00 | INFO | Episode  345 - Reward: 9.000, Length: 9, Loss: 1.7360, Entropy: 0.6721, Epsilon: 0.146
2026-03-29 16:41:00 | INFO | Episode  346 - Reward: 10.000, Length: 10, Loss: 1.4520, Entropy: 0.6727, Epsilon: 0.144
2026-03-29 16:41:00 | INFO | Episode  347 - Reward: 9.000, Length: 9, Loss: 1.4050, Entropy: 0.6726, Epsilon: 0.141
2026-03-29 16:41:01 | INFO | Episode  348 - Reward: 10.000, Length: 10, Loss: 1.5710, Entropy: 0.6728, Epsilon: 0.139
2026-03-29 16:41:01 | INFO | Episode  349 - Reward: 14.000, Length: 14, Loss: 1.2703, Entropy: 0.6728, Epsilon: 0.136
2026-03-29 16:41:02 | INFO | Episode  350 - Reward: 9.000, Length: 9, Loss: 1.2412, Entropy: 0.6731, Epsilon: 0.134
2026-03-29 16:41:02 | INFO | [Episode  350] eps=0.134  avg_reward=  10.720  avg_length= 10.72  avg_loss=  1.4504  avg_entropy=0.6731  eval_success=0.000
2026-03-29 16:41:03 | INFO | Episode  351 - Reward: 11.000, Length: 11, Loss: 1.2210, Entropy: 0.6729, Epsilon: 0.131
2026-03-29 16:41:03 | INFO | Episode  352 - Reward: 13.000, Length: 13, Loss: 1.4426, Entropy: 0.6735, Epsilon: 0.129
2026-03-29 16:41:04 | INFO | Episode  353 - Reward: 10.000, Length: 10, Loss: 1.3024, Entropy: 0.6737, Epsilon: 0.126
2026-03-29 16:41:04 | INFO | Episode  354 - Reward: 9.000, Length: 9, Loss: 1.3758, Entropy: 0.6735, Epsilon: 0.124
2026-03-29 16:41:04 | INFO | Episode  355 - Reward: 8.000, Length: 8, Loss: 1.3993, Entropy: 0.6739, Epsilon: 0.121
2026-03-29 16:41:05 | INFO | Episode  356 - Reward: 9.000, Length: 9, Loss: 1.4500, Entropy: 0.6746, Epsilon: 0.119
2026-03-29 16:41:05 | INFO | Episode  357 - Reward: 10.000, Length: 10, Loss: 1.3551, Entropy: 0.6745, Epsilon: 0.116
2026-03-29 16:41:06 | INFO | Episode  358 - Reward: 9.000, Length: 9, Loss: 1.5368, Entropy: 0.6748, Epsilon: 0.114
2026-03-29 16:41:06 | INFO | Episode  359 - Reward: 9.000, Length: 9, Loss: 1.3197, Entropy: 0.6752, Epsilon: 0.111
2026-03-29 16:41:07 | INFO | Episode  360 - Reward: 10.000, Length: 10, Loss: 1.4983, Entropy: 0.6753, Epsilon: 0.109
2026-03-29 16:41:07 | INFO | Episode  361 - Reward: 13.000, Length: 13, Loss: 2.2313, Entropy: 0.6744, Epsilon: 0.107
2026-03-29 16:41:08 | INFO | Episode  362 - Reward: 9.000, Length: 9, Loss: 2.2474, Entropy: 0.6730, Epsilon: 0.104
2026-03-29 16:41:08 | INFO | Episode  363 - Reward: 10.000, Length: 10, Loss: 2.2914, Entropy: 0.6715, Epsilon: 0.102
2026-03-29 16:41:09 | INFO | Episode  364 - Reward: 9.000, Length: 9, Loss: 2.1782, Entropy: 0.6705, Epsilon: 0.099
2026-03-29 16:41:09 | INFO | Episode  365 - Reward: 10.000, Length: 10, Loss: 2.2721, Entropy: 0.6706, Epsilon: 0.097
2026-03-29 16:41:10 | INFO | Episode  366 - Reward: 10.000, Length: 10, Loss: 2.4043, Entropy: 0.6706, Epsilon: 0.094
2026-03-29 16:41:10 | INFO | Episode  367 - Reward: 11.000, Length: 11, Loss: 1.8874, Entropy: 0.6707, Epsilon: 0.092
2026-03-29 16:41:10 | INFO | Episode  368 - Reward: 10.000, Length: 10, Loss: 1.9600, Entropy: 0.6702, Epsilon: 0.089
2026-03-29 16:41:11 | INFO | Episode  369 - Reward: 11.000, Length: 11, Loss: 1.9554, Entropy: 0.6699, Epsilon: 0.087
2026-03-29 16:41:11 | INFO | Episode  370 - Reward: 10.000, Length: 10, Loss: 2.0008, Entropy: 0.6697, Epsilon: 0.084
2026-03-29 16:41:12 | INFO | Episode  371 - Reward: 10.000, Length: 10, Loss: 1.8092, Entropy: 0.6705, Epsilon: 0.082
2026-03-29 16:41:12 | INFO | Episode  372 - Reward: 10.000, Length: 10, Loss: 1.7629, Entropy: 0.6707, Epsilon: 0.079
2026-03-29 16:41:13 | INFO | Episode  373 - Reward: 8.000, Length: 8, Loss: 1.8501, Entropy: 0.6713, Epsilon: 0.077
2026-03-29 16:41:13 | INFO | Episode  374 - Reward: 10.000, Length: 10, Loss: 1.7688, Entropy: 0.6719, Epsilon: 0.074
2026-03-29 16:41:14 | INFO | Episode  375 - Reward: 8.000, Length: 8, Loss: 1.7285, Entropy: 0.6722, Epsilon: 0.072
2026-03-29 16:41:15 | INFO | Episode  376 - Reward: 9.000, Length: 9, Loss: 1.7681, Entropy: 0.6732, Epsilon: 0.069
2026-03-29 16:41:15 | INFO | Episode  377 - Reward: 9.000, Length: 9, Loss: 1.5134, Entropy: 0.6736, Epsilon: 0.067
2026-03-29 16:41:15 | INFO | Episode  378 - Reward: 12.000, Length: 12, Loss: 2.0031, Entropy: 0.6741, Epsilon: 0.064
2026-03-29 16:41:16 | INFO | Episode  379 - Reward: 9.000, Length: 9, Loss: 2.0009, Entropy: 0.6755, Epsilon: 0.062
2026-03-29 16:41:16 | INFO | Episode  380 - Reward: 9.000, Length: 9, Loss: 2.2801, Entropy: 0.6769, Epsilon: 0.059
2026-03-29 16:41:17 | INFO | Episode  381 - Reward: 9.000, Length: 9, Loss: 1.8697, Entropy: 0.6770, Epsilon: 0.057
2026-03-29 16:41:17 | INFO | Episode  382 - Reward: 10.000, Length: 10, Loss: 2.2144, Entropy: 0.6779, Epsilon: 0.055
2026-03-29 16:41:18 | INFO | Episode  383 - Reward: 9.000, Length: 9, Loss: 2.1376, Entropy: 0.6784, Epsilon: 0.052
2026-03-29 16:41:18 | INFO | Episode  384 - Reward: 9.000, Length: 9, Loss: 1.6096, Entropy: 0.6782, Epsilon: 0.050
2026-03-29 16:41:19 | INFO | Episode  385 - Reward: 10.000, Length: 10, Loss: 1.4731, Entropy: 0.6780, Epsilon: 0.047
2026-03-29 16:41:19 | INFO | Episode  386 - Reward: 10.000, Length: 10, Loss: 1.6548, Entropy: 0.6787, Epsilon: 0.045
2026-03-29 16:41:20 | INFO | Episode  387 - Reward: 8.000, Length: 8, Loss: 1.6886, Entropy: 0.6786, Epsilon: 0.042
2026-03-29 16:41:20 | INFO | Episode  388 - Reward: 9.000, Length: 9, Loss: 1.5385, Entropy: 0.6788, Epsilon: 0.040
2026-03-29 16:41:21 | INFO | Episode  389 - Reward: 9.000, Length: 9, Loss: 1.7560, Entropy: 0.6795, Epsilon: 0.037
2026-03-29 16:41:21 | INFO | Episode  390 - Reward: 10.000, Length: 10, Loss: 1.6554, Entropy: 0.6800, Epsilon: 0.035
2026-03-29 16:41:22 | INFO | Episode  391 - Reward: 9.000, Length: 9, Loss: 1.7028, Entropy: 0.6803, Epsilon: 0.032
2026-03-29 16:41:22 | INFO | Episode  392 - Reward: 10.000, Length: 10, Loss: 1.5823, Entropy: 0.6810, Epsilon: 0.030
2026-03-29 16:41:22 | INFO | Episode  393 - Reward: 10.000, Length: 10, Loss: 1.6419, Entropy: 0.6807, Epsilon: 0.027
2026-03-29 16:41:23 | INFO | Episode  394 - Reward: 9.000, Length: 9, Loss: 1.5560, Entropy: 0.6807, Epsilon: 0.025
2026-03-29 16:41:23 | INFO | Episode  395 - Reward: 9.000, Length: 9, Loss: 1.5421, Entropy: 0.6808, Epsilon: 0.022
2026-03-29 16:41:24 | INFO | Episode  396 - Reward: 11.000, Length: 11, Loss: 1.5497, Entropy: 0.6809, Epsilon: 0.020
2026-03-29 16:41:24 | INFO | Episode  397 - Reward: 9.000, Length: 9, Loss: 1.7391, Entropy: 0.6810, Epsilon: 0.017
2026-03-29 16:41:25 | INFO | Episode  398 - Reward: 10.000, Length: 10, Loss: 1.3524, Entropy: 0.6816, Epsilon: 0.015
2026-03-29 16:41:25 | INFO | Episode  399 - Reward: 10.000, Length: 10, Loss: 1.5405, Entropy: 0.6821, Epsilon: 0.012
2026-03-29 16:41:26 | INFO | Episode  400 - Reward: 10.000, Length: 10, Loss: 1.9546, Entropy: 0.6830, Epsilon: 0.010
2026-03-29 16:41:26 | INFO | [Episode  400] eps=0.010  avg_reward=   9.700  avg_length=  9.70  avg_loss=  1.7515  avg_entropy=0.6830  eval_success=0.000
2026-03-29 16:41:27 | INFO | Episode  401 - Reward: 10.000, Length: 10, Loss: 1.5926, Entropy: 0.6832, Epsilon: 0.010
2026-03-29 16:41:27 | INFO | Episode  402 - Reward: 10.000, Length: 10, Loss: 1.2966, Entropy: 0.6824, Epsilon: 0.010
2026-03-29 16:41:28 | INFO | Episode  403 - Reward: 10.000, Length: 10, Loss: 1.3582, Entropy: 0.6824, Epsilon: 0.010
2026-03-29 16:41:28 | INFO | Episode  404 - Reward: 9.000, Length: 9, Loss: 1.6228, Entropy: 0.6827, Epsilon: 0.010
2026-03-29 16:41:28 | INFO | Episode  405 - Reward: 9.000, Length: 9, Loss: 1.8546, Entropy: 0.6833, Epsilon: 0.010
2026-03-29 16:41:29 | INFO | Episode  406 - Reward: 10.000, Length: 10, Loss: 1.5255, Entropy: 0.6837, Epsilon: 0.010
2026-03-29 16:41:29 | INFO | Episode  407 - Reward: 9.000, Length: 9, Loss: 1.5148, Entropy: 0.6835, Epsilon: 0.010
2026-03-29 16:41:30 | INFO | Episode  408 - Reward: 9.000, Length: 9, Loss: 1.5255, Entropy: 0.6831, Epsilon: 0.010
2026-03-29 16:41:30 | INFO | Episode  409 - Reward: 10.000, Length: 10, Loss: 1.7097, Entropy: 0.6834, Epsilon: 0.010
2026-03-29 16:41:31 | INFO | Episode  410 - Reward: 10.000, Length: 10, Loss: 1.9276, Entropy: 0.6837, Epsilon: 0.010
2026-03-29 16:41:31 | INFO | Episode  411 - Reward: 10.000, Length: 10, Loss: 1.5040, Entropy: 0.6841, Epsilon: 0.010
2026-03-29 16:41:32 | INFO | Episode  412 - Reward: 10.000, Length: 10, Loss: 1.6417, Entropy: 0.6845, Epsilon: 0.010
2026-03-29 16:41:32 | INFO | Episode  413 - Reward: 9.000, Length: 9, Loss: 2.5619, Entropy: 0.6843, Epsilon: 0.010
2026-03-29 16:41:33 | INFO | Episode  414 - Reward: 9.000, Length: 9, Loss: 1.8559, Entropy: 0.6827, Epsilon: 0.010
2026-03-29 16:41:33 | INFO | Episode  415 - Reward: 8.000, Length: 8, Loss: 2.2642, Entropy: 0.6834, Epsilon: 0.010
2026-03-29 16:41:34 | INFO | Episode  416 - Reward: 9.000, Length: 9, Loss: 1.9935, Entropy: 0.6829, Epsilon: 0.010
2026-03-29 16:41:34 | INFO | Episode  417 - Reward: 10.000, Length: 10, Loss: 1.9079, Entropy: 0.6832, Epsilon: 0.010
2026-03-29 16:41:35 | INFO | Episode  418 - Reward: 10.000, Length: 10, Loss: 2.2383, Entropy: 0.6838, Epsilon: 0.010
2026-03-29 16:41:35 | INFO | Episode  419 - Reward: 8.000, Length: 8, Loss: 2.2000, Entropy: 0.6841, Epsilon: 0.010
2026-03-29 16:41:35 | INFO | Episode  420 - Reward: 10.000, Length: 10, Loss: 2.0826, Entropy: 0.6845, Epsilon: 0.010
2026-03-29 16:41:36 | INFO | Episode  421 - Reward: 8.000, Length: 8, Loss: 1.8428, Entropy: 0.6853, Epsilon: 0.010
2026-03-29 16:41:36 | INFO | Episode  422 - Reward: 10.000, Length: 10, Loss: 1.9267, Entropy: 0.6859, Epsilon: 0.010
2026-03-29 16:41:37 | INFO | Episode  423 - Reward: 9.000, Length: 9, Loss: 1.9918, Entropy: 0.6864, Epsilon: 0.010
2026-03-29 16:41:37 | INFO | Episode  424 - Reward: 9.000, Length: 9, Loss: 1.8912, Entropy: 0.6864, Epsilon: 0.010
2026-03-29 16:41:38 | INFO | Episode  425 - Reward: 10.000, Length: 10, Loss: 2.0771, Entropy: 0.6870, Epsilon: 0.010
2026-03-29 16:41:38 | INFO | Episode  426 - Reward: 9.000, Length: 9, Loss: 1.9189, Entropy: 0.6871, Epsilon: 0.010
2026-03-29 16:41:39 | INFO | Episode  427 - Reward: 10.000, Length: 10, Loss: 2.2200, Entropy: 0.6877, Epsilon: 0.010
2026-03-29 16:41:39 | INFO | Episode  428 - Reward: 9.000, Length: 9, Loss: 1.8980, Entropy: 0.6881, Epsilon: 0.010
2026-03-29 16:41:40 | INFO | Episode  429 - Reward: 10.000, Length: 10, Loss: 1.5320, Entropy: 0.6883, Epsilon: 0.010
2026-03-29 16:41:40 | INFO | Episode  430 - Reward: 9.000, Length: 9, Loss: 1.7001, Entropy: 0.6885, Epsilon: 0.010
2026-03-29 16:41:41 | INFO | Episode  431 - Reward: 8.000, Length: 8, Loss: 1.8556, Entropy: 0.6885, Epsilon: 0.010
2026-03-29 16:41:41 | INFO | Episode  432 - Reward: 10.000, Length: 10, Loss: 1.4910, Entropy: 0.6883, Epsilon: 0.010
2026-03-29 16:41:42 | INFO | Episode  433 - Reward: 8.000, Length: 8, Loss: 2.0677, Entropy: 0.6889, Epsilon: 0.010
2026-03-29 16:41:42 | INFO | Episode  434 - Reward: 8.000, Length: 8, Loss: 1.5685, Entropy: 0.6895, Epsilon: 0.010
2026-03-29 16:41:43 | INFO | Episode  435 - Reward: 9.000, Length: 9, Loss: 1.4516, Entropy: 0.6893, Epsilon: 0.010
2026-03-29 16:41:43 | INFO | Episode  436 - Reward: 9.000, Length: 9, Loss: 1.8429, Entropy: 0.6898, Epsilon: 0.010
2026-03-29 16:41:44 | INFO | Episode  437 - Reward: 10.000, Length: 10, Loss: 1.7615, Entropy: 0.6901, Epsilon: 0.010
2026-03-29 16:41:44 | INFO | Episode  438 - Reward: 8.000, Length: 8, Loss: 1.6074, Entropy: 0.6904, Epsilon: 0.010
2026-03-29 16:41:44 | INFO | Episode  439 - Reward: 9.000, Length: 9, Loss: 2.2064, Entropy: 0.6908, Epsilon: 0.010
2026-03-29 16:41:45 | INFO | Episode  440 - Reward: 9.000, Length: 9, Loss: 1.5148, Entropy: 0.6908, Epsilon: 0.010
2026-03-29 16:41:45 | INFO | Episode  441 - Reward: 10.000, Length: 10, Loss: 1.8304, Entropy: 0.6908, Epsilon: 0.010
2026-03-29 16:41:46 | INFO | Episode  442 - Reward: 9.000, Length: 9, Loss: 1.6875, Entropy: 0.6909, Epsilon: 0.010
2026-03-29 16:41:46 | INFO | Episode  443 - Reward: 12.000, Length: 12, Loss: 1.9464, Entropy: 0.6912, Epsilon: 0.010
2026-03-29 16:41:47 | INFO | Episode  444 - Reward: 9.000, Length: 9, Loss: 1.6187, Entropy: 0.6912, Epsilon: 0.010
2026-03-29 16:41:47 | INFO | Episode  445 - Reward: 11.000, Length: 11, Loss: 1.8182, Entropy: 0.6915, Epsilon: 0.010
2026-03-29 16:41:48 | INFO | Episode  446 - Reward: 10.000, Length: 10, Loss: 1.5383, Entropy: 0.6916, Epsilon: 0.010
2026-03-29 16:41:48 | INFO | Episode  447 - Reward: 11.000, Length: 11, Loss: 1.4402, Entropy: 0.6916, Epsilon: 0.010
2026-03-29 16:41:49 | INFO | Episode  448 - Reward: 10.000, Length: 10, Loss: 1.9531, Entropy: 0.6917, Epsilon: 0.010
2026-03-29 16:41:49 | INFO | Episode  449 - Reward: 11.000, Length: 11, Loss: 1.2559, Entropy: 0.6917, Epsilon: 0.010
2026-03-29 16:41:50 | INFO | Episode  450 - Reward: 9.000, Length: 9, Loss: 1.7659, Entropy: 0.6918, Epsilon: 0.010
2026-03-29 16:41:50 | INFO | [Episode  450] eps=0.010  avg_reward=   9.440  avg_length=  9.44  avg_loss=  1.7880  avg_entropy=0.6918  eval_success=0.000
2026-03-29 16:41:51 | INFO | Episode  451 - Reward: 9.000, Length: 9, Loss: 1.8093, Entropy: 0.6918, Epsilon: 0.010
2026-03-29 16:41:51 | INFO | Episode  452 - Reward: 11.000, Length: 11, Loss: 1.9012, Entropy: 0.6919, Epsilon: 0.010
2026-03-29 16:41:51 | INFO | Episode  453 - Reward: 12.000, Length: 12, Loss: 1.6889, Entropy: 0.6919, Epsilon: 0.010
2026-03-29 16:41:52 | INFO | Episode  454 - Reward: 12.000, Length: 12, Loss: 1.6496, Entropy: 0.6918, Epsilon: 0.010
2026-03-29 16:41:52 | INFO | Episode  455 - Reward: 10.000, Length: 10, Loss: 1.6857, Entropy: 0.6918, Epsilon: 0.010
2026-03-29 16:41:53 | INFO | Episode  456 - Reward: 10.000, Length: 10, Loss: 1.5505, Entropy: 0.6917, Epsilon: 0.010
2026-03-29 16:41:53 | INFO | Episode  457 - Reward: 11.000, Length: 11, Loss: 1.8151, Entropy: 0.6917, Epsilon: 0.010
2026-03-29 16:41:54 | INFO | Episode  458 - Reward: 13.000, Length: 13, Loss: 1.4721, Entropy: 0.6918, Epsilon: 0.010
2026-03-29 16:41:54 | INFO | Episode  459 - Reward: 12.000, Length: 12, Loss: 1.4217, Entropy: 0.6918, Epsilon: 0.010
2026-03-29 16:41:55 | INFO | Episode  460 - Reward: 13.000, Length: 13, Loss: 1.5994, Entropy: 0.6918, Epsilon: 0.010
2026-03-29 16:41:56 | INFO | Episode  461 - Reward: 10.000, Length: 10, Loss: 1.6284, Entropy: 0.6919, Epsilon: 0.010
2026-03-29 16:41:56 | INFO | Episode  462 - Reward: 12.000, Length: 12, Loss: 1.5054, Entropy: 0.6919, Epsilon: 0.010
2026-03-29 16:41:57 | INFO | Episode  463 - Reward: 12.000, Length: 12, Loss: 1.9149, Entropy: 0.6915, Epsilon: 0.010
2026-03-29 16:41:57 | INFO | Episode  464 - Reward: 9.000, Length: 9, Loss: 1.9408, Entropy: 0.6916, Epsilon: 0.010
2026-03-29 16:41:58 | INFO | Episode  465 - Reward: 10.000, Length: 10, Loss: 2.0906, Entropy: 0.6916, Epsilon: 0.010
2026-03-29 16:41:58 | INFO | Episode  466 - Reward: 14.000, Length: 14, Loss: 2.3891, Entropy: 0.6916, Epsilon: 0.010
2026-03-29 16:41:59 | INFO | Episode  467 - Reward: 9.000, Length: 9, Loss: 2.0347, Entropy: 0.6919, Epsilon: 0.010
2026-03-29 16:41:59 | INFO | Episode  468 - Reward: 11.000, Length: 11, Loss: 2.1091, Entropy: 0.6919, Epsilon: 0.010
2026-03-29 16:41:59 | INFO | Episode  469 - Reward: 11.000, Length: 11, Loss: 1.6312, Entropy: 0.6918, Epsilon: 0.010
2026-03-29 16:42:00 | INFO | Episode  470 - Reward: 11.000, Length: 11, Loss: 1.7440, Entropy: 0.6918, Epsilon: 0.010
2026-03-29 16:42:00 | INFO | Episode  471 - Reward: 13.000, Length: 13, Loss: 1.7728, Entropy: 0.6919, Epsilon: 0.010
2026-03-29 16:42:01 | INFO | Episode  472 - Reward: 11.000, Length: 11, Loss: 1.7066, Entropy: 0.6920, Epsilon: 0.010
2026-03-29 16:42:01 | INFO | Episode  473 - Reward: 14.000, Length: 14, Loss: 1.7786, Entropy: 0.6920, Epsilon: 0.010
2026-03-29 16:42:02 | INFO | Episode  474 - Reward: 10.000, Length: 10, Loss: 1.6950, Entropy: 0.6920, Epsilon: 0.010
2026-03-29 16:42:02 | INFO | Episode  475 - Reward: 12.000, Length: 12, Loss: 1.5940, Entropy: 0.6921, Epsilon: 0.010
2026-03-29 16:42:03 | INFO | Episode  476 - Reward: 14.000, Length: 14, Loss: 2.0141, Entropy: 0.6921, Epsilon: 0.010
2026-03-29 16:42:03 | INFO | Episode  477 - Reward: 13.000, Length: 13, Loss: 1.7107, Entropy: 0.6922, Epsilon: 0.010
2026-03-29 16:42:04 | INFO | Episode  478 - Reward: 16.000, Length: 16, Loss: 1.6105, Entropy: 0.6922, Epsilon: 0.010
2026-03-29 16:42:04 | INFO | Episode  479 - Reward: 14.000, Length: 14, Loss: 1.7241, Entropy: 0.6922, Epsilon: 0.010
2026-03-29 16:42:05 | INFO | Episode  480 - Reward: 16.000, Length: 16, Loss: 1.4878, Entropy: 0.6922, Epsilon: 0.010
2026-03-29 16:42:05 | INFO | Episode  481 - Reward: 16.000, Length: 16, Loss: 1.6470, Entropy: 0.6920, Epsilon: 0.010
2026-03-29 16:42:06 | INFO | Episode  482 - Reward: 17.000, Length: 17, Loss: 1.2971, Entropy: 0.6920, Epsilon: 0.010
2026-03-29 16:42:06 | INFO | Episode  483 - Reward: 27.000, Length: 27, Loss: 1.8123, Entropy: 0.6919, Epsilon: 0.010
2026-03-29 16:42:07 | INFO | Episode  484 - Reward: 28.000, Length: 28, Loss: 1.5178, Entropy: 0.6918, Epsilon: 0.010
2026-03-29 16:42:07 | INFO | Episode  485 - Reward: 35.000, Length: 35, Loss: 1.6798, Entropy: 0.6917, Epsilon: 0.010
2026-03-29 16:42:07 | INFO | Episode  486 - Reward: 53.000, Length: 53, Loss: 1.7915, Entropy: 0.6917, Epsilon: 0.010
2026-03-29 16:42:08 | INFO | Episode  487 - Reward: 27.000, Length: 27, Loss: 1.9930, Entropy: 0.6912, Epsilon: 0.010
2026-03-29 16:42:08 | INFO | Episode  488 - Reward: 11.000, Length: 11, Loss: 1.2888, Entropy: 0.6912, Epsilon: 0.010
2026-03-29 16:42:09 | INFO | Episode  489 - Reward: 10.000, Length: 10, Loss: 1.5114, Entropy: 0.6909, Epsilon: 0.010
2026-03-29 16:42:09 | INFO | Episode  490 - Reward: 8.000, Length: 8, Loss: 1.7175, Entropy: 0.6908, Epsilon: 0.010
2026-03-29 16:42:10 | INFO | Episode  491 - Reward: 9.000, Length: 9, Loss: 1.5862, Entropy: 0.6907, Epsilon: 0.010
2026-03-29 16:42:10 | INFO | Episode  492 - Reward: 10.000, Length: 10, Loss: 1.7516, Entropy: 0.6903, Epsilon: 0.010
2026-03-29 16:42:11 | INFO | Episode  493 - Reward: 9.000, Length: 9, Loss: 1.5693, Entropy: 0.6903, Epsilon: 0.010
2026-03-29 16:42:11 | INFO | Episode  494 - Reward: 10.000, Length: 10, Loss: 1.6075, Entropy: 0.6902, Epsilon: 0.010
2026-03-29 16:42:12 | INFO | Episode  495 - Reward: 9.000, Length: 9, Loss: 1.9449, Entropy: 0.6899, Epsilon: 0.010
2026-03-29 16:42:12 | INFO | Episode  496 - Reward: 10.000, Length: 10, Loss: 1.8587, Entropy: 0.6899, Epsilon: 0.010
2026-03-29 16:42:13 | INFO | Episode  497 - Reward: 10.000, Length: 10, Loss: 2.4283, Entropy: 0.6900, Epsilon: 0.010
2026-03-29 16:42:13 | INFO | Episode  498 - Reward: 10.000, Length: 10, Loss: 2.0047, Entropy: 0.6901, Epsilon: 0.010
2026-03-29 16:42:14 | INFO | Episode  499 - Reward: 9.000, Length: 9, Loss: 2.3294, Entropy: 0.6902, Epsilon: 0.010
2026-03-29 16:42:14 | INFO | Episode  500 - Reward: 10.000, Length: 10, Loss: 1.9169, Entropy: 0.6902, Epsilon: 0.010
2026-03-29 16:42:15 | INFO | [Episode  500] eps=0.010  avg_reward=  13.660  avg_length= 13.66  avg_loss=  1.7586  avg_entropy=0.6902  eval_success=0.000
2026-03-29 16:42:15 | INFO | DQN+Entropy training: 4m 15.60s
2026-03-29 16:42:16 | INFO | [Final Eval] success=0.000, mean_reward=9.310
