2026-03-29 11:48:48 | INFO | ============================================================
2026-03-29 11:48:48 | INFO | DEVICE / COMPUTE INFORMATION
2026-03-29 11:48:48 | INFO |   JAX backend       : GPU
2026-03-29 11:48:48 | INFO |   Platform          : gpu
2026-03-29 11:48:48 | INFO |   Num devices       : 2
2026-03-29 11:48:48 | INFO |   Device            : cuda:0
2026-03-29 11:48:48 | INFO |   Device            : cuda:1
2026-03-29 11:48:48 | INFO |   GPU name          : Tesla T4
2026-03-29 11:48:48 | INFO | ============================================================
2026-03-29 11:48:48 | INFO | DQN+Entropy | seed=0, lr=0.01, gamma=0.95, alpha=0.05
2026-03-29 11:48:48 | INFO | Env: mountaincar/dense, obs_dim=2, num_actions=3
2026-03-29 11:48:52 | INFO | Episode    1 - Reward: -200.000, Length: 200, Loss: 0.0000, Entropy: 0.0000, Epsilon: 0.998
2026-03-29 11:48:58 | INFO | Episode    2 - Reward: -200.000, Length: 200, Loss: 0.8933, Entropy: 1.0985, Epsilon: 0.995
2026-03-29 11:49:00 | INFO | Episode    3 - Reward: -200.000, Length: 200, Loss: 0.8208, Entropy: 1.0986, Epsilon: 0.993
2026-03-29 11:49:03 | INFO | Episode    4 - Reward: -200.000, Length: 200, Loss: 0.8958, Entropy: 1.0986, Epsilon: 0.990
2026-03-29 11:49:05 | INFO | Episode    5 - Reward: -200.000, Length: 200, Loss: 0.8301, Entropy: 1.0986, Epsilon: 0.988
2026-03-29 11:49:08 | INFO | Episode    6 - Reward: -200.000, Length: 200, Loss: 0.8918, Entropy: 1.0986, Epsilon: 0.985
2026-03-29 11:49:11 | INFO | Episode    7 - Reward: -200.000, Length: 200, Loss: 0.8244, Entropy: 1.0986, Epsilon: 0.983
2026-03-29 11:49:13 | INFO | Episode    8 - Reward: -200.000, Length: 200, Loss: 0.7622, Entropy: 1.0986, Epsilon: 0.980
2026-03-29 11:49:16 | INFO | Episode    9 - Reward: -200.000, Length: 200, Loss: 0.8784, Entropy: 1.0986, Epsilon: 0.978
2026-03-29 11:49:19 | INFO | Episode   10 - Reward: -200.000, Length: 200, Loss: 0.8075, Entropy: 1.0986, Epsilon: 0.975
2026-03-29 11:49:21 | INFO | Episode   11 - Reward: -200.000, Length: 200, Loss: 0.8672, Entropy: 1.0986, Epsilon: 0.973
2026-03-29 11:49:24 | INFO | Episode   12 - Reward: -200.000, Length: 200, Loss: 0.7895, Entropy: 1.0986, Epsilon: 0.970
2026-03-29 11:49:27 | INFO | Episode   13 - Reward: -200.000, Length: 200, Loss: 0.7236, Entropy: 1.0985, Epsilon: 0.968
2026-03-29 11:49:29 | INFO | Episode   14 - Reward: -200.000, Length: 200, Loss: 0.8413, Entropy: 1.0985, Epsilon: 0.965
2026-03-29 11:49:32 | INFO | Episode   15 - Reward: -200.000, Length: 200, Loss: 0.7596, Entropy: 1.0985, Epsilon: 0.963
2026-03-29 11:49:34 | INFO | Episode   16 - Reward: -200.000, Length: 200, Loss: 0.8152, Entropy: 1.0984, Epsilon: 0.960
2026-03-29 11:49:37 | INFO | Episode   17 - Reward: -200.000, Length: 200, Loss: 0.7294, Entropy: 1.0984, Epsilon: 0.958
2026-03-29 11:49:40 | INFO | Episode   18 - Reward: -200.000, Length: 200, Loss: 0.6506, Entropy: 1.0983, Epsilon: 0.955
2026-03-29 11:49:43 | INFO | Episode   19 - Reward: -200.000, Length: 200, Loss: 0.7767, Entropy: 1.0982, Epsilon: 0.953
2026-03-29 11:49:46 | INFO | Episode   20 - Reward: -200.000, Length: 200, Loss: 0.6854, Entropy: 1.0982, Epsilon: 0.951
2026-03-29 11:49:49 | INFO | Episode   21 - Reward: -200.000, Length: 200, Loss: 0.7615, Entropy: 1.0982, Epsilon: 0.948
2026-03-29 11:49:51 | INFO | Episode   22 - Reward: -200.000, Length: 200, Loss: 0.6580, Entropy: 1.0981, Epsilon: 0.946
2026-03-29 11:49:54 | INFO | Episode   23 - Reward: -200.000, Length: 200, Loss: 0.5587, Entropy: 1.0981, Epsilon: 0.943
2026-03-29 11:49:57 | INFO | Episode   24 - Reward: -200.000, Length: 200, Loss: 0.7348, Entropy: 1.0981, Epsilon: 0.941
2026-03-29 11:49:59 | INFO | Episode   25 - Reward: -200.000, Length: 200, Loss: 0.6078, Entropy: 1.0981, Epsilon: 0.938
2026-03-29 11:50:02 | INFO | Episode   26 - Reward: -200.000, Length: 200, Loss: 0.7085, Entropy: 1.0981, Epsilon: 0.936
2026-03-29 11:50:05 | INFO | Episode   27 - Reward: -200.000, Length: 200, Loss: 0.5640, Entropy: 1.0981, Epsilon: 0.933
2026-03-29 11:50:07 | INFO | Episode   28 - Reward: -200.000, Length: 200, Loss: 0.4349, Entropy: 1.0980, Epsilon: 0.931
2026-03-29 11:50:10 | INFO | Episode   29 - Reward: -200.000, Length: 200, Loss: 0.6631, Entropy: 1.0979, Epsilon: 0.928
2026-03-29 11:50:13 | INFO | Episode   30 - Reward: -200.000, Length: 200, Loss: 0.4882, Entropy: 1.0979, Epsilon: 0.926
2026-03-29 11:50:15 | INFO | Episode   31 - Reward: -200.000, Length: 200, Loss: 0.6359, Entropy: 1.0979, Epsilon: 0.923
2026-03-29 11:50:18 | INFO | Episode   32 - Reward: -200.000, Length: 200, Loss: 0.4275, Entropy: 1.0980, Epsilon: 0.921
2026-03-29 11:50:21 | INFO | Episode   33 - Reward: -200.000, Length: 200, Loss: 0.2679, Entropy: 1.0981, Epsilon: 0.918
2026-03-29 11:50:23 | INFO | Episode   34 - Reward: -200.000, Length: 200, Loss: 0.5928, Entropy: 1.0981, Epsilon: 0.916
2026-03-29 11:50:26 | INFO | Episode   35 - Reward: -200.000, Length: 200, Loss: 0.3399, Entropy: 1.0981, Epsilon: 0.913
2026-03-29 11:50:28 | INFO | Episode   36 - Reward: -200.000, Length: 200, Loss: 0.5480, Entropy: 1.0981, Epsilon: 0.911
2026-03-29 11:50:31 | INFO | Episode   37 - Reward: -200.000, Length: 200, Loss: 0.2448, Entropy: 1.0981, Epsilon: 0.908
2026-03-29 11:50:34 | INFO | Episode   38 - Reward: -200.000, Length: 200, Loss: 0.0987, Entropy: 1.0983, Epsilon: 0.906
2026-03-29 11:50:36 | INFO | Episode   39 - Reward: -200.000, Length: 200, Loss: 0.4579, Entropy: 1.0982, Epsilon: 0.903
2026-03-29 11:50:39 | INFO | Episode   40 - Reward: -200.000, Length: 200, Loss: 0.1596, Entropy: 1.0983, Epsilon: 0.901
2026-03-29 11:50:42 | INFO | Episode   41 - Reward: -200.000, Length: 200, Loss: 0.3874, Entropy: 1.0984, Epsilon: 0.899
2026-03-29 11:50:45 | INFO | Episode   42 - Reward: -200.000, Length: 200, Loss: 0.0711, Entropy: 1.0985, Epsilon: 0.896
2026-03-29 11:50:47 | INFO | Episode   43 - Reward: -200.000, Length: 200, Loss: 0.0286, Entropy: 1.0986, Epsilon: 0.894
2026-03-29 11:50:50 | INFO | Episode   44 - Reward: -200.000, Length: 200, Loss: 0.3226, Entropy: 1.0986, Epsilon: 0.891
2026-03-29 11:50:53 | INFO | Episode   45 - Reward: -200.000, Length: 200, Loss: 0.0664, Entropy: 1.0986, Epsilon: 0.889
2026-03-29 11:50:55 | INFO | Episode   46 - Reward: -200.000, Length: 200, Loss: 0.3349, Entropy: 1.0986, Epsilon: 0.886
2026-03-29 11:50:58 | INFO | Episode   47 - Reward: -200.000, Length: 200, Loss: -0.0082, Entropy: 1.0985, Epsilon: 0.884
2026-03-29 11:51:01 | INFO | Episode   48 - Reward: -200.000, Length: 200, Loss: 0.0547, Entropy: 1.0985, Epsilon: 0.881
2026-03-29 11:51:03 | INFO | Episode   49 - Reward: -200.000, Length: 200, Loss: 0.2199, Entropy: 1.0985, Epsilon: 0.879
2026-03-29 11:51:06 | INFO | Episode   50 - Reward: -200.000, Length: 200, Loss: 0.0806, Entropy: 1.0986, Epsilon: 0.876
2026-03-29 11:52:08 | INFO | [Episode   50] eps=0.876  avg_reward=-200.000  avg_length=200.00  avg_loss=  0.5351  avg_entropy=1.0986  eval_success=0.000
2026-03-29 11:52:11 | INFO | Episode   51 - Reward: -200.000, Length: 200, Loss: 0.2358, Entropy: 1.0985, Epsilon: 0.874
2026-03-29 11:52:13 | INFO | Episode   52 - Reward: -200.000, Length: 200, Loss: 0.0965, Entropy: 1.0985, Epsilon: 0.871
2026-03-29 11:52:16 | INFO | Episode   53 - Reward: -200.000, Length: 200, Loss: 0.1175, Entropy: 1.0986, Epsilon: 0.869
2026-03-29 11:52:19 | INFO | Episode   54 - Reward: -200.000, Length: 200, Loss: 0.3702, Entropy: 1.0985, Epsilon: 0.866
2026-03-29 11:52:21 | INFO | Episode   55 - Reward: -200.000, Length: 200, Loss: 0.1211, Entropy: 1.0985, Epsilon: 0.864
2026-03-29 11:52:24 | INFO | Episode   56 - Reward: -200.000, Length: 200, Loss: 0.4014, Entropy: 1.0985, Epsilon: 0.861
2026-03-29 11:52:27 | INFO | Episode   57 - Reward: -200.000, Length: 200, Loss: 0.2449, Entropy: 1.0985, Epsilon: 0.859
2026-03-29 11:52:29 | INFO | Episode   58 - Reward: -200.000, Length: 200, Loss: 0.3290, Entropy: 1.0986, Epsilon: 0.856
2026-03-29 11:52:32 | INFO | Episode   59 - Reward: -200.000, Length: 200, Loss: 0.3124, Entropy: 1.0985, Epsilon: 0.854
2026-03-29 11:52:35 | INFO | Episode   60 - Reward: -200.000, Length: 200, Loss: 0.2551, Entropy: 1.0984, Epsilon: 0.852
2026-03-29 11:52:37 | INFO | Episode   61 - Reward: -200.000, Length: 200, Loss: 0.4948, Entropy: 1.0985, Epsilon: 0.849
2026-03-29 11:52:40 | INFO | Episode   62 - Reward: -200.000, Length: 200, Loss: 0.4619, Entropy: 1.0983, Epsilon: 0.847
2026-03-29 11:52:42 | INFO | Episode   63 - Reward: -200.000, Length: 200, Loss: 0.0665, Entropy: 1.0986, Epsilon: 0.844
2026-03-29 11:52:45 | INFO | Episode   64 - Reward: -200.000, Length: 200, Loss: 0.5226, Entropy: 1.0984, Epsilon: 0.842
2026-03-29 11:52:48 | INFO | Episode   65 - Reward: -200.000, Length: 200, Loss: 0.5272, Entropy: 1.0982, Epsilon: 0.839
2026-03-29 11:52:50 | INFO | Episode   66 - Reward: -200.000, Length: 200, Loss: 0.6427, Entropy: 1.0983, Epsilon: 0.837
2026-03-29 11:52:53 | INFO | Episode   67 - Reward: -200.000, Length: 200, Loss: 0.2990, Entropy: 1.0983, Epsilon: 0.834
2026-03-29 11:52:56 | INFO | Episode   68 - Reward: -200.000, Length: 200, Loss: 0.2869, Entropy: 1.0979, Epsilon: 0.832
2026-03-29 11:52:59 | INFO | Episode   69 - Reward: -200.000, Length: 200, Loss: 0.2694, Entropy: 1.0983, Epsilon: 0.829
2026-03-29 11:53:02 | INFO | Episode   70 - Reward: -200.000, Length: 200, Loss: 0.6489, Entropy: 1.0982, Epsilon: 0.827
2026-03-29 11:53:04 | INFO | Episode   71 - Reward: -200.000, Length: 200, Loss: 0.3021, Entropy: 1.0985, Epsilon: 0.824
2026-03-29 11:53:07 | INFO | Episode   72 - Reward: -200.000, Length: 200, Loss: 0.4068, Entropy: 1.0980, Epsilon: 0.822
2026-03-29 11:53:10 | INFO | Episode   73 - Reward: -200.000, Length: 200, Loss: 0.3642, Entropy: 1.0985, Epsilon: 0.819
2026-03-29 11:53:12 | INFO | Episode   74 - Reward: -200.000, Length: 200, Loss: 0.6995, Entropy: 1.0979, Epsilon: 0.817
2026-03-29 11:53:15 | INFO | Episode   75 - Reward: -200.000, Length: 200, Loss: 0.2616, Entropy: 1.0984, Epsilon: 0.814
2026-03-29 11:53:18 | INFO | Episode   76 - Reward: -200.000, Length: 200, Loss: 0.9924, Entropy: 1.0982, Epsilon: 0.812
2026-03-29 11:53:20 | INFO | Episode   77 - Reward: -200.000, Length: 200, Loss: 0.5263, Entropy: 1.0982, Epsilon: 0.809
2026-03-29 11:53:23 | INFO | Episode   78 - Reward: -200.000, Length: 200, Loss: 0.6365, Entropy: 1.0979, Epsilon: 0.807
2026-03-29 11:53:25 | INFO | Episode   79 - Reward: -200.000, Length: 200, Loss: 0.3403, Entropy: 1.0981, Epsilon: 0.804
2026-03-29 11:53:28 | INFO | Episode   80 - Reward: -200.000, Length: 200, Loss: 1.0252, Entropy: 1.0978, Epsilon: 0.802
2026-03-29 11:53:31 | INFO | Episode   81 - Reward: -200.000, Length: 200, Loss: 0.3401, Entropy: 1.0984, Epsilon: 0.800
2026-03-29 11:53:33 | INFO | Episode   82 - Reward: -200.000, Length: 200, Loss: 0.8490, Entropy: 1.0984, Epsilon: 0.797
2026-03-29 11:53:36 | INFO | Episode   83 - Reward: -200.000, Length: 200, Loss: 0.6183, Entropy: 1.0982, Epsilon: 0.795
2026-03-29 11:53:39 | INFO | Episode   84 - Reward: -200.000, Length: 200, Loss: 0.9210, Entropy: 1.0977, Epsilon: 0.792
2026-03-29 11:53:41 | INFO | Episode   85 - Reward: -200.000, Length: 200, Loss: 0.9375, Entropy: 1.0981, Epsilon: 0.790
2026-03-29 11:53:44 | INFO | Episode   86 - Reward: -200.000, Length: 200, Loss: 0.5183, Entropy: 1.0971, Epsilon: 0.787
2026-03-29 11:53:47 | INFO | Episode   87 - Reward: -200.000, Length: 200, Loss: 0.5141, Entropy: 1.0979, Epsilon: 0.785
2026-03-29 11:53:49 | INFO | Episode   88 - Reward: -200.000, Length: 200, Loss: 1.2345, Entropy: 1.0980, Epsilon: 0.782
2026-03-29 11:53:52 | INFO | Episode   89 - Reward: -200.000, Length: 200, Loss: 0.6024, Entropy: 1.0970, Epsilon: 0.780
2026-03-29 11:53:54 | INFO | Episode   90 - Reward: -200.000, Length: 200, Loss: 0.8284, Entropy: 1.0978, Epsilon: 0.777
2026-03-29 11:53:57 | INFO | Episode   91 - Reward: -200.000, Length: 200, Loss: 0.5573, Entropy: 1.0973, Epsilon: 0.775
2026-03-29 11:53:59 | INFO | Episode   92 - Reward: -200.000, Length: 200, Loss: 1.0620, Entropy: 1.0976, Epsilon: 0.772
2026-03-29 11:54:02 | INFO | Episode   93 - Reward: -200.000, Length: 200, Loss: 0.4133, Entropy: 1.0984, Epsilon: 0.770
2026-03-29 11:54:04 | INFO | Episode   94 - Reward: -200.000, Length: 200, Loss: 1.0393, Entropy: 1.0981, Epsilon: 0.767
2026-03-29 11:54:07 | INFO | Episode   95 - Reward: -200.000, Length: 200, Loss: 0.7300, Entropy: 1.0977, Epsilon: 0.765
2026-03-29 11:54:10 | INFO | Episode   96 - Reward: -200.000, Length: 200, Loss: 0.6879, Entropy: 1.0983, Epsilon: 0.762
2026-03-29 11:54:12 | INFO | Episode   97 - Reward: -200.000, Length: 200, Loss: 0.7154, Entropy: 1.0981, Epsilon: 0.760
2026-03-29 11:54:15 | INFO | Episode   98 - Reward: -200.000, Length: 200, Loss: 1.1258, Entropy: 1.0968, Epsilon: 0.757
2026-03-29 11:54:17 | INFO | Episode   99 - Reward: -200.000, Length: 200, Loss: 0.9579, Entropy: 1.0979, Epsilon: 0.755
2026-03-29 11:54:20 | INFO | Episode  100 - Reward: -200.000, Length: 200, Loss: 0.4653, Entropy: 1.0977, Epsilon: 0.752
2026-03-29 11:55:20 | INFO | [Episode  100] eps=0.752  avg_reward=-200.000  avg_length=200.00  avg_loss=  0.5475  avg_entropy=1.0977  eval_success=0.000
2026-03-29 11:55:23 | INFO | Episode  101 - Reward: -200.000, Length: 200, Loss: 0.5376, Entropy: 1.0978, Epsilon: 0.750
2026-03-29 11:55:26 | INFO | Episode  102 - Reward: -200.000, Length: 200, Loss: 1.1675, Entropy: 1.0971, Epsilon: 0.748
2026-03-29 11:55:28 | INFO | Episode  103 - Reward: -200.000, Length: 200, Loss: 1.0000, Entropy: 1.0968, Epsilon: 0.745
2026-03-29 11:55:31 | INFO | Episode  104 - Reward: -200.000, Length: 200, Loss: 0.8227, Entropy: 1.0982, Epsilon: 0.743
2026-03-29 11:55:34 | INFO | Episode  105 - Reward: -200.000, Length: 200, Loss: 0.5296, Entropy: 1.0980, Epsilon: 0.740
2026-03-29 11:55:36 | INFO | Episode  106 - Reward: -200.000, Length: 200, Loss: 1.2480, Entropy: 1.0974, Epsilon: 0.738
2026-03-29 11:55:39 | INFO | Episode  107 - Reward: -200.000, Length: 200, Loss: 0.5687, Entropy: 1.0970, Epsilon: 0.735
2026-03-29 11:55:42 | INFO | Episode  108 - Reward: -200.000, Length: 200, Loss: 1.5837, Entropy: 1.0968, Epsilon: 0.733
2026-03-29 11:55:44 | INFO | Episode  109 - Reward: -200.000, Length: 200, Loss: 1.0766, Entropy: 1.0967, Epsilon: 0.730
2026-03-29 11:55:47 | INFO | Episode  110 - Reward: -200.000, Length: 200, Loss: 0.2879, Entropy: 1.0979, Epsilon: 0.728
2026-03-29 11:55:49 | INFO | Episode  111 - Reward: -200.000, Length: 200, Loss: 0.7467, Entropy: 1.0979, Epsilon: 0.725
2026-03-29 11:55:52 | INFO | Episode  112 - Reward: -200.000, Length: 200, Loss: 0.6779, Entropy: 1.0981, Epsilon: 0.723
2026-03-29 11:55:55 | INFO | Episode  113 - Reward: -200.000, Length: 200, Loss: 0.3249, Entropy: 1.0978, Epsilon: 0.720
2026-03-29 11:55:58 | INFO | Episode  114 - Reward: -200.000, Length: 200, Loss: 0.9479, Entropy: 1.0981, Epsilon: 0.718
2026-03-29 11:56:00 | INFO | Episode  115 - Reward: -200.000, Length: 200, Loss: 0.9438, Entropy: 1.0971, Epsilon: 0.715
2026-03-29 11:56:03 | INFO | Episode  116 - Reward: -200.000, Length: 200, Loss: 1.2684, Entropy: 1.0974, Epsilon: 0.713
2026-03-29 11:56:06 | INFO | Episode  117 - Reward: -200.000, Length: 200, Loss: 0.7827, Entropy: 1.0983, Epsilon: 0.710
2026-03-29 11:56:08 | INFO | Episode  118 - Reward: -200.000, Length: 200, Loss: 1.1646, Entropy: 1.0973, Epsilon: 0.708
2026-03-29 11:56:11 | INFO | Episode  119 - Reward: -200.000, Length: 200, Loss: 1.0015, Entropy: 1.0983, Epsilon: 0.705
2026-03-29 11:56:14 | INFO | Episode  120 - Reward: -200.000, Length: 200, Loss: -0.0517, Entropy: 1.0986, Epsilon: 0.703
2026-03-29 11:56:17 | INFO | Episode  121 - Reward: -200.000, Length: 200, Loss: 0.4122, Entropy: 1.0981, Epsilon: 0.701
2026-03-29 11:56:19 | INFO | Episode  122 - Reward: -200.000, Length: 200, Loss: 1.5825, Entropy: 1.0978, Epsilon: 0.698
2026-03-29 11:56:22 | INFO | Episode  123 - Reward: -200.000, Length: 200, Loss: 0.8598, Entropy: 1.0978, Epsilon: 0.696
2026-03-29 11:56:25 | INFO | Episode  124 - Reward: -200.000, Length: 200, Loss: 2.0261, Entropy: 1.0916, Epsilon: 0.693
2026-03-29 11:56:27 | INFO | Episode  125 - Reward: -200.000, Length: 200, Loss: 0.9638, Entropy: 1.0957, Epsilon: 0.691
2026-03-29 11:56:30 | INFO | Episode  126 - Reward: -200.000, Length: 200, Loss: 0.1656, Entropy: 1.0980, Epsilon: 0.688
2026-03-29 11:56:32 | INFO | Episode  127 - Reward: -200.000, Length: 200, Loss: 0.8085, Entropy: 1.0972, Epsilon: 0.686
2026-03-29 11:56:35 | INFO | Episode  128 - Reward: -200.000, Length: 200, Loss: 0.1540, Entropy: 1.0984, Epsilon: 0.683
2026-03-29 11:56:38 | INFO | Episode  129 - Reward: -200.000, Length: 200, Loss: 0.8190, Entropy: 1.0980, Epsilon: 0.681
2026-03-29 11:56:41 | INFO | Episode  130 - Reward: -200.000, Length: 200, Loss: 1.1438, Entropy: 1.0980, Epsilon: 0.678
2026-03-29 11:56:44 | INFO | Episode  131 - Reward: -200.000, Length: 200, Loss: 0.6284, Entropy: 1.0967, Epsilon: 0.676
2026-03-29 11:56:46 | INFO | Episode  132 - Reward: -200.000, Length: 200, Loss: 0.6447, Entropy: 1.0979, Epsilon: 0.673
2026-03-29 11:56:49 | INFO | Episode  133 - Reward: -200.000, Length: 200, Loss: 1.1220, Entropy: 1.0962, Epsilon: 0.671
2026-03-29 11:56:52 | INFO | Episode  134 - Reward: -200.000, Length: 200, Loss: 1.1454, Entropy: 1.0972, Epsilon: 0.668
2026-03-29 11:56:55 | INFO | Episode  135 - Reward: -200.000, Length: 200, Loss: 0.8686, Entropy: 1.0954, Epsilon: 0.666
2026-03-29 11:56:57 | INFO | Episode  136 - Reward: -200.000, Length: 200, Loss: 1.5010, Entropy: 1.0961, Epsilon: 0.663
2026-03-29 11:57:00 | INFO | Episode  137 - Reward: -200.000, Length: 200, Loss: 1.2779, Entropy: 1.0966, Epsilon: 0.661
2026-03-29 11:57:02 | INFO | Episode  138 - Reward: -200.000, Length: 200, Loss: 1.2874, Entropy: 1.0967, Epsilon: 0.658
2026-03-29 11:57:05 | INFO | Episode  139 - Reward: -200.000, Length: 200, Loss: 1.0500, Entropy: 1.0978, Epsilon: 0.656
2026-03-29 11:57:08 | INFO | Episode  140 - Reward: -200.000, Length: 200, Loss: 0.1846, Entropy: 1.0982, Epsilon: 0.653
2026-03-29 11:57:10 | INFO | Episode  141 - Reward: -200.000, Length: 200, Loss: 0.8710, Entropy: 1.0954, Epsilon: 0.651
2026-03-29 11:57:13 | INFO | Episode  142 - Reward: -200.000, Length: 200, Loss: 1.3047, Entropy: 1.0967, Epsilon: 0.649
2026-03-29 11:57:16 | INFO | Episode  143 - Reward: -200.000, Length: 200, Loss: 1.8533, Entropy: 1.0959, Epsilon: 0.646
2026-03-29 11:57:18 | INFO | Episode  144 - Reward: -200.000, Length: 200, Loss: 1.1190, Entropy: 1.0976, Epsilon: 0.644
2026-03-29 11:57:21 | INFO | Episode  145 - Reward: -200.000, Length: 200, Loss: 1.0938, Entropy: 1.0971, Epsilon: 0.641
2026-03-29 11:57:24 | INFO | Episode  146 - Reward: -200.000, Length: 200, Loss: 1.0401, Entropy: 1.0971, Epsilon: 0.639
2026-03-29 11:57:27 | INFO | Episode  147 - Reward: -200.000, Length: 200, Loss: 2.5234, Entropy: 1.0944, Epsilon: 0.636
2026-03-29 11:57:29 | INFO | Episode  148 - Reward: -200.000, Length: 200, Loss: 0.8381, Entropy: 1.0972, Epsilon: 0.634
2026-03-29 11:57:32 | INFO | Episode  149 - Reward: -200.000, Length: 200, Loss: 0.8953, Entropy: 1.0981, Epsilon: 0.631
2026-03-29 11:57:34 | INFO | Episode  150 - Reward: -200.000, Length: 200, Loss: 1.7023, Entropy: 1.0968, Epsilon: 0.629
2026-03-29 11:58:34 | INFO | [Episode  150] eps=0.629  avg_reward=-200.000  avg_length=200.00  avg_loss=  0.9703  avg_entropy=1.0968  eval_success=0.000
2026-03-29 11:58:37 | INFO | Episode  151 - Reward: -200.000, Length: 200, Loss: 1.8880, Entropy: 1.0935, Epsilon: 0.626
2026-03-29 11:58:40 | INFO | Episode  152 - Reward: -200.000, Length: 200, Loss: 1.0513, Entropy: 1.0968, Epsilon: 0.624
2026-03-29 11:58:42 | INFO | Episode  153 - Reward: -200.000, Length: 200, Loss: 0.6024, Entropy: 1.0975, Epsilon: 0.621
2026-03-29 11:58:45 | INFO | Episode  154 - Reward: -200.000, Length: 200, Loss: 0.3787, Entropy: 1.0981, Epsilon: 0.619
2026-03-29 11:58:48 | INFO | Episode  155 - Reward: -200.000, Length: 200, Loss: 1.0286, Entropy: 1.0974, Epsilon: 0.616
2026-03-29 11:58:51 | INFO | Episode  156 - Reward: -200.000, Length: 200, Loss: 1.3790, Entropy: 1.0970, Epsilon: 0.614
2026-03-29 11:58:53 | INFO | Episode  157 - Reward: -200.000, Length: 200, Loss: 1.4613, Entropy: 1.0972, Epsilon: 0.611
2026-03-29 11:58:56 | INFO | Episode  158 - Reward: -200.000, Length: 200, Loss: 0.3860, Entropy: 1.0984, Epsilon: 0.609
2026-03-29 11:58:59 | INFO | Episode  159 - Reward: -200.000, Length: 200, Loss: 0.9191, Entropy: 1.0980, Epsilon: 0.606
2026-03-29 11:59:02 | INFO | Episode  160 - Reward: -200.000, Length: 200, Loss: 2.0939, Entropy: 1.0952, Epsilon: 0.604
2026-03-29 11:59:04 | INFO | Episode  161 - Reward: -200.000, Length: 200, Loss: 1.7856, Entropy: 1.0968, Epsilon: 0.602
2026-03-29 11:59:07 | INFO | Episode  162 - Reward: -200.000, Length: 200, Loss: 1.4398, Entropy: 1.0965, Epsilon: 0.599
2026-03-29 11:59:09 | INFO | Episode  163 - Reward: -200.000, Length: 200, Loss: 0.7043, Entropy: 1.0980, Epsilon: 0.597
2026-03-29 11:59:12 | INFO | Episode  164 - Reward: -200.000, Length: 200, Loss: 1.1956, Entropy: 1.0971, Epsilon: 0.594
2026-03-29 11:59:15 | INFO | Episode  165 - Reward: -200.000, Length: 200, Loss: 1.3702, Entropy: 1.0962, Epsilon: 0.592
2026-03-29 11:59:18 | INFO | Episode  166 - Reward: -200.000, Length: 200, Loss: 0.8574, Entropy: 1.0970, Epsilon: 0.589
2026-03-29 11:59:21 | INFO | Episode  167 - Reward: -200.000, Length: 200, Loss: 0.8330, Entropy: 1.0974, Epsilon: 0.587
2026-03-29 11:59:23 | INFO | Episode  168 - Reward: -200.000, Length: 200, Loss: 1.4142, Entropy: 1.0941, Epsilon: 0.584
2026-03-29 11:59:26 | INFO | Episode  169 - Reward: -200.000, Length: 200, Loss: 1.2154, Entropy: 1.0974, Epsilon: 0.582
2026-03-29 11:59:29 | INFO | Episode  170 - Reward: -200.000, Length: 200, Loss: 1.1562, Entropy: 1.0965, Epsilon: 0.579
2026-03-29 11:59:32 | INFO | Episode  171 - Reward: -200.000, Length: 200, Loss: 1.1635, Entropy: 1.0975, Epsilon: 0.577
2026-03-29 11:59:34 | INFO | Episode  172 - Reward: -200.000, Length: 200, Loss: 0.6588, Entropy: 1.0976, Epsilon: 0.574
2026-03-29 11:59:37 | INFO | Episode  173 - Reward: -200.000, Length: 200, Loss: 1.3998, Entropy: 1.0979, Epsilon: 0.572
2026-03-29 11:59:39 | INFO | Episode  174 - Reward: -200.000, Length: 200, Loss: 1.1854, Entropy: 1.0970, Epsilon: 0.569
2026-03-29 11:59:42 | INFO | Episode  175 - Reward: -200.000, Length: 200, Loss: 1.3945, Entropy: 1.0942, Epsilon: 0.567
2026-03-29 11:59:45 | INFO | Episode  176 - Reward: -200.000, Length: 200, Loss: 1.6255, Entropy: 1.0963, Epsilon: 0.564
2026-03-29 11:59:47 | INFO | Episode  177 - Reward: -200.000, Length: 200, Loss: 1.4538, Entropy: 1.0981, Epsilon: 0.562
2026-03-29 11:59:50 | INFO | Episode  178 - Reward: -200.000, Length: 200, Loss: 0.8973, Entropy: 1.0972, Epsilon: 0.559
2026-03-29 11:59:53 | INFO | Episode  179 - Reward: -200.000, Length: 200, Loss: 0.9601, Entropy: 1.0977, Epsilon: 0.557
2026-03-29 11:59:55 | INFO | Episode  180 - Reward: -200.000, Length: 200, Loss: 2.4700, Entropy: 1.0954, Epsilon: 0.554
2026-03-29 11:59:58 | INFO | Episode  181 - Reward: -200.000, Length: 200, Loss: -0.0459, Entropy: 1.0986, Epsilon: 0.552
2026-03-29 12:00:00 | INFO | Episode  182 - Reward: -200.000, Length: 200, Loss: 0.9764, Entropy: 1.0976, Epsilon: 0.550
2026-03-29 12:00:03 | INFO | Episode  183 - Reward: -200.000, Length: 200, Loss: 1.4978, Entropy: 1.0927, Epsilon: 0.547
2026-03-29 12:00:06 | INFO | Episode  184 - Reward: -200.000, Length: 200, Loss: 1.1941, Entropy: 1.0975, Epsilon: 0.545
2026-03-29 12:00:08 | INFO | Episode  185 - Reward: -200.000, Length: 200, Loss: 1.2696, Entropy: 1.0975, Epsilon: 0.542
2026-03-29 12:00:11 | INFO | Episode  186 - Reward: -200.000, Length: 200, Loss: 0.9806, Entropy: 1.0971, Epsilon: 0.540
2026-03-29 12:00:14 | INFO | Episode  187 - Reward: -200.000, Length: 200, Loss: 0.8213, Entropy: 1.0955, Epsilon: 0.537
2026-03-29 12:00:16 | INFO | Episode  188 - Reward: -200.000, Length: 200, Loss: 1.7379, Entropy: 1.0970, Epsilon: 0.535
2026-03-29 12:00:19 | INFO | Episode  189 - Reward: -200.000, Length: 200, Loss: 0.4861, Entropy: 1.0977, Epsilon: 0.532
2026-03-29 12:00:21 | INFO | Episode  190 - Reward: -200.000, Length: 200, Loss: 1.5317, Entropy: 1.0957, Epsilon: 0.530
2026-03-29 12:00:24 | INFO | Episode  191 - Reward: -200.000, Length: 200, Loss: 1.0138, Entropy: 1.0966, Epsilon: 0.527
2026-03-29 12:00:27 | INFO | Episode  192 - Reward: -200.000, Length: 200, Loss: 0.7196, Entropy: 1.0980, Epsilon: 0.525
2026-03-29 12:00:30 | INFO | Episode  193 - Reward: -200.000, Length: 200, Loss: 1.5491, Entropy: 1.0970, Epsilon: 0.522
2026-03-29 12:00:32 | INFO | Episode  194 - Reward: -200.000, Length: 200, Loss: 1.2048, Entropy: 1.0967, Epsilon: 0.520
2026-03-29 12:00:35 | INFO | Episode  195 - Reward: -200.000, Length: 200, Loss: 2.1298, Entropy: 1.0964, Epsilon: 0.517
2026-03-29 12:00:37 | INFO | Episode  196 - Reward: -200.000, Length: 200, Loss: 1.4333, Entropy: 1.0960, Epsilon: 0.515
2026-03-29 12:00:40 | INFO | Episode  197 - Reward: -200.000, Length: 200, Loss: 0.9084, Entropy: 1.0981, Epsilon: 0.512
2026-03-29 12:00:42 | INFO | Episode  198 - Reward: -200.000, Length: 200, Loss: 0.8899, Entropy: 1.0978, Epsilon: 0.510
2026-03-29 12:00:45 | INFO | Episode  199 - Reward: -200.000, Length: 200, Loss: 0.6591, Entropy: 1.0973, Epsilon: 0.507
2026-03-29 12:00:47 | INFO | Episode  200 - Reward: -200.000, Length: 200, Loss: 1.1792, Entropy: 1.0972, Epsilon: 0.505
2026-03-29 12:01:46 | INFO | [Episode  200] eps=0.505  avg_reward=-200.000  avg_length=200.00  avg_loss=  1.1701  avg_entropy=1.0972  eval_success=0.000
2026-03-29 12:01:49 | INFO | Episode  201 - Reward: -200.000, Length: 200, Loss: 1.9779, Entropy: 1.0968, Epsilon: 0.503
2026-03-29 12:01:52 | INFO | Episode  202 - Reward: -200.000, Length: 200, Loss: 1.4647, Entropy: 1.0969, Epsilon: 0.500
2026-03-29 12:01:55 | INFO | Episode  203 - Reward: -200.000, Length: 200, Loss: 0.9707, Entropy: 1.0976, Epsilon: 0.498
2026-03-29 12:01:57 | INFO | Episode  204 - Reward: -200.000, Length: 200, Loss: 0.7809, Entropy: 1.0975, Epsilon: 0.495
2026-03-29 12:02:00 | INFO | Episode  205 - Reward: -200.000, Length: 200, Loss: 1.3448, Entropy: 1.0950, Epsilon: 0.493
2026-03-29 12:02:03 | INFO | Episode  206 - Reward: -200.000, Length: 200, Loss: 1.3362, Entropy: 1.0966, Epsilon: 0.490
2026-03-29 12:02:05 | INFO | Episode  207 - Reward: -200.000, Length: 200, Loss: 1.8918, Entropy: 1.0955, Epsilon: 0.488
2026-03-29 12:02:08 | INFO | Episode  208 - Reward: -200.000, Length: 200, Loss: 2.4682, Entropy: 1.0968, Epsilon: 0.485
2026-03-29 12:02:11 | INFO | Episode  209 - Reward: -200.000, Length: 200, Loss: 0.7082, Entropy: 1.0941, Epsilon: 0.483
2026-03-29 12:02:14 | INFO | Episode  210 - Reward: -200.000, Length: 200, Loss: 2.1649, Entropy: 1.0964, Epsilon: 0.480
2026-03-29 12:02:16 | INFO | Episode  211 - Reward: -200.000, Length: 200, Loss: 2.3503, Entropy: 1.0939, Epsilon: 0.478
2026-03-29 12:02:19 | INFO | Episode  212 - Reward: -200.000, Length: 200, Loss: 1.2220, Entropy: 1.0975, Epsilon: 0.475
2026-03-29 12:02:22 | INFO | Episode  213 - Reward: -200.000, Length: 200, Loss: 1.4950, Entropy: 1.0957, Epsilon: 0.473
2026-03-29 12:02:25 | INFO | Episode  214 - Reward: -200.000, Length: 200, Loss: 0.6753, Entropy: 1.0975, Epsilon: 0.470
2026-03-29 12:02:28 | INFO | Episode  215 - Reward: -200.000, Length: 200, Loss: 0.2211, Entropy: 1.0982, Epsilon: 0.468
2026-03-29 12:02:30 | INFO | Episode  216 - Reward: -200.000, Length: 200, Loss: 0.4785, Entropy: 1.0980, Epsilon: 0.465
2026-03-29 12:02:33 | INFO | Episode  217 - Reward: -200.000, Length: 200, Loss: 0.7246, Entropy: 1.0968, Epsilon: 0.463
2026-03-29 12:02:36 | INFO | Episode  218 - Reward: -200.000, Length: 200, Loss: 1.5778, Entropy: 1.0965, Epsilon: 0.460
2026-03-29 12:02:39 | INFO | Episode  219 - Reward: -200.000, Length: 200, Loss: 1.6071, Entropy: 1.0974, Epsilon: 0.458
2026-03-29 12:02:41 | INFO | Episode  220 - Reward: -200.000, Length: 200, Loss: 1.2105, Entropy: 1.0966, Epsilon: 0.456
2026-03-29 12:02:44 | INFO | Episode  221 - Reward: -200.000, Length: 200, Loss: 0.8166, Entropy: 1.0963, Epsilon: 0.453
2026-03-29 12:02:47 | INFO | Episode  222 - Reward: -200.000, Length: 200, Loss: 0.7052, Entropy: 1.0978, Epsilon: 0.451
2026-03-29 12:02:49 | INFO | Episode  223 - Reward: -200.000, Length: 200, Loss: 2.1198, Entropy: 1.0942, Epsilon: 0.448
2026-03-29 12:02:52 | INFO | Episode  224 - Reward: -200.000, Length: 200, Loss: 1.2569, Entropy: 1.0973, Epsilon: 0.446
2026-03-29 12:02:55 | INFO | Episode  225 - Reward: -200.000, Length: 200, Loss: 0.7296, Entropy: 1.0980, Epsilon: 0.443
2026-03-29 12:02:57 | INFO | Episode  226 - Reward: -200.000, Length: 200, Loss: 2.1118, Entropy: 1.0942, Epsilon: 0.441
2026-03-29 12:03:00 | INFO | Episode  227 - Reward: -200.000, Length: 200, Loss: 2.0245, Entropy: 1.0975, Epsilon: 0.438
2026-03-29 12:03:02 | INFO | Episode  228 - Reward: -200.000, Length: 200, Loss: 1.0177, Entropy: 1.0973, Epsilon: 0.436
2026-03-29 12:03:05 | INFO | Episode  229 - Reward: -200.000, Length: 200, Loss: 0.7089, Entropy: 1.0966, Epsilon: 0.433
2026-03-29 12:03:08 | INFO | Episode  230 - Reward: -200.000, Length: 200, Loss: 1.2047, Entropy: 1.0961, Epsilon: 0.431
2026-03-29 12:03:11 | INFO | Episode  231 - Reward: -200.000, Length: 200, Loss: 1.1948, Entropy: 1.0960, Epsilon: 0.428
2026-03-29 12:03:13 | INFO | Episode  232 - Reward: -200.000, Length: 200, Loss: 1.3952, Entropy: 1.0942, Epsilon: 0.426
2026-03-29 12:03:16 | INFO | Episode  233 - Reward: -200.000, Length: 200, Loss: 1.4320, Entropy: 1.0972, Epsilon: 0.423
2026-03-29 12:03:19 | INFO | Episode  234 - Reward: -200.000, Length: 200, Loss: 1.4123, Entropy: 1.0967, Epsilon: 0.421
2026-03-29 12:03:22 | INFO | Episode  235 - Reward: -200.000, Length: 200, Loss: 0.9920, Entropy: 1.0968, Epsilon: 0.418
2026-03-29 12:03:25 | INFO | Episode  236 - Reward: -200.000, Length: 200, Loss: 1.1505, Entropy: 1.0975, Epsilon: 0.416
2026-03-29 12:03:28 | INFO | Episode  237 - Reward: -200.000, Length: 200, Loss: 0.9166, Entropy: 1.0971, Epsilon: 0.413
2026-03-29 12:03:30 | INFO | Episode  238 - Reward: -200.000, Length: 200, Loss: 1.1123, Entropy: 1.0967, Epsilon: 0.411
2026-03-29 12:03:33 | INFO | Episode  239 - Reward: -200.000, Length: 200, Loss: 0.8365, Entropy: 1.0960, Epsilon: 0.408
2026-03-29 12:03:36 | INFO | Episode  240 - Reward: -200.000, Length: 200, Loss: 1.9019, Entropy: 1.0978, Epsilon: 0.406
2026-03-29 12:03:39 | INFO | Episode  241 - Reward: -200.000, Length: 200, Loss: 2.0631, Entropy: 1.0970, Epsilon: 0.404
2026-03-29 12:03:41 | INFO | Episode  242 - Reward: -200.000, Length: 200, Loss: 1.3755, Entropy: 1.0962, Epsilon: 0.401
2026-03-29 12:03:44 | INFO | Episode  243 - Reward: -200.000, Length: 200, Loss: 1.7584, Entropy: 1.0961, Epsilon: 0.399
2026-03-29 12:03:47 | INFO | Episode  244 - Reward: -200.000, Length: 200, Loss: 0.8443, Entropy: 1.0962, Epsilon: 0.396
2026-03-29 12:03:49 | INFO | Episode  245 - Reward: -200.000, Length: 200, Loss: 1.2109, Entropy: 1.0975, Epsilon: 0.394
2026-03-29 12:03:52 | INFO | Episode  246 - Reward: -200.000, Length: 200, Loss: 2.4672, Entropy: 1.0954, Epsilon: 0.391
2026-03-29 12:03:55 | INFO | Episode  247 - Reward: -200.000, Length: 200, Loss: 1.1965, Entropy: 1.0945, Epsilon: 0.389
2026-03-29 12:03:57 | INFO | Episode  248 - Reward: -200.000, Length: 200, Loss: 0.9742, Entropy: 1.0957, Epsilon: 0.386
2026-03-29 12:04:00 | INFO | Episode  249 - Reward: -200.000, Length: 200, Loss: 2.0021, Entropy: 1.0978, Epsilon: 0.384
2026-03-29 12:04:03 | INFO | Episode  250 - Reward: -200.000, Length: 200, Loss: 0.4659, Entropy: 1.0981, Epsilon: 0.381
2026-03-29 12:05:04 | INFO | [Episode  250] eps=0.381  avg_reward=-200.000  avg_length=200.00  avg_loss=  1.3214  avg_entropy=1.0981  eval_success=0.000
2026-03-29 12:05:07 | INFO | Episode  251 - Reward: -200.000, Length: 200, Loss: 2.0214, Entropy: 1.0968, Epsilon: 0.379
2026-03-29 12:05:10 | INFO | Episode  252 - Reward: -200.000, Length: 200, Loss: 2.7429, Entropy: 1.0944, Epsilon: 0.376
2026-03-29 12:05:13 | INFO | Episode  253 - Reward: -200.000, Length: 200, Loss: 0.4539, Entropy: 1.0978, Epsilon: 0.374
2026-03-29 12:05:16 | INFO | Episode  254 - Reward: -200.000, Length: 200, Loss: 0.2158, Entropy: 1.0981, Epsilon: 0.371
2026-03-29 12:05:18 | INFO | Episode  255 - Reward: -200.000, Length: 200, Loss: 0.9202, Entropy: 1.0977, Epsilon: 0.369
2026-03-29 12:05:21 | INFO | Episode  256 - Reward: -200.000, Length: 200, Loss: 1.4374, Entropy: 1.0981, Epsilon: 0.366
2026-03-29 12:05:24 | INFO | Episode  257 - Reward: -200.000, Length: 200, Loss: 0.5214, Entropy: 1.0981, Epsilon: 0.364
2026-03-29 12:05:27 | INFO | Episode  258 - Reward: -200.000, Length: 200, Loss: 1.4083, Entropy: 1.0961, Epsilon: 0.361
2026-03-29 12:05:30 | INFO | Episode  259 - Reward: -200.000, Length: 200, Loss: 0.8772, Entropy: 1.0967, Epsilon: 0.359
2026-03-29 12:05:32 | INFO | Episode  260 - Reward: -200.000, Length: 200, Loss: 1.2191, Entropy: 1.0976, Epsilon: 0.357
2026-03-29 12:05:35 | INFO | Episode  261 - Reward: -200.000, Length: 200, Loss: 1.5242, Entropy: 1.0951, Epsilon: 0.354
2026-03-29 12:05:38 | INFO | Episode  262 - Reward: -200.000, Length: 200, Loss: 1.3742, Entropy: 1.0974, Epsilon: 0.352
2026-03-29 12:05:40 | INFO | Episode  263 - Reward: -200.000, Length: 200, Loss: 1.6846, Entropy: 1.0958, Epsilon: 0.349
2026-03-29 12:05:43 | INFO | Episode  264 - Reward: -200.000, Length: 200, Loss: 1.8886, Entropy: 1.0967, Epsilon: 0.347
2026-03-29 12:05:46 | INFO | Episode  265 - Reward: -200.000, Length: 200, Loss: 1.6893, Entropy: 1.0965, Epsilon: 0.344
2026-03-29 12:05:48 | INFO | Episode  266 - Reward: -200.000, Length: 200, Loss: 1.4248, Entropy: 1.0978, Epsilon: 0.342
2026-03-29 12:05:51 | INFO | Episode  267 - Reward: -200.000, Length: 200, Loss: 0.8506, Entropy: 1.0973, Epsilon: 0.339
2026-03-29 12:05:54 | INFO | Episode  268 - Reward: -200.000, Length: 200, Loss: 0.9463, Entropy: 1.0972, Epsilon: 0.337
2026-03-29 12:05:56 | INFO | Episode  269 - Reward: -200.000, Length: 200, Loss: 0.9379, Entropy: 1.0967, Epsilon: 0.334
2026-03-29 12:05:59 | INFO | Episode  270 - Reward: -200.000, Length: 200, Loss: 0.8561, Entropy: 1.0971, Epsilon: 0.332
2026-03-29 12:06:02 | INFO | Episode  271 - Reward: -200.000, Length: 200, Loss: 2.0722, Entropy: 1.0946, Epsilon: 0.329
2026-03-29 12:06:05 | INFO | Episode  272 - Reward: -200.000, Length: 200, Loss: 0.8660, Entropy: 1.0974, Epsilon: 0.327
2026-03-29 12:06:07 | INFO | Episode  273 - Reward: -200.000, Length: 200, Loss: 1.5733, Entropy: 1.0939, Epsilon: 0.324
2026-03-29 12:06:10 | INFO | Episode  274 - Reward: -200.000, Length: 200, Loss: 0.9164, Entropy: 1.0969, Epsilon: 0.322
2026-03-29 12:06:13 | INFO | Episode  275 - Reward: -200.000, Length: 200, Loss: 1.7537, Entropy: 1.0924, Epsilon: 0.319
2026-03-29 12:06:15 | INFO | Episode  276 - Reward: -200.000, Length: 200, Loss: 1.0934, Entropy: 1.0953, Epsilon: 0.317
2026-03-29 12:06:18 | INFO | Episode  277 - Reward: -200.000, Length: 200, Loss: 1.5658, Entropy: 1.0972, Epsilon: 0.314
2026-03-29 12:06:21 | INFO | Episode  278 - Reward: -200.000, Length: 200, Loss: 0.6337, Entropy: 1.0976, Epsilon: 0.312
2026-03-29 12:06:23 | INFO | Episode  279 - Reward: -200.000, Length: 200, Loss: 0.2153, Entropy: 1.0982, Epsilon: 0.309
2026-03-29 12:06:26 | INFO | Episode  280 - Reward: -200.000, Length: 200, Loss: 1.0793, Entropy: 1.0977, Epsilon: 0.307
2026-03-29 12:06:29 | INFO | Episode  281 - Reward: -200.000, Length: 200, Loss: 1.6068, Entropy: 1.0965, Epsilon: 0.305
2026-03-29 12:06:32 | INFO | Episode  282 - Reward: -200.000, Length: 200, Loss: 1.5816, Entropy: 1.0955, Epsilon: 0.302
2026-03-29 12:06:34 | INFO | Episode  283 - Reward: -200.000, Length: 200, Loss: 1.3077, Entropy: 1.0941, Epsilon: 0.300
2026-03-29 12:06:37 | INFO | Episode  284 - Reward: -200.000, Length: 200, Loss: 0.5952, Entropy: 1.0968, Epsilon: 0.297
2026-03-29 12:06:40 | INFO | Episode  285 - Reward: -200.000, Length: 200, Loss: 0.2053, Entropy: 1.0982, Epsilon: 0.295
2026-03-29 12:06:42 | INFO | Episode  286 - Reward: -200.000, Length: 200, Loss: 1.1360, Entropy: 1.0964, Epsilon: 0.292
2026-03-29 12:06:45 | INFO | Episode  287 - Reward: -200.000, Length: 200, Loss: 0.9270, Entropy: 1.0969, Epsilon: 0.290
2026-03-29 12:06:48 | INFO | Episode  288 - Reward: -200.000, Length: 200, Loss: 1.8217, Entropy: 1.0932, Epsilon: 0.287
2026-03-29 12:06:50 | INFO | Episode  289 - Reward: -200.000, Length: 200, Loss: 1.0999, Entropy: 1.0975, Epsilon: 0.285
2026-03-29 12:06:53 | INFO | Episode  290 - Reward: -200.000, Length: 200, Loss: 0.3965, Entropy: 1.0983, Epsilon: 0.282
2026-03-29 12:06:56 | INFO | Episode  291 - Reward: -200.000, Length: 200, Loss: 1.8192, Entropy: 1.0958, Epsilon: 0.280
2026-03-29 12:06:59 | INFO | Episode  292 - Reward: -200.000, Length: 200, Loss: 0.6188, Entropy: 1.0983, Epsilon: 0.277
2026-03-29 12:07:02 | INFO | Episode  293 - Reward: -200.000, Length: 200, Loss: 1.3377, Entropy: 1.0977, Epsilon: 0.275
2026-03-29 12:07:04 | INFO | Episode  294 - Reward: -200.000, Length: 200, Loss: 1.0891, Entropy: 1.0966, Epsilon: 0.272
2026-03-29 12:07:07 | INFO | Episode  295 - Reward: -200.000, Length: 200, Loss: 0.8755, Entropy: 1.0979, Epsilon: 0.270
2026-03-29 12:07:09 | INFO | Episode  296 - Reward: -200.000, Length: 200, Loss: 1.1191, Entropy: 1.0969, Epsilon: 0.267
2026-03-29 12:07:12 | INFO | Episode  297 - Reward: -200.000, Length: 200, Loss: 0.7702, Entropy: 1.0977, Epsilon: 0.265
2026-03-29 12:07:15 | INFO | Episode  298 - Reward: -200.000, Length: 200, Loss: 0.9531, Entropy: 1.0973, Epsilon: 0.262
2026-03-29 12:07:17 | INFO | Episode  299 - Reward: -200.000, Length: 200, Loss: 0.2169, Entropy: 1.0985, Epsilon: 0.260
2026-03-29 12:07:20 | INFO | Episode  300 - Reward: -200.000, Length: 200, Loss: 2.0611, Entropy: 1.0937, Epsilon: 0.258
2026-03-29 12:08:18 | INFO | [Episode  300] eps=0.258  avg_reward=-200.000  avg_length=200.00  avg_loss=  1.1660  avg_entropy=1.0937  eval_success=0.000
2026-03-29 12:08:22 | INFO | Episode  301 - Reward: -200.000, Length: 200, Loss: 2.5986, Entropy: 1.0906, Epsilon: 0.255
2026-03-29 12:08:25 | INFO | Episode  302 - Reward: -200.000, Length: 200, Loss: 1.5682, Entropy: 1.0978, Epsilon: 0.253
2026-03-29 12:08:27 | INFO | Episode  303 - Reward: -200.000, Length: 200, Loss: 0.2422, Entropy: 1.0986, Epsilon: 0.250
2026-03-29 12:08:30 | INFO | Episode  304 - Reward: -200.000, Length: 200, Loss: 1.5486, Entropy: 1.0974, Epsilon: 0.248
2026-03-29 12:08:33 | INFO | Episode  305 - Reward: -200.000, Length: 200, Loss: 0.4624, Entropy: 1.0978, Epsilon: 0.245
2026-03-29 12:08:35 | INFO | Episode  306 - Reward: -200.000, Length: 200, Loss: 1.3728, Entropy: 1.0963, Epsilon: 0.243
2026-03-29 12:08:38 | INFO | Episode  307 - Reward: -200.000, Length: 200, Loss: 0.2240, Entropy: 1.0982, Epsilon: 0.240
2026-03-29 12:08:41 | INFO | Episode  308 - Reward: -200.000, Length: 200, Loss: 1.5995, Entropy: 1.0960, Epsilon: 0.238
2026-03-29 12:08:44 | INFO | Episode  309 - Reward: -200.000, Length: 200, Loss: 0.9909, Entropy: 1.0967, Epsilon: 0.235
2026-03-29 12:08:46 | INFO | Episode  310 - Reward: -200.000, Length: 200, Loss: 2.3803, Entropy: 1.0960, Epsilon: 0.233
2026-03-29 12:08:49 | INFO | Episode  311 - Reward: -200.000, Length: 200, Loss: 2.2006, Entropy: 1.0872, Epsilon: 0.230
2026-03-29 12:08:52 | INFO | Episode  312 - Reward: -200.000, Length: 200, Loss: 1.0234, Entropy: 1.0948, Epsilon: 0.228
2026-03-29 12:08:54 | INFO | Episode  313 - Reward: -200.000, Length: 200, Loss: 0.7270, Entropy: 1.0965, Epsilon: 0.225
2026-03-29 12:08:57 | INFO | Episode  314 - Reward: -200.000, Length: 200, Loss: 1.9862, Entropy: 1.0948, Epsilon: 0.223
2026-03-29 12:09:00 | INFO | Episode  315 - Reward: -200.000, Length: 200, Loss: 1.5609, Entropy: 1.0954, Epsilon: 0.220
2026-03-29 12:09:03 | INFO | Episode  316 - Reward: -200.000, Length: 200, Loss: 1.6945, Entropy: 1.0975, Epsilon: 0.218
2026-03-29 12:09:06 | INFO | Episode  317 - Reward: -200.000, Length: 200, Loss: 1.1127, Entropy: 1.0979, Epsilon: 0.215
2026-03-29 12:09:08 | INFO | Episode  318 - Reward: -200.000, Length: 200, Loss: 1.4637, Entropy: 1.0965, Epsilon: 0.213
2026-03-29 12:09:11 | INFO | Episode  319 - Reward: -200.000, Length: 200, Loss: 1.0521, Entropy: 1.0973, Epsilon: 0.210
2026-03-29 12:09:14 | INFO | Episode  320 - Reward: -200.000, Length: 200, Loss: 1.5842, Entropy: 1.0935, Epsilon: 0.208
2026-03-29 12:09:17 | INFO | Episode  321 - Reward: -200.000, Length: 200, Loss: 0.2842, Entropy: 1.0977, Epsilon: 0.206
2026-03-29 12:09:19 | INFO | Episode  322 - Reward: -200.000, Length: 200, Loss: 1.3109, Entropy: 1.0971, Epsilon: 0.203
2026-03-29 12:09:22 | INFO | Episode  323 - Reward: -200.000, Length: 200, Loss: 1.3269, Entropy: 1.0950, Epsilon: 0.201
2026-03-29 12:09:25 | INFO | Episode  324 - Reward: -200.000, Length: 200, Loss: 1.6094, Entropy: 1.0968, Epsilon: 0.198
2026-03-29 12:09:27 | INFO | Episode  325 - Reward: -200.000, Length: 200, Loss: 1.2124, Entropy: 1.0976, Epsilon: 0.196
2026-03-29 12:09:30 | INFO | Episode  326 - Reward: -200.000, Length: 200, Loss: 1.2599, Entropy: 1.0967, Epsilon: 0.193
2026-03-29 12:09:33 | INFO | Episode  327 - Reward: -200.000, Length: 200, Loss: 2.5569, Entropy: 1.0927, Epsilon: 0.191
2026-03-29 12:09:35 | INFO | Episode  328 - Reward: -200.000, Length: 200, Loss: 0.6582, Entropy: 1.0973, Epsilon: 0.188
2026-03-29 12:09:38 | INFO | Episode  329 - Reward: -200.000, Length: 200, Loss: 2.2350, Entropy: 1.0942, Epsilon: 0.186
2026-03-29 12:09:41 | INFO | Episode  330 - Reward: -200.000, Length: 200, Loss: 0.5128, Entropy: 1.0974, Epsilon: 0.183
2026-03-29 12:09:44 | INFO | Episode  331 - Reward: -200.000, Length: 200, Loss: 0.2927, Entropy: 1.0976, Epsilon: 0.181
2026-03-29 12:09:47 | INFO | Episode  332 - Reward: -200.000, Length: 200, Loss: 0.5811, Entropy: 1.0974, Epsilon: 0.178
2026-03-29 12:09:49 | INFO | Episode  333 - Reward: -200.000, Length: 200, Loss: 0.5180, Entropy: 1.0981, Epsilon: 0.176
2026-03-29 12:09:52 | INFO | Episode  334 - Reward: -200.000, Length: 200, Loss: 1.7985, Entropy: 1.0929, Epsilon: 0.173
2026-03-29 12:09:54 | INFO | Episode  335 - Reward: -200.000, Length: 200, Loss: 0.7881, Entropy: 1.0973, Epsilon: 0.171
2026-03-29 12:09:57 | INFO | Episode  336 - Reward: -200.000, Length: 200, Loss: 2.1991, Entropy: 1.0929, Epsilon: 0.168
2026-03-29 12:09:59 | INFO | Episode  337 - Reward: -200.000, Length: 200, Loss: 1.7583, Entropy: 1.0963, Epsilon: 0.166
2026-03-29 12:10:02 | INFO | Episode  338 - Reward: -200.000, Length: 200, Loss: 1.2705, Entropy: 1.0964, Epsilon: 0.163
2026-03-29 12:10:05 | INFO | Episode  339 - Reward: -200.000, Length: 200, Loss: 1.6100, Entropy: 1.0930, Epsilon: 0.161
2026-03-29 12:10:08 | INFO | Episode  340 - Reward: -200.000, Length: 200, Loss: 0.5627, Entropy: 1.0972, Epsilon: 0.158
2026-03-29 12:10:10 | INFO | Episode  341 - Reward: -200.000, Length: 200, Loss: 1.5910, Entropy: 1.0975, Epsilon: 0.156
2026-03-29 12:10:13 | INFO | Episode  342 - Reward: -200.000, Length: 200, Loss: 2.5589, Entropy: 1.0964, Epsilon: 0.154
2026-03-29 12:10:15 | INFO | Episode  343 - Reward: -200.000, Length: 200, Loss: 0.8309, Entropy: 1.0972, Epsilon: 0.151
2026-03-29 12:10:18 | INFO | Episode  344 - Reward: -200.000, Length: 200, Loss: 1.9845, Entropy: 1.0964, Epsilon: 0.149
2026-03-29 12:10:21 | INFO | Episode  345 - Reward: -200.000, Length: 200, Loss: 1.7203, Entropy: 1.0924, Epsilon: 0.146
2026-03-29 12:10:24 | INFO | Episode  346 - Reward: -200.000, Length: 200, Loss: 1.0432, Entropy: 1.0962, Epsilon: 0.144
2026-03-29 12:10:26 | INFO | Episode  347 - Reward: -200.000, Length: 200, Loss: 1.2629, Entropy: 1.0975, Epsilon: 0.141
2026-03-29 12:10:29 | INFO | Episode  348 - Reward: -200.000, Length: 200, Loss: 2.4601, Entropy: 1.0959, Epsilon: 0.139
2026-03-29 12:10:32 | INFO | Episode  349 - Reward: -200.000, Length: 200, Loss: 1.0152, Entropy: 1.0970, Epsilon: 0.136
2026-03-29 12:10:34 | INFO | Episode  350 - Reward: -200.000, Length: 200, Loss: 0.8030, Entropy: 1.0973, Epsilon: 0.134
2026-03-29 12:11:35 | INFO | [Episode  350] eps=0.134  avg_reward=-200.000  avg_length=200.00  avg_loss=  1.3402  avg_entropy=1.0973  eval_success=0.000
2026-03-29 12:11:38 | INFO | Episode  351 - Reward: -200.000, Length: 200, Loss: 0.8016, Entropy: 1.0971, Epsilon: 0.131
2026-03-29 12:11:41 | INFO | Episode  352 - Reward: -200.000, Length: 200, Loss: 1.9233, Entropy: 1.0963, Epsilon: 0.129
2026-03-29 12:11:44 | INFO | Episode  353 - Reward: -200.000, Length: 200, Loss: 1.7778, Entropy: 1.0958, Epsilon: 0.126
2026-03-29 12:11:47 | INFO | Episode  354 - Reward: -200.000, Length: 200, Loss: 1.8456, Entropy: 1.0956, Epsilon: 0.124
2026-03-29 12:11:49 | INFO | Episode  355 - Reward: -200.000, Length: 200, Loss: 1.5234, Entropy: 1.0963, Epsilon: 0.121
2026-03-29 12:11:52 | INFO | Episode  356 - Reward: -200.000, Length: 200, Loss: 0.5972, Entropy: 1.0976, Epsilon: 0.119
2026-03-29 12:11:55 | INFO | Episode  357 - Reward: -200.000, Length: 200, Loss: 1.5956, Entropy: 1.0965, Epsilon: 0.116
2026-03-29 12:11:58 | INFO | Episode  358 - Reward: -200.000, Length: 200, Loss: 2.7907, Entropy: 1.0952, Epsilon: 0.114
2026-03-29 12:12:01 | INFO | Episode  359 - Reward: -200.000, Length: 200, Loss: 1.1258, Entropy: 1.0953, Epsilon: 0.111
2026-03-29 12:12:03 | INFO | Episode  360 - Reward: -200.000, Length: 200, Loss: 1.3536, Entropy: 1.0943, Epsilon: 0.109
2026-03-29 12:12:06 | INFO | Episode  361 - Reward: -200.000, Length: 200, Loss: 1.2177, Entropy: 1.0943, Epsilon: 0.107
2026-03-29 12:12:09 | INFO | Episode  362 - Reward: -200.000, Length: 200, Loss: 0.9085, Entropy: 1.0964, Epsilon: 0.104
2026-03-29 12:12:11 | INFO | Episode  363 - Reward: -200.000, Length: 200, Loss: 2.5740, Entropy: 1.0927, Epsilon: 0.102
2026-03-29 12:12:14 | INFO | Episode  364 - Reward: -200.000, Length: 200, Loss: 1.0633, Entropy: 1.0976, Epsilon: 0.099
2026-03-29 12:12:17 | INFO | Episode  365 - Reward: -200.000, Length: 200, Loss: 2.4629, Entropy: 1.0927, Epsilon: 0.097
2026-03-29 12:12:19 | INFO | Episode  366 - Reward: -200.000, Length: 200, Loss: 1.3135, Entropy: 1.0969, Epsilon: 0.094
2026-03-29 12:12:22 | INFO | Episode  367 - Reward: -200.000, Length: 200, Loss: 1.2007, Entropy: 1.0972, Epsilon: 0.092
2026-03-29 12:12:25 | INFO | Episode  368 - Reward: -200.000, Length: 200, Loss: 0.5101, Entropy: 1.0971, Epsilon: 0.089
2026-03-29 12:12:27 | INFO | Episode  369 - Reward: -200.000, Length: 200, Loss: 0.6341, Entropy: 1.0971, Epsilon: 0.087
2026-03-29 12:12:30 | INFO | Episode  370 - Reward: -200.000, Length: 200, Loss: 2.3193, Entropy: 1.0923, Epsilon: 0.084
2026-03-29 12:12:33 | INFO | Episode  371 - Reward: -200.000, Length: 200, Loss: 0.2154, Entropy: 1.0981, Epsilon: 0.082
2026-03-29 12:12:35 | INFO | Episode  372 - Reward: -200.000, Length: 200, Loss: 0.9651, Entropy: 1.0971, Epsilon: 0.079
2026-03-29 12:12:38 | INFO | Episode  373 - Reward: -200.000, Length: 200, Loss: 1.3687, Entropy: 1.0970, Epsilon: 0.077
2026-03-29 12:12:40 | INFO | Episode  374 - Reward: -200.000, Length: 200, Loss: 1.3682, Entropy: 1.0960, Epsilon: 0.074
2026-03-29 12:12:43 | INFO | Episode  375 - Reward: -200.000, Length: 200, Loss: 1.1769, Entropy: 1.0972, Epsilon: 0.072
2026-03-29 12:12:45 | INFO | Episode  376 - Reward: -200.000, Length: 200, Loss: 0.4341, Entropy: 1.0982, Epsilon: 0.069
2026-03-29 12:12:48 | INFO | Episode  377 - Reward: -200.000, Length: 200, Loss: 2.5614, Entropy: 1.0932, Epsilon: 0.067
2026-03-29 12:12:51 | INFO | Episode  378 - Reward: -200.000, Length: 200, Loss: 0.8486, Entropy: 1.0948, Epsilon: 0.064
2026-03-29 12:12:54 | INFO | Episode  379 - Reward: -200.000, Length: 200, Loss: 0.9311, Entropy: 1.0970, Epsilon: 0.062
2026-03-29 12:12:57 | INFO | Episode  380 - Reward: -200.000, Length: 200, Loss: 2.7973, Entropy: 1.0964, Epsilon: 0.059
2026-03-29 12:13:00 | INFO | Episode  381 - Reward: -200.000, Length: 200, Loss: 1.7358, Entropy: 1.0959, Epsilon: 0.057
2026-03-29 12:13:02 | INFO | Episode  382 - Reward: -200.000, Length: 200, Loss: 2.7407, Entropy: 1.0932, Epsilon: 0.055
2026-03-29 12:13:05 | INFO | Episode  383 - Reward: -200.000, Length: 200, Loss: 2.1532, Entropy: 1.0951, Epsilon: 0.052
2026-03-29 12:13:08 | INFO | Episode  384 - Reward: -200.000, Length: 200, Loss: 1.3369, Entropy: 1.0941, Epsilon: 0.050
2026-03-29 12:13:11 | INFO | Episode  385 - Reward: -200.000, Length: 200, Loss: 1.2978, Entropy: 1.0960, Epsilon: 0.047
2026-03-29 12:13:14 | INFO | Episode  386 - Reward: -200.000, Length: 200, Loss: 0.9758, Entropy: 1.0956, Epsilon: 0.045
2026-03-29 12:13:16 | INFO | Episode  387 - Reward: -200.000, Length: 200, Loss: 1.0030, Entropy: 1.0974, Epsilon: 0.042
2026-03-29 12:13:19 | INFO | Episode  388 - Reward: -200.000, Length: 200, Loss: 1.3338, Entropy: 1.0971, Epsilon: 0.040
2026-03-29 12:13:22 | INFO | Episode  389 - Reward: -200.000, Length: 200, Loss: 0.9437, Entropy: 1.0979, Epsilon: 0.037
2026-03-29 12:13:25 | INFO | Episode  390 - Reward: -200.000, Length: 200, Loss: 1.4920, Entropy: 1.0976, Epsilon: 0.035
2026-03-29 12:13:27 | INFO | Episode  391 - Reward: -200.000, Length: 200, Loss: 0.5066, Entropy: 1.0974, Epsilon: 0.032
2026-03-29 12:13:30 | INFO | Episode  392 - Reward: -200.000, Length: 200, Loss: 2.0729, Entropy: 1.0957, Epsilon: 0.030
2026-03-29 12:13:33 | INFO | Episode  393 - Reward: -200.000, Length: 200, Loss: 1.6355, Entropy: 1.0958, Epsilon: 0.027
2026-03-29 12:13:35 | INFO | Episode  394 - Reward: -200.000, Length: 200, Loss: 0.8290, Entropy: 1.0956, Epsilon: 0.025
2026-03-29 12:13:38 | INFO | Episode  395 - Reward: -200.000, Length: 200, Loss: 1.5304, Entropy: 1.0979, Epsilon: 0.022
2026-03-29 12:13:41 | INFO | Episode  396 - Reward: -200.000, Length: 200, Loss: 1.3133, Entropy: 1.0970, Epsilon: 0.020
2026-03-29 12:13:44 | INFO | Episode  397 - Reward: -200.000, Length: 200, Loss: 0.5505, Entropy: 1.0975, Epsilon: 0.017
2026-03-29 12:13:46 | INFO | Episode  398 - Reward: -200.000, Length: 200, Loss: 2.0405, Entropy: 1.0975, Epsilon: 0.015
2026-03-29 12:13:49 | INFO | Episode  399 - Reward: -200.000, Length: 200, Loss: 1.8431, Entropy: 1.0968, Epsilon: 0.012
2026-03-29 12:13:52 | INFO | Episode  400 - Reward: -200.000, Length: 200, Loss: 0.6456, Entropy: 1.0962, Epsilon: 0.010
2026-03-29 12:14:49 | INFO | [Episode  400] eps=0.010  avg_reward=-200.000  avg_length=200.00  avg_loss=  1.4037  avg_entropy=1.0962  eval_success=0.000
2026-03-29 12:14:52 | INFO | Episode  401 - Reward: -200.000, Length: 200, Loss: 2.1249, Entropy: 1.0950, Epsilon: 0.010
2026-03-29 12:14:55 | INFO | Episode  402 - Reward: -200.000, Length: 200, Loss: 1.4587, Entropy: 1.0924, Epsilon: 0.010
2026-03-29 12:14:58 | INFO | Episode  403 - Reward: -200.000, Length: 200, Loss: 1.3512, Entropy: 1.0937, Epsilon: 0.010
2026-03-29 12:15:01 | INFO | Episode  404 - Reward: -200.000, Length: 200, Loss: 1.7924, Entropy: 1.0977, Epsilon: 0.010
2026-03-29 12:15:04 | INFO | Episode  405 - Reward: -200.000, Length: 200, Loss: 0.3405, Entropy: 1.0962, Epsilon: 0.010
2026-03-29 12:15:06 | INFO | Episode  406 - Reward: -200.000, Length: 200, Loss: 1.4275, Entropy: 1.0953, Epsilon: 0.010
2026-03-29 12:15:09 | INFO | Episode  407 - Reward: -200.000, Length: 200, Loss: 1.2580, Entropy: 1.0973, Epsilon: 0.010
2026-03-29 12:15:12 | INFO | Episode  408 - Reward: -200.000, Length: 200, Loss: 1.0047, Entropy: 1.0968, Epsilon: 0.010
2026-03-29 12:15:14 | INFO | Episode  409 - Reward: -200.000, Length: 200, Loss: 1.1947, Entropy: 1.0961, Epsilon: 0.010
2026-03-29 12:15:17 | INFO | Episode  410 - Reward: -200.000, Length: 200, Loss: 1.9158, Entropy: 1.0959, Epsilon: 0.010
2026-03-29 12:15:20 | INFO | Episode  411 - Reward: -200.000, Length: 200, Loss: 1.1620, Entropy: 1.0956, Epsilon: 0.010
2026-03-29 12:15:23 | INFO | Episode  412 - Reward: -200.000, Length: 200, Loss: 2.0022, Entropy: 1.0928, Epsilon: 0.010
2026-03-29 12:15:25 | INFO | Episode  413 - Reward: -200.000, Length: 200, Loss: 2.0255, Entropy: 1.0935, Epsilon: 0.010
2026-03-29 12:15:28 | INFO | Episode  414 - Reward: -200.000, Length: 200, Loss: 1.1690, Entropy: 1.0930, Epsilon: 0.010
2026-03-29 12:15:31 | INFO | Episode  415 - Reward: -200.000, Length: 200, Loss: 1.4772, Entropy: 1.0935, Epsilon: 0.010
2026-03-29 12:15:34 | INFO | Episode  416 - Reward: -200.000, Length: 200, Loss: 1.8905, Entropy: 1.0961, Epsilon: 0.010
2026-03-29 12:15:37 | INFO | Episode  417 - Reward: -200.000, Length: 200, Loss: 1.0384, Entropy: 1.0974, Epsilon: 0.010
2026-03-29 12:15:39 | INFO | Episode  418 - Reward: -200.000, Length: 200, Loss: 0.8725, Entropy: 1.0965, Epsilon: 0.010
2026-03-29 12:15:42 | INFO | Episode  419 - Reward: -200.000, Length: 200, Loss: 1.0442, Entropy: 1.0977, Epsilon: 0.010
2026-03-29 12:15:45 | INFO | Episode  420 - Reward: -200.000, Length: 200, Loss: 0.6038, Entropy: 1.0965, Epsilon: 0.010
2026-03-29 12:15:47 | INFO | Episode  421 - Reward: -200.000, Length: 200, Loss: 0.7490, Entropy: 1.0979, Epsilon: 0.010
2026-03-29 12:15:50 | INFO | Episode  422 - Reward: -200.000, Length: 200, Loss: 2.3392, Entropy: 1.0948, Epsilon: 0.010
2026-03-29 12:15:53 | INFO | Episode  423 - Reward: -200.000, Length: 200, Loss: 1.8112, Entropy: 1.0924, Epsilon: 0.010
2026-03-29 12:15:56 | INFO | Episode  424 - Reward: -200.000, Length: 200, Loss: 1.7797, Entropy: 1.0964, Epsilon: 0.010
2026-03-29 12:15:58 | INFO | Episode  425 - Reward: -200.000, Length: 200, Loss: 1.4578, Entropy: 1.0951, Epsilon: 0.010
2026-03-29 12:16:01 | INFO | Episode  426 - Reward: -200.000, Length: 200, Loss: 1.4898, Entropy: 1.0923, Epsilon: 0.010
2026-03-29 12:16:04 | INFO | Episode  427 - Reward: -200.000, Length: 200, Loss: 0.6907, Entropy: 1.0980, Epsilon: 0.010
2026-03-29 12:16:06 | INFO | Episode  428 - Reward: -200.000, Length: 200, Loss: 1.7848, Entropy: 1.0977, Epsilon: 0.010
2026-03-29 12:16:09 | INFO | Episode  429 - Reward: -200.000, Length: 200, Loss: 1.2001, Entropy: 1.0973, Epsilon: 0.010
2026-03-29 12:16:12 | INFO | Episode  430 - Reward: -200.000, Length: 200, Loss: 0.5815, Entropy: 1.0969, Epsilon: 0.010
2026-03-29 12:16:14 | INFO | Episode  431 - Reward: -200.000, Length: 200, Loss: 1.8420, Entropy: 1.0934, Epsilon: 0.010
2026-03-29 12:16:17 | INFO | Episode  432 - Reward: -200.000, Length: 200, Loss: 1.5389, Entropy: 1.0932, Epsilon: 0.010
2026-03-29 12:16:19 | INFO | Episode  433 - Reward: -200.000, Length: 200, Loss: 1.1228, Entropy: 1.0940, Epsilon: 0.010
2026-03-29 12:16:22 | INFO | Episode  434 - Reward: -200.000, Length: 200, Loss: 0.8023, Entropy: 1.0970, Epsilon: 0.010
2026-03-29 12:16:25 | INFO | Episode  435 - Reward: -200.000, Length: 200, Loss: 0.2332, Entropy: 1.0978, Epsilon: 0.010
2026-03-29 12:16:28 | INFO | Episode  436 - Reward: -200.000, Length: 200, Loss: 2.2327, Entropy: 1.0964, Epsilon: 0.010
2026-03-29 12:16:31 | INFO | Episode  437 - Reward: -200.000, Length: 200, Loss: 1.7386, Entropy: 1.0930, Epsilon: 0.010
2026-03-29 12:16:33 | INFO | Episode  438 - Reward: -200.000, Length: 200, Loss: 2.7900, Entropy: 1.0863, Epsilon: 0.010
2026-03-29 12:16:36 | INFO | Episode  439 - Reward: -200.000, Length: 200, Loss: 2.0621, Entropy: 1.0937, Epsilon: 0.010
2026-03-29 12:16:39 | INFO | Episode  440 - Reward: -200.000, Length: 200, Loss: 1.2161, Entropy: 1.0948, Epsilon: 0.010
2026-03-29 12:16:42 | INFO | Episode  441 - Reward: -200.000, Length: 200, Loss: 1.6935, Entropy: 1.0937, Epsilon: 0.010
2026-03-29 12:16:45 | INFO | Episode  442 - Reward: -200.000, Length: 200, Loss: 1.1763, Entropy: 1.0960, Epsilon: 0.010
2026-03-29 12:16:47 | INFO | Episode  443 - Reward: -200.000, Length: 200, Loss: 1.6614, Entropy: 1.0948, Epsilon: 0.010
2026-03-29 12:16:50 | INFO | Episode  444 - Reward: -200.000, Length: 200, Loss: 1.3498, Entropy: 1.0973, Epsilon: 0.010
2026-03-29 12:16:53 | INFO | Episode  445 - Reward: -200.000, Length: 200, Loss: 0.6081, Entropy: 1.0970, Epsilon: 0.010
2026-03-29 12:16:56 | INFO | Episode  446 - Reward: -200.000, Length: 200, Loss: 1.0605, Entropy: 1.0970, Epsilon: 0.010
2026-03-29 12:16:59 | INFO | Episode  447 - Reward: -200.000, Length: 200, Loss: 0.2269, Entropy: 1.0979, Epsilon: 0.010
2026-03-29 12:17:01 | INFO | Episode  448 - Reward: -200.000, Length: 200, Loss: 0.5884, Entropy: 1.0966, Epsilon: 0.010
2026-03-29 12:17:04 | INFO | Episode  449 - Reward: -200.000, Length: 200, Loss: 1.4014, Entropy: 1.0972, Epsilon: 0.010
2026-03-29 12:17:06 | INFO | Episode  450 - Reward: -200.000, Length: 200, Loss: 2.1157, Entropy: 1.0941, Epsilon: 0.010
2026-03-29 12:18:04 | INFO | [Episode  450] eps=0.010  avg_reward=-200.000  avg_length=200.00  avg_loss=  1.3700  avg_entropy=1.0941  eval_success=0.000
2026-03-29 12:18:07 | INFO | Episode  451 - Reward: -200.000, Length: 200, Loss: 0.2772, Entropy: 1.0966, Epsilon: 0.010
2026-03-29 12:18:11 | INFO | Episode  452 - Reward: -200.000, Length: 200, Loss: 1.3723, Entropy: 1.0978, Epsilon: 0.010
2026-03-29 12:18:14 | INFO | Episode  453 - Reward: -200.000, Length: 200, Loss: 1.4259, Entropy: 1.0948, Epsilon: 0.010
2026-03-29 12:18:17 | INFO | Episode  454 - Reward: -200.000, Length: 200, Loss: 0.5648, Entropy: 1.0951, Epsilon: 0.010
2026-03-29 12:18:20 | INFO | Episode  455 - Reward: -200.000, Length: 200, Loss: 1.9235, Entropy: 1.0957, Epsilon: 0.010
2026-03-29 12:18:23 | INFO | Episode  456 - Reward: -200.000, Length: 200, Loss: 1.4382, Entropy: 1.0977, Epsilon: 0.010
2026-03-29 12:18:25 | INFO | Episode  457 - Reward: -200.000, Length: 200, Loss: 2.2822, Entropy: 1.0959, Epsilon: 0.010
2026-03-29 12:18:28 | INFO | Episode  458 - Reward: -200.000, Length: 200, Loss: 0.7763, Entropy: 1.0967, Epsilon: 0.010
2026-03-29 12:18:31 | INFO | Episode  459 - Reward: -200.000, Length: 200, Loss: 2.0540, Entropy: 1.0974, Epsilon: 0.010
2026-03-29 12:18:33 | INFO | Episode  460 - Reward: -200.000, Length: 200, Loss: 1.1085, Entropy: 1.0972, Epsilon: 0.010
2026-03-29 12:18:36 | INFO | Episode  461 - Reward: -200.000, Length: 200, Loss: 1.0290, Entropy: 1.0955, Epsilon: 0.010
2026-03-29 12:18:39 | INFO | Episode  462 - Reward: -200.000, Length: 200, Loss: 1.4638, Entropy: 1.0968, Epsilon: 0.010
2026-03-29 12:18:41 | INFO | Episode  463 - Reward: -200.000, Length: 200, Loss: 1.4657, Entropy: 1.0950, Epsilon: 0.010
2026-03-29 12:18:44 | INFO | Episode  464 - Reward: -200.000, Length: 200, Loss: 1.4043, Entropy: 1.0960, Epsilon: 0.010
2026-03-29 12:18:47 | INFO | Episode  465 - Reward: -200.000, Length: 200, Loss: 1.4216, Entropy: 1.0972, Epsilon: 0.010
2026-03-29 12:18:50 | INFO | Episode  466 - Reward: -200.000, Length: 200, Loss: 0.6500, Entropy: 1.0981, Epsilon: 0.010
2026-03-29 12:18:53 | INFO | Episode  467 - Reward: -200.000, Length: 200, Loss: 1.4188, Entropy: 1.0978, Epsilon: 0.010
2026-03-29 12:18:55 | INFO | Episode  468 - Reward: -200.000, Length: 200, Loss: 0.9873, Entropy: 1.0967, Epsilon: 0.010
2026-03-29 12:18:58 | INFO | Episode  469 - Reward: -200.000, Length: 200, Loss: 0.7251, Entropy: 1.0963, Epsilon: 0.010
2026-03-29 12:19:00 | INFO | Episode  470 - Reward: -200.000, Length: 200, Loss: 1.0068, Entropy: 1.0953, Epsilon: 0.010
2026-03-29 12:19:03 | INFO | Episode  471 - Reward: -200.000, Length: 200, Loss: 1.4950, Entropy: 1.0955, Epsilon: 0.010
2026-03-29 12:19:06 | INFO | Episode  472 - Reward: -200.000, Length: 200, Loss: 1.0556, Entropy: 1.0943, Epsilon: 0.010
2026-03-29 12:19:09 | INFO | Episode  473 - Reward: -200.000, Length: 200, Loss: 1.0052, Entropy: 1.0963, Epsilon: 0.010
2026-03-29 12:19:11 | INFO | Episode  474 - Reward: -200.000, Length: 200, Loss: 1.2034, Entropy: 1.0969, Epsilon: 0.010
2026-03-29 12:19:14 | INFO | Episode  475 - Reward: -200.000, Length: 200, Loss: 1.3819, Entropy: 1.0968, Epsilon: 0.010
2026-03-29 12:19:17 | INFO | Episode  476 - Reward: -200.000, Length: 200, Loss: 1.7580, Entropy: 1.0958, Epsilon: 0.010
2026-03-29 12:19:20 | INFO | Episode  477 - Reward: -200.000, Length: 200, Loss: 2.8630, Entropy: 1.0913, Epsilon: 0.010
2026-03-29 12:19:23 | INFO | Episode  478 - Reward: -200.000, Length: 200, Loss: 1.8916, Entropy: 1.0922, Epsilon: 0.010
2026-03-29 12:19:25 | INFO | Episode  479 - Reward: -200.000, Length: 200, Loss: 0.4625, Entropy: 1.0973, Epsilon: 0.010
2026-03-29 12:19:28 | INFO | Episode  480 - Reward: -200.000, Length: 200, Loss: 0.6361, Entropy: 1.0972, Epsilon: 0.010
2026-03-29 12:19:31 | INFO | Episode  481 - Reward: -200.000, Length: 200, Loss: 2.5092, Entropy: 1.0937, Epsilon: 0.010
2026-03-29 12:19:33 | INFO | Episode  482 - Reward: -200.000, Length: 200, Loss: 1.0021, Entropy: 1.0980, Epsilon: 0.010
2026-03-29 12:19:36 | INFO | Episode  483 - Reward: -200.000, Length: 200, Loss: 0.7013, Entropy: 1.0970, Epsilon: 0.010
2026-03-29 12:19:38 | INFO | Episode  484 - Reward: -200.000, Length: 200, Loss: 0.5171, Entropy: 1.0966, Epsilon: 0.010
2026-03-29 12:19:41 | INFO | Episode  485 - Reward: -200.000, Length: 200, Loss: 0.4211, Entropy: 1.0982, Epsilon: 0.010
2026-03-29 12:19:44 | INFO | Episode  486 - Reward: -200.000, Length: 200, Loss: 0.8969, Entropy: 1.0980, Epsilon: 0.010
2026-03-29 12:19:47 | INFO | Episode  487 - Reward: -200.000, Length: 200, Loss: 1.8706, Entropy: 1.0957, Epsilon: 0.010
2026-03-29 12:19:50 | INFO | Episode  488 - Reward: -200.000, Length: 200, Loss: 1.2728, Entropy: 1.0941, Epsilon: 0.010
2026-03-29 12:19:52 | INFO | Episode  489 - Reward: -200.000, Length: 200, Loss: 0.6743, Entropy: 1.0976, Epsilon: 0.010
2026-03-29 12:19:55 | INFO | Episode  490 - Reward: -200.000, Length: 200, Loss: 1.2918, Entropy: 1.0967, Epsilon: 0.010
2026-03-29 12:19:58 | INFO | Episode  491 - Reward: -200.000, Length: 200, Loss: 0.6800, Entropy: 1.0977, Epsilon: 0.010
2026-03-29 12:20:01 | INFO | Episode  492 - Reward: -200.000, Length: 200, Loss: 0.4184, Entropy: 1.0977, Epsilon: 0.010
2026-03-29 12:20:04 | INFO | Episode  493 - Reward: -200.000, Length: 200, Loss: 0.9386, Entropy: 1.0963, Epsilon: 0.010
2026-03-29 12:20:06 | INFO | Episode  494 - Reward: -200.000, Length: 200, Loss: 1.7468, Entropy: 1.0956, Epsilon: 0.010
2026-03-29 12:20:09 | INFO | Episode  495 - Reward: -200.000, Length: 200, Loss: 0.7753, Entropy: 1.0956, Epsilon: 0.010
2026-03-29 12:20:12 | INFO | Episode  496 - Reward: -200.000, Length: 200, Loss: 0.6963, Entropy: 1.0979, Epsilon: 0.010
2026-03-29 12:20:15 | INFO | Episode  497 - Reward: -200.000, Length: 200, Loss: 0.9088, Entropy: 1.0978, Epsilon: 0.010
2026-03-29 12:20:17 | INFO | Episode  498 - Reward: -200.000, Length: 200, Loss: 1.6038, Entropy: 1.0973, Epsilon: 0.010
2026-03-29 12:20:20 | INFO | Episode  499 - Reward: -200.000, Length: 200, Loss: 2.5188, Entropy: 1.0942, Epsilon: 0.010
2026-03-29 12:20:23 | INFO | Episode  500 - Reward: -200.000, Length: 200, Loss: 1.0253, Entropy: 1.0973, Epsilon: 0.010
2026-03-29 12:21:22 | INFO | [Episode  500] eps=0.010  avg_reward=-200.000  avg_length=200.00  avg_loss=  1.2203  avg_entropy=1.0973  eval_success=0.000
2026-03-29 12:21:22 | INFO | DQN+Entropy training: 32m 34.08s
2026-03-29 12:25:11 | INFO | [Final Eval] success=0.000, mean_reward=-200.000
