2026-03-29 17:54:05 | INFO | ============================================================
2026-03-29 17:54:05 | INFO | DEVICE / COMPUTE INFORMATION
2026-03-29 17:54:05 | INFO |   JAX backend       : CPU
2026-03-29 17:54:05 | INFO |   Platform          : cpu
2026-03-29 17:54:05 | INFO |   Num devices       : 1
2026-03-29 17:54:05 | INFO |   Device            : TFRT_CPU_0
2026-03-29 17:54:05 | INFO | ============================================================
2026-03-29 17:54:05 | INFO | DQN+Entropy | seed=3, lr=0.0005, gamma=0.95, alpha=0.01
2026-03-29 17:54:05 | INFO | Env: cartpole/dense, obs_dim=4, num_actions=2
2026-03-29 17:54:06 | INFO | Episode    1 - Reward: 14.000, Length: 14, Loss: 0.0000, Entropy: 0.0000, Epsilon: 0.998
2026-03-29 17:54:07 | INFO | Episode    2 - Reward: 26.000, Length: 26, Loss: 0.0000, Entropy: 0.0000, Epsilon: 0.995
2026-03-29 17:54:07 | INFO | Episode    3 - Reward: 29.000, Length: 29, Loss: 0.0000, Entropy: 0.0000, Epsilon: 0.993
2026-03-29 17:54:07 | INFO | Episode    4 - Reward: 16.000, Length: 16, Loss: 0.0000, Entropy: 0.0000, Epsilon: 0.990
2026-03-29 17:54:08 | INFO | Episode    5 - Reward: 19.000, Length: 19, Loss: 0.0000, Entropy: 0.0000, Epsilon: 0.988
2026-03-29 17:54:08 | INFO | Episode    6 - Reward: 12.000, Length: 12, Loss: 0.0000, Entropy: 0.0000, Epsilon: 0.985
2026-03-29 17:54:09 | INFO | Episode    7 - Reward: 18.000, Length: 18, Loss: 0.0000, Entropy: 0.0000, Epsilon: 0.983
2026-03-29 17:54:09 | INFO | Episode    8 - Reward: 22.000, Length: 22, Loss: 0.0000, Entropy: 0.0000, Epsilon: 0.980
2026-03-29 17:54:10 | INFO | Episode    9 - Reward: 13.000, Length: 13, Loss: 0.0000, Entropy: 0.0000, Epsilon: 0.978
2026-03-29 17:54:10 | INFO | Episode   10 - Reward: 11.000, Length: 11, Loss: 0.0000, Entropy: 0.0000, Epsilon: 0.975
2026-03-29 17:54:11 | INFO | Episode   11 - Reward: 13.000, Length: 13, Loss: 0.0000, Entropy: 0.0000, Epsilon: 0.973
2026-03-29 17:54:11 | INFO | Episode   12 - Reward: 31.000, Length: 31, Loss: 0.0000, Entropy: 0.0000, Epsilon: 0.970
2026-03-29 17:54:11 | INFO | Episode   13 - Reward: 16.000, Length: 16, Loss: 0.0000, Entropy: 0.0000, Epsilon: 0.968
2026-03-29 17:54:13 | INFO | Episode   14 - Reward: 18.000, Length: 18, Loss: 1.0100, Entropy: 0.6931, Epsilon: 0.965
2026-03-29 17:54:13 | INFO | Episode   15 - Reward: 17.000, Length: 17, Loss: 1.0048, Entropy: 0.6931, Epsilon: 0.963
2026-03-29 17:54:14 | INFO | Episode   16 - Reward: 14.000, Length: 14, Loss: 0.9999, Entropy: 0.6931, Epsilon: 0.960
2026-03-29 17:54:14 | INFO | Episode   17 - Reward: 11.000, Length: 11, Loss: 0.9930, Entropy: 0.6931, Epsilon: 0.958
2026-03-29 17:54:15 | INFO | Episode   18 - Reward: 16.000, Length: 16, Loss: 0.9888, Entropy: 0.6931, Epsilon: 0.955
2026-03-29 17:54:15 | INFO | Episode   19 - Reward: 20.000, Length: 20, Loss: 0.9831, Entropy: 0.6931, Epsilon: 0.953
2026-03-29 17:54:16 | INFO | Episode   20 - Reward: 30.000, Length: 30, Loss: 0.9752, Entropy: 0.6931, Epsilon: 0.951
2026-03-29 17:54:16 | INFO | Episode   21 - Reward: 26.000, Length: 26, Loss: 0.9705, Entropy: 0.6931, Epsilon: 0.948
2026-03-29 17:54:17 | INFO | Episode   22 - Reward: 90.000, Length: 90, Loss: 0.9647, Entropy: 0.6931, Epsilon: 0.946
2026-03-29 17:54:17 | INFO | Episode   23 - Reward: 14.000, Length: 14, Loss: 0.9573, Entropy: 0.6931, Epsilon: 0.943
2026-03-29 17:54:18 | INFO | Episode   24 - Reward: 39.000, Length: 39, Loss: 0.9529, Entropy: 0.6931, Epsilon: 0.941
2026-03-29 17:54:18 | INFO | Episode   25 - Reward: 10.000, Length: 10, Loss: 1.0031, Entropy: 0.6931, Epsilon: 0.938
2026-03-29 17:54:19 | INFO | Episode   26 - Reward: 15.000, Length: 15, Loss: 0.9955, Entropy: 0.6931, Epsilon: 0.936
2026-03-29 17:54:19 | INFO | Episode   27 - Reward: 14.000, Length: 14, Loss: 0.9913, Entropy: 0.6931, Epsilon: 0.933
2026-03-29 17:54:19 | INFO | Episode   28 - Reward: 20.000, Length: 20, Loss: 0.9866, Entropy: 0.6931, Epsilon: 0.931
2026-03-29 17:54:20 | INFO | Episode   29 - Reward: 13.000, Length: 13, Loss: 0.9837, Entropy: 0.6931, Epsilon: 0.928
2026-03-29 17:54:21 | INFO | Episode   30 - Reward: 47.000, Length: 47, Loss: 0.9748, Entropy: 0.6931, Epsilon: 0.926
2026-03-29 17:54:21 | INFO | Episode   31 - Reward: 31.000, Length: 31, Loss: 0.9692, Entropy: 0.6931, Epsilon: 0.923
2026-03-29 17:54:22 | INFO | Episode   32 - Reward: 10.000, Length: 10, Loss: 0.9662, Entropy: 0.6931, Epsilon: 0.921
2026-03-29 17:54:23 | INFO | Episode   33 - Reward: 13.000, Length: 13, Loss: 0.9597, Entropy: 0.6931, Epsilon: 0.918
2026-03-29 17:54:23 | INFO | Episode   34 - Reward: 12.000, Length: 12, Loss: 0.9526, Entropy: 0.6931, Epsilon: 0.916
2026-03-29 17:54:24 | INFO | Episode   35 - Reward: 31.000, Length: 31, Loss: 0.9482, Entropy: 0.6931, Epsilon: 0.913
2026-03-29 17:54:24 | INFO | Episode   36 - Reward: 26.000, Length: 26, Loss: 0.9424, Entropy: 0.6931, Epsilon: 0.911
2026-03-29 17:54:25 | INFO | Episode   37 - Reward: 32.000, Length: 32, Loss: 0.9363, Entropy: 0.6931, Epsilon: 0.908
2026-03-29 17:54:26 | INFO | Episode   38 - Reward: 48.000, Length: 48, Loss: 0.9306, Entropy: 0.6931, Epsilon: 0.906
2026-03-29 17:54:27 | INFO | Episode   39 - Reward: 12.000, Length: 12, Loss: 0.9260, Entropy: 0.6931, Epsilon: 0.903
2026-03-29 17:54:27 | INFO | Episode   40 - Reward: 17.000, Length: 17, Loss: 0.9200, Entropy: 0.6930, Epsilon: 0.901
2026-03-29 17:54:28 | INFO | Episode   41 - Reward: 12.000, Length: 12, Loss: 0.9175, Entropy: 0.6931, Epsilon: 0.899
2026-03-29 17:54:29 | INFO | Episode   42 - Reward: 19.000, Length: 19, Loss: 0.9116, Entropy: 0.6931, Epsilon: 0.896
2026-03-29 17:54:29 | INFO | Episode   43 - Reward: 30.000, Length: 30, Loss: 0.9052, Entropy: 0.6930, Epsilon: 0.894
2026-03-29 17:54:30 | INFO | Episode   44 - Reward: 20.000, Length: 20, Loss: 0.9011, Entropy: 0.6930, Epsilon: 0.891
2026-03-29 17:54:31 | INFO | Episode   45 - Reward: 14.000, Length: 14, Loss: 0.8965, Entropy: 0.6930, Epsilon: 0.889
2026-03-29 17:54:32 | INFO | Episode   46 - Reward: 27.000, Length: 27, Loss: 0.8914, Entropy: 0.6930, Epsilon: 0.886
2026-03-29 17:54:32 | INFO | Episode   47 - Reward: 11.000, Length: 11, Loss: 0.9958, Entropy: 0.6930, Epsilon: 0.884
2026-03-29 17:54:33 | INFO | Episode   48 - Reward: 16.000, Length: 16, Loss: 0.9878, Entropy: 0.6930, Epsilon: 0.881
2026-03-29 17:54:34 | INFO | Episode   49 - Reward: 20.000, Length: 20, Loss: 0.9836, Entropy: 0.6930, Epsilon: 0.879
2026-03-29 17:54:34 | INFO | Episode   50 - Reward: 26.000, Length: 26, Loss: 0.9800, Entropy: 0.6930, Epsilon: 0.876
2026-03-29 17:54:36 | INFO | [Episode   50] eps=0.876  avg_reward=  21.620  avg_length= 21.62  avg_loss=  0.7111  avg_entropy=0.6930  eval_success=0.000
2026-03-29 17:54:36 | INFO | Episode   51 - Reward: 24.000, Length: 24, Loss: 0.9719, Entropy: 0.6930, Epsilon: 0.874
2026-03-29 17:54:37 | INFO | Episode   52 - Reward: 17.000, Length: 17, Loss: 0.9693, Entropy: 0.6930, Epsilon: 0.871
2026-03-29 17:54:37 | INFO | Episode   53 - Reward: 12.000, Length: 12, Loss: 0.9623, Entropy: 0.6930, Epsilon: 0.869
2026-03-29 17:54:38 | INFO | Episode   54 - Reward: 28.000, Length: 28, Loss: 0.9570, Entropy: 0.6930, Epsilon: 0.866
2026-03-29 17:54:38 | INFO | Episode   55 - Reward: 14.000, Length: 14, Loss: 0.9523, Entropy: 0.6930, Epsilon: 0.864
2026-03-29 17:54:39 | INFO | Episode   56 - Reward: 23.000, Length: 23, Loss: 0.9419, Entropy: 0.6930, Epsilon: 0.861
2026-03-29 17:54:39 | INFO | Episode   57 - Reward: 40.000, Length: 40, Loss: 0.9370, Entropy: 0.6930, Epsilon: 0.859
2026-03-29 17:54:40 | INFO | Episode   58 - Reward: 12.000, Length: 12, Loss: 0.9362, Entropy: 0.6930, Epsilon: 0.856
2026-03-29 17:54:40 | INFO | Episode   59 - Reward: 38.000, Length: 38, Loss: 0.9294, Entropy: 0.6930, Epsilon: 0.854
2026-03-29 17:54:41 | INFO | Episode   60 - Reward: 21.000, Length: 21, Loss: 0.9227, Entropy: 0.6930, Epsilon: 0.852
2026-03-29 17:54:41 | INFO | Episode   61 - Reward: 11.000, Length: 11, Loss: 0.9194, Entropy: 0.6930, Epsilon: 0.849
2026-03-29 17:54:42 | INFO | Episode   62 - Reward: 12.000, Length: 12, Loss: 0.9147, Entropy: 0.6930, Epsilon: 0.847
2026-03-29 17:54:43 | INFO | Episode   63 - Reward: 11.000, Length: 11, Loss: 0.9073, Entropy: 0.6930, Epsilon: 0.844
2026-03-29 17:54:43 | INFO | Episode   64 - Reward: 32.000, Length: 32, Loss: 0.8991, Entropy: 0.6930, Epsilon: 0.842
2026-03-29 17:54:44 | INFO | Episode   65 - Reward: 26.000, Length: 26, Loss: 0.8961, Entropy: 0.6930, Epsilon: 0.839
2026-03-29 17:54:45 | INFO | Episode   66 - Reward: 12.000, Length: 12, Loss: 0.8920, Entropy: 0.6930, Epsilon: 0.837
2026-03-29 17:54:45 | INFO | Episode   67 - Reward: 13.000, Length: 13, Loss: 0.8830, Entropy: 0.6930, Epsilon: 0.834
2026-03-29 17:54:46 | INFO | Episode   68 - Reward: 10.000, Length: 10, Loss: 0.8809, Entropy: 0.6930, Epsilon: 0.832
2026-03-29 17:54:47 | INFO | Episode   69 - Reward: 13.000, Length: 13, Loss: 0.8756, Entropy: 0.6929, Epsilon: 0.829
2026-03-29 17:54:47 | INFO | Episode   70 - Reward: 21.000, Length: 21, Loss: 0.8680, Entropy: 0.6929, Epsilon: 0.827
2026-03-29 17:54:48 | INFO | Episode   71 - Reward: 30.000, Length: 30, Loss: 0.8636, Entropy: 0.6929, Epsilon: 0.824
2026-03-29 17:54:49 | INFO | Episode   72 - Reward: 34.000, Length: 34, Loss: 0.9918, Entropy: 0.6930, Epsilon: 0.822
2026-03-29 17:54:49 | INFO | Episode   73 - Reward: 12.000, Length: 12, Loss: 0.9818, Entropy: 0.6929, Epsilon: 0.819
2026-03-29 17:54:50 | INFO | Episode   74 - Reward: 14.000, Length: 14, Loss: 0.9812, Entropy: 0.6929, Epsilon: 0.817
2026-03-29 17:54:51 | INFO | Episode   75 - Reward: 12.000, Length: 12, Loss: 0.9721, Entropy: 0.6929, Epsilon: 0.814
2026-03-29 17:54:52 | INFO | Episode   76 - Reward: 21.000, Length: 21, Loss: 0.9631, Entropy: 0.6929, Epsilon: 0.812
2026-03-29 17:54:52 | INFO | Episode   77 - Reward: 14.000, Length: 14, Loss: 0.9584, Entropy: 0.6929, Epsilon: 0.809
2026-03-29 17:54:53 | INFO | Episode   78 - Reward: 37.000, Length: 37, Loss: 0.9572, Entropy: 0.6929, Epsilon: 0.807
2026-03-29 17:54:54 | INFO | Episode   79 - Reward: 11.000, Length: 11, Loss: 0.9524, Entropy: 0.6929, Epsilon: 0.804
2026-03-29 17:54:54 | INFO | Episode   80 - Reward: 26.000, Length: 26, Loss: 0.9425, Entropy: 0.6929, Epsilon: 0.802
2026-03-29 17:54:55 | INFO | Episode   81 - Reward: 11.000, Length: 11, Loss: 0.9343, Entropy: 0.6928, Epsilon: 0.800
2026-03-29 17:54:56 | INFO | Episode   82 - Reward: 11.000, Length: 11, Loss: 0.9320, Entropy: 0.6928, Epsilon: 0.797
2026-03-29 17:54:56 | INFO | Episode   83 - Reward: 14.000, Length: 14, Loss: 0.9241, Entropy: 0.6928, Epsilon: 0.795
2026-03-29 17:54:57 | INFO | Episode   84 - Reward: 23.000, Length: 23, Loss: 0.9170, Entropy: 0.6928, Epsilon: 0.792
2026-03-29 17:54:58 | INFO | Episode   85 - Reward: 16.000, Length: 16, Loss: 0.9090, Entropy: 0.6928, Epsilon: 0.790
2026-03-29 17:54:58 | INFO | Episode   86 - Reward: 14.000, Length: 14, Loss: 0.9096, Entropy: 0.6928, Epsilon: 0.787
2026-03-29 17:54:59 | INFO | Episode   87 - Reward: 36.000, Length: 36, Loss: 0.9085, Entropy: 0.6928, Epsilon: 0.785
2026-03-29 17:55:00 | INFO | Episode   88 - Reward: 19.000, Length: 19, Loss: 0.8973, Entropy: 0.6928, Epsilon: 0.782
2026-03-29 17:55:00 | INFO | Episode   89 - Reward: 12.000, Length: 12, Loss: 0.8896, Entropy: 0.6928, Epsilon: 0.780
2026-03-29 17:55:01 | INFO | Episode   90 - Reward: 9.000, Length: 9, Loss: 0.8902, Entropy: 0.6928, Epsilon: 0.777
2026-03-29 17:55:02 | INFO | Episode   91 - Reward: 26.000, Length: 26, Loss: 0.8823, Entropy: 0.6927, Epsilon: 0.775
2026-03-29 17:55:02 | INFO | Episode   92 - Reward: 18.000, Length: 18, Loss: 0.8796, Entropy: 0.6927, Epsilon: 0.772
2026-03-29 17:55:03 | INFO | Episode   93 - Reward: 33.000, Length: 33, Loss: 0.8739, Entropy: 0.6927, Epsilon: 0.770
2026-03-29 17:55:03 | INFO | Episode   94 - Reward: 14.000, Length: 14, Loss: 0.8649, Entropy: 0.6927, Epsilon: 0.767
2026-03-29 17:55:04 | INFO | Episode   95 - Reward: 14.000, Length: 14, Loss: 0.8592, Entropy: 0.6927, Epsilon: 0.765
2026-03-29 17:55:05 | INFO | Episode   96 - Reward: 27.000, Length: 27, Loss: 0.8550, Entropy: 0.6927, Epsilon: 0.762
2026-03-29 17:55:05 | INFO | Episode   97 - Reward: 40.000, Length: 40, Loss: 0.8502, Entropy: 0.6927, Epsilon: 0.760
2026-03-29 17:55:06 | INFO | Episode   98 - Reward: 18.000, Length: 18, Loss: 0.9907, Entropy: 0.6927, Epsilon: 0.757
2026-03-29 17:55:07 | INFO | Episode   99 - Reward: 13.000, Length: 13, Loss: 0.9872, Entropy: 0.6926, Epsilon: 0.755
2026-03-29 17:55:07 | INFO | Episode  100 - Reward: 29.000, Length: 29, Loss: 0.9830, Entropy: 0.6926, Epsilon: 0.752
2026-03-29 17:55:08 | INFO | [Episode  100] eps=0.752  avg_reward=  19.960  avg_length= 19.96  avg_loss=  0.9224  avg_entropy=0.6926  eval_success=0.000
2026-03-29 17:55:09 | INFO | Episode  101 - Reward: 15.000, Length: 15, Loss: 0.9841, Entropy: 0.6926, Epsilon: 0.750
2026-03-29 17:55:09 | INFO | Episode  102 - Reward: 19.000, Length: 19, Loss: 0.9738, Entropy: 0.6926, Epsilon: 0.748
2026-03-29 17:55:10 | INFO | Episode  103 - Reward: 15.000, Length: 15, Loss: 0.9619, Entropy: 0.6926, Epsilon: 0.745
2026-03-29 17:55:11 | INFO | Episode  104 - Reward: 12.000, Length: 12, Loss: 0.9555, Entropy: 0.6926, Epsilon: 0.743
2026-03-29 17:55:11 | INFO | Episode  105 - Reward: 22.000, Length: 22, Loss: 0.9534, Entropy: 0.6926, Epsilon: 0.740
2026-03-29 17:55:11 | INFO | Episode  106 - Reward: 20.000, Length: 20, Loss: 0.9447, Entropy: 0.6926, Epsilon: 0.738
2026-03-29 17:55:12 | INFO | Episode  107 - Reward: 18.000, Length: 18, Loss: 0.9457, Entropy: 0.6925, Epsilon: 0.735
2026-03-29 17:55:12 | INFO | Episode  108 - Reward: 10.000, Length: 10, Loss: 0.9246, Entropy: 0.6925, Epsilon: 0.733
2026-03-29 17:55:13 | INFO | Episode  109 - Reward: 15.000, Length: 15, Loss: 0.9209, Entropy: 0.6925, Epsilon: 0.730
2026-03-29 17:55:13 | INFO | Episode  110 - Reward: 10.000, Length: 10, Loss: 0.9255, Entropy: 0.6925, Epsilon: 0.728
2026-03-29 17:55:14 | INFO | Episode  111 - Reward: 25.000, Length: 25, Loss: 0.9202, Entropy: 0.6925, Epsilon: 0.725
2026-03-29 17:55:14 | INFO | Episode  112 - Reward: 17.000, Length: 17, Loss: 0.9076, Entropy: 0.6925, Epsilon: 0.723
2026-03-29 17:55:14 | INFO | Episode  113 - Reward: 17.000, Length: 17, Loss: 0.8983, Entropy: 0.6924, Epsilon: 0.720
2026-03-29 17:55:15 | INFO | Episode  114 - Reward: 32.000, Length: 32, Loss: 0.8941, Entropy: 0.6924, Epsilon: 0.718
2026-03-29 17:55:15 | INFO | Episode  115 - Reward: 41.000, Length: 41, Loss: 0.8901, Entropy: 0.6923, Epsilon: 0.715
2026-03-29 17:55:16 | INFO | Episode  116 - Reward: 15.000, Length: 15, Loss: 0.8826, Entropy: 0.6924, Epsilon: 0.713
2026-03-29 17:55:16 | INFO | Episode  117 - Reward: 11.000, Length: 11, Loss: 0.8776, Entropy: 0.6923, Epsilon: 0.710
2026-03-29 17:55:16 | INFO | Episode  118 - Reward: 10.000, Length: 10, Loss: 0.8799, Entropy: 0.6923, Epsilon: 0.708
2026-03-29 17:55:17 | INFO | Episode  119 - Reward: 10.000, Length: 10, Loss: 0.8758, Entropy: 0.6923, Epsilon: 0.705
2026-03-29 17:55:17 | INFO | Episode  120 - Reward: 23.000, Length: 23, Loss: 0.8655, Entropy: 0.6923, Epsilon: 0.703
2026-03-29 17:55:18 | INFO | Episode  121 - Reward: 15.000, Length: 15, Loss: 0.8599, Entropy: 0.6922, Epsilon: 0.701
2026-03-29 17:55:18 | INFO | Episode  122 - Reward: 31.000, Length: 31, Loss: 0.8545, Entropy: 0.6922, Epsilon: 0.698
2026-03-29 17:55:18 | INFO | Episode  123 - Reward: 31.000, Length: 31, Loss: 0.8474, Entropy: 0.6922, Epsilon: 0.696
2026-03-29 17:55:19 | INFO | Episode  124 - Reward: 12.000, Length: 12, Loss: 1.0006, Entropy: 0.6922, Epsilon: 0.693
2026-03-29 17:55:19 | INFO | Episode  125 - Reward: 12.000, Length: 12, Loss: 0.9862, Entropy: 0.6921, Epsilon: 0.691
2026-03-29 17:55:20 | INFO | Episode  126 - Reward: 20.000, Length: 20, Loss: 0.9908, Entropy: 0.6921, Epsilon: 0.688
2026-03-29 17:55:20 | INFO | Episode  127 - Reward: 15.000, Length: 15, Loss: 0.9789, Entropy: 0.6921, Epsilon: 0.686
2026-03-29 17:55:20 | INFO | Episode  128 - Reward: 15.000, Length: 15, Loss: 0.9715, Entropy: 0.6921, Epsilon: 0.683
2026-03-29 17:55:21 | INFO | Episode  129 - Reward: 13.000, Length: 13, Loss: 0.9592, Entropy: 0.6921, Epsilon: 0.681
2026-03-29 17:55:21 | INFO | Episode  130 - Reward: 14.000, Length: 14, Loss: 0.9548, Entropy: 0.6920, Epsilon: 0.678
2026-03-29 17:55:22 | INFO | Episode  131 - Reward: 12.000, Length: 12, Loss: 0.9577, Entropy: 0.6920, Epsilon: 0.676
2026-03-29 17:55:22 | INFO | Episode  132 - Reward: 12.000, Length: 12, Loss: 0.9485, Entropy: 0.6919, Epsilon: 0.673
2026-03-29 17:55:23 | INFO | Episode  133 - Reward: 15.000, Length: 15, Loss: 0.9382, Entropy: 0.6919, Epsilon: 0.671
2026-03-29 17:55:23 | INFO | Episode  134 - Reward: 13.000, Length: 13, Loss: 0.9330, Entropy: 0.6919, Epsilon: 0.668
2026-03-29 17:55:23 | INFO | Episode  135 - Reward: 28.000, Length: 28, Loss: 0.9291, Entropy: 0.6919, Epsilon: 0.666
2026-03-29 17:55:24 | INFO | Episode  136 - Reward: 23.000, Length: 23, Loss: 0.9242, Entropy: 0.6919, Epsilon: 0.663
2026-03-29 17:55:24 | INFO | Episode  137 - Reward: 13.000, Length: 13, Loss: 0.9089, Entropy: 0.6918, Epsilon: 0.661
2026-03-29 17:55:25 | INFO | Episode  138 - Reward: 17.000, Length: 17, Loss: 0.9039, Entropy: 0.6918, Epsilon: 0.658
2026-03-29 17:55:25 | INFO | Episode  139 - Reward: 10.000, Length: 10, Loss: 0.8948, Entropy: 0.6917, Epsilon: 0.656
2026-03-29 17:55:26 | INFO | Episode  140 - Reward: 15.000, Length: 15, Loss: 0.8997, Entropy: 0.6917, Epsilon: 0.653
2026-03-29 17:55:26 | INFO | Episode  141 - Reward: 10.000, Length: 10, Loss: 0.8874, Entropy: 0.6917, Epsilon: 0.651
2026-03-29 17:55:27 | INFO | Episode  142 - Reward: 12.000, Length: 12, Loss: 0.8809, Entropy: 0.6917, Epsilon: 0.649
2026-03-29 17:55:27 | INFO | Episode  143 - Reward: 14.000, Length: 14, Loss: 0.8809, Entropy: 0.6917, Epsilon: 0.646
2026-03-29 17:55:28 | INFO | Episode  144 - Reward: 20.000, Length: 20, Loss: 0.8714, Entropy: 0.6915, Epsilon: 0.644
2026-03-29 17:55:28 | INFO | Episode  145 - Reward: 10.000, Length: 10, Loss: 0.8627, Entropy: 0.6916, Epsilon: 0.641
2026-03-29 17:55:28 | INFO | Episode  146 - Reward: 21.000, Length: 21, Loss: 0.8530, Entropy: 0.6916, Epsilon: 0.639
2026-03-29 17:55:29 | INFO | Episode  147 - Reward: 15.000, Length: 15, Loss: 0.8537, Entropy: 0.6915, Epsilon: 0.636
2026-03-29 17:55:29 | INFO | Episode  148 - Reward: 13.000, Length: 13, Loss: 0.8525, Entropy: 0.6915, Epsilon: 0.634
2026-03-29 17:55:30 | INFO | Episode  149 - Reward: 12.000, Length: 12, Loss: 0.8375, Entropy: 0.6914, Epsilon: 0.631
2026-03-29 17:55:30 | INFO | Episode  150 - Reward: 12.000, Length: 12, Loss: 0.8347, Entropy: 0.6913, Epsilon: 0.629
2026-03-29 17:55:31 | INFO | [Episode  150] eps=0.629  avg_reward=  16.640  avg_length= 16.64  avg_loss=  0.9128  avg_entropy=0.6913  eval_success=0.000
2026-03-29 17:55:31 | INFO | Episode  151 - Reward: 15.000, Length: 15, Loss: 0.8310, Entropy: 0.6914, Epsilon: 0.626
2026-03-29 17:55:32 | INFO | Episode  152 - Reward: 12.000, Length: 12, Loss: 0.8207, Entropy: 0.6912, Epsilon: 0.624
2026-03-29 17:55:32 | INFO | Episode  153 - Reward: 13.000, Length: 13, Loss: 0.8234, Entropy: 0.6912, Epsilon: 0.621
2026-03-29 17:55:32 | INFO | Episode  154 - Reward: 10.000, Length: 10, Loss: 0.8046, Entropy: 0.6913, Epsilon: 0.619
2026-03-29 17:55:33 | INFO | Episode  155 - Reward: 12.000, Length: 12, Loss: 0.8089, Entropy: 0.6912, Epsilon: 0.616
2026-03-29 17:55:33 | INFO | Episode  156 - Reward: 9.000, Length: 9, Loss: 0.8003, Entropy: 0.6912, Epsilon: 0.614
2026-03-29 17:55:34 | INFO | Episode  157 - Reward: 18.000, Length: 18, Loss: 0.7887, Entropy: 0.6911, Epsilon: 0.611
2026-03-29 17:55:34 | INFO | Episode  158 - Reward: 23.000, Length: 23, Loss: 1.0013, Entropy: 0.6911, Epsilon: 0.609
2026-03-29 17:55:35 | INFO | Episode  159 - Reward: 9.000, Length: 9, Loss: 1.0005, Entropy: 0.6910, Epsilon: 0.606
2026-03-29 17:55:35 | INFO | Episode  160 - Reward: 19.000, Length: 19, Loss: 0.9928, Entropy: 0.6911, Epsilon: 0.604
2026-03-29 17:55:35 | INFO | Episode  161 - Reward: 43.000, Length: 43, Loss: 0.9967, Entropy: 0.6910, Epsilon: 0.602
2026-03-29 17:55:36 | INFO | Episode  162 - Reward: 17.000, Length: 17, Loss: 0.9799, Entropy: 0.6909, Epsilon: 0.599
2026-03-29 17:55:36 | INFO | Episode  163 - Reward: 17.000, Length: 17, Loss: 0.9737, Entropy: 0.6908, Epsilon: 0.597
2026-03-29 17:55:37 | INFO | Episode  164 - Reward: 21.000, Length: 21, Loss: 0.9700, Entropy: 0.6908, Epsilon: 0.594
2026-03-29 17:55:37 | INFO | Episode  165 - Reward: 15.000, Length: 15, Loss: 0.9536, Entropy: 0.6908, Epsilon: 0.592
2026-03-29 17:55:38 | INFO | Episode  166 - Reward: 12.000, Length: 12, Loss: 0.9511, Entropy: 0.6908, Epsilon: 0.589
2026-03-29 17:55:38 | INFO | Episode  167 - Reward: 14.000, Length: 14, Loss: 0.9429, Entropy: 0.6907, Epsilon: 0.587
2026-03-29 17:55:38 | INFO | Episode  168 - Reward: 22.000, Length: 22, Loss: 0.9333, Entropy: 0.6906, Epsilon: 0.584
2026-03-29 17:55:39 | INFO | Episode  169 - Reward: 9.000, Length: 9, Loss: 0.9209, Entropy: 0.6906, Epsilon: 0.582
2026-03-29 17:55:39 | INFO | Episode  170 - Reward: 17.000, Length: 17, Loss: 0.9236, Entropy: 0.6906, Epsilon: 0.579
2026-03-29 17:55:40 | INFO | Episode  171 - Reward: 13.000, Length: 13, Loss: 0.9078, Entropy: 0.6905, Epsilon: 0.577
2026-03-29 17:55:40 | INFO | Episode  172 - Reward: 17.000, Length: 17, Loss: 0.9108, Entropy: 0.6904, Epsilon: 0.574
2026-03-29 17:55:41 | INFO | Episode  173 - Reward: 11.000, Length: 11, Loss: 0.9062, Entropy: 0.6904, Epsilon: 0.572
2026-03-29 17:55:41 | INFO | Episode  174 - Reward: 14.000, Length: 14, Loss: 0.8876, Entropy: 0.6903, Epsilon: 0.569
2026-03-29 17:55:41 | INFO | Episode  175 - Reward: 16.000, Length: 16, Loss: 0.8824, Entropy: 0.6903, Epsilon: 0.567
2026-03-29 17:55:42 | INFO | Episode  176 - Reward: 9.000, Length: 9, Loss: 0.8655, Entropy: 0.6902, Epsilon: 0.564
2026-03-29 17:55:42 | INFO | Episode  177 - Reward: 22.000, Length: 22, Loss: 0.8730, Entropy: 0.6901, Epsilon: 0.562
2026-03-29 17:55:43 | INFO | Episode  178 - Reward: 17.000, Length: 17, Loss: 0.8621, Entropy: 0.6901, Epsilon: 0.559
2026-03-29 17:55:43 | INFO | Episode  179 - Reward: 14.000, Length: 14, Loss: 0.8620, Entropy: 0.6900, Epsilon: 0.557
2026-03-29 17:55:43 | INFO | Episode  180 - Reward: 13.000, Length: 13, Loss: 0.8526, Entropy: 0.6901, Epsilon: 0.554
2026-03-29 17:55:44 | INFO | Episode  181 - Reward: 13.000, Length: 13, Loss: 0.8551, Entropy: 0.6900, Epsilon: 0.552
2026-03-29 17:55:44 | INFO | Episode  182 - Reward: 12.000, Length: 12, Loss: 0.8378, Entropy: 0.6900, Epsilon: 0.550
2026-03-29 17:55:45 | INFO | Episode  183 - Reward: 16.000, Length: 16, Loss: 0.8326, Entropy: 0.6900, Epsilon: 0.547
2026-03-29 17:55:45 | INFO | Episode  184 - Reward: 16.000, Length: 16, Loss: 0.8206, Entropy: 0.6898, Epsilon: 0.545
2026-03-29 17:55:45 | INFO | Episode  185 - Reward: 9.000, Length: 9, Loss: 0.8209, Entropy: 0.6897, Epsilon: 0.542
2026-03-29 17:55:46 | INFO | Episode  186 - Reward: 10.000, Length: 10, Loss: 0.8132, Entropy: 0.6897, Epsilon: 0.540
2026-03-29 17:55:47 | INFO | Episode  187 - Reward: 22.000, Length: 22, Loss: 0.8056, Entropy: 0.6895, Epsilon: 0.537
2026-03-29 17:55:47 | INFO | Episode  188 - Reward: 34.000, Length: 34, Loss: 0.8001, Entropy: 0.6895, Epsilon: 0.535
2026-03-29 17:55:47 | INFO | Episode  189 - Reward: 18.000, Length: 18, Loss: 1.0170, Entropy: 0.6896, Epsilon: 0.532
2026-03-29 17:55:48 | INFO | Episode  190 - Reward: 12.000, Length: 12, Loss: 1.0183, Entropy: 0.6895, Epsilon: 0.530
2026-03-29 17:55:48 | INFO | Episode  191 - Reward: 13.000, Length: 13, Loss: 1.0011, Entropy: 0.6895, Epsilon: 0.527
2026-03-29 17:55:49 | INFO | Episode  192 - Reward: 19.000, Length: 19, Loss: 0.9938, Entropy: 0.6893, Epsilon: 0.525
2026-03-29 17:55:49 | INFO | Episode  193 - Reward: 14.000, Length: 14, Loss: 0.9938, Entropy: 0.6892, Epsilon: 0.522
2026-03-29 17:55:50 | INFO | Episode  194 - Reward: 10.000, Length: 10, Loss: 0.9831, Entropy: 0.6892, Epsilon: 0.520
2026-03-29 17:55:50 | INFO | Episode  195 - Reward: 12.000, Length: 12, Loss: 0.9864, Entropy: 0.6891, Epsilon: 0.517
2026-03-29 17:55:50 | INFO | Episode  196 - Reward: 14.000, Length: 14, Loss: 0.9589, Entropy: 0.6890, Epsilon: 0.515
2026-03-29 17:55:51 | INFO | Episode  197 - Reward: 15.000, Length: 15, Loss: 0.9449, Entropy: 0.6892, Epsilon: 0.512
2026-03-29 17:55:51 | INFO | Episode  198 - Reward: 9.000, Length: 9, Loss: 0.9441, Entropy: 0.6891, Epsilon: 0.510
2026-03-29 17:55:52 | INFO | Episode  199 - Reward: 27.000, Length: 27, Loss: 0.9386, Entropy: 0.6888, Epsilon: 0.507
2026-03-29 17:55:52 | INFO | Episode  200 - Reward: 12.000, Length: 12, Loss: 0.9327, Entropy: 0.6889, Epsilon: 0.505
2026-03-29 17:55:53 | INFO | [Episode  200] eps=0.505  avg_reward=  15.600  avg_length= 15.60  avg_loss=  0.9065  avg_entropy=0.6889  eval_success=0.000
2026-03-29 17:55:53 | INFO | Episode  201 - Reward: 16.000, Length: 16, Loss: 0.9313, Entropy: 0.6888, Epsilon: 0.503
2026-03-29 17:55:54 | INFO | Episode  202 - Reward: 17.000, Length: 17, Loss: 0.9050, Entropy: 0.6886, Epsilon: 0.500
2026-03-29 17:55:54 | INFO | Episode  203 - Reward: 15.000, Length: 15, Loss: 0.9145, Entropy: 0.6887, Epsilon: 0.498
2026-03-29 17:55:55 | INFO | Episode  204 - Reward: 14.000, Length: 14, Loss: 0.9140, Entropy: 0.6886, Epsilon: 0.495
2026-03-29 17:55:55 | INFO | Episode  205 - Reward: 12.000, Length: 12, Loss: 0.8961, Entropy: 0.6884, Epsilon: 0.493
2026-03-29 17:55:55 | INFO | Episode  206 - Reward: 13.000, Length: 13, Loss: 0.8812, Entropy: 0.6885, Epsilon: 0.490
2026-03-29 17:55:56 | INFO | Episode  207 - Reward: 9.000, Length: 9, Loss: 0.8865, Entropy: 0.6884, Epsilon: 0.488
2026-03-29 17:55:56 | INFO | Episode  208 - Reward: 15.000, Length: 15, Loss: 0.8785, Entropy: 0.6882, Epsilon: 0.485
2026-03-29 17:55:57 | INFO | Episode  209 - Reward: 12.000, Length: 12, Loss: 0.8685, Entropy: 0.6882, Epsilon: 0.483
2026-03-29 17:55:57 | INFO | Episode  210 - Reward: 11.000, Length: 11, Loss: 0.8445, Entropy: 0.6880, Epsilon: 0.480
2026-03-29 17:55:58 | INFO | Episode  211 - Reward: 9.000, Length: 9, Loss: 0.8501, Entropy: 0.6881, Epsilon: 0.478
2026-03-29 17:55:58 | INFO | Episode  212 - Reward: 10.000, Length: 10, Loss: 0.8292, Entropy: 0.6880, Epsilon: 0.475
2026-03-29 17:55:58 | INFO | Episode  213 - Reward: 11.000, Length: 11, Loss: 0.8381, Entropy: 0.6878, Epsilon: 0.473
2026-03-29 17:55:59 | INFO | Episode  214 - Reward: 10.000, Length: 10, Loss: 0.8359, Entropy: 0.6878, Epsilon: 0.470
2026-03-29 17:55:59 | INFO | Episode  215 - Reward: 13.000, Length: 13, Loss: 0.8257, Entropy: 0.6876, Epsilon: 0.468
2026-03-29 17:56:00 | INFO | Episode  216 - Reward: 10.000, Length: 10, Loss: 0.8049, Entropy: 0.6873, Epsilon: 0.465
2026-03-29 17:56:00 | INFO | Episode  217 - Reward: 14.000, Length: 14, Loss: 0.8103, Entropy: 0.6876, Epsilon: 0.463
2026-03-29 17:56:01 | INFO | Episode  218 - Reward: 11.000, Length: 11, Loss: 0.7947, Entropy: 0.6873, Epsilon: 0.460
2026-03-29 17:56:01 | INFO | Episode  219 - Reward: 14.000, Length: 14, Loss: 0.7869, Entropy: 0.6873, Epsilon: 0.458
2026-03-29 17:56:02 | INFO | Episode  220 - Reward: 19.000, Length: 19, Loss: 0.7932, Entropy: 0.6874, Epsilon: 0.456
2026-03-29 17:56:02 | INFO | Episode  221 - Reward: 16.000, Length: 16, Loss: 0.7765, Entropy: 0.6872, Epsilon: 0.453
2026-03-29 17:56:02 | INFO | Episode  222 - Reward: 10.000, Length: 10, Loss: 0.7717, Entropy: 0.6871, Epsilon: 0.451
2026-03-29 17:56:03 | INFO | Episode  223 - Reward: 17.000, Length: 17, Loss: 0.7596, Entropy: 0.6867, Epsilon: 0.448
2026-03-29 17:56:03 | INFO | Episode  224 - Reward: 10.000, Length: 10, Loss: 0.7525, Entropy: 0.6870, Epsilon: 0.446
2026-03-29 17:56:04 | INFO | Episode  225 - Reward: 17.000, Length: 17, Loss: 0.7676, Entropy: 0.6873, Epsilon: 0.443
2026-03-29 17:56:04 | INFO | Episode  226 - Reward: 13.000, Length: 13, Loss: 1.0462, Entropy: 0.6870, Epsilon: 0.441
2026-03-29 17:56:05 | INFO | Episode  227 - Reward: 13.000, Length: 13, Loss: 1.0210, Entropy: 0.6868, Epsilon: 0.438
2026-03-29 17:56:05 | INFO | Episode  228 - Reward: 9.000, Length: 9, Loss: 1.0082, Entropy: 0.6866, Epsilon: 0.436
2026-03-29 17:56:05 | INFO | Episode  229 - Reward: 12.000, Length: 12, Loss: 1.0086, Entropy: 0.6863, Epsilon: 0.433
2026-03-29 17:56:06 | INFO | Episode  230 - Reward: 14.000, Length: 14, Loss: 0.9974, Entropy: 0.6864, Epsilon: 0.431
2026-03-29 17:56:06 | INFO | Episode  231 - Reward: 12.000, Length: 12, Loss: 0.9868, Entropy: 0.6863, Epsilon: 0.428
2026-03-29 17:56:07 | INFO | Episode  232 - Reward: 10.000, Length: 10, Loss: 0.9818, Entropy: 0.6859, Epsilon: 0.426
2026-03-29 17:56:07 | INFO | Episode  233 - Reward: 12.000, Length: 12, Loss: 0.9802, Entropy: 0.6861, Epsilon: 0.423
2026-03-29 17:56:08 | INFO | Episode  234 - Reward: 11.000, Length: 11, Loss: 0.9613, Entropy: 0.6860, Epsilon: 0.421
2026-03-29 17:56:08 | INFO | Episode  235 - Reward: 10.000, Length: 10, Loss: 0.9537, Entropy: 0.6857, Epsilon: 0.418
2026-03-29 17:56:08 | INFO | Episode  236 - Reward: 13.000, Length: 13, Loss: 0.9481, Entropy: 0.6854, Epsilon: 0.416
2026-03-29 17:56:09 | INFO | Episode  237 - Reward: 9.000, Length: 9, Loss: 0.9589, Entropy: 0.6857, Epsilon: 0.413
2026-03-29 17:56:09 | INFO | Episode  238 - Reward: 12.000, Length: 12, Loss: 0.9242, Entropy: 0.6854, Epsilon: 0.411
2026-03-29 17:56:10 | INFO | Episode  239 - Reward: 9.000, Length: 9, Loss: 0.9199, Entropy: 0.6855, Epsilon: 0.408
2026-03-29 17:56:10 | INFO | Episode  240 - Reward: 11.000, Length: 11, Loss: 0.9212, Entropy: 0.6853, Epsilon: 0.406
2026-03-29 17:56:11 | INFO | Episode  241 - Reward: 13.000, Length: 13, Loss: 0.9048, Entropy: 0.6850, Epsilon: 0.404
2026-03-29 17:56:11 | INFO | Episode  242 - Reward: 12.000, Length: 12, Loss: 0.8971, Entropy: 0.6851, Epsilon: 0.401
2026-03-29 17:56:11 | INFO | Episode  243 - Reward: 16.000, Length: 16, Loss: 0.8922, Entropy: 0.6848, Epsilon: 0.399
2026-03-29 17:56:12 | INFO | Episode  244 - Reward: 11.000, Length: 11, Loss: 0.8770, Entropy: 0.6847, Epsilon: 0.396
2026-03-29 17:56:12 | INFO | Episode  245 - Reward: 12.000, Length: 12, Loss: 0.8698, Entropy: 0.6845, Epsilon: 0.394
2026-03-29 17:56:13 | INFO | Episode  246 - Reward: 11.000, Length: 11, Loss: 0.8667, Entropy: 0.6846, Epsilon: 0.391
2026-03-29 17:56:13 | INFO | Episode  247 - Reward: 9.000, Length: 9, Loss: 0.8527, Entropy: 0.6843, Epsilon: 0.389
2026-03-29 17:56:13 | INFO | Episode  248 - Reward: 15.000, Length: 15, Loss: 0.8518, Entropy: 0.6840, Epsilon: 0.386
2026-03-29 17:56:14 | INFO | Episode  249 - Reward: 12.000, Length: 12, Loss: 0.8308, Entropy: 0.6840, Epsilon: 0.384
2026-03-29 17:56:14 | INFO | Episode  250 - Reward: 11.000, Length: 11, Loss: 0.8241, Entropy: 0.6839, Epsilon: 0.381
2026-03-29 17:56:15 | INFO | [Episode  250] eps=0.381  avg_reward=  12.340  avg_length= 12.34  avg_loss=  0.8840  avg_entropy=0.6839  eval_success=0.000
2026-03-29 17:56:15 | INFO | Episode  251 - Reward: 9.000, Length: 9, Loss: 0.8068, Entropy: 0.6835, Epsilon: 0.379
2026-03-29 17:56:16 | INFO | Episode  252 - Reward: 10.000, Length: 10, Loss: 0.8250, Entropy: 0.6839, Epsilon: 0.376
2026-03-29 17:56:16 | INFO | Episode  253 - Reward: 10.000, Length: 10, Loss: 0.8017, Entropy: 0.6834, Epsilon: 0.374
2026-03-29 17:56:17 | INFO | Episode  254 - Reward: 13.000, Length: 13, Loss: 0.8073, Entropy: 0.6832, Epsilon: 0.371
2026-03-29 17:56:17 | INFO | Episode  255 - Reward: 8.000, Length: 8, Loss: 0.8029, Entropy: 0.6835, Epsilon: 0.369
2026-03-29 17:56:17 | INFO | Episode  256 - Reward: 17.000, Length: 17, Loss: 0.7682, Entropy: 0.6834, Epsilon: 0.366
2026-03-29 17:56:18 | INFO | Episode  257 - Reward: 11.000, Length: 11, Loss: 0.7682, Entropy: 0.6829, Epsilon: 0.364
2026-03-29 17:56:18 | INFO | Episode  258 - Reward: 11.000, Length: 11, Loss: 0.7527, Entropy: 0.6827, Epsilon: 0.361
2026-03-29 17:56:19 | INFO | Episode  259 - Reward: 14.000, Length: 14, Loss: 0.7498, Entropy: 0.6830, Epsilon: 0.359
2026-03-29 17:56:19 | INFO | Episode  260 - Reward: 17.000, Length: 17, Loss: 0.7538, Entropy: 0.6829, Epsilon: 0.357
2026-03-29 17:56:20 | INFO | Episode  261 - Reward: 14.000, Length: 14, Loss: 0.7455, Entropy: 0.6826, Epsilon: 0.354
2026-03-29 17:56:20 | INFO | Episode  262 - Reward: 10.000, Length: 10, Loss: 0.7288, Entropy: 0.6821, Epsilon: 0.352
2026-03-29 17:56:21 | INFO | Episode  263 - Reward: 10.000, Length: 10, Loss: 0.7302, Entropy: 0.6824, Epsilon: 0.349
2026-03-29 17:56:21 | INFO | Episode  264 - Reward: 14.000, Length: 14, Loss: 0.7074, Entropy: 0.6824, Epsilon: 0.347
2026-03-29 17:56:22 | INFO | Episode  265 - Reward: 12.000, Length: 12, Loss: 0.7135, Entropy: 0.6822, Epsilon: 0.344
2026-03-29 17:56:22 | INFO | Episode  266 - Reward: 12.000, Length: 12, Loss: 0.7266, Entropy: 0.6818, Epsilon: 0.342
2026-03-29 17:56:22 | INFO | Episode  267 - Reward: 14.000, Length: 14, Loss: 1.0809, Entropy: 0.6815, Epsilon: 0.339
2026-03-29 17:56:23 | INFO | Episode  268 - Reward: 10.000, Length: 10, Loss: 1.0669, Entropy: 0.6816, Epsilon: 0.337
2026-03-29 17:56:23 | INFO | Episode  269 - Reward: 9.000, Length: 9, Loss: 1.0507, Entropy: 0.6811, Epsilon: 0.334
2026-03-29 17:56:24 | INFO | Episode  270 - Reward: 10.000, Length: 10, Loss: 1.0419, Entropy: 0.6815, Epsilon: 0.332
2026-03-29 17:56:24 | INFO | Episode  271 - Reward: 11.000, Length: 11, Loss: 1.0245, Entropy: 0.6810, Epsilon: 0.329
2026-03-29 17:56:25 | INFO | Episode  272 - Reward: 10.000, Length: 10, Loss: 1.0127, Entropy: 0.6803, Epsilon: 0.327
2026-03-29 17:56:25 | INFO | Episode  273 - Reward: 10.000, Length: 10, Loss: 0.9873, Entropy: 0.6804, Epsilon: 0.324
2026-03-29 17:56:26 | INFO | Episode  274 - Reward: 15.000, Length: 15, Loss: 0.9874, Entropy: 0.6806, Epsilon: 0.322
2026-03-29 17:56:26 | INFO | Episode  275 - Reward: 9.000, Length: 9, Loss: 0.9725, Entropy: 0.6802, Epsilon: 0.319
2026-03-29 17:56:26 | INFO | Episode  276 - Reward: 10.000, Length: 10, Loss: 0.9734, Entropy: 0.6800, Epsilon: 0.317
2026-03-29 17:56:27 | INFO | Episode  277 - Reward: 10.000, Length: 10, Loss: 0.9784, Entropy: 0.6800, Epsilon: 0.314
2026-03-29 17:56:27 | INFO | Episode  278 - Reward: 11.000, Length: 11, Loss: 0.9512, Entropy: 0.6797, Epsilon: 0.312
2026-03-29 17:56:28 | INFO | Episode  279 - Reward: 10.000, Length: 10, Loss: 0.9301, Entropy: 0.6794, Epsilon: 0.309
2026-03-29 17:56:28 | INFO | Episode  280 - Reward: 16.000, Length: 16, Loss: 0.9243, Entropy: 0.6789, Epsilon: 0.307
2026-03-29 17:56:29 | INFO | Episode  281 - Reward: 12.000, Length: 12, Loss: 0.9187, Entropy: 0.6790, Epsilon: 0.305
2026-03-29 17:56:29 | INFO | Episode  282 - Reward: 13.000, Length: 13, Loss: 0.9139, Entropy: 0.6789, Epsilon: 0.302
2026-03-29 17:56:30 | INFO | Episode  283 - Reward: 9.000, Length: 9, Loss: 0.9110, Entropy: 0.6787, Epsilon: 0.300
2026-03-29 17:56:30 | INFO | Episode  284 - Reward: 10.000, Length: 10, Loss: 0.8897, Entropy: 0.6787, Epsilon: 0.297
2026-03-29 17:56:30 | INFO | Episode  285 - Reward: 14.000, Length: 14, Loss: 0.8831, Entropy: 0.6787, Epsilon: 0.295
2026-03-29 17:56:31 | INFO | Episode  286 - Reward: 8.000, Length: 8, Loss: 0.8958, Entropy: 0.6785, Epsilon: 0.292
2026-03-29 17:56:31 | INFO | Episode  287 - Reward: 12.000, Length: 12, Loss: 0.8547, Entropy: 0.6782, Epsilon: 0.290
2026-03-29 17:56:32 | INFO | Episode  288 - Reward: 10.000, Length: 10, Loss: 0.8490, Entropy: 0.6779, Epsilon: 0.287
2026-03-29 17:56:32 | INFO | Episode  289 - Reward: 9.000, Length: 9, Loss: 0.8365, Entropy: 0.6776, Epsilon: 0.285
2026-03-29 17:56:33 | INFO | Episode  290 - Reward: 13.000, Length: 13, Loss: 0.8391, Entropy: 0.6774, Epsilon: 0.282
2026-03-29 17:56:33 | INFO | Episode  291 - Reward: 9.000, Length: 9, Loss: 0.8310, Entropy: 0.6778, Epsilon: 0.280
2026-03-29 17:56:33 | INFO | Episode  292 - Reward: 12.000, Length: 12, Loss: 0.8182, Entropy: 0.6770, Epsilon: 0.277
2026-03-29 17:56:34 | INFO | Episode  293 - Reward: 15.000, Length: 15, Loss: 0.8053, Entropy: 0.6772, Epsilon: 0.275
2026-03-29 17:56:34 | INFO | Episode  294 - Reward: 10.000, Length: 10, Loss: 0.8065, Entropy: 0.6766, Epsilon: 0.272
2026-03-29 17:56:35 | INFO | Episode  295 - Reward: 12.000, Length: 12, Loss: 0.7950, Entropy: 0.6771, Epsilon: 0.270
2026-03-29 17:56:35 | INFO | Episode  296 - Reward: 10.000, Length: 10, Loss: 0.7741, Entropy: 0.6764, Epsilon: 0.267
2026-03-29 17:56:35 | INFO | Episode  297 - Reward: 12.000, Length: 12, Loss: 0.7674, Entropy: 0.6754, Epsilon: 0.265
2026-03-29 17:56:36 | INFO | Episode  298 - Reward: 16.000, Length: 16, Loss: 0.7546, Entropy: 0.6759, Epsilon: 0.262
2026-03-29 17:56:36 | INFO | Episode  299 - Reward: 13.000, Length: 13, Loss: 0.7591, Entropy: 0.6760, Epsilon: 0.260
2026-03-29 17:56:37 | INFO | Episode  300 - Reward: 9.000, Length: 9, Loss: 0.7503, Entropy: 0.6756, Epsilon: 0.258
2026-03-29 17:56:37 | INFO | [Episode  300] eps=0.258  avg_reward=  11.500  avg_length= 11.50  avg_loss=  0.8565  avg_entropy=0.6756  eval_success=0.000
2026-03-29 17:56:38 | INFO | Episode  301 - Reward: 13.000, Length: 13, Loss: 0.7302, Entropy: 0.6748, Epsilon: 0.255
2026-03-29 17:56:38 | INFO | Episode  302 - Reward: 10.000, Length: 10, Loss: 0.7249, Entropy: 0.6756, Epsilon: 0.253
2026-03-29 17:56:39 | INFO | Episode  303 - Reward: 10.000, Length: 10, Loss: 0.7300, Entropy: 0.6747, Epsilon: 0.250
2026-03-29 17:56:39 | INFO | Episode  304 - Reward: 9.000, Length: 9, Loss: 0.7018, Entropy: 0.6755, Epsilon: 0.248
2026-03-29 17:56:40 | INFO | Episode  305 - Reward: 9.000, Length: 9, Loss: 0.7003, Entropy: 0.6746, Epsilon: 0.245
2026-03-29 17:56:40 | INFO | Episode  306 - Reward: 9.000, Length: 9, Loss: 0.6831, Entropy: 0.6745, Epsilon: 0.243
2026-03-29 17:56:40 | INFO | Episode  307 - Reward: 13.000, Length: 13, Loss: 0.6773, Entropy: 0.6738, Epsilon: 0.240
2026-03-29 17:56:41 | INFO | Episode  308 - Reward: 13.000, Length: 13, Loss: 0.6852, Entropy: 0.6733, Epsilon: 0.238
2026-03-29 17:56:41 | INFO | Episode  309 - Reward: 10.000, Length: 10, Loss: 0.6765, Entropy: 0.6738, Epsilon: 0.235
2026-03-29 17:56:42 | INFO | Episode  310 - Reward: 10.000, Length: 10, Loss: 0.6521, Entropy: 0.6729, Epsilon: 0.233
2026-03-29 17:56:42 | INFO | Episode  311 - Reward: 13.000, Length: 13, Loss: 0.6645, Entropy: 0.6736, Epsilon: 0.230
2026-03-29 17:56:43 | INFO | Episode  312 - Reward: 8.000, Length: 8, Loss: 1.1175, Entropy: 0.6730, Epsilon: 0.228
2026-03-29 17:56:43 | INFO | Episode  313 - Reward: 10.000, Length: 10, Loss: 1.0837, Entropy: 0.6724, Epsilon: 0.225
2026-03-29 17:56:44 | INFO | Episode  314 - Reward: 9.000, Length: 9, Loss: 1.0749, Entropy: 0.6732, Epsilon: 0.223
2026-03-29 17:56:44 | INFO | Episode  315 - Reward: 11.000, Length: 11, Loss: 1.0798, Entropy: 0.6723, Epsilon: 0.220
2026-03-29 17:56:44 | INFO | Episode  316 - Reward: 8.000, Length: 8, Loss: 1.0727, Entropy: 0.6719, Epsilon: 0.218
2026-03-29 17:56:45 | INFO | Episode  317 - Reward: 10.000, Length: 10, Loss: 1.0395, Entropy: 0.6718, Epsilon: 0.215
2026-03-29 17:56:45 | INFO | Episode  318 - Reward: 9.000, Length: 9, Loss: 1.0215, Entropy: 0.6713, Epsilon: 0.213
2026-03-29 17:56:46 | INFO | Episode  319 - Reward: 11.000, Length: 11, Loss: 1.0346, Entropy: 0.6710, Epsilon: 0.210
2026-03-29 17:56:46 | INFO | Episode  320 - Reward: 10.000, Length: 10, Loss: 1.0074, Entropy: 0.6709, Epsilon: 0.208
2026-03-29 17:56:47 | INFO | Episode  321 - Reward: 12.000, Length: 12, Loss: 0.9874, Entropy: 0.6703, Epsilon: 0.206
2026-03-29 17:56:47 | INFO | Episode  322 - Reward: 10.000, Length: 10, Loss: 0.9890, Entropy: 0.6699, Epsilon: 0.203
2026-03-29 17:56:47 | INFO | Episode  323 - Reward: 10.000, Length: 10, Loss: 0.9742, Entropy: 0.6694, Epsilon: 0.201
2026-03-29 17:56:48 | INFO | Episode  324 - Reward: 8.000, Length: 8, Loss: 0.9503, Entropy: 0.6695, Epsilon: 0.198
2026-03-29 17:56:48 | INFO | Episode  325 - Reward: 10.000, Length: 10, Loss: 0.9331, Entropy: 0.6699, Epsilon: 0.196
2026-03-29 17:56:49 | INFO | Episode  326 - Reward: 10.000, Length: 10, Loss: 0.9406, Entropy: 0.6692, Epsilon: 0.193
2026-03-29 17:56:49 | INFO | Episode  327 - Reward: 11.000, Length: 11, Loss: 0.9519, Entropy: 0.6695, Epsilon: 0.191
2026-03-29 17:56:50 | INFO | Episode  328 - Reward: 8.000, Length: 8, Loss: 0.9125, Entropy: 0.6684, Epsilon: 0.188
2026-03-29 17:56:50 | INFO | Episode  329 - Reward: 10.000, Length: 10, Loss: 0.8926, Entropy: 0.6680, Epsilon: 0.186
2026-03-29 17:56:51 | INFO | Episode  330 - Reward: 10.000, Length: 10, Loss: 0.8997, Entropy: 0.6684, Epsilon: 0.183
2026-03-29 17:56:51 | INFO | Episode  331 - Reward: 10.000, Length: 10, Loss: 0.8711, Entropy: 0.6677, Epsilon: 0.181
2026-03-29 17:56:51 | INFO | Episode  332 - Reward: 16.000, Length: 16, Loss: 0.8845, Entropy: 0.6678, Epsilon: 0.178
2026-03-29 17:56:52 | INFO | Episode  333 - Reward: 11.000, Length: 11, Loss: 0.8408, Entropy: 0.6663, Epsilon: 0.176
2026-03-29 17:56:52 | INFO | Episode  334 - Reward: 9.000, Length: 9, Loss: 0.8601, Entropy: 0.6673, Epsilon: 0.173
2026-03-29 17:56:53 | INFO | Episode  335 - Reward: 8.000, Length: 8, Loss: 0.8347, Entropy: 0.6662, Epsilon: 0.171
2026-03-29 17:56:53 | INFO | Episode  336 - Reward: 10.000, Length: 10, Loss: 0.8484, Entropy: 0.6655, Epsilon: 0.168
2026-03-29 17:56:54 | INFO | Episode  337 - Reward: 8.000, Length: 8, Loss: 0.8109, Entropy: 0.6663, Epsilon: 0.166
2026-03-29 17:56:54 | INFO | Episode  338 - Reward: 10.000, Length: 10, Loss: 0.7947, Entropy: 0.6651, Epsilon: 0.163
2026-03-29 17:56:55 | INFO | Episode  339 - Reward: 10.000, Length: 10, Loss: 0.7971, Entropy: 0.6657, Epsilon: 0.161
2026-03-29 17:56:55 | INFO | Episode  340 - Reward: 9.000, Length: 9, Loss: 0.7934, Entropy: 0.6647, Epsilon: 0.158
2026-03-29 17:56:56 | INFO | Episode  341 - Reward: 10.000, Length: 10, Loss: 0.7759, Entropy: 0.6650, Epsilon: 0.156
2026-03-29 17:56:56 | INFO | Episode  342 - Reward: 9.000, Length: 9, Loss: 0.7709, Entropy: 0.6644, Epsilon: 0.154
2026-03-29 17:56:57 | INFO | Episode  343 - Reward: 14.000, Length: 14, Loss: 0.7565, Entropy: 0.6639, Epsilon: 0.151
2026-03-29 17:56:57 | INFO | Episode  344 - Reward: 10.000, Length: 10, Loss: 0.7338, Entropy: 0.6637, Epsilon: 0.149
2026-03-29 17:56:57 | INFO | Episode  345 - Reward: 9.000, Length: 9, Loss: 0.7391, Entropy: 0.6630, Epsilon: 0.146
2026-03-29 17:56:58 | INFO | Episode  346 - Reward: 10.000, Length: 10, Loss: 0.7343, Entropy: 0.6631, Epsilon: 0.144
2026-03-29 17:56:58 | INFO | Episode  347 - Reward: 9.000, Length: 9, Loss: 0.7157, Entropy: 0.6632, Epsilon: 0.141
2026-03-29 17:56:59 | INFO | Episode  348 - Reward: 10.000, Length: 10, Loss: 0.7222, Entropy: 0.6629, Epsilon: 0.139
2026-03-29 17:56:59 | INFO | Episode  349 - Reward: 11.000, Length: 11, Loss: 0.7056, Entropy: 0.6630, Epsilon: 0.136
2026-03-29 17:57:00 | INFO | Episode  350 - Reward: 12.000, Length: 12, Loss: 0.7017, Entropy: 0.6620, Epsilon: 0.134
2026-03-29 17:57:00 | INFO | [Episode  350] eps=0.134  avg_reward=  10.180  avg_length= 10.18  avg_loss=  0.8456  avg_entropy=0.6620  eval_success=0.000
2026-03-29 17:57:00 | INFO | Episode  351 - Reward: 9.000, Length: 9, Loss: 0.7039, Entropy: 0.6624, Epsilon: 0.131
2026-03-29 17:57:01 | INFO | Episode  352 - Reward: 12.000, Length: 12, Loss: 0.6898, Entropy: 0.6614, Epsilon: 0.129
2026-03-29 17:57:01 | INFO | Episode  353 - Reward: 9.000, Length: 9, Loss: 0.6839, Entropy: 0.6611, Epsilon: 0.126
2026-03-29 17:57:02 | INFO | Episode  354 - Reward: 10.000, Length: 10, Loss: 0.6590, Entropy: 0.6610, Epsilon: 0.124
2026-03-29 17:57:02 | INFO | Episode  355 - Reward: 11.000, Length: 11, Loss: 0.6595, Entropy: 0.6618, Epsilon: 0.121
2026-03-29 17:57:03 | INFO | Episode  356 - Reward: 10.000, Length: 10, Loss: 0.6519, Entropy: 0.6615, Epsilon: 0.119
2026-03-29 17:57:03 | INFO | Episode  357 - Reward: 10.000, Length: 10, Loss: 0.6390, Entropy: 0.6616, Epsilon: 0.116
2026-03-29 17:57:03 | INFO | Episode  358 - Reward: 10.000, Length: 10, Loss: 0.6298, Entropy: 0.6608, Epsilon: 0.114
2026-03-29 17:57:04 | INFO | Episode  359 - Reward: 8.000, Length: 8, Loss: 0.6158, Entropy: 0.6596, Epsilon: 0.111
2026-03-29 17:57:04 | INFO | Episode  360 - Reward: 12.000, Length: 12, Loss: 0.6161, Entropy: 0.6601, Epsilon: 0.109
2026-03-29 17:57:05 | INFO | Episode  361 - Reward: 11.000, Length: 11, Loss: 0.6059, Entropy: 0.6595, Epsilon: 0.107
2026-03-29 17:57:05 | INFO | Episode  362 - Reward: 9.000, Length: 9, Loss: 1.2010, Entropy: 0.6593, Epsilon: 0.104
2026-03-29 17:57:06 | INFO | Episode  363 - Reward: 12.000, Length: 12, Loss: 1.1797, Entropy: 0.6577, Epsilon: 0.102
2026-03-29 17:57:06 | INFO | Episode  364 - Reward: 15.000, Length: 15, Loss: 1.1760, Entropy: 0.6573, Epsilon: 0.099
2026-03-29 17:57:07 | INFO | Episode  365 - Reward: 9.000, Length: 9, Loss: 1.1450, Entropy: 0.6580, Epsilon: 0.097
2026-03-29 17:57:07 | INFO | Episode  366 - Reward: 9.000, Length: 9, Loss: 1.1345, Entropy: 0.6580, Epsilon: 0.094
2026-03-29 17:57:07 | INFO | Episode  367 - Reward: 10.000, Length: 10, Loss: 1.1308, Entropy: 0.6557, Epsilon: 0.092
2026-03-29 17:57:08 | INFO | Episode  368 - Reward: 9.000, Length: 9, Loss: 1.0673, Entropy: 0.6564, Epsilon: 0.089
2026-03-29 17:57:08 | INFO | Episode  369 - Reward: 8.000, Length: 8, Loss: 1.0717, Entropy: 0.6555, Epsilon: 0.087
2026-03-29 17:57:09 | INFO | Episode  370 - Reward: 8.000, Length: 8, Loss: 1.0878, Entropy: 0.6538, Epsilon: 0.084
2026-03-29 17:57:09 | INFO | Episode  371 - Reward: 9.000, Length: 9, Loss: 1.0546, Entropy: 0.6539, Epsilon: 0.082
2026-03-29 17:57:10 | INFO | Episode  372 - Reward: 9.000, Length: 9, Loss: 1.0224, Entropy: 0.6551, Epsilon: 0.079
2026-03-29 17:57:10 | INFO | Episode  373 - Reward: 9.000, Length: 9, Loss: 1.0262, Entropy: 0.6546, Epsilon: 0.077
2026-03-29 17:57:11 | INFO | Episode  374 - Reward: 11.000, Length: 11, Loss: 0.9970, Entropy: 0.6535, Epsilon: 0.074
2026-03-29 17:57:11 | INFO | Episode  375 - Reward: 9.000, Length: 9, Loss: 1.0087, Entropy: 0.6517, Epsilon: 0.072
2026-03-29 17:57:12 | INFO | Episode  376 - Reward: 13.000, Length: 13, Loss: 0.9736, Entropy: 0.6522, Epsilon: 0.069
2026-03-29 17:57:12 | INFO | Episode  377 - Reward: 10.000, Length: 10, Loss: 1.0026, Entropy: 0.6513, Epsilon: 0.067
2026-03-29 17:57:13 | INFO | Episode  378 - Reward: 9.000, Length: 9, Loss: 0.9515, Entropy: 0.6521, Epsilon: 0.064
2026-03-29 17:57:13 | INFO | Episode  379 - Reward: 9.000, Length: 9, Loss: 0.9288, Entropy: 0.6500, Epsilon: 0.062
2026-03-29 17:57:14 | INFO | Episode  380 - Reward: 11.000, Length: 11, Loss: 0.9333, Entropy: 0.6499, Epsilon: 0.059
2026-03-29 17:57:14 | INFO | Episode  381 - Reward: 11.000, Length: 11, Loss: 0.9028, Entropy: 0.6491, Epsilon: 0.057
2026-03-29 17:57:15 | INFO | Episode  382 - Reward: 9.000, Length: 9, Loss: 0.9219, Entropy: 0.6484, Epsilon: 0.055
2026-03-29 17:57:15 | INFO | Episode  383 - Reward: 9.000, Length: 9, Loss: 0.9241, Entropy: 0.6480, Epsilon: 0.052
2026-03-29 17:57:16 | INFO | Episode  384 - Reward: 9.000, Length: 9, Loss: 0.8828, Entropy: 0.6486, Epsilon: 0.050
2026-03-29 17:57:16 | INFO | Episode  385 - Reward: 9.000, Length: 9, Loss: 0.8720, Entropy: 0.6496, Epsilon: 0.047
2026-03-29 17:57:17 | INFO | Episode  386 - Reward: 10.000, Length: 10, Loss: 0.8570, Entropy: 0.6481, Epsilon: 0.045
2026-03-29 17:57:17 | INFO | Episode  387 - Reward: 10.000, Length: 10, Loss: 0.8703, Entropy: 0.6472, Epsilon: 0.042
2026-03-29 17:57:17 | INFO | Episode  388 - Reward: 8.000, Length: 8, Loss: 0.8095, Entropy: 0.6476, Epsilon: 0.040
2026-03-29 17:57:18 | INFO | Episode  389 - Reward: 9.000, Length: 9, Loss: 0.8366, Entropy: 0.6471, Epsilon: 0.037
2026-03-29 17:57:18 | INFO | Episode  390 - Reward: 8.000, Length: 8, Loss: 0.7981, Entropy: 0.6473, Epsilon: 0.035
2026-03-29 17:57:19 | INFO | Episode  391 - Reward: 9.000, Length: 9, Loss: 0.8112, Entropy: 0.6475, Epsilon: 0.032
2026-03-29 17:57:19 | INFO | Episode  392 - Reward: 10.000, Length: 10, Loss: 0.8231, Entropy: 0.6467, Epsilon: 0.030
2026-03-29 17:57:20 | INFO | Episode  393 - Reward: 10.000, Length: 10, Loss: 0.7902, Entropy: 0.6452, Epsilon: 0.027
2026-03-29 17:57:20 | INFO | Episode  394 - Reward: 9.000, Length: 9, Loss: 0.7978, Entropy: 0.6447, Epsilon: 0.025
2026-03-29 17:57:21 | INFO | Episode  395 - Reward: 8.000, Length: 8, Loss: 0.7663, Entropy: 0.6446, Epsilon: 0.022
2026-03-29 17:57:21 | INFO | Episode  396 - Reward: 10.000, Length: 10, Loss: 0.7718, Entropy: 0.6455, Epsilon: 0.020
2026-03-29 17:57:21 | INFO | Episode  397 - Reward: 9.000, Length: 9, Loss: 0.7687, Entropy: 0.6458, Epsilon: 0.017
2026-03-29 17:57:22 | INFO | Episode  398 - Reward: 10.000, Length: 10, Loss: 0.7317, Entropy: 0.6446, Epsilon: 0.015
2026-03-29 17:57:22 | INFO | Episode  399 - Reward: 9.000, Length: 9, Loss: 0.7370, Entropy: 0.6434, Epsilon: 0.012
2026-03-29 17:57:23 | INFO | Episode  400 - Reward: 9.000, Length: 9, Loss: 0.6979, Entropy: 0.6442, Epsilon: 0.010
2026-03-29 17:57:23 | INFO | [Episode  400] eps=0.010  avg_reward=   9.700  avg_length=  9.70  avg_loss=  0.8724  avg_entropy=0.6442  eval_success=0.000
2026-03-29 17:57:24 | INFO | Episode  401 - Reward: 10.000, Length: 10, Loss: 0.7158, Entropy: 0.6447, Epsilon: 0.010
2026-03-29 17:57:24 | INFO | Episode  402 - Reward: 10.000, Length: 10, Loss: 0.7253, Entropy: 0.6434, Epsilon: 0.010
2026-03-29 17:57:25 | INFO | Episode  403 - Reward: 9.000, Length: 9, Loss: 0.7100, Entropy: 0.6438, Epsilon: 0.010
2026-03-29 17:57:25 | INFO | Episode  404 - Reward: 10.000, Length: 10, Loss: 0.7302, Entropy: 0.6425, Epsilon: 0.010
2026-03-29 17:57:26 | INFO | Episode  405 - Reward: 10.000, Length: 10, Loss: 0.6882, Entropy: 0.6427, Epsilon: 0.010
2026-03-29 17:57:27 | INFO | Episode  406 - Reward: 9.000, Length: 9, Loss: 0.6850, Entropy: 0.6429, Epsilon: 0.010
2026-03-29 17:57:27 | INFO | Episode  407 - Reward: 10.000, Length: 10, Loss: 0.6945, Entropy: 0.6429, Epsilon: 0.010
2026-03-29 17:57:28 | INFO | Episode  408 - Reward: 10.000, Length: 10, Loss: 0.6418, Entropy: 0.6421, Epsilon: 0.010
2026-03-29 17:57:28 | INFO | Episode  409 - Reward: 10.000, Length: 10, Loss: 0.6657, Entropy: 0.6410, Epsilon: 0.010
2026-03-29 17:57:29 | INFO | Episode  410 - Reward: 9.000, Length: 9, Loss: 0.6633, Entropy: 0.6424, Epsilon: 0.010
2026-03-29 17:57:30 | INFO | Episode  411 - Reward: 10.000, Length: 10, Loss: 0.6423, Entropy: 0.6416, Epsilon: 0.010
2026-03-29 17:57:30 | INFO | Episode  412 - Reward: 9.000, Length: 9, Loss: 0.6354, Entropy: 0.6414, Epsilon: 0.010
2026-03-29 17:57:31 | INFO | Episode  413 - Reward: 8.000, Length: 8, Loss: 0.6641, Entropy: 0.6432, Epsilon: 0.010
2026-03-29 17:57:32 | INFO | Episode  414 - Reward: 9.000, Length: 9, Loss: 1.3271, Entropy: 0.6413, Epsilon: 0.010
2026-03-29 17:57:32 | INFO | Episode  415 - Reward: 9.000, Length: 9, Loss: 1.3046, Entropy: 0.6410, Epsilon: 0.010
2026-03-29 17:57:33 | INFO | Episode  416 - Reward: 9.000, Length: 9, Loss: 1.3084, Entropy: 0.6386, Epsilon: 0.010
2026-03-29 17:57:34 | INFO | Episode  417 - Reward: 10.000, Length: 10, Loss: 1.2492, Entropy: 0.6402, Epsilon: 0.010
2026-03-29 17:57:34 | INFO | Episode  418 - Reward: 8.000, Length: 8, Loss: 1.2213, Entropy: 0.6378, Epsilon: 0.010
2026-03-29 17:57:35 | INFO | Episode  419 - Reward: 9.000, Length: 9, Loss: 1.2151, Entropy: 0.6364, Epsilon: 0.010
2026-03-29 17:57:35 | INFO | Episode  420 - Reward: 8.000, Length: 8, Loss: 1.2272, Entropy: 0.6378, Epsilon: 0.010
2026-03-29 17:57:36 | INFO | Episode  421 - Reward: 9.000, Length: 9, Loss: 1.2149, Entropy: 0.6353, Epsilon: 0.010
2026-03-29 17:57:37 | INFO | Episode  422 - Reward: 10.000, Length: 10, Loss: 1.2091, Entropy: 0.6356, Epsilon: 0.010
2026-03-29 17:57:37 | INFO | Episode  423 - Reward: 9.000, Length: 9, Loss: 1.1172, Entropy: 0.6357, Epsilon: 0.010
2026-03-29 17:57:38 | INFO | Episode  424 - Reward: 8.000, Length: 8, Loss: 1.1142, Entropy: 0.6352, Epsilon: 0.010
2026-03-29 17:57:39 | INFO | Episode  425 - Reward: 8.000, Length: 8, Loss: 1.1081, Entropy: 0.6328, Epsilon: 0.010
2026-03-29 17:57:39 | INFO | Episode  426 - Reward: 9.000, Length: 9, Loss: 1.0945, Entropy: 0.6336, Epsilon: 0.010
2026-03-29 17:57:40 | INFO | Episode  427 - Reward: 9.000, Length: 9, Loss: 1.1048, Entropy: 0.6311, Epsilon: 0.010
2026-03-29 17:57:41 | INFO | Episode  428 - Reward: 9.000, Length: 9, Loss: 1.0713, Entropy: 0.6320, Epsilon: 0.010
2026-03-29 17:57:41 | INFO | Episode  429 - Reward: 9.000, Length: 9, Loss: 1.0622, Entropy: 0.6308, Epsilon: 0.010
2026-03-29 17:57:42 | INFO | Episode  430 - Reward: 9.000, Length: 9, Loss: 1.0520, Entropy: 0.6311, Epsilon: 0.010
2026-03-29 17:57:43 | INFO | Episode  431 - Reward: 10.000, Length: 10, Loss: 1.1001, Entropy: 0.6283, Epsilon: 0.010
2026-03-29 17:57:43 | INFO | Episode  432 - Reward: 9.000, Length: 9, Loss: 1.0571, Entropy: 0.6286, Epsilon: 0.010
2026-03-29 17:57:44 | INFO | Episode  433 - Reward: 10.000, Length: 10, Loss: 0.9890, Entropy: 0.6280, Epsilon: 0.010
2026-03-29 17:57:45 | INFO | Episode  434 - Reward: 10.000, Length: 10, Loss: 1.0118, Entropy: 0.6289, Epsilon: 0.010
2026-03-29 17:57:45 | INFO | Episode  435 - Reward: 9.000, Length: 9, Loss: 0.9979, Entropy: 0.6290, Epsilon: 0.010
2026-03-29 17:57:46 | INFO | Episode  436 - Reward: 10.000, Length: 10, Loss: 1.0049, Entropy: 0.6260, Epsilon: 0.010
2026-03-29 17:57:47 | INFO | Episode  437 - Reward: 8.000, Length: 8, Loss: 0.9657, Entropy: 0.6289, Epsilon: 0.010
2026-03-29 17:57:47 | INFO | Episode  438 - Reward: 10.000, Length: 10, Loss: 0.9849, Entropy: 0.6280, Epsilon: 0.010
2026-03-29 17:57:48 | INFO | Episode  439 - Reward: 9.000, Length: 9, Loss: 0.8818, Entropy: 0.6267, Epsilon: 0.010
2026-03-29 17:57:49 | INFO | Episode  440 - Reward: 9.000, Length: 9, Loss: 0.9848, Entropy: 0.6248, Epsilon: 0.010
2026-03-29 17:57:49 | INFO | Episode  441 - Reward: 10.000, Length: 10, Loss: 0.9319, Entropy: 0.6265, Epsilon: 0.010
2026-03-29 17:57:50 | INFO | Episode  442 - Reward: 8.000, Length: 8, Loss: 0.9529, Entropy: 0.6239, Epsilon: 0.010
2026-03-29 17:57:51 | INFO | Episode  443 - Reward: 9.000, Length: 9, Loss: 0.9249, Entropy: 0.6248, Epsilon: 0.010
2026-03-29 17:57:51 | INFO | Episode  444 - Reward: 9.000, Length: 9, Loss: 0.9162, Entropy: 0.6241, Epsilon: 0.010
2026-03-29 17:57:52 | INFO | Episode  445 - Reward: 10.000, Length: 10, Loss: 0.8784, Entropy: 0.6253, Epsilon: 0.010
2026-03-29 17:57:53 | INFO | Episode  446 - Reward: 8.000, Length: 8, Loss: 0.8986, Entropy: 0.6238, Epsilon: 0.010
2026-03-29 17:57:53 | INFO | Episode  447 - Reward: 9.000, Length: 9, Loss: 0.9124, Entropy: 0.6232, Epsilon: 0.010
2026-03-29 17:57:54 | INFO | Episode  448 - Reward: 9.000, Length: 9, Loss: 0.8565, Entropy: 0.6248, Epsilon: 0.010
2026-03-29 17:57:54 | INFO | Episode  449 - Reward: 10.000, Length: 10, Loss: 0.8109, Entropy: 0.6253, Epsilon: 0.010
2026-03-29 17:57:55 | INFO | Episode  450 - Reward: 8.000, Length: 8, Loss: 0.9111, Entropy: 0.6245, Epsilon: 0.010
2026-03-29 17:57:56 | INFO | [Episode  450] eps=0.010  avg_reward=   9.180  avg_length=  9.18  avg_loss=  0.9567  avg_entropy=0.6245  eval_success=0.000
2026-03-29 17:57:57 | INFO | Episode  451 - Reward: 11.000, Length: 11, Loss: 0.7466, Entropy: 0.6253, Epsilon: 0.010
2026-03-29 17:57:57 | INFO | Episode  452 - Reward: 8.000, Length: 8, Loss: 0.8371, Entropy: 0.6228, Epsilon: 0.010
2026-03-29 17:57:58 | INFO | Episode  453 - Reward: 11.000, Length: 11, Loss: 0.8129, Entropy: 0.6237, Epsilon: 0.010
2026-03-29 17:57:59 | INFO | Episode  454 - Reward: 10.000, Length: 10, Loss: 0.8349, Entropy: 0.6236, Epsilon: 0.010
2026-03-29 17:57:59 | INFO | Episode  455 - Reward: 9.000, Length: 9, Loss: 0.8597, Entropy: 0.6226, Epsilon: 0.010
2026-03-29 17:58:00 | INFO | Episode  456 - Reward: 9.000, Length: 9, Loss: 0.8355, Entropy: 0.6210, Epsilon: 0.010
2026-03-29 17:58:00 | INFO | Episode  457 - Reward: 11.000, Length: 11, Loss: 0.8140, Entropy: 0.6231, Epsilon: 0.010
2026-03-29 17:58:01 | INFO | Episode  458 - Reward: 10.000, Length: 10, Loss: 0.7463, Entropy: 0.6237, Epsilon: 0.010
2026-03-29 17:58:02 | INFO | Episode  459 - Reward: 10.000, Length: 10, Loss: 0.8169, Entropy: 0.6237, Epsilon: 0.010
2026-03-29 17:58:03 | INFO | Episode  460 - Reward: 10.000, Length: 10, Loss: 0.7690, Entropy: 0.6234, Epsilon: 0.010
2026-03-29 17:58:04 | INFO | Episode  461 - Reward: 12.000, Length: 12, Loss: 0.7607, Entropy: 0.6234, Epsilon: 0.010
2026-03-29 17:58:04 | INFO | Episode  462 - Reward: 8.000, Length: 8, Loss: 0.8414, Entropy: 0.6229, Epsilon: 0.010
2026-03-29 17:58:05 | INFO | Episode  463 - Reward: 10.000, Length: 10, Loss: 0.8313, Entropy: 0.6213, Epsilon: 0.010
2026-03-29 17:58:06 | INFO | Episode  464 - Reward: 9.000, Length: 9, Loss: 0.7153, Entropy: 0.6237, Epsilon: 0.010
2026-03-29 17:58:06 | INFO | Episode  465 - Reward: 10.000, Length: 10, Loss: 0.8448, Entropy: 0.6239, Epsilon: 0.010
2026-03-29 17:58:07 | INFO | Episode  466 - Reward: 9.000, Length: 9, Loss: 0.7582, Entropy: 0.6229, Epsilon: 0.010
2026-03-29 17:58:07 | INFO | Episode  467 - Reward: 9.000, Length: 9, Loss: 0.7241, Entropy: 0.6239, Epsilon: 0.010
2026-03-29 17:58:08 | INFO | Episode  468 - Reward: 9.000, Length: 9, Loss: 1.4942, Entropy: 0.6231, Epsilon: 0.010
2026-03-29 17:58:09 | INFO | Episode  469 - Reward: 9.000, Length: 9, Loss: 1.5873, Entropy: 0.6228, Epsilon: 0.010
2026-03-29 17:58:09 | INFO | Episode  470 - Reward: 10.000, Length: 10, Loss: 1.4963, Entropy: 0.6207, Epsilon: 0.010
2026-03-29 17:58:10 | INFO | Episode  471 - Reward: 10.000, Length: 10, Loss: 1.5004, Entropy: 0.6193, Epsilon: 0.010
2026-03-29 17:58:11 | INFO | Episode  472 - Reward: 10.000, Length: 10, Loss: 1.4861, Entropy: 0.6194, Epsilon: 0.010
2026-03-29 17:58:11 | INFO | Episode  473 - Reward: 8.000, Length: 8, Loss: 1.4437, Entropy: 0.6178, Epsilon: 0.010
2026-03-29 17:58:12 | INFO | Episode  474 - Reward: 8.000, Length: 8, Loss: 1.4045, Entropy: 0.6172, Epsilon: 0.010
2026-03-29 17:58:13 | INFO | Episode  475 - Reward: 8.000, Length: 8, Loss: 1.4162, Entropy: 0.6184, Epsilon: 0.010
2026-03-29 17:58:13 | INFO | Episode  476 - Reward: 8.000, Length: 8, Loss: 1.3413, Entropy: 0.6169, Epsilon: 0.010
2026-03-29 17:58:14 | INFO | Episode  477 - Reward: 9.000, Length: 9, Loss: 1.2871, Entropy: 0.6150, Epsilon: 0.010
2026-03-29 17:58:15 | INFO | Episode  478 - Reward: 9.000, Length: 9, Loss: 1.3302, Entropy: 0.6144, Epsilon: 0.010
2026-03-29 17:58:15 | INFO | Episode  479 - Reward: 8.000, Length: 8, Loss: 1.3277, Entropy: 0.6126, Epsilon: 0.010
2026-03-29 17:58:16 | INFO | Episode  480 - Reward: 10.000, Length: 10, Loss: 1.2958, Entropy: 0.6129, Epsilon: 0.010
2026-03-29 17:58:16 | INFO | Episode  481 - Reward: 10.000, Length: 10, Loss: 1.3190, Entropy: 0.6101, Epsilon: 0.010
2026-03-29 17:58:17 | INFO | Episode  482 - Reward: 8.000, Length: 8, Loss: 1.3050, Entropy: 0.6109, Epsilon: 0.010
2026-03-29 17:58:17 | INFO | Episode  483 - Reward: 9.000, Length: 9, Loss: 1.2228, Entropy: 0.6115, Epsilon: 0.010
2026-03-29 17:58:18 | INFO | Episode  484 - Reward: 8.000, Length: 8, Loss: 1.1912, Entropy: 0.6114, Epsilon: 0.010
2026-03-29 17:58:18 | INFO | Episode  485 - Reward: 9.000, Length: 9, Loss: 1.1742, Entropy: 0.6104, Epsilon: 0.010
2026-03-29 17:58:19 | INFO | Episode  486 - Reward: 9.000, Length: 9, Loss: 1.2211, Entropy: 0.6103, Epsilon: 0.010
2026-03-29 17:58:19 | INFO | Episode  487 - Reward: 8.000, Length: 8, Loss: 1.2702, Entropy: 0.6075, Epsilon: 0.010
2026-03-29 17:58:20 | INFO | Episode  488 - Reward: 10.000, Length: 10, Loss: 1.1751, Entropy: 0.6090, Epsilon: 0.010
2026-03-29 17:58:20 | INFO | Episode  489 - Reward: 11.000, Length: 11, Loss: 1.2442, Entropy: 0.6091, Epsilon: 0.010
2026-03-29 17:58:21 | INFO | Episode  490 - Reward: 10.000, Length: 10, Loss: 1.0972, Entropy: 0.6074, Epsilon: 0.010
2026-03-29 17:58:21 | INFO | Episode  491 - Reward: 9.000, Length: 9, Loss: 1.1074, Entropy: 0.6081, Epsilon: 0.010
2026-03-29 17:58:22 | INFO | Episode  492 - Reward: 10.000, Length: 10, Loss: 1.0467, Entropy: 0.6079, Epsilon: 0.010
2026-03-29 17:58:22 | INFO | Episode  493 - Reward: 10.000, Length: 10, Loss: 1.2230, Entropy: 0.6057, Epsilon: 0.010
2026-03-29 17:58:23 | INFO | Episode  494 - Reward: 10.000, Length: 10, Loss: 1.1374, Entropy: 0.6073, Epsilon: 0.010
2026-03-29 17:58:23 | INFO | Episode  495 - Reward: 9.000, Length: 9, Loss: 1.1683, Entropy: 0.6068, Epsilon: 0.010
2026-03-29 17:58:23 | INFO | Episode  496 - Reward: 10.000, Length: 10, Loss: 1.2700, Entropy: 0.6074, Epsilon: 0.010
2026-03-29 17:58:24 | INFO | Episode  497 - Reward: 9.000, Length: 9, Loss: 1.0284, Entropy: 0.6085, Epsilon: 0.010
2026-03-29 17:58:24 | INFO | Episode  498 - Reward: 8.000, Length: 8, Loss: 0.9835, Entropy: 0.6087, Epsilon: 0.010
2026-03-29 17:58:25 | INFO | Episode  499 - Reward: 10.000, Length: 10, Loss: 1.1621, Entropy: 0.6062, Epsilon: 0.010
2026-03-29 17:58:25 | INFO | Episode  500 - Reward: 9.000, Length: 9, Loss: 1.0473, Entropy: 0.6073, Epsilon: 0.010
2026-03-29 17:58:26 | INFO | [Episode  500] eps=0.010  avg_reward=   9.360  avg_length=  9.36  avg_loss=  1.1071  avg_entropy=0.6073  eval_success=0.000
2026-03-29 17:58:26 | INFO | DQN+Entropy training: 4m 20.29s
2026-03-29 17:58:28 | INFO | [Final Eval] success=0.000, mean_reward=9.310
