2026-03-29 17:17:43 | INFO | ============================================================
2026-03-29 17:17:43 | INFO | DEVICE / COMPUTE INFORMATION
2026-03-29 17:17:43 | INFO |   JAX backend       : CPU
2026-03-29 17:17:43 | INFO |   Platform          : cpu
2026-03-29 17:17:43 | INFO |   Num devices       : 1
2026-03-29 17:17:43 | INFO |   Device            : TFRT_CPU_0
2026-03-29 17:17:43 | INFO | ============================================================
2026-03-29 17:17:43 | INFO | DQN+Entropy | seed=8, lr=0.01, gamma=0.95, alpha=0.01
2026-03-29 17:17:43 | INFO | Env: cartpole/dense, obs_dim=4, num_actions=2
2026-03-29 17:17:45 | INFO | Episode    1 - Reward: 11.000, Length: 11, Loss: 0.0000, Entropy: 0.0000, Epsilon: 0.998
2026-03-29 17:17:46 | INFO | Episode    2 - Reward: 11.000, Length: 11, Loss: 0.0000, Entropy: 0.0000, Epsilon: 0.995
2026-03-29 17:17:46 | INFO | Episode    3 - Reward: 15.000, Length: 15, Loss: 0.0000, Entropy: 0.0000, Epsilon: 0.993
2026-03-29 17:17:47 | INFO | Episode    4 - Reward: 21.000, Length: 21, Loss: 0.0000, Entropy: 0.0000, Epsilon: 0.990
2026-03-29 17:17:48 | INFO | Episode    5 - Reward: 38.000, Length: 38, Loss: 0.0000, Entropy: 0.0000, Epsilon: 0.988
2026-03-29 17:17:48 | INFO | Episode    6 - Reward: 15.000, Length: 15, Loss: 0.0000, Entropy: 0.0000, Epsilon: 0.985
2026-03-29 17:17:49 | INFO | Episode    7 - Reward: 23.000, Length: 23, Loss: 0.0000, Entropy: 0.0000, Epsilon: 0.983
2026-03-29 17:17:49 | INFO | Episode    8 - Reward: 36.000, Length: 36, Loss: 0.0000, Entropy: 0.0000, Epsilon: 0.980
2026-03-29 17:17:50 | INFO | Episode    9 - Reward: 34.000, Length: 34, Loss: 0.0000, Entropy: 0.0000, Epsilon: 0.978
2026-03-29 17:17:51 | INFO | Episode   10 - Reward: 17.000, Length: 17, Loss: 0.0000, Entropy: 0.0000, Epsilon: 0.975
2026-03-29 17:17:51 | INFO | Episode   11 - Reward: 14.000, Length: 14, Loss: 0.0000, Entropy: 0.0000, Epsilon: 0.973
2026-03-29 17:17:52 | INFO | Episode   12 - Reward: 12.000, Length: 12, Loss: 0.0000, Entropy: 0.0000, Epsilon: 0.970
2026-03-29 17:17:54 | INFO | Episode   13 - Reward: 11.000, Length: 11, Loss: 0.9958, Entropy: 0.6928, Epsilon: 0.968
2026-03-29 17:17:55 | INFO | Episode   14 - Reward: 20.000, Length: 20, Loss: 0.8991, Entropy: 0.6929, Epsilon: 0.965
2026-03-29 17:17:56 | INFO | Episode   15 - Reward: 37.000, Length: 37, Loss: 0.8049, Entropy: 0.6930, Epsilon: 0.963
2026-03-29 17:17:56 | INFO | Episode   16 - Reward: 41.000, Length: 41, Loss: 0.7320, Entropy: 0.6929, Epsilon: 0.960
2026-03-29 17:17:57 | INFO | Episode   17 - Reward: 20.000, Length: 20, Loss: 0.6568, Entropy: 0.6929, Epsilon: 0.958
2026-03-29 17:17:57 | INFO | Episode   18 - Reward: 12.000, Length: 12, Loss: 0.5888, Entropy: 0.6927, Epsilon: 0.955
2026-03-29 17:17:58 | INFO | Episode   19 - Reward: 17.000, Length: 17, Loss: 0.5257, Entropy: 0.6926, Epsilon: 0.953
2026-03-29 17:17:58 | INFO | Episode   20 - Reward: 15.000, Length: 15, Loss: 0.4739, Entropy: 0.6925, Epsilon: 0.951
2026-03-29 17:17:59 | INFO | Episode   21 - Reward: 27.000, Length: 27, Loss: 0.4227, Entropy: 0.6924, Epsilon: 0.948
2026-03-29 17:17:59 | INFO | Episode   22 - Reward: 13.000, Length: 13, Loss: 0.3760, Entropy: 0.6923, Epsilon: 0.946
2026-03-29 17:17:59 | INFO | Episode   23 - Reward: 13.000, Length: 13, Loss: 0.3330, Entropy: 0.6922, Epsilon: 0.943
2026-03-29 17:18:00 | INFO | Episode   24 - Reward: 13.000, Length: 13, Loss: 0.2908, Entropy: 0.6920, Epsilon: 0.941
2026-03-29 17:18:00 | INFO | Episode   25 - Reward: 11.000, Length: 11, Loss: 0.2588, Entropy: 0.6919, Epsilon: 0.938
2026-03-29 17:18:01 | INFO | Episode   26 - Reward: 21.000, Length: 21, Loss: 0.2297, Entropy: 0.6918, Epsilon: 0.936
2026-03-29 17:18:01 | INFO | Episode   27 - Reward: 14.000, Length: 14, Loss: 0.9561, Entropy: 0.6918, Epsilon: 0.933
2026-03-29 17:18:02 | INFO | Episode   28 - Reward: 29.000, Length: 29, Loss: 0.8358, Entropy: 0.6917, Epsilon: 0.931
2026-03-29 17:18:02 | INFO | Episode   29 - Reward: 13.000, Length: 13, Loss: 0.7278, Entropy: 0.6915, Epsilon: 0.928
2026-03-29 17:18:03 | INFO | Episode   30 - Reward: 18.000, Length: 18, Loss: 0.6260, Entropy: 0.6912, Epsilon: 0.926
2026-03-29 17:18:03 | INFO | Episode   31 - Reward: 20.000, Length: 20, Loss: 0.5478, Entropy: 0.6909, Epsilon: 0.923
2026-03-29 17:18:04 | INFO | Episode   32 - Reward: 13.000, Length: 13, Loss: 0.4577, Entropy: 0.6907, Epsilon: 0.921
2026-03-29 17:18:04 | INFO | Episode   33 - Reward: 17.000, Length: 17, Loss: 0.3976, Entropy: 0.6907, Epsilon: 0.918
2026-03-29 17:18:05 | INFO | Episode   34 - Reward: 23.000, Length: 23, Loss: 0.3347, Entropy: 0.6906, Epsilon: 0.916
2026-03-29 17:18:05 | INFO | Episode   35 - Reward: 11.000, Length: 11, Loss: 0.2801, Entropy: 0.6906, Epsilon: 0.913
2026-03-29 17:18:06 | INFO | Episode   36 - Reward: 22.000, Length: 22, Loss: 0.2352, Entropy: 0.6908, Epsilon: 0.911
2026-03-29 17:18:06 | INFO | Episode   37 - Reward: 12.000, Length: 12, Loss: 0.1916, Entropy: 0.6908, Epsilon: 0.908
2026-03-29 17:18:06 | INFO | Episode   38 - Reward: 13.000, Length: 13, Loss: 0.1600, Entropy: 0.6909, Epsilon: 0.906
2026-03-29 17:18:07 | INFO | Episode   39 - Reward: 12.000, Length: 12, Loss: 0.1340, Entropy: 0.6911, Epsilon: 0.903
2026-03-29 17:18:07 | INFO | Episode   40 - Reward: 21.000, Length: 21, Loss: 0.1146, Entropy: 0.6912, Epsilon: 0.901
2026-03-29 17:18:08 | INFO | Episode   41 - Reward: 17.000, Length: 17, Loss: 0.0902, Entropy: 0.6913, Epsilon: 0.899
2026-03-29 17:18:08 | INFO | Episode   42 - Reward: 14.000, Length: 14, Loss: 0.0773, Entropy: 0.6913, Epsilon: 0.896
2026-03-29 17:18:09 | INFO | Episode   43 - Reward: 30.000, Length: 30, Loss: 0.0676, Entropy: 0.6914, Epsilon: 0.894
2026-03-29 17:18:09 | INFO | Episode   44 - Reward: 32.000, Length: 32, Loss: 0.0563, Entropy: 0.6915, Epsilon: 0.891
2026-03-29 17:18:10 | INFO | Episode   45 - Reward: 22.000, Length: 22, Loss: 0.0529, Entropy: 0.6916, Epsilon: 0.889
2026-03-29 17:18:10 | INFO | Episode   46 - Reward: 13.000, Length: 13, Loss: 0.0441, Entropy: 0.6917, Epsilon: 0.886
2026-03-29 17:18:10 | INFO | Episode   47 - Reward: 21.000, Length: 21, Loss: 0.0427, Entropy: 0.6918, Epsilon: 0.884
2026-03-29 17:18:11 | INFO | Episode   48 - Reward: 18.000, Length: 18, Loss: 0.0340, Entropy: 0.6919, Epsilon: 0.881
2026-03-29 17:18:11 | INFO | Episode   49 - Reward: 15.000, Length: 15, Loss: 0.0340, Entropy: 0.6920, Epsilon: 0.879
2026-03-29 17:18:12 | INFO | Episode   50 - Reward: 30.000, Length: 30, Loss: 0.0336, Entropy: 0.6920, Epsilon: 0.876
2026-03-29 17:18:13 | INFO | [Episode   50] eps=0.876  avg_reward=  19.360  avg_length= 19.36  avg_loss=  0.2824  avg_entropy=0.6920  eval_success=0.000
2026-03-29 17:18:13 | INFO | Episode   51 - Reward: 11.000, Length: 11, Loss: 0.0355, Entropy: 0.6921, Epsilon: 0.874
2026-03-29 17:18:13 | INFO | Episode   52 - Reward: 27.000, Length: 27, Loss: 0.0334, Entropy: 0.6922, Epsilon: 0.871
2026-03-29 17:18:14 | INFO | Episode   53 - Reward: 11.000, Length: 11, Loss: 0.8256, Entropy: 0.6916, Epsilon: 0.869
2026-03-29 17:18:14 | INFO | Episode   54 - Reward: 12.000, Length: 12, Loss: 0.6338, Entropy: 0.6905, Epsilon: 0.866
2026-03-29 17:18:15 | INFO | Episode   55 - Reward: 40.000, Length: 40, Loss: 0.4746, Entropy: 0.6895, Epsilon: 0.864
2026-03-29 17:18:15 | INFO | Episode   56 - Reward: 11.000, Length: 11, Loss: 0.3772, Entropy: 0.6889, Epsilon: 0.861
2026-03-29 17:18:16 | INFO | Episode   57 - Reward: 14.000, Length: 14, Loss: 0.2822, Entropy: 0.6885, Epsilon: 0.859
2026-03-29 17:18:16 | INFO | Episode   58 - Reward: 13.000, Length: 13, Loss: 0.2442, Entropy: 0.6882, Epsilon: 0.856
2026-03-29 17:18:17 | INFO | Episode   59 - Reward: 13.000, Length: 13, Loss: 0.2114, Entropy: 0.6882, Epsilon: 0.854
2026-03-29 17:18:17 | INFO | Episode   60 - Reward: 9.000, Length: 9, Loss: 0.1691, Entropy: 0.6882, Epsilon: 0.852
2026-03-29 17:18:18 | INFO | Episode   61 - Reward: 36.000, Length: 36, Loss: 0.1373, Entropy: 0.6887, Epsilon: 0.849
2026-03-29 17:18:18 | INFO | Episode   62 - Reward: 19.000, Length: 19, Loss: 0.1732, Entropy: 0.6889, Epsilon: 0.847
2026-03-29 17:18:18 | INFO | Episode   63 - Reward: 30.000, Length: 30, Loss: 0.1645, Entropy: 0.6892, Epsilon: 0.844
2026-03-29 17:18:19 | INFO | Episode   64 - Reward: 18.000, Length: 18, Loss: 0.1469, Entropy: 0.6896, Epsilon: 0.842
2026-03-29 17:18:19 | INFO | Episode   65 - Reward: 13.000, Length: 13, Loss: 0.1762, Entropy: 0.6898, Epsilon: 0.839
2026-03-29 17:18:20 | INFO | Episode   66 - Reward: 13.000, Length: 13, Loss: 0.1271, Entropy: 0.6901, Epsilon: 0.837
2026-03-29 17:18:20 | INFO | Episode   67 - Reward: 28.000, Length: 28, Loss: 0.1952, Entropy: 0.6904, Epsilon: 0.834
2026-03-29 17:18:21 | INFO | Episode   68 - Reward: 25.000, Length: 25, Loss: 0.1216, Entropy: 0.6906, Epsilon: 0.832
2026-03-29 17:18:21 | INFO | Episode   69 - Reward: 22.000, Length: 22, Loss: 0.1497, Entropy: 0.6907, Epsilon: 0.829
2026-03-29 17:18:21 | INFO | Episode   70 - Reward: 31.000, Length: 31, Loss: 0.1511, Entropy: 0.6907, Epsilon: 0.827
2026-03-29 17:18:22 | INFO | Episode   71 - Reward: 22.000, Length: 22, Loss: 0.1353, Entropy: 0.6908, Epsilon: 0.824
2026-03-29 17:18:22 | INFO | Episode   72 - Reward: 14.000, Length: 14, Loss: 0.1239, Entropy: 0.6911, Epsilon: 0.822
2026-03-29 17:18:23 | INFO | Episode   73 - Reward: 15.000, Length: 15, Loss: 0.1191, Entropy: 0.6911, Epsilon: 0.819
2026-03-29 17:18:23 | INFO | Episode   74 - Reward: 11.000, Length: 11, Loss: 0.1278, Entropy: 0.6911, Epsilon: 0.817
2026-03-29 17:18:24 | INFO | Episode   75 - Reward: 27.000, Length: 27, Loss: 0.1133, Entropy: 0.6911, Epsilon: 0.814
2026-03-29 17:18:24 | INFO | Episode   76 - Reward: 23.000, Length: 23, Loss: 0.1204, Entropy: 0.6912, Epsilon: 0.812
2026-03-29 17:18:24 | INFO | Episode   77 - Reward: 14.000, Length: 14, Loss: 0.1623, Entropy: 0.6913, Epsilon: 0.809
2026-03-29 17:18:25 | INFO | Episode   78 - Reward: 27.000, Length: 27, Loss: 0.1030, Entropy: 0.6914, Epsilon: 0.807
2026-03-29 17:18:25 | INFO | Episode   79 - Reward: 18.000, Length: 18, Loss: 0.8548, Entropy: 0.6906, Epsilon: 0.804
2026-03-29 17:18:26 | INFO | Episode   80 - Reward: 20.000, Length: 20, Loss: 0.5681, Entropy: 0.6897, Epsilon: 0.802
2026-03-29 17:18:26 | INFO | Episode   81 - Reward: 11.000, Length: 11, Loss: 0.4497, Entropy: 0.6898, Epsilon: 0.800
2026-03-29 17:18:27 | INFO | Episode   82 - Reward: 14.000, Length: 14, Loss: 0.3809, Entropy: 0.6901, Epsilon: 0.797
2026-03-29 17:18:27 | INFO | Episode   83 - Reward: 19.000, Length: 19, Loss: 0.2785, Entropy: 0.6898, Epsilon: 0.795
2026-03-29 17:18:28 | INFO | Episode   84 - Reward: 59.000, Length: 59, Loss: 0.3511, Entropy: 0.6898, Epsilon: 0.792
2026-03-29 17:18:28 | INFO | Episode   85 - Reward: 16.000, Length: 16, Loss: 0.3435, Entropy: 0.6901, Epsilon: 0.790
2026-03-29 17:18:28 | INFO | Episode   86 - Reward: 20.000, Length: 20, Loss: 0.3471, Entropy: 0.6904, Epsilon: 0.787
2026-03-29 17:18:29 | INFO | Episode   87 - Reward: 10.000, Length: 10, Loss: 0.3097, Entropy: 0.6909, Epsilon: 0.785
2026-03-29 17:18:29 | INFO | Episode   88 - Reward: 13.000, Length: 13, Loss: 0.3357, Entropy: 0.6911, Epsilon: 0.782
2026-03-29 17:18:30 | INFO | Episode   89 - Reward: 23.000, Length: 23, Loss: 0.3182, Entropy: 0.6909, Epsilon: 0.780
2026-03-29 17:18:30 | INFO | Episode   90 - Reward: 10.000, Length: 10, Loss: 0.3116, Entropy: 0.6911, Epsilon: 0.777
2026-03-29 17:18:31 | INFO | Episode   91 - Reward: 13.000, Length: 13, Loss: 0.3165, Entropy: 0.6910, Epsilon: 0.775
2026-03-29 17:18:31 | INFO | Episode   92 - Reward: 11.000, Length: 11, Loss: 0.2850, Entropy: 0.6913, Epsilon: 0.772
2026-03-29 17:18:32 | INFO | Episode   93 - Reward: 16.000, Length: 16, Loss: 0.2402, Entropy: 0.6911, Epsilon: 0.770
2026-03-29 17:18:32 | INFO | Episode   94 - Reward: 16.000, Length: 16, Loss: 0.3275, Entropy: 0.6916, Epsilon: 0.767
2026-03-29 17:18:32 | INFO | Episode   95 - Reward: 10.000, Length: 10, Loss: 0.3288, Entropy: 0.6919, Epsilon: 0.765
2026-03-29 17:18:33 | INFO | Episode   96 - Reward: 12.000, Length: 12, Loss: 0.3090, Entropy: 0.6918, Epsilon: 0.762
2026-03-29 17:18:33 | INFO | Episode   97 - Reward: 13.000, Length: 13, Loss: 0.2871, Entropy: 0.6917, Epsilon: 0.760
2026-03-29 17:18:34 | INFO | Episode   98 - Reward: 21.000, Length: 21, Loss: 0.2271, Entropy: 0.6914, Epsilon: 0.757
2026-03-29 17:18:34 | INFO | Episode   99 - Reward: 20.000, Length: 20, Loss: 0.3204, Entropy: 0.6915, Epsilon: 0.755
2026-03-29 17:18:35 | INFO | Episode  100 - Reward: 9.000, Length: 9, Loss: 0.3605, Entropy: 0.6921, Epsilon: 0.752
2026-03-29 17:18:35 | INFO | [Episode  100] eps=0.752  avg_reward=  18.460  avg_length= 18.46  avg_loss=  0.2737  avg_entropy=0.6921  eval_success=0.000
2026-03-29 17:18:35 | INFO | Episode  101 - Reward: 13.000, Length: 13, Loss: 0.3213, Entropy: 0.6922, Epsilon: 0.750
2026-03-29 17:18:36 | INFO | Episode  102 - Reward: 12.000, Length: 12, Loss: 0.3738, Entropy: 0.6924, Epsilon: 0.748
2026-03-29 17:18:36 | INFO | Episode  103 - Reward: 13.000, Length: 13, Loss: 0.3215, Entropy: 0.6925, Epsilon: 0.745
2026-03-29 17:18:37 | INFO | Episode  104 - Reward: 25.000, Length: 25, Loss: 0.3493, Entropy: 0.6923, Epsilon: 0.743
2026-03-29 17:18:37 | INFO | Episode  105 - Reward: 15.000, Length: 15, Loss: 0.2616, Entropy: 0.6920, Epsilon: 0.740
2026-03-29 17:18:38 | INFO | Episode  106 - Reward: 11.000, Length: 11, Loss: 0.2527, Entropy: 0.6920, Epsilon: 0.738
2026-03-29 17:18:38 | INFO | Episode  107 - Reward: 15.000, Length: 15, Loss: 0.3383, Entropy: 0.6921, Epsilon: 0.735
2026-03-29 17:18:39 | INFO | Episode  108 - Reward: 33.000, Length: 33, Loss: 0.3101, Entropy: 0.6922, Epsilon: 0.733
2026-03-29 17:18:39 | INFO | Episode  109 - Reward: 13.000, Length: 13, Loss: 0.8523, Entropy: 0.6915, Epsilon: 0.730
2026-03-29 17:18:39 | INFO | Episode  110 - Reward: 12.000, Length: 12, Loss: 0.5785, Entropy: 0.6902, Epsilon: 0.728
2026-03-29 17:18:40 | INFO | Episode  111 - Reward: 13.000, Length: 13, Loss: 0.6057, Entropy: 0.6908, Epsilon: 0.725
2026-03-29 17:18:40 | INFO | Episode  112 - Reward: 17.000, Length: 17, Loss: 0.4887, Entropy: 0.6912, Epsilon: 0.723
2026-03-29 17:18:41 | INFO | Episode  113 - Reward: 24.000, Length: 24, Loss: 0.5431, Entropy: 0.6916, Epsilon: 0.720
2026-03-29 17:18:41 | INFO | Episode  114 - Reward: 33.000, Length: 33, Loss: 0.5906, Entropy: 0.6920, Epsilon: 0.718
2026-03-29 17:18:42 | INFO | Episode  115 - Reward: 14.000, Length: 14, Loss: 0.4791, Entropy: 0.6919, Epsilon: 0.715
2026-03-29 17:18:42 | INFO | Episode  116 - Reward: 43.000, Length: 43, Loss: 0.4560, Entropy: 0.6926, Epsilon: 0.713
2026-03-29 17:18:42 | INFO | Episode  117 - Reward: 37.000, Length: 37, Loss: 0.4634, Entropy: 0.6927, Epsilon: 0.710
2026-03-29 17:18:43 | INFO | Episode  118 - Reward: 13.000, Length: 13, Loss: 0.5010, Entropy: 0.6927, Epsilon: 0.708
2026-03-29 17:18:43 | INFO | Episode  119 - Reward: 11.000, Length: 11, Loss: 0.4675, Entropy: 0.6926, Epsilon: 0.705
2026-03-29 17:18:44 | INFO | Episode  120 - Reward: 14.000, Length: 14, Loss: 0.6308, Entropy: 0.6927, Epsilon: 0.703
2026-03-29 17:18:44 | INFO | Episode  121 - Reward: 9.000, Length: 9, Loss: 0.4984, Entropy: 0.6926, Epsilon: 0.701
2026-03-29 17:18:45 | INFO | Episode  122 - Reward: 16.000, Length: 16, Loss: 0.4638, Entropy: 0.6925, Epsilon: 0.698
2026-03-29 17:18:45 | INFO | Episode  123 - Reward: 36.000, Length: 36, Loss: 0.5032, Entropy: 0.6924, Epsilon: 0.696
2026-03-29 17:18:46 | INFO | Episode  124 - Reward: 13.000, Length: 13, Loss: 0.5430, Entropy: 0.6925, Epsilon: 0.693
2026-03-29 17:18:46 | INFO | Episode  125 - Reward: 13.000, Length: 13, Loss: 0.4201, Entropy: 0.6921, Epsilon: 0.691
2026-03-29 17:18:46 | INFO | Episode  126 - Reward: 10.000, Length: 10, Loss: 0.3305, Entropy: 0.6918, Epsilon: 0.688
2026-03-29 17:18:47 | INFO | Episode  127 - Reward: 11.000, Length: 11, Loss: 0.5353, Entropy: 0.6920, Epsilon: 0.686
2026-03-29 17:18:47 | INFO | Episode  128 - Reward: 24.000, Length: 24, Loss: 0.5390, Entropy: 0.6924, Epsilon: 0.683
2026-03-29 17:18:48 | INFO | Episode  129 - Reward: 18.000, Length: 18, Loss: 0.4952, Entropy: 0.6923, Epsilon: 0.681
2026-03-29 17:18:48 | INFO | Episode  130 - Reward: 11.000, Length: 11, Loss: 0.4869, Entropy: 0.6923, Epsilon: 0.678
2026-03-29 17:18:49 | INFO | Episode  131 - Reward: 29.000, Length: 29, Loss: 0.5127, Entropy: 0.6926, Epsilon: 0.676
2026-03-29 17:18:49 | INFO | Episode  132 - Reward: 13.000, Length: 13, Loss: 0.4457, Entropy: 0.6928, Epsilon: 0.673
2026-03-29 17:18:50 | INFO | Episode  133 - Reward: 21.000, Length: 21, Loss: 0.5413, Entropy: 0.6928, Epsilon: 0.671
2026-03-29 17:18:50 | INFO | Episode  134 - Reward: 15.000, Length: 15, Loss: 0.4268, Entropy: 0.6927, Epsilon: 0.668
2026-03-29 17:18:50 | INFO | Episode  135 - Reward: 10.000, Length: 10, Loss: 0.8784, Entropy: 0.6922, Epsilon: 0.666
2026-03-29 17:18:51 | INFO | Episode  136 - Reward: 14.000, Length: 14, Loss: 0.8118, Entropy: 0.6919, Epsilon: 0.663
2026-03-29 17:18:51 | INFO | Episode  137 - Reward: 9.000, Length: 9, Loss: 0.5173, Entropy: 0.6921, Epsilon: 0.661
2026-03-29 17:18:52 | INFO | Episode  138 - Reward: 28.000, Length: 28, Loss: 0.6544, Entropy: 0.6925, Epsilon: 0.658
2026-03-29 17:18:52 | INFO | Episode  139 - Reward: 9.000, Length: 9, Loss: 0.6354, Entropy: 0.6925, Epsilon: 0.656
2026-03-29 17:18:53 | INFO | Episode  140 - Reward: 22.000, Length: 22, Loss: 0.6453, Entropy: 0.6928, Epsilon: 0.653
2026-03-29 17:18:53 | INFO | Episode  141 - Reward: 15.000, Length: 15, Loss: 0.5006, Entropy: 0.6929, Epsilon: 0.651
2026-03-29 17:18:53 | INFO | Episode  142 - Reward: 17.000, Length: 17, Loss: 0.5661, Entropy: 0.6929, Epsilon: 0.649
2026-03-29 17:18:54 | INFO | Episode  143 - Reward: 12.000, Length: 12, Loss: 0.7022, Entropy: 0.6927, Epsilon: 0.646
2026-03-29 17:18:54 | INFO | Episode  144 - Reward: 14.000, Length: 14, Loss: 0.7925, Entropy: 0.6924, Epsilon: 0.644
2026-03-29 17:18:55 | INFO | Episode  145 - Reward: 9.000, Length: 9, Loss: 0.6635, Entropy: 0.6926, Epsilon: 0.641
2026-03-29 17:18:55 | INFO | Episode  146 - Reward: 10.000, Length: 10, Loss: 0.7291, Entropy: 0.6928, Epsilon: 0.639
2026-03-29 17:18:56 | INFO | Episode  147 - Reward: 9.000, Length: 9, Loss: 0.5264, Entropy: 0.6929, Epsilon: 0.636
2026-03-29 17:18:56 | INFO | Episode  148 - Reward: 17.000, Length: 17, Loss: 0.6203, Entropy: 0.6929, Epsilon: 0.634
2026-03-29 17:18:57 | INFO | Episode  149 - Reward: 13.000, Length: 13, Loss: 0.5414, Entropy: 0.6927, Epsilon: 0.631
2026-03-29 17:18:57 | INFO | Episode  150 - Reward: 15.000, Length: 15, Loss: 0.5290, Entropy: 0.6928, Epsilon: 0.629
2026-03-29 17:18:57 | INFO | [Episode  150] eps=0.629  avg_reward=  16.860  avg_length= 16.86  avg_loss=  0.5248  avg_entropy=0.6928  eval_success=0.000
2026-03-29 17:18:58 | INFO | Episode  151 - Reward: 15.000, Length: 15, Loss: 0.7971, Entropy: 0.6927, Epsilon: 0.626
2026-03-29 17:18:58 | INFO | Episode  152 - Reward: 15.000, Length: 15, Loss: 0.7001, Entropy: 0.6927, Epsilon: 0.624
2026-03-29 17:18:59 | INFO | Episode  153 - Reward: 25.000, Length: 25, Loss: 0.6035, Entropy: 0.6928, Epsilon: 0.621
2026-03-29 17:18:59 | INFO | Episode  154 - Reward: 28.000, Length: 28, Loss: 0.6199, Entropy: 0.6928, Epsilon: 0.619
2026-03-29 17:19:00 | INFO | Episode  155 - Reward: 14.000, Length: 14, Loss: 0.5614, Entropy: 0.6928, Epsilon: 0.616
2026-03-29 17:19:00 | INFO | Episode  156 - Reward: 12.000, Length: 12, Loss: 0.6047, Entropy: 0.6926, Epsilon: 0.614
2026-03-29 17:19:00 | INFO | Episode  157 - Reward: 13.000, Length: 13, Loss: 0.7390, Entropy: 0.6927, Epsilon: 0.611
2026-03-29 17:19:01 | INFO | Episode  158 - Reward: 19.000, Length: 19, Loss: 0.7572, Entropy: 0.6928, Epsilon: 0.609
2026-03-29 17:19:01 | INFO | Episode  159 - Reward: 10.000, Length: 10, Loss: 0.5110, Entropy: 0.6928, Epsilon: 0.606
2026-03-29 17:19:02 | INFO | Episode  160 - Reward: 10.000, Length: 10, Loss: 0.7971, Entropy: 0.6926, Epsilon: 0.604
2026-03-29 17:19:02 | INFO | Episode  161 - Reward: 22.000, Length: 22, Loss: 0.6838, Entropy: 0.6928, Epsilon: 0.602
2026-03-29 17:19:03 | INFO | Episode  162 - Reward: 15.000, Length: 15, Loss: 0.6359, Entropy: 0.6928, Epsilon: 0.599
2026-03-29 17:19:03 | INFO | Episode  163 - Reward: 26.000, Length: 26, Loss: 0.7906, Entropy: 0.6927, Epsilon: 0.597
2026-03-29 17:19:04 | INFO | Episode  164 - Reward: 16.000, Length: 16, Loss: 0.6092, Entropy: 0.6927, Epsilon: 0.594
2026-03-29 17:19:04 | INFO | Episode  165 - Reward: 12.000, Length: 12, Loss: 0.4903, Entropy: 0.6928, Epsilon: 0.592
2026-03-29 17:19:04 | INFO | Episode  166 - Reward: 18.000, Length: 18, Loss: 0.7784, Entropy: 0.6927, Epsilon: 0.589
2026-03-29 17:19:05 | INFO | Episode  167 - Reward: 14.000, Length: 14, Loss: 1.0307, Entropy: 0.6927, Epsilon: 0.587
2026-03-29 17:19:05 | INFO | Episode  168 - Reward: 11.000, Length: 11, Loss: 0.7949, Entropy: 0.6928, Epsilon: 0.584
2026-03-29 17:19:06 | INFO | Episode  169 - Reward: 18.000, Length: 18, Loss: 0.7137, Entropy: 0.6928, Epsilon: 0.582
2026-03-29 17:19:06 | INFO | Episode  170 - Reward: 13.000, Length: 13, Loss: 1.0234, Entropy: 0.6927, Epsilon: 0.579
2026-03-29 17:19:07 | INFO | Episode  171 - Reward: 17.000, Length: 17, Loss: 0.8685, Entropy: 0.6925, Epsilon: 0.577
2026-03-29 17:19:07 | INFO | Episode  172 - Reward: 10.000, Length: 10, Loss: 0.8229, Entropy: 0.6922, Epsilon: 0.574
2026-03-29 17:19:07 | INFO | Episode  173 - Reward: 27.000, Length: 27, Loss: 0.6921, Entropy: 0.6916, Epsilon: 0.572
2026-03-29 17:19:08 | INFO | Episode  174 - Reward: 10.000, Length: 10, Loss: 0.9251, Entropy: 0.6911, Epsilon: 0.569
2026-03-29 17:19:08 | INFO | Episode  175 - Reward: 11.000, Length: 11, Loss: 0.9364, Entropy: 0.6915, Epsilon: 0.567
2026-03-29 17:19:09 | INFO | Episode  176 - Reward: 12.000, Length: 12, Loss: 0.7516, Entropy: 0.6918, Epsilon: 0.564
2026-03-29 17:19:09 | INFO | Episode  177 - Reward: 10.000, Length: 10, Loss: 0.8919, Entropy: 0.6922, Epsilon: 0.562
2026-03-29 17:19:10 | INFO | Episode  178 - Reward: 15.000, Length: 15, Loss: 0.6152, Entropy: 0.6922, Epsilon: 0.559
2026-03-29 17:19:10 | INFO | Episode  179 - Reward: 17.000, Length: 17, Loss: 0.7549, Entropy: 0.6919, Epsilon: 0.557
2026-03-29 17:19:11 | INFO | Episode  180 - Reward: 14.000, Length: 14, Loss: 0.9448, Entropy: 0.6920, Epsilon: 0.554
2026-03-29 17:19:11 | INFO | Episode  181 - Reward: 10.000, Length: 10, Loss: 0.8689, Entropy: 0.6924, Epsilon: 0.552
2026-03-29 17:19:11 | INFO | Episode  182 - Reward: 16.000, Length: 16, Loss: 0.7720, Entropy: 0.6916, Epsilon: 0.550
2026-03-29 17:19:12 | INFO | Episode  183 - Reward: 17.000, Length: 17, Loss: 0.8230, Entropy: 0.6908, Epsilon: 0.547
2026-03-29 17:19:12 | INFO | Episode  184 - Reward: 10.000, Length: 10, Loss: 0.8874, Entropy: 0.6908, Epsilon: 0.545
2026-03-29 17:19:13 | INFO | Episode  185 - Reward: 10.000, Length: 10, Loss: 0.8955, Entropy: 0.6905, Epsilon: 0.542
2026-03-29 17:19:13 | INFO | Episode  186 - Reward: 13.000, Length: 13, Loss: 0.8104, Entropy: 0.6903, Epsilon: 0.540
2026-03-29 17:19:14 | INFO | Episode  187 - Reward: 9.000, Length: 9, Loss: 0.8148, Entropy: 0.6909, Epsilon: 0.537
2026-03-29 17:19:14 | INFO | Episode  188 - Reward: 14.000, Length: 14, Loss: 0.8852, Entropy: 0.6919, Epsilon: 0.535
2026-03-29 17:19:14 | INFO | Episode  189 - Reward: 10.000, Length: 10, Loss: 0.7723, Entropy: 0.6918, Epsilon: 0.532
2026-03-29 17:19:15 | INFO | Episode  190 - Reward: 14.000, Length: 14, Loss: 0.7828, Entropy: 0.6913, Epsilon: 0.530
2026-03-29 17:19:15 | INFO | Episode  191 - Reward: 11.000, Length: 11, Loss: 0.8876, Entropy: 0.6919, Epsilon: 0.527
2026-03-29 17:19:16 | INFO | Episode  192 - Reward: 16.000, Length: 16, Loss: 0.7525, Entropy: 0.6924, Epsilon: 0.525
2026-03-29 17:19:16 | INFO | Episode  193 - Reward: 20.000, Length: 20, Loss: 0.6964, Entropy: 0.6921, Epsilon: 0.522
2026-03-29 17:19:17 | INFO | Episode  194 - Reward: 17.000, Length: 17, Loss: 0.8040, Entropy: 0.6919, Epsilon: 0.520
2026-03-29 17:19:17 | INFO | Episode  195 - Reward: 10.000, Length: 10, Loss: 0.9107, Entropy: 0.6920, Epsilon: 0.517
2026-03-29 17:19:18 | INFO | Episode  196 - Reward: 11.000, Length: 11, Loss: 0.7381, Entropy: 0.6920, Epsilon: 0.515
2026-03-29 17:19:18 | INFO | Episode  197 - Reward: 31.000, Length: 31, Loss: 0.8362, Entropy: 0.6923, Epsilon: 0.512
2026-03-29 17:19:18 | INFO | Episode  198 - Reward: 18.000, Length: 18, Loss: 0.8218, Entropy: 0.6924, Epsilon: 0.510
2026-03-29 17:19:19 | INFO | Episode  199 - Reward: 21.000, Length: 21, Loss: 0.6018, Entropy: 0.6921, Epsilon: 0.507
2026-03-29 17:19:19 | INFO | Episode  200 - Reward: 15.000, Length: 15, Loss: 0.7575, Entropy: 0.6919, Epsilon: 0.505
2026-03-29 17:19:20 | INFO | [Episode  200] eps=0.505  avg_reward=  15.240  avg_length= 15.24  avg_loss=  0.7713  avg_entropy=0.6919  eval_success=0.000
2026-03-29 17:19:20 | INFO | Episode  201 - Reward: 15.000, Length: 15, Loss: 0.9661, Entropy: 0.6910, Epsilon: 0.503
2026-03-29 17:19:21 | INFO | Episode  202 - Reward: 11.000, Length: 11, Loss: 1.1633, Entropy: 0.6912, Epsilon: 0.500
2026-03-29 17:19:21 | INFO | Episode  203 - Reward: 10.000, Length: 10, Loss: 1.2831, Entropy: 0.6914, Epsilon: 0.498
2026-03-29 17:19:21 | INFO | Episode  204 - Reward: 10.000, Length: 10, Loss: 1.0810, Entropy: 0.6916, Epsilon: 0.495
2026-03-29 17:19:22 | INFO | Episode  205 - Reward: 12.000, Length: 12, Loss: 1.0034, Entropy: 0.6919, Epsilon: 0.493
2026-03-29 17:19:22 | INFO | Episode  206 - Reward: 13.000, Length: 13, Loss: 1.2266, Entropy: 0.6918, Epsilon: 0.490
2026-03-29 17:19:23 | INFO | Episode  207 - Reward: 13.000, Length: 13, Loss: 1.0302, Entropy: 0.6914, Epsilon: 0.488
2026-03-29 17:19:23 | INFO | Episode  208 - Reward: 10.000, Length: 10, Loss: 0.9695, Entropy: 0.6913, Epsilon: 0.485
2026-03-29 17:19:23 | INFO | Episode  209 - Reward: 17.000, Length: 17, Loss: 1.2036, Entropy: 0.6911, Epsilon: 0.483
2026-03-29 17:19:24 | INFO | Episode  210 - Reward: 12.000, Length: 12, Loss: 0.9773, Entropy: 0.6907, Epsilon: 0.480
2026-03-29 17:19:24 | INFO | Episode  211 - Reward: 14.000, Length: 14, Loss: 1.0265, Entropy: 0.6910, Epsilon: 0.478
2026-03-29 17:19:25 | INFO | Episode  212 - Reward: 10.000, Length: 10, Loss: 1.0297, Entropy: 0.6899, Epsilon: 0.475
2026-03-29 17:19:25 | INFO | Episode  213 - Reward: 16.000, Length: 16, Loss: 0.9895, Entropy: 0.6894, Epsilon: 0.473
2026-03-29 17:19:26 | INFO | Episode  214 - Reward: 11.000, Length: 11, Loss: 1.0741, Entropy: 0.6896, Epsilon: 0.470
2026-03-29 17:19:26 | INFO | Episode  215 - Reward: 9.000, Length: 9, Loss: 1.1330, Entropy: 0.6899, Epsilon: 0.468
2026-03-29 17:19:26 | INFO | Episode  216 - Reward: 15.000, Length: 15, Loss: 0.9143, Entropy: 0.6908, Epsilon: 0.465
2026-03-29 17:19:27 | INFO | Episode  217 - Reward: 18.000, Length: 18, Loss: 0.8895, Entropy: 0.6903, Epsilon: 0.463
2026-03-29 17:19:27 | INFO | Episode  218 - Reward: 11.000, Length: 11, Loss: 0.8528, Entropy: 0.6902, Epsilon: 0.460
2026-03-29 17:19:28 | INFO | Episode  219 - Reward: 14.000, Length: 14, Loss: 0.8826, Entropy: 0.6905, Epsilon: 0.458
2026-03-29 17:19:28 | INFO | Episode  220 - Reward: 12.000, Length: 12, Loss: 0.9652, Entropy: 0.6902, Epsilon: 0.456
2026-03-29 17:19:29 | INFO | Episode  221 - Reward: 14.000, Length: 14, Loss: 0.9186, Entropy: 0.6902, Epsilon: 0.453
2026-03-29 17:19:29 | INFO | Episode  222 - Reward: 18.000, Length: 18, Loss: 0.9797, Entropy: 0.6899, Epsilon: 0.451
2026-03-29 17:19:30 | INFO | Episode  223 - Reward: 17.000, Length: 17, Loss: 1.0683, Entropy: 0.6892, Epsilon: 0.448
2026-03-29 17:19:30 | INFO | Episode  224 - Reward: 38.000, Length: 38, Loss: 0.9532, Entropy: 0.6902, Epsilon: 0.446
2026-03-29 17:19:31 | INFO | Episode  225 - Reward: 30.000, Length: 30, Loss: 0.8946, Entropy: 0.6896, Epsilon: 0.443
2026-03-29 17:19:31 | INFO | Episode  226 - Reward: 41.000, Length: 41, Loss: 1.0548, Entropy: 0.6895, Epsilon: 0.441
2026-03-29 17:19:31 | INFO | Episode  227 - Reward: 21.000, Length: 21, Loss: 0.8636, Entropy: 0.6900, Epsilon: 0.438
2026-03-29 17:19:32 | INFO | Episode  228 - Reward: 12.000, Length: 12, Loss: 1.0682, Entropy: 0.6899, Epsilon: 0.436
2026-03-29 17:19:33 | INFO | Episode  229 - Reward: 14.000, Length: 14, Loss: 0.9598, Entropy: 0.6898, Epsilon: 0.433
2026-03-29 17:19:33 | INFO | Episode  230 - Reward: 14.000, Length: 14, Loss: 0.9013, Entropy: 0.6894, Epsilon: 0.431
2026-03-29 17:19:33 | INFO | Episode  231 - Reward: 10.000, Length: 10, Loss: 1.0481, Entropy: 0.6889, Epsilon: 0.428
2026-03-29 17:19:34 | INFO | Episode  232 - Reward: 12.000, Length: 12, Loss: 0.9124, Entropy: 0.6900, Epsilon: 0.426
2026-03-29 17:19:34 | INFO | Episode  233 - Reward: 17.000, Length: 17, Loss: 0.7995, Entropy: 0.6892, Epsilon: 0.423
2026-03-29 17:19:35 | INFO | Episode  234 - Reward: 12.000, Length: 12, Loss: 1.3603, Entropy: 0.6895, Epsilon: 0.421
2026-03-29 17:19:35 | INFO | Episode  235 - Reward: 23.000, Length: 23, Loss: 1.2406, Entropy: 0.6897, Epsilon: 0.418
2026-03-29 17:19:36 | INFO | Episode  236 - Reward: 39.000, Length: 39, Loss: 1.1769, Entropy: 0.6899, Epsilon: 0.416
2026-03-29 17:19:36 | INFO | Episode  237 - Reward: 31.000, Length: 31, Loss: 1.0947, Entropy: 0.6895, Epsilon: 0.413
2026-03-29 17:19:36 | INFO | Episode  238 - Reward: 17.000, Length: 17, Loss: 0.9179, Entropy: 0.6892, Epsilon: 0.411
2026-03-29 17:19:37 | INFO | Episode  239 - Reward: 19.000, Length: 19, Loss: 1.0017, Entropy: 0.6896, Epsilon: 0.408
2026-03-29 17:19:37 | INFO | Episode  240 - Reward: 31.000, Length: 31, Loss: 1.0211, Entropy: 0.6896, Epsilon: 0.406
2026-03-29 17:19:38 | INFO | Episode  241 - Reward: 34.000, Length: 34, Loss: 1.1662, Entropy: 0.6891, Epsilon: 0.404
2026-03-29 17:19:38 | INFO | Episode  242 - Reward: 28.000, Length: 28, Loss: 1.0243, Entropy: 0.6892, Epsilon: 0.401
2026-03-29 17:19:39 | INFO | Episode  243 - Reward: 64.000, Length: 64, Loss: 1.1702, Entropy: 0.6890, Epsilon: 0.399
2026-03-29 17:19:39 | INFO | Episode  244 - Reward: 22.000, Length: 22, Loss: 0.9654, Entropy: 0.6891, Epsilon: 0.396
2026-03-29 17:19:40 | INFO | Episode  245 - Reward: 38.000, Length: 38, Loss: 1.2446, Entropy: 0.6890, Epsilon: 0.394
2026-03-29 17:19:40 | INFO | Episode  246 - Reward: 48.000, Length: 48, Loss: 1.1203, Entropy: 0.6886, Epsilon: 0.391
2026-03-29 17:19:41 | INFO | Episode  247 - Reward: 31.000, Length: 31, Loss: 0.9382, Entropy: 0.6886, Epsilon: 0.389
2026-03-29 17:19:41 | INFO | Episode  248 - Reward: 21.000, Length: 21, Loss: 0.9418, Entropy: 0.6883, Epsilon: 0.386
2026-03-29 17:19:41 | INFO | Episode  249 - Reward: 31.000, Length: 31, Loss: 1.1018, Entropy: 0.6884, Epsilon: 0.384
2026-03-29 17:19:42 | INFO | Episode  250 - Reward: 31.000, Length: 31, Loss: 1.1124, Entropy: 0.6875, Epsilon: 0.381
2026-03-29 17:19:44 | INFO | [Episode  250] eps=0.381  avg_reward=  20.620  avg_length= 20.62  avg_loss=  1.0336  avg_entropy=0.6875  eval_success=0.000
2026-03-29 17:19:45 | INFO | Episode  251 - Reward: 56.000, Length: 56, Loss: 1.5711, Entropy: 0.6881, Epsilon: 0.379
2026-03-29 17:19:45 | INFO | Episode  252 - Reward: 29.000, Length: 29, Loss: 1.3949, Entropy: 0.6874, Epsilon: 0.376
2026-03-29 17:19:45 | INFO | Episode  253 - Reward: 40.000, Length: 40, Loss: 1.3101, Entropy: 0.6864, Epsilon: 0.374
2026-03-29 17:19:46 | INFO | Episode  254 - Reward: 25.000, Length: 25, Loss: 1.0401, Entropy: 0.6859, Epsilon: 0.371
2026-03-29 17:19:46 | INFO | Episode  255 - Reward: 28.000, Length: 28, Loss: 0.8554, Entropy: 0.6862, Epsilon: 0.369
2026-03-29 17:19:47 | INFO | Episode  256 - Reward: 30.000, Length: 30, Loss: 1.1273, Entropy: 0.6852, Epsilon: 0.366
2026-03-29 17:19:47 | INFO | Episode  257 - Reward: 130.000, Length: 130, Loss: 1.2610, Entropy: 0.6855, Epsilon: 0.364
2026-03-29 17:19:47 | INFO | Episode  258 - Reward: 36.000, Length: 36, Loss: 1.3911, Entropy: 0.6848, Epsilon: 0.361
2026-03-29 17:19:48 | INFO | Episode  259 - Reward: 32.000, Length: 32, Loss: 1.0926, Entropy: 0.6841, Epsilon: 0.359
2026-03-29 17:19:48 | INFO | Episode  260 - Reward: 85.000, Length: 85, Loss: 0.8833, Entropy: 0.6844, Epsilon: 0.357
2026-03-29 17:19:49 | INFO | Episode  261 - Reward: 41.000, Length: 41, Loss: 1.2685, Entropy: 0.6847, Epsilon: 0.354
2026-03-29 17:19:49 | INFO | Episode  262 - Reward: 65.000, Length: 65, Loss: 1.2601, Entropy: 0.6841, Epsilon: 0.352
2026-03-29 17:19:50 | INFO | Episode  263 - Reward: 37.000, Length: 37, Loss: 1.3552, Entropy: 0.6840, Epsilon: 0.349
2026-03-29 17:19:50 | INFO | Episode  264 - Reward: 53.000, Length: 53, Loss: 1.3891, Entropy: 0.6831, Epsilon: 0.347
2026-03-29 17:19:50 | INFO | Episode  265 - Reward: 31.000, Length: 31, Loss: 1.3396, Entropy: 0.6825, Epsilon: 0.344
2026-03-29 17:19:51 | INFO | Episode  266 - Reward: 30.000, Length: 30, Loss: 1.4143, Entropy: 0.6834, Epsilon: 0.342
2026-03-29 17:19:51 | INFO | Episode  267 - Reward: 49.000, Length: 49, Loss: 1.2390, Entropy: 0.6831, Epsilon: 0.339
2026-03-29 17:19:52 | INFO | Episode  268 - Reward: 49.000, Length: 49, Loss: 1.3243, Entropy: 0.6816, Epsilon: 0.337
2026-03-29 17:19:52 | INFO | Episode  269 - Reward: 27.000, Length: 27, Loss: 1.3485, Entropy: 0.6827, Epsilon: 0.334
2026-03-29 17:19:53 | INFO | Episode  270 - Reward: 45.000, Length: 45, Loss: 0.9775, Entropy: 0.6820, Epsilon: 0.332
2026-03-29 17:19:53 | INFO | Episode  271 - Reward: 59.000, Length: 59, Loss: 1.5681, Entropy: 0.6817, Epsilon: 0.329
2026-03-29 17:19:54 | INFO | Episode  272 - Reward: 62.000, Length: 62, Loss: 1.6012, Entropy: 0.6814, Epsilon: 0.327
2026-03-29 17:19:54 | INFO | Episode  273 - Reward: 47.000, Length: 47, Loss: 1.4135, Entropy: 0.6811, Epsilon: 0.324
2026-03-29 17:19:55 | INFO | Episode  274 - Reward: 39.000, Length: 39, Loss: 1.0874, Entropy: 0.6812, Epsilon: 0.322
2026-03-29 17:19:55 | INFO | Episode  275 - Reward: 38.000, Length: 38, Loss: 1.2879, Entropy: 0.6812, Epsilon: 0.319
2026-03-29 17:19:55 | INFO | Episode  276 - Reward: 61.000, Length: 61, Loss: 1.3379, Entropy: 0.6799, Epsilon: 0.317
2026-03-29 17:19:56 | INFO | Episode  277 - Reward: 49.000, Length: 49, Loss: 0.9532, Entropy: 0.6810, Epsilon: 0.314
2026-03-29 17:19:57 | INFO | Episode  278 - Reward: 29.000, Length: 29, Loss: 1.6738, Entropy: 0.6784, Epsilon: 0.312
2026-03-29 17:19:57 | INFO | Episode  279 - Reward: 48.000, Length: 48, Loss: 1.3316, Entropy: 0.6768, Epsilon: 0.309
2026-03-29 17:19:58 | INFO | Episode  280 - Reward: 23.000, Length: 23, Loss: 1.9007, Entropy: 0.6759, Epsilon: 0.307
2026-03-29 17:19:59 | INFO | Episode  281 - Reward: 44.000, Length: 44, Loss: 1.3406, Entropy: 0.6780, Epsilon: 0.305
2026-03-29 17:19:59 | INFO | Episode  282 - Reward: 77.000, Length: 77, Loss: 1.2861, Entropy: 0.6773, Epsilon: 0.302
2026-03-29 17:20:00 | INFO | Episode  283 - Reward: 109.000, Length: 109, Loss: 1.5706, Entropy: 0.6783, Epsilon: 0.300
2026-03-29 17:20:01 | INFO | Episode  284 - Reward: 71.000, Length: 71, Loss: 1.4410, Entropy: 0.6782, Epsilon: 0.297
2026-03-29 17:20:01 | INFO | Episode  285 - Reward: 61.000, Length: 61, Loss: 1.3193, Entropy: 0.6764, Epsilon: 0.295
2026-03-29 17:20:02 | INFO | Episode  286 - Reward: 53.000, Length: 53, Loss: 1.4390, Entropy: 0.6759, Epsilon: 0.292
2026-03-29 17:20:03 | INFO | Episode  287 - Reward: 31.000, Length: 31, Loss: 1.4978, Entropy: 0.6756, Epsilon: 0.290
2026-03-29 17:20:03 | INFO | Episode  288 - Reward: 85.000, Length: 85, Loss: 1.8463, Entropy: 0.6759, Epsilon: 0.287
2026-03-29 17:20:04 | INFO | Episode  289 - Reward: 51.000, Length: 51, Loss: 1.6901, Entropy: 0.6761, Epsilon: 0.285
2026-03-29 17:20:05 | INFO | Episode  290 - Reward: 121.000, Length: 121, Loss: 1.6773, Entropy: 0.6754, Epsilon: 0.282
2026-03-29 17:20:05 | INFO | Episode  291 - Reward: 41.000, Length: 41, Loss: 1.8561, Entropy: 0.6748, Epsilon: 0.280
2026-03-29 17:20:06 | INFO | Episode  292 - Reward: 63.000, Length: 63, Loss: 1.4278, Entropy: 0.6757, Epsilon: 0.277
2026-03-29 17:20:07 | INFO | Episode  293 - Reward: 40.000, Length: 40, Loss: 1.6876, Entropy: 0.6722, Epsilon: 0.275
2026-03-29 17:20:07 | INFO | Episode  294 - Reward: 97.000, Length: 97, Loss: 1.6319, Entropy: 0.6733, Epsilon: 0.272
2026-03-29 17:20:08 | INFO | Episode  295 - Reward: 42.000, Length: 42, Loss: 1.5845, Entropy: 0.6714, Epsilon: 0.270
2026-03-29 17:20:09 | INFO | Episode  296 - Reward: 29.000, Length: 29, Loss: 1.6157, Entropy: 0.6720, Epsilon: 0.267
2026-03-29 17:20:09 | INFO | Episode  297 - Reward: 23.000, Length: 23, Loss: 1.2161, Entropy: 0.6695, Epsilon: 0.265
2026-03-29 17:20:10 | INFO | Episode  298 - Reward: 52.000, Length: 52, Loss: 1.9000, Entropy: 0.6702, Epsilon: 0.262
2026-03-29 17:20:10 | INFO | Episode  299 - Reward: 92.000, Length: 92, Loss: 1.6924, Entropy: 0.6663, Epsilon: 0.260
2026-03-29 17:20:11 | INFO | Episode  300 - Reward: 30.000, Length: 30, Loss: 1.2564, Entropy: 0.6707, Epsilon: 0.258
2026-03-29 17:20:16 | INFO | [Episode  300] eps=0.258  avg_reward=  51.700  avg_length= 51.70  avg_loss=  1.3995  avg_entropy=0.6707  eval_success=0.040
2026-03-29 17:20:17 | INFO | Episode  301 - Reward: 49.000, Length: 49, Loss: 1.5473, Entropy: 0.6700, Epsilon: 0.255
2026-03-29 17:20:18 | INFO | Episode  302 - Reward: 63.000, Length: 63, Loss: 1.5832, Entropy: 0.6670, Epsilon: 0.253
2026-03-29 17:20:18 | INFO | Episode  303 - Reward: 28.000, Length: 28, Loss: 2.4749, Entropy: 0.6670, Epsilon: 0.250
2026-03-29 17:20:19 | INFO | Episode  304 - Reward: 33.000, Length: 33, Loss: 1.9093, Entropy: 0.6630, Epsilon: 0.248
2026-03-29 17:20:19 | INFO | Episode  305 - Reward: 53.000, Length: 53, Loss: 2.0191, Entropy: 0.6651, Epsilon: 0.245
2026-03-29 17:20:20 | INFO | Episode  306 - Reward: 70.000, Length: 70, Loss: 1.7634, Entropy: 0.6640, Epsilon: 0.243
2026-03-29 17:20:21 | INFO | Episode  307 - Reward: 30.000, Length: 30, Loss: 1.2314, Entropy: 0.6652, Epsilon: 0.240
2026-03-29 17:20:21 | INFO | Episode  308 - Reward: 57.000, Length: 57, Loss: 1.4109, Entropy: 0.6654, Epsilon: 0.238
2026-03-29 17:20:22 | INFO | Episode  309 - Reward: 38.000, Length: 38, Loss: 1.5697, Entropy: 0.6676, Epsilon: 0.235
2026-03-29 17:20:22 | INFO | Episode  310 - Reward: 23.000, Length: 23, Loss: 1.8140, Entropy: 0.6652, Epsilon: 0.233
2026-03-29 17:20:23 | INFO | Episode  311 - Reward: 55.000, Length: 55, Loss: 1.8128, Entropy: 0.6667, Epsilon: 0.230
2026-03-29 17:20:24 | INFO | Episode  312 - Reward: 72.000, Length: 72, Loss: 1.1652, Entropy: 0.6656, Epsilon: 0.228
2026-03-29 17:20:24 | INFO | Episode  313 - Reward: 47.000, Length: 47, Loss: 2.0055, Entropy: 0.6649, Epsilon: 0.225
2026-03-29 17:20:25 | INFO | Episode  314 - Reward: 40.000, Length: 40, Loss: 1.8903, Entropy: 0.6650, Epsilon: 0.223
2026-03-29 17:20:25 | INFO | Episode  315 - Reward: 127.000, Length: 127, Loss: 1.8805, Entropy: 0.6645, Epsilon: 0.220
2026-03-29 17:20:26 | INFO | Episode  316 - Reward: 64.000, Length: 64, Loss: 1.9820, Entropy: 0.6612, Epsilon: 0.218
2026-03-29 17:20:27 | INFO | Episode  317 - Reward: 73.000, Length: 73, Loss: 1.3335, Entropy: 0.6649, Epsilon: 0.215
2026-03-29 17:20:27 | INFO | Episode  318 - Reward: 44.000, Length: 44, Loss: 2.1134, Entropy: 0.6627, Epsilon: 0.213
2026-03-29 17:20:28 | INFO | Episode  319 - Reward: 36.000, Length: 36, Loss: 2.1495, Entropy: 0.6620, Epsilon: 0.210
2026-03-29 17:20:28 | INFO | Episode  320 - Reward: 41.000, Length: 41, Loss: 2.4399, Entropy: 0.6634, Epsilon: 0.208
2026-03-29 17:20:29 | INFO | Episode  321 - Reward: 35.000, Length: 35, Loss: 1.4519, Entropy: 0.6602, Epsilon: 0.206
2026-03-29 17:20:30 | INFO | Episode  322 - Reward: 50.000, Length: 50, Loss: 1.7603, Entropy: 0.6597, Epsilon: 0.203
2026-03-29 17:20:30 | INFO | Episode  323 - Reward: 74.000, Length: 74, Loss: 2.0377, Entropy: 0.6600, Epsilon: 0.201
2026-03-29 17:20:31 | INFO | Episode  324 - Reward: 56.000, Length: 56, Loss: 2.0535, Entropy: 0.6587, Epsilon: 0.198
2026-03-29 17:20:32 | INFO | Episode  325 - Reward: 80.000, Length: 80, Loss: 2.1526, Entropy: 0.6601, Epsilon: 0.196
2026-03-29 17:20:32 | INFO | Episode  326 - Reward: 79.000, Length: 79, Loss: 1.8032, Entropy: 0.6557, Epsilon: 0.193
2026-03-29 17:20:33 | INFO | Episode  327 - Reward: 38.000, Length: 38, Loss: 2.1214, Entropy: 0.6604, Epsilon: 0.191
2026-03-29 17:20:34 | INFO | Episode  328 - Reward: 74.000, Length: 74, Loss: 1.8817, Entropy: 0.6581, Epsilon: 0.188
2026-03-29 17:20:34 | INFO | Episode  329 - Reward: 51.000, Length: 51, Loss: 2.0341, Entropy: 0.6574, Epsilon: 0.186
2026-03-29 17:20:35 | INFO | Episode  330 - Reward: 55.000, Length: 55, Loss: 2.1782, Entropy: 0.6553, Epsilon: 0.183
2026-03-29 17:20:35 | INFO | Episode  331 - Reward: 56.000, Length: 56, Loss: 1.7949, Entropy: 0.6576, Epsilon: 0.181
2026-03-29 17:20:36 | INFO | Episode  332 - Reward: 63.000, Length: 63, Loss: 2.3802, Entropy: 0.6589, Epsilon: 0.178
2026-03-29 17:20:37 | INFO | Episode  333 - Reward: 58.000, Length: 58, Loss: 1.7639, Entropy: 0.6590, Epsilon: 0.176
2026-03-29 17:20:37 | INFO | Episode  334 - Reward: 77.000, Length: 77, Loss: 1.7435, Entropy: 0.6577, Epsilon: 0.173
2026-03-29 17:20:38 | INFO | Episode  335 - Reward: 51.000, Length: 51, Loss: 2.0688, Entropy: 0.6549, Epsilon: 0.171
2026-03-29 17:20:39 | INFO | Episode  336 - Reward: 24.000, Length: 24, Loss: 1.9634, Entropy: 0.6467, Epsilon: 0.168
2026-03-29 17:20:39 | INFO | Episode  337 - Reward: 29.000, Length: 29, Loss: 2.0834, Entropy: 0.6467, Epsilon: 0.166
2026-03-29 17:20:40 | INFO | Episode  338 - Reward: 32.000, Length: 32, Loss: 2.4817, Entropy: 0.6440, Epsilon: 0.163
2026-03-29 17:20:41 | INFO | Episode  339 - Reward: 28.000, Length: 28, Loss: 1.8672, Entropy: 0.6515, Epsilon: 0.161
2026-03-29 17:20:41 | INFO | Episode  340 - Reward: 41.000, Length: 41, Loss: 2.7869, Entropy: 0.6496, Epsilon: 0.158
2026-03-29 17:20:42 | INFO | Episode  341 - Reward: 109.000, Length: 109, Loss: 1.9648, Entropy: 0.6498, Epsilon: 0.156
2026-03-29 17:20:43 | INFO | Episode  342 - Reward: 51.000, Length: 51, Loss: 2.1274, Entropy: 0.6475, Epsilon: 0.154
2026-03-29 17:20:43 | INFO | Episode  343 - Reward: 86.000, Length: 86, Loss: 2.0205, Entropy: 0.6516, Epsilon: 0.151
2026-03-29 17:20:44 | INFO | Episode  344 - Reward: 45.000, Length: 45, Loss: 1.6082, Entropy: 0.6524, Epsilon: 0.149
2026-03-29 17:20:44 | INFO | Episode  345 - Reward: 115.000, Length: 115, Loss: 2.3470, Entropy: 0.6501, Epsilon: 0.146
2026-03-29 17:20:45 | INFO | Episode  346 - Reward: 78.000, Length: 78, Loss: 1.7468, Entropy: 0.6500, Epsilon: 0.144
2026-03-29 17:20:46 | INFO | Episode  347 - Reward: 106.000, Length: 106, Loss: 1.9180, Entropy: 0.6504, Epsilon: 0.141
2026-03-29 17:20:46 | INFO | Episode  348 - Reward: 59.000, Length: 59, Loss: 2.0235, Entropy: 0.6496, Epsilon: 0.139
2026-03-29 17:20:47 | INFO | Episode  349 - Reward: 51.000, Length: 51, Loss: 1.8344, Entropy: 0.6466, Epsilon: 0.136
2026-03-29 17:20:47 | INFO | Episode  350 - Reward: 48.000, Length: 48, Loss: 2.7886, Entropy: 0.6474, Epsilon: 0.134
2026-03-29 17:20:51 | INFO | [Episode  350] eps=0.134  avg_reward=  56.840  avg_length= 56.84  avg_loss=  1.9377  avg_entropy=0.6474  eval_success=0.000
2026-03-29 17:20:51 | INFO | Episode  351 - Reward: 42.000, Length: 42, Loss: 1.7389, Entropy: 0.6513, Epsilon: 0.131
2026-03-29 17:20:52 | INFO | Episode  352 - Reward: 66.000, Length: 66, Loss: 1.6972, Entropy: 0.6475, Epsilon: 0.129
2026-03-29 17:20:52 | INFO | Episode  353 - Reward: 86.000, Length: 86, Loss: 2.5099, Entropy: 0.6508, Epsilon: 0.126
2026-03-29 17:20:53 | INFO | Episode  354 - Reward: 81.000, Length: 81, Loss: 1.5987, Entropy: 0.6509, Epsilon: 0.124
2026-03-29 17:20:53 | INFO | Episode  355 - Reward: 56.000, Length: 56, Loss: 2.9280, Entropy: 0.6499, Epsilon: 0.121
2026-03-29 17:20:54 | INFO | Episode  356 - Reward: 71.000, Length: 71, Loss: 2.6858, Entropy: 0.6452, Epsilon: 0.119
2026-03-29 17:20:54 | INFO | Episode  357 - Reward: 48.000, Length: 48, Loss: 2.2180, Entropy: 0.6470, Epsilon: 0.116
2026-03-29 17:20:55 | INFO | Episode  358 - Reward: 58.000, Length: 58, Loss: 2.7405, Entropy: 0.6434, Epsilon: 0.114
2026-03-29 17:20:55 | INFO | Episode  359 - Reward: 37.000, Length: 37, Loss: 2.2481, Entropy: 0.6473, Epsilon: 0.111
2026-03-29 17:20:56 | INFO | Episode  360 - Reward: 64.000, Length: 64, Loss: 2.1177, Entropy: 0.6500, Epsilon: 0.109
2026-03-29 17:20:56 | INFO | Episode  361 - Reward: 59.000, Length: 59, Loss: 2.0756, Entropy: 0.6459, Epsilon: 0.107
2026-03-29 17:20:57 | INFO | Episode  362 - Reward: 109.000, Length: 109, Loss: 1.7062, Entropy: 0.6397, Epsilon: 0.104
2026-03-29 17:20:57 | INFO | Episode  363 - Reward: 84.000, Length: 84, Loss: 1.9008, Entropy: 0.6384, Epsilon: 0.102
2026-03-29 17:20:57 | INFO | Episode  364 - Reward: 54.000, Length: 54, Loss: 1.9695, Entropy: 0.6406, Epsilon: 0.099
2026-03-29 17:20:58 | INFO | Episode  365 - Reward: 75.000, Length: 75, Loss: 2.0444, Entropy: 0.6403, Epsilon: 0.097
2026-03-29 17:20:58 | INFO | Episode  366 - Reward: 93.000, Length: 93, Loss: 2.6535, Entropy: 0.6426, Epsilon: 0.094
2026-03-29 17:20:59 | INFO | Episode  367 - Reward: 110.000, Length: 110, Loss: 2.6591, Entropy: 0.6386, Epsilon: 0.092
2026-03-29 17:20:59 | INFO | Episode  368 - Reward: 56.000, Length: 56, Loss: 2.0406, Entropy: 0.6424, Epsilon: 0.089
2026-03-29 17:21:00 | INFO | Episode  369 - Reward: 64.000, Length: 64, Loss: 1.6307, Entropy: 0.6427, Epsilon: 0.087
2026-03-29 17:21:00 | INFO | Episode  370 - Reward: 115.000, Length: 115, Loss: 2.3943, Entropy: 0.6461, Epsilon: 0.084
2026-03-29 17:21:00 | INFO | Episode  371 - Reward: 133.000, Length: 133, Loss: 2.6741, Entropy: 0.6414, Epsilon: 0.082
2026-03-29 17:21:01 | INFO | Episode  372 - Reward: 53.000, Length: 53, Loss: 2.2437, Entropy: 0.6451, Epsilon: 0.079
2026-03-29 17:21:01 | INFO | Episode  373 - Reward: 42.000, Length: 42, Loss: 1.8247, Entropy: 0.6444, Epsilon: 0.077
2026-03-29 17:21:02 | INFO | Episode  374 - Reward: 113.000, Length: 113, Loss: 2.3568, Entropy: 0.6477, Epsilon: 0.074
2026-03-29 17:21:02 | INFO | Episode  375 - Reward: 45.000, Length: 45, Loss: 2.5812, Entropy: 0.6389, Epsilon: 0.072
2026-03-29 17:21:03 | INFO | Episode  376 - Reward: 62.000, Length: 62, Loss: 2.2421, Entropy: 0.6468, Epsilon: 0.069
2026-03-29 17:21:03 | INFO | Episode  377 - Reward: 56.000, Length: 56, Loss: 2.4371, Entropy: 0.6416, Epsilon: 0.067
2026-03-29 17:21:03 | INFO | Episode  378 - Reward: 45.000, Length: 45, Loss: 2.3190, Entropy: 0.6467, Epsilon: 0.064
2026-03-29 17:21:04 | INFO | Episode  379 - Reward: 118.000, Length: 118, Loss: 1.8565, Entropy: 0.6463, Epsilon: 0.062
2026-03-29 17:21:04 | INFO | Episode  380 - Reward: 61.000, Length: 61, Loss: 2.7446, Entropy: 0.6425, Epsilon: 0.059
2026-03-29 17:21:05 | INFO | Episode  381 - Reward: 99.000, Length: 99, Loss: 3.0396, Entropy: 0.6413, Epsilon: 0.057
2026-03-29 17:21:05 | INFO | Episode  382 - Reward: 74.000, Length: 74, Loss: 1.5221, Entropy: 0.6463, Epsilon: 0.055
2026-03-29 17:21:06 | INFO | Episode  383 - Reward: 108.000, Length: 108, Loss: 2.7796, Entropy: 0.6389, Epsilon: 0.052
2026-03-29 17:21:06 | INFO | Episode  384 - Reward: 114.000, Length: 114, Loss: 3.1003, Entropy: 0.6379, Epsilon: 0.050
2026-03-29 17:21:07 | INFO | Episode  385 - Reward: 85.000, Length: 85, Loss: 1.8791, Entropy: 0.6406, Epsilon: 0.047
2026-03-29 17:21:07 | INFO | Episode  386 - Reward: 161.000, Length: 161, Loss: 2.9217, Entropy: 0.6436, Epsilon: 0.045
2026-03-29 17:21:07 | INFO | Episode  387 - Reward: 121.000, Length: 121, Loss: 2.4708, Entropy: 0.6425, Epsilon: 0.042
2026-03-29 17:21:08 | INFO | Episode  388 - Reward: 79.000, Length: 79, Loss: 1.8555, Entropy: 0.6451, Epsilon: 0.040
2026-03-29 17:21:08 | INFO | Episode  389 - Reward: 69.000, Length: 69, Loss: 2.1813, Entropy: 0.6408, Epsilon: 0.037
2026-03-29 17:21:09 | INFO | Episode  390 - Reward: 54.000, Length: 54, Loss: 2.8871, Entropy: 0.6429, Epsilon: 0.035
2026-03-29 17:21:09 | INFO | Episode  391 - Reward: 194.000, Length: 194, Loss: 2.8170, Entropy: 0.6433, Epsilon: 0.032
2026-03-29 17:21:10 | INFO | Episode  392 - Reward: 57.000, Length: 57, Loss: 1.9816, Entropy: 0.6392, Epsilon: 0.030
2026-03-29 17:21:10 | INFO | Episode  393 - Reward: 57.000, Length: 57, Loss: 2.3152, Entropy: 0.6423, Epsilon: 0.027
2026-03-29 17:21:11 | INFO | Episode  394 - Reward: 89.000, Length: 89, Loss: 2.6937, Entropy: 0.6389, Epsilon: 0.025
2026-03-29 17:21:11 | INFO | Episode  395 - Reward: 66.000, Length: 66, Loss: 1.6194, Entropy: 0.6374, Epsilon: 0.022
2026-03-29 17:21:12 | INFO | Episode  396 - Reward: 129.000, Length: 129, Loss: 2.8571, Entropy: 0.6401, Epsilon: 0.020
2026-03-29 17:21:12 | INFO | Episode  397 - Reward: 125.000, Length: 125, Loss: 3.0835, Entropy: 0.6426, Epsilon: 0.017
2026-03-29 17:21:12 | INFO | Episode  398 - Reward: 50.000, Length: 50, Loss: 2.3458, Entropy: 0.6402, Epsilon: 0.015
2026-03-29 17:21:13 | INFO | Episode  399 - Reward: 191.000, Length: 191, Loss: 1.2012, Entropy: 0.6407, Epsilon: 0.012
2026-03-29 17:21:13 | INFO | Episode  400 - Reward: 191.000, Length: 191, Loss: 2.0712, Entropy: 0.6433, Epsilon: 0.010
2026-03-29 17:21:17 | INFO | [Episode  400] eps=0.010  avg_reward=  85.380  avg_length= 85.38  avg_loss=  2.2892  avg_entropy=0.6433  eval_success=0.040
2026-03-29 17:21:18 | INFO | Episode  401 - Reward: 75.000, Length: 75, Loss: 2.5330, Entropy: 0.6379, Epsilon: 0.010
2026-03-29 17:21:18 | INFO | Episode  402 - Reward: 55.000, Length: 55, Loss: 2.8537, Entropy: 0.6366, Epsilon: 0.010
2026-03-29 17:21:18 | INFO | Episode  403 - Reward: 74.000, Length: 74, Loss: 2.0754, Entropy: 0.6395, Epsilon: 0.010
2026-03-29 17:21:19 | INFO | Episode  404 - Reward: 63.000, Length: 63, Loss: 2.2201, Entropy: 0.6372, Epsilon: 0.010
2026-03-29 17:21:19 | INFO | Episode  405 - Reward: 86.000, Length: 86, Loss: 2.6941, Entropy: 0.6399, Epsilon: 0.010
2026-03-29 17:21:20 | INFO | Episode  406 - Reward: 79.000, Length: 79, Loss: 2.5593, Entropy: 0.6419, Epsilon: 0.010
2026-03-29 17:21:20 | INFO | Episode  407 - Reward: 100.000, Length: 100, Loss: 2.5802, Entropy: 0.6420, Epsilon: 0.010
2026-03-29 17:21:21 | INFO | Episode  408 - Reward: 200.000, Length: 200, Loss: 2.5593, Entropy: 0.6413, Epsilon: 0.010
2026-03-29 17:21:21 | INFO | Episode  409 - Reward: 84.000, Length: 84, Loss: 2.2669, Entropy: 0.6364, Epsilon: 0.010
2026-03-29 17:21:22 | INFO | Episode  410 - Reward: 124.000, Length: 124, Loss: 1.6492, Entropy: 0.6412, Epsilon: 0.010
2026-03-29 17:21:22 | INFO | Episode  411 - Reward: 101.000, Length: 101, Loss: 2.5066, Entropy: 0.6393, Epsilon: 0.010
2026-03-29 17:21:23 | INFO | Episode  412 - Reward: 85.000, Length: 85, Loss: 3.0311, Entropy: 0.6366, Epsilon: 0.010
2026-03-29 17:21:23 | INFO | Episode  413 - Reward: 90.000, Length: 90, Loss: 2.9210, Entropy: 0.6378, Epsilon: 0.010
2026-03-29 17:21:23 | INFO | Episode  414 - Reward: 157.000, Length: 157, Loss: 2.6624, Entropy: 0.6365, Epsilon: 0.010
2026-03-29 17:21:24 | INFO | Episode  415 - Reward: 200.000, Length: 200, Loss: 2.5337, Entropy: 0.6362, Epsilon: 0.010
2026-03-29 17:21:24 | INFO | Episode  416 - Reward: 182.000, Length: 182, Loss: 2.9037, Entropy: 0.6318, Epsilon: 0.010
2026-03-29 17:21:25 | INFO | Episode  417 - Reward: 123.000, Length: 123, Loss: 1.9525, Entropy: 0.6360, Epsilon: 0.010
2026-03-29 17:21:25 | INFO | Episode  418 - Reward: 123.000, Length: 123, Loss: 1.9765, Entropy: 0.6357, Epsilon: 0.010
2026-03-29 17:21:26 | INFO | Episode  419 - Reward: 159.000, Length: 159, Loss: 2.4088, Entropy: 0.6334, Epsilon: 0.010
2026-03-29 17:21:26 | INFO | Episode  420 - Reward: 170.000, Length: 170, Loss: 1.7278, Entropy: 0.6388, Epsilon: 0.010
2026-03-29 17:21:27 | INFO | Episode  421 - Reward: 200.000, Length: 200, Loss: 2.0648, Entropy: 0.6370, Epsilon: 0.010
2026-03-29 17:21:27 | INFO | Episode  422 - Reward: 105.000, Length: 105, Loss: 2.7091, Entropy: 0.6290, Epsilon: 0.010
2026-03-29 17:21:28 | INFO | Episode  423 - Reward: 200.000, Length: 200, Loss: 2.6288, Entropy: 0.6324, Epsilon: 0.010
2026-03-29 17:21:28 | INFO | Episode  424 - Reward: 146.000, Length: 146, Loss: 1.8642, Entropy: 0.6340, Epsilon: 0.010
2026-03-29 17:21:28 | INFO | Episode  425 - Reward: 127.000, Length: 127, Loss: 2.3018, Entropy: 0.6372, Epsilon: 0.010
2026-03-29 17:21:29 | INFO | Episode  426 - Reward: 200.000, Length: 200, Loss: 1.8593, Entropy: 0.6347, Epsilon: 0.010
2026-03-29 17:21:29 | INFO | Episode  427 - Reward: 142.000, Length: 142, Loss: 2.0185, Entropy: 0.6290, Epsilon: 0.010
2026-03-29 17:21:30 | INFO | Episode  428 - Reward: 86.000, Length: 86, Loss: 2.2336, Entropy: 0.6253, Epsilon: 0.010
2026-03-29 17:21:30 | INFO | Episode  429 - Reward: 117.000, Length: 117, Loss: 2.2554, Entropy: 0.6188, Epsilon: 0.010
2026-03-29 17:21:31 | INFO | Episode  430 - Reward: 80.000, Length: 80, Loss: 1.5188, Entropy: 0.6287, Epsilon: 0.010
2026-03-29 17:21:31 | INFO | Episode  431 - Reward: 159.000, Length: 159, Loss: 1.7307, Entropy: 0.6261, Epsilon: 0.010
2026-03-29 17:21:31 | INFO | Episode  432 - Reward: 200.000, Length: 200, Loss: 1.6223, Entropy: 0.6307, Epsilon: 0.010
2026-03-29 17:21:32 | INFO | Episode  433 - Reward: 200.000, Length: 200, Loss: 1.5640, Entropy: 0.6274, Epsilon: 0.010
2026-03-29 17:21:32 | INFO | Episode  434 - Reward: 200.000, Length: 200, Loss: 2.7727, Entropy: 0.6252, Epsilon: 0.010
2026-03-29 17:21:33 | INFO | Episode  435 - Reward: 200.000, Length: 200, Loss: 2.5385, Entropy: 0.6288, Epsilon: 0.010
2026-03-29 17:21:33 | INFO | Episode  436 - Reward: 200.000, Length: 200, Loss: 1.8208, Entropy: 0.6265, Epsilon: 0.010
2026-03-29 17:21:34 | INFO | Episode  437 - Reward: 200.000, Length: 200, Loss: 2.6052, Entropy: 0.6268, Epsilon: 0.010
2026-03-29 17:21:34 | INFO | Episode  438 - Reward: 141.000, Length: 141, Loss: 2.1676, Entropy: 0.6278, Epsilon: 0.010
2026-03-29 17:21:34 | INFO | Episode  439 - Reward: 200.000, Length: 200, Loss: 2.2530, Entropy: 0.6271, Epsilon: 0.010
2026-03-29 17:21:35 | INFO | Episode  440 - Reward: 200.000, Length: 200, Loss: 2.4031, Entropy: 0.6328, Epsilon: 0.010
2026-03-29 17:21:35 | INFO | Episode  441 - Reward: 200.000, Length: 200, Loss: 1.9860, Entropy: 0.6263, Epsilon: 0.010
2026-03-29 17:21:36 | INFO | Episode  442 - Reward: 173.000, Length: 173, Loss: 1.8926, Entropy: 0.6313, Epsilon: 0.010
2026-03-29 17:21:36 | INFO | Episode  443 - Reward: 200.000, Length: 200, Loss: 2.7653, Entropy: 0.6259, Epsilon: 0.010
2026-03-29 17:21:37 | INFO | Episode  444 - Reward: 130.000, Length: 130, Loss: 1.7336, Entropy: 0.6176, Epsilon: 0.010
2026-03-29 17:21:37 | INFO | Episode  445 - Reward: 116.000, Length: 116, Loss: 2.3967, Entropy: 0.6323, Epsilon: 0.010
2026-03-29 17:21:38 | INFO | Episode  446 - Reward: 154.000, Length: 154, Loss: 2.9297, Entropy: 0.6251, Epsilon: 0.010
2026-03-29 17:21:38 | INFO | Episode  447 - Reward: 169.000, Length: 169, Loss: 2.1934, Entropy: 0.6307, Epsilon: 0.010
2026-03-29 17:21:39 | INFO | Episode  448 - Reward: 190.000, Length: 190, Loss: 2.6979, Entropy: 0.6285, Epsilon: 0.010
2026-03-29 17:21:39 | INFO | Episode  449 - Reward: 200.000, Length: 200, Loss: 1.7632, Entropy: 0.6247, Epsilon: 0.010
2026-03-29 17:21:40 | INFO | Episode  450 - Reward: 154.000, Length: 154, Loss: 1.3743, Entropy: 0.6252, Epsilon: 0.010
2026-03-29 17:21:48 | INFO | [Episode  450] eps=0.010  avg_reward= 146.380  avg_length=146.38  avg_loss=  2.2656  avg_entropy=0.6252  eval_success=0.120
2026-03-29 17:21:48 | INFO | Episode  451 - Reward: 129.000, Length: 129, Loss: 2.6877, Entropy: 0.6298, Epsilon: 0.010
2026-03-29 17:21:48 | INFO | Episode  452 - Reward: 178.000, Length: 178, Loss: 3.2239, Entropy: 0.6250, Epsilon: 0.010
2026-03-29 17:21:49 | INFO | Episode  453 - Reward: 200.000, Length: 200, Loss: 1.9519, Entropy: 0.6273, Epsilon: 0.010
2026-03-29 17:21:49 | INFO | Episode  454 - Reward: 200.000, Length: 200, Loss: 1.5611, Entropy: 0.6216, Epsilon: 0.010
2026-03-29 17:21:50 | INFO | Episode  455 - Reward: 182.000, Length: 182, Loss: 2.0000, Entropy: 0.6179, Epsilon: 0.010
2026-03-29 17:21:50 | INFO | Episode  456 - Reward: 197.000, Length: 197, Loss: 2.6641, Entropy: 0.6195, Epsilon: 0.010
2026-03-29 17:21:50 | INFO | Episode  457 - Reward: 200.000, Length: 200, Loss: 2.1381, Entropy: 0.6187, Epsilon: 0.010
2026-03-29 17:21:51 | INFO | Episode  458 - Reward: 196.000, Length: 196, Loss: 1.8676, Entropy: 0.6207, Epsilon: 0.010
2026-03-29 17:21:51 | INFO | Episode  459 - Reward: 200.000, Length: 200, Loss: 1.6488, Entropy: 0.6193, Epsilon: 0.010
2026-03-29 17:21:52 | INFO | Episode  460 - Reward: 200.000, Length: 200, Loss: 1.6423, Entropy: 0.6086, Epsilon: 0.010
2026-03-29 17:21:52 | INFO | Episode  461 - Reward: 200.000, Length: 200, Loss: 0.6969, Entropy: 0.6129, Epsilon: 0.010
2026-03-29 17:21:53 | INFO | Episode  462 - Reward: 200.000, Length: 200, Loss: 1.3929, Entropy: 0.6155, Epsilon: 0.010
2026-03-29 17:21:53 | INFO | Episode  463 - Reward: 200.000, Length: 200, Loss: 1.3876, Entropy: 0.6104, Epsilon: 0.010
2026-03-29 17:21:54 | INFO | Episode  464 - Reward: 200.000, Length: 200, Loss: 1.9731, Entropy: 0.6110, Epsilon: 0.010
2026-03-29 17:21:54 | INFO | Episode  465 - Reward: 200.000, Length: 200, Loss: 1.8352, Entropy: 0.6067, Epsilon: 0.010
2026-03-29 17:21:55 | INFO | Episode  466 - Reward: 200.000, Length: 200, Loss: 2.4902, Entropy: 0.6099, Epsilon: 0.010
2026-03-29 17:21:55 | INFO | Episode  467 - Reward: 200.000, Length: 200, Loss: 1.9301, Entropy: 0.6075, Epsilon: 0.010
2026-03-29 17:21:56 | INFO | Episode  468 - Reward: 200.000, Length: 200, Loss: 1.6975, Entropy: 0.6036, Epsilon: 0.010
2026-03-29 17:21:56 | INFO | Episode  469 - Reward: 200.000, Length: 200, Loss: 1.6923, Entropy: 0.6085, Epsilon: 0.010
2026-03-29 17:21:57 | INFO | Episode  470 - Reward: 200.000, Length: 200, Loss: 2.4051, Entropy: 0.6042, Epsilon: 0.010
2026-03-29 17:21:57 | INFO | Episode  471 - Reward: 200.000, Length: 200, Loss: 1.5902, Entropy: 0.6153, Epsilon: 0.010
2026-03-29 17:21:58 | INFO | Episode  472 - Reward: 200.000, Length: 200, Loss: 2.2087, Entropy: 0.6133, Epsilon: 0.010
2026-03-29 17:21:58 | INFO | Episode  473 - Reward: 200.000, Length: 200, Loss: 2.4178, Entropy: 0.6106, Epsilon: 0.010
2026-03-29 17:21:59 | INFO | Episode  474 - Reward: 200.000, Length: 200, Loss: 1.7623, Entropy: 0.6099, Epsilon: 0.010
2026-03-29 17:21:59 | INFO | Episode  475 - Reward: 200.000, Length: 200, Loss: 0.6727, Entropy: 0.6149, Epsilon: 0.010
2026-03-29 17:21:59 | INFO | Episode  476 - Reward: 200.000, Length: 200, Loss: 1.2878, Entropy: 0.6096, Epsilon: 0.010
2026-03-29 17:22:00 | INFO | Episode  477 - Reward: 200.000, Length: 200, Loss: 0.9078, Entropy: 0.6143, Epsilon: 0.010
2026-03-29 17:22:00 | INFO | Episode  478 - Reward: 200.000, Length: 200, Loss: 0.8669, Entropy: 0.6117, Epsilon: 0.010
2026-03-29 17:22:01 | INFO | Episode  479 - Reward: 200.000, Length: 200, Loss: 1.3882, Entropy: 0.6208, Epsilon: 0.010
2026-03-29 17:22:01 | INFO | Episode  480 - Reward: 200.000, Length: 200, Loss: 1.9603, Entropy: 0.6093, Epsilon: 0.010
2026-03-29 17:22:02 | INFO | Episode  481 - Reward: 200.000, Length: 200, Loss: 1.2187, Entropy: 0.6144, Epsilon: 0.010
2026-03-29 17:22:02 | INFO | Episode  482 - Reward: 200.000, Length: 200, Loss: 1.3033, Entropy: 0.6228, Epsilon: 0.010
2026-03-29 17:22:03 | INFO | Episode  483 - Reward: 200.000, Length: 200, Loss: 2.2755, Entropy: 0.6191, Epsilon: 0.010
2026-03-29 17:22:03 | INFO | Episode  484 - Reward: 200.000, Length: 200, Loss: 1.0902, Entropy: 0.6171, Epsilon: 0.010
2026-03-29 17:22:03 | INFO | Episode  485 - Reward: 200.000, Length: 200, Loss: 0.9153, Entropy: 0.6175, Epsilon: 0.010
2026-03-29 17:22:04 | INFO | Episode  486 - Reward: 200.000, Length: 200, Loss: 1.2038, Entropy: 0.6173, Epsilon: 0.010
2026-03-29 17:22:04 | INFO | Episode  487 - Reward: 200.000, Length: 200, Loss: 0.7555, Entropy: 0.6274, Epsilon: 0.010
2026-03-29 17:22:05 | INFO | Episode  488 - Reward: 200.000, Length: 200, Loss: 1.0352, Entropy: 0.6237, Epsilon: 0.010
2026-03-29 17:22:05 | INFO | Episode  489 - Reward: 200.000, Length: 200, Loss: 0.3391, Entropy: 0.6278, Epsilon: 0.010
2026-03-29 17:22:06 | INFO | Episode  490 - Reward: 200.000, Length: 200, Loss: 0.6568, Entropy: 0.6243, Epsilon: 0.010
2026-03-29 17:22:06 | INFO | Episode  491 - Reward: 200.000, Length: 200, Loss: 0.8454, Entropy: 0.6211, Epsilon: 0.010
2026-03-29 17:22:06 | INFO | Episode  492 - Reward: 200.000, Length: 200, Loss: 0.9345, Entropy: 0.6306, Epsilon: 0.010
2026-03-29 17:22:07 | INFO | Episode  493 - Reward: 200.000, Length: 200, Loss: 0.9500, Entropy: 0.6318, Epsilon: 0.010
2026-03-29 17:22:07 | INFO | Episode  494 - Reward: 200.000, Length: 200, Loss: 1.2605, Entropy: 0.6322, Epsilon: 0.010
2026-03-29 17:22:08 | INFO | Episode  495 - Reward: 200.000, Length: 200, Loss: 0.4801, Entropy: 0.6273, Epsilon: 0.010
2026-03-29 17:22:08 | INFO | Episode  496 - Reward: 200.000, Length: 200, Loss: 0.6900, Entropy: 0.6288, Epsilon: 0.010
2026-03-29 17:22:08 | INFO | Episode  497 - Reward: 200.000, Length: 200, Loss: 0.7875, Entropy: 0.6251, Epsilon: 0.010
2026-03-29 17:22:09 | INFO | Episode  498 - Reward: 200.000, Length: 200, Loss: 0.4625, Entropy: 0.6263, Epsilon: 0.010
2026-03-29 17:22:09 | INFO | Episode  499 - Reward: 200.000, Length: 200, Loss: 0.7430, Entropy: 0.6379, Epsilon: 0.010
2026-03-29 17:22:10 | INFO | Episode  500 - Reward: 200.000, Length: 200, Loss: 0.7223, Entropy: 0.6330, Epsilon: 0.010
2026-03-29 17:22:18 | INFO | [Episode  500] eps=0.010  avg_reward= 197.640  avg_length=197.64  avg_loss=  1.4524  avg_entropy=0.6330  eval_success=1.000
2026-03-29 17:22:18 | INFO | DQN+Entropy training: 4m 34.74s
2026-03-29 17:22:50 | INFO | [Final Eval] success=1.000, mean_reward=200.000
