2026-03-29 21:54:03 | INFO | ============================================================
2026-03-29 21:54:03 | INFO | DEVICE / COMPUTE INFORMATION
2026-03-29 21:54:03 | INFO |   JAX backend       : CPU
2026-03-29 21:54:03 | INFO |   Platform          : cpu
2026-03-29 21:54:03 | INFO |   Num devices       : 1
2026-03-29 21:54:03 | INFO |   Device            : TFRT_CPU_0
2026-03-29 21:54:03 | INFO | ============================================================
2026-03-29 21:54:03 | INFO | DQN+Entropy | seed=5, lr=0.01, gamma=0.95, alpha=0.01
2026-03-29 21:54:03 | INFO | Env: mountaincar/dense, obs_dim=2, num_actions=3
2026-03-29 21:54:04 | INFO | Episode    1 - Reward: -200.000, Length: 200, Loss: 0.0000, Entropy: 0.0000, Epsilon: 0.998
2026-03-29 21:54:06 | INFO | Episode    2 - Reward: -200.000, Length: 200, Loss: 0.9492, Entropy: 1.0986, Epsilon: 0.995
2026-03-29 21:54:06 | INFO | Episode    3 - Reward: -200.000, Length: 200, Loss: 0.8788, Entropy: 1.0986, Epsilon: 0.993
2026-03-29 21:54:06 | INFO | Episode    4 - Reward: -200.000, Length: 200, Loss: 0.9456, Entropy: 1.0986, Epsilon: 0.990
2026-03-29 21:54:07 | INFO | Episode    5 - Reward: -200.000, Length: 200, Loss: 0.8774, Entropy: 1.0986, Epsilon: 0.988
2026-03-29 21:54:07 | INFO | Episode    6 - Reward: -200.000, Length: 200, Loss: 0.9232, Entropy: 1.0985, Epsilon: 0.985
2026-03-29 21:54:08 | INFO | Episode    7 - Reward: -200.000, Length: 200, Loss: 0.8495, Entropy: 1.0985, Epsilon: 0.983
2026-03-29 21:54:08 | INFO | Episode    8 - Reward: -200.000, Length: 200, Loss: 0.7822, Entropy: 1.0984, Epsilon: 0.980
2026-03-29 21:54:09 | INFO | Episode    9 - Reward: -200.000, Length: 200, Loss: 0.8926, Entropy: 1.0984, Epsilon: 0.978
2026-03-29 21:54:09 | INFO | Episode   10 - Reward: -200.000, Length: 200, Loss: 0.8158, Entropy: 1.0983, Epsilon: 0.975
2026-03-29 21:54:10 | INFO | Episode   11 - Reward: -200.000, Length: 200, Loss: 0.8771, Entropy: 1.0983, Epsilon: 0.973
2026-03-29 21:54:10 | INFO | Episode   12 - Reward: -200.000, Length: 200, Loss: 0.8000, Entropy: 1.0983, Epsilon: 0.970
2026-03-29 21:54:11 | INFO | Episode   13 - Reward: -200.000, Length: 200, Loss: 0.7230, Entropy: 1.0982, Epsilon: 0.968
2026-03-29 21:54:11 | INFO | Episode   14 - Reward: -200.000, Length: 200, Loss: 0.8590, Entropy: 1.0981, Epsilon: 0.965
2026-03-29 21:54:12 | INFO | Episode   15 - Reward: -200.000, Length: 200, Loss: 0.7760, Entropy: 1.0981, Epsilon: 0.963
2026-03-29 21:54:12 | INFO | Episode   16 - Reward: -200.000, Length: 200, Loss: 0.8489, Entropy: 1.0981, Epsilon: 0.960
2026-03-29 21:54:12 | INFO | Episode   17 - Reward: -200.000, Length: 200, Loss: 0.7521, Entropy: 1.0980, Epsilon: 0.958
2026-03-29 21:54:13 | INFO | Episode   18 - Reward: -200.000, Length: 200, Loss: 0.6614, Entropy: 1.0979, Epsilon: 0.955
2026-03-29 21:54:13 | INFO | Episode   19 - Reward: -200.000, Length: 200, Loss: 0.8241, Entropy: 1.0979, Epsilon: 0.953
2026-03-29 21:54:14 | INFO | Episode   20 - Reward: -200.000, Length: 200, Loss: 0.7160, Entropy: 1.0980, Epsilon: 0.951
2026-03-29 21:54:15 | INFO | Episode   21 - Reward: -200.000, Length: 200, Loss: 0.8032, Entropy: 1.0980, Epsilon: 0.948
2026-03-29 21:54:15 | INFO | Episode   22 - Reward: -200.000, Length: 200, Loss: 0.6803, Entropy: 1.0980, Epsilon: 0.946
2026-03-29 21:54:16 | INFO | Episode   23 - Reward: -200.000, Length: 200, Loss: 0.5638, Entropy: 1.0980, Epsilon: 0.943
2026-03-29 21:54:16 | INFO | Episode   24 - Reward: -200.000, Length: 200, Loss: 0.7685, Entropy: 1.0979, Epsilon: 0.941
2026-03-29 21:54:17 | INFO | Episode   25 - Reward: -200.000, Length: 200, Loss: 0.6164, Entropy: 1.0979, Epsilon: 0.938
2026-03-29 21:54:17 | INFO | Episode   26 - Reward: -200.000, Length: 200, Loss: 0.7365, Entropy: 1.0978, Epsilon: 0.936
2026-03-29 21:54:18 | INFO | Episode   27 - Reward: -200.000, Length: 200, Loss: 0.5624, Entropy: 1.0977, Epsilon: 0.933
2026-03-29 21:54:18 | INFO | Episode   28 - Reward: -200.000, Length: 200, Loss: 0.4175, Entropy: 1.0978, Epsilon: 0.931
2026-03-29 21:54:18 | INFO | Episode   29 - Reward: -200.000, Length: 200, Loss: 0.6955, Entropy: 1.0978, Epsilon: 0.928
2026-03-29 21:54:19 | INFO | Episode   30 - Reward: -200.000, Length: 200, Loss: 0.4718, Entropy: 1.0977, Epsilon: 0.926
2026-03-29 21:54:19 | INFO | Episode   31 - Reward: -200.000, Length: 200, Loss: 0.6418, Entropy: 1.0976, Epsilon: 0.923
2026-03-29 21:54:20 | INFO | Episode   32 - Reward: -200.000, Length: 200, Loss: 0.3944, Entropy: 1.0977, Epsilon: 0.921
2026-03-29 21:54:20 | INFO | Episode   33 - Reward: -200.000, Length: 200, Loss: 0.2318, Entropy: 1.0978, Epsilon: 0.918
2026-03-29 21:54:21 | INFO | Episode   34 - Reward: -200.000, Length: 200, Loss: 0.5837, Entropy: 1.0980, Epsilon: 0.916
2026-03-29 21:54:21 | INFO | Episode   35 - Reward: -200.000, Length: 200, Loss: 0.2818, Entropy: 1.0981, Epsilon: 0.913
2026-03-29 21:54:22 | INFO | Episode   36 - Reward: -200.000, Length: 200, Loss: 0.5228, Entropy: 1.0982, Epsilon: 0.911
2026-03-29 21:54:22 | INFO | Episode   37 - Reward: -200.000, Length: 200, Loss: 0.2050, Entropy: 1.0982, Epsilon: 0.908
2026-03-29 21:54:23 | INFO | Episode   38 - Reward: -200.000, Length: 200, Loss: 0.1091, Entropy: 1.0983, Epsilon: 0.906
2026-03-29 21:54:23 | INFO | Episode   39 - Reward: -200.000, Length: 200, Loss: 0.4425, Entropy: 1.0985, Epsilon: 0.903
2026-03-29 21:54:23 | INFO | Episode   40 - Reward: -200.000, Length: 200, Loss: 0.1460, Entropy: 1.0985, Epsilon: 0.901
2026-03-29 21:54:24 | INFO | Episode   41 - Reward: -200.000, Length: 200, Loss: 0.4319, Entropy: 1.0985, Epsilon: 0.899
2026-03-29 21:54:24 | INFO | Episode   42 - Reward: -200.000, Length: 200, Loss: 0.1445, Entropy: 1.0986, Epsilon: 0.896
2026-03-29 21:54:25 | INFO | Episode   43 - Reward: -200.000, Length: 200, Loss: 0.0571, Entropy: 1.0986, Epsilon: 0.894
2026-03-29 21:54:25 | INFO | Episode   44 - Reward: -200.000, Length: 200, Loss: 0.3330, Entropy: 1.0986, Epsilon: 0.891
2026-03-29 21:54:26 | INFO | Episode   45 - Reward: -200.000, Length: 200, Loss: 0.1686, Entropy: 1.0986, Epsilon: 0.889
2026-03-29 21:54:26 | INFO | Episode   46 - Reward: -200.000, Length: 200, Loss: 0.3860, Entropy: 1.0985, Epsilon: 0.886
2026-03-29 21:54:27 | INFO | Episode   47 - Reward: -200.000, Length: 200, Loss: 0.1720, Entropy: 1.0985, Epsilon: 0.884
2026-03-29 21:54:27 | INFO | Episode   48 - Reward: -200.000, Length: 200, Loss: 0.0968, Entropy: 1.0986, Epsilon: 0.881
2026-03-29 21:54:28 | INFO | Episode   49 - Reward: -200.000, Length: 200, Loss: 0.3332, Entropy: 1.0986, Epsilon: 0.879
2026-03-29 21:54:28 | INFO | Episode   50 - Reward: -200.000, Length: 200, Loss: 0.1409, Entropy: 1.0986, Epsilon: 0.876
2026-03-29 21:54:34 | INFO | [Episode   50] eps=0.876  avg_reward=-200.000  avg_length=200.00  avg_loss=  0.5578  avg_entropy=1.0986  eval_success=0.000
2026-03-29 21:54:35 | INFO | Episode   51 - Reward: -200.000, Length: 200, Loss: 0.3419, Entropy: 1.0985, Epsilon: 0.874
2026-03-29 21:54:35 | INFO | Episode   52 - Reward: -200.000, Length: 200, Loss: 0.1128, Entropy: 1.0984, Epsilon: 0.871
2026-03-29 21:54:36 | INFO | Episode   53 - Reward: -200.000, Length: 200, Loss: 0.0279, Entropy: 1.0985, Epsilon: 0.869
2026-03-29 21:54:36 | INFO | Episode   54 - Reward: -200.000, Length: 200, Loss: 0.4413, Entropy: 1.0984, Epsilon: 0.866
2026-03-29 21:54:36 | INFO | Episode   55 - Reward: -200.000, Length: 200, Loss: 0.1335, Entropy: 1.0985, Epsilon: 0.864
2026-03-29 21:54:37 | INFO | Episode   56 - Reward: -200.000, Length: 200, Loss: 0.3002, Entropy: 1.0985, Epsilon: 0.861
2026-03-29 21:54:37 | INFO | Episode   57 - Reward: -200.000, Length: 200, Loss: 0.1999, Entropy: 1.0986, Epsilon: 0.859
2026-03-29 21:54:38 | INFO | Episode   58 - Reward: -200.000, Length: 200, Loss: 0.5693, Entropy: 1.0985, Epsilon: 0.856
2026-03-29 21:54:38 | INFO | Episode   59 - Reward: -200.000, Length: 200, Loss: 0.4666, Entropy: 1.0984, Epsilon: 0.854
2026-03-29 21:54:39 | INFO | Episode   60 - Reward: -200.000, Length: 200, Loss: 0.2495, Entropy: 1.0985, Epsilon: 0.852
2026-03-29 21:54:39 | INFO | Episode   61 - Reward: -200.000, Length: 200, Loss: 0.5042, Entropy: 1.0983, Epsilon: 0.849
2026-03-29 21:54:40 | INFO | Episode   62 - Reward: -200.000, Length: 200, Loss: 0.2786, Entropy: 1.0985, Epsilon: 0.847
2026-03-29 21:54:40 | INFO | Episode   63 - Reward: -200.000, Length: 200, Loss: 0.4926, Entropy: 1.0986, Epsilon: 0.844
2026-03-29 21:54:41 | INFO | Episode   64 - Reward: -200.000, Length: 200, Loss: 0.4469, Entropy: 1.0985, Epsilon: 0.842
2026-03-29 21:54:41 | INFO | Episode   65 - Reward: -200.000, Length: 200, Loss: 0.2223, Entropy: 1.0986, Epsilon: 0.839
2026-03-29 21:54:41 | INFO | Episode   66 - Reward: -200.000, Length: 200, Loss: 0.8615, Entropy: 1.0985, Epsilon: 0.837
2026-03-29 21:54:42 | INFO | Episode   67 - Reward: -200.000, Length: 200, Loss: 0.4655, Entropy: 1.0986, Epsilon: 0.834
2026-03-29 21:54:42 | INFO | Episode   68 - Reward: -200.000, Length: 200, Loss: 0.0863, Entropy: 1.0986, Epsilon: 0.832
2026-03-29 21:54:43 | INFO | Episode   69 - Reward: -200.000, Length: 200, Loss: 0.6080, Entropy: 1.0982, Epsilon: 0.829
2026-03-29 21:54:43 | INFO | Episode   70 - Reward: -200.000, Length: 200, Loss: 0.5758, Entropy: 1.0983, Epsilon: 0.827
2026-03-29 21:54:44 | INFO | Episode   71 - Reward: -200.000, Length: 200, Loss: 0.7582, Entropy: 1.0982, Epsilon: 0.824
2026-03-29 21:54:44 | INFO | Episode   72 - Reward: -200.000, Length: 200, Loss: 0.5424, Entropy: 1.0979, Epsilon: 0.822
2026-03-29 21:54:44 | INFO | Episode   73 - Reward: -200.000, Length: 200, Loss: 1.1335, Entropy: 1.0978, Epsilon: 0.819
2026-03-29 21:54:45 | INFO | Episode   74 - Reward: -200.000, Length: 200, Loss: 0.3596, Entropy: 1.0981, Epsilon: 0.817
2026-03-29 21:54:45 | INFO | Episode   75 - Reward: -200.000, Length: 200, Loss: 0.5586, Entropy: 1.0984, Epsilon: 0.814
2026-03-29 21:54:46 | INFO | Episode   76 - Reward: -200.000, Length: 200, Loss: 1.1069, Entropy: 1.0980, Epsilon: 0.812
2026-03-29 21:54:46 | INFO | Episode   77 - Reward: -200.000, Length: 200, Loss: 0.4460, Entropy: 1.0984, Epsilon: 0.809
2026-03-29 21:54:47 | INFO | Episode   78 - Reward: -200.000, Length: 200, Loss: 0.3171, Entropy: 1.0985, Epsilon: 0.807
2026-03-29 21:54:48 | INFO | Episode   79 - Reward: -200.000, Length: 200, Loss: 1.3520, Entropy: 1.0967, Epsilon: 0.804
2026-03-29 21:54:48 | INFO | Episode   80 - Reward: -200.000, Length: 200, Loss: 0.6186, Entropy: 1.0971, Epsilon: 0.802
2026-03-29 21:54:49 | INFO | Episode   81 - Reward: -200.000, Length: 200, Loss: 0.2849, Entropy: 1.0984, Epsilon: 0.800
2026-03-29 21:54:49 | INFO | Episode   82 - Reward: -200.000, Length: 200, Loss: 0.8977, Entropy: 1.0982, Epsilon: 0.797
2026-03-29 21:54:49 | INFO | Episode   83 - Reward: -200.000, Length: 200, Loss: 0.4818, Entropy: 1.0979, Epsilon: 0.795
2026-03-29 21:54:50 | INFO | Episode   84 - Reward: -200.000, Length: 200, Loss: 0.9965, Entropy: 1.0976, Epsilon: 0.792
2026-03-29 21:54:50 | INFO | Episode   85 - Reward: -200.000, Length: 200, Loss: 0.9240, Entropy: 1.0962, Epsilon: 0.790
2026-03-29 21:54:51 | INFO | Episode   86 - Reward: -200.000, Length: 200, Loss: 1.3399, Entropy: 1.0980, Epsilon: 0.787
2026-03-29 21:54:51 | INFO | Episode   87 - Reward: -200.000, Length: 200, Loss: 1.2843, Entropy: 1.0980, Epsilon: 0.785
2026-03-29 21:54:51 | INFO | Episode   88 - Reward: -200.000, Length: 200, Loss: 0.2661, Entropy: 1.0981, Epsilon: 0.782
2026-03-29 21:54:52 | INFO | Episode   89 - Reward: -200.000, Length: 200, Loss: 0.7597, Entropy: 1.0974, Epsilon: 0.780
2026-03-29 21:54:52 | INFO | Episode   90 - Reward: -200.000, Length: 200, Loss: 0.7331, Entropy: 1.0979, Epsilon: 0.777
2026-03-29 21:54:53 | INFO | Episode   91 - Reward: -200.000, Length: 200, Loss: 1.0979, Entropy: 1.0976, Epsilon: 0.775
2026-03-29 21:54:53 | INFO | Episode   92 - Reward: -200.000, Length: 200, Loss: 0.4610, Entropy: 1.0983, Epsilon: 0.772
2026-03-29 21:54:54 | INFO | Episode   93 - Reward: -200.000, Length: 200, Loss: 0.1682, Entropy: 1.0984, Epsilon: 0.770
2026-03-29 21:54:54 | INFO | Episode   94 - Reward: -200.000, Length: 200, Loss: 1.2190, Entropy: 1.0976, Epsilon: 0.767
2026-03-29 21:54:55 | INFO | Episode   95 - Reward: -200.000, Length: 200, Loss: 0.8214, Entropy: 1.0985, Epsilon: 0.765
2026-03-29 21:54:55 | INFO | Episode   96 - Reward: -200.000, Length: 200, Loss: 0.8435, Entropy: 1.0977, Epsilon: 0.762
2026-03-29 21:54:55 | INFO | Episode   97 - Reward: -200.000, Length: 200, Loss: 0.8119, Entropy: 1.0965, Epsilon: 0.760
2026-03-29 21:54:56 | INFO | Episode   98 - Reward: -200.000, Length: 200, Loss: 0.8608, Entropy: 1.0973, Epsilon: 0.757
2026-03-29 21:54:56 | INFO | Episode   99 - Reward: -200.000, Length: 200, Loss: 0.1944, Entropy: 1.0984, Epsilon: 0.755
2026-03-29 21:54:57 | INFO | Episode  100 - Reward: -200.000, Length: 200, Loss: 0.8704, Entropy: 1.0979, Epsilon: 0.752
2026-03-29 21:55:02 | INFO | [Episode  100] eps=0.752  avg_reward=-200.000  avg_length=200.00  avg_loss=  0.5979  avg_entropy=1.0979  eval_success=0.000
2026-03-29 21:55:03 | INFO | Episode  101 - Reward: -200.000, Length: 200, Loss: 1.0185, Entropy: 1.0980, Epsilon: 0.750
2026-03-29 21:55:03 | INFO | Episode  102 - Reward: -200.000, Length: 200, Loss: -0.0068, Entropy: 1.0985, Epsilon: 0.748
2026-03-29 21:55:04 | INFO | Episode  103 - Reward: -200.000, Length: 200, Loss: 1.2862, Entropy: 1.0970, Epsilon: 0.745
2026-03-29 21:55:04 | INFO | Episode  104 - Reward: -200.000, Length: 200, Loss: 0.9465, Entropy: 1.0974, Epsilon: 0.743
2026-03-29 21:55:04 | INFO | Episode  105 - Reward: -200.000, Length: 200, Loss: 1.7054, Entropy: 1.0966, Epsilon: 0.740
2026-03-29 21:55:05 | INFO | Episode  106 - Reward: -200.000, Length: 200, Loss: 0.9505, Entropy: 1.0973, Epsilon: 0.738
2026-03-29 21:55:05 | INFO | Episode  107 - Reward: -200.000, Length: 200, Loss: 0.8735, Entropy: 1.0963, Epsilon: 0.735
2026-03-29 21:55:06 | INFO | Episode  108 - Reward: -200.000, Length: 200, Loss: 1.4506, Entropy: 1.0974, Epsilon: 0.733
2026-03-29 21:55:06 | INFO | Episode  109 - Reward: -200.000, Length: 200, Loss: 0.7478, Entropy: 1.0980, Epsilon: 0.730
2026-03-29 21:55:07 | INFO | Episode  110 - Reward: -200.000, Length: 200, Loss: 0.3434, Entropy: 1.0981, Epsilon: 0.728
2026-03-29 21:55:07 | INFO | Episode  111 - Reward: -200.000, Length: 200, Loss: 0.5200, Entropy: 1.0981, Epsilon: 0.725
2026-03-29 21:55:08 | INFO | Episode  112 - Reward: -200.000, Length: 200, Loss: 0.9792, Entropy: 1.0985, Epsilon: 0.723
2026-03-29 21:55:08 | INFO | Episode  113 - Reward: -200.000, Length: 200, Loss: 0.9392, Entropy: 1.0984, Epsilon: 0.720
2026-03-29 21:55:08 | INFO | Episode  114 - Reward: -200.000, Length: 200, Loss: 1.4892, Entropy: 1.0972, Epsilon: 0.718
2026-03-29 21:55:09 | INFO | Episode  115 - Reward: -200.000, Length: 200, Loss: 1.2175, Entropy: 1.0970, Epsilon: 0.715
2026-03-29 21:55:09 | INFO | Episode  116 - Reward: -200.000, Length: 200, Loss: 0.4104, Entropy: 1.0981, Epsilon: 0.713
2026-03-29 21:55:10 | INFO | Episode  117 - Reward: -200.000, Length: 200, Loss: 1.3270, Entropy: 1.0957, Epsilon: 0.710
2026-03-29 21:55:10 | INFO | Episode  118 - Reward: -200.000, Length: 200, Loss: 1.3150, Entropy: 1.0926, Epsilon: 0.708
2026-03-29 21:55:11 | INFO | Episode  119 - Reward: -200.000, Length: 200, Loss: 0.1863, Entropy: 1.0981, Epsilon: 0.705
2026-03-29 21:55:11 | INFO | Episode  120 - Reward: -200.000, Length: 200, Loss: 2.2534, Entropy: 1.0972, Epsilon: 0.703
2026-03-29 21:55:11 | INFO | Episode  121 - Reward: -200.000, Length: 200, Loss: 0.2395, Entropy: 1.0982, Epsilon: 0.701
2026-03-29 21:55:12 | INFO | Episode  122 - Reward: -200.000, Length: 200, Loss: 1.2628, Entropy: 1.0970, Epsilon: 0.698
2026-03-29 21:55:12 | INFO | Episode  123 - Reward: -200.000, Length: 200, Loss: 1.1351, Entropy: 1.0969, Epsilon: 0.696
2026-03-29 21:55:13 | INFO | Episode  124 - Reward: -200.000, Length: 200, Loss: 2.0653, Entropy: 1.0952, Epsilon: 0.693
2026-03-29 21:55:13 | INFO | Episode  125 - Reward: -200.000, Length: 200, Loss: 0.6575, Entropy: 1.0963, Epsilon: 0.691
2026-03-29 21:55:13 | INFO | Episode  126 - Reward: -200.000, Length: 200, Loss: 1.4236, Entropy: 1.0974, Epsilon: 0.688
2026-03-29 21:55:14 | INFO | Episode  127 - Reward: -200.000, Length: 200, Loss: 2.0005, Entropy: 1.0936, Epsilon: 0.686
2026-03-29 21:55:14 | INFO | Episode  128 - Reward: -200.000, Length: 200, Loss: 1.4482, Entropy: 1.0975, Epsilon: 0.683
2026-03-29 21:55:15 | INFO | Episode  129 - Reward: -200.000, Length: 200, Loss: 1.7305, Entropy: 1.0963, Epsilon: 0.681
2026-03-29 21:55:15 | INFO | Episode  130 - Reward: -200.000, Length: 200, Loss: 1.0276, Entropy: 1.0977, Epsilon: 0.678
2026-03-29 21:55:16 | INFO | Episode  131 - Reward: -200.000, Length: 200, Loss: 1.1203, Entropy: 1.0969, Epsilon: 0.676
2026-03-29 21:55:16 | INFO | Episode  132 - Reward: -200.000, Length: 200, Loss: 1.6025, Entropy: 1.0966, Epsilon: 0.673
2026-03-29 21:55:17 | INFO | Episode  133 - Reward: -200.000, Length: 200, Loss: 1.5443, Entropy: 1.0964, Epsilon: 0.671
2026-03-29 21:55:17 | INFO | Episode  134 - Reward: -200.000, Length: 200, Loss: 1.1124, Entropy: 1.0970, Epsilon: 0.668
2026-03-29 21:55:17 | INFO | Episode  135 - Reward: -200.000, Length: 200, Loss: 1.8508, Entropy: 1.0970, Epsilon: 0.666
2026-03-29 21:55:18 | INFO | Episode  136 - Reward: -200.000, Length: 200, Loss: 0.4871, Entropy: 1.0983, Epsilon: 0.663
2026-03-29 21:55:18 | INFO | Episode  137 - Reward: -200.000, Length: 200, Loss: 1.1943, Entropy: 1.0970, Epsilon: 0.661
2026-03-29 21:55:19 | INFO | Episode  138 - Reward: -200.000, Length: 200, Loss: -0.0061, Entropy: 1.0985, Epsilon: 0.658
2026-03-29 21:55:19 | INFO | Episode  139 - Reward: -200.000, Length: 200, Loss: 1.2063, Entropy: 1.0979, Epsilon: 0.656
2026-03-29 21:55:19 | INFO | Episode  140 - Reward: -200.000, Length: 200, Loss: 1.6173, Entropy: 1.0973, Epsilon: 0.653
2026-03-29 21:55:21 | INFO | Episode  141 - Reward: -200.000, Length: 200, Loss: 1.6973, Entropy: 1.0950, Epsilon: 0.651
2026-03-29 21:55:21 | INFO | Episode  142 - Reward: -200.000, Length: 200, Loss: 0.6194, Entropy: 1.0964, Epsilon: 0.649
2026-03-29 21:55:21 | INFO | Episode  143 - Reward: -200.000, Length: 200, Loss: 0.4598, Entropy: 1.0977, Epsilon: 0.646
2026-03-29 21:55:22 | INFO | Episode  144 - Reward: -200.000, Length: 200, Loss: 0.6763, Entropy: 1.0974, Epsilon: 0.644
2026-03-29 21:55:22 | INFO | Episode  145 - Reward: -200.000, Length: 200, Loss: 1.3687, Entropy: 1.0975, Epsilon: 0.641
2026-03-29 21:55:23 | INFO | Episode  146 - Reward: -200.000, Length: 200, Loss: 0.9230, Entropy: 1.0978, Epsilon: 0.639
2026-03-29 21:55:23 | INFO | Episode  147 - Reward: -200.000, Length: 200, Loss: 1.0020, Entropy: 1.0976, Epsilon: 0.636
2026-03-29 21:55:23 | INFO | Episode  148 - Reward: -200.000, Length: 200, Loss: 0.7716, Entropy: 1.0968, Epsilon: 0.634
2026-03-29 21:55:24 | INFO | Episode  149 - Reward: -200.000, Length: 200, Loss: 0.7197, Entropy: 1.0974, Epsilon: 0.631
2026-03-29 21:55:24 | INFO | Episode  150 - Reward: -200.000, Length: 200, Loss: 0.2271, Entropy: 1.0982, Epsilon: 0.629
2026-03-29 21:55:30 | INFO | [Episode  150] eps=0.629  avg_reward=-200.000  avg_length=200.00  avg_loss=  1.0627  avg_entropy=1.0982  eval_success=0.000
2026-03-29 21:55:30 | INFO | Episode  151 - Reward: -200.000, Length: 200, Loss: 1.0515, Entropy: 1.0970, Epsilon: 0.626
2026-03-29 21:55:31 | INFO | Episode  152 - Reward: -200.000, Length: 200, Loss: 1.3165, Entropy: 1.0971, Epsilon: 0.624
2026-03-29 21:55:31 | INFO | Episode  153 - Reward: -200.000, Length: 200, Loss: 1.7036, Entropy: 1.0967, Epsilon: 0.621
2026-03-29 21:55:32 | INFO | Episode  154 - Reward: -200.000, Length: 200, Loss: 1.2662, Entropy: 1.0969, Epsilon: 0.619
2026-03-29 21:55:32 | INFO | Episode  155 - Reward: -200.000, Length: 200, Loss: 3.0438, Entropy: 1.0948, Epsilon: 0.616
2026-03-29 21:55:33 | INFO | Episode  156 - Reward: -200.000, Length: 200, Loss: 1.2299, Entropy: 1.0970, Epsilon: 0.614
2026-03-29 21:55:33 | INFO | Episode  157 - Reward: -200.000, Length: 200, Loss: 0.2493, Entropy: 1.0981, Epsilon: 0.611
2026-03-29 21:55:33 | INFO | Episode  158 - Reward: -200.000, Length: 200, Loss: 1.4302, Entropy: 1.0969, Epsilon: 0.609
2026-03-29 21:55:34 | INFO | Episode  159 - Reward: -200.000, Length: 200, Loss: -0.0003, Entropy: 1.0986, Epsilon: 0.606
2026-03-29 21:55:34 | INFO | Episode  160 - Reward: -200.000, Length: 200, Loss: 1.1960, Entropy: 1.0963, Epsilon: 0.604
2026-03-29 21:55:35 | INFO | Episode  161 - Reward: -200.000, Length: 200, Loss: 1.8948, Entropy: 1.0956, Epsilon: 0.602
2026-03-29 21:55:35 | INFO | Episode  162 - Reward: -200.000, Length: 200, Loss: 2.1295, Entropy: 1.0968, Epsilon: 0.599
2026-03-29 21:55:36 | INFO | Episode  163 - Reward: -200.000, Length: 200, Loss: 1.4573, Entropy: 1.0959, Epsilon: 0.597
2026-03-29 21:55:36 | INFO | Episode  164 - Reward: -200.000, Length: 200, Loss: 0.8136, Entropy: 1.0977, Epsilon: 0.594
2026-03-29 21:55:36 | INFO | Episode  165 - Reward: -200.000, Length: 200, Loss: 0.7950, Entropy: 1.0983, Epsilon: 0.592
2026-03-29 21:55:37 | INFO | Episode  166 - Reward: -200.000, Length: 200, Loss: 2.2784, Entropy: 1.0976, Epsilon: 0.589
2026-03-29 21:55:37 | INFO | Episode  167 - Reward: -200.000, Length: 200, Loss: 1.3499, Entropy: 1.0953, Epsilon: 0.587
2026-03-29 21:55:38 | INFO | Episode  168 - Reward: -200.000, Length: 200, Loss: 0.7991, Entropy: 1.0945, Epsilon: 0.584
2026-03-29 21:55:38 | INFO | Episode  169 - Reward: -200.000, Length: 200, Loss: 1.2740, Entropy: 1.0965, Epsilon: 0.582
2026-03-29 21:55:39 | INFO | Episode  170 - Reward: -200.000, Length: 200, Loss: 1.2004, Entropy: 1.0971, Epsilon: 0.579
2026-03-29 21:55:39 | INFO | Episode  171 - Reward: -200.000, Length: 200, Loss: 0.7071, Entropy: 1.0981, Epsilon: 0.577
2026-03-29 21:55:39 | INFO | Episode  172 - Reward: -200.000, Length: 200, Loss: 0.7394, Entropy: 1.0977, Epsilon: 0.574
2026-03-29 21:55:40 | INFO | Episode  173 - Reward: -200.000, Length: 200, Loss: 0.9750, Entropy: 1.0973, Epsilon: 0.572
2026-03-29 21:55:40 | INFO | Episode  174 - Reward: -200.000, Length: 200, Loss: 1.1736, Entropy: 1.0972, Epsilon: 0.569
2026-03-29 21:55:41 | INFO | Episode  175 - Reward: -200.000, Length: 200, Loss: 1.6726, Entropy: 1.0975, Epsilon: 0.567
2026-03-29 21:55:41 | INFO | Episode  176 - Reward: -200.000, Length: 200, Loss: 0.9365, Entropy: 1.0973, Epsilon: 0.564
2026-03-29 21:55:42 | INFO | Episode  177 - Reward: -200.000, Length: 200, Loss: 0.2341, Entropy: 1.0983, Epsilon: 0.562
2026-03-29 21:55:42 | INFO | Episode  178 - Reward: -200.000, Length: 200, Loss: 1.6084, Entropy: 1.0942, Epsilon: 0.559
2026-03-29 21:55:42 | INFO | Episode  179 - Reward: -200.000, Length: 200, Loss: 0.4862, Entropy: 1.0980, Epsilon: 0.557
2026-03-29 21:55:43 | INFO | Episode  180 - Reward: -200.000, Length: 200, Loss: 2.2565, Entropy: 1.0973, Epsilon: 0.554
2026-03-29 21:55:43 | INFO | Episode  181 - Reward: -200.000, Length: 200, Loss: 1.4596, Entropy: 1.0980, Epsilon: 0.552
2026-03-29 21:55:44 | INFO | Episode  182 - Reward: -200.000, Length: 200, Loss: 0.6868, Entropy: 1.0979, Epsilon: 0.550
2026-03-29 21:55:44 | INFO | Episode  183 - Reward: -200.000, Length: 200, Loss: 0.9923, Entropy: 1.0974, Epsilon: 0.547
2026-03-29 21:55:45 | INFO | Episode  184 - Reward: -200.000, Length: 200, Loss: 0.6669, Entropy: 1.0977, Epsilon: 0.545
2026-03-29 21:55:45 | INFO | Episode  185 - Reward: -200.000, Length: 200, Loss: 1.2247, Entropy: 1.0972, Epsilon: 0.542
2026-03-29 21:55:45 | INFO | Episode  186 - Reward: -200.000, Length: 200, Loss: 1.4352, Entropy: 1.0975, Epsilon: 0.540
2026-03-29 21:55:46 | INFO | Episode  187 - Reward: -200.000, Length: 200, Loss: 1.2346, Entropy: 1.0971, Epsilon: 0.537
2026-03-29 21:55:46 | INFO | Episode  188 - Reward: -200.000, Length: 200, Loss: 2.0187, Entropy: 1.0963, Epsilon: 0.535
2026-03-29 21:55:47 | INFO | Episode  189 - Reward: -200.000, Length: 200, Loss: 1.0669, Entropy: 1.0978, Epsilon: 0.532
2026-03-29 21:55:47 | INFO | Episode  190 - Reward: -200.000, Length: 200, Loss: 0.7778, Entropy: 1.0976, Epsilon: 0.530
2026-03-29 21:55:48 | INFO | Episode  191 - Reward: -200.000, Length: 200, Loss: 0.2790, Entropy: 1.0982, Epsilon: 0.527
2026-03-29 21:55:48 | INFO | Episode  192 - Reward: -200.000, Length: 200, Loss: 2.1912, Entropy: 1.0963, Epsilon: 0.525
2026-03-29 21:55:48 | INFO | Episode  193 - Reward: -200.000, Length: 200, Loss: 1.7497, Entropy: 1.0975, Epsilon: 0.522
2026-03-29 21:55:49 | INFO | Episode  194 - Reward: -200.000, Length: 200, Loss: 1.5036, Entropy: 1.0966, Epsilon: 0.520
2026-03-29 21:55:49 | INFO | Episode  195 - Reward: -200.000, Length: 200, Loss: 0.5025, Entropy: 1.0975, Epsilon: 0.517
2026-03-29 21:55:50 | INFO | Episode  196 - Reward: -200.000, Length: 200, Loss: 0.7302, Entropy: 1.0973, Epsilon: 0.515
2026-03-29 21:55:50 | INFO | Episode  197 - Reward: -200.000, Length: 200, Loss: 1.4961, Entropy: 1.0963, Epsilon: 0.512
2026-03-29 21:55:51 | INFO | Episode  198 - Reward: -200.000, Length: 200, Loss: 2.8580, Entropy: 1.0976, Epsilon: 0.510
2026-03-29 21:55:51 | INFO | Episode  199 - Reward: -200.000, Length: 200, Loss: 1.2102, Entropy: 1.0974, Epsilon: 0.507
2026-03-29 21:55:52 | INFO | Episode  200 - Reward: -200.000, Length: 200, Loss: 2.2947, Entropy: 1.0959, Epsilon: 0.505
2026-03-29 21:55:58 | INFO | [Episode  200] eps=0.505  avg_reward=-200.000  avg_length=200.00  avg_loss=  1.2729  avg_entropy=1.0959  eval_success=0.000
2026-03-29 21:55:58 | INFO | Episode  201 - Reward: -200.000, Length: 200, Loss: 1.5014, Entropy: 1.0967, Epsilon: 0.503
2026-03-29 21:55:59 | INFO | Episode  202 - Reward: -200.000, Length: 200, Loss: 0.8074, Entropy: 1.0971, Epsilon: 0.500
2026-03-29 21:55:59 | INFO | Episode  203 - Reward: -200.000, Length: 200, Loss: 1.5700, Entropy: 1.0940, Epsilon: 0.498
2026-03-29 21:55:59 | INFO | Episode  204 - Reward: -200.000, Length: 200, Loss: 1.0625, Entropy: 1.0974, Epsilon: 0.495
2026-03-29 21:56:00 | INFO | Episode  205 - Reward: -200.000, Length: 200, Loss: 2.0406, Entropy: 1.0941, Epsilon: 0.493
2026-03-29 21:56:00 | INFO | Episode  206 - Reward: -200.000, Length: 200, Loss: 0.5359, Entropy: 1.0985, Epsilon: 0.490
2026-03-29 21:56:01 | INFO | Episode  207 - Reward: -200.000, Length: 200, Loss: 1.8000, Entropy: 1.0971, Epsilon: 0.488
2026-03-29 21:56:01 | INFO | Episode  208 - Reward: -200.000, Length: 200, Loss: 2.1583, Entropy: 1.0954, Epsilon: 0.485
2026-03-29 21:56:02 | INFO | Episode  209 - Reward: -200.000, Length: 200, Loss: 1.7606, Entropy: 1.0942, Epsilon: 0.483
2026-03-29 21:56:02 | INFO | Episode  210 - Reward: -200.000, Length: 200, Loss: 0.8249, Entropy: 1.0968, Epsilon: 0.480
2026-03-29 21:56:02 | INFO | Episode  211 - Reward: -200.000, Length: 200, Loss: 2.2731, Entropy: 1.0971, Epsilon: 0.478
2026-03-29 21:56:03 | INFO | Episode  212 - Reward: -200.000, Length: 200, Loss: 0.4756, Entropy: 1.0980, Epsilon: 0.475
2026-03-29 21:56:04 | INFO | Episode  213 - Reward: -200.000, Length: 200, Loss: 1.7623, Entropy: 1.0940, Epsilon: 0.473
2026-03-29 21:56:04 | INFO | Episode  214 - Reward: -200.000, Length: 200, Loss: 0.4721, Entropy: 1.0975, Epsilon: 0.470
2026-03-29 21:56:05 | INFO | Episode  215 - Reward: -200.000, Length: 200, Loss: 1.4322, Entropy: 1.0972, Epsilon: 0.468
2026-03-29 21:56:06 | INFO | Episode  216 - Reward: -200.000, Length: 200, Loss: 0.7203, Entropy: 1.0976, Epsilon: 0.465
2026-03-29 21:56:06 | INFO | Episode  217 - Reward: -200.000, Length: 200, Loss: 1.0176, Entropy: 1.0971, Epsilon: 0.463
2026-03-29 21:56:07 | INFO | Episode  218 - Reward: -200.000, Length: 200, Loss: 1.4833, Entropy: 1.0976, Epsilon: 0.460
2026-03-29 21:56:07 | INFO | Episode  219 - Reward: -200.000, Length: 200, Loss: 1.2689, Entropy: 1.0955, Epsilon: 0.458
2026-03-29 21:56:08 | INFO | Episode  220 - Reward: -200.000, Length: 200, Loss: 0.7362, Entropy: 1.0978, Epsilon: 0.456
2026-03-29 21:56:09 | INFO | Episode  221 - Reward: -200.000, Length: 200, Loss: 3.0044, Entropy: 1.0972, Epsilon: 0.453
2026-03-29 21:56:09 | INFO | Episode  222 - Reward: -200.000, Length: 200, Loss: 1.0771, Entropy: 1.0961, Epsilon: 0.451
2026-03-29 21:56:10 | INFO | Episode  223 - Reward: -200.000, Length: 200, Loss: 2.4860, Entropy: 1.0973, Epsilon: 0.448
2026-03-29 21:56:11 | INFO | Episode  224 - Reward: -200.000, Length: 200, Loss: 0.9890, Entropy: 1.0975, Epsilon: 0.446
2026-03-29 21:56:11 | INFO | Episode  225 - Reward: -200.000, Length: 200, Loss: 1.3315, Entropy: 1.0961, Epsilon: 0.443
2026-03-29 21:56:12 | INFO | Episode  226 - Reward: -200.000, Length: 200, Loss: 0.7060, Entropy: 1.0970, Epsilon: 0.441
2026-03-29 21:56:12 | INFO | Episode  227 - Reward: -200.000, Length: 200, Loss: 2.2048, Entropy: 1.0962, Epsilon: 0.438
2026-03-29 21:56:13 | INFO | Episode  228 - Reward: -200.000, Length: 200, Loss: 0.7298, Entropy: 1.0973, Epsilon: 0.436
2026-03-29 21:56:14 | INFO | Episode  229 - Reward: -200.000, Length: 200, Loss: 0.6963, Entropy: 1.0982, Epsilon: 0.433
2026-03-29 21:56:14 | INFO | Episode  230 - Reward: -200.000, Length: 200, Loss: 0.4584, Entropy: 1.0981, Epsilon: 0.431
2026-03-29 21:56:15 | INFO | Episode  231 - Reward: -200.000, Length: 200, Loss: 0.5296, Entropy: 1.0981, Epsilon: 0.428
2026-03-29 21:56:16 | INFO | Episode  232 - Reward: -200.000, Length: 200, Loss: 0.9960, Entropy: 1.0976, Epsilon: 0.426
2026-03-29 21:56:16 | INFO | Episode  233 - Reward: -200.000, Length: 200, Loss: 1.2233, Entropy: 1.0972, Epsilon: 0.423
2026-03-29 21:56:17 | INFO | Episode  234 - Reward: -200.000, Length: 200, Loss: 1.2381, Entropy: 1.0970, Epsilon: 0.421
2026-03-29 21:56:17 | INFO | Episode  235 - Reward: -200.000, Length: 200, Loss: 0.9602, Entropy: 1.0974, Epsilon: 0.418
2026-03-29 21:56:18 | INFO | Episode  236 - Reward: -200.000, Length: 200, Loss: 1.2196, Entropy: 1.0972, Epsilon: 0.416
2026-03-29 21:56:19 | INFO | Episode  237 - Reward: -200.000, Length: 200, Loss: 1.5385, Entropy: 1.0971, Epsilon: 0.413
2026-03-29 21:56:19 | INFO | Episode  238 - Reward: -200.000, Length: 200, Loss: 0.2967, Entropy: 1.0983, Epsilon: 0.411
2026-03-29 21:56:20 | INFO | Episode  239 - Reward: -200.000, Length: 200, Loss: 0.9793, Entropy: 1.0982, Epsilon: 0.408
2026-03-29 21:56:21 | INFO | Episode  240 - Reward: -200.000, Length: 200, Loss: 1.3539, Entropy: 1.0957, Epsilon: 0.406
2026-03-29 21:56:21 | INFO | Episode  241 - Reward: -200.000, Length: 200, Loss: 1.0210, Entropy: 1.0983, Epsilon: 0.404
2026-03-29 21:56:22 | INFO | Episode  242 - Reward: -200.000, Length: 200, Loss: 1.2786, Entropy: 1.0970, Epsilon: 0.401
2026-03-29 21:56:22 | INFO | Episode  243 - Reward: -200.000, Length: 200, Loss: 0.7664, Entropy: 1.0960, Epsilon: 0.399
2026-03-29 21:56:23 | INFO | Episode  244 - Reward: -200.000, Length: 200, Loss: 1.0691, Entropy: 1.0976, Epsilon: 0.396
2026-03-29 21:56:24 | INFO | Episode  245 - Reward: -200.000, Length: 200, Loss: 1.5553, Entropy: 1.0967, Epsilon: 0.394
2026-03-29 21:56:24 | INFO | Episode  246 - Reward: -200.000, Length: 200, Loss: 1.4006, Entropy: 1.0965, Epsilon: 0.391
2026-03-29 21:56:25 | INFO | Episode  247 - Reward: -200.000, Length: 200, Loss: 0.5086, Entropy: 1.0982, Epsilon: 0.389
2026-03-29 21:56:26 | INFO | Episode  248 - Reward: -200.000, Length: 200, Loss: 1.8333, Entropy: 1.0945, Epsilon: 0.386
2026-03-29 21:56:27 | INFO | Episode  249 - Reward: -200.000, Length: 200, Loss: 0.7433, Entropy: 1.0959, Epsilon: 0.384
2026-03-29 21:56:27 | INFO | Episode  250 - Reward: -200.000, Length: 200, Loss: 0.9915, Entropy: 1.0976, Epsilon: 0.381
2026-03-29 21:56:35 | INFO | [Episode  250] eps=0.381  avg_reward=-200.000  avg_length=200.00  avg_loss=  1.2178  avg_entropy=1.0976  eval_success=0.000
2026-03-29 21:56:36 | INFO | Episode  251 - Reward: -200.000, Length: 200, Loss: 1.2934, Entropy: 1.0973, Epsilon: 0.379
2026-03-29 21:56:36 | INFO | Episode  252 - Reward: -200.000, Length: 200, Loss: 0.7201, Entropy: 1.0978, Epsilon: 0.376
2026-03-29 21:56:37 | INFO | Episode  253 - Reward: -200.000, Length: 200, Loss: 1.2883, Entropy: 1.0958, Epsilon: 0.374
2026-03-29 21:56:37 | INFO | Episode  254 - Reward: -200.000, Length: 200, Loss: 1.0605, Entropy: 1.0967, Epsilon: 0.371
2026-03-29 21:56:38 | INFO | Episode  255 - Reward: -200.000, Length: 200, Loss: 1.5428, Entropy: 1.0952, Epsilon: 0.369
2026-03-29 21:56:39 | INFO | Episode  256 - Reward: -200.000, Length: 200, Loss: 1.2943, Entropy: 1.0974, Epsilon: 0.366
2026-03-29 21:56:39 | INFO | Episode  257 - Reward: -200.000, Length: 200, Loss: 1.2545, Entropy: 1.0970, Epsilon: 0.364
2026-03-29 21:56:40 | INFO | Episode  258 - Reward: -200.000, Length: 200, Loss: 1.1930, Entropy: 1.0963, Epsilon: 0.361
2026-03-29 21:56:40 | INFO | Episode  259 - Reward: -200.000, Length: 200, Loss: 0.5431, Entropy: 1.0978, Epsilon: 0.359
2026-03-29 21:56:41 | INFO | Episode  260 - Reward: -200.000, Length: 200, Loss: 1.0432, Entropy: 1.0977, Epsilon: 0.357
2026-03-29 21:56:42 | INFO | Episode  261 - Reward: -200.000, Length: 200, Loss: 0.2504, Entropy: 1.0981, Epsilon: 0.354
2026-03-29 21:56:43 | INFO | Episode  262 - Reward: -200.000, Length: 200, Loss: 1.2481, Entropy: 1.0958, Epsilon: 0.352
2026-03-29 21:56:43 | INFO | Episode  263 - Reward: -200.000, Length: 200, Loss: 1.3376, Entropy: 1.0963, Epsilon: 0.349
2026-03-29 21:56:44 | INFO | Episode  264 - Reward: -200.000, Length: 200, Loss: 1.5832, Entropy: 1.0964, Epsilon: 0.347
2026-03-29 21:56:45 | INFO | Episode  265 - Reward: -200.000, Length: 200, Loss: 0.7543, Entropy: 1.0981, Epsilon: 0.344
2026-03-29 21:56:45 | INFO | Episode  266 - Reward: -200.000, Length: 200, Loss: 0.4743, Entropy: 1.0982, Epsilon: 0.342
2026-03-29 21:56:46 | INFO | Episode  267 - Reward: -200.000, Length: 200, Loss: 2.1468, Entropy: 1.0968, Epsilon: 0.339
2026-03-29 21:56:47 | INFO | Episode  268 - Reward: -200.000, Length: 200, Loss: 1.5478, Entropy: 1.0962, Epsilon: 0.337
2026-03-29 21:56:47 | INFO | Episode  269 - Reward: -200.000, Length: 200, Loss: 0.5387, Entropy: 1.0983, Epsilon: 0.334
2026-03-29 21:56:48 | INFO | Episode  270 - Reward: -200.000, Length: 200, Loss: 0.9557, Entropy: 1.0976, Epsilon: 0.332
2026-03-29 21:56:48 | INFO | Episode  271 - Reward: -200.000, Length: 200, Loss: 1.0648, Entropy: 1.0971, Epsilon: 0.329
2026-03-29 21:56:49 | INFO | Episode  272 - Reward: -200.000, Length: 200, Loss: 0.7895, Entropy: 1.0976, Epsilon: 0.327
2026-03-29 21:56:50 | INFO | Episode  273 - Reward: -200.000, Length: 200, Loss: 1.7888, Entropy: 1.0938, Epsilon: 0.324
2026-03-29 21:56:50 | INFO | Episode  274 - Reward: -200.000, Length: 200, Loss: 1.2519, Entropy: 1.0972, Epsilon: 0.322
2026-03-29 21:56:50 | INFO | Episode  275 - Reward: -200.000, Length: 200, Loss: 2.1731, Entropy: 1.0925, Epsilon: 0.319
2026-03-29 21:56:51 | INFO | Episode  276 - Reward: -200.000, Length: 200, Loss: 0.2661, Entropy: 1.0981, Epsilon: 0.317
2026-03-29 21:56:51 | INFO | Episode  277 - Reward: -200.000, Length: 200, Loss: 2.4255, Entropy: 1.0963, Epsilon: 0.314
2026-03-29 21:56:52 | INFO | Episode  278 - Reward: -200.000, Length: 200, Loss: -0.0009, Entropy: 1.0982, Epsilon: 0.312
2026-03-29 21:56:52 | INFO | Episode  279 - Reward: -200.000, Length: 200, Loss: 1.4910, Entropy: 1.0964, Epsilon: 0.309
2026-03-29 21:56:53 | INFO | Episode  280 - Reward: -200.000, Length: 200, Loss: 0.6941, Entropy: 1.0978, Epsilon: 0.307
2026-03-29 21:56:53 | INFO | Episode  281 - Reward: -200.000, Length: 200, Loss: 0.5510, Entropy: 1.0964, Epsilon: 0.305
2026-03-29 21:56:53 | INFO | Episode  282 - Reward: -200.000, Length: 200, Loss: 0.7277, Entropy: 1.0977, Epsilon: 0.302
2026-03-29 21:56:54 | INFO | Episode  283 - Reward: -200.000, Length: 200, Loss: 1.7607, Entropy: 1.0970, Epsilon: 0.300
2026-03-29 21:56:54 | INFO | Episode  284 - Reward: -200.000, Length: 200, Loss: 1.2900, Entropy: 1.0961, Epsilon: 0.297
2026-03-29 21:56:55 | INFO | Episode  285 - Reward: -200.000, Length: 200, Loss: 0.7186, Entropy: 1.0975, Epsilon: 0.295
2026-03-29 21:56:55 | INFO | Episode  286 - Reward: -200.000, Length: 200, Loss: 1.3554, Entropy: 1.0957, Epsilon: 0.292
2026-03-29 21:56:56 | INFO | Episode  287 - Reward: -200.000, Length: 200, Loss: 0.7378, Entropy: 1.0982, Epsilon: 0.290
2026-03-29 21:56:56 | INFO | Episode  288 - Reward: -200.000, Length: 200, Loss: 0.2073, Entropy: 1.0983, Epsilon: 0.287
2026-03-29 21:56:57 | INFO | Episode  289 - Reward: -200.000, Length: 200, Loss: 0.7578, Entropy: 1.0979, Epsilon: 0.285
2026-03-29 21:56:57 | INFO | Episode  290 - Reward: -200.000, Length: 200, Loss: 1.2045, Entropy: 1.0971, Epsilon: 0.282
2026-03-29 21:56:57 | INFO | Episode  291 - Reward: -200.000, Length: 200, Loss: 0.7488, Entropy: 1.0970, Epsilon: 0.280
2026-03-29 21:56:58 | INFO | Episode  292 - Reward: -200.000, Length: 200, Loss: 1.6488, Entropy: 1.0971, Epsilon: 0.277
2026-03-29 21:56:59 | INFO | Episode  293 - Reward: -200.000, Length: 200, Loss: 1.7243, Entropy: 1.0961, Epsilon: 0.275
2026-03-29 21:56:59 | INFO | Episode  294 - Reward: -200.000, Length: 200, Loss: 0.9855, Entropy: 1.0963, Epsilon: 0.272
2026-03-29 21:57:00 | INFO | Episode  295 - Reward: -200.000, Length: 200, Loss: 0.7074, Entropy: 1.0980, Epsilon: 0.270
2026-03-29 21:57:00 | INFO | Episode  296 - Reward: -200.000, Length: 200, Loss: 1.1241, Entropy: 1.0972, Epsilon: 0.267
2026-03-29 21:57:01 | INFO | Episode  297 - Reward: -200.000, Length: 200, Loss: 1.2086, Entropy: 1.0970, Epsilon: 0.265
2026-03-29 21:57:01 | INFO | Episode  298 - Reward: -200.000, Length: 200, Loss: 1.0142, Entropy: 1.0968, Epsilon: 0.262
2026-03-29 21:57:02 | INFO | Episode  299 - Reward: -200.000, Length: 200, Loss: 1.4533, Entropy: 1.0948, Epsilon: 0.260
2026-03-29 21:57:02 | INFO | Episode  300 - Reward: -200.000, Length: 200, Loss: 0.7026, Entropy: 1.0958, Epsilon: 0.258
2026-03-29 21:57:07 | INFO | [Episode  300] eps=0.258  avg_reward=-200.000  avg_length=200.00  avg_loss=  1.0928  avg_entropy=1.0958  eval_success=0.000
2026-03-29 21:57:08 | INFO | Episode  301 - Reward: -200.000, Length: 200, Loss: 0.2108, Entropy: 1.0985, Epsilon: 0.255
2026-03-29 21:57:08 | INFO | Episode  302 - Reward: -200.000, Length: 200, Loss: 0.7198, Entropy: 1.0969, Epsilon: 0.253
2026-03-29 21:57:09 | INFO | Episode  303 - Reward: -200.000, Length: 200, Loss: 1.7884, Entropy: 1.0967, Epsilon: 0.250
2026-03-29 21:57:09 | INFO | Episode  304 - Reward: -200.000, Length: 200, Loss: 2.0372, Entropy: 1.0966, Epsilon: 0.248
2026-03-29 21:57:10 | INFO | Episode  305 - Reward: -200.000, Length: 200, Loss: 2.0066, Entropy: 1.0944, Epsilon: 0.245
2026-03-29 21:57:10 | INFO | Episode  306 - Reward: -200.000, Length: 200, Loss: 1.5701, Entropy: 1.0954, Epsilon: 0.243
2026-03-29 21:57:11 | INFO | Episode  307 - Reward: -200.000, Length: 200, Loss: 1.5184, Entropy: 1.0978, Epsilon: 0.240
2026-03-29 21:57:11 | INFO | Episode  308 - Reward: -200.000, Length: 200, Loss: 0.7595, Entropy: 1.0966, Epsilon: 0.238
2026-03-29 21:57:11 | INFO | Episode  309 - Reward: -200.000, Length: 200, Loss: 1.5355, Entropy: 1.0968, Epsilon: 0.235
2026-03-29 21:57:12 | INFO | Episode  310 - Reward: -200.000, Length: 200, Loss: 1.9772, Entropy: 1.0946, Epsilon: 0.233
2026-03-29 21:57:12 | INFO | Episode  311 - Reward: -200.000, Length: 200, Loss: 1.0307, Entropy: 1.0978, Epsilon: 0.230
2026-03-29 21:57:13 | INFO | Episode  312 - Reward: -200.000, Length: 200, Loss: 1.3156, Entropy: 1.0957, Epsilon: 0.228
2026-03-29 21:57:13 | INFO | Episode  313 - Reward: -200.000, Length: 200, Loss: 1.0094, Entropy: 1.0963, Epsilon: 0.225
2026-03-29 21:57:14 | INFO | Episode  314 - Reward: -200.000, Length: 200, Loss: 1.8130, Entropy: 1.0967, Epsilon: 0.223
2026-03-29 21:57:14 | INFO | Episode  315 - Reward: -200.000, Length: 200, Loss: 0.8901, Entropy: 1.0952, Epsilon: 0.220
2026-03-29 21:57:14 | INFO | Episode  316 - Reward: -200.000, Length: 200, Loss: 1.8629, Entropy: 1.0975, Epsilon: 0.218
2026-03-29 21:57:15 | INFO | Episode  317 - Reward: -200.000, Length: 200, Loss: 2.3405, Entropy: 1.0952, Epsilon: 0.215
2026-03-29 21:57:15 | INFO | Episode  318 - Reward: -200.000, Length: 200, Loss: 2.7048, Entropy: 1.0960, Epsilon: 0.213
2026-03-29 21:57:16 | INFO | Episode  319 - Reward: -200.000, Length: 200, Loss: 1.6059, Entropy: 1.0942, Epsilon: 0.210
2026-03-29 21:57:16 | INFO | Episode  320 - Reward: -200.000, Length: 200, Loss: 0.6516, Entropy: 1.0969, Epsilon: 0.208
2026-03-29 21:57:17 | INFO | Episode  321 - Reward: -200.000, Length: 200, Loss: 1.6558, Entropy: 1.0970, Epsilon: 0.206
2026-03-29 21:57:17 | INFO | Episode  322 - Reward: -200.000, Length: 200, Loss: 1.3402, Entropy: 1.0974, Epsilon: 0.203
2026-03-29 21:57:18 | INFO | Episode  323 - Reward: -200.000, Length: 200, Loss: 0.8674, Entropy: 1.0968, Epsilon: 0.201
2026-03-29 21:57:18 | INFO | Episode  324 - Reward: -200.000, Length: 200, Loss: 2.0290, Entropy: 1.0955, Epsilon: 0.198
2026-03-29 21:57:18 | INFO | Episode  325 - Reward: -200.000, Length: 200, Loss: 1.1257, Entropy: 1.0965, Epsilon: 0.196
2026-03-29 21:57:19 | INFO | Episode  326 - Reward: -200.000, Length: 200, Loss: 1.6049, Entropy: 1.0972, Epsilon: 0.193
2026-03-29 21:57:19 | INFO | Episode  327 - Reward: -200.000, Length: 200, Loss: 2.4417, Entropy: 1.0967, Epsilon: 0.191
2026-03-29 21:57:20 | INFO | Episode  328 - Reward: -200.000, Length: 200, Loss: 1.1504, Entropy: 1.0959, Epsilon: 0.188
2026-03-29 21:57:20 | INFO | Episode  329 - Reward: -200.000, Length: 200, Loss: 1.6330, Entropy: 1.0947, Epsilon: 0.186
2026-03-29 21:57:21 | INFO | Episode  330 - Reward: -200.000, Length: 200, Loss: 1.0705, Entropy: 1.0967, Epsilon: 0.183
2026-03-29 21:57:21 | INFO | Episode  331 - Reward: -200.000, Length: 200, Loss: 1.6161, Entropy: 1.0979, Epsilon: 0.181
2026-03-29 21:57:22 | INFO | Episode  332 - Reward: -200.000, Length: 200, Loss: 0.2634, Entropy: 1.0980, Epsilon: 0.178
2026-03-29 21:57:22 | INFO | Episode  333 - Reward: -200.000, Length: 200, Loss: 2.2480, Entropy: 1.0973, Epsilon: 0.176
2026-03-29 21:57:23 | INFO | Episode  334 - Reward: -200.000, Length: 200, Loss: 0.8366, Entropy: 1.0966, Epsilon: 0.173
2026-03-29 21:57:23 | INFO | Episode  335 - Reward: -200.000, Length: 200, Loss: 2.3497, Entropy: 1.0949, Epsilon: 0.171
2026-03-29 21:57:24 | INFO | Episode  336 - Reward: -200.000, Length: 200, Loss: 0.2175, Entropy: 1.0975, Epsilon: 0.168
2026-03-29 21:57:24 | INFO | Episode  337 - Reward: -200.000, Length: 200, Loss: 2.2689, Entropy: 1.0922, Epsilon: 0.166
2026-03-29 21:57:25 | INFO | Episode  338 - Reward: -200.000, Length: 200, Loss: 1.5324, Entropy: 1.0966, Epsilon: 0.163
2026-03-29 21:57:25 | INFO | Episode  339 - Reward: -200.000, Length: 200, Loss: 1.0901, Entropy: 1.0980, Epsilon: 0.161
2026-03-29 21:57:25 | INFO | Episode  340 - Reward: -200.000, Length: 200, Loss: 0.8840, Entropy: 1.0975, Epsilon: 0.158
2026-03-29 21:57:26 | INFO | Episode  341 - Reward: -200.000, Length: 200, Loss: 1.3869, Entropy: 1.0950, Epsilon: 0.156
2026-03-29 21:57:26 | INFO | Episode  342 - Reward: -200.000, Length: 200, Loss: 1.8581, Entropy: 1.0955, Epsilon: 0.154
2026-03-29 21:57:27 | INFO | Episode  343 - Reward: -200.000, Length: 200, Loss: 0.5094, Entropy: 1.0975, Epsilon: 0.151
2026-03-29 21:57:27 | INFO | Episode  344 - Reward: -200.000, Length: 200, Loss: 2.4607, Entropy: 1.0922, Epsilon: 0.149
2026-03-29 21:57:28 | INFO | Episode  345 - Reward: -200.000, Length: 200, Loss: 2.7403, Entropy: 1.0880, Epsilon: 0.146
2026-03-29 21:57:28 | INFO | Episode  346 - Reward: -200.000, Length: 200, Loss: 1.3595, Entropy: 1.0951, Epsilon: 0.144
2026-03-29 21:57:29 | INFO | Episode  347 - Reward: -200.000, Length: 200, Loss: 1.3498, Entropy: 1.0958, Epsilon: 0.141
2026-03-29 21:57:29 | INFO | Episode  348 - Reward: -200.000, Length: 200, Loss: 2.0803, Entropy: 1.0953, Epsilon: 0.139
2026-03-29 21:57:29 | INFO | Episode  349 - Reward: -200.000, Length: 200, Loss: 2.5632, Entropy: 1.0954, Epsilon: 0.136
2026-03-29 21:57:30 | INFO | Episode  350 - Reward: -200.000, Length: 200, Loss: 1.0902, Entropy: 1.0962, Epsilon: 0.134
2026-03-29 21:57:36 | INFO | [Episode  350] eps=0.134  avg_reward=-200.000  avg_length=200.00  avg_loss=  1.4994  avg_entropy=1.0962  eval_success=0.000
2026-03-29 21:57:36 | INFO | Episode  351 - Reward: -200.000, Length: 200, Loss: 1.0818, Entropy: 1.0967, Epsilon: 0.131
2026-03-29 21:57:37 | INFO | Episode  352 - Reward: -200.000, Length: 200, Loss: 1.0785, Entropy: 1.0969, Epsilon: 0.129
2026-03-29 21:57:37 | INFO | Episode  353 - Reward: -200.000, Length: 200, Loss: 2.2797, Entropy: 1.0950, Epsilon: 0.126
2026-03-29 21:57:38 | INFO | Episode  354 - Reward: -200.000, Length: 200, Loss: 1.1566, Entropy: 1.0974, Epsilon: 0.124
2026-03-29 21:57:38 | INFO | Episode  355 - Reward: -200.000, Length: 200, Loss: 1.1107, Entropy: 1.0955, Epsilon: 0.121
2026-03-29 21:57:39 | INFO | Episode  356 - Reward: -200.000, Length: 200, Loss: 2.5501, Entropy: 1.0913, Epsilon: 0.119
2026-03-29 21:57:39 | INFO | Episode  357 - Reward: -200.000, Length: 200, Loss: 2.0377, Entropy: 1.0965, Epsilon: 0.116
2026-03-29 21:57:39 | INFO | Episode  358 - Reward: -200.000, Length: 200, Loss: 1.0761, Entropy: 1.0970, Epsilon: 0.114
2026-03-29 21:57:40 | INFO | Episode  359 - Reward: -200.000, Length: 200, Loss: 1.6236, Entropy: 1.0942, Epsilon: 0.111
2026-03-29 21:57:40 | INFO | Episode  360 - Reward: -200.000, Length: 200, Loss: 1.4113, Entropy: 1.0960, Epsilon: 0.109
2026-03-29 21:57:41 | INFO | Episode  361 - Reward: -200.000, Length: 200, Loss: 0.5330, Entropy: 1.0976, Epsilon: 0.107
2026-03-29 21:57:41 | INFO | Episode  362 - Reward: -200.000, Length: 200, Loss: 0.8242, Entropy: 1.0969, Epsilon: 0.104
2026-03-29 21:57:42 | INFO | Episode  363 - Reward: -200.000, Length: 200, Loss: 2.4340, Entropy: 1.0949, Epsilon: 0.102
2026-03-29 21:57:42 | INFO | Episode  364 - Reward: -200.000, Length: 200, Loss: 1.1091, Entropy: 1.0964, Epsilon: 0.099
2026-03-29 21:57:42 | INFO | Episode  365 - Reward: -200.000, Length: 200, Loss: 1.4463, Entropy: 1.0972, Epsilon: 0.097
2026-03-29 21:57:43 | INFO | Episode  366 - Reward: -200.000, Length: 200, Loss: 0.9995, Entropy: 1.0972, Epsilon: 0.094
2026-03-29 21:57:43 | INFO | Episode  367 - Reward: -200.000, Length: 200, Loss: 0.2458, Entropy: 1.0973, Epsilon: 0.092
2026-03-29 21:57:44 | INFO | Episode  368 - Reward: -200.000, Length: 200, Loss: 1.6673, Entropy: 1.0979, Epsilon: 0.089
2026-03-29 21:57:44 | INFO | Episode  369 - Reward: -200.000, Length: 200, Loss: 2.2349, Entropy: 1.0964, Epsilon: 0.087
2026-03-29 21:57:45 | INFO | Episode  370 - Reward: -200.000, Length: 200, Loss: 2.1159, Entropy: 1.0960, Epsilon: 0.084
2026-03-29 21:57:45 | INFO | Episode  371 - Reward: -200.000, Length: 200, Loss: 1.0077, Entropy: 1.0971, Epsilon: 0.082
2026-03-29 21:57:46 | INFO | Episode  372 - Reward: -200.000, Length: 200, Loss: 0.5340, Entropy: 1.0977, Epsilon: 0.079
2026-03-29 21:57:46 | INFO | Episode  373 - Reward: -200.000, Length: 200, Loss: 3.5429, Entropy: 1.0876, Epsilon: 0.077
2026-03-29 21:57:46 | INFO | Episode  374 - Reward: -200.000, Length: 200, Loss: 0.7452, Entropy: 1.0982, Epsilon: 0.074
2026-03-29 21:57:47 | INFO | Episode  375 - Reward: -200.000, Length: 200, Loss: 1.3020, Entropy: 1.0975, Epsilon: 0.072
2026-03-29 21:57:47 | INFO | Episode  376 - Reward: -200.000, Length: 200, Loss: 1.0371, Entropy: 1.0972, Epsilon: 0.069
2026-03-29 21:57:48 | INFO | Episode  377 - Reward: -200.000, Length: 200, Loss: 2.4172, Entropy: 1.0970, Epsilon: 0.067
2026-03-29 21:57:48 | INFO | Episode  378 - Reward: -200.000, Length: 200, Loss: 1.3787, Entropy: 1.0965, Epsilon: 0.064
2026-03-29 21:57:49 | INFO | Episode  379 - Reward: -200.000, Length: 200, Loss: 0.8841, Entropy: 1.0966, Epsilon: 0.062
2026-03-29 21:57:49 | INFO | Episode  380 - Reward: -200.000, Length: 200, Loss: 1.3528, Entropy: 1.0956, Epsilon: 0.059
2026-03-29 21:57:50 | INFO | Episode  381 - Reward: -200.000, Length: 200, Loss: 0.2629, Entropy: 1.0981, Epsilon: 0.057
2026-03-29 21:57:50 | INFO | Episode  382 - Reward: -200.000, Length: 200, Loss: 2.4748, Entropy: 1.0926, Epsilon: 0.055
2026-03-29 21:57:50 | INFO | Episode  383 - Reward: -200.000, Length: 200, Loss: 1.4617, Entropy: 1.0953, Epsilon: 0.052
2026-03-29 21:57:51 | INFO | Episode  384 - Reward: -200.000, Length: 200, Loss: 1.5434, Entropy: 1.0968, Epsilon: 0.050
2026-03-29 21:57:51 | INFO | Episode  385 - Reward: -200.000, Length: 200, Loss: 1.5993, Entropy: 1.0903, Epsilon: 0.047
2026-03-29 21:57:52 | INFO | Episode  386 - Reward: -200.000, Length: 200, Loss: 0.8723, Entropy: 1.0976, Epsilon: 0.045
2026-03-29 21:57:52 | INFO | Episode  387 - Reward: -200.000, Length: 200, Loss: 1.2209, Entropy: 1.0958, Epsilon: 0.042
2026-03-29 21:57:53 | INFO | Episode  388 - Reward: -200.000, Length: 200, Loss: 2.4127, Entropy: 1.0963, Epsilon: 0.040
2026-03-29 21:57:53 | INFO | Episode  389 - Reward: -200.000, Length: 200, Loss: 0.9556, Entropy: 1.0970, Epsilon: 0.037
2026-03-29 21:57:54 | INFO | Episode  390 - Reward: -200.000, Length: 200, Loss: 2.9064, Entropy: 1.0953, Epsilon: 0.035
2026-03-29 21:57:54 | INFO | Episode  391 - Reward: -200.000, Length: 200, Loss: 1.6038, Entropy: 1.0970, Epsilon: 0.032
2026-03-29 21:57:54 | INFO | Episode  392 - Reward: -200.000, Length: 200, Loss: 1.2780, Entropy: 1.0962, Epsilon: 0.030
2026-03-29 21:57:55 | INFO | Episode  393 - Reward: -200.000, Length: 200, Loss: 1.1680, Entropy: 1.0976, Epsilon: 0.027
2026-03-29 21:57:55 | INFO | Episode  394 - Reward: -200.000, Length: 200, Loss: 2.2504, Entropy: 1.0952, Epsilon: 0.025
2026-03-29 21:57:56 | INFO | Episode  395 - Reward: -200.000, Length: 200, Loss: 2.6381, Entropy: 1.0916, Epsilon: 0.022
2026-03-29 21:57:56 | INFO | Episode  396 - Reward: -200.000, Length: 200, Loss: 1.6423, Entropy: 1.0978, Epsilon: 0.020
2026-03-29 21:57:57 | INFO | Episode  397 - Reward: -200.000, Length: 200, Loss: 3.0390, Entropy: 1.0913, Epsilon: 0.017
2026-03-29 21:57:57 | INFO | Episode  398 - Reward: -200.000, Length: 200, Loss: 1.9164, Entropy: 1.0956, Epsilon: 0.015
2026-03-29 21:57:58 | INFO | Episode  399 - Reward: -200.000, Length: 200, Loss: 0.2777, Entropy: 1.0978, Epsilon: 0.012
2026-03-29 21:57:58 | INFO | Episode  400 - Reward: -200.000, Length: 200, Loss: 0.8614, Entropy: 1.0965, Epsilon: 0.010
2026-03-29 21:58:05 | INFO | [Episode  400] eps=0.010  avg_reward=-200.000  avg_length=200.00  avg_loss=  1.5121  avg_entropy=1.0965  eval_success=0.000
2026-03-29 21:58:05 | INFO | Episode  401 - Reward: -200.000, Length: 200, Loss: 0.6303, Entropy: 1.0973, Epsilon: 0.010
2026-03-29 21:58:05 | INFO | Episode  402 - Reward: -200.000, Length: 200, Loss: 0.7845, Entropy: 1.0973, Epsilon: 0.010
2026-03-29 21:58:06 | INFO | Episode  403 - Reward: -200.000, Length: 200, Loss: 1.4714, Entropy: 1.0981, Epsilon: 0.010
2026-03-29 21:58:06 | INFO | Episode  404 - Reward: -200.000, Length: 200, Loss: 2.5358, Entropy: 1.0938, Epsilon: 0.010
2026-03-29 21:58:07 | INFO | Episode  405 - Reward: -200.000, Length: 200, Loss: 2.3296, Entropy: 1.0941, Epsilon: 0.010
2026-03-29 21:58:07 | INFO | Episode  406 - Reward: -200.000, Length: 200, Loss: 1.7169, Entropy: 1.0943, Epsilon: 0.010
2026-03-29 21:58:08 | INFO | Episode  407 - Reward: -200.000, Length: 200, Loss: 2.4067, Entropy: 1.0962, Epsilon: 0.010
2026-03-29 21:58:08 | INFO | Episode  408 - Reward: -200.000, Length: 200, Loss: 0.6714, Entropy: 1.0973, Epsilon: 0.010
2026-03-29 21:58:09 | INFO | Episode  409 - Reward: -200.000, Length: 200, Loss: 2.1687, Entropy: 1.0936, Epsilon: 0.010
2026-03-29 21:58:09 | INFO | Episode  410 - Reward: -200.000, Length: 200, Loss: 0.8492, Entropy: 1.0969, Epsilon: 0.010
2026-03-29 21:58:10 | INFO | Episode  411 - Reward: -200.000, Length: 200, Loss: 2.1397, Entropy: 1.0942, Epsilon: 0.010
2026-03-29 21:58:10 | INFO | Episode  412 - Reward: -200.000, Length: 200, Loss: 1.8823, Entropy: 1.0952, Epsilon: 0.010
2026-03-29 21:58:11 | INFO | Episode  413 - Reward: -200.000, Length: 200, Loss: 1.3857, Entropy: 1.0937, Epsilon: 0.010
2026-03-29 21:58:11 | INFO | Episode  414 - Reward: -200.000, Length: 200, Loss: 0.3079, Entropy: 1.0978, Epsilon: 0.010
2026-03-29 21:58:11 | INFO | Episode  415 - Reward: -200.000, Length: 200, Loss: 1.4622, Entropy: 1.0956, Epsilon: 0.010
2026-03-29 21:58:12 | INFO | Episode  416 - Reward: -200.000, Length: 200, Loss: 2.7887, Entropy: 1.0933, Epsilon: 0.010
2026-03-29 21:58:12 | INFO | Episode  417 - Reward: -200.000, Length: 200, Loss: 1.0807, Entropy: 1.0968, Epsilon: 0.010
2026-03-29 21:58:13 | INFO | Episode  418 - Reward: -200.000, Length: 200, Loss: 0.6454, Entropy: 1.0978, Epsilon: 0.010
2026-03-29 21:58:14 | INFO | Episode  419 - Reward: -200.000, Length: 200, Loss: 0.9729, Entropy: 1.0967, Epsilon: 0.010
2026-03-29 21:58:14 | INFO | Episode  420 - Reward: -200.000, Length: 200, Loss: 1.6345, Entropy: 1.0912, Epsilon: 0.010
2026-03-29 21:58:14 | INFO | Episode  421 - Reward: -200.000, Length: 200, Loss: 1.4469, Entropy: 1.0967, Epsilon: 0.010
2026-03-29 21:58:15 | INFO | Episode  422 - Reward: -200.000, Length: 200, Loss: 2.4742, Entropy: 1.0968, Epsilon: 0.010
2026-03-29 21:58:15 | INFO | Episode  423 - Reward: -200.000, Length: 200, Loss: 0.2868, Entropy: 1.0982, Epsilon: 0.010
2026-03-29 21:58:16 | INFO | Episode  424 - Reward: -200.000, Length: 200, Loss: 2.4052, Entropy: 1.0936, Epsilon: 0.010
2026-03-29 21:58:16 | INFO | Episode  425 - Reward: -200.000, Length: 200, Loss: 1.6034, Entropy: 1.0943, Epsilon: 0.010
2026-03-29 21:58:17 | INFO | Episode  426 - Reward: -200.000, Length: 200, Loss: 1.9302, Entropy: 1.0963, Epsilon: 0.010
2026-03-29 21:58:17 | INFO | Episode  427 - Reward: -200.000, Length: 200, Loss: 1.5744, Entropy: 1.0975, Epsilon: 0.010
2026-03-29 21:58:18 | INFO | Episode  428 - Reward: -200.000, Length: 200, Loss: 1.9982, Entropy: 1.0962, Epsilon: 0.010
2026-03-29 21:58:18 | INFO | Episode  429 - Reward: -200.000, Length: 200, Loss: 1.9275, Entropy: 1.0933, Epsilon: 0.010
2026-03-29 21:58:19 | INFO | Episode  430 - Reward: -200.000, Length: 200, Loss: 0.6317, Entropy: 1.0946, Epsilon: 0.010
2026-03-29 21:58:19 | INFO | Episode  431 - Reward: -200.000, Length: 200, Loss: 1.4706, Entropy: 1.0948, Epsilon: 0.010
2026-03-29 21:58:19 | INFO | Episode  432 - Reward: -200.000, Length: 200, Loss: 1.8182, Entropy: 1.0951, Epsilon: 0.010
2026-03-29 21:58:20 | INFO | Episode  433 - Reward: -200.000, Length: 200, Loss: 2.9805, Entropy: 1.0929, Epsilon: 0.010
2026-03-29 21:58:20 | INFO | Episode  434 - Reward: -200.000, Length: 200, Loss: 3.3156, Entropy: 1.0893, Epsilon: 0.010
2026-03-29 21:58:21 | INFO | Episode  435 - Reward: -200.000, Length: 200, Loss: 1.8372, Entropy: 1.0950, Epsilon: 0.010
2026-03-29 21:58:21 | INFO | Episode  436 - Reward: -200.000, Length: 200, Loss: 2.2013, Entropy: 1.0950, Epsilon: 0.010
2026-03-29 21:58:22 | INFO | Episode  437 - Reward: -200.000, Length: 200, Loss: 2.3187, Entropy: 1.0970, Epsilon: 0.010
2026-03-29 21:58:22 | INFO | Episode  438 - Reward: -200.000, Length: 200, Loss: 0.9011, Entropy: 1.0973, Epsilon: 0.010
2026-03-29 21:58:23 | INFO | Episode  439 - Reward: -200.000, Length: 200, Loss: 1.4133, Entropy: 1.0958, Epsilon: 0.010
2026-03-29 21:58:23 | INFO | Episode  440 - Reward: -200.000, Length: 200, Loss: 0.8373, Entropy: 1.0980, Epsilon: 0.010
2026-03-29 21:58:24 | INFO | Episode  441 - Reward: -200.000, Length: 200, Loss: 1.8938, Entropy: 1.0958, Epsilon: 0.010
2026-03-29 21:58:24 | INFO | Episode  442 - Reward: -200.000, Length: 200, Loss: 2.4384, Entropy: 1.0911, Epsilon: 0.010
2026-03-29 21:58:25 | INFO | Episode  443 - Reward: -200.000, Length: 200, Loss: 2.1825, Entropy: 1.0949, Epsilon: 0.010
2026-03-29 21:58:25 | INFO | Episode  444 - Reward: -200.000, Length: 200, Loss: 1.5800, Entropy: 1.0977, Epsilon: 0.010
2026-03-29 21:58:26 | INFO | Episode  445 - Reward: -200.000, Length: 200, Loss: 0.6201, Entropy: 1.0982, Epsilon: 0.010
2026-03-29 21:58:26 | INFO | Episode  446 - Reward: -200.000, Length: 200, Loss: 1.4206, Entropy: 1.0969, Epsilon: 0.010
2026-03-29 21:58:27 | INFO | Episode  447 - Reward: -200.000, Length: 200, Loss: 0.7139, Entropy: 1.0959, Epsilon: 0.010
2026-03-29 21:58:27 | INFO | Episode  448 - Reward: -200.000, Length: 200, Loss: 2.6011, Entropy: 1.0943, Epsilon: 0.010
2026-03-29 21:58:27 | INFO | Episode  449 - Reward: -200.000, Length: 200, Loss: 3.0156, Entropy: 1.0912, Epsilon: 0.010
2026-03-29 21:58:28 | INFO | Episode  450 - Reward: -200.000, Length: 200, Loss: 3.7392, Entropy: 1.0942, Epsilon: 0.010
2026-03-29 21:58:33 | INFO | [Episode  450] eps=0.010  avg_reward=-200.000  avg_length=200.00  avg_loss=  1.7088  avg_entropy=1.0942  eval_success=0.000
2026-03-29 21:58:34 | INFO | Episode  451 - Reward: -200.000, Length: 200, Loss: 1.4103, Entropy: 1.0974, Epsilon: 0.010
2026-03-29 21:58:34 | INFO | Episode  452 - Reward: -200.000, Length: 200, Loss: 2.5552, Entropy: 1.0971, Epsilon: 0.010
2026-03-29 21:58:35 | INFO | Episode  453 - Reward: -200.000, Length: 200, Loss: 2.5603, Entropy: 1.0916, Epsilon: 0.010
2026-03-29 21:58:35 | INFO | Episode  454 - Reward: -200.000, Length: 200, Loss: 1.7693, Entropy: 1.0942, Epsilon: 0.010
2026-03-29 21:58:36 | INFO | Episode  455 - Reward: -200.000, Length: 200, Loss: 0.6571, Entropy: 1.0963, Epsilon: 0.010
2026-03-29 21:58:36 | INFO | Episode  456 - Reward: -200.000, Length: 200, Loss: 2.0043, Entropy: 1.0923, Epsilon: 0.010
2026-03-29 21:58:37 | INFO | Episode  457 - Reward: -200.000, Length: 200, Loss: 1.5151, Entropy: 1.0970, Epsilon: 0.010
2026-03-29 21:58:38 | INFO | Episode  458 - Reward: -200.000, Length: 200, Loss: 2.4293, Entropy: 1.0971, Epsilon: 0.010
2026-03-29 21:58:38 | INFO | Episode  459 - Reward: -200.000, Length: 200, Loss: 2.2558, Entropy: 1.0961, Epsilon: 0.010
2026-03-29 21:58:39 | INFO | Episode  460 - Reward: -200.000, Length: 200, Loss: 2.3207, Entropy: 1.0797, Epsilon: 0.010
2026-03-29 21:58:39 | INFO | Episode  461 - Reward: -200.000, Length: 200, Loss: 0.8745, Entropy: 1.0918, Epsilon: 0.010
2026-03-29 21:58:40 | INFO | Episode  462 - Reward: -200.000, Length: 200, Loss: 1.7599, Entropy: 1.0946, Epsilon: 0.010
2026-03-29 21:58:40 | INFO | Episode  463 - Reward: -200.000, Length: 200, Loss: 1.1309, Entropy: 1.0958, Epsilon: 0.010
2026-03-29 21:58:41 | INFO | Episode  464 - Reward: -200.000, Length: 200, Loss: 0.2643, Entropy: 1.0976, Epsilon: 0.010
2026-03-29 21:58:41 | INFO | Episode  465 - Reward: -200.000, Length: 200, Loss: 0.5545, Entropy: 1.0979, Epsilon: 0.010
2026-03-29 21:58:42 | INFO | Episode  466 - Reward: -200.000, Length: 200, Loss: 1.7030, Entropy: 1.0960, Epsilon: 0.010
2026-03-29 21:58:42 | INFO | Episode  467 - Reward: -200.000, Length: 200, Loss: 1.0948, Entropy: 1.0970, Epsilon: 0.010
2026-03-29 21:58:42 | INFO | Episode  468 - Reward: -200.000, Length: 200, Loss: 1.5047, Entropy: 1.0953, Epsilon: 0.010
2026-03-29 21:58:43 | INFO | Episode  469 - Reward: -200.000, Length: 200, Loss: 1.1040, Entropy: 1.0962, Epsilon: 0.010
2026-03-29 21:58:43 | INFO | Episode  470 - Reward: -200.000, Length: 200, Loss: 0.5768, Entropy: 1.0967, Epsilon: 0.010
2026-03-29 21:58:44 | INFO | Episode  471 - Reward: -200.000, Length: 200, Loss: 2.2430, Entropy: 1.0961, Epsilon: 0.010
2026-03-29 21:58:44 | INFO | Episode  472 - Reward: -200.000, Length: 200, Loss: 1.7739, Entropy: 1.0954, Epsilon: 0.010
2026-03-29 21:58:45 | INFO | Episode  473 - Reward: -200.000, Length: 200, Loss: 2.3050, Entropy: 1.0919, Epsilon: 0.010
2026-03-29 21:58:45 | INFO | Episode  474 - Reward: -200.000, Length: 200, Loss: 1.3314, Entropy: 1.0963, Epsilon: 0.010
2026-03-29 21:58:46 | INFO | Episode  475 - Reward: -200.000, Length: 200, Loss: 2.4713, Entropy: 1.0926, Epsilon: 0.010
2026-03-29 21:58:46 | INFO | Episode  476 - Reward: -200.000, Length: 200, Loss: 1.4049, Entropy: 1.0937, Epsilon: 0.010
2026-03-29 21:58:47 | INFO | Episode  477 - Reward: -200.000, Length: 200, Loss: 1.2042, Entropy: 1.0979, Epsilon: 0.010
2026-03-29 21:58:47 | INFO | Episode  478 - Reward: -200.000, Length: 200, Loss: 1.2726, Entropy: 1.0967, Epsilon: 0.010
2026-03-29 21:58:48 | INFO | Episode  479 - Reward: -200.000, Length: 200, Loss: -0.0051, Entropy: 1.0979, Epsilon: 0.010
2026-03-29 21:58:48 | INFO | Episode  480 - Reward: -200.000, Length: 200, Loss: 1.6444, Entropy: 1.0968, Epsilon: 0.010
2026-03-29 21:58:48 | INFO | Episode  481 - Reward: -200.000, Length: 200, Loss: 2.0459, Entropy: 1.0956, Epsilon: 0.010
2026-03-29 21:58:49 | INFO | Episode  482 - Reward: -200.000, Length: 200, Loss: 1.0129, Entropy: 1.0973, Epsilon: 0.010
2026-03-29 21:58:49 | INFO | Episode  483 - Reward: -200.000, Length: 200, Loss: 0.0511, Entropy: 1.0981, Epsilon: 0.010
2026-03-29 21:58:50 | INFO | Episode  484 - Reward: -200.000, Length: 200, Loss: 1.4352, Entropy: 1.0974, Epsilon: 0.010
2026-03-29 21:58:50 | INFO | Episode  485 - Reward: -200.000, Length: 200, Loss: 2.3791, Entropy: 1.0978, Epsilon: 0.010
2026-03-29 21:58:51 | INFO | Episode  486 - Reward: -200.000, Length: 200, Loss: 0.4036, Entropy: 1.0971, Epsilon: 0.010
2026-03-29 21:58:51 | INFO | Episode  487 - Reward: -200.000, Length: 200, Loss: 1.7380, Entropy: 1.0945, Epsilon: 0.010
2026-03-29 21:58:52 | INFO | Episode  488 - Reward: -200.000, Length: 200, Loss: 1.2195, Entropy: 1.0948, Epsilon: 0.010
2026-03-29 21:58:52 | INFO | Episode  489 - Reward: -200.000, Length: 200, Loss: 0.4802, Entropy: 1.0978, Epsilon: 0.010
2026-03-29 21:58:53 | INFO | Episode  490 - Reward: -200.000, Length: 200, Loss: 0.2294, Entropy: 1.0979, Epsilon: 0.010
2026-03-29 21:58:53 | INFO | Episode  491 - Reward: -200.000, Length: 200, Loss: 0.5244, Entropy: 1.0972, Epsilon: 0.010
2026-03-29 21:58:54 | INFO | Episode  492 - Reward: -200.000, Length: 200, Loss: 1.0437, Entropy: 1.0957, Epsilon: 0.010
2026-03-29 21:58:54 | INFO | Episode  493 - Reward: -200.000, Length: 200, Loss: 1.1395, Entropy: 1.0977, Epsilon: 0.010
2026-03-29 21:58:54 | INFO | Episode  494 - Reward: -200.000, Length: 200, Loss: 0.9947, Entropy: 1.0956, Epsilon: 0.010
2026-03-29 21:58:55 | INFO | Episode  495 - Reward: -200.000, Length: 200, Loss: 1.6240, Entropy: 1.0964, Epsilon: 0.010
2026-03-29 21:58:55 | INFO | Episode  496 - Reward: -200.000, Length: 200, Loss: 1.4428, Entropy: 1.0966, Epsilon: 0.010
2026-03-29 21:58:56 | INFO | Episode  497 - Reward: -200.000, Length: 200, Loss: 0.2512, Entropy: 1.0982, Epsilon: 0.010
2026-03-29 21:58:56 | INFO | Episode  498 - Reward: -200.000, Length: 200, Loss: 0.2512, Entropy: 1.0981, Epsilon: 0.010
2026-03-29 21:58:57 | INFO | Episode  499 - Reward: -200.000, Length: 200, Loss: 1.8847, Entropy: 1.0963, Epsilon: 0.010
2026-03-29 21:58:57 | INFO | Episode  500 - Reward: -200.000, Length: 200, Loss: 2.2938, Entropy: 1.0958, Epsilon: 0.010
2026-03-29 21:59:03 | INFO | [Episode  500] eps=0.010  avg_reward=-200.000  avg_length=200.00  avg_loss=  1.3627  avg_entropy=1.0958  eval_success=0.000
2026-03-29 21:59:03 | INFO | DQN+Entropy training: 4m 53.98s
2026-03-29 21:59:26 | INFO | [Final Eval] success=0.000, mean_reward=-200.000
