2026-03-29 08:14:03 | INFO | ============================================================
2026-03-29 08:14:03 | INFO | DEVICE / COMPUTE INFORMATION
2026-03-29 08:14:03 | INFO |   JAX backend       : GPU
2026-03-29 08:14:03 | INFO |   Platform          : gpu
2026-03-29 08:14:03 | INFO |   Num devices       : 2
2026-03-29 08:14:03 | INFO |   Device            : cuda:0
2026-03-29 08:14:03 | INFO |   Device            : cuda:1
2026-03-29 08:14:03 | INFO |   GPU name          : Tesla T4
2026-03-29 08:14:03 | INFO | ============================================================
2026-03-29 08:14:03 | INFO | DQN+Entropy | seed=0, lr=0.001, gamma=0.95, alpha=0.05
2026-03-29 08:14:03 | INFO | Env: cartpole/sparse, obs_dim=4, num_actions=2
2026-03-29 08:14:07 | INFO | Episode    1 - Reward: 1.000, Length: 11, Loss: 0.0000, Entropy: 0.0000, Epsilon: 0.998
2026-03-29 08:14:08 | INFO | Episode    2 - Reward: 1.000, Length: 28, Loss: 0.0000, Entropy: 0.0000, Epsilon: 0.995
2026-03-29 08:14:10 | INFO | Episode    3 - Reward: 1.000, Length: 27, Loss: 0.0000, Entropy: 0.0000, Epsilon: 0.993
2026-03-29 08:14:12 | INFO | Episode    4 - Reward: 1.000, Length: 12, Loss: 0.0000, Entropy: 0.0000, Epsilon: 0.990
2026-03-29 08:14:14 | INFO | Episode    5 - Reward: 1.000, Length: 29, Loss: 0.0000, Entropy: 0.0000, Epsilon: 0.988
2026-03-29 08:14:16 | INFO | Episode    6 - Reward: 1.000, Length: 15, Loss: 0.0000, Entropy: 0.0000, Epsilon: 0.985
2026-03-29 08:14:18 | INFO | Episode    7 - Reward: 1.000, Length: 16, Loss: 0.0000, Entropy: 0.0000, Epsilon: 0.983
2026-03-29 08:14:21 | INFO | Episode    8 - Reward: 1.000, Length: 21, Loss: 0.0000, Entropy: 0.0000, Epsilon: 0.980
2026-03-29 08:14:23 | INFO | Episode    9 - Reward: 1.000, Length: 16, Loss: 0.0000, Entropy: 0.0000, Epsilon: 0.978
2026-03-29 08:14:25 | INFO | Episode   10 - Reward: 1.000, Length: 34, Loss: 0.0000, Entropy: 0.0000, Epsilon: 0.975
2026-03-29 08:14:27 | INFO | Episode   11 - Reward: 1.000, Length: 16, Loss: 0.0000, Entropy: 0.0000, Epsilon: 0.973
2026-03-29 08:14:29 | INFO | Episode   12 - Reward: 1.000, Length: 12, Loss: 0.0000, Entropy: 0.0000, Epsilon: 0.970
2026-03-29 08:14:31 | INFO | Episode   13 - Reward: 1.000, Length: 12, Loss: 0.0000, Entropy: 0.0000, Epsilon: 0.968
2026-03-29 08:14:36 | INFO | Episode   14 - Reward: 1.000, Length: 29, Loss: 0.0127, Entropy: 0.6931, Epsilon: 0.965
2026-03-29 08:14:38 | INFO | Episode   15 - Reward: 1.000, Length: 13, Loss: 0.0173, Entropy: 0.6931, Epsilon: 0.963
2026-03-29 08:14:40 | INFO | Episode   16 - Reward: 1.000, Length: 14, Loss: 0.0149, Entropy: 0.6931, Epsilon: 0.960
2026-03-29 08:14:43 | INFO | Episode   17 - Reward: 1.000, Length: 28, Loss: 0.0158, Entropy: 0.6931, Epsilon: 0.958
2026-03-29 08:14:45 | INFO | Episode   18 - Reward: 1.000, Length: 14, Loss: 0.0061, Entropy: 0.6931, Epsilon: 0.955
2026-03-29 08:14:47 | INFO | Episode   19 - Reward: 1.000, Length: 45, Loss: 0.0106, Entropy: 0.6931, Epsilon: 0.953
2026-03-29 08:14:49 | INFO | Episode   20 - Reward: 1.000, Length: 43, Loss: 0.0005, Entropy: 0.6931, Epsilon: 0.951
2026-03-29 08:14:51 | INFO | Episode   21 - Reward: 1.000, Length: 28, Loss: 0.0095, Entropy: 0.6931, Epsilon: 0.948
2026-03-29 08:14:53 | INFO | Episode   22 - Reward: 1.000, Length: 26, Loss: 0.0109, Entropy: 0.6931, Epsilon: 0.946
2026-03-29 08:14:55 | INFO | Episode   23 - Reward: 1.000, Length: 44, Loss: -0.0049, Entropy: 0.6931, Epsilon: 0.943
2026-03-29 08:14:58 | INFO | Episode   24 - Reward: 1.000, Length: 22, Loss: 0.0081, Entropy: 0.6931, Epsilon: 0.941
2026-03-29 08:15:00 | INFO | Episode   25 - Reward: 1.000, Length: 16, Loss: 0.0126, Entropy: 0.6931, Epsilon: 0.938
2026-03-29 08:15:02 | INFO | Episode   26 - Reward: 1.000, Length: 22, Loss: 0.0012, Entropy: 0.6931, Epsilon: 0.936
2026-03-29 08:15:04 | INFO | Episode   27 - Reward: 1.000, Length: 25, Loss: 0.0121, Entropy: 0.6931, Epsilon: 0.933
2026-03-29 08:15:06 | INFO | Episode   28 - Reward: 1.000, Length: 14, Loss: -0.0024, Entropy: 0.6931, Epsilon: 0.931
2026-03-29 08:15:08 | INFO | Episode   29 - Reward: 1.000, Length: 27, Loss: 0.0142, Entropy: 0.6931, Epsilon: 0.928
2026-03-29 08:15:10 | INFO | Episode   30 - Reward: 1.000, Length: 8, Loss: 0.0117, Entropy: 0.6931, Epsilon: 0.926
2026-03-29 08:15:13 | INFO | Episode   31 - Reward: 1.000, Length: 37, Loss: 0.0122, Entropy: 0.6931, Epsilon: 0.923
2026-03-29 08:15:15 | INFO | Episode   32 - Reward: 1.000, Length: 14, Loss: 0.0012, Entropy: 0.6931, Epsilon: 0.921
2026-03-29 08:15:17 | INFO | Episode   33 - Reward: 1.000, Length: 25, Loss: -0.0027, Entropy: 0.6931, Epsilon: 0.918
2026-03-29 08:15:19 | INFO | Episode   34 - Reward: 1.000, Length: 14, Loss: 0.0113, Entropy: 0.6931, Epsilon: 0.916
2026-03-29 08:15:22 | INFO | Episode   35 - Reward: 1.000, Length: 16, Loss: 0.0044, Entropy: 0.6931, Epsilon: 0.913
2026-03-29 08:15:24 | INFO | Episode   36 - Reward: 1.000, Length: 32, Loss: 0.0111, Entropy: 0.6931, Epsilon: 0.911
2026-03-29 08:15:26 | INFO | Episode   37 - Reward: 1.000, Length: 21, Loss: 0.0128, Entropy: 0.6931, Epsilon: 0.908
2026-03-29 08:15:28 | INFO | Episode   38 - Reward: 1.000, Length: 12, Loss: 0.0155, Entropy: 0.6931, Epsilon: 0.906
2026-03-29 08:15:31 | INFO | Episode   39 - Reward: 1.000, Length: 31, Loss: 0.0084, Entropy: 0.6931, Epsilon: 0.903
2026-03-29 08:15:33 | INFO | Episode   40 - Reward: 1.000, Length: 26, Loss: 0.0110, Entropy: 0.6931, Epsilon: 0.901
2026-03-29 08:15:35 | INFO | Episode   41 - Reward: 1.000, Length: 13, Loss: 0.0053, Entropy: 0.6931, Epsilon: 0.899
2026-03-29 08:15:38 | INFO | Episode   42 - Reward: 1.000, Length: 13, Loss: 0.0037, Entropy: 0.6931, Epsilon: 0.896
2026-03-29 08:15:40 | INFO | Episode   43 - Reward: 1.000, Length: 22, Loss: 0.0085, Entropy: 0.6931, Epsilon: 0.894
2026-03-29 08:15:42 | INFO | Episode   44 - Reward: 1.000, Length: 27, Loss: 0.0036, Entropy: 0.6931, Epsilon: 0.891
2026-03-29 08:15:44 | INFO | Episode   45 - Reward: 1.000, Length: 16, Loss: 0.0013, Entropy: 0.6931, Epsilon: 0.889
2026-03-29 08:15:46 | INFO | Episode   46 - Reward: 1.000, Length: 25, Loss: 0.0087, Entropy: 0.6931, Epsilon: 0.886
2026-03-29 08:15:48 | INFO | Episode   47 - Reward: 1.000, Length: 21, Loss: -0.0027, Entropy: 0.6931, Epsilon: 0.884
2026-03-29 08:15:50 | INFO | Episode   48 - Reward: 1.000, Length: 40, Loss: 0.0036, Entropy: 0.6931, Epsilon: 0.881
2026-03-29 08:15:52 | INFO | Episode   49 - Reward: 1.000, Length: 11, Loss: 0.0173, Entropy: 0.6931, Epsilon: 0.879
2026-03-29 08:15:54 | INFO | Episode   50 - Reward: 1.000, Length: 15, Loss: 0.0120, Entropy: 0.6931, Epsilon: 0.876
2026-03-29 08:16:13 | INFO | [Episode   50] eps=0.876  avg_reward=   1.000  avg_length= 21.96  avg_loss=  0.0059  avg_entropy=0.6931  eval_success=0.000
2026-03-29 08:16:15 | INFO | Episode   51 - Reward: 1.000, Length: 16, Loss: 0.0109, Entropy: 0.6931, Epsilon: 0.874
2026-03-29 08:16:17 | INFO | Episode   52 - Reward: 1.000, Length: 22, Loss: 0.0070, Entropy: 0.6931, Epsilon: 0.871
2026-03-29 08:16:19 | INFO | Episode   53 - Reward: 1.000, Length: 39, Loss: 0.0147, Entropy: 0.6931, Epsilon: 0.869
2026-03-29 08:16:21 | INFO | Episode   54 - Reward: 1.000, Length: 12, Loss: 0.0072, Entropy: 0.6931, Epsilon: 0.866
2026-03-29 08:16:23 | INFO | Episode   55 - Reward: 1.000, Length: 15, Loss: 0.0106, Entropy: 0.6931, Epsilon: 0.864
2026-03-29 08:16:25 | INFO | Episode   56 - Reward: 1.000, Length: 34, Loss: 0.0099, Entropy: 0.6931, Epsilon: 0.861
2026-03-29 08:16:28 | INFO | Episode   57 - Reward: 1.000, Length: 42, Loss: 0.0074, Entropy: 0.6931, Epsilon: 0.859
2026-03-29 08:16:30 | INFO | Episode   58 - Reward: 1.000, Length: 14, Loss: 0.0196, Entropy: 0.6931, Epsilon: 0.856
2026-03-29 08:16:32 | INFO | Episode   59 - Reward: 1.000, Length: 15, Loss: 0.0096, Entropy: 0.6931, Epsilon: 0.854
2026-03-29 08:16:34 | INFO | Episode   60 - Reward: 1.000, Length: 18, Loss: 0.0092, Entropy: 0.6931, Epsilon: 0.852
2026-03-29 08:16:36 | INFO | Episode   61 - Reward: 1.000, Length: 13, Loss: 0.0096, Entropy: 0.6931, Epsilon: 0.849
2026-03-29 08:16:39 | INFO | Episode   62 - Reward: 1.000, Length: 59, Loss: 0.0098, Entropy: 0.6931, Epsilon: 0.847
2026-03-29 08:16:41 | INFO | Episode   63 - Reward: 1.000, Length: 21, Loss: 0.0078, Entropy: 0.6931, Epsilon: 0.844
2026-03-29 08:16:43 | INFO | Episode   64 - Reward: 1.000, Length: 9, Loss: 0.0116, Entropy: 0.6931, Epsilon: 0.842
2026-03-29 08:16:45 | INFO | Episode   65 - Reward: 1.000, Length: 16, Loss: 0.0163, Entropy: 0.6931, Epsilon: 0.839
2026-03-29 08:16:47 | INFO | Episode   66 - Reward: 1.000, Length: 16, Loss: 0.0147, Entropy: 0.6931, Epsilon: 0.837
2026-03-29 08:16:49 | INFO | Episode   67 - Reward: 1.000, Length: 28, Loss: 0.0213, Entropy: 0.6931, Epsilon: 0.834
2026-03-29 08:16:51 | INFO | Episode   68 - Reward: 1.000, Length: 19, Loss: -0.0032, Entropy: 0.6931, Epsilon: 0.832
2026-03-29 08:16:54 | INFO | Episode   69 - Reward: 1.000, Length: 26, Loss: 0.0008, Entropy: 0.6931, Epsilon: 0.829
2026-03-29 08:16:56 | INFO | Episode   70 - Reward: 1.000, Length: 30, Loss: 0.0068, Entropy: 0.6931, Epsilon: 0.827
2026-03-29 08:16:58 | INFO | Episode   71 - Reward: 1.000, Length: 20, Loss: 0.0131, Entropy: 0.6931, Epsilon: 0.824
2026-03-29 08:17:00 | INFO | Episode   72 - Reward: 1.000, Length: 46, Loss: 0.0023, Entropy: 0.6931, Epsilon: 0.822
2026-03-29 08:17:02 | INFO | Episode   73 - Reward: 1.000, Length: 15, Loss: 0.0091, Entropy: 0.6931, Epsilon: 0.819
2026-03-29 08:17:04 | INFO | Episode   74 - Reward: 1.000, Length: 32, Loss: 0.0043, Entropy: 0.6931, Epsilon: 0.817
2026-03-29 08:17:07 | INFO | Episode   75 - Reward: 1.000, Length: 101, Loss: 0.0056, Entropy: 0.6931, Epsilon: 0.814
2026-03-29 08:17:09 | INFO | Episode   76 - Reward: 1.000, Length: 30, Loss: -0.0009, Entropy: 0.6931, Epsilon: 0.812
2026-03-29 08:17:11 | INFO | Episode   77 - Reward: 1.000, Length: 21, Loss: 0.0027, Entropy: 0.6931, Epsilon: 0.809
2026-03-29 08:17:13 | INFO | Episode   78 - Reward: 1.000, Length: 11, Loss: 0.0030, Entropy: 0.6931, Epsilon: 0.807
2026-03-29 08:17:15 | INFO | Episode   79 - Reward: 1.000, Length: 41, Loss: 0.0062, Entropy: 0.6931, Epsilon: 0.804
2026-03-29 08:17:17 | INFO | Episode   80 - Reward: 1.000, Length: 31, Loss: -0.0020, Entropy: 0.6931, Epsilon: 0.802
2026-03-29 08:17:19 | INFO | Episode   81 - Reward: 1.000, Length: 12, Loss: -0.0017, Entropy: 0.6931, Epsilon: 0.800
2026-03-29 08:17:21 | INFO | Episode   82 - Reward: 1.000, Length: 17, Loss: 0.0114, Entropy: 0.6931, Epsilon: 0.797
2026-03-29 08:17:24 | INFO | Episode   83 - Reward: 1.000, Length: 17, Loss: 0.0078, Entropy: 0.6931, Epsilon: 0.795
2026-03-29 08:17:26 | INFO | Episode   84 - Reward: 1.000, Length: 26, Loss: -0.0015, Entropy: 0.6931, Epsilon: 0.792
2026-03-29 08:17:28 | INFO | Episode   85 - Reward: 1.000, Length: 16, Loss: 0.0019, Entropy: 0.6931, Epsilon: 0.790
2026-03-29 08:17:30 | INFO | Episode   86 - Reward: 1.000, Length: 21, Loss: -0.0001, Entropy: 0.6931, Epsilon: 0.787
2026-03-29 08:17:32 | INFO | Episode   87 - Reward: 1.000, Length: 14, Loss: -0.0005, Entropy: 0.6931, Epsilon: 0.785
2026-03-29 08:17:35 | INFO | Episode   88 - Reward: 1.000, Length: 17, Loss: -0.0012, Entropy: 0.6931, Epsilon: 0.782
2026-03-29 08:17:37 | INFO | Episode   89 - Reward: 1.000, Length: 10, Loss: -0.0008, Entropy: 0.6931, Epsilon: 0.780
2026-03-29 08:17:39 | INFO | Episode   90 - Reward: 1.000, Length: 16, Loss: 0.0025, Entropy: 0.6931, Epsilon: 0.777
2026-03-29 08:17:41 | INFO | Episode   91 - Reward: 1.000, Length: 27, Loss: 0.0082, Entropy: 0.6931, Epsilon: 0.775
2026-03-29 08:17:43 | INFO | Episode   92 - Reward: 1.000, Length: 19, Loss: -0.0058, Entropy: 0.6931, Epsilon: 0.772
2026-03-29 08:17:45 | INFO | Episode   93 - Reward: 1.000, Length: 16, Loss: -0.0022, Entropy: 0.6931, Epsilon: 0.770
2026-03-29 08:17:47 | INFO | Episode   94 - Reward: 1.000, Length: 12, Loss: 0.0089, Entropy: 0.6931, Epsilon: 0.767
2026-03-29 08:17:50 | INFO | Episode   95 - Reward: 1.000, Length: 17, Loss: 0.0013, Entropy: 0.6931, Epsilon: 0.765
2026-03-29 08:17:52 | INFO | Episode   96 - Reward: 1.000, Length: 15, Loss: 0.0065, Entropy: 0.6931, Epsilon: 0.762
2026-03-29 08:17:54 | INFO | Episode   97 - Reward: 1.000, Length: 15, Loss: 0.0041, Entropy: 0.6931, Epsilon: 0.760
2026-03-29 08:17:56 | INFO | Episode   98 - Reward: 1.000, Length: 58, Loss: 0.0054, Entropy: 0.6931, Epsilon: 0.757
2026-03-29 08:17:59 | INFO | Episode   99 - Reward: 1.000, Length: 42, Loss: -0.0008, Entropy: 0.6931, Epsilon: 0.755
2026-03-29 08:18:01 | INFO | Episode  100 - Reward: 1.000, Length: 19, Loss: 0.0084, Entropy: 0.6931, Epsilon: 0.752
2026-03-29 08:18:17 | INFO | [Episode  100] eps=0.752  avg_reward=   1.000  avg_length= 24.36  avg_loss=  0.0059  avg_entropy=0.6931  eval_success=0.000
2026-03-29 08:18:19 | INFO | Episode  101 - Reward: 1.000, Length: 41, Loss: -0.0002, Entropy: 0.6931, Epsilon: 0.750
2026-03-29 08:18:21 | INFO | Episode  102 - Reward: 1.000, Length: 13, Loss: -0.0054, Entropy: 0.6931, Epsilon: 0.748
2026-03-29 08:18:23 | INFO | Episode  103 - Reward: 1.000, Length: 61, Loss: 0.0112, Entropy: 0.6931, Epsilon: 0.745
2026-03-29 08:18:25 | INFO | Episode  104 - Reward: 1.000, Length: 21, Loss: -0.0137, Entropy: 0.6931, Epsilon: 0.743
2026-03-29 08:18:27 | INFO | Episode  105 - Reward: 1.000, Length: 18, Loss: 0.0014, Entropy: 0.6931, Epsilon: 0.740
2026-03-29 08:18:29 | INFO | Episode  106 - Reward: 1.000, Length: 13, Loss: -0.0011, Entropy: 0.6931, Epsilon: 0.738
2026-03-29 08:18:32 | INFO | Episode  107 - Reward: 1.000, Length: 27, Loss: 0.0040, Entropy: 0.6931, Epsilon: 0.735
2026-03-29 08:18:34 | INFO | Episode  108 - Reward: 1.000, Length: 15, Loss: 0.0037, Entropy: 0.6931, Epsilon: 0.733
2026-03-29 08:18:36 | INFO | Episode  109 - Reward: 1.000, Length: 42, Loss: 0.0091, Entropy: 0.6931, Epsilon: 0.730
2026-03-29 08:18:38 | INFO | Episode  110 - Reward: 1.000, Length: 26, Loss: 0.0075, Entropy: 0.6931, Epsilon: 0.728
2026-03-29 08:18:40 | INFO | Episode  111 - Reward: 1.000, Length: 50, Loss: -0.0020, Entropy: 0.6931, Epsilon: 0.725
2026-03-29 08:18:42 | INFO | Episode  112 - Reward: 1.000, Length: 15, Loss: 0.0043, Entropy: 0.6931, Epsilon: 0.723
2026-03-29 08:18:45 | INFO | Episode  113 - Reward: 1.000, Length: 22, Loss: 0.0040, Entropy: 0.6931, Epsilon: 0.720
2026-03-29 08:18:47 | INFO | Episode  114 - Reward: 1.000, Length: 25, Loss: -0.0015, Entropy: 0.6931, Epsilon: 0.718
2026-03-29 08:18:49 | INFO | Episode  115 - Reward: 1.000, Length: 17, Loss: 0.0073, Entropy: 0.6931, Epsilon: 0.715
2026-03-29 08:18:51 | INFO | Episode  116 - Reward: 1.000, Length: 25, Loss: 0.0014, Entropy: 0.6931, Epsilon: 0.713
2026-03-29 08:18:53 | INFO | Episode  117 - Reward: 1.000, Length: 38, Loss: -0.0061, Entropy: 0.6931, Epsilon: 0.710
2026-03-29 08:18:55 | INFO | Episode  118 - Reward: 1.000, Length: 17, Loss: 0.0025, Entropy: 0.6931, Epsilon: 0.708
2026-03-29 08:18:58 | INFO | Episode  119 - Reward: 1.000, Length: 23, Loss: 0.0001, Entropy: 0.6931, Epsilon: 0.705
2026-03-29 08:19:00 | INFO | Episode  120 - Reward: 1.000, Length: 45, Loss: 0.0004, Entropy: 0.6931, Epsilon: 0.703
2026-03-29 08:19:02 | INFO | Episode  121 - Reward: 1.000, Length: 10, Loss: 0.0032, Entropy: 0.6931, Epsilon: 0.701
2026-03-29 08:19:05 | INFO | Episode  122 - Reward: 1.000, Length: 18, Loss: -0.0061, Entropy: 0.6931, Epsilon: 0.698
2026-03-29 08:19:07 | INFO | Episode  123 - Reward: 1.000, Length: 16, Loss: 0.0101, Entropy: 0.6931, Epsilon: 0.696
2026-03-29 08:19:09 | INFO | Episode  124 - Reward: 1.000, Length: 25, Loss: -0.0092, Entropy: 0.6931, Epsilon: 0.693
2026-03-29 08:19:11 | INFO | Episode  125 - Reward: 1.000, Length: 39, Loss: -0.0066, Entropy: 0.6931, Epsilon: 0.691
2026-03-29 08:19:13 | INFO | Episode  126 - Reward: 1.000, Length: 25, Loss: 0.0103, Entropy: 0.6931, Epsilon: 0.688
2026-03-29 08:19:15 | INFO | Episode  127 - Reward: 1.000, Length: 26, Loss: 0.0043, Entropy: 0.6931, Epsilon: 0.686
2026-03-29 08:19:17 | INFO | Episode  128 - Reward: 1.000, Length: 30, Loss: 0.0029, Entropy: 0.6931, Epsilon: 0.683
2026-03-29 08:19:20 | INFO | Episode  129 - Reward: 1.000, Length: 18, Loss: -0.0022, Entropy: 0.6931, Epsilon: 0.681
2026-03-29 08:19:22 | INFO | Episode  130 - Reward: 1.000, Length: 13, Loss: -0.0013, Entropy: 0.6931, Epsilon: 0.678
2026-03-29 08:19:24 | INFO | Episode  131 - Reward: 1.000, Length: 23, Loss: -0.0028, Entropy: 0.6931, Epsilon: 0.676
2026-03-29 08:19:27 | INFO | Episode  132 - Reward: 1.000, Length: 12, Loss: -0.0004, Entropy: 0.6931, Epsilon: 0.673
2026-03-29 08:19:29 | INFO | Episode  133 - Reward: 1.000, Length: 31, Loss: 0.0072, Entropy: 0.6931, Epsilon: 0.671
2026-03-29 08:19:30 | INFO | Episode  134 - Reward: 1.000, Length: 22, Loss: -0.0037, Entropy: 0.6931, Epsilon: 0.668
2026-03-29 08:19:33 | INFO | Episode  135 - Reward: 1.000, Length: 11, Loss: 0.0262, Entropy: 0.6931, Epsilon: 0.666
2026-03-29 08:19:35 | INFO | Episode  136 - Reward: 1.000, Length: 21, Loss: 0.0033, Entropy: 0.6931, Epsilon: 0.663
2026-03-29 08:19:37 | INFO | Episode  137 - Reward: 1.000, Length: 19, Loss: 0.0041, Entropy: 0.6931, Epsilon: 0.661
2026-03-29 08:19:39 | INFO | Episode  138 - Reward: 1.000, Length: 22, Loss: 0.0044, Entropy: 0.6931, Epsilon: 0.658
2026-03-29 08:19:42 | INFO | Episode  139 - Reward: 1.000, Length: 17, Loss: 0.0036, Entropy: 0.6931, Epsilon: 0.656
2026-03-29 08:19:44 | INFO | Episode  140 - Reward: 1.000, Length: 34, Loss: 0.0132, Entropy: 0.6931, Epsilon: 0.653
2026-03-29 08:19:46 | INFO | Episode  141 - Reward: 1.000, Length: 31, Loss: 0.0097, Entropy: 0.6931, Epsilon: 0.651
2026-03-29 08:19:48 | INFO | Episode  142 - Reward: 1.000, Length: 33, Loss: 0.0113, Entropy: 0.6931, Epsilon: 0.649
2026-03-29 08:19:50 | INFO | Episode  143 - Reward: 1.000, Length: 17, Loss: 0.0054, Entropy: 0.6931, Epsilon: 0.646
2026-03-29 08:19:52 | INFO | Episode  144 - Reward: 1.000, Length: 12, Loss: 0.0053, Entropy: 0.6931, Epsilon: 0.644
2026-03-29 08:19:55 | INFO | Episode  145 - Reward: 1.000, Length: 27, Loss: -0.0040, Entropy: 0.6931, Epsilon: 0.641
2026-03-29 08:19:57 | INFO | Episode  146 - Reward: 1.000, Length: 17, Loss: 0.0051, Entropy: 0.6931, Epsilon: 0.639
2026-03-29 08:19:59 | INFO | Episode  147 - Reward: 1.000, Length: 67, Loss: -0.0024, Entropy: 0.6931, Epsilon: 0.636
2026-03-29 08:20:02 | INFO | Episode  148 - Reward: 1.000, Length: 22, Loss: 0.0080, Entropy: 0.6931, Epsilon: 0.634
2026-03-29 08:20:04 | INFO | Episode  149 - Reward: 1.000, Length: 46, Loss: -0.0002, Entropy: 0.6931, Epsilon: 0.631
2026-03-29 08:20:07 | INFO | Episode  150 - Reward: 1.000, Length: 17, Loss: -0.0042, Entropy: 0.6931, Epsilon: 0.629
2026-03-29 08:20:18 | INFO | [Episode  150] eps=0.629  avg_reward=   1.000  avg_length= 25.50  avg_loss=  0.0024  avg_entropy=0.6931  eval_success=0.000
2026-03-29 08:20:20 | INFO | Episode  151 - Reward: 1.000, Length: 12, Loss: 0.0053, Entropy: 0.6931, Epsilon: 0.626
2026-03-29 08:20:22 | INFO | Episode  152 - Reward: 1.000, Length: 19, Loss: 0.0020, Entropy: 0.6931, Epsilon: 0.624
2026-03-29 08:20:24 | INFO | Episode  153 - Reward: 1.000, Length: 15, Loss: 0.0008, Entropy: 0.6931, Epsilon: 0.621
2026-03-29 08:20:26 | INFO | Episode  154 - Reward: 1.000, Length: 47, Loss: 0.0020, Entropy: 0.6931, Epsilon: 0.619
2026-03-29 08:20:29 | INFO | Episode  155 - Reward: 1.000, Length: 11, Loss: -0.0041, Entropy: 0.6931, Epsilon: 0.616
2026-03-29 08:20:31 | INFO | Episode  156 - Reward: 1.000, Length: 48, Loss: -0.0003, Entropy: 0.6931, Epsilon: 0.614
2026-03-29 08:20:33 | INFO | Episode  157 - Reward: 1.000, Length: 15, Loss: 0.0040, Entropy: 0.6931, Epsilon: 0.611
2026-03-29 08:20:35 | INFO | Episode  158 - Reward: 1.000, Length: 24, Loss: 0.0089, Entropy: 0.6931, Epsilon: 0.609
2026-03-29 08:20:37 | INFO | Episode  159 - Reward: 1.000, Length: 17, Loss: 0.0174, Entropy: 0.6931, Epsilon: 0.606
2026-03-29 08:20:39 | INFO | Episode  160 - Reward: 1.000, Length: 17, Loss: 0.0007, Entropy: 0.6931, Epsilon: 0.604
2026-03-29 08:20:42 | INFO | Episode  161 - Reward: 1.000, Length: 17, Loss: 0.0057, Entropy: 0.6931, Epsilon: 0.602
2026-03-29 08:20:44 | INFO | Episode  162 - Reward: 1.000, Length: 10, Loss: 0.0040, Entropy: 0.6931, Epsilon: 0.599
2026-03-29 08:20:46 | INFO | Episode  163 - Reward: 1.000, Length: 58, Loss: -0.0031, Entropy: 0.6931, Epsilon: 0.597
2026-03-29 08:20:48 | INFO | Episode  164 - Reward: 1.000, Length: 18, Loss: 0.0050, Entropy: 0.6931, Epsilon: 0.594
2026-03-29 08:20:50 | INFO | Episode  165 - Reward: 1.000, Length: 14, Loss: 0.0056, Entropy: 0.6931, Epsilon: 0.592
2026-03-29 08:20:53 | INFO | Episode  166 - Reward: 1.000, Length: 21, Loss: 0.0006, Entropy: 0.6931, Epsilon: 0.589
2026-03-29 08:20:55 | INFO | Episode  167 - Reward: 1.000, Length: 16, Loss: -0.0062, Entropy: 0.6931, Epsilon: 0.587
2026-03-29 08:20:57 | INFO | Episode  168 - Reward: 1.000, Length: 10, Loss: 0.0046, Entropy: 0.6931, Epsilon: 0.584
2026-03-29 08:21:00 | INFO | Episode  169 - Reward: 1.000, Length: 21, Loss: -0.0003, Entropy: 0.6931, Epsilon: 0.582
2026-03-29 08:21:02 | INFO | Episode  170 - Reward: 1.000, Length: 9, Loss: 0.0075, Entropy: 0.6931, Epsilon: 0.579
2026-03-29 08:21:04 | INFO | Episode  171 - Reward: 1.000, Length: 15, Loss: -0.0087, Entropy: 0.6931, Epsilon: 0.577
2026-03-29 08:21:06 | INFO | Episode  172 - Reward: 1.000, Length: 18, Loss: 0.0048, Entropy: 0.6931, Epsilon: 0.574
2026-03-29 08:21:08 | INFO | Episode  173 - Reward: 1.000, Length: 18, Loss: 0.0061, Entropy: 0.6931, Epsilon: 0.572
2026-03-29 08:21:10 | INFO | Episode  174 - Reward: 1.000, Length: 19, Loss: 0.0008, Entropy: 0.6931, Epsilon: 0.569
2026-03-29 08:21:13 | INFO | Episode  175 - Reward: 1.000, Length: 15, Loss: 0.0109, Entropy: 0.6931, Epsilon: 0.567
2026-03-29 08:21:15 | INFO | Episode  176 - Reward: 1.000, Length: 17, Loss: -0.0064, Entropy: 0.6931, Epsilon: 0.564
2026-03-29 08:21:17 | INFO | Episode  177 - Reward: 1.000, Length: 18, Loss: -0.0061, Entropy: 0.6931, Epsilon: 0.562
2026-03-29 08:21:19 | INFO | Episode  178 - Reward: 1.000, Length: 23, Loss: -0.0019, Entropy: 0.6931, Epsilon: 0.559
2026-03-29 08:21:21 | INFO | Episode  179 - Reward: 1.000, Length: 16, Loss: 0.0068, Entropy: 0.6931, Epsilon: 0.557
2026-03-29 08:21:24 | INFO | Episode  180 - Reward: 1.000, Length: 24, Loss: 0.0070, Entropy: 0.6931, Epsilon: 0.554
2026-03-29 08:21:26 | INFO | Episode  181 - Reward: 1.000, Length: 19, Loss: -0.0057, Entropy: 0.6931, Epsilon: 0.552
2026-03-29 08:21:28 | INFO | Episode  182 - Reward: 1.000, Length: 18, Loss: 0.0020, Entropy: 0.6931, Epsilon: 0.550
2026-03-29 08:21:30 | INFO | Episode  183 - Reward: 1.000, Length: 19, Loss: -0.0075, Entropy: 0.6931, Epsilon: 0.547
2026-03-29 08:21:33 | INFO | Episode  184 - Reward: 1.000, Length: 25, Loss: -0.0027, Entropy: 0.6931, Epsilon: 0.545
2026-03-29 08:21:35 | INFO | Episode  185 - Reward: 1.000, Length: 15, Loss: -0.0059, Entropy: 0.6931, Epsilon: 0.542
2026-03-29 08:21:37 | INFO | Episode  186 - Reward: 1.000, Length: 17, Loss: -0.0041, Entropy: 0.6931, Epsilon: 0.540
2026-03-29 08:21:39 | INFO | Episode  187 - Reward: 1.000, Length: 15, Loss: 0.0034, Entropy: 0.6931, Epsilon: 0.537
2026-03-29 08:21:42 | INFO | Episode  188 - Reward: 1.000, Length: 19, Loss: 0.0010, Entropy: 0.6931, Epsilon: 0.535
2026-03-29 08:21:44 | INFO | Episode  189 - Reward: 1.000, Length: 11, Loss: 0.0071, Entropy: 0.6931, Epsilon: 0.532
2026-03-29 08:21:46 | INFO | Episode  190 - Reward: 1.000, Length: 31, Loss: -0.0099, Entropy: 0.6931, Epsilon: 0.530
2026-03-29 08:21:48 | INFO | Episode  191 - Reward: 1.000, Length: 18, Loss: 0.0036, Entropy: 0.6931, Epsilon: 0.527
2026-03-29 08:21:50 | INFO | Episode  192 - Reward: 1.000, Length: 14, Loss: -0.0073, Entropy: 0.6931, Epsilon: 0.525
2026-03-29 08:21:53 | INFO | Episode  193 - Reward: 1.000, Length: 15, Loss: 0.0029, Entropy: 0.6931, Epsilon: 0.522
2026-03-29 08:21:55 | INFO | Episode  194 - Reward: 1.000, Length: 20, Loss: -0.0050, Entropy: 0.6931, Epsilon: 0.520
2026-03-29 08:21:57 | INFO | Episode  195 - Reward: 1.000, Length: 29, Loss: 0.0047, Entropy: 0.6931, Epsilon: 0.517
2026-03-29 08:21:59 | INFO | Episode  196 - Reward: 1.000, Length: 21, Loss: 0.0047, Entropy: 0.6931, Epsilon: 0.515
2026-03-29 08:22:02 | INFO | Episode  197 - Reward: 1.000, Length: 19, Loss: -0.0008, Entropy: 0.6931, Epsilon: 0.512
2026-03-29 08:22:04 | INFO | Episode  198 - Reward: 1.000, Length: 24, Loss: -0.0025, Entropy: 0.6931, Epsilon: 0.510
2026-03-29 08:22:07 | INFO | Episode  199 - Reward: 1.000, Length: 15, Loss: 0.0001, Entropy: 0.6931, Epsilon: 0.507
2026-03-29 08:22:09 | INFO | Episode  200 - Reward: 1.000, Length: 21, Loss: 0.0047, Entropy: 0.6931, Epsilon: 0.505
2026-03-29 08:22:19 | INFO | [Episode  200] eps=0.505  avg_reward=   1.000  avg_length= 19.74  avg_loss=  0.0011  avg_entropy=0.6931  eval_success=0.000
2026-03-29 08:22:21 | INFO | Episode  201 - Reward: 1.000, Length: 13, Loss: -0.0007, Entropy: 0.6931, Epsilon: 0.503
2026-03-29 08:22:23 | INFO | Episode  202 - Reward: 1.000, Length: 12, Loss: 0.0072, Entropy: 0.6931, Epsilon: 0.500
2026-03-29 08:22:26 | INFO | Episode  203 - Reward: 1.000, Length: 41, Loss: -0.0029, Entropy: 0.6931, Epsilon: 0.498
2026-03-29 08:22:28 | INFO | Episode  204 - Reward: 1.000, Length: 27, Loss: 0.0045, Entropy: 0.6931, Epsilon: 0.495
2026-03-29 08:22:30 | INFO | Episode  205 - Reward: 1.000, Length: 18, Loss: 0.0091, Entropy: 0.6931, Epsilon: 0.493
2026-03-29 08:22:33 | INFO | Episode  206 - Reward: 1.000, Length: 66, Loss: -0.0009, Entropy: 0.6931, Epsilon: 0.490
2026-03-29 08:22:35 | INFO | Episode  207 - Reward: 1.000, Length: 43, Loss: 0.0038, Entropy: 0.6931, Epsilon: 0.488
2026-03-29 08:22:37 | INFO | Episode  208 - Reward: 1.000, Length: 14, Loss: -0.0052, Entropy: 0.6931, Epsilon: 0.485
2026-03-29 08:22:40 | INFO | Episode  209 - Reward: 1.000, Length: 19, Loss: 0.0035, Entropy: 0.6931, Epsilon: 0.483
2026-03-29 08:22:42 | INFO | Episode  210 - Reward: 1.000, Length: 16, Loss: -0.0036, Entropy: 0.6931, Epsilon: 0.480
2026-03-29 08:22:44 | INFO | Episode  211 - Reward: 1.000, Length: 24, Loss: 0.0009, Entropy: 0.6931, Epsilon: 0.478
2026-03-29 08:22:46 | INFO | Episode  212 - Reward: 1.000, Length: 16, Loss: 0.0069, Entropy: 0.6931, Epsilon: 0.475
2026-03-29 08:22:48 | INFO | Episode  213 - Reward: 1.000, Length: 30, Loss: 0.0078, Entropy: 0.6931, Epsilon: 0.473
2026-03-29 08:22:51 | INFO | Episode  214 - Reward: 1.000, Length: 12, Loss: 0.0010, Entropy: 0.6931, Epsilon: 0.470
2026-03-29 08:22:53 | INFO | Episode  215 - Reward: 1.000, Length: 34, Loss: -0.0033, Entropy: 0.6931, Epsilon: 0.468
2026-03-29 08:22:55 | INFO | Episode  216 - Reward: 1.000, Length: 10, Loss: 0.0058, Entropy: 0.6931, Epsilon: 0.465
2026-03-29 08:22:57 | INFO | Episode  217 - Reward: 1.000, Length: 22, Loss: -0.0018, Entropy: 0.6931, Epsilon: 0.463
2026-03-29 08:22:59 | INFO | Episode  218 - Reward: 1.000, Length: 21, Loss: -0.0108, Entropy: 0.6931, Epsilon: 0.460
2026-03-29 08:23:02 | INFO | Episode  219 - Reward: 1.000, Length: 26, Loss: -0.0011, Entropy: 0.6931, Epsilon: 0.458
2026-03-29 08:23:04 | INFO | Episode  220 - Reward: 1.000, Length: 12, Loss: 0.0041, Entropy: 0.6931, Epsilon: 0.456
2026-03-29 08:23:06 | INFO | Episode  221 - Reward: 1.000, Length: 12, Loss: -0.0045, Entropy: 0.6931, Epsilon: 0.453
2026-03-29 08:23:08 | INFO | Episode  222 - Reward: 1.000, Length: 32, Loss: -0.0004, Entropy: 0.6931, Epsilon: 0.451
2026-03-29 08:23:11 | INFO | Episode  223 - Reward: 1.000, Length: 13, Loss: 0.0008, Entropy: 0.6931, Epsilon: 0.448
2026-03-29 08:23:13 | INFO | Episode  224 - Reward: 1.000, Length: 17, Loss: 0.0028, Entropy: 0.6931, Epsilon: 0.446
2026-03-29 08:23:15 | INFO | Episode  225 - Reward: 1.000, Length: 54, Loss: 0.0023, Entropy: 0.6931, Epsilon: 0.443
2026-03-29 08:23:17 | INFO | Episode  226 - Reward: 1.000, Length: 34, Loss: 0.0004, Entropy: 0.6931, Epsilon: 0.441
2026-03-29 08:23:19 | INFO | Episode  227 - Reward: 1.000, Length: 16, Loss: 0.0083, Entropy: 0.6931, Epsilon: 0.438
2026-03-29 08:23:21 | INFO | Episode  228 - Reward: 1.000, Length: 16, Loss: 0.0040, Entropy: 0.6931, Epsilon: 0.436
2026-03-29 08:23:24 | INFO | Episode  229 - Reward: 1.000, Length: 16, Loss: 0.0017, Entropy: 0.6931, Epsilon: 0.433
2026-03-29 08:23:26 | INFO | Episode  230 - Reward: 1.000, Length: 19, Loss: 0.0053, Entropy: 0.6931, Epsilon: 0.431
2026-03-29 08:23:28 | INFO | Episode  231 - Reward: 1.000, Length: 25, Loss: 0.0088, Entropy: 0.6931, Epsilon: 0.428
2026-03-29 08:23:30 | INFO | Episode  232 - Reward: 1.000, Length: 11, Loss: 0.0051, Entropy: 0.6931, Epsilon: 0.426
2026-03-29 08:23:33 | INFO | Episode  233 - Reward: 1.000, Length: 21, Loss: -0.0071, Entropy: 0.6931, Epsilon: 0.423
2026-03-29 08:23:35 | INFO | Episode  234 - Reward: 1.000, Length: 17, Loss: 0.0092, Entropy: 0.6931, Epsilon: 0.421
2026-03-29 08:23:37 | INFO | Episode  235 - Reward: 1.000, Length: 15, Loss: 0.0077, Entropy: 0.6931, Epsilon: 0.418
2026-03-29 08:23:40 | INFO | Episode  236 - Reward: 1.000, Length: 16, Loss: 0.0053, Entropy: 0.6931, Epsilon: 0.416
2026-03-29 08:23:42 | INFO | Episode  237 - Reward: 1.000, Length: 13, Loss: -0.0030, Entropy: 0.6931, Epsilon: 0.413
2026-03-29 08:23:44 | INFO | Episode  238 - Reward: 1.000, Length: 12, Loss: -0.0029, Entropy: 0.6931, Epsilon: 0.411
2026-03-29 08:23:46 | INFO | Episode  239 - Reward: 1.000, Length: 16, Loss: -0.0028, Entropy: 0.6931, Epsilon: 0.408
2026-03-29 08:23:48 | INFO | Episode  240 - Reward: 1.000, Length: 17, Loss: 0.0039, Entropy: 0.6931, Epsilon: 0.406
2026-03-29 08:23:51 | INFO | Episode  241 - Reward: 1.000, Length: 16, Loss: 0.0051, Entropy: 0.6931, Epsilon: 0.404
2026-03-29 08:23:53 | INFO | Episode  242 - Reward: 1.000, Length: 18, Loss: 0.0025, Entropy: 0.6931, Epsilon: 0.401
2026-03-29 08:23:55 | INFO | Episode  243 - Reward: 1.000, Length: 12, Loss: -0.0033, Entropy: 0.6931, Epsilon: 0.399
2026-03-29 08:23:57 | INFO | Episode  244 - Reward: 1.000, Length: 16, Loss: 0.0028, Entropy: 0.6931, Epsilon: 0.396
2026-03-29 08:23:59 | INFO | Episode  245 - Reward: 1.000, Length: 14, Loss: 0.0032, Entropy: 0.6931, Epsilon: 0.394
2026-03-29 08:24:02 | INFO | Episode  246 - Reward: 1.000, Length: 10, Loss: -0.0046, Entropy: 0.6931, Epsilon: 0.391
2026-03-29 08:24:04 | INFO | Episode  247 - Reward: 1.000, Length: 10, Loss: 0.0071, Entropy: 0.6931, Epsilon: 0.389
2026-03-29 08:24:06 | INFO | Episode  248 - Reward: 1.000, Length: 14, Loss: 0.0038, Entropy: 0.6931, Epsilon: 0.386
2026-03-29 08:24:09 | INFO | Episode  249 - Reward: 1.000, Length: 27, Loss: -0.0002, Entropy: 0.6931, Epsilon: 0.384
2026-03-29 08:24:11 | INFO | Episode  250 - Reward: 1.000, Length: 14, Loss: 0.0013, Entropy: 0.6931, Epsilon: 0.381
2026-03-29 08:24:18 | INFO | [Episode  250] eps=0.381  avg_reward=   1.000  avg_length= 20.38  avg_loss=  0.0017  avg_entropy=0.6931  eval_success=0.000
2026-03-29 08:24:20 | INFO | Episode  251 - Reward: 1.000, Length: 23, Loss: 0.0011, Entropy: 0.6931, Epsilon: 0.379
2026-03-29 08:24:23 | INFO | Episode  252 - Reward: 1.000, Length: 41, Loss: -0.0076, Entropy: 0.6931, Epsilon: 0.376
2026-03-29 08:24:25 | INFO | Episode  253 - Reward: 1.000, Length: 14, Loss: 0.0041, Entropy: 0.6931, Epsilon: 0.374
2026-03-29 08:24:27 | INFO | Episode  254 - Reward: 1.000, Length: 12, Loss: -0.0042, Entropy: 0.6931, Epsilon: 0.371
2026-03-29 08:24:29 | INFO | Episode  255 - Reward: 1.000, Length: 12, Loss: 0.0035, Entropy: 0.6931, Epsilon: 0.369
2026-03-29 08:24:32 | INFO | Episode  256 - Reward: 1.000, Length: 15, Loss: -0.0013, Entropy: 0.6931, Epsilon: 0.366
2026-03-29 08:24:34 | INFO | Episode  257 - Reward: 1.000, Length: 18, Loss: -0.0079, Entropy: 0.6931, Epsilon: 0.364
2026-03-29 08:24:36 | INFO | Episode  258 - Reward: 1.000, Length: 12, Loss: -0.0107, Entropy: 0.6931, Epsilon: 0.361
2026-03-29 08:24:39 | INFO | Episode  259 - Reward: 1.000, Length: 11, Loss: 0.0034, Entropy: 0.6931, Epsilon: 0.359
2026-03-29 08:24:41 | INFO | Episode  260 - Reward: 1.000, Length: 17, Loss: 0.0112, Entropy: 0.6931, Epsilon: 0.357
2026-03-29 08:24:43 | INFO | Episode  261 - Reward: 1.000, Length: 9, Loss: 0.0067, Entropy: 0.6931, Epsilon: 0.354
2026-03-29 08:24:45 | INFO | Episode  262 - Reward: 1.000, Length: 17, Loss: 0.0038, Entropy: 0.6931, Epsilon: 0.352
2026-03-29 08:24:48 | INFO | Episode  263 - Reward: 1.000, Length: 20, Loss: 0.0017, Entropy: 0.6931, Epsilon: 0.349
2026-03-29 08:24:50 | INFO | Episode  264 - Reward: 1.000, Length: 16, Loss: 0.0030, Entropy: 0.6931, Epsilon: 0.347
2026-03-29 08:24:52 | INFO | Episode  265 - Reward: 1.000, Length: 55, Loss: 0.0046, Entropy: 0.6931, Epsilon: 0.344
2026-03-29 08:24:54 | INFO | Episode  266 - Reward: 1.000, Length: 18, Loss: 0.0041, Entropy: 0.6931, Epsilon: 0.342
2026-03-29 08:24:57 | INFO | Episode  267 - Reward: 1.000, Length: 14, Loss: 0.0059, Entropy: 0.6931, Epsilon: 0.339
2026-03-29 08:24:59 | INFO | Episode  268 - Reward: 1.000, Length: 14, Loss: 0.0046, Entropy: 0.6931, Epsilon: 0.337
2026-03-29 08:25:01 | INFO | Episode  269 - Reward: 1.000, Length: 12, Loss: 0.0065, Entropy: 0.6931, Epsilon: 0.334
2026-03-29 08:25:03 | INFO | Episode  270 - Reward: 1.000, Length: 13, Loss: -0.0123, Entropy: 0.6931, Epsilon: 0.332
2026-03-29 08:25:06 | INFO | Episode  271 - Reward: 1.000, Length: 16, Loss: -0.0034, Entropy: 0.6931, Epsilon: 0.329
2026-03-29 08:25:08 | INFO | Episode  272 - Reward: 1.000, Length: 16, Loss: -0.0083, Entropy: 0.6931, Epsilon: 0.327
2026-03-29 08:25:10 | INFO | Episode  273 - Reward: 1.000, Length: 13, Loss: -0.0050, Entropy: 0.6931, Epsilon: 0.324
2026-03-29 08:25:12 | INFO | Episode  274 - Reward: 1.000, Length: 12, Loss: 0.0058, Entropy: 0.6931, Epsilon: 0.322
2026-03-29 08:25:14 | INFO | Episode  275 - Reward: 1.000, Length: 41, Loss: 0.0024, Entropy: 0.6931, Epsilon: 0.319
2026-03-29 08:25:16 | INFO | Episode  276 - Reward: 1.000, Length: 10, Loss: 0.0048, Entropy: 0.6931, Epsilon: 0.317
2026-03-29 08:25:18 | INFO | Episode  277 - Reward: 1.000, Length: 14, Loss: 0.0031, Entropy: 0.6931, Epsilon: 0.314
2026-03-29 08:25:21 | INFO | Episode  278 - Reward: 1.000, Length: 13, Loss: 0.0044, Entropy: 0.6931, Epsilon: 0.312
2026-03-29 08:25:23 | INFO | Episode  279 - Reward: 1.000, Length: 12, Loss: 0.0120, Entropy: 0.6931, Epsilon: 0.309
2026-03-29 08:25:25 | INFO | Episode  280 - Reward: 1.000, Length: 13, Loss: -0.0012, Entropy: 0.6931, Epsilon: 0.307
2026-03-29 08:25:27 | INFO | Episode  281 - Reward: 1.000, Length: 50, Loss: -0.0037, Entropy: 0.6931, Epsilon: 0.305
2026-03-29 08:25:29 | INFO | Episode  282 - Reward: 1.000, Length: 18, Loss: -0.0015, Entropy: 0.6931, Epsilon: 0.302
2026-03-29 08:25:32 | INFO | Episode  283 - Reward: 1.000, Length: 25, Loss: -0.0021, Entropy: 0.6931, Epsilon: 0.300
2026-03-29 08:25:35 | INFO | Episode  284 - Reward: 1.000, Length: 14, Loss: 0.0056, Entropy: 0.6931, Epsilon: 0.297
2026-03-29 08:25:37 | INFO | Episode  285 - Reward: 1.000, Length: 10, Loss: -0.0004, Entropy: 0.6931, Epsilon: 0.295
2026-03-29 08:25:39 | INFO | Episode  286 - Reward: 1.000, Length: 14, Loss: 0.0125, Entropy: 0.6931, Epsilon: 0.292
2026-03-29 08:25:41 | INFO | Episode  287 - Reward: 1.000, Length: 12, Loss: -0.0007, Entropy: 0.6931, Epsilon: 0.290
2026-03-29 08:25:44 | INFO | Episode  288 - Reward: 1.000, Length: 13, Loss: -0.0026, Entropy: 0.6931, Epsilon: 0.287
2026-03-29 08:25:46 | INFO | Episode  289 - Reward: 1.000, Length: 17, Loss: 0.0058, Entropy: 0.6931, Epsilon: 0.285
2026-03-29 08:25:48 | INFO | Episode  290 - Reward: 1.000, Length: 11, Loss: 0.0042, Entropy: 0.6931, Epsilon: 0.282
2026-03-29 08:25:50 | INFO | Episode  291 - Reward: 1.000, Length: 14, Loss: -0.0063, Entropy: 0.6931, Epsilon: 0.280
2026-03-29 08:25:52 | INFO | Episode  292 - Reward: 1.000, Length: 47, Loss: 0.0056, Entropy: 0.6931, Epsilon: 0.277
2026-03-29 08:25:55 | INFO | Episode  293 - Reward: 1.000, Length: 36, Loss: 0.0012, Entropy: 0.6931, Epsilon: 0.275
2026-03-29 08:25:57 | INFO | Episode  294 - Reward: 1.000, Length: 15, Loss: 0.0051, Entropy: 0.6931, Epsilon: 0.272
2026-03-29 08:25:59 | INFO | Episode  295 - Reward: 1.000, Length: 12, Loss: 0.0070, Entropy: 0.6931, Epsilon: 0.270
2026-03-29 08:26:02 | INFO | Episode  296 - Reward: 1.000, Length: 17, Loss: 0.0019, Entropy: 0.6931, Epsilon: 0.267
2026-03-29 08:26:04 | INFO | Episode  297 - Reward: 1.000, Length: 23, Loss: 0.0026, Entropy: 0.6931, Epsilon: 0.265
2026-03-29 08:26:07 | INFO | Episode  298 - Reward: 1.000, Length: 17, Loss: -0.0000, Entropy: 0.6931, Epsilon: 0.262
2026-03-29 08:26:09 | INFO | Episode  299 - Reward: 1.000, Length: 10, Loss: 0.0040, Entropy: 0.6931, Epsilon: 0.260
2026-03-29 08:26:11 | INFO | Episode  300 - Reward: 1.000, Length: 20, Loss: -0.0021, Entropy: 0.6931, Epsilon: 0.258
2026-03-29 08:26:19 | INFO | [Episode  300] eps=0.258  avg_reward=   1.000  avg_length= 18.36  avg_loss=  0.0014  avg_entropy=0.6931  eval_success=0.000
2026-03-29 08:26:22 | INFO | Episode  301 - Reward: 1.000, Length: 10, Loss: 0.0057, Entropy: 0.6931, Epsilon: 0.255
2026-03-29 08:26:24 | INFO | Episode  302 - Reward: 1.000, Length: 12, Loss: 0.0075, Entropy: 0.6931, Epsilon: 0.253
2026-03-29 08:26:26 | INFO | Episode  303 - Reward: 1.000, Length: 14, Loss: 0.0000, Entropy: 0.6931, Epsilon: 0.250
2026-03-29 08:26:28 | INFO | Episode  304 - Reward: 1.000, Length: 16, Loss: 0.0015, Entropy: 0.6931, Epsilon: 0.248
2026-03-29 08:26:30 | INFO | Episode  305 - Reward: 1.000, Length: 13, Loss: 0.0057, Entropy: 0.6931, Epsilon: 0.245
2026-03-29 08:26:33 | INFO | Episode  306 - Reward: 1.000, Length: 22, Loss: 0.0021, Entropy: 0.6931, Epsilon: 0.243
2026-03-29 08:26:35 | INFO | Episode  307 - Reward: 1.000, Length: 14, Loss: 0.0067, Entropy: 0.6931, Epsilon: 0.240
2026-03-29 08:26:37 | INFO | Episode  308 - Reward: 1.000, Length: 16, Loss: 0.0011, Entropy: 0.6931, Epsilon: 0.238
2026-03-29 08:26:39 | INFO | Episode  309 - Reward: 1.000, Length: 22, Loss: 0.0023, Entropy: 0.6931, Epsilon: 0.235
2026-03-29 08:26:41 | INFO | Episode  310 - Reward: 1.000, Length: 16, Loss: 0.0031, Entropy: 0.6931, Epsilon: 0.233
2026-03-29 08:26:44 | INFO | Episode  311 - Reward: 1.000, Length: 15, Loss: 0.0099, Entropy: 0.6931, Epsilon: 0.230
2026-03-29 08:26:46 | INFO | Episode  312 - Reward: 1.000, Length: 36, Loss: -0.0033, Entropy: 0.6931, Epsilon: 0.228
2026-03-29 08:26:48 | INFO | Episode  313 - Reward: 1.000, Length: 10, Loss: -0.0042, Entropy: 0.6931, Epsilon: 0.225
2026-03-29 08:26:50 | INFO | Episode  314 - Reward: 1.000, Length: 40, Loss: -0.0029, Entropy: 0.6931, Epsilon: 0.223
2026-03-29 08:26:52 | INFO | Episode  315 - Reward: 1.000, Length: 14, Loss: -0.0000, Entropy: 0.6931, Epsilon: 0.220
2026-03-29 08:26:54 | INFO | Episode  316 - Reward: 1.000, Length: 12, Loss: 0.0132, Entropy: 0.6931, Epsilon: 0.218
2026-03-29 08:26:57 | INFO | Episode  317 - Reward: 1.000, Length: 42, Loss: 0.0007, Entropy: 0.6931, Epsilon: 0.215
2026-03-29 08:26:59 | INFO | Episode  318 - Reward: 1.000, Length: 36, Loss: -0.0055, Entropy: 0.6931, Epsilon: 0.213
2026-03-29 08:27:01 | INFO | Episode  319 - Reward: 1.000, Length: 16, Loss: -0.0020, Entropy: 0.6931, Epsilon: 0.210
2026-03-29 08:27:03 | INFO | Episode  320 - Reward: 1.000, Length: 34, Loss: -0.0052, Entropy: 0.6931, Epsilon: 0.208
2026-03-29 08:27:05 | INFO | Episode  321 - Reward: 1.000, Length: 36, Loss: 0.0108, Entropy: 0.6931, Epsilon: 0.206
2026-03-29 08:27:08 | INFO | Episode  322 - Reward: 1.000, Length: 24, Loss: 0.0056, Entropy: 0.6931, Epsilon: 0.203
2026-03-29 08:27:10 | INFO | Episode  323 - Reward: 1.000, Length: 43, Loss: -0.0016, Entropy: 0.6931, Epsilon: 0.201
2026-03-29 08:27:12 | INFO | Episode  324 - Reward: 1.000, Length: 35, Loss: -0.0017, Entropy: 0.6931, Epsilon: 0.198
2026-03-29 08:27:14 | INFO | Episode  325 - Reward: 1.000, Length: 35, Loss: 0.0001, Entropy: 0.6931, Epsilon: 0.196
2026-03-29 08:27:16 | INFO | Episode  326 - Reward: 1.000, Length: 20, Loss: 0.0014, Entropy: 0.6931, Epsilon: 0.193
2026-03-29 08:27:18 | INFO | Episode  327 - Reward: 1.000, Length: 30, Loss: 0.0007, Entropy: 0.6931, Epsilon: 0.191
2026-03-29 08:27:21 | INFO | Episode  328 - Reward: 1.000, Length: 45, Loss: -0.0018, Entropy: 0.6931, Epsilon: 0.188
2026-03-29 08:27:23 | INFO | Episode  329 - Reward: 1.000, Length: 34, Loss: -0.0062, Entropy: 0.6931, Epsilon: 0.186
2026-03-29 08:27:25 | INFO | Episode  330 - Reward: 1.000, Length: 9, Loss: 0.0022, Entropy: 0.6931, Epsilon: 0.183
2026-03-29 08:27:27 | INFO | Episode  331 - Reward: 1.000, Length: 12, Loss: 0.0023, Entropy: 0.6931, Epsilon: 0.181
2026-03-29 08:27:30 | INFO | Episode  332 - Reward: 1.000, Length: 14, Loss: 0.0023, Entropy: 0.6931, Epsilon: 0.178
2026-03-29 08:27:32 | INFO | Episode  333 - Reward: 1.000, Length: 16, Loss: 0.0104, Entropy: 0.6931, Epsilon: 0.176
2026-03-29 08:27:34 | INFO | Episode  334 - Reward: 1.000, Length: 13, Loss: 0.0046, Entropy: 0.6931, Epsilon: 0.173
2026-03-29 08:27:36 | INFO | Episode  335 - Reward: 1.000, Length: 16, Loss: 0.0042, Entropy: 0.6931, Epsilon: 0.171
2026-03-29 08:27:38 | INFO | Episode  336 - Reward: 1.000, Length: 33, Loss: -0.0013, Entropy: 0.6931, Epsilon: 0.168
2026-03-29 08:27:40 | INFO | Episode  337 - Reward: 1.000, Length: 16, Loss: 0.0072, Entropy: 0.6931, Epsilon: 0.166
2026-03-29 08:27:43 | INFO | Episode  338 - Reward: 1.000, Length: 44, Loss: -0.0027, Entropy: 0.6931, Epsilon: 0.163
2026-03-29 08:27:45 | INFO | Episode  339 - Reward: 1.000, Length: 42, Loss: 0.0000, Entropy: 0.6931, Epsilon: 0.161
2026-03-29 08:27:47 | INFO | Episode  340 - Reward: 1.000, Length: 37, Loss: -0.0046, Entropy: 0.6931, Epsilon: 0.158
2026-03-29 08:27:49 | INFO | Episode  341 - Reward: 1.000, Length: 35, Loss: -0.0037, Entropy: 0.6931, Epsilon: 0.156
2026-03-29 08:27:52 | INFO | Episode  342 - Reward: 1.000, Length: 16, Loss: -0.0032, Entropy: 0.6931, Epsilon: 0.154
2026-03-29 08:27:54 | INFO | Episode  343 - Reward: 1.000, Length: 14, Loss: 0.0039, Entropy: 0.6931, Epsilon: 0.151
2026-03-29 08:27:57 | INFO | Episode  344 - Reward: 1.000, Length: 36, Loss: -0.0024, Entropy: 0.6931, Epsilon: 0.149
2026-03-29 08:27:59 | INFO | Episode  345 - Reward: 1.000, Length: 43, Loss: -0.0075, Entropy: 0.6931, Epsilon: 0.146
2026-03-29 08:28:01 | INFO | Episode  346 - Reward: 1.000, Length: 31, Loss: -0.0017, Entropy: 0.6931, Epsilon: 0.144
2026-03-29 08:28:04 | INFO | Episode  347 - Reward: 1.000, Length: 13, Loss: 0.0045, Entropy: 0.6931, Epsilon: 0.141
2026-03-29 08:28:06 | INFO | Episode  348 - Reward: 1.000, Length: 14, Loss: 0.0069, Entropy: 0.6931, Epsilon: 0.139
2026-03-29 08:28:09 | INFO | Episode  349 - Reward: 1.000, Length: 20, Loss: -0.0012, Entropy: 0.6931, Epsilon: 0.136
2026-03-29 08:28:11 | INFO | Episode  350 - Reward: 1.000, Length: 28, Loss: -0.0057, Entropy: 0.6931, Epsilon: 0.134
2026-03-29 08:28:23 | INFO | [Episode  350] eps=0.134  avg_reward=   1.000  avg_length= 24.28  avg_loss=  0.0012  avg_entropy=0.6931  eval_success=0.000
2026-03-29 08:28:26 | INFO | Episode  351 - Reward: 1.000, Length: 31, Loss: -0.0074, Entropy: 0.6931, Epsilon: 0.131
2026-03-29 08:28:28 | INFO | Episode  352 - Reward: 1.000, Length: 36, Loss: 0.0075, Entropy: 0.6931, Epsilon: 0.129
2026-03-29 08:28:30 | INFO | Episode  353 - Reward: 1.000, Length: 29, Loss: -0.0065, Entropy: 0.6931, Epsilon: 0.126
2026-03-29 08:28:32 | INFO | Episode  354 - Reward: 1.000, Length: 32, Loss: -0.0063, Entropy: 0.6931, Epsilon: 0.124
2026-03-29 08:28:35 | INFO | Episode  355 - Reward: 1.000, Length: 15, Loss: 0.0016, Entropy: 0.6931, Epsilon: 0.121
2026-03-29 08:28:37 | INFO | Episode  356 - Reward: 1.000, Length: 30, Loss: -0.0063, Entropy: 0.6931, Epsilon: 0.119
2026-03-29 08:28:39 | INFO | Episode  357 - Reward: 1.000, Length: 37, Loss: -0.0081, Entropy: 0.6931, Epsilon: 0.116
2026-03-29 08:28:42 | INFO | Episode  358 - Reward: 1.000, Length: 32, Loss: -0.0022, Entropy: 0.6931, Epsilon: 0.114
2026-03-29 08:28:44 | INFO | Episode  359 - Reward: 1.000, Length: 30, Loss: 0.0021, Entropy: 0.6931, Epsilon: 0.111
2026-03-29 08:28:46 | INFO | Episode  360 - Reward: 1.000, Length: 36, Loss: 0.0021, Entropy: 0.6931, Epsilon: 0.109
2026-03-29 08:28:48 | INFO | Episode  361 - Reward: 1.000, Length: 31, Loss: 0.0092, Entropy: 0.6931, Epsilon: 0.107
2026-03-29 08:28:50 | INFO | Episode  362 - Reward: 1.000, Length: 30, Loss: 0.0007, Entropy: 0.6931, Epsilon: 0.104
2026-03-29 08:28:53 | INFO | Episode  363 - Reward: 1.000, Length: 31, Loss: -0.0085, Entropy: 0.6931, Epsilon: 0.102
2026-03-29 08:28:55 | INFO | Episode  364 - Reward: 1.000, Length: 32, Loss: -0.0033, Entropy: 0.6931, Epsilon: 0.099
2026-03-29 08:28:57 | INFO | Episode  365 - Reward: 1.000, Length: 29, Loss: 0.0012, Entropy: 0.6931, Epsilon: 0.097
2026-03-29 08:28:59 | INFO | Episode  366 - Reward: 1.000, Length: 27, Loss: -0.0024, Entropy: 0.6931, Epsilon: 0.094
2026-03-29 08:29:01 | INFO | Episode  367 - Reward: 1.000, Length: 12, Loss: -0.0004, Entropy: 0.6931, Epsilon: 0.092
2026-03-29 08:29:04 | INFO | Episode  368 - Reward: 1.000, Length: 30, Loss: -0.0005, Entropy: 0.6931, Epsilon: 0.089
2026-03-29 08:29:06 | INFO | Episode  369 - Reward: 1.000, Length: 37, Loss: -0.0021, Entropy: 0.6931, Epsilon: 0.087
2026-03-29 08:29:08 | INFO | Episode  370 - Reward: 1.000, Length: 31, Loss: -0.0025, Entropy: 0.6931, Epsilon: 0.084
2026-03-29 08:29:11 | INFO | Episode  371 - Reward: 1.000, Length: 28, Loss: -0.0010, Entropy: 0.6931, Epsilon: 0.082
2026-03-29 08:29:13 | INFO | Episode  372 - Reward: 1.000, Length: 33, Loss: -0.0059, Entropy: 0.6931, Epsilon: 0.079
2026-03-29 08:29:15 | INFO | Episode  373 - Reward: 1.000, Length: 28, Loss: 0.0049, Entropy: 0.6931, Epsilon: 0.077
2026-03-29 08:29:17 | INFO | Episode  374 - Reward: 1.000, Length: 27, Loss: -0.0063, Entropy: 0.6931, Epsilon: 0.074
2026-03-29 08:29:20 | INFO | Episode  375 - Reward: 1.000, Length: 27, Loss: -0.0048, Entropy: 0.6931, Epsilon: 0.072
2026-03-29 08:29:22 | INFO | Episode  376 - Reward: 1.000, Length: 31, Loss: -0.0015, Entropy: 0.6931, Epsilon: 0.069
2026-03-29 08:29:24 | INFO | Episode  377 - Reward: 1.000, Length: 33, Loss: 0.0059, Entropy: 0.6931, Epsilon: 0.067
2026-03-29 08:29:27 | INFO | Episode  378 - Reward: 1.000, Length: 15, Loss: 0.0036, Entropy: 0.6931, Epsilon: 0.064
2026-03-29 08:29:29 | INFO | Episode  379 - Reward: 1.000, Length: 32, Loss: -0.0068, Entropy: 0.6931, Epsilon: 0.062
2026-03-29 08:29:31 | INFO | Episode  380 - Reward: 1.000, Length: 31, Loss: -0.0005, Entropy: 0.6931, Epsilon: 0.059
2026-03-29 08:29:33 | INFO | Episode  381 - Reward: 1.000, Length: 28, Loss: -0.0057, Entropy: 0.6931, Epsilon: 0.057
2026-03-29 08:29:35 | INFO | Episode  382 - Reward: 1.000, Length: 33, Loss: -0.0005, Entropy: 0.6931, Epsilon: 0.055
2026-03-29 08:29:37 | INFO | Episode  383 - Reward: 1.000, Length: 26, Loss: -0.0030, Entropy: 0.6931, Epsilon: 0.052
2026-03-29 08:29:40 | INFO | Episode  384 - Reward: 1.000, Length: 28, Loss: -0.0104, Entropy: 0.6931, Epsilon: 0.050
2026-03-29 08:29:42 | INFO | Episode  385 - Reward: 1.000, Length: 29, Loss: -0.0047, Entropy: 0.6931, Epsilon: 0.047
2026-03-29 08:29:44 | INFO | Episode  386 - Reward: 1.000, Length: 28, Loss: -0.0031, Entropy: 0.6931, Epsilon: 0.045
2026-03-29 08:29:46 | INFO | Episode  387 - Reward: 1.000, Length: 24, Loss: -0.0015, Entropy: 0.6931, Epsilon: 0.042
2026-03-29 08:29:48 | INFO | Episode  388 - Reward: 1.000, Length: 31, Loss: 0.0042, Entropy: 0.6931, Epsilon: 0.040
2026-03-29 08:29:51 | INFO | Episode  389 - Reward: 1.000, Length: 30, Loss: -0.0060, Entropy: 0.6931, Epsilon: 0.037
2026-03-29 08:29:53 | INFO | Episode  390 - Reward: 1.000, Length: 27, Loss: 0.0045, Entropy: 0.6931, Epsilon: 0.035
2026-03-29 08:29:55 | INFO | Episode  391 - Reward: 1.000, Length: 25, Loss: -0.0102, Entropy: 0.6931, Epsilon: 0.032
2026-03-29 08:29:58 | INFO | Episode  392 - Reward: 1.000, Length: 24, Loss: -0.0029, Entropy: 0.6931, Epsilon: 0.030
2026-03-29 08:30:00 | INFO | Episode  393 - Reward: 1.000, Length: 26, Loss: -0.0073, Entropy: 0.6931, Epsilon: 0.027
2026-03-29 08:30:02 | INFO | Episode  394 - Reward: 1.000, Length: 29, Loss: 0.0009, Entropy: 0.6931, Epsilon: 0.025
2026-03-29 08:30:05 | INFO | Episode  395 - Reward: 1.000, Length: 27, Loss: -0.0065, Entropy: 0.6931, Epsilon: 0.022
2026-03-29 08:30:07 | INFO | Episode  396 - Reward: 1.000, Length: 26, Loss: -0.0053, Entropy: 0.6931, Epsilon: 0.020
2026-03-29 08:30:09 | INFO | Episode  397 - Reward: 1.000, Length: 27, Loss: 0.0032, Entropy: 0.6931, Epsilon: 0.017
2026-03-29 08:30:12 | INFO | Episode  398 - Reward: 1.000, Length: 36, Loss: 0.0005, Entropy: 0.6931, Epsilon: 0.015
2026-03-29 08:30:14 | INFO | Episode  399 - Reward: 1.000, Length: 22, Loss: -0.0071, Entropy: 0.6931, Epsilon: 0.012
2026-03-29 08:30:16 | INFO | Episode  400 - Reward: 1.000, Length: 27, Loss: -0.0014, Entropy: 0.6931, Epsilon: 0.010
2026-03-29 08:30:27 | INFO | [Episode  400] eps=0.010  avg_reward=   1.000  avg_length= 28.72  avg_loss= -0.0021  avg_entropy=0.6931  eval_success=0.000
2026-03-29 08:30:29 | INFO | Episode  401 - Reward: 1.000, Length: 28, Loss: -0.0099, Entropy: 0.6931, Epsilon: 0.010
2026-03-29 08:30:31 | INFO | Episode  402 - Reward: 1.000, Length: 39, Loss: 0.0065, Entropy: 0.6931, Epsilon: 0.010
2026-03-29 08:30:33 | INFO | Episode  403 - Reward: 1.000, Length: 24, Loss: -0.0067, Entropy: 0.6931, Epsilon: 0.010
2026-03-29 08:30:36 | INFO | Episode  404 - Reward: 1.000, Length: 24, Loss: 0.0077, Entropy: 0.6931, Epsilon: 0.010
2026-03-29 08:30:38 | INFO | Episode  405 - Reward: 1.000, Length: 27, Loss: -0.0052, Entropy: 0.6931, Epsilon: 0.010
2026-03-29 08:30:40 | INFO | Episode  406 - Reward: 1.000, Length: 27, Loss: -0.0048, Entropy: 0.6931, Epsilon: 0.010
2026-03-29 08:30:43 | INFO | Episode  407 - Reward: 1.000, Length: 27, Loss: -0.0070, Entropy: 0.6931, Epsilon: 0.010
2026-03-29 08:30:45 | INFO | Episode  408 - Reward: 1.000, Length: 28, Loss: -0.0022, Entropy: 0.6931, Epsilon: 0.010
2026-03-29 08:30:48 | INFO | Episode  409 - Reward: 1.000, Length: 31, Loss: -0.0030, Entropy: 0.6931, Epsilon: 0.010
2026-03-29 08:30:50 | INFO | Episode  410 - Reward: 1.000, Length: 26, Loss: -0.0079, Entropy: 0.6931, Epsilon: 0.010
2026-03-29 08:30:52 | INFO | Episode  411 - Reward: 1.000, Length: 23, Loss: -0.0135, Entropy: 0.6931, Epsilon: 0.010
2026-03-29 08:30:54 | INFO | Episode  412 - Reward: 1.000, Length: 25, Loss: -0.0004, Entropy: 0.6931, Epsilon: 0.010
2026-03-29 08:30:57 | INFO | Episode  413 - Reward: 1.000, Length: 26, Loss: -0.0094, Entropy: 0.6931, Epsilon: 0.010
2026-03-29 08:30:59 | INFO | Episode  414 - Reward: 1.000, Length: 25, Loss: -0.0008, Entropy: 0.6931, Epsilon: 0.010
2026-03-29 08:31:01 | INFO | Episode  415 - Reward: 1.000, Length: 24, Loss: -0.0107, Entropy: 0.6931, Epsilon: 0.010
2026-03-29 08:31:04 | INFO | Episode  416 - Reward: 1.000, Length: 21, Loss: -0.0041, Entropy: 0.6931, Epsilon: 0.010
2026-03-29 08:31:06 | INFO | Episode  417 - Reward: 1.000, Length: 25, Loss: -0.0015, Entropy: 0.6930, Epsilon: 0.010
2026-03-29 08:31:08 | INFO | Episode  418 - Reward: 1.000, Length: 24, Loss: -0.0020, Entropy: 0.6930, Epsilon: 0.010
2026-03-29 08:31:10 | INFO | Episode  419 - Reward: 1.000, Length: 25, Loss: -0.0032, Entropy: 0.6931, Epsilon: 0.010
2026-03-29 08:31:13 | INFO | Episode  420 - Reward: 1.000, Length: 20, Loss: -0.0074, Entropy: 0.6931, Epsilon: 0.010
2026-03-29 08:31:15 | INFO | Episode  421 - Reward: 1.000, Length: 27, Loss: -0.0014, Entropy: 0.6931, Epsilon: 0.010
2026-03-29 08:31:17 | INFO | Episode  422 - Reward: 1.000, Length: 26, Loss: -0.0060, Entropy: 0.6931, Epsilon: 0.010
2026-03-29 08:31:19 | INFO | Episode  423 - Reward: 1.000, Length: 27, Loss: -0.0009, Entropy: 0.6931, Epsilon: 0.010
2026-03-29 08:31:22 | INFO | Episode  424 - Reward: 1.000, Length: 22, Loss: -0.0027, Entropy: 0.6931, Epsilon: 0.010
2026-03-29 08:31:24 | INFO | Episode  425 - Reward: 1.000, Length: 23, Loss: -0.0106, Entropy: 0.6931, Epsilon: 0.010
2026-03-29 08:31:26 | INFO | Episode  426 - Reward: 1.000, Length: 27, Loss: -0.0057, Entropy: 0.6930, Epsilon: 0.010
2026-03-29 08:31:28 | INFO | Episode  427 - Reward: 1.000, Length: 22, Loss: -0.0094, Entropy: 0.6930, Epsilon: 0.010
2026-03-29 08:31:30 | INFO | Episode  428 - Reward: 1.000, Length: 26, Loss: -0.0031, Entropy: 0.6930, Epsilon: 0.010
2026-03-29 08:31:33 | INFO | Episode  429 - Reward: 1.000, Length: 25, Loss: -0.0077, Entropy: 0.6930, Epsilon: 0.010
2026-03-29 08:31:35 | INFO | Episode  430 - Reward: 1.000, Length: 24, Loss: -0.0089, Entropy: 0.6930, Epsilon: 0.010
2026-03-29 08:31:37 | INFO | Episode  431 - Reward: 1.000, Length: 23, Loss: -0.0069, Entropy: 0.6930, Epsilon: 0.010
2026-03-29 08:31:39 | INFO | Episode  432 - Reward: 1.000, Length: 28, Loss: -0.0101, Entropy: 0.6930, Epsilon: 0.010
2026-03-29 08:31:42 | INFO | Episode  433 - Reward: 1.000, Length: 24, Loss: -0.0125, Entropy: 0.6930, Epsilon: 0.010
2026-03-29 08:31:44 | INFO | Episode  434 - Reward: 1.000, Length: 29, Loss: -0.0047, Entropy: 0.6930, Epsilon: 0.010
2026-03-29 08:31:46 | INFO | Episode  435 - Reward: 1.000, Length: 23, Loss: -0.0034, Entropy: 0.6930, Epsilon: 0.010
2026-03-29 08:31:48 | INFO | Episode  436 - Reward: 1.000, Length: 27, Loss: -0.0116, Entropy: 0.6930, Epsilon: 0.010
2026-03-29 08:31:50 | INFO | Episode  437 - Reward: 1.000, Length: 22, Loss: -0.0063, Entropy: 0.6930, Epsilon: 0.010
2026-03-29 08:31:53 | INFO | Episode  438 - Reward: 1.000, Length: 22, Loss: -0.0133, Entropy: 0.6930, Epsilon: 0.010
2026-03-29 08:31:55 | INFO | Episode  439 - Reward: 1.000, Length: 26, Loss: -0.0024, Entropy: 0.6930, Epsilon: 0.010
2026-03-29 08:31:58 | INFO | Episode  440 - Reward: 1.000, Length: 25, Loss: -0.0083, Entropy: 0.6930, Epsilon: 0.010
2026-03-29 08:32:00 | INFO | Episode  441 - Reward: 1.000, Length: 21, Loss: -0.0090, Entropy: 0.6930, Epsilon: 0.010
2026-03-29 08:32:02 | INFO | Episode  442 - Reward: 1.000, Length: 29, Loss: -0.0107, Entropy: 0.6930, Epsilon: 0.010
2026-03-29 08:32:05 | INFO | Episode  443 - Reward: 1.000, Length: 24, Loss: -0.0049, Entropy: 0.6930, Epsilon: 0.010
2026-03-29 08:32:07 | INFO | Episode  444 - Reward: 1.000, Length: 25, Loss: 0.0005, Entropy: 0.6930, Epsilon: 0.010
2026-03-29 08:32:09 | INFO | Episode  445 - Reward: 1.000, Length: 24, Loss: -0.0016, Entropy: 0.6930, Epsilon: 0.010
2026-03-29 08:32:11 | INFO | Episode  446 - Reward: 1.000, Length: 23, Loss: -0.0021, Entropy: 0.6930, Epsilon: 0.010
2026-03-29 08:32:13 | INFO | Episode  447 - Reward: 1.000, Length: 24, Loss: -0.0099, Entropy: 0.6930, Epsilon: 0.010
2026-03-29 08:32:15 | INFO | Episode  448 - Reward: 1.000, Length: 21, Loss: -0.0033, Entropy: 0.6930, Epsilon: 0.010
2026-03-29 08:32:17 | INFO | Episode  449 - Reward: 1.000, Length: 22, Loss: -0.0035, Entropy: 0.6930, Epsilon: 0.010
2026-03-29 08:32:20 | INFO | Episode  450 - Reward: 1.000, Length: 20, Loss: -0.0049, Entropy: 0.6930, Epsilon: 0.010
2026-03-29 08:32:29 | INFO | [Episode  450] eps=0.010  avg_reward=   1.000  avg_length= 25.00  avg_loss= -0.0054  avg_entropy=0.6930  eval_success=0.000
2026-03-29 08:32:32 | INFO | Episode  451 - Reward: 1.000, Length: 22, Loss: -0.0113, Entropy: 0.6930, Epsilon: 0.010
2026-03-29 08:32:34 | INFO | Episode  452 - Reward: 1.000, Length: 25, Loss: -0.0089, Entropy: 0.6930, Epsilon: 0.010
2026-03-29 08:32:36 | INFO | Episode  453 - Reward: 1.000, Length: 25, Loss: -0.0133, Entropy: 0.6930, Epsilon: 0.010
2026-03-29 08:32:38 | INFO | Episode  454 - Reward: 1.000, Length: 20, Loss: -0.0046, Entropy: 0.6930, Epsilon: 0.010
2026-03-29 08:32:40 | INFO | Episode  455 - Reward: 1.000, Length: 20, Loss: -0.0129, Entropy: 0.6930, Epsilon: 0.010
2026-03-29 08:32:43 | INFO | Episode  456 - Reward: 1.000, Length: 20, Loss: -0.0075, Entropy: 0.6930, Epsilon: 0.010
2026-03-29 08:32:45 | INFO | Episode  457 - Reward: 1.000, Length: 25, Loss: -0.0121, Entropy: 0.6930, Epsilon: 0.010
2026-03-29 08:32:47 | INFO | Episode  458 - Reward: 1.000, Length: 22, Loss: -0.0062, Entropy: 0.6930, Epsilon: 0.010
2026-03-29 08:32:49 | INFO | Episode  459 - Reward: 1.000, Length: 26, Loss: -0.0067, Entropy: 0.6930, Epsilon: 0.010
2026-03-29 08:32:52 | INFO | Episode  460 - Reward: 1.000, Length: 21, Loss: -0.0090, Entropy: 0.6930, Epsilon: 0.010
2026-03-29 08:32:54 | INFO | Episode  461 - Reward: 1.000, Length: 17, Loss: -0.0005, Entropy: 0.6930, Epsilon: 0.010
2026-03-29 08:32:56 | INFO | Episode  462 - Reward: 1.000, Length: 21, Loss: -0.0101, Entropy: 0.6930, Epsilon: 0.010
2026-03-29 08:32:58 | INFO | Episode  463 - Reward: 1.000, Length: 23, Loss: -0.0064, Entropy: 0.6930, Epsilon: 0.010
2026-03-29 08:33:00 | INFO | Episode  464 - Reward: 1.000, Length: 29, Loss: -0.0085, Entropy: 0.6930, Epsilon: 0.010
2026-03-29 08:33:02 | INFO | Episode  465 - Reward: 1.000, Length: 20, Loss: -0.0048, Entropy: 0.6930, Epsilon: 0.010
2026-03-29 08:33:04 | INFO | Episode  466 - Reward: 1.000, Length: 22, Loss: -0.0052, Entropy: 0.6930, Epsilon: 0.010
2026-03-29 08:33:06 | INFO | Episode  467 - Reward: 1.000, Length: 22, Loss: -0.0098, Entropy: 0.6930, Epsilon: 0.010
2026-03-29 08:33:09 | INFO | Episode  468 - Reward: 1.000, Length: 15, Loss: -0.0082, Entropy: 0.6930, Epsilon: 0.010
2026-03-29 08:33:11 | INFO | Episode  469 - Reward: 1.000, Length: 20, Loss: -0.0059, Entropy: 0.6930, Epsilon: 0.010
2026-03-29 08:33:14 | INFO | Episode  470 - Reward: 1.000, Length: 15, Loss: -0.0108, Entropy: 0.6930, Epsilon: 0.010
2026-03-29 08:33:16 | INFO | Episode  471 - Reward: 1.000, Length: 26, Loss: -0.0045, Entropy: 0.6930, Epsilon: 0.010
2026-03-29 08:33:18 | INFO | Episode  472 - Reward: 1.000, Length: 21, Loss: -0.0046, Entropy: 0.6930, Epsilon: 0.010
2026-03-29 08:33:20 | INFO | Episode  473 - Reward: 1.000, Length: 21, Loss: -0.0061, Entropy: 0.6930, Epsilon: 0.010
2026-03-29 08:33:22 | INFO | Episode  474 - Reward: 1.000, Length: 25, Loss: -0.0053, Entropy: 0.6930, Epsilon: 0.010
2026-03-29 08:33:24 | INFO | Episode  475 - Reward: 1.000, Length: 18, Loss: -0.0017, Entropy: 0.6929, Epsilon: 0.010
2026-03-29 08:33:27 | INFO | Episode  476 - Reward: 1.000, Length: 24, Loss: -0.0056, Entropy: 0.6930, Epsilon: 0.010
2026-03-29 08:33:29 | INFO | Episode  477 - Reward: 1.000, Length: 20, Loss: -0.0084, Entropy: 0.6930, Epsilon: 0.010
2026-03-29 08:33:31 | INFO | Episode  478 - Reward: 1.000, Length: 20, Loss: 0.0060, Entropy: 0.6930, Epsilon: 0.010
2026-03-29 08:33:34 | INFO | Episode  479 - Reward: 1.000, Length: 9, Loss: -0.0066, Entropy: 0.6930, Epsilon: 0.010
2026-03-29 08:33:36 | INFO | Episode  480 - Reward: 1.000, Length: 19, Loss: -0.0030, Entropy: 0.6930, Epsilon: 0.010
2026-03-29 08:33:38 | INFO | Episode  481 - Reward: 1.000, Length: 21, Loss: -0.0023, Entropy: 0.6929, Epsilon: 0.010
2026-03-29 08:33:40 | INFO | Episode  482 - Reward: 1.000, Length: 16, Loss: -0.0059, Entropy: 0.6930, Epsilon: 0.010
2026-03-29 08:33:43 | INFO | Episode  483 - Reward: 1.000, Length: 23, Loss: -0.0112, Entropy: 0.6930, Epsilon: 0.010
2026-03-29 08:33:45 | INFO | Episode  484 - Reward: 1.000, Length: 9, Loss: -0.0008, Entropy: 0.6930, Epsilon: 0.010
2026-03-29 08:33:48 | INFO | Episode  485 - Reward: 1.000, Length: 20, Loss: -0.0126, Entropy: 0.6930, Epsilon: 0.010
2026-03-29 08:33:50 | INFO | Episode  486 - Reward: 1.000, Length: 20, Loss: -0.0107, Entropy: 0.6929, Epsilon: 0.010
2026-03-29 08:33:53 | INFO | Episode  487 - Reward: 1.000, Length: 23, Loss: -0.0115, Entropy: 0.6929, Epsilon: 0.010
2026-03-29 08:33:55 | INFO | Episode  488 - Reward: 1.000, Length: 18, Loss: 0.0030, Entropy: 0.6929, Epsilon: 0.010
2026-03-29 08:33:58 | INFO | Episode  489 - Reward: 1.000, Length: 8, Loss: -0.0037, Entropy: 0.6929, Epsilon: 0.010
2026-03-29 08:34:00 | INFO | Episode  490 - Reward: 1.000, Length: 20, Loss: 0.0020, Entropy: 0.6929, Epsilon: 0.010
2026-03-29 08:34:03 | INFO | Episode  491 - Reward: 1.000, Length: 17, Loss: -0.0112, Entropy: 0.6929, Epsilon: 0.010
2026-03-29 08:34:06 | INFO | Episode  492 - Reward: 1.000, Length: 16, Loss: -0.0076, Entropy: 0.6929, Epsilon: 0.010
2026-03-29 08:34:08 | INFO | Episode  493 - Reward: 1.000, Length: 9, Loss: -0.0066, Entropy: 0.6929, Epsilon: 0.010
2026-03-29 08:34:11 | INFO | Episode  494 - Reward: 1.000, Length: 18, Loss: -0.0106, Entropy: 0.6929, Epsilon: 0.010
2026-03-29 08:34:13 | INFO | Episode  495 - Reward: 1.000, Length: 9, Loss: -0.0117, Entropy: 0.6929, Epsilon: 0.010
2026-03-29 08:34:16 | INFO | Episode  496 - Reward: 1.000, Length: 17, Loss: -0.0033, Entropy: 0.6929, Epsilon: 0.010
2026-03-29 08:34:17 | INFO | Episode  497 - Reward: 1.000, Length: 24, Loss: -0.0059, Entropy: 0.6929, Epsilon: 0.010
2026-03-29 08:34:19 | INFO | Episode  498 - Reward: 1.000, Length: 15, Loss: -0.0045, Entropy: 0.6929, Epsilon: 0.010
2026-03-29 08:34:21 | INFO | Episode  499 - Reward: 1.000, Length: 10, Loss: -0.0028, Entropy: 0.6929, Epsilon: 0.010
2026-03-29 08:34:22 | INFO | Episode  500 - Reward: 1.000, Length: 14, Loss: 0.0025, Entropy: 0.6929, Epsilon: 0.010
2026-03-29 08:34:26 | INFO | [Episode  500] eps=0.010  avg_reward=   1.000  avg_length= 19.20  avg_loss= -0.0064  avg_entropy=0.6929  eval_success=0.000
2026-03-29 08:34:26 | INFO | DQN+Entropy training: 20m 23.61s
2026-03-29 08:34:43 | INFO | [Final Eval] success=0.000, mean_reward=1.000
