2026-03-29 20:36:51 | INFO | ============================================================
2026-03-29 20:36:51 | INFO | DEVICE / COMPUTE INFORMATION
2026-03-29 20:36:51 | INFO |   JAX backend       : CPU
2026-03-29 20:36:51 | INFO |   Platform          : cpu
2026-03-29 20:36:51 | INFO |   Num devices       : 1
2026-03-29 20:36:51 | INFO |   Device            : TFRT_CPU_0
2026-03-29 20:36:51 | INFO | ============================================================
2026-03-29 20:36:51 | INFO | DQN+Entropy | seed=2, lr=0.01, gamma=0.99, alpha=0.01
2026-03-29 20:36:51 | INFO | Env: mountaincar/dense, obs_dim=2, num_actions=3
2026-03-29 20:36:52 | INFO | Episode    1 - Reward: -200.000, Length: 200, Loss: 0.0000, Entropy: 0.0000, Epsilon: 0.998
2026-03-29 20:36:53 | INFO | Episode    2 - Reward: -200.000, Length: 200, Loss: 0.9117, Entropy: 1.0985, Epsilon: 0.995
2026-03-29 20:36:54 | INFO | Episode    3 - Reward: -200.000, Length: 200, Loss: 0.8396, Entropy: 1.0985, Epsilon: 0.993
2026-03-29 20:36:54 | INFO | Episode    4 - Reward: -200.000, Length: 200, Loss: 0.9212, Entropy: 1.0985, Epsilon: 0.990
2026-03-29 20:36:55 | INFO | Episode    5 - Reward: -200.000, Length: 200, Loss: 0.8522, Entropy: 1.0985, Epsilon: 0.988
2026-03-29 20:36:55 | INFO | Episode    6 - Reward: -200.000, Length: 200, Loss: 0.9242, Entropy: 1.0985, Epsilon: 0.985
2026-03-29 20:36:56 | INFO | Episode    7 - Reward: -200.000, Length: 200, Loss: 0.8545, Entropy: 1.0985, Epsilon: 0.983
2026-03-29 20:36:56 | INFO | Episode    8 - Reward: -200.000, Length: 200, Loss: 0.7862, Entropy: 1.0985, Epsilon: 0.980
2026-03-29 20:36:57 | INFO | Episode    9 - Reward: -200.000, Length: 200, Loss: 0.9325, Entropy: 1.0985, Epsilon: 0.978
2026-03-29 20:36:57 | INFO | Episode   10 - Reward: -200.000, Length: 200, Loss: 0.8551, Entropy: 1.0986, Epsilon: 0.975
2026-03-29 20:36:58 | INFO | Episode   11 - Reward: -200.000, Length: 200, Loss: 0.9285, Entropy: 1.0985, Epsilon: 0.973
2026-03-29 20:36:58 | INFO | Episode   12 - Reward: -200.000, Length: 200, Loss: 0.8491, Entropy: 1.0985, Epsilon: 0.970
2026-03-29 20:36:59 | INFO | Episode   13 - Reward: -200.000, Length: 200, Loss: 0.7728, Entropy: 1.0985, Epsilon: 0.968
2026-03-29 20:36:59 | INFO | Episode   14 - Reward: -200.000, Length: 200, Loss: 0.9156, Entropy: 1.0985, Epsilon: 0.965
2026-03-29 20:37:00 | INFO | Episode   15 - Reward: -200.000, Length: 200, Loss: 0.8273, Entropy: 1.0985, Epsilon: 0.963
2026-03-29 20:37:00 | INFO | Episode   16 - Reward: -200.000, Length: 200, Loss: 0.9078, Entropy: 1.0985, Epsilon: 0.960
2026-03-29 20:37:01 | INFO | Episode   17 - Reward: -200.000, Length: 200, Loss: 0.8089, Entropy: 1.0984, Epsilon: 0.958
2026-03-29 20:37:01 | INFO | Episode   18 - Reward: -200.000, Length: 200, Loss: 0.7222, Entropy: 1.0984, Epsilon: 0.955
2026-03-29 20:37:02 | INFO | Episode   19 - Reward: -200.000, Length: 200, Loss: 0.8937, Entropy: 1.0984, Epsilon: 0.953
2026-03-29 20:37:02 | INFO | Episode   20 - Reward: -200.000, Length: 200, Loss: 0.7794, Entropy: 1.0984, Epsilon: 0.951
2026-03-29 20:37:02 | INFO | Episode   21 - Reward: -200.000, Length: 200, Loss: 0.8881, Entropy: 1.0984, Epsilon: 0.948
2026-03-29 20:37:03 | INFO | Episode   22 - Reward: -200.000, Length: 200, Loss: 0.7545, Entropy: 1.0984, Epsilon: 0.946
2026-03-29 20:37:03 | INFO | Episode   23 - Reward: -200.000, Length: 200, Loss: 0.6323, Entropy: 1.0984, Epsilon: 0.943
2026-03-29 20:37:04 | INFO | Episode   24 - Reward: -200.000, Length: 200, Loss: 0.8679, Entropy: 1.0984, Epsilon: 0.941
2026-03-29 20:37:04 | INFO | Episode   25 - Reward: -200.000, Length: 200, Loss: 0.7089, Entropy: 1.0983, Epsilon: 0.938
2026-03-29 20:37:05 | INFO | Episode   26 - Reward: -200.000, Length: 200, Loss: 0.8434, Entropy: 1.0983, Epsilon: 0.936
2026-03-29 20:37:05 | INFO | Episode   27 - Reward: -200.000, Length: 200, Loss: 0.6578, Entropy: 1.0983, Epsilon: 0.933
2026-03-29 20:37:06 | INFO | Episode   28 - Reward: -200.000, Length: 200, Loss: 0.4943, Entropy: 1.0983, Epsilon: 0.931
2026-03-29 20:37:06 | INFO | Episode   29 - Reward: -200.000, Length: 200, Loss: 0.8040, Entropy: 1.0983, Epsilon: 0.928
2026-03-29 20:37:07 | INFO | Episode   30 - Reward: -200.000, Length: 200, Loss: 0.5656, Entropy: 1.0982, Epsilon: 0.926
2026-03-29 20:37:07 | INFO | Episode   31 - Reward: -200.000, Length: 200, Loss: 0.7697, Entropy: 1.0982, Epsilon: 0.923
2026-03-29 20:37:08 | INFO | Episode   32 - Reward: -200.000, Length: 200, Loss: 0.4871, Entropy: 1.0982, Epsilon: 0.921
2026-03-29 20:37:08 | INFO | Episode   33 - Reward: -200.000, Length: 200, Loss: 0.2928, Entropy: 1.0983, Epsilon: 0.918
2026-03-29 20:37:09 | INFO | Episode   34 - Reward: -200.000, Length: 200, Loss: 0.7311, Entropy: 1.0984, Epsilon: 0.916
2026-03-29 20:37:09 | INFO | Episode   35 - Reward: -200.000, Length: 200, Loss: 0.3893, Entropy: 1.0984, Epsilon: 0.913
2026-03-29 20:37:10 | INFO | Episode   36 - Reward: -200.000, Length: 200, Loss: 0.7096, Entropy: 1.0983, Epsilon: 0.911
2026-03-29 20:37:10 | INFO | Episode   37 - Reward: -200.000, Length: 200, Loss: 0.2949, Entropy: 1.0985, Epsilon: 0.908
2026-03-29 20:37:11 | INFO | Episode   38 - Reward: -200.000, Length: 200, Loss: 0.1042, Entropy: 1.0986, Epsilon: 0.906
2026-03-29 20:37:11 | INFO | Episode   39 - Reward: -200.000, Length: 200, Loss: 0.6447, Entropy: 1.0985, Epsilon: 0.903
2026-03-29 20:37:12 | INFO | Episode   40 - Reward: -200.000, Length: 200, Loss: 0.2184, Entropy: 1.0985, Epsilon: 0.901
2026-03-29 20:37:12 | INFO | Episode   41 - Reward: -200.000, Length: 200, Loss: 0.5275, Entropy: 1.0985, Epsilon: 0.899
2026-03-29 20:37:13 | INFO | Episode   42 - Reward: -200.000, Length: 200, Loss: 0.1887, Entropy: 1.0986, Epsilon: 0.896
2026-03-29 20:37:13 | INFO | Episode   43 - Reward: -200.000, Length: 200, Loss: 0.1157, Entropy: 1.0986, Epsilon: 0.894
2026-03-29 20:37:14 | INFO | Episode   44 - Reward: -200.000, Length: 200, Loss: 0.4659, Entropy: 1.0986, Epsilon: 0.891
2026-03-29 20:37:14 | INFO | Episode   45 - Reward: -200.000, Length: 200, Loss: 0.1925, Entropy: 1.0986, Epsilon: 0.889
2026-03-29 20:37:15 | INFO | Episode   46 - Reward: -200.000, Length: 200, Loss: 0.4491, Entropy: 1.0985, Epsilon: 0.886
2026-03-29 20:37:15 | INFO | Episode   47 - Reward: -200.000, Length: 200, Loss: 0.3684, Entropy: 1.0984, Epsilon: 0.884
2026-03-29 20:37:15 | INFO | Episode   48 - Reward: -200.000, Length: 200, Loss: 0.3063, Entropy: 1.0985, Epsilon: 0.881
2026-03-29 20:37:16 | INFO | Episode   49 - Reward: -200.000, Length: 200, Loss: 0.4718, Entropy: 1.0985, Epsilon: 0.879
2026-03-29 20:37:16 | INFO | Episode   50 - Reward: -200.000, Length: 200, Loss: 0.1622, Entropy: 1.0985, Epsilon: 0.876
2026-03-29 20:37:24 | INFO | [Episode   50] eps=0.876  avg_reward=-200.000  avg_length=200.00  avg_loss=  0.6278  avg_entropy=1.0985  eval_success=0.000
2026-03-29 20:37:24 | INFO | Episode   51 - Reward: -200.000, Length: 200, Loss: 0.7737, Entropy: 1.0984, Epsilon: 0.874
2026-03-29 20:37:25 | INFO | Episode   52 - Reward: -200.000, Length: 200, Loss: 0.4427, Entropy: 1.0983, Epsilon: 0.871
2026-03-29 20:37:25 | INFO | Episode   53 - Reward: -200.000, Length: 200, Loss: 0.3952, Entropy: 1.0982, Epsilon: 0.869
2026-03-29 20:37:26 | INFO | Episode   54 - Reward: -200.000, Length: 200, Loss: 0.9601, Entropy: 1.0978, Epsilon: 0.866
2026-03-29 20:37:26 | INFO | Episode   55 - Reward: -200.000, Length: 200, Loss: 0.2593, Entropy: 1.0983, Epsilon: 0.864
2026-03-29 20:37:27 | INFO | Episode   56 - Reward: -200.000, Length: 200, Loss: 0.4432, Entropy: 1.0985, Epsilon: 0.861
2026-03-29 20:37:27 | INFO | Episode   57 - Reward: -200.000, Length: 200, Loss: 0.4977, Entropy: 1.0981, Epsilon: 0.859
2026-03-29 20:37:28 | INFO | Episode   58 - Reward: -200.000, Length: 200, Loss: 0.2600, Entropy: 1.0983, Epsilon: 0.856
2026-03-29 20:37:28 | INFO | Episode   59 - Reward: -200.000, Length: 200, Loss: 0.8756, Entropy: 1.0978, Epsilon: 0.854
2026-03-29 20:37:28 | INFO | Episode   60 - Reward: -200.000, Length: 200, Loss: 0.4151, Entropy: 1.0981, Epsilon: 0.852
2026-03-29 20:37:29 | INFO | Episode   61 - Reward: -200.000, Length: 200, Loss: 0.6427, Entropy: 1.0978, Epsilon: 0.849
2026-03-29 20:37:29 | INFO | Episode   62 - Reward: -200.000, Length: 200, Loss: 0.6979, Entropy: 1.0978, Epsilon: 0.847
2026-03-29 20:37:30 | INFO | Episode   63 - Reward: -200.000, Length: 200, Loss: 0.3603, Entropy: 1.0982, Epsilon: 0.844
2026-03-29 20:37:30 | INFO | Episode   64 - Reward: -200.000, Length: 200, Loss: 0.8269, Entropy: 1.0979, Epsilon: 0.842
2026-03-29 20:37:31 | INFO | Episode   65 - Reward: -200.000, Length: 200, Loss: 2.0351, Entropy: 1.0972, Epsilon: 0.839
2026-03-29 20:37:31 | INFO | Episode   66 - Reward: -200.000, Length: 200, Loss: 1.2338, Entropy: 1.0972, Epsilon: 0.837
2026-03-29 20:37:32 | INFO | Episode   67 - Reward: -200.000, Length: 200, Loss: 0.9001, Entropy: 1.0972, Epsilon: 0.834
2026-03-29 20:37:32 | INFO | Episode   68 - Reward: -200.000, Length: 200, Loss: 0.7753, Entropy: 1.0978, Epsilon: 0.832
2026-03-29 20:37:33 | INFO | Episode   69 - Reward: -200.000, Length: 200, Loss: 1.4539, Entropy: 1.0973, Epsilon: 0.829
2026-03-29 20:37:33 | INFO | Episode   70 - Reward: -200.000, Length: 200, Loss: 1.3523, Entropy: 1.0974, Epsilon: 0.827
2026-03-29 20:37:34 | INFO | Episode   71 - Reward: -200.000, Length: 200, Loss: 1.3035, Entropy: 1.0980, Epsilon: 0.824
2026-03-29 20:37:34 | INFO | Episode   72 - Reward: -200.000, Length: 200, Loss: 0.5926, Entropy: 1.0974, Epsilon: 0.822
2026-03-29 20:37:35 | INFO | Episode   73 - Reward: -200.000, Length: 200, Loss: 1.7059, Entropy: 1.0966, Epsilon: 0.819
2026-03-29 20:37:35 | INFO | Episode   74 - Reward: -200.000, Length: 200, Loss: 1.1338, Entropy: 1.0983, Epsilon: 0.817
2026-03-29 20:37:36 | INFO | Episode   75 - Reward: -200.000, Length: 200, Loss: 2.0107, Entropy: 1.0951, Epsilon: 0.814
2026-03-29 20:37:36 | INFO | Episode   76 - Reward: -200.000, Length: 200, Loss: 0.7867, Entropy: 1.0980, Epsilon: 0.812
2026-03-29 20:37:36 | INFO | Episode   77 - Reward: -200.000, Length: 200, Loss: 0.6692, Entropy: 1.0976, Epsilon: 0.809
2026-03-29 20:37:37 | INFO | Episode   78 - Reward: -200.000, Length: 200, Loss: 1.3759, Entropy: 1.0969, Epsilon: 0.807
2026-03-29 20:37:37 | INFO | Episode   79 - Reward: -200.000, Length: 200, Loss: 0.9501, Entropy: 1.0966, Epsilon: 0.804
2026-03-29 20:37:38 | INFO | Episode   80 - Reward: -200.000, Length: 200, Loss: 1.3011, Entropy: 1.0977, Epsilon: 0.802
2026-03-29 20:37:38 | INFO | Episode   81 - Reward: -200.000, Length: 200, Loss: 0.8252, Entropy: 1.0971, Epsilon: 0.800
2026-03-29 20:37:39 | INFO | Episode   82 - Reward: -200.000, Length: 200, Loss: 1.9173, Entropy: 1.0969, Epsilon: 0.797
2026-03-29 20:37:39 | INFO | Episode   83 - Reward: -200.000, Length: 200, Loss: 1.1139, Entropy: 1.0969, Epsilon: 0.795
2026-03-29 20:37:40 | INFO | Episode   84 - Reward: -200.000, Length: 200, Loss: 1.4363, Entropy: 1.0972, Epsilon: 0.792
2026-03-29 20:37:40 | INFO | Episode   85 - Reward: -200.000, Length: 200, Loss: 0.9662, Entropy: 1.0979, Epsilon: 0.790
2026-03-29 20:37:40 | INFO | Episode   86 - Reward: -200.000, Length: 200, Loss: 1.6994, Entropy: 1.0978, Epsilon: 0.787
2026-03-29 20:37:41 | INFO | Episode   87 - Reward: -200.000, Length: 200, Loss: 2.5720, Entropy: 1.0917, Epsilon: 0.785
2026-03-29 20:37:41 | INFO | Episode   88 - Reward: -200.000, Length: 200, Loss: 3.0135, Entropy: 1.0967, Epsilon: 0.782
2026-03-29 20:37:42 | INFO | Episode   89 - Reward: -200.000, Length: 200, Loss: 1.3844, Entropy: 1.0966, Epsilon: 0.780
2026-03-29 20:37:42 | INFO | Episode   90 - Reward: -200.000, Length: 200, Loss: 2.8074, Entropy: 1.0973, Epsilon: 0.777
2026-03-29 20:37:43 | INFO | Episode   91 - Reward: -200.000, Length: 200, Loss: 1.5864, Entropy: 1.0959, Epsilon: 0.775
2026-03-29 20:37:43 | INFO | Episode   92 - Reward: -200.000, Length: 200, Loss: 3.0913, Entropy: 1.0880, Epsilon: 0.772
2026-03-29 20:37:43 | INFO | Episode   93 - Reward: -200.000, Length: 200, Loss: 2.2531, Entropy: 1.0971, Epsilon: 0.770
2026-03-29 20:37:44 | INFO | Episode   94 - Reward: -200.000, Length: 200, Loss: 2.1482, Entropy: 1.0945, Epsilon: 0.767
2026-03-29 20:37:45 | INFO | Episode   95 - Reward: -200.000, Length: 200, Loss: 2.4384, Entropy: 1.0945, Epsilon: 0.765
2026-03-29 20:37:45 | INFO | Episode   96 - Reward: -200.000, Length: 200, Loss: 0.5927, Entropy: 1.0969, Epsilon: 0.762
2026-03-29 20:37:46 | INFO | Episode   97 - Reward: -200.000, Length: 200, Loss: 2.8036, Entropy: 1.0841, Epsilon: 0.760
2026-03-29 20:37:47 | INFO | Episode   98 - Reward: -200.000, Length: 200, Loss: 2.6612, Entropy: 1.0924, Epsilon: 0.757
2026-03-29 20:37:47 | INFO | Episode   99 - Reward: -200.000, Length: 200, Loss: 1.5181, Entropy: 1.0976, Epsilon: 0.755
2026-03-29 20:37:48 | INFO | Episode  100 - Reward: -200.000, Length: 200, Loss: 1.9006, Entropy: 1.0965, Epsilon: 0.752
2026-03-29 20:37:57 | INFO | [Episode  100] eps=0.752  avg_reward=-200.000  avg_length=200.00  avg_loss=  1.3232  avg_entropy=1.0965  eval_success=0.000
2026-03-29 20:37:57 | INFO | Episode  101 - Reward: -200.000, Length: 200, Loss: 2.3291, Entropy: 1.0952, Epsilon: 0.750
2026-03-29 20:37:58 | INFO | Episode  102 - Reward: -200.000, Length: 200, Loss: 1.9908, Entropy: 1.0960, Epsilon: 0.748
2026-03-29 20:37:59 | INFO | Episode  103 - Reward: -200.000, Length: 200, Loss: 1.2859, Entropy: 1.0937, Epsilon: 0.745
2026-03-29 20:37:59 | INFO | Episode  104 - Reward: -200.000, Length: 200, Loss: 1.9872, Entropy: 1.0967, Epsilon: 0.743
2026-03-29 20:38:00 | INFO | Episode  105 - Reward: -200.000, Length: 200, Loss: 1.5629, Entropy: 1.0883, Epsilon: 0.740
2026-03-29 20:38:01 | INFO | Episode  106 - Reward: -200.000, Length: 200, Loss: 3.5117, Entropy: 1.0960, Epsilon: 0.738
2026-03-29 20:38:01 | INFO | Episode  107 - Reward: -200.000, Length: 200, Loss: 3.4251, Entropy: 1.0895, Epsilon: 0.735
2026-03-29 20:38:02 | INFO | Episode  108 - Reward: -200.000, Length: 200, Loss: 1.8077, Entropy: 1.0945, Epsilon: 0.733
2026-03-29 20:38:03 | INFO | Episode  109 - Reward: -200.000, Length: 200, Loss: 1.2424, Entropy: 1.0955, Epsilon: 0.730
2026-03-29 20:38:03 | INFO | Episode  110 - Reward: -200.000, Length: 200, Loss: 2.4579, Entropy: 1.0962, Epsilon: 0.728
2026-03-29 20:38:04 | INFO | Episode  111 - Reward: -200.000, Length: 200, Loss: 0.6463, Entropy: 1.0979, Epsilon: 0.725
2026-03-29 20:38:05 | INFO | Episode  112 - Reward: -200.000, Length: 200, Loss: 1.4076, Entropy: 1.0976, Epsilon: 0.723
2026-03-29 20:38:05 | INFO | Episode  113 - Reward: -200.000, Length: 200, Loss: 1.3219, Entropy: 1.0962, Epsilon: 0.720
2026-03-29 20:38:06 | INFO | Episode  114 - Reward: -200.000, Length: 200, Loss: 3.0974, Entropy: 1.0902, Epsilon: 0.718
2026-03-29 20:38:07 | INFO | Episode  115 - Reward: -200.000, Length: 200, Loss: 2.2850, Entropy: 1.0937, Epsilon: 0.715
2026-03-29 20:38:07 | INFO | Episode  116 - Reward: -200.000, Length: 200, Loss: 2.9567, Entropy: 1.0928, Epsilon: 0.713
2026-03-29 20:38:08 | INFO | Episode  117 - Reward: -200.000, Length: 200, Loss: 3.7368, Entropy: 1.0938, Epsilon: 0.710
2026-03-29 20:38:09 | INFO | Episode  118 - Reward: -200.000, Length: 200, Loss: 4.7744, Entropy: 1.0781, Epsilon: 0.708
2026-03-29 20:38:09 | INFO | Episode  119 - Reward: -200.000, Length: 200, Loss: 2.9924, Entropy: 1.0971, Epsilon: 0.705
2026-03-29 20:38:10 | INFO | Episode  120 - Reward: -200.000, Length: 200, Loss: 1.4649, Entropy: 1.0971, Epsilon: 0.703
2026-03-29 20:38:11 | INFO | Episode  121 - Reward: -200.000, Length: 200, Loss: 1.4494, Entropy: 1.0936, Epsilon: 0.701
2026-03-29 20:38:11 | INFO | Episode  122 - Reward: -200.000, Length: 200, Loss: 0.9815, Entropy: 1.0975, Epsilon: 0.698
2026-03-29 20:38:12 | INFO | Episode  123 - Reward: -200.000, Length: 200, Loss: 4.1235, Entropy: 1.0862, Epsilon: 0.696
2026-03-29 20:38:13 | INFO | Episode  124 - Reward: -200.000, Length: 200, Loss: 1.5463, Entropy: 1.0961, Epsilon: 0.693
2026-03-29 20:38:13 | INFO | Episode  125 - Reward: -200.000, Length: 200, Loss: 2.2756, Entropy: 1.0937, Epsilon: 0.691
2026-03-29 20:38:14 | INFO | Episode  126 - Reward: -200.000, Length: 200, Loss: 0.8508, Entropy: 1.0960, Epsilon: 0.688
2026-03-29 20:38:15 | INFO | Episode  127 - Reward: -200.000, Length: 200, Loss: 1.4414, Entropy: 1.0949, Epsilon: 0.686
2026-03-29 20:38:15 | INFO | Episode  128 - Reward: -200.000, Length: 200, Loss: 2.9708, Entropy: 1.0977, Epsilon: 0.683
2026-03-29 20:38:16 | INFO | Episode  129 - Reward: -200.000, Length: 200, Loss: 1.0864, Entropy: 1.0976, Epsilon: 0.681
2026-03-29 20:38:17 | INFO | Episode  130 - Reward: -200.000, Length: 200, Loss: 1.2357, Entropy: 1.0940, Epsilon: 0.678
2026-03-29 20:38:17 | INFO | Episode  131 - Reward: -200.000, Length: 200, Loss: 2.0447, Entropy: 1.0834, Epsilon: 0.676
2026-03-29 20:38:18 | INFO | Episode  132 - Reward: -200.000, Length: 200, Loss: 2.8936, Entropy: 1.0920, Epsilon: 0.673
2026-03-29 20:38:19 | INFO | Episode  133 - Reward: -200.000, Length: 200, Loss: 1.9581, Entropy: 1.0965, Epsilon: 0.671
2026-03-29 20:38:19 | INFO | Episode  134 - Reward: -200.000, Length: 200, Loss: 2.5715, Entropy: 1.0952, Epsilon: 0.668
2026-03-29 20:38:20 | INFO | Episode  135 - Reward: -200.000, Length: 200, Loss: 3.4167, Entropy: 1.0966, Epsilon: 0.666
2026-03-29 20:38:21 | INFO | Episode  136 - Reward: -200.000, Length: 200, Loss: 1.5179, Entropy: 1.0953, Epsilon: 0.663
2026-03-29 20:38:21 | INFO | Episode  137 - Reward: -200.000, Length: 200, Loss: 3.9787, Entropy: 1.0928, Epsilon: 0.661
2026-03-29 20:38:22 | INFO | Episode  138 - Reward: -200.000, Length: 200, Loss: 8.3484, Entropy: 1.0877, Epsilon: 0.658
2026-03-29 20:38:23 | INFO | Episode  139 - Reward: -200.000, Length: 200, Loss: 2.0346, Entropy: 1.0975, Epsilon: 0.656
2026-03-29 20:38:23 | INFO | Episode  140 - Reward: -200.000, Length: 200, Loss: 2.7237, Entropy: 1.0966, Epsilon: 0.653
2026-03-29 20:38:24 | INFO | Episode  141 - Reward: -200.000, Length: 200, Loss: 1.4373, Entropy: 1.0966, Epsilon: 0.651
2026-03-29 20:38:25 | INFO | Episode  142 - Reward: -200.000, Length: 200, Loss: 0.5988, Entropy: 1.0976, Epsilon: 0.649
2026-03-29 20:38:25 | INFO | Episode  143 - Reward: -200.000, Length: 200, Loss: 0.0101, Entropy: 1.0986, Epsilon: 0.646
2026-03-29 20:38:26 | INFO | Episode  144 - Reward: -200.000, Length: 200, Loss: 0.9341, Entropy: 1.0976, Epsilon: 0.644
2026-03-29 20:38:27 | INFO | Episode  145 - Reward: -200.000, Length: 200, Loss: 1.7752, Entropy: 1.0964, Epsilon: 0.641
2026-03-29 20:38:27 | INFO | Episode  146 - Reward: -200.000, Length: 200, Loss: 2.2302, Entropy: 1.0889, Epsilon: 0.639
2026-03-29 20:38:29 | INFO | Episode  147 - Reward: -200.000, Length: 200, Loss: 1.8188, Entropy: 1.0970, Epsilon: 0.636
2026-03-29 20:38:29 | INFO | Episode  148 - Reward: -200.000, Length: 200, Loss: 2.5694, Entropy: 1.0940, Epsilon: 0.634
2026-03-29 20:38:30 | INFO | Episode  149 - Reward: -200.000, Length: 200, Loss: 2.1717, Entropy: 1.0949, Epsilon: 0.631
2026-03-29 20:38:31 | INFO | Episode  150 - Reward: -200.000, Length: 200, Loss: 1.9269, Entropy: 1.0954, Epsilon: 0.629
2026-03-29 20:38:39 | INFO | [Episode  150] eps=0.629  avg_reward=-200.000  avg_length=200.00  avg_loss=  2.2241  avg_entropy=1.0954  eval_success=0.000
2026-03-29 20:38:39 | INFO | Episode  151 - Reward: -200.000, Length: 200, Loss: 1.2981, Entropy: 1.0942, Epsilon: 0.626
2026-03-29 20:38:40 | INFO | Episode  152 - Reward: -200.000, Length: 200, Loss: 1.2479, Entropy: 1.0976, Epsilon: 0.624
2026-03-29 20:38:41 | INFO | Episode  153 - Reward: -200.000, Length: 200, Loss: 2.5883, Entropy: 1.0934, Epsilon: 0.621
2026-03-29 20:38:41 | INFO | Episode  154 - Reward: -200.000, Length: 200, Loss: 1.7602, Entropy: 1.0959, Epsilon: 0.619
2026-03-29 20:38:42 | INFO | Episode  155 - Reward: -200.000, Length: 200, Loss: 4.2131, Entropy: 1.0888, Epsilon: 0.616
2026-03-29 20:38:43 | INFO | Episode  156 - Reward: -200.000, Length: 200, Loss: 2.1000, Entropy: 1.0915, Epsilon: 0.614
2026-03-29 20:38:43 | INFO | Episode  157 - Reward: -200.000, Length: 200, Loss: 1.0129, Entropy: 1.0973, Epsilon: 0.611
2026-03-29 20:38:44 | INFO | Episode  158 - Reward: -200.000, Length: 200, Loss: 1.6366, Entropy: 1.0975, Epsilon: 0.609
2026-03-29 20:38:45 | INFO | Episode  159 - Reward: -200.000, Length: 200, Loss: 2.2510, Entropy: 1.0971, Epsilon: 0.606
2026-03-29 20:38:46 | INFO | Episode  160 - Reward: -200.000, Length: 200, Loss: 2.3396, Entropy: 1.0966, Epsilon: 0.604
2026-03-29 20:38:46 | INFO | Episode  161 - Reward: -200.000, Length: 200, Loss: 2.2913, Entropy: 1.0916, Epsilon: 0.602
2026-03-29 20:38:47 | INFO | Episode  162 - Reward: -200.000, Length: 200, Loss: 2.6219, Entropy: 1.0897, Epsilon: 0.599
2026-03-29 20:38:48 | INFO | Episode  163 - Reward: -200.000, Length: 200, Loss: 4.2646, Entropy: 1.0918, Epsilon: 0.597
2026-03-29 20:38:48 | INFO | Episode  164 - Reward: -200.000, Length: 200, Loss: 2.8175, Entropy: 1.0885, Epsilon: 0.594
2026-03-29 20:38:49 | INFO | Episode  165 - Reward: -200.000, Length: 200, Loss: 2.3701, Entropy: 1.0957, Epsilon: 0.592
2026-03-29 20:38:49 | INFO | Episode  166 - Reward: -200.000, Length: 200, Loss: 3.6178, Entropy: 1.0963, Epsilon: 0.589
2026-03-29 20:38:50 | INFO | Episode  167 - Reward: -200.000, Length: 200, Loss: 0.7355, Entropy: 1.0963, Epsilon: 0.587
2026-03-29 20:38:50 | INFO | Episode  168 - Reward: -200.000, Length: 200, Loss: 1.6838, Entropy: 1.0960, Epsilon: 0.584
2026-03-29 20:38:51 | INFO | Episode  169 - Reward: -200.000, Length: 200, Loss: 1.8190, Entropy: 1.0920, Epsilon: 0.582
2026-03-29 20:38:51 | INFO | Episode  170 - Reward: -200.000, Length: 200, Loss: 2.5836, Entropy: 1.0935, Epsilon: 0.579
2026-03-29 20:38:52 | INFO | Episode  171 - Reward: -200.000, Length: 200, Loss: 1.9207, Entropy: 1.0906, Epsilon: 0.577
2026-03-29 20:38:52 | INFO | Episode  172 - Reward: -200.000, Length: 200, Loss: 1.5053, Entropy: 1.0928, Epsilon: 0.574
2026-03-29 20:38:52 | INFO | Episode  173 - Reward: -200.000, Length: 200, Loss: 2.4094, Entropy: 1.0939, Epsilon: 0.572
2026-03-29 20:38:53 | INFO | Episode  174 - Reward: -200.000, Length: 200, Loss: 1.7041, Entropy: 1.0968, Epsilon: 0.569
2026-03-29 20:38:53 | INFO | Episode  175 - Reward: -200.000, Length: 200, Loss: 1.1496, Entropy: 1.0957, Epsilon: 0.567
2026-03-29 20:38:54 | INFO | Episode  176 - Reward: -200.000, Length: 200, Loss: 1.5600, Entropy: 1.0978, Epsilon: 0.564
2026-03-29 20:38:54 | INFO | Episode  177 - Reward: -200.000, Length: 200, Loss: 1.5103, Entropy: 1.0949, Epsilon: 0.562
2026-03-29 20:38:55 | INFO | Episode  178 - Reward: -200.000, Length: 200, Loss: 1.7026, Entropy: 1.0969, Epsilon: 0.559
2026-03-29 20:38:55 | INFO | Episode  179 - Reward: -200.000, Length: 200, Loss: 4.9977, Entropy: 1.0932, Epsilon: 0.557
2026-03-29 20:38:56 | INFO | Episode  180 - Reward: -200.000, Length: 200, Loss: 3.2734, Entropy: 1.0913, Epsilon: 0.554
2026-03-29 20:38:56 | INFO | Episode  181 - Reward: -200.000, Length: 200, Loss: 2.2818, Entropy: 1.0948, Epsilon: 0.552
2026-03-29 20:38:56 | INFO | Episode  182 - Reward: -200.000, Length: 200, Loss: 1.6220, Entropy: 1.0947, Epsilon: 0.550
2026-03-29 20:38:57 | INFO | Episode  183 - Reward: -200.000, Length: 200, Loss: 1.4909, Entropy: 1.0965, Epsilon: 0.547
2026-03-29 20:38:57 | INFO | Episode  184 - Reward: -200.000, Length: 200, Loss: 2.3413, Entropy: 1.0943, Epsilon: 0.545
2026-03-29 20:38:58 | INFO | Episode  185 - Reward: -200.000, Length: 200, Loss: 2.9632, Entropy: 1.0955, Epsilon: 0.542
2026-03-29 20:38:58 | INFO | Episode  186 - Reward: -200.000, Length: 200, Loss: 0.7264, Entropy: 1.0982, Epsilon: 0.540
2026-03-29 20:38:59 | INFO | Episode  187 - Reward: -200.000, Length: 200, Loss: 4.3118, Entropy: 1.0909, Epsilon: 0.537
2026-03-29 20:38:59 | INFO | Episode  188 - Reward: -200.000, Length: 200, Loss: 7.3990, Entropy: 1.0734, Epsilon: 0.535
2026-03-29 20:39:00 | INFO | Episode  189 - Reward: -200.000, Length: 200, Loss: 2.2633, Entropy: 1.0963, Epsilon: 0.532
2026-03-29 20:39:00 | INFO | Episode  190 - Reward: -200.000, Length: 200, Loss: 1.1985, Entropy: 1.0961, Epsilon: 0.530
2026-03-29 20:39:01 | INFO | Episode  191 - Reward: -200.000, Length: 200, Loss: 1.7655, Entropy: 1.0936, Epsilon: 0.527
2026-03-29 20:39:01 | INFO | Episode  192 - Reward: -200.000, Length: 200, Loss: 1.8272, Entropy: 1.0943, Epsilon: 0.525
2026-03-29 20:39:02 | INFO | Episode  193 - Reward: -200.000, Length: 200, Loss: 2.1612, Entropy: 1.0954, Epsilon: 0.522
2026-03-29 20:39:02 | INFO | Episode  194 - Reward: -200.000, Length: 200, Loss: 1.1599, Entropy: 1.0969, Epsilon: 0.520
2026-03-29 20:39:03 | INFO | Episode  195 - Reward: -200.000, Length: 200, Loss: 3.2833, Entropy: 1.0835, Epsilon: 0.517
2026-03-29 20:39:03 | INFO | Episode  196 - Reward: -200.000, Length: 200, Loss: 2.3491, Entropy: 1.0916, Epsilon: 0.515
2026-03-29 20:39:04 | INFO | Episode  197 - Reward: -200.000, Length: 200, Loss: 2.4126, Entropy: 1.0948, Epsilon: 0.512
2026-03-29 20:39:04 | INFO | Episode  198 - Reward: -200.000, Length: 200, Loss: 1.6867, Entropy: 1.0967, Epsilon: 0.510
2026-03-29 20:39:04 | INFO | Episode  199 - Reward: -200.000, Length: 200, Loss: 2.1434, Entropy: 1.0951, Epsilon: 0.507
2026-03-29 20:39:05 | INFO | Episode  200 - Reward: -200.000, Length: 200, Loss: 1.1050, Entropy: 1.0973, Epsilon: 0.505
2026-03-29 20:39:11 | INFO | [Episode  200] eps=0.505  avg_reward=-200.000  avg_length=200.00  avg_loss=  2.2695  avg_entropy=1.0973  eval_success=0.000
2026-03-29 20:39:11 | INFO | Episode  201 - Reward: -200.000, Length: 200, Loss: 2.4158, Entropy: 1.0930, Epsilon: 0.503
2026-03-29 20:39:12 | INFO | Episode  202 - Reward: -200.000, Length: 200, Loss: 10.7232, Entropy: 1.0714, Epsilon: 0.500
2026-03-29 20:39:12 | INFO | Episode  203 - Reward: -200.000, Length: 200, Loss: 17.4771, Entropy: 1.0837, Epsilon: 0.498
2026-03-29 20:39:13 | INFO | Episode  204 - Reward: -200.000, Length: 200, Loss: 0.6359, Entropy: 1.0966, Epsilon: 0.495
2026-03-29 20:39:13 | INFO | Episode  205 - Reward: -200.000, Length: 200, Loss: 1.1933, Entropy: 1.0973, Epsilon: 0.493
2026-03-29 20:39:14 | INFO | Episode  206 - Reward: -200.000, Length: 200, Loss: 0.4797, Entropy: 1.0982, Epsilon: 0.490
2026-03-29 20:39:14 | INFO | Episode  207 - Reward: -200.000, Length: 200, Loss: 0.5393, Entropy: 1.0980, Epsilon: 0.488
2026-03-29 20:39:14 | INFO | Episode  208 - Reward: -200.000, Length: 200, Loss: 1.9853, Entropy: 1.0952, Epsilon: 0.485
2026-03-29 20:39:15 | INFO | Episode  209 - Reward: -200.000, Length: 200, Loss: 1.3575, Entropy: 1.0952, Epsilon: 0.483
2026-03-29 20:39:15 | INFO | Episode  210 - Reward: -200.000, Length: 200, Loss: 1.7967, Entropy: 1.0941, Epsilon: 0.480
2026-03-29 20:39:16 | INFO | Episode  211 - Reward: -200.000, Length: 200, Loss: 1.9192, Entropy: 1.0968, Epsilon: 0.478
2026-03-29 20:39:16 | INFO | Episode  212 - Reward: -200.000, Length: 200, Loss: 2.6302, Entropy: 1.0953, Epsilon: 0.475
2026-03-29 20:39:17 | INFO | Episode  213 - Reward: -200.000, Length: 200, Loss: 1.8141, Entropy: 1.0949, Epsilon: 0.473
2026-03-29 20:39:17 | INFO | Episode  214 - Reward: -200.000, Length: 200, Loss: 0.7048, Entropy: 1.0974, Epsilon: 0.470
2026-03-29 20:39:18 | INFO | Episode  215 - Reward: -200.000, Length: 200, Loss: 1.0300, Entropy: 1.0970, Epsilon: 0.468
2026-03-29 20:39:18 | INFO | Episode  216 - Reward: -200.000, Length: 200, Loss: 1.9577, Entropy: 1.0952, Epsilon: 0.465
2026-03-29 20:39:18 | INFO | Episode  217 - Reward: -200.000, Length: 200, Loss: 4.3025, Entropy: 1.0879, Epsilon: 0.463
2026-03-29 20:39:19 | INFO | Episode  218 - Reward: -200.000, Length: 200, Loss: 2.6707, Entropy: 1.0961, Epsilon: 0.460
2026-03-29 20:39:19 | INFO | Episode  219 - Reward: -200.000, Length: 200, Loss: 2.0246, Entropy: 1.0950, Epsilon: 0.458
2026-03-29 20:39:20 | INFO | Episode  220 - Reward: -200.000, Length: 200, Loss: 1.4644, Entropy: 1.0952, Epsilon: 0.456
2026-03-29 20:39:20 | INFO | Episode  221 - Reward: -200.000, Length: 200, Loss: 1.6275, Entropy: 1.0960, Epsilon: 0.453
2026-03-29 20:39:21 | INFO | Episode  222 - Reward: -200.000, Length: 200, Loss: 1.7622, Entropy: 1.0971, Epsilon: 0.451
2026-03-29 20:39:21 | INFO | Episode  223 - Reward: -200.000, Length: 200, Loss: 3.1790, Entropy: 1.0894, Epsilon: 0.448
2026-03-29 20:39:22 | INFO | Episode  224 - Reward: -200.000, Length: 200, Loss: 2.2116, Entropy: 1.0953, Epsilon: 0.446
2026-03-29 20:39:22 | INFO | Episode  225 - Reward: -200.000, Length: 200, Loss: 2.4496, Entropy: 1.0951, Epsilon: 0.443
2026-03-29 20:39:22 | INFO | Episode  226 - Reward: -200.000, Length: 200, Loss: 1.9489, Entropy: 1.0951, Epsilon: 0.441
2026-03-29 20:39:23 | INFO | Episode  227 - Reward: -200.000, Length: 200, Loss: 2.4870, Entropy: 1.0960, Epsilon: 0.438
2026-03-29 20:39:23 | INFO | Episode  228 - Reward: -200.000, Length: 200, Loss: 2.8589, Entropy: 1.0902, Epsilon: 0.436
2026-03-29 20:39:24 | INFO | Episode  229 - Reward: -200.000, Length: 200, Loss: 2.2387, Entropy: 1.0869, Epsilon: 0.433
2026-03-29 20:39:24 | INFO | Episode  230 - Reward: -200.000, Length: 200, Loss: 2.5550, Entropy: 1.0841, Epsilon: 0.431
2026-03-29 20:39:25 | INFO | Episode  231 - Reward: -200.000, Length: 200, Loss: 2.6920, Entropy: 1.0926, Epsilon: 0.428
2026-03-29 20:39:25 | INFO | Episode  232 - Reward: -200.000, Length: 200, Loss: 2.6299, Entropy: 1.0936, Epsilon: 0.426
2026-03-29 20:39:26 | INFO | Episode  233 - Reward: -200.000, Length: 200, Loss: 1.6422, Entropy: 1.0932, Epsilon: 0.423
2026-03-29 20:39:26 | INFO | Episode  234 - Reward: -200.000, Length: 200, Loss: 1.1347, Entropy: 1.0965, Epsilon: 0.421
2026-03-29 20:39:26 | INFO | Episode  235 - Reward: -200.000, Length: 200, Loss: 2.4358, Entropy: 1.0903, Epsilon: 0.418
2026-03-29 20:39:27 | INFO | Episode  236 - Reward: -200.000, Length: 200, Loss: 2.8673, Entropy: 1.0947, Epsilon: 0.416
2026-03-29 20:39:27 | INFO | Episode  237 - Reward: -200.000, Length: 200, Loss: 1.4552, Entropy: 1.0976, Epsilon: 0.413
2026-03-29 20:39:28 | INFO | Episode  238 - Reward: -200.000, Length: 200, Loss: 3.0479, Entropy: 1.0889, Epsilon: 0.411
2026-03-29 20:39:28 | INFO | Episode  239 - Reward: -200.000, Length: 200, Loss: 3.2736, Entropy: 1.0798, Epsilon: 0.408
2026-03-29 20:39:29 | INFO | Episode  240 - Reward: -200.000, Length: 200, Loss: 4.3685, Entropy: 1.0909, Epsilon: 0.406
2026-03-29 20:39:29 | INFO | Episode  241 - Reward: -200.000, Length: 200, Loss: 0.9270, Entropy: 1.0979, Epsilon: 0.404
2026-03-29 20:39:30 | INFO | Episode  242 - Reward: -200.000, Length: 200, Loss: 2.0242, Entropy: 1.0969, Epsilon: 0.401
2026-03-29 20:39:30 | INFO | Episode  243 - Reward: -200.000, Length: 200, Loss: 2.2093, Entropy: 1.0919, Epsilon: 0.399
2026-03-29 20:39:31 | INFO | Episode  244 - Reward: -200.000, Length: 200, Loss: 1.1978, Entropy: 1.0950, Epsilon: 0.396
2026-03-29 20:39:31 | INFO | Episode  245 - Reward: -200.000, Length: 200, Loss: 1.3039, Entropy: 1.0969, Epsilon: 0.394
2026-03-29 20:39:31 | INFO | Episode  246 - Reward: -200.000, Length: 200, Loss: 1.9778, Entropy: 1.0961, Epsilon: 0.391
2026-03-29 20:39:32 | INFO | Episode  247 - Reward: -200.000, Length: 200, Loss: 1.9353, Entropy: 1.0961, Epsilon: 0.389
2026-03-29 20:39:32 | INFO | Episode  248 - Reward: -200.000, Length: 200, Loss: 2.7760, Entropy: 1.0954, Epsilon: 0.386
2026-03-29 20:39:33 | INFO | Episode  249 - Reward: -200.000, Length: 200, Loss: 2.3561, Entropy: 1.0926, Epsilon: 0.384
2026-03-29 20:39:34 | INFO | Episode  250 - Reward: -200.000, Length: 200, Loss: 3.0480, Entropy: 1.0931, Epsilon: 0.381
2026-03-29 20:39:40 | INFO | [Episode  250] eps=0.381  avg_reward=-200.000  avg_length=200.00  avg_loss=  2.5549  avg_entropy=1.0931  eval_success=0.000
2026-03-29 20:39:40 | INFO | Episode  251 - Reward: -200.000, Length: 200, Loss: 2.0387, Entropy: 1.0921, Epsilon: 0.379
2026-03-29 20:39:40 | INFO | Episode  252 - Reward: -200.000, Length: 200, Loss: 1.5253, Entropy: 1.0962, Epsilon: 0.376
2026-03-29 20:39:41 | INFO | Episode  253 - Reward: -200.000, Length: 200, Loss: 0.5256, Entropy: 1.0980, Epsilon: 0.374
2026-03-29 20:39:41 | INFO | Episode  254 - Reward: -200.000, Length: 200, Loss: 1.9984, Entropy: 1.0966, Epsilon: 0.371
2026-03-29 20:39:42 | INFO | Episode  255 - Reward: -200.000, Length: 200, Loss: 1.6301, Entropy: 1.0973, Epsilon: 0.369
2026-03-29 20:39:42 | INFO | Episode  256 - Reward: -200.000, Length: 200, Loss: 1.7053, Entropy: 1.0933, Epsilon: 0.366
2026-03-29 20:39:43 | INFO | Episode  257 - Reward: -200.000, Length: 200, Loss: 3.3295, Entropy: 1.0893, Epsilon: 0.364
2026-03-29 20:39:43 | INFO | Episode  258 - Reward: -200.000, Length: 200, Loss: 4.4225, Entropy: 1.0875, Epsilon: 0.361
2026-03-29 20:39:44 | INFO | Episode  259 - Reward: -200.000, Length: 200, Loss: 1.2899, Entropy: 1.0975, Epsilon: 0.359
2026-03-29 20:39:44 | INFO | Episode  260 - Reward: -200.000, Length: 200, Loss: 0.9679, Entropy: 1.0966, Epsilon: 0.357
2026-03-29 20:39:45 | INFO | Episode  261 - Reward: -200.000, Length: 200, Loss: 3.7554, Entropy: 1.0929, Epsilon: 0.354
2026-03-29 20:39:45 | INFO | Episode  262 - Reward: -200.000, Length: 200, Loss: 1.7395, Entropy: 1.0936, Epsilon: 0.352
2026-03-29 20:39:46 | INFO | Episode  263 - Reward: -200.000, Length: 200, Loss: 4.0005, Entropy: 1.0930, Epsilon: 0.349
2026-03-29 20:39:46 | INFO | Episode  264 - Reward: -200.000, Length: 200, Loss: 2.6360, Entropy: 1.0925, Epsilon: 0.347
2026-03-29 20:39:46 | INFO | Episode  265 - Reward: -200.000, Length: 200, Loss: 2.3061, Entropy: 1.0970, Epsilon: 0.344
2026-03-29 20:39:47 | INFO | Episode  266 - Reward: -200.000, Length: 200, Loss: 1.1799, Entropy: 1.0967, Epsilon: 0.342
2026-03-29 20:39:47 | INFO | Episode  267 - Reward: -200.000, Length: 200, Loss: 0.8865, Entropy: 1.0962, Epsilon: 0.339
2026-03-29 20:39:48 | INFO | Episode  268 - Reward: -200.000, Length: 200, Loss: 3.7871, Entropy: 1.0875, Epsilon: 0.337
2026-03-29 20:39:48 | INFO | Episode  269 - Reward: -200.000, Length: 200, Loss: 2.6918, Entropy: 1.0946, Epsilon: 0.334
2026-03-29 20:39:49 | INFO | Episode  270 - Reward: -200.000, Length: 200, Loss: 2.3663, Entropy: 1.0964, Epsilon: 0.332
2026-03-29 20:39:49 | INFO | Episode  271 - Reward: -200.000, Length: 200, Loss: 1.2641, Entropy: 1.0956, Epsilon: 0.329
2026-03-29 20:39:50 | INFO | Episode  272 - Reward: -200.000, Length: 200, Loss: 2.2087, Entropy: 1.0947, Epsilon: 0.327
2026-03-29 20:39:50 | INFO | Episode  273 - Reward: -200.000, Length: 200, Loss: 4.4089, Entropy: 1.0880, Epsilon: 0.324
2026-03-29 20:39:51 | INFO | Episode  274 - Reward: -200.000, Length: 200, Loss: 1.3046, Entropy: 1.0979, Epsilon: 0.322
2026-03-29 20:39:51 | INFO | Episode  275 - Reward: -200.000, Length: 200, Loss: 1.2586, Entropy: 1.0967, Epsilon: 0.319
2026-03-29 20:39:52 | INFO | Episode  276 - Reward: -200.000, Length: 200, Loss: 0.7691, Entropy: 1.0961, Epsilon: 0.317
2026-03-29 20:39:52 | INFO | Episode  277 - Reward: -200.000, Length: 200, Loss: 1.9992, Entropy: 1.0953, Epsilon: 0.314
2026-03-29 20:39:52 | INFO | Episode  278 - Reward: -200.000, Length: 200, Loss: 1.3105, Entropy: 1.0976, Epsilon: 0.312
2026-03-29 20:39:53 | INFO | Episode  279 - Reward: -200.000, Length: 200, Loss: 2.3616, Entropy: 1.0912, Epsilon: 0.309
2026-03-29 20:39:53 | INFO | Episode  280 - Reward: -200.000, Length: 200, Loss: 1.9617, Entropy: 1.0945, Epsilon: 0.307
2026-03-29 20:39:54 | INFO | Episode  281 - Reward: -200.000, Length: 200, Loss: 2.5329, Entropy: 1.0942, Epsilon: 0.305
2026-03-29 20:39:54 | INFO | Episode  282 - Reward: -200.000, Length: 200, Loss: 1.9755, Entropy: 1.0961, Epsilon: 0.302
2026-03-29 20:39:55 | INFO | Episode  283 - Reward: -200.000, Length: 200, Loss: 1.8969, Entropy: 1.0951, Epsilon: 0.300
2026-03-29 20:39:55 | INFO | Episode  284 - Reward: -200.000, Length: 200, Loss: 2.3113, Entropy: 1.0928, Epsilon: 0.297
2026-03-29 20:39:56 | INFO | Episode  285 - Reward: -200.000, Length: 200, Loss: 4.9139, Entropy: 1.0662, Epsilon: 0.295
2026-03-29 20:39:56 | INFO | Episode  286 - Reward: -200.000, Length: 200, Loss: 3.0239, Entropy: 1.0916, Epsilon: 0.292
2026-03-29 20:39:57 | INFO | Episode  287 - Reward: -200.000, Length: 200, Loss: 1.3465, Entropy: 1.0910, Epsilon: 0.290
2026-03-29 20:39:57 | INFO | Episode  288 - Reward: -200.000, Length: 200, Loss: 2.9868, Entropy: 1.0870, Epsilon: 0.287
2026-03-29 20:39:57 | INFO | Episode  289 - Reward: -200.000, Length: 200, Loss: 2.7469, Entropy: 1.0913, Epsilon: 0.285
2026-03-29 20:39:58 | INFO | Episode  290 - Reward: -200.000, Length: 200, Loss: 1.3053, Entropy: 1.0966, Epsilon: 0.282
2026-03-29 20:39:58 | INFO | Episode  291 - Reward: -200.000, Length: 200, Loss: 4.5863, Entropy: 1.0804, Epsilon: 0.280
2026-03-29 20:39:59 | INFO | Episode  292 - Reward: -200.000, Length: 200, Loss: 8.4740, Entropy: 1.0751, Epsilon: 0.277
2026-03-29 20:39:59 | INFO | Episode  293 - Reward: -200.000, Length: 200, Loss: 13.0362, Entropy: 1.0175, Epsilon: 0.275
2026-03-29 20:40:00 | INFO | Episode  294 - Reward: -200.000, Length: 200, Loss: 1.3800, Entropy: 1.0816, Epsilon: 0.272
2026-03-29 20:40:00 | INFO | Episode  295 - Reward: -200.000, Length: 200, Loss: 0.4732, Entropy: 1.0984, Epsilon: 0.270
2026-03-29 20:40:01 | INFO | Episode  296 - Reward: -200.000, Length: 200, Loss: 1.4537, Entropy: 1.0959, Epsilon: 0.267
2026-03-29 20:40:01 | INFO | Episode  297 - Reward: -200.000, Length: 200, Loss: 1.3624, Entropy: 1.0958, Epsilon: 0.265
2026-03-29 20:40:02 | INFO | Episode  298 - Reward: -200.000, Length: 200, Loss: 2.1623, Entropy: 1.0971, Epsilon: 0.262
2026-03-29 20:40:02 | INFO | Episode  299 - Reward: -200.000, Length: 200, Loss: 2.1627, Entropy: 1.0948, Epsilon: 0.260
2026-03-29 20:40:02 | INFO | Episode  300 - Reward: -200.000, Length: 200, Loss: 0.8887, Entropy: 1.0971, Epsilon: 0.258
2026-03-29 20:40:09 | INFO | [Episode  300] eps=0.258  avg_reward=-200.000  avg_length=200.00  avg_loss=  2.4930  avg_entropy=1.0971  eval_success=0.000
2026-03-29 20:40:10 | INFO | Episode  301 - Reward: -200.000, Length: 200, Loss: 2.2855, Entropy: 1.0960, Epsilon: 0.255
2026-03-29 20:40:10 | INFO | Episode  302 - Reward: -200.000, Length: 200, Loss: 1.9490, Entropy: 1.0977, Epsilon: 0.253
2026-03-29 20:40:11 | INFO | Episode  303 - Reward: -200.000, Length: 200, Loss: 1.9661, Entropy: 1.0967, Epsilon: 0.250
2026-03-29 20:40:11 | INFO | Episode  304 - Reward: -200.000, Length: 200, Loss: 3.3662, Entropy: 1.0935, Epsilon: 0.248
2026-03-29 20:40:12 | INFO | Episode  305 - Reward: -200.000, Length: 200, Loss: 2.0222, Entropy: 1.0959, Epsilon: 0.245
2026-03-29 20:40:12 | INFO | Episode  306 - Reward: -200.000, Length: 200, Loss: 1.7144, Entropy: 1.0955, Epsilon: 0.243
2026-03-29 20:40:13 | INFO | Episode  307 - Reward: -200.000, Length: 200, Loss: 1.9727, Entropy: 1.0974, Epsilon: 0.240
2026-03-29 20:40:13 | INFO | Episode  308 - Reward: -200.000, Length: 200, Loss: 0.4912, Entropy: 1.0974, Epsilon: 0.238
2026-03-29 20:40:14 | INFO | Episode  309 - Reward: -200.000, Length: 200, Loss: 2.4329, Entropy: 1.0936, Epsilon: 0.235
2026-03-29 20:40:14 | INFO | Episode  310 - Reward: -200.000, Length: 200, Loss: 1.5991, Entropy: 1.0963, Epsilon: 0.233
2026-03-29 20:40:15 | INFO | Episode  311 - Reward: -200.000, Length: 200, Loss: 1.8541, Entropy: 1.0968, Epsilon: 0.230
2026-03-29 20:40:15 | INFO | Episode  312 - Reward: -200.000, Length: 200, Loss: 2.9569, Entropy: 1.0921, Epsilon: 0.228
2026-03-29 20:40:16 | INFO | Episode  313 - Reward: -200.000, Length: 200, Loss: 1.9996, Entropy: 1.0926, Epsilon: 0.225
2026-03-29 20:40:17 | INFO | Episode  314 - Reward: -200.000, Length: 200, Loss: 2.0511, Entropy: 1.0947, Epsilon: 0.223
2026-03-29 20:40:17 | INFO | Episode  315 - Reward: -200.000, Length: 200, Loss: 2.7535, Entropy: 1.0920, Epsilon: 0.220
2026-03-29 20:40:18 | INFO | Episode  316 - Reward: -200.000, Length: 200, Loss: 1.3557, Entropy: 1.0967, Epsilon: 0.218
2026-03-29 20:40:19 | INFO | Episode  317 - Reward: -200.000, Length: 200, Loss: 2.4128, Entropy: 1.0912, Epsilon: 0.215
2026-03-29 20:40:20 | INFO | Episode  318 - Reward: -200.000, Length: 200, Loss: 5.0889, Entropy: 1.0798, Epsilon: 0.213
2026-03-29 20:40:20 | INFO | Episode  319 - Reward: -200.000, Length: 200, Loss: 2.5836, Entropy: 1.0922, Epsilon: 0.210
2026-03-29 20:40:21 | INFO | Episode  320 - Reward: -200.000, Length: 200, Loss: 2.6435, Entropy: 1.0933, Epsilon: 0.208
2026-03-29 20:40:22 | INFO | Episode  321 - Reward: -200.000, Length: 200, Loss: 0.9350, Entropy: 1.0975, Epsilon: 0.206
2026-03-29 20:40:22 | INFO | Episode  322 - Reward: -200.000, Length: 200, Loss: 2.4603, Entropy: 1.0978, Epsilon: 0.203
2026-03-29 20:40:23 | INFO | Episode  323 - Reward: -200.000, Length: 200, Loss: 2.6120, Entropy: 1.0954, Epsilon: 0.201
2026-03-29 20:40:24 | INFO | Episode  324 - Reward: -200.000, Length: 200, Loss: 3.0215, Entropy: 1.0948, Epsilon: 0.198
2026-03-29 20:40:24 | INFO | Episode  325 - Reward: -200.000, Length: 200, Loss: 1.9472, Entropy: 1.0932, Epsilon: 0.196
2026-03-29 20:40:25 | INFO | Episode  326 - Reward: -200.000, Length: 200, Loss: 1.5700, Entropy: 1.0969, Epsilon: 0.193
2026-03-29 20:40:26 | INFO | Episode  327 - Reward: -200.000, Length: 200, Loss: 2.5540, Entropy: 1.0912, Epsilon: 0.191
2026-03-29 20:40:27 | INFO | Episode  328 - Reward: -200.000, Length: 200, Loss: 1.7409, Entropy: 1.0939, Epsilon: 0.188
2026-03-29 20:40:27 | INFO | Episode  329 - Reward: -200.000, Length: 200, Loss: 1.7563, Entropy: 1.0960, Epsilon: 0.186
2026-03-29 20:40:28 | INFO | Episode  330 - Reward: -200.000, Length: 200, Loss: 2.7460, Entropy: 1.0960, Epsilon: 0.183
2026-03-29 20:40:29 | INFO | Episode  331 - Reward: -200.000, Length: 200, Loss: 2.8326, Entropy: 1.0945, Epsilon: 0.181
2026-03-29 20:40:30 | INFO | Episode  332 - Reward: -200.000, Length: 200, Loss: 4.3154, Entropy: 1.0834, Epsilon: 0.178
2026-03-29 20:40:30 | INFO | Episode  333 - Reward: -200.000, Length: 200, Loss: 3.5678, Entropy: 1.0814, Epsilon: 0.176
2026-03-29 20:40:31 | INFO | Episode  334 - Reward: -200.000, Length: 200, Loss: 2.9120, Entropy: 1.0924, Epsilon: 0.173
2026-03-29 20:40:32 | INFO | Episode  335 - Reward: -200.000, Length: 200, Loss: 1.6764, Entropy: 1.0955, Epsilon: 0.171
2026-03-29 20:40:32 | INFO | Episode  336 - Reward: -200.000, Length: 200, Loss: 2.4653, Entropy: 1.0896, Epsilon: 0.168
2026-03-29 20:40:33 | INFO | Episode  337 - Reward: -200.000, Length: 200, Loss: 3.8583, Entropy: 1.0798, Epsilon: 0.166
2026-03-29 20:40:34 | INFO | Episode  338 - Reward: -200.000, Length: 200, Loss: 2.9924, Entropy: 1.0892, Epsilon: 0.163
2026-03-29 20:40:34 | INFO | Episode  339 - Reward: -200.000, Length: 200, Loss: 1.6125, Entropy: 1.0960, Epsilon: 0.161
2026-03-29 20:40:35 | INFO | Episode  340 - Reward: -200.000, Length: 200, Loss: 2.3375, Entropy: 1.0920, Epsilon: 0.158
2026-03-29 20:40:36 | INFO | Episode  341 - Reward: -200.000, Length: 200, Loss: 1.8813, Entropy: 1.0951, Epsilon: 0.156
2026-03-29 20:40:36 | INFO | Episode  342 - Reward: -200.000, Length: 200, Loss: 3.3272, Entropy: 1.0916, Epsilon: 0.154
2026-03-29 20:40:37 | INFO | Episode  343 - Reward: -200.000, Length: 200, Loss: 1.9112, Entropy: 1.0966, Epsilon: 0.151
2026-03-29 20:40:38 | INFO | Episode  344 - Reward: -200.000, Length: 200, Loss: 2.1362, Entropy: 1.0949, Epsilon: 0.149
2026-03-29 20:40:38 | INFO | Episode  345 - Reward: -200.000, Length: 200, Loss: 0.5071, Entropy: 1.0973, Epsilon: 0.146
2026-03-29 20:40:40 | INFO | Episode  346 - Reward: -200.000, Length: 200, Loss: 2.7370, Entropy: 1.0948, Epsilon: 0.144
2026-03-29 20:40:40 | INFO | Episode  347 - Reward: -200.000, Length: 200, Loss: 2.3991, Entropy: 1.0965, Epsilon: 0.141
2026-03-29 20:40:41 | INFO | Episode  348 - Reward: -200.000, Length: 200, Loss: 2.9111, Entropy: 1.0901, Epsilon: 0.139
2026-03-29 20:40:42 | INFO | Episode  349 - Reward: -200.000, Length: 200, Loss: 1.7820, Entropy: 1.0896, Epsilon: 0.136
2026-03-29 20:40:43 | INFO | Episode  350 - Reward: -200.000, Length: 200, Loss: 1.3644, Entropy: 1.0950, Epsilon: 0.134
2026-03-29 20:40:51 | INFO | [Episode  350] eps=0.134  avg_reward=-200.000  avg_length=200.00  avg_loss=  2.3274  avg_entropy=1.0950  eval_success=0.000
2026-03-29 20:40:51 | INFO | Episode  351 - Reward: -200.000, Length: 200, Loss: 1.5286, Entropy: 1.0871, Epsilon: 0.131
2026-03-29 20:40:52 | INFO | Episode  352 - Reward: -200.000, Length: 200, Loss: 2.5386, Entropy: 1.0834, Epsilon: 0.129
2026-03-29 20:40:53 | INFO | Episode  353 - Reward: -200.000, Length: 200, Loss: 4.7130, Entropy: 1.0818, Epsilon: 0.126
2026-03-29 20:40:53 | INFO | Episode  354 - Reward: -200.000, Length: 200, Loss: 2.5457, Entropy: 1.0945, Epsilon: 0.124
2026-03-29 20:40:54 | INFO | Episode  355 - Reward: -200.000, Length: 200, Loss: 1.0376, Entropy: 1.0964, Epsilon: 0.121
2026-03-29 20:40:55 | INFO | Episode  356 - Reward: -200.000, Length: 200, Loss: 3.2949, Entropy: 1.0764, Epsilon: 0.119
2026-03-29 20:40:55 | INFO | Episode  357 - Reward: -200.000, Length: 200, Loss: 6.2903, Entropy: 1.0546, Epsilon: 0.116
2026-03-29 20:40:56 | INFO | Episode  358 - Reward: -200.000, Length: 200, Loss: 11.2569, Entropy: 1.0175, Epsilon: 0.114
2026-03-29 20:40:57 | INFO | Episode  359 - Reward: -200.000, Length: 200, Loss: 1.6544, Entropy: 1.0739, Epsilon: 0.111
2026-03-29 20:40:57 | INFO | Episode  360 - Reward: -200.000, Length: 200, Loss: 2.5179, Entropy: 1.0891, Epsilon: 0.109
2026-03-29 20:40:58 | INFO | Episode  361 - Reward: -200.000, Length: 200, Loss: 1.9485, Entropy: 1.0975, Epsilon: 0.107
2026-03-29 20:40:59 | INFO | Episode  362 - Reward: -200.000, Length: 200, Loss: 1.7652, Entropy: 1.0969, Epsilon: 0.104
2026-03-29 20:41:00 | INFO | Episode  363 - Reward: -200.000, Length: 200, Loss: 1.1798, Entropy: 1.0974, Epsilon: 0.102
2026-03-29 20:41:01 | INFO | Episode  364 - Reward: -200.000, Length: 200, Loss: 0.6976, Entropy: 1.0939, Epsilon: 0.099
2026-03-29 20:41:01 | INFO | Episode  365 - Reward: -200.000, Length: 200, Loss: 2.8324, Entropy: 1.0963, Epsilon: 0.097
2026-03-29 20:41:02 | INFO | Episode  366 - Reward: -200.000, Length: 200, Loss: 1.8039, Entropy: 1.0959, Epsilon: 0.094
2026-03-29 20:41:03 | INFO | Episode  367 - Reward: -200.000, Length: 200, Loss: 2.4235, Entropy: 1.0942, Epsilon: 0.092
2026-03-29 20:41:03 | INFO | Episode  368 - Reward: -200.000, Length: 200, Loss: 3.0187, Entropy: 1.0891, Epsilon: 0.089
2026-03-29 20:41:04 | INFO | Episode  369 - Reward: -200.000, Length: 200, Loss: 2.5388, Entropy: 1.0879, Epsilon: 0.087
2026-03-29 20:41:05 | INFO | Episode  370 - Reward: -200.000, Length: 200, Loss: 1.0085, Entropy: 1.0915, Epsilon: 0.084
2026-03-29 20:41:05 | INFO | Episode  371 - Reward: -200.000, Length: 200, Loss: 2.1446, Entropy: 1.0899, Epsilon: 0.082
2026-03-29 20:41:06 | INFO | Episode  372 - Reward: -200.000, Length: 200, Loss: 4.6878, Entropy: 1.0841, Epsilon: 0.079
2026-03-29 20:41:07 | INFO | Episode  373 - Reward: -200.000, Length: 200, Loss: 3.8949, Entropy: 1.0810, Epsilon: 0.077
2026-03-29 20:41:07 | INFO | Episode  374 - Reward: -200.000, Length: 200, Loss: 2.5086, Entropy: 1.0859, Epsilon: 0.074
2026-03-29 20:41:08 | INFO | Episode  375 - Reward: -200.000, Length: 200, Loss: 2.3338, Entropy: 1.0968, Epsilon: 0.072
2026-03-29 20:41:09 | INFO | Episode  376 - Reward: -200.000, Length: 200, Loss: 4.0335, Entropy: 1.0711, Epsilon: 0.069
2026-03-29 20:41:09 | INFO | Episode  377 - Reward: -200.000, Length: 200, Loss: 5.7043, Entropy: 0.9989, Epsilon: 0.067
2026-03-29 20:41:10 | INFO | Episode  378 - Reward: -200.000, Length: 200, Loss: 14.2689, Entropy: 0.9746, Epsilon: 0.064
2026-03-29 20:41:11 | INFO | Episode  379 - Reward: -200.000, Length: 200, Loss: 1.5415, Entropy: 1.0741, Epsilon: 0.062
2026-03-29 20:41:11 | INFO | Episode  380 - Reward: -200.000, Length: 200, Loss: 1.5197, Entropy: 1.0957, Epsilon: 0.059
2026-03-29 20:41:13 | INFO | Episode  381 - Reward: -200.000, Length: 200, Loss: 0.9777, Entropy: 1.0934, Epsilon: 0.057
2026-03-29 20:41:13 | INFO | Episode  382 - Reward: -200.000, Length: 200, Loss: 1.1130, Entropy: 1.0984, Epsilon: 0.055
2026-03-29 20:41:14 | INFO | Episode  383 - Reward: -200.000, Length: 200, Loss: 1.6278, Entropy: 1.0937, Epsilon: 0.052
2026-03-29 20:41:15 | INFO | Episode  384 - Reward: -200.000, Length: 200, Loss: 2.3979, Entropy: 1.0931, Epsilon: 0.050
2026-03-29 20:41:16 | INFO | Episode  385 - Reward: -200.000, Length: 200, Loss: 0.3319, Entropy: 1.0938, Epsilon: 0.047
2026-03-29 20:41:16 | INFO | Episode  386 - Reward: -200.000, Length: 200, Loss: 2.0805, Entropy: 1.0895, Epsilon: 0.045
2026-03-29 20:41:17 | INFO | Episode  387 - Reward: -200.000, Length: 200, Loss: 1.8562, Entropy: 1.0957, Epsilon: 0.042
2026-03-29 20:41:18 | INFO | Episode  388 - Reward: -200.000, Length: 200, Loss: 3.6890, Entropy: 1.0832, Epsilon: 0.040
2026-03-29 20:41:18 | INFO | Episode  389 - Reward: -200.000, Length: 200, Loss: 2.2968, Entropy: 1.0923, Epsilon: 0.037
2026-03-29 20:41:19 | INFO | Episode  390 - Reward: -200.000, Length: 200, Loss: 2.0287, Entropy: 1.0938, Epsilon: 0.035
2026-03-29 20:41:20 | INFO | Episode  391 - Reward: -200.000, Length: 200, Loss: 1.6117, Entropy: 1.0971, Epsilon: 0.032
2026-03-29 20:41:20 | INFO | Episode  392 - Reward: -200.000, Length: 200, Loss: 0.5997, Entropy: 1.0970, Epsilon: 0.030
2026-03-29 20:41:21 | INFO | Episode  393 - Reward: -200.000, Length: 200, Loss: 1.2488, Entropy: 1.0976, Epsilon: 0.027
2026-03-29 20:41:22 | INFO | Episode  394 - Reward: -200.000, Length: 200, Loss: 0.3411, Entropy: 1.0933, Epsilon: 0.025
2026-03-29 20:41:22 | INFO | Episode  395 - Reward: -200.000, Length: 200, Loss: 1.9482, Entropy: 1.0911, Epsilon: 0.022
2026-03-29 20:41:23 | INFO | Episode  396 - Reward: -200.000, Length: 200, Loss: 2.8750, Entropy: 1.0899, Epsilon: 0.020
2026-03-29 20:41:23 | INFO | Episode  397 - Reward: -200.000, Length: 200, Loss: 2.5476, Entropy: 1.0882, Epsilon: 0.017
2026-03-29 20:41:24 | INFO | Episode  398 - Reward: -200.000, Length: 200, Loss: 2.7247, Entropy: 1.0923, Epsilon: 0.015
2026-03-29 20:41:24 | INFO | Episode  399 - Reward: -200.000, Length: 200, Loss: 3.1541, Entropy: 1.0953, Epsilon: 0.012
2026-03-29 20:41:25 | INFO | Episode  400 - Reward: -200.000, Length: 200, Loss: 2.8643, Entropy: 1.0901, Epsilon: 0.010
2026-03-29 20:41:30 | INFO | [Episode  400] eps=0.010  avg_reward=-200.000  avg_length=200.00  avg_loss=  2.7509  avg_entropy=1.0901  eval_success=0.000
2026-03-29 20:41:31 | INFO | Episode  401 - Reward: -200.000, Length: 200, Loss: 2.4674, Entropy: 1.0832, Epsilon: 0.010
2026-03-29 20:41:31 | INFO | Episode  402 - Reward: -200.000, Length: 200, Loss: 2.1483, Entropy: 1.0917, Epsilon: 0.010
2026-03-29 20:41:32 | INFO | Episode  403 - Reward: -200.000, Length: 200, Loss: 1.8164, Entropy: 1.0960, Epsilon: 0.010
2026-03-29 20:41:32 | INFO | Episode  404 - Reward: -200.000, Length: 200, Loss: 1.3772, Entropy: 1.0920, Epsilon: 0.010
2026-03-29 20:41:33 | INFO | Episode  405 - Reward: -200.000, Length: 200, Loss: 2.8167, Entropy: 1.0971, Epsilon: 0.010
2026-03-29 20:41:33 | INFO | Episode  406 - Reward: -200.000, Length: 200, Loss: 1.7987, Entropy: 1.0787, Epsilon: 0.010
2026-03-29 20:41:34 | INFO | Episode  407 - Reward: -200.000, Length: 200, Loss: 2.2781, Entropy: 1.0799, Epsilon: 0.010
2026-03-29 20:41:34 | INFO | Episode  408 - Reward: -200.000, Length: 200, Loss: 4.8423, Entropy: 1.0655, Epsilon: 0.010
2026-03-29 20:41:35 | INFO | Episode  409 - Reward: -200.000, Length: 200, Loss: 2.3312, Entropy: 1.0862, Epsilon: 0.010
2026-03-29 20:41:35 | INFO | Episode  410 - Reward: -200.000, Length: 200, Loss: 1.2221, Entropy: 1.0958, Epsilon: 0.010
2026-03-29 20:41:36 | INFO | Episode  411 - Reward: -200.000, Length: 200, Loss: 3.5285, Entropy: 1.0590, Epsilon: 0.010
2026-03-29 20:41:36 | INFO | Episode  412 - Reward: -200.000, Length: 200, Loss: 2.0719, Entropy: 1.0831, Epsilon: 0.010
2026-03-29 20:41:37 | INFO | Episode  413 - Reward: -200.000, Length: 200, Loss: 3.6082, Entropy: 1.0779, Epsilon: 0.010
2026-03-29 20:41:37 | INFO | Episode  414 - Reward: -200.000, Length: 200, Loss: 1.1404, Entropy: 1.0955, Epsilon: 0.010
2026-03-29 20:41:37 | INFO | Episode  415 - Reward: -200.000, Length: 200, Loss: 1.8398, Entropy: 1.0909, Epsilon: 0.010
2026-03-29 20:41:38 | INFO | Episode  416 - Reward: -200.000, Length: 200, Loss: 2.7719, Entropy: 1.0887, Epsilon: 0.010
2026-03-29 20:41:39 | INFO | Episode  417 - Reward: -200.000, Length: 200, Loss: 1.1178, Entropy: 1.0874, Epsilon: 0.010
2026-03-29 20:41:39 | INFO | Episode  418 - Reward: -200.000, Length: 200, Loss: 1.7409, Entropy: 1.0942, Epsilon: 0.010
2026-03-29 20:41:40 | INFO | Episode  419 - Reward: -200.000, Length: 200, Loss: 2.3658, Entropy: 1.0778, Epsilon: 0.010
2026-03-29 20:41:41 | INFO | Episode  420 - Reward: -200.000, Length: 200, Loss: 3.1589, Entropy: 1.0760, Epsilon: 0.010
2026-03-29 20:41:41 | INFO | Episode  421 - Reward: -200.000, Length: 200, Loss: 3.5290, Entropy: 1.0803, Epsilon: 0.010
2026-03-29 20:41:41 | INFO | Episode  422 - Reward: -200.000, Length: 200, Loss: 1.7356, Entropy: 1.0790, Epsilon: 0.010
2026-03-29 20:41:42 | INFO | Episode  423 - Reward: -200.000, Length: 200, Loss: 1.8535, Entropy: 1.0894, Epsilon: 0.010
2026-03-29 20:41:42 | INFO | Episode  424 - Reward: -200.000, Length: 200, Loss: 1.2961, Entropy: 1.0752, Epsilon: 0.010
2026-03-29 20:41:43 | INFO | Episode  425 - Reward: -200.000, Length: 200, Loss: 1.6298, Entropy: 1.0743, Epsilon: 0.010
2026-03-29 20:41:43 | INFO | Episode  426 - Reward: -200.000, Length: 200, Loss: 1.7451, Entropy: 1.0937, Epsilon: 0.010
2026-03-29 20:41:44 | INFO | Episode  427 - Reward: -200.000, Length: 200, Loss: 1.1759, Entropy: 1.0891, Epsilon: 0.010
2026-03-29 20:41:45 | INFO | Episode  428 - Reward: -200.000, Length: 200, Loss: 1.9387, Entropy: 1.0739, Epsilon: 0.010
2026-03-29 20:41:45 | INFO | Episode  429 - Reward: -200.000, Length: 200, Loss: 1.1611, Entropy: 1.0897, Epsilon: 0.010
2026-03-29 20:41:46 | INFO | Episode  430 - Reward: -200.000, Length: 200, Loss: 2.7869, Entropy: 1.0815, Epsilon: 0.010
2026-03-29 20:41:46 | INFO | Episode  431 - Reward: -200.000, Length: 200, Loss: 1.5406, Entropy: 1.0832, Epsilon: 0.010
2026-03-29 20:41:47 | INFO | Episode  432 - Reward: -200.000, Length: 200, Loss: 1.7775, Entropy: 1.0902, Epsilon: 0.010
2026-03-29 20:41:47 | INFO | Episode  433 - Reward: -200.000, Length: 200, Loss: 0.8704, Entropy: 1.0972, Epsilon: 0.010
2026-03-29 20:41:48 | INFO | Episode  434 - Reward: -200.000, Length: 200, Loss: 2.3785, Entropy: 1.0792, Epsilon: 0.010
2026-03-29 20:41:48 | INFO | Episode  435 - Reward: -200.000, Length: 200, Loss: 0.8902, Entropy: 1.0797, Epsilon: 0.010
2026-03-29 20:41:49 | INFO | Episode  436 - Reward: -200.000, Length: 200, Loss: 1.0083, Entropy: 1.0946, Epsilon: 0.010
2026-03-29 20:41:49 | INFO | Episode  437 - Reward: -200.000, Length: 200, Loss: 1.2299, Entropy: 1.0931, Epsilon: 0.010
2026-03-29 20:41:50 | INFO | Episode  438 - Reward: -200.000, Length: 200, Loss: 2.2310, Entropy: 1.0859, Epsilon: 0.010
2026-03-29 20:41:50 | INFO | Episode  439 - Reward: -200.000, Length: 200, Loss: 1.6800, Entropy: 1.0801, Epsilon: 0.010
2026-03-29 20:41:51 | INFO | Episode  440 - Reward: -200.000, Length: 200, Loss: 2.8626, Entropy: 1.0594, Epsilon: 0.010
2026-03-29 20:41:51 | INFO | Episode  441 - Reward: -200.000, Length: 200, Loss: 2.3450, Entropy: 1.0725, Epsilon: 0.010
2026-03-29 20:41:52 | INFO | Episode  442 - Reward: -200.000, Length: 200, Loss: 2.4903, Entropy: 1.0730, Epsilon: 0.010
2026-03-29 20:41:52 | INFO | Episode  443 - Reward: -200.000, Length: 200, Loss: 3.0321, Entropy: 1.0652, Epsilon: 0.010
2026-03-29 20:41:53 | INFO | Episode  444 - Reward: -200.000, Length: 200, Loss: 1.3406, Entropy: 1.0924, Epsilon: 0.010
2026-03-29 20:41:53 | INFO | Episode  445 - Reward: -200.000, Length: 200, Loss: 0.6328, Entropy: 1.0950, Epsilon: 0.010
2026-03-29 20:41:54 | INFO | Episode  446 - Reward: -200.000, Length: 200, Loss: 1.8086, Entropy: 1.0948, Epsilon: 0.010
2026-03-29 20:41:54 | INFO | Episode  447 - Reward: -200.000, Length: 200, Loss: 0.7986, Entropy: 1.0974, Epsilon: 0.010
2026-03-29 20:41:55 | INFO | Episode  448 - Reward: -200.000, Length: 200, Loss: 0.5561, Entropy: 1.0959, Epsilon: 0.010
2026-03-29 20:41:55 | INFO | Episode  449 - Reward: -200.000, Length: 200, Loss: 3.4796, Entropy: 1.0685, Epsilon: 0.010
2026-03-29 20:41:56 | INFO | Episode  450 - Reward: -200.000, Length: 200, Loss: 2.4157, Entropy: 1.0569, Epsilon: 0.010
2026-03-29 20:42:02 | INFO | [Episode  450] eps=0.010  avg_reward=-200.000  avg_length=200.00  avg_loss=  2.0133  avg_entropy=1.0569  eval_success=0.000
2026-03-29 20:42:02 | INFO | Episode  451 - Reward: -200.000, Length: 200, Loss: 2.0036, Entropy: 1.0660, Epsilon: 0.010
2026-03-29 20:42:03 | INFO | Episode  452 - Reward: -200.000, Length: 200, Loss: 1.3986, Entropy: 1.0641, Epsilon: 0.010
2026-03-29 20:42:03 | INFO | Episode  453 - Reward: -200.000, Length: 200, Loss: 1.9121, Entropy: 1.0661, Epsilon: 0.010
2026-03-29 20:42:04 | INFO | Episode  454 - Reward: -200.000, Length: 200, Loss: 1.5668, Entropy: 1.0794, Epsilon: 0.010
2026-03-29 20:42:04 | INFO | Episode  455 - Reward: -200.000, Length: 200, Loss: 1.7262, Entropy: 1.0857, Epsilon: 0.010
2026-03-29 20:42:05 | INFO | Episode  456 - Reward: -200.000, Length: 200, Loss: 1.2682, Entropy: 1.0812, Epsilon: 0.010
2026-03-29 20:42:05 | INFO | Episode  457 - Reward: -200.000, Length: 200, Loss: 1.6289, Entropy: 1.0911, Epsilon: 0.010
2026-03-29 20:42:06 | INFO | Episode  458 - Reward: -200.000, Length: 200, Loss: 1.2193, Entropy: 1.0827, Epsilon: 0.010
2026-03-29 20:42:06 | INFO | Episode  459 - Reward: -200.000, Length: 200, Loss: 1.7893, Entropy: 1.0823, Epsilon: 0.010
2026-03-29 20:42:07 | INFO | Episode  460 - Reward: -200.000, Length: 200, Loss: 1.0506, Entropy: 1.0725, Epsilon: 0.010
2026-03-29 20:42:07 | INFO | Episode  461 - Reward: -200.000, Length: 200, Loss: 1.9872, Entropy: 1.0826, Epsilon: 0.010
2026-03-29 20:42:08 | INFO | Episode  462 - Reward: -200.000, Length: 200, Loss: 2.9647, Entropy: 1.0789, Epsilon: 0.010
2026-03-29 20:42:08 | INFO | Episode  463 - Reward: -200.000, Length: 200, Loss: 1.8814, Entropy: 1.0758, Epsilon: 0.010
2026-03-29 20:42:09 | INFO | Episode  464 - Reward: -200.000, Length: 200, Loss: 2.1554, Entropy: 1.0890, Epsilon: 0.010
2026-03-29 20:42:09 | INFO | Episode  465 - Reward: -200.000, Length: 200, Loss: 1.2278, Entropy: 1.0857, Epsilon: 0.010
2026-03-29 20:42:10 | INFO | Episode  466 - Reward: -200.000, Length: 200, Loss: 1.9090, Entropy: 1.0884, Epsilon: 0.010
2026-03-29 20:42:10 | INFO | Episode  467 - Reward: -200.000, Length: 200, Loss: 2.0242, Entropy: 1.0827, Epsilon: 0.010
2026-03-29 20:42:11 | INFO | Episode  468 - Reward: -200.000, Length: 200, Loss: 1.3811, Entropy: 1.0893, Epsilon: 0.010
2026-03-29 20:42:11 | INFO | Episode  469 - Reward: -200.000, Length: 200, Loss: 1.4980, Entropy: 1.0731, Epsilon: 0.010
2026-03-29 20:42:12 | INFO | Episode  470 - Reward: -200.000, Length: 200, Loss: 1.8854, Entropy: 1.0819, Epsilon: 0.010
2026-03-29 20:42:12 | INFO | Episode  471 - Reward: -200.000, Length: 200, Loss: 1.3568, Entropy: 1.0899, Epsilon: 0.010
2026-03-29 20:42:13 | INFO | Episode  472 - Reward: -200.000, Length: 200, Loss: 1.4578, Entropy: 1.0840, Epsilon: 0.010
2026-03-29 20:42:13 | INFO | Episode  473 - Reward: -200.000, Length: 200, Loss: 2.6273, Entropy: 1.0901, Epsilon: 0.010
2026-03-29 20:42:14 | INFO | Episode  474 - Reward: -200.000, Length: 200, Loss: 3.1004, Entropy: 1.0753, Epsilon: 0.010
2026-03-29 20:42:14 | INFO | Episode  475 - Reward: -200.000, Length: 200, Loss: 1.1329, Entropy: 1.0806, Epsilon: 0.010
2026-03-29 20:42:15 | INFO | Episode  476 - Reward: -200.000, Length: 200, Loss: 1.8739, Entropy: 1.0906, Epsilon: 0.010
2026-03-29 20:42:16 | INFO | Episode  477 - Reward: -200.000, Length: 200, Loss: 2.1650, Entropy: 1.0868, Epsilon: 0.010
2026-03-29 20:42:16 | INFO | Episode  478 - Reward: -200.000, Length: 200, Loss: 1.5879, Entropy: 1.0972, Epsilon: 0.010
2026-03-29 20:42:17 | INFO | Episode  479 - Reward: -200.000, Length: 200, Loss: 1.9486, Entropy: 1.0904, Epsilon: 0.010
2026-03-29 20:42:17 | INFO | Episode  480 - Reward: -200.000, Length: 200, Loss: 2.1743, Entropy: 1.0920, Epsilon: 0.010
2026-03-29 20:42:18 | INFO | Episode  481 - Reward: -200.000, Length: 200, Loss: 2.0892, Entropy: 1.0657, Epsilon: 0.010
2026-03-29 20:42:19 | INFO | Episode  482 - Reward: -200.000, Length: 200, Loss: 6.7938, Entropy: 0.8996, Epsilon: 0.010
2026-03-29 20:42:19 | INFO | Episode  483 - Reward: -200.000, Length: 200, Loss: 20.5053, Entropy: 0.7448, Epsilon: 0.010
2026-03-29 20:42:20 | INFO | Episode  484 - Reward: -200.000, Length: 200, Loss: 1.1207, Entropy: 0.9584, Epsilon: 0.010
2026-03-29 20:42:20 | INFO | Episode  485 - Reward: -200.000, Length: 200, Loss: 0.8980, Entropy: 1.0550, Epsilon: 0.010
2026-03-29 20:42:21 | INFO | Episode  486 - Reward: -200.000, Length: 200, Loss: 1.1373, Entropy: 1.0954, Epsilon: 0.010
2026-03-29 20:42:21 | INFO | Episode  487 - Reward: -200.000, Length: 200, Loss: 1.4549, Entropy: 1.0975, Epsilon: 0.010
2026-03-29 20:42:22 | INFO | Episode  488 - Reward: -200.000, Length: 200, Loss: 0.7815, Entropy: 1.0978, Epsilon: 0.010
2026-03-29 20:42:22 | INFO | Episode  489 - Reward: -200.000, Length: 200, Loss: 1.6345, Entropy: 1.0846, Epsilon: 0.010
2026-03-29 20:42:23 | INFO | Episode  490 - Reward: -200.000, Length: 200, Loss: 0.2502, Entropy: 1.0955, Epsilon: 0.010
2026-03-29 20:42:23 | INFO | Episode  491 - Reward: -200.000, Length: 200, Loss: 1.8562, Entropy: 1.0845, Epsilon: 0.010
2026-03-29 20:42:24 | INFO | Episode  492 - Reward: -200.000, Length: 200, Loss: 1.0422, Entropy: 1.0947, Epsilon: 0.010
2026-03-29 20:42:24 | INFO | Episode  493 - Reward: -200.000, Length: 200, Loss: 1.0378, Entropy: 1.0956, Epsilon: 0.010
2026-03-29 20:42:25 | INFO | Episode  494 - Reward: -200.000, Length: 200, Loss: 1.3423, Entropy: 1.0876, Epsilon: 0.010
2026-03-29 20:42:25 | INFO | Episode  495 - Reward: -200.000, Length: 200, Loss: 1.2842, Entropy: 1.0977, Epsilon: 0.010
2026-03-29 20:42:26 | INFO | Episode  496 - Reward: -200.000, Length: 200, Loss: 1.7094, Entropy: 1.0860, Epsilon: 0.010
2026-03-29 20:42:26 | INFO | Episode  497 - Reward: -200.000, Length: 200, Loss: 2.6052, Entropy: 1.0943, Epsilon: 0.010
2026-03-29 20:42:27 | INFO | Episode  498 - Reward: -200.000, Length: 200, Loss: 0.9375, Entropy: 1.0949, Epsilon: 0.010
2026-03-29 20:42:27 | INFO | Episode  499 - Reward: -200.000, Length: 200, Loss: 2.3669, Entropy: 1.0666, Epsilon: 0.010
2026-03-29 20:42:28 | INFO | Episode  500 - Reward: -200.000, Length: 200, Loss: 3.7145, Entropy: 1.0391, Epsilon: 0.010
2026-03-29 20:42:34 | INFO | [Episode  500] eps=0.010  avg_reward=-200.000  avg_length=200.00  avg_loss=  2.1693  avg_entropy=1.0391  eval_success=0.000
2026-03-29 20:42:34 | INFO | DQN+Entropy training: 5m 37.41s
2026-03-29 20:43:04 | INFO | [Final Eval] success=0.000, mean_reward=-200.000
