2026-03-29 16:42:50 | INFO | ============================================================
2026-03-29 16:42:50 | INFO | DEVICE / COMPUTE INFORMATION
2026-03-29 16:42:50 | INFO |   JAX backend       : CPU
2026-03-29 16:42:50 | INFO |   Platform          : cpu
2026-03-29 16:42:50 | INFO |   Num devices       : 1
2026-03-29 16:42:50 | INFO |   Device            : TFRT_CPU_0
2026-03-29 16:42:50 | INFO | ============================================================
2026-03-29 16:42:50 | INFO | DQN+Entropy | seed=4, lr=0.001, gamma=0.99, alpha=0.05
2026-03-29 16:42:50 | INFO | Env: cartpole/dense, obs_dim=4, num_actions=2
2026-03-29 16:42:52 | INFO | Episode    1 - Reward: 31.000, Length: 31, Loss: 0.0000, Entropy: 0.0000, Epsilon: 0.998
2026-03-29 16:42:52 | INFO | Episode    2 - Reward: 17.000, Length: 17, Loss: 0.0000, Entropy: 0.0000, Epsilon: 0.995
2026-03-29 16:42:53 | INFO | Episode    3 - Reward: 20.000, Length: 20, Loss: 0.0000, Entropy: 0.0000, Epsilon: 0.993
2026-03-29 16:42:54 | INFO | Episode    4 - Reward: 19.000, Length: 19, Loss: 0.0000, Entropy: 0.0000, Epsilon: 0.990
2026-03-29 16:42:54 | INFO | Episode    5 - Reward: 17.000, Length: 17, Loss: 0.0000, Entropy: 0.0000, Epsilon: 0.988
2026-03-29 16:42:55 | INFO | Episode    6 - Reward: 17.000, Length: 17, Loss: 0.0000, Entropy: 0.0000, Epsilon: 0.985
2026-03-29 16:42:56 | INFO | Episode    7 - Reward: 27.000, Length: 27, Loss: 0.0000, Entropy: 0.0000, Epsilon: 0.983
2026-03-29 16:42:56 | INFO | Episode    8 - Reward: 18.000, Length: 18, Loss: 0.0000, Entropy: 0.0000, Epsilon: 0.980
2026-03-29 16:42:57 | INFO | Episode    9 - Reward: 25.000, Length: 25, Loss: 0.0000, Entropy: 0.0000, Epsilon: 0.978
2026-03-29 16:42:58 | INFO | Episode   10 - Reward: 19.000, Length: 19, Loss: 0.0000, Entropy: 0.0000, Epsilon: 0.975
2026-03-29 16:42:58 | INFO | Episode   11 - Reward: 13.000, Length: 13, Loss: 0.0000, Entropy: 0.0000, Epsilon: 0.973
2026-03-29 16:42:59 | INFO | Episode   12 - Reward: 22.000, Length: 22, Loss: 0.0000, Entropy: 0.0000, Epsilon: 0.970
2026-03-29 16:43:01 | INFO | Episode   13 - Reward: 26.000, Length: 26, Loss: 0.9741, Entropy: 0.6931, Epsilon: 0.968
2026-03-29 16:43:02 | INFO | Episode   14 - Reward: 54.000, Length: 54, Loss: 0.9633, Entropy: 0.6931, Epsilon: 0.965
2026-03-29 16:43:03 | INFO | Episode   15 - Reward: 33.000, Length: 33, Loss: 0.9527, Entropy: 0.6931, Epsilon: 0.963
2026-03-29 16:43:03 | INFO | Episode   16 - Reward: 51.000, Length: 51, Loss: 0.9432, Entropy: 0.6931, Epsilon: 0.960
2026-03-29 16:43:04 | INFO | Episode   17 - Reward: 11.000, Length: 11, Loss: 0.9330, Entropy: 0.6931, Epsilon: 0.958
2026-03-29 16:43:05 | INFO | Episode   18 - Reward: 14.000, Length: 14, Loss: 0.9230, Entropy: 0.6931, Epsilon: 0.955
2026-03-29 16:43:05 | INFO | Episode   19 - Reward: 14.000, Length: 14, Loss: 0.9126, Entropy: 0.6931, Epsilon: 0.953
2026-03-29 16:43:06 | INFO | Episode   20 - Reward: 63.000, Length: 63, Loss: 0.9036, Entropy: 0.6931, Epsilon: 0.951
2026-03-29 16:43:07 | INFO | Episode   21 - Reward: 10.000, Length: 10, Loss: 0.9711, Entropy: 0.6931, Epsilon: 0.948
2026-03-29 16:43:07 | INFO | Episode   22 - Reward: 14.000, Length: 14, Loss: 0.9603, Entropy: 0.6931, Epsilon: 0.946
2026-03-29 16:43:08 | INFO | Episode   23 - Reward: 73.000, Length: 73, Loss: 0.9488, Entropy: 0.6931, Epsilon: 0.943
2026-03-29 16:43:09 | INFO | Episode   24 - Reward: 16.000, Length: 16, Loss: 0.9392, Entropy: 0.6931, Epsilon: 0.941
2026-03-29 16:43:09 | INFO | Episode   25 - Reward: 26.000, Length: 26, Loss: 0.9282, Entropy: 0.6931, Epsilon: 0.938
2026-03-29 16:43:10 | INFO | Episode   26 - Reward: 19.000, Length: 19, Loss: 0.9157, Entropy: 0.6931, Epsilon: 0.936
2026-03-29 16:43:11 | INFO | Episode   27 - Reward: 14.000, Length: 14, Loss: 0.9080, Entropy: 0.6931, Epsilon: 0.933
2026-03-29 16:43:11 | INFO | Episode   28 - Reward: 24.000, Length: 24, Loss: 0.8981, Entropy: 0.6931, Epsilon: 0.931
2026-03-29 16:43:12 | INFO | Episode   29 - Reward: 17.000, Length: 17, Loss: 0.8862, Entropy: 0.6931, Epsilon: 0.928
2026-03-29 16:43:13 | INFO | Episode   30 - Reward: 12.000, Length: 12, Loss: 0.8775, Entropy: 0.6931, Epsilon: 0.926
2026-03-29 16:43:13 | INFO | Episode   31 - Reward: 14.000, Length: 14, Loss: 0.8670, Entropy: 0.6931, Epsilon: 0.923
2026-03-29 16:43:14 | INFO | Episode   32 - Reward: 19.000, Length: 19, Loss: 0.8552, Entropy: 0.6931, Epsilon: 0.921
2026-03-29 16:43:14 | INFO | Episode   33 - Reward: 15.000, Length: 15, Loss: 0.8461, Entropy: 0.6931, Epsilon: 0.918
2026-03-29 16:43:15 | INFO | Episode   34 - Reward: 16.000, Length: 16, Loss: 0.8367, Entropy: 0.6931, Epsilon: 0.916
2026-03-29 16:43:15 | INFO | Episode   35 - Reward: 10.000, Length: 10, Loss: 0.8268, Entropy: 0.6931, Epsilon: 0.913
2026-03-29 16:43:16 | INFO | Episode   36 - Reward: 19.000, Length: 19, Loss: 0.8171, Entropy: 0.6931, Epsilon: 0.911
2026-03-29 16:43:16 | INFO | Episode   37 - Reward: 13.000, Length: 13, Loss: 0.8059, Entropy: 0.6931, Epsilon: 0.908
2026-03-29 16:43:17 | INFO | Episode   38 - Reward: 18.000, Length: 18, Loss: 0.7972, Entropy: 0.6931, Epsilon: 0.906
2026-03-29 16:43:17 | INFO | Episode   39 - Reward: 31.000, Length: 31, Loss: 0.7895, Entropy: 0.6931, Epsilon: 0.903
2026-03-29 16:43:18 | INFO | Episode   40 - Reward: 9.000, Length: 9, Loss: 0.7783, Entropy: 0.6931, Epsilon: 0.901
2026-03-29 16:43:18 | INFO | Episode   41 - Reward: 23.000, Length: 23, Loss: 0.7708, Entropy: 0.6931, Epsilon: 0.899
2026-03-29 16:43:19 | INFO | Episode   42 - Reward: 20.000, Length: 20, Loss: 0.7606, Entropy: 0.6931, Epsilon: 0.896
2026-03-29 16:43:19 | INFO | Episode   43 - Reward: 37.000, Length: 37, Loss: 0.7537, Entropy: 0.6930, Epsilon: 0.894
2026-03-29 16:43:20 | INFO | Episode   44 - Reward: 37.000, Length: 37, Loss: 0.7428, Entropy: 0.6931, Epsilon: 0.891
2026-03-29 16:43:20 | INFO | Episode   45 - Reward: 17.000, Length: 17, Loss: 0.9622, Entropy: 0.6931, Epsilon: 0.889
2026-03-29 16:43:21 | INFO | Episode   46 - Reward: 13.000, Length: 13, Loss: 0.9539, Entropy: 0.6931, Epsilon: 0.886
2026-03-29 16:43:21 | INFO | Episode   47 - Reward: 17.000, Length: 17, Loss: 0.9448, Entropy: 0.6931, Epsilon: 0.884
2026-03-29 16:43:21 | INFO | Episode   48 - Reward: 13.000, Length: 13, Loss: 0.9332, Entropy: 0.6930, Epsilon: 0.881
2026-03-29 16:43:22 | INFO | Episode   49 - Reward: 16.000, Length: 16, Loss: 0.9240, Entropy: 0.6930, Epsilon: 0.879
2026-03-29 16:43:22 | INFO | Episode   50 - Reward: 21.000, Length: 21, Loss: 0.9080, Entropy: 0.6930, Epsilon: 0.876
2026-03-29 16:43:23 | INFO | [Episode   50] eps=0.876  avg_reward=  22.280  avg_length= 22.28  avg_loss=  0.6722  avg_entropy=0.6930  eval_success=0.000
2026-03-29 16:43:24 | INFO | Episode   51 - Reward: 13.000, Length: 13, Loss: 0.8945, Entropy: 0.6930, Epsilon: 0.874
2026-03-29 16:43:24 | INFO | Episode   52 - Reward: 26.000, Length: 26, Loss: 0.8878, Entropy: 0.6930, Epsilon: 0.871
2026-03-29 16:43:24 | INFO | Episode   53 - Reward: 10.000, Length: 10, Loss: 0.8772, Entropy: 0.6930, Epsilon: 0.869
2026-03-29 16:43:25 | INFO | Episode   54 - Reward: 15.000, Length: 15, Loss: 0.8673, Entropy: 0.6930, Epsilon: 0.866
2026-03-29 16:43:25 | INFO | Episode   55 - Reward: 23.000, Length: 23, Loss: 0.8536, Entropy: 0.6930, Epsilon: 0.864
2026-03-29 16:43:25 | INFO | Episode   56 - Reward: 19.000, Length: 19, Loss: 0.8480, Entropy: 0.6930, Epsilon: 0.861
2026-03-29 16:43:26 | INFO | Episode   57 - Reward: 21.000, Length: 21, Loss: 0.8347, Entropy: 0.6930, Epsilon: 0.859
2026-03-29 16:43:26 | INFO | Episode   58 - Reward: 36.000, Length: 36, Loss: 0.8249, Entropy: 0.6930, Epsilon: 0.856
2026-03-29 16:43:26 | INFO | Episode   59 - Reward: 11.000, Length: 11, Loss: 0.8120, Entropy: 0.6930, Epsilon: 0.854
2026-03-29 16:43:27 | INFO | Episode   60 - Reward: 25.000, Length: 25, Loss: 0.8027, Entropy: 0.6930, Epsilon: 0.852
2026-03-29 16:43:27 | INFO | Episode   61 - Reward: 32.000, Length: 32, Loss: 0.7968, Entropy: 0.6929, Epsilon: 0.849
2026-03-29 16:43:28 | INFO | Episode   62 - Reward: 24.000, Length: 24, Loss: 0.7797, Entropy: 0.6929, Epsilon: 0.847
2026-03-29 16:43:28 | INFO | Episode   63 - Reward: 12.000, Length: 12, Loss: 0.7723, Entropy: 0.6929, Epsilon: 0.844
2026-03-29 16:43:29 | INFO | Episode   64 - Reward: 12.000, Length: 12, Loss: 0.7674, Entropy: 0.6929, Epsilon: 0.842
2026-03-29 16:43:29 | INFO | Episode   65 - Reward: 9.000, Length: 9, Loss: 0.7545, Entropy: 0.6929, Epsilon: 0.839
2026-03-29 16:43:30 | INFO | Episode   66 - Reward: 16.000, Length: 16, Loss: 0.7429, Entropy: 0.6929, Epsilon: 0.837
2026-03-29 16:43:30 | INFO | Episode   67 - Reward: 27.000, Length: 27, Loss: 0.7342, Entropy: 0.6929, Epsilon: 0.834
2026-03-29 16:43:30 | INFO | Episode   68 - Reward: 23.000, Length: 23, Loss: 0.7228, Entropy: 0.6929, Epsilon: 0.832
2026-03-29 16:43:31 | INFO | Episode   69 - Reward: 17.000, Length: 17, Loss: 0.7127, Entropy: 0.6928, Epsilon: 0.829
2026-03-29 16:43:31 | INFO | Episode   70 - Reward: 58.000, Length: 58, Loss: 0.7066, Entropy: 0.6928, Epsilon: 0.827
2026-03-29 16:43:32 | INFO | Episode   71 - Reward: 13.000, Length: 13, Loss: 0.9805, Entropy: 0.6928, Epsilon: 0.824
2026-03-29 16:43:32 | INFO | Episode   72 - Reward: 17.000, Length: 17, Loss: 0.9571, Entropy: 0.6928, Epsilon: 0.822
2026-03-29 16:43:33 | INFO | Episode   73 - Reward: 24.000, Length: 24, Loss: 0.9536, Entropy: 0.6928, Epsilon: 0.819
2026-03-29 16:43:33 | INFO | Episode   74 - Reward: 35.000, Length: 35, Loss: 0.9420, Entropy: 0.6928, Epsilon: 0.817
2026-03-29 16:43:33 | INFO | Episode   75 - Reward: 13.000, Length: 13, Loss: 0.9205, Entropy: 0.6927, Epsilon: 0.814
2026-03-29 16:43:34 | INFO | Episode   76 - Reward: 25.000, Length: 25, Loss: 0.9178, Entropy: 0.6927, Epsilon: 0.812
2026-03-29 16:43:34 | INFO | Episode   77 - Reward: 18.000, Length: 18, Loss: 0.9066, Entropy: 0.6927, Epsilon: 0.809
2026-03-29 16:43:35 | INFO | Episode   78 - Reward: 14.000, Length: 14, Loss: 0.8899, Entropy: 0.6927, Epsilon: 0.807
2026-03-29 16:43:35 | INFO | Episode   79 - Reward: 28.000, Length: 28, Loss: 0.8764, Entropy: 0.6927, Epsilon: 0.804
2026-03-29 16:43:36 | INFO | Episode   80 - Reward: 16.000, Length: 16, Loss: 0.8706, Entropy: 0.6926, Epsilon: 0.802
2026-03-29 16:43:36 | INFO | Episode   81 - Reward: 34.000, Length: 34, Loss: 0.8524, Entropy: 0.6926, Epsilon: 0.800
2026-03-29 16:43:37 | INFO | Episode   82 - Reward: 13.000, Length: 13, Loss: 0.8431, Entropy: 0.6926, Epsilon: 0.797
2026-03-29 16:43:37 | INFO | Episode   83 - Reward: 10.000, Length: 10, Loss: 0.8352, Entropy: 0.6926, Epsilon: 0.795
2026-03-29 16:43:37 | INFO | Episode   84 - Reward: 14.000, Length: 14, Loss: 0.8239, Entropy: 0.6925, Epsilon: 0.792
2026-03-29 16:43:38 | INFO | Episode   85 - Reward: 35.000, Length: 35, Loss: 0.8083, Entropy: 0.6925, Epsilon: 0.790
2026-03-29 16:43:38 | INFO | Episode   86 - Reward: 12.000, Length: 12, Loss: 0.8029, Entropy: 0.6925, Epsilon: 0.787
2026-03-29 16:43:39 | INFO | Episode   87 - Reward: 46.000, Length: 46, Loss: 0.7883, Entropy: 0.6925, Epsilon: 0.785
2026-03-29 16:43:39 | INFO | Episode   88 - Reward: 17.000, Length: 17, Loss: 0.7760, Entropy: 0.6925, Epsilon: 0.782
2026-03-29 16:43:40 | INFO | Episode   89 - Reward: 31.000, Length: 31, Loss: 0.7694, Entropy: 0.6924, Epsilon: 0.780
2026-03-29 16:43:40 | INFO | Episode   90 - Reward: 16.000, Length: 16, Loss: 0.7581, Entropy: 0.6924, Epsilon: 0.777
2026-03-29 16:43:40 | INFO | Episode   91 - Reward: 14.000, Length: 14, Loss: 0.7411, Entropy: 0.6924, Epsilon: 0.775
2026-03-29 16:43:41 | INFO | Episode   92 - Reward: 22.000, Length: 22, Loss: 0.7420, Entropy: 0.6924, Epsilon: 0.772
2026-03-29 16:43:41 | INFO | Episode   93 - Reward: 31.000, Length: 31, Loss: 0.9882, Entropy: 0.6923, Epsilon: 0.770
2026-03-29 16:43:42 | INFO | Episode   94 - Reward: 11.000, Length: 11, Loss: 0.9780, Entropy: 0.6923, Epsilon: 0.767
2026-03-29 16:43:42 | INFO | Episode   95 - Reward: 25.000, Length: 25, Loss: 0.9618, Entropy: 0.6923, Epsilon: 0.765
2026-03-29 16:43:43 | INFO | Episode   96 - Reward: 13.000, Length: 13, Loss: 0.9464, Entropy: 0.6923, Epsilon: 0.762
2026-03-29 16:43:43 | INFO | Episode   97 - Reward: 14.000, Length: 14, Loss: 0.9392, Entropy: 0.6922, Epsilon: 0.760
2026-03-29 16:43:44 | INFO | Episode   98 - Reward: 11.000, Length: 11, Loss: 0.9225, Entropy: 0.6922, Epsilon: 0.757
2026-03-29 16:43:44 | INFO | Episode   99 - Reward: 30.000, Length: 30, Loss: 0.9100, Entropy: 0.6922, Epsilon: 0.755
2026-03-29 16:43:44 | INFO | Episode  100 - Reward: 21.000, Length: 21, Loss: 0.8957, Entropy: 0.6921, Epsilon: 0.752
2026-03-29 16:43:45 | INFO | [Episode  100] eps=0.752  avg_reward=  21.040  avg_length= 21.04  avg_loss=  0.8458  avg_entropy=0.6921  eval_success=0.000
2026-03-29 16:43:45 | INFO | Episode  101 - Reward: 24.000, Length: 24, Loss: 0.8884, Entropy: 0.6921, Epsilon: 0.750
2026-03-29 16:43:46 | INFO | Episode  102 - Reward: 14.000, Length: 14, Loss: 0.8663, Entropy: 0.6921, Epsilon: 0.748
2026-03-29 16:43:46 | INFO | Episode  103 - Reward: 15.000, Length: 15, Loss: 0.8605, Entropy: 0.6921, Epsilon: 0.745
2026-03-29 16:43:47 | INFO | Episode  104 - Reward: 12.000, Length: 12, Loss: 0.8445, Entropy: 0.6920, Epsilon: 0.743
2026-03-29 16:43:47 | INFO | Episode  105 - Reward: 16.000, Length: 16, Loss: 0.8325, Entropy: 0.6919, Epsilon: 0.740
2026-03-29 16:43:48 | INFO | Episode  106 - Reward: 16.000, Length: 16, Loss: 0.8166, Entropy: 0.6919, Epsilon: 0.738
2026-03-29 16:43:48 | INFO | Episode  107 - Reward: 13.000, Length: 13, Loss: 0.8195, Entropy: 0.6919, Epsilon: 0.735
2026-03-29 16:43:49 | INFO | Episode  108 - Reward: 16.000, Length: 16, Loss: 0.7959, Entropy: 0.6918, Epsilon: 0.733
2026-03-29 16:43:49 | INFO | Episode  109 - Reward: 11.000, Length: 11, Loss: 0.7736, Entropy: 0.6918, Epsilon: 0.730
2026-03-29 16:43:49 | INFO | Episode  110 - Reward: 20.000, Length: 20, Loss: 0.7782, Entropy: 0.6918, Epsilon: 0.728
2026-03-29 16:43:50 | INFO | Episode  111 - Reward: 26.000, Length: 26, Loss: 0.7467, Entropy: 0.6917, Epsilon: 0.725
2026-03-29 16:43:50 | INFO | Episode  112 - Reward: 10.000, Length: 10, Loss: 0.7434, Entropy: 0.6917, Epsilon: 0.723
2026-03-29 16:43:51 | INFO | Episode  113 - Reward: 17.000, Length: 17, Loss: 0.7305, Entropy: 0.6917, Epsilon: 0.720
2026-03-29 16:43:51 | INFO | Episode  114 - Reward: 13.000, Length: 13, Loss: 0.7233, Entropy: 0.6916, Epsilon: 0.718
2026-03-29 16:43:51 | INFO | Episode  115 - Reward: 21.000, Length: 21, Loss: 0.7186, Entropy: 0.6916, Epsilon: 0.715
2026-03-29 16:43:52 | INFO | Episode  116 - Reward: 14.000, Length: 14, Loss: 0.6886, Entropy: 0.6915, Epsilon: 0.713
2026-03-29 16:43:52 | INFO | Episode  117 - Reward: 11.000, Length: 11, Loss: 0.6794, Entropy: 0.6915, Epsilon: 0.710
2026-03-29 16:43:53 | INFO | Episode  118 - Reward: 11.000, Length: 11, Loss: 0.6828, Entropy: 0.6914, Epsilon: 0.708
2026-03-29 16:43:53 | INFO | Episode  119 - Reward: 16.000, Length: 16, Loss: 0.6612, Entropy: 0.6914, Epsilon: 0.705
2026-03-29 16:43:54 | INFO | Episode  120 - Reward: 11.000, Length: 11, Loss: 0.6452, Entropy: 0.6913, Epsilon: 0.703
2026-03-29 16:43:54 | INFO | Episode  121 - Reward: 20.000, Length: 20, Loss: 0.6449, Entropy: 0.6913, Epsilon: 0.701
2026-03-29 16:43:55 | INFO | Episode  122 - Reward: 19.000, Length: 19, Loss: 0.6331, Entropy: 0.6912, Epsilon: 0.698
2026-03-29 16:43:55 | INFO | Episode  123 - Reward: 21.000, Length: 21, Loss: 0.9998, Entropy: 0.6912, Epsilon: 0.696
2026-03-29 16:43:55 | INFO | Episode  124 - Reward: 24.000, Length: 24, Loss: 1.0065, Entropy: 0.6911, Epsilon: 0.693
2026-03-29 16:43:56 | INFO | Episode  125 - Reward: 34.000, Length: 34, Loss: 0.9810, Entropy: 0.6911, Epsilon: 0.691
2026-03-29 16:43:56 | INFO | Episode  126 - Reward: 17.000, Length: 17, Loss: 0.9634, Entropy: 0.6911, Epsilon: 0.688
2026-03-29 16:43:57 | INFO | Episode  127 - Reward: 40.000, Length: 40, Loss: 0.9526, Entropy: 0.6910, Epsilon: 0.686
2026-03-29 16:43:57 | INFO | Episode  128 - Reward: 13.000, Length: 13, Loss: 0.9369, Entropy: 0.6909, Epsilon: 0.683
2026-03-29 16:43:58 | INFO | Episode  129 - Reward: 19.000, Length: 19, Loss: 0.9219, Entropy: 0.6908, Epsilon: 0.681
2026-03-29 16:43:58 | INFO | Episode  130 - Reward: 13.000, Length: 13, Loss: 0.9014, Entropy: 0.6907, Epsilon: 0.678
2026-03-29 16:43:59 | INFO | Episode  131 - Reward: 12.000, Length: 12, Loss: 0.8819, Entropy: 0.6906, Epsilon: 0.676
2026-03-29 16:43:59 | INFO | Episode  132 - Reward: 38.000, Length: 38, Loss: 0.8790, Entropy: 0.6906, Epsilon: 0.673
2026-03-29 16:44:00 | INFO | Episode  133 - Reward: 19.000, Length: 19, Loss: 0.8518, Entropy: 0.6905, Epsilon: 0.671
2026-03-29 16:44:00 | INFO | Episode  134 - Reward: 27.000, Length: 27, Loss: 0.8444, Entropy: 0.6904, Epsilon: 0.668
2026-03-29 16:44:00 | INFO | Episode  135 - Reward: 13.000, Length: 13, Loss: 0.8299, Entropy: 0.6904, Epsilon: 0.666
2026-03-29 16:44:01 | INFO | Episode  136 - Reward: 12.000, Length: 12, Loss: 0.8042, Entropy: 0.6903, Epsilon: 0.663
2026-03-29 16:44:01 | INFO | Episode  137 - Reward: 17.000, Length: 17, Loss: 0.7979, Entropy: 0.6901, Epsilon: 0.661
2026-03-29 16:44:02 | INFO | Episode  138 - Reward: 22.000, Length: 22, Loss: 0.7900, Entropy: 0.6901, Epsilon: 0.658
2026-03-29 16:44:02 | INFO | Episode  139 - Reward: 12.000, Length: 12, Loss: 0.7589, Entropy: 0.6900, Epsilon: 0.656
2026-03-29 16:44:03 | INFO | Episode  140 - Reward: 21.000, Length: 21, Loss: 0.7609, Entropy: 0.6900, Epsilon: 0.653
2026-03-29 16:44:03 | INFO | Episode  141 - Reward: 11.000, Length: 11, Loss: 0.7367, Entropy: 0.6898, Epsilon: 0.651
2026-03-29 16:44:03 | INFO | Episode  142 - Reward: 17.000, Length: 17, Loss: 0.7258, Entropy: 0.6898, Epsilon: 0.649
2026-03-29 16:44:04 | INFO | Episode  143 - Reward: 10.000, Length: 10, Loss: 0.7105, Entropy: 0.6897, Epsilon: 0.646
2026-03-29 16:44:04 | INFO | Episode  144 - Reward: 29.000, Length: 29, Loss: 0.6942, Entropy: 0.6896, Epsilon: 0.644
2026-03-29 16:44:05 | INFO | Episode  145 - Reward: 38.000, Length: 38, Loss: 0.6764, Entropy: 0.6896, Epsilon: 0.641
2026-03-29 16:44:05 | INFO | Episode  146 - Reward: 31.000, Length: 31, Loss: 0.6726, Entropy: 0.6894, Epsilon: 0.639
2026-03-29 16:44:06 | INFO | Episode  147 - Reward: 10.000, Length: 10, Loss: 1.0569, Entropy: 0.6894, Epsilon: 0.636
2026-03-29 16:44:06 | INFO | Episode  148 - Reward: 17.000, Length: 17, Loss: 1.0236, Entropy: 0.6893, Epsilon: 0.634
2026-03-29 16:44:06 | INFO | Episode  149 - Reward: 14.000, Length: 14, Loss: 1.0206, Entropy: 0.6892, Epsilon: 0.631
2026-03-29 16:44:07 | INFO | Episode  150 - Reward: 20.000, Length: 20, Loss: 0.9935, Entropy: 0.6890, Epsilon: 0.629
2026-03-29 16:44:07 | INFO | [Episode  150] eps=0.629  avg_reward=  18.340  avg_length= 18.34  avg_loss=  0.8149  avg_entropy=0.6890  eval_success=0.000
2026-03-29 16:44:08 | INFO | Episode  151 - Reward: 16.000, Length: 16, Loss: 0.9823, Entropy: 0.6889, Epsilon: 0.626
2026-03-29 16:44:08 | INFO | Episode  152 - Reward: 16.000, Length: 16, Loss: 0.9476, Entropy: 0.6888, Epsilon: 0.624
2026-03-29 16:44:09 | INFO | Episode  153 - Reward: 19.000, Length: 19, Loss: 0.9338, Entropy: 0.6887, Epsilon: 0.621
2026-03-29 16:44:09 | INFO | Episode  154 - Reward: 11.000, Length: 11, Loss: 0.9249, Entropy: 0.6886, Epsilon: 0.619
2026-03-29 16:44:09 | INFO | Episode  155 - Reward: 11.000, Length: 11, Loss: 0.8810, Entropy: 0.6885, Epsilon: 0.616
2026-03-29 16:44:10 | INFO | Episode  156 - Reward: 9.000, Length: 9, Loss: 0.8724, Entropy: 0.6884, Epsilon: 0.614
2026-03-29 16:44:10 | INFO | Episode  157 - Reward: 39.000, Length: 39, Loss: 0.8466, Entropy: 0.6883, Epsilon: 0.611
2026-03-29 16:44:11 | INFO | Episode  158 - Reward: 15.000, Length: 15, Loss: 0.8459, Entropy: 0.6881, Epsilon: 0.609
2026-03-29 16:44:11 | INFO | Episode  159 - Reward: 11.000, Length: 11, Loss: 0.8224, Entropy: 0.6880, Epsilon: 0.606
2026-03-29 16:44:12 | INFO | Episode  160 - Reward: 8.000, Length: 8, Loss: 0.7983, Entropy: 0.6878, Epsilon: 0.604
2026-03-29 16:44:12 | INFO | Episode  161 - Reward: 11.000, Length: 11, Loss: 0.7847, Entropy: 0.6877, Epsilon: 0.602
2026-03-29 16:44:12 | INFO | Episode  162 - Reward: 13.000, Length: 13, Loss: 0.7649, Entropy: 0.6875, Epsilon: 0.599
2026-03-29 16:44:13 | INFO | Episode  163 - Reward: 12.000, Length: 12, Loss: 0.7626, Entropy: 0.6875, Epsilon: 0.597
2026-03-29 16:44:13 | INFO | Episode  164 - Reward: 13.000, Length: 13, Loss: 0.7396, Entropy: 0.6874, Epsilon: 0.594
2026-03-29 16:44:14 | INFO | Episode  165 - Reward: 18.000, Length: 18, Loss: 0.7289, Entropy: 0.6872, Epsilon: 0.592
2026-03-29 16:44:14 | INFO | Episode  166 - Reward: 15.000, Length: 15, Loss: 0.7033, Entropy: 0.6871, Epsilon: 0.589
2026-03-29 16:44:14 | INFO | Episode  167 - Reward: 9.000, Length: 9, Loss: 0.6979, Entropy: 0.6871, Epsilon: 0.587
2026-03-29 16:44:15 | INFO | Episode  168 - Reward: 16.000, Length: 16, Loss: 0.6737, Entropy: 0.6869, Epsilon: 0.584
2026-03-29 16:44:15 | INFO | Episode  169 - Reward: 10.000, Length: 10, Loss: 0.6654, Entropy: 0.6867, Epsilon: 0.582
2026-03-29 16:44:16 | INFO | Episode  170 - Reward: 9.000, Length: 9, Loss: 0.6524, Entropy: 0.6867, Epsilon: 0.579
2026-03-29 16:44:16 | INFO | Episode  171 - Reward: 12.000, Length: 12, Loss: 0.6275, Entropy: 0.6866, Epsilon: 0.577
2026-03-29 16:44:16 | INFO | Episode  172 - Reward: 16.000, Length: 16, Loss: 0.6240, Entropy: 0.6865, Epsilon: 0.574
2026-03-29 16:44:17 | INFO | Episode  173 - Reward: 12.000, Length: 12, Loss: 0.6049, Entropy: 0.6865, Epsilon: 0.572
2026-03-29 16:44:17 | INFO | Episode  174 - Reward: 18.000, Length: 18, Loss: 0.5918, Entropy: 0.6863, Epsilon: 0.569
2026-03-29 16:44:18 | INFO | Episode  175 - Reward: 16.000, Length: 16, Loss: 0.5676, Entropy: 0.6862, Epsilon: 0.567
2026-03-29 16:44:18 | INFO | Episode  176 - Reward: 12.000, Length: 12, Loss: 0.5675, Entropy: 0.6861, Epsilon: 0.564
2026-03-29 16:44:19 | INFO | Episode  177 - Reward: 13.000, Length: 13, Loss: 0.5539, Entropy: 0.6860, Epsilon: 0.562
2026-03-29 16:44:19 | INFO | Episode  178 - Reward: 32.000, Length: 32, Loss: 0.5300, Entropy: 0.6859, Epsilon: 0.559
2026-03-29 16:44:20 | INFO | Episode  179 - Reward: 13.000, Length: 13, Loss: 0.5225, Entropy: 0.6858, Epsilon: 0.557
2026-03-29 16:44:20 | INFO | Episode  180 - Reward: 15.000, Length: 15, Loss: 1.1116, Entropy: 0.6854, Epsilon: 0.554
2026-03-29 16:44:20 | INFO | Episode  181 - Reward: 13.000, Length: 13, Loss: 1.0826, Entropy: 0.6854, Epsilon: 0.552
2026-03-29 16:44:21 | INFO | Episode  182 - Reward: 11.000, Length: 11, Loss: 1.0671, Entropy: 0.6851, Epsilon: 0.550
2026-03-29 16:44:21 | INFO | Episode  183 - Reward: 10.000, Length: 10, Loss: 1.0387, Entropy: 0.6848, Epsilon: 0.547
2026-03-29 16:44:22 | INFO | Episode  184 - Reward: 15.000, Length: 15, Loss: 1.0110, Entropy: 0.6847, Epsilon: 0.545
2026-03-29 16:44:22 | INFO | Episode  185 - Reward: 10.000, Length: 10, Loss: 0.9859, Entropy: 0.6844, Epsilon: 0.542
2026-03-29 16:44:23 | INFO | Episode  186 - Reward: 10.000, Length: 10, Loss: 0.9543, Entropy: 0.6841, Epsilon: 0.540
2026-03-29 16:44:23 | INFO | Episode  187 - Reward: 11.000, Length: 11, Loss: 0.9361, Entropy: 0.6840, Epsilon: 0.537
2026-03-29 16:44:24 | INFO | Episode  188 - Reward: 14.000, Length: 14, Loss: 0.9119, Entropy: 0.6837, Epsilon: 0.535
2026-03-29 16:44:24 | INFO | Episode  189 - Reward: 11.000, Length: 11, Loss: 0.8725, Entropy: 0.6834, Epsilon: 0.532
2026-03-29 16:44:25 | INFO | Episode  190 - Reward: 13.000, Length: 13, Loss: 0.8576, Entropy: 0.6833, Epsilon: 0.530
2026-03-29 16:44:25 | INFO | Episode  191 - Reward: 14.000, Length: 14, Loss: 0.8357, Entropy: 0.6831, Epsilon: 0.527
2026-03-29 16:44:25 | INFO | Episode  192 - Reward: 22.000, Length: 22, Loss: 0.8159, Entropy: 0.6830, Epsilon: 0.525
2026-03-29 16:44:26 | INFO | Episode  193 - Reward: 16.000, Length: 16, Loss: 0.8094, Entropy: 0.6828, Epsilon: 0.522
2026-03-29 16:44:26 | INFO | Episode  194 - Reward: 10.000, Length: 10, Loss: 0.7840, Entropy: 0.6826, Epsilon: 0.520
2026-03-29 16:44:27 | INFO | Episode  195 - Reward: 12.000, Length: 12, Loss: 0.7526, Entropy: 0.6824, Epsilon: 0.517
2026-03-29 16:44:27 | INFO | Episode  196 - Reward: 16.000, Length: 16, Loss: 0.7383, Entropy: 0.6822, Epsilon: 0.515
2026-03-29 16:44:28 | INFO | Episode  197 - Reward: 12.000, Length: 12, Loss: 0.7142, Entropy: 0.6819, Epsilon: 0.512
2026-03-29 16:44:28 | INFO | Episode  198 - Reward: 15.000, Length: 15, Loss: 0.6952, Entropy: 0.6817, Epsilon: 0.510
2026-03-29 16:44:29 | INFO | Episode  199 - Reward: 18.000, Length: 18, Loss: 0.6736, Entropy: 0.6817, Epsilon: 0.507
2026-03-29 16:44:29 | INFO | Episode  200 - Reward: 15.000, Length: 15, Loss: 0.6598, Entropy: 0.6814, Epsilon: 0.505
2026-03-29 16:44:30 | INFO | [Episode  200] eps=0.505  avg_reward=  14.160  avg_length= 14.16  avg_loss=  0.7905  avg_entropy=0.6814  eval_success=0.000
2026-03-29 16:44:30 | INFO | Episode  201 - Reward: 18.000, Length: 18, Loss: 0.6411, Entropy: 0.6812, Epsilon: 0.503
2026-03-29 16:44:30 | INFO | Episode  202 - Reward: 13.000, Length: 13, Loss: 0.6056, Entropy: 0.6810, Epsilon: 0.500
2026-03-29 16:44:31 | INFO | Episode  203 - Reward: 14.000, Length: 14, Loss: 0.6060, Entropy: 0.6809, Epsilon: 0.498
2026-03-29 16:44:31 | INFO | Episode  204 - Reward: 26.000, Length: 26, Loss: 0.5994, Entropy: 0.6808, Epsilon: 0.495
2026-03-29 16:44:32 | INFO | Episode  205 - Reward: 11.000, Length: 11, Loss: 0.5807, Entropy: 0.6805, Epsilon: 0.493
2026-03-29 16:44:32 | INFO | Episode  206 - Reward: 9.000, Length: 9, Loss: 0.5594, Entropy: 0.6806, Epsilon: 0.490
2026-03-29 16:44:33 | INFO | Episode  207 - Reward: 17.000, Length: 17, Loss: 0.5401, Entropy: 0.6803, Epsilon: 0.488
2026-03-29 16:44:33 | INFO | Episode  208 - Reward: 13.000, Length: 13, Loss: 0.5105, Entropy: 0.6802, Epsilon: 0.485
2026-03-29 16:44:34 | INFO | Episode  209 - Reward: 14.000, Length: 14, Loss: 0.5229, Entropy: 0.6802, Epsilon: 0.483
2026-03-29 16:44:34 | INFO | Episode  210 - Reward: 10.000, Length: 10, Loss: 0.5055, Entropy: 0.6799, Epsilon: 0.480
2026-03-29 16:44:34 | INFO | Episode  211 - Reward: 12.000, Length: 12, Loss: 0.5021, Entropy: 0.6797, Epsilon: 0.478
2026-03-29 16:44:35 | INFO | Episode  212 - Reward: 11.000, Length: 11, Loss: 0.4733, Entropy: 0.6798, Epsilon: 0.475
2026-03-29 16:44:35 | INFO | Episode  213 - Reward: 18.000, Length: 18, Loss: 0.4598, Entropy: 0.6796, Epsilon: 0.473
2026-03-29 16:44:36 | INFO | Episode  214 - Reward: 9.000, Length: 9, Loss: 0.4585, Entropy: 0.6795, Epsilon: 0.470
2026-03-29 16:44:36 | INFO | Episode  215 - Reward: 13.000, Length: 13, Loss: 0.4451, Entropy: 0.6794, Epsilon: 0.468
2026-03-29 16:44:37 | INFO | Episode  216 - Reward: 11.000, Length: 11, Loss: 0.4274, Entropy: 0.6795, Epsilon: 0.465
2026-03-29 16:44:37 | INFO | Episode  217 - Reward: 19.000, Length: 19, Loss: 1.2298, Entropy: 0.6788, Epsilon: 0.463
2026-03-29 16:44:38 | INFO | Episode  218 - Reward: 14.000, Length: 14, Loss: 1.1832, Entropy: 0.6784, Epsilon: 0.460
2026-03-29 16:44:38 | INFO | Episode  219 - Reward: 12.000, Length: 12, Loss: 1.1540, Entropy: 0.6779, Epsilon: 0.458
2026-03-29 16:44:38 | INFO | Episode  220 - Reward: 10.000, Length: 10, Loss: 1.1143, Entropy: 0.6777, Epsilon: 0.456
2026-03-29 16:44:39 | INFO | Episode  221 - Reward: 12.000, Length: 12, Loss: 1.0731, Entropy: 0.6773, Epsilon: 0.453
2026-03-29 16:44:39 | INFO | Episode  222 - Reward: 13.000, Length: 13, Loss: 1.0429, Entropy: 0.6768, Epsilon: 0.451
2026-03-29 16:44:40 | INFO | Episode  223 - Reward: 10.000, Length: 10, Loss: 1.0003, Entropy: 0.6763, Epsilon: 0.448
2026-03-29 16:44:40 | INFO | Episode  224 - Reward: 11.000, Length: 11, Loss: 0.9840, Entropy: 0.6758, Epsilon: 0.446
2026-03-29 16:44:40 | INFO | Episode  225 - Reward: 12.000, Length: 12, Loss: 0.9259, Entropy: 0.6755, Epsilon: 0.443
2026-03-29 16:44:41 | INFO | Episode  226 - Reward: 13.000, Length: 13, Loss: 0.9112, Entropy: 0.6749, Epsilon: 0.441
2026-03-29 16:44:41 | INFO | Episode  227 - Reward: 10.000, Length: 10, Loss: 0.8779, Entropy: 0.6746, Epsilon: 0.438
2026-03-29 16:44:42 | INFO | Episode  228 - Reward: 11.000, Length: 11, Loss: 0.8279, Entropy: 0.6742, Epsilon: 0.436
2026-03-29 16:44:42 | INFO | Episode  229 - Reward: 16.000, Length: 16, Loss: 0.8345, Entropy: 0.6736, Epsilon: 0.433
2026-03-29 16:44:43 | INFO | Episode  230 - Reward: 15.000, Length: 15, Loss: 0.8038, Entropy: 0.6733, Epsilon: 0.431
2026-03-29 16:44:43 | INFO | Episode  231 - Reward: 16.000, Length: 16, Loss: 0.7809, Entropy: 0.6730, Epsilon: 0.428
2026-03-29 16:44:44 | INFO | Episode  232 - Reward: 9.000, Length: 9, Loss: 0.7384, Entropy: 0.6725, Epsilon: 0.426
2026-03-29 16:44:44 | INFO | Episode  233 - Reward: 9.000, Length: 9, Loss: 0.7333, Entropy: 0.6724, Epsilon: 0.423
2026-03-29 16:44:44 | INFO | Episode  234 - Reward: 10.000, Length: 10, Loss: 0.7402, Entropy: 0.6719, Epsilon: 0.421
2026-03-29 16:44:45 | INFO | Episode  235 - Reward: 14.000, Length: 14, Loss: 0.7077, Entropy: 0.6720, Epsilon: 0.418
2026-03-29 16:44:45 | INFO | Episode  236 - Reward: 11.000, Length: 11, Loss: 0.6570, Entropy: 0.6717, Epsilon: 0.416
2026-03-29 16:44:46 | INFO | Episode  237 - Reward: 8.000, Length: 8, Loss: 0.6143, Entropy: 0.6714, Epsilon: 0.413
2026-03-29 16:44:46 | INFO | Episode  238 - Reward: 17.000, Length: 17, Loss: 0.6588, Entropy: 0.6712, Epsilon: 0.411
2026-03-29 16:44:47 | INFO | Episode  239 - Reward: 13.000, Length: 13, Loss: 0.5988, Entropy: 0.6709, Epsilon: 0.408
2026-03-29 16:44:47 | INFO | Episode  240 - Reward: 16.000, Length: 16, Loss: 0.5990, Entropy: 0.6710, Epsilon: 0.406
2026-03-29 16:44:47 | INFO | Episode  241 - Reward: 11.000, Length: 11, Loss: 0.6053, Entropy: 0.6708, Epsilon: 0.404
2026-03-29 16:44:48 | INFO | Episode  242 - Reward: 11.000, Length: 11, Loss: 0.5713, Entropy: 0.6705, Epsilon: 0.401
2026-03-29 16:44:48 | INFO | Episode  243 - Reward: 16.000, Length: 16, Loss: 0.5382, Entropy: 0.6704, Epsilon: 0.399
2026-03-29 16:44:49 | INFO | Episode  244 - Reward: 11.000, Length: 11, Loss: 0.5552, Entropy: 0.6702, Epsilon: 0.396
2026-03-29 16:44:49 | INFO | Episode  245 - Reward: 11.000, Length: 11, Loss: 0.5416, Entropy: 0.6702, Epsilon: 0.394
2026-03-29 16:44:50 | INFO | Episode  246 - Reward: 9.000, Length: 9, Loss: 0.5113, Entropy: 0.6702, Epsilon: 0.391
2026-03-29 16:44:50 | INFO | Episode  247 - Reward: 23.000, Length: 23, Loss: 0.4891, Entropy: 0.6703, Epsilon: 0.389
2026-03-29 16:44:51 | INFO | Episode  248 - Reward: 13.000, Length: 13, Loss: 0.4717, Entropy: 0.6704, Epsilon: 0.386
2026-03-29 16:44:51 | INFO | Episode  249 - Reward: 9.000, Length: 9, Loss: 0.4511, Entropy: 0.6702, Epsilon: 0.384
2026-03-29 16:44:51 | INFO | Episode  250 - Reward: 18.000, Length: 18, Loss: 0.4310, Entropy: 0.6701, Epsilon: 0.381
2026-03-29 16:44:52 | INFO | [Episode  250] eps=0.381  avg_reward=  13.040  avg_length= 13.04  avg_loss=  0.6879  avg_entropy=0.6701  eval_success=0.000
2026-03-29 16:44:52 | INFO | Episode  251 - Reward: 13.000, Length: 13, Loss: 0.4747, Entropy: 0.6699, Epsilon: 0.379
2026-03-29 16:44:53 | INFO | Episode  252 - Reward: 12.000, Length: 12, Loss: 0.4525, Entropy: 0.6699, Epsilon: 0.376
2026-03-29 16:44:53 | INFO | Episode  253 - Reward: 12.000, Length: 12, Loss: 0.4718, Entropy: 0.6699, Epsilon: 0.374
2026-03-29 16:44:54 | INFO | Episode  254 - Reward: 11.000, Length: 11, Loss: 0.4882, Entropy: 0.6705, Epsilon: 0.371
2026-03-29 16:44:54 | INFO | Episode  255 - Reward: 14.000, Length: 14, Loss: 0.4057, Entropy: 0.6706, Epsilon: 0.369
2026-03-29 16:44:55 | INFO | Episode  256 - Reward: 15.000, Length: 15, Loss: 1.4022, Entropy: 0.6698, Epsilon: 0.366
2026-03-29 16:44:55 | INFO | Episode  257 - Reward: 12.000, Length: 12, Loss: 1.3850, Entropy: 0.6692, Epsilon: 0.364
2026-03-29 16:44:56 | INFO | Episode  258 - Reward: 14.000, Length: 14, Loss: 1.3523, Entropy: 0.6677, Epsilon: 0.361
2026-03-29 16:44:57 | INFO | Episode  259 - Reward: 9.000, Length: 9, Loss: 1.2587, Entropy: 0.6672, Epsilon: 0.359
2026-03-29 16:44:57 | INFO | Episode  260 - Reward: 13.000, Length: 13, Loss: 1.2044, Entropy: 0.6662, Epsilon: 0.357
2026-03-29 16:44:58 | INFO | Episode  261 - Reward: 10.000, Length: 10, Loss: 1.1739, Entropy: 0.6656, Epsilon: 0.354
2026-03-29 16:44:59 | INFO | Episode  262 - Reward: 12.000, Length: 12, Loss: 1.1665, Entropy: 0.6649, Epsilon: 0.352
2026-03-29 16:44:59 | INFO | Episode  263 - Reward: 10.000, Length: 10, Loss: 1.1438, Entropy: 0.6644, Epsilon: 0.349
2026-03-29 16:45:00 | INFO | Episode  264 - Reward: 10.000, Length: 10, Loss: 1.0300, Entropy: 0.6640, Epsilon: 0.347
2026-03-29 16:45:01 | INFO | Episode  265 - Reward: 10.000, Length: 10, Loss: 1.0231, Entropy: 0.6637, Epsilon: 0.344
2026-03-29 16:45:01 | INFO | Episode  266 - Reward: 12.000, Length: 12, Loss: 1.0297, Entropy: 0.6625, Epsilon: 0.342
2026-03-29 16:45:02 | INFO | Episode  267 - Reward: 12.000, Length: 12, Loss: 0.9512, Entropy: 0.6626, Epsilon: 0.339
2026-03-29 16:45:03 | INFO | Episode  268 - Reward: 10.000, Length: 10, Loss: 0.9605, Entropy: 0.6618, Epsilon: 0.337
2026-03-29 16:45:03 | INFO | Episode  269 - Reward: 12.000, Length: 12, Loss: 0.9308, Entropy: 0.6621, Epsilon: 0.334
2026-03-29 16:45:04 | INFO | Episode  270 - Reward: 9.000, Length: 9, Loss: 0.7976, Entropy: 0.6616, Epsilon: 0.332
2026-03-29 16:45:04 | INFO | Episode  271 - Reward: 9.000, Length: 9, Loss: 0.8347, Entropy: 0.6613, Epsilon: 0.329
2026-03-29 16:45:05 | INFO | Episode  272 - Reward: 9.000, Length: 9, Loss: 0.8126, Entropy: 0.6614, Epsilon: 0.327
2026-03-29 16:45:06 | INFO | Episode  273 - Reward: 12.000, Length: 12, Loss: 0.8328, Entropy: 0.6607, Epsilon: 0.324
2026-03-29 16:45:06 | INFO | Episode  274 - Reward: 11.000, Length: 11, Loss: 0.8150, Entropy: 0.6611, Epsilon: 0.322
2026-03-29 16:45:07 | INFO | Episode  275 - Reward: 9.000, Length: 9, Loss: 0.9003, Entropy: 0.6609, Epsilon: 0.319
2026-03-29 16:45:08 | INFO | Episode  276 - Reward: 12.000, Length: 12, Loss: 0.7324, Entropy: 0.6615, Epsilon: 0.317
2026-03-29 16:45:08 | INFO | Episode  277 - Reward: 11.000, Length: 11, Loss: 0.7306, Entropy: 0.6614, Epsilon: 0.314
2026-03-29 16:45:09 | INFO | Episode  278 - Reward: 9.000, Length: 9, Loss: 0.7107, Entropy: 0.6611, Epsilon: 0.312
2026-03-29 16:45:09 | INFO | Episode  279 - Reward: 9.000, Length: 9, Loss: 0.7827, Entropy: 0.6609, Epsilon: 0.309
2026-03-29 16:45:10 | INFO | Episode  280 - Reward: 11.000, Length: 11, Loss: 0.7077, Entropy: 0.6614, Epsilon: 0.307
2026-03-29 16:45:11 | INFO | Episode  281 - Reward: 9.000, Length: 9, Loss: 0.7648, Entropy: 0.6613, Epsilon: 0.305
2026-03-29 16:45:11 | INFO | Episode  282 - Reward: 11.000, Length: 11, Loss: 0.7647, Entropy: 0.6621, Epsilon: 0.302
2026-03-29 16:45:12 | INFO | Episode  283 - Reward: 10.000, Length: 10, Loss: 0.6559, Entropy: 0.6618, Epsilon: 0.300
2026-03-29 16:45:12 | INFO | Episode  284 - Reward: 11.000, Length: 11, Loss: 0.6162, Entropy: 0.6621, Epsilon: 0.297
2026-03-29 16:45:13 | INFO | Episode  285 - Reward: 10.000, Length: 10, Loss: 0.6407, Entropy: 0.6624, Epsilon: 0.295
2026-03-29 16:45:14 | INFO | Episode  286 - Reward: 8.000, Length: 8, Loss: 0.6528, Entropy: 0.6627, Epsilon: 0.292
2026-03-29 16:45:15 | INFO | Episode  287 - Reward: 11.000, Length: 11, Loss: 0.5674, Entropy: 0.6629, Epsilon: 0.290
2026-03-29 16:45:15 | INFO | Episode  288 - Reward: 11.000, Length: 11, Loss: 0.7083, Entropy: 0.6627, Epsilon: 0.287
2026-03-29 16:45:16 | INFO | Episode  289 - Reward: 9.000, Length: 9, Loss: 0.6937, Entropy: 0.6634, Epsilon: 0.285
2026-03-29 16:45:17 | INFO | Episode  290 - Reward: 11.000, Length: 11, Loss: 0.5664, Entropy: 0.6636, Epsilon: 0.282
2026-03-29 16:45:17 | INFO | Episode  291 - Reward: 10.000, Length: 10, Loss: 0.6392, Entropy: 0.6638, Epsilon: 0.280
2026-03-29 16:45:18 | INFO | Episode  292 - Reward: 9.000, Length: 9, Loss: 0.6605, Entropy: 0.6640, Epsilon: 0.277
2026-03-29 16:45:18 | INFO | Episode  293 - Reward: 9.000, Length: 9, Loss: 0.6504, Entropy: 0.6646, Epsilon: 0.275
2026-03-29 16:45:19 | INFO | Episode  294 - Reward: 9.000, Length: 9, Loss: 0.5298, Entropy: 0.6650, Epsilon: 0.272
2026-03-29 16:45:20 | INFO | Episode  295 - Reward: 9.000, Length: 9, Loss: 0.5177, Entropy: 0.6650, Epsilon: 0.270
2026-03-29 16:45:20 | INFO | Episode  296 - Reward: 10.000, Length: 10, Loss: 0.5993, Entropy: 0.6649, Epsilon: 0.267
2026-03-29 16:45:21 | INFO | Episode  297 - Reward: 10.000, Length: 10, Loss: 0.6355, Entropy: 0.6650, Epsilon: 0.265
2026-03-29 16:45:22 | INFO | Episode  298 - Reward: 10.000, Length: 10, Loss: 0.6197, Entropy: 0.6661, Epsilon: 0.262
2026-03-29 16:45:22 | INFO | Episode  299 - Reward: 9.000, Length: 9, Loss: 0.5809, Entropy: 0.6666, Epsilon: 0.260
2026-03-29 16:45:23 | INFO | Episode  300 - Reward: 9.000, Length: 9, Loss: 0.6922, Entropy: 0.6669, Epsilon: 0.258
2026-03-29 16:45:24 | INFO | [Episode  300] eps=0.258  avg_reward=  10.580  avg_length= 10.58  avg_loss=  0.7944  avg_entropy=0.6669  eval_success=0.000
2026-03-29 16:45:24 | INFO | Episode  301 - Reward: 11.000, Length: 11, Loss: 0.5721, Entropy: 0.6675, Epsilon: 0.255
2026-03-29 16:45:25 | INFO | Episode  302 - Reward: 9.000, Length: 9, Loss: 0.6108, Entropy: 0.6677, Epsilon: 0.253
2026-03-29 16:45:26 | INFO | Episode  303 - Reward: 14.000, Length: 14, Loss: 0.5854, Entropy: 0.6683, Epsilon: 0.250
2026-03-29 16:45:26 | INFO | Episode  304 - Reward: 11.000, Length: 11, Loss: 1.7304, Entropy: 0.6675, Epsilon: 0.248
2026-03-29 16:45:27 | INFO | Episode  305 - Reward: 10.000, Length: 10, Loss: 1.6565, Entropy: 0.6657, Epsilon: 0.245
2026-03-29 16:45:28 | INFO | Episode  306 - Reward: 14.000, Length: 14, Loss: 1.5534, Entropy: 0.6640, Epsilon: 0.243
2026-03-29 16:45:28 | INFO | Episode  307 - Reward: 14.000, Length: 14, Loss: 1.4587, Entropy: 0.6622, Epsilon: 0.240
2026-03-29 16:45:29 | INFO | Episode  308 - Reward: 10.000, Length: 10, Loss: 1.3480, Entropy: 0.6612, Epsilon: 0.238
2026-03-29 16:45:30 | INFO | Episode  309 - Reward: 13.000, Length: 13, Loss: 1.4357, Entropy: 0.6604, Epsilon: 0.235
2026-03-29 16:45:30 | INFO | Episode  310 - Reward: 11.000, Length: 11, Loss: 1.2586, Entropy: 0.6590, Epsilon: 0.233
2026-03-29 16:45:31 | INFO | Episode  311 - Reward: 9.000, Length: 9, Loss: 1.4027, Entropy: 0.6580, Epsilon: 0.230
2026-03-29 16:45:31 | INFO | Episode  312 - Reward: 9.000, Length: 9, Loss: 1.1242, Entropy: 0.6567, Epsilon: 0.228
2026-03-29 16:45:32 | INFO | Episode  313 - Reward: 11.000, Length: 11, Loss: 1.2275, Entropy: 0.6560, Epsilon: 0.225
2026-03-29 16:45:33 | INFO | Episode  314 - Reward: 12.000, Length: 12, Loss: 1.1301, Entropy: 0.6555, Epsilon: 0.223
2026-03-29 16:45:33 | INFO | Episode  315 - Reward: 8.000, Length: 8, Loss: 1.1686, Entropy: 0.6548, Epsilon: 0.220
2026-03-29 16:45:34 | INFO | Episode  316 - Reward: 10.000, Length: 10, Loss: 1.1123, Entropy: 0.6549, Epsilon: 0.218
2026-03-29 16:45:35 | INFO | Episode  317 - Reward: 10.000, Length: 10, Loss: 1.1247, Entropy: 0.6541, Epsilon: 0.215
2026-03-29 16:45:35 | INFO | Episode  318 - Reward: 11.000, Length: 11, Loss: 1.2250, Entropy: 0.6539, Epsilon: 0.213
2026-03-29 16:45:36 | INFO | Episode  319 - Reward: 10.000, Length: 10, Loss: 1.0563, Entropy: 0.6541, Epsilon: 0.210
2026-03-29 16:45:37 | INFO | Episode  320 - Reward: 12.000, Length: 12, Loss: 1.0467, Entropy: 0.6538, Epsilon: 0.208
2026-03-29 16:45:37 | INFO | Episode  321 - Reward: 12.000, Length: 12, Loss: 1.2062, Entropy: 0.6546, Epsilon: 0.206
2026-03-29 16:45:38 | INFO | Episode  322 - Reward: 10.000, Length: 10, Loss: 1.2050, Entropy: 0.6552, Epsilon: 0.203
2026-03-29 16:45:38 | INFO | Episode  323 - Reward: 12.000, Length: 12, Loss: 1.0547, Entropy: 0.6554, Epsilon: 0.201
2026-03-29 16:45:39 | INFO | Episode  324 - Reward: 10.000, Length: 10, Loss: 1.1348, Entropy: 0.6557, Epsilon: 0.198
2026-03-29 16:45:40 | INFO | Episode  325 - Reward: 10.000, Length: 10, Loss: 1.1568, Entropy: 0.6562, Epsilon: 0.196
2026-03-29 16:45:40 | INFO | Episode  326 - Reward: 11.000, Length: 11, Loss: 1.0625, Entropy: 0.6568, Epsilon: 0.193
2026-03-29 16:45:41 | INFO | Episode  327 - Reward: 10.000, Length: 10, Loss: 1.0176, Entropy: 0.6576, Epsilon: 0.191
2026-03-29 16:45:42 | INFO | Episode  328 - Reward: 8.000, Length: 8, Loss: 1.0675, Entropy: 0.6583, Epsilon: 0.188
2026-03-29 16:45:42 | INFO | Episode  329 - Reward: 12.000, Length: 12, Loss: 1.0145, Entropy: 0.6589, Epsilon: 0.186
2026-03-29 16:45:43 | INFO | Episode  330 - Reward: 10.000, Length: 10, Loss: 0.9467, Entropy: 0.6592, Epsilon: 0.183
2026-03-29 16:45:43 | INFO | Episode  331 - Reward: 11.000, Length: 11, Loss: 0.8877, Entropy: 0.6596, Epsilon: 0.181
2026-03-29 16:45:44 | INFO | Episode  332 - Reward: 9.000, Length: 9, Loss: 0.9585, Entropy: 0.6599, Epsilon: 0.178
2026-03-29 16:45:45 | INFO | Episode  333 - Reward: 9.000, Length: 9, Loss: 1.1351, Entropy: 0.6604, Epsilon: 0.176
2026-03-29 16:45:45 | INFO | Episode  334 - Reward: 12.000, Length: 12, Loss: 1.0757, Entropy: 0.6614, Epsilon: 0.173
2026-03-29 16:45:46 | INFO | Episode  335 - Reward: 10.000, Length: 10, Loss: 1.0636, Entropy: 0.6620, Epsilon: 0.171
2026-03-29 16:45:47 | INFO | Episode  336 - Reward: 9.000, Length: 9, Loss: 1.1342, Entropy: 0.6630, Epsilon: 0.168
2026-03-29 16:45:47 | INFO | Episode  337 - Reward: 12.000, Length: 12, Loss: 0.9377, Entropy: 0.6635, Epsilon: 0.166
2026-03-29 16:45:48 | INFO | Episode  338 - Reward: 10.000, Length: 10, Loss: 1.1776, Entropy: 0.6644, Epsilon: 0.163
2026-03-29 16:45:49 | INFO | Episode  339 - Reward: 10.000, Length: 10, Loss: 1.0853, Entropy: 0.6653, Epsilon: 0.161
2026-03-29 16:45:49 | INFO | Episode  340 - Reward: 11.000, Length: 11, Loss: 0.9963, Entropy: 0.6654, Epsilon: 0.158
2026-03-29 16:45:50 | INFO | Episode  341 - Reward: 10.000, Length: 10, Loss: 0.8732, Entropy: 0.6655, Epsilon: 0.156
2026-03-29 16:45:50 | INFO | Episode  342 - Reward: 8.000, Length: 8, Loss: 1.0118, Entropy: 0.6662, Epsilon: 0.154
2026-03-29 16:45:51 | INFO | Episode  343 - Reward: 10.000, Length: 10, Loss: 1.0185, Entropy: 0.6671, Epsilon: 0.151
2026-03-29 16:45:52 | INFO | Episode  344 - Reward: 10.000, Length: 10, Loss: 0.8662, Entropy: 0.6673, Epsilon: 0.149
2026-03-29 16:45:52 | INFO | Episode  345 - Reward: 11.000, Length: 11, Loss: 0.8452, Entropy: 0.6676, Epsilon: 0.146
2026-03-29 16:45:53 | INFO | Episode  346 - Reward: 9.000, Length: 9, Loss: 1.0189, Entropy: 0.6680, Epsilon: 0.144
2026-03-29 16:45:54 | INFO | Episode  347 - Reward: 10.000, Length: 10, Loss: 0.8836, Entropy: 0.6680, Epsilon: 0.141
2026-03-29 16:45:54 | INFO | Episode  348 - Reward: 9.000, Length: 9, Loss: 0.8087, Entropy: 0.6681, Epsilon: 0.139
2026-03-29 16:45:55 | INFO | Episode  349 - Reward: 11.000, Length: 11, Loss: 1.0013, Entropy: 0.6688, Epsilon: 0.136
2026-03-29 16:45:55 | INFO | Episode  350 - Reward: 10.000, Length: 10, Loss: 0.9147, Entropy: 0.6691, Epsilon: 0.134
2026-03-29 16:45:56 | INFO | [Episode  350] eps=0.134  avg_reward=  10.500  avg_length= 10.50  avg_loss=  1.0878  avg_entropy=0.6691  eval_success=0.000
2026-03-29 16:45:56 | INFO | Episode  351 - Reward: 9.000, Length: 9, Loss: 0.9064, Entropy: 0.6696, Epsilon: 0.131
2026-03-29 16:45:57 | INFO | Episode  352 - Reward: 10.000, Length: 10, Loss: 2.0182, Entropy: 0.6685, Epsilon: 0.129
2026-03-29 16:45:57 | INFO | Episode  353 - Reward: 11.000, Length: 11, Loss: 1.8355, Entropy: 0.6666, Epsilon: 0.126
2026-03-29 16:45:58 | INFO | Episode  354 - Reward: 11.000, Length: 11, Loss: 1.9942, Entropy: 0.6648, Epsilon: 0.124
2026-03-29 16:45:58 | INFO | Episode  355 - Reward: 8.000, Length: 8, Loss: 1.8041, Entropy: 0.6633, Epsilon: 0.121
2026-03-29 16:45:59 | INFO | Episode  356 - Reward: 10.000, Length: 10, Loss: 1.6925, Entropy: 0.6618, Epsilon: 0.119
2026-03-29 16:45:59 | INFO | Episode  357 - Reward: 10.000, Length: 10, Loss: 1.9124, Entropy: 0.6611, Epsilon: 0.116
2026-03-29 16:46:00 | INFO | Episode  358 - Reward: 12.000, Length: 12, Loss: 1.6577, Entropy: 0.6597, Epsilon: 0.114
2026-03-29 16:46:00 | INFO | Episode  359 - Reward: 9.000, Length: 9, Loss: 1.6102, Entropy: 0.6590, Epsilon: 0.111
2026-03-29 16:46:01 | INFO | Episode  360 - Reward: 10.000, Length: 10, Loss: 1.6285, Entropy: 0.6587, Epsilon: 0.109
2026-03-29 16:46:01 | INFO | Episode  361 - Reward: 12.000, Length: 12, Loss: 1.5847, Entropy: 0.6587, Epsilon: 0.107
2026-03-29 16:46:02 | INFO | Episode  362 - Reward: 9.000, Length: 9, Loss: 1.5301, Entropy: 0.6587, Epsilon: 0.104
2026-03-29 16:46:02 | INFO | Episode  363 - Reward: 10.000, Length: 10, Loss: 1.5581, Entropy: 0.6590, Epsilon: 0.102
2026-03-29 16:46:03 | INFO | Episode  364 - Reward: 10.000, Length: 10, Loss: 1.5327, Entropy: 0.6589, Epsilon: 0.099
2026-03-29 16:46:03 | INFO | Episode  365 - Reward: 10.000, Length: 10, Loss: 1.5589, Entropy: 0.6588, Epsilon: 0.097
2026-03-29 16:46:04 | INFO | Episode  366 - Reward: 10.000, Length: 10, Loss: 1.3067, Entropy: 0.6590, Epsilon: 0.094
2026-03-29 16:46:04 | INFO | Episode  367 - Reward: 10.000, Length: 10, Loss: 1.4045, Entropy: 0.6594, Epsilon: 0.092
2026-03-29 16:46:04 | INFO | Episode  368 - Reward: 13.000, Length: 13, Loss: 1.2899, Entropy: 0.6595, Epsilon: 0.089
2026-03-29 16:46:05 | INFO | Episode  369 - Reward: 10.000, Length: 10, Loss: 1.3193, Entropy: 0.6594, Epsilon: 0.087
2026-03-29 16:46:05 | INFO | Episode  370 - Reward: 9.000, Length: 9, Loss: 1.4111, Entropy: 0.6601, Epsilon: 0.084
2026-03-29 16:46:06 | INFO | Episode  371 - Reward: 12.000, Length: 12, Loss: 1.3099, Entropy: 0.6603, Epsilon: 0.082
2026-03-29 16:46:06 | INFO | Episode  372 - Reward: 9.000, Length: 9, Loss: 1.4313, Entropy: 0.6609, Epsilon: 0.079
2026-03-29 16:46:07 | INFO | Episode  373 - Reward: 10.000, Length: 10, Loss: 1.2457, Entropy: 0.6614, Epsilon: 0.077
2026-03-29 16:46:07 | INFO | Episode  374 - Reward: 9.000, Length: 9, Loss: 1.3925, Entropy: 0.6617, Epsilon: 0.074
2026-03-29 16:46:08 | INFO | Episode  375 - Reward: 8.000, Length: 8, Loss: 1.2922, Entropy: 0.6626, Epsilon: 0.072
2026-03-29 16:46:08 | INFO | Episode  376 - Reward: 9.000, Length: 9, Loss: 1.4378, Entropy: 0.6633, Epsilon: 0.069
2026-03-29 16:46:08 | INFO | Episode  377 - Reward: 10.000, Length: 10, Loss: 1.0547, Entropy: 0.6636, Epsilon: 0.067
2026-03-29 16:46:09 | INFO | Episode  378 - Reward: 8.000, Length: 8, Loss: 1.0976, Entropy: 0.6637, Epsilon: 0.064
2026-03-29 16:46:09 | INFO | Episode  379 - Reward: 10.000, Length: 10, Loss: 1.3590, Entropy: 0.6644, Epsilon: 0.062
2026-03-29 16:46:10 | INFO | Episode  380 - Reward: 10.000, Length: 10, Loss: 1.4710, Entropy: 0.6650, Epsilon: 0.059
2026-03-29 16:46:10 | INFO | Episode  381 - Reward: 9.000, Length: 9, Loss: 1.3240, Entropy: 0.6654, Epsilon: 0.057
2026-03-29 16:46:11 | INFO | Episode  382 - Reward: 9.000, Length: 9, Loss: 1.1208, Entropy: 0.6656, Epsilon: 0.055
2026-03-29 16:46:11 | INFO | Episode  383 - Reward: 10.000, Length: 10, Loss: 1.3064, Entropy: 0.6660, Epsilon: 0.052
2026-03-29 16:46:12 | INFO | Episode  384 - Reward: 8.000, Length: 8, Loss: 1.2616, Entropy: 0.6662, Epsilon: 0.050
2026-03-29 16:46:12 | INFO | Episode  385 - Reward: 8.000, Length: 8, Loss: 1.3121, Entropy: 0.6665, Epsilon: 0.047
2026-03-29 16:46:12 | INFO | Episode  386 - Reward: 9.000, Length: 9, Loss: 1.1973, Entropy: 0.6666, Epsilon: 0.045
2026-03-29 16:46:13 | INFO | Episode  387 - Reward: 10.000, Length: 10, Loss: 1.2167, Entropy: 0.6670, Epsilon: 0.042
2026-03-29 16:46:13 | INFO | Episode  388 - Reward: 9.000, Length: 9, Loss: 1.4543, Entropy: 0.6679, Epsilon: 0.040
2026-03-29 16:46:14 | INFO | Episode  389 - Reward: 9.000, Length: 9, Loss: 1.2636, Entropy: 0.6684, Epsilon: 0.037
2026-03-29 16:46:14 | INFO | Episode  390 - Reward: 8.000, Length: 8, Loss: 1.1161, Entropy: 0.6689, Epsilon: 0.035
2026-03-29 16:46:15 | INFO | Episode  391 - Reward: 9.000, Length: 9, Loss: 1.4110, Entropy: 0.6697, Epsilon: 0.032
2026-03-29 16:46:15 | INFO | Episode  392 - Reward: 10.000, Length: 10, Loss: 1.0978, Entropy: 0.6701, Epsilon: 0.030
2026-03-29 16:46:16 | INFO | Episode  393 - Reward: 8.000, Length: 8, Loss: 1.2656, Entropy: 0.6711, Epsilon: 0.027
2026-03-29 16:46:16 | INFO | Episode  394 - Reward: 9.000, Length: 9, Loss: 1.3067, Entropy: 0.6712, Epsilon: 0.025
2026-03-29 16:46:16 | INFO | Episode  395 - Reward: 8.000, Length: 8, Loss: 1.2504, Entropy: 0.6722, Epsilon: 0.022
2026-03-29 16:46:17 | INFO | Episode  396 - Reward: 9.000, Length: 9, Loss: 1.4995, Entropy: 0.6734, Epsilon: 0.020
2026-03-29 16:46:17 | INFO | Episode  397 - Reward: 11.000, Length: 11, Loss: 1.2842, Entropy: 0.6739, Epsilon: 0.017
2026-03-29 16:46:18 | INFO | Episode  398 - Reward: 9.000, Length: 9, Loss: 1.1875, Entropy: 0.6742, Epsilon: 0.015
2026-03-29 16:46:18 | INFO | Episode  399 - Reward: 10.000, Length: 10, Loss: 1.2313, Entropy: 0.6746, Epsilon: 0.012
2026-03-29 16:46:19 | INFO | Episode  400 - Reward: 9.000, Length: 9, Loss: 1.1483, Entropy: 0.6746, Epsilon: 0.010
2026-03-29 16:46:19 | INFO | [Episode  400] eps=0.010  avg_reward=   9.580  avg_length=  9.58  avg_loss=  1.3980  avg_entropy=0.6746  eval_success=0.000
2026-03-29 16:46:20 | INFO | Episode  401 - Reward: 10.000, Length: 10, Loss: 1.4490, Entropy: 0.6755, Epsilon: 0.010
2026-03-29 16:46:20 | INFO | Episode  402 - Reward: 9.000, Length: 9, Loss: 1.1624, Entropy: 0.6756, Epsilon: 0.010
2026-03-29 16:46:21 | INFO | Episode  403 - Reward: 10.000, Length: 10, Loss: 1.2567, Entropy: 0.6759, Epsilon: 0.010
2026-03-29 16:46:21 | INFO | Episode  404 - Reward: 11.000, Length: 11, Loss: 2.2651, Entropy: 0.6754, Epsilon: 0.010
2026-03-29 16:46:21 | INFO | Episode  405 - Reward: 9.000, Length: 9, Loss: 2.1676, Entropy: 0.6744, Epsilon: 0.010
2026-03-29 16:46:22 | INFO | Episode  406 - Reward: 10.000, Length: 10, Loss: 2.0048, Entropy: 0.6737, Epsilon: 0.010
2026-03-29 16:46:22 | INFO | Episode  407 - Reward: 11.000, Length: 11, Loss: 1.9134, Entropy: 0.6729, Epsilon: 0.010
2026-03-29 16:46:23 | INFO | Episode  408 - Reward: 9.000, Length: 9, Loss: 1.8769, Entropy: 0.6718, Epsilon: 0.010
2026-03-29 16:46:23 | INFO | Episode  409 - Reward: 9.000, Length: 9, Loss: 1.7054, Entropy: 0.6718, Epsilon: 0.010
2026-03-29 16:46:24 | INFO | Episode  410 - Reward: 10.000, Length: 10, Loss: 1.7785, Entropy: 0.6710, Epsilon: 0.010
2026-03-29 16:46:24 | INFO | Episode  411 - Reward: 9.000, Length: 9, Loss: 2.0131, Entropy: 0.6715, Epsilon: 0.010
2026-03-29 16:46:25 | INFO | Episode  412 - Reward: 10.000, Length: 10, Loss: 1.5677, Entropy: 0.6714, Epsilon: 0.010
2026-03-29 16:46:25 | INFO | Episode  413 - Reward: 9.000, Length: 9, Loss: 1.6727, Entropy: 0.6712, Epsilon: 0.010
2026-03-29 16:46:26 | INFO | Episode  414 - Reward: 10.000, Length: 10, Loss: 2.0576, Entropy: 0.6718, Epsilon: 0.010
2026-03-29 16:46:26 | INFO | Episode  415 - Reward: 10.000, Length: 10, Loss: 1.6838, Entropy: 0.6718, Epsilon: 0.010
2026-03-29 16:46:27 | INFO | Episode  416 - Reward: 9.000, Length: 9, Loss: 1.7707, Entropy: 0.6719, Epsilon: 0.010
2026-03-29 16:46:27 | INFO | Episode  417 - Reward: 9.000, Length: 9, Loss: 1.8736, Entropy: 0.6728, Epsilon: 0.010
2026-03-29 16:46:27 | INFO | Episode  418 - Reward: 9.000, Length: 9, Loss: 1.4700, Entropy: 0.6726, Epsilon: 0.010
2026-03-29 16:46:28 | INFO | Episode  419 - Reward: 9.000, Length: 9, Loss: 1.4653, Entropy: 0.6723, Epsilon: 0.010
2026-03-29 16:46:28 | INFO | Episode  420 - Reward: 10.000, Length: 10, Loss: 2.1213, Entropy: 0.6736, Epsilon: 0.010
2026-03-29 16:46:29 | INFO | Episode  421 - Reward: 10.000, Length: 10, Loss: 1.4769, Entropy: 0.6733, Epsilon: 0.010
2026-03-29 16:46:29 | INFO | Episode  422 - Reward: 11.000, Length: 11, Loss: 1.6931, Entropy: 0.6735, Epsilon: 0.010
2026-03-29 16:46:30 | INFO | Episode  423 - Reward: 9.000, Length: 9, Loss: 1.6956, Entropy: 0.6738, Epsilon: 0.010
2026-03-29 16:46:30 | INFO | Episode  424 - Reward: 9.000, Length: 9, Loss: 1.4780, Entropy: 0.6741, Epsilon: 0.010
2026-03-29 16:46:31 | INFO | Episode  425 - Reward: 8.000, Length: 8, Loss: 1.9144, Entropy: 0.6751, Epsilon: 0.010
2026-03-29 16:46:31 | INFO | Episode  426 - Reward: 9.000, Length: 9, Loss: 1.6922, Entropy: 0.6754, Epsilon: 0.010
2026-03-29 16:46:32 | INFO | Episode  427 - Reward: 10.000, Length: 10, Loss: 1.8578, Entropy: 0.6765, Epsilon: 0.010
2026-03-29 16:46:32 | INFO | Episode  428 - Reward: 9.000, Length: 9, Loss: 1.9144, Entropy: 0.6776, Epsilon: 0.010
2026-03-29 16:46:33 | INFO | Episode  429 - Reward: 9.000, Length: 9, Loss: 1.6594, Entropy: 0.6784, Epsilon: 0.010
2026-03-29 16:46:33 | INFO | Episode  430 - Reward: 9.000, Length: 9, Loss: 1.4554, Entropy: 0.6783, Epsilon: 0.010
2026-03-29 16:46:34 | INFO | Episode  431 - Reward: 9.000, Length: 9, Loss: 1.4028, Entropy: 0.6782, Epsilon: 0.010
2026-03-29 16:46:34 | INFO | Episode  432 - Reward: 8.000, Length: 8, Loss: 1.5557, Entropy: 0.6783, Epsilon: 0.010
2026-03-29 16:46:34 | INFO | Episode  433 - Reward: 8.000, Length: 8, Loss: 1.3717, Entropy: 0.6791, Epsilon: 0.010
2026-03-29 16:46:35 | INFO | Episode  434 - Reward: 9.000, Length: 9, Loss: 1.5430, Entropy: 0.6794, Epsilon: 0.010
2026-03-29 16:46:35 | INFO | Episode  435 - Reward: 9.000, Length: 9, Loss: 1.4354, Entropy: 0.6792, Epsilon: 0.010
2026-03-29 16:46:36 | INFO | Episode  436 - Reward: 9.000, Length: 9, Loss: 1.5750, Entropy: 0.6799, Epsilon: 0.010
2026-03-29 16:46:36 | INFO | Episode  437 - Reward: 10.000, Length: 10, Loss: 1.6659, Entropy: 0.6800, Epsilon: 0.010
2026-03-29 16:46:37 | INFO | Episode  438 - Reward: 9.000, Length: 9, Loss: 1.7581, Entropy: 0.6812, Epsilon: 0.010
2026-03-29 16:46:37 | INFO | Episode  439 - Reward: 10.000, Length: 10, Loss: 1.5871, Entropy: 0.6812, Epsilon: 0.010
2026-03-29 16:46:38 | INFO | Episode  440 - Reward: 9.000, Length: 9, Loss: 1.5180, Entropy: 0.6815, Epsilon: 0.010
2026-03-29 16:46:38 | INFO | Episode  441 - Reward: 9.000, Length: 9, Loss: 1.2660, Entropy: 0.6809, Epsilon: 0.010
2026-03-29 16:46:39 | INFO | Episode  442 - Reward: 9.000, Length: 9, Loss: 1.6464, Entropy: 0.6818, Epsilon: 0.010
2026-03-29 16:46:39 | INFO | Episode  443 - Reward: 10.000, Length: 10, Loss: 1.6387, Entropy: 0.6817, Epsilon: 0.010
2026-03-29 16:46:40 | INFO | Episode  444 - Reward: 10.000, Length: 10, Loss: 1.6955, Entropy: 0.6825, Epsilon: 0.010
2026-03-29 16:46:40 | INFO | Episode  445 - Reward: 8.000, Length: 8, Loss: 1.4129, Entropy: 0.6828, Epsilon: 0.010
2026-03-29 16:46:40 | INFO | Episode  446 - Reward: 8.000, Length: 8, Loss: 1.3785, Entropy: 0.6823, Epsilon: 0.010
2026-03-29 16:46:41 | INFO | Episode  447 - Reward: 9.000, Length: 9, Loss: 1.4131, Entropy: 0.6830, Epsilon: 0.010
2026-03-29 16:46:42 | INFO | Episode  448 - Reward: 9.000, Length: 9, Loss: 1.6273, Entropy: 0.6833, Epsilon: 0.010
2026-03-29 16:46:42 | INFO | Episode  449 - Reward: 9.000, Length: 9, Loss: 1.6339, Entropy: 0.6830, Epsilon: 0.010
2026-03-29 16:46:43 | INFO | Episode  450 - Reward: 9.000, Length: 9, Loss: 1.6246, Entropy: 0.6834, Epsilon: 0.010
2026-03-29 16:46:43 | INFO | [Episode  450] eps=0.010  avg_reward=   9.300  avg_length=  9.30  avg_loss=  1.6572  avg_entropy=0.6834  eval_success=0.000
2026-03-29 16:46:44 | INFO | Episode  451 - Reward: 9.000, Length: 9, Loss: 1.5577, Entropy: 0.6835, Epsilon: 0.010
2026-03-29 16:46:44 | INFO | Episode  452 - Reward: 9.000, Length: 9, Loss: 1.5880, Entropy: 0.6841, Epsilon: 0.010
2026-03-29 16:46:45 | INFO | Episode  453 - Reward: 9.000, Length: 9, Loss: 1.5906, Entropy: 0.6840, Epsilon: 0.010
2026-03-29 16:46:45 | INFO | Episode  454 - Reward: 10.000, Length: 10, Loss: 1.7444, Entropy: 0.6838, Epsilon: 0.010
2026-03-29 16:46:46 | INFO | Episode  455 - Reward: 10.000, Length: 10, Loss: 1.5524, Entropy: 0.6834, Epsilon: 0.010
2026-03-29 16:46:46 | INFO | Episode  456 - Reward: 10.000, Length: 10, Loss: 1.4009, Entropy: 0.6834, Epsilon: 0.010
2026-03-29 16:46:46 | INFO | Episode  457 - Reward: 9.000, Length: 9, Loss: 1.3212, Entropy: 0.6834, Epsilon: 0.010
2026-03-29 16:46:47 | INFO | Episode  458 - Reward: 10.000, Length: 10, Loss: 1.9546, Entropy: 0.6829, Epsilon: 0.010
2026-03-29 16:46:47 | INFO | Episode  459 - Reward: 9.000, Length: 9, Loss: 1.9103, Entropy: 0.6817, Epsilon: 0.010
2026-03-29 16:46:48 | INFO | Episode  460 - Reward: 9.000, Length: 9, Loss: 1.7577, Entropy: 0.6814, Epsilon: 0.010
2026-03-29 16:46:48 | INFO | Episode  461 - Reward: 9.000, Length: 9, Loss: 2.0069, Entropy: 0.6808, Epsilon: 0.010
2026-03-29 16:46:49 | INFO | Episode  462 - Reward: 10.000, Length: 10, Loss: 1.7439, Entropy: 0.6810, Epsilon: 0.010
2026-03-29 16:46:49 | INFO | Episode  463 - Reward: 9.000, Length: 9, Loss: 1.9221, Entropy: 0.6810, Epsilon: 0.010
2026-03-29 16:46:50 | INFO | Episode  464 - Reward: 9.000, Length: 9, Loss: 1.8698, Entropy: 0.6813, Epsilon: 0.010
2026-03-29 16:46:50 | INFO | Episode  465 - Reward: 10.000, Length: 10, Loss: 1.6932, Entropy: 0.6813, Epsilon: 0.010
2026-03-29 16:46:51 | INFO | Episode  466 - Reward: 11.000, Length: 11, Loss: 1.6621, Entropy: 0.6811, Epsilon: 0.010
2026-03-29 16:46:51 | INFO | Episode  467 - Reward: 10.000, Length: 10, Loss: 1.9911, Entropy: 0.6814, Epsilon: 0.010
2026-03-29 16:46:51 | INFO | Episode  468 - Reward: 9.000, Length: 9, Loss: 1.7164, Entropy: 0.6817, Epsilon: 0.010
2026-03-29 16:46:52 | INFO | Episode  469 - Reward: 10.000, Length: 10, Loss: 1.7041, Entropy: 0.6820, Epsilon: 0.010
2026-03-29 16:46:52 | INFO | Episode  470 - Reward: 10.000, Length: 10, Loss: 1.8817, Entropy: 0.6827, Epsilon: 0.010
2026-03-29 16:46:53 | INFO | Episode  471 - Reward: 9.000, Length: 9, Loss: 1.9306, Entropy: 0.6834, Epsilon: 0.010
2026-03-29 16:46:53 | INFO | Episode  472 - Reward: 9.000, Length: 9, Loss: 1.8523, Entropy: 0.6838, Epsilon: 0.010
2026-03-29 16:46:54 | INFO | Episode  473 - Reward: 8.000, Length: 8, Loss: 1.8664, Entropy: 0.6845, Epsilon: 0.010
2026-03-29 16:46:54 | INFO | Episode  474 - Reward: 11.000, Length: 11, Loss: 1.9745, Entropy: 0.6847, Epsilon: 0.010
2026-03-29 16:46:55 | INFO | Episode  475 - Reward: 10.000, Length: 10, Loss: 1.5391, Entropy: 0.6848, Epsilon: 0.010
2026-03-29 16:46:55 | INFO | Episode  476 - Reward: 10.000, Length: 10, Loss: 1.5151, Entropy: 0.6843, Epsilon: 0.010
2026-03-29 16:46:56 | INFO | Episode  477 - Reward: 10.000, Length: 10, Loss: 1.6450, Entropy: 0.6849, Epsilon: 0.010
2026-03-29 16:46:56 | INFO | Episode  478 - Reward: 10.000, Length: 10, Loss: 1.4971, Entropy: 0.6855, Epsilon: 0.010
2026-03-29 16:46:57 | INFO | Episode  479 - Reward: 11.000, Length: 11, Loss: 1.5677, Entropy: 0.6852, Epsilon: 0.010
2026-03-29 16:46:57 | INFO | Episode  480 - Reward: 9.000, Length: 9, Loss: 1.4523, Entropy: 0.6853, Epsilon: 0.010
2026-03-29 16:46:57 | INFO | Episode  481 - Reward: 10.000, Length: 10, Loss: 1.5345, Entropy: 0.6851, Epsilon: 0.010
2026-03-29 16:46:58 | INFO | Episode  482 - Reward: 9.000, Length: 9, Loss: 1.6210, Entropy: 0.6860, Epsilon: 0.010
2026-03-29 16:46:58 | INFO | Episode  483 - Reward: 9.000, Length: 9, Loss: 1.7081, Entropy: 0.6867, Epsilon: 0.010
2026-03-29 16:46:59 | INFO | Episode  484 - Reward: 9.000, Length: 9, Loss: 1.5230, Entropy: 0.6870, Epsilon: 0.010
2026-03-29 16:46:59 | INFO | Episode  485 - Reward: 10.000, Length: 10, Loss: 1.6877, Entropy: 0.6874, Epsilon: 0.010
2026-03-29 16:47:00 | INFO | Episode  486 - Reward: 12.000, Length: 12, Loss: 1.6932, Entropy: 0.6873, Epsilon: 0.010
2026-03-29 16:47:00 | INFO | Episode  487 - Reward: 12.000, Length: 12, Loss: 1.3354, Entropy: 0.6879, Epsilon: 0.010
2026-03-29 16:47:01 | INFO | Episode  488 - Reward: 11.000, Length: 11, Loss: 1.7814, Entropy: 0.6877, Epsilon: 0.010
2026-03-29 16:47:01 | INFO | Episode  489 - Reward: 10.000, Length: 10, Loss: 1.5615, Entropy: 0.6883, Epsilon: 0.010
2026-03-29 16:47:02 | INFO | Episode  490 - Reward: 9.000, Length: 9, Loss: 1.6427, Entropy: 0.6885, Epsilon: 0.010
2026-03-29 16:47:02 | INFO | Episode  491 - Reward: 10.000, Length: 10, Loss: 1.5290, Entropy: 0.6884, Epsilon: 0.010
2026-03-29 16:47:03 | INFO | Episode  492 - Reward: 12.000, Length: 12, Loss: 1.6099, Entropy: 0.6884, Epsilon: 0.010
2026-03-29 16:47:03 | INFO | Episode  493 - Reward: 9.000, Length: 9, Loss: 1.7360, Entropy: 0.6885, Epsilon: 0.010
2026-03-29 16:47:03 | INFO | Episode  494 - Reward: 12.000, Length: 12, Loss: 1.9773, Entropy: 0.6884, Epsilon: 0.010
2026-03-29 16:47:04 | INFO | Episode  495 - Reward: 9.000, Length: 9, Loss: 1.3659, Entropy: 0.6886, Epsilon: 0.010
2026-03-29 16:47:04 | INFO | Episode  496 - Reward: 10.000, Length: 10, Loss: 1.5684, Entropy: 0.6886, Epsilon: 0.010
2026-03-29 16:47:05 | INFO | Episode  497 - Reward: 10.000, Length: 10, Loss: 1.4268, Entropy: 0.6886, Epsilon: 0.010
2026-03-29 16:47:05 | INFO | Episode  498 - Reward: 10.000, Length: 10, Loss: 1.5973, Entropy: 0.6888, Epsilon: 0.010
2026-03-29 16:47:06 | INFO | Episode  499 - Reward: 12.000, Length: 12, Loss: 1.6899, Entropy: 0.6888, Epsilon: 0.010
2026-03-29 16:47:06 | INFO | Episode  500 - Reward: 10.000, Length: 10, Loss: 1.4653, Entropy: 0.6887, Epsilon: 0.010
2026-03-29 16:47:07 | INFO | [Episode  500] eps=0.010  avg_reward=   9.860  avg_length=  9.86  avg_loss=  1.6693  avg_entropy=0.6887  eval_success=0.000
2026-03-29 16:47:07 | INFO | DQN+Entropy training: 4m 16.82s
2026-03-29 16:47:09 | INFO | [Final Eval] success=0.000, mean_reward=11.200
