2026-03-29 17:07:11 | INFO | ============================================================
2026-03-29 17:07:11 | INFO | DEVICE / COMPUTE INFORMATION
2026-03-29 17:07:11 | INFO |   JAX backend       : CPU
2026-03-29 17:07:11 | INFO |   Platform          : cpu
2026-03-29 17:07:11 | INFO |   Num devices       : 1
2026-03-29 17:07:11 | INFO |   Device            : TFRT_CPU_0
2026-03-29 17:07:11 | INFO | ============================================================
2026-03-29 17:07:11 | INFO | DQN+Entropy | seed=7, lr=0.0005, gamma=0.99, alpha=0.05
2026-03-29 17:07:11 | INFO | Env: cartpole/dense, obs_dim=4, num_actions=2
2026-03-29 17:07:12 | INFO | Episode    1 - Reward: 14.000, Length: 14, Loss: 0.0000, Entropy: 0.0000, Epsilon: 0.998
2026-03-29 17:07:12 | INFO | Episode    2 - Reward: 10.000, Length: 10, Loss: 0.0000, Entropy: 0.0000, Epsilon: 0.995
2026-03-29 17:07:13 | INFO | Episode    3 - Reward: 26.000, Length: 26, Loss: 0.0000, Entropy: 0.0000, Epsilon: 0.993
2026-03-29 17:07:13 | INFO | Episode    4 - Reward: 12.000, Length: 12, Loss: 0.0000, Entropy: 0.0000, Epsilon: 0.990
2026-03-29 17:07:13 | INFO | Episode    5 - Reward: 22.000, Length: 22, Loss: 0.0000, Entropy: 0.0000, Epsilon: 0.988
2026-03-29 17:07:14 | INFO | Episode    6 - Reward: 22.000, Length: 22, Loss: 0.0000, Entropy: 0.0000, Epsilon: 0.985
2026-03-29 17:07:14 | INFO | Episode    7 - Reward: 15.000, Length: 15, Loss: 0.0000, Entropy: 0.0000, Epsilon: 0.983
2026-03-29 17:07:15 | INFO | Episode    8 - Reward: 11.000, Length: 11, Loss: 0.0000, Entropy: 0.0000, Epsilon: 0.980
2026-03-29 17:07:15 | INFO | Episode    9 - Reward: 14.000, Length: 14, Loss: 0.0000, Entropy: 0.0000, Epsilon: 0.978
2026-03-29 17:07:15 | INFO | Episode   10 - Reward: 45.000, Length: 45, Loss: 0.0000, Entropy: 0.0000, Epsilon: 0.975
2026-03-29 17:07:16 | INFO | Episode   11 - Reward: 53.000, Length: 53, Loss: 0.0000, Entropy: 0.0000, Epsilon: 0.973
2026-03-29 17:07:16 | INFO | Episode   12 - Reward: 11.000, Length: 11, Loss: 0.0000, Entropy: 0.0000, Epsilon: 0.970
2026-03-29 17:07:17 | INFO | Episode   13 - Reward: 25.000, Length: 25, Loss: 1.0390, Entropy: 0.6918, Epsilon: 0.968
2026-03-29 17:07:18 | INFO | Episode   14 - Reward: 50.000, Length: 50, Loss: 1.0354, Entropy: 0.6919, Epsilon: 0.965
2026-03-29 17:07:18 | INFO | Episode   15 - Reward: 13.000, Length: 13, Loss: 1.0272, Entropy: 0.6920, Epsilon: 0.963
2026-03-29 17:07:19 | INFO | Episode   16 - Reward: 17.000, Length: 17, Loss: 1.0226, Entropy: 0.6920, Epsilon: 0.960
2026-03-29 17:07:19 | INFO | Episode   17 - Reward: 26.000, Length: 26, Loss: 1.0119, Entropy: 0.6920, Epsilon: 0.958
2026-03-29 17:07:19 | INFO | Episode   18 - Reward: 12.000, Length: 12, Loss: 1.0050, Entropy: 0.6919, Epsilon: 0.955
2026-03-29 17:07:20 | INFO | Episode   19 - Reward: 11.000, Length: 11, Loss: 1.0033, Entropy: 0.6920, Epsilon: 0.953
2026-03-29 17:07:20 | INFO | Episode   20 - Reward: 24.000, Length: 24, Loss: 0.9881, Entropy: 0.6918, Epsilon: 0.951
2026-03-29 17:07:21 | INFO | Episode   21 - Reward: 14.000, Length: 14, Loss: 0.9915, Entropy: 0.6918, Epsilon: 0.948
2026-03-29 17:07:21 | INFO | Episode   22 - Reward: 10.000, Length: 10, Loss: 0.9871, Entropy: 0.6917, Epsilon: 0.946
2026-03-29 17:07:22 | INFO | Episode   23 - Reward: 18.000, Length: 18, Loss: 0.9882, Entropy: 0.6915, Epsilon: 0.943
2026-03-29 17:07:22 | INFO | Episode   24 - Reward: 32.000, Length: 32, Loss: 0.9848, Entropy: 0.6914, Epsilon: 0.941
2026-03-29 17:07:23 | INFO | Episode   25 - Reward: 14.000, Length: 14, Loss: 1.0405, Entropy: 0.6916, Epsilon: 0.938
2026-03-29 17:07:23 | INFO | Episode   26 - Reward: 13.000, Length: 13, Loss: 1.0440, Entropy: 0.6914, Epsilon: 0.936
2026-03-29 17:07:24 | INFO | Episode   27 - Reward: 29.000, Length: 29, Loss: 1.0315, Entropy: 0.6915, Epsilon: 0.933
2026-03-29 17:07:24 | INFO | Episode   28 - Reward: 24.000, Length: 24, Loss: 1.0259, Entropy: 0.6916, Epsilon: 0.931
2026-03-29 17:07:25 | INFO | Episode   29 - Reward: 11.000, Length: 11, Loss: 1.0337, Entropy: 0.6914, Epsilon: 0.928
2026-03-29 17:07:25 | INFO | Episode   30 - Reward: 10.000, Length: 10, Loss: 1.0216, Entropy: 0.6913, Epsilon: 0.926
2026-03-29 17:07:26 | INFO | Episode   31 - Reward: 12.000, Length: 12, Loss: 1.0142, Entropy: 0.6912, Epsilon: 0.923
2026-03-29 17:07:26 | INFO | Episode   32 - Reward: 14.000, Length: 14, Loss: 1.0103, Entropy: 0.6913, Epsilon: 0.921
2026-03-29 17:07:26 | INFO | Episode   33 - Reward: 59.000, Length: 59, Loss: 0.9995, Entropy: 0.6915, Epsilon: 0.918
2026-03-29 17:07:27 | INFO | Episode   34 - Reward: 16.000, Length: 16, Loss: 0.9964, Entropy: 0.6914, Epsilon: 0.916
2026-03-29 17:07:28 | INFO | Episode   35 - Reward: 13.000, Length: 13, Loss: 0.9926, Entropy: 0.6912, Epsilon: 0.913
2026-03-29 17:07:28 | INFO | Episode   36 - Reward: 20.000, Length: 20, Loss: 0.9774, Entropy: 0.6912, Epsilon: 0.911
2026-03-29 17:07:28 | INFO | Episode   37 - Reward: 25.000, Length: 25, Loss: 0.9736, Entropy: 0.6913, Epsilon: 0.908
2026-03-29 17:07:29 | INFO | Episode   38 - Reward: 17.000, Length: 17, Loss: 0.9728, Entropy: 0.6911, Epsilon: 0.906
2026-03-29 17:07:29 | INFO | Episode   39 - Reward: 15.000, Length: 15, Loss: 0.9694, Entropy: 0.6912, Epsilon: 0.903
2026-03-29 17:07:30 | INFO | Episode   40 - Reward: 13.000, Length: 13, Loss: 0.9589, Entropy: 0.6911, Epsilon: 0.901
2026-03-29 17:07:30 | INFO | Episode   41 - Reward: 17.000, Length: 17, Loss: 0.9615, Entropy: 0.6910, Epsilon: 0.899
2026-03-29 17:07:31 | INFO | Episode   42 - Reward: 12.000, Length: 12, Loss: 0.9521, Entropy: 0.6910, Epsilon: 0.896
2026-03-29 17:07:31 | INFO | Episode   43 - Reward: 11.000, Length: 11, Loss: 0.9434, Entropy: 0.6909, Epsilon: 0.894
2026-03-29 17:07:32 | INFO | Episode   44 - Reward: 38.000, Length: 38, Loss: 0.9464, Entropy: 0.6910, Epsilon: 0.891
2026-03-29 17:07:32 | INFO | Episode   45 - Reward: 14.000, Length: 14, Loss: 0.9318, Entropy: 0.6909, Epsilon: 0.889
2026-03-29 17:07:33 | INFO | Episode   46 - Reward: 27.000, Length: 27, Loss: 0.9252, Entropy: 0.6910, Epsilon: 0.886
2026-03-29 17:07:33 | INFO | Episode   47 - Reward: 15.000, Length: 15, Loss: 0.9215, Entropy: 0.6909, Epsilon: 0.884
2026-03-29 17:07:33 | INFO | Episode   48 - Reward: 21.000, Length: 21, Loss: 0.9169, Entropy: 0.6908, Epsilon: 0.881
2026-03-29 17:07:34 | INFO | Episode   49 - Reward: 11.000, Length: 11, Loss: 0.9033, Entropy: 0.6907, Epsilon: 0.879
2026-03-29 17:07:34 | INFO | Episode   50 - Reward: 33.000, Length: 33, Loss: 0.9015, Entropy: 0.6908, Epsilon: 0.876
2026-03-29 17:07:35 | INFO | [Episode   50] eps=0.876  avg_reward=  20.220  avg_length= 20.22  avg_loss=  0.7490  avg_entropy=0.6908  eval_success=0.000
2026-03-29 17:07:36 | INFO | Episode   51 - Reward: 11.000, Length: 11, Loss: 1.0502, Entropy: 0.6906, Epsilon: 0.874
2026-03-29 17:07:36 | INFO | Episode   52 - Reward: 29.000, Length: 29, Loss: 1.0575, Entropy: 0.6907, Epsilon: 0.871
2026-03-29 17:07:36 | INFO | Episode   53 - Reward: 13.000, Length: 13, Loss: 1.0472, Entropy: 0.6905, Epsilon: 0.869
2026-03-29 17:07:37 | INFO | Episode   54 - Reward: 23.000, Length: 23, Loss: 1.0473, Entropy: 0.6905, Epsilon: 0.866
2026-03-29 17:07:37 | INFO | Episode   55 - Reward: 11.000, Length: 11, Loss: 1.0325, Entropy: 0.6907, Epsilon: 0.864
2026-03-29 17:07:38 | INFO | Episode   56 - Reward: 17.000, Length: 17, Loss: 1.0246, Entropy: 0.6907, Epsilon: 0.861
2026-03-29 17:07:38 | INFO | Episode   57 - Reward: 17.000, Length: 17, Loss: 1.0267, Entropy: 0.6904, Epsilon: 0.859
2026-03-29 17:07:38 | INFO | Episode   58 - Reward: 11.000, Length: 11, Loss: 1.0109, Entropy: 0.6903, Epsilon: 0.856
2026-03-29 17:07:39 | INFO | Episode   59 - Reward: 11.000, Length: 11, Loss: 1.0047, Entropy: 0.6902, Epsilon: 0.854
2026-03-29 17:07:39 | INFO | Episode   60 - Reward: 13.000, Length: 13, Loss: 1.0058, Entropy: 0.6903, Epsilon: 0.852
2026-03-29 17:07:40 | INFO | Episode   61 - Reward: 12.000, Length: 12, Loss: 1.0003, Entropy: 0.6900, Epsilon: 0.849
2026-03-29 17:07:40 | INFO | Episode   62 - Reward: 17.000, Length: 17, Loss: 0.9935, Entropy: 0.6903, Epsilon: 0.847
2026-03-29 17:07:41 | INFO | Episode   63 - Reward: 11.000, Length: 11, Loss: 0.9837, Entropy: 0.6900, Epsilon: 0.844
2026-03-29 17:07:41 | INFO | Episode   64 - Reward: 14.000, Length: 14, Loss: 0.9832, Entropy: 0.6898, Epsilon: 0.842
2026-03-29 17:07:42 | INFO | Episode   65 - Reward: 24.000, Length: 24, Loss: 0.9674, Entropy: 0.6899, Epsilon: 0.839
2026-03-29 17:07:42 | INFO | Episode   66 - Reward: 18.000, Length: 18, Loss: 0.9581, Entropy: 0.6898, Epsilon: 0.837
2026-03-29 17:07:42 | INFO | Episode   67 - Reward: 26.000, Length: 26, Loss: 0.9609, Entropy: 0.6900, Epsilon: 0.834
2026-03-29 17:07:43 | INFO | Episode   68 - Reward: 42.000, Length: 42, Loss: 0.9502, Entropy: 0.6898, Epsilon: 0.832
2026-03-29 17:07:43 | INFO | Episode   69 - Reward: 29.000, Length: 29, Loss: 0.9403, Entropy: 0.6900, Epsilon: 0.829
2026-03-29 17:07:44 | INFO | Episode   70 - Reward: 21.000, Length: 21, Loss: 0.9412, Entropy: 0.6898, Epsilon: 0.827
2026-03-29 17:07:44 | INFO | Episode   71 - Reward: 21.000, Length: 21, Loss: 0.9364, Entropy: 0.6895, Epsilon: 0.824
2026-03-29 17:07:45 | INFO | Episode   72 - Reward: 17.000, Length: 17, Loss: 0.9279, Entropy: 0.6895, Epsilon: 0.822
2026-03-29 17:07:45 | INFO | Episode   73 - Reward: 12.000, Length: 12, Loss: 0.9197, Entropy: 0.6896, Epsilon: 0.819
2026-03-29 17:07:45 | INFO | Episode   74 - Reward: 24.000, Length: 24, Loss: 0.9217, Entropy: 0.6893, Epsilon: 0.817
2026-03-29 17:07:46 | INFO | Episode   75 - Reward: 21.000, Length: 21, Loss: 0.9091, Entropy: 0.6896, Epsilon: 0.814
2026-03-29 17:07:46 | INFO | Episode   76 - Reward: 19.000, Length: 19, Loss: 0.8974, Entropy: 0.6896, Epsilon: 0.812
2026-03-29 17:07:47 | INFO | Episode   77 - Reward: 12.000, Length: 12, Loss: 0.8949, Entropy: 0.6894, Epsilon: 0.809
2026-03-29 17:07:47 | INFO | Episode   78 - Reward: 23.000, Length: 23, Loss: 1.0751, Entropy: 0.6895, Epsilon: 0.807
2026-03-29 17:07:48 | INFO | Episode   79 - Reward: 28.000, Length: 28, Loss: 1.0697, Entropy: 0.6893, Epsilon: 0.804
2026-03-29 17:07:48 | INFO | Episode   80 - Reward: 27.000, Length: 27, Loss: 1.0668, Entropy: 0.6892, Epsilon: 0.802
2026-03-29 17:07:48 | INFO | Episode   81 - Reward: 31.000, Length: 31, Loss: 1.0610, Entropy: 0.6894, Epsilon: 0.800
2026-03-29 17:07:49 | INFO | Episode   82 - Reward: 9.000, Length: 9, Loss: 1.0433, Entropy: 0.6894, Epsilon: 0.797
2026-03-29 17:07:49 | INFO | Episode   83 - Reward: 46.000, Length: 46, Loss: 1.0494, Entropy: 0.6888, Epsilon: 0.795
2026-03-29 17:07:50 | INFO | Episode   84 - Reward: 27.000, Length: 27, Loss: 1.0454, Entropy: 0.6886, Epsilon: 0.792
2026-03-29 17:07:50 | INFO | Episode   85 - Reward: 10.000, Length: 10, Loss: 1.0350, Entropy: 0.6888, Epsilon: 0.790
2026-03-29 17:07:51 | INFO | Episode   86 - Reward: 14.000, Length: 14, Loss: 1.0356, Entropy: 0.6886, Epsilon: 0.787
2026-03-29 17:07:51 | INFO | Episode   87 - Reward: 60.000, Length: 60, Loss: 1.0154, Entropy: 0.6886, Epsilon: 0.785
2026-03-29 17:07:51 | INFO | Episode   88 - Reward: 20.000, Length: 20, Loss: 0.9969, Entropy: 0.6889, Epsilon: 0.782
2026-03-29 17:07:52 | INFO | Episode   89 - Reward: 16.000, Length: 16, Loss: 1.0045, Entropy: 0.6885, Epsilon: 0.780
2026-03-29 17:07:52 | INFO | Episode   90 - Reward: 16.000, Length: 16, Loss: 1.0031, Entropy: 0.6885, Epsilon: 0.777
2026-03-29 17:07:53 | INFO | Episode   91 - Reward: 19.000, Length: 19, Loss: 1.0039, Entropy: 0.6883, Epsilon: 0.775
2026-03-29 17:07:53 | INFO | Episode   92 - Reward: 12.000, Length: 12, Loss: 0.9777, Entropy: 0.6884, Epsilon: 0.772
2026-03-29 17:07:54 | INFO | Episode   93 - Reward: 34.000, Length: 34, Loss: 0.9869, Entropy: 0.6885, Epsilon: 0.770
2026-03-29 17:07:54 | INFO | Episode   94 - Reward: 12.000, Length: 12, Loss: 0.9712, Entropy: 0.6883, Epsilon: 0.767
2026-03-29 17:07:55 | INFO | Episode   95 - Reward: 24.000, Length: 24, Loss: 0.9670, Entropy: 0.6883, Epsilon: 0.765
2026-03-29 17:07:55 | INFO | Episode   96 - Reward: 15.000, Length: 15, Loss: 0.9512, Entropy: 0.6884, Epsilon: 0.762
2026-03-29 17:07:56 | INFO | Episode   97 - Reward: 35.000, Length: 35, Loss: 0.9442, Entropy: 0.6882, Epsilon: 0.760
2026-03-29 17:07:56 | INFO | Episode   98 - Reward: 15.000, Length: 15, Loss: 0.9405, Entropy: 0.6883, Epsilon: 0.757
2026-03-29 17:07:56 | INFO | Episode   99 - Reward: 10.000, Length: 10, Loss: 1.0877, Entropy: 0.6879, Epsilon: 0.755
2026-03-29 17:07:57 | INFO | Episode  100 - Reward: 14.000, Length: 14, Loss: 1.0839, Entropy: 0.6878, Epsilon: 0.752
2026-03-29 17:07:57 | INFO | [Episode  100] eps=0.752  avg_reward=  20.260  avg_length= 20.26  avg_loss=  0.9962  avg_entropy=0.6878  eval_success=0.000
2026-03-29 17:07:58 | INFO | Episode  101 - Reward: 32.000, Length: 32, Loss: 1.0939, Entropy: 0.6874, Epsilon: 0.750
2026-03-29 17:07:58 | INFO | Episode  102 - Reward: 39.000, Length: 39, Loss: 1.0811, Entropy: 0.6875, Epsilon: 0.748
2026-03-29 17:07:59 | INFO | Episode  103 - Reward: 24.000, Length: 24, Loss: 1.0745, Entropy: 0.6878, Epsilon: 0.745
2026-03-29 17:07:59 | INFO | Episode  104 - Reward: 14.000, Length: 14, Loss: 1.0693, Entropy: 0.6874, Epsilon: 0.743
2026-03-29 17:07:59 | INFO | Episode  105 - Reward: 15.000, Length: 15, Loss: 1.0492, Entropy: 0.6875, Epsilon: 0.740
2026-03-29 17:08:00 | INFO | Episode  106 - Reward: 18.000, Length: 18, Loss: 1.0557, Entropy: 0.6873, Epsilon: 0.738
2026-03-29 17:08:00 | INFO | Episode  107 - Reward: 17.000, Length: 17, Loss: 1.0439, Entropy: 0.6868, Epsilon: 0.735
2026-03-29 17:08:01 | INFO | Episode  108 - Reward: 23.000, Length: 23, Loss: 1.0304, Entropy: 0.6874, Epsilon: 0.733
2026-03-29 17:08:01 | INFO | Episode  109 - Reward: 16.000, Length: 16, Loss: 1.0524, Entropy: 0.6871, Epsilon: 0.730
2026-03-29 17:08:02 | INFO | Episode  110 - Reward: 12.000, Length: 12, Loss: 1.0256, Entropy: 0.6872, Epsilon: 0.728
2026-03-29 17:08:02 | INFO | Episode  111 - Reward: 11.000, Length: 11, Loss: 1.0164, Entropy: 0.6868, Epsilon: 0.725
2026-03-29 17:08:03 | INFO | Episode  112 - Reward: 15.000, Length: 15, Loss: 1.0111, Entropy: 0.6868, Epsilon: 0.723
2026-03-29 17:08:03 | INFO | Episode  113 - Reward: 11.000, Length: 11, Loss: 1.0041, Entropy: 0.6871, Epsilon: 0.720
2026-03-29 17:08:03 | INFO | Episode  114 - Reward: 14.000, Length: 14, Loss: 0.9973, Entropy: 0.6868, Epsilon: 0.718
2026-03-29 17:08:04 | INFO | Episode  115 - Reward: 15.000, Length: 15, Loss: 0.9905, Entropy: 0.6866, Epsilon: 0.715
2026-03-29 17:08:04 | INFO | Episode  116 - Reward: 14.000, Length: 14, Loss: 0.9734, Entropy: 0.6865, Epsilon: 0.713
2026-03-29 17:08:05 | INFO | Episode  117 - Reward: 15.000, Length: 15, Loss: 0.9746, Entropy: 0.6863, Epsilon: 0.710
2026-03-29 17:08:05 | INFO | Episode  118 - Reward: 18.000, Length: 18, Loss: 0.9701, Entropy: 0.6866, Epsilon: 0.708
2026-03-29 17:08:06 | INFO | Episode  119 - Reward: 19.000, Length: 19, Loss: 0.9620, Entropy: 0.6866, Epsilon: 0.705
2026-03-29 17:08:06 | INFO | Episode  120 - Reward: 14.000, Length: 14, Loss: 0.9509, Entropy: 0.6861, Epsilon: 0.703
2026-03-29 17:08:07 | INFO | Episode  121 - Reward: 11.000, Length: 11, Loss: 0.9406, Entropy: 0.6862, Epsilon: 0.701
2026-03-29 17:08:07 | INFO | Episode  122 - Reward: 13.000, Length: 13, Loss: 0.9448, Entropy: 0.6859, Epsilon: 0.698
2026-03-29 17:08:07 | INFO | Episode  123 - Reward: 19.000, Length: 19, Loss: 0.9443, Entropy: 0.6858, Epsilon: 0.696
2026-03-29 17:08:08 | INFO | Episode  124 - Reward: 28.000, Length: 28, Loss: 0.9187, Entropy: 0.6859, Epsilon: 0.693
2026-03-29 17:08:08 | INFO | Episode  125 - Reward: 14.000, Length: 14, Loss: 0.9239, Entropy: 0.6856, Epsilon: 0.691
2026-03-29 17:08:09 | INFO | Episode  126 - Reward: 17.000, Length: 17, Loss: 0.9249, Entropy: 0.6858, Epsilon: 0.688
2026-03-29 17:08:09 | INFO | Episode  127 - Reward: 11.000, Length: 11, Loss: 0.9073, Entropy: 0.6855, Epsilon: 0.686
2026-03-29 17:08:10 | INFO | Episode  128 - Reward: 11.000, Length: 11, Loss: 0.8927, Entropy: 0.6852, Epsilon: 0.683
2026-03-29 17:08:10 | INFO | Episode  129 - Reward: 31.000, Length: 31, Loss: 1.1518, Entropy: 0.6854, Epsilon: 0.681
2026-03-29 17:08:11 | INFO | Episode  130 - Reward: 13.000, Length: 13, Loss: 1.1266, Entropy: 0.6854, Epsilon: 0.678
2026-03-29 17:08:11 | INFO | Episode  131 - Reward: 10.000, Length: 10, Loss: 1.1007, Entropy: 0.6848, Epsilon: 0.676
2026-03-29 17:08:12 | INFO | Episode  132 - Reward: 11.000, Length: 11, Loss: 1.0984, Entropy: 0.6847, Epsilon: 0.673
2026-03-29 17:08:12 | INFO | Episode  133 - Reward: 10.000, Length: 10, Loss: 1.0931, Entropy: 0.6845, Epsilon: 0.671
2026-03-29 17:08:12 | INFO | Episode  134 - Reward: 11.000, Length: 11, Loss: 1.0893, Entropy: 0.6851, Epsilon: 0.668
2026-03-29 17:08:13 | INFO | Episode  135 - Reward: 21.000, Length: 21, Loss: 1.0737, Entropy: 0.6839, Epsilon: 0.666
2026-03-29 17:08:13 | INFO | Episode  136 - Reward: 13.000, Length: 13, Loss: 1.0665, Entropy: 0.6842, Epsilon: 0.663
2026-03-29 17:08:14 | INFO | Episode  137 - Reward: 16.000, Length: 16, Loss: 1.0603, Entropy: 0.6841, Epsilon: 0.661
2026-03-29 17:08:14 | INFO | Episode  138 - Reward: 10.000, Length: 10, Loss: 1.0676, Entropy: 0.6838, Epsilon: 0.658
2026-03-29 17:08:15 | INFO | Episode  139 - Reward: 17.000, Length: 17, Loss: 1.0413, Entropy: 0.6842, Epsilon: 0.656
2026-03-29 17:08:15 | INFO | Episode  140 - Reward: 14.000, Length: 14, Loss: 1.0401, Entropy: 0.6838, Epsilon: 0.653
2026-03-29 17:08:15 | INFO | Episode  141 - Reward: 10.000, Length: 10, Loss: 1.0328, Entropy: 0.6836, Epsilon: 0.651
2026-03-29 17:08:16 | INFO | Episode  142 - Reward: 12.000, Length: 12, Loss: 1.0051, Entropy: 0.6832, Epsilon: 0.649
2026-03-29 17:08:16 | INFO | Episode  143 - Reward: 16.000, Length: 16, Loss: 1.0198, Entropy: 0.6834, Epsilon: 0.646
2026-03-29 17:08:17 | INFO | Episode  144 - Reward: 9.000, Length: 9, Loss: 1.0197, Entropy: 0.6827, Epsilon: 0.644
2026-03-29 17:08:17 | INFO | Episode  145 - Reward: 9.000, Length: 9, Loss: 0.9968, Entropy: 0.6825, Epsilon: 0.641
2026-03-29 17:08:18 | INFO | Episode  146 - Reward: 12.000, Length: 12, Loss: 0.9849, Entropy: 0.6828, Epsilon: 0.639
2026-03-29 17:08:18 | INFO | Episode  147 - Reward: 14.000, Length: 14, Loss: 0.9847, Entropy: 0.6826, Epsilon: 0.636
2026-03-29 17:08:18 | INFO | Episode  148 - Reward: 17.000, Length: 17, Loss: 0.9658, Entropy: 0.6821, Epsilon: 0.634
2026-03-29 17:08:19 | INFO | Episode  149 - Reward: 11.000, Length: 11, Loss: 0.9717, Entropy: 0.6821, Epsilon: 0.631
2026-03-29 17:08:19 | INFO | Episode  150 - Reward: 33.000, Length: 33, Loss: 0.9580, Entropy: 0.6818, Epsilon: 0.629
2026-03-29 17:08:20 | INFO | [Episode  150] eps=0.629  avg_reward=  16.000  avg_length= 16.00  avg_loss=  1.0154  avg_entropy=0.6818  eval_success=0.000
2026-03-29 17:08:20 | INFO | Episode  151 - Reward: 16.000, Length: 16, Loss: 0.9470, Entropy: 0.6822, Epsilon: 0.626
2026-03-29 17:08:21 | INFO | Episode  152 - Reward: 11.000, Length: 11, Loss: 0.9576, Entropy: 0.6819, Epsilon: 0.624
2026-03-29 17:08:21 | INFO | Episode  153 - Reward: 11.000, Length: 11, Loss: 0.9336, Entropy: 0.6821, Epsilon: 0.621
2026-03-29 17:08:21 | INFO | Episode  154 - Reward: 16.000, Length: 16, Loss: 0.9501, Entropy: 0.6815, Epsilon: 0.619
2026-03-29 17:08:22 | INFO | Episode  155 - Reward: 17.000, Length: 17, Loss: 0.9230, Entropy: 0.6820, Epsilon: 0.616
2026-03-29 17:08:22 | INFO | Episode  156 - Reward: 11.000, Length: 11, Loss: 0.9195, Entropy: 0.6813, Epsilon: 0.614
2026-03-29 17:08:23 | INFO | Episode  157 - Reward: 11.000, Length: 11, Loss: 0.9195, Entropy: 0.6806, Epsilon: 0.611
2026-03-29 17:08:23 | INFO | Episode  158 - Reward: 33.000, Length: 33, Loss: 0.9169, Entropy: 0.6810, Epsilon: 0.609
2026-03-29 17:08:24 | INFO | Episode  159 - Reward: 12.000, Length: 12, Loss: 0.8925, Entropy: 0.6810, Epsilon: 0.606
2026-03-29 17:08:24 | INFO | Episode  160 - Reward: 10.000, Length: 10, Loss: 0.8932, Entropy: 0.6803, Epsilon: 0.604
2026-03-29 17:08:24 | INFO | Episode  161 - Reward: 11.000, Length: 11, Loss: 0.8707, Entropy: 0.6807, Epsilon: 0.602
2026-03-29 17:08:25 | INFO | Episode  162 - Reward: 16.000, Length: 16, Loss: 0.8902, Entropy: 0.6804, Epsilon: 0.599
2026-03-29 17:08:25 | INFO | Episode  163 - Reward: 9.000, Length: 9, Loss: 0.8630, Entropy: 0.6806, Epsilon: 0.597
2026-03-29 17:08:26 | INFO | Episode  164 - Reward: 12.000, Length: 12, Loss: 1.1738, Entropy: 0.6798, Epsilon: 0.594
2026-03-29 17:08:26 | INFO | Episode  165 - Reward: 11.000, Length: 11, Loss: 1.1685, Entropy: 0.6798, Epsilon: 0.592
2026-03-29 17:08:27 | INFO | Episode  166 - Reward: 11.000, Length: 11, Loss: 1.1594, Entropy: 0.6797, Epsilon: 0.589
2026-03-29 17:08:27 | INFO | Episode  167 - Reward: 13.000, Length: 13, Loss: 1.1263, Entropy: 0.6806, Epsilon: 0.587
2026-03-29 17:08:28 | INFO | Episode  168 - Reward: 15.000, Length: 15, Loss: 1.1399, Entropy: 0.6798, Epsilon: 0.584
2026-03-29 17:08:28 | INFO | Episode  169 - Reward: 17.000, Length: 17, Loss: 1.1278, Entropy: 0.6796, Epsilon: 0.582
2026-03-29 17:08:28 | INFO | Episode  170 - Reward: 12.000, Length: 12, Loss: 1.1188, Entropy: 0.6788, Epsilon: 0.579
2026-03-29 17:08:29 | INFO | Episode  171 - Reward: 13.000, Length: 13, Loss: 1.1203, Entropy: 0.6794, Epsilon: 0.577
2026-03-29 17:08:29 | INFO | Episode  172 - Reward: 11.000, Length: 11, Loss: 1.0881, Entropy: 0.6785, Epsilon: 0.574
2026-03-29 17:08:30 | INFO | Episode  173 - Reward: 13.000, Length: 13, Loss: 1.1017, Entropy: 0.6780, Epsilon: 0.572
2026-03-29 17:08:30 | INFO | Episode  174 - Reward: 12.000, Length: 12, Loss: 1.0809, Entropy: 0.6781, Epsilon: 0.569
2026-03-29 17:08:31 | INFO | Episode  175 - Reward: 13.000, Length: 13, Loss: 1.0825, Entropy: 0.6778, Epsilon: 0.567
2026-03-29 17:08:31 | INFO | Episode  176 - Reward: 14.000, Length: 14, Loss: 1.0616, Entropy: 0.6785, Epsilon: 0.564
2026-03-29 17:08:32 | INFO | Episode  177 - Reward: 10.000, Length: 10, Loss: 1.0572, Entropy: 0.6780, Epsilon: 0.562
2026-03-29 17:08:32 | INFO | Episode  178 - Reward: 34.000, Length: 34, Loss: 1.0463, Entropy: 0.6774, Epsilon: 0.559
2026-03-29 17:08:33 | INFO | Episode  179 - Reward: 12.000, Length: 12, Loss: 1.0185, Entropy: 0.6769, Epsilon: 0.557
2026-03-29 17:08:33 | INFO | Episode  180 - Reward: 15.000, Length: 15, Loss: 1.0047, Entropy: 0.6772, Epsilon: 0.554
2026-03-29 17:08:34 | INFO | Episode  181 - Reward: 18.000, Length: 18, Loss: 1.0465, Entropy: 0.6763, Epsilon: 0.552
2026-03-29 17:08:34 | INFO | Episode  182 - Reward: 9.000, Length: 9, Loss: 1.0039, Entropy: 0.6766, Epsilon: 0.550
2026-03-29 17:08:34 | INFO | Episode  183 - Reward: 15.000, Length: 15, Loss: 0.9975, Entropy: 0.6758, Epsilon: 0.547
2026-03-29 17:08:35 | INFO | Episode  184 - Reward: 23.000, Length: 23, Loss: 0.9849, Entropy: 0.6761, Epsilon: 0.545
2026-03-29 17:08:36 | INFO | Episode  185 - Reward: 11.000, Length: 11, Loss: 0.9640, Entropy: 0.6756, Epsilon: 0.542
2026-03-29 17:08:36 | INFO | Episode  186 - Reward: 13.000, Length: 13, Loss: 0.9771, Entropy: 0.6762, Epsilon: 0.540
2026-03-29 17:08:37 | INFO | Episode  187 - Reward: 8.000, Length: 8, Loss: 0.9497, Entropy: 0.6749, Epsilon: 0.537
2026-03-29 17:08:38 | INFO | Episode  188 - Reward: 23.000, Length: 23, Loss: 0.9509, Entropy: 0.6752, Epsilon: 0.535
2026-03-29 17:08:38 | INFO | Episode  189 - Reward: 17.000, Length: 17, Loss: 0.9615, Entropy: 0.6745, Epsilon: 0.532
2026-03-29 17:08:39 | INFO | Episode  190 - Reward: 14.000, Length: 14, Loss: 0.9470, Entropy: 0.6750, Epsilon: 0.530
2026-03-29 17:08:40 | INFO | Episode  191 - Reward: 15.000, Length: 15, Loss: 0.9365, Entropy: 0.6749, Epsilon: 0.527
2026-03-29 17:08:40 | INFO | Episode  192 - Reward: 18.000, Length: 18, Loss: 0.9396, Entropy: 0.6743, Epsilon: 0.525
2026-03-29 17:08:41 | INFO | Episode  193 - Reward: 12.000, Length: 12, Loss: 0.8999, Entropy: 0.6741, Epsilon: 0.522
2026-03-29 17:08:41 | INFO | Episode  194 - Reward: 10.000, Length: 10, Loss: 0.9029, Entropy: 0.6742, Epsilon: 0.520
2026-03-29 17:08:42 | INFO | Episode  195 - Reward: 17.000, Length: 17, Loss: 0.9069, Entropy: 0.6733, Epsilon: 0.517
2026-03-29 17:08:43 | INFO | Episode  196 - Reward: 13.000, Length: 13, Loss: 0.8756, Entropy: 0.6739, Epsilon: 0.515
2026-03-29 17:08:43 | INFO | Episode  197 - Reward: 9.000, Length: 9, Loss: 0.8759, Entropy: 0.6724, Epsilon: 0.512
2026-03-29 17:08:44 | INFO | Episode  198 - Reward: 13.000, Length: 13, Loss: 0.8769, Entropy: 0.6724, Epsilon: 0.510
2026-03-29 17:08:45 | INFO | Episode  199 - Reward: 12.000, Length: 12, Loss: 1.2100, Entropy: 0.6736, Epsilon: 0.507
2026-03-29 17:08:45 | INFO | Episode  200 - Reward: 11.000, Length: 11, Loss: 1.2040, Entropy: 0.6717, Epsilon: 0.505
2026-03-29 17:08:46 | INFO | [Episode  200] eps=0.505  avg_reward=  14.060  avg_length= 14.06  avg_loss=  0.9993  avg_entropy=0.6717  eval_success=0.000
2026-03-29 17:08:46 | INFO | Episode  201 - Reward: 10.000, Length: 10, Loss: 1.2024, Entropy: 0.6726, Epsilon: 0.503
2026-03-29 17:08:47 | INFO | Episode  202 - Reward: 16.000, Length: 16, Loss: 1.1844, Entropy: 0.6712, Epsilon: 0.500
2026-03-29 17:08:48 | INFO | Episode  203 - Reward: 16.000, Length: 16, Loss: 1.2209, Entropy: 0.6722, Epsilon: 0.498
2026-03-29 17:08:48 | INFO | Episode  204 - Reward: 16.000, Length: 16, Loss: 1.1637, Entropy: 0.6713, Epsilon: 0.495
2026-03-29 17:08:49 | INFO | Episode  205 - Reward: 10.000, Length: 10, Loss: 1.1530, Entropy: 0.6713, Epsilon: 0.493
2026-03-29 17:08:49 | INFO | Episode  206 - Reward: 15.000, Length: 15, Loss: 1.1533, Entropy: 0.6703, Epsilon: 0.490
2026-03-29 17:08:50 | INFO | Episode  207 - Reward: 11.000, Length: 11, Loss: 1.1400, Entropy: 0.6705, Epsilon: 0.488
2026-03-29 17:08:51 | INFO | Episode  208 - Reward: 10.000, Length: 10, Loss: 1.1210, Entropy: 0.6697, Epsilon: 0.485
2026-03-29 17:08:51 | INFO | Episode  209 - Reward: 8.000, Length: 8, Loss: 1.1279, Entropy: 0.6698, Epsilon: 0.483
2026-03-29 17:08:52 | INFO | Episode  210 - Reward: 12.000, Length: 12, Loss: 1.1053, Entropy: 0.6694, Epsilon: 0.480
2026-03-29 17:08:53 | INFO | Episode  211 - Reward: 43.000, Length: 43, Loss: 1.1030, Entropy: 0.6684, Epsilon: 0.478
2026-03-29 17:08:53 | INFO | Episode  212 - Reward: 10.000, Length: 10, Loss: 1.0796, Entropy: 0.6692, Epsilon: 0.475
2026-03-29 17:08:54 | INFO | Episode  213 - Reward: 9.000, Length: 9, Loss: 1.0995, Entropy: 0.6678, Epsilon: 0.473
2026-03-29 17:08:54 | INFO | Episode  214 - Reward: 12.000, Length: 12, Loss: 1.0837, Entropy: 0.6678, Epsilon: 0.470
2026-03-29 17:08:55 | INFO | Episode  215 - Reward: 14.000, Length: 14, Loss: 1.0469, Entropy: 0.6686, Epsilon: 0.468
2026-03-29 17:08:56 | INFO | Episode  216 - Reward: 9.000, Length: 9, Loss: 1.0374, Entropy: 0.6671, Epsilon: 0.465
2026-03-29 17:08:56 | INFO | Episode  217 - Reward: 11.000, Length: 11, Loss: 1.0370, Entropy: 0.6670, Epsilon: 0.463
2026-03-29 17:08:57 | INFO | Episode  218 - Reward: 14.000, Length: 14, Loss: 1.0208, Entropy: 0.6676, Epsilon: 0.460
2026-03-29 17:08:58 | INFO | Episode  219 - Reward: 21.000, Length: 21, Loss: 1.0168, Entropy: 0.6656, Epsilon: 0.458
2026-03-29 17:08:58 | INFO | Episode  220 - Reward: 14.000, Length: 14, Loss: 1.0201, Entropy: 0.6653, Epsilon: 0.456
2026-03-29 17:08:59 | INFO | Episode  221 - Reward: 11.000, Length: 11, Loss: 1.0056, Entropy: 0.6662, Epsilon: 0.453
2026-03-29 17:08:59 | INFO | Episode  222 - Reward: 12.000, Length: 12, Loss: 1.0088, Entropy: 0.6660, Epsilon: 0.451
2026-03-29 17:09:00 | INFO | Episode  223 - Reward: 14.000, Length: 14, Loss: 0.9752, Entropy: 0.6655, Epsilon: 0.448
2026-03-29 17:09:01 | INFO | Episode  224 - Reward: 19.000, Length: 19, Loss: 0.9837, Entropy: 0.6649, Epsilon: 0.446
2026-03-29 17:09:01 | INFO | Episode  225 - Reward: 10.000, Length: 10, Loss: 0.9657, Entropy: 0.6646, Epsilon: 0.443
2026-03-29 17:09:02 | INFO | Episode  226 - Reward: 12.000, Length: 12, Loss: 0.9634, Entropy: 0.6635, Epsilon: 0.441
2026-03-29 17:09:03 | INFO | Episode  227 - Reward: 12.000, Length: 12, Loss: 0.9368, Entropy: 0.6632, Epsilon: 0.438
2026-03-29 17:09:04 | INFO | Episode  228 - Reward: 10.000, Length: 10, Loss: 0.9284, Entropy: 0.6636, Epsilon: 0.436
2026-03-29 17:09:04 | INFO | Episode  229 - Reward: 23.000, Length: 23, Loss: 0.9175, Entropy: 0.6639, Epsilon: 0.433
2026-03-29 17:09:05 | INFO | Episode  230 - Reward: 11.000, Length: 11, Loss: 0.8803, Entropy: 0.6618, Epsilon: 0.431
2026-03-29 17:09:06 | INFO | Episode  231 - Reward: 11.000, Length: 11, Loss: 0.8915, Entropy: 0.6625, Epsilon: 0.428
2026-03-29 17:09:06 | INFO | Episode  232 - Reward: 14.000, Length: 14, Loss: 0.8802, Entropy: 0.6617, Epsilon: 0.426
2026-03-29 17:09:07 | INFO | Episode  233 - Reward: 11.000, Length: 11, Loss: 0.8604, Entropy: 0.6618, Epsilon: 0.423
2026-03-29 17:09:07 | INFO | Episode  234 - Reward: 10.000, Length: 10, Loss: 0.8852, Entropy: 0.6617, Epsilon: 0.421
2026-03-29 17:09:08 | INFO | Episode  235 - Reward: 10.000, Length: 10, Loss: 0.8848, Entropy: 0.6614, Epsilon: 0.418
2026-03-29 17:09:09 | INFO | Episode  236 - Reward: 11.000, Length: 11, Loss: 0.8426, Entropy: 0.6606, Epsilon: 0.416
2026-03-29 17:09:09 | INFO | Episode  237 - Reward: 15.000, Length: 15, Loss: 1.3347, Entropy: 0.6608, Epsilon: 0.413
2026-03-29 17:09:10 | INFO | Episode  238 - Reward: 9.000, Length: 9, Loss: 1.3274, Entropy: 0.6613, Epsilon: 0.411
2026-03-29 17:09:11 | INFO | Episode  239 - Reward: 13.000, Length: 13, Loss: 1.2832, Entropy: 0.6599, Epsilon: 0.408
2026-03-29 17:09:11 | INFO | Episode  240 - Reward: 11.000, Length: 11, Loss: 1.2822, Entropy: 0.6594, Epsilon: 0.406
2026-03-29 17:09:12 | INFO | Episode  241 - Reward: 11.000, Length: 11, Loss: 1.3023, Entropy: 0.6584, Epsilon: 0.404
2026-03-29 17:09:12 | INFO | Episode  242 - Reward: 15.000, Length: 15, Loss: 1.2401, Entropy: 0.6569, Epsilon: 0.401
2026-03-29 17:09:13 | INFO | Episode  243 - Reward: 19.000, Length: 19, Loss: 1.2320, Entropy: 0.6581, Epsilon: 0.399
2026-03-29 17:09:14 | INFO | Episode  244 - Reward: 31.000, Length: 31, Loss: 1.2296, Entropy: 0.6579, Epsilon: 0.396
2026-03-29 17:09:14 | INFO | Episode  245 - Reward: 10.000, Length: 10, Loss: 1.2258, Entropy: 0.6575, Epsilon: 0.394
2026-03-29 17:09:15 | INFO | Episode  246 - Reward: 15.000, Length: 15, Loss: 1.2320, Entropy: 0.6561, Epsilon: 0.391
2026-03-29 17:09:16 | INFO | Episode  247 - Reward: 10.000, Length: 10, Loss: 1.1655, Entropy: 0.6561, Epsilon: 0.389
2026-03-29 17:09:16 | INFO | Episode  248 - Reward: 14.000, Length: 14, Loss: 1.1731, Entropy: 0.6560, Epsilon: 0.386
2026-03-29 17:09:17 | INFO | Episode  249 - Reward: 12.000, Length: 12, Loss: 1.1499, Entropy: 0.6558, Epsilon: 0.384
2026-03-29 17:09:18 | INFO | Episode  250 - Reward: 11.000, Length: 11, Loss: 1.1407, Entropy: 0.6534, Epsilon: 0.381
2026-03-29 17:09:18 | INFO | [Episode  250] eps=0.381  avg_reward=  13.560  avg_length= 13.56  avg_loss=  1.0849  avg_entropy=0.6534  eval_success=0.000
2026-03-29 17:09:19 | INFO | Episode  251 - Reward: 8.000, Length: 8, Loss: 1.1321, Entropy: 0.6541, Epsilon: 0.379
2026-03-29 17:09:20 | INFO | Episode  252 - Reward: 11.000, Length: 11, Loss: 1.1300, Entropy: 0.6535, Epsilon: 0.376
2026-03-29 17:09:20 | INFO | Episode  253 - Reward: 11.000, Length: 11, Loss: 1.1038, Entropy: 0.6542, Epsilon: 0.374
2026-03-29 17:09:21 | INFO | Episode  254 - Reward: 17.000, Length: 17, Loss: 1.0881, Entropy: 0.6531, Epsilon: 0.371
2026-03-29 17:09:21 | INFO | Episode  255 - Reward: 10.000, Length: 10, Loss: 1.1034, Entropy: 0.6516, Epsilon: 0.369
2026-03-29 17:09:22 | INFO | Episode  256 - Reward: 15.000, Length: 15, Loss: 1.0634, Entropy: 0.6520, Epsilon: 0.366
2026-03-29 17:09:23 | INFO | Episode  257 - Reward: 12.000, Length: 12, Loss: 1.0399, Entropy: 0.6508, Epsilon: 0.364
2026-03-29 17:09:23 | INFO | Episode  258 - Reward: 10.000, Length: 10, Loss: 1.0216, Entropy: 0.6507, Epsilon: 0.361
2026-03-29 17:09:24 | INFO | Episode  259 - Reward: 17.000, Length: 17, Loss: 1.0421, Entropy: 0.6505, Epsilon: 0.359
2026-03-29 17:09:24 | INFO | Episode  260 - Reward: 9.000, Length: 9, Loss: 1.0289, Entropy: 0.6516, Epsilon: 0.357
2026-03-29 17:09:25 | INFO | Episode  261 - Reward: 10.000, Length: 10, Loss: 1.0016, Entropy: 0.6500, Epsilon: 0.354
2026-03-29 17:09:26 | INFO | Episode  262 - Reward: 14.000, Length: 14, Loss: 1.0276, Entropy: 0.6504, Epsilon: 0.352
2026-03-29 17:09:26 | INFO | Episode  263 - Reward: 10.000, Length: 10, Loss: 0.9940, Entropy: 0.6484, Epsilon: 0.349
2026-03-29 17:09:27 | INFO | Episode  264 - Reward: 10.000, Length: 10, Loss: 1.0069, Entropy: 0.6486, Epsilon: 0.347
2026-03-29 17:09:28 | INFO | Episode  265 - Reward: 9.000, Length: 9, Loss: 0.9566, Entropy: 0.6492, Epsilon: 0.344
2026-03-29 17:09:28 | INFO | Episode  266 - Reward: 12.000, Length: 12, Loss: 0.9526, Entropy: 0.6467, Epsilon: 0.342
2026-03-29 17:09:29 | INFO | Episode  267 - Reward: 9.000, Length: 9, Loss: 0.9558, Entropy: 0.6485, Epsilon: 0.339
2026-03-29 17:09:30 | INFO | Episode  268 - Reward: 18.000, Length: 18, Loss: 0.9115, Entropy: 0.6463, Epsilon: 0.337
2026-03-29 17:09:30 | INFO | Episode  269 - Reward: 11.000, Length: 11, Loss: 0.9263, Entropy: 0.6466, Epsilon: 0.334
2026-03-29 17:09:31 | INFO | Episode  270 - Reward: 9.000, Length: 9, Loss: 0.9101, Entropy: 0.6465, Epsilon: 0.332
2026-03-29 17:09:31 | INFO | Episode  271 - Reward: 11.000, Length: 11, Loss: 0.9098, Entropy: 0.6444, Epsilon: 0.329
2026-03-29 17:09:31 | INFO | Episode  272 - Reward: 17.000, Length: 17, Loss: 0.8837, Entropy: 0.6467, Epsilon: 0.327
2026-03-29 17:09:32 | INFO | Episode  273 - Reward: 10.000, Length: 10, Loss: 0.8866, Entropy: 0.6440, Epsilon: 0.324
2026-03-29 17:09:32 | INFO | Episode  274 - Reward: 11.000, Length: 11, Loss: 0.8697, Entropy: 0.6449, Epsilon: 0.322
2026-03-29 17:09:33 | INFO | Episode  275 - Reward: 9.000, Length: 9, Loss: 0.8592, Entropy: 0.6443, Epsilon: 0.319
2026-03-29 17:09:33 | INFO | Episode  276 - Reward: 11.000, Length: 11, Loss: 0.8518, Entropy: 0.6430, Epsilon: 0.317
2026-03-29 17:09:34 | INFO | Episode  277 - Reward: 9.000, Length: 9, Loss: 1.4338, Entropy: 0.6448, Epsilon: 0.314
2026-03-29 17:09:34 | INFO | Episode  278 - Reward: 14.000, Length: 14, Loss: 1.4060, Entropy: 0.6415, Epsilon: 0.312
2026-03-29 17:09:35 | INFO | Episode  279 - Reward: 25.000, Length: 25, Loss: 1.3700, Entropy: 0.6433, Epsilon: 0.309
2026-03-29 17:09:35 | INFO | Episode  280 - Reward: 9.000, Length: 9, Loss: 1.4226, Entropy: 0.6412, Epsilon: 0.307
2026-03-29 17:09:35 | INFO | Episode  281 - Reward: 16.000, Length: 16, Loss: 1.4046, Entropy: 0.6414, Epsilon: 0.305
2026-03-29 17:09:36 | INFO | Episode  282 - Reward: 12.000, Length: 12, Loss: 1.3681, Entropy: 0.6399, Epsilon: 0.302
2026-03-29 17:09:36 | INFO | Episode  283 - Reward: 12.000, Length: 12, Loss: 1.3377, Entropy: 0.6406, Epsilon: 0.300
2026-03-29 17:09:37 | INFO | Episode  284 - Reward: 9.000, Length: 9, Loss: 1.3511, Entropy: 0.6384, Epsilon: 0.297
2026-03-29 17:09:37 | INFO | Episode  285 - Reward: 11.000, Length: 11, Loss: 1.3200, Entropy: 0.6383, Epsilon: 0.295
2026-03-29 17:09:38 | INFO | Episode  286 - Reward: 14.000, Length: 14, Loss: 1.2911, Entropy: 0.6380, Epsilon: 0.292
2026-03-29 17:09:38 | INFO | Episode  287 - Reward: 9.000, Length: 9, Loss: 1.2749, Entropy: 0.6361, Epsilon: 0.290
2026-03-29 17:09:39 | INFO | Episode  288 - Reward: 9.000, Length: 9, Loss: 1.3074, Entropy: 0.6351, Epsilon: 0.287
2026-03-29 17:09:39 | INFO | Episode  289 - Reward: 15.000, Length: 15, Loss: 1.2008, Entropy: 0.6355, Epsilon: 0.285
2026-03-29 17:09:40 | INFO | Episode  290 - Reward: 12.000, Length: 12, Loss: 1.2545, Entropy: 0.6339, Epsilon: 0.282
2026-03-29 17:09:40 | INFO | Episode  291 - Reward: 12.000, Length: 12, Loss: 1.1786, Entropy: 0.6333, Epsilon: 0.280
2026-03-29 17:09:41 | INFO | Episode  292 - Reward: 21.000, Length: 21, Loss: 1.1692, Entropy: 0.6320, Epsilon: 0.277
2026-03-29 17:09:41 | INFO | Episode  293 - Reward: 16.000, Length: 16, Loss: 1.1808, Entropy: 0.6340, Epsilon: 0.275
2026-03-29 17:09:42 | INFO | Episode  294 - Reward: 10.000, Length: 10, Loss: 1.1671, Entropy: 0.6353, Epsilon: 0.272
2026-03-29 17:09:42 | INFO | Episode  295 - Reward: 12.000, Length: 12, Loss: 1.1493, Entropy: 0.6309, Epsilon: 0.270
2026-03-29 17:09:43 | INFO | Episode  296 - Reward: 10.000, Length: 10, Loss: 1.1118, Entropy: 0.6311, Epsilon: 0.267
2026-03-29 17:09:43 | INFO | Episode  297 - Reward: 13.000, Length: 13, Loss: 1.1063, Entropy: 0.6313, Epsilon: 0.265
2026-03-29 17:09:44 | INFO | Episode  298 - Reward: 10.000, Length: 10, Loss: 1.0888, Entropy: 0.6299, Epsilon: 0.262
2026-03-29 17:09:44 | INFO | Episode  299 - Reward: 12.000, Length: 12, Loss: 1.0882, Entropy: 0.6294, Epsilon: 0.260
2026-03-29 17:09:44 | INFO | Episode  300 - Reward: 10.000, Length: 10, Loss: 1.0689, Entropy: 0.6303, Epsilon: 0.258
2026-03-29 17:09:45 | INFO | [Episode  300] eps=0.258  avg_reward=  12.060  avg_length= 12.06  avg_loss=  1.1142  avg_entropy=0.6303  eval_success=0.000
2026-03-29 17:09:45 | INFO | Episode  301 - Reward: 11.000, Length: 11, Loss: 1.0501, Entropy: 0.6290, Epsilon: 0.255
2026-03-29 17:09:46 | INFO | Episode  302 - Reward: 10.000, Length: 10, Loss: 1.0286, Entropy: 0.6275, Epsilon: 0.253
2026-03-29 17:09:46 | INFO | Episode  303 - Reward: 11.000, Length: 11, Loss: 1.0468, Entropy: 0.6287, Epsilon: 0.250
2026-03-29 17:09:47 | INFO | Episode  304 - Reward: 10.000, Length: 10, Loss: 1.0541, Entropy: 0.6258, Epsilon: 0.248
2026-03-29 17:09:47 | INFO | Episode  305 - Reward: 8.000, Length: 8, Loss: 1.0012, Entropy: 0.6240, Epsilon: 0.245
2026-03-29 17:09:47 | INFO | Episode  306 - Reward: 11.000, Length: 11, Loss: 1.0001, Entropy: 0.6266, Epsilon: 0.243
2026-03-29 17:09:48 | INFO | Episode  307 - Reward: 8.000, Length: 8, Loss: 0.9795, Entropy: 0.6263, Epsilon: 0.240
2026-03-29 17:09:48 | INFO | Episode  308 - Reward: 9.000, Length: 9, Loss: 0.9362, Entropy: 0.6248, Epsilon: 0.238
2026-03-29 17:09:49 | INFO | Episode  309 - Reward: 11.000, Length: 11, Loss: 0.9581, Entropy: 0.6231, Epsilon: 0.235
2026-03-29 17:09:49 | INFO | Episode  310 - Reward: 10.000, Length: 10, Loss: 0.9656, Entropy: 0.6236, Epsilon: 0.233
2026-03-29 17:09:50 | INFO | Episode  311 - Reward: 12.000, Length: 12, Loss: 0.9233, Entropy: 0.6241, Epsilon: 0.230
2026-03-29 17:09:50 | INFO | Episode  312 - Reward: 12.000, Length: 12, Loss: 0.9024, Entropy: 0.6235, Epsilon: 0.228
2026-03-29 17:09:51 | INFO | Episode  313 - Reward: 10.000, Length: 10, Loss: 0.9246, Entropy: 0.6220, Epsilon: 0.225
2026-03-29 17:09:51 | INFO | Episode  314 - Reward: 10.000, Length: 10, Loss: 0.8748, Entropy: 0.6211, Epsilon: 0.223
2026-03-29 17:09:51 | INFO | Episode  315 - Reward: 10.000, Length: 10, Loss: 0.8948, Entropy: 0.6204, Epsilon: 0.220
2026-03-29 17:09:52 | INFO | Episode  316 - Reward: 10.000, Length: 10, Loss: 0.8800, Entropy: 0.6196, Epsilon: 0.218
2026-03-29 17:09:52 | INFO | Episode  317 - Reward: 10.000, Length: 10, Loss: 0.8783, Entropy: 0.6215, Epsilon: 0.215
2026-03-29 17:09:53 | INFO | Episode  318 - Reward: 8.000, Length: 8, Loss: 0.8765, Entropy: 0.6198, Epsilon: 0.213
2026-03-29 17:09:53 | INFO | Episode  319 - Reward: 10.000, Length: 10, Loss: 0.8522, Entropy: 0.6206, Epsilon: 0.210
2026-03-29 17:09:54 | INFO | Episode  320 - Reward: 9.000, Length: 9, Loss: 0.8486, Entropy: 0.6193, Epsilon: 0.208
2026-03-29 17:09:54 | INFO | Episode  321 - Reward: 10.000, Length: 10, Loss: 1.6300, Entropy: 0.6183, Epsilon: 0.206
2026-03-29 17:09:55 | INFO | Episode  322 - Reward: 8.000, Length: 8, Loss: 1.6235, Entropy: 0.6180, Epsilon: 0.203
2026-03-29 17:09:55 | INFO | Episode  323 - Reward: 12.000, Length: 12, Loss: 1.6274, Entropy: 0.6158, Epsilon: 0.201
2026-03-29 17:09:56 | INFO | Episode  324 - Reward: 10.000, Length: 10, Loss: 1.6131, Entropy: 0.6159, Epsilon: 0.198
2026-03-29 17:09:56 | INFO | Episode  325 - Reward: 10.000, Length: 10, Loss: 1.5532, Entropy: 0.6152, Epsilon: 0.196
2026-03-29 17:09:56 | INFO | Episode  326 - Reward: 12.000, Length: 12, Loss: 1.5040, Entropy: 0.6141, Epsilon: 0.193
2026-03-29 17:09:57 | INFO | Episode  327 - Reward: 12.000, Length: 12, Loss: 1.4468, Entropy: 0.6152, Epsilon: 0.191
2026-03-29 17:09:57 | INFO | Episode  328 - Reward: 12.000, Length: 12, Loss: 1.5202, Entropy: 0.6104, Epsilon: 0.188
2026-03-29 17:09:58 | INFO | Episode  329 - Reward: 11.000, Length: 11, Loss: 1.4341, Entropy: 0.6099, Epsilon: 0.186
2026-03-29 17:09:58 | INFO | Episode  330 - Reward: 9.000, Length: 9, Loss: 1.4443, Entropy: 0.6103, Epsilon: 0.183
2026-03-29 17:09:59 | INFO | Episode  331 - Reward: 10.000, Length: 10, Loss: 1.3691, Entropy: 0.6089, Epsilon: 0.181
2026-03-29 17:09:59 | INFO | Episode  332 - Reward: 12.000, Length: 12, Loss: 1.3685, Entropy: 0.6060, Epsilon: 0.178
2026-03-29 17:10:00 | INFO | Episode  333 - Reward: 9.000, Length: 9, Loss: 1.3838, Entropy: 0.6080, Epsilon: 0.176
2026-03-29 17:10:00 | INFO | Episode  334 - Reward: 9.000, Length: 9, Loss: 1.3237, Entropy: 0.6057, Epsilon: 0.173
2026-03-29 17:10:00 | INFO | Episode  335 - Reward: 11.000, Length: 11, Loss: 1.3255, Entropy: 0.6066, Epsilon: 0.171
2026-03-29 17:10:01 | INFO | Episode  336 - Reward: 11.000, Length: 11, Loss: 1.2864, Entropy: 0.6040, Epsilon: 0.168
2026-03-29 17:10:01 | INFO | Episode  337 - Reward: 12.000, Length: 12, Loss: 1.3047, Entropy: 0.6046, Epsilon: 0.166
2026-03-29 17:10:02 | INFO | Episode  338 - Reward: 15.000, Length: 15, Loss: 1.2706, Entropy: 0.6031, Epsilon: 0.163
2026-03-29 17:10:02 | INFO | Episode  339 - Reward: 10.000, Length: 10, Loss: 1.2477, Entropy: 0.5992, Epsilon: 0.161
2026-03-29 17:10:03 | INFO | Episode  340 - Reward: 9.000, Length: 9, Loss: 1.2813, Entropy: 0.6006, Epsilon: 0.158
2026-03-29 17:10:03 | INFO | Episode  341 - Reward: 12.000, Length: 12, Loss: 1.1815, Entropy: 0.5999, Epsilon: 0.156
2026-03-29 17:10:04 | INFO | Episode  342 - Reward: 10.000, Length: 10, Loss: 1.1684, Entropy: 0.6037, Epsilon: 0.154
2026-03-29 17:10:04 | INFO | Episode  343 - Reward: 9.000, Length: 9, Loss: 1.1673, Entropy: 0.5987, Epsilon: 0.151
2026-03-29 17:10:05 | INFO | Episode  344 - Reward: 10.000, Length: 10, Loss: 1.2070, Entropy: 0.5991, Epsilon: 0.149
2026-03-29 17:10:05 | INFO | Episode  345 - Reward: 9.000, Length: 9, Loss: 1.1618, Entropy: 0.5954, Epsilon: 0.146
2026-03-29 17:10:05 | INFO | Episode  346 - Reward: 9.000, Length: 9, Loss: 1.1413, Entropy: 0.5964, Epsilon: 0.144
2026-03-29 17:10:06 | INFO | Episode  347 - Reward: 10.000, Length: 10, Loss: 1.0746, Entropy: 0.5984, Epsilon: 0.141
2026-03-29 17:10:06 | INFO | Episode  348 - Reward: 13.000, Length: 13, Loss: 1.1330, Entropy: 0.5945, Epsilon: 0.139
2026-03-29 17:10:07 | INFO | Episode  349 - Reward: 10.000, Length: 10, Loss: 1.0911, Entropy: 0.5971, Epsilon: 0.136
2026-03-29 17:10:07 | INFO | Episode  350 - Reward: 10.000, Length: 10, Loss: 1.0711, Entropy: 0.5948, Epsilon: 0.134
2026-03-29 17:10:08 | INFO | [Episode  350] eps=0.134  avg_reward=  10.320  avg_length= 10.32  avg_loss=  1.1766  avg_entropy=0.5948  eval_success=0.000
2026-03-29 17:10:08 | INFO | Episode  351 - Reward: 10.000, Length: 10, Loss: 1.0904, Entropy: 0.5941, Epsilon: 0.131
2026-03-29 17:10:09 | INFO | Episode  352 - Reward: 9.000, Length: 9, Loss: 1.1075, Entropy: 0.5944, Epsilon: 0.129
2026-03-29 17:10:09 | INFO | Episode  353 - Reward: 12.000, Length: 12, Loss: 1.0714, Entropy: 0.5929, Epsilon: 0.126
2026-03-29 17:10:10 | INFO | Episode  354 - Reward: 9.000, Length: 9, Loss: 1.0465, Entropy: 0.5941, Epsilon: 0.124
2026-03-29 17:10:10 | INFO | Episode  355 - Reward: 8.000, Length: 8, Loss: 1.1136, Entropy: 0.5911, Epsilon: 0.121
2026-03-29 17:10:11 | INFO | Episode  356 - Reward: 10.000, Length: 10, Loss: 1.0544, Entropy: 0.5948, Epsilon: 0.119
2026-03-29 17:10:11 | INFO | Episode  357 - Reward: 10.000, Length: 10, Loss: 1.0460, Entropy: 0.5896, Epsilon: 0.116
2026-03-29 17:10:12 | INFO | Episode  358 - Reward: 11.000, Length: 11, Loss: 0.9739, Entropy: 0.5933, Epsilon: 0.114
2026-03-29 17:10:12 | INFO | Episode  359 - Reward: 11.000, Length: 11, Loss: 0.9823, Entropy: 0.5937, Epsilon: 0.111
2026-03-29 17:10:13 | INFO | Episode  360 - Reward: 8.000, Length: 8, Loss: 0.9874, Entropy: 0.5913, Epsilon: 0.109
2026-03-29 17:10:13 | INFO | Episode  361 - Reward: 11.000, Length: 11, Loss: 0.9511, Entropy: 0.5935, Epsilon: 0.107
2026-03-29 17:10:14 | INFO | Episode  362 - Reward: 8.000, Length: 8, Loss: 1.0029, Entropy: 0.5891, Epsilon: 0.104
2026-03-29 17:10:14 | INFO | Episode  363 - Reward: 8.000, Length: 8, Loss: 0.9194, Entropy: 0.5916, Epsilon: 0.102
2026-03-29 17:10:15 | INFO | Episode  364 - Reward: 8.000, Length: 8, Loss: 0.8998, Entropy: 0.5944, Epsilon: 0.099
2026-03-29 17:10:15 | INFO | Episode  365 - Reward: 9.000, Length: 9, Loss: 0.9341, Entropy: 0.5913, Epsilon: 0.097
2026-03-29 17:10:15 | INFO | Episode  366 - Reward: 10.000, Length: 10, Loss: 0.9059, Entropy: 0.5913, Epsilon: 0.094
2026-03-29 17:10:16 | INFO | Episode  367 - Reward: 9.000, Length: 9, Loss: 0.9657, Entropy: 0.5906, Epsilon: 0.092
2026-03-29 17:10:16 | INFO | Episode  368 - Reward: 8.000, Length: 8, Loss: 0.9790, Entropy: 0.5927, Epsilon: 0.089
2026-03-29 17:10:17 | INFO | Episode  369 - Reward: 9.000, Length: 9, Loss: 0.8638, Entropy: 0.5897, Epsilon: 0.087
2026-03-29 17:10:17 | INFO | Episode  370 - Reward: 10.000, Length: 10, Loss: 1.8837, Entropy: 0.5928, Epsilon: 0.084
2026-03-29 17:10:18 | INFO | Episode  371 - Reward: 10.000, Length: 10, Loss: 1.9235, Entropy: 0.5919, Epsilon: 0.082
2026-03-29 17:10:18 | INFO | Episode  372 - Reward: 10.000, Length: 10, Loss: 1.8758, Entropy: 0.5887, Epsilon: 0.079
2026-03-29 17:10:19 | INFO | Episode  373 - Reward: 9.000, Length: 9, Loss: 1.9177, Entropy: 0.5846, Epsilon: 0.077
2026-03-29 17:10:19 | INFO | Episode  374 - Reward: 10.000, Length: 10, Loss: 1.8420, Entropy: 0.5839, Epsilon: 0.074
2026-03-29 17:10:19 | INFO | Episode  375 - Reward: 9.000, Length: 9, Loss: 1.7667, Entropy: 0.5857, Epsilon: 0.072
2026-03-29 17:10:20 | INFO | Episode  376 - Reward: 11.000, Length: 11, Loss: 1.8168, Entropy: 0.5799, Epsilon: 0.069
2026-03-29 17:10:20 | INFO | Episode  377 - Reward: 10.000, Length: 10, Loss: 1.6764, Entropy: 0.5825, Epsilon: 0.067
2026-03-29 17:10:21 | INFO | Episode  378 - Reward: 9.000, Length: 9, Loss: 1.7362, Entropy: 0.5797, Epsilon: 0.064
2026-03-29 17:10:21 | INFO | Episode  379 - Reward: 11.000, Length: 11, Loss: 1.7093, Entropy: 0.5739, Epsilon: 0.062
2026-03-29 17:10:22 | INFO | Episode  380 - Reward: 10.000, Length: 10, Loss: 1.5744, Entropy: 0.5791, Epsilon: 0.059
2026-03-29 17:10:22 | INFO | Episode  381 - Reward: 9.000, Length: 9, Loss: 1.5887, Entropy: 0.5789, Epsilon: 0.057
2026-03-29 17:10:23 | INFO | Episode  382 - Reward: 11.000, Length: 11, Loss: 1.6232, Entropy: 0.5773, Epsilon: 0.055
2026-03-29 17:10:23 | INFO | Episode  383 - Reward: 10.000, Length: 10, Loss: 1.6383, Entropy: 0.5755, Epsilon: 0.052
2026-03-29 17:10:24 | INFO | Episode  384 - Reward: 10.000, Length: 10, Loss: 1.5037, Entropy: 0.5747, Epsilon: 0.050
2026-03-29 17:10:24 | INFO | Episode  385 - Reward: 9.000, Length: 9, Loss: 1.5573, Entropy: 0.5707, Epsilon: 0.047
2026-03-29 17:10:24 | INFO | Episode  386 - Reward: 9.000, Length: 9, Loss: 1.5588, Entropy: 0.5709, Epsilon: 0.045
2026-03-29 17:10:25 | INFO | Episode  387 - Reward: 10.000, Length: 10, Loss: 1.4887, Entropy: 0.5696, Epsilon: 0.042
2026-03-29 17:10:25 | INFO | Episode  388 - Reward: 9.000, Length: 9, Loss: 1.4972, Entropy: 0.5698, Epsilon: 0.040
2026-03-29 17:10:26 | INFO | Episode  389 - Reward: 10.000, Length: 10, Loss: 1.5409, Entropy: 0.5676, Epsilon: 0.037
2026-03-29 17:10:26 | INFO | Episode  390 - Reward: 9.000, Length: 9, Loss: 1.4726, Entropy: 0.5732, Epsilon: 0.035
2026-03-29 17:10:27 | INFO | Episode  391 - Reward: 10.000, Length: 10, Loss: 1.4634, Entropy: 0.5702, Epsilon: 0.032
2026-03-29 17:10:27 | INFO | Episode  392 - Reward: 10.000, Length: 10, Loss: 1.3606, Entropy: 0.5680, Epsilon: 0.030
2026-03-29 17:10:28 | INFO | Episode  393 - Reward: 10.000, Length: 10, Loss: 1.3324, Entropy: 0.5692, Epsilon: 0.027
2026-03-29 17:10:28 | INFO | Episode  394 - Reward: 9.000, Length: 9, Loss: 1.3153, Entropy: 0.5678, Epsilon: 0.025
2026-03-29 17:10:29 | INFO | Episode  395 - Reward: 9.000, Length: 9, Loss: 1.4201, Entropy: 0.5654, Epsilon: 0.022
2026-03-29 17:10:29 | INFO | Episode  396 - Reward: 10.000, Length: 10, Loss: 1.4268, Entropy: 0.5672, Epsilon: 0.020
2026-03-29 17:10:30 | INFO | Episode  397 - Reward: 10.000, Length: 10, Loss: 1.3806, Entropy: 0.5652, Epsilon: 0.017
2026-03-29 17:10:30 | INFO | Episode  398 - Reward: 10.000, Length: 10, Loss: 1.3462, Entropy: 0.5674, Epsilon: 0.015
2026-03-29 17:10:31 | INFO | Episode  399 - Reward: 10.000, Length: 10, Loss: 1.4176, Entropy: 0.5646, Epsilon: 0.012
2026-03-29 17:10:31 | INFO | Episode  400 - Reward: 9.000, Length: 9, Loss: 1.2201, Entropy: 0.5701, Epsilon: 0.010
2026-03-29 17:10:32 | INFO | [Episode  400] eps=0.010  avg_reward=   9.600  avg_length=  9.60  avg_loss=  1.3554  avg_entropy=0.5701  eval_success=0.000
2026-03-29 17:10:32 | INFO | Episode  401 - Reward: 8.000, Length: 8, Loss: 1.2492, Entropy: 0.5657, Epsilon: 0.010
2026-03-29 17:10:33 | INFO | Episode  402 - Reward: 9.000, Length: 9, Loss: 1.3553, Entropy: 0.5638, Epsilon: 0.010
2026-03-29 17:10:33 | INFO | Episode  403 - Reward: 8.000, Length: 8, Loss: 1.2951, Entropy: 0.5692, Epsilon: 0.010
2026-03-29 17:10:33 | INFO | Episode  404 - Reward: 9.000, Length: 9, Loss: 1.2975, Entropy: 0.5672, Epsilon: 0.010
2026-03-29 17:10:34 | INFO | Episode  405 - Reward: 10.000, Length: 10, Loss: 1.3145, Entropy: 0.5664, Epsilon: 0.010
2026-03-29 17:10:34 | INFO | Episode  406 - Reward: 8.000, Length: 8, Loss: 1.2910, Entropy: 0.5658, Epsilon: 0.010
2026-03-29 17:10:35 | INFO | Episode  407 - Reward: 9.000, Length: 9, Loss: 1.2443, Entropy: 0.5684, Epsilon: 0.010
2026-03-29 17:10:35 | INFO | Episode  408 - Reward: 9.000, Length: 9, Loss: 1.1855, Entropy: 0.5715, Epsilon: 0.010
2026-03-29 17:10:36 | INFO | Episode  409 - Reward: 9.000, Length: 9, Loss: 1.2189, Entropy: 0.5674, Epsilon: 0.010
2026-03-29 17:10:36 | INFO | Episode  410 - Reward: 9.000, Length: 9, Loss: 1.1471, Entropy: 0.5684, Epsilon: 0.010
2026-03-29 17:10:36 | INFO | Episode  411 - Reward: 8.000, Length: 8, Loss: 1.2120, Entropy: 0.5654, Epsilon: 0.010
2026-03-29 17:10:37 | INFO | Episode  412 - Reward: 10.000, Length: 10, Loss: 1.0744, Entropy: 0.5682, Epsilon: 0.010
2026-03-29 17:10:37 | INFO | Episode  413 - Reward: 9.000, Length: 9, Loss: 1.1871, Entropy: 0.5679, Epsilon: 0.010
2026-03-29 17:10:38 | INFO | Episode  414 - Reward: 9.000, Length: 9, Loss: 1.2489, Entropy: 0.5670, Epsilon: 0.010
2026-03-29 17:10:38 | INFO | Episode  415 - Reward: 10.000, Length: 10, Loss: 1.2028, Entropy: 0.5685, Epsilon: 0.010
2026-03-29 17:10:39 | INFO | Episode  416 - Reward: 9.000, Length: 9, Loss: 1.1696, Entropy: 0.5693, Epsilon: 0.010
2026-03-29 17:10:39 | INFO | Episode  417 - Reward: 9.000, Length: 9, Loss: 1.2024, Entropy: 0.5696, Epsilon: 0.010
2026-03-29 17:10:40 | INFO | Episode  418 - Reward: 9.000, Length: 9, Loss: 1.1979, Entropy: 0.5652, Epsilon: 0.010
2026-03-29 17:10:40 | INFO | Episode  419 - Reward: 10.000, Length: 10, Loss: 1.2519, Entropy: 0.5718, Epsilon: 0.010
2026-03-29 17:10:41 | INFO | Episode  420 - Reward: 9.000, Length: 9, Loss: 1.1785, Entropy: 0.5740, Epsilon: 0.010
2026-03-29 17:10:41 | INFO | Episode  421 - Reward: 9.000, Length: 9, Loss: 1.1481, Entropy: 0.5732, Epsilon: 0.010
2026-03-29 17:10:42 | INFO | Episode  422 - Reward: 8.000, Length: 8, Loss: 1.1526, Entropy: 0.5737, Epsilon: 0.010
2026-03-29 17:10:42 | INFO | Episode  423 - Reward: 10.000, Length: 10, Loss: 2.2509, Entropy: 0.5736, Epsilon: 0.010
2026-03-29 17:10:43 | INFO | Episode  424 - Reward: 8.000, Length: 8, Loss: 2.2124, Entropy: 0.5680, Epsilon: 0.010
2026-03-29 17:10:43 | INFO | Episode  425 - Reward: 10.000, Length: 10, Loss: 2.3561, Entropy: 0.5669, Epsilon: 0.010
2026-03-29 17:10:43 | INFO | Episode  426 - Reward: 9.000, Length: 9, Loss: 2.1992, Entropy: 0.5655, Epsilon: 0.010
2026-03-29 17:10:44 | INFO | Episode  427 - Reward: 8.000, Length: 8, Loss: 2.1709, Entropy: 0.5691, Epsilon: 0.010
2026-03-29 17:10:44 | INFO | Episode  428 - Reward: 10.000, Length: 10, Loss: 2.2268, Entropy: 0.5606, Epsilon: 0.010
2026-03-29 17:10:45 | INFO | Episode  429 - Reward: 9.000, Length: 9, Loss: 2.1481, Entropy: 0.5637, Epsilon: 0.010
2026-03-29 17:10:45 | INFO | Episode  430 - Reward: 11.000, Length: 11, Loss: 2.1094, Entropy: 0.5598, Epsilon: 0.010
2026-03-29 17:10:46 | INFO | Episode  431 - Reward: 10.000, Length: 10, Loss: 1.9647, Entropy: 0.5569, Epsilon: 0.010
2026-03-29 17:10:46 | INFO | Episode  432 - Reward: 10.000, Length: 10, Loss: 2.1629, Entropy: 0.5569, Epsilon: 0.010
2026-03-29 17:10:47 | INFO | Episode  433 - Reward: 10.000, Length: 10, Loss: 1.9864, Entropy: 0.5572, Epsilon: 0.010
2026-03-29 17:10:47 | INFO | Episode  434 - Reward: 10.000, Length: 10, Loss: 1.8511, Entropy: 0.5563, Epsilon: 0.010
2026-03-29 17:10:48 | INFO | Episode  435 - Reward: 9.000, Length: 9, Loss: 1.9757, Entropy: 0.5551, Epsilon: 0.010
2026-03-29 17:10:48 | INFO | Episode  436 - Reward: 10.000, Length: 10, Loss: 1.8924, Entropy: 0.5571, Epsilon: 0.010
2026-03-29 17:10:49 | INFO | Episode  437 - Reward: 10.000, Length: 10, Loss: 1.9781, Entropy: 0.5554, Epsilon: 0.010
2026-03-29 17:10:49 | INFO | Episode  438 - Reward: 10.000, Length: 10, Loss: 1.8139, Entropy: 0.5530, Epsilon: 0.010
2026-03-29 17:10:49 | INFO | Episode  439 - Reward: 9.000, Length: 9, Loss: 1.8853, Entropy: 0.5514, Epsilon: 0.010
2026-03-29 17:10:50 | INFO | Episode  440 - Reward: 9.000, Length: 9, Loss: 1.8921, Entropy: 0.5535, Epsilon: 0.010
2026-03-29 17:10:50 | INFO | Episode  441 - Reward: 11.000, Length: 11, Loss: 1.7301, Entropy: 0.5507, Epsilon: 0.010
2026-03-29 17:10:51 | INFO | Episode  442 - Reward: 9.000, Length: 9, Loss: 1.7326, Entropy: 0.5527, Epsilon: 0.010
2026-03-29 17:10:51 | INFO | Episode  443 - Reward: 10.000, Length: 10, Loss: 1.7462, Entropy: 0.5515, Epsilon: 0.010
2026-03-29 17:10:52 | INFO | Episode  444 - Reward: 10.000, Length: 10, Loss: 1.8690, Entropy: 0.5496, Epsilon: 0.010
2026-03-29 17:10:52 | INFO | Episode  445 - Reward: 10.000, Length: 10, Loss: 1.6575, Entropy: 0.5518, Epsilon: 0.010
2026-03-29 17:10:53 | INFO | Episode  446 - Reward: 10.000, Length: 10, Loss: 1.8053, Entropy: 0.5507, Epsilon: 0.010
2026-03-29 17:10:54 | INFO | Episode  447 - Reward: 8.000, Length: 8, Loss: 1.6338, Entropy: 0.5534, Epsilon: 0.010
2026-03-29 17:10:54 | INFO | Episode  448 - Reward: 10.000, Length: 10, Loss: 1.8710, Entropy: 0.5495, Epsilon: 0.010
2026-03-29 17:10:54 | INFO | Episode  449 - Reward: 9.000, Length: 9, Loss: 1.7167, Entropy: 0.5554, Epsilon: 0.010
2026-03-29 17:10:55 | INFO | Episode  450 - Reward: 9.000, Length: 9, Loss: 1.5537, Entropy: 0.5559, Epsilon: 0.010
2026-03-29 17:10:55 | INFO | [Episode  450] eps=0.010  avg_reward=   9.300  avg_length=  9.30  avg_loss=  1.6243  avg_entropy=0.5559  eval_success=0.000
2026-03-29 17:10:56 | INFO | Episode  451 - Reward: 9.000, Length: 9, Loss: 1.8360, Entropy: 0.5517, Epsilon: 0.010
2026-03-29 17:10:56 | INFO | Episode  452 - Reward: 10.000, Length: 10, Loss: 1.6808, Entropy: 0.5536, Epsilon: 0.010
2026-03-29 17:10:57 | INFO | Episode  453 - Reward: 11.000, Length: 11, Loss: 1.7294, Entropy: 0.5522, Epsilon: 0.010
2026-03-29 17:10:57 | INFO | Episode  454 - Reward: 8.000, Length: 8, Loss: 1.5272, Entropy: 0.5557, Epsilon: 0.010
2026-03-29 17:10:58 | INFO | Episode  455 - Reward: 10.000, Length: 10, Loss: 1.6107, Entropy: 0.5509, Epsilon: 0.010
2026-03-29 17:10:58 | INFO | Episode  456 - Reward: 9.000, Length: 9, Loss: 1.6738, Entropy: 0.5548, Epsilon: 0.010
2026-03-29 17:10:59 | INFO | Episode  457 - Reward: 11.000, Length: 11, Loss: 1.6762, Entropy: 0.5547, Epsilon: 0.010
2026-03-29 17:10:59 | INFO | Episode  458 - Reward: 11.000, Length: 11, Loss: 1.5534, Entropy: 0.5548, Epsilon: 0.010
2026-03-29 17:10:59 | INFO | Episode  459 - Reward: 8.000, Length: 8, Loss: 1.6238, Entropy: 0.5553, Epsilon: 0.010
2026-03-29 17:11:00 | INFO | Episode  460 - Reward: 9.000, Length: 9, Loss: 1.7396, Entropy: 0.5592, Epsilon: 0.010
2026-03-29 17:11:00 | INFO | Episode  461 - Reward: 9.000, Length: 9, Loss: 1.6357, Entropy: 0.5565, Epsilon: 0.010
2026-03-29 17:11:01 | INFO | Episode  462 - Reward: 10.000, Length: 10, Loss: 1.5324, Entropy: 0.5592, Epsilon: 0.010
2026-03-29 17:11:01 | INFO | Episode  463 - Reward: 9.000, Length: 9, Loss: 1.7085, Entropy: 0.5593, Epsilon: 0.010
2026-03-29 17:11:02 | INFO | Episode  464 - Reward: 10.000, Length: 10, Loss: 1.5717, Entropy: 0.5615, Epsilon: 0.010
2026-03-29 17:11:02 | INFO | Episode  465 - Reward: 10.000, Length: 10, Loss: 1.6916, Entropy: 0.5599, Epsilon: 0.010
2026-03-29 17:11:03 | INFO | Episode  466 - Reward: 10.000, Length: 10, Loss: 1.4513, Entropy: 0.5627, Epsilon: 0.010
2026-03-29 17:11:03 | INFO | Episode  467 - Reward: 10.000, Length: 10, Loss: 1.7144, Entropy: 0.5632, Epsilon: 0.010
2026-03-29 17:11:04 | INFO | Episode  468 - Reward: 8.000, Length: 8, Loss: 1.5032, Entropy: 0.5668, Epsilon: 0.010
2026-03-29 17:11:04 | INFO | Episode  469 - Reward: 9.000, Length: 9, Loss: 1.4636, Entropy: 0.5662, Epsilon: 0.010
2026-03-29 17:11:05 | INFO | Episode  470 - Reward: 10.000, Length: 10, Loss: 1.7142, Entropy: 0.5702, Epsilon: 0.010
2026-03-29 17:11:05 | INFO | Episode  471 - Reward: 10.000, Length: 10, Loss: 1.8360, Entropy: 0.5674, Epsilon: 0.010
2026-03-29 17:11:05 | INFO | Episode  472 - Reward: 11.000, Length: 11, Loss: 1.4827, Entropy: 0.5701, Epsilon: 0.010
2026-03-29 17:11:06 | INFO | Episode  473 - Reward: 9.000, Length: 9, Loss: 1.6103, Entropy: 0.5744, Epsilon: 0.010
2026-03-29 17:11:06 | INFO | Episode  474 - Reward: 9.000, Length: 9, Loss: 1.7506, Entropy: 0.5715, Epsilon: 0.010
2026-03-29 17:11:07 | INFO | Episode  475 - Reward: 10.000, Length: 10, Loss: 1.5080, Entropy: 0.5737, Epsilon: 0.010
2026-03-29 17:11:07 | INFO | Episode  476 - Reward: 9.000, Length: 9, Loss: 2.9043, Entropy: 0.5737, Epsilon: 0.010
2026-03-29 17:11:08 | INFO | Episode  477 - Reward: 9.000, Length: 9, Loss: 2.9243, Entropy: 0.5709, Epsilon: 0.010
2026-03-29 17:11:08 | INFO | Episode  478 - Reward: 10.000, Length: 10, Loss: 2.5526, Entropy: 0.5708, Epsilon: 0.010
2026-03-29 17:11:09 | INFO | Episode  479 - Reward: 9.000, Length: 9, Loss: 2.7293, Entropy: 0.5685, Epsilon: 0.010
2026-03-29 17:11:09 | INFO | Episode  480 - Reward: 8.000, Length: 8, Loss: 2.6684, Entropy: 0.5648, Epsilon: 0.010
2026-03-29 17:11:10 | INFO | Episode  481 - Reward: 13.000, Length: 13, Loss: 2.4370, Entropy: 0.5643, Epsilon: 0.010
2026-03-29 17:11:10 | INFO | Episode  482 - Reward: 8.000, Length: 8, Loss: 2.3796, Entropy: 0.5612, Epsilon: 0.010
2026-03-29 17:11:11 | INFO | Episode  483 - Reward: 9.000, Length: 9, Loss: 2.5567, Entropy: 0.5627, Epsilon: 0.010
2026-03-29 17:11:11 | INFO | Episode  484 - Reward: 9.000, Length: 9, Loss: 2.2061, Entropy: 0.5624, Epsilon: 0.010
2026-03-29 17:11:12 | INFO | Episode  485 - Reward: 9.000, Length: 9, Loss: 2.4360, Entropy: 0.5617, Epsilon: 0.010
2026-03-29 17:11:12 | INFO | Episode  486 - Reward: 9.000, Length: 9, Loss: 2.4122, Entropy: 0.5566, Epsilon: 0.010
2026-03-29 17:11:13 | INFO | Episode  487 - Reward: 9.000, Length: 9, Loss: 2.3600, Entropy: 0.5586, Epsilon: 0.010
2026-03-29 17:11:13 | INFO | Episode  488 - Reward: 10.000, Length: 10, Loss: 2.2308, Entropy: 0.5581, Epsilon: 0.010
2026-03-29 17:11:13 | INFO | Episode  489 - Reward: 10.000, Length: 10, Loss: 2.2973, Entropy: 0.5583, Epsilon: 0.010
2026-03-29 17:11:14 | INFO | Episode  490 - Reward: 9.000, Length: 9, Loss: 2.3343, Entropy: 0.5568, Epsilon: 0.010
2026-03-29 17:11:15 | INFO | Episode  491 - Reward: 9.000, Length: 9, Loss: 2.1861, Entropy: 0.5548, Epsilon: 0.010
2026-03-29 17:11:15 | INFO | Episode  492 - Reward: 9.000, Length: 9, Loss: 2.4879, Entropy: 0.5541, Epsilon: 0.010
2026-03-29 17:11:15 | INFO | Episode  493 - Reward: 9.000, Length: 9, Loss: 2.0377, Entropy: 0.5568, Epsilon: 0.010
2026-03-29 17:11:16 | INFO | Episode  494 - Reward: 8.000, Length: 8, Loss: 2.4971, Entropy: 0.5554, Epsilon: 0.010
2026-03-29 17:11:16 | INFO | Episode  495 - Reward: 10.000, Length: 10, Loss: 2.2058, Entropy: 0.5555, Epsilon: 0.010
2026-03-29 17:11:17 | INFO | Episode  496 - Reward: 10.000, Length: 10, Loss: 2.3839, Entropy: 0.5607, Epsilon: 0.010
2026-03-29 17:11:17 | INFO | Episode  497 - Reward: 9.000, Length: 9, Loss: 2.1993, Entropy: 0.5586, Epsilon: 0.010
2026-03-29 17:11:18 | INFO | Episode  498 - Reward: 10.000, Length: 10, Loss: 2.3930, Entropy: 0.5566, Epsilon: 0.010
2026-03-29 17:11:18 | INFO | Episode  499 - Reward: 10.000, Length: 10, Loss: 2.3319, Entropy: 0.5577, Epsilon: 0.010
2026-03-29 17:11:19 | INFO | Episode  500 - Reward: 10.000, Length: 10, Loss: 2.0915, Entropy: 0.5606, Epsilon: 0.010
2026-03-29 17:11:19 | INFO | [Episode  500] eps=0.010  avg_reward=   9.480  avg_length=  9.48  avg_loss=  2.0214  avg_entropy=0.5606  eval_success=0.000
2026-03-29 17:11:19 | INFO | DQN+Entropy training: 4m 8.72s
2026-03-29 17:11:21 | INFO | [Final Eval] success=0.000, mean_reward=9.430
