2026-03-29 18:03:52 | INFO | ============================================================
2026-03-29 18:03:52 | INFO | DEVICE / COMPUTE INFORMATION
2026-03-29 18:03:52 | INFO |   JAX backend       : CPU
2026-03-29 18:03:52 | INFO |   Platform          : cpu
2026-03-29 18:03:52 | INFO |   Num devices       : 1
2026-03-29 18:03:52 | INFO |   Device            : TFRT_CPU_0
2026-03-29 18:03:52 | INFO | ============================================================
2026-03-29 18:03:52 | INFO | DQN+Entropy | seed=5, lr=0.0005, gamma=0.95, alpha=0.05
2026-03-29 18:03:52 | INFO | Env: cartpole/dense, obs_dim=4, num_actions=2
2026-03-29 18:03:53 | INFO | Episode    1 - Reward: 29.000, Length: 29, Loss: 0.0000, Entropy: 0.0000, Epsilon: 0.998
2026-03-29 18:03:53 | INFO | Episode    2 - Reward: 36.000, Length: 36, Loss: 0.0000, Entropy: 0.0000, Epsilon: 0.995
2026-03-29 18:03:54 | INFO | Episode    3 - Reward: 17.000, Length: 17, Loss: 0.0000, Entropy: 0.0000, Epsilon: 0.993
2026-03-29 18:03:54 | INFO | Episode    4 - Reward: 15.000, Length: 15, Loss: 0.0000, Entropy: 0.0000, Epsilon: 0.990
2026-03-29 18:03:54 | INFO | Episode    5 - Reward: 43.000, Length: 43, Loss: 0.0000, Entropy: 0.0000, Epsilon: 0.988
2026-03-29 18:03:55 | INFO | Episode    6 - Reward: 28.000, Length: 28, Loss: 0.0000, Entropy: 0.0000, Epsilon: 0.985
2026-03-29 18:03:56 | INFO | Episode    7 - Reward: 56.000, Length: 56, Loss: 0.0000, Entropy: 0.0000, Epsilon: 0.983
2026-03-29 18:03:57 | INFO | Episode    8 - Reward: 75.000, Length: 75, Loss: 0.9885, Entropy: 0.6929, Epsilon: 0.980
2026-03-29 18:03:58 | INFO | Episode    9 - Reward: 19.000, Length: 19, Loss: 0.9828, Entropy: 0.6929, Epsilon: 0.978
2026-03-29 18:03:58 | INFO | Episode   10 - Reward: 45.000, Length: 45, Loss: 0.9759, Entropy: 0.6929, Epsilon: 0.975
2026-03-29 18:03:59 | INFO | Episode   11 - Reward: 16.000, Length: 16, Loss: 0.9719, Entropy: 0.6929, Epsilon: 0.973
2026-03-29 18:03:59 | INFO | Episode   12 - Reward: 10.000, Length: 10, Loss: 0.9711, Entropy: 0.6929, Epsilon: 0.970
2026-03-29 18:04:00 | INFO | Episode   13 - Reward: 22.000, Length: 22, Loss: 0.9659, Entropy: 0.6929, Epsilon: 0.968
2026-03-29 18:04:00 | INFO | Episode   14 - Reward: 82.000, Length: 82, Loss: 0.9562, Entropy: 0.6929, Epsilon: 0.965
2026-03-29 18:04:01 | INFO | Episode   15 - Reward: 14.000, Length: 14, Loss: 0.9534, Entropy: 0.6929, Epsilon: 0.963
2026-03-29 18:04:01 | INFO | Episode   16 - Reward: 17.000, Length: 17, Loss: 0.9861, Entropy: 0.6929, Epsilon: 0.960
2026-03-29 18:04:02 | INFO | Episode   17 - Reward: 14.000, Length: 14, Loss: 0.9786, Entropy: 0.6929, Epsilon: 0.958
2026-03-29 18:04:02 | INFO | Episode   18 - Reward: 25.000, Length: 25, Loss: 0.9733, Entropy: 0.6929, Epsilon: 0.955
2026-03-29 18:04:02 | INFO | Episode   19 - Reward: 34.000, Length: 34, Loss: 0.9706, Entropy: 0.6929, Epsilon: 0.953
2026-03-29 18:04:03 | INFO | Episode   20 - Reward: 64.000, Length: 64, Loss: 0.9677, Entropy: 0.6929, Epsilon: 0.951
2026-03-29 18:04:03 | INFO | Episode   21 - Reward: 69.000, Length: 69, Loss: 0.9558, Entropy: 0.6929, Epsilon: 0.948
2026-03-29 18:04:04 | INFO | Episode   22 - Reward: 13.000, Length: 13, Loss: 0.9555, Entropy: 0.6929, Epsilon: 0.946
2026-03-29 18:04:04 | INFO | Episode   23 - Reward: 17.000, Length: 17, Loss: 0.9498, Entropy: 0.6929, Epsilon: 0.943
2026-03-29 18:04:05 | INFO | Episode   24 - Reward: 28.000, Length: 28, Loss: 0.9460, Entropy: 0.6929, Epsilon: 0.941
2026-03-29 18:04:05 | INFO | Episode   25 - Reward: 14.000, Length: 14, Loss: 0.9394, Entropy: 0.6929, Epsilon: 0.938
2026-03-29 18:04:06 | INFO | Episode   26 - Reward: 82.000, Length: 82, Loss: 0.9359, Entropy: 0.6929, Epsilon: 0.936
2026-03-29 18:04:06 | INFO | Episode   27 - Reward: 20.000, Length: 20, Loss: 0.9288, Entropy: 0.6929, Epsilon: 0.933
2026-03-29 18:04:07 | INFO | Episode   28 - Reward: 50.000, Length: 50, Loss: 0.9215, Entropy: 0.6929, Epsilon: 0.931
2026-03-29 18:04:07 | INFO | Episode   29 - Reward: 21.000, Length: 21, Loss: 0.9175, Entropy: 0.6929, Epsilon: 0.928
2026-03-29 18:04:08 | INFO | Episode   30 - Reward: 28.000, Length: 28, Loss: 0.9166, Entropy: 0.6929, Epsilon: 0.926
2026-03-29 18:04:08 | INFO | Episode   31 - Reward: 31.000, Length: 31, Loss: 0.9860, Entropy: 0.6929, Epsilon: 0.923
2026-03-29 18:04:09 | INFO | Episode   32 - Reward: 20.000, Length: 20, Loss: 0.9805, Entropy: 0.6928, Epsilon: 0.921
2026-03-29 18:04:10 | INFO | Episode   33 - Reward: 14.000, Length: 14, Loss: 0.9726, Entropy: 0.6929, Epsilon: 0.918
2026-03-29 18:04:10 | INFO | Episode   34 - Reward: 19.000, Length: 19, Loss: 0.9676, Entropy: 0.6929, Epsilon: 0.916
2026-03-29 18:04:11 | INFO | Episode   35 - Reward: 50.000, Length: 50, Loss: 0.9627, Entropy: 0.6929, Epsilon: 0.913
2026-03-29 18:04:12 | INFO | Episode   36 - Reward: 26.000, Length: 26, Loss: 0.9554, Entropy: 0.6929, Epsilon: 0.911
2026-03-29 18:04:12 | INFO | Episode   37 - Reward: 29.000, Length: 29, Loss: 0.9531, Entropy: 0.6929, Epsilon: 0.908
2026-03-29 18:04:13 | INFO | Episode   38 - Reward: 28.000, Length: 28, Loss: 0.9459, Entropy: 0.6929, Epsilon: 0.906
2026-03-29 18:04:14 | INFO | Episode   39 - Reward: 16.000, Length: 16, Loss: 0.9420, Entropy: 0.6929, Epsilon: 0.903
2026-03-29 18:04:14 | INFO | Episode   40 - Reward: 33.000, Length: 33, Loss: 0.9365, Entropy: 0.6929, Epsilon: 0.901
2026-03-29 18:04:15 | INFO | Episode   41 - Reward: 53.000, Length: 53, Loss: 0.9288, Entropy: 0.6929, Epsilon: 0.899
2026-03-29 18:04:16 | INFO | Episode   42 - Reward: 20.000, Length: 20, Loss: 0.9225, Entropy: 0.6929, Epsilon: 0.896
2026-03-29 18:04:16 | INFO | Episode   43 - Reward: 22.000, Length: 22, Loss: 0.9184, Entropy: 0.6929, Epsilon: 0.894
2026-03-29 18:04:17 | INFO | Episode   44 - Reward: 44.000, Length: 44, Loss: 0.9130, Entropy: 0.6929, Epsilon: 0.891
2026-03-29 18:04:18 | INFO | Episode   45 - Reward: 9.000, Length: 9, Loss: 0.9106, Entropy: 0.6929, Epsilon: 0.889
2026-03-29 18:04:18 | INFO | Episode   46 - Reward: 28.000, Length: 28, Loss: 0.9027, Entropy: 0.6929, Epsilon: 0.886
2026-03-29 18:04:19 | INFO | Episode   47 - Reward: 16.000, Length: 16, Loss: 0.8977, Entropy: 0.6929, Epsilon: 0.884
2026-03-29 18:04:20 | INFO | Episode   48 - Reward: 29.000, Length: 29, Loss: 0.8930, Entropy: 0.6929, Epsilon: 0.881
2026-03-29 18:04:20 | INFO | Episode   49 - Reward: 14.000, Length: 14, Loss: 0.8880, Entropy: 0.6929, Epsilon: 0.879
2026-03-29 18:04:21 | INFO | Episode   50 - Reward: 78.000, Length: 78, Loss: 0.9774, Entropy: 0.6929, Epsilon: 0.876
2026-03-29 18:04:30 | INFO | [Episode   50] eps=0.876  avg_reward=  31.640  avg_length= 31.64  avg_loss=  0.8153  avg_entropy=0.6929  eval_success=0.000
2026-03-29 18:04:31 | INFO | Episode   51 - Reward: 23.000, Length: 23, Loss: 0.9682, Entropy: 0.6929, Epsilon: 0.874
2026-03-29 18:04:31 | INFO | Episode   52 - Reward: 11.000, Length: 11, Loss: 0.9610, Entropy: 0.6929, Epsilon: 0.871
2026-03-29 18:04:32 | INFO | Episode   53 - Reward: 17.000, Length: 17, Loss: 0.9588, Entropy: 0.6929, Epsilon: 0.869
2026-03-29 18:04:33 | INFO | Episode   54 - Reward: 22.000, Length: 22, Loss: 0.9545, Entropy: 0.6929, Epsilon: 0.866
2026-03-29 18:04:33 | INFO | Episode   55 - Reward: 10.000, Length: 10, Loss: 0.9533, Entropy: 0.6929, Epsilon: 0.864
2026-03-29 18:04:34 | INFO | Episode   56 - Reward: 48.000, Length: 48, Loss: 0.9437, Entropy: 0.6929, Epsilon: 0.861
2026-03-29 18:04:35 | INFO | Episode   57 - Reward: 34.000, Length: 34, Loss: 0.9392, Entropy: 0.6929, Epsilon: 0.859
2026-03-29 18:04:35 | INFO | Episode   58 - Reward: 23.000, Length: 23, Loss: 0.9315, Entropy: 0.6929, Epsilon: 0.856
2026-03-29 18:04:36 | INFO | Episode   59 - Reward: 48.000, Length: 48, Loss: 0.9251, Entropy: 0.6929, Epsilon: 0.854
2026-03-29 18:04:36 | INFO | Episode   60 - Reward: 18.000, Length: 18, Loss: 0.9227, Entropy: 0.6929, Epsilon: 0.852
2026-03-29 18:04:37 | INFO | Episode   61 - Reward: 28.000, Length: 28, Loss: 0.9154, Entropy: 0.6929, Epsilon: 0.849
2026-03-29 18:04:38 | INFO | Episode   62 - Reward: 45.000, Length: 45, Loss: 0.9169, Entropy: 0.6928, Epsilon: 0.847
2026-03-29 18:04:38 | INFO | Episode   63 - Reward: 41.000, Length: 41, Loss: 0.9062, Entropy: 0.6929, Epsilon: 0.844
2026-03-29 18:04:39 | INFO | Episode   64 - Reward: 16.000, Length: 16, Loss: 0.9025, Entropy: 0.6929, Epsilon: 0.842
2026-03-29 18:04:40 | INFO | Episode   65 - Reward: 75.000, Length: 75, Loss: 0.8945, Entropy: 0.6929, Epsilon: 0.839
2026-03-29 18:04:40 | INFO | Episode   66 - Reward: 41.000, Length: 41, Loss: 0.9687, Entropy: 0.6929, Epsilon: 0.837
2026-03-29 18:04:41 | INFO | Episode   67 - Reward: 20.000, Length: 20, Loss: 0.9645, Entropy: 0.6929, Epsilon: 0.834
2026-03-29 18:04:42 | INFO | Episode   68 - Reward: 11.000, Length: 11, Loss: 0.9583, Entropy: 0.6929, Epsilon: 0.832
2026-03-29 18:04:42 | INFO | Episode   69 - Reward: 14.000, Length: 14, Loss: 0.9532, Entropy: 0.6929, Epsilon: 0.829
2026-03-29 18:04:43 | INFO | Episode   70 - Reward: 19.000, Length: 19, Loss: 0.9446, Entropy: 0.6929, Epsilon: 0.827
2026-03-29 18:04:43 | INFO | Episode   71 - Reward: 16.000, Length: 16, Loss: 0.9435, Entropy: 0.6929, Epsilon: 0.824
2026-03-29 18:04:44 | INFO | Episode   72 - Reward: 14.000, Length: 14, Loss: 0.9399, Entropy: 0.6929, Epsilon: 0.822
2026-03-29 18:04:45 | INFO | Episode   73 - Reward: 75.000, Length: 75, Loss: 0.9327, Entropy: 0.6929, Epsilon: 0.819
2026-03-29 18:04:45 | INFO | Episode   74 - Reward: 28.000, Length: 28, Loss: 0.9250, Entropy: 0.6929, Epsilon: 0.817
2026-03-29 18:04:46 | INFO | Episode   75 - Reward: 39.000, Length: 39, Loss: 0.9228, Entropy: 0.6929, Epsilon: 0.814
2026-03-29 18:04:46 | INFO | Episode   76 - Reward: 28.000, Length: 28, Loss: 0.9162, Entropy: 0.6928, Epsilon: 0.812
2026-03-29 18:04:47 | INFO | Episode   77 - Reward: 13.000, Length: 13, Loss: 0.9113, Entropy: 0.6929, Epsilon: 0.809
2026-03-29 18:04:48 | INFO | Episode   78 - Reward: 75.000, Length: 75, Loss: 0.9025, Entropy: 0.6929, Epsilon: 0.807
2026-03-29 18:04:49 | INFO | Episode   79 - Reward: 35.000, Length: 35, Loss: 0.8999, Entropy: 0.6929, Epsilon: 0.804
2026-03-29 18:04:49 | INFO | Episode   80 - Reward: 21.000, Length: 21, Loss: 0.8944, Entropy: 0.6929, Epsilon: 0.802
2026-03-29 18:04:50 | INFO | Episode   81 - Reward: 20.000, Length: 20, Loss: 0.8921, Entropy: 0.6929, Epsilon: 0.800
2026-03-29 18:04:50 | INFO | Episode   82 - Reward: 22.000, Length: 22, Loss: 0.9648, Entropy: 0.6929, Epsilon: 0.797
2026-03-29 18:04:51 | INFO | Episode   83 - Reward: 16.000, Length: 16, Loss: 0.9628, Entropy: 0.6929, Epsilon: 0.795
2026-03-29 18:04:52 | INFO | Episode   84 - Reward: 35.000, Length: 35, Loss: 0.9519, Entropy: 0.6929, Epsilon: 0.792
2026-03-29 18:04:52 | INFO | Episode   85 - Reward: 15.000, Length: 15, Loss: 0.9433, Entropy: 0.6929, Epsilon: 0.790
2026-03-29 18:04:53 | INFO | Episode   86 - Reward: 75.000, Length: 75, Loss: 0.9413, Entropy: 0.6929, Epsilon: 0.787
2026-03-29 18:04:54 | INFO | Episode   87 - Reward: 20.000, Length: 20, Loss: 0.9361, Entropy: 0.6929, Epsilon: 0.785
2026-03-29 18:04:54 | INFO | Episode   88 - Reward: 12.000, Length: 12, Loss: 0.9277, Entropy: 0.6929, Epsilon: 0.782
2026-03-29 18:04:55 | INFO | Episode   89 - Reward: 65.000, Length: 65, Loss: 0.9227, Entropy: 0.6929, Epsilon: 0.780
2026-03-29 18:04:55 | INFO | Episode   90 - Reward: 12.000, Length: 12, Loss: 0.9234, Entropy: 0.6929, Epsilon: 0.777
2026-03-29 18:04:56 | INFO | Episode   91 - Reward: 36.000, Length: 36, Loss: 0.9141, Entropy: 0.6929, Epsilon: 0.775
2026-03-29 18:04:57 | INFO | Episode   92 - Reward: 51.000, Length: 51, Loss: 0.9146, Entropy: 0.6929, Epsilon: 0.772
2026-03-29 18:04:57 | INFO | Episode   93 - Reward: 43.000, Length: 43, Loss: 0.9084, Entropy: 0.6929, Epsilon: 0.770
2026-03-29 18:04:58 | INFO | Episode   94 - Reward: 48.000, Length: 48, Loss: 0.8993, Entropy: 0.6929, Epsilon: 0.767
2026-03-29 18:04:59 | INFO | Episode   95 - Reward: 20.000, Length: 20, Loss: 0.8941, Entropy: 0.6929, Epsilon: 0.765
2026-03-29 18:04:59 | INFO | Episode   96 - Reward: 19.000, Length: 19, Loss: 0.8776, Entropy: 0.6928, Epsilon: 0.762
2026-03-29 18:05:00 | INFO | Episode   97 - Reward: 28.000, Length: 28, Loss: 0.8850, Entropy: 0.6929, Epsilon: 0.760
2026-03-29 18:05:00 | INFO | Episode   98 - Reward: 33.000, Length: 33, Loss: 0.9590, Entropy: 0.6928, Epsilon: 0.757
2026-03-29 18:05:01 | INFO | Episode   99 - Reward: 23.000, Length: 23, Loss: 0.9543, Entropy: 0.6929, Epsilon: 0.755
2026-03-29 18:05:01 | INFO | Episode  100 - Reward: 29.000, Length: 29, Loss: 0.9493, Entropy: 0.6929, Epsilon: 0.752
2026-03-29 18:05:07 | INFO | [Episode  100] eps=0.752  avg_reward=  30.600  avg_length= 30.60  avg_loss=  0.9299  avg_entropy=0.6929  eval_success=0.040
2026-03-29 18:05:08 | INFO | Episode  101 - Reward: 22.000, Length: 22, Loss: 0.9432, Entropy: 0.6929, Epsilon: 0.750
2026-03-29 18:05:08 | INFO | Episode  102 - Reward: 13.000, Length: 13, Loss: 0.9377, Entropy: 0.6928, Epsilon: 0.748
2026-03-29 18:05:09 | INFO | Episode  103 - Reward: 24.000, Length: 24, Loss: 0.9323, Entropy: 0.6928, Epsilon: 0.745
2026-03-29 18:05:09 | INFO | Episode  104 - Reward: 18.000, Length: 18, Loss: 0.9266, Entropy: 0.6929, Epsilon: 0.743
2026-03-29 18:05:10 | INFO | Episode  105 - Reward: 45.000, Length: 45, Loss: 0.9185, Entropy: 0.6929, Epsilon: 0.740
2026-03-29 18:05:10 | INFO | Episode  106 - Reward: 48.000, Length: 48, Loss: 0.9132, Entropy: 0.6929, Epsilon: 0.738
2026-03-29 18:05:11 | INFO | Episode  107 - Reward: 23.000, Length: 23, Loss: 0.9122, Entropy: 0.6928, Epsilon: 0.735
2026-03-29 18:05:11 | INFO | Episode  108 - Reward: 111.000, Length: 111, Loss: 0.9023, Entropy: 0.6929, Epsilon: 0.733
2026-03-29 18:05:11 | INFO | Episode  109 - Reward: 68.000, Length: 68, Loss: 0.8991, Entropy: 0.6929, Epsilon: 0.730
2026-03-29 18:05:12 | INFO | Episode  110 - Reward: 22.000, Length: 22, Loss: 0.8975, Entropy: 0.6929, Epsilon: 0.728
2026-03-29 18:05:12 | INFO | Episode  111 - Reward: 19.000, Length: 19, Loss: 0.9530, Entropy: 0.6929, Epsilon: 0.725
2026-03-29 18:05:13 | INFO | Episode  112 - Reward: 18.000, Length: 18, Loss: 0.9502, Entropy: 0.6928, Epsilon: 0.723
2026-03-29 18:05:13 | INFO | Episode  113 - Reward: 115.000, Length: 115, Loss: 0.9425, Entropy: 0.6929, Epsilon: 0.720
2026-03-29 18:05:14 | INFO | Episode  114 - Reward: 15.000, Length: 15, Loss: 0.9412, Entropy: 0.6929, Epsilon: 0.718
2026-03-29 18:05:14 | INFO | Episode  115 - Reward: 18.000, Length: 18, Loss: 0.9334, Entropy: 0.6929, Epsilon: 0.715
2026-03-29 18:05:15 | INFO | Episode  116 - Reward: 24.000, Length: 24, Loss: 0.9239, Entropy: 0.6928, Epsilon: 0.713
2026-03-29 18:05:15 | INFO | Episode  117 - Reward: 23.000, Length: 23, Loss: 0.9201, Entropy: 0.6929, Epsilon: 0.710
2026-03-29 18:05:15 | INFO | Episode  118 - Reward: 121.000, Length: 121, Loss: 0.9117, Entropy: 0.6929, Epsilon: 0.708
2026-03-29 18:05:16 | INFO | Episode  119 - Reward: 39.000, Length: 39, Loss: 0.9090, Entropy: 0.6929, Epsilon: 0.705
2026-03-29 18:05:16 | INFO | Episode  120 - Reward: 11.000, Length: 11, Loss: 0.9026, Entropy: 0.6929, Epsilon: 0.703
2026-03-29 18:05:17 | INFO | Episode  121 - Reward: 22.000, Length: 22, Loss: 0.8890, Entropy: 0.6928, Epsilon: 0.701
2026-03-29 18:05:17 | INFO | Episode  122 - Reward: 19.000, Length: 19, Loss: 0.8960, Entropy: 0.6929, Epsilon: 0.698
2026-03-29 18:05:17 | INFO | Episode  123 - Reward: 19.000, Length: 19, Loss: 0.8901, Entropy: 0.6928, Epsilon: 0.696
2026-03-29 18:05:18 | INFO | Episode  124 - Reward: 61.000, Length: 61, Loss: 0.8821, Entropy: 0.6929, Epsilon: 0.693
2026-03-29 18:05:18 | INFO | Episode  125 - Reward: 36.000, Length: 36, Loss: 0.9512, Entropy: 0.6928, Epsilon: 0.691
2026-03-29 18:05:19 | INFO | Episode  126 - Reward: 38.000, Length: 38, Loss: 0.9492, Entropy: 0.6929, Epsilon: 0.688
2026-03-29 18:05:19 | INFO | Episode  127 - Reward: 25.000, Length: 25, Loss: 0.9360, Entropy: 0.6929, Epsilon: 0.686
2026-03-29 18:05:20 | INFO | Episode  128 - Reward: 40.000, Length: 40, Loss: 0.9308, Entropy: 0.6928, Epsilon: 0.683
2026-03-29 18:05:20 | INFO | Episode  129 - Reward: 44.000, Length: 44, Loss: 0.9258, Entropy: 0.6929, Epsilon: 0.681
2026-03-29 18:05:20 | INFO | Episode  130 - Reward: 47.000, Length: 47, Loss: 0.9296, Entropy: 0.6929, Epsilon: 0.678
2026-03-29 18:05:21 | INFO | Episode  131 - Reward: 35.000, Length: 35, Loss: 0.9095, Entropy: 0.6928, Epsilon: 0.676
2026-03-29 18:05:21 | INFO | Episode  132 - Reward: 29.000, Length: 29, Loss: 0.9143, Entropy: 0.6929, Epsilon: 0.673
2026-03-29 18:05:22 | INFO | Episode  133 - Reward: 25.000, Length: 25, Loss: 0.9015, Entropy: 0.6928, Epsilon: 0.671
2026-03-29 18:05:22 | INFO | Episode  134 - Reward: 31.000, Length: 31, Loss: 0.8956, Entropy: 0.6929, Epsilon: 0.668
2026-03-29 18:05:23 | INFO | Episode  135 - Reward: 22.000, Length: 22, Loss: 0.8934, Entropy: 0.6929, Epsilon: 0.666
2026-03-29 18:05:23 | INFO | Episode  136 - Reward: 26.000, Length: 26, Loss: 0.8897, Entropy: 0.6928, Epsilon: 0.663
2026-03-29 18:05:24 | INFO | Episode  137 - Reward: 48.000, Length: 48, Loss: 0.8830, Entropy: 0.6929, Epsilon: 0.661
2026-03-29 18:05:24 | INFO | Episode  138 - Reward: 37.000, Length: 37, Loss: 0.8743, Entropy: 0.6928, Epsilon: 0.658
2026-03-29 18:05:25 | INFO | Episode  139 - Reward: 13.000, Length: 13, Loss: 0.9400, Entropy: 0.6929, Epsilon: 0.656
2026-03-29 18:05:25 | INFO | Episode  140 - Reward: 28.000, Length: 28, Loss: 0.9449, Entropy: 0.6929, Epsilon: 0.653
2026-03-29 18:05:25 | INFO | Episode  141 - Reward: 59.000, Length: 59, Loss: 0.9309, Entropy: 0.6929, Epsilon: 0.651
2026-03-29 18:05:26 | INFO | Episode  142 - Reward: 52.000, Length: 52, Loss: 0.9315, Entropy: 0.6928, Epsilon: 0.649
2026-03-29 18:05:26 | INFO | Episode  143 - Reward: 40.000, Length: 40, Loss: 0.9268, Entropy: 0.6928, Epsilon: 0.646
2026-03-29 18:05:27 | INFO | Episode  144 - Reward: 21.000, Length: 21, Loss: 0.9182, Entropy: 0.6928, Epsilon: 0.644
2026-03-29 18:05:27 | INFO | Episode  145 - Reward: 90.000, Length: 90, Loss: 0.9094, Entropy: 0.6929, Epsilon: 0.641
2026-03-29 18:05:27 | INFO | Episode  146 - Reward: 87.000, Length: 87, Loss: 0.9026, Entropy: 0.6928, Epsilon: 0.639
2026-03-29 18:05:28 | INFO | Episode  147 - Reward: 13.000, Length: 13, Loss: 0.9008, Entropy: 0.6929, Epsilon: 0.636
2026-03-29 18:05:28 | INFO | Episode  148 - Reward: 34.000, Length: 34, Loss: 0.8920, Entropy: 0.6928, Epsilon: 0.634
2026-03-29 18:05:28 | INFO | Episode  149 - Reward: 80.000, Length: 80, Loss: 0.8904, Entropy: 0.6928, Epsilon: 0.631
2026-03-29 18:05:29 | INFO | Episode  150 - Reward: 48.000, Length: 48, Loss: 0.9401, Entropy: 0.6929, Epsilon: 0.629
2026-03-29 18:05:33 | INFO | [Episode  150] eps=0.629  avg_reward=  39.320  avg_length= 39.32  avg_loss=  0.9168  avg_entropy=0.6929  eval_success=0.000
2026-03-29 18:05:34 | INFO | Episode  151 - Reward: 27.000, Length: 27, Loss: 0.9393, Entropy: 0.6928, Epsilon: 0.626
2026-03-29 18:05:34 | INFO | Episode  152 - Reward: 14.000, Length: 14, Loss: 0.9231, Entropy: 0.6928, Epsilon: 0.624
2026-03-29 18:05:35 | INFO | Episode  153 - Reward: 57.000, Length: 57, Loss: 0.9227, Entropy: 0.6928, Epsilon: 0.621
2026-03-29 18:05:35 | INFO | Episode  154 - Reward: 27.000, Length: 27, Loss: 0.9179, Entropy: 0.6928, Epsilon: 0.619
2026-03-29 18:05:36 | INFO | Episode  155 - Reward: 36.000, Length: 36, Loss: 0.9118, Entropy: 0.6928, Epsilon: 0.616
2026-03-29 18:05:36 | INFO | Episode  156 - Reward: 78.000, Length: 78, Loss: 0.9056, Entropy: 0.6929, Epsilon: 0.614
2026-03-29 18:05:37 | INFO | Episode  157 - Reward: 34.000, Length: 34, Loss: 0.8958, Entropy: 0.6928, Epsilon: 0.611
2026-03-29 18:05:37 | INFO | Episode  158 - Reward: 118.000, Length: 118, Loss: 0.8916, Entropy: 0.6928, Epsilon: 0.609
2026-03-29 18:05:37 | INFO | Episode  159 - Reward: 74.000, Length: 74, Loss: 0.8840, Entropy: 0.6928, Epsilon: 0.606
2026-03-29 18:05:38 | INFO | Episode  160 - Reward: 20.000, Length: 20, Loss: 0.9382, Entropy: 0.6928, Epsilon: 0.604
2026-03-29 18:05:38 | INFO | Episode  161 - Reward: 27.000, Length: 27, Loss: 0.9238, Entropy: 0.6929, Epsilon: 0.602
2026-03-29 18:05:39 | INFO | Episode  162 - Reward: 26.000, Length: 26, Loss: 0.9241, Entropy: 0.6929, Epsilon: 0.599
2026-03-29 18:05:39 | INFO | Episode  163 - Reward: 32.000, Length: 32, Loss: 0.9144, Entropy: 0.6928, Epsilon: 0.597
2026-03-29 18:05:40 | INFO | Episode  164 - Reward: 32.000, Length: 32, Loss: 0.9117, Entropy: 0.6929, Epsilon: 0.594
2026-03-29 18:05:40 | INFO | Episode  165 - Reward: 32.000, Length: 32, Loss: 0.9084, Entropy: 0.6929, Epsilon: 0.592
2026-03-29 18:05:40 | INFO | Episode  166 - Reward: 29.000, Length: 29, Loss: 0.9006, Entropy: 0.6929, Epsilon: 0.589
2026-03-29 18:05:41 | INFO | Episode  167 - Reward: 38.000, Length: 38, Loss: 0.8955, Entropy: 0.6928, Epsilon: 0.587
2026-03-29 18:05:41 | INFO | Episode  168 - Reward: 45.000, Length: 45, Loss: 0.8944, Entropy: 0.6928, Epsilon: 0.584
2026-03-29 18:05:42 | INFO | Episode  169 - Reward: 33.000, Length: 33, Loss: 0.8821, Entropy: 0.6928, Epsilon: 0.582
2026-03-29 18:05:42 | INFO | Episode  170 - Reward: 67.000, Length: 67, Loss: 0.8824, Entropy: 0.6928, Epsilon: 0.579
2026-03-29 18:05:43 | INFO | Episode  171 - Reward: 34.000, Length: 34, Loss: 0.8775, Entropy: 0.6928, Epsilon: 0.577
2026-03-29 18:05:43 | INFO | Episode  172 - Reward: 38.000, Length: 38, Loss: 0.8683, Entropy: 0.6929, Epsilon: 0.574
2026-03-29 18:05:43 | INFO | Episode  173 - Reward: 31.000, Length: 31, Loss: 0.8615, Entropy: 0.6928, Epsilon: 0.572
2026-03-29 18:05:44 | INFO | Episode  174 - Reward: 60.000, Length: 60, Loss: 0.9382, Entropy: 0.6928, Epsilon: 0.569
2026-03-29 18:05:44 | INFO | Episode  175 - Reward: 39.000, Length: 39, Loss: 0.9241, Entropy: 0.6928, Epsilon: 0.567
2026-03-29 18:05:45 | INFO | Episode  176 - Reward: 50.000, Length: 50, Loss: 0.9160, Entropy: 0.6928, Epsilon: 0.564
2026-03-29 18:05:45 | INFO | Episode  177 - Reward: 30.000, Length: 30, Loss: 0.9130, Entropy: 0.6929, Epsilon: 0.562
2026-03-29 18:05:46 | INFO | Episode  178 - Reward: 66.000, Length: 66, Loss: 0.9052, Entropy: 0.6929, Epsilon: 0.559
2026-03-29 18:05:46 | INFO | Episode  179 - Reward: 46.000, Length: 46, Loss: 0.9075, Entropy: 0.6928, Epsilon: 0.557
2026-03-29 18:05:47 | INFO | Episode  180 - Reward: 10.000, Length: 10, Loss: 0.8969, Entropy: 0.6928, Epsilon: 0.554
2026-03-29 18:05:47 | INFO | Episode  181 - Reward: 91.000, Length: 91, Loss: 0.8934, Entropy: 0.6928, Epsilon: 0.552
2026-03-29 18:05:48 | INFO | Episode  182 - Reward: 17.000, Length: 17, Loss: 0.8850, Entropy: 0.6928, Epsilon: 0.550
2026-03-29 18:05:48 | INFO | Episode  183 - Reward: 49.000, Length: 49, Loss: 0.8771, Entropy: 0.6928, Epsilon: 0.547
2026-03-29 18:05:48 | INFO | Episode  184 - Reward: 22.000, Length: 22, Loss: 0.8761, Entropy: 0.6928, Epsilon: 0.545
2026-03-29 18:05:49 | INFO | Episode  185 - Reward: 29.000, Length: 29, Loss: 0.9247, Entropy: 0.6928, Epsilon: 0.542
2026-03-29 18:05:49 | INFO | Episode  186 - Reward: 23.000, Length: 23, Loss: 0.9226, Entropy: 0.6928, Epsilon: 0.540
2026-03-29 18:05:50 | INFO | Episode  187 - Reward: 57.000, Length: 57, Loss: 0.9155, Entropy: 0.6928, Epsilon: 0.537
2026-03-29 18:05:50 | INFO | Episode  188 - Reward: 22.000, Length: 22, Loss: 0.9113, Entropy: 0.6928, Epsilon: 0.535
2026-03-29 18:05:51 | INFO | Episode  189 - Reward: 25.000, Length: 25, Loss: 0.9069, Entropy: 0.6928, Epsilon: 0.532
2026-03-29 18:05:51 | INFO | Episode  190 - Reward: 46.000, Length: 46, Loss: 0.8918, Entropy: 0.6928, Epsilon: 0.530
2026-03-29 18:05:51 | INFO | Episode  191 - Reward: 21.000, Length: 21, Loss: 0.8934, Entropy: 0.6928, Epsilon: 0.527
2026-03-29 18:05:52 | INFO | Episode  192 - Reward: 120.000, Length: 120, Loss: 0.8877, Entropy: 0.6928, Epsilon: 0.525
2026-03-29 18:05:52 | INFO | Episode  193 - Reward: 69.000, Length: 69, Loss: 0.8728, Entropy: 0.6928, Epsilon: 0.522
2026-03-29 18:05:53 | INFO | Episode  194 - Reward: 60.000, Length: 60, Loss: 0.8725, Entropy: 0.6928, Epsilon: 0.520
2026-03-29 18:05:53 | INFO | Episode  195 - Reward: 69.000, Length: 69, Loss: 0.8737, Entropy: 0.6928, Epsilon: 0.517
2026-03-29 18:05:53 | INFO | Episode  196 - Reward: 33.000, Length: 33, Loss: 0.9228, Entropy: 0.6928, Epsilon: 0.515
2026-03-29 18:05:54 | INFO | Episode  197 - Reward: 31.000, Length: 31, Loss: 0.9181, Entropy: 0.6928, Epsilon: 0.512
2026-03-29 18:05:54 | INFO | Episode  198 - Reward: 34.000, Length: 34, Loss: 0.9105, Entropy: 0.6928, Epsilon: 0.510
2026-03-29 18:05:55 | INFO | Episode  199 - Reward: 28.000, Length: 28, Loss: 0.8987, Entropy: 0.6928, Epsilon: 0.507
2026-03-29 18:05:55 | INFO | Episode  200 - Reward: 37.000, Length: 37, Loss: 0.8995, Entropy: 0.6929, Epsilon: 0.505
2026-03-29 18:05:58 | INFO | [Episode  200] eps=0.505  avg_reward=  42.660  avg_length= 42.66  avg_loss=  0.9026  avg_entropy=0.6929  eval_success=0.000
2026-03-29 18:05:58 | INFO | Episode  201 - Reward: 21.000, Length: 21, Loss: 0.9016, Entropy: 0.6928, Epsilon: 0.503
2026-03-29 18:05:59 | INFO | Episode  202 - Reward: 137.000, Length: 137, Loss: 0.8901, Entropy: 0.6928, Epsilon: 0.500
2026-03-29 18:05:59 | INFO | Episode  203 - Reward: 53.000, Length: 53, Loss: 0.8837, Entropy: 0.6928, Epsilon: 0.498
2026-03-29 18:06:00 | INFO | Episode  204 - Reward: 44.000, Length: 44, Loss: 0.8690, Entropy: 0.6928, Epsilon: 0.495
2026-03-29 18:06:00 | INFO | Episode  205 - Reward: 43.000, Length: 43, Loss: 0.8654, Entropy: 0.6928, Epsilon: 0.493
2026-03-29 18:06:01 | INFO | Episode  206 - Reward: 48.000, Length: 48, Loss: 0.9115, Entropy: 0.6928, Epsilon: 0.490
2026-03-29 18:06:01 | INFO | Episode  207 - Reward: 65.000, Length: 65, Loss: 0.9159, Entropy: 0.6928, Epsilon: 0.488
2026-03-29 18:06:01 | INFO | Episode  208 - Reward: 44.000, Length: 44, Loss: 0.9040, Entropy: 0.6928, Epsilon: 0.485
2026-03-29 18:06:02 | INFO | Episode  209 - Reward: 51.000, Length: 51, Loss: 0.9006, Entropy: 0.6928, Epsilon: 0.483
2026-03-29 18:06:02 | INFO | Episode  210 - Reward: 49.000, Length: 49, Loss: 0.8903, Entropy: 0.6928, Epsilon: 0.480
2026-03-29 18:06:03 | INFO | Episode  211 - Reward: 53.000, Length: 53, Loss: 0.8911, Entropy: 0.6928, Epsilon: 0.478
2026-03-29 18:06:03 | INFO | Episode  212 - Reward: 47.000, Length: 47, Loss: 0.8796, Entropy: 0.6928, Epsilon: 0.475
2026-03-29 18:06:04 | INFO | Episode  213 - Reward: 29.000, Length: 29, Loss: 0.8734, Entropy: 0.6928, Epsilon: 0.473
2026-03-29 18:06:04 | INFO | Episode  214 - Reward: 31.000, Length: 31, Loss: 0.8689, Entropy: 0.6928, Epsilon: 0.470
2026-03-29 18:06:04 | INFO | Episode  215 - Reward: 32.000, Length: 32, Loss: 0.8609, Entropy: 0.6928, Epsilon: 0.468
2026-03-29 18:06:05 | INFO | Episode  216 - Reward: 60.000, Length: 60, Loss: 0.8553, Entropy: 0.6928, Epsilon: 0.465
2026-03-29 18:06:06 | INFO | Episode  217 - Reward: 19.000, Length: 19, Loss: 0.9198, Entropy: 0.6928, Epsilon: 0.463
2026-03-29 18:06:06 | INFO | Episode  218 - Reward: 22.000, Length: 22, Loss: 0.9051, Entropy: 0.6928, Epsilon: 0.460
2026-03-29 18:06:07 | INFO | Episode  219 - Reward: 45.000, Length: 45, Loss: 0.9001, Entropy: 0.6928, Epsilon: 0.458
2026-03-29 18:06:07 | INFO | Episode  220 - Reward: 32.000, Length: 32, Loss: 0.8977, Entropy: 0.6928, Epsilon: 0.456
2026-03-29 18:06:08 | INFO | Episode  221 - Reward: 46.000, Length: 46, Loss: 0.8910, Entropy: 0.6928, Epsilon: 0.453
2026-03-29 18:06:08 | INFO | Episode  222 - Reward: 33.000, Length: 33, Loss: 0.8836, Entropy: 0.6928, Epsilon: 0.451
2026-03-29 18:06:08 | INFO | Episode  223 - Reward: 44.000, Length: 44, Loss: 0.8742, Entropy: 0.6928, Epsilon: 0.448
2026-03-29 18:06:09 | INFO | Episode  224 - Reward: 42.000, Length: 42, Loss: 0.8718, Entropy: 0.6928, Epsilon: 0.446
2026-03-29 18:06:09 | INFO | Episode  225 - Reward: 26.000, Length: 26, Loss: 0.8627, Entropy: 0.6928, Epsilon: 0.443
2026-03-29 18:06:10 | INFO | Episode  226 - Reward: 28.000, Length: 28, Loss: 0.8674, Entropy: 0.6928, Epsilon: 0.441
2026-03-29 18:06:10 | INFO | Episode  227 - Reward: 25.000, Length: 25, Loss: 0.8471, Entropy: 0.6928, Epsilon: 0.438
2026-03-29 18:06:11 | INFO | Episode  228 - Reward: 14.000, Length: 14, Loss: 0.8389, Entropy: 0.6928, Epsilon: 0.436
2026-03-29 18:06:11 | INFO | Episode  229 - Reward: 89.000, Length: 89, Loss: 0.8419, Entropy: 0.6928, Epsilon: 0.433
2026-03-29 18:06:12 | INFO | Episode  230 - Reward: 48.000, Length: 48, Loss: 0.8318, Entropy: 0.6928, Epsilon: 0.431
2026-03-29 18:06:12 | INFO | Episode  231 - Reward: 48.000, Length: 48, Loss: 0.9104, Entropy: 0.6928, Epsilon: 0.428
2026-03-29 18:06:13 | INFO | Episode  232 - Reward: 29.000, Length: 29, Loss: 0.9031, Entropy: 0.6928, Epsilon: 0.426
2026-03-29 18:06:13 | INFO | Episode  233 - Reward: 36.000, Length: 36, Loss: 0.8911, Entropy: 0.6928, Epsilon: 0.423
2026-03-29 18:06:14 | INFO | Episode  234 - Reward: 54.000, Length: 54, Loss: 0.8867, Entropy: 0.6928, Epsilon: 0.421
2026-03-29 18:06:14 | INFO | Episode  235 - Reward: 31.000, Length: 31, Loss: 0.8743, Entropy: 0.6928, Epsilon: 0.418
2026-03-29 18:06:14 | INFO | Episode  236 - Reward: 22.000, Length: 22, Loss: 0.8711, Entropy: 0.6928, Epsilon: 0.416
2026-03-29 18:06:15 | INFO | Episode  237 - Reward: 44.000, Length: 44, Loss: 0.8670, Entropy: 0.6928, Epsilon: 0.413
2026-03-29 18:06:15 | INFO | Episode  238 - Reward: 58.000, Length: 58, Loss: 0.8679, Entropy: 0.6928, Epsilon: 0.411
2026-03-29 18:06:16 | INFO | Episode  239 - Reward: 42.000, Length: 42, Loss: 0.8581, Entropy: 0.6928, Epsilon: 0.408
2026-03-29 18:06:16 | INFO | Episode  240 - Reward: 40.000, Length: 40, Loss: 0.8357, Entropy: 0.6928, Epsilon: 0.406
2026-03-29 18:06:17 | INFO | Episode  241 - Reward: 24.000, Length: 24, Loss: 0.8441, Entropy: 0.6928, Epsilon: 0.404
2026-03-29 18:06:17 | INFO | Episode  242 - Reward: 25.000, Length: 25, Loss: 0.8372, Entropy: 0.6928, Epsilon: 0.401
2026-03-29 18:06:17 | INFO | Episode  243 - Reward: 40.000, Length: 40, Loss: 0.8274, Entropy: 0.6928, Epsilon: 0.399
2026-03-29 18:06:18 | INFO | Episode  244 - Reward: 55.000, Length: 55, Loss: 0.9075, Entropy: 0.6928, Epsilon: 0.396
2026-03-29 18:06:18 | INFO | Episode  245 - Reward: 42.000, Length: 42, Loss: 0.8892, Entropy: 0.6928, Epsilon: 0.394
2026-03-29 18:06:19 | INFO | Episode  246 - Reward: 32.000, Length: 32, Loss: 0.8984, Entropy: 0.6928, Epsilon: 0.391
2026-03-29 18:06:19 | INFO | Episode  247 - Reward: 22.000, Length: 22, Loss: 0.8840, Entropy: 0.6928, Epsilon: 0.389
2026-03-29 18:06:19 | INFO | Episode  248 - Reward: 66.000, Length: 66, Loss: 0.8820, Entropy: 0.6928, Epsilon: 0.386
2026-03-29 18:06:20 | INFO | Episode  249 - Reward: 15.000, Length: 15, Loss: 0.8700, Entropy: 0.6928, Epsilon: 0.384
2026-03-29 18:06:20 | INFO | Episode  250 - Reward: 43.000, Length: 43, Loss: 0.8605, Entropy: 0.6928, Epsilon: 0.381
2026-03-29 18:06:23 | INFO | [Episode  250] eps=0.381  avg_reward=  41.760  avg_length= 41.76  avg_loss=  0.8772  avg_entropy=0.6928  eval_success=0.000
2026-03-29 18:06:23 | INFO | Episode  251 - Reward: 27.000, Length: 27, Loss: 0.8566, Entropy: 0.6928, Epsilon: 0.379
2026-03-29 18:06:23 | INFO | Episode  252 - Reward: 41.000, Length: 41, Loss: 0.8533, Entropy: 0.6928, Epsilon: 0.376
2026-03-29 18:06:24 | INFO | Episode  253 - Reward: 33.000, Length: 33, Loss: 0.8399, Entropy: 0.6928, Epsilon: 0.374
2026-03-29 18:06:24 | INFO | Episode  254 - Reward: 78.000, Length: 78, Loss: 0.8363, Entropy: 0.6928, Epsilon: 0.371
2026-03-29 18:06:25 | INFO | Episode  255 - Reward: 59.000, Length: 59, Loss: 0.8307, Entropy: 0.6928, Epsilon: 0.369
2026-03-29 18:06:25 | INFO | Episode  256 - Reward: 30.000, Length: 30, Loss: 0.8863, Entropy: 0.6928, Epsilon: 0.366
2026-03-29 18:06:25 | INFO | Episode  257 - Reward: 37.000, Length: 37, Loss: 0.8978, Entropy: 0.6928, Epsilon: 0.364
2026-03-29 18:06:26 | INFO | Episode  258 - Reward: 23.000, Length: 23, Loss: 0.8804, Entropy: 0.6928, Epsilon: 0.361
2026-03-29 18:06:26 | INFO | Episode  259 - Reward: 39.000, Length: 39, Loss: 0.8795, Entropy: 0.6928, Epsilon: 0.359
2026-03-29 18:06:27 | INFO | Episode  260 - Reward: 55.000, Length: 55, Loss: 0.8773, Entropy: 0.6928, Epsilon: 0.357
2026-03-29 18:06:27 | INFO | Episode  261 - Reward: 33.000, Length: 33, Loss: 0.8693, Entropy: 0.6928, Epsilon: 0.354
2026-03-29 18:06:28 | INFO | Episode  262 - Reward: 47.000, Length: 47, Loss: 0.8516, Entropy: 0.6928, Epsilon: 0.352
2026-03-29 18:06:28 | INFO | Episode  263 - Reward: 41.000, Length: 41, Loss: 0.8507, Entropy: 0.6928, Epsilon: 0.349
2026-03-29 18:06:29 | INFO | Episode  264 - Reward: 36.000, Length: 36, Loss: 0.8514, Entropy: 0.6928, Epsilon: 0.347
2026-03-29 18:06:29 | INFO | Episode  265 - Reward: 32.000, Length: 32, Loss: 0.8422, Entropy: 0.6928, Epsilon: 0.344
2026-03-29 18:06:29 | INFO | Episode  266 - Reward: 36.000, Length: 36, Loss: 0.8302, Entropy: 0.6928, Epsilon: 0.342
2026-03-29 18:06:30 | INFO | Episode  267 - Reward: 25.000, Length: 25, Loss: 0.8232, Entropy: 0.6928, Epsilon: 0.339
2026-03-29 18:06:30 | INFO | Episode  268 - Reward: 38.000, Length: 38, Loss: 0.8211, Entropy: 0.6928, Epsilon: 0.337
2026-03-29 18:06:31 | INFO | Episode  269 - Reward: 38.000, Length: 38, Loss: 0.8953, Entropy: 0.6928, Epsilon: 0.334
2026-03-29 18:06:31 | INFO | Episode  270 - Reward: 31.000, Length: 31, Loss: 0.8795, Entropy: 0.6928, Epsilon: 0.332
2026-03-29 18:06:32 | INFO | Episode  271 - Reward: 31.000, Length: 31, Loss: 0.8838, Entropy: 0.6928, Epsilon: 0.329
2026-03-29 18:06:32 | INFO | Episode  272 - Reward: 35.000, Length: 35, Loss: 0.8787, Entropy: 0.6928, Epsilon: 0.327
2026-03-29 18:06:33 | INFO | Episode  273 - Reward: 46.000, Length: 46, Loss: 0.8685, Entropy: 0.6928, Epsilon: 0.324
2026-03-29 18:06:33 | INFO | Episode  274 - Reward: 29.000, Length: 29, Loss: 0.8548, Entropy: 0.6928, Epsilon: 0.322
2026-03-29 18:06:33 | INFO | Episode  275 - Reward: 43.000, Length: 43, Loss: 0.8538, Entropy: 0.6928, Epsilon: 0.319
2026-03-29 18:06:34 | INFO | Episode  276 - Reward: 31.000, Length: 31, Loss: 0.8444, Entropy: 0.6928, Epsilon: 0.317
2026-03-29 18:06:34 | INFO | Episode  277 - Reward: 53.000, Length: 53, Loss: 0.8387, Entropy: 0.6928, Epsilon: 0.314
2026-03-29 18:06:35 | INFO | Episode  278 - Reward: 49.000, Length: 49, Loss: 0.8384, Entropy: 0.6928, Epsilon: 0.312
2026-03-29 18:06:35 | INFO | Episode  279 - Reward: 39.000, Length: 39, Loss: 0.8311, Entropy: 0.6928, Epsilon: 0.309
2026-03-29 18:06:36 | INFO | Episode  280 - Reward: 26.000, Length: 26, Loss: 0.8102, Entropy: 0.6928, Epsilon: 0.307
2026-03-29 18:06:36 | INFO | Episode  281 - Reward: 24.000, Length: 24, Loss: 0.8108, Entropy: 0.6928, Epsilon: 0.305
2026-03-29 18:06:37 | INFO | Episode  282 - Reward: 38.000, Length: 38, Loss: 0.7962, Entropy: 0.6927, Epsilon: 0.302
2026-03-29 18:06:37 | INFO | Episode  283 - Reward: 48.000, Length: 48, Loss: 0.8870, Entropy: 0.6928, Epsilon: 0.300
2026-03-29 18:06:37 | INFO | Episode  284 - Reward: 20.000, Length: 20, Loss: 0.8837, Entropy: 0.6928, Epsilon: 0.297
2026-03-29 18:06:38 | INFO | Episode  285 - Reward: 12.000, Length: 12, Loss: 0.8747, Entropy: 0.6928, Epsilon: 0.295
2026-03-29 18:06:39 | INFO | Episode  286 - Reward: 32.000, Length: 32, Loss: 0.8632, Entropy: 0.6928, Epsilon: 0.292
2026-03-29 18:06:39 | INFO | Episode  287 - Reward: 27.000, Length: 27, Loss: 0.8496, Entropy: 0.6928, Epsilon: 0.290
2026-03-29 18:06:40 | INFO | Episode  288 - Reward: 32.000, Length: 32, Loss: 0.8412, Entropy: 0.6927, Epsilon: 0.287
2026-03-29 18:06:40 | INFO | Episode  289 - Reward: 27.000, Length: 27, Loss: 0.8363, Entropy: 0.6928, Epsilon: 0.285
2026-03-29 18:06:41 | INFO | Episode  290 - Reward: 38.000, Length: 38, Loss: 0.8345, Entropy: 0.6928, Epsilon: 0.282
2026-03-29 18:06:41 | INFO | Episode  291 - Reward: 44.000, Length: 44, Loss: 0.8323, Entropy: 0.6928, Epsilon: 0.280
2026-03-29 18:06:41 | INFO | Episode  292 - Reward: 33.000, Length: 33, Loss: 0.8241, Entropy: 0.6928, Epsilon: 0.277
2026-03-29 18:06:42 | INFO | Episode  293 - Reward: 44.000, Length: 44, Loss: 0.8072, Entropy: 0.6928, Epsilon: 0.275
2026-03-29 18:06:42 | INFO | Episode  294 - Reward: 38.000, Length: 38, Loss: 0.7954, Entropy: 0.6928, Epsilon: 0.272
2026-03-29 18:06:43 | INFO | Episode  295 - Reward: 40.000, Length: 40, Loss: 0.7946, Entropy: 0.6928, Epsilon: 0.270
2026-03-29 18:06:44 | INFO | Episode  296 - Reward: 35.000, Length: 35, Loss: 0.7952, Entropy: 0.6928, Epsilon: 0.267
2026-03-29 18:06:44 | INFO | Episode  297 - Reward: 37.000, Length: 37, Loss: 0.7832, Entropy: 0.6928, Epsilon: 0.265
2026-03-29 18:06:44 | INFO | Episode  298 - Reward: 34.000, Length: 34, Loss: 0.8805, Entropy: 0.6928, Epsilon: 0.262
2026-03-29 18:06:45 | INFO | Episode  299 - Reward: 58.000, Length: 58, Loss: 0.8781, Entropy: 0.6928, Epsilon: 0.260
2026-03-29 18:06:45 | INFO | Episode  300 - Reward: 38.000, Length: 38, Loss: 0.8623, Entropy: 0.6928, Epsilon: 0.258
2026-03-29 18:06:47 | INFO | [Episode  300] eps=0.258  avg_reward=  37.200  avg_length= 37.20  avg_loss=  0.8477  avg_entropy=0.6928  eval_success=0.000
2026-03-29 18:06:47 | INFO | Episode  301 - Reward: 50.000, Length: 50, Loss: 0.8620, Entropy: 0.6928, Epsilon: 0.255
2026-03-29 18:06:48 | INFO | Episode  302 - Reward: 49.000, Length: 49, Loss: 0.8545, Entropy: 0.6928, Epsilon: 0.253
2026-03-29 18:06:48 | INFO | Episode  303 - Reward: 54.000, Length: 54, Loss: 0.8408, Entropy: 0.6928, Epsilon: 0.250
2026-03-29 18:06:49 | INFO | Episode  304 - Reward: 36.000, Length: 36, Loss: 0.8263, Entropy: 0.6928, Epsilon: 0.248
2026-03-29 18:06:49 | INFO | Episode  305 - Reward: 27.000, Length: 27, Loss: 0.8299, Entropy: 0.6928, Epsilon: 0.245
2026-03-29 18:06:50 | INFO | Episode  306 - Reward: 26.000, Length: 26, Loss: 0.8247, Entropy: 0.6928, Epsilon: 0.243
2026-03-29 18:06:50 | INFO | Episode  307 - Reward: 34.000, Length: 34, Loss: 0.8128, Entropy: 0.6928, Epsilon: 0.240
2026-03-29 18:06:51 | INFO | Episode  308 - Reward: 39.000, Length: 39, Loss: 0.8065, Entropy: 0.6927, Epsilon: 0.238
2026-03-29 18:06:51 | INFO | Episode  309 - Reward: 28.000, Length: 28, Loss: 0.7914, Entropy: 0.6928, Epsilon: 0.235
2026-03-29 18:06:51 | INFO | Episode  310 - Reward: 32.000, Length: 32, Loss: 0.8738, Entropy: 0.6928, Epsilon: 0.233
2026-03-29 18:06:52 | INFO | Episode  311 - Reward: 40.000, Length: 40, Loss: 0.8710, Entropy: 0.6928, Epsilon: 0.230
2026-03-29 18:06:52 | INFO | Episode  312 - Reward: 34.000, Length: 34, Loss: 0.8596, Entropy: 0.6928, Epsilon: 0.228
2026-03-29 18:06:53 | INFO | Episode  313 - Reward: 34.000, Length: 34, Loss: 0.8516, Entropy: 0.6927, Epsilon: 0.225
2026-03-29 18:06:53 | INFO | Episode  314 - Reward: 34.000, Length: 34, Loss: 0.8485, Entropy: 0.6928, Epsilon: 0.223
2026-03-29 18:06:54 | INFO | Episode  315 - Reward: 49.000, Length: 49, Loss: 0.8415, Entropy: 0.6928, Epsilon: 0.220
2026-03-29 18:06:54 | INFO | Episode  316 - Reward: 38.000, Length: 38, Loss: 0.8302, Entropy: 0.6928, Epsilon: 0.218
2026-03-29 18:06:54 | INFO | Episode  317 - Reward: 31.000, Length: 31, Loss: 0.8135, Entropy: 0.6928, Epsilon: 0.215
2026-03-29 18:06:55 | INFO | Episode  318 - Reward: 40.000, Length: 40, Loss: 0.8223, Entropy: 0.6928, Epsilon: 0.213
2026-03-29 18:06:55 | INFO | Episode  319 - Reward: 42.000, Length: 42, Loss: 0.7916, Entropy: 0.6928, Epsilon: 0.210
2026-03-29 18:06:56 | INFO | Episode  320 - Reward: 53.000, Length: 53, Loss: 0.8001, Entropy: 0.6928, Epsilon: 0.208
2026-03-29 18:06:56 | INFO | Episode  321 - Reward: 30.000, Length: 30, Loss: 0.7901, Entropy: 0.6927, Epsilon: 0.206
2026-03-29 18:06:57 | INFO | Episode  322 - Reward: 37.000, Length: 37, Loss: 0.7802, Entropy: 0.6927, Epsilon: 0.203
2026-03-29 18:06:57 | INFO | Episode  323 - Reward: 29.000, Length: 29, Loss: 0.7724, Entropy: 0.6928, Epsilon: 0.201
2026-03-29 18:06:58 | INFO | Episode  324 - Reward: 37.000, Length: 37, Loss: 0.8671, Entropy: 0.6927, Epsilon: 0.198
2026-03-29 18:06:58 | INFO | Episode  325 - Reward: 32.000, Length: 32, Loss: 0.8638, Entropy: 0.6927, Epsilon: 0.196
2026-03-29 18:06:58 | INFO | Episode  326 - Reward: 38.000, Length: 38, Loss: 0.8551, Entropy: 0.6928, Epsilon: 0.193
2026-03-29 18:06:59 | INFO | Episode  327 - Reward: 45.000, Length: 45, Loss: 0.8453, Entropy: 0.6928, Epsilon: 0.191
2026-03-29 18:06:59 | INFO | Episode  328 - Reward: 64.000, Length: 64, Loss: 0.8445, Entropy: 0.6928, Epsilon: 0.188
2026-03-29 18:07:00 | INFO | Episode  329 - Reward: 36.000, Length: 36, Loss: 0.8254, Entropy: 0.6927, Epsilon: 0.186
2026-03-29 18:07:00 | INFO | Episode  330 - Reward: 38.000, Length: 38, Loss: 0.8057, Entropy: 0.6928, Epsilon: 0.183
2026-03-29 18:07:01 | INFO | Episode  331 - Reward: 38.000, Length: 38, Loss: 0.8156, Entropy: 0.6927, Epsilon: 0.181
2026-03-29 18:07:01 | INFO | Episode  332 - Reward: 30.000, Length: 30, Loss: 0.8002, Entropy: 0.6927, Epsilon: 0.178
2026-03-29 18:07:02 | INFO | Episode  333 - Reward: 35.000, Length: 35, Loss: 0.7895, Entropy: 0.6927, Epsilon: 0.176
2026-03-29 18:07:02 | INFO | Episode  334 - Reward: 35.000, Length: 35, Loss: 0.7941, Entropy: 0.6928, Epsilon: 0.173
2026-03-29 18:07:02 | INFO | Episode  335 - Reward: 51.000, Length: 51, Loss: 0.7794, Entropy: 0.6928, Epsilon: 0.171
2026-03-29 18:07:03 | INFO | Episode  336 - Reward: 31.000, Length: 31, Loss: 0.8768, Entropy: 0.6927, Epsilon: 0.168
2026-03-29 18:07:03 | INFO | Episode  337 - Reward: 34.000, Length: 34, Loss: 0.8624, Entropy: 0.6927, Epsilon: 0.166
2026-03-29 18:07:04 | INFO | Episode  338 - Reward: 37.000, Length: 37, Loss: 0.8474, Entropy: 0.6927, Epsilon: 0.163
2026-03-29 18:07:04 | INFO | Episode  339 - Reward: 32.000, Length: 32, Loss: 0.8446, Entropy: 0.6927, Epsilon: 0.161
2026-03-29 18:07:05 | INFO | Episode  340 - Reward: 36.000, Length: 36, Loss: 0.8327, Entropy: 0.6928, Epsilon: 0.158
2026-03-29 18:07:05 | INFO | Episode  341 - Reward: 28.000, Length: 28, Loss: 0.8242, Entropy: 0.6927, Epsilon: 0.156
2026-03-29 18:07:06 | INFO | Episode  342 - Reward: 36.000, Length: 36, Loss: 0.8117, Entropy: 0.6928, Epsilon: 0.154
2026-03-29 18:07:06 | INFO | Episode  343 - Reward: 41.000, Length: 41, Loss: 0.8050, Entropy: 0.6927, Epsilon: 0.151
2026-03-29 18:07:07 | INFO | Episode  344 - Reward: 36.000, Length: 36, Loss: 0.7948, Entropy: 0.6927, Epsilon: 0.149
2026-03-29 18:07:07 | INFO | Episode  345 - Reward: 35.000, Length: 35, Loss: 0.7946, Entropy: 0.6927, Epsilon: 0.146
2026-03-29 18:07:07 | INFO | Episode  346 - Reward: 35.000, Length: 35, Loss: 0.7759, Entropy: 0.6927, Epsilon: 0.144
2026-03-29 18:07:08 | INFO | Episode  347 - Reward: 25.000, Length: 25, Loss: 0.7763, Entropy: 0.6927, Epsilon: 0.141
2026-03-29 18:07:08 | INFO | Episode  348 - Reward: 25.000, Length: 25, Loss: 0.7557, Entropy: 0.6927, Epsilon: 0.139
2026-03-29 18:07:09 | INFO | Episode  349 - Reward: 30.000, Length: 30, Loss: 0.7537, Entropy: 0.6927, Epsilon: 0.136
2026-03-29 18:07:09 | INFO | Episode  350 - Reward: 33.000, Length: 33, Loss: 0.7456, Entropy: 0.6927, Epsilon: 0.134
2026-03-29 18:07:11 | INFO | [Episode  350] eps=0.134  avg_reward=  36.780  avg_length= 36.78  avg_loss=  0.8196  avg_entropy=0.6927  eval_success=0.000
2026-03-29 18:07:12 | INFO | Episode  351 - Reward: 30.000, Length: 30, Loss: 0.7420, Entropy: 0.6927, Epsilon: 0.131
2026-03-29 18:07:12 | INFO | Episode  352 - Reward: 25.000, Length: 25, Loss: 0.8650, Entropy: 0.6927, Epsilon: 0.129
2026-03-29 18:07:13 | INFO | Episode  353 - Reward: 30.000, Length: 30, Loss: 0.8474, Entropy: 0.6927, Epsilon: 0.126
2026-03-29 18:07:13 | INFO | Episode  354 - Reward: 35.000, Length: 35, Loss: 0.8508, Entropy: 0.6927, Epsilon: 0.124
2026-03-29 18:07:13 | INFO | Episode  355 - Reward: 39.000, Length: 39, Loss: 0.8270, Entropy: 0.6927, Epsilon: 0.121
2026-03-29 18:07:14 | INFO | Episode  356 - Reward: 28.000, Length: 28, Loss: 0.8183, Entropy: 0.6927, Epsilon: 0.119
2026-03-29 18:07:14 | INFO | Episode  357 - Reward: 34.000, Length: 34, Loss: 0.8151, Entropy: 0.6927, Epsilon: 0.116
2026-03-29 18:07:15 | INFO | Episode  358 - Reward: 31.000, Length: 31, Loss: 0.7976, Entropy: 0.6927, Epsilon: 0.114
2026-03-29 18:07:15 | INFO | Episode  359 - Reward: 39.000, Length: 39, Loss: 0.8001, Entropy: 0.6926, Epsilon: 0.111
2026-03-29 18:07:16 | INFO | Episode  360 - Reward: 32.000, Length: 32, Loss: 0.7935, Entropy: 0.6927, Epsilon: 0.109
2026-03-29 18:07:16 | INFO | Episode  361 - Reward: 41.000, Length: 41, Loss: 0.7766, Entropy: 0.6927, Epsilon: 0.107
2026-03-29 18:07:17 | INFO | Episode  362 - Reward: 28.000, Length: 28, Loss: 0.7689, Entropy: 0.6927, Epsilon: 0.104
2026-03-29 18:07:17 | INFO | Episode  363 - Reward: 33.000, Length: 33, Loss: 0.7614, Entropy: 0.6927, Epsilon: 0.102
2026-03-29 18:07:18 | INFO | Episode  364 - Reward: 43.000, Length: 43, Loss: 0.7443, Entropy: 0.6927, Epsilon: 0.099
2026-03-29 18:07:18 | INFO | Episode  365 - Reward: 31.000, Length: 31, Loss: 0.7405, Entropy: 0.6927, Epsilon: 0.097
2026-03-29 18:07:19 | INFO | Episode  366 - Reward: 34.000, Length: 34, Loss: 0.7270, Entropy: 0.6927, Epsilon: 0.094
2026-03-29 18:07:19 | INFO | Episode  367 - Reward: 36.000, Length: 36, Loss: 0.8525, Entropy: 0.6927, Epsilon: 0.092
2026-03-29 18:07:20 | INFO | Episode  368 - Reward: 29.000, Length: 29, Loss: 0.8442, Entropy: 0.6927, Epsilon: 0.089
2026-03-29 18:07:20 | INFO | Episode  369 - Reward: 34.000, Length: 34, Loss: 0.8309, Entropy: 0.6927, Epsilon: 0.087
2026-03-29 18:07:21 | INFO | Episode  370 - Reward: 46.000, Length: 46, Loss: 0.8237, Entropy: 0.6927, Epsilon: 0.084
2026-03-29 18:07:21 | INFO | Episode  371 - Reward: 37.000, Length: 37, Loss: 0.8253, Entropy: 0.6927, Epsilon: 0.082
2026-03-29 18:07:22 | INFO | Episode  372 - Reward: 36.000, Length: 36, Loss: 0.8123, Entropy: 0.6927, Epsilon: 0.079
2026-03-29 18:07:22 | INFO | Episode  373 - Reward: 43.000, Length: 43, Loss: 0.7987, Entropy: 0.6927, Epsilon: 0.077
2026-03-29 18:07:22 | INFO | Episode  374 - Reward: 38.000, Length: 38, Loss: 0.7881, Entropy: 0.6927, Epsilon: 0.074
2026-03-29 18:07:23 | INFO | Episode  375 - Reward: 41.000, Length: 41, Loss: 0.7684, Entropy: 0.6927, Epsilon: 0.072
2026-03-29 18:07:23 | INFO | Episode  376 - Reward: 30.000, Length: 30, Loss: 0.7692, Entropy: 0.6927, Epsilon: 0.069
2026-03-29 18:07:24 | INFO | Episode  377 - Reward: 35.000, Length: 35, Loss: 0.7646, Entropy: 0.6927, Epsilon: 0.067
2026-03-29 18:07:24 | INFO | Episode  378 - Reward: 38.000, Length: 38, Loss: 0.7491, Entropy: 0.6927, Epsilon: 0.064
2026-03-29 18:07:25 | INFO | Episode  379 - Reward: 28.000, Length: 28, Loss: 0.7376, Entropy: 0.6927, Epsilon: 0.062
2026-03-29 18:07:25 | INFO | Episode  380 - Reward: 30.000, Length: 30, Loss: 0.8504, Entropy: 0.6927, Epsilon: 0.059
2026-03-29 18:07:26 | INFO | Episode  381 - Reward: 37.000, Length: 37, Loss: 0.8470, Entropy: 0.6927, Epsilon: 0.057
2026-03-29 18:07:26 | INFO | Episode  382 - Reward: 38.000, Length: 38, Loss: 0.8329, Entropy: 0.6927, Epsilon: 0.055
2026-03-29 18:07:26 | INFO | Episode  383 - Reward: 29.000, Length: 29, Loss: 0.8206, Entropy: 0.6927, Epsilon: 0.052
2026-03-29 18:07:27 | INFO | Episode  384 - Reward: 31.000, Length: 31, Loss: 0.8078, Entropy: 0.6927, Epsilon: 0.050
2026-03-29 18:07:28 | INFO | Episode  385 - Reward: 27.000, Length: 27, Loss: 0.7959, Entropy: 0.6927, Epsilon: 0.047
2026-03-29 18:07:28 | INFO | Episode  386 - Reward: 33.000, Length: 33, Loss: 0.7952, Entropy: 0.6926, Epsilon: 0.045
2026-03-29 18:07:29 | INFO | Episode  387 - Reward: 35.000, Length: 35, Loss: 0.7754, Entropy: 0.6927, Epsilon: 0.042
2026-03-29 18:07:30 | INFO | Episode  388 - Reward: 27.000, Length: 27, Loss: 0.7674, Entropy: 0.6927, Epsilon: 0.040
2026-03-29 18:07:30 | INFO | Episode  389 - Reward: 27.000, Length: 27, Loss: 0.7649, Entropy: 0.6927, Epsilon: 0.037
2026-03-29 18:07:31 | INFO | Episode  390 - Reward: 33.000, Length: 33, Loss: 0.7460, Entropy: 0.6927, Epsilon: 0.035
2026-03-29 18:07:32 | INFO | Episode  391 - Reward: 31.000, Length: 31, Loss: 0.7363, Entropy: 0.6927, Epsilon: 0.032
2026-03-29 18:07:32 | INFO | Episode  392 - Reward: 27.000, Length: 27, Loss: 0.7287, Entropy: 0.6927, Epsilon: 0.030
2026-03-29 18:07:33 | INFO | Episode  393 - Reward: 25.000, Length: 25, Loss: 0.7197, Entropy: 0.6927, Epsilon: 0.027
2026-03-29 18:07:34 | INFO | Episode  394 - Reward: 24.000, Length: 24, Loss: 0.7092, Entropy: 0.6927, Epsilon: 0.025
2026-03-29 18:07:34 | INFO | Episode  395 - Reward: 33.000, Length: 33, Loss: 0.6982, Entropy: 0.6927, Epsilon: 0.022
2026-03-29 18:07:35 | INFO | Episode  396 - Reward: 27.000, Length: 27, Loss: 0.6934, Entropy: 0.6926, Epsilon: 0.020
2026-03-29 18:07:36 | INFO | Episode  397 - Reward: 28.000, Length: 28, Loss: 0.8530, Entropy: 0.6926, Epsilon: 0.017
2026-03-29 18:07:36 | INFO | Episode  398 - Reward: 30.000, Length: 30, Loss: 0.8281, Entropy: 0.6927, Epsilon: 0.015
2026-03-29 18:07:37 | INFO | Episode  399 - Reward: 32.000, Length: 32, Loss: 0.8166, Entropy: 0.6927, Epsilon: 0.012
2026-03-29 18:07:37 | INFO | Episode  400 - Reward: 26.000, Length: 26, Loss: 0.8116, Entropy: 0.6927, Epsilon: 0.010
2026-03-29 18:07:40 | INFO | [Episode  400] eps=0.010  avg_reward=  32.680  avg_length= 32.68  avg_loss=  0.7888  avg_entropy=0.6927  eval_success=0.000
2026-03-29 18:07:41 | INFO | Episode  401 - Reward: 24.000, Length: 24, Loss: 0.8030, Entropy: 0.6927, Epsilon: 0.010
2026-03-29 18:07:41 | INFO | Episode  402 - Reward: 27.000, Length: 27, Loss: 0.7899, Entropy: 0.6926, Epsilon: 0.010
2026-03-29 18:07:42 | INFO | Episode  403 - Reward: 29.000, Length: 29, Loss: 0.7741, Entropy: 0.6927, Epsilon: 0.010
2026-03-29 18:07:43 | INFO | Episode  404 - Reward: 24.000, Length: 24, Loss: 0.7603, Entropy: 0.6927, Epsilon: 0.010
2026-03-29 18:07:44 | INFO | Episode  405 - Reward: 36.000, Length: 36, Loss: 0.7502, Entropy: 0.6927, Epsilon: 0.010
2026-03-29 18:07:44 | INFO | Episode  406 - Reward: 32.000, Length: 32, Loss: 0.7491, Entropy: 0.6927, Epsilon: 0.010
2026-03-29 18:07:45 | INFO | Episode  407 - Reward: 33.000, Length: 33, Loss: 0.7373, Entropy: 0.6927, Epsilon: 0.010
2026-03-29 18:07:45 | INFO | Episode  408 - Reward: 31.000, Length: 31, Loss: 0.7226, Entropy: 0.6926, Epsilon: 0.010
2026-03-29 18:07:46 | INFO | Episode  409 - Reward: 32.000, Length: 32, Loss: 0.7023, Entropy: 0.6927, Epsilon: 0.010
2026-03-29 18:07:47 | INFO | Episode  410 - Reward: 35.000, Length: 35, Loss: 0.6984, Entropy: 0.6926, Epsilon: 0.010
2026-03-29 18:07:47 | INFO | Episode  411 - Reward: 24.000, Length: 24, Loss: 0.6948, Entropy: 0.6926, Epsilon: 0.010
2026-03-29 18:07:48 | INFO | Episode  412 - Reward: 24.000, Length: 24, Loss: 0.6834, Entropy: 0.6926, Epsilon: 0.010
2026-03-29 18:07:48 | INFO | Episode  413 - Reward: 21.000, Length: 21, Loss: 0.6804, Entropy: 0.6926, Epsilon: 0.010
2026-03-29 18:07:49 | INFO | Episode  414 - Reward: 32.000, Length: 32, Loss: 0.8273, Entropy: 0.6926, Epsilon: 0.010
2026-03-29 18:07:50 | INFO | Episode  415 - Reward: 30.000, Length: 30, Loss: 0.8137, Entropy: 0.6926, Epsilon: 0.010
2026-03-29 18:07:50 | INFO | Episode  416 - Reward: 24.000, Length: 24, Loss: 0.8088, Entropy: 0.6926, Epsilon: 0.010
2026-03-29 18:07:51 | INFO | Episode  417 - Reward: 25.000, Length: 25, Loss: 0.8013, Entropy: 0.6926, Epsilon: 0.010
2026-03-29 18:07:52 | INFO | Episode  418 - Reward: 33.000, Length: 33, Loss: 0.7930, Entropy: 0.6926, Epsilon: 0.010
2026-03-29 18:07:52 | INFO | Episode  419 - Reward: 27.000, Length: 27, Loss: 0.7775, Entropy: 0.6926, Epsilon: 0.010
2026-03-29 18:07:53 | INFO | Episode  420 - Reward: 27.000, Length: 27, Loss: 0.7681, Entropy: 0.6926, Epsilon: 0.010
2026-03-29 18:07:54 | INFO | Episode  421 - Reward: 26.000, Length: 26, Loss: 0.7528, Entropy: 0.6926, Epsilon: 0.010
2026-03-29 18:07:54 | INFO | Episode  422 - Reward: 27.000, Length: 27, Loss: 0.7420, Entropy: 0.6926, Epsilon: 0.010
2026-03-29 18:07:55 | INFO | Episode  423 - Reward: 31.000, Length: 31, Loss: 0.7361, Entropy: 0.6926, Epsilon: 0.010
2026-03-29 18:07:56 | INFO | Episode  424 - Reward: 24.000, Length: 24, Loss: 0.7253, Entropy: 0.6926, Epsilon: 0.010
2026-03-29 18:07:56 | INFO | Episode  425 - Reward: 25.000, Length: 25, Loss: 0.7117, Entropy: 0.6926, Epsilon: 0.010
2026-03-29 18:07:57 | INFO | Episode  426 - Reward: 25.000, Length: 25, Loss: 0.6937, Entropy: 0.6926, Epsilon: 0.010
2026-03-29 18:07:57 | INFO | Episode  427 - Reward: 31.000, Length: 31, Loss: 0.6811, Entropy: 0.6926, Epsilon: 0.010
2026-03-29 18:07:58 | INFO | Episode  428 - Reward: 32.000, Length: 32, Loss: 0.6838, Entropy: 0.6926, Epsilon: 0.010
2026-03-29 18:07:59 | INFO | Episode  429 - Reward: 26.000, Length: 26, Loss: 0.6644, Entropy: 0.6926, Epsilon: 0.010
2026-03-29 18:07:59 | INFO | Episode  430 - Reward: 31.000, Length: 31, Loss: 0.6507, Entropy: 0.6926, Epsilon: 0.010
2026-03-29 18:08:00 | INFO | Episode  431 - Reward: 26.000, Length: 26, Loss: 0.6467, Entropy: 0.6926, Epsilon: 0.010
2026-03-29 18:08:01 | INFO | Episode  432 - Reward: 21.000, Length: 21, Loss: 0.8374, Entropy: 0.6926, Epsilon: 0.010
2026-03-29 18:08:01 | INFO | Episode  433 - Reward: 26.000, Length: 26, Loss: 0.8186, Entropy: 0.6926, Epsilon: 0.010
2026-03-29 18:08:02 | INFO | Episode  434 - Reward: 28.000, Length: 28, Loss: 0.8109, Entropy: 0.6926, Epsilon: 0.010
2026-03-29 18:08:03 | INFO | Episode  435 - Reward: 28.000, Length: 28, Loss: 0.7946, Entropy: 0.6925, Epsilon: 0.010
2026-03-29 18:08:04 | INFO | Episode  436 - Reward: 22.000, Length: 22, Loss: 0.7841, Entropy: 0.6926, Epsilon: 0.010
2026-03-29 18:08:04 | INFO | Episode  437 - Reward: 24.000, Length: 24, Loss: 0.7669, Entropy: 0.6926, Epsilon: 0.010
2026-03-29 18:08:05 | INFO | Episode  438 - Reward: 29.000, Length: 29, Loss: 0.7532, Entropy: 0.6926, Epsilon: 0.010
2026-03-29 18:08:06 | INFO | Episode  439 - Reward: 20.000, Length: 20, Loss: 0.7381, Entropy: 0.6925, Epsilon: 0.010
2026-03-29 18:08:06 | INFO | Episode  440 - Reward: 25.000, Length: 25, Loss: 0.7252, Entropy: 0.6926, Epsilon: 0.010
2026-03-29 18:08:07 | INFO | Episode  441 - Reward: 24.000, Length: 24, Loss: 0.7138, Entropy: 0.6925, Epsilon: 0.010
2026-03-29 18:08:08 | INFO | Episode  442 - Reward: 22.000, Length: 22, Loss: 0.7107, Entropy: 0.6925, Epsilon: 0.010
2026-03-29 18:08:08 | INFO | Episode  443 - Reward: 21.000, Length: 21, Loss: 0.6966, Entropy: 0.6926, Epsilon: 0.010
2026-03-29 18:08:09 | INFO | Episode  444 - Reward: 27.000, Length: 27, Loss: 0.6874, Entropy: 0.6925, Epsilon: 0.010
2026-03-29 18:08:10 | INFO | Episode  445 - Reward: 22.000, Length: 22, Loss: 0.6700, Entropy: 0.6926, Epsilon: 0.010
2026-03-29 18:08:10 | INFO | Episode  446 - Reward: 20.000, Length: 20, Loss: 0.6592, Entropy: 0.6925, Epsilon: 0.010
2026-03-29 18:08:11 | INFO | Episode  447 - Reward: 19.000, Length: 19, Loss: 0.6492, Entropy: 0.6925, Epsilon: 0.010
2026-03-29 18:08:11 | INFO | Episode  448 - Reward: 21.000, Length: 21, Loss: 0.6385, Entropy: 0.6925, Epsilon: 0.010
2026-03-29 18:08:12 | INFO | Episode  449 - Reward: 27.000, Length: 27, Loss: 0.6193, Entropy: 0.6926, Epsilon: 0.010
2026-03-29 18:08:12 | INFO | Episode  450 - Reward: 21.000, Length: 21, Loss: 0.6154, Entropy: 0.6926, Epsilon: 0.010
2026-03-29 18:08:14 | INFO | [Episode  450] eps=0.010  avg_reward=  26.420  avg_length= 26.42  avg_loss=  0.7303  avg_entropy=0.6926  eval_success=0.000
2026-03-29 18:08:14 | INFO | Episode  451 - Reward: 23.000, Length: 23, Loss: 0.6003, Entropy: 0.6925, Epsilon: 0.010
2026-03-29 18:08:15 | INFO | Episode  452 - Reward: 22.000, Length: 22, Loss: 0.5920, Entropy: 0.6925, Epsilon: 0.010
2026-03-29 18:08:15 | INFO | Episode  453 - Reward: 20.000, Length: 20, Loss: 0.5826, Entropy: 0.6925, Epsilon: 0.010
2026-03-29 18:08:19 | INFO | Episode  454 - Reward: 18.000, Length: 18, Loss: 0.8244, Entropy: 0.6925, Epsilon: 0.010
2026-03-29 18:08:20 | INFO | Episode  455 - Reward: 22.000, Length: 22, Loss: 0.8120, Entropy: 0.6925, Epsilon: 0.010
2026-03-29 18:08:20 | INFO | Episode  456 - Reward: 29.000, Length: 29, Loss: 0.7983, Entropy: 0.6925, Epsilon: 0.010
2026-03-29 18:08:20 | INFO | Episode  457 - Reward: 30.000, Length: 30, Loss: 0.7793, Entropy: 0.6926, Epsilon: 0.010
2026-03-29 18:08:21 | INFO | Episode  458 - Reward: 27.000, Length: 27, Loss: 0.7658, Entropy: 0.6925, Epsilon: 0.010
2026-03-29 18:08:21 | INFO | Episode  459 - Reward: 19.000, Length: 19, Loss: 0.7565, Entropy: 0.6925, Epsilon: 0.010
2026-03-29 18:08:21 | INFO | Episode  460 - Reward: 29.000, Length: 29, Loss: 0.7420, Entropy: 0.6925, Epsilon: 0.010
2026-03-29 18:08:22 | INFO | Episode  461 - Reward: 27.000, Length: 27, Loss: 0.7258, Entropy: 0.6925, Epsilon: 0.010
2026-03-29 18:08:22 | INFO | Episode  462 - Reward: 21.000, Length: 21, Loss: 0.7202, Entropy: 0.6925, Epsilon: 0.010
2026-03-29 18:08:22 | INFO | Episode  463 - Reward: 21.000, Length: 21, Loss: 0.6996, Entropy: 0.6925, Epsilon: 0.010
2026-03-29 18:08:22 | INFO | Episode  464 - Reward: 32.000, Length: 32, Loss: 0.6889, Entropy: 0.6925, Epsilon: 0.010
2026-03-29 18:08:23 | INFO | Episode  465 - Reward: 22.000, Length: 22, Loss: 0.6787, Entropy: 0.6925, Epsilon: 0.010
2026-03-29 18:08:23 | INFO | Episode  466 - Reward: 21.000, Length: 21, Loss: 0.6646, Entropy: 0.6925, Epsilon: 0.010
2026-03-29 18:08:23 | INFO | Episode  467 - Reward: 18.000, Length: 18, Loss: 0.6475, Entropy: 0.6925, Epsilon: 0.010
2026-03-29 18:08:24 | INFO | Episode  468 - Reward: 25.000, Length: 25, Loss: 0.6427, Entropy: 0.6925, Epsilon: 0.010
2026-03-29 18:08:24 | INFO | Episode  469 - Reward: 25.000, Length: 25, Loss: 0.6245, Entropy: 0.6924, Epsilon: 0.010
2026-03-29 18:08:24 | INFO | Episode  470 - Reward: 25.000, Length: 25, Loss: 0.6124, Entropy: 0.6924, Epsilon: 0.010
2026-03-29 18:08:25 | INFO | Episode  471 - Reward: 20.000, Length: 20, Loss: 0.5991, Entropy: 0.6924, Epsilon: 0.010
2026-03-29 18:08:25 | INFO | Episode  472 - Reward: 18.000, Length: 18, Loss: 0.5909, Entropy: 0.6924, Epsilon: 0.010
2026-03-29 18:08:25 | INFO | Episode  473 - Reward: 18.000, Length: 18, Loss: 0.5774, Entropy: 0.6924, Epsilon: 0.010
2026-03-29 18:08:26 | INFO | Episode  474 - Reward: 28.000, Length: 28, Loss: 0.5686, Entropy: 0.6924, Epsilon: 0.010
2026-03-29 18:08:26 | INFO | Episode  475 - Reward: 28.000, Length: 28, Loss: 0.8201, Entropy: 0.6924, Epsilon: 0.010
2026-03-29 18:08:26 | INFO | Episode  476 - Reward: 27.000, Length: 27, Loss: 0.8039, Entropy: 0.6924, Epsilon: 0.010
2026-03-29 18:08:27 | INFO | Episode  477 - Reward: 18.000, Length: 18, Loss: 0.7959, Entropy: 0.6923, Epsilon: 0.010
2026-03-29 18:08:27 | INFO | Episode  478 - Reward: 30.000, Length: 30, Loss: 0.7797, Entropy: 0.6924, Epsilon: 0.010
2026-03-29 18:08:27 | INFO | Episode  479 - Reward: 18.000, Length: 18, Loss: 0.7603, Entropy: 0.6923, Epsilon: 0.010
2026-03-29 18:08:28 | INFO | Episode  480 - Reward: 24.000, Length: 24, Loss: 0.7448, Entropy: 0.6924, Epsilon: 0.010
2026-03-29 18:08:28 | INFO | Episode  481 - Reward: 24.000, Length: 24, Loss: 0.7314, Entropy: 0.6924, Epsilon: 0.010
2026-03-29 18:08:28 | INFO | Episode  482 - Reward: 27.000, Length: 27, Loss: 0.7107, Entropy: 0.6924, Epsilon: 0.010
2026-03-29 18:08:29 | INFO | Episode  483 - Reward: 17.000, Length: 17, Loss: 0.6998, Entropy: 0.6924, Epsilon: 0.010
2026-03-29 18:08:29 | INFO | Episode  484 - Reward: 18.000, Length: 18, Loss: 0.6939, Entropy: 0.6923, Epsilon: 0.010
2026-03-29 18:08:30 | INFO | Episode  485 - Reward: 21.000, Length: 21, Loss: 0.6642, Entropy: 0.6924, Epsilon: 0.010
2026-03-29 18:08:30 | INFO | Episode  486 - Reward: 18.000, Length: 18, Loss: 0.6558, Entropy: 0.6923, Epsilon: 0.010
2026-03-29 18:08:30 | INFO | Episode  487 - Reward: 18.000, Length: 18, Loss: 0.6529, Entropy: 0.6923, Epsilon: 0.010
2026-03-29 18:08:31 | INFO | Episode  488 - Reward: 18.000, Length: 18, Loss: 0.6373, Entropy: 0.6923, Epsilon: 0.010
2026-03-29 18:08:31 | INFO | Episode  489 - Reward: 18.000, Length: 18, Loss: 0.6215, Entropy: 0.6923, Epsilon: 0.010
2026-03-29 18:08:31 | INFO | Episode  490 - Reward: 18.000, Length: 18, Loss: 0.6152, Entropy: 0.6923, Epsilon: 0.010
2026-03-29 18:08:32 | INFO | Episode  491 - Reward: 21.000, Length: 21, Loss: 0.6061, Entropy: 0.6922, Epsilon: 0.010
2026-03-29 18:08:32 | INFO | Episode  492 - Reward: 30.000, Length: 30, Loss: 0.5838, Entropy: 0.6923, Epsilon: 0.010
2026-03-29 18:08:32 | INFO | Episode  493 - Reward: 18.000, Length: 18, Loss: 0.5672, Entropy: 0.6922, Epsilon: 0.010
2026-03-29 18:08:33 | INFO | Episode  494 - Reward: 26.000, Length: 26, Loss: 0.5586, Entropy: 0.6923, Epsilon: 0.010
2026-03-29 18:08:33 | INFO | Episode  495 - Reward: 24.000, Length: 24, Loss: 0.5399, Entropy: 0.6923, Epsilon: 0.010
2026-03-29 18:08:34 | INFO | Episode  496 - Reward: 21.000, Length: 21, Loss: 0.5516, Entropy: 0.6923, Epsilon: 0.010
2026-03-29 18:08:34 | INFO | Episode  497 - Reward: 28.000, Length: 28, Loss: 0.5219, Entropy: 0.6923, Epsilon: 0.010
2026-03-29 18:08:34 | INFO | Episode  498 - Reward: 24.000, Length: 24, Loss: 0.8245, Entropy: 0.6922, Epsilon: 0.010
2026-03-29 18:08:35 | INFO | Episode  499 - Reward: 18.000, Length: 18, Loss: 0.8008, Entropy: 0.6923, Epsilon: 0.010
2026-03-29 18:08:35 | INFO | Episode  500 - Reward: 17.000, Length: 17, Loss: 0.7954, Entropy: 0.6921, Epsilon: 0.010
2026-03-29 18:08:36 | INFO | [Episode  500] eps=0.010  avg_reward=  22.580  avg_length= 22.58  avg_loss=  0.6806  avg_entropy=0.6921  eval_success=0.000
2026-03-29 18:08:36 | INFO | DQN+Entropy training: 4m 40.57s
2026-03-29 18:08:39 | INFO | [Final Eval] success=0.000, mean_reward=20.950
