2026-03-29 21:04:40 | INFO | ============================================================
2026-03-29 21:04:40 | INFO | DEVICE / COMPUTE INFORMATION
2026-03-29 21:04:40 | INFO |   JAX backend       : CPU
2026-03-29 21:04:40 | INFO |   Platform          : cpu
2026-03-29 21:04:40 | INFO |   Num devices       : 1
2026-03-29 21:04:40 | INFO |   Device            : TFRT_CPU_0
2026-03-29 21:04:40 | INFO | ============================================================
2026-03-29 21:04:40 | INFO | DQN+Entropy | seed=2, lr=0.001, gamma=0.99, alpha=0.01
2026-03-29 21:04:40 | INFO | Env: mountaincar/dense, obs_dim=2, num_actions=3
2026-03-29 21:04:41 | INFO | Episode    1 - Reward: -200.000, Length: 200, Loss: 0.0000, Entropy: 0.0000, Epsilon: 0.998
2026-03-29 21:04:43 | INFO | Episode    2 - Reward: -200.000, Length: 200, Loss: 0.9386, Entropy: 1.0985, Epsilon: 0.995
2026-03-29 21:04:43 | INFO | Episode    3 - Reward: -200.000, Length: 200, Loss: 0.9308, Entropy: 1.0985, Epsilon: 0.993
2026-03-29 21:04:44 | INFO | Episode    4 - Reward: -200.000, Length: 200, Loss: 0.9401, Entropy: 1.0985, Epsilon: 0.990
2026-03-29 21:04:44 | INFO | Episode    5 - Reward: -200.000, Length: 200, Loss: 0.9330, Entropy: 1.0985, Epsilon: 0.988
2026-03-29 21:04:45 | INFO | Episode    6 - Reward: -200.000, Length: 200, Loss: 0.9408, Entropy: 1.0985, Epsilon: 0.985
2026-03-29 21:04:45 | INFO | Episode    7 - Reward: -200.000, Length: 200, Loss: 0.9352, Entropy: 1.0985, Epsilon: 0.983
2026-03-29 21:04:46 | INFO | Episode    8 - Reward: -200.000, Length: 200, Loss: 0.9260, Entropy: 1.0985, Epsilon: 0.980
2026-03-29 21:04:46 | INFO | Episode    9 - Reward: -200.000, Length: 200, Loss: 0.9454, Entropy: 1.0985, Epsilon: 0.978
2026-03-29 21:04:46 | INFO | Episode   10 - Reward: -200.000, Length: 200, Loss: 0.9387, Entropy: 1.0985, Epsilon: 0.975
2026-03-29 21:04:47 | INFO | Episode   11 - Reward: -200.000, Length: 200, Loss: 0.9474, Entropy: 1.0985, Epsilon: 0.973
2026-03-29 21:04:47 | INFO | Episode   12 - Reward: -200.000, Length: 200, Loss: 0.9394, Entropy: 1.0985, Epsilon: 0.970
2026-03-29 21:04:48 | INFO | Episode   13 - Reward: -200.000, Length: 200, Loss: 0.9329, Entropy: 1.0985, Epsilon: 0.968
2026-03-29 21:04:48 | INFO | Episode   14 - Reward: -200.000, Length: 200, Loss: 0.9503, Entropy: 1.0985, Epsilon: 0.965
2026-03-29 21:04:49 | INFO | Episode   15 - Reward: -200.000, Length: 200, Loss: 0.9424, Entropy: 1.0985, Epsilon: 0.963
2026-03-29 21:04:50 | INFO | Episode   16 - Reward: -200.000, Length: 200, Loss: 0.9526, Entropy: 1.0985, Epsilon: 0.960
2026-03-29 21:04:50 | INFO | Episode   17 - Reward: -200.000, Length: 200, Loss: 0.9448, Entropy: 1.0985, Epsilon: 0.958
2026-03-29 21:04:51 | INFO | Episode   18 - Reward: -200.000, Length: 200, Loss: 0.9386, Entropy: 1.0985, Epsilon: 0.955
2026-03-29 21:04:51 | INFO | Episode   19 - Reward: -200.000, Length: 200, Loss: 0.9565, Entropy: 1.0985, Epsilon: 0.953
2026-03-29 21:04:51 | INFO | Episode   20 - Reward: -200.000, Length: 200, Loss: 0.9487, Entropy: 1.0986, Epsilon: 0.951
2026-03-29 21:04:52 | INFO | Episode   21 - Reward: -200.000, Length: 200, Loss: 0.9594, Entropy: 1.0986, Epsilon: 0.948
2026-03-29 21:04:52 | INFO | Episode   22 - Reward: -200.000, Length: 200, Loss: 0.9512, Entropy: 1.0986, Epsilon: 0.946
2026-03-29 21:04:53 | INFO | Episode   23 - Reward: -200.000, Length: 200, Loss: 0.9431, Entropy: 1.0986, Epsilon: 0.943
2026-03-29 21:04:53 | INFO | Episode   24 - Reward: -200.000, Length: 200, Loss: 0.9613, Entropy: 1.0986, Epsilon: 0.941
2026-03-29 21:04:54 | INFO | Episode   25 - Reward: -200.000, Length: 200, Loss: 0.9553, Entropy: 1.0986, Epsilon: 0.938
2026-03-29 21:04:54 | INFO | Episode   26 - Reward: -200.000, Length: 200, Loss: 0.9632, Entropy: 1.0986, Epsilon: 0.936
2026-03-29 21:04:55 | INFO | Episode   27 - Reward: -200.000, Length: 200, Loss: 0.9569, Entropy: 1.0986, Epsilon: 0.933
2026-03-29 21:04:55 | INFO | Episode   28 - Reward: -200.000, Length: 200, Loss: 0.9482, Entropy: 1.0986, Epsilon: 0.931
2026-03-29 21:04:56 | INFO | Episode   29 - Reward: -200.000, Length: 200, Loss: 0.9657, Entropy: 1.0986, Epsilon: 0.928
2026-03-29 21:04:56 | INFO | Episode   30 - Reward: -200.000, Length: 200, Loss: 0.9581, Entropy: 1.0986, Epsilon: 0.926
2026-03-29 21:04:57 | INFO | Episode   31 - Reward: -200.000, Length: 200, Loss: 0.9674, Entropy: 1.0986, Epsilon: 0.923
2026-03-29 21:04:57 | INFO | Episode   32 - Reward: -200.000, Length: 200, Loss: 0.9595, Entropy: 1.0986, Epsilon: 0.921
2026-03-29 21:04:58 | INFO | Episode   33 - Reward: -200.000, Length: 200, Loss: 0.9523, Entropy: 1.0986, Epsilon: 0.918
2026-03-29 21:04:58 | INFO | Episode   34 - Reward: -200.000, Length: 200, Loss: 0.9684, Entropy: 1.0986, Epsilon: 0.916
2026-03-29 21:04:58 | INFO | Episode   35 - Reward: -200.000, Length: 200, Loss: 0.9601, Entropy: 1.0986, Epsilon: 0.913
2026-03-29 21:05:00 | INFO | Episode   36 - Reward: -200.000, Length: 200, Loss: 0.9691, Entropy: 1.0986, Epsilon: 0.911
2026-03-29 21:05:00 | INFO | Episode   37 - Reward: -200.000, Length: 200, Loss: 0.9614, Entropy: 1.0986, Epsilon: 0.908
2026-03-29 21:05:00 | INFO | Episode   38 - Reward: -200.000, Length: 200, Loss: 0.9546, Entropy: 1.0986, Epsilon: 0.906
2026-03-29 21:05:01 | INFO | Episode   39 - Reward: -200.000, Length: 200, Loss: 0.9693, Entropy: 1.0986, Epsilon: 0.903
2026-03-29 21:05:02 | INFO | Episode   40 - Reward: -200.000, Length: 200, Loss: 0.9615, Entropy: 1.0986, Epsilon: 0.901
2026-03-29 21:05:02 | INFO | Episode   41 - Reward: -200.000, Length: 200, Loss: 0.9701, Entropy: 1.0986, Epsilon: 0.899
2026-03-29 21:05:03 | INFO | Episode   42 - Reward: -200.000, Length: 200, Loss: 0.9621, Entropy: 1.0986, Epsilon: 0.896
2026-03-29 21:05:03 | INFO | Episode   43 - Reward: -200.000, Length: 200, Loss: 0.9536, Entropy: 1.0986, Epsilon: 0.894
2026-03-29 21:05:03 | INFO | Episode   44 - Reward: -200.000, Length: 200, Loss: 0.9706, Entropy: 1.0986, Epsilon: 0.891
2026-03-29 21:05:04 | INFO | Episode   45 - Reward: -200.000, Length: 200, Loss: 0.9612, Entropy: 1.0986, Epsilon: 0.889
2026-03-29 21:05:04 | INFO | Episode   46 - Reward: -200.000, Length: 200, Loss: 0.9706, Entropy: 1.0986, Epsilon: 0.886
2026-03-29 21:05:05 | INFO | Episode   47 - Reward: -200.000, Length: 200, Loss: 0.9595, Entropy: 1.0986, Epsilon: 0.884
2026-03-29 21:05:05 | INFO | Episode   48 - Reward: -200.000, Length: 200, Loss: 0.9530, Entropy: 1.0986, Epsilon: 0.881
2026-03-29 21:05:06 | INFO | Episode   49 - Reward: -200.000, Length: 200, Loss: 0.9701, Entropy: 1.0986, Epsilon: 0.879
2026-03-29 21:05:06 | INFO | Episode   50 - Reward: -200.000, Length: 200, Loss: 0.9619, Entropy: 1.0986, Epsilon: 0.876
2026-03-29 21:05:13 | INFO | [Episode   50] eps=0.876  avg_reward=-200.000  avg_length=200.00  avg_loss=  0.9340  avg_entropy=1.0986  eval_success=0.000
2026-03-29 21:05:13 | INFO | Episode   51 - Reward: -200.000, Length: 200, Loss: 0.9680, Entropy: 1.0986, Epsilon: 0.874
2026-03-29 21:05:13 | INFO | Episode   52 - Reward: -200.000, Length: 200, Loss: 0.9604, Entropy: 1.0986, Epsilon: 0.871
2026-03-29 21:05:14 | INFO | Episode   53 - Reward: -200.000, Length: 200, Loss: 0.9529, Entropy: 1.0986, Epsilon: 0.869
2026-03-29 21:05:14 | INFO | Episode   54 - Reward: -200.000, Length: 200, Loss: 0.9667, Entropy: 1.0986, Epsilon: 0.866
2026-03-29 21:05:15 | INFO | Episode   55 - Reward: -200.000, Length: 200, Loss: 0.9612, Entropy: 1.0986, Epsilon: 0.864
2026-03-29 21:05:15 | INFO | Episode   56 - Reward: -200.000, Length: 200, Loss: 0.9700, Entropy: 1.0986, Epsilon: 0.861
2026-03-29 21:05:16 | INFO | Episode   57 - Reward: -200.000, Length: 200, Loss: 0.9615, Entropy: 1.0986, Epsilon: 0.859
2026-03-29 21:05:16 | INFO | Episode   58 - Reward: -200.000, Length: 200, Loss: 0.9540, Entropy: 1.0986, Epsilon: 0.856
2026-03-29 21:05:17 | INFO | Episode   59 - Reward: -200.000, Length: 200, Loss: 0.9691, Entropy: 1.0986, Epsilon: 0.854
2026-03-29 21:05:18 | INFO | Episode   60 - Reward: -200.000, Length: 200, Loss: 0.9625, Entropy: 1.0986, Epsilon: 0.852
2026-03-29 21:05:18 | INFO | Episode   61 - Reward: -200.000, Length: 200, Loss: 0.9713, Entropy: 1.0986, Epsilon: 0.849
2026-03-29 21:05:19 | INFO | Episode   62 - Reward: -200.000, Length: 200, Loss: 0.9626, Entropy: 1.0986, Epsilon: 0.847
2026-03-29 21:05:20 | INFO | Episode   63 - Reward: -200.000, Length: 200, Loss: 0.9559, Entropy: 1.0986, Epsilon: 0.844
2026-03-29 21:05:20 | INFO | Episode   64 - Reward: -200.000, Length: 200, Loss: 0.9716, Entropy: 1.0986, Epsilon: 0.842
2026-03-29 21:05:21 | INFO | Episode   65 - Reward: -200.000, Length: 200, Loss: 0.9597, Entropy: 1.0986, Epsilon: 0.839
2026-03-29 21:05:22 | INFO | Episode   66 - Reward: -200.000, Length: 200, Loss: 0.9714, Entropy: 1.0986, Epsilon: 0.837
2026-03-29 21:05:23 | INFO | Episode   67 - Reward: -200.000, Length: 200, Loss: 0.9640, Entropy: 1.0986, Epsilon: 0.834
2026-03-29 21:05:23 | INFO | Episode   68 - Reward: -200.000, Length: 200, Loss: 0.9569, Entropy: 1.0986, Epsilon: 0.832
2026-03-29 21:05:24 | INFO | Episode   69 - Reward: -200.000, Length: 200, Loss: 0.9723, Entropy: 1.0986, Epsilon: 0.829
2026-03-29 21:05:25 | INFO | Episode   70 - Reward: -200.000, Length: 200, Loss: 0.9641, Entropy: 1.0986, Epsilon: 0.827
2026-03-29 21:05:26 | INFO | Episode   71 - Reward: -200.000, Length: 200, Loss: 0.9735, Entropy: 1.0986, Epsilon: 0.824
2026-03-29 21:05:26 | INFO | Episode   72 - Reward: -200.000, Length: 200, Loss: 0.9669, Entropy: 1.0986, Epsilon: 0.822
2026-03-29 21:05:27 | INFO | Episode   73 - Reward: -200.000, Length: 200, Loss: 0.9563, Entropy: 1.0986, Epsilon: 0.819
2026-03-29 21:05:28 | INFO | Episode   74 - Reward: -200.000, Length: 200, Loss: 0.9750, Entropy: 1.0986, Epsilon: 0.817
2026-03-29 21:05:28 | INFO | Episode   75 - Reward: -200.000, Length: 200, Loss: 0.9649, Entropy: 1.0986, Epsilon: 0.814
2026-03-29 21:05:29 | INFO | Episode   76 - Reward: -200.000, Length: 200, Loss: 0.9756, Entropy: 1.0986, Epsilon: 0.812
2026-03-29 21:05:30 | INFO | Episode   77 - Reward: -200.000, Length: 200, Loss: 0.9672, Entropy: 1.0986, Epsilon: 0.809
2026-03-29 21:05:30 | INFO | Episode   78 - Reward: -200.000, Length: 200, Loss: 0.9577, Entropy: 1.0986, Epsilon: 0.807
2026-03-29 21:05:31 | INFO | Episode   79 - Reward: -200.000, Length: 200, Loss: 0.9739, Entropy: 1.0986, Epsilon: 0.804
2026-03-29 21:05:31 | INFO | Episode   80 - Reward: -200.000, Length: 200, Loss: 0.9648, Entropy: 1.0986, Epsilon: 0.802
2026-03-29 21:05:33 | INFO | Episode   81 - Reward: -200.000, Length: 200, Loss: 0.9735, Entropy: 1.0986, Epsilon: 0.800
2026-03-29 21:05:33 | INFO | Episode   82 - Reward: -200.000, Length: 200, Loss: 0.9626, Entropy: 1.0986, Epsilon: 0.797
2026-03-29 21:05:34 | INFO | Episode   83 - Reward: -200.000, Length: 200, Loss: 0.9559, Entropy: 1.0986, Epsilon: 0.795
2026-03-29 21:05:35 | INFO | Episode   84 - Reward: -200.000, Length: 200, Loss: 0.9707, Entropy: 1.0986, Epsilon: 0.792
2026-03-29 21:05:35 | INFO | Episode   85 - Reward: -200.000, Length: 200, Loss: 0.9631, Entropy: 1.0986, Epsilon: 0.790
2026-03-29 21:05:36 | INFO | Episode   86 - Reward: -200.000, Length: 200, Loss: 0.9708, Entropy: 1.0986, Epsilon: 0.787
2026-03-29 21:05:37 | INFO | Episode   87 - Reward: -200.000, Length: 200, Loss: 0.9607, Entropy: 1.0986, Epsilon: 0.785
2026-03-29 21:05:37 | INFO | Episode   88 - Reward: -200.000, Length: 200, Loss: 0.9520, Entropy: 1.0986, Epsilon: 0.782
2026-03-29 21:05:38 | INFO | Episode   89 - Reward: -200.000, Length: 200, Loss: 0.9692, Entropy: 1.0986, Epsilon: 0.780
2026-03-29 21:05:39 | INFO | Episode   90 - Reward: -200.000, Length: 200, Loss: 0.9579, Entropy: 1.0986, Epsilon: 0.777
2026-03-29 21:05:39 | INFO | Episode   91 - Reward: -200.000, Length: 200, Loss: 0.9685, Entropy: 1.0986, Epsilon: 0.775
2026-03-29 21:05:40 | INFO | Episode   92 - Reward: -200.000, Length: 200, Loss: 0.9581, Entropy: 1.0986, Epsilon: 0.772
2026-03-29 21:05:41 | INFO | Episode   93 - Reward: -200.000, Length: 200, Loss: 0.9496, Entropy: 1.0986, Epsilon: 0.770
2026-03-29 21:05:41 | INFO | Episode   94 - Reward: -200.000, Length: 200, Loss: 0.9672, Entropy: 1.0986, Epsilon: 0.767
2026-03-29 21:05:42 | INFO | Episode   95 - Reward: -200.000, Length: 200, Loss: 0.9587, Entropy: 1.0986, Epsilon: 0.765
2026-03-29 21:05:43 | INFO | Episode   96 - Reward: -200.000, Length: 200, Loss: 0.9689, Entropy: 1.0986, Epsilon: 0.762
2026-03-29 21:05:43 | INFO | Episode   97 - Reward: -200.000, Length: 200, Loss: 0.9559, Entropy: 1.0986, Epsilon: 0.760
2026-03-29 21:05:44 | INFO | Episode   98 - Reward: -200.000, Length: 200, Loss: 0.9503, Entropy: 1.0986, Epsilon: 0.757
2026-03-29 21:05:45 | INFO | Episode   99 - Reward: -200.000, Length: 200, Loss: 0.9661, Entropy: 1.0986, Epsilon: 0.755
2026-03-29 21:05:46 | INFO | Episode  100 - Reward: -200.000, Length: 200, Loss: 0.9564, Entropy: 1.0986, Epsilon: 0.752
2026-03-29 21:05:54 | INFO | [Episode  100] eps=0.752  avg_reward=-200.000  avg_length=200.00  avg_loss=  0.9638  avg_entropy=1.0986  eval_success=0.000
2026-03-29 21:05:54 | INFO | Episode  101 - Reward: -200.000, Length: 200, Loss: 0.9644, Entropy: 1.0986, Epsilon: 0.750
2026-03-29 21:05:55 | INFO | Episode  102 - Reward: -200.000, Length: 200, Loss: 0.9562, Entropy: 1.0986, Epsilon: 0.748
2026-03-29 21:05:56 | INFO | Episode  103 - Reward: -200.000, Length: 200, Loss: 0.9481, Entropy: 1.0986, Epsilon: 0.745
2026-03-29 21:05:56 | INFO | Episode  104 - Reward: -200.000, Length: 200, Loss: 0.9644, Entropy: 1.0986, Epsilon: 0.743
2026-03-29 21:05:57 | INFO | Episode  105 - Reward: -200.000, Length: 200, Loss: 0.9555, Entropy: 1.0986, Epsilon: 0.740
2026-03-29 21:05:58 | INFO | Episode  106 - Reward: -200.000, Length: 200, Loss: 0.9618, Entropy: 1.0986, Epsilon: 0.738
2026-03-29 21:05:58 | INFO | Episode  107 - Reward: -200.000, Length: 200, Loss: 0.9530, Entropy: 1.0986, Epsilon: 0.735
2026-03-29 21:05:59 | INFO | Episode  108 - Reward: -200.000, Length: 200, Loss: 0.9471, Entropy: 1.0986, Epsilon: 0.733
2026-03-29 21:05:59 | INFO | Episode  109 - Reward: -200.000, Length: 200, Loss: 0.9662, Entropy: 1.0986, Epsilon: 0.730
2026-03-29 21:06:00 | INFO | Episode  110 - Reward: -200.000, Length: 200, Loss: 0.9557, Entropy: 1.0986, Epsilon: 0.728
2026-03-29 21:06:01 | INFO | Episode  111 - Reward: -200.000, Length: 200, Loss: 0.9655, Entropy: 1.0986, Epsilon: 0.725
2026-03-29 21:06:01 | INFO | Episode  112 - Reward: -200.000, Length: 200, Loss: 0.9546, Entropy: 1.0986, Epsilon: 0.723
2026-03-29 21:06:02 | INFO | Episode  113 - Reward: -200.000, Length: 200, Loss: 0.9451, Entropy: 1.0986, Epsilon: 0.720
2026-03-29 21:06:02 | INFO | Episode  114 - Reward: -200.000, Length: 200, Loss: 0.9614, Entropy: 1.0986, Epsilon: 0.718
2026-03-29 21:06:03 | INFO | Episode  115 - Reward: -200.000, Length: 200, Loss: 0.9532, Entropy: 1.0986, Epsilon: 0.715
2026-03-29 21:06:04 | INFO | Episode  116 - Reward: -200.000, Length: 200, Loss: 0.9616, Entropy: 1.0986, Epsilon: 0.713
2026-03-29 21:06:04 | INFO | Episode  117 - Reward: -200.000, Length: 200, Loss: 0.9535, Entropy: 1.0986, Epsilon: 0.710
2026-03-29 21:06:05 | INFO | Episode  118 - Reward: -200.000, Length: 200, Loss: 0.9412, Entropy: 1.0986, Epsilon: 0.708
2026-03-29 21:06:06 | INFO | Episode  119 - Reward: -200.000, Length: 200, Loss: 0.9589, Entropy: 1.0986, Epsilon: 0.705
2026-03-29 21:06:07 | INFO | Episode  120 - Reward: -200.000, Length: 200, Loss: 0.9529, Entropy: 1.0986, Epsilon: 0.703
2026-03-29 21:06:07 | INFO | Episode  121 - Reward: -200.000, Length: 200, Loss: 0.9629, Entropy: 1.0986, Epsilon: 0.701
2026-03-29 21:06:08 | INFO | Episode  122 - Reward: -200.000, Length: 200, Loss: 0.9534, Entropy: 1.0986, Epsilon: 0.698
2026-03-29 21:06:08 | INFO | Episode  123 - Reward: -200.000, Length: 200, Loss: 0.9380, Entropy: 1.0986, Epsilon: 0.696
2026-03-29 21:06:09 | INFO | Episode  124 - Reward: -200.000, Length: 200, Loss: 0.9633, Entropy: 1.0986, Epsilon: 0.693
2026-03-29 21:06:10 | INFO | Episode  125 - Reward: -200.000, Length: 200, Loss: 0.9516, Entropy: 1.0986, Epsilon: 0.691
2026-03-29 21:06:10 | INFO | Episode  126 - Reward: -200.000, Length: 200, Loss: 0.9646, Entropy: 1.0986, Epsilon: 0.688
2026-03-29 21:06:11 | INFO | Episode  127 - Reward: -200.000, Length: 200, Loss: 0.9525, Entropy: 1.0986, Epsilon: 0.686
2026-03-29 21:06:12 | INFO | Episode  128 - Reward: -200.000, Length: 200, Loss: 0.9404, Entropy: 1.0986, Epsilon: 0.683
2026-03-29 21:06:12 | INFO | Episode  129 - Reward: -200.000, Length: 200, Loss: 0.9646, Entropy: 1.0986, Epsilon: 0.681
2026-03-29 21:06:13 | INFO | Episode  130 - Reward: -200.000, Length: 200, Loss: 0.9537, Entropy: 1.0986, Epsilon: 0.678
2026-03-29 21:06:13 | INFO | Episode  131 - Reward: -200.000, Length: 200, Loss: 0.9626, Entropy: 1.0986, Epsilon: 0.676
2026-03-29 21:06:14 | INFO | Episode  132 - Reward: -200.000, Length: 200, Loss: 0.9498, Entropy: 1.0986, Epsilon: 0.673
2026-03-29 21:06:15 | INFO | Episode  133 - Reward: -200.000, Length: 200, Loss: 0.9410, Entropy: 1.0986, Epsilon: 0.671
2026-03-29 21:06:15 | INFO | Episode  134 - Reward: -200.000, Length: 200, Loss: 0.9605, Entropy: 1.0986, Epsilon: 0.668
2026-03-29 21:06:16 | INFO | Episode  135 - Reward: -200.000, Length: 200, Loss: 0.9484, Entropy: 1.0986, Epsilon: 0.666
2026-03-29 21:06:17 | INFO | Episode  136 - Reward: -200.000, Length: 200, Loss: 0.9636, Entropy: 1.0986, Epsilon: 0.663
2026-03-29 21:06:17 | INFO | Episode  137 - Reward: -200.000, Length: 200, Loss: 0.9537, Entropy: 1.0986, Epsilon: 0.661
2026-03-29 21:06:18 | INFO | Episode  138 - Reward: -200.000, Length: 200, Loss: 0.9412, Entropy: 1.0986, Epsilon: 0.658
2026-03-29 21:06:19 | INFO | Episode  139 - Reward: -200.000, Length: 200, Loss: 0.9613, Entropy: 1.0986, Epsilon: 0.656
2026-03-29 21:06:19 | INFO | Episode  140 - Reward: -200.000, Length: 200, Loss: 0.9484, Entropy: 1.0986, Epsilon: 0.653
2026-03-29 21:06:20 | INFO | Episode  141 - Reward: -200.000, Length: 200, Loss: 0.9635, Entropy: 1.0986, Epsilon: 0.651
2026-03-29 21:06:20 | INFO | Episode  142 - Reward: -200.000, Length: 200, Loss: 0.9542, Entropy: 1.0986, Epsilon: 0.649
2026-03-29 21:06:21 | INFO | Episode  143 - Reward: -200.000, Length: 200, Loss: 0.9455, Entropy: 1.0986, Epsilon: 0.646
2026-03-29 21:06:22 | INFO | Episode  144 - Reward: -200.000, Length: 200, Loss: 0.9653, Entropy: 1.0986, Epsilon: 0.644
2026-03-29 21:06:22 | INFO | Episode  145 - Reward: -200.000, Length: 200, Loss: 0.9529, Entropy: 1.0986, Epsilon: 0.641
2026-03-29 21:06:23 | INFO | Episode  146 - Reward: -200.000, Length: 200, Loss: 0.9630, Entropy: 1.0986, Epsilon: 0.639
2026-03-29 21:06:23 | INFO | Episode  147 - Reward: -200.000, Length: 200, Loss: 0.9538, Entropy: 1.0986, Epsilon: 0.636
2026-03-29 21:06:24 | INFO | Episode  148 - Reward: -200.000, Length: 200, Loss: 0.9405, Entropy: 1.0986, Epsilon: 0.634
2026-03-29 21:06:25 | INFO | Episode  149 - Reward: -200.000, Length: 200, Loss: 0.9621, Entropy: 1.0986, Epsilon: 0.631
2026-03-29 21:06:25 | INFO | Episode  150 - Reward: -200.000, Length: 200, Loss: 0.9527, Entropy: 1.0986, Epsilon: 0.629
2026-03-29 21:06:31 | INFO | [Episode  150] eps=0.629  avg_reward=-200.000  avg_length=200.00  avg_loss=  0.9550  avg_entropy=1.0986  eval_success=0.000
2026-03-29 21:06:31 | INFO | Episode  151 - Reward: -200.000, Length: 200, Loss: 0.9644, Entropy: 1.0986, Epsilon: 0.626
2026-03-29 21:06:31 | INFO | Episode  152 - Reward: -200.000, Length: 200, Loss: 0.9525, Entropy: 1.0986, Epsilon: 0.624
2026-03-29 21:06:32 | INFO | Episode  153 - Reward: -200.000, Length: 200, Loss: 0.9383, Entropy: 1.0986, Epsilon: 0.621
2026-03-29 21:06:32 | INFO | Episode  154 - Reward: -200.000, Length: 200, Loss: 0.9656, Entropy: 1.0986, Epsilon: 0.619
2026-03-29 21:06:33 | INFO | Episode  155 - Reward: -200.000, Length: 200, Loss: 0.9463, Entropy: 1.0986, Epsilon: 0.616
2026-03-29 21:06:33 | INFO | Episode  156 - Reward: -200.000, Length: 200, Loss: 0.9635, Entropy: 1.0986, Epsilon: 0.614
2026-03-29 21:06:34 | INFO | Episode  157 - Reward: -200.000, Length: 200, Loss: 0.9540, Entropy: 1.0986, Epsilon: 0.611
2026-03-29 21:06:34 | INFO | Episode  158 - Reward: -200.000, Length: 200, Loss: 0.9408, Entropy: 1.0986, Epsilon: 0.609
2026-03-29 21:06:34 | INFO | Episode  159 - Reward: -200.000, Length: 200, Loss: 0.9635, Entropy: 1.0986, Epsilon: 0.606
2026-03-29 21:06:35 | INFO | Episode  160 - Reward: -200.000, Length: 200, Loss: 0.9508, Entropy: 1.0986, Epsilon: 0.604
2026-03-29 21:06:35 | INFO | Episode  161 - Reward: -200.000, Length: 200, Loss: 0.9623, Entropy: 1.0986, Epsilon: 0.602
2026-03-29 21:06:36 | INFO | Episode  162 - Reward: -200.000, Length: 200, Loss: 0.9500, Entropy: 1.0986, Epsilon: 0.599
2026-03-29 21:06:36 | INFO | Episode  163 - Reward: -200.000, Length: 200, Loss: 0.9339, Entropy: 1.0986, Epsilon: 0.597
2026-03-29 21:06:36 | INFO | Episode  164 - Reward: -200.000, Length: 200, Loss: 0.9588, Entropy: 1.0986, Epsilon: 0.594
2026-03-29 21:06:37 | INFO | Episode  165 - Reward: -200.000, Length: 200, Loss: 0.9475, Entropy: 1.0986, Epsilon: 0.592
2026-03-29 21:06:38 | INFO | Episode  166 - Reward: -200.000, Length: 200, Loss: 0.9552, Entropy: 1.0986, Epsilon: 0.589
2026-03-29 21:06:38 | INFO | Episode  167 - Reward: -200.000, Length: 200, Loss: 0.9497, Entropy: 1.0986, Epsilon: 0.587
2026-03-29 21:06:39 | INFO | Episode  168 - Reward: -200.000, Length: 200, Loss: 0.9343, Entropy: 1.0986, Epsilon: 0.584
2026-03-29 21:06:39 | INFO | Episode  169 - Reward: -200.000, Length: 200, Loss: 0.9593, Entropy: 1.0986, Epsilon: 0.582
2026-03-29 21:06:40 | INFO | Episode  170 - Reward: -200.000, Length: 200, Loss: 0.9457, Entropy: 1.0986, Epsilon: 0.579
2026-03-29 21:06:40 | INFO | Episode  171 - Reward: -200.000, Length: 200, Loss: 0.9567, Entropy: 1.0986, Epsilon: 0.577
2026-03-29 21:06:41 | INFO | Episode  172 - Reward: -200.000, Length: 200, Loss: 0.9452, Entropy: 1.0986, Epsilon: 0.574
2026-03-29 21:06:41 | INFO | Episode  173 - Reward: -200.000, Length: 200, Loss: 0.9304, Entropy: 1.0986, Epsilon: 0.572
2026-03-29 21:06:41 | INFO | Episode  174 - Reward: -200.000, Length: 200, Loss: 0.9568, Entropy: 1.0986, Epsilon: 0.569
2026-03-29 21:06:42 | INFO | Episode  175 - Reward: -200.000, Length: 200, Loss: 0.9435, Entropy: 1.0986, Epsilon: 0.567
2026-03-29 21:06:42 | INFO | Episode  176 - Reward: -200.000, Length: 200, Loss: 0.9547, Entropy: 1.0986, Epsilon: 0.564
2026-03-29 21:06:43 | INFO | Episode  177 - Reward: -200.000, Length: 200, Loss: 0.9418, Entropy: 1.0986, Epsilon: 0.562
2026-03-29 21:06:43 | INFO | Episode  178 - Reward: -200.000, Length: 200, Loss: 0.9278, Entropy: 1.0986, Epsilon: 0.559
2026-03-29 21:06:44 | INFO | Episode  179 - Reward: -200.000, Length: 200, Loss: 0.9476, Entropy: 1.0986, Epsilon: 0.557
2026-03-29 21:06:44 | INFO | Episode  180 - Reward: -200.000, Length: 200, Loss: 0.9416, Entropy: 1.0986, Epsilon: 0.554
2026-03-29 21:06:44 | INFO | Episode  181 - Reward: -200.000, Length: 200, Loss: 0.9517, Entropy: 1.0986, Epsilon: 0.552
2026-03-29 21:06:45 | INFO | Episode  182 - Reward: -200.000, Length: 200, Loss: 0.9398, Entropy: 1.0986, Epsilon: 0.550
2026-03-29 21:06:45 | INFO | Episode  183 - Reward: -200.000, Length: 200, Loss: 0.9255, Entropy: 1.0986, Epsilon: 0.547
2026-03-29 21:06:46 | INFO | Episode  184 - Reward: -200.000, Length: 200, Loss: 0.9531, Entropy: 1.0986, Epsilon: 0.545
2026-03-29 21:06:46 | INFO | Episode  185 - Reward: -200.000, Length: 200, Loss: 0.9375, Entropy: 1.0986, Epsilon: 0.542
2026-03-29 21:06:47 | INFO | Episode  186 - Reward: -200.000, Length: 200, Loss: 0.9570, Entropy: 1.0986, Epsilon: 0.540
2026-03-29 21:06:47 | INFO | Episode  187 - Reward: -200.000, Length: 200, Loss: 0.9369, Entropy: 1.0986, Epsilon: 0.537
2026-03-29 21:06:47 | INFO | Episode  188 - Reward: -200.000, Length: 200, Loss: 0.9223, Entropy: 1.0986, Epsilon: 0.535
2026-03-29 21:06:48 | INFO | Episode  189 - Reward: -200.000, Length: 200, Loss: 0.9522, Entropy: 1.0986, Epsilon: 0.532
2026-03-29 21:06:48 | INFO | Episode  190 - Reward: -200.000, Length: 200, Loss: 0.9392, Entropy: 1.0986, Epsilon: 0.530
2026-03-29 21:06:49 | INFO | Episode  191 - Reward: -200.000, Length: 200, Loss: 0.9534, Entropy: 1.0986, Epsilon: 0.527
2026-03-29 21:06:49 | INFO | Episode  192 - Reward: -200.000, Length: 200, Loss: 0.9396, Entropy: 1.0986, Epsilon: 0.525
2026-03-29 21:06:50 | INFO | Episode  193 - Reward: -200.000, Length: 200, Loss: 0.9223, Entropy: 1.0986, Epsilon: 0.522
2026-03-29 21:06:50 | INFO | Episode  194 - Reward: -200.000, Length: 200, Loss: 0.9539, Entropy: 1.0986, Epsilon: 0.520
2026-03-29 21:06:50 | INFO | Episode  195 - Reward: -200.000, Length: 200, Loss: 0.9316, Entropy: 1.0986, Epsilon: 0.517
2026-03-29 21:06:51 | INFO | Episode  196 - Reward: -200.000, Length: 200, Loss: 0.9481, Entropy: 1.0986, Epsilon: 0.515
2026-03-29 21:06:51 | INFO | Episode  197 - Reward: -200.000, Length: 200, Loss: 0.9316, Entropy: 1.0986, Epsilon: 0.512
2026-03-29 21:06:52 | INFO | Episode  198 - Reward: -200.000, Length: 200, Loss: 0.9180, Entropy: 1.0986, Epsilon: 0.510
2026-03-29 21:06:52 | INFO | Episode  199 - Reward: -200.000, Length: 200, Loss: 0.9487, Entropy: 1.0986, Epsilon: 0.507
2026-03-29 21:06:53 | INFO | Episode  200 - Reward: -200.000, Length: 200, Loss: 0.9340, Entropy: 1.0986, Epsilon: 0.505
2026-03-29 21:06:58 | INFO | [Episode  200] eps=0.505  avg_reward=-200.000  avg_length=200.00  avg_loss=  0.9456  avg_entropy=1.0986  eval_success=0.000
2026-03-29 21:06:59 | INFO | Episode  201 - Reward: -200.000, Length: 200, Loss: 0.9505, Entropy: 1.0986, Epsilon: 0.503
2026-03-29 21:06:59 | INFO | Episode  202 - Reward: -200.000, Length: 200, Loss: 0.9270, Entropy: 1.0986, Epsilon: 0.500
2026-03-29 21:07:00 | INFO | Episode  203 - Reward: -200.000, Length: 200, Loss: 0.9154, Entropy: 1.0986, Epsilon: 0.498
2026-03-29 21:07:00 | INFO | Episode  204 - Reward: -200.000, Length: 200, Loss: 0.9519, Entropy: 1.0986, Epsilon: 0.495
2026-03-29 21:07:01 | INFO | Episode  205 - Reward: -200.000, Length: 200, Loss: 0.9316, Entropy: 1.0986, Epsilon: 0.493
2026-03-29 21:07:01 | INFO | Episode  206 - Reward: -200.000, Length: 200, Loss: 0.9535, Entropy: 1.0986, Epsilon: 0.490
2026-03-29 21:07:01 | INFO | Episode  207 - Reward: -200.000, Length: 200, Loss: 0.9353, Entropy: 1.0986, Epsilon: 0.488
2026-03-29 21:07:02 | INFO | Episode  208 - Reward: -200.000, Length: 200, Loss: 0.9133, Entropy: 1.0986, Epsilon: 0.485
2026-03-29 21:07:02 | INFO | Episode  209 - Reward: -200.000, Length: 200, Loss: 0.9506, Entropy: 1.0986, Epsilon: 0.483
2026-03-29 21:07:03 | INFO | Episode  210 - Reward: -200.000, Length: 200, Loss: 0.9306, Entropy: 1.0986, Epsilon: 0.480
2026-03-29 21:07:03 | INFO | Episode  211 - Reward: -200.000, Length: 200, Loss: 0.9506, Entropy: 1.0986, Epsilon: 0.478
2026-03-29 21:07:04 | INFO | Episode  212 - Reward: -200.000, Length: 200, Loss: 0.9308, Entropy: 1.0986, Epsilon: 0.475
2026-03-29 21:07:04 | INFO | Episode  213 - Reward: -200.000, Length: 200, Loss: 0.9141, Entropy: 1.0986, Epsilon: 0.473
2026-03-29 21:07:04 | INFO | Episode  214 - Reward: -200.000, Length: 200, Loss: 0.9556, Entropy: 1.0986, Epsilon: 0.470
2026-03-29 21:07:05 | INFO | Episode  215 - Reward: -200.000, Length: 200, Loss: 0.9354, Entropy: 1.0986, Epsilon: 0.468
2026-03-29 21:07:05 | INFO | Episode  216 - Reward: -200.000, Length: 200, Loss: 0.9526, Entropy: 1.0986, Epsilon: 0.465
2026-03-29 21:07:06 | INFO | Episode  217 - Reward: -200.000, Length: 200, Loss: 0.9288, Entropy: 1.0986, Epsilon: 0.463
2026-03-29 21:07:06 | INFO | Episode  218 - Reward: -200.000, Length: 200, Loss: 0.9140, Entropy: 1.0986, Epsilon: 0.460
2026-03-29 21:07:07 | INFO | Episode  219 - Reward: -200.000, Length: 200, Loss: 0.9500, Entropy: 1.0986, Epsilon: 0.458
2026-03-29 21:07:07 | INFO | Episode  220 - Reward: -200.000, Length: 200, Loss: 0.9307, Entropy: 1.0986, Epsilon: 0.456
2026-03-29 21:07:08 | INFO | Episode  221 - Reward: -200.000, Length: 200, Loss: 0.9499, Entropy: 1.0986, Epsilon: 0.453
2026-03-29 21:07:08 | INFO | Episode  222 - Reward: -200.000, Length: 200, Loss: 0.9289, Entropy: 1.0986, Epsilon: 0.451
2026-03-29 21:07:08 | INFO | Episode  223 - Reward: -200.000, Length: 200, Loss: 0.9054, Entropy: 1.0986, Epsilon: 0.448
2026-03-29 21:07:09 | INFO | Episode  224 - Reward: -200.000, Length: 200, Loss: 0.9463, Entropy: 1.0986, Epsilon: 0.446
2026-03-29 21:07:09 | INFO | Episode  225 - Reward: -200.000, Length: 200, Loss: 0.9253, Entropy: 1.0986, Epsilon: 0.443
2026-03-29 21:07:10 | INFO | Episode  226 - Reward: -200.000, Length: 200, Loss: 0.9442, Entropy: 1.0986, Epsilon: 0.441
2026-03-29 21:07:10 | INFO | Episode  227 - Reward: -200.000, Length: 200, Loss: 0.9222, Entropy: 1.0986, Epsilon: 0.438
2026-03-29 21:07:11 | INFO | Episode  228 - Reward: -200.000, Length: 200, Loss: 0.9009, Entropy: 1.0986, Epsilon: 0.436
2026-03-29 21:07:12 | INFO | Episode  229 - Reward: -200.000, Length: 200, Loss: 0.9418, Entropy: 1.0986, Epsilon: 0.433
2026-03-29 21:07:12 | INFO | Episode  230 - Reward: -200.000, Length: 200, Loss: 0.9220, Entropy: 1.0986, Epsilon: 0.431
2026-03-29 21:07:13 | INFO | Episode  231 - Reward: -200.000, Length: 200, Loss: 0.9380, Entropy: 1.0986, Epsilon: 0.428
2026-03-29 21:07:13 | INFO | Episode  232 - Reward: -200.000, Length: 200, Loss: 0.9158, Entropy: 1.0986, Epsilon: 0.426
2026-03-29 21:07:13 | INFO | Episode  233 - Reward: -200.000, Length: 200, Loss: 0.8965, Entropy: 1.0986, Epsilon: 0.423
2026-03-29 21:07:14 | INFO | Episode  234 - Reward: -200.000, Length: 200, Loss: 0.9410, Entropy: 1.0986, Epsilon: 0.421
2026-03-29 21:07:14 | INFO | Episode  235 - Reward: -200.000, Length: 200, Loss: 0.9150, Entropy: 1.0986, Epsilon: 0.418
2026-03-29 21:07:15 | INFO | Episode  236 - Reward: -200.000, Length: 200, Loss: 0.9379, Entropy: 1.0986, Epsilon: 0.416
2026-03-29 21:07:15 | INFO | Episode  237 - Reward: -200.000, Length: 200, Loss: 0.9163, Entropy: 1.0986, Epsilon: 0.413
2026-03-29 21:07:16 | INFO | Episode  238 - Reward: -200.000, Length: 200, Loss: 0.8906, Entropy: 1.0986, Epsilon: 0.411
2026-03-29 21:07:16 | INFO | Episode  239 - Reward: -200.000, Length: 200, Loss: 0.9386, Entropy: 1.0986, Epsilon: 0.408
2026-03-29 21:07:16 | INFO | Episode  240 - Reward: -200.000, Length: 200, Loss: 0.9179, Entropy: 1.0986, Epsilon: 0.406
2026-03-29 21:07:17 | INFO | Episode  241 - Reward: -200.000, Length: 200, Loss: 0.9426, Entropy: 1.0986, Epsilon: 0.404
2026-03-29 21:07:17 | INFO | Episode  242 - Reward: -200.000, Length: 200, Loss: 0.9149, Entropy: 1.0986, Epsilon: 0.401
2026-03-29 21:07:18 | INFO | Episode  243 - Reward: -200.000, Length: 200, Loss: 0.8887, Entropy: 1.0986, Epsilon: 0.399
2026-03-29 21:07:18 | INFO | Episode  244 - Reward: -200.000, Length: 200, Loss: 0.9432, Entropy: 1.0986, Epsilon: 0.396
2026-03-29 21:07:19 | INFO | Episode  245 - Reward: -200.000, Length: 200, Loss: 0.9156, Entropy: 1.0986, Epsilon: 0.394
2026-03-29 21:07:19 | INFO | Episode  246 - Reward: -200.000, Length: 200, Loss: 0.9421, Entropy: 1.0986, Epsilon: 0.391
2026-03-29 21:07:20 | INFO | Episode  247 - Reward: -200.000, Length: 200, Loss: 0.9145, Entropy: 1.0986, Epsilon: 0.389
2026-03-29 21:07:20 | INFO | Episode  248 - Reward: -200.000, Length: 200, Loss: 0.8860, Entropy: 1.0986, Epsilon: 0.386
2026-03-29 21:07:20 | INFO | Episode  249 - Reward: -200.000, Length: 200, Loss: 0.9405, Entropy: 1.0986, Epsilon: 0.384
2026-03-29 21:07:21 | INFO | Episode  250 - Reward: -200.000, Length: 200, Loss: 0.9113, Entropy: 1.0986, Epsilon: 0.381
2026-03-29 21:07:26 | INFO | [Episode  250] eps=0.381  avg_reward=-200.000  avg_length=200.00  avg_loss=  0.9283  avg_entropy=1.0986  eval_success=0.000
2026-03-29 21:07:27 | INFO | Episode  251 - Reward: -200.000, Length: 200, Loss: 0.9395, Entropy: 1.0986, Epsilon: 0.379
2026-03-29 21:07:27 | INFO | Episode  252 - Reward: -200.000, Length: 200, Loss: 0.9113, Entropy: 1.0986, Epsilon: 0.376
2026-03-29 21:07:28 | INFO | Episode  253 - Reward: -200.000, Length: 200, Loss: 0.8851, Entropy: 1.0986, Epsilon: 0.374
2026-03-29 21:07:28 | INFO | Episode  254 - Reward: -200.000, Length: 200, Loss: 0.9394, Entropy: 1.0986, Epsilon: 0.371
2026-03-29 21:07:28 | INFO | Episode  255 - Reward: -200.000, Length: 200, Loss: 0.9095, Entropy: 1.0986, Epsilon: 0.369
2026-03-29 21:07:29 | INFO | Episode  256 - Reward: -200.000, Length: 200, Loss: 0.9382, Entropy: 1.0986, Epsilon: 0.366
2026-03-29 21:07:29 | INFO | Episode  257 - Reward: -200.000, Length: 200, Loss: 0.9056, Entropy: 1.0986, Epsilon: 0.364
2026-03-29 21:07:30 | INFO | Episode  258 - Reward: -200.000, Length: 200, Loss: 0.8752, Entropy: 1.0986, Epsilon: 0.361
2026-03-29 21:07:30 | INFO | Episode  259 - Reward: -200.000, Length: 200, Loss: 0.9333, Entropy: 1.0986, Epsilon: 0.359
2026-03-29 21:07:31 | INFO | Episode  260 - Reward: -200.000, Length: 200, Loss: 0.9020, Entropy: 1.0986, Epsilon: 0.357
2026-03-29 21:07:31 | INFO | Episode  261 - Reward: -200.000, Length: 200, Loss: 0.9282, Entropy: 1.0986, Epsilon: 0.354
2026-03-29 21:07:32 | INFO | Episode  262 - Reward: -200.000, Length: 200, Loss: 0.8974, Entropy: 1.0986, Epsilon: 0.352
2026-03-29 21:07:32 | INFO | Episode  263 - Reward: -200.000, Length: 200, Loss: 0.8637, Entropy: 1.0986, Epsilon: 0.349
2026-03-29 21:07:33 | INFO | Episode  264 - Reward: -200.000, Length: 200, Loss: 0.9262, Entropy: 1.0986, Epsilon: 0.347
2026-03-29 21:07:33 | INFO | Episode  265 - Reward: -200.000, Length: 200, Loss: 0.8935, Entropy: 1.0986, Epsilon: 0.344
2026-03-29 21:07:33 | INFO | Episode  266 - Reward: -200.000, Length: 200, Loss: 0.9271, Entropy: 1.0986, Epsilon: 0.342
2026-03-29 21:07:34 | INFO | Episode  267 - Reward: -200.000, Length: 200, Loss: 0.8933, Entropy: 1.0986, Epsilon: 0.339
2026-03-29 21:07:34 | INFO | Episode  268 - Reward: -200.000, Length: 200, Loss: 0.8576, Entropy: 1.0986, Epsilon: 0.337
2026-03-29 21:07:35 | INFO | Episode  269 - Reward: -200.000, Length: 200, Loss: 0.9265, Entropy: 1.0986, Epsilon: 0.334
2026-03-29 21:07:35 | INFO | Episode  270 - Reward: -200.000, Length: 200, Loss: 0.8908, Entropy: 1.0986, Epsilon: 0.332
2026-03-29 21:07:36 | INFO | Episode  271 - Reward: -200.000, Length: 200, Loss: 0.9276, Entropy: 1.0986, Epsilon: 0.329
2026-03-29 21:07:36 | INFO | Episode  272 - Reward: -200.000, Length: 200, Loss: 0.8896, Entropy: 1.0986, Epsilon: 0.327
2026-03-29 21:07:36 | INFO | Episode  273 - Reward: -200.000, Length: 200, Loss: 0.8534, Entropy: 1.0986, Epsilon: 0.324
2026-03-29 21:07:37 | INFO | Episode  274 - Reward: -200.000, Length: 200, Loss: 0.9257, Entropy: 1.0986, Epsilon: 0.322
2026-03-29 21:07:37 | INFO | Episode  275 - Reward: -200.000, Length: 200, Loss: 0.8860, Entropy: 1.0986, Epsilon: 0.319
2026-03-29 21:07:38 | INFO | Episode  276 - Reward: -200.000, Length: 200, Loss: 0.9231, Entropy: 1.0986, Epsilon: 0.317
2026-03-29 21:07:38 | INFO | Episode  277 - Reward: -200.000, Length: 200, Loss: 0.8828, Entropy: 1.0986, Epsilon: 0.314
2026-03-29 21:07:39 | INFO | Episode  278 - Reward: -200.000, Length: 200, Loss: 0.8428, Entropy: 1.0986, Epsilon: 0.312
2026-03-29 21:07:39 | INFO | Episode  279 - Reward: -200.000, Length: 200, Loss: 0.9154, Entropy: 1.0986, Epsilon: 0.309
2026-03-29 21:07:39 | INFO | Episode  280 - Reward: -200.000, Length: 200, Loss: 0.8744, Entropy: 1.0986, Epsilon: 0.307
2026-03-29 21:07:40 | INFO | Episode  281 - Reward: -200.000, Length: 200, Loss: 0.9146, Entropy: 1.0986, Epsilon: 0.305
2026-03-29 21:07:40 | INFO | Episode  282 - Reward: -200.000, Length: 200, Loss: 0.8711, Entropy: 1.0986, Epsilon: 0.302
2026-03-29 21:07:41 | INFO | Episode  283 - Reward: -200.000, Length: 200, Loss: 0.8292, Entropy: 1.0986, Epsilon: 0.300
2026-03-29 21:07:41 | INFO | Episode  284 - Reward: -200.000, Length: 200, Loss: 0.9114, Entropy: 1.0986, Epsilon: 0.297
2026-03-29 21:07:42 | INFO | Episode  285 - Reward: -200.000, Length: 200, Loss: 0.8704, Entropy: 1.0986, Epsilon: 0.295
2026-03-29 21:07:42 | INFO | Episode  286 - Reward: -200.000, Length: 200, Loss: 0.9105, Entropy: 1.0986, Epsilon: 0.292
2026-03-29 21:07:42 | INFO | Episode  287 - Reward: -200.000, Length: 200, Loss: 0.8607, Entropy: 1.0986, Epsilon: 0.290
2026-03-29 21:07:43 | INFO | Episode  288 - Reward: -200.000, Length: 200, Loss: 0.8181, Entropy: 1.0986, Epsilon: 0.287
2026-03-29 21:07:44 | INFO | Episode  289 - Reward: -200.000, Length: 200, Loss: 0.9117, Entropy: 1.0986, Epsilon: 0.285
2026-03-29 21:07:44 | INFO | Episode  290 - Reward: -200.000, Length: 200, Loss: 0.8588, Entropy: 1.0986, Epsilon: 0.282
2026-03-29 21:07:45 | INFO | Episode  291 - Reward: -200.000, Length: 200, Loss: 0.9134, Entropy: 1.0986, Epsilon: 0.280
2026-03-29 21:07:45 | INFO | Episode  292 - Reward: -200.000, Length: 200, Loss: 0.8625, Entropy: 1.0986, Epsilon: 0.277
2026-03-29 21:07:46 | INFO | Episode  293 - Reward: -200.000, Length: 200, Loss: 0.8133, Entropy: 1.0986, Epsilon: 0.275
2026-03-29 21:07:46 | INFO | Episode  294 - Reward: -200.000, Length: 200, Loss: 0.9126, Entropy: 1.0986, Epsilon: 0.272
2026-03-29 21:07:47 | INFO | Episode  295 - Reward: -200.000, Length: 200, Loss: 0.8562, Entropy: 1.0986, Epsilon: 0.270
2026-03-29 21:07:47 | INFO | Episode  296 - Reward: -200.000, Length: 200, Loss: 0.9083, Entropy: 1.0986, Epsilon: 0.267
2026-03-29 21:07:47 | INFO | Episode  297 - Reward: -200.000, Length: 200, Loss: 0.8529, Entropy: 1.0986, Epsilon: 0.265
2026-03-29 21:07:48 | INFO | Episode  298 - Reward: -200.000, Length: 200, Loss: 0.8026, Entropy: 1.0986, Epsilon: 0.262
2026-03-29 21:07:48 | INFO | Episode  299 - Reward: -200.000, Length: 200, Loss: 0.9010, Entropy: 1.0986, Epsilon: 0.260
2026-03-29 21:07:49 | INFO | Episode  300 - Reward: -200.000, Length: 200, Loss: 0.8365, Entropy: 1.0985, Epsilon: 0.258
2026-03-29 21:07:54 | INFO | [Episode  300] eps=0.258  avg_reward=-200.000  avg_length=200.00  avg_loss=  0.8896  avg_entropy=1.0985  eval_success=0.000
2026-03-29 21:07:55 | INFO | Episode  301 - Reward: -200.000, Length: 200, Loss: 0.8943, Entropy: 1.0985, Epsilon: 0.255
2026-03-29 21:07:55 | INFO | Episode  302 - Reward: -200.000, Length: 200, Loss: 0.8349, Entropy: 1.0985, Epsilon: 0.253
2026-03-29 21:07:56 | INFO | Episode  303 - Reward: -200.000, Length: 200, Loss: 0.7776, Entropy: 1.0985, Epsilon: 0.250
2026-03-29 21:07:56 | INFO | Episode  304 - Reward: -200.000, Length: 200, Loss: 0.8924, Entropy: 1.0985, Epsilon: 0.248
2026-03-29 21:07:56 | INFO | Episode  305 - Reward: -200.000, Length: 200, Loss: 0.8244, Entropy: 1.0985, Epsilon: 0.245
2026-03-29 21:07:57 | INFO | Episode  306 - Reward: -200.000, Length: 200, Loss: 0.8752, Entropy: 1.0985, Epsilon: 0.243
2026-03-29 21:07:57 | INFO | Episode  307 - Reward: -200.000, Length: 200, Loss: 0.8125, Entropy: 1.0985, Epsilon: 0.240
2026-03-29 21:07:58 | INFO | Episode  308 - Reward: -200.000, Length: 200, Loss: 0.7471, Entropy: 1.0985, Epsilon: 0.238
2026-03-29 21:07:58 | INFO | Episode  309 - Reward: -200.000, Length: 200, Loss: 0.8785, Entropy: 1.0985, Epsilon: 0.235
2026-03-29 21:07:59 | INFO | Episode  310 - Reward: -200.000, Length: 200, Loss: 0.8049, Entropy: 1.0985, Epsilon: 0.233
2026-03-29 21:07:59 | INFO | Episode  311 - Reward: -200.000, Length: 200, Loss: 0.8714, Entropy: 1.0985, Epsilon: 0.230
2026-03-29 21:08:00 | INFO | Episode  312 - Reward: -200.000, Length: 200, Loss: 0.8120, Entropy: 1.0985, Epsilon: 0.228
2026-03-29 21:08:01 | INFO | Episode  313 - Reward: -200.000, Length: 200, Loss: 0.7400, Entropy: 1.0985, Epsilon: 0.225
2026-03-29 21:08:01 | INFO | Episode  314 - Reward: -200.000, Length: 200, Loss: 0.8739, Entropy: 1.0985, Epsilon: 0.223
2026-03-29 21:08:02 | INFO | Episode  315 - Reward: -200.000, Length: 200, Loss: 0.8072, Entropy: 1.0985, Epsilon: 0.220
2026-03-29 21:08:03 | INFO | Episode  316 - Reward: -200.000, Length: 200, Loss: 0.8601, Entropy: 1.0985, Epsilon: 0.218
2026-03-29 21:08:03 | INFO | Episode  317 - Reward: -200.000, Length: 200, Loss: 0.7839, Entropy: 1.0985, Epsilon: 0.215
2026-03-29 21:08:04 | INFO | Episode  318 - Reward: -200.000, Length: 200, Loss: 0.7260, Entropy: 1.0985, Epsilon: 0.213
2026-03-29 21:08:05 | INFO | Episode  319 - Reward: -200.000, Length: 200, Loss: 0.8820, Entropy: 1.0985, Epsilon: 0.210
2026-03-29 21:08:05 | INFO | Episode  320 - Reward: -200.000, Length: 200, Loss: 0.8060, Entropy: 1.0985, Epsilon: 0.208
2026-03-29 21:08:06 | INFO | Episode  321 - Reward: -200.000, Length: 200, Loss: 0.8635, Entropy: 1.0985, Epsilon: 0.206
2026-03-29 21:08:06 | INFO | Episode  322 - Reward: -200.000, Length: 200, Loss: 0.7999, Entropy: 1.0985, Epsilon: 0.203
2026-03-29 21:08:07 | INFO | Episode  323 - Reward: -200.000, Length: 200, Loss: 0.7259, Entropy: 1.0985, Epsilon: 0.201
2026-03-29 21:08:08 | INFO | Episode  324 - Reward: -200.000, Length: 200, Loss: 0.8938, Entropy: 1.0985, Epsilon: 0.198
2026-03-29 21:08:08 | INFO | Episode  325 - Reward: -200.000, Length: 200, Loss: 0.7828, Entropy: 1.0985, Epsilon: 0.196
2026-03-29 21:08:09 | INFO | Episode  326 - Reward: -200.000, Length: 200, Loss: 0.8783, Entropy: 1.0985, Epsilon: 0.193
2026-03-29 21:08:10 | INFO | Episode  327 - Reward: -200.000, Length: 200, Loss: 0.8005, Entropy: 1.0985, Epsilon: 0.191
2026-03-29 21:08:10 | INFO | Episode  328 - Reward: -200.000, Length: 200, Loss: 0.7024, Entropy: 1.0985, Epsilon: 0.188
2026-03-29 21:08:11 | INFO | Episode  329 - Reward: -200.000, Length: 200, Loss: 0.8723, Entropy: 1.0985, Epsilon: 0.186
2026-03-29 21:08:11 | INFO | Episode  330 - Reward: -200.000, Length: 200, Loss: 0.7977, Entropy: 1.0985, Epsilon: 0.183
2026-03-29 21:08:12 | INFO | Episode  331 - Reward: -200.000, Length: 200, Loss: 0.8623, Entropy: 1.0984, Epsilon: 0.181
2026-03-29 21:08:13 | INFO | Episode  332 - Reward: -200.000, Length: 200, Loss: 0.7793, Entropy: 1.0984, Epsilon: 0.178
2026-03-29 21:08:14 | INFO | Episode  333 - Reward: -200.000, Length: 200, Loss: 0.6353, Entropy: 1.0984, Epsilon: 0.176
2026-03-29 21:08:14 | INFO | Episode  334 - Reward: -200.000, Length: 200, Loss: 0.8806, Entropy: 1.0983, Epsilon: 0.173
2026-03-29 21:08:15 | INFO | Episode  335 - Reward: -200.000, Length: 200, Loss: 0.7464, Entropy: 1.0983, Epsilon: 0.171
2026-03-29 21:08:15 | INFO | Episode  336 - Reward: -200.000, Length: 200, Loss: 0.8382, Entropy: 1.0982, Epsilon: 0.168
2026-03-29 21:08:17 | INFO | Episode  337 - Reward: -200.000, Length: 200, Loss: 0.7572, Entropy: 1.0982, Epsilon: 0.166
2026-03-29 21:08:17 | INFO | Episode  338 - Reward: -200.000, Length: 200, Loss: 0.6429, Entropy: 1.0982, Epsilon: 0.163
2026-03-29 21:08:18 | INFO | Episode  339 - Reward: -200.000, Length: 200, Loss: 0.8229, Entropy: 1.0981, Epsilon: 0.161
2026-03-29 21:08:19 | INFO | Episode  340 - Reward: -200.000, Length: 200, Loss: 0.7315, Entropy: 1.0980, Epsilon: 0.158
2026-03-29 21:08:19 | INFO | Episode  341 - Reward: -200.000, Length: 200, Loss: 0.8152, Entropy: 1.0980, Epsilon: 0.156
2026-03-29 21:08:20 | INFO | Episode  342 - Reward: -200.000, Length: 200, Loss: 0.7465, Entropy: 1.0980, Epsilon: 0.154
2026-03-29 21:08:21 | INFO | Episode  343 - Reward: -200.000, Length: 200, Loss: 0.6014, Entropy: 1.0981, Epsilon: 0.151
2026-03-29 21:08:21 | INFO | Episode  344 - Reward: -200.000, Length: 200, Loss: 0.8508, Entropy: 1.0981, Epsilon: 0.149
2026-03-29 21:08:22 | INFO | Episode  345 - Reward: -200.000, Length: 200, Loss: 0.6613, Entropy: 1.0981, Epsilon: 0.146
2026-03-29 21:08:23 | INFO | Episode  346 - Reward: -200.000, Length: 200, Loss: 0.8841, Entropy: 1.0981, Epsilon: 0.144
2026-03-29 21:08:23 | INFO | Episode  347 - Reward: -200.000, Length: 200, Loss: 0.7371, Entropy: 1.0981, Epsilon: 0.141
2026-03-29 21:08:24 | INFO | Episode  348 - Reward: -200.000, Length: 200, Loss: 0.6532, Entropy: 1.0980, Epsilon: 0.139
2026-03-29 21:08:25 | INFO | Episode  349 - Reward: -200.000, Length: 200, Loss: 0.8332, Entropy: 1.0979, Epsilon: 0.136
2026-03-29 21:08:25 | INFO | Episode  350 - Reward: -200.000, Length: 200, Loss: 0.6812, Entropy: 1.0979, Epsilon: 0.134
2026-03-29 21:08:33 | INFO | [Episode  350] eps=0.134  avg_reward=-200.000  avg_length=200.00  avg_loss=  0.7956  avg_entropy=1.0979  eval_success=0.000
2026-03-29 21:08:33 | INFO | Episode  351 - Reward: -200.000, Length: 200, Loss: 0.7902, Entropy: 1.0978, Epsilon: 0.131
2026-03-29 21:08:34 | INFO | Episode  352 - Reward: -200.000, Length: 200, Loss: 0.6391, Entropy: 1.0978, Epsilon: 0.129
2026-03-29 21:08:34 | INFO | Episode  353 - Reward: -200.000, Length: 200, Loss: 0.5944, Entropy: 1.0978, Epsilon: 0.126
2026-03-29 21:08:35 | INFO | Episode  354 - Reward: -200.000, Length: 200, Loss: 0.8691, Entropy: 1.0977, Epsilon: 0.124
2026-03-29 21:08:36 | INFO | Episode  355 - Reward: -200.000, Length: 200, Loss: 0.6499, Entropy: 1.0977, Epsilon: 0.121
2026-03-29 21:08:36 | INFO | Episode  356 - Reward: -200.000, Length: 200, Loss: 0.8661, Entropy: 1.0977, Epsilon: 0.119
2026-03-29 21:08:37 | INFO | Episode  357 - Reward: -200.000, Length: 200, Loss: 0.7825, Entropy: 1.0977, Epsilon: 0.116
2026-03-29 21:08:38 | INFO | Episode  358 - Reward: -200.000, Length: 200, Loss: 0.5160, Entropy: 1.0978, Epsilon: 0.114
2026-03-29 21:08:38 | INFO | Episode  359 - Reward: -200.000, Length: 200, Loss: 0.8258, Entropy: 1.0978, Epsilon: 0.111
2026-03-29 21:08:39 | INFO | Episode  360 - Reward: -200.000, Length: 200, Loss: 0.7772, Entropy: 1.0978, Epsilon: 0.109
2026-03-29 21:08:40 | INFO | Episode  361 - Reward: -200.000, Length: 200, Loss: 0.8630, Entropy: 1.0979, Epsilon: 0.107
2026-03-29 21:08:40 | INFO | Episode  362 - Reward: -200.000, Length: 200, Loss: 0.7040, Entropy: 1.0979, Epsilon: 0.104
2026-03-29 21:08:41 | INFO | Episode  363 - Reward: -200.000, Length: 200, Loss: 0.5175, Entropy: 1.0979, Epsilon: 0.102
2026-03-29 21:08:41 | INFO | Episode  364 - Reward: -200.000, Length: 200, Loss: 0.7298, Entropy: 1.0980, Epsilon: 0.099
2026-03-29 21:08:42 | INFO | Episode  365 - Reward: -200.000, Length: 200, Loss: 0.7951, Entropy: 1.0981, Epsilon: 0.097
2026-03-29 21:08:43 | INFO | Episode  366 - Reward: -200.000, Length: 200, Loss: 0.8434, Entropy: 1.0981, Epsilon: 0.094
2026-03-29 21:08:43 | INFO | Episode  367 - Reward: -200.000, Length: 200, Loss: 0.7430, Entropy: 1.0982, Epsilon: 0.092
2026-03-29 21:08:44 | INFO | Episode  368 - Reward: -200.000, Length: 200, Loss: 0.6475, Entropy: 1.0982, Epsilon: 0.089
2026-03-29 21:08:45 | INFO | Episode  369 - Reward: -200.000, Length: 200, Loss: 0.9231, Entropy: 1.0983, Epsilon: 0.087
2026-03-29 21:08:45 | INFO | Episode  370 - Reward: -200.000, Length: 200, Loss: 0.5329, Entropy: 1.0984, Epsilon: 0.084
2026-03-29 21:08:46 | INFO | Episode  371 - Reward: -200.000, Length: 200, Loss: 0.8501, Entropy: 1.0984, Epsilon: 0.082
2026-03-29 21:08:47 | INFO | Episode  372 - Reward: -200.000, Length: 200, Loss: 0.8938, Entropy: 1.0985, Epsilon: 0.079
2026-03-29 21:08:47 | INFO | Episode  373 - Reward: -200.000, Length: 200, Loss: 0.7105, Entropy: 1.0985, Epsilon: 0.077
2026-03-29 21:08:48 | INFO | Episode  374 - Reward: -200.000, Length: 200, Loss: 0.9093, Entropy: 1.0985, Epsilon: 0.074
2026-03-29 21:08:49 | INFO | Episode  375 - Reward: -200.000, Length: 200, Loss: 0.7680, Entropy: 1.0986, Epsilon: 0.072
2026-03-29 21:08:50 | INFO | Episode  376 - Reward: -200.000, Length: 200, Loss: 1.0706, Entropy: 1.0986, Epsilon: 0.069
2026-03-29 21:08:51 | INFO | Episode  377 - Reward: -200.000, Length: 200, Loss: 0.6152, Entropy: 1.0986, Epsilon: 0.067
2026-03-29 21:08:51 | INFO | Episode  378 - Reward: -200.000, Length: 200, Loss: 0.5251, Entropy: 1.0986, Epsilon: 0.064
2026-03-29 21:08:52 | INFO | Episode  379 - Reward: -200.000, Length: 200, Loss: 0.9994, Entropy: 1.0986, Epsilon: 0.062
2026-03-29 21:08:52 | INFO | Episode  380 - Reward: -200.000, Length: 200, Loss: 0.7668, Entropy: 1.0985, Epsilon: 0.059
2026-03-29 21:08:53 | INFO | Episode  381 - Reward: -200.000, Length: 200, Loss: 0.8320, Entropy: 1.0985, Epsilon: 0.057
2026-03-29 21:08:54 | INFO | Episode  382 - Reward: -200.000, Length: 200, Loss: 0.6548, Entropy: 1.0984, Epsilon: 0.055
2026-03-29 21:08:54 | INFO | Episode  383 - Reward: -200.000, Length: 200, Loss: 0.6290, Entropy: 1.0984, Epsilon: 0.052
2026-03-29 21:08:55 | INFO | Episode  384 - Reward: -200.000, Length: 200, Loss: 1.1542, Entropy: 1.0983, Epsilon: 0.050
2026-03-29 21:08:56 | INFO | Episode  385 - Reward: -200.000, Length: 200, Loss: 0.4544, Entropy: 1.0982, Epsilon: 0.047
2026-03-29 21:08:56 | INFO | Episode  386 - Reward: -200.000, Length: 200, Loss: 0.9828, Entropy: 1.0983, Epsilon: 0.045
2026-03-29 21:08:57 | INFO | Episode  387 - Reward: -200.000, Length: 200, Loss: 0.7721, Entropy: 1.0983, Epsilon: 0.042
2026-03-29 21:08:57 | INFO | Episode  388 - Reward: -200.000, Length: 200, Loss: 0.9117, Entropy: 1.0983, Epsilon: 0.040
2026-03-29 21:08:58 | INFO | Episode  389 - Reward: -200.000, Length: 200, Loss: 1.1765, Entropy: 1.0984, Epsilon: 0.037
2026-03-29 21:08:58 | INFO | Episode  390 - Reward: -200.000, Length: 200, Loss: 0.8911, Entropy: 1.0985, Epsilon: 0.035
2026-03-29 21:08:59 | INFO | Episode  391 - Reward: -200.000, Length: 200, Loss: 1.0197, Entropy: 1.0985, Epsilon: 0.032
2026-03-29 21:08:59 | INFO | Episode  392 - Reward: -200.000, Length: 200, Loss: 0.4866, Entropy: 1.0984, Epsilon: 0.030
2026-03-29 21:09:00 | INFO | Episode  393 - Reward: -200.000, Length: 200, Loss: 0.5293, Entropy: 1.0984, Epsilon: 0.027
2026-03-29 21:09:00 | INFO | Episode  394 - Reward: -200.000, Length: 200, Loss: 0.5750, Entropy: 1.0983, Epsilon: 0.025
2026-03-29 21:09:01 | INFO | Episode  395 - Reward: -200.000, Length: 200, Loss: 0.7864, Entropy: 1.0981, Epsilon: 0.022
2026-03-29 21:09:01 | INFO | Episode  396 - Reward: -200.000, Length: 200, Loss: 1.3693, Entropy: 1.0979, Epsilon: 0.020
2026-03-29 21:09:02 | INFO | Episode  397 - Reward: -200.000, Length: 200, Loss: 1.0361, Entropy: 1.0978, Epsilon: 0.017
2026-03-29 21:09:02 | INFO | Episode  398 - Reward: -200.000, Length: 200, Loss: 1.0263, Entropy: 1.0977, Epsilon: 0.015
2026-03-29 21:09:02 | INFO | Episode  399 - Reward: -200.000, Length: 200, Loss: 1.6012, Entropy: 1.0974, Epsilon: 0.012
2026-03-29 21:09:03 | INFO | Episode  400 - Reward: -200.000, Length: 200, Loss: 1.2211, Entropy: 1.0974, Epsilon: 0.010
2026-03-29 21:09:08 | INFO | [Episode  400] eps=0.010  avg_reward=-200.000  avg_length=200.00  avg_loss=  0.8166  avg_entropy=1.0974  eval_success=0.000
2026-03-29 21:09:09 | INFO | Episode  401 - Reward: -200.000, Length: 200, Loss: 1.2201, Entropy: 1.0973, Epsilon: 0.010
2026-03-29 21:09:09 | INFO | Episode  402 - Reward: -200.000, Length: 200, Loss: 0.8410, Entropy: 1.0974, Epsilon: 0.010
2026-03-29 21:09:10 | INFO | Episode  403 - Reward: -200.000, Length: 200, Loss: 0.7900, Entropy: 1.0977, Epsilon: 0.010
2026-03-29 21:09:10 | INFO | Episode  404 - Reward: -200.000, Length: 200, Loss: 0.9434, Entropy: 1.0977, Epsilon: 0.010
2026-03-29 21:09:11 | INFO | Episode  405 - Reward: -200.000, Length: 200, Loss: 1.3223, Entropy: 1.0977, Epsilon: 0.010
2026-03-29 21:09:11 | INFO | Episode  406 - Reward: -200.000, Length: 200, Loss: 0.9118, Entropy: 1.0981, Epsilon: 0.010
2026-03-29 21:09:11 | INFO | Episode  407 - Reward: -200.000, Length: 200, Loss: 0.8497, Entropy: 1.0980, Epsilon: 0.010
2026-03-29 21:09:12 | INFO | Episode  408 - Reward: -200.000, Length: 200, Loss: 1.7911, Entropy: 1.0979, Epsilon: 0.010
2026-03-29 21:09:12 | INFO | Episode  409 - Reward: -200.000, Length: 200, Loss: 1.4921, Entropy: 1.0979, Epsilon: 0.010
2026-03-29 21:09:13 | INFO | Episode  410 - Reward: -200.000, Length: 200, Loss: 0.7174, Entropy: 1.0978, Epsilon: 0.010
2026-03-29 21:09:13 | INFO | Episode  411 - Reward: -200.000, Length: 200, Loss: 1.6777, Entropy: 1.0980, Epsilon: 0.010
2026-03-29 21:09:14 | INFO | Episode  412 - Reward: -200.000, Length: 200, Loss: 0.9008, Entropy: 1.0979, Epsilon: 0.010
2026-03-29 21:09:14 | INFO | Episode  413 - Reward: -200.000, Length: 200, Loss: 1.6924, Entropy: 1.0973, Epsilon: 0.010
2026-03-29 21:09:15 | INFO | Episode  414 - Reward: -200.000, Length: 200, Loss: 0.9805, Entropy: 1.0971, Epsilon: 0.010
2026-03-29 21:09:15 | INFO | Episode  415 - Reward: -200.000, Length: 200, Loss: 1.1701, Entropy: 1.0972, Epsilon: 0.010
2026-03-29 21:09:16 | INFO | Episode  416 - Reward: -200.000, Length: 200, Loss: 1.9509, Entropy: 1.0976, Epsilon: 0.010
2026-03-29 21:09:16 | INFO | Episode  417 - Reward: -200.000, Length: 200, Loss: 0.5757, Entropy: 1.0979, Epsilon: 0.010
2026-03-29 21:09:16 | INFO | Episode  418 - Reward: -200.000, Length: 200, Loss: 1.1366, Entropy: 1.0977, Epsilon: 0.010
2026-03-29 21:09:17 | INFO | Episode  419 - Reward: -200.000, Length: 200, Loss: 1.5105, Entropy: 1.0977, Epsilon: 0.010
2026-03-29 21:09:18 | INFO | Episode  420 - Reward: -200.000, Length: 200, Loss: 1.5964, Entropy: 1.0976, Epsilon: 0.010
2026-03-29 21:09:18 | INFO | Episode  421 - Reward: -200.000, Length: 200, Loss: 2.5451, Entropy: 1.0978, Epsilon: 0.010
2026-03-29 21:09:19 | INFO | Episode  422 - Reward: -200.000, Length: 200, Loss: 0.9629, Entropy: 1.0976, Epsilon: 0.010
2026-03-29 21:09:19 | INFO | Episode  423 - Reward: -200.000, Length: 200, Loss: 1.1325, Entropy: 1.0977, Epsilon: 0.010
2026-03-29 21:09:20 | INFO | Episode  424 - Reward: -200.000, Length: 200, Loss: 0.9449, Entropy: 1.0978, Epsilon: 0.010
2026-03-29 21:09:20 | INFO | Episode  425 - Reward: -200.000, Length: 200, Loss: 0.6326, Entropy: 1.0982, Epsilon: 0.010
2026-03-29 21:09:20 | INFO | Episode  426 - Reward: -200.000, Length: 200, Loss: 1.6358, Entropy: 1.0983, Epsilon: 0.010
2026-03-29 21:09:21 | INFO | Episode  427 - Reward: -200.000, Length: 200, Loss: 1.0442, Entropy: 1.0983, Epsilon: 0.010
2026-03-29 21:09:21 | INFO | Episode  428 - Reward: -200.000, Length: 200, Loss: 1.1936, Entropy: 1.0983, Epsilon: 0.010
2026-03-29 21:09:22 | INFO | Episode  429 - Reward: -200.000, Length: 200, Loss: 1.1547, Entropy: 1.0981, Epsilon: 0.010
2026-03-29 21:09:23 | INFO | Episode  430 - Reward: -200.000, Length: 200, Loss: 2.7582, Entropy: 1.0982, Epsilon: 0.010
2026-03-29 21:09:23 | INFO | Episode  431 - Reward: -200.000, Length: 200, Loss: 1.8000, Entropy: 1.0983, Epsilon: 0.010
2026-03-29 21:09:24 | INFO | Episode  432 - Reward: -200.000, Length: 200, Loss: 1.6863, Entropy: 1.0983, Epsilon: 0.010
2026-03-29 21:09:24 | INFO | Episode  433 - Reward: -200.000, Length: 200, Loss: 0.9745, Entropy: 1.0983, Epsilon: 0.010
2026-03-29 21:09:25 | INFO | Episode  434 - Reward: -200.000, Length: 200, Loss: 2.4898, Entropy: 1.0980, Epsilon: 0.010
2026-03-29 21:09:25 | INFO | Episode  435 - Reward: -200.000, Length: 200, Loss: 0.4435, Entropy: 1.0981, Epsilon: 0.010
2026-03-29 21:09:26 | INFO | Episode  436 - Reward: -200.000, Length: 200, Loss: 1.5196, Entropy: 1.0984, Epsilon: 0.010
2026-03-29 21:09:26 | INFO | Episode  437 - Reward: -200.000, Length: 200, Loss: 1.5595, Entropy: 1.0984, Epsilon: 0.010
2026-03-29 21:09:27 | INFO | Episode  438 - Reward: -200.000, Length: 200, Loss: 2.1238, Entropy: 1.0984, Epsilon: 0.010
2026-03-29 21:09:27 | INFO | Episode  439 - Reward: -200.000, Length: 200, Loss: 1.7088, Entropy: 1.0980, Epsilon: 0.010
2026-03-29 21:09:27 | INFO | Episode  440 - Reward: -200.000, Length: 200, Loss: 2.5316, Entropy: 1.0978, Epsilon: 0.010
2026-03-29 21:09:28 | INFO | Episode  441 - Reward: -200.000, Length: 200, Loss: 2.8268, Entropy: 1.0983, Epsilon: 0.010
2026-03-29 21:09:28 | INFO | Episode  442 - Reward: -200.000, Length: 200, Loss: 2.5711, Entropy: 1.0981, Epsilon: 0.010
2026-03-29 21:09:29 | INFO | Episode  443 - Reward: -200.000, Length: 200, Loss: 2.9719, Entropy: 1.0983, Epsilon: 0.010
2026-03-29 21:09:29 | INFO | Episode  444 - Reward: -200.000, Length: 200, Loss: 1.9088, Entropy: 1.0977, Epsilon: 0.010
2026-03-29 21:09:30 | INFO | Episode  445 - Reward: -200.000, Length: 200, Loss: 0.9803, Entropy: 1.0977, Epsilon: 0.010
2026-03-29 21:09:30 | INFO | Episode  446 - Reward: -200.000, Length: 200, Loss: 2.9367, Entropy: 1.0980, Epsilon: 0.010
2026-03-29 21:09:31 | INFO | Episode  447 - Reward: -200.000, Length: 200, Loss: 1.3525, Entropy: 1.0982, Epsilon: 0.010
2026-03-29 21:09:31 | INFO | Episode  448 - Reward: -200.000, Length: 200, Loss: 1.0326, Entropy: 1.0984, Epsilon: 0.010
2026-03-29 21:09:32 | INFO | Episode  449 - Reward: -200.000, Length: 200, Loss: 4.6430, Entropy: 1.0982, Epsilon: 0.010
2026-03-29 21:09:32 | INFO | Episode  450 - Reward: -200.000, Length: 200, Loss: 2.2473, Entropy: 1.0983, Epsilon: 0.010
2026-03-29 21:09:38 | INFO | [Episode  450] eps=0.010  avg_reward=-200.000  avg_length=200.00  avg_loss=  1.5677  avg_entropy=1.0983  eval_success=0.000
2026-03-29 21:09:38 | INFO | Episode  451 - Reward: -200.000, Length: 200, Loss: 2.4940, Entropy: 1.0985, Epsilon: 0.010
2026-03-29 21:09:39 | INFO | Episode  452 - Reward: -200.000, Length: 200, Loss: 0.7464, Entropy: 1.0982, Epsilon: 0.010
2026-03-29 21:09:39 | INFO | Episode  453 - Reward: -200.000, Length: 200, Loss: 1.6146, Entropy: 1.0983, Epsilon: 0.010
2026-03-29 21:09:40 | INFO | Episode  454 - Reward: -200.000, Length: 200, Loss: 2.5347, Entropy: 1.0984, Epsilon: 0.010
2026-03-29 21:09:40 | INFO | Episode  455 - Reward: -200.000, Length: 200, Loss: 2.7904, Entropy: 1.0983, Epsilon: 0.010
2026-03-29 21:09:41 | INFO | Episode  456 - Reward: -200.000, Length: 200, Loss: 1.7462, Entropy: 1.0983, Epsilon: 0.010
2026-03-29 21:09:41 | INFO | Episode  457 - Reward: -200.000, Length: 200, Loss: 2.5417, Entropy: 1.0979, Epsilon: 0.010
2026-03-29 21:09:42 | INFO | Episode  458 - Reward: -200.000, Length: 200, Loss: 1.7461, Entropy: 1.0982, Epsilon: 0.010
2026-03-29 21:09:42 | INFO | Episode  459 - Reward: -200.000, Length: 200, Loss: 3.7978, Entropy: 1.0981, Epsilon: 0.010
2026-03-29 21:09:42 | INFO | Episode  460 - Reward: -200.000, Length: 200, Loss: 0.5415, Entropy: 1.0985, Epsilon: 0.010
2026-03-29 21:09:43 | INFO | Episode  461 - Reward: -200.000, Length: 200, Loss: 4.2645, Entropy: 1.0985, Epsilon: 0.010
2026-03-29 21:09:43 | INFO | Episode  462 - Reward: -200.000, Length: 200, Loss: 6.1743, Entropy: 1.0981, Epsilon: 0.010
2026-03-29 21:09:44 | INFO | Episode  463 - Reward: -200.000, Length: 200, Loss: 2.6308, Entropy: 1.0975, Epsilon: 0.010
2026-03-29 21:09:44 | INFO | Episode  464 - Reward: -200.000, Length: 200, Loss: 4.7686, Entropy: 1.0972, Epsilon: 0.010
2026-03-29 21:09:45 | INFO | Episode  465 - Reward: -200.000, Length: 200, Loss: 1.9706, Entropy: 1.0970, Epsilon: 0.010
2026-03-29 21:09:45 | INFO | Episode  466 - Reward: -200.000, Length: 200, Loss: 4.0340, Entropy: 1.0976, Epsilon: 0.010
2026-03-29 21:09:46 | INFO | Episode  467 - Reward: -200.000, Length: 200, Loss: 4.0441, Entropy: 1.0983, Epsilon: 0.010
2026-03-29 21:09:46 | INFO | Episode  468 - Reward: -200.000, Length: 200, Loss: 2.5910, Entropy: 1.0983, Epsilon: 0.010
2026-03-29 21:09:47 | INFO | Episode  469 - Reward: -200.000, Length: 200, Loss: 2.6127, Entropy: 1.0979, Epsilon: 0.010
2026-03-29 21:09:47 | INFO | Episode  470 - Reward: -200.000, Length: 200, Loss: 3.8919, Entropy: 1.0984, Epsilon: 0.010
2026-03-29 21:09:48 | INFO | Episode  471 - Reward: -200.000, Length: 200, Loss: 3.2227, Entropy: 1.0985, Epsilon: 0.010
2026-03-29 21:09:48 | INFO | Episode  472 - Reward: -200.000, Length: 200, Loss: 3.1926, Entropy: 1.0982, Epsilon: 0.010
2026-03-29 21:09:49 | INFO | Episode  473 - Reward: -200.000, Length: 200, Loss: 7.7086, Entropy: 1.0947, Epsilon: 0.010
2026-03-29 21:09:49 | INFO | Episode  474 - Reward: -200.000, Length: 200, Loss: 8.1305, Entropy: 1.0920, Epsilon: 0.010
2026-03-29 21:09:50 | INFO | Episode  475 - Reward: -200.000, Length: 200, Loss: 1.6015, Entropy: 1.0950, Epsilon: 0.010
2026-03-29 21:09:50 | INFO | Episode  476 - Reward: -200.000, Length: 200, Loss: 5.2460, Entropy: 1.0973, Epsilon: 0.010
2026-03-29 21:09:51 | INFO | Episode  477 - Reward: -200.000, Length: 200, Loss: 5.1888, Entropy: 1.0983, Epsilon: 0.010
2026-03-29 21:09:51 | INFO | Episode  478 - Reward: -200.000, Length: 200, Loss: 5.4653, Entropy: 1.0976, Epsilon: 0.010
2026-03-29 21:09:52 | INFO | Episode  479 - Reward: -200.000, Length: 200, Loss: 5.1968, Entropy: 1.0983, Epsilon: 0.010
2026-03-29 21:09:52 | INFO | Episode  480 - Reward: -200.000, Length: 200, Loss: 6.2902, Entropy: 1.0975, Epsilon: 0.010
2026-03-29 21:09:53 | INFO | Episode  481 - Reward: -200.000, Length: 200, Loss: 4.4419, Entropy: 1.0984, Epsilon: 0.010
2026-03-29 21:09:53 | INFO | Episode  482 - Reward: -200.000, Length: 200, Loss: 5.2124, Entropy: 1.0984, Epsilon: 0.010
2026-03-29 21:09:54 | INFO | Episode  483 - Reward: -200.000, Length: 200, Loss: 4.4856, Entropy: 1.0980, Epsilon: 0.010
2026-03-29 21:09:54 | INFO | Episode  484 - Reward: -200.000, Length: 200, Loss: 4.5765, Entropy: 1.0972, Epsilon: 0.010
2026-03-29 21:09:55 | INFO | Episode  485 - Reward: -200.000, Length: 200, Loss: 4.5632, Entropy: 1.0967, Epsilon: 0.010
2026-03-29 21:09:56 | INFO | Episode  486 - Reward: -200.000, Length: 200, Loss: 4.5941, Entropy: 1.0963, Epsilon: 0.010
2026-03-29 21:09:56 | INFO | Episode  487 - Reward: -200.000, Length: 200, Loss: 7.0848, Entropy: 1.0921, Epsilon: 0.010
2026-03-29 21:09:57 | INFO | Episode  488 - Reward: -200.000, Length: 200, Loss: 4.0275, Entropy: 1.0962, Epsilon: 0.010
2026-03-29 21:09:57 | INFO | Episode  489 - Reward: -200.000, Length: 200, Loss: 5.4644, Entropy: 1.0952, Epsilon: 0.010
2026-03-29 21:09:58 | INFO | Episode  490 - Reward: -200.000, Length: 200, Loss: 1.1348, Entropy: 1.0968, Epsilon: 0.010
2026-03-29 21:09:58 | INFO | Episode  491 - Reward: -200.000, Length: 200, Loss: 5.7172, Entropy: 1.0981, Epsilon: 0.010
2026-03-29 21:09:59 | INFO | Episode  492 - Reward: -200.000, Length: 200, Loss: 4.1884, Entropy: 1.0973, Epsilon: 0.010
2026-03-29 21:09:59 | INFO | Episode  493 - Reward: -200.000, Length: 200, Loss: 4.1598, Entropy: 1.0959, Epsilon: 0.010
2026-03-29 21:10:00 | INFO | Episode  494 - Reward: -200.000, Length: 200, Loss: 4.1036, Entropy: 1.0958, Epsilon: 0.010
2026-03-29 21:10:00 | INFO | Episode  495 - Reward: -200.000, Length: 200, Loss: 5.0059, Entropy: 1.0968, Epsilon: 0.010
2026-03-29 21:10:01 | INFO | Episode  496 - Reward: -200.000, Length: 200, Loss: 5.2660, Entropy: 1.0972, Epsilon: 0.010
2026-03-29 21:10:01 | INFO | Episode  497 - Reward: -200.000, Length: 200, Loss: 9.9115, Entropy: 1.0960, Epsilon: 0.010
2026-03-29 21:10:02 | INFO | Episode  498 - Reward: -200.000, Length: 200, Loss: 2.9117, Entropy: 1.0965, Epsilon: 0.010
2026-03-29 21:10:02 | INFO | Episode  499 - Reward: -200.000, Length: 200, Loss: 5.8519, Entropy: 1.0965, Epsilon: 0.010
2026-03-29 21:10:03 | INFO | Episode  500 - Reward: -200.000, Length: 200, Loss: 6.7070, Entropy: 1.0949, Epsilon: 0.010
2026-03-29 21:10:09 | INFO | [Episode  500] eps=0.010  avg_reward=-200.000  avg_length=200.00  avg_loss=  4.1638  avg_entropy=1.0949  eval_success=0.000
2026-03-29 21:10:09 | INFO | DQN+Entropy training: 5m 22.57s
2026-03-29 21:10:33 | INFO | [Final Eval] success=0.000, mean_reward=-200.000
