2026-03-29 21:17:51 | INFO | ============================================================
2026-03-29 21:17:51 | INFO | DEVICE / COMPUTE INFORMATION
2026-03-29 21:17:51 | INFO |   JAX backend       : CPU
2026-03-29 21:17:51 | INFO |   Platform          : cpu
2026-03-29 21:17:51 | INFO |   Num devices       : 1
2026-03-29 21:17:51 | INFO |   Device            : TFRT_CPU_0
2026-03-29 21:17:51 | INFO | ============================================================
2026-03-29 21:17:51 | INFO | DQN+Entropy | seed=2, lr=0.001, gamma=0.99, alpha=0.05
2026-03-29 21:17:51 | INFO | Env: mountaincar/dense, obs_dim=2, num_actions=3
2026-03-29 21:17:52 | INFO | Episode    1 - Reward: -200.000, Length: 200, Loss: 0.0000, Entropy: 0.0000, Epsilon: 0.998
2026-03-29 21:17:53 | INFO | Episode    2 - Reward: -200.000, Length: 200, Loss: 0.8946, Entropy: 1.0985, Epsilon: 0.995
2026-03-29 21:17:54 | INFO | Episode    3 - Reward: -200.000, Length: 200, Loss: 0.8869, Entropy: 1.0985, Epsilon: 0.993
2026-03-29 21:17:54 | INFO | Episode    4 - Reward: -200.000, Length: 200, Loss: 0.8961, Entropy: 1.0985, Epsilon: 0.990
2026-03-29 21:17:55 | INFO | Episode    5 - Reward: -200.000, Length: 200, Loss: 0.8891, Entropy: 1.0985, Epsilon: 0.988
2026-03-29 21:17:55 | INFO | Episode    6 - Reward: -200.000, Length: 200, Loss: 0.8969, Entropy: 1.0985, Epsilon: 0.985
2026-03-29 21:17:55 | INFO | Episode    7 - Reward: -200.000, Length: 200, Loss: 0.8913, Entropy: 1.0985, Epsilon: 0.983
2026-03-29 21:17:56 | INFO | Episode    8 - Reward: -200.000, Length: 200, Loss: 0.8821, Entropy: 1.0985, Epsilon: 0.980
2026-03-29 21:17:56 | INFO | Episode    9 - Reward: -200.000, Length: 200, Loss: 0.9015, Entropy: 1.0985, Epsilon: 0.978
2026-03-29 21:17:57 | INFO | Episode   10 - Reward: -200.000, Length: 200, Loss: 0.8948, Entropy: 1.0985, Epsilon: 0.975
2026-03-29 21:17:57 | INFO | Episode   11 - Reward: -200.000, Length: 200, Loss: 0.9035, Entropy: 1.0985, Epsilon: 0.973
2026-03-29 21:17:58 | INFO | Episode   12 - Reward: -200.000, Length: 200, Loss: 0.8955, Entropy: 1.0985, Epsilon: 0.970
2026-03-29 21:17:58 | INFO | Episode   13 - Reward: -200.000, Length: 200, Loss: 0.8890, Entropy: 1.0985, Epsilon: 0.968
2026-03-29 21:17:59 | INFO | Episode   14 - Reward: -200.000, Length: 200, Loss: 0.9064, Entropy: 1.0985, Epsilon: 0.965
2026-03-29 21:17:59 | INFO | Episode   15 - Reward: -200.000, Length: 200, Loss: 0.8985, Entropy: 1.0985, Epsilon: 0.963
2026-03-29 21:18:00 | INFO | Episode   16 - Reward: -200.000, Length: 200, Loss: 0.9087, Entropy: 1.0985, Epsilon: 0.960
2026-03-29 21:18:00 | INFO | Episode   17 - Reward: -200.000, Length: 200, Loss: 0.9009, Entropy: 1.0985, Epsilon: 0.958
2026-03-29 21:18:01 | INFO | Episode   18 - Reward: -200.000, Length: 200, Loss: 0.8947, Entropy: 1.0985, Epsilon: 0.955
2026-03-29 21:18:01 | INFO | Episode   19 - Reward: -200.000, Length: 200, Loss: 0.9126, Entropy: 1.0985, Epsilon: 0.953
2026-03-29 21:18:02 | INFO | Episode   20 - Reward: -200.000, Length: 200, Loss: 0.9048, Entropy: 1.0986, Epsilon: 0.951
2026-03-29 21:18:02 | INFO | Episode   21 - Reward: -200.000, Length: 200, Loss: 0.9155, Entropy: 1.0986, Epsilon: 0.948
2026-03-29 21:18:03 | INFO | Episode   22 - Reward: -200.000, Length: 200, Loss: 0.9073, Entropy: 1.0986, Epsilon: 0.946
2026-03-29 21:18:03 | INFO | Episode   23 - Reward: -200.000, Length: 200, Loss: 0.8992, Entropy: 1.0986, Epsilon: 0.943
2026-03-29 21:18:04 | INFO | Episode   24 - Reward: -200.000, Length: 200, Loss: 0.9174, Entropy: 1.0986, Epsilon: 0.941
2026-03-29 21:18:04 | INFO | Episode   25 - Reward: -200.000, Length: 200, Loss: 0.9114, Entropy: 1.0986, Epsilon: 0.938
2026-03-29 21:18:05 | INFO | Episode   26 - Reward: -200.000, Length: 200, Loss: 0.9193, Entropy: 1.0986, Epsilon: 0.936
2026-03-29 21:18:05 | INFO | Episode   27 - Reward: -200.000, Length: 200, Loss: 0.9131, Entropy: 1.0986, Epsilon: 0.933
2026-03-29 21:18:05 | INFO | Episode   28 - Reward: -200.000, Length: 200, Loss: 0.9043, Entropy: 1.0986, Epsilon: 0.931
2026-03-29 21:18:06 | INFO | Episode   29 - Reward: -200.000, Length: 200, Loss: 0.9218, Entropy: 1.0986, Epsilon: 0.928
2026-03-29 21:18:06 | INFO | Episode   30 - Reward: -200.000, Length: 200, Loss: 0.9142, Entropy: 1.0986, Epsilon: 0.926
2026-03-29 21:18:07 | INFO | Episode   31 - Reward: -200.000, Length: 200, Loss: 0.9235, Entropy: 1.0986, Epsilon: 0.923
2026-03-29 21:18:08 | INFO | Episode   32 - Reward: -200.000, Length: 200, Loss: 0.9156, Entropy: 1.0986, Epsilon: 0.921
2026-03-29 21:18:08 | INFO | Episode   33 - Reward: -200.000, Length: 200, Loss: 0.9084, Entropy: 1.0986, Epsilon: 0.918
2026-03-29 21:18:09 | INFO | Episode   34 - Reward: -200.000, Length: 200, Loss: 0.9245, Entropy: 1.0986, Epsilon: 0.916
2026-03-29 21:18:09 | INFO | Episode   35 - Reward: -200.000, Length: 200, Loss: 0.9162, Entropy: 1.0986, Epsilon: 0.913
2026-03-29 21:18:10 | INFO | Episode   36 - Reward: -200.000, Length: 200, Loss: 0.9252, Entropy: 1.0986, Epsilon: 0.911
2026-03-29 21:18:10 | INFO | Episode   37 - Reward: -200.000, Length: 200, Loss: 0.9174, Entropy: 1.0986, Epsilon: 0.908
2026-03-29 21:18:11 | INFO | Episode   38 - Reward: -200.000, Length: 200, Loss: 0.9107, Entropy: 1.0986, Epsilon: 0.906
2026-03-29 21:18:11 | INFO | Episode   39 - Reward: -200.000, Length: 200, Loss: 0.9254, Entropy: 1.0986, Epsilon: 0.903
2026-03-29 21:18:12 | INFO | Episode   40 - Reward: -200.000, Length: 200, Loss: 0.9176, Entropy: 1.0986, Epsilon: 0.901
2026-03-29 21:18:12 | INFO | Episode   41 - Reward: -200.000, Length: 200, Loss: 0.9261, Entropy: 1.0986, Epsilon: 0.899
2026-03-29 21:18:13 | INFO | Episode   42 - Reward: -200.000, Length: 200, Loss: 0.9182, Entropy: 1.0986, Epsilon: 0.896
2026-03-29 21:18:13 | INFO | Episode   43 - Reward: -200.000, Length: 200, Loss: 0.9096, Entropy: 1.0986, Epsilon: 0.894
2026-03-29 21:18:14 | INFO | Episode   44 - Reward: -200.000, Length: 200, Loss: 0.9266, Entropy: 1.0986, Epsilon: 0.891
2026-03-29 21:18:14 | INFO | Episode   45 - Reward: -200.000, Length: 200, Loss: 0.9173, Entropy: 1.0986, Epsilon: 0.889
2026-03-29 21:18:15 | INFO | Episode   46 - Reward: -200.000, Length: 200, Loss: 0.9267, Entropy: 1.0986, Epsilon: 0.886
2026-03-29 21:18:15 | INFO | Episode   47 - Reward: -200.000, Length: 200, Loss: 0.9156, Entropy: 1.0986, Epsilon: 0.884
2026-03-29 21:18:15 | INFO | Episode   48 - Reward: -200.000, Length: 200, Loss: 0.9091, Entropy: 1.0986, Epsilon: 0.881
2026-03-29 21:18:16 | INFO | Episode   49 - Reward: -200.000, Length: 200, Loss: 0.9262, Entropy: 1.0986, Epsilon: 0.879
2026-03-29 21:18:16 | INFO | Episode   50 - Reward: -200.000, Length: 200, Loss: 0.9180, Entropy: 1.0986, Epsilon: 0.876
2026-03-29 21:18:23 | INFO | [Episode   50] eps=0.876  avg_reward=-200.000  avg_length=200.00  avg_loss=  0.8910  avg_entropy=1.0986  eval_success=0.000
2026-03-29 21:18:23 | INFO | Episode   51 - Reward: -200.000, Length: 200, Loss: 0.9241, Entropy: 1.0986, Epsilon: 0.874
2026-03-29 21:18:24 | INFO | Episode   52 - Reward: -200.000, Length: 200, Loss: 0.9164, Entropy: 1.0986, Epsilon: 0.871
2026-03-29 21:18:24 | INFO | Episode   53 - Reward: -200.000, Length: 200, Loss: 0.9090, Entropy: 1.0986, Epsilon: 0.869
2026-03-29 21:18:25 | INFO | Episode   54 - Reward: -200.000, Length: 200, Loss: 0.9228, Entropy: 1.0986, Epsilon: 0.866
2026-03-29 21:18:25 | INFO | Episode   55 - Reward: -200.000, Length: 200, Loss: 0.9173, Entropy: 1.0986, Epsilon: 0.864
2026-03-29 21:18:26 | INFO | Episode   56 - Reward: -200.000, Length: 200, Loss: 0.9261, Entropy: 1.0986, Epsilon: 0.861
2026-03-29 21:18:26 | INFO | Episode   57 - Reward: -200.000, Length: 200, Loss: 0.9175, Entropy: 1.0986, Epsilon: 0.859
2026-03-29 21:18:26 | INFO | Episode   58 - Reward: -200.000, Length: 200, Loss: 0.9100, Entropy: 1.0986, Epsilon: 0.856
2026-03-29 21:18:27 | INFO | Episode   59 - Reward: -200.000, Length: 200, Loss: 0.9252, Entropy: 1.0986, Epsilon: 0.854
2026-03-29 21:18:27 | INFO | Episode   60 - Reward: -200.000, Length: 200, Loss: 0.9186, Entropy: 1.0986, Epsilon: 0.852
2026-03-29 21:18:28 | INFO | Episode   61 - Reward: -200.000, Length: 200, Loss: 0.9274, Entropy: 1.0986, Epsilon: 0.849
2026-03-29 21:18:28 | INFO | Episode   62 - Reward: -200.000, Length: 200, Loss: 0.9186, Entropy: 1.0986, Epsilon: 0.847
2026-03-29 21:18:29 | INFO | Episode   63 - Reward: -200.000, Length: 200, Loss: 0.9120, Entropy: 1.0986, Epsilon: 0.844
2026-03-29 21:18:29 | INFO | Episode   64 - Reward: -200.000, Length: 200, Loss: 0.9276, Entropy: 1.0986, Epsilon: 0.842
2026-03-29 21:18:29 | INFO | Episode   65 - Reward: -200.000, Length: 200, Loss: 0.9158, Entropy: 1.0986, Epsilon: 0.839
2026-03-29 21:18:30 | INFO | Episode   66 - Reward: -200.000, Length: 200, Loss: 0.9275, Entropy: 1.0986, Epsilon: 0.837
2026-03-29 21:18:30 | INFO | Episode   67 - Reward: -200.000, Length: 200, Loss: 0.9201, Entropy: 1.0986, Epsilon: 0.834
2026-03-29 21:18:31 | INFO | Episode   68 - Reward: -200.000, Length: 200, Loss: 0.9130, Entropy: 1.0986, Epsilon: 0.832
2026-03-29 21:18:31 | INFO | Episode   69 - Reward: -200.000, Length: 200, Loss: 0.9284, Entropy: 1.0986, Epsilon: 0.829
2026-03-29 21:18:32 | INFO | Episode   70 - Reward: -200.000, Length: 200, Loss: 0.9202, Entropy: 1.0986, Epsilon: 0.827
2026-03-29 21:18:32 | INFO | Episode   71 - Reward: -200.000, Length: 200, Loss: 0.9296, Entropy: 1.0986, Epsilon: 0.824
2026-03-29 21:18:33 | INFO | Episode   72 - Reward: -200.000, Length: 200, Loss: 0.9230, Entropy: 1.0986, Epsilon: 0.822
2026-03-29 21:18:33 | INFO | Episode   73 - Reward: -200.000, Length: 200, Loss: 0.9124, Entropy: 1.0986, Epsilon: 0.819
2026-03-29 21:18:34 | INFO | Episode   74 - Reward: -200.000, Length: 200, Loss: 0.9311, Entropy: 1.0986, Epsilon: 0.817
2026-03-29 21:18:34 | INFO | Episode   75 - Reward: -200.000, Length: 200, Loss: 0.9209, Entropy: 1.0986, Epsilon: 0.814
2026-03-29 21:18:34 | INFO | Episode   76 - Reward: -200.000, Length: 200, Loss: 0.9316, Entropy: 1.0986, Epsilon: 0.812
2026-03-29 21:18:35 | INFO | Episode   77 - Reward: -200.000, Length: 200, Loss: 0.9233, Entropy: 1.0986, Epsilon: 0.809
2026-03-29 21:18:35 | INFO | Episode   78 - Reward: -200.000, Length: 200, Loss: 0.9138, Entropy: 1.0986, Epsilon: 0.807
2026-03-29 21:18:36 | INFO | Episode   79 - Reward: -200.000, Length: 200, Loss: 0.9299, Entropy: 1.0986, Epsilon: 0.804
2026-03-29 21:18:36 | INFO | Episode   80 - Reward: -200.000, Length: 200, Loss: 0.9209, Entropy: 1.0986, Epsilon: 0.802
2026-03-29 21:18:37 | INFO | Episode   81 - Reward: -200.000, Length: 200, Loss: 0.9296, Entropy: 1.0986, Epsilon: 0.800
2026-03-29 21:18:37 | INFO | Episode   82 - Reward: -200.000, Length: 200, Loss: 0.9187, Entropy: 1.0986, Epsilon: 0.797
2026-03-29 21:18:38 | INFO | Episode   83 - Reward: -200.000, Length: 200, Loss: 0.9119, Entropy: 1.0986, Epsilon: 0.795
2026-03-29 21:18:38 | INFO | Episode   84 - Reward: -200.000, Length: 200, Loss: 0.9267, Entropy: 1.0986, Epsilon: 0.792
2026-03-29 21:18:38 | INFO | Episode   85 - Reward: -200.000, Length: 200, Loss: 0.9192, Entropy: 1.0986, Epsilon: 0.790
2026-03-29 21:18:39 | INFO | Episode   86 - Reward: -200.000, Length: 200, Loss: 0.9268, Entropy: 1.0986, Epsilon: 0.787
2026-03-29 21:18:39 | INFO | Episode   87 - Reward: -200.000, Length: 200, Loss: 0.9168, Entropy: 1.0986, Epsilon: 0.785
2026-03-29 21:18:40 | INFO | Episode   88 - Reward: -200.000, Length: 200, Loss: 0.9081, Entropy: 1.0986, Epsilon: 0.782
2026-03-29 21:18:41 | INFO | Episode   89 - Reward: -200.000, Length: 200, Loss: 0.9252, Entropy: 1.0986, Epsilon: 0.780
2026-03-29 21:18:41 | INFO | Episode   90 - Reward: -200.000, Length: 200, Loss: 0.9140, Entropy: 1.0986, Epsilon: 0.777
2026-03-29 21:18:42 | INFO | Episode   91 - Reward: -200.000, Length: 200, Loss: 0.9246, Entropy: 1.0986, Epsilon: 0.775
2026-03-29 21:18:42 | INFO | Episode   92 - Reward: -200.000, Length: 200, Loss: 0.9142, Entropy: 1.0986, Epsilon: 0.772
2026-03-29 21:18:43 | INFO | Episode   93 - Reward: -200.000, Length: 200, Loss: 0.9057, Entropy: 1.0986, Epsilon: 0.770
2026-03-29 21:18:43 | INFO | Episode   94 - Reward: -200.000, Length: 200, Loss: 0.9233, Entropy: 1.0986, Epsilon: 0.767
2026-03-29 21:18:43 | INFO | Episode   95 - Reward: -200.000, Length: 200, Loss: 0.9148, Entropy: 1.0986, Epsilon: 0.765
2026-03-29 21:18:44 | INFO | Episode   96 - Reward: -200.000, Length: 200, Loss: 0.9250, Entropy: 1.0986, Epsilon: 0.762
2026-03-29 21:18:44 | INFO | Episode   97 - Reward: -200.000, Length: 200, Loss: 0.9121, Entropy: 1.0986, Epsilon: 0.760
2026-03-29 21:18:45 | INFO | Episode   98 - Reward: -200.000, Length: 200, Loss: 0.9064, Entropy: 1.0986, Epsilon: 0.757
2026-03-29 21:18:45 | INFO | Episode   99 - Reward: -200.000, Length: 200, Loss: 0.9223, Entropy: 1.0986, Epsilon: 0.755
2026-03-29 21:18:45 | INFO | Episode  100 - Reward: -200.000, Length: 200, Loss: 0.9124, Entropy: 1.0986, Epsilon: 0.752
2026-03-29 21:18:51 | INFO | [Episode  100] eps=0.752  avg_reward=-200.000  avg_length=200.00  avg_loss=  0.9198  avg_entropy=1.0986  eval_success=0.000
2026-03-29 21:18:51 | INFO | Episode  101 - Reward: -200.000, Length: 200, Loss: 0.9205, Entropy: 1.0986, Epsilon: 0.750
2026-03-29 21:18:52 | INFO | Episode  102 - Reward: -200.000, Length: 200, Loss: 0.9124, Entropy: 1.0986, Epsilon: 0.748
2026-03-29 21:18:52 | INFO | Episode  103 - Reward: -200.000, Length: 200, Loss: 0.9042, Entropy: 1.0986, Epsilon: 0.745
2026-03-29 21:18:53 | INFO | Episode  104 - Reward: -200.000, Length: 200, Loss: 0.9206, Entropy: 1.0986, Epsilon: 0.743
2026-03-29 21:18:53 | INFO | Episode  105 - Reward: -200.000, Length: 200, Loss: 0.9116, Entropy: 1.0986, Epsilon: 0.740
2026-03-29 21:18:54 | INFO | Episode  106 - Reward: -200.000, Length: 200, Loss: 0.9178, Entropy: 1.0986, Epsilon: 0.738
2026-03-29 21:18:54 | INFO | Episode  107 - Reward: -200.000, Length: 200, Loss: 0.9091, Entropy: 1.0986, Epsilon: 0.735
2026-03-29 21:18:55 | INFO | Episode  108 - Reward: -200.000, Length: 200, Loss: 0.9032, Entropy: 1.0986, Epsilon: 0.733
2026-03-29 21:18:56 | INFO | Episode  109 - Reward: -200.000, Length: 200, Loss: 0.9223, Entropy: 1.0986, Epsilon: 0.730
2026-03-29 21:18:56 | INFO | Episode  110 - Reward: -200.000, Length: 200, Loss: 0.9118, Entropy: 1.0986, Epsilon: 0.728
2026-03-29 21:18:57 | INFO | Episode  111 - Reward: -200.000, Length: 200, Loss: 0.9216, Entropy: 1.0986, Epsilon: 0.725
2026-03-29 21:18:58 | INFO | Episode  112 - Reward: -200.000, Length: 200, Loss: 0.9107, Entropy: 1.0986, Epsilon: 0.723
2026-03-29 21:18:58 | INFO | Episode  113 - Reward: -200.000, Length: 200, Loss: 0.9012, Entropy: 1.0986, Epsilon: 0.720
2026-03-29 21:18:59 | INFO | Episode  114 - Reward: -200.000, Length: 200, Loss: 0.9176, Entropy: 1.0986, Epsilon: 0.718
2026-03-29 21:18:59 | INFO | Episode  115 - Reward: -200.000, Length: 200, Loss: 0.9093, Entropy: 1.0986, Epsilon: 0.715
2026-03-29 21:19:00 | INFO | Episode  116 - Reward: -200.000, Length: 200, Loss: 0.9177, Entropy: 1.0986, Epsilon: 0.713
2026-03-29 21:19:01 | INFO | Episode  117 - Reward: -200.000, Length: 200, Loss: 0.9096, Entropy: 1.0986, Epsilon: 0.710
2026-03-29 21:19:01 | INFO | Episode  118 - Reward: -200.000, Length: 200, Loss: 0.8973, Entropy: 1.0986, Epsilon: 0.708
2026-03-29 21:19:02 | INFO | Episode  119 - Reward: -200.000, Length: 200, Loss: 0.9150, Entropy: 1.0986, Epsilon: 0.705
2026-03-29 21:19:02 | INFO | Episode  120 - Reward: -200.000, Length: 200, Loss: 0.9090, Entropy: 1.0986, Epsilon: 0.703
2026-03-29 21:19:03 | INFO | Episode  121 - Reward: -200.000, Length: 200, Loss: 0.9191, Entropy: 1.0986, Epsilon: 0.701
2026-03-29 21:19:04 | INFO | Episode  122 - Reward: -200.000, Length: 200, Loss: 0.9096, Entropy: 1.0986, Epsilon: 0.698
2026-03-29 21:19:04 | INFO | Episode  123 - Reward: -200.000, Length: 200, Loss: 0.8941, Entropy: 1.0986, Epsilon: 0.696
2026-03-29 21:19:05 | INFO | Episode  124 - Reward: -200.000, Length: 200, Loss: 0.9194, Entropy: 1.0986, Epsilon: 0.693
2026-03-29 21:19:06 | INFO | Episode  125 - Reward: -200.000, Length: 200, Loss: 0.9077, Entropy: 1.0986, Epsilon: 0.691
2026-03-29 21:19:06 | INFO | Episode  126 - Reward: -200.000, Length: 200, Loss: 0.9207, Entropy: 1.0986, Epsilon: 0.688
2026-03-29 21:19:07 | INFO | Episode  127 - Reward: -200.000, Length: 200, Loss: 0.9087, Entropy: 1.0986, Epsilon: 0.686
2026-03-29 21:19:07 | INFO | Episode  128 - Reward: -200.000, Length: 200, Loss: 0.8966, Entropy: 1.0986, Epsilon: 0.683
2026-03-29 21:19:08 | INFO | Episode  129 - Reward: -200.000, Length: 200, Loss: 0.9208, Entropy: 1.0986, Epsilon: 0.681
2026-03-29 21:19:09 | INFO | Episode  130 - Reward: -200.000, Length: 200, Loss: 0.9098, Entropy: 1.0986, Epsilon: 0.678
2026-03-29 21:19:09 | INFO | Episode  131 - Reward: -200.000, Length: 200, Loss: 0.9187, Entropy: 1.0986, Epsilon: 0.676
2026-03-29 21:19:10 | INFO | Episode  132 - Reward: -200.000, Length: 200, Loss: 0.9060, Entropy: 1.0986, Epsilon: 0.673
2026-03-29 21:19:10 | INFO | Episode  133 - Reward: -200.000, Length: 200, Loss: 0.8972, Entropy: 1.0986, Epsilon: 0.671
2026-03-29 21:19:11 | INFO | Episode  134 - Reward: -200.000, Length: 200, Loss: 0.9167, Entropy: 1.0986, Epsilon: 0.668
2026-03-29 21:19:12 | INFO | Episode  135 - Reward: -200.000, Length: 200, Loss: 0.9047, Entropy: 1.0986, Epsilon: 0.666
2026-03-29 21:19:12 | INFO | Episode  136 - Reward: -200.000, Length: 200, Loss: 0.9199, Entropy: 1.0986, Epsilon: 0.663
2026-03-29 21:19:13 | INFO | Episode  137 - Reward: -200.000, Length: 200, Loss: 0.9099, Entropy: 1.0986, Epsilon: 0.661
2026-03-29 21:19:14 | INFO | Episode  138 - Reward: -200.000, Length: 200, Loss: 0.8974, Entropy: 1.0986, Epsilon: 0.658
2026-03-29 21:19:15 | INFO | Episode  139 - Reward: -200.000, Length: 200, Loss: 0.9176, Entropy: 1.0986, Epsilon: 0.656
2026-03-29 21:19:15 | INFO | Episode  140 - Reward: -200.000, Length: 200, Loss: 0.9047, Entropy: 1.0986, Epsilon: 0.653
2026-03-29 21:19:16 | INFO | Episode  141 - Reward: -200.000, Length: 200, Loss: 0.9197, Entropy: 1.0986, Epsilon: 0.651
2026-03-29 21:19:17 | INFO | Episode  142 - Reward: -200.000, Length: 200, Loss: 0.9104, Entropy: 1.0986, Epsilon: 0.649
2026-03-29 21:19:17 | INFO | Episode  143 - Reward: -200.000, Length: 200, Loss: 0.9018, Entropy: 1.0986, Epsilon: 0.646
2026-03-29 21:19:18 | INFO | Episode  144 - Reward: -200.000, Length: 200, Loss: 0.9216, Entropy: 1.0986, Epsilon: 0.644
2026-03-29 21:19:19 | INFO | Episode  145 - Reward: -200.000, Length: 200, Loss: 0.9092, Entropy: 1.0986, Epsilon: 0.641
2026-03-29 21:19:20 | INFO | Episode  146 - Reward: -200.000, Length: 200, Loss: 0.9192, Entropy: 1.0986, Epsilon: 0.639
2026-03-29 21:19:20 | INFO | Episode  147 - Reward: -200.000, Length: 200, Loss: 0.9100, Entropy: 1.0986, Epsilon: 0.636
2026-03-29 21:19:21 | INFO | Episode  148 - Reward: -200.000, Length: 200, Loss: 0.8967, Entropy: 1.0986, Epsilon: 0.634
2026-03-29 21:19:22 | INFO | Episode  149 - Reward: -200.000, Length: 200, Loss: 0.9184, Entropy: 1.0986, Epsilon: 0.631
2026-03-29 21:19:23 | INFO | Episode  150 - Reward: -200.000, Length: 200, Loss: 0.9089, Entropy: 1.0986, Epsilon: 0.629
2026-03-29 21:19:30 | INFO | [Episode  150] eps=0.629  avg_reward=-200.000  avg_length=200.00  avg_loss=  0.9112  avg_entropy=1.0986  eval_success=0.000
2026-03-29 21:19:31 | INFO | Episode  151 - Reward: -200.000, Length: 200, Loss: 0.9206, Entropy: 1.0986, Epsilon: 0.626
2026-03-29 21:19:32 | INFO | Episode  152 - Reward: -200.000, Length: 200, Loss: 0.9088, Entropy: 1.0986, Epsilon: 0.624
2026-03-29 21:19:32 | INFO | Episode  153 - Reward: -200.000, Length: 200, Loss: 0.8945, Entropy: 1.0986, Epsilon: 0.621
2026-03-29 21:19:33 | INFO | Episode  154 - Reward: -200.000, Length: 200, Loss: 0.9219, Entropy: 1.0986, Epsilon: 0.619
2026-03-29 21:19:34 | INFO | Episode  155 - Reward: -200.000, Length: 200, Loss: 0.9025, Entropy: 1.0986, Epsilon: 0.616
2026-03-29 21:19:34 | INFO | Episode  156 - Reward: -200.000, Length: 200, Loss: 0.9197, Entropy: 1.0986, Epsilon: 0.614
2026-03-29 21:19:35 | INFO | Episode  157 - Reward: -200.000, Length: 200, Loss: 0.9102, Entropy: 1.0986, Epsilon: 0.611
2026-03-29 21:19:36 | INFO | Episode  158 - Reward: -200.000, Length: 200, Loss: 0.8970, Entropy: 1.0986, Epsilon: 0.609
2026-03-29 21:19:36 | INFO | Episode  159 - Reward: -200.000, Length: 200, Loss: 0.9193, Entropy: 1.0986, Epsilon: 0.606
2026-03-29 21:19:37 | INFO | Episode  160 - Reward: -200.000, Length: 200, Loss: 0.9066, Entropy: 1.0986, Epsilon: 0.604
2026-03-29 21:19:37 | INFO | Episode  161 - Reward: -200.000, Length: 200, Loss: 0.9180, Entropy: 1.0986, Epsilon: 0.602
2026-03-29 21:19:38 | INFO | Episode  162 - Reward: -200.000, Length: 200, Loss: 0.9058, Entropy: 1.0986, Epsilon: 0.599
2026-03-29 21:19:39 | INFO | Episode  163 - Reward: -200.000, Length: 200, Loss: 0.8897, Entropy: 1.0986, Epsilon: 0.597
2026-03-29 21:19:39 | INFO | Episode  164 - Reward: -200.000, Length: 200, Loss: 0.9146, Entropy: 1.0986, Epsilon: 0.594
2026-03-29 21:19:40 | INFO | Episode  165 - Reward: -200.000, Length: 200, Loss: 0.9033, Entropy: 1.0986, Epsilon: 0.592
2026-03-29 21:19:40 | INFO | Episode  166 - Reward: -200.000, Length: 200, Loss: 0.9110, Entropy: 1.0986, Epsilon: 0.589
2026-03-29 21:19:41 | INFO | Episode  167 - Reward: -200.000, Length: 200, Loss: 0.9055, Entropy: 1.0986, Epsilon: 0.587
2026-03-29 21:19:42 | INFO | Episode  168 - Reward: -200.000, Length: 200, Loss: 0.8901, Entropy: 1.0986, Epsilon: 0.584
2026-03-29 21:19:42 | INFO | Episode  169 - Reward: -200.000, Length: 200, Loss: 0.9153, Entropy: 1.0986, Epsilon: 0.582
2026-03-29 21:19:43 | INFO | Episode  170 - Reward: -200.000, Length: 200, Loss: 0.9016, Entropy: 1.0986, Epsilon: 0.579
2026-03-29 21:19:44 | INFO | Episode  171 - Reward: -200.000, Length: 200, Loss: 0.9127, Entropy: 1.0986, Epsilon: 0.577
2026-03-29 21:19:44 | INFO | Episode  172 - Reward: -200.000, Length: 200, Loss: 0.9011, Entropy: 1.0986, Epsilon: 0.574
2026-03-29 21:19:45 | INFO | Episode  173 - Reward: -200.000, Length: 200, Loss: 0.8863, Entropy: 1.0986, Epsilon: 0.572
2026-03-29 21:19:45 | INFO | Episode  174 - Reward: -200.000, Length: 200, Loss: 0.9125, Entropy: 1.0986, Epsilon: 0.569
2026-03-29 21:19:47 | INFO | Episode  175 - Reward: -200.000, Length: 200, Loss: 0.8993, Entropy: 1.0986, Epsilon: 0.567
2026-03-29 21:19:47 | INFO | Episode  176 - Reward: -200.000, Length: 200, Loss: 0.9105, Entropy: 1.0986, Epsilon: 0.564
2026-03-29 21:19:48 | INFO | Episode  177 - Reward: -200.000, Length: 200, Loss: 0.8976, Entropy: 1.0986, Epsilon: 0.562
2026-03-29 21:19:48 | INFO | Episode  178 - Reward: -200.000, Length: 200, Loss: 0.8837, Entropy: 1.0986, Epsilon: 0.559
2026-03-29 21:19:49 | INFO | Episode  179 - Reward: -200.000, Length: 200, Loss: 0.9034, Entropy: 1.0986, Epsilon: 0.557
2026-03-29 21:19:50 | INFO | Episode  180 - Reward: -200.000, Length: 200, Loss: 0.8974, Entropy: 1.0986, Epsilon: 0.554
2026-03-29 21:19:50 | INFO | Episode  181 - Reward: -200.000, Length: 200, Loss: 0.9077, Entropy: 1.0986, Epsilon: 0.552
2026-03-29 21:19:51 | INFO | Episode  182 - Reward: -200.000, Length: 200, Loss: 0.8958, Entropy: 1.0986, Epsilon: 0.550
2026-03-29 21:19:51 | INFO | Episode  183 - Reward: -200.000, Length: 200, Loss: 0.8815, Entropy: 1.0986, Epsilon: 0.547
2026-03-29 21:19:52 | INFO | Episode  184 - Reward: -200.000, Length: 200, Loss: 0.9093, Entropy: 1.0986, Epsilon: 0.545
2026-03-29 21:19:52 | INFO | Episode  185 - Reward: -200.000, Length: 200, Loss: 0.8935, Entropy: 1.0986, Epsilon: 0.542
2026-03-29 21:19:52 | INFO | Episode  186 - Reward: -200.000, Length: 200, Loss: 0.9132, Entropy: 1.0986, Epsilon: 0.540
2026-03-29 21:19:53 | INFO | Episode  187 - Reward: -200.000, Length: 200, Loss: 0.8931, Entropy: 1.0986, Epsilon: 0.537
2026-03-29 21:19:53 | INFO | Episode  188 - Reward: -200.000, Length: 200, Loss: 0.8785, Entropy: 1.0986, Epsilon: 0.535
2026-03-29 21:19:54 | INFO | Episode  189 - Reward: -200.000, Length: 200, Loss: 0.9086, Entropy: 1.0986, Epsilon: 0.532
2026-03-29 21:19:54 | INFO | Episode  190 - Reward: -200.000, Length: 200, Loss: 0.8957, Entropy: 1.0986, Epsilon: 0.530
2026-03-29 21:19:54 | INFO | Episode  191 - Reward: -200.000, Length: 200, Loss: 0.9100, Entropy: 1.0986, Epsilon: 0.527
2026-03-29 21:19:55 | INFO | Episode  192 - Reward: -200.000, Length: 200, Loss: 0.8961, Entropy: 1.0986, Epsilon: 0.525
2026-03-29 21:19:55 | INFO | Episode  193 - Reward: -200.000, Length: 200, Loss: 0.8789, Entropy: 1.0986, Epsilon: 0.522
2026-03-29 21:19:56 | INFO | Episode  194 - Reward: -200.000, Length: 200, Loss: 0.9109, Entropy: 1.0986, Epsilon: 0.520
2026-03-29 21:19:56 | INFO | Episode  195 - Reward: -200.000, Length: 200, Loss: 0.8886, Entropy: 1.0986, Epsilon: 0.517
2026-03-29 21:19:56 | INFO | Episode  196 - Reward: -200.000, Length: 200, Loss: 0.9053, Entropy: 1.0986, Epsilon: 0.515
2026-03-29 21:19:57 | INFO | Episode  197 - Reward: -200.000, Length: 200, Loss: 0.8889, Entropy: 1.0986, Epsilon: 0.512
2026-03-29 21:19:57 | INFO | Episode  198 - Reward: -200.000, Length: 200, Loss: 0.8751, Entropy: 1.0986, Epsilon: 0.510
2026-03-29 21:19:58 | INFO | Episode  199 - Reward: -200.000, Length: 200, Loss: 0.9062, Entropy: 1.0986, Epsilon: 0.507
2026-03-29 21:19:58 | INFO | Episode  200 - Reward: -200.000, Length: 200, Loss: 0.8915, Entropy: 1.0986, Epsilon: 0.505
2026-03-29 21:20:04 | INFO | [Episode  200] eps=0.505  avg_reward=-200.000  avg_length=200.00  avg_loss=  0.9018  avg_entropy=1.0986  eval_success=0.000
2026-03-29 21:20:04 | INFO | Episode  201 - Reward: -200.000, Length: 200, Loss: 0.9081, Entropy: 1.0986, Epsilon: 0.503
2026-03-29 21:20:05 | INFO | Episode  202 - Reward: -200.000, Length: 200, Loss: 0.8846, Entropy: 1.0986, Epsilon: 0.500
2026-03-29 21:20:05 | INFO | Episode  203 - Reward: -200.000, Length: 200, Loss: 0.8730, Entropy: 1.0986, Epsilon: 0.498
2026-03-29 21:20:06 | INFO | Episode  204 - Reward: -200.000, Length: 200, Loss: 0.9096, Entropy: 1.0986, Epsilon: 0.495
2026-03-29 21:20:06 | INFO | Episode  205 - Reward: -200.000, Length: 200, Loss: 0.8892, Entropy: 1.0986, Epsilon: 0.493
2026-03-29 21:20:07 | INFO | Episode  206 - Reward: -200.000, Length: 200, Loss: 0.9111, Entropy: 1.0986, Epsilon: 0.490
2026-03-29 21:20:07 | INFO | Episode  207 - Reward: -200.000, Length: 200, Loss: 0.8930, Entropy: 1.0986, Epsilon: 0.488
2026-03-29 21:20:07 | INFO | Episode  208 - Reward: -200.000, Length: 200, Loss: 0.8709, Entropy: 1.0986, Epsilon: 0.485
2026-03-29 21:20:08 | INFO | Episode  209 - Reward: -200.000, Length: 200, Loss: 0.9083, Entropy: 1.0986, Epsilon: 0.483
2026-03-29 21:20:08 | INFO | Episode  210 - Reward: -200.000, Length: 200, Loss: 0.8883, Entropy: 1.0986, Epsilon: 0.480
2026-03-29 21:20:09 | INFO | Episode  211 - Reward: -200.000, Length: 200, Loss: 0.9079, Entropy: 1.0986, Epsilon: 0.478
2026-03-29 21:20:09 | INFO | Episode  212 - Reward: -200.000, Length: 200, Loss: 0.8879, Entropy: 1.0986, Epsilon: 0.475
2026-03-29 21:20:10 | INFO | Episode  213 - Reward: -200.000, Length: 200, Loss: 0.8713, Entropy: 1.0986, Epsilon: 0.473
2026-03-29 21:20:10 | INFO | Episode  214 - Reward: -200.000, Length: 200, Loss: 0.9108, Entropy: 1.0986, Epsilon: 0.470
2026-03-29 21:20:10 | INFO | Episode  215 - Reward: -200.000, Length: 200, Loss: 0.8905, Entropy: 1.0986, Epsilon: 0.468
2026-03-29 21:20:11 | INFO | Episode  216 - Reward: -200.000, Length: 200, Loss: 0.9073, Entropy: 1.0986, Epsilon: 0.465
2026-03-29 21:20:11 | INFO | Episode  217 - Reward: -200.000, Length: 200, Loss: 0.8836, Entropy: 1.0986, Epsilon: 0.463
2026-03-29 21:20:12 | INFO | Episode  218 - Reward: -200.000, Length: 200, Loss: 0.8685, Entropy: 1.0986, Epsilon: 0.460
2026-03-29 21:20:12 | INFO | Episode  219 - Reward: -200.000, Length: 200, Loss: 0.9049, Entropy: 1.0986, Epsilon: 0.458
2026-03-29 21:20:13 | INFO | Episode  220 - Reward: -200.000, Length: 200, Loss: 0.8854, Entropy: 1.0986, Epsilon: 0.456
2026-03-29 21:20:13 | INFO | Episode  221 - Reward: -200.000, Length: 200, Loss: 0.9047, Entropy: 1.0986, Epsilon: 0.453
2026-03-29 21:20:13 | INFO | Episode  222 - Reward: -200.000, Length: 200, Loss: 0.8837, Entropy: 1.0986, Epsilon: 0.451
2026-03-29 21:20:14 | INFO | Episode  223 - Reward: -200.000, Length: 200, Loss: 0.8602, Entropy: 1.0986, Epsilon: 0.448
2026-03-29 21:20:14 | INFO | Episode  224 - Reward: -200.000, Length: 200, Loss: 0.9013, Entropy: 1.0986, Epsilon: 0.446
2026-03-29 21:20:15 | INFO | Episode  225 - Reward: -200.000, Length: 200, Loss: 0.8803, Entropy: 1.0986, Epsilon: 0.443
2026-03-29 21:20:15 | INFO | Episode  226 - Reward: -200.000, Length: 200, Loss: 0.8995, Entropy: 1.0986, Epsilon: 0.441
2026-03-29 21:20:16 | INFO | Episode  227 - Reward: -200.000, Length: 200, Loss: 0.8776, Entropy: 1.0986, Epsilon: 0.438
2026-03-29 21:20:16 | INFO | Episode  228 - Reward: -200.000, Length: 200, Loss: 0.8564, Entropy: 1.0986, Epsilon: 0.436
2026-03-29 21:20:16 | INFO | Episode  229 - Reward: -200.000, Length: 200, Loss: 0.8986, Entropy: 1.0986, Epsilon: 0.433
2026-03-29 21:20:17 | INFO | Episode  230 - Reward: -200.000, Length: 200, Loss: 0.8788, Entropy: 1.0986, Epsilon: 0.431
2026-03-29 21:20:17 | INFO | Episode  231 - Reward: -200.000, Length: 200, Loss: 0.8945, Entropy: 1.0986, Epsilon: 0.428
2026-03-29 21:20:18 | INFO | Episode  232 - Reward: -200.000, Length: 200, Loss: 0.8723, Entropy: 1.0986, Epsilon: 0.426
2026-03-29 21:20:18 | INFO | Episode  233 - Reward: -200.000, Length: 200, Loss: 0.8529, Entropy: 1.0986, Epsilon: 0.423
2026-03-29 21:20:19 | INFO | Episode  234 - Reward: -200.000, Length: 200, Loss: 0.8977, Entropy: 1.0986, Epsilon: 0.421
2026-03-29 21:20:20 | INFO | Episode  235 - Reward: -200.000, Length: 200, Loss: 0.8720, Entropy: 1.0986, Epsilon: 0.418
2026-03-29 21:20:20 | INFO | Episode  236 - Reward: -200.000, Length: 200, Loss: 0.8951, Entropy: 1.0986, Epsilon: 0.416
2026-03-29 21:20:20 | INFO | Episode  237 - Reward: -200.000, Length: 200, Loss: 0.8737, Entropy: 1.0986, Epsilon: 0.413
2026-03-29 21:20:21 | INFO | Episode  238 - Reward: -200.000, Length: 200, Loss: 0.8477, Entropy: 1.0986, Epsilon: 0.411
2026-03-29 21:20:21 | INFO | Episode  239 - Reward: -200.000, Length: 200, Loss: 0.8966, Entropy: 1.0986, Epsilon: 0.408
2026-03-29 21:20:22 | INFO | Episode  240 - Reward: -200.000, Length: 200, Loss: 0.8756, Entropy: 1.0986, Epsilon: 0.406
2026-03-29 21:20:22 | INFO | Episode  241 - Reward: -200.000, Length: 200, Loss: 0.8997, Entropy: 1.0986, Epsilon: 0.404
2026-03-29 21:20:23 | INFO | Episode  242 - Reward: -200.000, Length: 200, Loss: 0.8718, Entropy: 1.0986, Epsilon: 0.401
2026-03-29 21:20:23 | INFO | Episode  243 - Reward: -200.000, Length: 200, Loss: 0.8458, Entropy: 1.0986, Epsilon: 0.399
2026-03-29 21:20:24 | INFO | Episode  244 - Reward: -200.000, Length: 200, Loss: 0.8989, Entropy: 1.0986, Epsilon: 0.396
2026-03-29 21:20:24 | INFO | Episode  245 - Reward: -200.000, Length: 200, Loss: 0.8715, Entropy: 1.0986, Epsilon: 0.394
2026-03-29 21:20:24 | INFO | Episode  246 - Reward: -200.000, Length: 200, Loss: 0.8990, Entropy: 1.0986, Epsilon: 0.391
2026-03-29 21:20:25 | INFO | Episode  247 - Reward: -200.000, Length: 200, Loss: 0.8714, Entropy: 1.0986, Epsilon: 0.389
2026-03-29 21:20:25 | INFO | Episode  248 - Reward: -200.000, Length: 200, Loss: 0.8429, Entropy: 1.0986, Epsilon: 0.386
2026-03-29 21:20:26 | INFO | Episode  249 - Reward: -200.000, Length: 200, Loss: 0.8978, Entropy: 1.0986, Epsilon: 0.384
2026-03-29 21:20:26 | INFO | Episode  250 - Reward: -200.000, Length: 200, Loss: 0.8686, Entropy: 1.0986, Epsilon: 0.381
2026-03-29 21:20:32 | INFO | [Episode  250] eps=0.381  avg_reward=-200.000  avg_length=200.00  avg_loss=  0.8848  avg_entropy=1.0986  eval_success=0.000
2026-03-29 21:20:32 | INFO | Episode  251 - Reward: -200.000, Length: 200, Loss: 0.8965, Entropy: 1.0986, Epsilon: 0.379
2026-03-29 21:20:32 | INFO | Episode  252 - Reward: -200.000, Length: 200, Loss: 0.8685, Entropy: 1.0986, Epsilon: 0.376
2026-03-29 21:20:33 | INFO | Episode  253 - Reward: -200.000, Length: 200, Loss: 0.8420, Entropy: 1.0986, Epsilon: 0.374
2026-03-29 21:20:33 | INFO | Episode  254 - Reward: -200.000, Length: 200, Loss: 0.8949, Entropy: 1.0986, Epsilon: 0.371
2026-03-29 21:20:34 | INFO | Episode  255 - Reward: -200.000, Length: 200, Loss: 0.8653, Entropy: 1.0986, Epsilon: 0.369
2026-03-29 21:20:34 | INFO | Episode  256 - Reward: -200.000, Length: 200, Loss: 0.8932, Entropy: 1.0986, Epsilon: 0.366
2026-03-29 21:20:35 | INFO | Episode  257 - Reward: -200.000, Length: 200, Loss: 0.8608, Entropy: 1.0986, Epsilon: 0.364
2026-03-29 21:20:35 | INFO | Episode  258 - Reward: -200.000, Length: 200, Loss: 0.8302, Entropy: 1.0986, Epsilon: 0.361
2026-03-29 21:20:36 | INFO | Episode  259 - Reward: -200.000, Length: 200, Loss: 0.8905, Entropy: 1.0986, Epsilon: 0.359
2026-03-29 21:20:36 | INFO | Episode  260 - Reward: -200.000, Length: 200, Loss: 0.8591, Entropy: 1.0986, Epsilon: 0.357
2026-03-29 21:20:37 | INFO | Episode  261 - Reward: -200.000, Length: 200, Loss: 0.8857, Entropy: 1.0986, Epsilon: 0.354
2026-03-29 21:20:37 | INFO | Episode  262 - Reward: -200.000, Length: 200, Loss: 0.8555, Entropy: 1.0986, Epsilon: 0.352
2026-03-29 21:20:38 | INFO | Episode  263 - Reward: -200.000, Length: 200, Loss: 0.8216, Entropy: 1.0986, Epsilon: 0.349
2026-03-29 21:20:38 | INFO | Episode  264 - Reward: -200.000, Length: 200, Loss: 0.8867, Entropy: 1.0986, Epsilon: 0.347
2026-03-29 21:20:38 | INFO | Episode  265 - Reward: -200.000, Length: 200, Loss: 0.8532, Entropy: 1.0986, Epsilon: 0.344
2026-03-29 21:20:39 | INFO | Episode  266 - Reward: -200.000, Length: 200, Loss: 0.8875, Entropy: 1.0986, Epsilon: 0.342
2026-03-29 21:20:39 | INFO | Episode  267 - Reward: -200.000, Length: 200, Loss: 0.8532, Entropy: 1.0986, Epsilon: 0.339
2026-03-29 21:20:40 | INFO | Episode  268 - Reward: -200.000, Length: 200, Loss: 0.8170, Entropy: 1.0986, Epsilon: 0.337
2026-03-29 21:20:40 | INFO | Episode  269 - Reward: -200.000, Length: 200, Loss: 0.8865, Entropy: 1.0986, Epsilon: 0.334
2026-03-29 21:20:41 | INFO | Episode  270 - Reward: -200.000, Length: 200, Loss: 0.8501, Entropy: 1.0986, Epsilon: 0.332
2026-03-29 21:20:41 | INFO | Episode  271 - Reward: -200.000, Length: 200, Loss: 0.8869, Entropy: 1.0986, Epsilon: 0.329
2026-03-29 21:20:41 | INFO | Episode  272 - Reward: -200.000, Length: 200, Loss: 0.8488, Entropy: 1.0986, Epsilon: 0.327
2026-03-29 21:20:42 | INFO | Episode  273 - Reward: -200.000, Length: 200, Loss: 0.8120, Entropy: 1.0986, Epsilon: 0.324
2026-03-29 21:20:42 | INFO | Episode  274 - Reward: -200.000, Length: 200, Loss: 0.8845, Entropy: 1.0986, Epsilon: 0.322
2026-03-29 21:20:43 | INFO | Episode  275 - Reward: -200.000, Length: 200, Loss: 0.8447, Entropy: 1.0986, Epsilon: 0.319
2026-03-29 21:20:43 | INFO | Episode  276 - Reward: -200.000, Length: 200, Loss: 0.8823, Entropy: 1.0986, Epsilon: 0.317
2026-03-29 21:20:44 | INFO | Episode  277 - Reward: -200.000, Length: 200, Loss: 0.8416, Entropy: 1.0986, Epsilon: 0.314
2026-03-29 21:20:44 | INFO | Episode  278 - Reward: -200.000, Length: 200, Loss: 0.8015, Entropy: 1.0986, Epsilon: 0.312
2026-03-29 21:20:45 | INFO | Episode  279 - Reward: -200.000, Length: 200, Loss: 0.8767, Entropy: 1.0986, Epsilon: 0.309
2026-03-29 21:20:45 | INFO | Episode  280 - Reward: -200.000, Length: 200, Loss: 0.8348, Entropy: 1.0986, Epsilon: 0.307
2026-03-29 21:20:45 | INFO | Episode  281 - Reward: -200.000, Length: 200, Loss: 0.8766, Entropy: 1.0986, Epsilon: 0.305
2026-03-29 21:20:46 | INFO | Episode  282 - Reward: -200.000, Length: 200, Loss: 0.8319, Entropy: 1.0986, Epsilon: 0.302
2026-03-29 21:20:46 | INFO | Episode  283 - Reward: -200.000, Length: 200, Loss: 0.7896, Entropy: 1.0986, Epsilon: 0.300
2026-03-29 21:20:47 | INFO | Episode  284 - Reward: -200.000, Length: 200, Loss: 0.8735, Entropy: 1.0986, Epsilon: 0.297
2026-03-29 21:20:47 | INFO | Episode  285 - Reward: -200.000, Length: 200, Loss: 0.8330, Entropy: 1.0986, Epsilon: 0.295
2026-03-29 21:20:48 | INFO | Episode  286 - Reward: -200.000, Length: 200, Loss: 0.8743, Entropy: 1.0986, Epsilon: 0.292
2026-03-29 21:20:48 | INFO | Episode  287 - Reward: -200.000, Length: 200, Loss: 0.8228, Entropy: 1.0986, Epsilon: 0.290
2026-03-29 21:20:49 | INFO | Episode  288 - Reward: -200.000, Length: 200, Loss: 0.7796, Entropy: 1.0986, Epsilon: 0.287
2026-03-29 21:20:49 | INFO | Episode  289 - Reward: -200.000, Length: 200, Loss: 0.8704, Entropy: 1.0986, Epsilon: 0.285
2026-03-29 21:20:49 | INFO | Episode  290 - Reward: -200.000, Length: 200, Loss: 0.8167, Entropy: 1.0986, Epsilon: 0.282
2026-03-29 21:20:50 | INFO | Episode  291 - Reward: -200.000, Length: 200, Loss: 0.8708, Entropy: 1.0986, Epsilon: 0.280
2026-03-29 21:20:50 | INFO | Episode  292 - Reward: -200.000, Length: 200, Loss: 0.8204, Entropy: 1.0986, Epsilon: 0.277
2026-03-29 21:20:51 | INFO | Episode  293 - Reward: -200.000, Length: 200, Loss: 0.7709, Entropy: 1.0986, Epsilon: 0.275
2026-03-29 21:20:51 | INFO | Episode  294 - Reward: -200.000, Length: 200, Loss: 0.8642, Entropy: 1.0986, Epsilon: 0.272
2026-03-29 21:20:52 | INFO | Episode  295 - Reward: -200.000, Length: 200, Loss: 0.8084, Entropy: 1.0986, Epsilon: 0.270
2026-03-29 21:20:53 | INFO | Episode  296 - Reward: -200.000, Length: 200, Loss: 0.8639, Entropy: 1.0986, Epsilon: 0.267
2026-03-29 21:20:53 | INFO | Episode  297 - Reward: -200.000, Length: 200, Loss: 0.8089, Entropy: 1.0986, Epsilon: 0.265
2026-03-29 21:20:53 | INFO | Episode  298 - Reward: -200.000, Length: 200, Loss: 0.7590, Entropy: 1.0986, Epsilon: 0.262
2026-03-29 21:20:54 | INFO | Episode  299 - Reward: -200.000, Length: 200, Loss: 0.8663, Entropy: 1.0986, Epsilon: 0.260
2026-03-29 21:20:54 | INFO | Episode  300 - Reward: -200.000, Length: 200, Loss: 0.8027, Entropy: 1.0986, Epsilon: 0.258
2026-03-29 21:21:00 | INFO | [Episode  300] eps=0.258  avg_reward=-200.000  avg_length=200.00  avg_loss=  0.8483  avg_entropy=1.0986  eval_success=0.000
2026-03-29 21:21:01 | INFO | Episode  301 - Reward: -200.000, Length: 200, Loss: 0.8653, Entropy: 1.0986, Epsilon: 0.255
2026-03-29 21:21:01 | INFO | Episode  302 - Reward: -200.000, Length: 200, Loss: 0.8064, Entropy: 1.0986, Epsilon: 0.253
2026-03-29 21:21:01 | INFO | Episode  303 - Reward: -200.000, Length: 200, Loss: 0.7496, Entropy: 1.0986, Epsilon: 0.250
2026-03-29 21:21:02 | INFO | Episode  304 - Reward: -200.000, Length: 200, Loss: 0.8720, Entropy: 1.0986, Epsilon: 0.248
2026-03-29 21:21:02 | INFO | Episode  305 - Reward: -200.000, Length: 200, Loss: 0.8019, Entropy: 1.0986, Epsilon: 0.245
2026-03-29 21:21:03 | INFO | Episode  306 - Reward: -200.000, Length: 200, Loss: 0.8619, Entropy: 1.0986, Epsilon: 0.243
2026-03-29 21:21:03 | INFO | Episode  307 - Reward: -200.000, Length: 200, Loss: 0.7967, Entropy: 1.0986, Epsilon: 0.240
2026-03-29 21:21:04 | INFO | Episode  308 - Reward: -200.000, Length: 200, Loss: 0.7264, Entropy: 1.0986, Epsilon: 0.238
2026-03-29 21:21:04 | INFO | Episode  309 - Reward: -200.000, Length: 200, Loss: 0.8707, Entropy: 1.0986, Epsilon: 0.235
2026-03-29 21:21:05 | INFO | Episode  310 - Reward: -200.000, Length: 200, Loss: 0.7955, Entropy: 1.0986, Epsilon: 0.233
2026-03-29 21:21:05 | INFO | Episode  311 - Reward: -200.000, Length: 200, Loss: 0.8653, Entropy: 1.0986, Epsilon: 0.230
2026-03-29 21:21:05 | INFO | Episode  312 - Reward: -200.000, Length: 200, Loss: 0.8039, Entropy: 1.0986, Epsilon: 0.228
2026-03-29 21:21:06 | INFO | Episode  313 - Reward: -200.000, Length: 200, Loss: 0.7262, Entropy: 1.0986, Epsilon: 0.225
2026-03-29 21:21:06 | INFO | Episode  314 - Reward: -200.000, Length: 200, Loss: 0.8653, Entropy: 1.0986, Epsilon: 0.223
2026-03-29 21:21:07 | INFO | Episode  315 - Reward: -200.000, Length: 200, Loss: 0.7955, Entropy: 1.0986, Epsilon: 0.220
2026-03-29 21:21:07 | INFO | Episode  316 - Reward: -200.000, Length: 200, Loss: 0.8517, Entropy: 1.0986, Epsilon: 0.218
2026-03-29 21:21:08 | INFO | Episode  317 - Reward: -200.000, Length: 200, Loss: 0.7699, Entropy: 1.0986, Epsilon: 0.215
2026-03-29 21:21:08 | INFO | Episode  318 - Reward: -200.000, Length: 200, Loss: 0.7065, Entropy: 1.0986, Epsilon: 0.213
2026-03-29 21:21:08 | INFO | Episode  319 - Reward: -200.000, Length: 200, Loss: 0.8728, Entropy: 1.0986, Epsilon: 0.210
2026-03-29 21:21:09 | INFO | Episode  320 - Reward: -200.000, Length: 200, Loss: 0.7937, Entropy: 1.0986, Epsilon: 0.208
2026-03-29 21:21:09 | INFO | Episode  321 - Reward: -200.000, Length: 200, Loss: 0.8482, Entropy: 1.0986, Epsilon: 0.206
2026-03-29 21:21:10 | INFO | Episode  322 - Reward: -200.000, Length: 200, Loss: 0.7834, Entropy: 1.0986, Epsilon: 0.203
2026-03-29 21:21:11 | INFO | Episode  323 - Reward: -200.000, Length: 200, Loss: 0.7047, Entropy: 1.0986, Epsilon: 0.201
2026-03-29 21:21:11 | INFO | Episode  324 - Reward: -200.000, Length: 200, Loss: 0.8679, Entropy: 1.0986, Epsilon: 0.198
2026-03-29 21:21:11 | INFO | Episode  325 - Reward: -200.000, Length: 200, Loss: 0.7554, Entropy: 1.0986, Epsilon: 0.196
2026-03-29 21:21:12 | INFO | Episode  326 - Reward: -200.000, Length: 200, Loss: 0.8421, Entropy: 1.0986, Epsilon: 0.193
2026-03-29 21:21:12 | INFO | Episode  327 - Reward: -200.000, Length: 200, Loss: 0.7640, Entropy: 1.0986, Epsilon: 0.191
2026-03-29 21:21:13 | INFO | Episode  328 - Reward: -200.000, Length: 200, Loss: 0.6632, Entropy: 1.0986, Epsilon: 0.188
2026-03-29 21:21:13 | INFO | Episode  329 - Reward: -200.000, Length: 200, Loss: 0.8437, Entropy: 1.0986, Epsilon: 0.186
2026-03-29 21:21:14 | INFO | Episode  330 - Reward: -200.000, Length: 200, Loss: 0.7662, Entropy: 1.0986, Epsilon: 0.183
2026-03-29 21:21:14 | INFO | Episode  331 - Reward: -200.000, Length: 200, Loss: 0.8471, Entropy: 1.0986, Epsilon: 0.181
2026-03-29 21:21:15 | INFO | Episode  332 - Reward: -200.000, Length: 200, Loss: 0.7595, Entropy: 1.0986, Epsilon: 0.178
2026-03-29 21:21:15 | INFO | Episode  333 - Reward: -200.000, Length: 200, Loss: 0.6063, Entropy: 1.0986, Epsilon: 0.176
2026-03-29 21:21:15 | INFO | Episode  334 - Reward: -200.000, Length: 200, Loss: 0.8777, Entropy: 1.0986, Epsilon: 0.173
2026-03-29 21:21:16 | INFO | Episode  335 - Reward: -200.000, Length: 200, Loss: 0.7309, Entropy: 1.0986, Epsilon: 0.171
2026-03-29 21:21:16 | INFO | Episode  336 - Reward: -200.000, Length: 200, Loss: 0.8412, Entropy: 1.0985, Epsilon: 0.168
2026-03-29 21:21:17 | INFO | Episode  337 - Reward: -200.000, Length: 200, Loss: 0.7484, Entropy: 1.0985, Epsilon: 0.166
2026-03-29 21:21:17 | INFO | Episode  338 - Reward: -200.000, Length: 200, Loss: 0.6238, Entropy: 1.0985, Epsilon: 0.163
2026-03-29 21:21:18 | INFO | Episode  339 - Reward: -200.000, Length: 200, Loss: 0.8258, Entropy: 1.0985, Epsilon: 0.161
2026-03-29 21:21:18 | INFO | Episode  340 - Reward: -200.000, Length: 200, Loss: 0.7232, Entropy: 1.0986, Epsilon: 0.158
2026-03-29 21:21:19 | INFO | Episode  341 - Reward: -200.000, Length: 200, Loss: 0.8271, Entropy: 1.0986, Epsilon: 0.156
2026-03-29 21:21:19 | INFO | Episode  342 - Reward: -200.000, Length: 200, Loss: 0.7476, Entropy: 1.0986, Epsilon: 0.154
2026-03-29 21:21:19 | INFO | Episode  343 - Reward: -200.000, Length: 200, Loss: 0.5893, Entropy: 1.0986, Epsilon: 0.151
2026-03-29 21:21:20 | INFO | Episode  344 - Reward: -200.000, Length: 200, Loss: 0.8653, Entropy: 1.0986, Epsilon: 0.149
2026-03-29 21:21:20 | INFO | Episode  345 - Reward: -200.000, Length: 200, Loss: 0.6618, Entropy: 1.0986, Epsilon: 0.146
2026-03-29 21:21:21 | INFO | Episode  346 - Reward: -200.000, Length: 200, Loss: 0.8977, Entropy: 1.0986, Epsilon: 0.144
2026-03-29 21:21:21 | INFO | Episode  347 - Reward: -200.000, Length: 200, Loss: 0.7432, Entropy: 1.0986, Epsilon: 0.141
2026-03-29 21:21:22 | INFO | Episode  348 - Reward: -200.000, Length: 200, Loss: 0.6485, Entropy: 1.0985, Epsilon: 0.139
2026-03-29 21:21:22 | INFO | Episode  349 - Reward: -200.000, Length: 200, Loss: 0.8288, Entropy: 1.0985, Epsilon: 0.136
2026-03-29 21:21:23 | INFO | Episode  350 - Reward: -200.000, Length: 200, Loss: 0.6573, Entropy: 1.0985, Epsilon: 0.134
2026-03-29 21:21:29 | INFO | [Episode  350] eps=0.134  avg_reward=-200.000  avg_length=200.00  avg_loss=  0.7817  avg_entropy=1.0985  eval_success=0.000
2026-03-29 21:21:30 | INFO | Episode  351 - Reward: -200.000, Length: 200, Loss: 0.7767, Entropy: 1.0985, Epsilon: 0.131
2026-03-29 21:21:30 | INFO | Episode  352 - Reward: -200.000, Length: 200, Loss: 0.6175, Entropy: 1.0985, Epsilon: 0.129
2026-03-29 21:21:30 | INFO | Episode  353 - Reward: -200.000, Length: 200, Loss: 0.5715, Entropy: 1.0984, Epsilon: 0.126
2026-03-29 21:21:31 | INFO | Episode  354 - Reward: -200.000, Length: 200, Loss: 0.8786, Entropy: 1.0984, Epsilon: 0.124
2026-03-29 21:21:31 | INFO | Episode  355 - Reward: -200.000, Length: 200, Loss: 0.6302, Entropy: 1.0984, Epsilon: 0.121
2026-03-29 21:21:32 | INFO | Episode  356 - Reward: -200.000, Length: 200, Loss: 0.8811, Entropy: 1.0984, Epsilon: 0.119
2026-03-29 21:21:32 | INFO | Episode  357 - Reward: -200.000, Length: 200, Loss: 0.7792, Entropy: 1.0984, Epsilon: 0.116
2026-03-29 21:21:33 | INFO | Episode  358 - Reward: -200.000, Length: 200, Loss: 0.4936, Entropy: 1.0984, Epsilon: 0.114
2026-03-29 21:21:33 | INFO | Episode  359 - Reward: -200.000, Length: 200, Loss: 0.8414, Entropy: 1.0984, Epsilon: 0.111
2026-03-29 21:21:34 | INFO | Episode  360 - Reward: -200.000, Length: 200, Loss: 0.7670, Entropy: 1.0984, Epsilon: 0.109
2026-03-29 21:21:34 | INFO | Episode  361 - Reward: -200.000, Length: 200, Loss: 0.8784, Entropy: 1.0984, Epsilon: 0.107
2026-03-29 21:21:34 | INFO | Episode  362 - Reward: -200.000, Length: 200, Loss: 0.6919, Entropy: 1.0984, Epsilon: 0.104
2026-03-29 21:21:35 | INFO | Episode  363 - Reward: -200.000, Length: 200, Loss: 0.4999, Entropy: 1.0984, Epsilon: 0.102
2026-03-29 21:21:35 | INFO | Episode  364 - Reward: -200.000, Length: 200, Loss: 0.7344, Entropy: 1.0984, Epsilon: 0.099
2026-03-29 21:21:36 | INFO | Episode  365 - Reward: -200.000, Length: 200, Loss: 0.7842, Entropy: 1.0984, Epsilon: 0.097
2026-03-29 21:21:36 | INFO | Episode  366 - Reward: -200.000, Length: 200, Loss: 0.8534, Entropy: 1.0984, Epsilon: 0.094
2026-03-29 21:21:37 | INFO | Episode  367 - Reward: -200.000, Length: 200, Loss: 0.7320, Entropy: 1.0985, Epsilon: 0.092
2026-03-29 21:21:37 | INFO | Episode  368 - Reward: -200.000, Length: 200, Loss: 0.6275, Entropy: 1.0985, Epsilon: 0.089
2026-03-29 21:21:38 | INFO | Episode  369 - Reward: -200.000, Length: 200, Loss: 0.9273, Entropy: 1.0985, Epsilon: 0.087
2026-03-29 21:21:38 | INFO | Episode  370 - Reward: -200.000, Length: 200, Loss: 0.5040, Entropy: 1.0985, Epsilon: 0.084
2026-03-29 21:21:38 | INFO | Episode  371 - Reward: -200.000, Length: 200, Loss: 0.8253, Entropy: 1.0985, Epsilon: 0.082
2026-03-29 21:21:39 | INFO | Episode  372 - Reward: -200.000, Length: 200, Loss: 0.8775, Entropy: 1.0985, Epsilon: 0.079
2026-03-29 21:21:39 | INFO | Episode  373 - Reward: -200.000, Length: 200, Loss: 0.6681, Entropy: 1.0985, Epsilon: 0.077
2026-03-29 21:21:40 | INFO | Episode  374 - Reward: -200.000, Length: 200, Loss: 0.9034, Entropy: 1.0985, Epsilon: 0.074
2026-03-29 21:21:40 | INFO | Episode  375 - Reward: -200.000, Length: 200, Loss: 0.7112, Entropy: 1.0985, Epsilon: 0.072
2026-03-29 21:21:41 | INFO | Episode  376 - Reward: -200.000, Length: 200, Loss: 0.9881, Entropy: 1.0985, Epsilon: 0.069
2026-03-29 21:21:41 | INFO | Episode  377 - Reward: -200.000, Length: 200, Loss: 0.5664, Entropy: 1.0986, Epsilon: 0.067
2026-03-29 21:21:41 | INFO | Episode  378 - Reward: -200.000, Length: 200, Loss: 0.4804, Entropy: 1.0986, Epsilon: 0.064
2026-03-29 21:21:42 | INFO | Episode  379 - Reward: -200.000, Length: 200, Loss: 1.0039, Entropy: 1.0985, Epsilon: 0.062
2026-03-29 21:21:42 | INFO | Episode  380 - Reward: -200.000, Length: 200, Loss: 0.7578, Entropy: 1.0986, Epsilon: 0.059
2026-03-29 21:21:43 | INFO | Episode  381 - Reward: -200.000, Length: 200, Loss: 0.8057, Entropy: 1.0986, Epsilon: 0.057
2026-03-29 21:21:43 | INFO | Episode  382 - Reward: -200.000, Length: 200, Loss: 0.6341, Entropy: 1.0986, Epsilon: 0.055
2026-03-29 21:21:44 | INFO | Episode  383 - Reward: -200.000, Length: 200, Loss: 0.5761, Entropy: 1.0986, Epsilon: 0.052
2026-03-29 21:21:44 | INFO | Episode  384 - Reward: -200.000, Length: 200, Loss: 1.1614, Entropy: 1.0985, Epsilon: 0.050
2026-03-29 21:21:45 | INFO | Episode  385 - Reward: -200.000, Length: 200, Loss: 0.4128, Entropy: 1.0985, Epsilon: 0.047
2026-03-29 21:21:45 | INFO | Episode  386 - Reward: -200.000, Length: 200, Loss: 0.9668, Entropy: 1.0985, Epsilon: 0.045
2026-03-29 21:21:46 | INFO | Episode  387 - Reward: -200.000, Length: 200, Loss: 0.7832, Entropy: 1.0985, Epsilon: 0.042
2026-03-29 21:21:46 | INFO | Episode  388 - Reward: -200.000, Length: 200, Loss: 0.9351, Entropy: 1.0985, Epsilon: 0.040
2026-03-29 21:21:47 | INFO | Episode  389 - Reward: -200.000, Length: 200, Loss: 1.1707, Entropy: 1.0985, Epsilon: 0.037
2026-03-29 21:21:48 | INFO | Episode  390 - Reward: -200.000, Length: 200, Loss: 0.8724, Entropy: 1.0984, Epsilon: 0.035
2026-03-29 21:21:48 | INFO | Episode  391 - Reward: -200.000, Length: 200, Loss: 1.0259, Entropy: 1.0983, Epsilon: 0.032
2026-03-29 21:21:49 | INFO | Episode  392 - Reward: -200.000, Length: 200, Loss: 0.4720, Entropy: 1.0983, Epsilon: 0.030
2026-03-29 21:21:50 | INFO | Episode  393 - Reward: -200.000, Length: 200, Loss: 0.5142, Entropy: 1.0983, Epsilon: 0.027
2026-03-29 21:21:50 | INFO | Episode  394 - Reward: -200.000, Length: 200, Loss: 0.5200, Entropy: 1.0982, Epsilon: 0.025
2026-03-29 21:21:51 | INFO | Episode  395 - Reward: -200.000, Length: 200, Loss: 0.7380, Entropy: 1.0981, Epsilon: 0.022
2026-03-29 21:21:52 | INFO | Episode  396 - Reward: -200.000, Length: 200, Loss: 1.2927, Entropy: 1.0981, Epsilon: 0.020
2026-03-29 21:21:52 | INFO | Episode  397 - Reward: -200.000, Length: 200, Loss: 1.0922, Entropy: 1.0981, Epsilon: 0.017
2026-03-29 21:21:53 | INFO | Episode  398 - Reward: -200.000, Length: 200, Loss: 1.0749, Entropy: 1.0981, Epsilon: 0.015
2026-03-29 21:21:54 | INFO | Episode  399 - Reward: -200.000, Length: 200, Loss: 1.6508, Entropy: 1.0978, Epsilon: 0.012
2026-03-29 21:21:54 | INFO | Episode  400 - Reward: -200.000, Length: 200, Loss: 1.2874, Entropy: 1.0980, Epsilon: 0.010
2026-03-29 21:22:02 | INFO | [Episode  400] eps=0.010  avg_reward=-200.000  avg_length=200.00  avg_loss=  0.8048  avg_entropy=1.0980  eval_success=0.000
2026-03-29 21:22:03 | INFO | Episode  401 - Reward: -200.000, Length: 200, Loss: 1.3084, Entropy: 1.0979, Epsilon: 0.010
2026-03-29 21:22:03 | INFO | Episode  402 - Reward: -200.000, Length: 200, Loss: 0.9239, Entropy: 1.0979, Epsilon: 0.010
2026-03-29 21:22:04 | INFO | Episode  403 - Reward: -200.000, Length: 200, Loss: 0.8186, Entropy: 1.0982, Epsilon: 0.010
2026-03-29 21:22:05 | INFO | Episode  404 - Reward: -200.000, Length: 200, Loss: 0.9438, Entropy: 1.0982, Epsilon: 0.010
2026-03-29 21:22:06 | INFO | Episode  405 - Reward: -200.000, Length: 200, Loss: 1.4444, Entropy: 1.0981, Epsilon: 0.010
2026-03-29 21:22:06 | INFO | Episode  406 - Reward: -200.000, Length: 200, Loss: 0.9021, Entropy: 1.0984, Epsilon: 0.010
2026-03-29 21:22:07 | INFO | Episode  407 - Reward: -200.000, Length: 200, Loss: 0.8362, Entropy: 1.0983, Epsilon: 0.010
2026-03-29 21:22:08 | INFO | Episode  408 - Reward: -200.000, Length: 200, Loss: 1.7078, Entropy: 1.0980, Epsilon: 0.010
2026-03-29 21:22:08 | INFO | Episode  409 - Reward: -200.000, Length: 200, Loss: 1.4279, Entropy: 1.0979, Epsilon: 0.010
2026-03-29 21:22:09 | INFO | Episode  410 - Reward: -200.000, Length: 200, Loss: 0.6856, Entropy: 1.0981, Epsilon: 0.010
2026-03-29 21:22:10 | INFO | Episode  411 - Reward: -200.000, Length: 200, Loss: 1.8024, Entropy: 1.0979, Epsilon: 0.010
2026-03-29 21:22:10 | INFO | Episode  412 - Reward: -200.000, Length: 200, Loss: 0.8521, Entropy: 1.0980, Epsilon: 0.010
2026-03-29 21:22:11 | INFO | Episode  413 - Reward: -200.000, Length: 200, Loss: 1.7034, Entropy: 1.0980, Epsilon: 0.010
2026-03-29 21:22:12 | INFO | Episode  414 - Reward: -200.000, Length: 200, Loss: 1.0156, Entropy: 1.0983, Epsilon: 0.010
2026-03-29 21:22:12 | INFO | Episode  415 - Reward: -200.000, Length: 200, Loss: 1.2142, Entropy: 1.0985, Epsilon: 0.010
2026-03-29 21:22:14 | INFO | Episode  416 - Reward: -200.000, Length: 200, Loss: 2.1154, Entropy: 1.0985, Epsilon: 0.010
2026-03-29 21:22:14 | INFO | Episode  417 - Reward: -200.000, Length: 200, Loss: 0.5821, Entropy: 1.0985, Epsilon: 0.010
2026-03-29 21:22:15 | INFO | Episode  418 - Reward: -200.000, Length: 200, Loss: 1.1903, Entropy: 1.0985, Epsilon: 0.010
2026-03-29 21:22:16 | INFO | Episode  419 - Reward: -200.000, Length: 200, Loss: 1.5558, Entropy: 1.0984, Epsilon: 0.010
2026-03-29 21:22:16 | INFO | Episode  420 - Reward: -200.000, Length: 200, Loss: 1.7604, Entropy: 1.0985, Epsilon: 0.010
2026-03-29 21:22:17 | INFO | Episode  421 - Reward: -200.000, Length: 200, Loss: 2.6941, Entropy: 1.0984, Epsilon: 0.010
2026-03-29 21:22:18 | INFO | Episode  422 - Reward: -200.000, Length: 200, Loss: 0.9249, Entropy: 1.0984, Epsilon: 0.010
2026-03-29 21:22:18 | INFO | Episode  423 - Reward: -200.000, Length: 200, Loss: 1.0871, Entropy: 1.0985, Epsilon: 0.010
2026-03-29 21:22:19 | INFO | Episode  424 - Reward: -200.000, Length: 200, Loss: 0.9063, Entropy: 1.0985, Epsilon: 0.010
2026-03-29 21:22:20 | INFO | Episode  425 - Reward: -200.000, Length: 200, Loss: 0.6702, Entropy: 1.0985, Epsilon: 0.010
2026-03-29 21:22:20 | INFO | Episode  426 - Reward: -200.000, Length: 200, Loss: 1.6537, Entropy: 1.0981, Epsilon: 0.010
2026-03-29 21:22:21 | INFO | Episode  427 - Reward: -200.000, Length: 200, Loss: 1.0973, Entropy: 1.0980, Epsilon: 0.010
2026-03-29 21:22:21 | INFO | Episode  428 - Reward: -200.000, Length: 200, Loss: 1.2584, Entropy: 1.0979, Epsilon: 0.010
2026-03-29 21:22:22 | INFO | Episode  429 - Reward: -200.000, Length: 200, Loss: 1.2470, Entropy: 1.0978, Epsilon: 0.010
2026-03-29 21:22:23 | INFO | Episode  430 - Reward: -200.000, Length: 200, Loss: 2.7395, Entropy: 1.0976, Epsilon: 0.010
2026-03-29 21:22:23 | INFO | Episode  431 - Reward: -200.000, Length: 200, Loss: 1.8266, Entropy: 1.0981, Epsilon: 0.010
2026-03-29 21:22:24 | INFO | Episode  432 - Reward: -200.000, Length: 200, Loss: 1.6775, Entropy: 1.0981, Epsilon: 0.010
2026-03-29 21:22:25 | INFO | Episode  433 - Reward: -200.000, Length: 200, Loss: 1.0653, Entropy: 1.0984, Epsilon: 0.010
2026-03-29 21:22:25 | INFO | Episode  434 - Reward: -200.000, Length: 200, Loss: 2.4818, Entropy: 1.0982, Epsilon: 0.010
2026-03-29 21:22:26 | INFO | Episode  435 - Reward: -200.000, Length: 200, Loss: 0.5170, Entropy: 1.0984, Epsilon: 0.010
2026-03-29 21:22:27 | INFO | Episode  436 - Reward: -200.000, Length: 200, Loss: 1.5669, Entropy: 1.0986, Epsilon: 0.010
2026-03-29 21:22:27 | INFO | Episode  437 - Reward: -200.000, Length: 200, Loss: 1.7374, Entropy: 1.0985, Epsilon: 0.010
2026-03-29 21:22:28 | INFO | Episode  438 - Reward: -200.000, Length: 200, Loss: 2.3898, Entropy: 1.0983, Epsilon: 0.010
2026-03-29 21:22:29 | INFO | Episode  439 - Reward: -200.000, Length: 200, Loss: 1.8757, Entropy: 1.0983, Epsilon: 0.010
2026-03-29 21:22:29 | INFO | Episode  440 - Reward: -200.000, Length: 200, Loss: 2.8590, Entropy: 1.0983, Epsilon: 0.010
2026-03-29 21:22:30 | INFO | Episode  441 - Reward: -200.000, Length: 200, Loss: 2.7758, Entropy: 1.0977, Epsilon: 0.010
2026-03-29 21:22:31 | INFO | Episode  442 - Reward: -200.000, Length: 200, Loss: 2.9381, Entropy: 1.0980, Epsilon: 0.010
2026-03-29 21:22:31 | INFO | Episode  443 - Reward: -200.000, Length: 200, Loss: 2.9556, Entropy: 1.0982, Epsilon: 0.010
2026-03-29 21:22:32 | INFO | Episode  444 - Reward: -200.000, Length: 200, Loss: 2.1628, Entropy: 1.0985, Epsilon: 0.010
2026-03-29 21:22:33 | INFO | Episode  445 - Reward: -200.000, Length: 200, Loss: 0.9922, Entropy: 1.0985, Epsilon: 0.010
2026-03-29 21:22:33 | INFO | Episode  446 - Reward: -200.000, Length: 200, Loss: 3.0142, Entropy: 1.0985, Epsilon: 0.010
2026-03-29 21:22:34 | INFO | Episode  447 - Reward: -200.000, Length: 200, Loss: 1.4838, Entropy: 1.0985, Epsilon: 0.010
2026-03-29 21:22:35 | INFO | Episode  448 - Reward: -200.000, Length: 200, Loss: 1.0529, Entropy: 1.0982, Epsilon: 0.010
2026-03-29 21:22:35 | INFO | Episode  449 - Reward: -200.000, Length: 200, Loss: 4.7427, Entropy: 1.0983, Epsilon: 0.010
2026-03-29 21:22:36 | INFO | Episode  450 - Reward: -200.000, Length: 200, Loss: 2.4131, Entropy: 1.0985, Epsilon: 0.010
2026-03-29 21:22:42 | INFO | [Episode  450] eps=0.010  avg_reward=-200.000  avg_length=200.00  avg_loss=  1.6319  avg_entropy=1.0985  eval_success=0.000
2026-03-29 21:22:42 | INFO | Episode  451 - Reward: -200.000, Length: 200, Loss: 2.2567, Entropy: 1.0983, Epsilon: 0.010
2026-03-29 21:22:43 | INFO | Episode  452 - Reward: -200.000, Length: 200, Loss: 0.7465, Entropy: 1.0984, Epsilon: 0.010
2026-03-29 21:22:43 | INFO | Episode  453 - Reward: -200.000, Length: 200, Loss: 1.4798, Entropy: 1.0984, Epsilon: 0.010
2026-03-29 21:22:44 | INFO | Episode  454 - Reward: -200.000, Length: 200, Loss: 2.6945, Entropy: 1.0981, Epsilon: 0.010
2026-03-29 21:22:44 | INFO | Episode  455 - Reward: -200.000, Length: 200, Loss: 3.1040, Entropy: 1.0985, Epsilon: 0.010
2026-03-29 21:22:45 | INFO | Episode  456 - Reward: -200.000, Length: 200, Loss: 2.1890, Entropy: 1.0980, Epsilon: 0.010
2026-03-29 21:22:45 | INFO | Episode  457 - Reward: -200.000, Length: 200, Loss: 3.0918, Entropy: 1.0977, Epsilon: 0.010
2026-03-29 21:22:46 | INFO | Episode  458 - Reward: -200.000, Length: 200, Loss: 1.6933, Entropy: 1.0975, Epsilon: 0.010
2026-03-29 21:22:47 | INFO | Episode  459 - Reward: -200.000, Length: 200, Loss: 3.5928, Entropy: 1.0978, Epsilon: 0.010
2026-03-29 21:22:47 | INFO | Episode  460 - Reward: -200.000, Length: 200, Loss: 0.6304, Entropy: 1.0983, Epsilon: 0.010
2026-03-29 21:22:48 | INFO | Episode  461 - Reward: -200.000, Length: 200, Loss: 4.4762, Entropy: 1.0981, Epsilon: 0.010
2026-03-29 21:22:48 | INFO | Episode  462 - Reward: -200.000, Length: 200, Loss: 5.7180, Entropy: 1.0983, Epsilon: 0.010
2026-03-29 21:22:48 | INFO | Episode  463 - Reward: -200.000, Length: 200, Loss: 3.0543, Entropy: 1.0979, Epsilon: 0.010
2026-03-29 21:22:49 | INFO | Episode  464 - Reward: -200.000, Length: 200, Loss: 4.9528, Entropy: 1.0981, Epsilon: 0.010
2026-03-29 21:22:49 | INFO | Episode  465 - Reward: -200.000, Length: 200, Loss: 2.1524, Entropy: 1.0973, Epsilon: 0.010
2026-03-29 21:22:50 | INFO | Episode  466 - Reward: -200.000, Length: 200, Loss: 4.6133, Entropy: 1.0960, Epsilon: 0.010
2026-03-29 21:22:50 | INFO | Episode  467 - Reward: -200.000, Length: 200, Loss: 4.7271, Entropy: 1.0980, Epsilon: 0.010
2026-03-29 21:22:51 | INFO | Episode  468 - Reward: -200.000, Length: 200, Loss: 3.0944, Entropy: 1.0971, Epsilon: 0.010
2026-03-29 21:22:51 | INFO | Episode  469 - Reward: -200.000, Length: 200, Loss: 2.7918, Entropy: 1.0977, Epsilon: 0.010
2026-03-29 21:22:52 | INFO | Episode  470 - Reward: -200.000, Length: 200, Loss: 3.8063, Entropy: 1.0965, Epsilon: 0.010
2026-03-29 21:22:52 | INFO | Episode  471 - Reward: -200.000, Length: 200, Loss: 3.4634, Entropy: 1.0977, Epsilon: 0.010
2026-03-29 21:22:53 | INFO | Episode  472 - Reward: -200.000, Length: 200, Loss: 3.4266, Entropy: 1.0972, Epsilon: 0.010
2026-03-29 21:22:53 | INFO | Episode  473 - Reward: -200.000, Length: 200, Loss: 7.5144, Entropy: 1.0936, Epsilon: 0.010
2026-03-29 21:22:54 | INFO | Episode  474 - Reward: -200.000, Length: 200, Loss: 7.2956, Entropy: 1.0965, Epsilon: 0.010
2026-03-29 21:22:54 | INFO | Episode  475 - Reward: -200.000, Length: 200, Loss: 1.5062, Entropy: 1.0973, Epsilon: 0.010
2026-03-29 21:22:55 | INFO | Episode  476 - Reward: -200.000, Length: 200, Loss: 5.8168, Entropy: 1.0981, Epsilon: 0.010
2026-03-29 21:22:55 | INFO | Episode  477 - Reward: -200.000, Length: 200, Loss: 6.0463, Entropy: 1.0983, Epsilon: 0.010
2026-03-29 21:22:55 | INFO | Episode  478 - Reward: -200.000, Length: 200, Loss: 4.8806, Entropy: 1.0984, Epsilon: 0.010
2026-03-29 21:22:56 | INFO | Episode  479 - Reward: -200.000, Length: 200, Loss: 5.3431, Entropy: 1.0980, Epsilon: 0.010
2026-03-29 21:22:56 | INFO | Episode  480 - Reward: -200.000, Length: 200, Loss: 6.1140, Entropy: 1.0971, Epsilon: 0.010
2026-03-29 21:22:57 | INFO | Episode  481 - Reward: -200.000, Length: 200, Loss: 4.5186, Entropy: 1.0954, Epsilon: 0.010
2026-03-29 21:22:57 | INFO | Episode  482 - Reward: -200.000, Length: 200, Loss: 5.4874, Entropy: 1.0944, Epsilon: 0.010
2026-03-29 21:22:58 | INFO | Episode  483 - Reward: -200.000, Length: 200, Loss: 4.2114, Entropy: 1.0956, Epsilon: 0.010
2026-03-29 21:22:58 | INFO | Episode  484 - Reward: -200.000, Length: 200, Loss: 4.8337, Entropy: 1.0963, Epsilon: 0.010
2026-03-29 21:22:59 | INFO | Episode  485 - Reward: -200.000, Length: 200, Loss: 5.1696, Entropy: 1.0971, Epsilon: 0.010
2026-03-29 21:22:59 | INFO | Episode  486 - Reward: -200.000, Length: 200, Loss: 4.7629, Entropy: 1.0965, Epsilon: 0.010
2026-03-29 21:23:00 | INFO | Episode  487 - Reward: -200.000, Length: 200, Loss: 7.5480, Entropy: 1.0919, Epsilon: 0.010
2026-03-29 21:23:00 | INFO | Episode  488 - Reward: -200.000, Length: 200, Loss: 3.5404, Entropy: 1.0950, Epsilon: 0.010
2026-03-29 21:23:01 | INFO | Episode  489 - Reward: -200.000, Length: 200, Loss: 6.3792, Entropy: 1.0976, Epsilon: 0.010
2026-03-29 21:23:01 | INFO | Episode  490 - Reward: -200.000, Length: 200, Loss: 0.9621, Entropy: 1.0979, Epsilon: 0.010
2026-03-29 21:23:02 | INFO | Episode  491 - Reward: -200.000, Length: 200, Loss: 5.8605, Entropy: 1.0976, Epsilon: 0.010
2026-03-29 21:23:02 | INFO | Episode  492 - Reward: -200.000, Length: 200, Loss: 4.0382, Entropy: 1.0972, Epsilon: 0.010
2026-03-29 21:23:02 | INFO | Episode  493 - Reward: -200.000, Length: 200, Loss: 4.4495, Entropy: 1.0968, Epsilon: 0.010
2026-03-29 21:23:07 | INFO | Episode  494 - Reward: -200.000, Length: 200, Loss: 4.2476, Entropy: 1.0969, Epsilon: 0.010
2026-03-29 21:23:08 | INFO | Episode  495 - Reward: -200.000, Length: 200, Loss: 5.3466, Entropy: 1.0963, Epsilon: 0.010
2026-03-29 21:23:08 | INFO | Episode  496 - Reward: -200.000, Length: 200, Loss: 5.2949, Entropy: 1.0968, Epsilon: 0.010
2026-03-29 21:23:08 | INFO | Episode  497 - Reward: -200.000, Length: 200, Loss: 9.1953, Entropy: 1.0976, Epsilon: 0.010
2026-03-29 21:23:09 | INFO | Episode  498 - Reward: -200.000, Length: 200, Loss: 2.9923, Entropy: 1.0984, Epsilon: 0.010
2026-03-29 21:23:09 | INFO | Episode  499 - Reward: -200.000, Length: 200, Loss: 6.3009, Entropy: 1.0973, Epsilon: 0.010
2026-03-29 21:23:09 | INFO | Episode  500 - Reward: -200.000, Length: 200, Loss: 6.9084, Entropy: 1.0944, Epsilon: 0.010
2026-03-29 21:23:15 | INFO | [Episode  500] eps=0.010  avg_reward=-200.000  avg_length=200.00  avg_loss=  4.2864  avg_entropy=1.0944  eval_success=0.000
2026-03-29 21:23:15 | INFO | DQN+Entropy training: 5m 18.29s
2026-03-29 21:23:38 | INFO | [Final Eval] success=0.000, mean_reward=-200.000
