2026-03-29 22:12:11 | INFO | ============================================================
2026-03-29 22:12:11 | INFO | DEVICE / COMPUTE INFORMATION
2026-03-29 22:12:11 | INFO |   JAX backend       : CPU
2026-03-29 22:12:11 | INFO |   Platform          : cpu
2026-03-29 22:12:11 | INFO |   Num devices       : 1
2026-03-29 22:12:11 | INFO |   Device            : TFRT_CPU_0
2026-03-29 22:12:11 | INFO | ============================================================
2026-03-29 22:12:11 | INFO | DQN+Entropy | seed=7, lr=0.01, gamma=0.95, alpha=0.05
2026-03-29 22:12:11 | INFO | Env: mountaincar/dense, obs_dim=2, num_actions=3
2026-03-29 22:12:12 | INFO | Episode    1 - Reward: -200.000, Length: 200, Loss: 0.0000, Entropy: 0.0000, Epsilon: 0.998
2026-03-29 22:12:13 | INFO | Episode    2 - Reward: -200.000, Length: 200, Loss: 0.8829, Entropy: 1.0985, Epsilon: 0.995
2026-03-29 22:12:14 | INFO | Episode    3 - Reward: -200.000, Length: 200, Loss: 0.8195, Entropy: 1.0986, Epsilon: 0.993
2026-03-29 22:12:14 | INFO | Episode    4 - Reward: -200.000, Length: 200, Loss: 0.9008, Entropy: 1.0986, Epsilon: 0.990
2026-03-29 22:12:15 | INFO | Episode    5 - Reward: -200.000, Length: 200, Loss: 0.8379, Entropy: 1.0986, Epsilon: 0.988
2026-03-29 22:12:15 | INFO | Episode    6 - Reward: -200.000, Length: 200, Loss: 0.8895, Entropy: 1.0986, Epsilon: 0.985
2026-03-29 22:12:15 | INFO | Episode    7 - Reward: -200.000, Length: 200, Loss: 0.8299, Entropy: 1.0986, Epsilon: 0.983
2026-03-29 22:12:16 | INFO | Episode    8 - Reward: -200.000, Length: 200, Loss: 0.7736, Entropy: 1.0986, Epsilon: 0.980
2026-03-29 22:12:16 | INFO | Episode    9 - Reward: -200.000, Length: 200, Loss: 0.8943, Entropy: 1.0986, Epsilon: 0.978
2026-03-29 22:12:17 | INFO | Episode   10 - Reward: -200.000, Length: 200, Loss: 0.8359, Entropy: 1.0986, Epsilon: 0.975
2026-03-29 22:12:17 | INFO | Episode   11 - Reward: -200.000, Length: 200, Loss: 0.8829, Entropy: 1.0986, Epsilon: 0.973
2026-03-29 22:12:18 | INFO | Episode   12 - Reward: -200.000, Length: 200, Loss: 0.8231, Entropy: 1.0986, Epsilon: 0.970
2026-03-29 22:12:18 | INFO | Episode   13 - Reward: -200.000, Length: 200, Loss: 0.7635, Entropy: 1.0986, Epsilon: 0.968
2026-03-29 22:12:19 | INFO | Episode   14 - Reward: -200.000, Length: 200, Loss: 0.8595, Entropy: 1.0985, Epsilon: 0.965
2026-03-29 22:12:19 | INFO | Episode   15 - Reward: -200.000, Length: 200, Loss: 0.8009, Entropy: 1.0985, Epsilon: 0.963
2026-03-29 22:12:20 | INFO | Episode   16 - Reward: -200.000, Length: 200, Loss: 0.8500, Entropy: 1.0985, Epsilon: 0.960
2026-03-29 22:12:21 | INFO | Episode   17 - Reward: -200.000, Length: 200, Loss: 0.7837, Entropy: 1.0985, Epsilon: 0.958
2026-03-29 22:12:21 | INFO | Episode   18 - Reward: -200.000, Length: 200, Loss: 0.7218, Entropy: 1.0985, Epsilon: 0.955
2026-03-29 22:12:22 | INFO | Episode   19 - Reward: -200.000, Length: 200, Loss: 0.8392, Entropy: 1.0985, Epsilon: 0.953
2026-03-29 22:12:22 | INFO | Episode   20 - Reward: -200.000, Length: 200, Loss: 0.7653, Entropy: 1.0985, Epsilon: 0.951
2026-03-29 22:12:22 | INFO | Episode   21 - Reward: -200.000, Length: 200, Loss: 0.8273, Entropy: 1.0984, Epsilon: 0.948
2026-03-29 22:12:23 | INFO | Episode   22 - Reward: -200.000, Length: 200, Loss: 0.7552, Entropy: 1.0984, Epsilon: 0.946
2026-03-29 22:12:23 | INFO | Episode   23 - Reward: -200.000, Length: 200, Loss: 0.6859, Entropy: 1.0984, Epsilon: 0.943
2026-03-29 22:12:24 | INFO | Episode   24 - Reward: -200.000, Length: 200, Loss: 0.8061, Entropy: 1.0984, Epsilon: 0.941
2026-03-29 22:12:24 | INFO | Episode   25 - Reward: -200.000, Length: 200, Loss: 0.7158, Entropy: 1.0983, Epsilon: 0.938
2026-03-29 22:12:25 | INFO | Episode   26 - Reward: -200.000, Length: 200, Loss: 0.7870, Entropy: 1.0983, Epsilon: 0.936
2026-03-29 22:12:25 | INFO | Episode   27 - Reward: -200.000, Length: 200, Loss: 0.6990, Entropy: 1.0983, Epsilon: 0.933
2026-03-29 22:12:25 | INFO | Episode   28 - Reward: -200.000, Length: 200, Loss: 0.6141, Entropy: 1.0983, Epsilon: 0.931
2026-03-29 22:12:26 | INFO | Episode   29 - Reward: -200.000, Length: 200, Loss: 0.7641, Entropy: 1.0982, Epsilon: 0.928
2026-03-29 22:12:26 | INFO | Episode   30 - Reward: -200.000, Length: 200, Loss: 0.6643, Entropy: 1.0982, Epsilon: 0.926
2026-03-29 22:12:27 | INFO | Episode   31 - Reward: -200.000, Length: 200, Loss: 0.7496, Entropy: 1.0982, Epsilon: 0.923
2026-03-29 22:12:27 | INFO | Episode   32 - Reward: -200.000, Length: 200, Loss: 0.6302, Entropy: 1.0982, Epsilon: 0.921
2026-03-29 22:12:28 | INFO | Episode   33 - Reward: -200.000, Length: 200, Loss: 0.5250, Entropy: 1.0983, Epsilon: 0.918
2026-03-29 22:12:28 | INFO | Episode   34 - Reward: -200.000, Length: 200, Loss: 0.7226, Entropy: 1.0982, Epsilon: 0.916
2026-03-29 22:12:29 | INFO | Episode   35 - Reward: -200.000, Length: 200, Loss: 0.5828, Entropy: 1.0982, Epsilon: 0.913
2026-03-29 22:12:29 | INFO | Episode   36 - Reward: -200.000, Length: 200, Loss: 0.7010, Entropy: 1.0983, Epsilon: 0.911
2026-03-29 22:12:30 | INFO | Episode   37 - Reward: -200.000, Length: 200, Loss: 0.5333, Entropy: 1.0983, Epsilon: 0.908
2026-03-29 22:12:30 | INFO | Episode   38 - Reward: -200.000, Length: 200, Loss: 0.3922, Entropy: 1.0983, Epsilon: 0.906
2026-03-29 22:12:30 | INFO | Episode   39 - Reward: -200.000, Length: 200, Loss: 0.6542, Entropy: 1.0984, Epsilon: 0.903
2026-03-29 22:12:31 | INFO | Episode   40 - Reward: -200.000, Length: 200, Loss: 0.4491, Entropy: 1.0984, Epsilon: 0.901
2026-03-29 22:12:31 | INFO | Episode   41 - Reward: -200.000, Length: 200, Loss: 0.6240, Entropy: 1.0985, Epsilon: 0.899
2026-03-29 22:12:32 | INFO | Episode   42 - Reward: -200.000, Length: 200, Loss: 0.3817, Entropy: 1.0985, Epsilon: 0.896
2026-03-29 22:12:32 | INFO | Episode   43 - Reward: -200.000, Length: 200, Loss: 0.2108, Entropy: 1.0985, Epsilon: 0.894
2026-03-29 22:12:33 | INFO | Episode   44 - Reward: -200.000, Length: 200, Loss: 0.5735, Entropy: 1.0985, Epsilon: 0.891
2026-03-29 22:12:33 | INFO | Episode   45 - Reward: -200.000, Length: 200, Loss: 0.2733, Entropy: 1.0985, Epsilon: 0.889
2026-03-29 22:12:34 | INFO | Episode   46 - Reward: -200.000, Length: 200, Loss: 0.5008, Entropy: 1.0985, Epsilon: 0.886
2026-03-29 22:12:34 | INFO | Episode   47 - Reward: -200.000, Length: 200, Loss: 0.1943, Entropy: 1.0985, Epsilon: 0.884
2026-03-29 22:12:35 | INFO | Episode   48 - Reward: -200.000, Length: 200, Loss: 0.0622, Entropy: 1.0986, Epsilon: 0.881
2026-03-29 22:12:35 | INFO | Episode   49 - Reward: -200.000, Length: 200, Loss: 0.4327, Entropy: 1.0986, Epsilon: 0.879
2026-03-29 22:12:36 | INFO | Episode   50 - Reward: -200.000, Length: 200, Loss: 0.1217, Entropy: 1.0986, Epsilon: 0.876
2026-03-29 22:12:42 | INFO | [Episode   50] eps=0.876  avg_reward=-200.000  avg_length=200.00  avg_loss=  0.6478  avg_entropy=1.0986  eval_success=0.000
2026-03-29 22:12:42 | INFO | Episode   51 - Reward: -200.000, Length: 200, Loss: 0.3952, Entropy: 1.0985, Epsilon: 0.874
2026-03-29 22:12:43 | INFO | Episode   52 - Reward: -200.000, Length: 200, Loss: 0.0766, Entropy: 1.0984, Epsilon: 0.871
2026-03-29 22:12:43 | INFO | Episode   53 - Reward: -200.000, Length: 200, Loss: 0.0168, Entropy: 1.0984, Epsilon: 0.869
2026-03-29 22:12:44 | INFO | Episode   54 - Reward: -200.000, Length: 200, Loss: 0.3427, Entropy: 1.0984, Epsilon: 0.866
2026-03-29 22:12:44 | INFO | Episode   55 - Reward: -200.000, Length: 200, Loss: 0.0782, Entropy: 1.0985, Epsilon: 0.864
2026-03-29 22:12:44 | INFO | Episode   56 - Reward: -200.000, Length: 200, Loss: 0.3076, Entropy: 1.0982, Epsilon: 0.861
2026-03-29 22:12:45 | INFO | Episode   57 - Reward: -200.000, Length: 200, Loss: 0.1128, Entropy: 1.0982, Epsilon: 0.859
2026-03-29 22:12:45 | INFO | Episode   58 - Reward: -200.000, Length: 200, Loss: 0.1302, Entropy: 1.0984, Epsilon: 0.856
2026-03-29 22:12:46 | INFO | Episode   59 - Reward: -200.000, Length: 200, Loss: 0.2667, Entropy: 1.0985, Epsilon: 0.854
2026-03-29 22:12:46 | INFO | Episode   60 - Reward: -200.000, Length: 200, Loss: 0.0457, Entropy: 1.0986, Epsilon: 0.852
2026-03-29 22:12:47 | INFO | Episode   61 - Reward: -200.000, Length: 200, Loss: 0.2142, Entropy: 1.0984, Epsilon: 0.849
2026-03-29 22:12:47 | INFO | Episode   62 - Reward: -200.000, Length: 200, Loss: 0.1542, Entropy: 1.0985, Epsilon: 0.847
2026-03-29 22:12:48 | INFO | Episode   63 - Reward: -200.000, Length: 200, Loss: 0.1808, Entropy: 1.0985, Epsilon: 0.844
2026-03-29 22:12:48 | INFO | Episode   64 - Reward: -200.000, Length: 200, Loss: 0.3511, Entropy: 1.0984, Epsilon: 0.842
2026-03-29 22:12:49 | INFO | Episode   65 - Reward: -200.000, Length: 200, Loss: 0.0890, Entropy: 1.0984, Epsilon: 0.839
2026-03-29 22:12:49 | INFO | Episode   66 - Reward: -200.000, Length: 200, Loss: 0.3710, Entropy: 1.0981, Epsilon: 0.837
2026-03-29 22:12:50 | INFO | Episode   67 - Reward: -200.000, Length: 200, Loss: 0.1710, Entropy: 1.0985, Epsilon: 0.834
2026-03-29 22:12:50 | INFO | Episode   68 - Reward: -200.000, Length: 200, Loss: 0.2622, Entropy: 1.0985, Epsilon: 0.832
2026-03-29 22:12:51 | INFO | Episode   69 - Reward: -200.000, Length: 200, Loss: 0.4803, Entropy: 1.0985, Epsilon: 0.829
2026-03-29 22:12:51 | INFO | Episode   70 - Reward: -200.000, Length: 200, Loss: 0.3466, Entropy: 1.0985, Epsilon: 0.827
2026-03-29 22:12:52 | INFO | Episode   71 - Reward: -200.000, Length: 200, Loss: 0.5158, Entropy: 1.0982, Epsilon: 0.824
2026-03-29 22:12:52 | INFO | Episode   72 - Reward: -200.000, Length: 200, Loss: 0.3771, Entropy: 1.0985, Epsilon: 0.822
2026-03-29 22:12:53 | INFO | Episode   73 - Reward: -200.000, Length: 200, Loss: 0.1821, Entropy: 1.0986, Epsilon: 0.819
2026-03-29 22:12:54 | INFO | Episode   74 - Reward: -200.000, Length: 200, Loss: 0.1726, Entropy: 1.0986, Epsilon: 0.817
2026-03-29 22:12:54 | INFO | Episode   75 - Reward: -200.000, Length: 200, Loss: 0.1922, Entropy: 1.0983, Epsilon: 0.814
2026-03-29 22:12:54 | INFO | Episode   76 - Reward: -200.000, Length: 200, Loss: 0.3557, Entropy: 1.0985, Epsilon: 0.812
2026-03-29 22:12:55 | INFO | Episode   77 - Reward: -200.000, Length: 200, Loss: 0.3642, Entropy: 1.0985, Epsilon: 0.809
2026-03-29 22:12:55 | INFO | Episode   78 - Reward: -200.000, Length: 200, Loss: 0.7361, Entropy: 1.0980, Epsilon: 0.807
2026-03-29 22:12:56 | INFO | Episode   79 - Reward: -200.000, Length: 200, Loss: 0.8535, Entropy: 1.0982, Epsilon: 0.804
2026-03-29 22:12:56 | INFO | Episode   80 - Reward: -200.000, Length: 200, Loss: 1.1492, Entropy: 1.0984, Epsilon: 0.802
2026-03-29 22:12:56 | INFO | Episode   81 - Reward: -200.000, Length: 200, Loss: 0.8653, Entropy: 1.0982, Epsilon: 0.800
2026-03-29 22:12:57 | INFO | Episode   82 - Reward: -200.000, Length: 200, Loss: 0.6147, Entropy: 1.0976, Epsilon: 0.797
2026-03-29 22:12:57 | INFO | Episode   83 - Reward: -200.000, Length: 200, Loss: 0.3399, Entropy: 1.0984, Epsilon: 0.795
2026-03-29 22:12:58 | INFO | Episode   84 - Reward: -200.000, Length: 200, Loss: 0.5892, Entropy: 1.0979, Epsilon: 0.792
2026-03-29 22:12:58 | INFO | Episode   85 - Reward: -200.000, Length: 200, Loss: 0.4878, Entropy: 1.0980, Epsilon: 0.790
2026-03-29 22:12:59 | INFO | Episode   86 - Reward: -200.000, Length: 200, Loss: 0.9066, Entropy: 1.0985, Epsilon: 0.787
2026-03-29 22:12:59 | INFO | Episode   87 - Reward: -200.000, Length: 200, Loss: 0.5101, Entropy: 1.0982, Epsilon: 0.785
2026-03-29 22:12:59 | INFO | Episode   88 - Reward: -200.000, Length: 200, Loss: 0.6047, Entropy: 1.0984, Epsilon: 0.782
2026-03-29 22:13:00 | INFO | Episode   89 - Reward: -200.000, Length: 200, Loss: 0.8585, Entropy: 1.0984, Epsilon: 0.780
2026-03-29 22:13:00 | INFO | Episode   90 - Reward: -200.000, Length: 200, Loss: 0.7857, Entropy: 1.0985, Epsilon: 0.777
2026-03-29 22:13:01 | INFO | Episode   91 - Reward: -200.000, Length: 200, Loss: 0.7312, Entropy: 1.0979, Epsilon: 0.775
2026-03-29 22:13:01 | INFO | Episode   92 - Reward: -200.000, Length: 200, Loss: 0.3293, Entropy: 1.0982, Epsilon: 0.772
2026-03-29 22:13:02 | INFO | Episode   93 - Reward: -200.000, Length: 200, Loss: 0.4509, Entropy: 1.0983, Epsilon: 0.770
2026-03-29 22:13:02 | INFO | Episode   94 - Reward: -200.000, Length: 200, Loss: 0.5165, Entropy: 1.0984, Epsilon: 0.767
2026-03-29 22:13:02 | INFO | Episode   95 - Reward: -200.000, Length: 200, Loss: 0.6270, Entropy: 1.0981, Epsilon: 0.765
2026-03-29 22:13:03 | INFO | Episode   96 - Reward: -200.000, Length: 200, Loss: 0.5292, Entropy: 1.0980, Epsilon: 0.762
2026-03-29 22:13:03 | INFO | Episode   97 - Reward: -200.000, Length: 200, Loss: 0.8958, Entropy: 1.0977, Epsilon: 0.760
2026-03-29 22:13:04 | INFO | Episode   98 - Reward: -200.000, Length: 200, Loss: 0.4999, Entropy: 1.0982, Epsilon: 0.757
2026-03-29 22:13:04 | INFO | Episode   99 - Reward: -200.000, Length: 200, Loss: 0.3914, Entropy: 1.0982, Epsilon: 0.755
2026-03-29 22:13:05 | INFO | Episode  100 - Reward: -200.000, Length: 200, Loss: 0.3737, Entropy: 1.0984, Epsilon: 0.752
2026-03-29 22:13:10 | INFO | [Episode  100] eps=0.752  avg_reward=-200.000  avg_length=200.00  avg_loss=  0.4240  avg_entropy=1.0984  eval_success=0.000
2026-03-29 22:13:11 | INFO | Episode  101 - Reward: -200.000, Length: 200, Loss: 0.9161, Entropy: 1.0983, Epsilon: 0.750
2026-03-29 22:13:11 | INFO | Episode  102 - Reward: -200.000, Length: 200, Loss: 0.5568, Entropy: 1.0981, Epsilon: 0.748
2026-03-29 22:13:11 | INFO | Episode  103 - Reward: -200.000, Length: 200, Loss: 1.4998, Entropy: 1.0981, Epsilon: 0.745
2026-03-29 22:13:12 | INFO | Episode  104 - Reward: -200.000, Length: 200, Loss: 0.5914, Entropy: 1.0983, Epsilon: 0.743
2026-03-29 22:13:12 | INFO | Episode  105 - Reward: -200.000, Length: 200, Loss: 0.8219, Entropy: 1.0978, Epsilon: 0.740
2026-03-29 22:13:13 | INFO | Episode  106 - Reward: -200.000, Length: 200, Loss: 0.7724, Entropy: 1.0981, Epsilon: 0.738
2026-03-29 22:13:13 | INFO | Episode  107 - Reward: -200.000, Length: 200, Loss: 1.0722, Entropy: 1.0983, Epsilon: 0.735
2026-03-29 22:13:14 | INFO | Episode  108 - Reward: -200.000, Length: 200, Loss: 0.8768, Entropy: 1.0983, Epsilon: 0.733
2026-03-29 22:13:14 | INFO | Episode  109 - Reward: -200.000, Length: 200, Loss: 0.6277, Entropy: 1.0975, Epsilon: 0.730
2026-03-29 22:13:15 | INFO | Episode  110 - Reward: -200.000, Length: 200, Loss: 0.6063, Entropy: 1.0981, Epsilon: 0.728
2026-03-29 22:13:15 | INFO | Episode  111 - Reward: -200.000, Length: 200, Loss: 0.5038, Entropy: 1.0984, Epsilon: 0.725
2026-03-29 22:13:15 | INFO | Episode  112 - Reward: -200.000, Length: 200, Loss: 1.5108, Entropy: 1.0964, Epsilon: 0.723
2026-03-29 22:13:16 | INFO | Episode  113 - Reward: -200.000, Length: 200, Loss: 0.4692, Entropy: 1.0981, Epsilon: 0.720
2026-03-29 22:13:16 | INFO | Episode  114 - Reward: -200.000, Length: 200, Loss: 0.1440, Entropy: 1.0984, Epsilon: 0.718
2026-03-29 22:13:17 | INFO | Episode  115 - Reward: -200.000, Length: 200, Loss: 1.2782, Entropy: 1.0966, Epsilon: 0.715
2026-03-29 22:13:17 | INFO | Episode  116 - Reward: -200.000, Length: 200, Loss: 1.6678, Entropy: 1.0974, Epsilon: 0.713
2026-03-29 22:13:18 | INFO | Episode  117 - Reward: -200.000, Length: 200, Loss: 0.5630, Entropy: 1.0981, Epsilon: 0.710
2026-03-29 22:13:18 | INFO | Episode  118 - Reward: -200.000, Length: 200, Loss: 1.2688, Entropy: 1.0972, Epsilon: 0.708
2026-03-29 22:13:18 | INFO | Episode  119 - Reward: -200.000, Length: 200, Loss: 0.5673, Entropy: 1.0980, Epsilon: 0.705
2026-03-29 22:13:19 | INFO | Episode  120 - Reward: -200.000, Length: 200, Loss: 1.5278, Entropy: 1.0953, Epsilon: 0.703
2026-03-29 22:13:19 | INFO | Episode  121 - Reward: -200.000, Length: 200, Loss: 0.5284, Entropy: 1.0979, Epsilon: 0.701
2026-03-29 22:13:20 | INFO | Episode  122 - Reward: -200.000, Length: 200, Loss: 0.5382, Entropy: 1.0982, Epsilon: 0.698
2026-03-29 22:13:20 | INFO | Episode  123 - Reward: -200.000, Length: 200, Loss: 1.3328, Entropy: 1.0968, Epsilon: 0.696
2026-03-29 22:13:21 | INFO | Episode  124 - Reward: -200.000, Length: 200, Loss: 0.5875, Entropy: 1.0978, Epsilon: 0.693
2026-03-29 22:13:21 | INFO | Episode  125 - Reward: -200.000, Length: 200, Loss: 1.1689, Entropy: 1.0973, Epsilon: 0.691
2026-03-29 22:13:21 | INFO | Episode  126 - Reward: -200.000, Length: 200, Loss: 1.1363, Entropy: 1.0972, Epsilon: 0.688
2026-03-29 22:13:22 | INFO | Episode  127 - Reward: -200.000, Length: 200, Loss: 1.1867, Entropy: 1.0975, Epsilon: 0.686
2026-03-29 22:13:22 | INFO | Episode  128 - Reward: -200.000, Length: 200, Loss: 0.9180, Entropy: 1.0976, Epsilon: 0.683
2026-03-29 22:13:23 | INFO | Episode  129 - Reward: -200.000, Length: 200, Loss: 1.1653, Entropy: 1.0978, Epsilon: 0.681
2026-03-29 22:13:23 | INFO | Episode  130 - Reward: -200.000, Length: 200, Loss: 0.5686, Entropy: 1.0982, Epsilon: 0.678
2026-03-29 22:13:24 | INFO | Episode  131 - Reward: -200.000, Length: 200, Loss: 1.5289, Entropy: 1.0968, Epsilon: 0.676
2026-03-29 22:13:24 | INFO | Episode  132 - Reward: -200.000, Length: 200, Loss: 1.6889, Entropy: 1.0963, Epsilon: 0.673
2026-03-29 22:13:24 | INFO | Episode  133 - Reward: -200.000, Length: 200, Loss: 1.1405, Entropy: 1.0977, Epsilon: 0.671
2026-03-29 22:13:25 | INFO | Episode  134 - Reward: -200.000, Length: 200, Loss: 1.3816, Entropy: 1.0982, Epsilon: 0.668
2026-03-29 22:13:26 | INFO | Episode  135 - Reward: -200.000, Length: 200, Loss: 0.8468, Entropy: 1.0978, Epsilon: 0.666
2026-03-29 22:13:26 | INFO | Episode  136 - Reward: -200.000, Length: 200, Loss: 0.7679, Entropy: 1.0980, Epsilon: 0.663
2026-03-29 22:13:27 | INFO | Episode  137 - Reward: -200.000, Length: 200, Loss: 0.8016, Entropy: 1.0976, Epsilon: 0.661
2026-03-29 22:13:27 | INFO | Episode  138 - Reward: -200.000, Length: 200, Loss: 1.3386, Entropy: 1.0965, Epsilon: 0.658
2026-03-29 22:13:28 | INFO | Episode  139 - Reward: -200.000, Length: 200, Loss: 0.3627, Entropy: 1.0982, Epsilon: 0.656
2026-03-29 22:13:28 | INFO | Episode  140 - Reward: -200.000, Length: 200, Loss: 0.8300, Entropy: 1.0975, Epsilon: 0.653
2026-03-29 22:13:28 | INFO | Episode  141 - Reward: -200.000, Length: 200, Loss: 1.1965, Entropy: 1.0967, Epsilon: 0.651
2026-03-29 22:13:29 | INFO | Episode  142 - Reward: -200.000, Length: 200, Loss: 2.3451, Entropy: 1.0965, Epsilon: 0.649
2026-03-29 22:13:29 | INFO | Episode  143 - Reward: -200.000, Length: 200, Loss: 0.5992, Entropy: 1.0983, Epsilon: 0.646
2026-03-29 22:13:30 | INFO | Episode  144 - Reward: -200.000, Length: 200, Loss: 1.0693, Entropy: 1.0958, Epsilon: 0.644
2026-03-29 22:13:30 | INFO | Episode  145 - Reward: -200.000, Length: 200, Loss: 1.0041, Entropy: 1.0971, Epsilon: 0.641
2026-03-29 22:13:31 | INFO | Episode  146 - Reward: -200.000, Length: 200, Loss: 1.0608, Entropy: 1.0968, Epsilon: 0.639
2026-03-29 22:13:31 | INFO | Episode  147 - Reward: -200.000, Length: 200, Loss: 1.7368, Entropy: 1.0966, Epsilon: 0.636
2026-03-29 22:13:31 | INFO | Episode  148 - Reward: -200.000, Length: 200, Loss: 0.7952, Entropy: 1.0976, Epsilon: 0.634
2026-03-29 22:13:32 | INFO | Episode  149 - Reward: -200.000, Length: 200, Loss: 1.0183, Entropy: 1.0981, Epsilon: 0.631
2026-03-29 22:13:32 | INFO | Episode  150 - Reward: -200.000, Length: 200, Loss: 0.9148, Entropy: 1.0972, Epsilon: 0.629
2026-03-29 22:13:38 | INFO | [Episode  150] eps=0.629  avg_reward=-200.000  avg_length=200.00  avg_loss=  0.9880  avg_entropy=1.0972  eval_success=0.000
2026-03-29 22:13:38 | INFO | Episode  151 - Reward: -200.000, Length: 200, Loss: 0.9653, Entropy: 1.0933, Epsilon: 0.626
2026-03-29 22:13:39 | INFO | Episode  152 - Reward: -200.000, Length: 200, Loss: 0.6174, Entropy: 1.0980, Epsilon: 0.624
2026-03-29 22:13:39 | INFO | Episode  153 - Reward: -200.000, Length: 200, Loss: 0.3873, Entropy: 1.0975, Epsilon: 0.621
2026-03-29 22:13:40 | INFO | Episode  154 - Reward: -200.000, Length: 200, Loss: 0.6701, Entropy: 1.0970, Epsilon: 0.619
2026-03-29 22:13:40 | INFO | Episode  155 - Reward: -200.000, Length: 200, Loss: 0.1761, Entropy: 1.0983, Epsilon: 0.616
2026-03-29 22:13:40 | INFO | Episode  156 - Reward: -200.000, Length: 200, Loss: 0.6021, Entropy: 1.0977, Epsilon: 0.614
2026-03-29 22:13:41 | INFO | Episode  157 - Reward: -200.000, Length: 200, Loss: 1.3029, Entropy: 1.0973, Epsilon: 0.611
2026-03-29 22:13:41 | INFO | Episode  158 - Reward: -200.000, Length: 200, Loss: 0.6129, Entropy: 1.0978, Epsilon: 0.609
2026-03-29 22:13:42 | INFO | Episode  159 - Reward: -200.000, Length: 200, Loss: 1.2415, Entropy: 1.0966, Epsilon: 0.606
2026-03-29 22:13:42 | INFO | Episode  160 - Reward: -200.000, Length: 200, Loss: 1.1650, Entropy: 1.0979, Epsilon: 0.604
2026-03-29 22:13:43 | INFO | Episode  161 - Reward: -200.000, Length: 200, Loss: 1.1592, Entropy: 1.0974, Epsilon: 0.602
2026-03-29 22:13:43 | INFO | Episode  162 - Reward: -200.000, Length: 200, Loss: 1.3163, Entropy: 1.0980, Epsilon: 0.599
2026-03-29 22:13:43 | INFO | Episode  163 - Reward: -200.000, Length: 200, Loss: 2.2773, Entropy: 1.0934, Epsilon: 0.597
2026-03-29 22:13:44 | INFO | Episode  164 - Reward: -200.000, Length: 200, Loss: 1.0730, Entropy: 1.0976, Epsilon: 0.594
2026-03-29 22:13:44 | INFO | Episode  165 - Reward: -200.000, Length: 200, Loss: 0.1635, Entropy: 1.0983, Epsilon: 0.592
2026-03-29 22:13:45 | INFO | Episode  166 - Reward: -200.000, Length: 200, Loss: 0.8723, Entropy: 1.0978, Epsilon: 0.589
2026-03-29 22:13:45 | INFO | Episode  167 - Reward: -200.000, Length: 200, Loss: 0.9384, Entropy: 1.0975, Epsilon: 0.587
2026-03-29 22:13:46 | INFO | Episode  168 - Reward: -200.000, Length: 200, Loss: 0.6972, Entropy: 1.0972, Epsilon: 0.584
2026-03-29 22:13:46 | INFO | Episode  169 - Reward: -200.000, Length: 200, Loss: 1.6014, Entropy: 1.0960, Epsilon: 0.582
2026-03-29 22:13:46 | INFO | Episode  170 - Reward: -200.000, Length: 200, Loss: 1.6711, Entropy: 1.0970, Epsilon: 0.579
2026-03-29 22:13:47 | INFO | Episode  171 - Reward: -200.000, Length: 200, Loss: 0.8876, Entropy: 1.0971, Epsilon: 0.577
2026-03-29 22:13:47 | INFO | Episode  172 - Reward: -200.000, Length: 200, Loss: 1.8705, Entropy: 1.0904, Epsilon: 0.574
2026-03-29 22:13:48 | INFO | Episode  173 - Reward: -200.000, Length: 200, Loss: 1.1540, Entropy: 1.0953, Epsilon: 0.572
2026-03-29 22:13:48 | INFO | Episode  174 - Reward: -200.000, Length: 200, Loss: 1.3920, Entropy: 1.0969, Epsilon: 0.569
2026-03-29 22:13:48 | INFO | Episode  175 - Reward: -200.000, Length: 200, Loss: 1.1833, Entropy: 1.0953, Epsilon: 0.567
2026-03-29 22:13:49 | INFO | Episode  176 - Reward: -200.000, Length: 200, Loss: 1.3942, Entropy: 1.0981, Epsilon: 0.564
2026-03-29 22:13:49 | INFO | Episode  177 - Reward: -200.000, Length: 200, Loss: -0.0405, Entropy: 1.0985, Epsilon: 0.562
2026-03-29 22:13:50 | INFO | Episode  178 - Reward: -200.000, Length: 200, Loss: 0.8739, Entropy: 1.0974, Epsilon: 0.559
2026-03-29 22:13:50 | INFO | Episode  179 - Reward: -200.000, Length: 200, Loss: 1.3125, Entropy: 1.0922, Epsilon: 0.557
2026-03-29 22:13:51 | INFO | Episode  180 - Reward: -200.000, Length: 200, Loss: 1.4021, Entropy: 1.0950, Epsilon: 0.554
2026-03-29 22:13:51 | INFO | Episode  181 - Reward: -200.000, Length: 200, Loss: 0.9032, Entropy: 1.0971, Epsilon: 0.552
2026-03-29 22:13:52 | INFO | Episode  182 - Reward: -200.000, Length: 200, Loss: 0.4701, Entropy: 1.0980, Epsilon: 0.550
2026-03-29 22:13:52 | INFO | Episode  183 - Reward: -200.000, Length: 200, Loss: 1.5838, Entropy: 1.0975, Epsilon: 0.547
2026-03-29 22:13:52 | INFO | Episode  184 - Reward: -200.000, Length: 200, Loss: 1.6925, Entropy: 1.0973, Epsilon: 0.545
2026-03-29 22:13:53 | INFO | Episode  185 - Reward: -200.000, Length: 200, Loss: 1.4006, Entropy: 1.0964, Epsilon: 0.542
2026-03-29 22:13:53 | INFO | Episode  186 - Reward: -200.000, Length: 200, Loss: 1.4165, Entropy: 1.0967, Epsilon: 0.540
2026-03-29 22:13:54 | INFO | Episode  187 - Reward: -200.000, Length: 200, Loss: 0.9328, Entropy: 1.0974, Epsilon: 0.537
2026-03-29 22:13:54 | INFO | Episode  188 - Reward: -200.000, Length: 200, Loss: 1.3518, Entropy: 1.0966, Epsilon: 0.535
2026-03-29 22:13:55 | INFO | Episode  189 - Reward: -200.000, Length: 200, Loss: 1.4231, Entropy: 1.0947, Epsilon: 0.532
2026-03-29 22:13:55 | INFO | Episode  190 - Reward: -200.000, Length: 200, Loss: 1.2810, Entropy: 1.0963, Epsilon: 0.530
2026-03-29 22:13:55 | INFO | Episode  191 - Reward: -200.000, Length: 200, Loss: 1.3875, Entropy: 1.0970, Epsilon: 0.527
2026-03-29 22:13:56 | INFO | Episode  192 - Reward: -200.000, Length: 200, Loss: 1.3234, Entropy: 1.0965, Epsilon: 0.525
2026-03-29 22:13:56 | INFO | Episode  193 - Reward: -200.000, Length: 200, Loss: 0.8148, Entropy: 1.0978, Epsilon: 0.522
2026-03-29 22:13:57 | INFO | Episode  194 - Reward: -200.000, Length: 200, Loss: 1.1510, Entropy: 1.0981, Epsilon: 0.520
2026-03-29 22:13:57 | INFO | Episode  195 - Reward: -200.000, Length: 200, Loss: 0.9233, Entropy: 1.0978, Epsilon: 0.517
2026-03-29 22:13:58 | INFO | Episode  196 - Reward: -200.000, Length: 200, Loss: 0.6664, Entropy: 1.0973, Epsilon: 0.515
2026-03-29 22:13:58 | INFO | Episode  197 - Reward: -200.000, Length: 200, Loss: 0.9108, Entropy: 1.0983, Epsilon: 0.512
2026-03-29 22:13:59 | INFO | Episode  198 - Reward: -200.000, Length: 200, Loss: 0.6302, Entropy: 1.0975, Epsilon: 0.510
2026-03-29 22:14:00 | INFO | Episode  199 - Reward: -200.000, Length: 200, Loss: 0.9947, Entropy: 1.0971, Epsilon: 0.507
2026-03-29 22:14:00 | INFO | Episode  200 - Reward: -200.000, Length: 200, Loss: 0.4211, Entropy: 1.0981, Epsilon: 0.505
2026-03-29 22:14:06 | INFO | [Episode  200] eps=0.505  avg_reward=-200.000  avg_length=200.00  avg_loss=  1.0524  avg_entropy=1.0981  eval_success=0.000
2026-03-29 22:14:06 | INFO | Episode  201 - Reward: -200.000, Length: 200, Loss: 0.1505, Entropy: 1.0984, Epsilon: 0.503
2026-03-29 22:14:07 | INFO | Episode  202 - Reward: -200.000, Length: 200, Loss: 0.8962, Entropy: 1.0981, Epsilon: 0.500
2026-03-29 22:14:07 | INFO | Episode  203 - Reward: -200.000, Length: 200, Loss: 1.4114, Entropy: 1.0979, Epsilon: 0.498
2026-03-29 22:14:08 | INFO | Episode  204 - Reward: -200.000, Length: 200, Loss: 0.6531, Entropy: 1.0972, Epsilon: 0.495
2026-03-29 22:14:08 | INFO | Episode  205 - Reward: -200.000, Length: 200, Loss: 2.4531, Entropy: 1.0948, Epsilon: 0.493
2026-03-29 22:14:08 | INFO | Episode  206 - Reward: -200.000, Length: 200, Loss: 1.0290, Entropy: 1.0961, Epsilon: 0.490
2026-03-29 22:14:09 | INFO | Episode  207 - Reward: -200.000, Length: 200, Loss: 0.8001, Entropy: 1.0973, Epsilon: 0.488
2026-03-29 22:14:09 | INFO | Episode  208 - Reward: -200.000, Length: 200, Loss: 1.4707, Entropy: 1.0972, Epsilon: 0.485
2026-03-29 22:14:10 | INFO | Episode  209 - Reward: -200.000, Length: 200, Loss: 1.5363, Entropy: 1.0966, Epsilon: 0.483
2026-03-29 22:14:10 | INFO | Episode  210 - Reward: -200.000, Length: 200, Loss: 1.4532, Entropy: 1.0964, Epsilon: 0.480
2026-03-29 22:14:11 | INFO | Episode  211 - Reward: -200.000, Length: 200, Loss: 0.7031, Entropy: 1.0971, Epsilon: 0.478
2026-03-29 22:14:11 | INFO | Episode  212 - Reward: -200.000, Length: 200, Loss: 0.7138, Entropy: 1.0977, Epsilon: 0.475
2026-03-29 22:14:11 | INFO | Episode  213 - Reward: -200.000, Length: 200, Loss: 0.4338, Entropy: 1.0980, Epsilon: 0.473
2026-03-29 22:14:12 | INFO | Episode  214 - Reward: -200.000, Length: 200, Loss: 0.6942, Entropy: 1.0977, Epsilon: 0.470
2026-03-29 22:14:12 | INFO | Episode  215 - Reward: -200.000, Length: 200, Loss: 1.5111, Entropy: 1.0970, Epsilon: 0.468
2026-03-29 22:14:13 | INFO | Episode  216 - Reward: -200.000, Length: 200, Loss: 1.2186, Entropy: 1.0964, Epsilon: 0.465
2026-03-29 22:14:13 | INFO | Episode  217 - Reward: -200.000, Length: 200, Loss: 1.5114, Entropy: 1.0924, Epsilon: 0.463
2026-03-29 22:14:14 | INFO | Episode  218 - Reward: -200.000, Length: 200, Loss: 1.2166, Entropy: 1.0968, Epsilon: 0.460
2026-03-29 22:14:14 | INFO | Episode  219 - Reward: -200.000, Length: 200, Loss: 1.2883, Entropy: 1.0980, Epsilon: 0.458
2026-03-29 22:14:14 | INFO | Episode  220 - Reward: -200.000, Length: 200, Loss: 2.8197, Entropy: 1.0935, Epsilon: 0.456
2026-03-29 22:14:15 | INFO | Episode  221 - Reward: -200.000, Length: 200, Loss: 0.6733, Entropy: 1.0969, Epsilon: 0.453
2026-03-29 22:14:15 | INFO | Episode  222 - Reward: -200.000, Length: 200, Loss: 2.3744, Entropy: 1.0915, Epsilon: 0.451
2026-03-29 22:14:16 | INFO | Episode  223 - Reward: -200.000, Length: 200, Loss: 1.5681, Entropy: 1.0945, Epsilon: 0.448
2026-03-29 22:14:16 | INFO | Episode  224 - Reward: -200.000, Length: 200, Loss: 1.2556, Entropy: 1.0974, Epsilon: 0.446
2026-03-29 22:14:17 | INFO | Episode  225 - Reward: -200.000, Length: 200, Loss: 0.9971, Entropy: 1.0966, Epsilon: 0.443
2026-03-29 22:14:17 | INFO | Episode  226 - Reward: -200.000, Length: 200, Loss: 0.9330, Entropy: 1.0978, Epsilon: 0.441
2026-03-29 22:14:18 | INFO | Episode  227 - Reward: -200.000, Length: 200, Loss: 0.8662, Entropy: 1.0970, Epsilon: 0.438
2026-03-29 22:14:18 | INFO | Episode  228 - Reward: -200.000, Length: 200, Loss: 0.6892, Entropy: 1.0979, Epsilon: 0.436
2026-03-29 22:14:18 | INFO | Episode  229 - Reward: -200.000, Length: 200, Loss: 0.6455, Entropy: 1.0977, Epsilon: 0.433
2026-03-29 22:14:19 | INFO | Episode  230 - Reward: -200.000, Length: 200, Loss: 2.0898, Entropy: 1.0941, Epsilon: 0.431
2026-03-29 22:14:19 | INFO | Episode  231 - Reward: -200.000, Length: 200, Loss: 1.6246, Entropy: 1.0968, Epsilon: 0.428
2026-03-29 22:14:20 | INFO | Episode  232 - Reward: -200.000, Length: 200, Loss: 0.8756, Entropy: 1.0974, Epsilon: 0.426
2026-03-29 22:14:20 | INFO | Episode  233 - Reward: -200.000, Length: 200, Loss: 0.9704, Entropy: 1.0977, Epsilon: 0.423
2026-03-29 22:14:21 | INFO | Episode  234 - Reward: -200.000, Length: 200, Loss: 0.7234, Entropy: 1.0978, Epsilon: 0.421
2026-03-29 22:14:21 | INFO | Episode  235 - Reward: -200.000, Length: 200, Loss: 0.4536, Entropy: 1.0980, Epsilon: 0.418
2026-03-29 22:14:21 | INFO | Episode  236 - Reward: -200.000, Length: 200, Loss: 1.4904, Entropy: 1.0970, Epsilon: 0.416
2026-03-29 22:14:22 | INFO | Episode  237 - Reward: -200.000, Length: 200, Loss: 0.7232, Entropy: 1.0962, Epsilon: 0.413
2026-03-29 22:14:22 | INFO | Episode  238 - Reward: -200.000, Length: 200, Loss: 1.2490, Entropy: 1.0959, Epsilon: 0.411
2026-03-29 22:14:23 | INFO | Episode  239 - Reward: -200.000, Length: 200, Loss: 1.1923, Entropy: 1.0967, Epsilon: 0.408
2026-03-29 22:14:23 | INFO | Episode  240 - Reward: -200.000, Length: 200, Loss: 1.5211, Entropy: 1.0952, Epsilon: 0.406
2026-03-29 22:14:24 | INFO | Episode  241 - Reward: -200.000, Length: 200, Loss: 1.4821, Entropy: 1.0970, Epsilon: 0.404
2026-03-29 22:14:24 | INFO | Episode  242 - Reward: -200.000, Length: 200, Loss: 1.4971, Entropy: 1.0960, Epsilon: 0.401
2026-03-29 22:14:24 | INFO | Episode  243 - Reward: -200.000, Length: 200, Loss: 0.7209, Entropy: 1.0973, Epsilon: 0.399
2026-03-29 22:14:25 | INFO | Episode  244 - Reward: -200.000, Length: 200, Loss: 0.4315, Entropy: 1.0981, Epsilon: 0.396
2026-03-29 22:14:25 | INFO | Episode  245 - Reward: -200.000, Length: 200, Loss: 0.7167, Entropy: 1.0980, Epsilon: 0.394
2026-03-29 22:14:26 | INFO | Episode  246 - Reward: -200.000, Length: 200, Loss: 1.4217, Entropy: 1.0982, Epsilon: 0.391
2026-03-29 22:14:26 | INFO | Episode  247 - Reward: -200.000, Length: 200, Loss: 1.9732, Entropy: 1.0930, Epsilon: 0.389
2026-03-29 22:14:27 | INFO | Episode  248 - Reward: -200.000, Length: 200, Loss: 1.2491, Entropy: 1.0966, Epsilon: 0.386
2026-03-29 22:14:27 | INFO | Episode  249 - Reward: -200.000, Length: 200, Loss: 1.9129, Entropy: 1.0957, Epsilon: 0.384
2026-03-29 22:14:28 | INFO | Episode  250 - Reward: -200.000, Length: 200, Loss: -0.0493, Entropy: 1.0983, Epsilon: 0.381
2026-03-29 22:14:34 | INFO | [Episode  250] eps=0.381  avg_reward=-200.000  avg_length=200.00  avg_loss=  1.1647  avg_entropy=1.0983  eval_success=0.000
2026-03-29 22:14:34 | INFO | Episode  251 - Reward: -200.000, Length: 200, Loss: 1.7114, Entropy: 1.0974, Epsilon: 0.379
2026-03-29 22:14:35 | INFO | Episode  252 - Reward: -200.000, Length: 200, Loss: 1.8194, Entropy: 1.0969, Epsilon: 0.376
2026-03-29 22:14:35 | INFO | Episode  253 - Reward: -200.000, Length: 200, Loss: 1.1719, Entropy: 1.0968, Epsilon: 0.374
2026-03-29 22:14:35 | INFO | Episode  254 - Reward: -200.000, Length: 200, Loss: 1.6797, Entropy: 1.0974, Epsilon: 0.371
2026-03-29 22:14:36 | INFO | Episode  255 - Reward: -200.000, Length: 200, Loss: 2.4518, Entropy: 1.0956, Epsilon: 0.369
2026-03-29 22:14:36 | INFO | Episode  256 - Reward: -200.000, Length: 200, Loss: 1.2437, Entropy: 1.0959, Epsilon: 0.366
2026-03-29 22:14:37 | INFO | Episode  257 - Reward: -200.000, Length: 200, Loss: 0.9589, Entropy: 1.0971, Epsilon: 0.364
2026-03-29 22:14:37 | INFO | Episode  258 - Reward: -200.000, Length: 200, Loss: 1.4717, Entropy: 1.0981, Epsilon: 0.361
2026-03-29 22:14:38 | INFO | Episode  259 - Reward: -200.000, Length: 200, Loss: 2.2652, Entropy: 1.0972, Epsilon: 0.359
2026-03-29 22:14:38 | INFO | Episode  260 - Reward: -200.000, Length: 200, Loss: 0.9503, Entropy: 1.0978, Epsilon: 0.357
2026-03-29 22:14:39 | INFO | Episode  261 - Reward: -200.000, Length: 200, Loss: 2.3550, Entropy: 1.0914, Epsilon: 0.354
2026-03-29 22:14:39 | INFO | Episode  262 - Reward: -200.000, Length: 200, Loss: 1.8551, Entropy: 1.0971, Epsilon: 0.352
2026-03-29 22:14:39 | INFO | Episode  263 - Reward: -200.000, Length: 200, Loss: 1.7816, Entropy: 1.0972, Epsilon: 0.349
2026-03-29 22:14:40 | INFO | Episode  264 - Reward: -200.000, Length: 200, Loss: 1.0203, Entropy: 1.0976, Epsilon: 0.347
2026-03-29 22:14:40 | INFO | Episode  265 - Reward: -200.000, Length: 200, Loss: 1.0236, Entropy: 1.0977, Epsilon: 0.344
2026-03-29 22:14:41 | INFO | Episode  266 - Reward: -200.000, Length: 200, Loss: 1.2429, Entropy: 1.0974, Epsilon: 0.342
2026-03-29 22:14:41 | INFO | Episode  267 - Reward: -200.000, Length: 200, Loss: 1.0468, Entropy: 1.0978, Epsilon: 0.339
2026-03-29 22:14:42 | INFO | Episode  268 - Reward: -200.000, Length: 200, Loss: 1.6013, Entropy: 1.0971, Epsilon: 0.337
2026-03-29 22:14:42 | INFO | Episode  269 - Reward: -200.000, Length: 200, Loss: 1.0613, Entropy: 1.0969, Epsilon: 0.334
2026-03-29 22:14:43 | INFO | Episode  270 - Reward: -200.000, Length: 200, Loss: 1.2303, Entropy: 1.0957, Epsilon: 0.332
2026-03-29 22:14:43 | INFO | Episode  271 - Reward: -200.000, Length: 200, Loss: 3.1961, Entropy: 1.0847, Epsilon: 0.329
2026-03-29 22:14:43 | INFO | Episode  272 - Reward: -200.000, Length: 200, Loss: 0.9991, Entropy: 1.0974, Epsilon: 0.327
2026-03-29 22:14:44 | INFO | Episode  273 - Reward: -200.000, Length: 200, Loss: 0.7536, Entropy: 1.0982, Epsilon: 0.324
2026-03-29 22:14:44 | INFO | Episode  274 - Reward: -200.000, Length: 200, Loss: 0.4755, Entropy: 1.0982, Epsilon: 0.322
2026-03-29 22:14:45 | INFO | Episode  275 - Reward: -200.000, Length: 200, Loss: 2.8106, Entropy: 1.0957, Epsilon: 0.319
2026-03-29 22:14:45 | INFO | Episode  276 - Reward: -200.000, Length: 200, Loss: 2.0411, Entropy: 1.0977, Epsilon: 0.317
2026-03-29 22:14:46 | INFO | Episode  277 - Reward: -200.000, Length: 200, Loss: 0.7134, Entropy: 1.0976, Epsilon: 0.314
2026-03-29 22:14:46 | INFO | Episode  278 - Reward: -200.000, Length: 200, Loss: 0.7742, Entropy: 1.0979, Epsilon: 0.312
2026-03-29 22:14:46 | INFO | Episode  279 - Reward: -200.000, Length: 200, Loss: 2.8863, Entropy: 1.0944, Epsilon: 0.309
2026-03-29 22:14:47 | INFO | Episode  280 - Reward: -200.000, Length: 200, Loss: 1.3014, Entropy: 1.0967, Epsilon: 0.307
2026-03-29 22:14:47 | INFO | Episode  281 - Reward: -200.000, Length: 200, Loss: 1.2772, Entropy: 1.0959, Epsilon: 0.305
2026-03-29 22:14:48 | INFO | Episode  282 - Reward: -200.000, Length: 200, Loss: 0.8933, Entropy: 1.0963, Epsilon: 0.302
2026-03-29 22:14:48 | INFO | Episode  283 - Reward: -200.000, Length: 200, Loss: 1.3042, Entropy: 1.0965, Epsilon: 0.300
2026-03-29 22:14:49 | INFO | Episode  284 - Reward: -200.000, Length: 200, Loss: 1.7312, Entropy: 1.0974, Epsilon: 0.297
2026-03-29 22:14:49 | INFO | Episode  285 - Reward: -200.000, Length: 200, Loss: 0.9494, Entropy: 1.0971, Epsilon: 0.295
2026-03-29 22:14:50 | INFO | Episode  286 - Reward: -200.000, Length: 200, Loss: 0.4817, Entropy: 1.0969, Epsilon: 0.292
2026-03-29 22:14:50 | INFO | Episode  287 - Reward: -200.000, Length: 200, Loss: 0.9129, Entropy: 1.0972, Epsilon: 0.290
2026-03-29 22:14:50 | INFO | Episode  288 - Reward: -200.000, Length: 200, Loss: 2.7136, Entropy: 1.0968, Epsilon: 0.287
2026-03-29 22:14:51 | INFO | Episode  289 - Reward: -200.000, Length: 200, Loss: 1.7316, Entropy: 1.0968, Epsilon: 0.285
2026-03-29 22:14:51 | INFO | Episode  290 - Reward: -200.000, Length: 200, Loss: 0.4393, Entropy: 1.0980, Epsilon: 0.282
2026-03-29 22:14:52 | INFO | Episode  291 - Reward: -200.000, Length: 200, Loss: 0.5549, Entropy: 1.0982, Epsilon: 0.280
2026-03-29 22:14:52 | INFO | Episode  292 - Reward: -200.000, Length: 200, Loss: 2.2966, Entropy: 1.0954, Epsilon: 0.277
2026-03-29 22:14:53 | INFO | Episode  293 - Reward: -200.000, Length: 200, Loss: 0.4561, Entropy: 1.0979, Epsilon: 0.275
2026-03-29 22:14:53 | INFO | Episode  294 - Reward: -200.000, Length: 200, Loss: 0.4758, Entropy: 1.0981, Epsilon: 0.272
2026-03-29 22:14:53 | INFO | Episode  295 - Reward: -200.000, Length: 200, Loss: 2.4067, Entropy: 1.0962, Epsilon: 0.270
2026-03-29 22:14:54 | INFO | Episode  296 - Reward: -200.000, Length: 200, Loss: 0.7694, Entropy: 1.0941, Epsilon: 0.267
2026-03-29 22:14:54 | INFO | Episode  297 - Reward: -200.000, Length: 200, Loss: 1.5715, Entropy: 1.0983, Epsilon: 0.265
2026-03-29 22:14:55 | INFO | Episode  298 - Reward: -200.000, Length: 200, Loss: 1.6667, Entropy: 1.0977, Epsilon: 0.262
2026-03-29 22:14:55 | INFO | Episode  299 - Reward: -200.000, Length: 200, Loss: 1.6794, Entropy: 1.0947, Epsilon: 0.260
2026-03-29 22:14:56 | INFO | Episode  300 - Reward: -200.000, Length: 200, Loss: 1.0305, Entropy: 1.0957, Epsilon: 0.258
2026-03-29 22:15:01 | INFO | [Episode  300] eps=0.258  avg_reward=-200.000  avg_length=200.00  avg_loss=  1.4247  avg_entropy=1.0957  eval_success=0.000
2026-03-29 22:15:02 | INFO | Episode  301 - Reward: -200.000, Length: 200, Loss: 1.3626, Entropy: 1.0946, Epsilon: 0.255
2026-03-29 22:15:02 | INFO | Episode  302 - Reward: -200.000, Length: 200, Loss: 1.3453, Entropy: 1.0974, Epsilon: 0.253
2026-03-29 22:15:02 | INFO | Episode  303 - Reward: -200.000, Length: 200, Loss: 1.3620, Entropy: 1.0959, Epsilon: 0.250
2026-03-29 22:15:03 | INFO | Episode  304 - Reward: -200.000, Length: 200, Loss: 1.3312, Entropy: 1.0976, Epsilon: 0.248
2026-03-29 22:15:03 | INFO | Episode  305 - Reward: -200.000, Length: 200, Loss: 0.6902, Entropy: 1.0972, Epsilon: 0.245
2026-03-29 22:15:04 | INFO | Episode  306 - Reward: -200.000, Length: 200, Loss: 1.5783, Entropy: 1.0960, Epsilon: 0.243
2026-03-29 22:15:05 | INFO | Episode  307 - Reward: -200.000, Length: 200, Loss: 1.0687, Entropy: 1.0971, Epsilon: 0.240
2026-03-29 22:15:05 | INFO | Episode  308 - Reward: -200.000, Length: 200, Loss: 0.8408, Entropy: 1.0962, Epsilon: 0.238
2026-03-29 22:15:06 | INFO | Episode  309 - Reward: -200.000, Length: 200, Loss: 0.5393, Entropy: 1.0977, Epsilon: 0.235
2026-03-29 22:15:06 | INFO | Episode  310 - Reward: -200.000, Length: 200, Loss: 2.2125, Entropy: 1.0947, Epsilon: 0.233
2026-03-29 22:15:07 | INFO | Episode  311 - Reward: -200.000, Length: 200, Loss: 0.2036, Entropy: 1.0972, Epsilon: 0.230
2026-03-29 22:15:07 | INFO | Episode  312 - Reward: -200.000, Length: 200, Loss: 1.7623, Entropy: 1.0964, Epsilon: 0.228
2026-03-29 22:15:07 | INFO | Episode  313 - Reward: -200.000, Length: 200, Loss: 0.9445, Entropy: 1.0982, Epsilon: 0.225
2026-03-29 22:15:08 | INFO | Episode  314 - Reward: -200.000, Length: 200, Loss: 2.2018, Entropy: 1.0938, Epsilon: 0.223
2026-03-29 22:15:08 | INFO | Episode  315 - Reward: -200.000, Length: 200, Loss: 1.3673, Entropy: 1.0969, Epsilon: 0.220
2026-03-29 22:15:09 | INFO | Episode  316 - Reward: -200.000, Length: 200, Loss: 0.1858, Entropy: 1.0979, Epsilon: 0.218
2026-03-29 22:15:09 | INFO | Episode  317 - Reward: -200.000, Length: 200, Loss: 2.0651, Entropy: 1.0964, Epsilon: 0.215
2026-03-29 22:15:10 | INFO | Episode  318 - Reward: -200.000, Length: 200, Loss: 1.3867, Entropy: 1.0931, Epsilon: 0.213
2026-03-29 22:15:10 | INFO | Episode  319 - Reward: -200.000, Length: 200, Loss: 1.0846, Entropy: 1.0974, Epsilon: 0.210
2026-03-29 22:15:10 | INFO | Episode  320 - Reward: -200.000, Length: 200, Loss: 1.3168, Entropy: 1.0959, Epsilon: 0.208
2026-03-29 22:15:11 | INFO | Episode  321 - Reward: -200.000, Length: 200, Loss: 2.2763, Entropy: 1.0971, Epsilon: 0.206
2026-03-29 22:15:11 | INFO | Episode  322 - Reward: -200.000, Length: 200, Loss: 1.2887, Entropy: 1.0952, Epsilon: 0.203
2026-03-29 22:15:12 | INFO | Episode  323 - Reward: -200.000, Length: 200, Loss: 1.3939, Entropy: 1.0932, Epsilon: 0.201
2026-03-29 22:15:12 | INFO | Episode  324 - Reward: -200.000, Length: 200, Loss: 1.4026, Entropy: 1.0960, Epsilon: 0.198
2026-03-29 22:15:13 | INFO | Episode  325 - Reward: -200.000, Length: 200, Loss: 1.5309, Entropy: 1.0966, Epsilon: 0.196
2026-03-29 22:15:13 | INFO | Episode  326 - Reward: -200.000, Length: 200, Loss: 0.8309, Entropy: 1.0957, Epsilon: 0.193
2026-03-29 22:15:14 | INFO | Episode  327 - Reward: -200.000, Length: 200, Loss: 1.2960, Entropy: 1.0962, Epsilon: 0.191
2026-03-29 22:15:14 | INFO | Episode  328 - Reward: -200.000, Length: 200, Loss: 1.0292, Entropy: 1.0974, Epsilon: 0.188
2026-03-29 22:15:14 | INFO | Episode  329 - Reward: -200.000, Length: 200, Loss: 0.7356, Entropy: 1.0977, Epsilon: 0.186
2026-03-29 22:15:15 | INFO | Episode  330 - Reward: -200.000, Length: 200, Loss: 0.2306, Entropy: 1.0981, Epsilon: 0.183
2026-03-29 22:15:16 | INFO | Episode  331 - Reward: -200.000, Length: 200, Loss: 1.0152, Entropy: 1.0950, Epsilon: 0.181
2026-03-29 22:15:16 | INFO | Episode  332 - Reward: -200.000, Length: 200, Loss: 1.5624, Entropy: 1.0950, Epsilon: 0.178
2026-03-29 22:15:16 | INFO | Episode  333 - Reward: -200.000, Length: 200, Loss: 1.0931, Entropy: 1.0979, Epsilon: 0.176
2026-03-29 22:15:17 | INFO | Episode  334 - Reward: -200.000, Length: 200, Loss: 2.4262, Entropy: 1.0909, Epsilon: 0.173
2026-03-29 22:15:17 | INFO | Episode  335 - Reward: -200.000, Length: 200, Loss: 1.7831, Entropy: 1.0929, Epsilon: 0.171
2026-03-29 22:15:18 | INFO | Episode  336 - Reward: -200.000, Length: 200, Loss: 0.8496, Entropy: 1.0977, Epsilon: 0.168
2026-03-29 22:15:18 | INFO | Episode  337 - Reward: -200.000, Length: 200, Loss: 1.0973, Entropy: 1.0976, Epsilon: 0.166
2026-03-29 22:15:19 | INFO | Episode  338 - Reward: -200.000, Length: 200, Loss: 1.7913, Entropy: 1.0967, Epsilon: 0.163
2026-03-29 22:15:19 | INFO | Episode  339 - Reward: -200.000, Length: 200, Loss: 1.9711, Entropy: 1.0944, Epsilon: 0.161
2026-03-29 22:15:19 | INFO | Episode  340 - Reward: -200.000, Length: 200, Loss: 1.6582, Entropy: 1.0980, Epsilon: 0.158
2026-03-29 22:15:20 | INFO | Episode  341 - Reward: -200.000, Length: 200, Loss: 1.6590, Entropy: 1.0952, Epsilon: 0.156
2026-03-29 22:15:20 | INFO | Episode  342 - Reward: -200.000, Length: 200, Loss: 3.0813, Entropy: 1.0971, Epsilon: 0.154
2026-03-29 22:15:21 | INFO | Episode  343 - Reward: -200.000, Length: 200, Loss: 0.7194, Entropy: 1.0972, Epsilon: 0.151
2026-03-29 22:15:21 | INFO | Episode  344 - Reward: -200.000, Length: 200, Loss: 1.5090, Entropy: 1.0971, Epsilon: 0.149
2026-03-29 22:15:22 | INFO | Episode  345 - Reward: -200.000, Length: 200, Loss: 1.6632, Entropy: 1.0981, Epsilon: 0.146
2026-03-29 22:15:22 | INFO | Episode  346 - Reward: -200.000, Length: 200, Loss: 2.0945, Entropy: 1.0976, Epsilon: 0.144
2026-03-29 22:15:23 | INFO | Episode  347 - Reward: -200.000, Length: 200, Loss: 1.2815, Entropy: 1.0951, Epsilon: 0.141
2026-03-29 22:15:23 | INFO | Episode  348 - Reward: -200.000, Length: 200, Loss: 0.8340, Entropy: 1.0964, Epsilon: 0.139
2026-03-29 22:15:24 | INFO | Episode  349 - Reward: -200.000, Length: 200, Loss: 2.0826, Entropy: 1.0936, Epsilon: 0.136
2026-03-29 22:15:24 | INFO | Episode  350 - Reward: -200.000, Length: 200, Loss: 0.7907, Entropy: 1.0967, Epsilon: 0.134
2026-03-29 22:15:30 | INFO | [Episode  350] eps=0.134  avg_reward=-200.000  avg_length=200.00  avg_loss=  1.3565  avg_entropy=1.0967  eval_success=0.000
2026-03-29 22:15:30 | INFO | Episode  351 - Reward: -200.000, Length: 200, Loss: 1.0499, Entropy: 1.0974, Epsilon: 0.131
2026-03-29 22:15:30 | INFO | Episode  352 - Reward: -200.000, Length: 200, Loss: 1.8714, Entropy: 1.0974, Epsilon: 0.129
2026-03-29 22:15:31 | INFO | Episode  353 - Reward: -200.000, Length: 200, Loss: 1.3053, Entropy: 1.0977, Epsilon: 0.126
2026-03-29 22:15:31 | INFO | Episode  354 - Reward: -200.000, Length: 200, Loss: 2.0674, Entropy: 1.0954, Epsilon: 0.124
2026-03-29 22:15:32 | INFO | Episode  355 - Reward: -200.000, Length: 200, Loss: 0.9907, Entropy: 1.0972, Epsilon: 0.121
2026-03-29 22:15:32 | INFO | Episode  356 - Reward: -200.000, Length: 200, Loss: 1.2794, Entropy: 1.0960, Epsilon: 0.119
2026-03-29 22:15:33 | INFO | Episode  357 - Reward: -200.000, Length: 200, Loss: 1.5547, Entropy: 1.0976, Epsilon: 0.116
2026-03-29 22:15:33 | INFO | Episode  358 - Reward: -200.000, Length: 200, Loss: -0.0501, Entropy: 1.0986, Epsilon: 0.114
2026-03-29 22:15:34 | INFO | Episode  359 - Reward: -200.000, Length: 200, Loss: 1.5891, Entropy: 1.0969, Epsilon: 0.111
2026-03-29 22:15:34 | INFO | Episode  360 - Reward: -200.000, Length: 200, Loss: 0.7931, Entropy: 1.0974, Epsilon: 0.109
2026-03-29 22:15:34 | INFO | Episode  361 - Reward: -200.000, Length: 200, Loss: 1.2077, Entropy: 1.0971, Epsilon: 0.107
2026-03-29 22:15:35 | INFO | Episode  362 - Reward: -200.000, Length: 200, Loss: 0.9494, Entropy: 1.0963, Epsilon: 0.104
2026-03-29 22:15:35 | INFO | Episode  363 - Reward: -200.000, Length: 200, Loss: 1.5788, Entropy: 1.0936, Epsilon: 0.102
2026-03-29 22:15:36 | INFO | Episode  364 - Reward: -200.000, Length: 200, Loss: 2.3315, Entropy: 1.0897, Epsilon: 0.099
2026-03-29 22:15:36 | INFO | Episode  365 - Reward: -200.000, Length: 200, Loss: 1.2782, Entropy: 1.0961, Epsilon: 0.097
2026-03-29 22:15:37 | INFO | Episode  366 - Reward: -200.000, Length: 200, Loss: 2.7547, Entropy: 1.0948, Epsilon: 0.094
2026-03-29 22:15:38 | INFO | Episode  367 - Reward: -200.000, Length: 200, Loss: 1.8661, Entropy: 1.0959, Epsilon: 0.092
2026-03-29 22:15:38 | INFO | Episode  368 - Reward: -200.000, Length: 200, Loss: 0.9259, Entropy: 1.0980, Epsilon: 0.089
2026-03-29 22:15:39 | INFO | Episode  369 - Reward: -200.000, Length: 200, Loss: 0.9652, Entropy: 1.0966, Epsilon: 0.087
2026-03-29 22:15:39 | INFO | Episode  370 - Reward: -200.000, Length: 200, Loss: 1.6442, Entropy: 1.0961, Epsilon: 0.084
2026-03-29 22:15:40 | INFO | Episode  371 - Reward: -200.000, Length: 200, Loss: 1.1406, Entropy: 1.0942, Epsilon: 0.082
2026-03-29 22:15:40 | INFO | Episode  372 - Reward: -200.000, Length: 200, Loss: 1.0738, Entropy: 1.0958, Epsilon: 0.079
2026-03-29 22:15:40 | INFO | Episode  373 - Reward: -200.000, Length: 200, Loss: 0.8131, Entropy: 1.0949, Epsilon: 0.077
2026-03-29 22:15:41 | INFO | Episode  374 - Reward: -200.000, Length: 200, Loss: 1.3725, Entropy: 1.0977, Epsilon: 0.074
2026-03-29 22:15:41 | INFO | Episode  375 - Reward: -200.000, Length: 200, Loss: 1.3122, Entropy: 1.0963, Epsilon: 0.072
2026-03-29 22:15:42 | INFO | Episode  376 - Reward: -200.000, Length: 200, Loss: 0.5489, Entropy: 1.0979, Epsilon: 0.069
2026-03-29 22:15:42 | INFO | Episode  377 - Reward: -200.000, Length: 200, Loss: 1.5226, Entropy: 1.0967, Epsilon: 0.067
2026-03-29 22:15:43 | INFO | Episode  378 - Reward: -200.000, Length: 200, Loss: 1.2374, Entropy: 1.0958, Epsilon: 0.064
2026-03-29 22:15:43 | INFO | Episode  379 - Reward: -200.000, Length: 200, Loss: 1.6237, Entropy: 1.0956, Epsilon: 0.062
2026-03-29 22:15:44 | INFO | Episode  380 - Reward: -200.000, Length: 200, Loss: 1.0787, Entropy: 1.0963, Epsilon: 0.059
2026-03-29 22:15:44 | INFO | Episode  381 - Reward: -200.000, Length: 200, Loss: 0.2682, Entropy: 1.0979, Epsilon: 0.057
2026-03-29 22:15:45 | INFO | Episode  382 - Reward: -200.000, Length: 200, Loss: 0.7302, Entropy: 1.0976, Epsilon: 0.055
2026-03-29 22:15:45 | INFO | Episode  383 - Reward: -200.000, Length: 200, Loss: 2.1154, Entropy: 1.0945, Epsilon: 0.052
2026-03-29 22:15:45 | INFO | Episode  384 - Reward: -200.000, Length: 200, Loss: 0.9643, Entropy: 1.0969, Epsilon: 0.050
2026-03-29 22:15:46 | INFO | Episode  385 - Reward: -200.000, Length: 200, Loss: 2.2430, Entropy: 1.0952, Epsilon: 0.047
2026-03-29 22:15:46 | INFO | Episode  386 - Reward: -200.000, Length: 200, Loss: 0.8137, Entropy: 1.0965, Epsilon: 0.045
2026-03-29 22:15:47 | INFO | Episode  387 - Reward: -200.000, Length: 200, Loss: 1.8519, Entropy: 1.0951, Epsilon: 0.042
2026-03-29 22:15:47 | INFO | Episode  388 - Reward: -200.000, Length: 200, Loss: 1.3488, Entropy: 1.0967, Epsilon: 0.040
2026-03-29 22:15:48 | INFO | Episode  389 - Reward: -200.000, Length: 200, Loss: 0.4617, Entropy: 1.0976, Epsilon: 0.037
2026-03-29 22:15:48 | INFO | Episode  390 - Reward: -200.000, Length: 200, Loss: 1.5328, Entropy: 1.0962, Epsilon: 0.035
2026-03-29 22:15:49 | INFO | Episode  391 - Reward: -200.000, Length: 200, Loss: 1.0714, Entropy: 1.0960, Epsilon: 0.032
2026-03-29 22:15:49 | INFO | Episode  392 - Reward: -200.000, Length: 200, Loss: 1.7827, Entropy: 1.0958, Epsilon: 0.030
2026-03-29 22:15:49 | INFO | Episode  393 - Reward: -200.000, Length: 200, Loss: 0.7425, Entropy: 1.0964, Epsilon: 0.027
2026-03-29 22:15:50 | INFO | Episode  394 - Reward: -200.000, Length: 200, Loss: 1.8878, Entropy: 1.0930, Epsilon: 0.025
2026-03-29 22:15:50 | INFO | Episode  395 - Reward: -200.000, Length: 200, Loss: 1.0200, Entropy: 1.0969, Epsilon: 0.022
2026-03-29 22:15:51 | INFO | Episode  396 - Reward: -200.000, Length: 200, Loss: 0.7745, Entropy: 1.0973, Epsilon: 0.020
2026-03-29 22:15:51 | INFO | Episode  397 - Reward: -200.000, Length: 200, Loss: 1.3747, Entropy: 1.0947, Epsilon: 0.017
2026-03-29 22:15:52 | INFO | Episode  398 - Reward: -200.000, Length: 200, Loss: 1.8279, Entropy: 1.0970, Epsilon: 0.015
2026-03-29 22:15:52 | INFO | Episode  399 - Reward: -200.000, Length: 200, Loss: 1.3146, Entropy: 1.0942, Epsilon: 0.012
2026-03-29 22:15:53 | INFO | Episode  400 - Reward: -200.000, Length: 200, Loss: 1.7247, Entropy: 1.0945, Epsilon: 0.010
2026-03-29 22:15:58 | INFO | [Episode  400] eps=0.010  avg_reward=-200.000  avg_length=200.00  avg_loss=  1.3105  avg_entropy=1.0945  eval_success=0.000
2026-03-29 22:15:59 | INFO | Episode  401 - Reward: -200.000, Length: 200, Loss: 0.2260, Entropy: 1.0977, Epsilon: 0.010
2026-03-29 22:15:59 | INFO | Episode  402 - Reward: -200.000, Length: 200, Loss: 0.8551, Entropy: 1.0970, Epsilon: 0.010
2026-03-29 22:15:59 | INFO | Episode  403 - Reward: -200.000, Length: 200, Loss: 1.6006, Entropy: 1.0970, Epsilon: 0.010
2026-03-29 22:16:00 | INFO | Episode  404 - Reward: -200.000, Length: 200, Loss: 1.1419, Entropy: 1.0936, Epsilon: 0.010
2026-03-29 22:16:00 | INFO | Episode  405 - Reward: -200.000, Length: 200, Loss: 0.4436, Entropy: 1.0978, Epsilon: 0.010
2026-03-29 22:16:01 | INFO | Episode  406 - Reward: -200.000, Length: 200, Loss: 1.0976, Entropy: 1.0965, Epsilon: 0.010
2026-03-29 22:16:01 | INFO | Episode  407 - Reward: -200.000, Length: 200, Loss: 1.5205, Entropy: 1.0960, Epsilon: 0.010
2026-03-29 22:16:02 | INFO | Episode  408 - Reward: -200.000, Length: 200, Loss: 1.0853, Entropy: 1.0966, Epsilon: 0.010
2026-03-29 22:16:02 | INFO | Episode  409 - Reward: -200.000, Length: 200, Loss: 2.1868, Entropy: 1.0939, Epsilon: 0.010
2026-03-29 22:16:03 | INFO | Episode  410 - Reward: -200.000, Length: 200, Loss: 1.0965, Entropy: 1.0959, Epsilon: 0.010
2026-03-29 22:16:03 | INFO | Episode  411 - Reward: -200.000, Length: 200, Loss: 0.8222, Entropy: 1.0975, Epsilon: 0.010
2026-03-29 22:16:04 | INFO | Episode  412 - Reward: -200.000, Length: 200, Loss: 2.0183, Entropy: 1.0948, Epsilon: 0.010
2026-03-29 22:16:04 | INFO | Episode  413 - Reward: -200.000, Length: 200, Loss: 0.8482, Entropy: 1.0954, Epsilon: 0.010
2026-03-29 22:16:04 | INFO | Episode  414 - Reward: -200.000, Length: 200, Loss: 1.6692, Entropy: 1.0961, Epsilon: 0.010
2026-03-29 22:16:05 | INFO | Episode  415 - Reward: -200.000, Length: 200, Loss: 0.2434, Entropy: 1.0978, Epsilon: 0.010
2026-03-29 22:16:05 | INFO | Episode  416 - Reward: -200.000, Length: 200, Loss: 1.8370, Entropy: 1.0961, Epsilon: 0.010
2026-03-29 22:16:06 | INFO | Episode  417 - Reward: -200.000, Length: 200, Loss: 0.7360, Entropy: 1.0962, Epsilon: 0.010
2026-03-29 22:16:06 | INFO | Episode  418 - Reward: -200.000, Length: 200, Loss: 1.6951, Entropy: 1.0954, Epsilon: 0.010
2026-03-29 22:16:07 | INFO | Episode  419 - Reward: -200.000, Length: 200, Loss: 1.4278, Entropy: 1.0969, Epsilon: 0.010
2026-03-29 22:16:07 | INFO | Episode  420 - Reward: -200.000, Length: 200, Loss: 1.5520, Entropy: 1.0953, Epsilon: 0.010
2026-03-29 22:16:08 | INFO | Episode  421 - Reward: -200.000, Length: 200, Loss: 1.1319, Entropy: 1.0969, Epsilon: 0.010
2026-03-29 22:16:08 | INFO | Episode  422 - Reward: -200.000, Length: 200, Loss: 2.5751, Entropy: 1.0952, Epsilon: 0.010
2026-03-29 22:16:09 | INFO | Episode  423 - Reward: -200.000, Length: 200, Loss: 0.9361, Entropy: 1.0962, Epsilon: 0.010
2026-03-29 22:16:09 | INFO | Episode  424 - Reward: -200.000, Length: 200, Loss: 1.6593, Entropy: 1.0951, Epsilon: 0.010
2026-03-29 22:16:10 | INFO | Episode  425 - Reward: -200.000, Length: 200, Loss: 1.6864, Entropy: 1.0952, Epsilon: 0.010
2026-03-29 22:16:11 | INFO | Episode  426 - Reward: -200.000, Length: 200, Loss: 0.6170, Entropy: 1.0969, Epsilon: 0.010
2026-03-29 22:16:11 | INFO | Episode  427 - Reward: -200.000, Length: 200, Loss: 2.1539, Entropy: 1.0922, Epsilon: 0.010
2026-03-29 22:16:12 | INFO | Episode  428 - Reward: -200.000, Length: 200, Loss: 2.8625, Entropy: 1.0973, Epsilon: 0.010
2026-03-29 22:16:12 | INFO | Episode  429 - Reward: -200.000, Length: 200, Loss: 0.5618, Entropy: 1.0980, Epsilon: 0.010
2026-03-29 22:16:13 | INFO | Episode  430 - Reward: -200.000, Length: 200, Loss: 1.1757, Entropy: 1.0952, Epsilon: 0.010
2026-03-29 22:16:13 | INFO | Episode  431 - Reward: -200.000, Length: 200, Loss: 0.4769, Entropy: 1.0971, Epsilon: 0.010
2026-03-29 22:16:13 | INFO | Episode  432 - Reward: -200.000, Length: 200, Loss: 1.1780, Entropy: 1.0976, Epsilon: 0.010
2026-03-29 22:16:14 | INFO | Episode  433 - Reward: -200.000, Length: 200, Loss: 2.2146, Entropy: 1.0964, Epsilon: 0.010
2026-03-29 22:16:14 | INFO | Episode  434 - Reward: -200.000, Length: 200, Loss: 1.4700, Entropy: 1.0963, Epsilon: 0.010
2026-03-29 22:16:15 | INFO | Episode  435 - Reward: -200.000, Length: 200, Loss: 1.1570, Entropy: 1.0976, Epsilon: 0.010
2026-03-29 22:16:15 | INFO | Episode  436 - Reward: -200.000, Length: 200, Loss: 2.4263, Entropy: 1.0933, Epsilon: 0.010
2026-03-29 22:16:16 | INFO | Episode  437 - Reward: -200.000, Length: 200, Loss: 1.7565, Entropy: 1.0907, Epsilon: 0.010
2026-03-29 22:16:16 | INFO | Episode  438 - Reward: -200.000, Length: 200, Loss: 1.4141, Entropy: 1.0954, Epsilon: 0.010
2026-03-29 22:16:17 | INFO | Episode  439 - Reward: -200.000, Length: 200, Loss: 0.9747, Entropy: 1.0971, Epsilon: 0.010
2026-03-29 22:16:17 | INFO | Episode  440 - Reward: -200.000, Length: 200, Loss: 1.7940, Entropy: 1.0924, Epsilon: 0.010
2026-03-29 22:16:18 | INFO | Episode  441 - Reward: -200.000, Length: 200, Loss: 1.4087, Entropy: 1.0961, Epsilon: 0.010
2026-03-29 22:16:18 | INFO | Episode  442 - Reward: -200.000, Length: 200, Loss: 0.5598, Entropy: 1.0974, Epsilon: 0.010
2026-03-29 22:16:19 | INFO | Episode  443 - Reward: -200.000, Length: 200, Loss: 3.1771, Entropy: 1.0906, Epsilon: 0.010
2026-03-29 22:16:19 | INFO | Episode  444 - Reward: -200.000, Length: 200, Loss: 0.8102, Entropy: 1.0977, Epsilon: 0.010
2026-03-29 22:16:20 | INFO | Episode  445 - Reward: -200.000, Length: 200, Loss: 0.8643, Entropy: 1.0964, Epsilon: 0.010
2026-03-29 22:16:20 | INFO | Episode  446 - Reward: -200.000, Length: 200, Loss: 0.5259, Entropy: 1.0968, Epsilon: 0.010
2026-03-29 22:16:21 | INFO | Episode  447 - Reward: -200.000, Length: 200, Loss: 2.1819, Entropy: 1.0933, Epsilon: 0.010
2026-03-29 22:16:21 | INFO | Episode  448 - Reward: -200.000, Length: 200, Loss: 1.5526, Entropy: 1.0923, Epsilon: 0.010
2026-03-29 22:16:22 | INFO | Episode  449 - Reward: -200.000, Length: 200, Loss: 0.9744, Entropy: 1.0956, Epsilon: 0.010
2026-03-29 22:16:22 | INFO | Episode  450 - Reward: -200.000, Length: 200, Loss: 1.5259, Entropy: 1.0972, Epsilon: 0.010
2026-03-29 22:16:28 | INFO | [Episode  450] eps=0.010  avg_reward=-200.000  avg_length=200.00  avg_loss=  1.3581  avg_entropy=1.0972  eval_success=0.000
2026-03-29 22:16:29 | INFO | Episode  451 - Reward: -200.000, Length: 200, Loss: 1.1069, Entropy: 1.0976, Epsilon: 0.010
2026-03-29 22:16:29 | INFO | Episode  452 - Reward: -200.000, Length: 200, Loss: 2.2082, Entropy: 1.0978, Epsilon: 0.010
2026-03-29 22:16:30 | INFO | Episode  453 - Reward: -200.000, Length: 200, Loss: 1.8376, Entropy: 1.0921, Epsilon: 0.010
2026-03-29 22:16:30 | INFO | Episode  454 - Reward: -200.000, Length: 200, Loss: 0.4726, Entropy: 1.0980, Epsilon: 0.010
2026-03-29 22:16:31 | INFO | Episode  455 - Reward: -200.000, Length: 200, Loss: 1.1724, Entropy: 1.0957, Epsilon: 0.010
2026-03-29 22:16:31 | INFO | Episode  456 - Reward: -200.000, Length: 200, Loss: 1.5345, Entropy: 1.0973, Epsilon: 0.010
2026-03-29 22:16:32 | INFO | Episode  457 - Reward: -200.000, Length: 200, Loss: 0.8985, Entropy: 1.0952, Epsilon: 0.010
2026-03-29 22:16:32 | INFO | Episode  458 - Reward: -200.000, Length: 200, Loss: 1.6216, Entropy: 1.0942, Epsilon: 0.010
2026-03-29 22:16:32 | INFO | Episode  459 - Reward: -200.000, Length: 200, Loss: 0.9022, Entropy: 1.0936, Epsilon: 0.010
2026-03-29 22:16:33 | INFO | Episode  460 - Reward: -200.000, Length: 200, Loss: 2.5937, Entropy: 1.0960, Epsilon: 0.010
2026-03-29 22:16:33 | INFO | Episode  461 - Reward: -200.000, Length: 200, Loss: 2.3325, Entropy: 1.0949, Epsilon: 0.010
2026-03-29 22:16:34 | INFO | Episode  462 - Reward: -200.000, Length: 200, Loss: 0.8186, Entropy: 1.0970, Epsilon: 0.010
2026-03-29 22:16:34 | INFO | Episode  463 - Reward: -200.000, Length: 200, Loss: 1.0585, Entropy: 1.0980, Epsilon: 0.010
2026-03-29 22:16:35 | INFO | Episode  464 - Reward: -200.000, Length: 200, Loss: 2.2943, Entropy: 1.0957, Epsilon: 0.010
2026-03-29 22:16:35 | INFO | Episode  465 - Reward: -200.000, Length: 200, Loss: 1.8136, Entropy: 1.0946, Epsilon: 0.010
2026-03-29 22:16:36 | INFO | Episode  466 - Reward: -200.000, Length: 200, Loss: 0.9028, Entropy: 1.0967, Epsilon: 0.010
2026-03-29 22:16:36 | INFO | Episode  467 - Reward: -200.000, Length: 200, Loss: 1.2295, Entropy: 1.0949, Epsilon: 0.010
2026-03-29 22:16:37 | INFO | Episode  468 - Reward: -200.000, Length: 200, Loss: 1.8779, Entropy: 1.0975, Epsilon: 0.010
2026-03-29 22:16:37 | INFO | Episode  469 - Reward: -200.000, Length: 200, Loss: 2.3861, Entropy: 1.0965, Epsilon: 0.010
2026-03-29 22:16:37 | INFO | Episode  470 - Reward: -200.000, Length: 200, Loss: 3.6645, Entropy: 1.0898, Epsilon: 0.010
2026-03-29 22:16:38 | INFO | Episode  471 - Reward: -200.000, Length: 200, Loss: 1.2264, Entropy: 1.0974, Epsilon: 0.010
2026-03-29 22:16:38 | INFO | Episode  472 - Reward: -200.000, Length: 200, Loss: 1.4642, Entropy: 1.0956, Epsilon: 0.010
2026-03-29 22:16:39 | INFO | Episode  473 - Reward: -200.000, Length: 200, Loss: 1.3017, Entropy: 1.0959, Epsilon: 0.010
2026-03-29 22:16:39 | INFO | Episode  474 - Reward: -200.000, Length: 200, Loss: 2.2947, Entropy: 1.0951, Epsilon: 0.010
2026-03-29 22:16:40 | INFO | Episode  475 - Reward: -200.000, Length: 200, Loss: 3.3445, Entropy: 1.0897, Epsilon: 0.010
2026-03-29 22:16:40 | INFO | Episode  476 - Reward: -200.000, Length: 200, Loss: 0.5017, Entropy: 1.0975, Epsilon: 0.010
2026-03-29 22:16:41 | INFO | Episode  477 - Reward: -200.000, Length: 200, Loss: -0.0522, Entropy: 1.0984, Epsilon: 0.010
2026-03-29 22:16:41 | INFO | Episode  478 - Reward: -200.000, Length: 200, Loss: 2.1165, Entropy: 1.0952, Epsilon: 0.010
2026-03-29 22:16:42 | INFO | Episode  479 - Reward: -200.000, Length: 200, Loss: 0.4737, Entropy: 1.0981, Epsilon: 0.010
2026-03-29 22:16:42 | INFO | Episode  480 - Reward: -200.000, Length: 200, Loss: 1.1718, Entropy: 1.0971, Epsilon: 0.010
2026-03-29 22:16:43 | INFO | Episode  481 - Reward: -200.000, Length: 200, Loss: 1.7364, Entropy: 1.0957, Epsilon: 0.010
2026-03-29 22:16:44 | INFO | Episode  482 - Reward: -200.000, Length: 200, Loss: 2.3958, Entropy: 1.0877, Epsilon: 0.010
2026-03-29 22:16:44 | INFO | Episode  483 - Reward: -200.000, Length: 200, Loss: 0.9936, Entropy: 1.0947, Epsilon: 0.010
2026-03-29 22:16:45 | INFO | Episode  484 - Reward: -200.000, Length: 200, Loss: 0.7525, Entropy: 1.0974, Epsilon: 0.010
2026-03-29 22:16:45 | INFO | Episode  485 - Reward: -200.000, Length: 200, Loss: 1.5814, Entropy: 1.0973, Epsilon: 0.010
2026-03-29 22:16:46 | INFO | Episode  486 - Reward: -200.000, Length: 200, Loss: 1.6606, Entropy: 1.0944, Epsilon: 0.010
2026-03-29 22:16:46 | INFO | Episode  487 - Reward: -200.000, Length: 200, Loss: 0.9579, Entropy: 1.0936, Epsilon: 0.010
2026-03-29 22:16:46 | INFO | Episode  488 - Reward: -200.000, Length: 200, Loss: 1.5988, Entropy: 1.0950, Epsilon: 0.010
2026-03-29 22:16:47 | INFO | Episode  489 - Reward: -200.000, Length: 200, Loss: 1.0404, Entropy: 1.0963, Epsilon: 0.010
2026-03-29 22:16:47 | INFO | Episode  490 - Reward: -200.000, Length: 200, Loss: 2.5104, Entropy: 1.0952, Epsilon: 0.010
2026-03-29 22:16:48 | INFO | Episode  491 - Reward: -200.000, Length: 200, Loss: 0.2098, Entropy: 1.0982, Epsilon: 0.010
2026-03-29 22:16:48 | INFO | Episode  492 - Reward: -200.000, Length: 200, Loss: 0.2503, Entropy: 1.0971, Epsilon: 0.010
2026-03-29 22:16:49 | INFO | Episode  493 - Reward: -200.000, Length: 200, Loss: 2.5572, Entropy: 1.0896, Epsilon: 0.010
2026-03-29 22:16:49 | INFO | Episode  494 - Reward: -200.000, Length: 200, Loss: 1.6327, Entropy: 1.0944, Epsilon: 0.010
2026-03-29 22:16:50 | INFO | Episode  495 - Reward: -200.000, Length: 200, Loss: 1.6470, Entropy: 1.0955, Epsilon: 0.010
2026-03-29 22:16:50 | INFO | Episode  496 - Reward: -200.000, Length: 200, Loss: 1.2640, Entropy: 1.0947, Epsilon: 0.010
2026-03-29 22:16:51 | INFO | Episode  497 - Reward: -200.000, Length: 200, Loss: 0.5373, Entropy: 1.0969, Epsilon: 0.010
2026-03-29 22:16:51 | INFO | Episode  498 - Reward: -200.000, Length: 200, Loss: 1.6146, Entropy: 1.0955, Epsilon: 0.010
2026-03-29 22:16:52 | INFO | Episode  499 - Reward: -200.000, Length: 200, Loss: 1.1378, Entropy: 1.0954, Epsilon: 0.010
2026-03-29 22:16:52 | INFO | Episode  500 - Reward: -200.000, Length: 200, Loss: 1.2001, Entropy: 1.0943, Epsilon: 0.010
2026-03-29 22:16:58 | INFO | [Episode  500] eps=0.010  avg_reward=-200.000  avg_length=200.00  avg_loss=  1.4770  avg_entropy=1.0943  eval_success=0.000
2026-03-29 22:16:58 | INFO | DQN+Entropy training: 4m 41.12s
2026-03-29 22:17:21 | INFO | [Final Eval] success=0.000, mean_reward=-200.000
