2026-03-29 16:08:52 | INFO | ============================================================
2026-03-29 16:08:52 | INFO | DEVICE / COMPUTE INFORMATION
2026-03-29 16:08:52 | INFO |   JAX backend       : CPU
2026-03-29 16:08:52 | INFO |   Platform          : cpu
2026-03-29 16:08:52 | INFO |   Num devices       : 1
2026-03-29 16:08:52 | INFO |   Device            : TFRT_CPU_0
2026-03-29 16:08:52 | INFO | ============================================================
2026-03-29 16:08:52 | INFO | DQN+Entropy | seed=8, lr=0.01, gamma=0.99, alpha=0.01
2026-03-29 16:08:52 | INFO | Env: cartpole/dense, obs_dim=4, num_actions=2
2026-03-29 16:08:54 | INFO | Episode    1 - Reward: 11.000, Length: 11, Loss: 0.0000, Entropy: 0.0000, Epsilon: 0.998
2026-03-29 16:08:54 | INFO | Episode    2 - Reward: 11.000, Length: 11, Loss: 0.0000, Entropy: 0.0000, Epsilon: 0.995
2026-03-29 16:08:54 | INFO | Episode    3 - Reward: 15.000, Length: 15, Loss: 0.0000, Entropy: 0.0000, Epsilon: 0.993
2026-03-29 16:08:55 | INFO | Episode    4 - Reward: 21.000, Length: 21, Loss: 0.0000, Entropy: 0.0000, Epsilon: 0.990
2026-03-29 16:08:55 | INFO | Episode    5 - Reward: 38.000, Length: 38, Loss: 0.0000, Entropy: 0.0000, Epsilon: 0.988
2026-03-29 16:08:56 | INFO | Episode    6 - Reward: 15.000, Length: 15, Loss: 0.0000, Entropy: 0.0000, Epsilon: 0.985
2026-03-29 16:08:56 | INFO | Episode    7 - Reward: 23.000, Length: 23, Loss: 0.0000, Entropy: 0.0000, Epsilon: 0.983
2026-03-29 16:08:56 | INFO | Episode    8 - Reward: 36.000, Length: 36, Loss: 0.0000, Entropy: 0.0000, Epsilon: 0.980
2026-03-29 16:08:57 | INFO | Episode    9 - Reward: 34.000, Length: 34, Loss: 0.0000, Entropy: 0.0000, Epsilon: 0.978
2026-03-29 16:08:57 | INFO | Episode   10 - Reward: 17.000, Length: 17, Loss: 0.0000, Entropy: 0.0000, Epsilon: 0.975
2026-03-29 16:08:58 | INFO | Episode   11 - Reward: 14.000, Length: 14, Loss: 0.0000, Entropy: 0.0000, Epsilon: 0.973
2026-03-29 16:08:58 | INFO | Episode   12 - Reward: 12.000, Length: 12, Loss: 0.0000, Entropy: 0.0000, Epsilon: 0.970
2026-03-29 16:09:00 | INFO | Episode   13 - Reward: 11.000, Length: 11, Loss: 0.9978, Entropy: 0.6928, Epsilon: 0.968
2026-03-29 16:09:00 | INFO | Episode   14 - Reward: 20.000, Length: 20, Loss: 0.9009, Entropy: 0.6929, Epsilon: 0.965
2026-03-29 16:09:01 | INFO | Episode   15 - Reward: 37.000, Length: 37, Loss: 0.8063, Entropy: 0.6930, Epsilon: 0.963
2026-03-29 16:09:02 | INFO | Episode   16 - Reward: 41.000, Length: 41, Loss: 0.7334, Entropy: 0.6929, Epsilon: 0.960
2026-03-29 16:09:03 | INFO | Episode   17 - Reward: 20.000, Length: 20, Loss: 0.6581, Entropy: 0.6929, Epsilon: 0.958
2026-03-29 16:09:03 | INFO | Episode   18 - Reward: 12.000, Length: 12, Loss: 0.5898, Entropy: 0.6927, Epsilon: 0.955
2026-03-29 16:09:04 | INFO | Episode   19 - Reward: 17.000, Length: 17, Loss: 0.5266, Entropy: 0.6926, Epsilon: 0.953
2026-03-29 16:09:05 | INFO | Episode   20 - Reward: 15.000, Length: 15, Loss: 0.4747, Entropy: 0.6925, Epsilon: 0.951
2026-03-29 16:09:05 | INFO | Episode   21 - Reward: 27.000, Length: 27, Loss: 0.4234, Entropy: 0.6924, Epsilon: 0.948
2026-03-29 16:09:06 | INFO | Episode   22 - Reward: 13.000, Length: 13, Loss: 0.3766, Entropy: 0.6923, Epsilon: 0.946
2026-03-29 16:09:07 | INFO | Episode   23 - Reward: 13.000, Length: 13, Loss: 0.3335, Entropy: 0.6922, Epsilon: 0.943
2026-03-29 16:09:07 | INFO | Episode   24 - Reward: 13.000, Length: 13, Loss: 0.2912, Entropy: 0.6920, Epsilon: 0.941
2026-03-29 16:09:08 | INFO | Episode   25 - Reward: 11.000, Length: 11, Loss: 0.2592, Entropy: 0.6919, Epsilon: 0.938
2026-03-29 16:09:09 | INFO | Episode   26 - Reward: 21.000, Length: 21, Loss: 0.2299, Entropy: 0.6918, Epsilon: 0.936
2026-03-29 16:09:09 | INFO | Episode   27 - Reward: 14.000, Length: 14, Loss: 1.0021, Entropy: 0.6918, Epsilon: 0.933
2026-03-29 16:09:10 | INFO | Episode   28 - Reward: 29.000, Length: 29, Loss: 0.8760, Entropy: 0.6917, Epsilon: 0.931
2026-03-29 16:09:11 | INFO | Episode   29 - Reward: 13.000, Length: 13, Loss: 0.7625, Entropy: 0.6915, Epsilon: 0.928
2026-03-29 16:09:11 | INFO | Episode   30 - Reward: 18.000, Length: 18, Loss: 0.6556, Entropy: 0.6912, Epsilon: 0.926
2026-03-29 16:09:12 | INFO | Episode   31 - Reward: 20.000, Length: 20, Loss: 0.5734, Entropy: 0.6909, Epsilon: 0.923
2026-03-29 16:09:13 | INFO | Episode   32 - Reward: 13.000, Length: 13, Loss: 0.4786, Entropy: 0.6906, Epsilon: 0.921
2026-03-29 16:09:13 | INFO | Episode   33 - Reward: 17.000, Length: 17, Loss: 0.4151, Entropy: 0.6906, Epsilon: 0.918
2026-03-29 16:09:14 | INFO | Episode   34 - Reward: 23.000, Length: 23, Loss: 0.3489, Entropy: 0.6905, Epsilon: 0.916
2026-03-29 16:09:15 | INFO | Episode   35 - Reward: 11.000, Length: 11, Loss: 0.2916, Entropy: 0.6905, Epsilon: 0.913
2026-03-29 16:09:16 | INFO | Episode   36 - Reward: 22.000, Length: 22, Loss: 0.2443, Entropy: 0.6907, Epsilon: 0.911
2026-03-29 16:09:16 | INFO | Episode   37 - Reward: 12.000, Length: 12, Loss: 0.1989, Entropy: 0.6907, Epsilon: 0.908
2026-03-29 16:09:17 | INFO | Episode   38 - Reward: 13.000, Length: 13, Loss: 0.1657, Entropy: 0.6909, Epsilon: 0.906
2026-03-29 16:09:18 | INFO | Episode   39 - Reward: 12.000, Length: 12, Loss: 0.1385, Entropy: 0.6910, Epsilon: 0.903
2026-03-29 16:09:18 | INFO | Episode   40 - Reward: 21.000, Length: 21, Loss: 0.1185, Entropy: 0.6911, Epsilon: 0.901
2026-03-29 16:09:19 | INFO | Episode   41 - Reward: 17.000, Length: 17, Loss: 0.0930, Entropy: 0.6913, Epsilon: 0.899
2026-03-29 16:09:20 | INFO | Episode   42 - Reward: 14.000, Length: 14, Loss: 0.0800, Entropy: 0.6912, Epsilon: 0.896
2026-03-29 16:09:21 | INFO | Episode   43 - Reward: 30.000, Length: 30, Loss: 0.0700, Entropy: 0.6913, Epsilon: 0.894
2026-03-29 16:09:21 | INFO | Episode   44 - Reward: 32.000, Length: 32, Loss: 0.0582, Entropy: 0.6915, Epsilon: 0.891
2026-03-29 16:09:22 | INFO | Episode   45 - Reward: 22.000, Length: 22, Loss: 0.0552, Entropy: 0.6915, Epsilon: 0.889
2026-03-29 16:09:23 | INFO | Episode   46 - Reward: 13.000, Length: 13, Loss: 0.0461, Entropy: 0.6916, Epsilon: 0.886
2026-03-29 16:09:23 | INFO | Episode   47 - Reward: 21.000, Length: 21, Loss: 0.0448, Entropy: 0.6917, Epsilon: 0.884
2026-03-29 16:09:24 | INFO | Episode   48 - Reward: 18.000, Length: 18, Loss: 0.0358, Entropy: 0.6918, Epsilon: 0.881
2026-03-29 16:09:25 | INFO | Episode   49 - Reward: 15.000, Length: 15, Loss: 0.0359, Entropy: 0.6919, Epsilon: 0.879
2026-03-29 16:09:25 | INFO | Episode   50 - Reward: 30.000, Length: 30, Loss: 0.0357, Entropy: 0.6920, Epsilon: 0.876
2026-03-29 16:09:27 | INFO | [Episode   50] eps=0.876  avg_reward=  19.360  avg_length= 19.36  avg_loss=  0.2885  avg_entropy=0.6920  eval_success=0.000
2026-03-29 16:09:27 | INFO | Episode   51 - Reward: 11.000, Length: 11, Loss: 0.0380, Entropy: 0.6921, Epsilon: 0.874
2026-03-29 16:09:28 | INFO | Episode   52 - Reward: 27.000, Length: 27, Loss: 0.0356, Entropy: 0.6922, Epsilon: 0.871
2026-03-29 16:09:29 | INFO | Episode   53 - Reward: 11.000, Length: 11, Loss: 0.9315, Entropy: 0.6914, Epsilon: 0.869
2026-03-29 16:09:29 | INFO | Episode   54 - Reward: 12.000, Length: 12, Loss: 0.7086, Entropy: 0.6903, Epsilon: 0.866
2026-03-29 16:09:30 | INFO | Episode   55 - Reward: 40.000, Length: 40, Loss: 0.5253, Entropy: 0.6891, Epsilon: 0.864
2026-03-29 16:09:31 | INFO | Episode   56 - Reward: 11.000, Length: 11, Loss: 0.4142, Entropy: 0.6884, Epsilon: 0.861
2026-03-29 16:09:31 | INFO | Episode   57 - Reward: 14.000, Length: 14, Loss: 0.3069, Entropy: 0.6880, Epsilon: 0.859
2026-03-29 16:09:32 | INFO | Episode   58 - Reward: 13.000, Length: 13, Loss: 0.2653, Entropy: 0.6876, Epsilon: 0.856
2026-03-29 16:09:33 | INFO | Episode   59 - Reward: 13.000, Length: 13, Loss: 0.2303, Entropy: 0.6877, Epsilon: 0.854
2026-03-29 16:09:34 | INFO | Episode   60 - Reward: 9.000, Length: 9, Loss: 0.1839, Entropy: 0.6877, Epsilon: 0.852
2026-03-29 16:09:34 | INFO | Episode   61 - Reward: 36.000, Length: 36, Loss: 0.1494, Entropy: 0.6883, Epsilon: 0.849
2026-03-29 16:09:35 | INFO | Episode   62 - Reward: 19.000, Length: 19, Loss: 0.1911, Entropy: 0.6886, Epsilon: 0.847
2026-03-29 16:09:36 | INFO | Episode   63 - Reward: 30.000, Length: 30, Loss: 0.1819, Entropy: 0.6889, Epsilon: 0.844
2026-03-29 16:09:36 | INFO | Episode   64 - Reward: 18.000, Length: 18, Loss: 0.1622, Entropy: 0.6893, Epsilon: 0.842
2026-03-29 16:09:37 | INFO | Episode   65 - Reward: 13.000, Length: 13, Loss: 0.1956, Entropy: 0.6895, Epsilon: 0.839
2026-03-29 16:09:38 | INFO | Episode   66 - Reward: 13.000, Length: 13, Loss: 0.1408, Entropy: 0.6899, Epsilon: 0.837
2026-03-29 16:09:38 | INFO | Episode   67 - Reward: 28.000, Length: 28, Loss: 0.2170, Entropy: 0.6902, Epsilon: 0.834
2026-03-29 16:09:39 | INFO | Episode   68 - Reward: 25.000, Length: 25, Loss: 0.1350, Entropy: 0.6904, Epsilon: 0.832
2026-03-29 16:09:40 | INFO | Episode   69 - Reward: 22.000, Length: 22, Loss: 0.1663, Entropy: 0.6905, Epsilon: 0.829
2026-03-29 16:09:40 | INFO | Episode   70 - Reward: 31.000, Length: 31, Loss: 0.1680, Entropy: 0.6905, Epsilon: 0.827
2026-03-29 16:09:41 | INFO | Episode   71 - Reward: 22.000, Length: 22, Loss: 0.1506, Entropy: 0.6906, Epsilon: 0.824
2026-03-29 16:09:42 | INFO | Episode   72 - Reward: 14.000, Length: 14, Loss: 0.1379, Entropy: 0.6910, Epsilon: 0.822
2026-03-29 16:09:42 | INFO | Episode   73 - Reward: 15.000, Length: 15, Loss: 0.1329, Entropy: 0.6910, Epsilon: 0.819
2026-03-29 16:09:43 | INFO | Episode   74 - Reward: 11.000, Length: 11, Loss: 0.1426, Entropy: 0.6909, Epsilon: 0.817
2026-03-29 16:09:44 | INFO | Episode   75 - Reward: 27.000, Length: 27, Loss: 0.1262, Entropy: 0.6909, Epsilon: 0.814
2026-03-29 16:09:44 | INFO | Episode   76 - Reward: 23.000, Length: 23, Loss: 0.1341, Entropy: 0.6910, Epsilon: 0.812
2026-03-29 16:09:45 | INFO | Episode   77 - Reward: 14.000, Length: 14, Loss: 0.1811, Entropy: 0.6911, Epsilon: 0.809
2026-03-29 16:09:46 | INFO | Episode   78 - Reward: 27.000, Length: 27, Loss: 0.1151, Entropy: 0.6913, Epsilon: 0.807
2026-03-29 16:09:46 | INFO | Episode   79 - Reward: 18.000, Length: 18, Loss: 1.0196, Entropy: 0.6902, Epsilon: 0.804
2026-03-29 16:09:47 | INFO | Episode   80 - Reward: 20.000, Length: 20, Loss: 0.6588, Entropy: 0.6892, Epsilon: 0.802
2026-03-29 16:09:48 | INFO | Episode   81 - Reward: 11.000, Length: 11, Loss: 0.5114, Entropy: 0.6893, Epsilon: 0.800
2026-03-29 16:09:48 | INFO | Episode   82 - Reward: 14.000, Length: 14, Loss: 0.4317, Entropy: 0.6897, Epsilon: 0.797
2026-03-29 16:09:49 | INFO | Episode   83 - Reward: 19.000, Length: 19, Loss: 0.3147, Entropy: 0.6895, Epsilon: 0.795
2026-03-29 16:09:49 | INFO | Episode   84 - Reward: 59.000, Length: 59, Loss: 0.4027, Entropy: 0.6895, Epsilon: 0.792
2026-03-29 16:09:50 | INFO | Episode   85 - Reward: 16.000, Length: 16, Loss: 0.3950, Entropy: 0.6898, Epsilon: 0.790
2026-03-29 16:09:51 | INFO | Episode   86 - Reward: 20.000, Length: 20, Loss: 0.3995, Entropy: 0.6902, Epsilon: 0.787
2026-03-29 16:09:51 | INFO | Episode   87 - Reward: 10.000, Length: 10, Loss: 0.3560, Entropy: 0.6908, Epsilon: 0.785
2026-03-29 16:09:52 | INFO | Episode   88 - Reward: 13.000, Length: 13, Loss: 0.3864, Entropy: 0.6910, Epsilon: 0.782
2026-03-29 16:09:53 | INFO | Episode   89 - Reward: 23.000, Length: 23, Loss: 0.3667, Entropy: 0.6907, Epsilon: 0.780
2026-03-29 16:09:53 | INFO | Episode   90 - Reward: 10.000, Length: 10, Loss: 0.3588, Entropy: 0.6909, Epsilon: 0.777
2026-03-29 16:09:54 | INFO | Episode   91 - Reward: 13.000, Length: 13, Loss: 0.3654, Entropy: 0.6908, Epsilon: 0.775
2026-03-29 16:09:54 | INFO | Episode   92 - Reward: 11.000, Length: 11, Loss: 0.3284, Entropy: 0.6911, Epsilon: 0.772
2026-03-29 16:09:55 | INFO | Episode   93 - Reward: 16.000, Length: 16, Loss: 0.2783, Entropy: 0.6909, Epsilon: 0.770
2026-03-29 16:09:56 | INFO | Episode   94 - Reward: 16.000, Length: 16, Loss: 0.3783, Entropy: 0.6915, Epsilon: 0.767
2026-03-29 16:09:56 | INFO | Episode   95 - Reward: 10.000, Length: 10, Loss: 0.3801, Entropy: 0.6918, Epsilon: 0.765
2026-03-29 16:09:57 | INFO | Episode   96 - Reward: 12.000, Length: 12, Loss: 0.3578, Entropy: 0.6916, Epsilon: 0.762
2026-03-29 16:09:58 | INFO | Episode   97 - Reward: 13.000, Length: 13, Loss: 0.3327, Entropy: 0.6916, Epsilon: 0.760
2026-03-29 16:09:58 | INFO | Episode   98 - Reward: 21.000, Length: 21, Loss: 0.2628, Entropy: 0.6912, Epsilon: 0.757
2026-03-29 16:09:59 | INFO | Episode   99 - Reward: 20.000, Length: 20, Loss: 0.3703, Entropy: 0.6914, Epsilon: 0.755
2026-03-29 16:10:00 | INFO | Episode  100 - Reward: 9.000, Length: 9, Loss: 0.4156, Entropy: 0.6921, Epsilon: 0.752
2026-03-29 16:10:00 | INFO | [Episode  100] eps=0.752  avg_reward=  18.460  avg_length= 18.46  avg_loss=  0.3108  avg_entropy=0.6921  eval_success=0.000
2026-03-29 16:10:01 | INFO | Episode  101 - Reward: 13.000, Length: 13, Loss: 0.3721, Entropy: 0.6921, Epsilon: 0.750
2026-03-29 16:10:01 | INFO | Episode  102 - Reward: 12.000, Length: 12, Loss: 0.4309, Entropy: 0.6923, Epsilon: 0.748
2026-03-29 16:10:02 | INFO | Episode  103 - Reward: 13.000, Length: 13, Loss: 0.3717, Entropy: 0.6924, Epsilon: 0.745
2026-03-29 16:10:03 | INFO | Episode  104 - Reward: 25.000, Length: 25, Loss: 0.4038, Entropy: 0.6922, Epsilon: 0.743
2026-03-29 16:10:03 | INFO | Episode  105 - Reward: 15.000, Length: 15, Loss: 0.3032, Entropy: 0.6919, Epsilon: 0.740
2026-03-29 16:10:04 | INFO | Episode  106 - Reward: 11.000, Length: 11, Loss: 0.2926, Entropy: 0.6918, Epsilon: 0.738
2026-03-29 16:10:05 | INFO | Episode  107 - Reward: 15.000, Length: 15, Loss: 0.3918, Entropy: 0.6920, Epsilon: 0.735
2026-03-29 16:10:05 | INFO | Episode  108 - Reward: 33.000, Length: 33, Loss: 0.3589, Entropy: 0.6921, Epsilon: 0.733
2026-03-29 16:10:06 | INFO | Episode  109 - Reward: 13.000, Length: 13, Loss: 1.0575, Entropy: 0.6912, Epsilon: 0.730
2026-03-29 16:10:07 | INFO | Episode  110 - Reward: 12.000, Length: 12, Loss: 0.6863, Entropy: 0.6896, Epsilon: 0.728
2026-03-29 16:10:07 | INFO | Episode  111 - Reward: 13.000, Length: 13, Loss: 0.7193, Entropy: 0.6905, Epsilon: 0.725
2026-03-29 16:10:08 | INFO | Episode  112 - Reward: 17.000, Length: 17, Loss: 0.5816, Entropy: 0.6911, Epsilon: 0.723
2026-03-29 16:10:09 | INFO | Episode  113 - Reward: 24.000, Length: 24, Loss: 0.6465, Entropy: 0.6916, Epsilon: 0.720
2026-03-29 16:10:09 | INFO | Episode  114 - Reward: 33.000, Length: 33, Loss: 0.7038, Entropy: 0.6921, Epsilon: 0.718
2026-03-29 16:10:10 | INFO | Episode  115 - Reward: 14.000, Length: 14, Loss: 0.5731, Entropy: 0.6919, Epsilon: 0.715
2026-03-29 16:10:10 | INFO | Episode  116 - Reward: 43.000, Length: 43, Loss: 0.5468, Entropy: 0.6927, Epsilon: 0.713
2026-03-29 16:10:11 | INFO | Episode  117 - Reward: 37.000, Length: 37, Loss: 0.5539, Entropy: 0.6928, Epsilon: 0.710
2026-03-29 16:10:12 | INFO | Episode  118 - Reward: 13.000, Length: 13, Loss: 0.5979, Entropy: 0.6928, Epsilon: 0.708
2026-03-29 16:10:12 | INFO | Episode  119 - Reward: 11.000, Length: 11, Loss: 0.5597, Entropy: 0.6926, Epsilon: 0.705
2026-03-29 16:10:13 | INFO | Episode  120 - Reward: 14.000, Length: 14, Loss: 0.7542, Entropy: 0.6927, Epsilon: 0.703
2026-03-29 16:10:14 | INFO | Episode  121 - Reward: 9.000, Length: 9, Loss: 0.5948, Entropy: 0.6926, Epsilon: 0.701
2026-03-29 16:10:14 | INFO | Episode  122 - Reward: 16.000, Length: 16, Loss: 0.5526, Entropy: 0.6925, Epsilon: 0.698
2026-03-29 16:10:15 | INFO | Episode  123 - Reward: 36.000, Length: 36, Loss: 0.6022, Entropy: 0.6923, Epsilon: 0.696
2026-03-29 16:10:16 | INFO | Episode  124 - Reward: 13.000, Length: 13, Loss: 0.6492, Entropy: 0.6925, Epsilon: 0.693
2026-03-29 16:10:16 | INFO | Episode  125 - Reward: 13.000, Length: 13, Loss: 0.5033, Entropy: 0.6919, Epsilon: 0.691
2026-03-29 16:10:17 | INFO | Episode  126 - Reward: 10.000, Length: 10, Loss: 0.3955, Entropy: 0.6916, Epsilon: 0.688
2026-03-29 16:10:17 | INFO | Episode  127 - Reward: 11.000, Length: 11, Loss: 0.6391, Entropy: 0.6919, Epsilon: 0.686
2026-03-29 16:10:18 | INFO | Episode  128 - Reward: 24.000, Length: 24, Loss: 0.6438, Entropy: 0.6924, Epsilon: 0.683
2026-03-29 16:10:19 | INFO | Episode  129 - Reward: 18.000, Length: 18, Loss: 0.5941, Entropy: 0.6922, Epsilon: 0.681
2026-03-29 16:10:19 | INFO | Episode  130 - Reward: 11.000, Length: 11, Loss: 0.5850, Entropy: 0.6923, Epsilon: 0.678
2026-03-29 16:10:20 | INFO | Episode  131 - Reward: 29.000, Length: 29, Loss: 0.6142, Entropy: 0.6925, Epsilon: 0.676
2026-03-29 16:10:20 | INFO | Episode  132 - Reward: 13.000, Length: 13, Loss: 0.5347, Entropy: 0.6928, Epsilon: 0.673
2026-03-29 16:10:21 | INFO | Episode  133 - Reward: 21.000, Length: 21, Loss: 0.6487, Entropy: 0.6928, Epsilon: 0.671
2026-03-29 16:10:21 | INFO | Episode  134 - Reward: 15.000, Length: 15, Loss: 0.5118, Entropy: 0.6927, Epsilon: 0.668
2026-03-29 16:10:21 | INFO | Episode  135 - Reward: 10.000, Length: 10, Loss: 1.1247, Entropy: 0.6920, Epsilon: 0.666
2026-03-29 16:10:22 | INFO | Episode  136 - Reward: 14.000, Length: 14, Loss: 0.9991, Entropy: 0.6917, Epsilon: 0.663
2026-03-29 16:10:22 | INFO | Episode  137 - Reward: 9.000, Length: 9, Loss: 0.6334, Entropy: 0.6921, Epsilon: 0.661
2026-03-29 16:10:23 | INFO | Episode  138 - Reward: 28.000, Length: 28, Loss: 0.8064, Entropy: 0.6925, Epsilon: 0.658
2026-03-29 16:10:23 | INFO | Episode  139 - Reward: 9.000, Length: 9, Loss: 0.7788, Entropy: 0.6926, Epsilon: 0.656
2026-03-29 16:10:24 | INFO | Episode  140 - Reward: 22.000, Length: 22, Loss: 0.7902, Entropy: 0.6928, Epsilon: 0.653
2026-03-29 16:10:24 | INFO | Episode  141 - Reward: 15.000, Length: 15, Loss: 0.6174, Entropy: 0.6929, Epsilon: 0.651
2026-03-29 16:10:24 | INFO | Episode  142 - Reward: 17.000, Length: 17, Loss: 0.6960, Entropy: 0.6928, Epsilon: 0.649
2026-03-29 16:10:25 | INFO | Episode  143 - Reward: 12.000, Length: 12, Loss: 0.8697, Entropy: 0.6924, Epsilon: 0.646
2026-03-29 16:10:25 | INFO | Episode  144 - Reward: 14.000, Length: 14, Loss: 0.9777, Entropy: 0.6920, Epsilon: 0.644
2026-03-29 16:10:26 | INFO | Episode  145 - Reward: 9.000, Length: 9, Loss: 0.8214, Entropy: 0.6924, Epsilon: 0.641
2026-03-29 16:10:26 | INFO | Episode  146 - Reward: 10.000, Length: 10, Loss: 0.9024, Entropy: 0.6926, Epsilon: 0.639
2026-03-29 16:10:27 | INFO | Episode  147 - Reward: 9.000, Length: 9, Loss: 0.6507, Entropy: 0.6928, Epsilon: 0.636
2026-03-29 16:10:27 | INFO | Episode  148 - Reward: 17.000, Length: 17, Loss: 0.7673, Entropy: 0.6927, Epsilon: 0.634
2026-03-29 16:10:27 | INFO | Episode  149 - Reward: 13.000, Length: 13, Loss: 0.6703, Entropy: 0.6925, Epsilon: 0.631
2026-03-29 16:10:28 | INFO | Episode  150 - Reward: 15.000, Length: 15, Loss: 0.6542, Entropy: 0.6926, Epsilon: 0.629
2026-03-29 16:10:28 | INFO | [Episode  150] eps=0.629  avg_reward=  16.860  avg_length= 16.86  avg_loss=  0.6347  avg_entropy=0.6926  eval_success=0.000
2026-03-29 16:10:29 | INFO | Episode  151 - Reward: 15.000, Length: 15, Loss: 0.9820, Entropy: 0.6925, Epsilon: 0.626
2026-03-29 16:10:29 | INFO | Episode  152 - Reward: 15.000, Length: 15, Loss: 0.8665, Entropy: 0.6925, Epsilon: 0.624
2026-03-29 16:10:30 | INFO | Episode  153 - Reward: 10.000, Length: 10, Loss: 0.8980, Entropy: 0.6925, Epsilon: 0.621
2026-03-29 16:10:30 | INFO | Episode  154 - Reward: 9.000, Length: 9, Loss: 0.6692, Entropy: 0.6924, Epsilon: 0.619
2026-03-29 16:10:30 | INFO | Episode  155 - Reward: 15.000, Length: 15, Loss: 0.8092, Entropy: 0.6920, Epsilon: 0.616
2026-03-29 16:10:31 | INFO | Episode  156 - Reward: 12.000, Length: 12, Loss: 0.6589, Entropy: 0.6915, Epsilon: 0.614
2026-03-29 16:10:31 | INFO | Episode  157 - Reward: 13.000, Length: 13, Loss: 0.9291, Entropy: 0.6917, Epsilon: 0.611
2026-03-29 16:10:32 | INFO | Episode  158 - Reward: 19.000, Length: 19, Loss: 1.0503, Entropy: 0.6923, Epsilon: 0.609
2026-03-29 16:10:32 | INFO | Episode  159 - Reward: 10.000, Length: 10, Loss: 0.7820, Entropy: 0.6922, Epsilon: 0.606
2026-03-29 16:10:32 | INFO | Episode  160 - Reward: 10.000, Length: 10, Loss: 0.9416, Entropy: 0.6918, Epsilon: 0.604
2026-03-29 16:10:33 | INFO | Episode  161 - Reward: 22.000, Length: 22, Loss: 0.9440, Entropy: 0.6919, Epsilon: 0.602
2026-03-29 16:10:33 | INFO | Episode  162 - Reward: 16.000, Length: 16, Loss: 0.8363, Entropy: 0.6915, Epsilon: 0.599
2026-03-29 16:10:34 | INFO | Episode  163 - Reward: 15.000, Length: 15, Loss: 0.8970, Entropy: 0.6912, Epsilon: 0.597
2026-03-29 16:10:34 | INFO | Episode  164 - Reward: 18.000, Length: 18, Loss: 0.8423, Entropy: 0.6917, Epsilon: 0.594
2026-03-29 16:10:35 | INFO | Episode  165 - Reward: 13.000, Length: 13, Loss: 0.7762, Entropy: 0.6923, Epsilon: 0.592
2026-03-29 16:10:35 | INFO | Episode  166 - Reward: 18.000, Length: 18, Loss: 0.7071, Entropy: 0.6921, Epsilon: 0.589
2026-03-29 16:10:36 | INFO | Episode  167 - Reward: 14.000, Length: 14, Loss: 0.7563, Entropy: 0.6923, Epsilon: 0.587
2026-03-29 16:10:36 | INFO | Episode  168 - Reward: 19.000, Length: 19, Loss: 0.7723, Entropy: 0.6924, Epsilon: 0.584
2026-03-29 16:10:36 | INFO | Episode  169 - Reward: 12.000, Length: 12, Loss: 0.6239, Entropy: 0.6924, Epsilon: 0.582
2026-03-29 16:10:37 | INFO | Episode  170 - Reward: 11.000, Length: 11, Loss: 1.3749, Entropy: 0.6923, Epsilon: 0.579
2026-03-29 16:10:37 | INFO | Episode  171 - Reward: 10.000, Length: 10, Loss: 1.0345, Entropy: 0.6923, Epsilon: 0.577
2026-03-29 16:10:38 | INFO | Episode  172 - Reward: 10.000, Length: 10, Loss: 1.1066, Entropy: 0.6922, Epsilon: 0.574
2026-03-29 16:10:38 | INFO | Episode  173 - Reward: 27.000, Length: 27, Loss: 1.1274, Entropy: 0.6916, Epsilon: 0.572
2026-03-29 16:10:39 | INFO | Episode  174 - Reward: 10.000, Length: 10, Loss: 0.8992, Entropy: 0.6920, Epsilon: 0.569
2026-03-29 16:10:39 | INFO | Episode  175 - Reward: 11.000, Length: 11, Loss: 0.9374, Entropy: 0.6914, Epsilon: 0.567
2026-03-29 16:10:40 | INFO | Episode  176 - Reward: 12.000, Length: 12, Loss: 0.9393, Entropy: 0.6909, Epsilon: 0.564
2026-03-29 16:10:40 | INFO | Episode  177 - Reward: 10.000, Length: 10, Loss: 1.1688, Entropy: 0.6904, Epsilon: 0.562
2026-03-29 16:10:41 | INFO | Episode  178 - Reward: 15.000, Length: 15, Loss: 1.1380, Entropy: 0.6904, Epsilon: 0.559
2026-03-29 16:10:41 | INFO | Episode  179 - Reward: 17.000, Length: 17, Loss: 1.1580, Entropy: 0.6917, Epsilon: 0.557
2026-03-29 16:10:41 | INFO | Episode  180 - Reward: 14.000, Length: 14, Loss: 1.1968, Entropy: 0.6917, Epsilon: 0.554
2026-03-29 16:10:42 | INFO | Episode  181 - Reward: 10.000, Length: 10, Loss: 0.9885, Entropy: 0.6918, Epsilon: 0.552
2026-03-29 16:10:42 | INFO | Episode  182 - Reward: 16.000, Length: 16, Loss: 1.1042, Entropy: 0.6916, Epsilon: 0.550
2026-03-29 16:10:43 | INFO | Episode  183 - Reward: 17.000, Length: 17, Loss: 1.0391, Entropy: 0.6917, Epsilon: 0.547
2026-03-29 16:10:43 | INFO | Episode  184 - Reward: 22.000, Length: 22, Loss: 0.8410, Entropy: 0.6919, Epsilon: 0.545
2026-03-29 16:10:44 | INFO | Episode  185 - Reward: 10.000, Length: 10, Loss: 1.0154, Entropy: 0.6916, Epsilon: 0.542
2026-03-29 16:10:44 | INFO | Episode  186 - Reward: 13.000, Length: 13, Loss: 0.9896, Entropy: 0.6911, Epsilon: 0.540
2026-03-29 16:10:44 | INFO | Episode  187 - Reward: 9.000, Length: 9, Loss: 1.1595, Entropy: 0.6909, Epsilon: 0.537
2026-03-29 16:10:45 | INFO | Episode  188 - Reward: 14.000, Length: 14, Loss: 1.0689, Entropy: 0.6918, Epsilon: 0.535
2026-03-29 16:10:45 | INFO | Episode  189 - Reward: 10.000, Length: 10, Loss: 0.9985, Entropy: 0.6911, Epsilon: 0.532
2026-03-29 16:10:46 | INFO | Episode  190 - Reward: 14.000, Length: 14, Loss: 0.9595, Entropy: 0.6915, Epsilon: 0.530
2026-03-29 16:10:46 | INFO | Episode  191 - Reward: 11.000, Length: 11, Loss: 1.2664, Entropy: 0.6904, Epsilon: 0.527
2026-03-29 16:10:47 | INFO | Episode  192 - Reward: 16.000, Length: 16, Loss: 1.1438, Entropy: 0.6915, Epsilon: 0.525
2026-03-29 16:10:47 | INFO | Episode  193 - Reward: 23.000, Length: 23, Loss: 0.8436, Entropy: 0.6921, Epsilon: 0.522
2026-03-29 16:10:47 | INFO | Episode  194 - Reward: 17.000, Length: 17, Loss: 1.0473, Entropy: 0.6917, Epsilon: 0.520
2026-03-29 16:10:48 | INFO | Episode  195 - Reward: 14.000, Length: 14, Loss: 1.0402, Entropy: 0.6919, Epsilon: 0.517
2026-03-29 16:10:48 | INFO | Episode  196 - Reward: 11.000, Length: 11, Loss: 0.9271, Entropy: 0.6913, Epsilon: 0.515
2026-03-29 16:10:49 | INFO | Episode  197 - Reward: 30.000, Length: 30, Loss: 0.8339, Entropy: 0.6922, Epsilon: 0.512
2026-03-29 16:10:49 | INFO | Episode  198 - Reward: 22.000, Length: 22, Loss: 1.0300, Entropy: 0.6920, Epsilon: 0.510
2026-03-29 16:10:50 | INFO | Episode  199 - Reward: 21.000, Length: 21, Loss: 1.1005, Entropy: 0.6909, Epsilon: 0.507
2026-03-29 16:10:50 | INFO | Episode  200 - Reward: 15.000, Length: 15, Loss: 1.1149, Entropy: 0.6905, Epsilon: 0.505
2026-03-29 16:10:51 | INFO | [Episode  200] eps=0.505  avg_reward=  14.740  avg_length= 14.74  avg_loss=  0.9667  avg_entropy=0.6905  eval_success=0.000
2026-03-29 16:10:51 | INFO | Episode  201 - Reward: 15.000, Length: 15, Loss: 1.0595, Entropy: 0.6908, Epsilon: 0.503
2026-03-29 16:10:51 | INFO | Episode  202 - Reward: 11.000, Length: 11, Loss: 1.0775, Entropy: 0.6918, Epsilon: 0.500
2026-03-29 16:10:52 | INFO | Episode  203 - Reward: 10.000, Length: 10, Loss: 0.8560, Entropy: 0.6918, Epsilon: 0.498
2026-03-29 16:10:52 | INFO | Episode  204 - Reward: 10.000, Length: 10, Loss: 1.4704, Entropy: 0.6922, Epsilon: 0.495
2026-03-29 16:10:53 | INFO | Episode  205 - Reward: 31.000, Length: 31, Loss: 1.3540, Entropy: 0.6919, Epsilon: 0.493
2026-03-29 16:10:53 | INFO | Episode  206 - Reward: 13.000, Length: 13, Loss: 1.4411, Entropy: 0.6920, Epsilon: 0.490
2026-03-29 16:10:53 | INFO | Episode  207 - Reward: 34.000, Length: 34, Loss: 1.2476, Entropy: 0.6919, Epsilon: 0.488
2026-03-29 16:10:54 | INFO | Episode  208 - Reward: 42.000, Length: 42, Loss: 1.4500, Entropy: 0.6914, Epsilon: 0.485
2026-03-29 16:10:54 | INFO | Episode  209 - Reward: 17.000, Length: 17, Loss: 1.2120, Entropy: 0.6914, Epsilon: 0.483
2026-03-29 16:10:55 | INFO | Episode  210 - Reward: 46.000, Length: 46, Loss: 1.0854, Entropy: 0.6911, Epsilon: 0.480
2026-03-29 16:10:55 | INFO | Episode  211 - Reward: 14.000, Length: 14, Loss: 1.2191, Entropy: 0.6901, Epsilon: 0.478
2026-03-29 16:10:56 | INFO | Episode  212 - Reward: 10.000, Length: 10, Loss: 1.2763, Entropy: 0.6902, Epsilon: 0.475
2026-03-29 16:10:56 | INFO | Episode  213 - Reward: 16.000, Length: 16, Loss: 1.2471, Entropy: 0.6898, Epsilon: 0.473
2026-03-29 16:10:57 | INFO | Episode  214 - Reward: 11.000, Length: 11, Loss: 1.4629, Entropy: 0.6904, Epsilon: 0.470
2026-03-29 16:10:57 | INFO | Episode  215 - Reward: 31.000, Length: 31, Loss: 1.1923, Entropy: 0.6902, Epsilon: 0.468
2026-03-29 16:10:57 | INFO | Episode  216 - Reward: 60.000, Length: 60, Loss: 1.2410, Entropy: 0.6885, Epsilon: 0.465
2026-03-29 16:10:58 | INFO | Episode  217 - Reward: 12.000, Length: 12, Loss: 1.1063, Entropy: 0.6881, Epsilon: 0.463
2026-03-29 16:10:58 | INFO | Episode  218 - Reward: 11.000, Length: 11, Loss: 1.2653, Entropy: 0.6885, Epsilon: 0.460
2026-03-29 16:10:59 | INFO | Episode  219 - Reward: 13.000, Length: 13, Loss: 1.3321, Entropy: 0.6865, Epsilon: 0.458
2026-03-29 16:10:59 | INFO | Episode  220 - Reward: 12.000, Length: 12, Loss: 1.2821, Entropy: 0.6860, Epsilon: 0.456
2026-03-29 16:11:00 | INFO | Episode  221 - Reward: 11.000, Length: 11, Loss: 1.2867, Entropy: 0.6869, Epsilon: 0.453
2026-03-29 16:11:00 | INFO | Episode  222 - Reward: 13.000, Length: 13, Loss: 1.3622, Entropy: 0.6884, Epsilon: 0.451
2026-03-29 16:11:01 | INFO | Episode  223 - Reward: 20.000, Length: 20, Loss: 1.2189, Entropy: 0.6875, Epsilon: 0.448
2026-03-29 16:11:01 | INFO | Episode  224 - Reward: 16.000, Length: 16, Loss: 1.0927, Entropy: 0.6872, Epsilon: 0.446
2026-03-29 16:11:01 | INFO | Episode  225 - Reward: 9.000, Length: 9, Loss: 1.3070, Entropy: 0.6848, Epsilon: 0.443
2026-03-29 16:11:02 | INFO | Episode  226 - Reward: 11.000, Length: 11, Loss: 1.1184, Entropy: 0.6851, Epsilon: 0.441
2026-03-29 16:11:02 | INFO | Episode  227 - Reward: 21.000, Length: 21, Loss: 1.0464, Entropy: 0.6881, Epsilon: 0.438
2026-03-29 16:11:03 | INFO | Episode  228 - Reward: 10.000, Length: 10, Loss: 0.9754, Entropy: 0.6877, Epsilon: 0.436
2026-03-29 16:11:03 | INFO | Episode  229 - Reward: 11.000, Length: 11, Loss: 1.8623, Entropy: 0.6879, Epsilon: 0.433
2026-03-29 16:11:04 | INFO | Episode  230 - Reward: 19.000, Length: 19, Loss: 1.4537, Entropy: 0.6883, Epsilon: 0.431
2026-03-29 16:11:04 | INFO | Episode  231 - Reward: 16.000, Length: 16, Loss: 1.7334, Entropy: 0.6883, Epsilon: 0.428
2026-03-29 16:11:05 | INFO | Episode  232 - Reward: 19.000, Length: 19, Loss: 1.7390, Entropy: 0.6889, Epsilon: 0.426
2026-03-29 16:11:05 | INFO | Episode  233 - Reward: 44.000, Length: 44, Loss: 1.5528, Entropy: 0.6884, Epsilon: 0.423
2026-03-29 16:11:06 | INFO | Episode  234 - Reward: 31.000, Length: 31, Loss: 1.5188, Entropy: 0.6885, Epsilon: 0.421
2026-03-29 16:11:06 | INFO | Episode  235 - Reward: 18.000, Length: 18, Loss: 1.4557, Entropy: 0.6879, Epsilon: 0.418
2026-03-29 16:11:07 | INFO | Episode  236 - Reward: 25.000, Length: 25, Loss: 1.3315, Entropy: 0.6867, Epsilon: 0.416
2026-03-29 16:11:07 | INFO | Episode  237 - Reward: 28.000, Length: 28, Loss: 1.5904, Entropy: 0.6869, Epsilon: 0.413
2026-03-29 16:11:07 | INFO | Episode  238 - Reward: 49.000, Length: 49, Loss: 1.5080, Entropy: 0.6860, Epsilon: 0.411
2026-03-29 16:11:08 | INFO | Episode  239 - Reward: 74.000, Length: 74, Loss: 1.1851, Entropy: 0.6850, Epsilon: 0.408
2026-03-29 16:11:08 | INFO | Episode  240 - Reward: 40.000, Length: 40, Loss: 1.4399, Entropy: 0.6842, Epsilon: 0.406
2026-03-29 16:11:09 | INFO | Episode  241 - Reward: 66.000, Length: 66, Loss: 1.3305, Entropy: 0.6834, Epsilon: 0.404
2026-03-29 16:11:09 | INFO | Episode  242 - Reward: 46.000, Length: 46, Loss: 1.2936, Entropy: 0.6841, Epsilon: 0.401
2026-03-29 16:11:10 | INFO | Episode  243 - Reward: 28.000, Length: 28, Loss: 1.7022, Entropy: 0.6832, Epsilon: 0.399
2026-03-29 16:11:10 | INFO | Episode  244 - Reward: 33.000, Length: 33, Loss: 1.5427, Entropy: 0.6840, Epsilon: 0.396
2026-03-29 16:11:11 | INFO | Episode  245 - Reward: 58.000, Length: 58, Loss: 1.5797, Entropy: 0.6826, Epsilon: 0.394
2026-03-29 16:11:11 | INFO | Episode  246 - Reward: 25.000, Length: 25, Loss: 1.5105, Entropy: 0.6795, Epsilon: 0.391
2026-03-29 16:11:11 | INFO | Episode  247 - Reward: 69.000, Length: 69, Loss: 1.2435, Entropy: 0.6804, Epsilon: 0.389
2026-03-29 16:11:12 | INFO | Episode  248 - Reward: 37.000, Length: 37, Loss: 1.4783, Entropy: 0.6798, Epsilon: 0.386
2026-03-29 16:11:12 | INFO | Episode  249 - Reward: 20.000, Length: 20, Loss: 1.2507, Entropy: 0.6799, Epsilon: 0.384
2026-03-29 16:11:13 | INFO | Episode  250 - Reward: 23.000, Length: 23, Loss: 1.4001, Entropy: 0.6787, Epsilon: 0.381
2026-03-29 16:11:14 | INFO | [Episode  250] eps=0.381  avg_reward=  26.180  avg_length= 26.18  avg_loss=  1.3398  avg_entropy=0.6787  eval_success=0.000
2026-03-29 16:11:14 | INFO | Episode  251 - Reward: 21.000, Length: 21, Loss: 1.7958, Entropy: 0.6762, Epsilon: 0.379
2026-03-29 16:11:15 | INFO | Episode  252 - Reward: 53.000, Length: 53, Loss: 1.2551, Entropy: 0.6774, Epsilon: 0.376
2026-03-29 16:11:15 | INFO | Episode  253 - Reward: 27.000, Length: 27, Loss: 1.4201, Entropy: 0.6754, Epsilon: 0.374
2026-03-29 16:11:16 | INFO | Episode  254 - Reward: 31.000, Length: 31, Loss: 1.5924, Entropy: 0.6771, Epsilon: 0.371
2026-03-29 16:11:16 | INFO | Episode  255 - Reward: 33.000, Length: 33, Loss: 1.3049, Entropy: 0.6766, Epsilon: 0.369
2026-03-29 16:11:16 | INFO | Episode  256 - Reward: 60.000, Length: 60, Loss: 1.8515, Entropy: 0.6743, Epsilon: 0.366
2026-03-29 16:11:17 | INFO | Episode  257 - Reward: 43.000, Length: 43, Loss: 1.7337, Entropy: 0.6751, Epsilon: 0.364
2026-03-29 16:11:17 | INFO | Episode  258 - Reward: 44.000, Length: 44, Loss: 1.4996, Entropy: 0.6756, Epsilon: 0.361
2026-03-29 16:11:18 | INFO | Episode  259 - Reward: 82.000, Length: 82, Loss: 1.7645, Entropy: 0.6746, Epsilon: 0.359
2026-03-29 16:11:18 | INFO | Episode  260 - Reward: 38.000, Length: 38, Loss: 1.6754, Entropy: 0.6754, Epsilon: 0.357
2026-03-29 16:11:18 | INFO | Episode  261 - Reward: 41.000, Length: 41, Loss: 1.8331, Entropy: 0.6746, Epsilon: 0.354
2026-03-29 16:11:19 | INFO | Episode  262 - Reward: 29.000, Length: 29, Loss: 1.7262, Entropy: 0.6725, Epsilon: 0.352
2026-03-29 16:11:19 | INFO | Episode  263 - Reward: 40.000, Length: 40, Loss: 1.5813, Entropy: 0.6724, Epsilon: 0.349
2026-03-29 16:11:20 | INFO | Episode  264 - Reward: 54.000, Length: 54, Loss: 1.8374, Entropy: 0.6717, Epsilon: 0.347
2026-03-29 16:11:20 | INFO | Episode  265 - Reward: 61.000, Length: 61, Loss: 1.9864, Entropy: 0.6704, Epsilon: 0.344
2026-03-29 16:11:21 | INFO | Episode  266 - Reward: 30.000, Length: 30, Loss: 1.6681, Entropy: 0.6706, Epsilon: 0.342
2026-03-29 16:11:21 | INFO | Episode  267 - Reward: 45.000, Length: 45, Loss: 2.2249, Entropy: 0.6719, Epsilon: 0.339
2026-03-29 16:11:22 | INFO | Episode  268 - Reward: 45.000, Length: 45, Loss: 2.4222, Entropy: 0.6707, Epsilon: 0.337
2026-03-29 16:11:22 | INFO | Episode  269 - Reward: 27.000, Length: 27, Loss: 1.8542, Entropy: 0.6695, Epsilon: 0.334
2026-03-29 16:11:23 | INFO | Episode  270 - Reward: 44.000, Length: 44, Loss: 2.3882, Entropy: 0.6707, Epsilon: 0.332
2026-03-29 16:11:23 | INFO | Episode  271 - Reward: 51.000, Length: 51, Loss: 1.5963, Entropy: 0.6685, Epsilon: 0.329
2026-03-29 16:11:24 | INFO | Episode  272 - Reward: 62.000, Length: 62, Loss: 2.6441, Entropy: 0.6660, Epsilon: 0.327
2026-03-29 16:11:24 | INFO | Episode  273 - Reward: 68.000, Length: 68, Loss: 1.6658, Entropy: 0.6654, Epsilon: 0.324
2026-03-29 16:11:25 | INFO | Episode  274 - Reward: 105.000, Length: 105, Loss: 1.9004, Entropy: 0.6643, Epsilon: 0.322
2026-03-29 16:11:25 | INFO | Episode  275 - Reward: 36.000, Length: 36, Loss: 1.9142, Entropy: 0.6625, Epsilon: 0.319
2026-03-29 16:11:26 | INFO | Episode  276 - Reward: 41.000, Length: 41, Loss: 2.0069, Entropy: 0.6620, Epsilon: 0.317
2026-03-29 16:11:26 | INFO | Episode  277 - Reward: 38.000, Length: 38, Loss: 1.9680, Entropy: 0.6641, Epsilon: 0.314
2026-03-29 16:11:27 | INFO | Episode  278 - Reward: 35.000, Length: 35, Loss: 2.3433, Entropy: 0.6598, Epsilon: 0.312
2026-03-29 16:11:27 | INFO | Episode  279 - Reward: 31.000, Length: 31, Loss: 2.1315, Entropy: 0.6589, Epsilon: 0.309
2026-03-29 16:11:28 | INFO | Episode  280 - Reward: 44.000, Length: 44, Loss: 1.9235, Entropy: 0.6575, Epsilon: 0.307
2026-03-29 16:11:28 | INFO | Episode  281 - Reward: 74.000, Length: 74, Loss: 2.0725, Entropy: 0.6588, Epsilon: 0.305
2026-03-29 16:11:29 | INFO | Episode  282 - Reward: 35.000, Length: 35, Loss: 2.6154, Entropy: 0.6538, Epsilon: 0.302
2026-03-29 16:11:30 | INFO | Episode  283 - Reward: 49.000, Length: 49, Loss: 1.9890, Entropy: 0.6550, Epsilon: 0.300
2026-03-29 16:11:31 | INFO | Episode  284 - Reward: 74.000, Length: 74, Loss: 2.2573, Entropy: 0.6507, Epsilon: 0.297
2026-03-29 16:11:31 | INFO | Episode  285 - Reward: 60.000, Length: 60, Loss: 2.0918, Entropy: 0.6519, Epsilon: 0.295
2026-03-29 16:11:32 | INFO | Episode  286 - Reward: 41.000, Length: 41, Loss: 2.4570, Entropy: 0.6494, Epsilon: 0.292
2026-03-29 16:11:33 | INFO | Episode  287 - Reward: 29.000, Length: 29, Loss: 2.2565, Entropy: 0.6479, Epsilon: 0.290
2026-03-29 16:11:34 | INFO | Episode  288 - Reward: 37.000, Length: 37, Loss: 3.2501, Entropy: 0.6468, Epsilon: 0.287
2026-03-29 16:11:35 | INFO | Episode  289 - Reward: 103.000, Length: 103, Loss: 2.5753, Entropy: 0.6488, Epsilon: 0.285
2026-03-29 16:11:36 | INFO | Episode  290 - Reward: 70.000, Length: 70, Loss: 1.9818, Entropy: 0.6468, Epsilon: 0.282
2026-03-29 16:11:36 | INFO | Episode  291 - Reward: 41.000, Length: 41, Loss: 3.0408, Entropy: 0.6482, Epsilon: 0.280
2026-03-29 16:11:37 | INFO | Episode  292 - Reward: 33.000, Length: 33, Loss: 2.4203, Entropy: 0.6450, Epsilon: 0.277
2026-03-29 16:11:38 | INFO | Episode  293 - Reward: 28.000, Length: 28, Loss: 2.3080, Entropy: 0.6463, Epsilon: 0.275
2026-03-29 16:11:39 | INFO | Episode  294 - Reward: 35.000, Length: 35, Loss: 2.0525, Entropy: 0.6427, Epsilon: 0.272
2026-03-29 16:11:39 | INFO | Episode  295 - Reward: 47.000, Length: 47, Loss: 1.8605, Entropy: 0.6439, Epsilon: 0.270
2026-03-29 16:11:40 | INFO | Episode  296 - Reward: 93.000, Length: 93, Loss: 2.2855, Entropy: 0.6442, Epsilon: 0.267
2026-03-29 16:11:41 | INFO | Episode  297 - Reward: 29.000, Length: 29, Loss: 2.2294, Entropy: 0.6404, Epsilon: 0.265
2026-03-29 16:11:41 | INFO | Episode  298 - Reward: 29.000, Length: 29, Loss: 2.2777, Entropy: 0.6451, Epsilon: 0.262
2026-03-29 16:11:42 | INFO | Episode  299 - Reward: 95.000, Length: 95, Loss: 2.1308, Entropy: 0.6436, Epsilon: 0.260
2026-03-29 16:11:43 | INFO | Episode  300 - Reward: 41.000, Length: 41, Loss: 1.9912, Entropy: 0.6450, Epsilon: 0.258
2026-03-29 16:11:47 | INFO | [Episode  300] eps=0.258  avg_reward=  48.040  avg_length= 48.04  avg_loss=  2.0331  avg_entropy=0.6450  eval_success=0.000
2026-03-29 16:11:48 | INFO | Episode  301 - Reward: 44.000, Length: 44, Loss: 2.4459, Entropy: 0.6433, Epsilon: 0.255
2026-03-29 16:11:48 | INFO | Episode  302 - Reward: 77.000, Length: 77, Loss: 2.2794, Entropy: 0.6446, Epsilon: 0.253
2026-03-29 16:11:49 | INFO | Episode  303 - Reward: 71.000, Length: 71, Loss: 2.2066, Entropy: 0.6385, Epsilon: 0.250
2026-03-29 16:11:49 | INFO | Episode  304 - Reward: 83.000, Length: 83, Loss: 1.9550, Entropy: 0.6399, Epsilon: 0.248
2026-03-29 16:11:50 | INFO | Episode  305 - Reward: 40.000, Length: 40, Loss: 2.1041, Entropy: 0.6413, Epsilon: 0.245
2026-03-29 16:11:50 | INFO | Episode  306 - Reward: 43.000, Length: 43, Loss: 2.8750, Entropy: 0.6414, Epsilon: 0.243
2026-03-29 16:11:51 | INFO | Episode  307 - Reward: 74.000, Length: 74, Loss: 2.7230, Entropy: 0.6386, Epsilon: 0.240
2026-03-29 16:11:51 | INFO | Episode  308 - Reward: 60.000, Length: 60, Loss: 3.9365, Entropy: 0.6366, Epsilon: 0.238
2026-03-29 16:11:52 | INFO | Episode  309 - Reward: 53.000, Length: 53, Loss: 3.2341, Entropy: 0.6372, Epsilon: 0.235
2026-03-29 16:11:53 | INFO | Episode  310 - Reward: 40.000, Length: 40, Loss: 2.4610, Entropy: 0.6352, Epsilon: 0.233
2026-03-29 16:11:53 | INFO | Episode  311 - Reward: 33.000, Length: 33, Loss: 3.4602, Entropy: 0.6270, Epsilon: 0.230
2026-03-29 16:11:54 | INFO | Episode  312 - Reward: 76.000, Length: 76, Loss: 2.3224, Entropy: 0.6324, Epsilon: 0.228
2026-03-29 16:11:54 | INFO | Episode  313 - Reward: 48.000, Length: 48, Loss: 3.4780, Entropy: 0.6301, Epsilon: 0.225
2026-03-29 16:11:55 | INFO | Episode  314 - Reward: 40.000, Length: 40, Loss: 2.7437, Entropy: 0.6395, Epsilon: 0.223
2026-03-29 16:11:56 | INFO | Episode  315 - Reward: 63.000, Length: 63, Loss: 3.1674, Entropy: 0.6307, Epsilon: 0.220
2026-03-29 16:11:56 | INFO | Episode  316 - Reward: 113.000, Length: 113, Loss: 2.9031, Entropy: 0.6331, Epsilon: 0.218
2026-03-29 16:11:57 | INFO | Episode  317 - Reward: 37.000, Length: 37, Loss: 3.6930, Entropy: 0.6267, Epsilon: 0.215
2026-03-29 16:11:58 | INFO | Episode  318 - Reward: 59.000, Length: 59, Loss: 2.8469, Entropy: 0.6309, Epsilon: 0.213
2026-03-29 16:11:58 | INFO | Episode  319 - Reward: 103.000, Length: 103, Loss: 2.5386, Entropy: 0.6249, Epsilon: 0.210
2026-03-29 16:11:59 | INFO | Episode  320 - Reward: 112.000, Length: 112, Loss: 3.3408, Entropy: 0.6328, Epsilon: 0.208
2026-03-29 16:11:59 | INFO | Episode  321 - Reward: 70.000, Length: 70, Loss: 2.7300, Entropy: 0.6256, Epsilon: 0.206
2026-03-29 16:12:00 | INFO | Episode  322 - Reward: 41.000, Length: 41, Loss: 3.5808, Entropy: 0.6277, Epsilon: 0.203
2026-03-29 16:12:01 | INFO | Episode  323 - Reward: 190.000, Length: 190, Loss: 3.8749, Entropy: 0.6195, Epsilon: 0.201
2026-03-29 16:12:01 | INFO | Episode  324 - Reward: 61.000, Length: 61, Loss: 3.3414, Entropy: 0.6189, Epsilon: 0.198
2026-03-29 16:12:02 | INFO | Episode  325 - Reward: 84.000, Length: 84, Loss: 3.2341, Entropy: 0.6258, Epsilon: 0.196
2026-03-29 16:12:03 | INFO | Episode  326 - Reward: 59.000, Length: 59, Loss: 2.5743, Entropy: 0.6250, Epsilon: 0.193
2026-03-29 16:12:03 | INFO | Episode  327 - Reward: 38.000, Length: 38, Loss: 4.3144, Entropy: 0.6223, Epsilon: 0.191
2026-03-29 16:12:04 | INFO | Episode  328 - Reward: 99.000, Length: 99, Loss: 2.9108, Entropy: 0.6195, Epsilon: 0.188
2026-03-29 16:12:05 | INFO | Episode  329 - Reward: 45.000, Length: 45, Loss: 3.1973, Entropy: 0.6282, Epsilon: 0.186
2026-03-29 16:12:05 | INFO | Episode  330 - Reward: 51.000, Length: 51, Loss: 3.9471, Entropy: 0.6245, Epsilon: 0.183
2026-03-29 16:12:06 | INFO | Episode  331 - Reward: 63.000, Length: 63, Loss: 3.6615, Entropy: 0.6217, Epsilon: 0.181
2026-03-29 16:12:07 | INFO | Episode  332 - Reward: 72.000, Length: 72, Loss: 5.1430, Entropy: 0.6187, Epsilon: 0.178
2026-03-29 16:12:07 | INFO | Episode  333 - Reward: 110.000, Length: 110, Loss: 3.4117, Entropy: 0.6217, Epsilon: 0.176
2026-03-29 16:12:08 | INFO | Episode  334 - Reward: 100.000, Length: 100, Loss: 3.1676, Entropy: 0.6220, Epsilon: 0.173
2026-03-29 16:12:09 | INFO | Episode  335 - Reward: 53.000, Length: 53, Loss: 4.3756, Entropy: 0.6197, Epsilon: 0.171
2026-03-29 16:12:09 | INFO | Episode  336 - Reward: 66.000, Length: 66, Loss: 4.3207, Entropy: 0.6240, Epsilon: 0.168
2026-03-29 16:12:10 | INFO | Episode  337 - Reward: 52.000, Length: 52, Loss: 4.4586, Entropy: 0.6249, Epsilon: 0.166
2026-03-29 16:12:11 | INFO | Episode  338 - Reward: 69.000, Length: 69, Loss: 3.8801, Entropy: 0.6172, Epsilon: 0.163
2026-03-29 16:12:11 | INFO | Episode  339 - Reward: 40.000, Length: 40, Loss: 3.6164, Entropy: 0.6186, Epsilon: 0.161
2026-03-29 16:12:12 | INFO | Episode  340 - Reward: 104.000, Length: 104, Loss: 2.8743, Entropy: 0.6209, Epsilon: 0.158
2026-03-29 16:12:13 | INFO | Episode  341 - Reward: 95.000, Length: 95, Loss: 3.7792, Entropy: 0.6121, Epsilon: 0.156
2026-03-29 16:12:13 | INFO | Episode  342 - Reward: 42.000, Length: 42, Loss: 4.0317, Entropy: 0.6145, Epsilon: 0.154
2026-03-29 16:12:14 | INFO | Episode  343 - Reward: 66.000, Length: 66, Loss: 6.5651, Entropy: 0.6101, Epsilon: 0.151
2026-03-29 16:12:15 | INFO | Episode  344 - Reward: 117.000, Length: 117, Loss: 4.6038, Entropy: 0.6153, Epsilon: 0.149
2026-03-29 16:12:15 | INFO | Episode  345 - Reward: 90.000, Length: 90, Loss: 4.1219, Entropy: 0.6094, Epsilon: 0.146
2026-03-29 16:12:16 | INFO | Episode  346 - Reward: 50.000, Length: 50, Loss: 4.5505, Entropy: 0.6032, Epsilon: 0.144
2026-03-29 16:12:17 | INFO | Episode  347 - Reward: 67.000, Length: 67, Loss: 4.2397, Entropy: 0.6101, Epsilon: 0.141
2026-03-29 16:12:17 | INFO | Episode  348 - Reward: 60.000, Length: 60, Loss: 3.9616, Entropy: 0.6067, Epsilon: 0.139
2026-03-29 16:12:18 | INFO | Episode  349 - Reward: 69.000, Length: 69, Loss: 5.5751, Entropy: 0.6073, Epsilon: 0.136
2026-03-29 16:12:19 | INFO | Episode  350 - Reward: 47.000, Length: 47, Loss: 3.8736, Entropy: 0.6096, Epsilon: 0.134
2026-03-29 16:12:27 | INFO | [Episode  350] eps=0.134  avg_reward=  68.780  avg_length= 68.78  avg_loss=  3.4926  avg_entropy=0.6096  eval_success=0.160
2026-03-29 16:12:27 | INFO | Episode  351 - Reward: 138.000, Length: 138, Loss: 4.6481, Entropy: 0.6108, Epsilon: 0.131
2026-03-29 16:12:28 | INFO | Episode  352 - Reward: 37.000, Length: 37, Loss: 2.8627, Entropy: 0.6136, Epsilon: 0.129
2026-03-29 16:12:28 | INFO | Episode  353 - Reward: 63.000, Length: 63, Loss: 5.1033, Entropy: 0.6016, Epsilon: 0.126
2026-03-29 16:12:29 | INFO | Episode  354 - Reward: 101.000, Length: 101, Loss: 3.8475, Entropy: 0.6061, Epsilon: 0.124
2026-03-29 16:12:29 | INFO | Episode  355 - Reward: 48.000, Length: 48, Loss: 3.9577, Entropy: 0.6000, Epsilon: 0.121
2026-03-29 16:12:30 | INFO | Episode  356 - Reward: 43.000, Length: 43, Loss: 5.9934, Entropy: 0.5905, Epsilon: 0.119
2026-03-29 16:12:30 | INFO | Episode  357 - Reward: 65.000, Length: 65, Loss: 3.7724, Entropy: 0.6003, Epsilon: 0.116
2026-03-29 16:12:31 | INFO | Episode  358 - Reward: 42.000, Length: 42, Loss: 4.1150, Entropy: 0.5985, Epsilon: 0.114
2026-03-29 16:12:32 | INFO | Episode  359 - Reward: 41.000, Length: 41, Loss: 4.7097, Entropy: 0.5886, Epsilon: 0.111
2026-03-29 16:12:33 | INFO | Episode  360 - Reward: 94.000, Length: 94, Loss: 5.1505, Entropy: 0.6011, Epsilon: 0.109
2026-03-29 16:12:33 | INFO | Episode  361 - Reward: 47.000, Length: 47, Loss: 4.6913, Entropy: 0.5919, Epsilon: 0.107
2026-03-29 16:12:34 | INFO | Episode  362 - Reward: 65.000, Length: 65, Loss: 5.6640, Entropy: 0.5917, Epsilon: 0.104
2026-03-29 16:12:34 | INFO | Episode  363 - Reward: 57.000, Length: 57, Loss: 6.1388, Entropy: 0.5948, Epsilon: 0.102
2026-03-29 16:12:35 | INFO | Episode  364 - Reward: 109.000, Length: 109, Loss: 5.7657, Entropy: 0.5932, Epsilon: 0.099
2026-03-29 16:12:36 | INFO | Episode  365 - Reward: 79.000, Length: 79, Loss: 4.7725, Entropy: 0.5954, Epsilon: 0.097
2026-03-29 16:12:36 | INFO | Episode  366 - Reward: 120.000, Length: 120, Loss: 3.4739, Entropy: 0.5838, Epsilon: 0.094
2026-03-29 16:12:37 | INFO | Episode  367 - Reward: 123.000, Length: 123, Loss: 6.0592, Entropy: 0.5957, Epsilon: 0.092
2026-03-29 16:12:38 | INFO | Episode  368 - Reward: 194.000, Length: 194, Loss: 4.4538, Entropy: 0.5845, Epsilon: 0.089
2026-03-29 16:12:38 | INFO | Episode  369 - Reward: 63.000, Length: 63, Loss: 5.2385, Entropy: 0.5792, Epsilon: 0.087
2026-03-29 16:12:39 | INFO | Episode  370 - Reward: 77.000, Length: 77, Loss: 5.4019, Entropy: 0.5883, Epsilon: 0.084
2026-03-29 16:12:40 | INFO | Episode  371 - Reward: 121.000, Length: 121, Loss: 5.5198, Entropy: 0.5801, Epsilon: 0.082
2026-03-29 16:12:40 | INFO | Episode  372 - Reward: 142.000, Length: 142, Loss: 4.9910, Entropy: 0.5946, Epsilon: 0.079
2026-03-29 16:12:41 | INFO | Episode  373 - Reward: 51.000, Length: 51, Loss: 7.5094, Entropy: 0.5858, Epsilon: 0.077
2026-03-29 16:12:42 | INFO | Episode  374 - Reward: 74.000, Length: 74, Loss: 4.6837, Entropy: 0.5823, Epsilon: 0.074
2026-03-29 16:12:42 | INFO | Episode  375 - Reward: 60.000, Length: 60, Loss: 3.2093, Entropy: 0.5802, Epsilon: 0.072
2026-03-29 16:12:43 | INFO | Episode  376 - Reward: 54.000, Length: 54, Loss: 4.2150, Entropy: 0.5771, Epsilon: 0.069
2026-03-29 16:12:44 | INFO | Episode  377 - Reward: 83.000, Length: 83, Loss: 2.6772, Entropy: 0.5833, Epsilon: 0.067
2026-03-29 16:12:44 | INFO | Episode  378 - Reward: 113.000, Length: 113, Loss: 4.1771, Entropy: 0.5701, Epsilon: 0.064
2026-03-29 16:12:45 | INFO | Episode  379 - Reward: 171.000, Length: 171, Loss: 4.2661, Entropy: 0.5761, Epsilon: 0.062
2026-03-29 16:12:46 | INFO | Episode  380 - Reward: 85.000, Length: 85, Loss: 4.0387, Entropy: 0.5720, Epsilon: 0.059
2026-03-29 16:12:46 | INFO | Episode  381 - Reward: 163.000, Length: 163, Loss: 2.9930, Entropy: 0.5729, Epsilon: 0.057
2026-03-29 16:12:47 | INFO | Episode  382 - Reward: 93.000, Length: 93, Loss: 1.9283, Entropy: 0.5718, Epsilon: 0.055
2026-03-29 16:12:48 | INFO | Episode  383 - Reward: 109.000, Length: 109, Loss: 2.9574, Entropy: 0.5749, Epsilon: 0.052
2026-03-29 16:12:48 | INFO | Episode  384 - Reward: 100.000, Length: 100, Loss: 4.2196, Entropy: 0.5637, Epsilon: 0.050
2026-03-29 16:12:49 | INFO | Episode  385 - Reward: 74.000, Length: 74, Loss: 4.0217, Entropy: 0.5625, Epsilon: 0.047
2026-03-29 16:12:49 | INFO | Episode  386 - Reward: 110.000, Length: 110, Loss: 5.4415, Entropy: 0.5576, Epsilon: 0.045
2026-03-29 16:12:50 | INFO | Episode  387 - Reward: 118.000, Length: 118, Loss: 3.7192, Entropy: 0.5723, Epsilon: 0.042
2026-03-29 16:12:50 | INFO | Episode  388 - Reward: 200.000, Length: 200, Loss: 4.0610, Entropy: 0.5729, Epsilon: 0.040
2026-03-29 16:12:51 | INFO | Episode  389 - Reward: 117.000, Length: 117, Loss: 1.6707, Entropy: 0.5805, Epsilon: 0.037
2026-03-29 16:12:51 | INFO | Episode  390 - Reward: 200.000, Length: 200, Loss: 3.3399, Entropy: 0.5750, Epsilon: 0.035
2026-03-29 16:12:52 | INFO | Episode  391 - Reward: 200.000, Length: 200, Loss: 3.3466, Entropy: 0.5663, Epsilon: 0.032
2026-03-29 16:12:52 | INFO | Episode  392 - Reward: 162.000, Length: 162, Loss: 4.3102, Entropy: 0.5590, Epsilon: 0.030
2026-03-29 16:12:53 | INFO | Episode  393 - Reward: 200.000, Length: 200, Loss: 3.1117, Entropy: 0.5627, Epsilon: 0.027
2026-03-29 16:12:53 | INFO | Episode  394 - Reward: 184.000, Length: 184, Loss: 4.5583, Entropy: 0.5733, Epsilon: 0.025
2026-03-29 16:12:53 | INFO | Episode  395 - Reward: 138.000, Length: 138, Loss: 5.5135, Entropy: 0.5725, Epsilon: 0.022
2026-03-29 16:12:54 | INFO | Episode  396 - Reward: 200.000, Length: 200, Loss: 5.1852, Entropy: 0.5748, Epsilon: 0.020
2026-03-29 16:12:54 | INFO | Episode  397 - Reward: 162.000, Length: 162, Loss: 3.9102, Entropy: 0.5697, Epsilon: 0.017
2026-03-29 16:12:55 | INFO | Episode  398 - Reward: 200.000, Length: 200, Loss: 4.5197, Entropy: 0.5771, Epsilon: 0.015
2026-03-29 16:12:55 | INFO | Episode  399 - Reward: 200.000, Length: 200, Loss: 2.7871, Entropy: 0.5822, Epsilon: 0.012
2026-03-29 16:12:56 | INFO | Episode  400 - Reward: 200.000, Length: 200, Loss: 2.8062, Entropy: 0.5753, Epsilon: 0.010
2026-03-29 16:13:04 | INFO | [Episode  400] eps=0.010  avg_reward= 113.800  avg_length=113.80  avg_loss=  4.3102  avg_entropy=0.5753  eval_success=1.000
2026-03-29 16:13:04 | INFO | Episode  401 - Reward: 200.000, Length: 200, Loss: 3.1909, Entropy: 0.5760, Epsilon: 0.010
2026-03-29 16:13:04 | INFO | Episode  402 - Reward: 200.000, Length: 200, Loss: 3.3488, Entropy: 0.5692, Epsilon: 0.010
2026-03-29 16:13:05 | INFO | Episode  403 - Reward: 200.000, Length: 200, Loss: 2.9589, Entropy: 0.5774, Epsilon: 0.010
2026-03-29 16:13:05 | INFO | Episode  404 - Reward: 179.000, Length: 179, Loss: 4.4234, Entropy: 0.5847, Epsilon: 0.010
2026-03-29 16:13:06 | INFO | Episode  405 - Reward: 200.000, Length: 200, Loss: 3.6122, Entropy: 0.5820, Epsilon: 0.010
2026-03-29 16:13:06 | INFO | Episode  406 - Reward: 200.000, Length: 200, Loss: 2.6887, Entropy: 0.5882, Epsilon: 0.010
2026-03-29 16:13:06 | INFO | Episode  407 - Reward: 200.000, Length: 200, Loss: 2.4654, Entropy: 0.5721, Epsilon: 0.010
2026-03-29 16:13:07 | INFO | Episode  408 - Reward: 200.000, Length: 200, Loss: 2.8351, Entropy: 0.5842, Epsilon: 0.010
2026-03-29 16:13:07 | INFO | Episode  409 - Reward: 200.000, Length: 200, Loss: 4.8948, Entropy: 0.5834, Epsilon: 0.010
2026-03-29 16:13:08 | INFO | Episode  410 - Reward: 200.000, Length: 200, Loss: 3.5366, Entropy: 0.5758, Epsilon: 0.010
2026-03-29 16:13:08 | INFO | Episode  411 - Reward: 200.000, Length: 200, Loss: 4.9175, Entropy: 0.5795, Epsilon: 0.010
2026-03-29 16:13:09 | INFO | Episode  412 - Reward: 200.000, Length: 200, Loss: 2.9736, Entropy: 0.5787, Epsilon: 0.010
2026-03-29 16:13:09 | INFO | Episode  413 - Reward: 200.000, Length: 200, Loss: 2.0947, Entropy: 0.5834, Epsilon: 0.010
2026-03-29 16:13:09 | INFO | Episode  414 - Reward: 200.000, Length: 200, Loss: 2.0092, Entropy: 0.5774, Epsilon: 0.010
2026-03-29 16:13:10 | INFO | Episode  415 - Reward: 200.000, Length: 200, Loss: 2.7435, Entropy: 0.5792, Epsilon: 0.010
2026-03-29 16:13:10 | INFO | Episode  416 - Reward: 200.000, Length: 200, Loss: 2.5607, Entropy: 0.5805, Epsilon: 0.010
2026-03-29 16:13:11 | INFO | Episode  417 - Reward: 200.000, Length: 200, Loss: 2.2007, Entropy: 0.5783, Epsilon: 0.010
2026-03-29 16:13:11 | INFO | Episode  418 - Reward: 200.000, Length: 200, Loss: 3.0749, Entropy: 0.5769, Epsilon: 0.010
2026-03-29 16:13:12 | INFO | Episode  419 - Reward: 200.000, Length: 200, Loss: 2.9605, Entropy: 0.5802, Epsilon: 0.010
2026-03-29 16:13:12 | INFO | Episode  420 - Reward: 200.000, Length: 200, Loss: 1.7510, Entropy: 0.5663, Epsilon: 0.010
2026-03-29 16:13:13 | INFO | Episode  421 - Reward: 200.000, Length: 200, Loss: 2.0315, Entropy: 0.5664, Epsilon: 0.010
2026-03-29 16:13:13 | INFO | Episode  422 - Reward: 200.000, Length: 200, Loss: 1.8676, Entropy: 0.5719, Epsilon: 0.010
2026-03-29 16:13:14 | INFO | Episode  423 - Reward: 200.000, Length: 200, Loss: 2.8778, Entropy: 0.5700, Epsilon: 0.010
2026-03-29 16:13:14 | INFO | Episode  424 - Reward: 200.000, Length: 200, Loss: 3.7192, Entropy: 0.5740, Epsilon: 0.010
2026-03-29 16:13:15 | INFO | Episode  425 - Reward: 200.000, Length: 200, Loss: 3.0971, Entropy: 0.5718, Epsilon: 0.010
2026-03-29 16:13:15 | INFO | Episode  426 - Reward: 200.000, Length: 200, Loss: 3.2379, Entropy: 0.5779, Epsilon: 0.010
2026-03-29 16:13:15 | INFO | Episode  427 - Reward: 200.000, Length: 200, Loss: 4.6372, Entropy: 0.5718, Epsilon: 0.010
2026-03-29 16:13:16 | INFO | Episode  428 - Reward: 200.000, Length: 200, Loss: 1.7558, Entropy: 0.5773, Epsilon: 0.010
2026-03-29 16:13:16 | INFO | Episode  429 - Reward: 200.000, Length: 200, Loss: 1.8185, Entropy: 0.5733, Epsilon: 0.010
2026-03-29 16:13:17 | INFO | Episode  430 - Reward: 200.000, Length: 200, Loss: 2.0112, Entropy: 0.5744, Epsilon: 0.010
2026-03-29 16:13:17 | INFO | Episode  431 - Reward: 200.000, Length: 200, Loss: 1.7267, Entropy: 0.5745, Epsilon: 0.010
2026-03-29 16:13:18 | INFO | Episode  432 - Reward: 200.000, Length: 200, Loss: 1.7042, Entropy: 0.5584, Epsilon: 0.010
2026-03-29 16:13:18 | INFO | Episode  433 - Reward: 200.000, Length: 200, Loss: 2.0974, Entropy: 0.5752, Epsilon: 0.010
2026-03-29 16:13:19 | INFO | Episode  434 - Reward: 200.000, Length: 200, Loss: 2.1534, Entropy: 0.5846, Epsilon: 0.010
2026-03-29 16:13:19 | INFO | Episode  435 - Reward: 200.000, Length: 200, Loss: 2.9820, Entropy: 0.5723, Epsilon: 0.010
2026-03-29 16:13:20 | INFO | Episode  436 - Reward: 200.000, Length: 200, Loss: 1.5105, Entropy: 0.5786, Epsilon: 0.010
2026-03-29 16:13:20 | INFO | Episode  437 - Reward: 200.000, Length: 200, Loss: 1.7313, Entropy: 0.5833, Epsilon: 0.010
2026-03-29 16:13:21 | INFO | Episode  438 - Reward: 200.000, Length: 200, Loss: 1.6248, Entropy: 0.5777, Epsilon: 0.010
2026-03-29 16:13:21 | INFO | Episode  439 - Reward: 200.000, Length: 200, Loss: 1.7268, Entropy: 0.5827, Epsilon: 0.010
2026-03-29 16:13:22 | INFO | Episode  440 - Reward: 200.000, Length: 200, Loss: 1.9626, Entropy: 0.5785, Epsilon: 0.010
2026-03-29 16:13:22 | INFO | Episode  441 - Reward: 200.000, Length: 200, Loss: 1.6372, Entropy: 0.5807, Epsilon: 0.010
2026-03-29 16:13:22 | INFO | Episode  442 - Reward: 200.000, Length: 200, Loss: 1.6452, Entropy: 0.5820, Epsilon: 0.010
2026-03-29 16:13:23 | INFO | Episode  443 - Reward: 200.000, Length: 200, Loss: 2.7667, Entropy: 0.5853, Epsilon: 0.010
2026-03-29 16:13:23 | INFO | Episode  444 - Reward: 200.000, Length: 200, Loss: 3.0564, Entropy: 0.5838, Epsilon: 0.010
2026-03-29 16:13:24 | INFO | Episode  445 - Reward: 200.000, Length: 200, Loss: 1.4589, Entropy: 0.5865, Epsilon: 0.010
2026-03-29 16:13:24 | INFO | Episode  446 - Reward: 200.000, Length: 200, Loss: 2.0990, Entropy: 0.5786, Epsilon: 0.010
2026-03-29 16:13:25 | INFO | Episode  447 - Reward: 200.000, Length: 200, Loss: 1.7454, Entropy: 0.5896, Epsilon: 0.010
2026-03-29 16:13:26 | INFO | Episode  448 - Reward: 200.000, Length: 200, Loss: 2.6077, Entropy: 0.5824, Epsilon: 0.010
2026-03-29 16:13:26 | INFO | Episode  449 - Reward: 200.000, Length: 200, Loss: 3.1391, Entropy: 0.5741, Epsilon: 0.010
2026-03-29 16:13:27 | INFO | Episode  450 - Reward: 200.000, Length: 200, Loss: 2.0882, Entropy: 0.5937, Epsilon: 0.010
2026-03-29 16:13:34 | INFO | [Episode  450] eps=0.010  avg_reward= 199.580  avg_length=199.58  avg_loss=  2.5952  avg_entropy=0.5937  eval_success=1.000
2026-03-29 16:13:35 | INFO | Episode  451 - Reward: 200.000, Length: 200, Loss: 2.4644, Entropy: 0.5899, Epsilon: 0.010
2026-03-29 16:13:35 | INFO | Episode  452 - Reward: 200.000, Length: 200, Loss: 1.5491, Entropy: 0.5959, Epsilon: 0.010
2026-03-29 16:13:36 | INFO | Episode  453 - Reward: 200.000, Length: 200, Loss: 2.0292, Entropy: 0.5998, Epsilon: 0.010
2026-03-29 16:13:36 | INFO | Episode  454 - Reward: 200.000, Length: 200, Loss: 1.6437, Entropy: 0.5933, Epsilon: 0.010
2026-03-29 16:13:36 | INFO | Episode  455 - Reward: 200.000, Length: 200, Loss: 2.0357, Entropy: 0.6003, Epsilon: 0.010
2026-03-29 16:13:37 | INFO | Episode  456 - Reward: 200.000, Length: 200, Loss: 2.9433, Entropy: 0.6017, Epsilon: 0.010
2026-03-29 16:13:37 | INFO | Episode  457 - Reward: 200.000, Length: 200, Loss: 3.2650, Entropy: 0.5968, Epsilon: 0.010
2026-03-29 16:13:38 | INFO | Episode  458 - Reward: 200.000, Length: 200, Loss: 1.6233, Entropy: 0.6107, Epsilon: 0.010
2026-03-29 16:13:38 | INFO | Episode  459 - Reward: 200.000, Length: 200, Loss: 3.5045, Entropy: 0.6104, Epsilon: 0.010
2026-03-29 16:13:39 | INFO | Episode  460 - Reward: 200.000, Length: 200, Loss: 1.5166, Entropy: 0.6063, Epsilon: 0.010
2026-03-29 16:13:39 | INFO | Episode  461 - Reward: 200.000, Length: 200, Loss: 0.9390, Entropy: 0.6118, Epsilon: 0.010
2026-03-29 16:13:40 | INFO | Episode  462 - Reward: 200.000, Length: 200, Loss: 0.4704, Entropy: 0.6084, Epsilon: 0.010
2026-03-29 16:13:40 | INFO | Episode  463 - Reward: 200.000, Length: 200, Loss: 1.7363, Entropy: 0.6197, Epsilon: 0.010
2026-03-29 16:13:41 | INFO | Episode  464 - Reward: 200.000, Length: 200, Loss: 1.2267, Entropy: 0.6152, Epsilon: 0.010
2026-03-29 16:13:41 | INFO | Episode  465 - Reward: 200.000, Length: 200, Loss: 1.5171, Entropy: 0.6207, Epsilon: 0.010
2026-03-29 16:13:42 | INFO | Episode  466 - Reward: 200.000, Length: 200, Loss: 1.1589, Entropy: 0.6061, Epsilon: 0.010
2026-03-29 16:13:42 | INFO | Episode  467 - Reward: 200.000, Length: 200, Loss: 1.3293, Entropy: 0.6194, Epsilon: 0.010
2026-03-29 16:13:42 | INFO | Episode  468 - Reward: 200.000, Length: 200, Loss: 2.4141, Entropy: 0.6167, Epsilon: 0.010
2026-03-29 16:13:43 | INFO | Episode  469 - Reward: 200.000, Length: 200, Loss: 2.6534, Entropy: 0.6214, Epsilon: 0.010
2026-03-29 16:13:43 | INFO | Episode  470 - Reward: 200.000, Length: 200, Loss: 1.2649, Entropy: 0.6195, Epsilon: 0.010
2026-03-29 16:13:44 | INFO | Episode  471 - Reward: 200.000, Length: 200, Loss: 0.7858, Entropy: 0.6161, Epsilon: 0.010
2026-03-29 16:13:44 | INFO | Episode  472 - Reward: 200.000, Length: 200, Loss: 0.9255, Entropy: 0.6183, Epsilon: 0.010
2026-03-29 16:13:45 | INFO | Episode  473 - Reward: 200.000, Length: 200, Loss: 1.3893, Entropy: 0.6185, Epsilon: 0.010
2026-03-29 16:13:45 | INFO | Episode  474 - Reward: 200.000, Length: 200, Loss: 1.6381, Entropy: 0.6237, Epsilon: 0.010
2026-03-29 16:13:46 | INFO | Episode  475 - Reward: 200.000, Length: 200, Loss: 1.4051, Entropy: 0.6241, Epsilon: 0.010
2026-03-29 16:13:46 | INFO | Episode  476 - Reward: 200.000, Length: 200, Loss: 1.7607, Entropy: 0.6305, Epsilon: 0.010
2026-03-29 16:13:47 | INFO | Episode  477 - Reward: 200.000, Length: 200, Loss: 1.4058, Entropy: 0.6287, Epsilon: 0.010
2026-03-29 16:13:47 | INFO | Episode  478 - Reward: 200.000, Length: 200, Loss: 1.0222, Entropy: 0.6362, Epsilon: 0.010
2026-03-29 16:13:48 | INFO | Episode  479 - Reward: 200.000, Length: 200, Loss: 1.2103, Entropy: 0.6293, Epsilon: 0.010
2026-03-29 16:13:48 | INFO | Episode  480 - Reward: 200.000, Length: 200, Loss: 1.1677, Entropy: 0.6344, Epsilon: 0.010
2026-03-29 16:13:49 | INFO | Episode  481 - Reward: 200.000, Length: 200, Loss: 0.9789, Entropy: 0.6315, Epsilon: 0.010
2026-03-29 16:13:49 | INFO | Episode  482 - Reward: 200.000, Length: 200, Loss: 1.8868, Entropy: 0.6196, Epsilon: 0.010
2026-03-29 16:13:50 | INFO | Episode  483 - Reward: 200.000, Length: 200, Loss: 1.2677, Entropy: 0.6351, Epsilon: 0.010
2026-03-29 16:13:50 | INFO | Episode  484 - Reward: 200.000, Length: 200, Loss: 0.4876, Entropy: 0.6343, Epsilon: 0.010
2026-03-29 16:13:51 | INFO | Episode  485 - Reward: 200.000, Length: 200, Loss: 1.3889, Entropy: 0.6332, Epsilon: 0.010
2026-03-29 16:13:51 | INFO | Episode  486 - Reward: 200.000, Length: 200, Loss: 1.0071, Entropy: 0.6378, Epsilon: 0.010
2026-03-29 16:13:52 | INFO | Episode  487 - Reward: 200.000, Length: 200, Loss: 1.0995, Entropy: 0.6410, Epsilon: 0.010
2026-03-29 16:13:52 | INFO | Episode  488 - Reward: 200.000, Length: 200, Loss: 1.6352, Entropy: 0.6367, Epsilon: 0.010
2026-03-29 16:13:53 | INFO | Episode  489 - Reward: 200.000, Length: 200, Loss: 0.7495, Entropy: 0.6382, Epsilon: 0.010
2026-03-29 16:13:53 | INFO | Episode  490 - Reward: 200.000, Length: 200, Loss: 1.1739, Entropy: 0.6416, Epsilon: 0.010
2026-03-29 16:13:53 | INFO | Episode  491 - Reward: 200.000, Length: 200, Loss: 1.4780, Entropy: 0.6439, Epsilon: 0.010
2026-03-29 16:13:54 | INFO | Episode  492 - Reward: 200.000, Length: 200, Loss: 2.1038, Entropy: 0.6437, Epsilon: 0.010
2026-03-29 16:13:54 | INFO | Episode  493 - Reward: 200.000, Length: 200, Loss: 0.6792, Entropy: 0.6475, Epsilon: 0.010
2026-03-29 16:13:55 | INFO | Episode  494 - Reward: 200.000, Length: 200, Loss: 0.8119, Entropy: 0.6484, Epsilon: 0.010
2026-03-29 16:13:55 | INFO | Episode  495 - Reward: 200.000, Length: 200, Loss: 1.0552, Entropy: 0.6494, Epsilon: 0.010
2026-03-29 16:13:56 | INFO | Episode  496 - Reward: 200.000, Length: 200, Loss: 1.2854, Entropy: 0.6516, Epsilon: 0.010
2026-03-29 16:13:56 | INFO | Episode  497 - Reward: 200.000, Length: 200, Loss: 1.8566, Entropy: 0.6489, Epsilon: 0.010
2026-03-29 16:13:57 | INFO | Episode  498 - Reward: 200.000, Length: 200, Loss: 0.8558, Entropy: 0.6527, Epsilon: 0.010
2026-03-29 16:13:58 | INFO | Episode  499 - Reward: 200.000, Length: 200, Loss: 1.1180, Entropy: 0.6529, Epsilon: 0.010
2026-03-29 16:13:58 | INFO | Episode  500 - Reward: 200.000, Length: 200, Loss: 0.6918, Entropy: 0.6508, Epsilon: 0.010
2026-03-29 16:14:10 | INFO | [Episode  500] eps=0.010  avg_reward= 200.000  avg_length=200.00  avg_loss=  1.4721  avg_entropy=0.6508  eval_success=0.960
2026-03-29 16:14:10 | INFO | DQN+Entropy training: 5m 17.18s
2026-03-29 16:14:49 | INFO | [Final Eval] success=0.930, mean_reward=199.850
