2026-03-29 17:02:08 | INFO | ============================================================
2026-03-29 17:02:08 | INFO | DEVICE / COMPUTE INFORMATION
2026-03-29 17:02:08 | INFO |   JAX backend       : CPU
2026-03-29 17:02:08 | INFO |   Platform          : cpu
2026-03-29 17:02:08 | INFO |   Num devices       : 1
2026-03-29 17:02:08 | INFO |   Device            : TFRT_CPU_0
2026-03-29 17:02:08 | INFO | ============================================================
2026-03-29 17:02:08 | INFO | DQN+Entropy | seed=5, lr=0.0005, gamma=0.99, alpha=0.05
2026-03-29 17:02:08 | INFO | Env: cartpole/dense, obs_dim=4, num_actions=2
2026-03-29 17:02:09 | INFO | Episode    1 - Reward: 29.000, Length: 29, Loss: 0.0000, Entropy: 0.0000, Epsilon: 0.998
2026-03-29 17:02:09 | INFO | Episode    2 - Reward: 36.000, Length: 36, Loss: 0.0000, Entropy: 0.0000, Epsilon: 0.995
2026-03-29 17:02:10 | INFO | Episode    3 - Reward: 17.000, Length: 17, Loss: 0.0000, Entropy: 0.0000, Epsilon: 0.993
2026-03-29 17:02:10 | INFO | Episode    4 - Reward: 15.000, Length: 15, Loss: 0.0000, Entropy: 0.0000, Epsilon: 0.990
2026-03-29 17:02:11 | INFO | Episode    5 - Reward: 43.000, Length: 43, Loss: 0.0000, Entropy: 0.0000, Epsilon: 0.988
2026-03-29 17:02:11 | INFO | Episode    6 - Reward: 28.000, Length: 28, Loss: 0.0000, Entropy: 0.0000, Epsilon: 0.985
2026-03-29 17:02:12 | INFO | Episode    7 - Reward: 56.000, Length: 56, Loss: 0.0000, Entropy: 0.0000, Epsilon: 0.983
2026-03-29 17:02:13 | INFO | Episode    8 - Reward: 75.000, Length: 75, Loss: 0.9884, Entropy: 0.6929, Epsilon: 0.980
2026-03-29 17:02:14 | INFO | Episode    9 - Reward: 19.000, Length: 19, Loss: 0.9827, Entropy: 0.6929, Epsilon: 0.978
2026-03-29 17:02:14 | INFO | Episode   10 - Reward: 45.000, Length: 45, Loss: 0.9757, Entropy: 0.6929, Epsilon: 0.975
2026-03-29 17:02:15 | INFO | Episode   11 - Reward: 16.000, Length: 16, Loss: 0.9717, Entropy: 0.6929, Epsilon: 0.973
2026-03-29 17:02:15 | INFO | Episode   12 - Reward: 10.000, Length: 10, Loss: 0.9710, Entropy: 0.6929, Epsilon: 0.970
2026-03-29 17:02:16 | INFO | Episode   13 - Reward: 22.000, Length: 22, Loss: 0.9658, Entropy: 0.6929, Epsilon: 0.968
2026-03-29 17:02:16 | INFO | Episode   14 - Reward: 82.000, Length: 82, Loss: 0.9561, Entropy: 0.6929, Epsilon: 0.965
2026-03-29 17:02:17 | INFO | Episode   15 - Reward: 14.000, Length: 14, Loss: 0.9533, Entropy: 0.6929, Epsilon: 0.963
2026-03-29 17:02:17 | INFO | Episode   16 - Reward: 17.000, Length: 17, Loss: 0.9877, Entropy: 0.6929, Epsilon: 0.960
2026-03-29 17:02:17 | INFO | Episode   17 - Reward: 14.000, Length: 14, Loss: 0.9802, Entropy: 0.6929, Epsilon: 0.958
2026-03-29 17:02:18 | INFO | Episode   18 - Reward: 25.000, Length: 25, Loss: 0.9749, Entropy: 0.6929, Epsilon: 0.955
2026-03-29 17:02:18 | INFO | Episode   19 - Reward: 34.000, Length: 34, Loss: 0.9721, Entropy: 0.6929, Epsilon: 0.953
2026-03-29 17:02:19 | INFO | Episode   20 - Reward: 64.000, Length: 64, Loss: 0.9692, Entropy: 0.6929, Epsilon: 0.951
2026-03-29 17:02:19 | INFO | Episode   21 - Reward: 69.000, Length: 69, Loss: 0.9573, Entropy: 0.6929, Epsilon: 0.948
2026-03-29 17:02:20 | INFO | Episode   22 - Reward: 13.000, Length: 13, Loss: 0.9569, Entropy: 0.6929, Epsilon: 0.946
2026-03-29 17:02:20 | INFO | Episode   23 - Reward: 17.000, Length: 17, Loss: 0.9512, Entropy: 0.6929, Epsilon: 0.943
2026-03-29 17:02:21 | INFO | Episode   24 - Reward: 28.000, Length: 28, Loss: 0.9474, Entropy: 0.6929, Epsilon: 0.941
2026-03-29 17:02:21 | INFO | Episode   25 - Reward: 14.000, Length: 14, Loss: 0.9408, Entropy: 0.6929, Epsilon: 0.938
2026-03-29 17:02:22 | INFO | Episode   26 - Reward: 82.000, Length: 82, Loss: 0.9373, Entropy: 0.6929, Epsilon: 0.936
2026-03-29 17:02:22 | INFO | Episode   27 - Reward: 20.000, Length: 20, Loss: 0.9302, Entropy: 0.6929, Epsilon: 0.933
2026-03-29 17:02:23 | INFO | Episode   28 - Reward: 50.000, Length: 50, Loss: 0.9229, Entropy: 0.6929, Epsilon: 0.931
2026-03-29 17:02:23 | INFO | Episode   29 - Reward: 21.000, Length: 21, Loss: 0.9189, Entropy: 0.6929, Epsilon: 0.928
2026-03-29 17:02:24 | INFO | Episode   30 - Reward: 28.000, Length: 28, Loss: 0.9181, Entropy: 0.6929, Epsilon: 0.926
2026-03-29 17:02:24 | INFO | Episode   31 - Reward: 31.000, Length: 31, Loss: 0.9907, Entropy: 0.6929, Epsilon: 0.923
2026-03-29 17:02:25 | INFO | Episode   32 - Reward: 20.000, Length: 20, Loss: 0.9851, Entropy: 0.6928, Epsilon: 0.921
2026-03-29 17:02:25 | INFO | Episode   33 - Reward: 14.000, Length: 14, Loss: 0.9772, Entropy: 0.6929, Epsilon: 0.918
2026-03-29 17:02:26 | INFO | Episode   34 - Reward: 19.000, Length: 19, Loss: 0.9722, Entropy: 0.6929, Epsilon: 0.916
2026-03-29 17:02:26 | INFO | Episode   35 - Reward: 50.000, Length: 50, Loss: 0.9673, Entropy: 0.6929, Epsilon: 0.913
2026-03-29 17:02:26 | INFO | Episode   36 - Reward: 26.000, Length: 26, Loss: 0.9600, Entropy: 0.6929, Epsilon: 0.911
2026-03-29 17:02:27 | INFO | Episode   37 - Reward: 29.000, Length: 29, Loss: 0.9576, Entropy: 0.6929, Epsilon: 0.908
2026-03-29 17:02:28 | INFO | Episode   38 - Reward: 28.000, Length: 28, Loss: 0.9503, Entropy: 0.6929, Epsilon: 0.906
2026-03-29 17:02:29 | INFO | Episode   39 - Reward: 16.000, Length: 16, Loss: 0.9465, Entropy: 0.6929, Epsilon: 0.903
2026-03-29 17:02:29 | INFO | Episode   40 - Reward: 33.000, Length: 33, Loss: 0.9410, Entropy: 0.6929, Epsilon: 0.901
2026-03-29 17:02:30 | INFO | Episode   41 - Reward: 53.000, Length: 53, Loss: 0.9332, Entropy: 0.6929, Epsilon: 0.899
2026-03-29 17:02:30 | INFO | Episode   42 - Reward: 20.000, Length: 20, Loss: 0.9268, Entropy: 0.6929, Epsilon: 0.896
2026-03-29 17:02:31 | INFO | Episode   43 - Reward: 22.000, Length: 22, Loss: 0.9228, Entropy: 0.6929, Epsilon: 0.894
2026-03-29 17:02:32 | INFO | Episode   44 - Reward: 44.000, Length: 44, Loss: 0.9173, Entropy: 0.6929, Epsilon: 0.891
2026-03-29 17:02:32 | INFO | Episode   45 - Reward: 9.000, Length: 9, Loss: 0.9149, Entropy: 0.6929, Epsilon: 0.889
2026-03-29 17:02:33 | INFO | Episode   46 - Reward: 28.000, Length: 28, Loss: 0.9070, Entropy: 0.6929, Epsilon: 0.886
2026-03-29 17:02:34 | INFO | Episode   47 - Reward: 16.000, Length: 16, Loss: 0.9020, Entropy: 0.6929, Epsilon: 0.884
2026-03-29 17:02:34 | INFO | Episode   48 - Reward: 29.000, Length: 29, Loss: 0.8973, Entropy: 0.6929, Epsilon: 0.881
2026-03-29 17:02:35 | INFO | Episode   49 - Reward: 14.000, Length: 14, Loss: 0.8922, Entropy: 0.6929, Epsilon: 0.879
2026-03-29 17:02:35 | INFO | Episode   50 - Reward: 78.000, Length: 78, Loss: 0.9860, Entropy: 0.6929, Epsilon: 0.876
2026-03-29 17:02:44 | INFO | [Episode   50] eps=0.876  avg_reward=  31.640  avg_length= 31.64  avg_loss=  0.8175  avg_entropy=0.6929  eval_success=0.000
2026-03-29 17:02:44 | INFO | Episode   51 - Reward: 23.000, Length: 23, Loss: 0.9767, Entropy: 0.6929, Epsilon: 0.874
2026-03-29 17:02:45 | INFO | Episode   52 - Reward: 11.000, Length: 11, Loss: 0.9694, Entropy: 0.6929, Epsilon: 0.871
2026-03-29 17:02:45 | INFO | Episode   53 - Reward: 17.000, Length: 17, Loss: 0.9672, Entropy: 0.6929, Epsilon: 0.869
2026-03-29 17:02:46 | INFO | Episode   54 - Reward: 22.000, Length: 22, Loss: 0.9628, Entropy: 0.6929, Epsilon: 0.866
2026-03-29 17:02:47 | INFO | Episode   55 - Reward: 10.000, Length: 10, Loss: 0.9617, Entropy: 0.6929, Epsilon: 0.864
2026-03-29 17:02:47 | INFO | Episode   56 - Reward: 48.000, Length: 48, Loss: 0.9520, Entropy: 0.6929, Epsilon: 0.861
2026-03-29 17:02:48 | INFO | Episode   57 - Reward: 34.000, Length: 34, Loss: 0.9474, Entropy: 0.6929, Epsilon: 0.859
2026-03-29 17:02:49 | INFO | Episode   58 - Reward: 23.000, Length: 23, Loss: 0.9396, Entropy: 0.6929, Epsilon: 0.856
2026-03-29 17:02:49 | INFO | Episode   59 - Reward: 48.000, Length: 48, Loss: 0.9333, Entropy: 0.6929, Epsilon: 0.854
2026-03-29 17:02:50 | INFO | Episode   60 - Reward: 18.000, Length: 18, Loss: 0.9309, Entropy: 0.6929, Epsilon: 0.852
2026-03-29 17:02:50 | INFO | Episode   61 - Reward: 28.000, Length: 28, Loss: 0.9234, Entropy: 0.6929, Epsilon: 0.849
2026-03-29 17:02:51 | INFO | Episode   62 - Reward: 45.000, Length: 45, Loss: 0.9251, Entropy: 0.6928, Epsilon: 0.847
2026-03-29 17:02:52 | INFO | Episode   63 - Reward: 41.000, Length: 41, Loss: 0.9141, Entropy: 0.6929, Epsilon: 0.844
2026-03-29 17:02:52 | INFO | Episode   64 - Reward: 16.000, Length: 16, Loss: 0.9105, Entropy: 0.6929, Epsilon: 0.842
2026-03-29 17:02:53 | INFO | Episode   65 - Reward: 75.000, Length: 75, Loss: 0.9024, Entropy: 0.6929, Epsilon: 0.839
2026-03-29 17:02:54 | INFO | Episode   66 - Reward: 41.000, Length: 41, Loss: 0.9806, Entropy: 0.6929, Epsilon: 0.837
2026-03-29 17:02:54 | INFO | Episode   67 - Reward: 20.000, Length: 20, Loss: 0.9764, Entropy: 0.6929, Epsilon: 0.834
2026-03-29 17:02:55 | INFO | Episode   68 - Reward: 11.000, Length: 11, Loss: 0.9701, Entropy: 0.6929, Epsilon: 0.832
2026-03-29 17:02:56 | INFO | Episode   69 - Reward: 14.000, Length: 14, Loss: 0.9648, Entropy: 0.6929, Epsilon: 0.829
2026-03-29 17:02:56 | INFO | Episode   70 - Reward: 19.000, Length: 19, Loss: 0.9562, Entropy: 0.6929, Epsilon: 0.827
2026-03-29 17:02:57 | INFO | Episode   71 - Reward: 16.000, Length: 16, Loss: 0.9550, Entropy: 0.6929, Epsilon: 0.824
2026-03-29 17:02:58 | INFO | Episode   72 - Reward: 14.000, Length: 14, Loss: 0.9515, Entropy: 0.6929, Epsilon: 0.822
2026-03-29 17:02:58 | INFO | Episode   73 - Reward: 75.000, Length: 75, Loss: 0.9441, Entropy: 0.6929, Epsilon: 0.819
2026-03-29 17:02:59 | INFO | Episode   74 - Reward: 28.000, Length: 28, Loss: 0.9364, Entropy: 0.6929, Epsilon: 0.817
2026-03-29 17:02:59 | INFO | Episode   75 - Reward: 39.000, Length: 39, Loss: 0.9340, Entropy: 0.6929, Epsilon: 0.814
2026-03-29 17:03:00 | INFO | Episode   76 - Reward: 28.000, Length: 28, Loss: 0.9274, Entropy: 0.6928, Epsilon: 0.812
2026-03-29 17:03:01 | INFO | Episode   77 - Reward: 13.000, Length: 13, Loss: 0.9224, Entropy: 0.6929, Epsilon: 0.809
2026-03-29 17:03:01 | INFO | Episode   78 - Reward: 75.000, Length: 75, Loss: 0.9134, Entropy: 0.6929, Epsilon: 0.807
2026-03-29 17:03:02 | INFO | Episode   79 - Reward: 35.000, Length: 35, Loss: 0.9109, Entropy: 0.6929, Epsilon: 0.804
2026-03-29 17:03:02 | INFO | Episode   80 - Reward: 21.000, Length: 21, Loss: 0.9054, Entropy: 0.6929, Epsilon: 0.802
2026-03-29 17:03:03 | INFO | Episode   81 - Reward: 20.000, Length: 20, Loss: 0.9030, Entropy: 0.6929, Epsilon: 0.800
2026-03-29 17:03:04 | INFO | Episode   82 - Reward: 22.000, Length: 22, Loss: 0.9800, Entropy: 0.6929, Epsilon: 0.797
2026-03-29 17:03:04 | INFO | Episode   83 - Reward: 16.000, Length: 16, Loss: 0.9781, Entropy: 0.6929, Epsilon: 0.795
2026-03-29 17:03:05 | INFO | Episode   84 - Reward: 35.000, Length: 35, Loss: 0.9669, Entropy: 0.6929, Epsilon: 0.792
2026-03-29 17:03:06 | INFO | Episode   85 - Reward: 15.000, Length: 15, Loss: 0.9581, Entropy: 0.6929, Epsilon: 0.790
2026-03-29 17:03:06 | INFO | Episode   86 - Reward: 75.000, Length: 75, Loss: 0.9562, Entropy: 0.6929, Epsilon: 0.787
2026-03-29 17:03:07 | INFO | Episode   87 - Reward: 20.000, Length: 20, Loss: 0.9508, Entropy: 0.6929, Epsilon: 0.785
2026-03-29 17:03:07 | INFO | Episode   88 - Reward: 12.000, Length: 12, Loss: 0.9423, Entropy: 0.6929, Epsilon: 0.782
2026-03-29 17:03:08 | INFO | Episode   89 - Reward: 65.000, Length: 65, Loss: 0.9372, Entropy: 0.6929, Epsilon: 0.780
2026-03-29 17:03:09 | INFO | Episode   90 - Reward: 12.000, Length: 12, Loss: 0.9382, Entropy: 0.6929, Epsilon: 0.777
2026-03-29 17:03:09 | INFO | Episode   91 - Reward: 36.000, Length: 36, Loss: 0.9285, Entropy: 0.6929, Epsilon: 0.775
2026-03-29 17:03:10 | INFO | Episode   92 - Reward: 51.000, Length: 51, Loss: 0.9291, Entropy: 0.6929, Epsilon: 0.772
2026-03-29 17:03:11 | INFO | Episode   93 - Reward: 43.000, Length: 43, Loss: 0.9228, Entropy: 0.6929, Epsilon: 0.770
2026-03-29 17:03:11 | INFO | Episode   94 - Reward: 48.000, Length: 48, Loss: 0.9136, Entropy: 0.6929, Epsilon: 0.767
2026-03-29 17:03:12 | INFO | Episode   95 - Reward: 20.000, Length: 20, Loss: 0.9083, Entropy: 0.6929, Epsilon: 0.765
2026-03-29 17:03:12 | INFO | Episode   96 - Reward: 19.000, Length: 19, Loss: 0.8912, Entropy: 0.6928, Epsilon: 0.762
2026-03-29 17:03:13 | INFO | Episode   97 - Reward: 28.000, Length: 28, Loss: 0.8989, Entropy: 0.6929, Epsilon: 0.760
2026-03-29 17:03:14 | INFO | Episode   98 - Reward: 33.000, Length: 33, Loss: 0.9776, Entropy: 0.6928, Epsilon: 0.757
2026-03-29 17:03:14 | INFO | Episode   99 - Reward: 23.000, Length: 23, Loss: 0.9730, Entropy: 0.6929, Epsilon: 0.755
2026-03-29 17:03:15 | INFO | Episode  100 - Reward: 29.000, Length: 29, Loss: 0.9678, Entropy: 0.6929, Epsilon: 0.752
2026-03-29 17:03:23 | INFO | [Episode  100] eps=0.752  avg_reward=  30.600  avg_length= 30.60  avg_loss=  0.9417  avg_entropy=0.6929  eval_success=0.000
2026-03-29 17:03:23 | INFO | Episode  101 - Reward: 22.000, Length: 22, Loss: 0.9616, Entropy: 0.6929, Epsilon: 0.750
2026-03-29 17:03:23 | INFO | Episode  102 - Reward: 13.000, Length: 13, Loss: 0.9560, Entropy: 0.6928, Epsilon: 0.748
2026-03-29 17:03:24 | INFO | Episode  103 - Reward: 24.000, Length: 24, Loss: 0.9505, Entropy: 0.6928, Epsilon: 0.745
2026-03-29 17:03:24 | INFO | Episode  104 - Reward: 18.000, Length: 18, Loss: 0.9446, Entropy: 0.6928, Epsilon: 0.743
2026-03-29 17:03:25 | INFO | Episode  105 - Reward: 45.000, Length: 45, Loss: 0.9363, Entropy: 0.6929, Epsilon: 0.740
2026-03-29 17:03:25 | INFO | Episode  106 - Reward: 48.000, Length: 48, Loss: 0.9309, Entropy: 0.6929, Epsilon: 0.738
2026-03-29 17:03:26 | INFO | Episode  107 - Reward: 23.000, Length: 23, Loss: 0.9301, Entropy: 0.6928, Epsilon: 0.735
2026-03-29 17:03:26 | INFO | Episode  108 - Reward: 111.000, Length: 111, Loss: 0.9199, Entropy: 0.6929, Epsilon: 0.733
2026-03-29 17:03:27 | INFO | Episode  109 - Reward: 68.000, Length: 68, Loss: 0.9167, Entropy: 0.6929, Epsilon: 0.730
2026-03-29 17:03:27 | INFO | Episode  110 - Reward: 22.000, Length: 22, Loss: 0.9151, Entropy: 0.6929, Epsilon: 0.728
2026-03-29 17:03:27 | INFO | Episode  111 - Reward: 19.000, Length: 19, Loss: 0.9746, Entropy: 0.6929, Epsilon: 0.725
2026-03-29 17:03:28 | INFO | Episode  112 - Reward: 18.000, Length: 18, Loss: 0.9717, Entropy: 0.6928, Epsilon: 0.723
2026-03-29 17:03:28 | INFO | Episode  113 - Reward: 115.000, Length: 115, Loss: 0.9636, Entropy: 0.6929, Epsilon: 0.720
2026-03-29 17:03:29 | INFO | Episode  114 - Reward: 15.000, Length: 15, Loss: 0.9623, Entropy: 0.6929, Epsilon: 0.718
2026-03-29 17:03:29 | INFO | Episode  115 - Reward: 18.000, Length: 18, Loss: 0.9544, Entropy: 0.6929, Epsilon: 0.715
2026-03-29 17:03:30 | INFO | Episode  116 - Reward: 24.000, Length: 24, Loss: 0.9446, Entropy: 0.6928, Epsilon: 0.713
2026-03-29 17:03:30 | INFO | Episode  117 - Reward: 23.000, Length: 23, Loss: 0.9408, Entropy: 0.6929, Epsilon: 0.710
2026-03-29 17:03:30 | INFO | Episode  118 - Reward: 121.000, Length: 121, Loss: 0.9319, Entropy: 0.6929, Epsilon: 0.708
2026-03-29 17:03:31 | INFO | Episode  119 - Reward: 39.000, Length: 39, Loss: 0.9291, Entropy: 0.6929, Epsilon: 0.705
2026-03-29 17:03:31 | INFO | Episode  120 - Reward: 11.000, Length: 11, Loss: 0.9226, Entropy: 0.6929, Epsilon: 0.703
2026-03-29 17:03:32 | INFO | Episode  121 - Reward: 22.000, Length: 22, Loss: 0.9086, Entropy: 0.6928, Epsilon: 0.701
2026-03-29 17:03:32 | INFO | Episode  122 - Reward: 19.000, Length: 19, Loss: 0.9160, Entropy: 0.6929, Epsilon: 0.698
2026-03-29 17:03:33 | INFO | Episode  123 - Reward: 19.000, Length: 19, Loss: 0.9099, Entropy: 0.6928, Epsilon: 0.696
2026-03-29 17:03:33 | INFO | Episode  124 - Reward: 61.000, Length: 61, Loss: 0.9018, Entropy: 0.6929, Epsilon: 0.693
2026-03-29 17:03:33 | INFO | Episode  125 - Reward: 36.000, Length: 36, Loss: 0.9756, Entropy: 0.6928, Epsilon: 0.691
2026-03-29 17:03:34 | INFO | Episode  126 - Reward: 38.000, Length: 38, Loss: 0.9736, Entropy: 0.6929, Epsilon: 0.688
2026-03-29 17:03:34 | INFO | Episode  127 - Reward: 25.000, Length: 25, Loss: 0.9599, Entropy: 0.6929, Epsilon: 0.686
2026-03-29 17:03:35 | INFO | Episode  128 - Reward: 40.000, Length: 40, Loss: 0.9546, Entropy: 0.6928, Epsilon: 0.683
2026-03-29 17:03:35 | INFO | Episode  129 - Reward: 44.000, Length: 44, Loss: 0.9497, Entropy: 0.6929, Epsilon: 0.681
2026-03-29 17:03:35 | INFO | Episode  130 - Reward: 47.000, Length: 47, Loss: 0.9534, Entropy: 0.6929, Epsilon: 0.678
2026-03-29 17:03:36 | INFO | Episode  131 - Reward: 35.000, Length: 35, Loss: 0.9327, Entropy: 0.6928, Epsilon: 0.676
2026-03-29 17:03:36 | INFO | Episode  132 - Reward: 29.000, Length: 29, Loss: 0.9376, Entropy: 0.6929, Epsilon: 0.673
2026-03-29 17:03:37 | INFO | Episode  133 - Reward: 25.000, Length: 25, Loss: 0.9246, Entropy: 0.6928, Epsilon: 0.671
2026-03-29 17:03:37 | INFO | Episode  134 - Reward: 31.000, Length: 31, Loss: 0.9185, Entropy: 0.6929, Epsilon: 0.668
2026-03-29 17:03:38 | INFO | Episode  135 - Reward: 22.000, Length: 22, Loss: 0.9163, Entropy: 0.6929, Epsilon: 0.666
2026-03-29 17:03:38 | INFO | Episode  136 - Reward: 26.000, Length: 26, Loss: 0.9126, Entropy: 0.6928, Epsilon: 0.663
2026-03-29 17:03:39 | INFO | Episode  137 - Reward: 48.000, Length: 48, Loss: 0.9055, Entropy: 0.6929, Epsilon: 0.661
2026-03-29 17:03:39 | INFO | Episode  138 - Reward: 37.000, Length: 37, Loss: 0.8966, Entropy: 0.6928, Epsilon: 0.658
2026-03-29 17:03:39 | INFO | Episode  139 - Reward: 13.000, Length: 13, Loss: 0.9672, Entropy: 0.6929, Epsilon: 0.656
2026-03-29 17:03:40 | INFO | Episode  140 - Reward: 28.000, Length: 28, Loss: 0.9724, Entropy: 0.6929, Epsilon: 0.653
2026-03-29 17:03:40 | INFO | Episode  141 - Reward: 59.000, Length: 59, Loss: 0.9579, Entropy: 0.6929, Epsilon: 0.651
2026-03-29 17:03:41 | INFO | Episode  142 - Reward: 52.000, Length: 52, Loss: 0.9586, Entropy: 0.6928, Epsilon: 0.649
2026-03-29 17:03:41 | INFO | Episode  143 - Reward: 40.000, Length: 40, Loss: 0.9539, Entropy: 0.6928, Epsilon: 0.646
2026-03-29 17:03:42 | INFO | Episode  144 - Reward: 21.000, Length: 21, Loss: 0.9450, Entropy: 0.6928, Epsilon: 0.644
2026-03-29 17:03:42 | INFO | Episode  145 - Reward: 90.000, Length: 90, Loss: 0.9358, Entropy: 0.6929, Epsilon: 0.641
2026-03-29 17:03:43 | INFO | Episode  146 - Reward: 87.000, Length: 87, Loss: 0.9288, Entropy: 0.6928, Epsilon: 0.639
2026-03-29 17:03:43 | INFO | Episode  147 - Reward: 13.000, Length: 13, Loss: 0.9271, Entropy: 0.6929, Epsilon: 0.636
2026-03-29 17:03:43 | INFO | Episode  148 - Reward: 34.000, Length: 34, Loss: 0.9179, Entropy: 0.6928, Epsilon: 0.634
2026-03-29 17:03:44 | INFO | Episode  149 - Reward: 80.000, Length: 80, Loss: 0.9164, Entropy: 0.6928, Epsilon: 0.631
2026-03-29 17:03:44 | INFO | Episode  150 - Reward: 48.000, Length: 48, Loss: 0.9700, Entropy: 0.6928, Epsilon: 0.629
2026-03-29 17:03:48 | INFO | [Episode  150] eps=0.629  avg_reward=  39.320  avg_length= 39.32  avg_loss=  0.9391  avg_entropy=0.6928  eval_success=0.000
2026-03-29 17:03:48 | INFO | Episode  151 - Reward: 27.000, Length: 27, Loss: 0.9693, Entropy: 0.6928, Epsilon: 0.626
2026-03-29 17:03:49 | INFO | Episode  152 - Reward: 14.000, Length: 14, Loss: 0.9524, Entropy: 0.6928, Epsilon: 0.624
2026-03-29 17:03:49 | INFO | Episode  153 - Reward: 57.000, Length: 57, Loss: 0.9521, Entropy: 0.6928, Epsilon: 0.621
2026-03-29 17:03:50 | INFO | Episode  154 - Reward: 27.000, Length: 27, Loss: 0.9471, Entropy: 0.6928, Epsilon: 0.619
2026-03-29 17:03:50 | INFO | Episode  155 - Reward: 36.000, Length: 36, Loss: 0.9407, Entropy: 0.6928, Epsilon: 0.616
2026-03-29 17:03:51 | INFO | Episode  156 - Reward: 78.000, Length: 78, Loss: 0.9344, Entropy: 0.6928, Epsilon: 0.614
2026-03-29 17:03:51 | INFO | Episode  157 - Reward: 34.000, Length: 34, Loss: 0.9241, Entropy: 0.6928, Epsilon: 0.611
2026-03-29 17:03:52 | INFO | Episode  158 - Reward: 118.000, Length: 118, Loss: 0.9199, Entropy: 0.6928, Epsilon: 0.609
2026-03-29 17:03:52 | INFO | Episode  159 - Reward: 71.000, Length: 71, Loss: 0.9158, Entropy: 0.6928, Epsilon: 0.606
2026-03-29 17:03:52 | INFO | Episode  160 - Reward: 20.000, Length: 20, Loss: 0.9694, Entropy: 0.6928, Epsilon: 0.604
2026-03-29 17:03:53 | INFO | Episode  161 - Reward: 27.000, Length: 27, Loss: 0.9624, Entropy: 0.6929, Epsilon: 0.602
2026-03-29 17:03:53 | INFO | Episode  162 - Reward: 26.000, Length: 26, Loss: 0.9464, Entropy: 0.6928, Epsilon: 0.599
2026-03-29 17:03:54 | INFO | Episode  163 - Reward: 32.000, Length: 32, Loss: 0.9526, Entropy: 0.6928, Epsilon: 0.597
2026-03-29 17:03:54 | INFO | Episode  164 - Reward: 32.000, Length: 32, Loss: 0.9418, Entropy: 0.6928, Epsilon: 0.594
2026-03-29 17:03:55 | INFO | Episode  165 - Reward: 32.000, Length: 32, Loss: 0.9397, Entropy: 0.6928, Epsilon: 0.592
2026-03-29 17:03:55 | INFO | Episode  166 - Reward: 29.000, Length: 29, Loss: 0.9328, Entropy: 0.6928, Epsilon: 0.589
2026-03-29 17:03:55 | INFO | Episode  167 - Reward: 38.000, Length: 38, Loss: 0.9301, Entropy: 0.6928, Epsilon: 0.587
2026-03-29 17:03:56 | INFO | Episode  168 - Reward: 45.000, Length: 45, Loss: 0.9217, Entropy: 0.6928, Epsilon: 0.584
2026-03-29 17:03:56 | INFO | Episode  169 - Reward: 33.000, Length: 33, Loss: 0.9157, Entropy: 0.6928, Epsilon: 0.582
2026-03-29 17:03:57 | INFO | Episode  170 - Reward: 67.000, Length: 67, Loss: 0.9023, Entropy: 0.6928, Epsilon: 0.579
2026-03-29 17:03:57 | INFO | Episode  171 - Reward: 34.000, Length: 34, Loss: 0.9096, Entropy: 0.6928, Epsilon: 0.577
2026-03-29 17:03:58 | INFO | Episode  172 - Reward: 38.000, Length: 38, Loss: 0.8921, Entropy: 0.6928, Epsilon: 0.574
2026-03-29 17:03:58 | INFO | Episode  173 - Reward: 31.000, Length: 31, Loss: 0.8897, Entropy: 0.6928, Epsilon: 0.572
2026-03-29 17:03:59 | INFO | Episode  174 - Reward: 60.000, Length: 60, Loss: 0.9633, Entropy: 0.6928, Epsilon: 0.569
2026-03-29 17:03:59 | INFO | Episode  175 - Reward: 39.000, Length: 39, Loss: 0.9538, Entropy: 0.6928, Epsilon: 0.567
2026-03-29 17:03:59 | INFO | Episode  176 - Reward: 50.000, Length: 50, Loss: 0.9543, Entropy: 0.6928, Epsilon: 0.564
2026-03-29 17:04:00 | INFO | Episode  177 - Reward: 30.000, Length: 30, Loss: 0.9458, Entropy: 0.6928, Epsilon: 0.562
2026-03-29 17:04:00 | INFO | Episode  178 - Reward: 76.000, Length: 76, Loss: 0.9434, Entropy: 0.6928, Epsilon: 0.559
2026-03-29 17:04:01 | INFO | Episode  179 - Reward: 46.000, Length: 46, Loss: 0.9285, Entropy: 0.6928, Epsilon: 0.557
2026-03-29 17:04:01 | INFO | Episode  180 - Reward: 10.000, Length: 10, Loss: 0.9156, Entropy: 0.6928, Epsilon: 0.554
2026-03-29 17:04:02 | INFO | Episode  181 - Reward: 91.000, Length: 91, Loss: 0.9257, Entropy: 0.6928, Epsilon: 0.552
2026-03-29 17:04:02 | INFO | Episode  182 - Reward: 17.000, Length: 17, Loss: 0.9158, Entropy: 0.6928, Epsilon: 0.550
2026-03-29 17:04:03 | INFO | Episode  183 - Reward: 49.000, Length: 49, Loss: 0.9110, Entropy: 0.6928, Epsilon: 0.547
2026-03-29 17:04:03 | INFO | Episode  184 - Reward: 22.000, Length: 22, Loss: 0.9081, Entropy: 0.6928, Epsilon: 0.545
2026-03-29 17:04:04 | INFO | Episode  185 - Reward: 29.000, Length: 29, Loss: 0.9744, Entropy: 0.6928, Epsilon: 0.542
2026-03-29 17:04:04 | INFO | Episode  186 - Reward: 23.000, Length: 23, Loss: 0.9678, Entropy: 0.6928, Epsilon: 0.540
2026-03-29 17:04:04 | INFO | Episode  187 - Reward: 57.000, Length: 57, Loss: 0.9500, Entropy: 0.6928, Epsilon: 0.537
2026-03-29 17:04:05 | INFO | Episode  188 - Reward: 22.000, Length: 22, Loss: 0.9452, Entropy: 0.6928, Epsilon: 0.535
2026-03-29 17:04:05 | INFO | Episode  189 - Reward: 25.000, Length: 25, Loss: 0.9424, Entropy: 0.6928, Epsilon: 0.532
2026-03-29 17:04:06 | INFO | Episode  190 - Reward: 46.000, Length: 46, Loss: 0.9281, Entropy: 0.6928, Epsilon: 0.530
2026-03-29 17:04:06 | INFO | Episode  191 - Reward: 21.000, Length: 21, Loss: 0.9246, Entropy: 0.6928, Epsilon: 0.527
2026-03-29 17:04:07 | INFO | Episode  192 - Reward: 120.000, Length: 120, Loss: 0.9180, Entropy: 0.6928, Epsilon: 0.525
2026-03-29 17:04:07 | INFO | Episode  193 - Reward: 69.000, Length: 69, Loss: 0.9083, Entropy: 0.6928, Epsilon: 0.522
2026-03-29 17:04:07 | INFO | Episode  194 - Reward: 60.000, Length: 60, Loss: 0.9109, Entropy: 0.6928, Epsilon: 0.520
2026-03-29 17:04:08 | INFO | Episode  195 - Reward: 113.000, Length: 113, Loss: 0.9041, Entropy: 0.6928, Epsilon: 0.517
2026-03-29 17:04:08 | INFO | Episode  196 - Reward: 33.000, Length: 33, Loss: 0.9619, Entropy: 0.6928, Epsilon: 0.515
2026-03-29 17:04:09 | INFO | Episode  197 - Reward: 31.000, Length: 31, Loss: 0.9666, Entropy: 0.6928, Epsilon: 0.512
2026-03-29 17:04:09 | INFO | Episode  198 - Reward: 34.000, Length: 34, Loss: 0.9513, Entropy: 0.6928, Epsilon: 0.510
2026-03-29 17:04:10 | INFO | Episode  199 - Reward: 28.000, Length: 28, Loss: 0.9409, Entropy: 0.6928, Epsilon: 0.507
2026-03-29 17:04:10 | INFO | Episode  200 - Reward: 37.000, Length: 37, Loss: 0.9365, Entropy: 0.6928, Epsilon: 0.505
2026-03-29 17:04:13 | INFO | [Episode  200] eps=0.505  avg_reward=  43.680  avg_length= 43.68  avg_loss=  0.9352  avg_entropy=0.6928  eval_success=0.000
2026-03-29 17:04:13 | INFO | Episode  201 - Reward: 40.000, Length: 40, Loss: 0.9319, Entropy: 0.6928, Epsilon: 0.503
2026-03-29 17:04:14 | INFO | Episode  202 - Reward: 137.000, Length: 137, Loss: 0.9228, Entropy: 0.6928, Epsilon: 0.500
2026-03-29 17:04:14 | INFO | Episode  203 - Reward: 56.000, Length: 56, Loss: 0.9199, Entropy: 0.6929, Epsilon: 0.498
2026-03-29 17:04:15 | INFO | Episode  204 - Reward: 44.000, Length: 44, Loss: 0.9163, Entropy: 0.6928, Epsilon: 0.495
2026-03-29 17:04:15 | INFO | Episode  205 - Reward: 43.000, Length: 43, Loss: 0.9641, Entropy: 0.6928, Epsilon: 0.493
2026-03-29 17:04:15 | INFO | Episode  206 - Reward: 54.000, Length: 54, Loss: 0.9564, Entropy: 0.6928, Epsilon: 0.490
2026-03-29 17:04:16 | INFO | Episode  207 - Reward: 65.000, Length: 65, Loss: 0.9456, Entropy: 0.6928, Epsilon: 0.488
2026-03-29 17:04:16 | INFO | Episode  208 - Reward: 99.000, Length: 99, Loss: 0.9425, Entropy: 0.6928, Epsilon: 0.485
2026-03-29 17:04:17 | INFO | Episode  209 - Reward: 51.000, Length: 51, Loss: 0.9348, Entropy: 0.6929, Epsilon: 0.483
2026-03-29 17:04:17 | INFO | Episode  210 - Reward: 54.000, Length: 54, Loss: 0.9321, Entropy: 0.6929, Epsilon: 0.480
2026-03-29 17:04:18 | INFO | Episode  211 - Reward: 55.000, Length: 55, Loss: 0.9164, Entropy: 0.6928, Epsilon: 0.478
2026-03-29 17:04:18 | INFO | Episode  212 - Reward: 47.000, Length: 47, Loss: 0.9120, Entropy: 0.6928, Epsilon: 0.475
2026-03-29 17:04:19 | INFO | Episode  213 - Reward: 29.000, Length: 29, Loss: 0.9611, Entropy: 0.6928, Epsilon: 0.473
2026-03-29 17:04:19 | INFO | Episode  214 - Reward: 40.000, Length: 40, Loss: 0.9599, Entropy: 0.6928, Epsilon: 0.470
2026-03-29 17:04:19 | INFO | Episode  215 - Reward: 32.000, Length: 32, Loss: 0.9455, Entropy: 0.6928, Epsilon: 0.468
2026-03-29 17:04:20 | INFO | Episode  216 - Reward: 66.000, Length: 66, Loss: 0.9482, Entropy: 0.6928, Epsilon: 0.465
2026-03-29 17:04:20 | INFO | Episode  217 - Reward: 19.000, Length: 19, Loss: 0.9403, Entropy: 0.6928, Epsilon: 0.463
2026-03-29 17:04:21 | INFO | Episode  218 - Reward: 22.000, Length: 22, Loss: 0.9264, Entropy: 0.6929, Epsilon: 0.460
2026-03-29 17:04:21 | INFO | Episode  219 - Reward: 48.000, Length: 48, Loss: 0.9140, Entropy: 0.6928, Epsilon: 0.458
2026-03-29 17:04:22 | INFO | Episode  220 - Reward: 32.000, Length: 32, Loss: 0.9176, Entropy: 0.6928, Epsilon: 0.456
2026-03-29 17:04:22 | INFO | Episode  221 - Reward: 46.000, Length: 46, Loss: 0.9013, Entropy: 0.6928, Epsilon: 0.453
2026-03-29 17:04:22 | INFO | Episode  222 - Reward: 36.000, Length: 36, Loss: 0.9014, Entropy: 0.6928, Epsilon: 0.451
2026-03-29 17:04:23 | INFO | Episode  223 - Reward: 44.000, Length: 44, Loss: 0.8858, Entropy: 0.6929, Epsilon: 0.448
2026-03-29 17:04:23 | INFO | Episode  224 - Reward: 45.000, Length: 45, Loss: 0.8931, Entropy: 0.6928, Epsilon: 0.446
2026-03-29 17:04:24 | INFO | Episode  225 - Reward: 26.000, Length: 26, Loss: 0.8856, Entropy: 0.6928, Epsilon: 0.443
2026-03-29 17:04:24 | INFO | Episode  226 - Reward: 28.000, Length: 28, Loss: 0.8765, Entropy: 0.6928, Epsilon: 0.441
2026-03-29 17:04:25 | INFO | Episode  227 - Reward: 34.000, Length: 34, Loss: 0.9566, Entropy: 0.6928, Epsilon: 0.438
2026-03-29 17:04:25 | INFO | Episode  228 - Reward: 14.000, Length: 14, Loss: 0.9529, Entropy: 0.6928, Epsilon: 0.436
2026-03-29 17:04:26 | INFO | Episode  229 - Reward: 69.000, Length: 69, Loss: 0.9504, Entropy: 0.6928, Epsilon: 0.433
2026-03-29 17:04:26 | INFO | Episode  230 - Reward: 48.000, Length: 48, Loss: 0.9389, Entropy: 0.6928, Epsilon: 0.431
2026-03-29 17:04:27 | INFO | Episode  231 - Reward: 48.000, Length: 48, Loss: 0.9341, Entropy: 0.6928, Epsilon: 0.428
2026-03-29 17:04:27 | INFO | Episode  232 - Reward: 29.000, Length: 29, Loss: 0.9265, Entropy: 0.6928, Epsilon: 0.426
2026-03-29 17:04:28 | INFO | Episode  233 - Reward: 36.000, Length: 36, Loss: 0.9230, Entropy: 0.6928, Epsilon: 0.423
2026-03-29 17:04:28 | INFO | Episode  234 - Reward: 54.000, Length: 54, Loss: 0.9128, Entropy: 0.6928, Epsilon: 0.421
2026-03-29 17:04:29 | INFO | Episode  235 - Reward: 31.000, Length: 31, Loss: 0.9128, Entropy: 0.6928, Epsilon: 0.418
2026-03-29 17:04:29 | INFO | Episode  236 - Reward: 22.000, Length: 22, Loss: 0.8997, Entropy: 0.6928, Epsilon: 0.416
2026-03-29 17:04:30 | INFO | Episode  237 - Reward: 48.000, Length: 48, Loss: 0.8909, Entropy: 0.6928, Epsilon: 0.413
2026-03-29 17:04:30 | INFO | Episode  238 - Reward: 63.000, Length: 63, Loss: 0.8856, Entropy: 0.6928, Epsilon: 0.411
2026-03-29 17:04:30 | INFO | Episode  239 - Reward: 44.000, Length: 44, Loss: 0.9584, Entropy: 0.6928, Epsilon: 0.408
2026-03-29 17:04:31 | INFO | Episode  240 - Reward: 40.000, Length: 40, Loss: 0.9436, Entropy: 0.6928, Epsilon: 0.406
2026-03-29 17:04:31 | INFO | Episode  241 - Reward: 24.000, Length: 24, Loss: 0.9491, Entropy: 0.6928, Epsilon: 0.404
2026-03-29 17:04:32 | INFO | Episode  242 - Reward: 25.000, Length: 25, Loss: 0.9186, Entropy: 0.6928, Epsilon: 0.401
2026-03-29 17:04:32 | INFO | Episode  243 - Reward: 44.000, Length: 44, Loss: 0.9253, Entropy: 0.6928, Epsilon: 0.399
2026-03-29 17:04:33 | INFO | Episode  244 - Reward: 55.000, Length: 55, Loss: 0.9224, Entropy: 0.6928, Epsilon: 0.396
2026-03-29 17:04:33 | INFO | Episode  245 - Reward: 45.000, Length: 45, Loss: 0.9146, Entropy: 0.6928, Epsilon: 0.394
2026-03-29 17:04:33 | INFO | Episode  246 - Reward: 32.000, Length: 32, Loss: 0.9130, Entropy: 0.6928, Epsilon: 0.391
2026-03-29 17:04:34 | INFO | Episode  247 - Reward: 22.000, Length: 22, Loss: 0.8934, Entropy: 0.6928, Epsilon: 0.389
2026-03-29 17:04:34 | INFO | Episode  248 - Reward: 66.000, Length: 66, Loss: 0.8892, Entropy: 0.6928, Epsilon: 0.386
2026-03-29 17:04:35 | INFO | Episode  249 - Reward: 15.000, Length: 15, Loss: 0.8929, Entropy: 0.6928, Epsilon: 0.384
2026-03-29 17:04:35 | INFO | Episode  250 - Reward: 48.000, Length: 48, Loss: 0.8693, Entropy: 0.6928, Epsilon: 0.381
2026-03-29 17:04:37 | INFO | [Episode  250] eps=0.381  avg_reward=  44.280  avg_length= 44.28  avg_loss=  0.9225  avg_entropy=0.6928  eval_success=0.000
2026-03-29 17:04:38 | INFO | Episode  251 - Reward: 28.000, Length: 28, Loss: 0.8714, Entropy: 0.6928, Epsilon: 0.379
2026-03-29 17:04:38 | INFO | Episode  252 - Reward: 47.000, Length: 47, Loss: 0.9598, Entropy: 0.6928, Epsilon: 0.376
2026-03-29 17:04:39 | INFO | Episode  253 - Reward: 33.000, Length: 33, Loss: 0.9489, Entropy: 0.6928, Epsilon: 0.374
2026-03-29 17:04:39 | INFO | Episode  254 - Reward: 84.000, Length: 84, Loss: 0.9448, Entropy: 0.6928, Epsilon: 0.371
2026-03-29 17:04:39 | INFO | Episode  255 - Reward: 59.000, Length: 59, Loss: 0.9312, Entropy: 0.6928, Epsilon: 0.369
2026-03-29 17:04:40 | INFO | Episode  256 - Reward: 30.000, Length: 30, Loss: 0.9274, Entropy: 0.6928, Epsilon: 0.366
2026-03-29 17:04:40 | INFO | Episode  257 - Reward: 37.000, Length: 37, Loss: 0.9235, Entropy: 0.6928, Epsilon: 0.364
2026-03-29 17:04:41 | INFO | Episode  258 - Reward: 23.000, Length: 23, Loss: 0.9061, Entropy: 0.6928, Epsilon: 0.361
2026-03-29 17:04:41 | INFO | Episode  259 - Reward: 61.000, Length: 61, Loss: 0.9061, Entropy: 0.6928, Epsilon: 0.359
2026-03-29 17:04:42 | INFO | Episode  260 - Reward: 55.000, Length: 55, Loss: 0.9054, Entropy: 0.6928, Epsilon: 0.357
2026-03-29 17:04:42 | INFO | Episode  261 - Reward: 33.000, Length: 33, Loss: 0.8923, Entropy: 0.6928, Epsilon: 0.354
2026-03-29 17:04:42 | INFO | Episode  262 - Reward: 49.000, Length: 49, Loss: 0.8886, Entropy: 0.6928, Epsilon: 0.352
2026-03-29 17:04:43 | INFO | Episode  263 - Reward: 41.000, Length: 41, Loss: 0.9575, Entropy: 0.6928, Epsilon: 0.349
2026-03-29 17:04:43 | INFO | Episode  264 - Reward: 39.000, Length: 39, Loss: 0.9410, Entropy: 0.6928, Epsilon: 0.347
2026-03-29 17:04:44 | INFO | Episode  265 - Reward: 34.000, Length: 34, Loss: 0.9451, Entropy: 0.6928, Epsilon: 0.344
2026-03-29 17:04:44 | INFO | Episode  266 - Reward: 36.000, Length: 36, Loss: 0.9302, Entropy: 0.6928, Epsilon: 0.342
2026-03-29 17:04:45 | INFO | Episode  267 - Reward: 28.000, Length: 28, Loss: 0.9190, Entropy: 0.6928, Epsilon: 0.339
2026-03-29 17:04:45 | INFO | Episode  268 - Reward: 38.000, Length: 38, Loss: 0.9207, Entropy: 0.6928, Epsilon: 0.337
2026-03-29 17:04:46 | INFO | Episode  269 - Reward: 39.000, Length: 39, Loss: 0.9201, Entropy: 0.6928, Epsilon: 0.334
2026-03-29 17:04:46 | INFO | Episode  270 - Reward: 31.000, Length: 31, Loss: 0.8981, Entropy: 0.6928, Epsilon: 0.332
2026-03-29 17:04:47 | INFO | Episode  271 - Reward: 31.000, Length: 31, Loss: 0.8855, Entropy: 0.6928, Epsilon: 0.329
2026-03-29 17:04:47 | INFO | Episode  272 - Reward: 35.000, Length: 35, Loss: 0.8839, Entropy: 0.6928, Epsilon: 0.327
2026-03-29 17:04:48 | INFO | Episode  273 - Reward: 48.000, Length: 48, Loss: 0.8844, Entropy: 0.6928, Epsilon: 0.324
2026-03-29 17:04:48 | INFO | Episode  274 - Reward: 29.000, Length: 29, Loss: 0.8758, Entropy: 0.6928, Epsilon: 0.322
2026-03-29 17:04:49 | INFO | Episode  275 - Reward: 43.000, Length: 43, Loss: 0.8636, Entropy: 0.6928, Epsilon: 0.319
2026-03-29 17:04:49 | INFO | Episode  276 - Reward: 33.000, Length: 33, Loss: 0.8644, Entropy: 0.6928, Epsilon: 0.317
2026-03-29 17:04:49 | INFO | Episode  277 - Reward: 48.000, Length: 48, Loss: 0.9520, Entropy: 0.6928, Epsilon: 0.314
2026-03-29 17:04:50 | INFO | Episode  278 - Reward: 50.000, Length: 50, Loss: 0.9466, Entropy: 0.6928, Epsilon: 0.312
2026-03-29 17:04:50 | INFO | Episode  279 - Reward: 39.000, Length: 39, Loss: 0.9366, Entropy: 0.6928, Epsilon: 0.309
2026-03-29 17:04:51 | INFO | Episode  280 - Reward: 26.000, Length: 26, Loss: 0.9279, Entropy: 0.6928, Epsilon: 0.307
2026-03-29 17:04:51 | INFO | Episode  281 - Reward: 34.000, Length: 34, Loss: 0.9239, Entropy: 0.6928, Epsilon: 0.305
2026-03-29 17:04:52 | INFO | Episode  282 - Reward: 41.000, Length: 41, Loss: 0.9145, Entropy: 0.6928, Epsilon: 0.302
2026-03-29 17:04:52 | INFO | Episode  283 - Reward: 48.000, Length: 48, Loss: 0.9124, Entropy: 0.6928, Epsilon: 0.300
2026-03-29 17:04:53 | INFO | Episode  284 - Reward: 20.000, Length: 20, Loss: 0.9007, Entropy: 0.6928, Epsilon: 0.297
2026-03-29 17:04:53 | INFO | Episode  285 - Reward: 12.000, Length: 12, Loss: 0.8852, Entropy: 0.6928, Epsilon: 0.295
2026-03-29 17:04:54 | INFO | Episode  286 - Reward: 32.000, Length: 32, Loss: 0.8816, Entropy: 0.6928, Epsilon: 0.292
2026-03-29 17:04:54 | INFO | Episode  287 - Reward: 27.000, Length: 27, Loss: 0.8766, Entropy: 0.6928, Epsilon: 0.290
2026-03-29 17:04:55 | INFO | Episode  288 - Reward: 40.000, Length: 40, Loss: 0.8659, Entropy: 0.6928, Epsilon: 0.287
2026-03-29 17:04:55 | INFO | Episode  289 - Reward: 32.000, Length: 32, Loss: 0.8524, Entropy: 0.6927, Epsilon: 0.285
2026-03-29 17:04:55 | INFO | Episode  290 - Reward: 38.000, Length: 38, Loss: 0.8540, Entropy: 0.6928, Epsilon: 0.282
2026-03-29 17:04:56 | INFO | Episode  291 - Reward: 44.000, Length: 44, Loss: 0.9484, Entropy: 0.6928, Epsilon: 0.280
2026-03-29 17:04:56 | INFO | Episode  292 - Reward: 33.000, Length: 33, Loss: 0.9499, Entropy: 0.6928, Epsilon: 0.277
2026-03-29 17:04:57 | INFO | Episode  293 - Reward: 47.000, Length: 47, Loss: 0.9364, Entropy: 0.6928, Epsilon: 0.275
2026-03-29 17:04:57 | INFO | Episode  294 - Reward: 41.000, Length: 41, Loss: 0.9192, Entropy: 0.6928, Epsilon: 0.272
2026-03-29 17:04:58 | INFO | Episode  295 - Reward: 45.000, Length: 45, Loss: 0.9113, Entropy: 0.6928, Epsilon: 0.270
2026-03-29 17:04:59 | INFO | Episode  296 - Reward: 37.000, Length: 37, Loss: 0.8999, Entropy: 0.6928, Epsilon: 0.267
2026-03-29 17:04:59 | INFO | Episode  297 - Reward: 37.000, Length: 37, Loss: 0.9100, Entropy: 0.6928, Epsilon: 0.265
2026-03-29 17:04:59 | INFO | Episode  298 - Reward: 34.000, Length: 34, Loss: 0.8937, Entropy: 0.6928, Epsilon: 0.262
2026-03-29 17:05:00 | INFO | Episode  299 - Reward: 69.000, Length: 69, Loss: 0.8839, Entropy: 0.6928, Epsilon: 0.260
2026-03-29 17:05:00 | INFO | Episode  300 - Reward: 38.000, Length: 38, Loss: 0.8715, Entropy: 0.6928, Epsilon: 0.258
2026-03-29 17:05:02 | INFO | [Episode  300] eps=0.258  avg_reward=  39.120  avg_length= 39.12  avg_loss=  0.9090  avg_entropy=0.6928  eval_success=0.000
2026-03-29 17:05:03 | INFO | Episode  301 - Reward: 50.000, Length: 50, Loss: 0.8722, Entropy: 0.6928, Epsilon: 0.255
2026-03-29 17:05:03 | INFO | Episode  302 - Reward: 49.000, Length: 49, Loss: 0.8697, Entropy: 0.6928, Epsilon: 0.253
2026-03-29 17:05:03 | INFO | Episode  303 - Reward: 55.000, Length: 55, Loss: 0.9463, Entropy: 0.6928, Epsilon: 0.250
2026-03-29 17:05:04 | INFO | Episode  304 - Reward: 36.000, Length: 36, Loss: 0.9550, Entropy: 0.6927, Epsilon: 0.248
2026-03-29 17:05:04 | INFO | Episode  305 - Reward: 27.000, Length: 27, Loss: 0.9168, Entropy: 0.6927, Epsilon: 0.245
2026-03-29 17:05:05 | INFO | Episode  306 - Reward: 26.000, Length: 26, Loss: 0.9202, Entropy: 0.6928, Epsilon: 0.243
2026-03-29 17:05:05 | INFO | Episode  307 - Reward: 34.000, Length: 34, Loss: 0.9181, Entropy: 0.6928, Epsilon: 0.240
2026-03-29 17:05:05 | INFO | Episode  308 - Reward: 39.000, Length: 39, Loss: 0.8951, Entropy: 0.6927, Epsilon: 0.238
2026-03-29 17:05:06 | INFO | Episode  309 - Reward: 28.000, Length: 28, Loss: 0.8888, Entropy: 0.6928, Epsilon: 0.235
2026-03-29 17:05:06 | INFO | Episode  310 - Reward: 32.000, Length: 32, Loss: 0.8812, Entropy: 0.6927, Epsilon: 0.233
2026-03-29 17:05:07 | INFO | Episode  311 - Reward: 40.000, Length: 40, Loss: 0.8826, Entropy: 0.6928, Epsilon: 0.230
2026-03-29 17:05:07 | INFO | Episode  312 - Reward: 34.000, Length: 34, Loss: 0.8616, Entropy: 0.6927, Epsilon: 0.228
2026-03-29 17:05:08 | INFO | Episode  313 - Reward: 34.000, Length: 34, Loss: 0.8595, Entropy: 0.6928, Epsilon: 0.225
2026-03-29 17:05:08 | INFO | Episode  314 - Reward: 35.000, Length: 35, Loss: 0.8542, Entropy: 0.6928, Epsilon: 0.223
2026-03-29 17:05:08 | INFO | Episode  315 - Reward: 52.000, Length: 52, Loss: 0.8523, Entropy: 0.6928, Epsilon: 0.220
2026-03-29 17:05:09 | INFO | Episode  316 - Reward: 48.000, Length: 48, Loss: 0.9406, Entropy: 0.6928, Epsilon: 0.218
2026-03-29 17:05:09 | INFO | Episode  317 - Reward: 31.000, Length: 31, Loss: 0.9397, Entropy: 0.6927, Epsilon: 0.215
2026-03-29 17:05:10 | INFO | Episode  318 - Reward: 40.000, Length: 40, Loss: 0.9259, Entropy: 0.6928, Epsilon: 0.213
2026-03-29 17:05:10 | INFO | Episode  319 - Reward: 42.000, Length: 42, Loss: 0.9205, Entropy: 0.6928, Epsilon: 0.210
2026-03-29 17:05:11 | INFO | Episode  320 - Reward: 53.000, Length: 53, Loss: 0.9134, Entropy: 0.6928, Epsilon: 0.208
2026-03-29 17:05:11 | INFO | Episode  321 - Reward: 36.000, Length: 36, Loss: 0.9094, Entropy: 0.6927, Epsilon: 0.206
2026-03-29 17:05:12 | INFO | Episode  322 - Reward: 37.000, Length: 37, Loss: 0.9019, Entropy: 0.6927, Epsilon: 0.203
2026-03-29 17:05:12 | INFO | Episode  323 - Reward: 29.000, Length: 29, Loss: 0.8871, Entropy: 0.6928, Epsilon: 0.201
2026-03-29 17:05:12 | INFO | Episode  324 - Reward: 39.000, Length: 39, Loss: 0.8705, Entropy: 0.6928, Epsilon: 0.198
2026-03-29 17:05:13 | INFO | Episode  325 - Reward: 32.000, Length: 32, Loss: 0.8671, Entropy: 0.6928, Epsilon: 0.196
2026-03-29 17:05:13 | INFO | Episode  326 - Reward: 38.000, Length: 38, Loss: 0.8601, Entropy: 0.6928, Epsilon: 0.193
2026-03-29 17:05:14 | INFO | Episode  327 - Reward: 45.000, Length: 45, Loss: 0.8475, Entropy: 0.6928, Epsilon: 0.191
2026-03-29 17:05:14 | INFO | Episode  328 - Reward: 64.000, Length: 64, Loss: 0.8410, Entropy: 0.6927, Epsilon: 0.188
2026-03-29 17:05:15 | INFO | Episode  329 - Reward: 36.000, Length: 36, Loss: 0.9508, Entropy: 0.6927, Epsilon: 0.186
2026-03-29 17:05:15 | INFO | Episode  330 - Reward: 38.000, Length: 38, Loss: 0.9370, Entropy: 0.6927, Epsilon: 0.183
2026-03-29 17:05:16 | INFO | Episode  331 - Reward: 38.000, Length: 38, Loss: 0.9252, Entropy: 0.6927, Epsilon: 0.181
2026-03-29 17:05:16 | INFO | Episode  332 - Reward: 30.000, Length: 30, Loss: 0.9333, Entropy: 0.6927, Epsilon: 0.178
2026-03-29 17:05:17 | INFO | Episode  333 - Reward: 35.000, Length: 35, Loss: 0.9056, Entropy: 0.6927, Epsilon: 0.176
2026-03-29 17:05:17 | INFO | Episode  334 - Reward: 36.000, Length: 36, Loss: 0.9076, Entropy: 0.6927, Epsilon: 0.173
2026-03-29 17:05:18 | INFO | Episode  335 - Reward: 51.000, Length: 51, Loss: 0.8902, Entropy: 0.6927, Epsilon: 0.171
2026-03-29 17:05:18 | INFO | Episode  336 - Reward: 31.000, Length: 31, Loss: 0.8752, Entropy: 0.6927, Epsilon: 0.168
2026-03-29 17:05:18 | INFO | Episode  337 - Reward: 34.000, Length: 34, Loss: 0.8677, Entropy: 0.6928, Epsilon: 0.166
2026-03-29 17:05:19 | INFO | Episode  338 - Reward: 38.000, Length: 38, Loss: 0.8692, Entropy: 0.6927, Epsilon: 0.163
2026-03-29 17:05:19 | INFO | Episode  339 - Reward: 32.000, Length: 32, Loss: 0.8594, Entropy: 0.6927, Epsilon: 0.161
2026-03-29 17:05:20 | INFO | Episode  340 - Reward: 34.000, Length: 34, Loss: 0.8446, Entropy: 0.6927, Epsilon: 0.158
2026-03-29 17:05:20 | INFO | Episode  341 - Reward: 28.000, Length: 28, Loss: 0.8399, Entropy: 0.6927, Epsilon: 0.156
2026-03-29 17:05:21 | INFO | Episode  342 - Reward: 36.000, Length: 36, Loss: 0.8233, Entropy: 0.6927, Epsilon: 0.154
2026-03-29 17:05:21 | INFO | Episode  343 - Reward: 41.000, Length: 41, Loss: 0.9400, Entropy: 0.6927, Epsilon: 0.151
2026-03-29 17:05:22 | INFO | Episode  344 - Reward: 36.000, Length: 36, Loss: 0.9400, Entropy: 0.6927, Epsilon: 0.149
2026-03-29 17:05:22 | INFO | Episode  345 - Reward: 35.000, Length: 35, Loss: 0.9397, Entropy: 0.6927, Epsilon: 0.146
2026-03-29 17:05:23 | INFO | Episode  346 - Reward: 35.000, Length: 35, Loss: 0.9172, Entropy: 0.6927, Epsilon: 0.144
2026-03-29 17:05:23 | INFO | Episode  347 - Reward: 25.000, Length: 25, Loss: 0.9094, Entropy: 0.6927, Epsilon: 0.141
2026-03-29 17:05:23 | INFO | Episode  348 - Reward: 25.000, Length: 25, Loss: 0.8954, Entropy: 0.6927, Epsilon: 0.139
2026-03-29 17:05:24 | INFO | Episode  349 - Reward: 30.000, Length: 30, Loss: 0.8914, Entropy: 0.6927, Epsilon: 0.136
2026-03-29 17:05:24 | INFO | Episode  350 - Reward: 33.000, Length: 33, Loss: 0.8845, Entropy: 0.6927, Epsilon: 0.134
2026-03-29 17:05:26 | INFO | [Episode  350] eps=0.134  avg_reward=  37.240  avg_length= 37.24  avg_loss=  0.8949  avg_entropy=0.6927  eval_success=0.000
2026-03-29 17:05:27 | INFO | Episode  351 - Reward: 30.000, Length: 30, Loss: 0.8728, Entropy: 0.6927, Epsilon: 0.131
2026-03-29 17:05:27 | INFO | Episode  352 - Reward: 25.000, Length: 25, Loss: 0.8653, Entropy: 0.6927, Epsilon: 0.129
2026-03-29 17:05:28 | INFO | Episode  353 - Reward: 30.000, Length: 30, Loss: 0.8569, Entropy: 0.6927, Epsilon: 0.126
2026-03-29 17:05:28 | INFO | Episode  354 - Reward: 35.000, Length: 35, Loss: 0.8473, Entropy: 0.6927, Epsilon: 0.124
2026-03-29 17:05:29 | INFO | Episode  355 - Reward: 36.000, Length: 36, Loss: 0.8355, Entropy: 0.6927, Epsilon: 0.121
2026-03-29 17:05:29 | INFO | Episode  356 - Reward: 28.000, Length: 28, Loss: 0.8270, Entropy: 0.6927, Epsilon: 0.119
2026-03-29 17:05:29 | INFO | Episode  357 - Reward: 32.000, Length: 32, Loss: 0.8071, Entropy: 0.6927, Epsilon: 0.116
2026-03-29 17:05:30 | INFO | Episode  358 - Reward: 32.000, Length: 32, Loss: 0.9514, Entropy: 0.6927, Epsilon: 0.114
2026-03-29 17:05:31 | INFO | Episode  359 - Reward: 39.000, Length: 39, Loss: 0.9475, Entropy: 0.6927, Epsilon: 0.111
2026-03-29 17:05:31 | INFO | Episode  360 - Reward: 32.000, Length: 32, Loss: 0.9306, Entropy: 0.6927, Epsilon: 0.109
2026-03-29 17:05:32 | INFO | Episode  361 - Reward: 41.000, Length: 41, Loss: 0.9176, Entropy: 0.6927, Epsilon: 0.107
2026-03-29 17:05:32 | INFO | Episode  362 - Reward: 28.000, Length: 28, Loss: 0.9024, Entropy: 0.6927, Epsilon: 0.104
2026-03-29 17:05:33 | INFO | Episode  363 - Reward: 33.000, Length: 33, Loss: 0.9002, Entropy: 0.6927, Epsilon: 0.102
2026-03-29 17:05:34 | INFO | Episode  364 - Reward: 41.000, Length: 41, Loss: 0.8848, Entropy: 0.6927, Epsilon: 0.099
2026-03-29 17:05:35 | INFO | Episode  365 - Reward: 31.000, Length: 31, Loss: 0.8695, Entropy: 0.6927, Epsilon: 0.097
2026-03-29 17:05:35 | INFO | Episode  366 - Reward: 34.000, Length: 34, Loss: 0.8611, Entropy: 0.6927, Epsilon: 0.094
2026-03-29 17:05:36 | INFO | Episode  367 - Reward: 34.000, Length: 34, Loss: 0.8387, Entropy: 0.6927, Epsilon: 0.092
2026-03-29 17:05:37 | INFO | Episode  368 - Reward: 26.000, Length: 26, Loss: 0.8508, Entropy: 0.6927, Epsilon: 0.089
2026-03-29 17:05:37 | INFO | Episode  369 - Reward: 34.000, Length: 34, Loss: 0.8283, Entropy: 0.6927, Epsilon: 0.087
2026-03-29 17:05:38 | INFO | Episode  370 - Reward: 31.000, Length: 31, Loss: 0.8253, Entropy: 0.6926, Epsilon: 0.084
2026-03-29 17:05:39 | INFO | Episode  371 - Reward: 37.000, Length: 37, Loss: 0.8152, Entropy: 0.6927, Epsilon: 0.082
2026-03-29 17:05:39 | INFO | Episode  372 - Reward: 31.000, Length: 31, Loss: 0.7959, Entropy: 0.6927, Epsilon: 0.079
2026-03-29 17:05:40 | INFO | Episode  373 - Reward: 43.000, Length: 43, Loss: 0.9438, Entropy: 0.6927, Epsilon: 0.077
2026-03-29 17:05:41 | INFO | Episode  374 - Reward: 35.000, Length: 35, Loss: 0.9433, Entropy: 0.6926, Epsilon: 0.074
2026-03-29 17:05:41 | INFO | Episode  375 - Reward: 29.000, Length: 29, Loss: 0.9227, Entropy: 0.6927, Epsilon: 0.072
2026-03-29 17:05:42 | INFO | Episode  376 - Reward: 25.000, Length: 25, Loss: 0.9131, Entropy: 0.6927, Epsilon: 0.069
2026-03-29 17:05:43 | INFO | Episode  377 - Reward: 35.000, Length: 35, Loss: 0.9009, Entropy: 0.6927, Epsilon: 0.067
2026-03-29 17:05:43 | INFO | Episode  378 - Reward: 35.000, Length: 35, Loss: 0.8843, Entropy: 0.6927, Epsilon: 0.064
2026-03-29 17:05:44 | INFO | Episode  379 - Reward: 25.000, Length: 25, Loss: 0.8879, Entropy: 0.6927, Epsilon: 0.062
2026-03-29 17:05:45 | INFO | Episode  380 - Reward: 30.000, Length: 30, Loss: 0.8538, Entropy: 0.6926, Epsilon: 0.059
2026-03-29 17:05:45 | INFO | Episode  381 - Reward: 36.000, Length: 36, Loss: 0.8572, Entropy: 0.6926, Epsilon: 0.057
2026-03-29 17:05:46 | INFO | Episode  382 - Reward: 26.000, Length: 26, Loss: 0.8450, Entropy: 0.6926, Epsilon: 0.055
2026-03-29 17:05:46 | INFO | Episode  383 - Reward: 25.000, Length: 25, Loss: 0.8285, Entropy: 0.6927, Epsilon: 0.052
2026-03-29 17:05:47 | INFO | Episode  384 - Reward: 30.000, Length: 30, Loss: 0.8189, Entropy: 0.6927, Epsilon: 0.050
2026-03-29 17:05:48 | INFO | Episode  385 - Reward: 24.000, Length: 24, Loss: 0.8123, Entropy: 0.6927, Epsilon: 0.047
2026-03-29 17:05:48 | INFO | Episode  386 - Reward: 30.000, Length: 30, Loss: 0.7938, Entropy: 0.6926, Epsilon: 0.045
2026-03-29 17:05:49 | INFO | Episode  387 - Reward: 35.000, Length: 35, Loss: 0.7895, Entropy: 0.6926, Epsilon: 0.042
2026-03-29 17:05:50 | INFO | Episode  388 - Reward: 27.000, Length: 27, Loss: 0.7807, Entropy: 0.6927, Epsilon: 0.040
2026-03-29 17:05:50 | INFO | Episode  389 - Reward: 27.000, Length: 27, Loss: 0.9478, Entropy: 0.6927, Epsilon: 0.037
2026-03-29 17:05:51 | INFO | Episode  390 - Reward: 29.000, Length: 29, Loss: 0.9320, Entropy: 0.6927, Epsilon: 0.035
2026-03-29 17:05:52 | INFO | Episode  391 - Reward: 31.000, Length: 31, Loss: 0.9150, Entropy: 0.6926, Epsilon: 0.032
2026-03-29 17:05:52 | INFO | Episode  392 - Reward: 27.000, Length: 27, Loss: 0.9166, Entropy: 0.6926, Epsilon: 0.030
2026-03-29 17:05:53 | INFO | Episode  393 - Reward: 23.000, Length: 23, Loss: 0.8952, Entropy: 0.6926, Epsilon: 0.027
2026-03-29 17:05:54 | INFO | Episode  394 - Reward: 24.000, Length: 24, Loss: 0.8911, Entropy: 0.6926, Epsilon: 0.025
2026-03-29 17:05:54 | INFO | Episode  395 - Reward: 31.000, Length: 31, Loss: 0.8716, Entropy: 0.6926, Epsilon: 0.022
2026-03-29 17:05:55 | INFO | Episode  396 - Reward: 24.000, Length: 24, Loss: 0.8545, Entropy: 0.6926, Epsilon: 0.020
2026-03-29 17:05:56 | INFO | Episode  397 - Reward: 28.000, Length: 28, Loss: 0.8417, Entropy: 0.6926, Epsilon: 0.017
2026-03-29 17:05:56 | INFO | Episode  398 - Reward: 30.000, Length: 30, Loss: 0.8423, Entropy: 0.6926, Epsilon: 0.015
2026-03-29 17:05:57 | INFO | Episode  399 - Reward: 30.000, Length: 30, Loss: 0.8305, Entropy: 0.6926, Epsilon: 0.012
2026-03-29 17:05:58 | INFO | Episode  400 - Reward: 26.000, Length: 26, Loss: 0.8099, Entropy: 0.6926, Epsilon: 0.010
2026-03-29 17:06:00 | INFO | [Episode  400] eps=0.010  avg_reward=  30.800  avg_length= 30.80  avg_loss=  0.8671  avg_entropy=0.6926  eval_success=0.000
2026-03-29 17:06:00 | INFO | Episode  401 - Reward: 24.000, Length: 24, Loss: 0.8028, Entropy: 0.6926, Epsilon: 0.010
2026-03-29 17:06:01 | INFO | Episode  402 - Reward: 25.000, Length: 25, Loss: 0.7896, Entropy: 0.6926, Epsilon: 0.010
2026-03-29 17:06:02 | INFO | Episode  403 - Reward: 29.000, Length: 29, Loss: 0.7846, Entropy: 0.6926, Epsilon: 0.010
2026-03-29 17:06:02 | INFO | Episode  404 - Reward: 23.000, Length: 23, Loss: 0.7786, Entropy: 0.6926, Epsilon: 0.010
2026-03-29 17:06:03 | INFO | Episode  405 - Reward: 36.000, Length: 36, Loss: 0.7539, Entropy: 0.6926, Epsilon: 0.010
2026-03-29 17:06:04 | INFO | Episode  406 - Reward: 32.000, Length: 32, Loss: 0.7478, Entropy: 0.6927, Epsilon: 0.010
2026-03-29 17:06:05 | INFO | Episode  407 - Reward: 31.000, Length: 31, Loss: 0.9534, Entropy: 0.6926, Epsilon: 0.010
2026-03-29 17:06:05 | INFO | Episode  408 - Reward: 31.000, Length: 31, Loss: 0.9397, Entropy: 0.6926, Epsilon: 0.010
2026-03-29 17:06:06 | INFO | Episode  409 - Reward: 32.000, Length: 32, Loss: 0.9263, Entropy: 0.6926, Epsilon: 0.010
2026-03-29 17:06:06 | INFO | Episode  410 - Reward: 35.000, Length: 35, Loss: 0.9110, Entropy: 0.6926, Epsilon: 0.010
2026-03-29 17:06:07 | INFO | Episode  411 - Reward: 23.000, Length: 23, Loss: 0.8874, Entropy: 0.6926, Epsilon: 0.010
2026-03-29 17:06:08 | INFO | Episode  412 - Reward: 24.000, Length: 24, Loss: 0.8870, Entropy: 0.6926, Epsilon: 0.010
2026-03-29 17:06:08 | INFO | Episode  413 - Reward: 21.000, Length: 21, Loss: 0.8691, Entropy: 0.6926, Epsilon: 0.010
2026-03-29 17:06:09 | INFO | Episode  414 - Reward: 30.000, Length: 30, Loss: 0.8557, Entropy: 0.6926, Epsilon: 0.010
2026-03-29 17:06:10 | INFO | Episode  415 - Reward: 30.000, Length: 30, Loss: 0.8480, Entropy: 0.6926, Epsilon: 0.010
2026-03-29 17:06:10 | INFO | Episode  416 - Reward: 22.000, Length: 22, Loss: 0.8344, Entropy: 0.6926, Epsilon: 0.010
2026-03-29 17:06:11 | INFO | Episode  417 - Reward: 25.000, Length: 25, Loss: 0.8199, Entropy: 0.6926, Epsilon: 0.010
2026-03-29 17:06:11 | INFO | Episode  418 - Reward: 33.000, Length: 33, Loss: 0.8120, Entropy: 0.6926, Epsilon: 0.010
2026-03-29 17:06:12 | INFO | Episode  419 - Reward: 25.000, Length: 25, Loss: 0.7797, Entropy: 0.6925, Epsilon: 0.010
2026-03-29 17:06:13 | INFO | Episode  420 - Reward: 25.000, Length: 25, Loss: 0.7868, Entropy: 0.6925, Epsilon: 0.010
2026-03-29 17:06:13 | INFO | Episode  421 - Reward: 26.000, Length: 26, Loss: 0.7630, Entropy: 0.6926, Epsilon: 0.010
2026-03-29 17:06:14 | INFO | Episode  422 - Reward: 25.000, Length: 25, Loss: 0.7581, Entropy: 0.6926, Epsilon: 0.010
2026-03-29 17:06:15 | INFO | Episode  423 - Reward: 31.000, Length: 31, Loss: 0.7493, Entropy: 0.6925, Epsilon: 0.010
2026-03-29 17:06:15 | INFO | Episode  424 - Reward: 24.000, Length: 24, Loss: 0.7325, Entropy: 0.6926, Epsilon: 0.010
2026-03-29 17:06:16 | INFO | Episode  425 - Reward: 25.000, Length: 25, Loss: 0.7158, Entropy: 0.6926, Epsilon: 0.010
2026-03-29 17:06:17 | INFO | Episode  426 - Reward: 23.000, Length: 23, Loss: 0.9558, Entropy: 0.6926, Epsilon: 0.010
2026-03-29 17:06:17 | INFO | Episode  427 - Reward: 31.000, Length: 31, Loss: 0.9433, Entropy: 0.6925, Epsilon: 0.010
2026-03-29 17:06:18 | INFO | Episode  428 - Reward: 26.000, Length: 26, Loss: 0.9312, Entropy: 0.6925, Epsilon: 0.010
2026-03-29 17:06:19 | INFO | Episode  429 - Reward: 24.000, Length: 24, Loss: 0.9084, Entropy: 0.6925, Epsilon: 0.010
2026-03-29 17:06:19 | INFO | Episode  430 - Reward: 29.000, Length: 29, Loss: 0.8982, Entropy: 0.6925, Epsilon: 0.010
2026-03-29 17:06:20 | INFO | Episode  431 - Reward: 25.000, Length: 25, Loss: 0.8778, Entropy: 0.6925, Epsilon: 0.010
2026-03-29 17:06:21 | INFO | Episode  432 - Reward: 21.000, Length: 21, Loss: 0.8667, Entropy: 0.6926, Epsilon: 0.010
2026-03-29 17:06:21 | INFO | Episode  433 - Reward: 25.000, Length: 25, Loss: 0.8484, Entropy: 0.6926, Epsilon: 0.010
2026-03-29 17:06:22 | INFO | Episode  434 - Reward: 27.000, Length: 27, Loss: 0.8273, Entropy: 0.6926, Epsilon: 0.010
2026-03-29 17:06:23 | INFO | Episode  435 - Reward: 26.000, Length: 26, Loss: 0.8208, Entropy: 0.6925, Epsilon: 0.010
2026-03-29 17:06:23 | INFO | Episode  436 - Reward: 21.000, Length: 21, Loss: 0.8155, Entropy: 0.6925, Epsilon: 0.010
2026-03-29 17:06:24 | INFO | Episode  437 - Reward: 24.000, Length: 24, Loss: 0.7912, Entropy: 0.6925, Epsilon: 0.010
2026-03-29 17:06:25 | INFO | Episode  438 - Reward: 29.000, Length: 29, Loss: 0.7796, Entropy: 0.6925, Epsilon: 0.010
2026-03-29 17:06:25 | INFO | Episode  439 - Reward: 20.000, Length: 20, Loss: 0.7731, Entropy: 0.6925, Epsilon: 0.010
2026-03-29 17:06:26 | INFO | Episode  440 - Reward: 25.000, Length: 25, Loss: 0.7516, Entropy: 0.6925, Epsilon: 0.010
2026-03-29 17:06:26 | INFO | Episode  441 - Reward: 23.000, Length: 23, Loss: 0.7374, Entropy: 0.6925, Epsilon: 0.010
2026-03-29 17:06:27 | INFO | Episode  442 - Reward: 22.000, Length: 22, Loss: 0.7313, Entropy: 0.6925, Epsilon: 0.010
2026-03-29 17:06:27 | INFO | Episode  443 - Reward: 20.000, Length: 20, Loss: 0.7173, Entropy: 0.6925, Epsilon: 0.010
2026-03-29 17:06:28 | INFO | Episode  444 - Reward: 27.000, Length: 27, Loss: 0.7024, Entropy: 0.6925, Epsilon: 0.010
2026-03-29 17:06:28 | INFO | Episode  445 - Reward: 21.000, Length: 21, Loss: 0.6874, Entropy: 0.6925, Epsilon: 0.010
2026-03-29 17:06:28 | INFO | Episode  446 - Reward: 20.000, Length: 20, Loss: 0.9655, Entropy: 0.6925, Epsilon: 0.010
2026-03-29 17:06:29 | INFO | Episode  447 - Reward: 19.000, Length: 19, Loss: 0.9415, Entropy: 0.6925, Epsilon: 0.010
2026-03-29 17:06:29 | INFO | Episode  448 - Reward: 19.000, Length: 19, Loss: 0.9325, Entropy: 0.6925, Epsilon: 0.010
2026-03-29 17:06:30 | INFO | Episode  449 - Reward: 25.000, Length: 25, Loss: 0.9129, Entropy: 0.6924, Epsilon: 0.010
2026-03-29 17:06:30 | INFO | Episode  450 - Reward: 19.000, Length: 19, Loss: 0.8914, Entropy: 0.6924, Epsilon: 0.010
2026-03-29 17:06:31 | INFO | [Episode  450] eps=0.010  avg_reward=  25.560  avg_length= 25.56  avg_loss=  0.8299  avg_entropy=0.6924  eval_success=0.000
2026-03-29 17:06:32 | INFO | Episode  451 - Reward: 23.000, Length: 23, Loss: 0.8788, Entropy: 0.6925, Epsilon: 0.010
2026-03-29 17:06:32 | INFO | Episode  452 - Reward: 22.000, Length: 22, Loss: 0.8621, Entropy: 0.6925, Epsilon: 0.010
2026-03-29 17:06:32 | INFO | Episode  453 - Reward: 20.000, Length: 20, Loss: 0.8397, Entropy: 0.6925, Epsilon: 0.010
2026-03-29 17:06:36 | INFO | Episode  454 - Reward: 18.000, Length: 18, Loss: 0.8215, Entropy: 0.6925, Epsilon: 0.010
2026-03-29 17:06:36 | INFO | Episode  455 - Reward: 22.000, Length: 22, Loss: 0.8186, Entropy: 0.6924, Epsilon: 0.010
2026-03-29 17:06:36 | INFO | Episode  456 - Reward: 29.000, Length: 29, Loss: 0.7936, Entropy: 0.6924, Epsilon: 0.010
2026-03-29 17:06:37 | INFO | Episode  457 - Reward: 30.000, Length: 30, Loss: 0.7811, Entropy: 0.6924, Epsilon: 0.010
2026-03-29 17:06:37 | INFO | Episode  458 - Reward: 26.000, Length: 26, Loss: 0.7743, Entropy: 0.6924, Epsilon: 0.010
2026-03-29 17:06:37 | INFO | Episode  459 - Reward: 18.000, Length: 18, Loss: 0.7548, Entropy: 0.6924, Epsilon: 0.010
2026-03-29 17:06:38 | INFO | Episode  460 - Reward: 29.000, Length: 29, Loss: 0.7447, Entropy: 0.6924, Epsilon: 0.010
2026-03-29 17:06:38 | INFO | Episode  461 - Reward: 25.000, Length: 25, Loss: 0.7269, Entropy: 0.6923, Epsilon: 0.010
2026-03-29 17:06:38 | INFO | Episode  462 - Reward: 19.000, Length: 19, Loss: 0.7022, Entropy: 0.6924, Epsilon: 0.010
2026-03-29 17:06:39 | INFO | Episode  463 - Reward: 18.000, Length: 18, Loss: 0.6876, Entropy: 0.6924, Epsilon: 0.010
2026-03-29 17:06:39 | INFO | Episode  464 - Reward: 32.000, Length: 32, Loss: 0.6808, Entropy: 0.6924, Epsilon: 0.010
2026-03-29 17:06:39 | INFO | Episode  465 - Reward: 21.000, Length: 21, Loss: 0.6709, Entropy: 0.6924, Epsilon: 0.010
2026-03-29 17:06:40 | INFO | Episode  466 - Reward: 21.000, Length: 21, Loss: 0.6575, Entropy: 0.6923, Epsilon: 0.010
2026-03-29 17:06:40 | INFO | Episode  467 - Reward: 16.000, Length: 16, Loss: 0.6564, Entropy: 0.6924, Epsilon: 0.010
2026-03-29 17:06:40 | INFO | Episode  468 - Reward: 24.000, Length: 24, Loss: 0.9711, Entropy: 0.6923, Epsilon: 0.010
2026-03-29 17:06:41 | INFO | Episode  469 - Reward: 24.000, Length: 24, Loss: 0.9566, Entropy: 0.6923, Epsilon: 0.010
2026-03-29 17:06:41 | INFO | Episode  470 - Reward: 25.000, Length: 25, Loss: 0.9301, Entropy: 0.6923, Epsilon: 0.010
2026-03-29 17:06:41 | INFO | Episode  471 - Reward: 18.000, Length: 18, Loss: 0.9193, Entropy: 0.6922, Epsilon: 0.010
2026-03-29 17:06:42 | INFO | Episode  472 - Reward: 17.000, Length: 17, Loss: 0.9022, Entropy: 0.6923, Epsilon: 0.010
2026-03-29 17:06:42 | INFO | Episode  473 - Reward: 18.000, Length: 18, Loss: 0.8778, Entropy: 0.6923, Epsilon: 0.010
2026-03-29 17:06:42 | INFO | Episode  474 - Reward: 28.000, Length: 28, Loss: 0.8678, Entropy: 0.6923, Epsilon: 0.010
2026-03-29 17:06:42 | INFO | Episode  475 - Reward: 26.000, Length: 26, Loss: 0.8388, Entropy: 0.6922, Epsilon: 0.010
2026-03-29 17:06:43 | INFO | Episode  476 - Reward: 26.000, Length: 26, Loss: 0.8297, Entropy: 0.6922, Epsilon: 0.010
2026-03-29 17:06:43 | INFO | Episode  477 - Reward: 17.000, Length: 17, Loss: 0.7986, Entropy: 0.6923, Epsilon: 0.010
2026-03-29 17:06:43 | INFO | Episode  478 - Reward: 29.000, Length: 29, Loss: 0.7895, Entropy: 0.6923, Epsilon: 0.010
2026-03-29 17:06:44 | INFO | Episode  479 - Reward: 17.000, Length: 17, Loss: 0.7778, Entropy: 0.6922, Epsilon: 0.010
2026-03-29 17:06:44 | INFO | Episode  480 - Reward: 24.000, Length: 24, Loss: 0.7529, Entropy: 0.6922, Epsilon: 0.010
2026-03-29 17:06:45 | INFO | Episode  481 - Reward: 23.000, Length: 23, Loss: 0.7422, Entropy: 0.6922, Epsilon: 0.010
2026-03-29 17:06:45 | INFO | Episode  482 - Reward: 22.000, Length: 22, Loss: 0.7177, Entropy: 0.6922, Epsilon: 0.010
2026-03-29 17:06:45 | INFO | Episode  483 - Reward: 16.000, Length: 16, Loss: 0.7140, Entropy: 0.6922, Epsilon: 0.010
2026-03-29 17:06:46 | INFO | Episode  484 - Reward: 17.000, Length: 17, Loss: 0.6995, Entropy: 0.6921, Epsilon: 0.010
2026-03-29 17:06:46 | INFO | Episode  485 - Reward: 20.000, Length: 20, Loss: 0.6730, Entropy: 0.6921, Epsilon: 0.010
2026-03-29 17:06:46 | INFO | Episode  486 - Reward: 17.000, Length: 17, Loss: 0.6593, Entropy: 0.6922, Epsilon: 0.010
2026-03-29 17:06:47 | INFO | Episode  487 - Reward: 18.000, Length: 18, Loss: 0.6513, Entropy: 0.6921, Epsilon: 0.010
2026-03-29 17:06:47 | INFO | Episode  488 - Reward: 17.000, Length: 17, Loss: 0.6296, Entropy: 0.6921, Epsilon: 0.010
2026-03-29 17:06:47 | INFO | Episode  489 - Reward: 17.000, Length: 17, Loss: 0.6208, Entropy: 0.6921, Epsilon: 0.010
2026-03-29 17:06:48 | INFO | Episode  490 - Reward: 17.000, Length: 17, Loss: 0.6077, Entropy: 0.6921, Epsilon: 0.010
2026-03-29 17:06:48 | INFO | Episode  491 - Reward: 20.000, Length: 20, Loss: 0.5742, Entropy: 0.6921, Epsilon: 0.010
2026-03-29 17:06:48 | INFO | Episode  492 - Reward: 23.000, Length: 23, Loss: 0.5794, Entropy: 0.6921, Epsilon: 0.010
2026-03-29 17:06:49 | INFO | Episode  493 - Reward: 17.000, Length: 17, Loss: 0.9936, Entropy: 0.6920, Epsilon: 0.010
2026-03-29 17:06:49 | INFO | Episode  494 - Reward: 25.000, Length: 25, Loss: 0.9863, Entropy: 0.6921, Epsilon: 0.010
2026-03-29 17:06:50 | INFO | Episode  495 - Reward: 21.000, Length: 21, Loss: 0.9514, Entropy: 0.6920, Epsilon: 0.010
2026-03-29 17:06:50 | INFO | Episode  496 - Reward: 18.000, Length: 18, Loss: 0.9336, Entropy: 0.6920, Epsilon: 0.010
2026-03-29 17:06:50 | INFO | Episode  497 - Reward: 21.000, Length: 21, Loss: 0.9156, Entropy: 0.6920, Epsilon: 0.010
2026-03-29 17:06:51 | INFO | Episode  498 - Reward: 20.000, Length: 20, Loss: 0.8924, Entropy: 0.6919, Epsilon: 0.010
2026-03-29 17:06:51 | INFO | Episode  499 - Reward: 17.000, Length: 17, Loss: 0.8783, Entropy: 0.6919, Epsilon: 0.010
2026-03-29 17:06:51 | INFO | Episode  500 - Reward: 17.000, Length: 17, Loss: 0.8436, Entropy: 0.6920, Epsilon: 0.010
2026-03-29 17:06:52 | INFO | [Episode  500] eps=0.010  avg_reward=  21.300  avg_length= 21.30  avg_loss=  0.7865  avg_entropy=0.6920  eval_success=0.000
2026-03-29 17:06:52 | INFO | DQN+Entropy training: 4m 44.31s
2026-03-29 17:06:55 | INFO | [Final Eval] success=0.000, mean_reward=17.760
