2026-03-29 03:59:44 | INFO | ============================================================
2026-03-29 03:59:44 | INFO | DEVICE / COMPUTE INFORMATION
2026-03-29 03:59:44 | INFO |   JAX backend       : GPU
2026-03-29 03:59:44 | INFO |   Platform          : gpu
2026-03-29 03:59:44 | INFO |   Num devices       : 2
2026-03-29 03:59:44 | INFO |   Device            : cuda:0
2026-03-29 03:59:44 | INFO |   Device            : cuda:1
2026-03-29 03:59:44 | INFO |   GPU name          : Tesla T4
2026-03-29 03:59:44 | INFO | ============================================================
2026-03-29 03:59:44 | INFO | DQN+Entropy | seed=1, lr=0.001, gamma=0.99, alpha=0.01
2026-03-29 03:59:44 | INFO | Env: cartpole/dense, obs_dim=4, num_actions=2
2026-03-29 03:59:48 | INFO | Episode    1 - Reward: 11.000, Length: 11, Loss: 0.0000, Entropy: 0.0000, Epsilon: 0.998
2026-03-29 03:59:50 | INFO | Episode    2 - Reward: 17.000, Length: 17, Loss: 0.0000, Entropy: 0.0000, Epsilon: 0.995
2026-03-29 03:59:52 | INFO | Episode    3 - Reward: 16.000, Length: 16, Loss: 0.0000, Entropy: 0.0000, Epsilon: 0.993
2026-03-29 03:59:54 | INFO | Episode    4 - Reward: 12.000, Length: 12, Loss: 0.0000, Entropy: 0.0000, Epsilon: 0.990
2026-03-29 03:59:56 | INFO | Episode    5 - Reward: 15.000, Length: 15, Loss: 0.0000, Entropy: 0.0000, Epsilon: 0.988
2026-03-29 03:59:58 | INFO | Episode    6 - Reward: 31.000, Length: 31, Loss: 0.0000, Entropy: 0.0000, Epsilon: 0.985
2026-03-29 04:00:00 | INFO | Episode    7 - Reward: 21.000, Length: 21, Loss: 0.0000, Entropy: 0.0000, Epsilon: 0.983
2026-03-29 04:00:02 | INFO | Episode    8 - Reward: 12.000, Length: 12, Loss: 0.0000, Entropy: 0.0000, Epsilon: 0.980
2026-03-29 04:00:04 | INFO | Episode    9 - Reward: 41.000, Length: 41, Loss: 0.0000, Entropy: 0.0000, Epsilon: 0.978
2026-03-29 04:00:06 | INFO | Episode   10 - Reward: 39.000, Length: 39, Loss: 0.0000, Entropy: 0.0000, Epsilon: 0.975
2026-03-29 04:00:08 | INFO | Episode   11 - Reward: 15.000, Length: 15, Loss: 0.0000, Entropy: 0.0000, Epsilon: 0.973
2026-03-29 04:00:13 | INFO | Episode   12 - Reward: 32.000, Length: 32, Loss: 0.9996, Entropy: 0.6931, Epsilon: 0.970
2026-03-29 04:00:15 | INFO | Episode   13 - Reward: 37.000, Length: 37, Loss: 0.9855, Entropy: 0.6931, Epsilon: 0.968
2026-03-29 04:00:17 | INFO | Episode   14 - Reward: 16.000, Length: 16, Loss: 0.9734, Entropy: 0.6931, Epsilon: 0.965
2026-03-29 04:00:19 | INFO | Episode   15 - Reward: 35.000, Length: 35, Loss: 0.9634, Entropy: 0.6931, Epsilon: 0.963
2026-03-29 04:00:21 | INFO | Episode   16 - Reward: 36.000, Length: 36, Loss: 0.9514, Entropy: 0.6931, Epsilon: 0.960
2026-03-29 04:00:23 | INFO | Episode   17 - Reward: 10.000, Length: 10, Loss: 0.9383, Entropy: 0.6931, Epsilon: 0.958
2026-03-29 04:00:25 | INFO | Episode   18 - Reward: 16.000, Length: 16, Loss: 0.9295, Entropy: 0.6931, Epsilon: 0.955
2026-03-29 04:00:27 | INFO | Episode   19 - Reward: 20.000, Length: 20, Loss: 0.9176, Entropy: 0.6931, Epsilon: 0.953
2026-03-29 04:00:29 | INFO | Episode   20 - Reward: 19.000, Length: 19, Loss: 0.9082, Entropy: 0.6931, Epsilon: 0.951
2026-03-29 04:00:31 | INFO | Episode   21 - Reward: 10.000, Length: 10, Loss: 0.8963, Entropy: 0.6931, Epsilon: 0.948
2026-03-29 04:00:34 | INFO | Episode   22 - Reward: 49.000, Length: 49, Loss: 0.8855, Entropy: 0.6931, Epsilon: 0.946
2026-03-29 04:00:36 | INFO | Episode   23 - Reward: 15.000, Length: 15, Loss: 0.9932, Entropy: 0.6931, Epsilon: 0.943
2026-03-29 04:00:38 | INFO | Episode   24 - Reward: 17.000, Length: 17, Loss: 0.9798, Entropy: 0.6931, Epsilon: 0.941
2026-03-29 04:00:40 | INFO | Episode   25 - Reward: 21.000, Length: 21, Loss: 0.9693, Entropy: 0.6931, Epsilon: 0.938
2026-03-29 04:00:42 | INFO | Episode   26 - Reward: 26.000, Length: 26, Loss: 0.9581, Entropy: 0.6931, Epsilon: 0.936
2026-03-29 04:00:44 | INFO | Episode   27 - Reward: 12.000, Length: 12, Loss: 0.9464, Entropy: 0.6931, Epsilon: 0.933
2026-03-29 04:00:46 | INFO | Episode   28 - Reward: 15.000, Length: 15, Loss: 0.9344, Entropy: 0.6931, Epsilon: 0.931
2026-03-29 04:00:48 | INFO | Episode   29 - Reward: 18.000, Length: 18, Loss: 0.9256, Entropy: 0.6931, Epsilon: 0.928
2026-03-29 04:00:50 | INFO | Episode   30 - Reward: 31.000, Length: 31, Loss: 0.9140, Entropy: 0.6931, Epsilon: 0.926
2026-03-29 04:00:52 | INFO | Episode   31 - Reward: 27.000, Length: 27, Loss: 0.9028, Entropy: 0.6931, Epsilon: 0.923
2026-03-29 04:00:55 | INFO | Episode   32 - Reward: 11.000, Length: 11, Loss: 0.8921, Entropy: 0.6931, Epsilon: 0.921
2026-03-29 04:00:57 | INFO | Episode   33 - Reward: 23.000, Length: 23, Loss: 0.8815, Entropy: 0.6931, Epsilon: 0.918
2026-03-29 04:00:59 | INFO | Episode   34 - Reward: 26.000, Length: 26, Loss: 0.8721, Entropy: 0.6931, Epsilon: 0.916
2026-03-29 04:01:01 | INFO | Episode   35 - Reward: 13.000, Length: 13, Loss: 0.8626, Entropy: 0.6931, Epsilon: 0.913
2026-03-29 04:01:03 | INFO | Episode   36 - Reward: 19.000, Length: 19, Loss: 0.8523, Entropy: 0.6931, Epsilon: 0.911
2026-03-29 04:01:05 | INFO | Episode   37 - Reward: 10.000, Length: 10, Loss: 0.8428, Entropy: 0.6931, Epsilon: 0.908
2026-03-29 04:01:07 | INFO | Episode   38 - Reward: 20.000, Length: 20, Loss: 0.8338, Entropy: 0.6931, Epsilon: 0.906
2026-03-29 04:01:09 | INFO | Episode   39 - Reward: 13.000, Length: 13, Loss: 0.8248, Entropy: 0.6931, Epsilon: 0.903
2026-03-29 04:01:11 | INFO | Episode   40 - Reward: 16.000, Length: 16, Loss: 0.8137, Entropy: 0.6931, Epsilon: 0.901
2026-03-29 04:01:13 | INFO | Episode   41 - Reward: 12.000, Length: 12, Loss: 0.8032, Entropy: 0.6931, Epsilon: 0.899
2026-03-29 04:01:15 | INFO | Episode   42 - Reward: 24.000, Length: 24, Loss: 0.7956, Entropy: 0.6931, Epsilon: 0.896
2026-03-29 04:01:17 | INFO | Episode   43 - Reward: 23.000, Length: 23, Loss: 0.7855, Entropy: 0.6931, Epsilon: 0.894
2026-03-29 04:01:19 | INFO | Episode   44 - Reward: 17.000, Length: 17, Loss: 0.7759, Entropy: 0.6931, Epsilon: 0.891
2026-03-29 04:01:21 | INFO | Episode   45 - Reward: 16.000, Length: 16, Loss: 0.7676, Entropy: 0.6931, Epsilon: 0.889
2026-03-29 04:01:23 | INFO | Episode   46 - Reward: 12.000, Length: 12, Loss: 0.7579, Entropy: 0.6931, Epsilon: 0.886
2026-03-29 04:01:26 | INFO | Episode   47 - Reward: 20.000, Length: 20, Loss: 0.7488, Entropy: 0.6931, Epsilon: 0.884
2026-03-29 04:01:28 | INFO | Episode   48 - Reward: 13.000, Length: 13, Loss: 0.7407, Entropy: 0.6931, Epsilon: 0.881
2026-03-29 04:01:30 | INFO | Episode   49 - Reward: 24.000, Length: 24, Loss: 0.7334, Entropy: 0.6931, Epsilon: 0.879
2026-03-29 04:01:32 | INFO | Episode   50 - Reward: 25.000, Length: 25, Loss: 0.9824, Entropy: 0.6931, Epsilon: 0.876
2026-03-29 04:01:49 | INFO | [Episode   50] eps=0.876  avg_reward=  20.580  avg_length= 20.58  avg_loss=  0.6888  avg_entropy=0.6931  eval_success=0.000
2026-03-29 04:01:51 | INFO | Episode   51 - Reward: 15.000, Length: 15, Loss: 0.9699, Entropy: 0.6931, Epsilon: 0.874
2026-03-29 04:01:53 | INFO | Episode   52 - Reward: 32.000, Length: 32, Loss: 0.9547, Entropy: 0.6931, Epsilon: 0.871
2026-03-29 04:01:55 | INFO | Episode   53 - Reward: 32.000, Length: 32, Loss: 0.9455, Entropy: 0.6931, Epsilon: 0.869
2026-03-29 04:01:57 | INFO | Episode   54 - Reward: 31.000, Length: 31, Loss: 0.9368, Entropy: 0.6931, Epsilon: 0.866
2026-03-29 04:02:00 | INFO | Episode   55 - Reward: 8.000, Length: 8, Loss: 0.9252, Entropy: 0.6931, Epsilon: 0.864
2026-03-29 04:02:02 | INFO | Episode   56 - Reward: 15.000, Length: 15, Loss: 0.9129, Entropy: 0.6931, Epsilon: 0.861
2026-03-29 04:02:04 | INFO | Episode   57 - Reward: 14.000, Length: 14, Loss: 0.9032, Entropy: 0.6931, Epsilon: 0.859
2026-03-29 04:02:06 | INFO | Episode   58 - Reward: 32.000, Length: 32, Loss: 0.8936, Entropy: 0.6931, Epsilon: 0.856
2026-03-29 04:02:08 | INFO | Episode   59 - Reward: 16.000, Length: 16, Loss: 0.8831, Entropy: 0.6931, Epsilon: 0.854
2026-03-29 04:02:10 | INFO | Episode   60 - Reward: 22.000, Length: 22, Loss: 0.8721, Entropy: 0.6931, Epsilon: 0.852
2026-03-29 04:02:13 | INFO | Episode   61 - Reward: 16.000, Length: 16, Loss: 0.8642, Entropy: 0.6931, Epsilon: 0.849
2026-03-29 04:02:15 | INFO | Episode   62 - Reward: 11.000, Length: 11, Loss: 0.8507, Entropy: 0.6931, Epsilon: 0.847
2026-03-29 04:02:17 | INFO | Episode   63 - Reward: 15.000, Length: 15, Loss: 0.8392, Entropy: 0.6931, Epsilon: 0.844
2026-03-29 04:02:19 | INFO | Episode   64 - Reward: 24.000, Length: 24, Loss: 0.8361, Entropy: 0.6931, Epsilon: 0.842
2026-03-29 04:02:21 | INFO | Episode   65 - Reward: 36.000, Length: 36, Loss: 0.8270, Entropy: 0.6931, Epsilon: 0.839
2026-03-29 04:02:23 | INFO | Episode   66 - Reward: 21.000, Length: 21, Loss: 0.8136, Entropy: 0.6931, Epsilon: 0.837
2026-03-29 04:02:25 | INFO | Episode   67 - Reward: 11.000, Length: 11, Loss: 0.8069, Entropy: 0.6931, Epsilon: 0.834
2026-03-29 04:02:27 | INFO | Episode   68 - Reward: 19.000, Length: 19, Loss: 0.7944, Entropy: 0.6931, Epsilon: 0.832
2026-03-29 04:02:29 | INFO | Episode   69 - Reward: 19.000, Length: 19, Loss: 0.7859, Entropy: 0.6931, Epsilon: 0.829
2026-03-29 04:02:31 | INFO | Episode   70 - Reward: 12.000, Length: 12, Loss: 0.7756, Entropy: 0.6931, Epsilon: 0.827
2026-03-29 04:02:34 | INFO | Episode   71 - Reward: 26.000, Length: 26, Loss: 0.7666, Entropy: 0.6931, Epsilon: 0.824
2026-03-29 04:02:35 | INFO | Episode   72 - Reward: 40.000, Length: 40, Loss: 0.7576, Entropy: 0.6931, Epsilon: 0.822
2026-03-29 04:02:37 | INFO | Episode   73 - Reward: 10.000, Length: 10, Loss: 0.7518, Entropy: 0.6931, Epsilon: 0.819
2026-03-29 04:02:39 | INFO | Episode   74 - Reward: 17.000, Length: 17, Loss: 0.9703, Entropy: 0.6931, Epsilon: 0.817
2026-03-29 04:02:42 | INFO | Episode   75 - Reward: 25.000, Length: 25, Loss: 0.9567, Entropy: 0.6931, Epsilon: 0.814
2026-03-29 04:02:44 | INFO | Episode   76 - Reward: 11.000, Length: 11, Loss: 0.9512, Entropy: 0.6931, Epsilon: 0.812
2026-03-29 04:02:46 | INFO | Episode   77 - Reward: 17.000, Length: 17, Loss: 0.9348, Entropy: 0.6931, Epsilon: 0.809
2026-03-29 04:02:48 | INFO | Episode   78 - Reward: 14.000, Length: 14, Loss: 0.9215, Entropy: 0.6931, Epsilon: 0.807
2026-03-29 04:02:50 | INFO | Episode   79 - Reward: 28.000, Length: 28, Loss: 0.9199, Entropy: 0.6931, Epsilon: 0.804
2026-03-29 04:02:52 | INFO | Episode   80 - Reward: 12.000, Length: 12, Loss: 0.9013, Entropy: 0.6931, Epsilon: 0.802
2026-03-29 04:02:54 | INFO | Episode   81 - Reward: 21.000, Length: 21, Loss: 0.8924, Entropy: 0.6931, Epsilon: 0.800
2026-03-29 04:02:56 | INFO | Episode   82 - Reward: 12.000, Length: 12, Loss: 0.8803, Entropy: 0.6931, Epsilon: 0.797
2026-03-29 04:02:58 | INFO | Episode   83 - Reward: 15.000, Length: 15, Loss: 0.8715, Entropy: 0.6931, Epsilon: 0.795
2026-03-29 04:03:00 | INFO | Episode   84 - Reward: 15.000, Length: 15, Loss: 0.8568, Entropy: 0.6931, Epsilon: 0.792
2026-03-29 04:03:03 | INFO | Episode   85 - Reward: 39.000, Length: 39, Loss: 0.8490, Entropy: 0.6931, Epsilon: 0.790
2026-03-29 04:03:05 | INFO | Episode   86 - Reward: 14.000, Length: 14, Loss: 0.8425, Entropy: 0.6931, Epsilon: 0.787
2026-03-29 04:03:07 | INFO | Episode   87 - Reward: 9.000, Length: 9, Loss: 0.8283, Entropy: 0.6931, Epsilon: 0.785
2026-03-29 04:03:09 | INFO | Episode   88 - Reward: 13.000, Length: 13, Loss: 0.8215, Entropy: 0.6931, Epsilon: 0.782
2026-03-29 04:03:12 | INFO | Episode   89 - Reward: 12.000, Length: 12, Loss: 0.8089, Entropy: 0.6931, Epsilon: 0.780
2026-03-29 04:03:14 | INFO | Episode   90 - Reward: 14.000, Length: 14, Loss: 0.8077, Entropy: 0.6931, Epsilon: 0.777
2026-03-29 04:03:16 | INFO | Episode   91 - Reward: 14.000, Length: 14, Loss: 0.7823, Entropy: 0.6931, Epsilon: 0.775
2026-03-29 04:03:18 | INFO | Episode   92 - Reward: 24.000, Length: 24, Loss: 0.7785, Entropy: 0.6931, Epsilon: 0.772
2026-03-29 04:03:20 | INFO | Episode   93 - Reward: 17.000, Length: 17, Loss: 0.7645, Entropy: 0.6931, Epsilon: 0.770
2026-03-29 04:03:22 | INFO | Episode   94 - Reward: 10.000, Length: 10, Loss: 0.7642, Entropy: 0.6931, Epsilon: 0.767
2026-03-29 04:03:24 | INFO | Episode   95 - Reward: 14.000, Length: 14, Loss: 0.7464, Entropy: 0.6931, Epsilon: 0.765
2026-03-29 04:03:26 | INFO | Episode   96 - Reward: 18.000, Length: 18, Loss: 0.7405, Entropy: 0.6931, Epsilon: 0.762
2026-03-29 04:03:28 | INFO | Episode   97 - Reward: 29.000, Length: 29, Loss: 0.7299, Entropy: 0.6931, Epsilon: 0.760
2026-03-29 04:03:30 | INFO | Episode   98 - Reward: 16.000, Length: 16, Loss: 0.7210, Entropy: 0.6931, Epsilon: 0.757
2026-03-29 04:03:33 | INFO | Episode   99 - Reward: 21.000, Length: 21, Loss: 0.7174, Entropy: 0.6931, Epsilon: 0.755
2026-03-29 04:03:35 | INFO | Episode  100 - Reward: 11.000, Length: 11, Loss: 0.7054, Entropy: 0.6931, Epsilon: 0.752
2026-03-29 04:03:41 | INFO | [Episode  100] eps=0.752  avg_reward=  18.780  avg_length= 18.78  avg_loss=  0.8426  avg_entropy=0.6931  eval_success=0.000
2026-03-29 04:03:44 | INFO | Episode  101 - Reward: 9.000, Length: 9, Loss: 0.6945, Entropy: 0.6931, Epsilon: 0.750
2026-03-29 04:03:46 | INFO | Episode  102 - Reward: 9.000, Length: 9, Loss: 0.6902, Entropy: 0.6931, Epsilon: 0.748
2026-03-29 04:03:48 | INFO | Episode  103 - Reward: 39.000, Length: 39, Loss: 0.6791, Entropy: 0.6931, Epsilon: 0.745
2026-03-29 04:03:50 | INFO | Episode  104 - Reward: 16.000, Length: 16, Loss: 0.9535, Entropy: 0.6931, Epsilon: 0.743
2026-03-29 04:03:52 | INFO | Episode  105 - Reward: 26.000, Length: 26, Loss: 0.9568, Entropy: 0.6931, Epsilon: 0.740
2026-03-29 04:03:54 | INFO | Episode  106 - Reward: 13.000, Length: 13, Loss: 0.9455, Entropy: 0.6931, Epsilon: 0.738
2026-03-29 04:03:56 | INFO | Episode  107 - Reward: 21.000, Length: 21, Loss: 0.9262, Entropy: 0.6931, Epsilon: 0.735
2026-03-29 04:03:58 | INFO | Episode  108 - Reward: 13.000, Length: 13, Loss: 0.9065, Entropy: 0.6931, Epsilon: 0.733
2026-03-29 04:04:00 | INFO | Episode  109 - Reward: 12.000, Length: 12, Loss: 0.8952, Entropy: 0.6931, Epsilon: 0.730
2026-03-29 04:04:03 | INFO | Episode  110 - Reward: 14.000, Length: 14, Loss: 0.8787, Entropy: 0.6931, Epsilon: 0.728
2026-03-29 04:04:05 | INFO | Episode  111 - Reward: 10.000, Length: 10, Loss: 0.8717, Entropy: 0.6931, Epsilon: 0.725
2026-03-29 04:04:07 | INFO | Episode  112 - Reward: 42.000, Length: 42, Loss: 0.8639, Entropy: 0.6931, Epsilon: 0.723
2026-03-29 04:04:09 | INFO | Episode  113 - Reward: 13.000, Length: 13, Loss: 0.8441, Entropy: 0.6931, Epsilon: 0.720
2026-03-29 04:04:11 | INFO | Episode  114 - Reward: 23.000, Length: 23, Loss: 0.8427, Entropy: 0.6931, Epsilon: 0.718
2026-03-29 04:04:13 | INFO | Episode  115 - Reward: 19.000, Length: 19, Loss: 0.8281, Entropy: 0.6931, Epsilon: 0.715
2026-03-29 04:04:15 | INFO | Episode  116 - Reward: 21.000, Length: 21, Loss: 0.8165, Entropy: 0.6931, Epsilon: 0.713
2026-03-29 04:04:17 | INFO | Episode  117 - Reward: 23.000, Length: 23, Loss: 0.7996, Entropy: 0.6931, Epsilon: 0.710
2026-03-29 04:04:19 | INFO | Episode  118 - Reward: 16.000, Length: 16, Loss: 0.8015, Entropy: 0.6931, Epsilon: 0.708
2026-03-29 04:04:22 | INFO | Episode  119 - Reward: 13.000, Length: 13, Loss: 0.7858, Entropy: 0.6931, Epsilon: 0.705
2026-03-29 04:04:24 | INFO | Episode  120 - Reward: 10.000, Length: 10, Loss: 0.7655, Entropy: 0.6931, Epsilon: 0.703
2026-03-29 04:04:26 | INFO | Episode  121 - Reward: 11.000, Length: 11, Loss: 0.7691, Entropy: 0.6931, Epsilon: 0.701
2026-03-29 04:04:28 | INFO | Episode  122 - Reward: 10.000, Length: 10, Loss: 0.7623, Entropy: 0.6931, Epsilon: 0.698
2026-03-29 04:04:30 | INFO | Episode  123 - Reward: 17.000, Length: 17, Loss: 0.7398, Entropy: 0.6931, Epsilon: 0.696
2026-03-29 04:04:32 | INFO | Episode  124 - Reward: 9.000, Length: 9, Loss: 0.7349, Entropy: 0.6931, Epsilon: 0.693
2026-03-29 04:04:34 | INFO | Episode  125 - Reward: 13.000, Length: 13, Loss: 0.7215, Entropy: 0.6930, Epsilon: 0.691
2026-03-29 04:04:36 | INFO | Episode  126 - Reward: 18.000, Length: 18, Loss: 0.7098, Entropy: 0.6930, Epsilon: 0.688
2026-03-29 04:04:39 | INFO | Episode  127 - Reward: 15.000, Length: 15, Loss: 0.6921, Entropy: 0.6930, Epsilon: 0.686
2026-03-29 04:04:41 | INFO | Episode  128 - Reward: 16.000, Length: 16, Loss: 0.6930, Entropy: 0.6930, Epsilon: 0.683
2026-03-29 04:04:43 | INFO | Episode  129 - Reward: 14.000, Length: 14, Loss: 0.6748, Entropy: 0.6930, Epsilon: 0.681
2026-03-29 04:04:45 | INFO | Episode  130 - Reward: 26.000, Length: 26, Loss: 0.6708, Entropy: 0.6930, Epsilon: 0.678
2026-03-29 04:04:47 | INFO | Episode  131 - Reward: 11.000, Length: 11, Loss: 0.6547, Entropy: 0.6930, Epsilon: 0.676
2026-03-29 04:04:49 | INFO | Episode  132 - Reward: 13.000, Length: 13, Loss: 0.6553, Entropy: 0.6930, Epsilon: 0.673
2026-03-29 04:04:51 | INFO | Episode  133 - Reward: 14.000, Length: 14, Loss: 0.9611, Entropy: 0.6930, Epsilon: 0.671
2026-03-29 04:04:53 | INFO | Episode  134 - Reward: 16.000, Length: 16, Loss: 0.9339, Entropy: 0.6930, Epsilon: 0.668
2026-03-29 04:04:56 | INFO | Episode  135 - Reward: 11.000, Length: 11, Loss: 0.9293, Entropy: 0.6930, Epsilon: 0.666
2026-03-29 04:04:58 | INFO | Episode  136 - Reward: 14.000, Length: 14, Loss: 0.9200, Entropy: 0.6930, Epsilon: 0.663
2026-03-29 04:05:00 | INFO | Episode  137 - Reward: 14.000, Length: 14, Loss: 0.8973, Entropy: 0.6930, Epsilon: 0.661
2026-03-29 04:05:02 | INFO | Episode  138 - Reward: 13.000, Length: 13, Loss: 0.8946, Entropy: 0.6930, Epsilon: 0.658
2026-03-29 04:05:04 | INFO | Episode  139 - Reward: 13.000, Length: 13, Loss: 0.8758, Entropy: 0.6930, Epsilon: 0.656
2026-03-29 04:05:06 | INFO | Episode  140 - Reward: 23.000, Length: 23, Loss: 0.8640, Entropy: 0.6929, Epsilon: 0.653
2026-03-29 04:05:08 | INFO | Episode  141 - Reward: 14.000, Length: 14, Loss: 0.8557, Entropy: 0.6929, Epsilon: 0.651
2026-03-29 04:05:10 | INFO | Episode  142 - Reward: 16.000, Length: 16, Loss: 0.8269, Entropy: 0.6929, Epsilon: 0.649
2026-03-29 04:05:12 | INFO | Episode  143 - Reward: 12.000, Length: 12, Loss: 0.8080, Entropy: 0.6929, Epsilon: 0.646
2026-03-29 04:05:14 | INFO | Episode  144 - Reward: 10.000, Length: 10, Loss: 0.8076, Entropy: 0.6929, Epsilon: 0.644
2026-03-29 04:05:16 | INFO | Episode  145 - Reward: 22.000, Length: 22, Loss: 0.8001, Entropy: 0.6929, Epsilon: 0.641
2026-03-29 04:05:19 | INFO | Episode  146 - Reward: 12.000, Length: 12, Loss: 0.7794, Entropy: 0.6929, Epsilon: 0.639
2026-03-29 04:05:20 | INFO | Episode  147 - Reward: 29.000, Length: 29, Loss: 0.7806, Entropy: 0.6928, Epsilon: 0.636
2026-03-29 04:05:22 | INFO | Episode  148 - Reward: 11.000, Length: 11, Loss: 0.7595, Entropy: 0.6928, Epsilon: 0.634
2026-03-29 04:05:25 | INFO | Episode  149 - Reward: 22.000, Length: 22, Loss: 0.7506, Entropy: 0.6928, Epsilon: 0.631
2026-03-29 04:05:27 | INFO | Episode  150 - Reward: 13.000, Length: 13, Loss: 0.7346, Entropy: 0.6928, Epsilon: 0.629
2026-03-29 04:05:31 | INFO | [Episode  150] eps=0.629  avg_reward=  16.280  avg_length= 16.28  avg_loss=  0.8081  avg_entropy=0.6928  eval_success=0.000
2026-03-29 04:05:33 | INFO | Episode  151 - Reward: 14.000, Length: 14, Loss: 0.7245, Entropy: 0.6928, Epsilon: 0.626
2026-03-29 04:05:35 | INFO | Episode  152 - Reward: 15.000, Length: 15, Loss: 0.7162, Entropy: 0.6928, Epsilon: 0.624
2026-03-29 04:05:38 | INFO | Episode  153 - Reward: 15.000, Length: 15, Loss: 0.6968, Entropy: 0.6928, Epsilon: 0.621
2026-03-29 04:05:40 | INFO | Episode  154 - Reward: 32.000, Length: 32, Loss: 0.6936, Entropy: 0.6928, Epsilon: 0.619
2026-03-29 04:05:42 | INFO | Episode  155 - Reward: 13.000, Length: 13, Loss: 0.6748, Entropy: 0.6927, Epsilon: 0.616
2026-03-29 04:05:45 | INFO | Episode  156 - Reward: 15.000, Length: 15, Loss: 0.6612, Entropy: 0.6927, Epsilon: 0.614
2026-03-29 04:05:47 | INFO | Episode  157 - Reward: 10.000, Length: 10, Loss: 0.6530, Entropy: 0.6927, Epsilon: 0.611
2026-03-29 04:05:49 | INFO | Episode  158 - Reward: 26.000, Length: 26, Loss: 0.6405, Entropy: 0.6927, Epsilon: 0.609
2026-03-29 04:05:51 | INFO | Episode  159 - Reward: 16.000, Length: 16, Loss: 0.6249, Entropy: 0.6927, Epsilon: 0.606
2026-03-29 04:05:53 | INFO | Episode  160 - Reward: 11.000, Length: 11, Loss: 0.6206, Entropy: 0.6927, Epsilon: 0.604
2026-03-29 04:05:55 | INFO | Episode  161 - Reward: 13.000, Length: 13, Loss: 0.6126, Entropy: 0.6926, Epsilon: 0.602
2026-03-29 04:05:57 | INFO | Episode  162 - Reward: 14.000, Length: 14, Loss: 0.5960, Entropy: 0.6926, Epsilon: 0.599
2026-03-29 04:05:59 | INFO | Episode  163 - Reward: 10.000, Length: 10, Loss: 0.5845, Entropy: 0.6926, Epsilon: 0.597
2026-03-29 04:06:02 | INFO | Episode  164 - Reward: 12.000, Length: 12, Loss: 0.5811, Entropy: 0.6926, Epsilon: 0.594
2026-03-29 04:06:04 | INFO | Episode  165 - Reward: 14.000, Length: 14, Loss: 0.5549, Entropy: 0.6925, Epsilon: 0.592
2026-03-29 04:06:06 | INFO | Episode  166 - Reward: 17.000, Length: 17, Loss: 0.9900, Entropy: 0.6925, Epsilon: 0.589
2026-03-29 04:06:08 | INFO | Episode  167 - Reward: 31.000, Length: 31, Loss: 0.9691, Entropy: 0.6925, Epsilon: 0.587
2026-03-29 04:06:10 | INFO | Episode  168 - Reward: 9.000, Length: 9, Loss: 0.9465, Entropy: 0.6924, Epsilon: 0.584
2026-03-29 04:06:13 | INFO | Episode  169 - Reward: 13.000, Length: 13, Loss: 0.9446, Entropy: 0.6924, Epsilon: 0.582
2026-03-29 04:06:14 | INFO | Episode  170 - Reward: 14.000, Length: 14, Loss: 0.9124, Entropy: 0.6923, Epsilon: 0.579
2026-03-29 04:06:17 | INFO | Episode  171 - Reward: 11.000, Length: 11, Loss: 0.9050, Entropy: 0.6923, Epsilon: 0.577
2026-03-29 04:06:19 | INFO | Episode  172 - Reward: 10.000, Length: 10, Loss: 0.8742, Entropy: 0.6923, Epsilon: 0.574
2026-03-29 04:06:21 | INFO | Episode  173 - Reward: 19.000, Length: 19, Loss: 0.8669, Entropy: 0.6922, Epsilon: 0.572
2026-03-29 04:06:23 | INFO | Episode  174 - Reward: 16.000, Length: 16, Loss: 0.8500, Entropy: 0.6922, Epsilon: 0.569
2026-03-29 04:06:25 | INFO | Episode  175 - Reward: 25.000, Length: 25, Loss: 0.8318, Entropy: 0.6921, Epsilon: 0.567
2026-03-29 04:06:27 | INFO | Episode  176 - Reward: 12.000, Length: 12, Loss: 0.8222, Entropy: 0.6921, Epsilon: 0.564
2026-03-29 04:06:29 | INFO | Episode  177 - Reward: 14.000, Length: 14, Loss: 0.7889, Entropy: 0.6920, Epsilon: 0.562
2026-03-29 04:06:31 | INFO | Episode  178 - Reward: 22.000, Length: 22, Loss: 0.7771, Entropy: 0.6920, Epsilon: 0.559
2026-03-29 04:06:34 | INFO | Episode  179 - Reward: 29.000, Length: 29, Loss: 0.7664, Entropy: 0.6920, Epsilon: 0.557
2026-03-29 04:06:36 | INFO | Episode  180 - Reward: 31.000, Length: 31, Loss: 0.7561, Entropy: 0.6919, Epsilon: 0.554
2026-03-29 04:06:38 | INFO | Episode  181 - Reward: 17.000, Length: 17, Loss: 0.7386, Entropy: 0.6919, Epsilon: 0.552
2026-03-29 04:06:40 | INFO | Episode  182 - Reward: 14.000, Length: 14, Loss: 0.7212, Entropy: 0.6918, Epsilon: 0.550
2026-03-29 04:06:42 | INFO | Episode  183 - Reward: 13.000, Length: 13, Loss: 0.7128, Entropy: 0.6918, Epsilon: 0.547
2026-03-29 04:06:44 | INFO | Episode  184 - Reward: 12.000, Length: 12, Loss: 0.6878, Entropy: 0.6917, Epsilon: 0.545
2026-03-29 04:06:46 | INFO | Episode  185 - Reward: 12.000, Length: 12, Loss: 0.6695, Entropy: 0.6916, Epsilon: 0.542
2026-03-29 04:06:48 | INFO | Episode  186 - Reward: 13.000, Length: 13, Loss: 0.6582, Entropy: 0.6916, Epsilon: 0.540
2026-03-29 04:06:50 | INFO | Episode  187 - Reward: 11.000, Length: 11, Loss: 0.6460, Entropy: 0.6915, Epsilon: 0.537
2026-03-29 04:06:52 | INFO | Episode  188 - Reward: 11.000, Length: 11, Loss: 0.6358, Entropy: 0.6914, Epsilon: 0.535
2026-03-29 04:06:55 | INFO | Episode  189 - Reward: 11.000, Length: 11, Loss: 0.6227, Entropy: 0.6914, Epsilon: 0.532
2026-03-29 04:06:57 | INFO | Episode  190 - Reward: 17.000, Length: 17, Loss: 0.6019, Entropy: 0.6913, Epsilon: 0.530
2026-03-29 04:06:59 | INFO | Episode  191 - Reward: 13.000, Length: 13, Loss: 0.5930, Entropy: 0.6912, Epsilon: 0.527
2026-03-29 04:07:01 | INFO | Episode  192 - Reward: 14.000, Length: 14, Loss: 0.5881, Entropy: 0.6913, Epsilon: 0.525
2026-03-29 04:07:03 | INFO | Episode  193 - Reward: 10.000, Length: 10, Loss: 0.5809, Entropy: 0.6912, Epsilon: 0.522
2026-03-29 04:07:05 | INFO | Episode  194 - Reward: 24.000, Length: 24, Loss: 0.5579, Entropy: 0.6911, Epsilon: 0.520
2026-03-29 04:07:08 | INFO | Episode  195 - Reward: 9.000, Length: 9, Loss: 0.5473, Entropy: 0.6911, Epsilon: 0.517
2026-03-29 04:07:10 | INFO | Episode  196 - Reward: 11.000, Length: 11, Loss: 0.5352, Entropy: 0.6910, Epsilon: 0.515
2026-03-29 04:07:12 | INFO | Episode  197 - Reward: 9.000, Length: 9, Loss: 0.5236, Entropy: 0.6909, Epsilon: 0.512
2026-03-29 04:07:14 | INFO | Episode  198 - Reward: 11.000, Length: 11, Loss: 1.0488, Entropy: 0.6908, Epsilon: 0.510
2026-03-29 04:07:17 | INFO | Episode  199 - Reward: 32.000, Length: 32, Loss: 1.0267, Entropy: 0.6907, Epsilon: 0.507
2026-03-29 04:07:19 | INFO | Episode  200 - Reward: 15.000, Length: 15, Loss: 0.9949, Entropy: 0.6906, Epsilon: 0.505
2026-03-29 04:07:23 | INFO | [Episode  200] eps=0.505  avg_reward=  15.640  avg_length= 15.64  avg_loss=  0.7265  avg_entropy=0.6906  eval_success=0.000
2026-03-29 04:07:25 | INFO | Episode  201 - Reward: 14.000, Length: 14, Loss: 0.9660, Entropy: 0.6905, Epsilon: 0.503
2026-03-29 04:07:27 | INFO | Episode  202 - Reward: 14.000, Length: 14, Loss: 0.9615, Entropy: 0.6904, Epsilon: 0.500
2026-03-29 04:07:29 | INFO | Episode  203 - Reward: 12.000, Length: 12, Loss: 0.9276, Entropy: 0.6902, Epsilon: 0.498
2026-03-29 04:07:31 | INFO | Episode  204 - Reward: 9.000, Length: 9, Loss: 0.9112, Entropy: 0.6902, Epsilon: 0.495
2026-03-29 04:07:34 | INFO | Episode  205 - Reward: 12.000, Length: 12, Loss: 0.8947, Entropy: 0.6901, Epsilon: 0.493
2026-03-29 04:07:36 | INFO | Episode  206 - Reward: 9.000, Length: 9, Loss: 0.8667, Entropy: 0.6899, Epsilon: 0.490
2026-03-29 04:07:38 | INFO | Episode  207 - Reward: 14.000, Length: 14, Loss: 0.8447, Entropy: 0.6898, Epsilon: 0.488
2026-03-29 04:07:40 | INFO | Episode  208 - Reward: 14.000, Length: 14, Loss: 0.8245, Entropy: 0.6896, Epsilon: 0.485
2026-03-29 04:07:42 | INFO | Episode  209 - Reward: 13.000, Length: 13, Loss: 0.7949, Entropy: 0.6896, Epsilon: 0.483
2026-03-29 04:07:44 | INFO | Episode  210 - Reward: 11.000, Length: 11, Loss: 0.7872, Entropy: 0.6895, Epsilon: 0.480
2026-03-29 04:07:46 | INFO | Episode  211 - Reward: 21.000, Length: 21, Loss: 0.7591, Entropy: 0.6892, Epsilon: 0.478
2026-03-29 04:07:49 | INFO | Episode  212 - Reward: 11.000, Length: 11, Loss: 0.7491, Entropy: 0.6892, Epsilon: 0.475
2026-03-29 04:07:51 | INFO | Episode  213 - Reward: 12.000, Length: 12, Loss: 0.7303, Entropy: 0.6891, Epsilon: 0.473
2026-03-29 04:07:53 | INFO | Episode  214 - Reward: 9.000, Length: 9, Loss: 0.7122, Entropy: 0.6888, Epsilon: 0.470
2026-03-29 04:07:55 | INFO | Episode  215 - Reward: 12.000, Length: 12, Loss: 0.6936, Entropy: 0.6888, Epsilon: 0.468
2026-03-29 04:07:57 | INFO | Episode  216 - Reward: 17.000, Length: 17, Loss: 0.6833, Entropy: 0.6887, Epsilon: 0.465
2026-03-29 04:07:59 | INFO | Episode  217 - Reward: 12.000, Length: 12, Loss: 0.6558, Entropy: 0.6886, Epsilon: 0.463
2026-03-29 04:08:01 | INFO | Episode  218 - Reward: 11.000, Length: 11, Loss: 0.6415, Entropy: 0.6885, Epsilon: 0.460
2026-03-29 04:08:03 | INFO | Episode  219 - Reward: 10.000, Length: 10, Loss: 0.6284, Entropy: 0.6884, Epsilon: 0.458
2026-03-29 04:08:05 | INFO | Episode  220 - Reward: 14.000, Length: 14, Loss: 0.6149, Entropy: 0.6883, Epsilon: 0.456
2026-03-29 04:08:07 | INFO | Episode  221 - Reward: 11.000, Length: 11, Loss: 0.5939, Entropy: 0.6882, Epsilon: 0.453
2026-03-29 04:08:10 | INFO | Episode  222 - Reward: 12.000, Length: 12, Loss: 0.5808, Entropy: 0.6881, Epsilon: 0.451
2026-03-29 04:08:12 | INFO | Episode  223 - Reward: 11.000, Length: 11, Loss: 0.5573, Entropy: 0.6879, Epsilon: 0.448
2026-03-29 04:08:14 | INFO | Episode  224 - Reward: 17.000, Length: 17, Loss: 0.5560, Entropy: 0.6878, Epsilon: 0.446
2026-03-29 04:08:16 | INFO | Episode  225 - Reward: 9.000, Length: 9, Loss: 0.5397, Entropy: 0.6875, Epsilon: 0.443
2026-03-29 04:08:18 | INFO | Episode  226 - Reward: 10.000, Length: 10, Loss: 0.5243, Entropy: 0.6875, Epsilon: 0.441
2026-03-29 04:08:20 | INFO | Episode  227 - Reward: 11.000, Length: 11, Loss: 0.5065, Entropy: 0.6875, Epsilon: 0.438
2026-03-29 04:08:22 | INFO | Episode  228 - Reward: 12.000, Length: 12, Loss: 0.4939, Entropy: 0.6873, Epsilon: 0.436
2026-03-29 04:08:24 | INFO | Episode  229 - Reward: 11.000, Length: 11, Loss: 0.4831, Entropy: 0.6871, Epsilon: 0.433
2026-03-29 04:08:26 | INFO | Episode  230 - Reward: 9.000, Length: 9, Loss: 0.4850, Entropy: 0.6870, Epsilon: 0.431
2026-03-29 04:08:29 | INFO | Episode  231 - Reward: 8.000, Length: 8, Loss: 0.4769, Entropy: 0.6867, Epsilon: 0.428
2026-03-29 04:08:31 | INFO | Episode  232 - Reward: 19.000, Length: 19, Loss: 0.4409, Entropy: 0.6868, Epsilon: 0.426
2026-03-29 04:08:33 | INFO | Episode  233 - Reward: 13.000, Length: 13, Loss: 0.4448, Entropy: 0.6867, Epsilon: 0.423
2026-03-29 04:08:35 | INFO | Episode  234 - Reward: 12.000, Length: 12, Loss: 0.4473, Entropy: 0.6867, Epsilon: 0.421
2026-03-29 04:08:37 | INFO | Episode  235 - Reward: 20.000, Length: 20, Loss: 0.4209, Entropy: 0.6866, Epsilon: 0.418
2026-03-29 04:08:39 | INFO | Episode  236 - Reward: 10.000, Length: 10, Loss: 1.1786, Entropy: 0.6863, Epsilon: 0.416
2026-03-29 04:08:41 | INFO | Episode  237 - Reward: 12.000, Length: 12, Loss: 1.1315, Entropy: 0.6861, Epsilon: 0.413
2026-03-29 04:08:43 | INFO | Episode  238 - Reward: 11.000, Length: 11, Loss: 1.1011, Entropy: 0.6857, Epsilon: 0.411
2026-03-29 04:08:45 | INFO | Episode  239 - Reward: 14.000, Length: 14, Loss: 1.0701, Entropy: 0.6856, Epsilon: 0.408
2026-03-29 04:08:47 | INFO | Episode  240 - Reward: 10.000, Length: 10, Loss: 1.0382, Entropy: 0.6850, Epsilon: 0.406
2026-03-29 04:08:50 | INFO | Episode  241 - Reward: 14.000, Length: 14, Loss: 1.0163, Entropy: 0.6847, Epsilon: 0.404
2026-03-29 04:08:52 | INFO | Episode  242 - Reward: 10.000, Length: 10, Loss: 0.9740, Entropy: 0.6845, Epsilon: 0.401
2026-03-29 04:08:55 | INFO | Episode  243 - Reward: 12.000, Length: 12, Loss: 0.9530, Entropy: 0.6840, Epsilon: 0.399
2026-03-29 04:08:57 | INFO | Episode  244 - Reward: 17.000, Length: 17, Loss: 0.9247, Entropy: 0.6836, Epsilon: 0.396
2026-03-29 04:08:59 | INFO | Episode  245 - Reward: 11.000, Length: 11, Loss: 0.9123, Entropy: 0.6836, Epsilon: 0.394
2026-03-29 04:09:01 | INFO | Episode  246 - Reward: 11.000, Length: 11, Loss: 0.8620, Entropy: 0.6835, Epsilon: 0.391
2026-03-29 04:09:03 | INFO | Episode  247 - Reward: 15.000, Length: 15, Loss: 0.8338, Entropy: 0.6830, Epsilon: 0.389
2026-03-29 04:09:05 | INFO | Episode  248 - Reward: 10.000, Length: 10, Loss: 0.8329, Entropy: 0.6826, Epsilon: 0.386
2026-03-29 04:09:07 | INFO | Episode  249 - Reward: 13.000, Length: 13, Loss: 0.7844, Entropy: 0.6825, Epsilon: 0.384
2026-03-29 04:09:09 | INFO | Episode  250 - Reward: 10.000, Length: 10, Loss: 0.7722, Entropy: 0.6824, Epsilon: 0.381
2026-03-29 04:09:14 | INFO | [Episode  250] eps=0.381  avg_reward=  12.320  avg_length= 12.32  avg_loss=  0.7517  avg_entropy=0.6824  eval_success=0.000
2026-03-29 04:09:16 | INFO | Episode  251 - Reward: 12.000, Length: 12, Loss: 0.7401, Entropy: 0.6820, Epsilon: 0.379
2026-03-29 04:09:18 | INFO | Episode  252 - Reward: 8.000, Length: 8, Loss: 0.7497, Entropy: 0.6815, Epsilon: 0.376
2026-03-29 04:09:20 | INFO | Episode  253 - Reward: 10.000, Length: 10, Loss: 0.7091, Entropy: 0.6812, Epsilon: 0.374
2026-03-29 04:09:23 | INFO | Episode  254 - Reward: 12.000, Length: 12, Loss: 0.6824, Entropy: 0.6812, Epsilon: 0.371
2026-03-29 04:09:25 | INFO | Episode  255 - Reward: 12.000, Length: 12, Loss: 0.6901, Entropy: 0.6808, Epsilon: 0.369
2026-03-29 04:09:27 | INFO | Episode  256 - Reward: 11.000, Length: 11, Loss: 0.6613, Entropy: 0.6808, Epsilon: 0.366
2026-03-29 04:09:29 | INFO | Episode  257 - Reward: 12.000, Length: 12, Loss: 0.6445, Entropy: 0.6807, Epsilon: 0.364
2026-03-29 04:09:31 | INFO | Episode  258 - Reward: 12.000, Length: 12, Loss: 0.6342, Entropy: 0.6804, Epsilon: 0.361
2026-03-29 04:09:33 | INFO | Episode  259 - Reward: 10.000, Length: 10, Loss: 0.6171, Entropy: 0.6803, Epsilon: 0.359
2026-03-29 04:09:35 | INFO | Episode  260 - Reward: 8.000, Length: 8, Loss: 0.6218, Entropy: 0.6797, Epsilon: 0.357
2026-03-29 04:09:37 | INFO | Episode  261 - Reward: 8.000, Length: 8, Loss: 0.6133, Entropy: 0.6799, Epsilon: 0.354
2026-03-29 04:09:39 | INFO | Episode  262 - Reward: 13.000, Length: 13, Loss: 0.5656, Entropy: 0.6796, Epsilon: 0.352
2026-03-29 04:09:41 | INFO | Episode  263 - Reward: 11.000, Length: 11, Loss: 0.5317, Entropy: 0.6798, Epsilon: 0.349
2026-03-29 04:09:43 | INFO | Episode  264 - Reward: 9.000, Length: 9, Loss: 0.5322, Entropy: 0.6793, Epsilon: 0.347
2026-03-29 04:09:45 | INFO | Episode  265 - Reward: 15.000, Length: 15, Loss: 0.5531, Entropy: 0.6790, Epsilon: 0.344
2026-03-29 04:09:47 | INFO | Episode  266 - Reward: 15.000, Length: 15, Loss: 0.5618, Entropy: 0.6790, Epsilon: 0.342
2026-03-29 04:09:50 | INFO | Episode  267 - Reward: 17.000, Length: 17, Loss: 0.4868, Entropy: 0.6793, Epsilon: 0.339
2026-03-29 04:09:52 | INFO | Episode  268 - Reward: 13.000, Length: 13, Loss: 0.4860, Entropy: 0.6788, Epsilon: 0.337
2026-03-29 04:09:54 | INFO | Episode  269 - Reward: 11.000, Length: 11, Loss: 0.5004, Entropy: 0.6785, Epsilon: 0.334
2026-03-29 04:09:56 | INFO | Episode  270 - Reward: 14.000, Length: 14, Loss: 0.5125, Entropy: 0.6783, Epsilon: 0.332
2026-03-29 04:09:58 | INFO | Episode  271 - Reward: 9.000, Length: 9, Loss: 0.4618, Entropy: 0.6785, Epsilon: 0.329
2026-03-29 04:10:00 | INFO | Episode  272 - Reward: 9.000, Length: 9, Loss: 0.4687, Entropy: 0.6788, Epsilon: 0.327
2026-03-29 04:10:02 | INFO | Episode  273 - Reward: 19.000, Length: 19, Loss: 0.5016, Entropy: 0.6785, Epsilon: 0.324
2026-03-29 04:10:04 | INFO | Episode  274 - Reward: 10.000, Length: 10, Loss: 0.4196, Entropy: 0.6786, Epsilon: 0.322
2026-03-29 04:10:07 | INFO | Episode  275 - Reward: 14.000, Length: 14, Loss: 0.4151, Entropy: 0.6789, Epsilon: 0.319
2026-03-29 04:10:09 | INFO | Episode  276 - Reward: 14.000, Length: 14, Loss: 0.4314, Entropy: 0.6780, Epsilon: 0.317
2026-03-29 04:10:11 | INFO | Episode  277 - Reward: 12.000, Length: 12, Loss: 0.4403, Entropy: 0.6783, Epsilon: 0.314
2026-03-29 04:10:13 | INFO | Episode  278 - Reward: 12.000, Length: 12, Loss: 1.4305, Entropy: 0.6778, Epsilon: 0.312
2026-03-29 04:10:15 | INFO | Episode  279 - Reward: 10.000, Length: 10, Loss: 1.3581, Entropy: 0.6776, Epsilon: 0.309
2026-03-29 04:10:17 | INFO | Episode  280 - Reward: 10.000, Length: 10, Loss: 1.3116, Entropy: 0.6761, Epsilon: 0.307
2026-03-29 04:10:19 | INFO | Episode  281 - Reward: 12.000, Length: 12, Loss: 1.2551, Entropy: 0.6757, Epsilon: 0.305
2026-03-29 04:10:22 | INFO | Episode  282 - Reward: 10.000, Length: 10, Loss: 1.2470, Entropy: 0.6745, Epsilon: 0.302
2026-03-29 04:10:24 | INFO | Episode  283 - Reward: 13.000, Length: 13, Loss: 1.2086, Entropy: 0.6747, Epsilon: 0.300
2026-03-29 04:10:26 | INFO | Episode  284 - Reward: 9.000, Length: 9, Loss: 1.2195, Entropy: 0.6737, Epsilon: 0.297
2026-03-29 04:10:28 | INFO | Episode  285 - Reward: 10.000, Length: 10, Loss: 1.1009, Entropy: 0.6736, Epsilon: 0.295
2026-03-29 04:10:30 | INFO | Episode  286 - Reward: 13.000, Length: 13, Loss: 1.0661, Entropy: 0.6734, Epsilon: 0.292
2026-03-29 04:10:32 | INFO | Episode  287 - Reward: 11.000, Length: 11, Loss: 1.0404, Entropy: 0.6724, Epsilon: 0.290
2026-03-29 04:10:34 | INFO | Episode  288 - Reward: 11.000, Length: 11, Loss: 1.0197, Entropy: 0.6722, Epsilon: 0.287
2026-03-29 04:10:36 | INFO | Episode  289 - Reward: 10.000, Length: 10, Loss: 0.9437, Entropy: 0.6719, Epsilon: 0.285
2026-03-29 04:10:38 | INFO | Episode  290 - Reward: 14.000, Length: 14, Loss: 0.9242, Entropy: 0.6710, Epsilon: 0.282
2026-03-29 04:10:40 | INFO | Episode  291 - Reward: 9.000, Length: 9, Loss: 0.8963, Entropy: 0.6700, Epsilon: 0.280
2026-03-29 04:10:42 | INFO | Episode  292 - Reward: 13.000, Length: 13, Loss: 0.8811, Entropy: 0.6690, Epsilon: 0.277
2026-03-29 04:10:44 | INFO | Episode  293 - Reward: 10.000, Length: 10, Loss: 0.8989, Entropy: 0.6689, Epsilon: 0.275
2026-03-29 04:10:46 | INFO | Episode  294 - Reward: 15.000, Length: 15, Loss: 0.8373, Entropy: 0.6684, Epsilon: 0.272
2026-03-29 04:10:49 | INFO | Episode  295 - Reward: 10.000, Length: 10, Loss: 0.8131, Entropy: 0.6687, Epsilon: 0.270
2026-03-29 04:10:51 | INFO | Episode  296 - Reward: 9.000, Length: 9, Loss: 0.8715, Entropy: 0.6684, Epsilon: 0.267
2026-03-29 04:10:54 | INFO | Episode  297 - Reward: 11.000, Length: 11, Loss: 0.7422, Entropy: 0.6688, Epsilon: 0.265
2026-03-29 04:10:56 | INFO | Episode  298 - Reward: 11.000, Length: 11, Loss: 0.8177, Entropy: 0.6678, Epsilon: 0.262
2026-03-29 04:10:58 | INFO | Episode  299 - Reward: 10.000, Length: 10, Loss: 0.7037, Entropy: 0.6683, Epsilon: 0.260
2026-03-29 04:11:00 | INFO | Episode  300 - Reward: 15.000, Length: 15, Loss: 0.7672, Entropy: 0.6669, Epsilon: 0.258
2026-03-29 04:11:04 | INFO | [Episode  300] eps=0.258  avg_reward=  11.560  avg_length= 11.56  avg_loss=  0.7717  avg_entropy=0.6669  eval_success=0.000
2026-03-29 04:11:07 | INFO | Episode  301 - Reward: 12.000, Length: 12, Loss: 0.7274, Entropy: 0.6680, Epsilon: 0.255
2026-03-29 04:11:09 | INFO | Episode  302 - Reward: 9.000, Length: 9, Loss: 0.7821, Entropy: 0.6680, Epsilon: 0.253
2026-03-29 04:11:11 | INFO | Episode  303 - Reward: 10.000, Length: 10, Loss: 0.7159, Entropy: 0.6681, Epsilon: 0.250
2026-03-29 04:11:13 | INFO | Episode  304 - Reward: 13.000, Length: 13, Loss: 0.7104, Entropy: 0.6674, Epsilon: 0.248
2026-03-29 04:11:15 | INFO | Episode  305 - Reward: 11.000, Length: 11, Loss: 0.6886, Entropy: 0.6674, Epsilon: 0.245
2026-03-29 04:11:18 | INFO | Episode  306 - Reward: 8.000, Length: 8, Loss: 0.6733, Entropy: 0.6681, Epsilon: 0.243
2026-03-29 04:11:20 | INFO | Episode  307 - Reward: 10.000, Length: 10, Loss: 0.7475, Entropy: 0.6680, Epsilon: 0.240
2026-03-29 04:11:22 | INFO | Episode  308 - Reward: 12.000, Length: 12, Loss: 0.7575, Entropy: 0.6677, Epsilon: 0.238
2026-03-29 04:11:24 | INFO | Episode  309 - Reward: 12.000, Length: 12, Loss: 0.7147, Entropy: 0.6684, Epsilon: 0.235
2026-03-29 04:11:26 | INFO | Episode  310 - Reward: 11.000, Length: 11, Loss: 0.7032, Entropy: 0.6685, Epsilon: 0.233
2026-03-29 04:11:28 | INFO | Episode  311 - Reward: 12.000, Length: 12, Loss: 0.8396, Entropy: 0.6677, Epsilon: 0.230
2026-03-29 04:11:30 | INFO | Episode  312 - Reward: 10.000, Length: 10, Loss: 0.6927, Entropy: 0.6684, Epsilon: 0.228
2026-03-29 04:11:32 | INFO | Episode  313 - Reward: 8.000, Length: 8, Loss: 0.6039, Entropy: 0.6689, Epsilon: 0.225
2026-03-29 04:11:35 | INFO | Episode  314 - Reward: 9.000, Length: 9, Loss: 0.6929, Entropy: 0.6686, Epsilon: 0.223
2026-03-29 04:11:37 | INFO | Episode  315 - Reward: 12.000, Length: 12, Loss: 0.7645, Entropy: 0.6691, Epsilon: 0.220
2026-03-29 04:11:39 | INFO | Episode  316 - Reward: 11.000, Length: 11, Loss: 0.6839, Entropy: 0.6694, Epsilon: 0.218
2026-03-29 04:11:41 | INFO | Episode  317 - Reward: 8.000, Length: 8, Loss: 0.5899, Entropy: 0.6700, Epsilon: 0.215
2026-03-29 04:11:43 | INFO | Episode  318 - Reward: 9.000, Length: 9, Loss: 0.8605, Entropy: 0.6690, Epsilon: 0.213
2026-03-29 04:11:45 | INFO | Episode  319 - Reward: 10.000, Length: 10, Loss: 0.6622, Entropy: 0.6702, Epsilon: 0.210
2026-03-29 04:11:48 | INFO | Episode  320 - Reward: 13.000, Length: 13, Loss: 0.6491, Entropy: 0.6703, Epsilon: 0.208
2026-03-29 04:11:50 | INFO | Episode  321 - Reward: 10.000, Length: 10, Loss: 0.7771, Entropy: 0.6703, Epsilon: 0.206
2026-03-29 04:11:52 | INFO | Episode  322 - Reward: 10.000, Length: 10, Loss: 0.6309, Entropy: 0.6708, Epsilon: 0.203
2026-03-29 04:11:54 | INFO | Episode  323 - Reward: 16.000, Length: 16, Loss: 0.5980, Entropy: 0.6720, Epsilon: 0.201
2026-03-29 04:11:56 | INFO | Episode  324 - Reward: 9.000, Length: 9, Loss: 1.7776, Entropy: 0.6705, Epsilon: 0.198
2026-03-29 04:11:58 | INFO | Episode  325 - Reward: 13.000, Length: 13, Loss: 1.6111, Entropy: 0.6697, Epsilon: 0.196
2026-03-29 04:12:00 | INFO | Episode  326 - Reward: 14.000, Length: 14, Loss: 1.7255, Entropy: 0.6679, Epsilon: 0.193
2026-03-29 04:12:02 | INFO | Episode  327 - Reward: 10.000, Length: 10, Loss: 1.5462, Entropy: 0.6665, Epsilon: 0.191
2026-03-29 04:12:05 | INFO | Episode  328 - Reward: 11.000, Length: 11, Loss: 1.3947, Entropy: 0.6669, Epsilon: 0.188
2026-03-29 04:12:07 | INFO | Episode  329 - Reward: 10.000, Length: 10, Loss: 1.4998, Entropy: 0.6650, Epsilon: 0.186
2026-03-29 04:12:09 | INFO | Episode  330 - Reward: 10.000, Length: 10, Loss: 1.4690, Entropy: 0.6637, Epsilon: 0.183
2026-03-29 04:12:11 | INFO | Episode  331 - Reward: 10.000, Length: 10, Loss: 1.3537, Entropy: 0.6635, Epsilon: 0.181
2026-03-29 04:12:14 | INFO | Episode  332 - Reward: 9.000, Length: 9, Loss: 1.2644, Entropy: 0.6626, Epsilon: 0.178
2026-03-29 04:12:16 | INFO | Episode  333 - Reward: 17.000, Length: 17, Loss: 1.3226, Entropy: 0.6613, Epsilon: 0.176
2026-03-29 04:12:18 | INFO | Episode  334 - Reward: 9.000, Length: 9, Loss: 1.3860, Entropy: 0.6616, Epsilon: 0.173
2026-03-29 04:12:20 | INFO | Episode  335 - Reward: 11.000, Length: 11, Loss: 1.1731, Entropy: 0.6616, Epsilon: 0.171
2026-03-29 04:12:22 | INFO | Episode  336 - Reward: 8.000, Length: 8, Loss: 1.3050, Entropy: 0.6609, Epsilon: 0.168
2026-03-29 04:12:24 | INFO | Episode  337 - Reward: 10.000, Length: 10, Loss: 1.1711, Entropy: 0.6611, Epsilon: 0.166
2026-03-29 04:12:27 | INFO | Episode  338 - Reward: 11.000, Length: 11, Loss: 1.0201, Entropy: 0.6608, Epsilon: 0.163
2026-03-29 04:12:29 | INFO | Episode  339 - Reward: 13.000, Length: 13, Loss: 1.1331, Entropy: 0.6598, Epsilon: 0.161
2026-03-29 04:12:31 | INFO | Episode  340 - Reward: 9.000, Length: 9, Loss: 1.0809, Entropy: 0.6596, Epsilon: 0.158
2026-03-29 04:12:33 | INFO | Episode  341 - Reward: 11.000, Length: 11, Loss: 1.1906, Entropy: 0.6588, Epsilon: 0.156
2026-03-29 04:12:35 | INFO | Episode  342 - Reward: 9.000, Length: 9, Loss: 1.1171, Entropy: 0.6590, Epsilon: 0.154
2026-03-29 04:12:37 | INFO | Episode  343 - Reward: 10.000, Length: 10, Loss: 1.0894, Entropy: 0.6598, Epsilon: 0.151
2026-03-29 04:12:40 | INFO | Episode  344 - Reward: 11.000, Length: 11, Loss: 1.0127, Entropy: 0.6601, Epsilon: 0.149
2026-03-29 04:12:42 | INFO | Episode  345 - Reward: 12.000, Length: 12, Loss: 1.0569, Entropy: 0.6600, Epsilon: 0.146
2026-03-29 04:12:44 | INFO | Episode  346 - Reward: 10.000, Length: 10, Loss: 1.2934, Entropy: 0.6600, Epsilon: 0.144
2026-03-29 04:12:46 | INFO | Episode  347 - Reward: 9.000, Length: 9, Loss: 1.0492, Entropy: 0.6613, Epsilon: 0.141
2026-03-29 04:12:48 | INFO | Episode  348 - Reward: 10.000, Length: 10, Loss: 1.1469, Entropy: 0.6614, Epsilon: 0.139
2026-03-29 04:12:51 | INFO | Episode  349 - Reward: 12.000, Length: 12, Loss: 0.9754, Entropy: 0.6617, Epsilon: 0.136
2026-03-29 04:12:53 | INFO | Episode  350 - Reward: 13.000, Length: 13, Loss: 1.0608, Entropy: 0.6617, Epsilon: 0.134
2026-03-29 04:12:57 | INFO | [Episode  350] eps=0.134  avg_reward=  10.740  avg_length= 10.74  avg_loss=  1.0098  avg_entropy=0.6617  eval_success=0.000
2026-03-29 04:12:59 | INFO | Episode  351 - Reward: 10.000, Length: 10, Loss: 1.0517, Entropy: 0.6616, Epsilon: 0.131
2026-03-29 04:13:01 | INFO | Episode  352 - Reward: 10.000, Length: 10, Loss: 1.0587, Entropy: 0.6618, Epsilon: 0.129
2026-03-29 04:13:04 | INFO | Episode  353 - Reward: 10.000, Length: 10, Loss: 0.9630, Entropy: 0.6620, Epsilon: 0.126
2026-03-29 04:13:06 | INFO | Episode  354 - Reward: 9.000, Length: 9, Loss: 1.0028, Entropy: 0.6620, Epsilon: 0.124
2026-03-29 04:13:09 | INFO | Episode  355 - Reward: 9.000, Length: 9, Loss: 1.0768, Entropy: 0.6625, Epsilon: 0.121
2026-03-29 04:13:11 | INFO | Episode  356 - Reward: 10.000, Length: 10, Loss: 1.1849, Entropy: 0.6638, Epsilon: 0.119
2026-03-29 04:13:13 | INFO | Episode  357 - Reward: 10.000, Length: 10, Loss: 1.0178, Entropy: 0.6640, Epsilon: 0.116
2026-03-29 04:13:15 | INFO | Episode  358 - Reward: 9.000, Length: 9, Loss: 0.9644, Entropy: 0.6646, Epsilon: 0.114
2026-03-29 04:13:18 | INFO | Episode  359 - Reward: 9.000, Length: 9, Loss: 0.9387, Entropy: 0.6646, Epsilon: 0.111
2026-03-29 04:13:20 | INFO | Episode  360 - Reward: 10.000, Length: 10, Loss: 1.0066, Entropy: 0.6650, Epsilon: 0.109
2026-03-29 04:13:22 | INFO | Episode  361 - Reward: 10.000, Length: 10, Loss: 1.0460, Entropy: 0.6661, Epsilon: 0.107
2026-03-29 04:13:24 | INFO | Episode  362 - Reward: 9.000, Length: 9, Loss: 0.8800, Entropy: 0.6668, Epsilon: 0.104
2026-03-29 04:13:26 | INFO | Episode  363 - Reward: 8.000, Length: 8, Loss: 0.9810, Entropy: 0.6668, Epsilon: 0.102
2026-03-29 04:13:28 | INFO | Episode  364 - Reward: 9.000, Length: 9, Loss: 1.1237, Entropy: 0.6674, Epsilon: 0.099
2026-03-29 04:13:30 | INFO | Episode  365 - Reward: 10.000, Length: 10, Loss: 1.0948, Entropy: 0.6687, Epsilon: 0.097
2026-03-29 04:13:33 | INFO | Episode  366 - Reward: 9.000, Length: 9, Loss: 0.8485, Entropy: 0.6691, Epsilon: 0.094
2026-03-29 04:13:35 | INFO | Episode  367 - Reward: 10.000, Length: 10, Loss: 1.0008, Entropy: 0.6693, Epsilon: 0.092
2026-03-29 04:13:37 | INFO | Episode  368 - Reward: 10.000, Length: 10, Loss: 1.1401, Entropy: 0.6699, Epsilon: 0.089
2026-03-29 04:13:39 | INFO | Episode  369 - Reward: 9.000, Length: 9, Loss: 1.2093, Entropy: 0.6702, Epsilon: 0.087
2026-03-29 04:13:41 | INFO | Episode  370 - Reward: 9.000, Length: 9, Loss: 1.1087, Entropy: 0.6707, Epsilon: 0.084
2026-03-29 04:13:43 | INFO | Episode  371 - Reward: 8.000, Length: 8, Loss: 0.9176, Entropy: 0.6712, Epsilon: 0.082
2026-03-29 04:13:46 | INFO | Episode  372 - Reward: 10.000, Length: 10, Loss: 1.1029, Entropy: 0.6719, Epsilon: 0.079
2026-03-29 04:13:48 | INFO | Episode  373 - Reward: 9.000, Length: 9, Loss: 2.0498, Entropy: 0.6704, Epsilon: 0.077
2026-03-29 04:13:50 | INFO | Episode  374 - Reward: 11.000, Length: 11, Loss: 1.7902, Entropy: 0.6688, Epsilon: 0.074
2026-03-29 04:13:52 | INFO | Episode  375 - Reward: 10.000, Length: 10, Loss: 2.0396, Entropy: 0.6679, Epsilon: 0.072
2026-03-29 04:13:54 | INFO | Episode  376 - Reward: 9.000, Length: 9, Loss: 1.8757, Entropy: 0.6665, Epsilon: 0.069
2026-03-29 04:13:56 | INFO | Episode  377 - Reward: 12.000, Length: 12, Loss: 1.7735, Entropy: 0.6657, Epsilon: 0.067
2026-03-29 04:13:58 | INFO | Episode  378 - Reward: 9.000, Length: 9, Loss: 1.9276, Entropy: 0.6642, Epsilon: 0.064
2026-03-29 04:14:00 | INFO | Episode  379 - Reward: 9.000, Length: 9, Loss: 1.6556, Entropy: 0.6637, Epsilon: 0.062
2026-03-29 04:14:03 | INFO | Episode  380 - Reward: 11.000, Length: 11, Loss: 1.7740, Entropy: 0.6631, Epsilon: 0.059
2026-03-29 04:14:05 | INFO | Episode  381 - Reward: 10.000, Length: 10, Loss: 1.6524, Entropy: 0.6630, Epsilon: 0.057
2026-03-29 04:14:07 | INFO | Episode  382 - Reward: 10.000, Length: 10, Loss: 1.6086, Entropy: 0.6625, Epsilon: 0.055
2026-03-29 04:14:09 | INFO | Episode  383 - Reward: 12.000, Length: 12, Loss: 1.6699, Entropy: 0.6622, Epsilon: 0.052
2026-03-29 04:14:12 | INFO | Episode  384 - Reward: 8.000, Length: 8, Loss: 1.3092, Entropy: 0.6618, Epsilon: 0.050
2026-03-29 04:14:14 | INFO | Episode  385 - Reward: 9.000, Length: 9, Loss: 1.6505, Entropy: 0.6614, Epsilon: 0.047
2026-03-29 04:14:16 | INFO | Episode  386 - Reward: 10.000, Length: 10, Loss: 1.5445, Entropy: 0.6615, Epsilon: 0.045
2026-03-29 04:14:18 | INFO | Episode  387 - Reward: 10.000, Length: 10, Loss: 1.6716, Entropy: 0.6617, Epsilon: 0.042
2026-03-29 04:14:20 | INFO | Episode  388 - Reward: 8.000, Length: 8, Loss: 1.4360, Entropy: 0.6624, Epsilon: 0.040
2026-03-29 04:14:23 | INFO | Episode  389 - Reward: 10.000, Length: 10, Loss: 1.4337, Entropy: 0.6617, Epsilon: 0.037
2026-03-29 04:14:25 | INFO | Episode  390 - Reward: 8.000, Length: 8, Loss: 1.4051, Entropy: 0.6615, Epsilon: 0.035
2026-03-29 04:14:27 | INFO | Episode  391 - Reward: 9.000, Length: 9, Loss: 1.2899, Entropy: 0.6615, Epsilon: 0.032
2026-03-29 04:14:29 | INFO | Episode  392 - Reward: 8.000, Length: 8, Loss: 1.2490, Entropy: 0.6614, Epsilon: 0.030
2026-03-29 04:14:31 | INFO | Episode  393 - Reward: 10.000, Length: 10, Loss: 1.5897, Entropy: 0.6611, Epsilon: 0.027
2026-03-29 04:14:34 | INFO | Episode  394 - Reward: 9.000, Length: 9, Loss: 1.1568, Entropy: 0.6615, Epsilon: 0.025
2026-03-29 04:14:36 | INFO | Episode  395 - Reward: 9.000, Length: 9, Loss: 1.5019, Entropy: 0.6619, Epsilon: 0.022
2026-03-29 04:14:38 | INFO | Episode  396 - Reward: 9.000, Length: 9, Loss: 1.5891, Entropy: 0.6631, Epsilon: 0.020
2026-03-29 04:14:40 | INFO | Episode  397 - Reward: 10.000, Length: 10, Loss: 1.3395, Entropy: 0.6636, Epsilon: 0.017
2026-03-29 04:14:42 | INFO | Episode  398 - Reward: 8.000, Length: 8, Loss: 1.5058, Entropy: 0.6638, Epsilon: 0.015
2026-03-29 04:14:45 | INFO | Episode  399 - Reward: 9.000, Length: 9, Loss: 1.3674, Entropy: 0.6640, Epsilon: 0.012
2026-03-29 04:14:47 | INFO | Episode  400 - Reward: 8.000, Length: 8, Loss: 1.4178, Entropy: 0.6643, Epsilon: 0.010
2026-03-29 04:14:51 | INFO | [Episode  400] eps=0.010  avg_reward=   9.420  avg_length=  9.42  avg_loss=  1.3399  avg_entropy=0.6643  eval_success=0.000
2026-03-29 04:14:53 | INFO | Episode  401 - Reward: 9.000, Length: 9, Loss: 1.4691, Entropy: 0.6649, Epsilon: 0.010
2026-03-29 04:14:55 | INFO | Episode  402 - Reward: 9.000, Length: 9, Loss: 1.6998, Entropy: 0.6660, Epsilon: 0.010
2026-03-29 04:14:57 | INFO | Episode  403 - Reward: 8.000, Length: 8, Loss: 1.5339, Entropy: 0.6671, Epsilon: 0.010
2026-03-29 04:14:59 | INFO | Episode  404 - Reward: 8.000, Length: 8, Loss: 1.7539, Entropy: 0.6683, Epsilon: 0.010
2026-03-29 04:15:02 | INFO | Episode  405 - Reward: 10.000, Length: 10, Loss: 1.4568, Entropy: 0.6692, Epsilon: 0.010
2026-03-29 04:15:04 | INFO | Episode  406 - Reward: 9.000, Length: 9, Loss: 1.3070, Entropy: 0.6700, Epsilon: 0.010
2026-03-29 04:15:06 | INFO | Episode  407 - Reward: 10.000, Length: 10, Loss: 1.1888, Entropy: 0.6699, Epsilon: 0.010
2026-03-29 04:15:08 | INFO | Episode  408 - Reward: 9.000, Length: 9, Loss: 1.1508, Entropy: 0.6702, Epsilon: 0.010
2026-03-29 04:15:10 | INFO | Episode  409 - Reward: 9.000, Length: 9, Loss: 1.4144, Entropy: 0.6702, Epsilon: 0.010
2026-03-29 04:15:12 | INFO | Episode  410 - Reward: 9.000, Length: 9, Loss: 1.3736, Entropy: 0.6709, Epsilon: 0.010
2026-03-29 04:15:15 | INFO | Episode  411 - Reward: 8.000, Length: 8, Loss: 1.1969, Entropy: 0.6712, Epsilon: 0.010
2026-03-29 04:15:17 | INFO | Episode  412 - Reward: 10.000, Length: 10, Loss: 1.2615, Entropy: 0.6714, Epsilon: 0.010
2026-03-29 04:15:19 | INFO | Episode  413 - Reward: 10.000, Length: 10, Loss: 1.6642, Entropy: 0.6721, Epsilon: 0.010
2026-03-29 04:15:21 | INFO | Episode  414 - Reward: 10.000, Length: 10, Loss: 1.4136, Entropy: 0.6728, Epsilon: 0.010
2026-03-29 04:15:23 | INFO | Episode  415 - Reward: 10.000, Length: 10, Loss: 1.2888, Entropy: 0.6732, Epsilon: 0.010
2026-03-29 04:15:25 | INFO | Episode  416 - Reward: 10.000, Length: 10, Loss: 1.3641, Entropy: 0.6731, Epsilon: 0.010
2026-03-29 04:15:28 | INFO | Episode  417 - Reward: 8.000, Length: 8, Loss: 1.2552, Entropy: 0.6735, Epsilon: 0.010
2026-03-29 04:15:30 | INFO | Episode  418 - Reward: 9.000, Length: 9, Loss: 1.3955, Entropy: 0.6734, Epsilon: 0.010
2026-03-29 04:15:32 | INFO | Episode  419 - Reward: 9.000, Length: 9, Loss: 1.3418, Entropy: 0.6730, Epsilon: 0.010
2026-03-29 04:15:34 | INFO | Episode  420 - Reward: 10.000, Length: 10, Loss: 1.2753, Entropy: 0.6730, Epsilon: 0.010
2026-03-29 04:15:36 | INFO | Episode  421 - Reward: 10.000, Length: 10, Loss: 1.4442, Entropy: 0.6735, Epsilon: 0.010
2026-03-29 04:15:38 | INFO | Episode  422 - Reward: 9.000, Length: 9, Loss: 1.3824, Entropy: 0.6738, Epsilon: 0.010
2026-03-29 04:15:41 | INFO | Episode  423 - Reward: 8.000, Length: 8, Loss: 1.3795, Entropy: 0.6745, Epsilon: 0.010
2026-03-29 04:15:43 | INFO | Episode  424 - Reward: 10.000, Length: 10, Loss: 1.2384, Entropy: 0.6746, Epsilon: 0.010
2026-03-29 04:15:45 | INFO | Episode  425 - Reward: 10.000, Length: 10, Loss: 1.2649, Entropy: 0.6746, Epsilon: 0.010
2026-03-29 04:15:47 | INFO | Episode  426 - Reward: 9.000, Length: 9, Loss: 1.4488, Entropy: 0.6748, Epsilon: 0.010
2026-03-29 04:15:49 | INFO | Episode  427 - Reward: 10.000, Length: 10, Loss: 2.1127, Entropy: 0.6742, Epsilon: 0.010
2026-03-29 04:15:51 | INFO | Episode  428 - Reward: 9.000, Length: 9, Loss: 2.0788, Entropy: 0.6729, Epsilon: 0.010
2026-03-29 04:15:54 | INFO | Episode  429 - Reward: 9.000, Length: 9, Loss: 2.1436, Entropy: 0.6721, Epsilon: 0.010
2026-03-29 04:15:56 | INFO | Episode  430 - Reward: 9.000, Length: 9, Loss: 2.1275, Entropy: 0.6717, Epsilon: 0.010
2026-03-29 04:15:58 | INFO | Episode  431 - Reward: 9.000, Length: 9, Loss: 1.9428, Entropy: 0.6710, Epsilon: 0.010
2026-03-29 04:16:00 | INFO | Episode  432 - Reward: 8.000, Length: 8, Loss: 1.8560, Entropy: 0.6709, Epsilon: 0.010
2026-03-29 04:16:02 | INFO | Episode  433 - Reward: 10.000, Length: 10, Loss: 1.8383, Entropy: 0.6708, Epsilon: 0.010
2026-03-29 04:16:04 | INFO | Episode  434 - Reward: 8.000, Length: 8, Loss: 1.9364, Entropy: 0.6710, Epsilon: 0.010
2026-03-29 04:16:06 | INFO | Episode  435 - Reward: 10.000, Length: 10, Loss: 2.0996, Entropy: 0.6712, Epsilon: 0.010
2026-03-29 04:16:09 | INFO | Episode  436 - Reward: 9.000, Length: 9, Loss: 1.8423, Entropy: 0.6711, Epsilon: 0.010
2026-03-29 04:16:11 | INFO | Episode  437 - Reward: 9.000, Length: 9, Loss: 1.6463, Entropy: 0.6711, Epsilon: 0.010
2026-03-29 04:16:13 | INFO | Episode  438 - Reward: 10.000, Length: 10, Loss: 1.6185, Entropy: 0.6713, Epsilon: 0.010
2026-03-29 04:16:15 | INFO | Episode  439 - Reward: 8.000, Length: 8, Loss: 1.7710, Entropy: 0.6713, Epsilon: 0.010
2026-03-29 04:16:17 | INFO | Episode  440 - Reward: 8.000, Length: 8, Loss: 1.5166, Entropy: 0.6714, Epsilon: 0.010
2026-03-29 04:16:20 | INFO | Episode  441 - Reward: 9.000, Length: 9, Loss: 1.5636, Entropy: 0.6719, Epsilon: 0.010
2026-03-29 04:16:22 | INFO | Episode  442 - Reward: 10.000, Length: 10, Loss: 1.9695, Entropy: 0.6723, Epsilon: 0.010
2026-03-29 04:16:24 | INFO | Episode  443 - Reward: 10.000, Length: 10, Loss: 1.5815, Entropy: 0.6725, Epsilon: 0.010
2026-03-29 04:16:26 | INFO | Episode  444 - Reward: 9.000, Length: 9, Loss: 1.7849, Entropy: 0.6733, Epsilon: 0.010
2026-03-29 04:16:28 | INFO | Episode  445 - Reward: 8.000, Length: 8, Loss: 1.4450, Entropy: 0.6737, Epsilon: 0.010
2026-03-29 04:16:30 | INFO | Episode  446 - Reward: 10.000, Length: 10, Loss: 1.7605, Entropy: 0.6741, Epsilon: 0.010
2026-03-29 04:16:32 | INFO | Episode  447 - Reward: 10.000, Length: 10, Loss: 1.9636, Entropy: 0.6747, Epsilon: 0.010
2026-03-29 04:16:35 | INFO | Episode  448 - Reward: 10.000, Length: 10, Loss: 1.9379, Entropy: 0.6753, Epsilon: 0.010
2026-03-29 04:16:37 | INFO | Episode  449 - Reward: 10.000, Length: 10, Loss: 2.0743, Entropy: 0.6763, Epsilon: 0.010
2026-03-29 04:16:39 | INFO | Episode  450 - Reward: 11.000, Length: 11, Loss: 1.7322, Entropy: 0.6769, Epsilon: 0.010
2026-03-29 04:16:44 | INFO | [Episode  450] eps=0.010  avg_reward=   9.260  avg_length=  9.26  avg_loss=  1.6061  avg_entropy=0.6769  eval_success=0.000
2026-03-29 04:16:46 | INFO | Episode  451 - Reward: 9.000, Length: 9, Loss: 1.6529, Entropy: 0.6771, Epsilon: 0.010
2026-03-29 04:16:48 | INFO | Episode  452 - Reward: 8.000, Length: 8, Loss: 1.7290, Entropy: 0.6771, Epsilon: 0.010
2026-03-29 04:16:50 | INFO | Episode  453 - Reward: 8.000, Length: 8, Loss: 1.5849, Entropy: 0.6770, Epsilon: 0.010
2026-03-29 04:16:52 | INFO | Episode  454 - Reward: 10.000, Length: 10, Loss: 1.6789, Entropy: 0.6772, Epsilon: 0.010
2026-03-29 04:16:54 | INFO | Episode  455 - Reward: 9.000, Length: 9, Loss: 1.6482, Entropy: 0.6777, Epsilon: 0.010
2026-03-29 04:16:56 | INFO | Episode  456 - Reward: 9.000, Length: 9, Loss: 1.6462, Entropy: 0.6777, Epsilon: 0.010
2026-03-29 04:16:59 | INFO | Episode  457 - Reward: 9.000, Length: 9, Loss: 1.7732, Entropy: 0.6781, Epsilon: 0.010
2026-03-29 04:17:01 | INFO | Episode  458 - Reward: 9.000, Length: 9, Loss: 1.6082, Entropy: 0.6784, Epsilon: 0.010
2026-03-29 04:17:03 | INFO | Episode  459 - Reward: 10.000, Length: 10, Loss: 1.6302, Entropy: 0.6787, Epsilon: 0.010
2026-03-29 04:17:05 | INFO | Episode  460 - Reward: 9.000, Length: 9, Loss: 1.4886, Entropy: 0.6785, Epsilon: 0.010
2026-03-29 04:17:07 | INFO | Episode  461 - Reward: 9.000, Length: 9, Loss: 1.7279, Entropy: 0.6785, Epsilon: 0.010
2026-03-29 04:17:09 | INFO | Episode  462 - Reward: 10.000, Length: 10, Loss: 1.7041, Entropy: 0.6785, Epsilon: 0.010
2026-03-29 04:17:11 | INFO | Episode  463 - Reward: 9.000, Length: 9, Loss: 1.6042, Entropy: 0.6789, Epsilon: 0.010
2026-03-29 04:17:13 | INFO | Episode  464 - Reward: 10.000, Length: 10, Loss: 1.2658, Entropy: 0.6788, Epsilon: 0.010
2026-03-29 04:17:15 | INFO | Episode  465 - Reward: 10.000, Length: 10, Loss: 1.4747, Entropy: 0.6790, Epsilon: 0.010
2026-03-29 04:17:17 | INFO | Episode  466 - Reward: 8.000, Length: 8, Loss: 1.6699, Entropy: 0.6794, Epsilon: 0.010
2026-03-29 04:17:20 | INFO | Episode  467 - Reward: 8.000, Length: 8, Loss: 1.4985, Entropy: 0.6800, Epsilon: 0.010
2026-03-29 04:17:22 | INFO | Episode  468 - Reward: 9.000, Length: 9, Loss: 1.1736, Entropy: 0.6799, Epsilon: 0.010
2026-03-29 04:17:24 | INFO | Episode  469 - Reward: 12.000, Length: 12, Loss: 1.7138, Entropy: 0.6803, Epsilon: 0.010
2026-03-29 04:17:26 | INFO | Episode  470 - Reward: 9.000, Length: 9, Loss: 1.3682, Entropy: 0.6804, Epsilon: 0.010
2026-03-29 04:17:28 | INFO | Episode  471 - Reward: 9.000, Length: 9, Loss: 1.7156, Entropy: 0.6804, Epsilon: 0.010
2026-03-29 04:17:30 | INFO | Episode  472 - Reward: 10.000, Length: 10, Loss: 1.4290, Entropy: 0.6804, Epsilon: 0.010
2026-03-29 04:17:32 | INFO | Episode  473 - Reward: 10.000, Length: 10, Loss: 1.5886, Entropy: 0.6806, Epsilon: 0.010
2026-03-29 04:17:34 | INFO | Episode  474 - Reward: 9.000, Length: 9, Loss: 1.5177, Entropy: 0.6810, Epsilon: 0.010
2026-03-29 04:17:36 | INFO | Episode  475 - Reward: 11.000, Length: 11, Loss: 1.8233, Entropy: 0.6812, Epsilon: 0.010
2026-03-29 04:17:38 | INFO | Episode  476 - Reward: 9.000, Length: 9, Loss: 1.5901, Entropy: 0.6814, Epsilon: 0.010
2026-03-29 04:17:40 | INFO | Episode  477 - Reward: 9.000, Length: 9, Loss: 1.6727, Entropy: 0.6819, Epsilon: 0.010
2026-03-29 04:17:42 | INFO | Episode  478 - Reward: 10.000, Length: 10, Loss: 1.5675, Entropy: 0.6819, Epsilon: 0.010
2026-03-29 04:17:44 | INFO | Episode  479 - Reward: 10.000, Length: 10, Loss: 1.4246, Entropy: 0.6821, Epsilon: 0.010
2026-03-29 04:17:46 | INFO | Episode  480 - Reward: 10.000, Length: 10, Loss: 2.2078, Entropy: 0.6816, Epsilon: 0.010
2026-03-29 04:17:49 | INFO | Episode  481 - Reward: 9.000, Length: 9, Loss: 1.9656, Entropy: 0.6809, Epsilon: 0.010
2026-03-29 04:17:51 | INFO | Episode  482 - Reward: 9.000, Length: 9, Loss: 2.0666, Entropy: 0.6804, Epsilon: 0.010
2026-03-29 04:17:53 | INFO | Episode  483 - Reward: 9.000, Length: 9, Loss: 2.1705, Entropy: 0.6803, Epsilon: 0.010
2026-03-29 04:17:55 | INFO | Episode  484 - Reward: 9.000, Length: 9, Loss: 2.1605, Entropy: 0.6804, Epsilon: 0.010
2026-03-29 04:17:57 | INFO | Episode  485 - Reward: 10.000, Length: 10, Loss: 2.1538, Entropy: 0.6802, Epsilon: 0.010
2026-03-29 04:17:59 | INFO | Episode  486 - Reward: 9.000, Length: 9, Loss: 1.8037, Entropy: 0.6801, Epsilon: 0.010
2026-03-29 04:18:01 | INFO | Episode  487 - Reward: 11.000, Length: 11, Loss: 2.0792, Entropy: 0.6803, Epsilon: 0.010
2026-03-29 04:18:03 | INFO | Episode  488 - Reward: 9.000, Length: 9, Loss: 2.0147, Entropy: 0.6807, Epsilon: 0.010
2026-03-29 04:18:05 | INFO | Episode  489 - Reward: 9.000, Length: 9, Loss: 2.0521, Entropy: 0.6808, Epsilon: 0.010
2026-03-29 04:18:07 | INFO | Episode  490 - Reward: 9.000, Length: 9, Loss: 1.9976, Entropy: 0.6811, Epsilon: 0.010
2026-03-29 04:18:10 | INFO | Episode  491 - Reward: 10.000, Length: 10, Loss: 2.0749, Entropy: 0.6813, Epsilon: 0.010
2026-03-29 04:18:12 | INFO | Episode  492 - Reward: 9.000, Length: 9, Loss: 1.8322, Entropy: 0.6817, Epsilon: 0.010
2026-03-29 04:18:14 | INFO | Episode  493 - Reward: 10.000, Length: 10, Loss: 1.6609, Entropy: 0.6816, Epsilon: 0.010
2026-03-29 04:18:16 | INFO | Episode  494 - Reward: 10.000, Length: 10, Loss: 1.7573, Entropy: 0.6819, Epsilon: 0.010
2026-03-29 04:18:18 | INFO | Episode  495 - Reward: 10.000, Length: 10, Loss: 1.6419, Entropy: 0.6823, Epsilon: 0.010
2026-03-29 04:18:20 | INFO | Episode  496 - Reward: 10.000, Length: 10, Loss: 1.8129, Entropy: 0.6827, Epsilon: 0.010
2026-03-29 04:18:23 | INFO | Episode  497 - Reward: 10.000, Length: 10, Loss: 2.0220, Entropy: 0.6836, Epsilon: 0.010
2026-03-29 04:18:25 | INFO | Episode  498 - Reward: 9.000, Length: 9, Loss: 1.6477, Entropy: 0.6841, Epsilon: 0.010
2026-03-29 04:18:27 | INFO | Episode  499 - Reward: 9.000, Length: 9, Loss: 1.7516, Entropy: 0.6845, Epsilon: 0.010
2026-03-29 04:18:30 | INFO | Episode  500 - Reward: 10.000, Length: 10, Loss: 1.8383, Entropy: 0.6852, Epsilon: 0.010
2026-03-29 04:18:35 | INFO | [Episode  500] eps=0.010  avg_reward=   9.420  avg_length=  9.42  avg_loss=  1.7336  avg_entropy=0.6852  eval_success=0.000
2026-03-29 04:18:35 | INFO | DQN+Entropy training: 18m 50.36s
2026-03-29 04:18:52 | INFO | [Final Eval] success=0.000, mean_reward=9.330
