2026-03-29 05:06:20 | INFO | ============================================================
2026-03-29 05:06:20 | INFO | DEVICE / COMPUTE INFORMATION
2026-03-29 05:06:20 | INFO |   JAX backend       : GPU
2026-03-29 05:06:20 | INFO |   Platform          : gpu
2026-03-29 05:06:20 | INFO |   Num devices       : 2
2026-03-29 05:06:20 | INFO |   Device            : cuda:0
2026-03-29 05:06:20 | INFO |   Device            : cuda:1
2026-03-29 05:06:20 | INFO |   GPU name          : Tesla T4
2026-03-29 05:06:20 | INFO | ============================================================
2026-03-29 05:06:20 | INFO | DQN+Entropy | seed=0, lr=0.01, gamma=0.95, alpha=0.05
2026-03-29 05:06:20 | INFO | Env: cartpole/dense, obs_dim=4, num_actions=2
2026-03-29 05:06:23 | INFO | Episode    1 - Reward: 11.000, Length: 11, Loss: 0.0000, Entropy: 0.0000, Epsilon: 0.998
2026-03-29 05:06:26 | INFO | Episode    2 - Reward: 28.000, Length: 28, Loss: 0.0000, Entropy: 0.0000, Epsilon: 0.995
2026-03-29 05:06:28 | INFO | Episode    3 - Reward: 27.000, Length: 27, Loss: 0.0000, Entropy: 0.0000, Epsilon: 0.993
2026-03-29 05:06:30 | INFO | Episode    4 - Reward: 12.000, Length: 12, Loss: 0.0000, Entropy: 0.0000, Epsilon: 0.990
2026-03-29 05:06:32 | INFO | Episode    5 - Reward: 29.000, Length: 29, Loss: 0.0000, Entropy: 0.0000, Epsilon: 0.988
2026-03-29 05:06:34 | INFO | Episode    6 - Reward: 15.000, Length: 15, Loss: 0.0000, Entropy: 0.0000, Epsilon: 0.985
2026-03-29 05:06:36 | INFO | Episode    7 - Reward: 16.000, Length: 16, Loss: 0.0000, Entropy: 0.0000, Epsilon: 0.983
2026-03-29 05:06:38 | INFO | Episode    8 - Reward: 21.000, Length: 21, Loss: 0.0000, Entropy: 0.0000, Epsilon: 0.980
2026-03-29 05:06:40 | INFO | Episode    9 - Reward: 16.000, Length: 16, Loss: 0.0000, Entropy: 0.0000, Epsilon: 0.978
2026-03-29 05:06:42 | INFO | Episode   10 - Reward: 34.000, Length: 34, Loss: 0.0000, Entropy: 0.0000, Epsilon: 0.975
2026-03-29 05:06:43 | INFO | Episode   11 - Reward: 16.000, Length: 16, Loss: 0.0000, Entropy: 0.0000, Epsilon: 0.973
2026-03-29 05:06:45 | INFO | Episode   12 - Reward: 12.000, Length: 12, Loss: 0.0000, Entropy: 0.0000, Epsilon: 0.970
2026-03-29 05:06:47 | INFO | Episode   13 - Reward: 12.000, Length: 12, Loss: 0.0000, Entropy: 0.0000, Epsilon: 0.968
2026-03-29 05:06:52 | INFO | Episode   14 - Reward: 29.000, Length: 29, Loss: 0.9342, Entropy: 0.6931, Epsilon: 0.965
2026-03-29 05:06:54 | INFO | Episode   15 - Reward: 17.000, Length: 17, Loss: 0.8309, Entropy: 0.6931, Epsilon: 0.963
2026-03-29 05:06:56 | INFO | Episode   16 - Reward: 14.000, Length: 14, Loss: 0.7378, Entropy: 0.6931, Epsilon: 0.960
2026-03-29 05:06:59 | INFO | Episode   17 - Reward: 24.000, Length: 24, Loss: 0.6524, Entropy: 0.6931, Epsilon: 0.958
2026-03-29 05:07:00 | INFO | Episode   18 - Reward: 14.000, Length: 14, Loss: 0.5736, Entropy: 0.6931, Epsilon: 0.955
2026-03-29 05:07:02 | INFO | Episode   19 - Reward: 45.000, Length: 45, Loss: 0.5036, Entropy: 0.6931, Epsilon: 0.953
2026-03-29 05:07:04 | INFO | Episode   20 - Reward: 46.000, Length: 46, Loss: 0.4399, Entropy: 0.6931, Epsilon: 0.951
2026-03-29 05:07:06 | INFO | Episode   21 - Reward: 23.000, Length: 23, Loss: 0.3827, Entropy: 0.6931, Epsilon: 0.948
2026-03-29 05:07:09 | INFO | Episode   22 - Reward: 52.000, Length: 52, Loss: 0.3322, Entropy: 0.6931, Epsilon: 0.946
2026-03-29 05:07:10 | INFO | Episode   23 - Reward: 21.000, Length: 21, Loss: 0.8557, Entropy: 0.6931, Epsilon: 0.943
2026-03-29 05:07:12 | INFO | Episode   24 - Reward: 16.000, Length: 16, Loss: 0.7382, Entropy: 0.6931, Epsilon: 0.941
2026-03-29 05:07:14 | INFO | Episode   25 - Reward: 16.000, Length: 16, Loss: 0.6312, Entropy: 0.6931, Epsilon: 0.938
2026-03-29 05:07:16 | INFO | Episode   26 - Reward: 16.000, Length: 16, Loss: 0.5369, Entropy: 0.6931, Epsilon: 0.936
2026-03-29 05:07:18 | INFO | Episode   27 - Reward: 38.000, Length: 38, Loss: 0.4430, Entropy: 0.6931, Epsilon: 0.933
2026-03-29 05:07:20 | INFO | Episode   28 - Reward: 11.000, Length: 11, Loss: 0.3693, Entropy: 0.6931, Epsilon: 0.931
2026-03-29 05:07:22 | INFO | Episode   29 - Reward: 27.000, Length: 27, Loss: 0.3064, Entropy: 0.6930, Epsilon: 0.928
2026-03-29 05:07:25 | INFO | Episode   30 - Reward: 9.000, Length: 9, Loss: 0.2426, Entropy: 0.6930, Epsilon: 0.926
2026-03-29 05:07:27 | INFO | Episode   31 - Reward: 26.000, Length: 26, Loss: 0.1932, Entropy: 0.6930, Epsilon: 0.923
2026-03-29 05:07:29 | INFO | Episode   32 - Reward: 11.000, Length: 11, Loss: 0.1514, Entropy: 0.6930, Epsilon: 0.921
2026-03-29 05:07:31 | INFO | Episode   33 - Reward: 17.000, Length: 17, Loss: 0.1143, Entropy: 0.6930, Epsilon: 0.918
2026-03-29 05:07:33 | INFO | Episode   34 - Reward: 14.000, Length: 14, Loss: 0.0867, Entropy: 0.6929, Epsilon: 0.916
2026-03-29 05:07:35 | INFO | Episode   35 - Reward: 17.000, Length: 17, Loss: 0.0649, Entropy: 0.6929, Epsilon: 0.913
2026-03-29 05:07:37 | INFO | Episode   36 - Reward: 43.000, Length: 43, Loss: 0.0463, Entropy: 0.6929, Epsilon: 0.911
2026-03-29 05:07:39 | INFO | Episode   37 - Reward: 21.000, Length: 21, Loss: 0.0314, Entropy: 0.6929, Epsilon: 0.908
2026-03-29 05:07:41 | INFO | Episode   38 - Reward: 12.000, Length: 12, Loss: 0.0194, Entropy: 0.6929, Epsilon: 0.906
2026-03-29 05:07:43 | INFO | Episode   39 - Reward: 30.000, Length: 30, Loss: 0.0111, Entropy: 0.6929, Epsilon: 0.903
2026-03-29 05:07:46 | INFO | Episode   40 - Reward: 15.000, Length: 15, Loss: 0.0056, Entropy: 0.6929, Epsilon: 0.901
2026-03-29 05:07:48 | INFO | Episode   41 - Reward: 19.000, Length: 19, Loss: -0.0017, Entropy: 0.6929, Epsilon: 0.899
2026-03-29 05:07:50 | INFO | Episode   42 - Reward: 13.000, Length: 13, Loss: -0.0036, Entropy: 0.6929, Epsilon: 0.896
2026-03-29 05:07:52 | INFO | Episode   43 - Reward: 22.000, Length: 22, Loss: -0.0090, Entropy: 0.6929, Epsilon: 0.894
2026-03-29 05:07:54 | INFO | Episode   44 - Reward: 27.000, Length: 27, Loss: -0.0103, Entropy: 0.6929, Epsilon: 0.891
2026-03-29 05:07:56 | INFO | Episode   45 - Reward: 36.000, Length: 36, Loss: -0.0146, Entropy: 0.6929, Epsilon: 0.889
2026-03-29 05:07:58 | INFO | Episode   46 - Reward: 37.000, Length: 37, Loss: -0.0130, Entropy: 0.6930, Epsilon: 0.886
2026-03-29 05:08:01 | INFO | Episode   47 - Reward: 10.000, Length: 10, Loss: 0.7663, Entropy: 0.6929, Epsilon: 0.884
2026-03-29 05:08:03 | INFO | Episode   48 - Reward: 38.000, Length: 38, Loss: 0.5628, Entropy: 0.6927, Epsilon: 0.881
2026-03-29 05:08:05 | INFO | Episode   49 - Reward: 16.000, Length: 16, Loss: 0.4090, Entropy: 0.6926, Epsilon: 0.879
2026-03-29 05:08:07 | INFO | Episode   50 - Reward: 12.000, Length: 12, Loss: 0.2884, Entropy: 0.6924, Epsilon: 0.876
2026-03-29 05:08:13 | INFO | [Episode   50] eps=0.876  avg_reward=  22.060  avg_length= 22.06  avg_loss=  0.2442  avg_entropy=0.6924  eval_success=0.000
2026-03-29 05:08:15 | INFO | Episode   51 - Reward: 13.000, Length: 13, Loss: 0.2190, Entropy: 0.6924, Epsilon: 0.874
2026-03-29 05:08:17 | INFO | Episode   52 - Reward: 37.000, Length: 37, Loss: 0.1510, Entropy: 0.6924, Epsilon: 0.871
2026-03-29 05:08:20 | INFO | Episode   53 - Reward: 24.000, Length: 24, Loss: 0.1145, Entropy: 0.6924, Epsilon: 0.869
2026-03-29 05:08:22 | INFO | Episode   54 - Reward: 15.000, Length: 15, Loss: 0.1167, Entropy: 0.6924, Epsilon: 0.866
2026-03-29 05:08:24 | INFO | Episode   55 - Reward: 11.000, Length: 11, Loss: 0.0933, Entropy: 0.6924, Epsilon: 0.864
2026-03-29 05:08:26 | INFO | Episode   56 - Reward: 28.000, Length: 28, Loss: 0.0638, Entropy: 0.6925, Epsilon: 0.861
2026-03-29 05:08:28 | INFO | Episode   57 - Reward: 15.000, Length: 15, Loss: 0.0744, Entropy: 0.6925, Epsilon: 0.859
2026-03-29 05:08:30 | INFO | Episode   58 - Reward: 22.000, Length: 22, Loss: 0.0939, Entropy: 0.6925, Epsilon: 0.856
2026-03-29 05:08:32 | INFO | Episode   59 - Reward: 31.000, Length: 31, Loss: 0.0756, Entropy: 0.6925, Epsilon: 0.854
2026-03-29 05:08:34 | INFO | Episode   60 - Reward: 16.000, Length: 16, Loss: 0.0751, Entropy: 0.6925, Epsilon: 0.852
2026-03-29 05:08:36 | INFO | Episode   61 - Reward: 20.000, Length: 20, Loss: 0.0707, Entropy: 0.6925, Epsilon: 0.849
2026-03-29 05:08:39 | INFO | Episode   62 - Reward: 38.000, Length: 38, Loss: 0.0668, Entropy: 0.6926, Epsilon: 0.847
2026-03-29 05:08:41 | INFO | Episode   63 - Reward: 21.000, Length: 21, Loss: 0.0704, Entropy: 0.6927, Epsilon: 0.844
2026-03-29 05:08:43 | INFO | Episode   64 - Reward: 30.000, Length: 30, Loss: 0.0536, Entropy: 0.6927, Epsilon: 0.842
2026-03-29 05:08:45 | INFO | Episode   65 - Reward: 14.000, Length: 14, Loss: 0.0455, Entropy: 0.6927, Epsilon: 0.839
2026-03-29 05:08:47 | INFO | Episode   66 - Reward: 20.000, Length: 20, Loss: 0.0551, Entropy: 0.6927, Epsilon: 0.837
2026-03-29 05:08:50 | INFO | Episode   67 - Reward: 14.000, Length: 14, Loss: 0.0691, Entropy: 0.6927, Epsilon: 0.834
2026-03-29 05:08:52 | INFO | Episode   68 - Reward: 16.000, Length: 16, Loss: 0.0674, Entropy: 0.6928, Epsilon: 0.832
2026-03-29 05:08:54 | INFO | Episode   69 - Reward: 23.000, Length: 23, Loss: 0.0841, Entropy: 0.6928, Epsilon: 0.829
2026-03-29 05:08:56 | INFO | Episode   70 - Reward: 30.000, Length: 30, Loss: 0.7494, Entropy: 0.6926, Epsilon: 0.827
2026-03-29 05:08:58 | INFO | Episode   71 - Reward: 34.000, Length: 34, Loss: 0.4809, Entropy: 0.6924, Epsilon: 0.824
2026-03-29 05:09:00 | INFO | Episode   72 - Reward: 46.000, Length: 46, Loss: 0.3255, Entropy: 0.6922, Epsilon: 0.822
2026-03-29 05:09:02 | INFO | Episode   73 - Reward: 21.000, Length: 21, Loss: 0.2233, Entropy: 0.6922, Epsilon: 0.819
2026-03-29 05:09:04 | INFO | Episode   74 - Reward: 24.000, Length: 24, Loss: 0.2676, Entropy: 0.6924, Epsilon: 0.817
2026-03-29 05:09:07 | INFO | Episode   75 - Reward: 25.000, Length: 25, Loss: 0.1823, Entropy: 0.6924, Epsilon: 0.814
2026-03-29 05:09:09 | INFO | Episode   76 - Reward: 30.000, Length: 30, Loss: 0.2501, Entropy: 0.6925, Epsilon: 0.812
2026-03-29 05:09:11 | INFO | Episode   77 - Reward: 29.000, Length: 29, Loss: 0.1482, Entropy: 0.6926, Epsilon: 0.809
2026-03-29 05:09:13 | INFO | Episode   78 - Reward: 11.000, Length: 11, Loss: 0.1552, Entropy: 0.6925, Epsilon: 0.807
2026-03-29 05:09:15 | INFO | Episode   79 - Reward: 23.000, Length: 23, Loss: 0.2068, Entropy: 0.6926, Epsilon: 0.804
2026-03-29 05:09:17 | INFO | Episode   80 - Reward: 21.000, Length: 21, Loss: 0.2056, Entropy: 0.6926, Epsilon: 0.802
2026-03-29 05:09:19 | INFO | Episode   81 - Reward: 11.000, Length: 11, Loss: 0.1804, Entropy: 0.6928, Epsilon: 0.800
2026-03-29 05:09:21 | INFO | Episode   82 - Reward: 14.000, Length: 14, Loss: 0.2517, Entropy: 0.6928, Epsilon: 0.797
2026-03-29 05:09:23 | INFO | Episode   83 - Reward: 17.000, Length: 17, Loss: 0.1606, Entropy: 0.6928, Epsilon: 0.795
2026-03-29 05:09:26 | INFO | Episode   84 - Reward: 22.000, Length: 22, Loss: 0.2265, Entropy: 0.6928, Epsilon: 0.792
2026-03-29 05:09:28 | INFO | Episode   85 - Reward: 16.000, Length: 16, Loss: 0.1871, Entropy: 0.6929, Epsilon: 0.790
2026-03-29 05:09:30 | INFO | Episode   86 - Reward: 13.000, Length: 13, Loss: 0.2385, Entropy: 0.6930, Epsilon: 0.787
2026-03-29 05:09:32 | INFO | Episode   87 - Reward: 16.000, Length: 16, Loss: 0.1531, Entropy: 0.6930, Epsilon: 0.785
2026-03-29 05:09:34 | INFO | Episode   88 - Reward: 17.000, Length: 17, Loss: 0.1722, Entropy: 0.6930, Epsilon: 0.782
2026-03-29 05:09:36 | INFO | Episode   89 - Reward: 14.000, Length: 14, Loss: 0.2129, Entropy: 0.6930, Epsilon: 0.780
2026-03-29 05:09:38 | INFO | Episode   90 - Reward: 16.000, Length: 16, Loss: 0.2289, Entropy: 0.6929, Epsilon: 0.777
2026-03-29 05:09:41 | INFO | Episode   91 - Reward: 27.000, Length: 27, Loss: 0.1445, Entropy: 0.6929, Epsilon: 0.775
2026-03-29 05:09:43 | INFO | Episode   92 - Reward: 17.000, Length: 17, Loss: 0.2090, Entropy: 0.6928, Epsilon: 0.772
2026-03-29 05:09:45 | INFO | Episode   93 - Reward: 13.000, Length: 13, Loss: 0.7606, Entropy: 0.6923, Epsilon: 0.770
2026-03-29 05:09:47 | INFO | Episode   94 - Reward: 12.000, Length: 12, Loss: 0.5305, Entropy: 0.6924, Epsilon: 0.767
2026-03-29 05:09:49 | INFO | Episode   95 - Reward: 17.000, Length: 17, Loss: 0.3825, Entropy: 0.6926, Epsilon: 0.765
2026-03-29 05:09:51 | INFO | Episode   96 - Reward: 10.000, Length: 10, Loss: 0.3159, Entropy: 0.6926, Epsilon: 0.762
2026-03-29 05:09:53 | INFO | Episode   97 - Reward: 15.000, Length: 15, Loss: 0.2545, Entropy: 0.6928, Epsilon: 0.760
2026-03-29 05:09:55 | INFO | Episode   98 - Reward: 43.000, Length: 43, Loss: 0.3610, Entropy: 0.6929, Epsilon: 0.757
2026-03-29 05:09:57 | INFO | Episode   99 - Reward: 14.000, Length: 14, Loss: 0.4126, Entropy: 0.6927, Epsilon: 0.755
2026-03-29 05:09:59 | INFO | Episode  100 - Reward: 15.000, Length: 15, Loss: 0.2866, Entropy: 0.6927, Epsilon: 0.752
2026-03-29 05:10:04 | INFO | [Episode  100] eps=0.752  avg_reward=  20.820  avg_length= 20.82  avg_loss=  0.2105  avg_entropy=0.6927  eval_success=0.000
2026-03-29 05:10:06 | INFO | Episode  101 - Reward: 21.000, Length: 21, Loss: 0.3887, Entropy: 0.6926, Epsilon: 0.750
2026-03-29 05:10:08 | INFO | Episode  102 - Reward: 13.000, Length: 13, Loss: 0.4274, Entropy: 0.6927, Epsilon: 0.748
2026-03-29 05:10:10 | INFO | Episode  103 - Reward: 24.000, Length: 24, Loss: 0.4039, Entropy: 0.6928, Epsilon: 0.745
2026-03-29 05:10:12 | INFO | Episode  104 - Reward: 20.000, Length: 20, Loss: 0.3523, Entropy: 0.6928, Epsilon: 0.743
2026-03-29 05:10:14 | INFO | Episode  105 - Reward: 15.000, Length: 15, Loss: 0.3523, Entropy: 0.6928, Epsilon: 0.740
2026-03-29 05:10:16 | INFO | Episode  106 - Reward: 11.000, Length: 11, Loss: 0.2419, Entropy: 0.6930, Epsilon: 0.738
2026-03-29 05:10:19 | INFO | Episode  107 - Reward: 23.000, Length: 23, Loss: 0.3100, Entropy: 0.6929, Epsilon: 0.735
2026-03-29 05:10:21 | INFO | Episode  108 - Reward: 13.000, Length: 13, Loss: 0.3087, Entropy: 0.6930, Epsilon: 0.733
2026-03-29 05:10:23 | INFO | Episode  109 - Reward: 9.000, Length: 9, Loss: 0.4066, Entropy: 0.6930, Epsilon: 0.730
2026-03-29 05:10:25 | INFO | Episode  110 - Reward: 14.000, Length: 14, Loss: 0.2769, Entropy: 0.6931, Epsilon: 0.728
2026-03-29 05:10:27 | INFO | Episode  111 - Reward: 14.000, Length: 14, Loss: 0.3548, Entropy: 0.6931, Epsilon: 0.725
2026-03-29 05:10:29 | INFO | Episode  112 - Reward: 13.000, Length: 13, Loss: 0.3965, Entropy: 0.6931, Epsilon: 0.723
2026-03-29 05:10:31 | INFO | Episode  113 - Reward: 12.000, Length: 12, Loss: 0.3566, Entropy: 0.6931, Epsilon: 0.720
2026-03-29 05:10:33 | INFO | Episode  114 - Reward: 14.000, Length: 14, Loss: 0.3551, Entropy: 0.6931, Epsilon: 0.718
2026-03-29 05:10:35 | INFO | Episode  115 - Reward: 17.000, Length: 17, Loss: 0.3217, Entropy: 0.6931, Epsilon: 0.715
2026-03-29 05:10:37 | INFO | Episode  116 - Reward: 17.000, Length: 17, Loss: 0.4164, Entropy: 0.6931, Epsilon: 0.713
2026-03-29 05:10:39 | INFO | Episode  117 - Reward: 16.000, Length: 16, Loss: 0.3178, Entropy: 0.6931, Epsilon: 0.710
2026-03-29 05:10:41 | INFO | Episode  118 - Reward: 17.000, Length: 17, Loss: 0.3688, Entropy: 0.6930, Epsilon: 0.708
2026-03-29 05:10:44 | INFO | Episode  119 - Reward: 23.000, Length: 23, Loss: 0.3977, Entropy: 0.6930, Epsilon: 0.705
2026-03-29 05:10:46 | INFO | Episode  120 - Reward: 12.000, Length: 12, Loss: 0.3207, Entropy: 0.6930, Epsilon: 0.703
2026-03-29 05:10:48 | INFO | Episode  121 - Reward: 10.000, Length: 10, Loss: 0.4839, Entropy: 0.6930, Epsilon: 0.701
2026-03-29 05:10:50 | INFO | Episode  122 - Reward: 17.000, Length: 17, Loss: 0.4111, Entropy: 0.6930, Epsilon: 0.698
2026-03-29 05:10:52 | INFO | Episode  123 - Reward: 11.000, Length: 11, Loss: 0.3323, Entropy: 0.6929, Epsilon: 0.696
2026-03-29 05:10:54 | INFO | Episode  124 - Reward: 16.000, Length: 16, Loss: 0.9572, Entropy: 0.6928, Epsilon: 0.693
2026-03-29 05:10:56 | INFO | Episode  125 - Reward: 49.000, Length: 49, Loss: 0.6789, Entropy: 0.6925, Epsilon: 0.691
2026-03-29 05:10:58 | INFO | Episode  126 - Reward: 51.000, Length: 51, Loss: 0.3888, Entropy: 0.6928, Epsilon: 0.688
2026-03-29 05:11:00 | INFO | Episode  127 - Reward: 18.000, Length: 18, Loss: 0.5213, Entropy: 0.6929, Epsilon: 0.686
2026-03-29 05:11:02 | INFO | Episode  128 - Reward: 24.000, Length: 24, Loss: 0.5638, Entropy: 0.6927, Epsilon: 0.683
2026-03-29 05:11:05 | INFO | Episode  129 - Reward: 14.000, Length: 14, Loss: 0.5429, Entropy: 0.6929, Epsilon: 0.681
2026-03-29 05:11:07 | INFO | Episode  130 - Reward: 13.000, Length: 13, Loss: 0.5782, Entropy: 0.6931, Epsilon: 0.678
2026-03-29 05:11:09 | INFO | Episode  131 - Reward: 30.000, Length: 30, Loss: 0.5598, Entropy: 0.6931, Epsilon: 0.676
2026-03-29 05:11:11 | INFO | Episode  132 - Reward: 12.000, Length: 12, Loss: 0.5788, Entropy: 0.6931, Epsilon: 0.673
2026-03-29 05:11:13 | INFO | Episode  133 - Reward: 14.000, Length: 14, Loss: 0.4958, Entropy: 0.6929, Epsilon: 0.671
2026-03-29 05:11:15 | INFO | Episode  134 - Reward: 19.000, Length: 19, Loss: 0.6534, Entropy: 0.6929, Epsilon: 0.668
2026-03-29 05:11:17 | INFO | Episode  135 - Reward: 10.000, Length: 10, Loss: 0.5863, Entropy: 0.6930, Epsilon: 0.666
2026-03-29 05:11:19 | INFO | Episode  136 - Reward: 22.000, Length: 22, Loss: 0.5776, Entropy: 0.6930, Epsilon: 0.663
2026-03-29 05:11:21 | INFO | Episode  137 - Reward: 14.000, Length: 14, Loss: 0.4381, Entropy: 0.6931, Epsilon: 0.661
2026-03-29 05:11:23 | INFO | Episode  138 - Reward: 20.000, Length: 20, Loss: 0.4392, Entropy: 0.6930, Epsilon: 0.658
2026-03-29 05:11:26 | INFO | Episode  139 - Reward: 10.000, Length: 10, Loss: 0.5683, Entropy: 0.6929, Epsilon: 0.656
2026-03-29 05:11:28 | INFO | Episode  140 - Reward: 13.000, Length: 13, Loss: 0.5303, Entropy: 0.6930, Epsilon: 0.653
2026-03-29 05:11:30 | INFO | Episode  141 - Reward: 22.000, Length: 22, Loss: 0.5934, Entropy: 0.6928, Epsilon: 0.651
2026-03-29 05:11:32 | INFO | Episode  142 - Reward: 11.000, Length: 11, Loss: 0.4228, Entropy: 0.6929, Epsilon: 0.649
2026-03-29 05:11:34 | INFO | Episode  143 - Reward: 13.000, Length: 13, Loss: 0.6050, Entropy: 0.6929, Epsilon: 0.646
2026-03-29 05:11:36 | INFO | Episode  144 - Reward: 21.000, Length: 21, Loss: 0.5133, Entropy: 0.6930, Epsilon: 0.644
2026-03-29 05:11:38 | INFO | Episode  145 - Reward: 15.000, Length: 15, Loss: 0.6633, Entropy: 0.6929, Epsilon: 0.641
2026-03-29 05:11:41 | INFO | Episode  146 - Reward: 16.000, Length: 16, Loss: 0.5573, Entropy: 0.6930, Epsilon: 0.639
2026-03-29 05:11:43 | INFO | Episode  147 - Reward: 41.000, Length: 41, Loss: 0.4613, Entropy: 0.6930, Epsilon: 0.636
2026-03-29 05:11:45 | INFO | Episode  148 - Reward: 10.000, Length: 10, Loss: 0.6275, Entropy: 0.6931, Epsilon: 0.634
2026-03-29 05:11:47 | INFO | Episode  149 - Reward: 10.000, Length: 10, Loss: 0.7065, Entropy: 0.6930, Epsilon: 0.631
2026-03-29 05:11:49 | INFO | Episode  150 - Reward: 12.000, Length: 12, Loss: 0.9732, Entropy: 0.6931, Epsilon: 0.629
2026-03-29 05:11:54 | INFO | [Episode  150] eps=0.629  avg_reward=  17.520  avg_length= 17.52  avg_loss=  0.4817  avg_entropy=0.6931  eval_success=0.000
2026-03-29 05:11:56 | INFO | Episode  151 - Reward: 12.000, Length: 12, Loss: 0.8174, Entropy: 0.6931, Epsilon: 0.626
2026-03-29 05:11:58 | INFO | Episode  152 - Reward: 11.000, Length: 11, Loss: 0.6263, Entropy: 0.6931, Epsilon: 0.624
2026-03-29 05:12:00 | INFO | Episode  153 - Reward: 15.000, Length: 15, Loss: 0.7652, Entropy: 0.6931, Epsilon: 0.621
2026-03-29 05:12:03 | INFO | Episode  154 - Reward: 18.000, Length: 18, Loss: 0.9624, Entropy: 0.6928, Epsilon: 0.619
2026-03-29 05:12:05 | INFO | Episode  155 - Reward: 9.000, Length: 9, Loss: 0.8412, Entropy: 0.6929, Epsilon: 0.616
2026-03-29 05:12:07 | INFO | Episode  156 - Reward: 10.000, Length: 10, Loss: 0.8086, Entropy: 0.6931, Epsilon: 0.614
2026-03-29 05:12:09 | INFO | Episode  157 - Reward: 19.000, Length: 19, Loss: 0.7574, Entropy: 0.6931, Epsilon: 0.611
2026-03-29 05:12:12 | INFO | Episode  158 - Reward: 28.000, Length: 28, Loss: 0.7053, Entropy: 0.6930, Epsilon: 0.609
2026-03-29 05:12:14 | INFO | Episode  159 - Reward: 9.000, Length: 9, Loss: 0.7129, Entropy: 0.6928, Epsilon: 0.606
2026-03-29 05:12:16 | INFO | Episode  160 - Reward: 17.000, Length: 17, Loss: 0.6522, Entropy: 0.6926, Epsilon: 0.604
2026-03-29 05:12:18 | INFO | Episode  161 - Reward: 28.000, Length: 28, Loss: 0.7606, Entropy: 0.6929, Epsilon: 0.602
2026-03-29 05:12:20 | INFO | Episode  162 - Reward: 32.000, Length: 32, Loss: 0.8937, Entropy: 0.6931, Epsilon: 0.599
2026-03-29 05:12:22 | INFO | Episode  163 - Reward: 21.000, Length: 21, Loss: 0.9038, Entropy: 0.6930, Epsilon: 0.597
2026-03-29 05:12:24 | INFO | Episode  164 - Reward: 20.000, Length: 20, Loss: 0.8068, Entropy: 0.6922, Epsilon: 0.594
2026-03-29 05:12:26 | INFO | Episode  165 - Reward: 14.000, Length: 14, Loss: 0.7795, Entropy: 0.6920, Epsilon: 0.592
2026-03-29 05:12:28 | INFO | Episode  166 - Reward: 10.000, Length: 10, Loss: 0.8595, Entropy: 0.6920, Epsilon: 0.589
2026-03-29 05:12:30 | INFO | Episode  167 - Reward: 12.000, Length: 12, Loss: 0.7457, Entropy: 0.6920, Epsilon: 0.587
2026-03-29 05:12:32 | INFO | Episode  168 - Reward: 10.000, Length: 10, Loss: 0.5050, Entropy: 0.6919, Epsilon: 0.584
2026-03-29 05:12:34 | INFO | Episode  169 - Reward: 11.000, Length: 11, Loss: 0.9176, Entropy: 0.6925, Epsilon: 0.582
2026-03-29 05:12:36 | INFO | Episode  170 - Reward: 9.000, Length: 9, Loss: 0.6622, Entropy: 0.6927, Epsilon: 0.579
2026-03-29 05:12:38 | INFO | Episode  171 - Reward: 12.000, Length: 12, Loss: 0.6207, Entropy: 0.6925, Epsilon: 0.577
2026-03-29 05:12:41 | INFO | Episode  172 - Reward: 11.000, Length: 11, Loss: 0.8756, Entropy: 0.6926, Epsilon: 0.574
2026-03-29 05:12:43 | INFO | Episode  173 - Reward: 11.000, Length: 11, Loss: 1.0127, Entropy: 0.6930, Epsilon: 0.572
2026-03-29 05:12:45 | INFO | Episode  174 - Reward: 32.000, Length: 32, Loss: 0.5214, Entropy: 0.6928, Epsilon: 0.569
2026-03-29 05:12:47 | INFO | Episode  175 - Reward: 13.000, Length: 13, Loss: 0.8630, Entropy: 0.6928, Epsilon: 0.567
2026-03-29 05:12:49 | INFO | Episode  176 - Reward: 14.000, Length: 14, Loss: 0.7474, Entropy: 0.6930, Epsilon: 0.564
2026-03-29 05:12:51 | INFO | Episode  177 - Reward: 17.000, Length: 17, Loss: 0.8487, Entropy: 0.6927, Epsilon: 0.562
2026-03-29 05:12:54 | INFO | Episode  178 - Reward: 19.000, Length: 19, Loss: 0.6053, Entropy: 0.6926, Epsilon: 0.559
2026-03-29 05:12:56 | INFO | Episode  179 - Reward: 12.000, Length: 12, Loss: 0.6431, Entropy: 0.6923, Epsilon: 0.557
2026-03-29 05:12:58 | INFO | Episode  180 - Reward: 10.000, Length: 10, Loss: 0.8124, Entropy: 0.6925, Epsilon: 0.554
2026-03-29 05:13:00 | INFO | Episode  181 - Reward: 12.000, Length: 12, Loss: 0.7236, Entropy: 0.6929, Epsilon: 0.552
2026-03-29 05:13:02 | INFO | Episode  182 - Reward: 29.000, Length: 29, Loss: 0.8018, Entropy: 0.6927, Epsilon: 0.550
2026-03-29 05:13:04 | INFO | Episode  183 - Reward: 11.000, Length: 11, Loss: 1.0601, Entropy: 0.6926, Epsilon: 0.547
2026-03-29 05:13:07 | INFO | Episode  184 - Reward: 11.000, Length: 11, Loss: 0.9887, Entropy: 0.6926, Epsilon: 0.545
2026-03-29 05:13:09 | INFO | Episode  185 - Reward: 14.000, Length: 14, Loss: 0.9723, Entropy: 0.6926, Epsilon: 0.542
2026-03-29 05:13:11 | INFO | Episode  186 - Reward: 14.000, Length: 14, Loss: 1.0561, Entropy: 0.6928, Epsilon: 0.540
2026-03-29 05:13:13 | INFO | Episode  187 - Reward: 30.000, Length: 30, Loss: 1.0141, Entropy: 0.6928, Epsilon: 0.537
2026-03-29 05:13:15 | INFO | Episode  188 - Reward: 19.000, Length: 19, Loss: 0.8252, Entropy: 0.6928, Epsilon: 0.535
2026-03-29 05:13:17 | INFO | Episode  189 - Reward: 20.000, Length: 20, Loss: 0.9160, Entropy: 0.6928, Epsilon: 0.532
2026-03-29 05:13:19 | INFO | Episode  190 - Reward: 18.000, Length: 18, Loss: 0.9119, Entropy: 0.6927, Epsilon: 0.530
2026-03-29 05:13:21 | INFO | Episode  191 - Reward: 23.000, Length: 23, Loss: 1.0400, Entropy: 0.6927, Epsilon: 0.527
2026-03-29 05:13:23 | INFO | Episode  192 - Reward: 16.000, Length: 16, Loss: 0.8973, Entropy: 0.6926, Epsilon: 0.525
2026-03-29 05:13:25 | INFO | Episode  193 - Reward: 39.000, Length: 39, Loss: 0.7970, Entropy: 0.6926, Epsilon: 0.522
2026-03-29 05:13:27 | INFO | Episode  194 - Reward: 17.000, Length: 17, Loss: 0.8286, Entropy: 0.6926, Epsilon: 0.520
2026-03-29 05:13:30 | INFO | Episode  195 - Reward: 10.000, Length: 10, Loss: 1.1423, Entropy: 0.6924, Epsilon: 0.517
2026-03-29 05:13:32 | INFO | Episode  196 - Reward: 16.000, Length: 16, Loss: 0.8954, Entropy: 0.6925, Epsilon: 0.515
2026-03-29 05:13:35 | INFO | Episode  197 - Reward: 19.000, Length: 19, Loss: 0.9389, Entropy: 0.6925, Epsilon: 0.512
2026-03-29 05:13:37 | INFO | Episode  198 - Reward: 43.000, Length: 43, Loss: 0.9230, Entropy: 0.6925, Epsilon: 0.510
2026-03-29 05:13:39 | INFO | Episode  199 - Reward: 75.000, Length: 75, Loss: 0.7660, Entropy: 0.6925, Epsilon: 0.507
2026-03-29 05:13:41 | INFO | Episode  200 - Reward: 27.000, Length: 27, Loss: 0.7990, Entropy: 0.6924, Epsilon: 0.505
2026-03-29 05:13:51 | INFO | [Episode  200] eps=0.505  avg_reward=  18.580  avg_length= 18.58  avg_loss=  0.8266  avg_entropy=0.6924  eval_success=0.000
2026-03-29 05:13:53 | INFO | Episode  201 - Reward: 38.000, Length: 38, Loss: 0.8143, Entropy: 0.6923, Epsilon: 0.503
2026-03-29 05:13:56 | INFO | Episode  202 - Reward: 45.000, Length: 45, Loss: 0.8650, Entropy: 0.6923, Epsilon: 0.500
2026-03-29 05:13:58 | INFO | Episode  203 - Reward: 32.000, Length: 32, Loss: 1.1667, Entropy: 0.6923, Epsilon: 0.498
2026-03-29 05:14:00 | INFO | Episode  204 - Reward: 30.000, Length: 30, Loss: 1.0907, Entropy: 0.6922, Epsilon: 0.495
2026-03-29 05:14:02 | INFO | Episode  205 - Reward: 20.000, Length: 20, Loss: 1.1564, Entropy: 0.6920, Epsilon: 0.493
2026-03-29 05:14:04 | INFO | Episode  206 - Reward: 15.000, Length: 15, Loss: 1.3479, Entropy: 0.6918, Epsilon: 0.490
2026-03-29 05:14:06 | INFO | Episode  207 - Reward: 15.000, Length: 15, Loss: 0.9806, Entropy: 0.6921, Epsilon: 0.488
2026-03-29 05:14:08 | INFO | Episode  208 - Reward: 21.000, Length: 21, Loss: 1.1140, Entropy: 0.6919, Epsilon: 0.485
2026-03-29 05:14:10 | INFO | Episode  209 - Reward: 33.000, Length: 33, Loss: 0.8018, Entropy: 0.6919, Epsilon: 0.483
2026-03-29 05:14:13 | INFO | Episode  210 - Reward: 50.000, Length: 50, Loss: 0.9741, Entropy: 0.6916, Epsilon: 0.480
2026-03-29 05:14:15 | INFO | Episode  211 - Reward: 33.000, Length: 33, Loss: 1.0761, Entropy: 0.6916, Epsilon: 0.478
2026-03-29 05:14:17 | INFO | Episode  212 - Reward: 35.000, Length: 35, Loss: 1.2762, Entropy: 0.6915, Epsilon: 0.475
2026-03-29 05:14:19 | INFO | Episode  213 - Reward: 26.000, Length: 26, Loss: 0.9936, Entropy: 0.6916, Epsilon: 0.473
2026-03-29 05:14:21 | INFO | Episode  214 - Reward: 31.000, Length: 31, Loss: 0.8701, Entropy: 0.6914, Epsilon: 0.470
2026-03-29 05:14:23 | INFO | Episode  215 - Reward: 20.000, Length: 20, Loss: 0.9890, Entropy: 0.6914, Epsilon: 0.468
2026-03-29 05:14:26 | INFO | Episode  216 - Reward: 35.000, Length: 35, Loss: 1.0690, Entropy: 0.6913, Epsilon: 0.465
2026-03-29 05:14:28 | INFO | Episode  217 - Reward: 20.000, Length: 20, Loss: 0.8637, Entropy: 0.6910, Epsilon: 0.463
2026-03-29 05:14:29 | INFO | Episode  218 - Reward: 29.000, Length: 29, Loss: 1.0093, Entropy: 0.6913, Epsilon: 0.460
2026-03-29 05:14:32 | INFO | Episode  219 - Reward: 20.000, Length: 20, Loss: 1.1161, Entropy: 0.6908, Epsilon: 0.458
2026-03-29 05:14:34 | INFO | Episode  220 - Reward: 38.000, Length: 38, Loss: 0.9613, Entropy: 0.6906, Epsilon: 0.456
2026-03-29 05:14:36 | INFO | Episode  221 - Reward: 24.000, Length: 24, Loss: 1.3176, Entropy: 0.6908, Epsilon: 0.453
2026-03-29 05:14:38 | INFO | Episode  222 - Reward: 21.000, Length: 21, Loss: 1.4844, Entropy: 0.6906, Epsilon: 0.451
2026-03-29 05:14:40 | INFO | Episode  223 - Reward: 37.000, Length: 37, Loss: 1.4463, Entropy: 0.6903, Epsilon: 0.448
2026-03-29 05:14:42 | INFO | Episode  224 - Reward: 31.000, Length: 31, Loss: 1.0125, Entropy: 0.6910, Epsilon: 0.446
2026-03-29 05:14:44 | INFO | Episode  225 - Reward: 29.000, Length: 29, Loss: 1.1632, Entropy: 0.6908, Epsilon: 0.443
2026-03-29 05:14:46 | INFO | Episode  226 - Reward: 19.000, Length: 19, Loss: 1.4242, Entropy: 0.6905, Epsilon: 0.441
2026-03-29 05:14:48 | INFO | Episode  227 - Reward: 27.000, Length: 27, Loss: 1.3909, Entropy: 0.6904, Epsilon: 0.438
2026-03-29 05:14:50 | INFO | Episode  228 - Reward: 50.000, Length: 50, Loss: 1.1362, Entropy: 0.6899, Epsilon: 0.436
2026-03-29 05:14:52 | INFO | Episode  229 - Reward: 25.000, Length: 25, Loss: 1.1747, Entropy: 0.6895, Epsilon: 0.433
2026-03-29 05:14:54 | INFO | Episode  230 - Reward: 20.000, Length: 20, Loss: 1.1970, Entropy: 0.6895, Epsilon: 0.431
2026-03-29 05:14:56 | INFO | Episode  231 - Reward: 21.000, Length: 21, Loss: 1.1890, Entropy: 0.6898, Epsilon: 0.428
2026-03-29 05:14:59 | INFO | Episode  232 - Reward: 58.000, Length: 58, Loss: 0.9268, Entropy: 0.6899, Epsilon: 0.426
2026-03-29 05:15:01 | INFO | Episode  233 - Reward: 22.000, Length: 22, Loss: 0.9820, Entropy: 0.6895, Epsilon: 0.423
2026-03-29 05:15:03 | INFO | Episode  234 - Reward: 34.000, Length: 34, Loss: 0.9449, Entropy: 0.6897, Epsilon: 0.421
2026-03-29 05:15:05 | INFO | Episode  235 - Reward: 43.000, Length: 43, Loss: 0.8685, Entropy: 0.6895, Epsilon: 0.418
2026-03-29 05:15:07 | INFO | Episode  236 - Reward: 38.000, Length: 38, Loss: 1.2830, Entropy: 0.6894, Epsilon: 0.416
2026-03-29 05:15:10 | INFO | Episode  237 - Reward: 65.000, Length: 65, Loss: 0.9010, Entropy: 0.6894, Epsilon: 0.413
2026-03-29 05:15:12 | INFO | Episode  238 - Reward: 63.000, Length: 63, Loss: 1.3474, Entropy: 0.6890, Epsilon: 0.411
2026-03-29 05:15:14 | INFO | Episode  239 - Reward: 67.000, Length: 67, Loss: 1.2599, Entropy: 0.6888, Epsilon: 0.408
2026-03-29 05:15:16 | INFO | Episode  240 - Reward: 58.000, Length: 58, Loss: 1.4822, Entropy: 0.6888, Epsilon: 0.406
2026-03-29 05:15:18 | INFO | Episode  241 - Reward: 45.000, Length: 45, Loss: 1.1864, Entropy: 0.6889, Epsilon: 0.404
2026-03-29 05:15:21 | INFO | Episode  242 - Reward: 105.000, Length: 105, Loss: 1.1545, Entropy: 0.6878, Epsilon: 0.401
2026-03-29 05:15:23 | INFO | Episode  243 - Reward: 20.000, Length: 20, Loss: 1.3463, Entropy: 0.6878, Epsilon: 0.399
2026-03-29 05:15:25 | INFO | Episode  244 - Reward: 32.000, Length: 32, Loss: 1.3206, Entropy: 0.6872, Epsilon: 0.396
2026-03-29 05:15:27 | INFO | Episode  245 - Reward: 22.000, Length: 22, Loss: 1.3559, Entropy: 0.6872, Epsilon: 0.394
2026-03-29 05:15:29 | INFO | Episode  246 - Reward: 16.000, Length: 16, Loss: 1.2315, Entropy: 0.6873, Epsilon: 0.391
2026-03-29 05:15:32 | INFO | Episode  247 - Reward: 22.000, Length: 22, Loss: 1.8213, Entropy: 0.6875, Epsilon: 0.389
2026-03-29 05:15:34 | INFO | Episode  248 - Reward: 55.000, Length: 55, Loss: 1.3815, Entropy: 0.6875, Epsilon: 0.386
2026-03-29 05:15:36 | INFO | Episode  249 - Reward: 100.000, Length: 100, Loss: 1.5635, Entropy: 0.6865, Epsilon: 0.384
2026-03-29 05:15:39 | INFO | Episode  250 - Reward: 40.000, Length: 40, Loss: 0.8703, Entropy: 0.6863, Epsilon: 0.381
2026-03-29 05:16:03 | INFO | [Episode  250] eps=0.381  avg_reward=  35.900  avg_length= 35.90  avg_loss=  1.1540  avg_entropy=0.6863  eval_success=0.000
2026-03-29 05:16:05 | INFO | Episode  251 - Reward: 29.000, Length: 29, Loss: 1.2731, Entropy: 0.6858, Epsilon: 0.379
2026-03-29 05:16:07 | INFO | Episode  252 - Reward: 30.000, Length: 30, Loss: 1.0856, Entropy: 0.6860, Epsilon: 0.376
2026-03-29 05:16:09 | INFO | Episode  253 - Reward: 57.000, Length: 57, Loss: 1.2938, Entropy: 0.6854, Epsilon: 0.374
2026-03-29 05:16:12 | INFO | Episode  254 - Reward: 48.000, Length: 48, Loss: 1.1292, Entropy: 0.6850, Epsilon: 0.371
2026-03-29 05:16:14 | INFO | Episode  255 - Reward: 55.000, Length: 55, Loss: 1.1837, Entropy: 0.6854, Epsilon: 0.369
2026-03-29 05:16:16 | INFO | Episode  256 - Reward: 49.000, Length: 49, Loss: 1.4374, Entropy: 0.6850, Epsilon: 0.366
2026-03-29 05:16:18 | INFO | Episode  257 - Reward: 25.000, Length: 25, Loss: 1.6940, Entropy: 0.6846, Epsilon: 0.364
2026-03-29 05:16:20 | INFO | Episode  258 - Reward: 70.000, Length: 70, Loss: 1.0477, Entropy: 0.6848, Epsilon: 0.361
2026-03-29 05:16:22 | INFO | Episode  259 - Reward: 55.000, Length: 55, Loss: 1.2798, Entropy: 0.6851, Epsilon: 0.359
2026-03-29 05:16:24 | INFO | Episode  260 - Reward: 88.000, Length: 88, Loss: 1.1932, Entropy: 0.6830, Epsilon: 0.357
2026-03-29 05:16:26 | INFO | Episode  261 - Reward: 25.000, Length: 25, Loss: 1.2629, Entropy: 0.6822, Epsilon: 0.354
2026-03-29 05:16:28 | INFO | Episode  262 - Reward: 84.000, Length: 84, Loss: 1.3404, Entropy: 0.6816, Epsilon: 0.352
2026-03-29 05:16:30 | INFO | Episode  263 - Reward: 67.000, Length: 67, Loss: 1.3789, Entropy: 0.6805, Epsilon: 0.349
2026-03-29 05:16:33 | INFO | Episode  264 - Reward: 26.000, Length: 26, Loss: 1.4465, Entropy: 0.6794, Epsilon: 0.347
2026-03-29 05:16:35 | INFO | Episode  265 - Reward: 65.000, Length: 65, Loss: 1.5252, Entropy: 0.6808, Epsilon: 0.344
2026-03-29 05:16:37 | INFO | Episode  266 - Reward: 41.000, Length: 41, Loss: 1.9151, Entropy: 0.6809, Epsilon: 0.342
2026-03-29 05:16:39 | INFO | Episode  267 - Reward: 44.000, Length: 44, Loss: 1.4372, Entropy: 0.6811, Epsilon: 0.339
2026-03-29 05:16:41 | INFO | Episode  268 - Reward: 117.000, Length: 117, Loss: 1.2858, Entropy: 0.6812, Epsilon: 0.337
2026-03-29 05:16:43 | INFO | Episode  269 - Reward: 30.000, Length: 30, Loss: 1.6298, Entropy: 0.6794, Epsilon: 0.334
2026-03-29 05:16:45 | INFO | Episode  270 - Reward: 25.000, Length: 25, Loss: 1.4648, Entropy: 0.6790, Epsilon: 0.332
2026-03-29 05:16:47 | INFO | Episode  271 - Reward: 49.000, Length: 49, Loss: 1.1641, Entropy: 0.6803, Epsilon: 0.329
2026-03-29 05:16:49 | INFO | Episode  272 - Reward: 43.000, Length: 43, Loss: 1.2927, Entropy: 0.6803, Epsilon: 0.327
2026-03-29 05:16:52 | INFO | Episode  273 - Reward: 71.000, Length: 71, Loss: 1.6843, Entropy: 0.6788, Epsilon: 0.324
2026-03-29 05:16:54 | INFO | Episode  274 - Reward: 36.000, Length: 36, Loss: 1.8296, Entropy: 0.6778, Epsilon: 0.322
2026-03-29 05:16:56 | INFO | Episode  275 - Reward: 77.000, Length: 77, Loss: 1.4658, Entropy: 0.6787, Epsilon: 0.319
2026-03-29 05:16:58 | INFO | Episode  276 - Reward: 52.000, Length: 52, Loss: 1.3523, Entropy: 0.6777, Epsilon: 0.317
2026-03-29 05:17:00 | INFO | Episode  277 - Reward: 48.000, Length: 48, Loss: 1.2466, Entropy: 0.6787, Epsilon: 0.314
2026-03-29 05:17:02 | INFO | Episode  278 - Reward: 44.000, Length: 44, Loss: 1.7642, Entropy: 0.6768, Epsilon: 0.312
2026-03-29 05:17:04 | INFO | Episode  279 - Reward: 31.000, Length: 31, Loss: 1.2079, Entropy: 0.6754, Epsilon: 0.309
2026-03-29 05:17:06 | INFO | Episode  280 - Reward: 40.000, Length: 40, Loss: 1.5530, Entropy: 0.6763, Epsilon: 0.307
2026-03-29 05:17:08 | INFO | Episode  281 - Reward: 57.000, Length: 57, Loss: 1.7269, Entropy: 0.6757, Epsilon: 0.305
2026-03-29 05:17:10 | INFO | Episode  282 - Reward: 47.000, Length: 47, Loss: 1.7427, Entropy: 0.6739, Epsilon: 0.302
2026-03-29 05:17:13 | INFO | Episode  283 - Reward: 46.000, Length: 46, Loss: 1.4121, Entropy: 0.6751, Epsilon: 0.300
2026-03-29 05:17:15 | INFO | Episode  284 - Reward: 38.000, Length: 38, Loss: 1.3800, Entropy: 0.6737, Epsilon: 0.297
2026-03-29 05:17:17 | INFO | Episode  285 - Reward: 33.000, Length: 33, Loss: 1.8521, Entropy: 0.6723, Epsilon: 0.295
2026-03-29 05:17:19 | INFO | Episode  286 - Reward: 39.000, Length: 39, Loss: 1.7747, Entropy: 0.6728, Epsilon: 0.292
2026-03-29 05:17:21 | INFO | Episode  287 - Reward: 25.000, Length: 25, Loss: 1.9285, Entropy: 0.6717, Epsilon: 0.290
2026-03-29 05:17:23 | INFO | Episode  288 - Reward: 52.000, Length: 52, Loss: 1.4142, Entropy: 0.6725, Epsilon: 0.287
2026-03-29 05:17:25 | INFO | Episode  289 - Reward: 61.000, Length: 61, Loss: 1.3633, Entropy: 0.6711, Epsilon: 0.285
2026-03-29 05:17:27 | INFO | Episode  290 - Reward: 67.000, Length: 67, Loss: 2.0365, Entropy: 0.6707, Epsilon: 0.282
2026-03-29 05:17:29 | INFO | Episode  291 - Reward: 96.000, Length: 96, Loss: 1.2853, Entropy: 0.6706, Epsilon: 0.280
2026-03-29 05:17:31 | INFO | Episode  292 - Reward: 106.000, Length: 106, Loss: 1.7139, Entropy: 0.6703, Epsilon: 0.277
2026-03-29 05:17:33 | INFO | Episode  293 - Reward: 31.000, Length: 31, Loss: 1.5508, Entropy: 0.6675, Epsilon: 0.275
2026-03-29 05:17:35 | INFO | Episode  294 - Reward: 93.000, Length: 93, Loss: 1.5433, Entropy: 0.6691, Epsilon: 0.272
2026-03-29 05:17:37 | INFO | Episode  295 - Reward: 55.000, Length: 55, Loss: 2.1717, Entropy: 0.6674, Epsilon: 0.270
2026-03-29 05:17:40 | INFO | Episode  296 - Reward: 51.000, Length: 51, Loss: 1.5240, Entropy: 0.6703, Epsilon: 0.267
2026-03-29 05:17:42 | INFO | Episode  297 - Reward: 33.000, Length: 33, Loss: 1.7797, Entropy: 0.6681, Epsilon: 0.265
2026-03-29 05:17:44 | INFO | Episode  298 - Reward: 61.000, Length: 61, Loss: 1.3134, Entropy: 0.6694, Epsilon: 0.262
2026-03-29 05:17:46 | INFO | Episode  299 - Reward: 51.000, Length: 51, Loss: 1.6594, Entropy: 0.6656, Epsilon: 0.260
2026-03-29 05:17:48 | INFO | Episode  300 - Reward: 47.000, Length: 47, Loss: 1.7709, Entropy: 0.6673, Epsilon: 0.258
2026-03-29 05:18:33 | INFO | [Episode  300] eps=0.258  avg_reward=  52.200  avg_length= 52.20  avg_loss=  1.4962  avg_entropy=0.6673  eval_success=0.040
2026-03-29 05:18:35 | INFO | Episode  301 - Reward: 58.000, Length: 58, Loss: 1.5617, Entropy: 0.6676, Epsilon: 0.255
2026-03-29 05:18:37 | INFO | Episode  302 - Reward: 92.000, Length: 92, Loss: 1.6490, Entropy: 0.6660, Epsilon: 0.253
2026-03-29 05:18:40 | INFO | Episode  303 - Reward: 82.000, Length: 82, Loss: 1.6943, Entropy: 0.6657, Epsilon: 0.250
2026-03-29 05:18:42 | INFO | Episode  304 - Reward: 47.000, Length: 47, Loss: 1.5296, Entropy: 0.6654, Epsilon: 0.248
2026-03-29 05:18:44 | INFO | Episode  305 - Reward: 37.000, Length: 37, Loss: 1.2517, Entropy: 0.6659, Epsilon: 0.245
2026-03-29 05:18:46 | INFO | Episode  306 - Reward: 81.000, Length: 81, Loss: 1.6369, Entropy: 0.6623, Epsilon: 0.243
2026-03-29 05:18:48 | INFO | Episode  307 - Reward: 69.000, Length: 69, Loss: 2.0805, Entropy: 0.6650, Epsilon: 0.240
2026-03-29 05:18:50 | INFO | Episode  308 - Reward: 64.000, Length: 64, Loss: 1.4950, Entropy: 0.6639, Epsilon: 0.238
2026-03-29 05:18:53 | INFO | Episode  309 - Reward: 28.000, Length: 28, Loss: 1.6293, Entropy: 0.6651, Epsilon: 0.235
2026-03-29 05:18:55 | INFO | Episode  310 - Reward: 47.000, Length: 47, Loss: 1.5078, Entropy: 0.6632, Epsilon: 0.233
2026-03-29 05:18:57 | INFO | Episode  311 - Reward: 99.000, Length: 99, Loss: 1.1448, Entropy: 0.6645, Epsilon: 0.230
2026-03-29 05:18:59 | INFO | Episode  312 - Reward: 79.000, Length: 79, Loss: 2.0140, Entropy: 0.6615, Epsilon: 0.228
2026-03-29 05:19:01 | INFO | Episode  313 - Reward: 148.000, Length: 148, Loss: 1.9801, Entropy: 0.6635, Epsilon: 0.225
2026-03-29 05:19:03 | INFO | Episode  314 - Reward: 54.000, Length: 54, Loss: 2.2142, Entropy: 0.6599, Epsilon: 0.223
2026-03-29 05:19:05 | INFO | Episode  315 - Reward: 33.000, Length: 33, Loss: 2.5272, Entropy: 0.6587, Epsilon: 0.220
2026-03-29 05:19:07 | INFO | Episode  316 - Reward: 43.000, Length: 43, Loss: 1.8378, Entropy: 0.6591, Epsilon: 0.218
2026-03-29 05:19:09 | INFO | Episode  317 - Reward: 63.000, Length: 63, Loss: 2.1448, Entropy: 0.6577, Epsilon: 0.215
2026-03-29 05:19:12 | INFO | Episode  318 - Reward: 94.000, Length: 94, Loss: 2.4194, Entropy: 0.6597, Epsilon: 0.213
2026-03-29 05:19:13 | INFO | Episode  319 - Reward: 72.000, Length: 72, Loss: 1.6693, Entropy: 0.6602, Epsilon: 0.210
2026-03-29 05:19:16 | INFO | Episode  320 - Reward: 59.000, Length: 59, Loss: 1.2070, Entropy: 0.6577, Epsilon: 0.208
2026-03-29 05:19:18 | INFO | Episode  321 - Reward: 75.000, Length: 75, Loss: 1.9673, Entropy: 0.6522, Epsilon: 0.206
2026-03-29 05:19:20 | INFO | Episode  322 - Reward: 77.000, Length: 77, Loss: 2.3821, Entropy: 0.6573, Epsilon: 0.203
2026-03-29 05:19:22 | INFO | Episode  323 - Reward: 77.000, Length: 77, Loss: 1.9445, Entropy: 0.6552, Epsilon: 0.201
2026-03-29 05:19:24 | INFO | Episode  324 - Reward: 56.000, Length: 56, Loss: 1.9329, Entropy: 0.6562, Epsilon: 0.198
2026-03-29 05:19:26 | INFO | Episode  325 - Reward: 110.000, Length: 110, Loss: 1.7992, Entropy: 0.6574, Epsilon: 0.196
2026-03-29 05:19:29 | INFO | Episode  326 - Reward: 138.000, Length: 138, Loss: 2.3811, Entropy: 0.6507, Epsilon: 0.193
2026-03-29 05:19:31 | INFO | Episode  327 - Reward: 34.000, Length: 34, Loss: 2.0083, Entropy: 0.6554, Epsilon: 0.191
2026-03-29 05:19:33 | INFO | Episode  328 - Reward: 94.000, Length: 94, Loss: 2.2018, Entropy: 0.6547, Epsilon: 0.188
2026-03-29 05:19:35 | INFO | Episode  329 - Reward: 60.000, Length: 60, Loss: 2.4318, Entropy: 0.6530, Epsilon: 0.186
2026-03-29 05:19:38 | INFO | Episode  330 - Reward: 81.000, Length: 81, Loss: 2.5834, Entropy: 0.6554, Epsilon: 0.183
2026-03-29 05:19:40 | INFO | Episode  331 - Reward: 59.000, Length: 59, Loss: 2.3932, Entropy: 0.6523, Epsilon: 0.181
2026-03-29 05:19:42 | INFO | Episode  332 - Reward: 127.000, Length: 127, Loss: 2.8874, Entropy: 0.6551, Epsilon: 0.178
2026-03-29 05:19:44 | INFO | Episode  333 - Reward: 58.000, Length: 58, Loss: 1.8755, Entropy: 0.6496, Epsilon: 0.176
2026-03-29 05:19:46 | INFO | Episode  334 - Reward: 46.000, Length: 46, Loss: 1.7290, Entropy: 0.6537, Epsilon: 0.173
2026-03-29 05:19:48 | INFO | Episode  335 - Reward: 53.000, Length: 53, Loss: 2.2441, Entropy: 0.6545, Epsilon: 0.171
2026-03-29 05:19:50 | INFO | Episode  336 - Reward: 64.000, Length: 64, Loss: 2.7615, Entropy: 0.6513, Epsilon: 0.168
2026-03-29 05:19:53 | INFO | Episode  337 - Reward: 85.000, Length: 85, Loss: 1.7168, Entropy: 0.6493, Epsilon: 0.166
2026-03-29 05:19:55 | INFO | Episode  338 - Reward: 49.000, Length: 49, Loss: 2.2319, Entropy: 0.6509, Epsilon: 0.163
2026-03-29 05:19:57 | INFO | Episode  339 - Reward: 40.000, Length: 40, Loss: 1.9088, Entropy: 0.6521, Epsilon: 0.161
2026-03-29 05:19:59 | INFO | Episode  340 - Reward: 60.000, Length: 60, Loss: 2.2814, Entropy: 0.6531, Epsilon: 0.158
2026-03-29 05:20:01 | INFO | Episode  341 - Reward: 118.000, Length: 118, Loss: 1.3274, Entropy: 0.6508, Epsilon: 0.156
2026-03-29 05:20:03 | INFO | Episode  342 - Reward: 65.000, Length: 65, Loss: 2.5285, Entropy: 0.6522, Epsilon: 0.154
2026-03-29 05:20:05 | INFO | Episode  343 - Reward: 54.000, Length: 54, Loss: 1.9083, Entropy: 0.6465, Epsilon: 0.151
2026-03-29 05:20:07 | INFO | Episode  344 - Reward: 61.000, Length: 61, Loss: 2.5914, Entropy: 0.6497, Epsilon: 0.149
2026-03-29 05:20:10 | INFO | Episode  345 - Reward: 66.000, Length: 66, Loss: 2.3850, Entropy: 0.6474, Epsilon: 0.146
2026-03-29 05:20:12 | INFO | Episode  346 - Reward: 30.000, Length: 30, Loss: 2.7487, Entropy: 0.6510, Epsilon: 0.144
2026-03-29 05:20:14 | INFO | Episode  347 - Reward: 73.000, Length: 73, Loss: 2.0648, Entropy: 0.6476, Epsilon: 0.141
2026-03-29 05:20:16 | INFO | Episode  348 - Reward: 60.000, Length: 60, Loss: 3.0133, Entropy: 0.6424, Epsilon: 0.139
2026-03-29 05:20:19 | INFO | Episode  349 - Reward: 43.000, Length: 43, Loss: 2.4899, Entropy: 0.6473, Epsilon: 0.136
2026-03-29 05:20:21 | INFO | Episode  350 - Reward: 110.000, Length: 110, Loss: 2.1153, Entropy: 0.6484, Epsilon: 0.134
2026-03-29 05:20:48 | INFO | [Episode  350] eps=0.134  avg_reward=  69.440  avg_length= 69.44  avg_loss=  2.0406  avg_entropy=0.6484  eval_success=0.000
2026-03-29 05:20:50 | INFO | Episode  351 - Reward: 134.000, Length: 134, Loss: 1.7236, Entropy: 0.6435, Epsilon: 0.131
2026-03-29 05:20:52 | INFO | Episode  352 - Reward: 70.000, Length: 70, Loss: 1.9385, Entropy: 0.6472, Epsilon: 0.129
2026-03-29 05:20:54 | INFO | Episode  353 - Reward: 79.000, Length: 79, Loss: 2.2438, Entropy: 0.6435, Epsilon: 0.126
2026-03-29 05:20:57 | INFO | Episode  354 - Reward: 37.000, Length: 37, Loss: 2.3686, Entropy: 0.6452, Epsilon: 0.124
2026-03-29 05:20:59 | INFO | Episode  355 - Reward: 60.000, Length: 60, Loss: 2.1702, Entropy: 0.6436, Epsilon: 0.121
2026-03-29 05:21:01 | INFO | Episode  356 - Reward: 63.000, Length: 63, Loss: 3.2013, Entropy: 0.6467, Epsilon: 0.119
2026-03-29 05:21:04 | INFO | Episode  357 - Reward: 98.000, Length: 98, Loss: 2.0774, Entropy: 0.6466, Epsilon: 0.116
2026-03-29 05:21:06 | INFO | Episode  358 - Reward: 137.000, Length: 137, Loss: 3.0850, Entropy: 0.6421, Epsilon: 0.114
2026-03-29 05:21:08 | INFO | Episode  359 - Reward: 53.000, Length: 53, Loss: 2.5161, Entropy: 0.6453, Epsilon: 0.111
2026-03-29 05:21:10 | INFO | Episode  360 - Reward: 65.000, Length: 65, Loss: 2.6780, Entropy: 0.6433, Epsilon: 0.109
2026-03-29 05:21:12 | INFO | Episode  361 - Reward: 89.000, Length: 89, Loss: 2.8806, Entropy: 0.6437, Epsilon: 0.107
2026-03-29 05:21:14 | INFO | Episode  362 - Reward: 113.000, Length: 113, Loss: 1.7408, Entropy: 0.6395, Epsilon: 0.104
2026-03-29 05:21:17 | INFO | Episode  363 - Reward: 79.000, Length: 79, Loss: 1.7075, Entropy: 0.6394, Epsilon: 0.102
2026-03-29 05:21:19 | INFO | Episode  364 - Reward: 163.000, Length: 163, Loss: 2.1667, Entropy: 0.6398, Epsilon: 0.099
2026-03-29 05:21:21 | INFO | Episode  365 - Reward: 74.000, Length: 74, Loss: 2.7932, Entropy: 0.6468, Epsilon: 0.097
2026-03-29 05:21:23 | INFO | Episode  366 - Reward: 96.000, Length: 96, Loss: 2.5718, Entropy: 0.6449, Epsilon: 0.094
2026-03-29 05:21:25 | INFO | Episode  367 - Reward: 96.000, Length: 96, Loss: 1.9923, Entropy: 0.6435, Epsilon: 0.092
2026-03-29 05:21:27 | INFO | Episode  368 - Reward: 114.000, Length: 114, Loss: 1.4281, Entropy: 0.6403, Epsilon: 0.089
2026-03-29 05:21:29 | INFO | Episode  369 - Reward: 75.000, Length: 75, Loss: 2.4909, Entropy: 0.6465, Epsilon: 0.087
2026-03-29 05:21:32 | INFO | Episode  370 - Reward: 184.000, Length: 184, Loss: 1.1419, Entropy: 0.6415, Epsilon: 0.084
2026-03-29 05:21:34 | INFO | Episode  371 - Reward: 62.000, Length: 62, Loss: 2.4462, Entropy: 0.6397, Epsilon: 0.082
2026-03-29 05:21:36 | INFO | Episode  372 - Reward: 63.000, Length: 63, Loss: 2.2030, Entropy: 0.6392, Epsilon: 0.079
2026-03-29 05:21:38 | INFO | Episode  373 - Reward: 87.000, Length: 87, Loss: 3.5682, Entropy: 0.6410, Epsilon: 0.077
2026-03-29 05:21:40 | INFO | Episode  374 - Reward: 61.000, Length: 61, Loss: 2.6218, Entropy: 0.6391, Epsilon: 0.074
2026-03-29 05:21:42 | INFO | Episode  375 - Reward: 84.000, Length: 84, Loss: 2.5287, Entropy: 0.6427, Epsilon: 0.072
2026-03-29 05:21:44 | INFO | Episode  376 - Reward: 200.000, Length: 200, Loss: 1.7657, Entropy: 0.6370, Epsilon: 0.069
2026-03-29 05:21:46 | INFO | Episode  377 - Reward: 92.000, Length: 92, Loss: 3.0161, Entropy: 0.6330, Epsilon: 0.067
2026-03-29 05:21:48 | INFO | Episode  378 - Reward: 70.000, Length: 70, Loss: 2.3724, Entropy: 0.6383, Epsilon: 0.064
2026-03-29 05:21:51 | INFO | Episode  379 - Reward: 86.000, Length: 86, Loss: 2.7594, Entropy: 0.6315, Epsilon: 0.062
2026-03-29 05:21:53 | INFO | Episode  380 - Reward: 40.000, Length: 40, Loss: 2.9384, Entropy: 0.6399, Epsilon: 0.059
2026-03-29 05:21:55 | INFO | Episode  381 - Reward: 77.000, Length: 77, Loss: 2.1242, Entropy: 0.6377, Epsilon: 0.057
2026-03-29 05:21:57 | INFO | Episode  382 - Reward: 76.000, Length: 76, Loss: 2.7000, Entropy: 0.6367, Epsilon: 0.055
2026-03-29 05:21:59 | INFO | Episode  383 - Reward: 103.000, Length: 103, Loss: 1.8829, Entropy: 0.6378, Epsilon: 0.052
2026-03-29 05:22:02 | INFO | Episode  384 - Reward: 68.000, Length: 68, Loss: 2.5511, Entropy: 0.6351, Epsilon: 0.050
2026-03-29 05:22:04 | INFO | Episode  385 - Reward: 111.000, Length: 111, Loss: 2.5221, Entropy: 0.6414, Epsilon: 0.047
2026-03-29 05:22:06 | INFO | Episode  386 - Reward: 185.000, Length: 185, Loss: 2.0281, Entropy: 0.6396, Epsilon: 0.045
2026-03-29 05:22:08 | INFO | Episode  387 - Reward: 182.000, Length: 182, Loss: 2.4778, Entropy: 0.6336, Epsilon: 0.042
2026-03-29 05:22:10 | INFO | Episode  388 - Reward: 172.000, Length: 172, Loss: 1.6538, Entropy: 0.6398, Epsilon: 0.040
2026-03-29 05:22:13 | INFO | Episode  389 - Reward: 125.000, Length: 125, Loss: 2.9207, Entropy: 0.6333, Epsilon: 0.037
2026-03-29 05:22:15 | INFO | Episode  390 - Reward: 82.000, Length: 82, Loss: 2.1716, Entropy: 0.6366, Epsilon: 0.035
2026-03-29 05:22:17 | INFO | Episode  391 - Reward: 85.000, Length: 85, Loss: 1.9849, Entropy: 0.6353, Epsilon: 0.032
2026-03-29 05:22:19 | INFO | Episode  392 - Reward: 116.000, Length: 116, Loss: 2.2278, Entropy: 0.6394, Epsilon: 0.030
2026-03-29 05:22:22 | INFO | Episode  393 - Reward: 96.000, Length: 96, Loss: 2.2189, Entropy: 0.6374, Epsilon: 0.027
2026-03-29 05:22:24 | INFO | Episode  394 - Reward: 89.000, Length: 89, Loss: 1.8279, Entropy: 0.6394, Epsilon: 0.025
2026-03-29 05:22:26 | INFO | Episode  395 - Reward: 84.000, Length: 84, Loss: 1.6569, Entropy: 0.6349, Epsilon: 0.022
2026-03-29 05:22:29 | INFO | Episode  396 - Reward: 137.000, Length: 137, Loss: 2.4120, Entropy: 0.6384, Epsilon: 0.020
2026-03-29 05:22:31 | INFO | Episode  397 - Reward: 200.000, Length: 200, Loss: 2.3863, Entropy: 0.6352, Epsilon: 0.017
2026-03-29 05:22:34 | INFO | Episode  398 - Reward: 65.000, Length: 65, Loss: 1.8199, Entropy: 0.6349, Epsilon: 0.015
2026-03-29 05:22:36 | INFO | Episode  399 - Reward: 115.000, Length: 115, Loss: 2.5860, Entropy: 0.6276, Epsilon: 0.012
2026-03-29 05:22:38 | INFO | Episode  400 - Reward: 104.000, Length: 104, Loss: 1.9189, Entropy: 0.6303, Epsilon: 0.010
2026-03-29 05:23:35 | INFO | [Episode  400] eps=0.010  avg_reward=  99.920  avg_length= 99.92  avg_loss=  2.3042  avg_entropy=0.6303  eval_success=0.080
2026-03-29 05:23:37 | INFO | Episode  401 - Reward: 156.000, Length: 156, Loss: 1.7074, Entropy: 0.6353, Epsilon: 0.010
2026-03-29 05:23:39 | INFO | Episode  402 - Reward: 144.000, Length: 144, Loss: 2.5252, Entropy: 0.6332, Epsilon: 0.010
2026-03-29 05:23:41 | INFO | Episode  403 - Reward: 200.000, Length: 200, Loss: 2.3875, Entropy: 0.6322, Epsilon: 0.010
2026-03-29 05:23:43 | INFO | Episode  404 - Reward: 136.000, Length: 136, Loss: 2.4076, Entropy: 0.6311, Epsilon: 0.010
2026-03-29 05:23:45 | INFO | Episode  405 - Reward: 200.000, Length: 200, Loss: 2.0150, Entropy: 0.6298, Epsilon: 0.010
2026-03-29 05:23:47 | INFO | Episode  406 - Reward: 110.000, Length: 110, Loss: 2.6909, Entropy: 0.6306, Epsilon: 0.010
2026-03-29 05:23:49 | INFO | Episode  407 - Reward: 71.000, Length: 71, Loss: 2.2728, Entropy: 0.6288, Epsilon: 0.010
2026-03-29 05:23:52 | INFO | Episode  408 - Reward: 142.000, Length: 142, Loss: 2.4795, Entropy: 0.6307, Epsilon: 0.010
2026-03-29 05:23:54 | INFO | Episode  409 - Reward: 200.000, Length: 200, Loss: 1.9436, Entropy: 0.6279, Epsilon: 0.010
2026-03-29 05:23:56 | INFO | Episode  410 - Reward: 89.000, Length: 89, Loss: 2.3203, Entropy: 0.6311, Epsilon: 0.010
2026-03-29 05:23:58 | INFO | Episode  411 - Reward: 114.000, Length: 114, Loss: 2.5333, Entropy: 0.6279, Epsilon: 0.010
2026-03-29 05:24:00 | INFO | Episode  412 - Reward: 173.000, Length: 173, Loss: 2.9834, Entropy: 0.6260, Epsilon: 0.010
2026-03-29 05:24:02 | INFO | Episode  413 - Reward: 77.000, Length: 77, Loss: 2.1076, Entropy: 0.6323, Epsilon: 0.010
2026-03-29 05:24:05 | INFO | Episode  414 - Reward: 145.000, Length: 145, Loss: 2.6000, Entropy: 0.6324, Epsilon: 0.010
2026-03-29 05:24:07 | INFO | Episode  415 - Reward: 167.000, Length: 167, Loss: 2.9520, Entropy: 0.6343, Epsilon: 0.010
2026-03-29 05:24:09 | INFO | Episode  416 - Reward: 136.000, Length: 136, Loss: 2.5722, Entropy: 0.6290, Epsilon: 0.010
2026-03-29 05:24:11 | INFO | Episode  417 - Reward: 200.000, Length: 200, Loss: 2.6153, Entropy: 0.6286, Epsilon: 0.010
2026-03-29 05:24:13 | INFO | Episode  418 - Reward: 172.000, Length: 172, Loss: 3.5536, Entropy: 0.6282, Epsilon: 0.010
2026-03-29 05:24:15 | INFO | Episode  419 - Reward: 200.000, Length: 200, Loss: 3.3264, Entropy: 0.6276, Epsilon: 0.010
2026-03-29 05:24:17 | INFO | Episode  420 - Reward: 130.000, Length: 130, Loss: 1.9841, Entropy: 0.6300, Epsilon: 0.010
2026-03-29 05:24:20 | INFO | Episode  421 - Reward: 145.000, Length: 145, Loss: 1.9803, Entropy: 0.6207, Epsilon: 0.010
2026-03-29 05:24:22 | INFO | Episode  422 - Reward: 139.000, Length: 139, Loss: 2.7040, Entropy: 0.6278, Epsilon: 0.010
2026-03-29 05:24:24 | INFO | Episode  423 - Reward: 172.000, Length: 172, Loss: 1.6468, Entropy: 0.6290, Epsilon: 0.010
2026-03-29 05:24:26 | INFO | Episode  424 - Reward: 190.000, Length: 190, Loss: 2.1730, Entropy: 0.6272, Epsilon: 0.010
2026-03-29 05:24:28 | INFO | Episode  425 - Reward: 200.000, Length: 200, Loss: 2.4375, Entropy: 0.6202, Epsilon: 0.010
2026-03-29 05:24:31 | INFO | Episode  426 - Reward: 200.000, Length: 200, Loss: 3.0272, Entropy: 0.6223, Epsilon: 0.010
2026-03-29 05:24:34 | INFO | Episode  427 - Reward: 200.000, Length: 200, Loss: 2.2384, Entropy: 0.6269, Epsilon: 0.010
2026-03-29 05:24:36 | INFO | Episode  428 - Reward: 200.000, Length: 200, Loss: 1.2657, Entropy: 0.6251, Epsilon: 0.010
2026-03-29 05:24:38 | INFO | Episode  429 - Reward: 200.000, Length: 200, Loss: 2.2357, Entropy: 0.6221, Epsilon: 0.010
2026-03-29 05:24:40 | INFO | Episode  430 - Reward: 200.000, Length: 200, Loss: 2.0540, Entropy: 0.6286, Epsilon: 0.010
2026-03-29 05:24:42 | INFO | Episode  431 - Reward: 200.000, Length: 200, Loss: 2.3383, Entropy: 0.6224, Epsilon: 0.010
2026-03-29 05:24:44 | INFO | Episode  432 - Reward: 200.000, Length: 200, Loss: 1.1635, Entropy: 0.6224, Epsilon: 0.010
2026-03-29 05:24:47 | INFO | Episode  433 - Reward: 200.000, Length: 200, Loss: 2.3791, Entropy: 0.6140, Epsilon: 0.010
2026-03-29 05:24:49 | INFO | Episode  434 - Reward: 200.000, Length: 200, Loss: 1.4192, Entropy: 0.6195, Epsilon: 0.010
2026-03-29 05:24:51 | INFO | Episode  435 - Reward: 200.000, Length: 200, Loss: 2.0787, Entropy: 0.6242, Epsilon: 0.010
2026-03-29 05:24:53 | INFO | Episode  436 - Reward: 200.000, Length: 200, Loss: 1.9080, Entropy: 0.6185, Epsilon: 0.010
2026-03-29 05:24:55 | INFO | Episode  437 - Reward: 200.000, Length: 200, Loss: 2.4299, Entropy: 0.6172, Epsilon: 0.010
2026-03-29 05:24:57 | INFO | Episode  438 - Reward: 200.000, Length: 200, Loss: 1.0676, Entropy: 0.6211, Epsilon: 0.010
2026-03-29 05:25:00 | INFO | Episode  439 - Reward: 200.000, Length: 200, Loss: 1.6608, Entropy: 0.6212, Epsilon: 0.010
2026-03-29 05:25:02 | INFO | Episode  440 - Reward: 200.000, Length: 200, Loss: 2.0376, Entropy: 0.6137, Epsilon: 0.010
2026-03-29 05:25:04 | INFO | Episode  441 - Reward: 200.000, Length: 200, Loss: 2.3145, Entropy: 0.6155, Epsilon: 0.010
2026-03-29 05:25:07 | INFO | Episode  442 - Reward: 200.000, Length: 200, Loss: 2.3476, Entropy: 0.6146, Epsilon: 0.010
2026-03-29 05:25:09 | INFO | Episode  443 - Reward: 200.000, Length: 200, Loss: 2.5608, Entropy: 0.6137, Epsilon: 0.010
2026-03-29 05:25:11 | INFO | Episode  444 - Reward: 200.000, Length: 200, Loss: 2.5505, Entropy: 0.6170, Epsilon: 0.010
2026-03-29 05:25:14 | INFO | Episode  445 - Reward: 200.000, Length: 200, Loss: 1.9350, Entropy: 0.6222, Epsilon: 0.010
2026-03-29 05:25:16 | INFO | Episode  446 - Reward: 200.000, Length: 200, Loss: 1.6646, Entropy: 0.6180, Epsilon: 0.010
2026-03-29 05:25:18 | INFO | Episode  447 - Reward: 200.000, Length: 200, Loss: 2.3118, Entropy: 0.6149, Epsilon: 0.010
2026-03-29 05:25:21 | INFO | Episode  448 - Reward: 200.000, Length: 200, Loss: 2.5946, Entropy: 0.6182, Epsilon: 0.010
2026-03-29 05:25:23 | INFO | Episode  449 - Reward: 200.000, Length: 200, Loss: 2.5432, Entropy: 0.6160, Epsilon: 0.010
2026-03-29 05:25:25 | INFO | Episode  450 - Reward: 200.000, Length: 200, Loss: 1.0291, Entropy: 0.6224, Epsilon: 0.010
2026-03-29 05:26:40 | INFO | [Episode  450] eps=0.010  avg_reward= 176.160  avg_length=176.16  avg_loss=  2.2415  avg_entropy=0.6224  eval_success=0.960
2026-03-29 05:26:42 | INFO | Episode  451 - Reward: 200.000, Length: 200, Loss: 2.3104, Entropy: 0.6087, Epsilon: 0.010
2026-03-29 05:26:43 | INFO | Episode  452 - Reward: 200.000, Length: 200, Loss: 2.0133, Entropy: 0.6189, Epsilon: 0.010
2026-03-29 05:26:45 | INFO | Episode  453 - Reward: 200.000, Length: 200, Loss: 1.1902, Entropy: 0.6189, Epsilon: 0.010
2026-03-29 05:26:47 | INFO | Episode  454 - Reward: 200.000, Length: 200, Loss: 0.8832, Entropy: 0.6189, Epsilon: 0.010
2026-03-29 05:26:48 | INFO | Episode  455 - Reward: 200.000, Length: 200, Loss: 1.5619, Entropy: 0.6088, Epsilon: 0.010
2026-03-29 05:26:50 | INFO | Episode  456 - Reward: 200.000, Length: 200, Loss: 1.1519, Entropy: 0.6149, Epsilon: 0.010
2026-03-29 05:26:52 | INFO | Episode  457 - Reward: 200.000, Length: 200, Loss: 0.9248, Entropy: 0.6206, Epsilon: 0.010
2026-03-29 05:26:53 | INFO | Episode  458 - Reward: 200.000, Length: 200, Loss: 1.0153, Entropy: 0.6159, Epsilon: 0.010
2026-03-29 05:26:55 | INFO | Episode  459 - Reward: 200.000, Length: 200, Loss: 1.0557, Entropy: 0.6201, Epsilon: 0.010
2026-03-29 05:26:56 | INFO | Episode  460 - Reward: 200.000, Length: 200, Loss: 0.8395, Entropy: 0.6188, Epsilon: 0.010
2026-03-29 05:26:58 | INFO | Episode  461 - Reward: 200.000, Length: 200, Loss: 0.8380, Entropy: 0.6163, Epsilon: 0.010
2026-03-29 05:27:00 | INFO | Episode  462 - Reward: 200.000, Length: 200, Loss: 0.9285, Entropy: 0.6167, Epsilon: 0.010
2026-03-29 05:27:02 | INFO | Episode  463 - Reward: 200.000, Length: 200, Loss: 1.6957, Entropy: 0.6236, Epsilon: 0.010
2026-03-29 05:27:03 | INFO | Episode  464 - Reward: 200.000, Length: 200, Loss: 0.9792, Entropy: 0.6251, Epsilon: 0.010
2026-03-29 05:27:05 | INFO | Episode  465 - Reward: 200.000, Length: 200, Loss: 0.6997, Entropy: 0.6295, Epsilon: 0.010
2026-03-29 05:27:07 | INFO | Episode  466 - Reward: 200.000, Length: 200, Loss: 0.6646, Entropy: 0.6298, Epsilon: 0.010
2026-03-29 05:27:08 | INFO | Episode  467 - Reward: 200.000, Length: 200, Loss: 1.0588, Entropy: 0.6229, Epsilon: 0.010
2026-03-29 05:27:10 | INFO | Episode  468 - Reward: 200.000, Length: 200, Loss: 0.8400, Entropy: 0.6286, Epsilon: 0.010
2026-03-29 05:27:12 | INFO | Episode  469 - Reward: 200.000, Length: 200, Loss: 0.8298, Entropy: 0.6315, Epsilon: 0.010
2026-03-29 05:27:13 | INFO | Episode  470 - Reward: 200.000, Length: 200, Loss: 0.5957, Entropy: 0.6311, Epsilon: 0.010
2026-03-29 05:27:15 | INFO | Episode  471 - Reward: 200.000, Length: 200, Loss: 0.9184, Entropy: 0.6340, Epsilon: 0.010
2026-03-29 05:27:17 | INFO | Episode  472 - Reward: 200.000, Length: 200, Loss: 0.7534, Entropy: 0.6338, Epsilon: 0.010
2026-03-29 05:27:18 | INFO | Episode  473 - Reward: 200.000, Length: 200, Loss: 0.7131, Entropy: 0.6375, Epsilon: 0.010
2026-03-29 05:27:20 | INFO | Episode  474 - Reward: 200.000, Length: 200, Loss: 0.6156, Entropy: 0.6361, Epsilon: 0.010
2026-03-29 05:27:22 | INFO | Episode  475 - Reward: 200.000, Length: 200, Loss: 0.9023, Entropy: 0.6371, Epsilon: 0.010
2026-03-29 05:27:23 | INFO | Episode  476 - Reward: 200.000, Length: 200, Loss: 0.8114, Entropy: 0.6363, Epsilon: 0.010
2026-03-29 05:27:25 | INFO | Episode  477 - Reward: 200.000, Length: 200, Loss: 0.8316, Entropy: 0.6371, Epsilon: 0.010
2026-03-29 05:27:27 | INFO | Episode  478 - Reward: 200.000, Length: 200, Loss: 1.3902, Entropy: 0.6367, Epsilon: 0.010
2026-03-29 05:27:28 | INFO | Episode  479 - Reward: 200.000, Length: 200, Loss: 1.3190, Entropy: 0.6380, Epsilon: 0.010
2026-03-29 05:27:30 | INFO | Episode  480 - Reward: 200.000, Length: 200, Loss: 1.6757, Entropy: 0.6404, Epsilon: 0.010
2026-03-29 05:27:32 | INFO | Episode  481 - Reward: 200.000, Length: 200, Loss: 0.1524, Entropy: 0.6439, Epsilon: 0.010
2026-03-29 05:27:33 | INFO | Episode  482 - Reward: 200.000, Length: 200, Loss: 0.5297, Entropy: 0.6403, Epsilon: 0.010
2026-03-29 05:27:35 | INFO | Episode  483 - Reward: 200.000, Length: 200, Loss: 0.8804, Entropy: 0.6430, Epsilon: 0.010
2026-03-29 05:27:37 | INFO | Episode  484 - Reward: 200.000, Length: 200, Loss: 0.5783, Entropy: 0.6419, Epsilon: 0.010
2026-03-29 05:27:38 | INFO | Episode  485 - Reward: 200.000, Length: 200, Loss: 0.5319, Entropy: 0.6409, Epsilon: 0.010
2026-03-29 05:27:40 | INFO | Episode  486 - Reward: 200.000, Length: 200, Loss: 0.4244, Entropy: 0.6441, Epsilon: 0.010
2026-03-29 05:27:42 | INFO | Episode  487 - Reward: 200.000, Length: 200, Loss: 0.6796, Entropy: 0.6444, Epsilon: 0.010
2026-03-29 05:27:43 | INFO | Episode  488 - Reward: 200.000, Length: 200, Loss: 0.8264, Entropy: 0.6462, Epsilon: 0.010
2026-03-29 05:27:45 | INFO | Episode  489 - Reward: 200.000, Length: 200, Loss: 0.3769, Entropy: 0.6458, Epsilon: 0.010
2026-03-29 05:27:47 | INFO | Episode  490 - Reward: 200.000, Length: 200, Loss: 0.4492, Entropy: 0.6432, Epsilon: 0.010
2026-03-29 05:27:48 | INFO | Episode  491 - Reward: 200.000, Length: 200, Loss: 0.3446, Entropy: 0.6465, Epsilon: 0.010
2026-03-29 05:27:51 | INFO | Episode  492 - Reward: 200.000, Length: 200, Loss: 0.3637, Entropy: 0.6467, Epsilon: 0.010
2026-03-29 05:27:53 | INFO | Episode  493 - Reward: 200.000, Length: 200, Loss: 0.2589, Entropy: 0.6513, Epsilon: 0.010
2026-03-29 05:27:55 | INFO | Episode  494 - Reward: 200.000, Length: 200, Loss: 0.4098, Entropy: 0.6454, Epsilon: 0.010
2026-03-29 05:27:57 | INFO | Episode  495 - Reward: 200.000, Length: 200, Loss: 0.3834, Entropy: 0.6495, Epsilon: 0.010
2026-03-29 05:27:59 | INFO | Episode  496 - Reward: 200.000, Length: 200, Loss: 0.4457, Entropy: 0.6449, Epsilon: 0.010
2026-03-29 05:28:01 | INFO | Episode  497 - Reward: 200.000, Length: 200, Loss: 0.4978, Entropy: 0.6498, Epsilon: 0.010
2026-03-29 05:28:04 | INFO | Episode  498 - Reward: 200.000, Length: 200, Loss: 0.5164, Entropy: 0.6520, Epsilon: 0.010
2026-03-29 05:28:06 | INFO | Episode  499 - Reward: 200.000, Length: 200, Loss: 0.2858, Entropy: 0.6553, Epsilon: 0.010
2026-03-29 05:28:08 | INFO | Episode  500 - Reward: 200.000, Length: 200, Loss: 0.2573, Entropy: 0.6506, Epsilon: 0.010
2026-03-29 05:29:20 | INFO | [Episode  500] eps=0.010  avg_reward= 200.000  avg_length=200.00  avg_loss=  0.8240  avg_entropy=0.6506  eval_success=1.000
2026-03-29 05:29:20 | INFO | DQN+Entropy training: 22m 59.93s
2026-03-29 05:33:59 | INFO | [Final Eval] success=1.000, mean_reward=200.000
