2026-03-28 20:51:04 | INFO | ============================================================
2026-03-28 20:51:04 | INFO | DEVICE / COMPUTE INFORMATION
2026-03-28 20:51:04 | INFO |   JAX backend       : GPU
2026-03-28 20:51:04 | INFO |   Platform          : gpu
2026-03-28 20:51:04 | INFO |   Num devices       : 1
2026-03-28 20:51:04 | INFO |   Device            : cuda:0
2026-03-28 20:51:04 | INFO |   GPU name          : NVIDIA GeForce RTX 5060 Laptop GPU
2026-03-28 20:51:04 | INFO | ============================================================
2026-03-28 20:51:04 | INFO | DQN+Entropy | seed=1, lr=0.01, gamma=0.99, alpha=0.01
2026-03-28 20:51:04 | INFO | Env: cartpole/dense, obs_dim=4, num_actions=2
2026-03-28 20:51:06 | INFO | Episode    1 - Reward: 11.000, Length: 11, Loss: 0.0000, Entropy: 0.0000, Epsilon: 0.998
2026-03-28 20:51:06 | INFO | Episode    2 - Reward: 17.000, Length: 17, Loss: 0.0000, Entropy: 0.0000, Epsilon: 0.995
2026-03-28 20:51:07 | INFO | Episode    3 - Reward: 16.000, Length: 16, Loss: 0.0000, Entropy: 0.0000, Epsilon: 0.993
2026-03-28 20:51:08 | INFO | Episode    4 - Reward: 12.000, Length: 12, Loss: 0.0000, Entropy: 0.0000, Epsilon: 0.990
2026-03-28 20:51:09 | INFO | Episode    5 - Reward: 15.000, Length: 15, Loss: 0.0000, Entropy: 0.0000, Epsilon: 0.988
2026-03-28 20:51:09 | INFO | Episode    6 - Reward: 31.000, Length: 31, Loss: 0.0000, Entropy: 0.0000, Epsilon: 0.985
2026-03-28 20:51:10 | INFO | Episode    7 - Reward: 21.000, Length: 21, Loss: 0.0000, Entropy: 0.0000, Epsilon: 0.983
2026-03-28 20:51:11 | INFO | Episode    8 - Reward: 12.000, Length: 12, Loss: 0.0000, Entropy: 0.0000, Epsilon: 0.980
2026-03-28 20:51:12 | INFO | Episode    9 - Reward: 41.000, Length: 41, Loss: 0.0000, Entropy: 0.0000, Epsilon: 0.978
2026-03-28 20:51:12 | INFO | Episode   10 - Reward: 39.000, Length: 39, Loss: 0.0000, Entropy: 0.0000, Epsilon: 0.975
2026-03-28 20:51:13 | INFO | Episode   11 - Reward: 15.000, Length: 15, Loss: 0.0000, Entropy: 0.0000, Epsilon: 0.973
2026-03-28 20:51:17 | INFO | Episode   12 - Reward: 32.000, Length: 32, Loss: 0.9594, Entropy: 0.6931, Epsilon: 0.970
2026-03-28 20:51:18 | INFO | Episode   13 - Reward: 37.000, Length: 37, Loss: 0.8492, Entropy: 0.6931, Epsilon: 0.968
2026-03-28 20:51:19 | INFO | Episode   14 - Reward: 16.000, Length: 16, Loss: 0.7554, Entropy: 0.6931, Epsilon: 0.965
2026-03-28 20:51:20 | INFO | Episode   15 - Reward: 35.000, Length: 35, Loss: 0.6760, Entropy: 0.6931, Epsilon: 0.963
2026-03-28 20:51:21 | INFO | Episode   16 - Reward: 36.000, Length: 36, Loss: 0.6008, Entropy: 0.6931, Epsilon: 0.960
2026-03-28 20:51:21 | INFO | Episode   17 - Reward: 10.000, Length: 10, Loss: 0.5325, Entropy: 0.6931, Epsilon: 0.958
2026-03-28 20:51:22 | INFO | Episode   18 - Reward: 19.000, Length: 19, Loss: 0.4755, Entropy: 0.6931, Epsilon: 0.955
2026-03-28 20:51:23 | INFO | Episode   19 - Reward: 23.000, Length: 23, Loss: 0.4225, Entropy: 0.6931, Epsilon: 0.953
2026-03-28 20:51:24 | INFO | Episode   20 - Reward: 19.000, Length: 19, Loss: 0.3756, Entropy: 0.6931, Epsilon: 0.951
2026-03-28 20:51:25 | INFO | Episode   21 - Reward: 10.000, Length: 10, Loss: 0.3298, Entropy: 0.6931, Epsilon: 0.948
2026-03-28 20:51:25 | INFO | Episode   22 - Reward: 47.000, Length: 47, Loss: 0.2923, Entropy: 0.6931, Epsilon: 0.946
2026-03-28 20:51:26 | INFO | Episode   23 - Reward: 15.000, Length: 15, Loss: 0.9308, Entropy: 0.6931, Epsilon: 0.943
2026-03-28 20:51:27 | INFO | Episode   24 - Reward: 17.000, Length: 17, Loss: 0.8098, Entropy: 0.6931, Epsilon: 0.941
2026-03-28 20:51:28 | INFO | Episode   25 - Reward: 20.000, Length: 20, Loss: 0.7072, Entropy: 0.6931, Epsilon: 0.938
2026-03-28 20:51:29 | INFO | Episode   26 - Reward: 26.000, Length: 26, Loss: 0.6161, Entropy: 0.6931, Epsilon: 0.936
2026-03-28 20:51:29 | INFO | Episode   27 - Reward: 14.000, Length: 14, Loss: 0.5194, Entropy: 0.6931, Epsilon: 0.933
2026-03-28 20:51:30 | INFO | Episode   28 - Reward: 14.000, Length: 14, Loss: 0.4526, Entropy: 0.6931, Epsilon: 0.931
2026-03-28 20:51:31 | INFO | Episode   29 - Reward: 18.000, Length: 18, Loss: 0.3765, Entropy: 0.6931, Epsilon: 0.928
2026-03-28 20:51:32 | INFO | Episode   30 - Reward: 13.000, Length: 13, Loss: 0.3182, Entropy: 0.6931, Epsilon: 0.926
2026-03-28 20:51:33 | INFO | Episode   31 - Reward: 27.000, Length: 27, Loss: 0.2633, Entropy: 0.6931, Epsilon: 0.923
2026-03-28 20:51:33 | INFO | Episode   32 - Reward: 18.000, Length: 18, Loss: 0.2220, Entropy: 0.6931, Epsilon: 0.921
2026-03-28 20:51:34 | INFO | Episode   33 - Reward: 19.000, Length: 19, Loss: 0.1808, Entropy: 0.6931, Epsilon: 0.918
2026-03-28 20:51:35 | INFO | Episode   34 - Reward: 26.000, Length: 26, Loss: 0.1497, Entropy: 0.6931, Epsilon: 0.916
2026-03-28 20:51:36 | INFO | Episode   35 - Reward: 13.000, Length: 13, Loss: 0.1240, Entropy: 0.6931, Epsilon: 0.913
2026-03-28 20:51:36 | INFO | Episode   36 - Reward: 13.000, Length: 13, Loss: 0.1008, Entropy: 0.6931, Epsilon: 0.911
2026-03-28 20:51:37 | INFO | Episode   37 - Reward: 10.000, Length: 10, Loss: 0.0839, Entropy: 0.6931, Epsilon: 0.908
2026-03-28 20:51:38 | INFO | Episode   38 - Reward: 20.000, Length: 20, Loss: 0.0664, Entropy: 0.6931, Epsilon: 0.906
2026-03-28 20:51:39 | INFO | Episode   39 - Reward: 9.000, Length: 9, Loss: 0.0547, Entropy: 0.6931, Epsilon: 0.903
2026-03-28 20:51:40 | INFO | Episode   40 - Reward: 23.000, Length: 23, Loss: 0.0452, Entropy: 0.6931, Epsilon: 0.901
2026-03-28 20:51:40 | INFO | Episode   41 - Reward: 12.000, Length: 12, Loss: 0.0392, Entropy: 0.6931, Epsilon: 0.899
2026-03-28 20:51:41 | INFO | Episode   42 - Reward: 18.000, Length: 18, Loss: 0.0326, Entropy: 0.6931, Epsilon: 0.896
2026-03-28 20:51:42 | INFO | Episode   43 - Reward: 23.000, Length: 23, Loss: 0.0295, Entropy: 0.6931, Epsilon: 0.894
2026-03-28 20:51:43 | INFO | Episode   44 - Reward: 12.000, Length: 12, Loss: 0.0251, Entropy: 0.6931, Epsilon: 0.891
2026-03-28 20:51:44 | INFO | Episode   45 - Reward: 14.000, Length: 14, Loss: 0.0248, Entropy: 0.6931, Epsilon: 0.889
2026-03-28 20:51:44 | INFO | Episode   46 - Reward: 10.000, Length: 10, Loss: 0.0195, Entropy: 0.6931, Epsilon: 0.886
2026-03-28 20:51:45 | INFO | Episode   47 - Reward: 17.000, Length: 17, Loss: 0.0209, Entropy: 0.6931, Epsilon: 0.884
2026-03-28 20:51:46 | INFO | Episode   48 - Reward: 25.000, Length: 25, Loss: 0.0151, Entropy: 0.6931, Epsilon: 0.881
2026-03-28 20:51:47 | INFO | Episode   49 - Reward: 15.000, Length: 15, Loss: 0.0151, Entropy: 0.6931, Epsilon: 0.879
2026-03-28 20:51:48 | INFO | Episode   50 - Reward: 25.000, Length: 25, Loss: 0.0153, Entropy: 0.6931, Epsilon: 0.876
2026-03-28 20:51:54 | INFO | [Episode   50] eps=0.876  avg_reward=  20.000  avg_length= 20.00  avg_loss=  0.2506  avg_entropy=0.6931  eval_success=0.000
2026-03-28 20:51:55 | INFO | Episode   51 - Reward: 15.000, Length: 15, Loss: 0.8723, Entropy: 0.6931, Epsilon: 0.874
2026-03-28 20:51:55 | INFO | Episode   52 - Reward: 38.000, Length: 38, Loss: 0.6738, Entropy: 0.6931, Epsilon: 0.871
2026-03-28 20:51:56 | INFO | Episode   53 - Reward: 32.000, Length: 32, Loss: 0.5047, Entropy: 0.6930, Epsilon: 0.869
2026-03-28 20:51:57 | INFO | Episode   54 - Reward: 17.000, Length: 17, Loss: 0.3804, Entropy: 0.6930, Epsilon: 0.866
2026-03-28 20:51:58 | INFO | Episode   55 - Reward: 8.000, Length: 8, Loss: 0.3086, Entropy: 0.6930, Epsilon: 0.864
2026-03-28 20:51:59 | INFO | Episode   56 - Reward: 28.000, Length: 28, Loss: 0.2467, Entropy: 0.6930, Epsilon: 0.861
2026-03-28 20:51:59 | INFO | Episode   57 - Reward: 21.000, Length: 21, Loss: 0.1859, Entropy: 0.6930, Epsilon: 0.859
2026-03-28 20:52:00 | INFO | Episode   58 - Reward: 58.000, Length: 58, Loss: 0.1741, Entropy: 0.6930, Epsilon: 0.856
2026-03-28 20:52:01 | INFO | Episode   59 - Reward: 13.000, Length: 13, Loss: 0.1472, Entropy: 0.6931, Epsilon: 0.854
2026-03-28 20:52:02 | INFO | Episode   60 - Reward: 22.000, Length: 22, Loss: 0.1428, Entropy: 0.6931, Epsilon: 0.852
2026-03-28 20:52:03 | INFO | Episode   61 - Reward: 16.000, Length: 16, Loss: 0.0923, Entropy: 0.6930, Epsilon: 0.849
2026-03-28 20:52:04 | INFO | Episode   62 - Reward: 11.000, Length: 11, Loss: 0.1340, Entropy: 0.6930, Epsilon: 0.847
2026-03-28 20:52:05 | INFO | Episode   63 - Reward: 15.000, Length: 15, Loss: 0.1185, Entropy: 0.6930, Epsilon: 0.844
2026-03-28 20:52:06 | INFO | Episode   64 - Reward: 15.000, Length: 15, Loss: 0.1258, Entropy: 0.6930, Epsilon: 0.842
2026-03-28 20:52:07 | INFO | Episode   65 - Reward: 15.000, Length: 15, Loss: 0.0966, Entropy: 0.6930, Epsilon: 0.839
2026-03-28 20:52:08 | INFO | Episode   66 - Reward: 21.000, Length: 21, Loss: 0.1424, Entropy: 0.6930, Epsilon: 0.837
2026-03-28 20:52:09 | INFO | Episode   67 - Reward: 11.000, Length: 11, Loss: 0.0930, Entropy: 0.6930, Epsilon: 0.834
2026-03-28 20:52:10 | INFO | Episode   68 - Reward: 11.000, Length: 11, Loss: 0.1044, Entropy: 0.6930, Epsilon: 0.832
2026-03-28 20:52:11 | INFO | Episode   69 - Reward: 11.000, Length: 11, Loss: 0.1004, Entropy: 0.6930, Epsilon: 0.829
2026-03-28 20:52:12 | INFO | Episode   70 - Reward: 12.000, Length: 12, Loss: 0.0759, Entropy: 0.6930, Epsilon: 0.827
2026-03-28 20:52:13 | INFO | Episode   71 - Reward: 13.000, Length: 13, Loss: 0.1178, Entropy: 0.6930, Epsilon: 0.824
2026-03-28 20:52:14 | INFO | Episode   72 - Reward: 22.000, Length: 22, Loss: 0.0851, Entropy: 0.6930, Epsilon: 0.822
2026-03-28 20:52:15 | INFO | Episode   73 - Reward: 10.000, Length: 10, Loss: 0.1037, Entropy: 0.6930, Epsilon: 0.819
2026-03-28 20:52:16 | INFO | Episode   74 - Reward: 15.000, Length: 15, Loss: 0.1370, Entropy: 0.6930, Epsilon: 0.817
2026-03-28 20:52:17 | INFO | Episode   75 - Reward: 27.000, Length: 27, Loss: 0.1380, Entropy: 0.6930, Epsilon: 0.814
2026-03-28 20:52:18 | INFO | Episode   76 - Reward: 11.000, Length: 11, Loss: 0.1229, Entropy: 0.6930, Epsilon: 0.812
2026-03-28 20:52:19 | INFO | Episode   77 - Reward: 17.000, Length: 17, Loss: 0.1226, Entropy: 0.6930, Epsilon: 0.809
2026-03-28 20:52:20 | INFO | Episode   78 - Reward: 19.000, Length: 19, Loss: 0.9159, Entropy: 0.6930, Epsilon: 0.807
2026-03-28 20:52:21 | INFO | Episode   79 - Reward: 14.000, Length: 14, Loss: 0.5854, Entropy: 0.6930, Epsilon: 0.804
2026-03-28 20:52:22 | INFO | Episode   80 - Reward: 10.000, Length: 10, Loss: 0.4797, Entropy: 0.6929, Epsilon: 0.802
2026-03-28 20:52:23 | INFO | Episode   81 - Reward: 26.000, Length: 26, Loss: 0.3932, Entropy: 0.6929, Epsilon: 0.800
2026-03-28 20:52:24 | INFO | Episode   82 - Reward: 10.000, Length: 10, Loss: 0.2978, Entropy: 0.6929, Epsilon: 0.797
2026-03-28 20:52:25 | INFO | Episode   83 - Reward: 14.000, Length: 14, Loss: 0.3087, Entropy: 0.6929, Epsilon: 0.795
2026-03-28 20:52:26 | INFO | Episode   84 - Reward: 10.000, Length: 10, Loss: 0.3562, Entropy: 0.6928, Epsilon: 0.792
2026-03-28 20:52:27 | INFO | Episode   85 - Reward: 17.000, Length: 17, Loss: 0.3268, Entropy: 0.6926, Epsilon: 0.790
2026-03-28 20:52:28 | INFO | Episode   86 - Reward: 14.000, Length: 14, Loss: 0.3343, Entropy: 0.6926, Epsilon: 0.787
2026-03-28 20:52:29 | INFO | Episode   87 - Reward: 9.000, Length: 9, Loss: 0.2995, Entropy: 0.6925, Epsilon: 0.785
2026-03-28 20:52:30 | INFO | Episode   88 - Reward: 13.000, Length: 13, Loss: 0.3430, Entropy: 0.6924, Epsilon: 0.782
2026-03-28 20:52:31 | INFO | Episode   89 - Reward: 12.000, Length: 12, Loss: 0.2761, Entropy: 0.6925, Epsilon: 0.780
2026-03-28 20:52:32 | INFO | Episode   90 - Reward: 14.000, Length: 14, Loss: 0.2783, Entropy: 0.6925, Epsilon: 0.777
2026-03-28 20:52:33 | INFO | Episode   91 - Reward: 14.000, Length: 14, Loss: 0.3090, Entropy: 0.6926, Epsilon: 0.775
2026-03-28 20:52:34 | INFO | Episode   92 - Reward: 17.000, Length: 17, Loss: 0.2855, Entropy: 0.6926, Epsilon: 0.772
2026-03-28 20:52:35 | INFO | Episode   93 - Reward: 17.000, Length: 17, Loss: 0.2514, Entropy: 0.6926, Epsilon: 0.770
2026-03-28 20:52:36 | INFO | Episode   94 - Reward: 10.000, Length: 10, Loss: 0.3491, Entropy: 0.6924, Epsilon: 0.767
2026-03-28 20:52:37 | INFO | Episode   95 - Reward: 14.000, Length: 14, Loss: 0.3098, Entropy: 0.6923, Epsilon: 0.765
2026-03-28 20:52:38 | INFO | Episode   96 - Reward: 28.000, Length: 28, Loss: 0.2777, Entropy: 0.6924, Epsilon: 0.762
2026-03-28 20:52:39 | INFO | Episode   97 - Reward: 35.000, Length: 35, Loss: 0.2961, Entropy: 0.6923, Epsilon: 0.760
2026-03-28 20:52:40 | INFO | Episode   98 - Reward: 20.000, Length: 20, Loss: 0.2977, Entropy: 0.6922, Epsilon: 0.757
2026-03-28 20:52:41 | INFO | Episode   99 - Reward: 16.000, Length: 16, Loss: 0.3148, Entropy: 0.6920, Epsilon: 0.755
2026-03-28 20:52:42 | INFO | Episode  100 - Reward: 11.000, Length: 11, Loss: 0.2547, Entropy: 0.6918, Epsilon: 0.752
2026-03-28 20:52:46 | INFO | [Episode  100] eps=0.752  avg_reward=  17.380  avg_length= 17.38  avg_loss=  0.2738  avg_entropy=0.6918  eval_success=0.000
2026-03-28 20:52:47 | INFO | Episode  101 - Reward: 9.000, Length: 9, Loss: 0.2977, Entropy: 0.6918, Epsilon: 0.750
2026-03-28 20:52:48 | INFO | Episode  102 - Reward: 9.000, Length: 9, Loss: 0.3284, Entropy: 0.6919, Epsilon: 0.748
2026-03-28 20:52:49 | INFO | Episode  103 - Reward: 17.000, Length: 17, Loss: 0.3538, Entropy: 0.6920, Epsilon: 0.745
2026-03-28 20:52:50 | INFO | Episode  104 - Reward: 24.000, Length: 24, Loss: 0.2584, Entropy: 0.6921, Epsilon: 0.743
2026-03-28 20:52:51 | INFO | Episode  105 - Reward: 26.000, Length: 26, Loss: 0.2421, Entropy: 0.6922, Epsilon: 0.740
2026-03-28 20:52:52 | INFO | Episode  106 - Reward: 13.000, Length: 13, Loss: 0.3321, Entropy: 0.6922, Epsilon: 0.738
2026-03-28 20:52:53 | INFO | Episode  107 - Reward: 14.000, Length: 14, Loss: 0.2961, Entropy: 0.6918, Epsilon: 0.735
2026-03-28 20:52:54 | INFO | Episode  108 - Reward: 13.000, Length: 13, Loss: 0.2864, Entropy: 0.6920, Epsilon: 0.733
2026-03-28 20:52:55 | INFO | Episode  109 - Reward: 12.000, Length: 12, Loss: 0.2670, Entropy: 0.6920, Epsilon: 0.730
2026-03-28 20:52:56 | INFO | Episode  110 - Reward: 14.000, Length: 14, Loss: 0.9345, Entropy: 0.6919, Epsilon: 0.728
2026-03-28 20:52:57 | INFO | Episode  111 - Reward: 10.000, Length: 10, Loss: 0.7556, Entropy: 0.6910, Epsilon: 0.725
2026-03-28 20:52:58 | INFO | Episode  112 - Reward: 42.000, Length: 42, Loss: 0.6045, Entropy: 0.6911, Epsilon: 0.723
2026-03-28 20:52:59 | INFO | Episode  113 - Reward: 13.000, Length: 13, Loss: 0.4526, Entropy: 0.6912, Epsilon: 0.720
2026-03-28 20:53:00 | INFO | Episode  114 - Reward: 23.000, Length: 23, Loss: 0.5750, Entropy: 0.6914, Epsilon: 0.718
2026-03-28 20:53:01 | INFO | Episode  115 - Reward: 11.000, Length: 11, Loss: 0.5697, Entropy: 0.6913, Epsilon: 0.715
2026-03-28 20:53:02 | INFO | Episode  116 - Reward: 21.000, Length: 21, Loss: 0.5051, Entropy: 0.6908, Epsilon: 0.713
2026-03-28 20:53:03 | INFO | Episode  117 - Reward: 23.000, Length: 23, Loss: 0.4042, Entropy: 0.6906, Epsilon: 0.710
2026-03-28 20:53:04 | INFO | Episode  118 - Reward: 29.000, Length: 29, Loss: 0.6230, Entropy: 0.6907, Epsilon: 0.708
2026-03-28 20:53:05 | INFO | Episode  119 - Reward: 13.000, Length: 13, Loss: 0.4705, Entropy: 0.6902, Epsilon: 0.705
2026-03-28 20:53:06 | INFO | Episode  120 - Reward: 10.000, Length: 10, Loss: 0.4973, Entropy: 0.6900, Epsilon: 0.703
2026-03-28 20:53:07 | INFO | Episode  121 - Reward: 11.000, Length: 11, Loss: 0.6827, Entropy: 0.6901, Epsilon: 0.701
2026-03-28 20:53:08 | INFO | Episode  122 - Reward: 10.000, Length: 10, Loss: 0.6180, Entropy: 0.6907, Epsilon: 0.698
2026-03-28 20:53:09 | INFO | Episode  123 - Reward: 17.000, Length: 17, Loss: 0.5129, Entropy: 0.6906, Epsilon: 0.696
2026-03-28 20:53:10 | INFO | Episode  124 - Reward: 9.000, Length: 9, Loss: 0.5198, Entropy: 0.6900, Epsilon: 0.693
2026-03-28 20:53:11 | INFO | Episode  125 - Reward: 13.000, Length: 13, Loss: 0.4447, Entropy: 0.6902, Epsilon: 0.691
2026-03-28 20:53:12 | INFO | Episode  126 - Reward: 18.000, Length: 18, Loss: 0.3661, Entropy: 0.6907, Epsilon: 0.688
2026-03-28 20:53:13 | INFO | Episode  127 - Reward: 15.000, Length: 15, Loss: 0.4166, Entropy: 0.6908, Epsilon: 0.686
2026-03-28 20:53:14 | INFO | Episode  128 - Reward: 16.000, Length: 16, Loss: 0.5559, Entropy: 0.6908, Epsilon: 0.683
2026-03-28 20:53:15 | INFO | Episode  129 - Reward: 14.000, Length: 14, Loss: 0.5498, Entropy: 0.6908, Epsilon: 0.681
2026-03-28 20:53:16 | INFO | Episode  130 - Reward: 28.000, Length: 28, Loss: 0.3810, Entropy: 0.6910, Epsilon: 0.678
2026-03-28 20:53:17 | INFO | Episode  131 - Reward: 11.000, Length: 11, Loss: 0.5149, Entropy: 0.6903, Epsilon: 0.676
2026-03-28 20:53:18 | INFO | Episode  132 - Reward: 13.000, Length: 13, Loss: 0.6000, Entropy: 0.6899, Epsilon: 0.673
2026-03-28 20:53:19 | INFO | Episode  133 - Reward: 14.000, Length: 14, Loss: 0.4694, Entropy: 0.6891, Epsilon: 0.671
2026-03-28 20:53:20 | INFO | Episode  134 - Reward: 16.000, Length: 16, Loss: 0.4734, Entropy: 0.6890, Epsilon: 0.668
2026-03-28 20:53:21 | INFO | Episode  135 - Reward: 11.000, Length: 11, Loss: 0.3987, Entropy: 0.6897, Epsilon: 0.666
2026-03-28 20:53:22 | INFO | Episode  136 - Reward: 14.000, Length: 14, Loss: 0.4727, Entropy: 0.6903, Epsilon: 0.663
2026-03-28 20:53:23 | INFO | Episode  137 - Reward: 14.000, Length: 14, Loss: 0.5070, Entropy: 0.6902, Epsilon: 0.661
2026-03-28 20:53:24 | INFO | Episode  138 - Reward: 13.000, Length: 13, Loss: 0.5770, Entropy: 0.6903, Epsilon: 0.658
2026-03-28 20:53:25 | INFO | Episode  139 - Reward: 13.000, Length: 13, Loss: 0.4220, Entropy: 0.6902, Epsilon: 0.656
2026-03-28 20:53:26 | INFO | Episode  140 - Reward: 23.000, Length: 23, Loss: 0.4832, Entropy: 0.6895, Epsilon: 0.653
2026-03-28 20:53:27 | INFO | Episode  141 - Reward: 14.000, Length: 14, Loss: 1.0929, Entropy: 0.6887, Epsilon: 0.651
2026-03-28 20:53:28 | INFO | Episode  142 - Reward: 16.000, Length: 16, Loss: 0.8546, Entropy: 0.6890, Epsilon: 0.649
2026-03-28 20:53:30 | INFO | Episode  143 - Reward: 12.000, Length: 12, Loss: 0.8710, Entropy: 0.6881, Epsilon: 0.646
2026-03-28 20:53:31 | INFO | Episode  144 - Reward: 10.000, Length: 10, Loss: 0.7693, Entropy: 0.6887, Epsilon: 0.644
2026-03-28 20:53:32 | INFO | Episode  145 - Reward: 22.000, Length: 22, Loss: 0.7235, Entropy: 0.6886, Epsilon: 0.641
2026-03-28 20:53:33 | INFO | Episode  146 - Reward: 12.000, Length: 12, Loss: 0.8548, Entropy: 0.6884, Epsilon: 0.639
2026-03-28 20:53:34 | INFO | Episode  147 - Reward: 29.000, Length: 29, Loss: 0.7400, Entropy: 0.6893, Epsilon: 0.636
2026-03-28 20:53:35 | INFO | Episode  148 - Reward: 11.000, Length: 11, Loss: 0.8229, Entropy: 0.6894, Epsilon: 0.634
2026-03-28 20:53:36 | INFO | Episode  149 - Reward: 22.000, Length: 22, Loss: 0.8402, Entropy: 0.6882, Epsilon: 0.631
2026-03-28 20:53:36 | INFO | Episode  150 - Reward: 13.000, Length: 13, Loss: 0.6662, Entropy: 0.6885, Epsilon: 0.629
2026-03-28 20:53:40 | INFO | [Episode  150] eps=0.629  avg_reward=  16.000  avg_length= 16.00  avg_loss=  0.5451  avg_entropy=0.6885  eval_success=0.000
2026-03-28 20:53:41 | INFO | Episode  151 - Reward: 14.000, Length: 14, Loss: 0.8000, Entropy: 0.6903, Epsilon: 0.626
2026-03-28 20:53:42 | INFO | Episode  152 - Reward: 15.000, Length: 15, Loss: 0.6915, Entropy: 0.6910, Epsilon: 0.624
2026-03-28 20:53:43 | INFO | Episode  153 - Reward: 15.000, Length: 15, Loss: 0.8689, Entropy: 0.6911, Epsilon: 0.621
2026-03-28 20:53:44 | INFO | Episode  154 - Reward: 32.000, Length: 32, Loss: 0.5501, Entropy: 0.6907, Epsilon: 0.619
2026-03-28 20:53:45 | INFO | Episode  155 - Reward: 13.000, Length: 13, Loss: 0.8869, Entropy: 0.6910, Epsilon: 0.616
2026-03-28 20:53:46 | INFO | Episode  156 - Reward: 15.000, Length: 15, Loss: 0.6179, Entropy: 0.6917, Epsilon: 0.614
2026-03-28 20:53:47 | INFO | Episode  157 - Reward: 10.000, Length: 10, Loss: 0.6739, Entropy: 0.6915, Epsilon: 0.611
2026-03-28 20:53:48 | INFO | Episode  158 - Reward: 26.000, Length: 26, Loss: 0.5726, Entropy: 0.6913, Epsilon: 0.609
2026-03-28 20:53:49 | INFO | Episode  159 - Reward: 16.000, Length: 16, Loss: 0.6292, Entropy: 0.6917, Epsilon: 0.606
2026-03-28 20:53:50 | INFO | Episode  160 - Reward: 11.000, Length: 11, Loss: 0.6355, Entropy: 0.6915, Epsilon: 0.604
2026-03-28 20:53:51 | INFO | Episode  161 - Reward: 13.000, Length: 13, Loss: 0.8134, Entropy: 0.6909, Epsilon: 0.602
2026-03-28 20:53:52 | INFO | Episode  162 - Reward: 14.000, Length: 14, Loss: 0.6491, Entropy: 0.6908, Epsilon: 0.599
2026-03-28 20:53:53 | INFO | Episode  163 - Reward: 10.000, Length: 10, Loss: 0.6713, Entropy: 0.6914, Epsilon: 0.597
2026-03-28 20:53:54 | INFO | Episode  164 - Reward: 12.000, Length: 12, Loss: 0.7110, Entropy: 0.6910, Epsilon: 0.594
2026-03-28 20:53:55 | INFO | Episode  165 - Reward: 14.000, Length: 14, Loss: 0.7968, Entropy: 0.6905, Epsilon: 0.592
2026-03-28 20:53:56 | INFO | Episode  166 - Reward: 17.000, Length: 17, Loss: 0.6924, Entropy: 0.6912, Epsilon: 0.589
2026-03-28 20:53:57 | INFO | Episode  167 - Reward: 31.000, Length: 31, Loss: 0.7948, Entropy: 0.6914, Epsilon: 0.587
2026-03-28 20:53:58 | INFO | Episode  168 - Reward: 9.000, Length: 9, Loss: 0.7985, Entropy: 0.6913, Epsilon: 0.584
2026-03-28 20:53:59 | INFO | Episode  169 - Reward: 13.000, Length: 13, Loss: 0.6778, Entropy: 0.6913, Epsilon: 0.582
2026-03-28 20:54:00 | INFO | Episode  170 - Reward: 14.000, Length: 14, Loss: 0.6229, Entropy: 0.6911, Epsilon: 0.579
2026-03-28 20:54:01 | INFO | Episode  171 - Reward: 11.000, Length: 11, Loss: 0.7110, Entropy: 0.6912, Epsilon: 0.577
2026-03-28 20:54:02 | INFO | Episode  172 - Reward: 10.000, Length: 10, Loss: 0.7660, Entropy: 0.6908, Epsilon: 0.574
2026-03-28 20:54:03 | INFO | Episode  173 - Reward: 19.000, Length: 19, Loss: 1.2024, Entropy: 0.6907, Epsilon: 0.572
2026-03-28 20:54:04 | INFO | Episode  174 - Reward: 16.000, Length: 16, Loss: 1.0719, Entropy: 0.6904, Epsilon: 0.569
2026-03-28 20:54:05 | INFO | Episode  175 - Reward: 25.000, Length: 25, Loss: 1.0779, Entropy: 0.6915, Epsilon: 0.567
2026-03-28 20:54:06 | INFO | Episode  176 - Reward: 15.000, Length: 15, Loss: 1.1077, Entropy: 0.6924, Epsilon: 0.564
2026-03-28 20:54:07 | INFO | Episode  177 - Reward: 16.000, Length: 16, Loss: 0.8277, Entropy: 0.6920, Epsilon: 0.562
2026-03-28 20:54:08 | INFO | Episode  178 - Reward: 22.000, Length: 22, Loss: 0.9651, Entropy: 0.6919, Epsilon: 0.559
2026-03-28 20:54:09 | INFO | Episode  179 - Reward: 29.000, Length: 29, Loss: 1.0197, Entropy: 0.6914, Epsilon: 0.557
2026-03-28 20:54:10 | INFO | Episode  180 - Reward: 31.000, Length: 31, Loss: 0.9694, Entropy: 0.6917, Epsilon: 0.554
2026-03-28 20:54:11 | INFO | Episode  181 - Reward: 17.000, Length: 17, Loss: 0.6454, Entropy: 0.6925, Epsilon: 0.552
2026-03-28 20:54:12 | INFO | Episode  182 - Reward: 14.000, Length: 14, Loss: 0.7909, Entropy: 0.6927, Epsilon: 0.550
2026-03-28 20:54:13 | INFO | Episode  183 - Reward: 15.000, Length: 15, Loss: 0.6967, Entropy: 0.6925, Epsilon: 0.547
2026-03-28 20:54:14 | INFO | Episode  184 - Reward: 12.000, Length: 12, Loss: 0.8713, Entropy: 0.6924, Epsilon: 0.545
2026-03-28 20:54:15 | INFO | Episode  185 - Reward: 15.000, Length: 15, Loss: 0.9682, Entropy: 0.6924, Epsilon: 0.542
2026-03-28 20:54:16 | INFO | Episode  186 - Reward: 13.000, Length: 13, Loss: 0.9214, Entropy: 0.6921, Epsilon: 0.540
2026-03-28 20:54:17 | INFO | Episode  187 - Reward: 11.000, Length: 11, Loss: 0.6959, Entropy: 0.6923, Epsilon: 0.537
2026-03-28 20:54:18 | INFO | Episode  188 - Reward: 11.000, Length: 11, Loss: 0.8542, Entropy: 0.6924, Epsilon: 0.535
2026-03-28 20:54:19 | INFO | Episode  189 - Reward: 33.000, Length: 33, Loss: 0.8502, Entropy: 0.6925, Epsilon: 0.532
2026-03-28 20:54:20 | INFO | Episode  190 - Reward: 17.000, Length: 17, Loss: 0.8626, Entropy: 0.6927, Epsilon: 0.530
2026-03-28 20:54:21 | INFO | Episode  191 - Reward: 13.000, Length: 13, Loss: 0.8396, Entropy: 0.6928, Epsilon: 0.527
2026-03-28 20:54:22 | INFO | Episode  192 - Reward: 17.000, Length: 17, Loss: 0.9101, Entropy: 0.6929, Epsilon: 0.525
2026-03-28 20:54:23 | INFO | Episode  193 - Reward: 17.000, Length: 17, Loss: 0.6760, Entropy: 0.6929, Epsilon: 0.522
2026-03-28 20:54:24 | INFO | Episode  194 - Reward: 17.000, Length: 17, Loss: 0.6591, Entropy: 0.6927, Epsilon: 0.520
2026-03-28 20:54:25 | INFO | Episode  195 - Reward: 9.000, Length: 9, Loss: 0.9994, Entropy: 0.6926, Epsilon: 0.517
2026-03-28 20:54:26 | INFO | Episode  196 - Reward: 26.000, Length: 26, Loss: 0.9451, Entropy: 0.6929, Epsilon: 0.515
2026-03-28 20:54:27 | INFO | Episode  197 - Reward: 27.000, Length: 27, Loss: 0.8465, Entropy: 0.6926, Epsilon: 0.512
2026-03-28 20:54:28 | INFO | Episode  198 - Reward: 11.000, Length: 11, Loss: 0.9084, Entropy: 0.6928, Epsilon: 0.510
2026-03-28 20:54:29 | INFO | Episode  199 - Reward: 22.000, Length: 22, Loss: 0.7809, Entropy: 0.6928, Epsilon: 0.507
2026-03-28 20:54:30 | INFO | Episode  200 - Reward: 11.000, Length: 11, Loss: 0.8887, Entropy: 0.6924, Epsilon: 0.505
2026-03-28 20:54:34 | INFO | [Episode  200] eps=0.505  avg_reward=  16.720  avg_length= 16.72  avg_loss=  0.8097  avg_entropy=0.6924  eval_success=0.000
2026-03-28 20:54:35 | INFO | Episode  201 - Reward: 14.000, Length: 14, Loss: 1.4213, Entropy: 0.6915, Epsilon: 0.503
2026-03-28 20:54:36 | INFO | Episode  202 - Reward: 14.000, Length: 14, Loss: 1.1276, Entropy: 0.6925, Epsilon: 0.500
2026-03-28 20:54:37 | INFO | Episode  203 - Reward: 29.000, Length: 29, Loss: 1.1836, Entropy: 0.6929, Epsilon: 0.498
2026-03-28 20:54:38 | INFO | Episode  204 - Reward: 23.000, Length: 23, Loss: 0.8625, Entropy: 0.6929, Epsilon: 0.495
2026-03-28 20:54:39 | INFO | Episode  205 - Reward: 24.000, Length: 24, Loss: 0.9827, Entropy: 0.6929, Epsilon: 0.493
2026-03-28 20:54:40 | INFO | Episode  206 - Reward: 24.000, Length: 24, Loss: 1.0767, Entropy: 0.6929, Epsilon: 0.490
2026-03-28 20:54:41 | INFO | Episode  207 - Reward: 37.000, Length: 37, Loss: 0.8194, Entropy: 0.6929, Epsilon: 0.488
2026-03-28 20:54:42 | INFO | Episode  208 - Reward: 29.000, Length: 29, Loss: 1.1387, Entropy: 0.6927, Epsilon: 0.485
2026-03-28 20:54:43 | INFO | Episode  209 - Reward: 13.000, Length: 13, Loss: 1.0682, Entropy: 0.6925, Epsilon: 0.483
2026-03-28 20:54:44 | INFO | Episode  210 - Reward: 13.000, Length: 13, Loss: 0.9949, Entropy: 0.6928, Epsilon: 0.480
2026-03-28 20:54:45 | INFO | Episode  211 - Reward: 14.000, Length: 14, Loss: 0.9775, Entropy: 0.6928, Epsilon: 0.478
2026-03-28 20:54:46 | INFO | Episode  212 - Reward: 55.000, Length: 55, Loss: 0.9188, Entropy: 0.6928, Epsilon: 0.475
2026-03-28 20:54:47 | INFO | Episode  213 - Reward: 53.000, Length: 53, Loss: 1.1263, Entropy: 0.6928, Epsilon: 0.473
2026-03-28 20:54:48 | INFO | Episode  214 - Reward: 27.000, Length: 27, Loss: 0.8691, Entropy: 0.6926, Epsilon: 0.470
2026-03-28 20:54:49 | INFO | Episode  215 - Reward: 32.000, Length: 32, Loss: 1.0557, Entropy: 0.6926, Epsilon: 0.468
2026-03-28 20:54:51 | INFO | Episode  216 - Reward: 13.000, Length: 13, Loss: 0.9008, Entropy: 0.6926, Epsilon: 0.465
2026-03-28 20:54:52 | INFO | Episode  217 - Reward: 13.000, Length: 13, Loss: 0.8967, Entropy: 0.6922, Epsilon: 0.463
2026-03-28 20:54:53 | INFO | Episode  218 - Reward: 23.000, Length: 23, Loss: 0.7979, Entropy: 0.6924, Epsilon: 0.460
2026-03-28 20:54:54 | INFO | Episode  219 - Reward: 35.000, Length: 35, Loss: 0.9491, Entropy: 0.6927, Epsilon: 0.458
2026-03-28 20:54:55 | INFO | Episode  220 - Reward: 24.000, Length: 24, Loss: 1.0020, Entropy: 0.6925, Epsilon: 0.456
2026-03-28 20:54:56 | INFO | Episode  221 - Reward: 15.000, Length: 15, Loss: 1.3753, Entropy: 0.6925, Epsilon: 0.453
2026-03-28 20:54:57 | INFO | Episode  222 - Reward: 24.000, Length: 24, Loss: 1.1561, Entropy: 0.6921, Epsilon: 0.451
2026-03-28 20:54:58 | INFO | Episode  223 - Reward: 27.000, Length: 27, Loss: 0.9568, Entropy: 0.6922, Epsilon: 0.448
2026-03-28 20:54:59 | INFO | Episode  224 - Reward: 47.000, Length: 47, Loss: 0.8413, Entropy: 0.6922, Epsilon: 0.446
2026-03-28 20:55:00 | INFO | Episode  225 - Reward: 37.000, Length: 37, Loss: 1.2038, Entropy: 0.6921, Epsilon: 0.443
2026-03-28 20:55:01 | INFO | Episode  226 - Reward: 16.000, Length: 16, Loss: 1.5544, Entropy: 0.6918, Epsilon: 0.441
2026-03-28 20:55:02 | INFO | Episode  227 - Reward: 27.000, Length: 27, Loss: 1.1430, Entropy: 0.6918, Epsilon: 0.438
2026-03-28 20:55:03 | INFO | Episode  228 - Reward: 39.000, Length: 39, Loss: 1.0496, Entropy: 0.6915, Epsilon: 0.436
2026-03-28 20:55:04 | INFO | Episode  229 - Reward: 87.000, Length: 87, Loss: 1.1805, Entropy: 0.6915, Epsilon: 0.433
2026-03-28 20:55:05 | INFO | Episode  230 - Reward: 69.000, Length: 69, Loss: 1.1746, Entropy: 0.6915, Epsilon: 0.431
2026-03-28 20:55:06 | INFO | Episode  231 - Reward: 61.000, Length: 61, Loss: 1.0742, Entropy: 0.6913, Epsilon: 0.428
2026-03-28 20:55:07 | INFO | Episode  232 - Reward: 29.000, Length: 29, Loss: 0.8655, Entropy: 0.6912, Epsilon: 0.426
2026-03-28 20:55:08 | INFO | Episode  233 - Reward: 53.000, Length: 53, Loss: 1.0240, Entropy: 0.6909, Epsilon: 0.423
2026-03-28 20:55:09 | INFO | Episode  234 - Reward: 41.000, Length: 41, Loss: 1.6200, Entropy: 0.6907, Epsilon: 0.421
2026-03-28 20:55:10 | INFO | Episode  235 - Reward: 16.000, Length: 16, Loss: 1.2532, Entropy: 0.6902, Epsilon: 0.418
2026-03-28 20:55:11 | INFO | Episode  236 - Reward: 37.000, Length: 37, Loss: 1.3285, Entropy: 0.6898, Epsilon: 0.416
2026-03-28 20:55:12 | INFO | Episode  237 - Reward: 77.000, Length: 77, Loss: 1.1770, Entropy: 0.6891, Epsilon: 0.413
2026-03-28 20:55:13 | INFO | Episode  238 - Reward: 44.000, Length: 44, Loss: 1.4024, Entropy: 0.6890, Epsilon: 0.411
2026-03-28 20:55:13 | INFO | Episode  239 - Reward: 19.000, Length: 19, Loss: 1.1204, Entropy: 0.6886, Epsilon: 0.408
2026-03-28 20:55:14 | INFO | Episode  240 - Reward: 30.000, Length: 30, Loss: 1.3906, Entropy: 0.6879, Epsilon: 0.406
2026-03-28 20:55:15 | INFO | Episode  241 - Reward: 29.000, Length: 29, Loss: 1.1093, Entropy: 0.6878, Epsilon: 0.404
2026-03-28 20:55:16 | INFO | Episode  242 - Reward: 36.000, Length: 36, Loss: 1.0049, Entropy: 0.6878, Epsilon: 0.401
2026-03-28 20:55:17 | INFO | Episode  243 - Reward: 33.000, Length: 33, Loss: 1.3803, Entropy: 0.6876, Epsilon: 0.399
2026-03-28 20:55:17 | INFO | Episode  244 - Reward: 34.000, Length: 34, Loss: 1.5108, Entropy: 0.6868, Epsilon: 0.396
2026-03-28 20:55:18 | INFO | Episode  245 - Reward: 56.000, Length: 56, Loss: 1.0937, Entropy: 0.6872, Epsilon: 0.394
2026-03-28 20:55:19 | INFO | Episode  246 - Reward: 49.000, Length: 49, Loss: 1.4998, Entropy: 0.6863, Epsilon: 0.391
2026-03-28 20:55:20 | INFO | Episode  247 - Reward: 36.000, Length: 36, Loss: 1.6412, Entropy: 0.6862, Epsilon: 0.389
2026-03-28 20:55:20 | INFO | Episode  248 - Reward: 50.000, Length: 50, Loss: 1.4783, Entropy: 0.6863, Epsilon: 0.386
2026-03-28 20:55:21 | INFO | Episode  249 - Reward: 59.000, Length: 59, Loss: 1.5300, Entropy: 0.6855, Epsilon: 0.384
2026-03-28 20:55:22 | INFO | Episode  250 - Reward: 41.000, Length: 41, Loss: 1.5071, Entropy: 0.6838, Epsilon: 0.381
2026-03-28 20:55:53 | INFO | [Episode  250] eps=0.381  avg_reward=  34.540  avg_length= 34.54  avg_loss=  1.1563  avg_entropy=0.6838  eval_success=0.000
2026-03-28 20:55:54 | INFO | Episode  251 - Reward: 82.000, Length: 82, Loss: 1.1922, Entropy: 0.6848, Epsilon: 0.379
2026-03-28 20:55:55 | INFO | Episode  252 - Reward: 23.000, Length: 23, Loss: 1.3997, Entropy: 0.6833, Epsilon: 0.376
2026-03-28 20:55:56 | INFO | Episode  253 - Reward: 50.000, Length: 50, Loss: 1.4338, Entropy: 0.6834, Epsilon: 0.374
2026-03-28 20:55:57 | INFO | Episode  254 - Reward: 69.000, Length: 69, Loss: 1.3906, Entropy: 0.6821, Epsilon: 0.371
2026-03-28 20:55:58 | INFO | Episode  255 - Reward: 62.000, Length: 62, Loss: 1.3462, Entropy: 0.6814, Epsilon: 0.369
2026-03-28 20:56:00 | INFO | Episode  256 - Reward: 91.000, Length: 91, Loss: 2.1452, Entropy: 0.6808, Epsilon: 0.366
2026-03-28 20:56:01 | INFO | Episode  257 - Reward: 31.000, Length: 31, Loss: 1.8977, Entropy: 0.6808, Epsilon: 0.364
2026-03-28 20:56:02 | INFO | Episode  258 - Reward: 31.000, Length: 31, Loss: 1.5109, Entropy: 0.6804, Epsilon: 0.361
2026-03-28 20:56:03 | INFO | Episode  259 - Reward: 124.000, Length: 124, Loss: 1.9330, Entropy: 0.6785, Epsilon: 0.359
2026-03-28 20:56:04 | INFO | Episode  260 - Reward: 51.000, Length: 51, Loss: 1.5036, Entropy: 0.6779, Epsilon: 0.357
2026-03-28 20:56:05 | INFO | Episode  261 - Reward: 95.000, Length: 95, Loss: 1.5827, Entropy: 0.6756, Epsilon: 0.354
2026-03-28 20:56:07 | INFO | Episode  262 - Reward: 45.000, Length: 45, Loss: 1.3585, Entropy: 0.6761, Epsilon: 0.352
2026-03-28 20:56:08 | INFO | Episode  263 - Reward: 43.000, Length: 43, Loss: 1.6163, Entropy: 0.6764, Epsilon: 0.349
2026-03-28 20:56:09 | INFO | Episode  264 - Reward: 15.000, Length: 15, Loss: 1.9279, Entropy: 0.6764, Epsilon: 0.347
2026-03-28 20:56:10 | INFO | Episode  265 - Reward: 39.000, Length: 39, Loss: 1.9259, Entropy: 0.6754, Epsilon: 0.344
2026-03-28 20:56:11 | INFO | Episode  266 - Reward: 62.000, Length: 62, Loss: 1.4837, Entropy: 0.6746, Epsilon: 0.342
2026-03-28 20:56:12 | INFO | Episode  267 - Reward: 39.000, Length: 39, Loss: 1.3692, Entropy: 0.6727, Epsilon: 0.339
2026-03-28 20:56:13 | INFO | Episode  268 - Reward: 55.000, Length: 55, Loss: 2.1176, Entropy: 0.6710, Epsilon: 0.337
2026-03-28 20:56:14 | INFO | Episode  269 - Reward: 42.000, Length: 42, Loss: 2.1000, Entropy: 0.6715, Epsilon: 0.334
2026-03-28 20:56:15 | INFO | Episode  270 - Reward: 41.000, Length: 41, Loss: 1.6869, Entropy: 0.6702, Epsilon: 0.332
2026-03-28 20:56:17 | INFO | Episode  271 - Reward: 35.000, Length: 35, Loss: 1.4667, Entropy: 0.6687, Epsilon: 0.329
2026-03-28 20:56:18 | INFO | Episode  272 - Reward: 30.000, Length: 30, Loss: 1.2110, Entropy: 0.6691, Epsilon: 0.327
2026-03-28 20:56:19 | INFO | Episode  273 - Reward: 64.000, Length: 64, Loss: 1.7050, Entropy: 0.6688, Epsilon: 0.324
2026-03-28 20:56:20 | INFO | Episode  274 - Reward: 29.000, Length: 29, Loss: 1.8054, Entropy: 0.6651, Epsilon: 0.322
2026-03-28 20:56:21 | INFO | Episode  275 - Reward: 67.000, Length: 67, Loss: 2.1648, Entropy: 0.6655, Epsilon: 0.319
2026-03-28 20:56:22 | INFO | Episode  276 - Reward: 50.000, Length: 50, Loss: 2.2453, Entropy: 0.6647, Epsilon: 0.317
2026-03-28 20:56:23 | INFO | Episode  277 - Reward: 64.000, Length: 64, Loss: 1.8885, Entropy: 0.6633, Epsilon: 0.314
2026-03-28 20:56:24 | INFO | Episode  278 - Reward: 44.000, Length: 44, Loss: 2.5138, Entropy: 0.6608, Epsilon: 0.312
2026-03-28 20:56:26 | INFO | Episode  279 - Reward: 41.000, Length: 41, Loss: 2.6299, Entropy: 0.6592, Epsilon: 0.309
2026-03-28 20:56:27 | INFO | Episode  280 - Reward: 69.000, Length: 69, Loss: 2.1761, Entropy: 0.6565, Epsilon: 0.307
2026-03-28 20:56:28 | INFO | Episode  281 - Reward: 35.000, Length: 35, Loss: 1.9722, Entropy: 0.6550, Epsilon: 0.305
2026-03-28 20:56:29 | INFO | Episode  282 - Reward: 56.000, Length: 56, Loss: 2.3852, Entropy: 0.6566, Epsilon: 0.302
2026-03-28 20:56:30 | INFO | Episode  283 - Reward: 64.000, Length: 64, Loss: 1.8976, Entropy: 0.6573, Epsilon: 0.300
2026-03-28 20:56:31 | INFO | Episode  284 - Reward: 9.000, Length: 9, Loss: 1.9015, Entropy: 0.6555, Epsilon: 0.297
2026-03-28 20:56:33 | INFO | Episode  285 - Reward: 52.000, Length: 52, Loss: 1.8971, Entropy: 0.6563, Epsilon: 0.295
2026-03-28 20:56:34 | INFO | Episode  286 - Reward: 60.000, Length: 60, Loss: 3.4361, Entropy: 0.6573, Epsilon: 0.292
2026-03-28 20:56:35 | INFO | Episode  287 - Reward: 31.000, Length: 31, Loss: 2.2873, Entropy: 0.6519, Epsilon: 0.290
2026-03-28 20:56:36 | INFO | Episode  288 - Reward: 40.000, Length: 40, Loss: 1.9231, Entropy: 0.6538, Epsilon: 0.287
2026-03-28 20:56:37 | INFO | Episode  289 - Reward: 44.000, Length: 44, Loss: 2.1900, Entropy: 0.6513, Epsilon: 0.285
2026-03-28 20:56:38 | INFO | Episode  290 - Reward: 61.000, Length: 61, Loss: 3.0121, Entropy: 0.6473, Epsilon: 0.282
2026-03-28 20:56:39 | INFO | Episode  291 - Reward: 28.000, Length: 28, Loss: 2.6906, Entropy: 0.6470, Epsilon: 0.280
2026-03-28 20:56:40 | INFO | Episode  292 - Reward: 60.000, Length: 60, Loss: 2.6049, Entropy: 0.6497, Epsilon: 0.277
2026-03-28 20:56:42 | INFO | Episode  293 - Reward: 57.000, Length: 57, Loss: 2.4611, Entropy: 0.6496, Epsilon: 0.275
2026-03-28 20:56:43 | INFO | Episode  294 - Reward: 55.000, Length: 55, Loss: 2.0278, Entropy: 0.6475, Epsilon: 0.272
2026-03-28 20:56:44 | INFO | Episode  295 - Reward: 86.000, Length: 86, Loss: 2.2993, Entropy: 0.6395, Epsilon: 0.270
2026-03-28 20:56:45 | INFO | Episode  296 - Reward: 87.000, Length: 87, Loss: 3.0123, Entropy: 0.6424, Epsilon: 0.267
2026-03-28 20:56:47 | INFO | Episode  297 - Reward: 47.000, Length: 47, Loss: 2.5534, Entropy: 0.6430, Epsilon: 0.265
2026-03-28 20:56:48 | INFO | Episode  298 - Reward: 30.000, Length: 30, Loss: 2.9403, Entropy: 0.6428, Epsilon: 0.262
2026-03-28 20:56:49 | INFO | Episode  299 - Reward: 49.000, Length: 49, Loss: 3.1981, Entropy: 0.6394, Epsilon: 0.260
2026-03-28 20:56:50 | INFO | Episode  300 - Reward: 61.000, Length: 61, Loss: 2.5281, Entropy: 0.6420, Epsilon: 0.258
2026-03-28 20:57:14 | INFO | [Episode  300] eps=0.258  avg_reward=  51.900  avg_length= 51.90  avg_loss=  2.0389  avg_entropy=0.6420  eval_success=0.000
2026-03-28 20:57:15 | INFO | Episode  301 - Reward: 64.000, Length: 64, Loss: 2.8000, Entropy: 0.6360, Epsilon: 0.255
2026-03-28 20:57:16 | INFO | Episode  302 - Reward: 52.000, Length: 52, Loss: 2.5581, Entropy: 0.6369, Epsilon: 0.253
2026-03-28 20:57:17 | INFO | Episode  303 - Reward: 61.000, Length: 61, Loss: 2.9423, Entropy: 0.6356, Epsilon: 0.250
2026-03-28 20:57:18 | INFO | Episode  304 - Reward: 38.000, Length: 38, Loss: 2.7660, Entropy: 0.6340, Epsilon: 0.248
2026-03-28 20:57:19 | INFO | Episode  305 - Reward: 49.000, Length: 49, Loss: 2.7322, Entropy: 0.6402, Epsilon: 0.245
2026-03-28 20:57:20 | INFO | Episode  306 - Reward: 64.000, Length: 64, Loss: 1.9260, Entropy: 0.6412, Epsilon: 0.243
2026-03-28 20:57:22 | INFO | Episode  307 - Reward: 54.000, Length: 54, Loss: 2.3231, Entropy: 0.6282, Epsilon: 0.240
2026-03-28 20:57:23 | INFO | Episode  308 - Reward: 65.000, Length: 65, Loss: 2.9603, Entropy: 0.6304, Epsilon: 0.238
2026-03-28 20:57:24 | INFO | Episode  309 - Reward: 163.000, Length: 163, Loss: 2.4523, Entropy: 0.6251, Epsilon: 0.235
2026-03-28 20:57:25 | INFO | Episode  310 - Reward: 31.000, Length: 31, Loss: 3.0731, Entropy: 0.6268, Epsilon: 0.233
2026-03-28 20:57:27 | INFO | Episode  311 - Reward: 98.000, Length: 98, Loss: 2.7979, Entropy: 0.6297, Epsilon: 0.230
2026-03-28 20:57:28 | INFO | Episode  312 - Reward: 45.000, Length: 45, Loss: 2.5986, Entropy: 0.6275, Epsilon: 0.228
2026-03-28 20:57:29 | INFO | Episode  313 - Reward: 65.000, Length: 65, Loss: 4.5095, Entropy: 0.6251, Epsilon: 0.225
2026-03-28 20:57:30 | INFO | Episode  314 - Reward: 90.000, Length: 90, Loss: 2.5955, Entropy: 0.6172, Epsilon: 0.223
2026-03-28 20:57:32 | INFO | Episode  315 - Reward: 39.000, Length: 39, Loss: 3.4184, Entropy: 0.6192, Epsilon: 0.220
2026-03-28 20:57:33 | INFO | Episode  316 - Reward: 75.000, Length: 75, Loss: 3.0046, Entropy: 0.6204, Epsilon: 0.218
2026-03-28 20:57:34 | INFO | Episode  317 - Reward: 36.000, Length: 36, Loss: 4.4150, Entropy: 0.6151, Epsilon: 0.215
2026-03-28 20:57:35 | INFO | Episode  318 - Reward: 40.000, Length: 40, Loss: 3.2567, Entropy: 0.6198, Epsilon: 0.213
2026-03-28 20:57:36 | INFO | Episode  319 - Reward: 45.000, Length: 45, Loss: 2.7904, Entropy: 0.6181, Epsilon: 0.210
2026-03-28 20:57:37 | INFO | Episode  320 - Reward: 51.000, Length: 51, Loss: 3.9525, Entropy: 0.6254, Epsilon: 0.208
2026-03-28 20:57:38 | INFO | Episode  321 - Reward: 35.000, Length: 35, Loss: 2.5231, Entropy: 0.6238, Epsilon: 0.206
2026-03-28 20:57:39 | INFO | Episode  322 - Reward: 200.000, Length: 200, Loss: 2.8951, Entropy: 0.6249, Epsilon: 0.203
2026-03-28 20:57:40 | INFO | Episode  323 - Reward: 112.000, Length: 112, Loss: 3.1882, Entropy: 0.6237, Epsilon: 0.201
2026-03-28 20:57:41 | INFO | Episode  324 - Reward: 33.000, Length: 33, Loss: 4.2442, Entropy: 0.6191, Epsilon: 0.198
2026-03-28 20:57:42 | INFO | Episode  325 - Reward: 181.000, Length: 181, Loss: 4.4254, Entropy: 0.6199, Epsilon: 0.196
2026-03-28 20:57:44 | INFO | Episode  326 - Reward: 56.000, Length: 56, Loss: 4.2258, Entropy: 0.6163, Epsilon: 0.193
2026-03-28 20:57:45 | INFO | Episode  327 - Reward: 151.000, Length: 151, Loss: 3.1524, Entropy: 0.6188, Epsilon: 0.191
2026-03-28 20:57:46 | INFO | Episode  328 - Reward: 70.000, Length: 70, Loss: 3.4899, Entropy: 0.6173, Epsilon: 0.188
2026-03-28 20:57:47 | INFO | Episode  329 - Reward: 60.000, Length: 60, Loss: 3.9904, Entropy: 0.6131, Epsilon: 0.186
2026-03-28 20:57:48 | INFO | Episode  330 - Reward: 83.000, Length: 83, Loss: 2.4926, Entropy: 0.6133, Epsilon: 0.183
2026-03-28 20:57:48 | INFO | Episode  331 - Reward: 57.000, Length: 57, Loss: 4.2964, Entropy: 0.6111, Epsilon: 0.181
2026-03-28 20:57:49 | INFO | Episode  332 - Reward: 124.000, Length: 124, Loss: 4.9507, Entropy: 0.6182, Epsilon: 0.178
2026-03-28 20:57:50 | INFO | Episode  333 - Reward: 67.000, Length: 67, Loss: 4.6409, Entropy: 0.6177, Epsilon: 0.176
2026-03-28 20:57:51 | INFO | Episode  334 - Reward: 60.000, Length: 60, Loss: 3.9450, Entropy: 0.6067, Epsilon: 0.173
2026-03-28 20:57:52 | INFO | Episode  335 - Reward: 37.000, Length: 37, Loss: 3.1677, Entropy: 0.6195, Epsilon: 0.171
2026-03-28 20:57:52 | INFO | Episode  336 - Reward: 67.000, Length: 67, Loss: 4.4505, Entropy: 0.6095, Epsilon: 0.168
2026-03-28 20:57:53 | INFO | Episode  337 - Reward: 56.000, Length: 56, Loss: 2.8892, Entropy: 0.6110, Epsilon: 0.166
2026-03-28 20:57:54 | INFO | Episode  338 - Reward: 53.000, Length: 53, Loss: 3.8820, Entropy: 0.6002, Epsilon: 0.163
2026-03-28 20:57:55 | INFO | Episode  339 - Reward: 39.000, Length: 39, Loss: 4.1032, Entropy: 0.6008, Epsilon: 0.161
2026-03-28 20:57:56 | INFO | Episode  340 - Reward: 81.000, Length: 81, Loss: 5.8858, Entropy: 0.5961, Epsilon: 0.158
2026-03-28 20:57:57 | INFO | Episode  341 - Reward: 42.000, Length: 42, Loss: 4.6144, Entropy: 0.5978, Epsilon: 0.156
2026-03-28 20:57:57 | INFO | Episode  342 - Reward: 111.000, Length: 111, Loss: 3.5728, Entropy: 0.6093, Epsilon: 0.154
2026-03-28 20:57:58 | INFO | Episode  343 - Reward: 106.000, Length: 106, Loss: 3.2690, Entropy: 0.5984, Epsilon: 0.151
2026-03-28 20:57:59 | INFO | Episode  344 - Reward: 97.000, Length: 97, Loss: 2.8698, Entropy: 0.5964, Epsilon: 0.149
2026-03-28 20:58:00 | INFO | Episode  345 - Reward: 113.000, Length: 113, Loss: 3.7793, Entropy: 0.5994, Epsilon: 0.146
2026-03-28 20:58:01 | INFO | Episode  346 - Reward: 71.000, Length: 71, Loss: 7.1319, Entropy: 0.5980, Epsilon: 0.144
2026-03-28 20:58:02 | INFO | Episode  347 - Reward: 57.000, Length: 57, Loss: 8.0950, Entropy: 0.6025, Epsilon: 0.141
2026-03-28 20:58:02 | INFO | Episode  348 - Reward: 75.000, Length: 75, Loss: 10.2242, Entropy: 0.6012, Epsilon: 0.139
2026-03-28 20:58:03 | INFO | Episode  349 - Reward: 55.000, Length: 55, Loss: 14.1822, Entropy: 0.6006, Epsilon: 0.136
2026-03-28 20:58:04 | INFO | Episode  350 - Reward: 58.000, Length: 58, Loss: 10.2925, Entropy: 0.6064, Epsilon: 0.134
2026-03-28 20:58:16 | INFO | [Episode  350] eps=0.134  avg_reward=  72.640  avg_length= 72.64  avg_loss=  4.0948  avg_entropy=0.6064  eval_success=0.000
2026-03-28 20:58:17 | INFO | Episode  351 - Reward: 41.000, Length: 41, Loss: 9.3511, Entropy: 0.5828, Epsilon: 0.131
2026-03-28 20:58:18 | INFO | Episode  352 - Reward: 31.000, Length: 31, Loss: 4.0023, Entropy: 0.6079, Epsilon: 0.129
2026-03-28 20:58:19 | INFO | Episode  353 - Reward: 104.000, Length: 104, Loss: 3.8879, Entropy: 0.6026, Epsilon: 0.126
2026-03-28 20:58:20 | INFO | Episode  354 - Reward: 75.000, Length: 75, Loss: 3.4387, Entropy: 0.5963, Epsilon: 0.124
2026-03-28 20:58:21 | INFO | Episode  355 - Reward: 68.000, Length: 68, Loss: 2.9236, Entropy: 0.5988, Epsilon: 0.121
2026-03-28 20:58:21 | INFO | Episode  356 - Reward: 85.000, Length: 85, Loss: 3.7091, Entropy: 0.5984, Epsilon: 0.119
2026-03-28 20:58:22 | INFO | Episode  357 - Reward: 120.000, Length: 120, Loss: 4.4888, Entropy: 0.5990, Epsilon: 0.116
2026-03-28 20:58:23 | INFO | Episode  358 - Reward: 54.000, Length: 54, Loss: 3.8456, Entropy: 0.5941, Epsilon: 0.114
2026-03-28 20:58:24 | INFO | Episode  359 - Reward: 56.000, Length: 56, Loss: 3.4446, Entropy: 0.5943, Epsilon: 0.111
2026-03-28 20:58:25 | INFO | Episode  360 - Reward: 81.000, Length: 81, Loss: 7.1453, Entropy: 0.5891, Epsilon: 0.109
2026-03-28 20:58:25 | INFO | Episode  361 - Reward: 90.000, Length: 90, Loss: 6.5133, Entropy: 0.5814, Epsilon: 0.107
2026-03-28 20:58:26 | INFO | Episode  362 - Reward: 64.000, Length: 64, Loss: 9.9057, Entropy: 0.5884, Epsilon: 0.104
2026-03-28 20:58:27 | INFO | Episode  363 - Reward: 36.000, Length: 36, Loss: 13.1412, Entropy: 0.5820, Epsilon: 0.102
2026-03-28 20:58:28 | INFO | Episode  364 - Reward: 44.000, Length: 44, Loss: 10.3382, Entropy: 0.5886, Epsilon: 0.099
2026-03-28 20:58:29 | INFO | Episode  365 - Reward: 44.000, Length: 44, Loss: 9.8315, Entropy: 0.5942, Epsilon: 0.097
2026-03-28 20:58:30 | INFO | Episode  366 - Reward: 69.000, Length: 69, Loss: 7.3342, Entropy: 0.5953, Epsilon: 0.094
2026-03-28 20:58:31 | INFO | Episode  367 - Reward: 124.000, Length: 124, Loss: 4.8328, Entropy: 0.5798, Epsilon: 0.092
2026-03-28 20:58:32 | INFO | Episode  368 - Reward: 35.000, Length: 35, Loss: 4.4822, Entropy: 0.5723, Epsilon: 0.089
2026-03-28 20:58:32 | INFO | Episode  369 - Reward: 59.000, Length: 59, Loss: 4.6365, Entropy: 0.5784, Epsilon: 0.087
2026-03-28 20:58:33 | INFO | Episode  370 - Reward: 53.000, Length: 53, Loss: 3.3215, Entropy: 0.5717, Epsilon: 0.084
2026-03-28 20:58:34 | INFO | Episode  371 - Reward: 119.000, Length: 119, Loss: 5.2053, Entropy: 0.5913, Epsilon: 0.082
2026-03-28 20:58:35 | INFO | Episode  372 - Reward: 54.000, Length: 54, Loss: 6.0929, Entropy: 0.5659, Epsilon: 0.079
2026-03-28 20:58:36 | INFO | Episode  373 - Reward: 56.000, Length: 56, Loss: 2.6760, Entropy: 0.5902, Epsilon: 0.077
2026-03-28 20:58:36 | INFO | Episode  374 - Reward: 68.000, Length: 68, Loss: 5.5834, Entropy: 0.5716, Epsilon: 0.074
2026-03-28 20:58:37 | INFO | Episode  375 - Reward: 33.000, Length: 33, Loss: 5.0519, Entropy: 0.5603, Epsilon: 0.072
2026-03-28 20:58:38 | INFO | Episode  376 - Reward: 102.000, Length: 102, Loss: 5.4082, Entropy: 0.5739, Epsilon: 0.069
2026-03-28 20:58:39 | INFO | Episode  377 - Reward: 53.000, Length: 53, Loss: 5.4885, Entropy: 0.5738, Epsilon: 0.067
2026-03-28 20:58:40 | INFO | Episode  378 - Reward: 104.000, Length: 104, Loss: 8.7401, Entropy: 0.5748, Epsilon: 0.064
2026-03-28 20:58:41 | INFO | Episode  379 - Reward: 143.000, Length: 143, Loss: 12.1145, Entropy: 0.5768, Epsilon: 0.062
2026-03-28 20:58:41 | INFO | Episode  380 - Reward: 58.000, Length: 58, Loss: 2.7286, Entropy: 0.5659, Epsilon: 0.059
2026-03-28 20:58:42 | INFO | Episode  381 - Reward: 43.000, Length: 43, Loss: 2.7279, Entropy: 0.5742, Epsilon: 0.057
2026-03-28 20:58:43 | INFO | Episode  382 - Reward: 66.000, Length: 66, Loss: 3.0749, Entropy: 0.5697, Epsilon: 0.055
2026-03-28 20:58:44 | INFO | Episode  383 - Reward: 64.000, Length: 64, Loss: 2.8435, Entropy: 0.5677, Epsilon: 0.052
2026-03-28 20:58:45 | INFO | Episode  384 - Reward: 130.000, Length: 130, Loss: 3.0374, Entropy: 0.5678, Epsilon: 0.050
2026-03-28 20:58:45 | INFO | Episode  385 - Reward: 200.000, Length: 200, Loss: 2.3853, Entropy: 0.5702, Epsilon: 0.047
2026-03-28 20:58:46 | INFO | Episode  386 - Reward: 68.000, Length: 68, Loss: 3.7077, Entropy: 0.5774, Epsilon: 0.045
2026-03-28 20:58:47 | INFO | Episode  387 - Reward: 143.000, Length: 143, Loss: 2.4369, Entropy: 0.5676, Epsilon: 0.042
2026-03-28 20:58:48 | INFO | Episode  388 - Reward: 151.000, Length: 151, Loss: 3.8940, Entropy: 0.5660, Epsilon: 0.040
2026-03-28 20:58:49 | INFO | Episode  389 - Reward: 189.000, Length: 189, Loss: 3.9623, Entropy: 0.5741, Epsilon: 0.037
2026-03-28 20:58:50 | INFO | Episode  390 - Reward: 131.000, Length: 131, Loss: 3.8936, Entropy: 0.5661, Epsilon: 0.035
2026-03-28 20:58:51 | INFO | Episode  391 - Reward: 165.000, Length: 165, Loss: 4.1085, Entropy: 0.5695, Epsilon: 0.032
2026-03-28 20:58:52 | INFO | Episode  392 - Reward: 162.000, Length: 162, Loss: 3.7513, Entropy: 0.5768, Epsilon: 0.030
2026-03-28 20:58:53 | INFO | Episode  393 - Reward: 165.000, Length: 165, Loss: 4.8246, Entropy: 0.5690, Epsilon: 0.027
2026-03-28 20:58:54 | INFO | Episode  394 - Reward: 200.000, Length: 200, Loss: 6.3225, Entropy: 0.5797, Epsilon: 0.025
2026-03-28 20:58:55 | INFO | Episode  395 - Reward: 180.000, Length: 180, Loss: 9.7673, Entropy: 0.5771, Epsilon: 0.022
2026-03-28 20:58:56 | INFO | Episode  396 - Reward: 200.000, Length: 200, Loss: 3.4387, Entropy: 0.5762, Epsilon: 0.020
2026-03-28 20:58:58 | INFO | Episode  397 - Reward: 156.000, Length: 156, Loss: 2.6487, Entropy: 0.5769, Epsilon: 0.017
2026-03-28 20:58:59 | INFO | Episode  398 - Reward: 200.000, Length: 200, Loss: 3.0319, Entropy: 0.5739, Epsilon: 0.015
2026-03-28 20:59:00 | INFO | Episode  399 - Reward: 200.000, Length: 200, Loss: 3.8026, Entropy: 0.5761, Epsilon: 0.012
2026-03-28 20:59:01 | INFO | Episode  400 - Reward: 200.000, Length: 200, Loss: 2.5744, Entropy: 0.5832, Epsilon: 0.010
2026-03-28 21:00:21 | INFO | [Episode  400] eps=0.010  avg_reward= 102.720  avg_length=102.72  avg_loss=  5.1180  avg_entropy=0.5832  eval_success=0.960
2026-03-28 21:00:22 | INFO | Episode  401 - Reward: 200.000, Length: 200, Loss: 3.3138, Entropy: 0.5844, Epsilon: 0.010
2026-03-28 21:00:23 | INFO | Episode  402 - Reward: 200.000, Length: 200, Loss: 3.4864, Entropy: 0.5815, Epsilon: 0.010
2026-03-28 21:00:24 | INFO | Episode  403 - Reward: 200.000, Length: 200, Loss: 3.7305, Entropy: 0.5782, Epsilon: 0.010
2026-03-28 21:00:25 | INFO | Episode  404 - Reward: 200.000, Length: 200, Loss: 3.1268, Entropy: 0.5754, Epsilon: 0.010
2026-03-28 21:00:27 | INFO | Episode  405 - Reward: 200.000, Length: 200, Loss: 3.4996, Entropy: 0.5796, Epsilon: 0.010
2026-03-28 21:00:28 | INFO | Episode  406 - Reward: 200.000, Length: 200, Loss: 3.8811, Entropy: 0.5789, Epsilon: 0.010
2026-03-28 21:00:29 | INFO | Episode  407 - Reward: 200.000, Length: 200, Loss: 5.6252, Entropy: 0.5855, Epsilon: 0.010
2026-03-28 21:00:30 | INFO | Episode  408 - Reward: 200.000, Length: 200, Loss: 5.9009, Entropy: 0.5792, Epsilon: 0.010
2026-03-28 21:00:31 | INFO | Episode  409 - Reward: 200.000, Length: 200, Loss: 2.4730, Entropy: 0.5811, Epsilon: 0.010
2026-03-28 21:00:32 | INFO | Episode  410 - Reward: 200.000, Length: 200, Loss: 1.6854, Entropy: 0.5844, Epsilon: 0.010
2026-03-28 21:00:33 | INFO | Episode  411 - Reward: 200.000, Length: 200, Loss: 3.9230, Entropy: 0.5817, Epsilon: 0.010
2026-03-28 21:00:34 | INFO | Episode  412 - Reward: 200.000, Length: 200, Loss: 3.7368, Entropy: 0.5844, Epsilon: 0.010
2026-03-28 21:00:35 | INFO | Episode  413 - Reward: 200.000, Length: 200, Loss: 3.6472, Entropy: 0.5701, Epsilon: 0.010
2026-03-28 21:00:36 | INFO | Episode  414 - Reward: 200.000, Length: 200, Loss: 3.0444, Entropy: 0.5818, Epsilon: 0.010
2026-03-28 21:00:37 | INFO | Episode  415 - Reward: 200.000, Length: 200, Loss: 2.4192, Entropy: 0.5764, Epsilon: 0.010
2026-03-28 21:00:38 | INFO | Episode  416 - Reward: 200.000, Length: 200, Loss: 3.2878, Entropy: 0.5679, Epsilon: 0.010
2026-03-28 21:00:39 | INFO | Episode  417 - Reward: 200.000, Length: 200, Loss: 2.7588, Entropy: 0.5709, Epsilon: 0.010
2026-03-28 21:00:40 | INFO | Episode  418 - Reward: 200.000, Length: 200, Loss: 3.2698, Entropy: 0.5830, Epsilon: 0.010
2026-03-28 21:00:41 | INFO | Episode  419 - Reward: 200.000, Length: 200, Loss: 3.2343, Entropy: 0.5718, Epsilon: 0.010
2026-03-28 21:00:42 | INFO | Episode  420 - Reward: 200.000, Length: 200, Loss: 3.6702, Entropy: 0.5826, Epsilon: 0.010
2026-03-28 21:00:43 | INFO | Episode  421 - Reward: 200.000, Length: 200, Loss: 2.2256, Entropy: 0.5789, Epsilon: 0.010
2026-03-28 21:00:44 | INFO | Episode  422 - Reward: 200.000, Length: 200, Loss: 1.9865, Entropy: 0.5666, Epsilon: 0.010
2026-03-28 21:00:45 | INFO | Episode  423 - Reward: 200.000, Length: 200, Loss: 2.3336, Entropy: 0.5706, Epsilon: 0.010
2026-03-28 21:00:46 | INFO | Episode  424 - Reward: 200.000, Length: 200, Loss: 4.2437, Entropy: 0.5798, Epsilon: 0.010
2026-03-28 21:00:47 | INFO | Episode  425 - Reward: 200.000, Length: 200, Loss: 2.8440, Entropy: 0.5767, Epsilon: 0.010
2026-03-28 21:00:48 | INFO | Episode  426 - Reward: 200.000, Length: 200, Loss: 3.6246, Entropy: 0.5778, Epsilon: 0.010
2026-03-28 21:00:49 | INFO | Episode  427 - Reward: 200.000, Length: 200, Loss: 3.5069, Entropy: 0.5768, Epsilon: 0.010
2026-03-28 21:00:50 | INFO | Episode  428 - Reward: 200.000, Length: 200, Loss: 2.8772, Entropy: 0.5867, Epsilon: 0.010
2026-03-28 21:00:51 | INFO | Episode  429 - Reward: 200.000, Length: 200, Loss: 3.0995, Entropy: 0.5769, Epsilon: 0.010
2026-03-28 21:00:52 | INFO | Episode  430 - Reward: 200.000, Length: 200, Loss: 2.5964, Entropy: 0.5581, Epsilon: 0.010
2026-03-28 21:00:53 | INFO | Episode  431 - Reward: 200.000, Length: 200, Loss: 2.9301, Entropy: 0.5779, Epsilon: 0.010
2026-03-28 21:00:54 | INFO | Episode  432 - Reward: 200.000, Length: 200, Loss: 3.4821, Entropy: 0.5743, Epsilon: 0.010
2026-03-28 21:00:56 | INFO | Episode  433 - Reward: 200.000, Length: 200, Loss: 2.1926, Entropy: 0.5751, Epsilon: 0.010
2026-03-28 21:00:57 | INFO | Episode  434 - Reward: 200.000, Length: 200, Loss: 3.3719, Entropy: 0.5660, Epsilon: 0.010
2026-03-28 21:00:58 | INFO | Episode  435 - Reward: 200.000, Length: 200, Loss: 2.3566, Entropy: 0.5750, Epsilon: 0.010
2026-03-28 21:00:59 | INFO | Episode  436 - Reward: 200.000, Length: 200, Loss: 2.2951, Entropy: 0.5625, Epsilon: 0.010
2026-03-28 21:01:00 | INFO | Episode  437 - Reward: 200.000, Length: 200, Loss: 1.6061, Entropy: 0.5782, Epsilon: 0.010
2026-03-28 21:01:01 | INFO | Episode  438 - Reward: 200.000, Length: 200, Loss: 2.0002, Entropy: 0.5690, Epsilon: 0.010
2026-03-28 21:01:02 | INFO | Episode  439 - Reward: 200.000, Length: 200, Loss: 2.7256, Entropy: 0.5730, Epsilon: 0.010
2026-03-28 21:01:03 | INFO | Episode  440 - Reward: 200.000, Length: 200, Loss: 6.5222, Entropy: 0.5730, Epsilon: 0.010
2026-03-28 21:01:04 | INFO | Episode  441 - Reward: 200.000, Length: 200, Loss: 2.3467, Entropy: 0.5693, Epsilon: 0.010
2026-03-28 21:01:05 | INFO | Episode  442 - Reward: 200.000, Length: 200, Loss: 2.9928, Entropy: 0.5607, Epsilon: 0.010
2026-03-28 21:01:06 | INFO | Episode  443 - Reward: 200.000, Length: 200, Loss: 2.0915, Entropy: 0.5819, Epsilon: 0.010
2026-03-28 21:01:07 | INFO | Episode  444 - Reward: 200.000, Length: 200, Loss: 2.0894, Entropy: 0.5768, Epsilon: 0.010
2026-03-28 21:01:08 | INFO | Episode  445 - Reward: 200.000, Length: 200, Loss: 1.7575, Entropy: 0.5780, Epsilon: 0.010
2026-03-28 21:01:09 | INFO | Episode  446 - Reward: 200.000, Length: 200, Loss: 1.9810, Entropy: 0.5922, Epsilon: 0.010
2026-03-28 21:01:10 | INFO | Episode  447 - Reward: 200.000, Length: 200, Loss: 3.3663, Entropy: 0.5706, Epsilon: 0.010
2026-03-28 21:01:11 | INFO | Episode  448 - Reward: 200.000, Length: 200, Loss: 1.3556, Entropy: 0.5860, Epsilon: 0.010
2026-03-28 21:01:12 | INFO | Episode  449 - Reward: 200.000, Length: 200, Loss: 1.5483, Entropy: 0.5845, Epsilon: 0.010
2026-03-28 21:01:13 | INFO | Episode  450 - Reward: 200.000, Length: 200, Loss: 1.6346, Entropy: 0.5777, Epsilon: 0.010
2026-03-28 21:02:32 | INFO | [Episode  450] eps=0.010  avg_reward= 200.000  avg_length=200.00  avg_loss=  2.9940  avg_entropy=0.5777  eval_success=1.000
2026-03-28 21:02:33 | INFO | Episode  451 - Reward: 200.000, Length: 200, Loss: 2.9596, Entropy: 0.5854, Epsilon: 0.010
2026-03-28 21:02:34 | INFO | Episode  452 - Reward: 200.000, Length: 200, Loss: 2.0876, Entropy: 0.5934, Epsilon: 0.010
2026-03-28 21:02:35 | INFO | Episode  453 - Reward: 200.000, Length: 200, Loss: 2.8190, Entropy: 0.5937, Epsilon: 0.010
2026-03-28 21:02:36 | INFO | Episode  454 - Reward: 200.000, Length: 200, Loss: 2.0740, Entropy: 0.5986, Epsilon: 0.010
2026-03-28 21:02:37 | INFO | Episode  455 - Reward: 200.000, Length: 200, Loss: 2.2422, Entropy: 0.6023, Epsilon: 0.010
2026-03-28 21:02:38 | INFO | Episode  456 - Reward: 200.000, Length: 200, Loss: 2.6352, Entropy: 0.5974, Epsilon: 0.010
2026-03-28 21:02:39 | INFO | Episode  457 - Reward: 200.000, Length: 200, Loss: 2.7609, Entropy: 0.6026, Epsilon: 0.010
2026-03-28 21:02:41 | INFO | Episode  458 - Reward: 200.000, Length: 200, Loss: 3.6832, Entropy: 0.6021, Epsilon: 0.010
2026-03-28 21:02:42 | INFO | Episode  459 - Reward: 200.000, Length: 200, Loss: 1.8806, Entropy: 0.6109, Epsilon: 0.010
2026-03-28 21:02:43 | INFO | Episode  460 - Reward: 200.000, Length: 200, Loss: 1.8727, Entropy: 0.6084, Epsilon: 0.010
2026-03-28 21:02:44 | INFO | Episode  461 - Reward: 200.000, Length: 200, Loss: 1.5199, Entropy: 0.6135, Epsilon: 0.010
2026-03-28 21:02:45 | INFO | Episode  462 - Reward: 200.000, Length: 200, Loss: 1.8498, Entropy: 0.6086, Epsilon: 0.010
2026-03-28 21:02:46 | INFO | Episode  463 - Reward: 200.000, Length: 200, Loss: 1.0632, Entropy: 0.6129, Epsilon: 0.010
2026-03-28 21:02:47 | INFO | Episode  464 - Reward: 200.000, Length: 200, Loss: 2.5142, Entropy: 0.6174, Epsilon: 0.010
2026-03-28 21:02:48 | INFO | Episode  465 - Reward: 200.000, Length: 200, Loss: 3.7444, Entropy: 0.6113, Epsilon: 0.010
2026-03-28 21:02:49 | INFO | Episode  466 - Reward: 200.000, Length: 200, Loss: 1.5136, Entropy: 0.6140, Epsilon: 0.010
2026-03-28 21:02:50 | INFO | Episode  467 - Reward: 200.000, Length: 200, Loss: 1.9483, Entropy: 0.6132, Epsilon: 0.010
2026-03-28 21:02:51 | INFO | Episode  468 - Reward: 200.000, Length: 200, Loss: 1.8059, Entropy: 0.6164, Epsilon: 0.010
2026-03-28 21:02:52 | INFO | Episode  469 - Reward: 200.000, Length: 200, Loss: 1.6955, Entropy: 0.6198, Epsilon: 0.010
2026-03-28 21:02:53 | INFO | Episode  470 - Reward: 200.000, Length: 200, Loss: 1.1411, Entropy: 0.6161, Epsilon: 0.010
2026-03-28 21:02:54 | INFO | Episode  471 - Reward: 200.000, Length: 200, Loss: 1.4421, Entropy: 0.6115, Epsilon: 0.010
2026-03-28 21:02:55 | INFO | Episode  472 - Reward: 200.000, Length: 200, Loss: 1.7940, Entropy: 0.6123, Epsilon: 0.010
2026-03-28 21:02:56 | INFO | Episode  473 - Reward: 200.000, Length: 200, Loss: 1.7072, Entropy: 0.6209, Epsilon: 0.010
2026-03-28 21:02:57 | INFO | Episode  474 - Reward: 200.000, Length: 200, Loss: 2.2591, Entropy: 0.6181, Epsilon: 0.010
2026-03-28 21:02:58 | INFO | Episode  475 - Reward: 200.000, Length: 200, Loss: 1.5611, Entropy: 0.6178, Epsilon: 0.010
2026-03-28 21:02:59 | INFO | Episode  476 - Reward: 200.000, Length: 200, Loss: 1.0136, Entropy: 0.6211, Epsilon: 0.010
2026-03-28 21:03:00 | INFO | Episode  477 - Reward: 200.000, Length: 200, Loss: 1.4802, Entropy: 0.6253, Epsilon: 0.010
2026-03-28 21:03:01 | INFO | Episode  478 - Reward: 200.000, Length: 200, Loss: 0.7946, Entropy: 0.6277, Epsilon: 0.010
2026-03-28 21:03:03 | INFO | Episode  479 - Reward: 200.000, Length: 200, Loss: 1.2303, Entropy: 0.6260, Epsilon: 0.010
2026-03-28 21:03:04 | INFO | Episode  480 - Reward: 200.000, Length: 200, Loss: 2.2727, Entropy: 0.6250, Epsilon: 0.010
2026-03-28 21:03:05 | INFO | Episode  481 - Reward: 200.000, Length: 200, Loss: 0.7598, Entropy: 0.6304, Epsilon: 0.010
2026-03-28 21:03:06 | INFO | Episode  482 - Reward: 200.000, Length: 200, Loss: 1.0592, Entropy: 0.6256, Epsilon: 0.010
2026-03-28 21:03:07 | INFO | Episode  483 - Reward: 200.000, Length: 200, Loss: 0.2852, Entropy: 0.6336, Epsilon: 0.010
2026-03-28 21:03:08 | INFO | Episode  484 - Reward: 200.000, Length: 200, Loss: 2.3260, Entropy: 0.6296, Epsilon: 0.010
2026-03-28 21:03:09 | INFO | Episode  485 - Reward: 200.000, Length: 200, Loss: 3.1245, Entropy: 0.6259, Epsilon: 0.010
2026-03-28 21:03:10 | INFO | Episode  486 - Reward: 200.000, Length: 200, Loss: 1.0187, Entropy: 0.6323, Epsilon: 0.010
2026-03-28 21:03:11 | INFO | Episode  487 - Reward: 200.000, Length: 200, Loss: 1.2150, Entropy: 0.6357, Epsilon: 0.010
2026-03-28 21:03:12 | INFO | Episode  488 - Reward: 200.000, Length: 200, Loss: 0.9057, Entropy: 0.6416, Epsilon: 0.010
2026-03-28 21:03:13 | INFO | Episode  489 - Reward: 200.000, Length: 200, Loss: 1.4456, Entropy: 0.6398, Epsilon: 0.010
2026-03-28 21:03:14 | INFO | Episode  490 - Reward: 200.000, Length: 200, Loss: 0.7388, Entropy: 0.6331, Epsilon: 0.010
2026-03-28 21:03:15 | INFO | Episode  491 - Reward: 200.000, Length: 200, Loss: 1.2743, Entropy: 0.6361, Epsilon: 0.010
2026-03-28 21:03:16 | INFO | Episode  492 - Reward: 200.000, Length: 200, Loss: 0.9488, Entropy: 0.6408, Epsilon: 0.010
2026-03-28 21:03:17 | INFO | Episode  493 - Reward: 200.000, Length: 200, Loss: 0.8473, Entropy: 0.6413, Epsilon: 0.010
2026-03-28 21:03:18 | INFO | Episode  494 - Reward: 200.000, Length: 200, Loss: 1.5546, Entropy: 0.6407, Epsilon: 0.010
2026-03-28 21:03:19 | INFO | Episode  495 - Reward: 200.000, Length: 200, Loss: 1.4867, Entropy: 0.6472, Epsilon: 0.010
2026-03-28 21:03:20 | INFO | Episode  496 - Reward: 200.000, Length: 200, Loss: 1.9109, Entropy: 0.6444, Epsilon: 0.010
2026-03-28 21:03:21 | INFO | Episode  497 - Reward: 200.000, Length: 200, Loss: 1.1717, Entropy: 0.6453, Epsilon: 0.010
2026-03-28 21:03:22 | INFO | Episode  498 - Reward: 200.000, Length: 200, Loss: 1.1516, Entropy: 0.6405, Epsilon: 0.010
2026-03-28 21:03:23 | INFO | Episode  499 - Reward: 200.000, Length: 200, Loss: 0.9891, Entropy: 0.6448, Epsilon: 0.010
2026-03-28 21:03:24 | INFO | Episode  500 - Reward: 200.000, Length: 200, Loss: 1.2743, Entropy: 0.6471, Epsilon: 0.010
2026-03-28 21:04:42 | INFO | [Episode  500] eps=0.010  avg_reward= 200.000  avg_length=200.00  avg_loss=  1.6971  avg_entropy=0.6471  eval_success=1.000
2026-03-28 21:04:43 | INFO | DQN+Entropy training: 13m 38.49s
2026-03-28 21:10:37 | INFO | [Final Eval] success=1.000, mean_reward=200.000
