2026-03-29 17:07:11 | INFO | ============================================================
2026-03-29 17:07:11 | INFO | DEVICE / COMPUTE INFORMATION
2026-03-29 17:07:11 | INFO |   JAX backend       : CPU
2026-03-29 17:07:11 | INFO |   Platform          : cpu
2026-03-29 17:07:11 | INFO |   Num devices       : 1
2026-03-29 17:07:11 | INFO |   Device            : TFRT_CPU_0
2026-03-29 17:07:11 | INFO | ============================================================
2026-03-29 17:07:11 | INFO | DQN+Entropy | seed=8, lr=0.0005, gamma=0.99, alpha=0.05
2026-03-29 17:07:11 | INFO | Env: cartpole/dense, obs_dim=4, num_actions=2
2026-03-29 17:07:12 | INFO | Episode    1 - Reward: 11.000, Length: 11, Loss: 0.0000, Entropy: 0.0000, Epsilon: 0.998
2026-03-29 17:07:12 | INFO | Episode    2 - Reward: 11.000, Length: 11, Loss: 0.0000, Entropy: 0.0000, Epsilon: 0.995
2026-03-29 17:07:12 | INFO | Episode    3 - Reward: 15.000, Length: 15, Loss: 0.0000, Entropy: 0.0000, Epsilon: 0.993
2026-03-29 17:07:13 | INFO | Episode    4 - Reward: 21.000, Length: 21, Loss: 0.0000, Entropy: 0.0000, Epsilon: 0.990
2026-03-29 17:07:13 | INFO | Episode    5 - Reward: 38.000, Length: 38, Loss: 0.0000, Entropy: 0.0000, Epsilon: 0.988
2026-03-29 17:07:14 | INFO | Episode    6 - Reward: 15.000, Length: 15, Loss: 0.0000, Entropy: 0.0000, Epsilon: 0.985
2026-03-29 17:07:14 | INFO | Episode    7 - Reward: 23.000, Length: 23, Loss: 0.0000, Entropy: 0.0000, Epsilon: 0.983
2026-03-29 17:07:15 | INFO | Episode    8 - Reward: 36.000, Length: 36, Loss: 0.0000, Entropy: 0.0000, Epsilon: 0.980
2026-03-29 17:07:15 | INFO | Episode    9 - Reward: 34.000, Length: 34, Loss: 0.0000, Entropy: 0.0000, Epsilon: 0.978
2026-03-29 17:07:15 | INFO | Episode   10 - Reward: 17.000, Length: 17, Loss: 0.0000, Entropy: 0.0000, Epsilon: 0.975
2026-03-29 17:07:16 | INFO | Episode   11 - Reward: 14.000, Length: 14, Loss: 0.0000, Entropy: 0.0000, Epsilon: 0.973
2026-03-29 17:07:16 | INFO | Episode   12 - Reward: 12.000, Length: 12, Loss: 0.0000, Entropy: 0.0000, Epsilon: 0.970
2026-03-29 17:07:17 | INFO | Episode   13 - Reward: 11.000, Length: 11, Loss: 1.0069, Entropy: 0.6927, Epsilon: 0.968
2026-03-29 17:07:18 | INFO | Episode   14 - Reward: 17.000, Length: 17, Loss: 0.9958, Entropy: 0.6928, Epsilon: 0.965
2026-03-29 17:07:18 | INFO | Episode   15 - Reward: 37.000, Length: 37, Loss: 0.9884, Entropy: 0.6928, Epsilon: 0.963
2026-03-29 17:07:19 | INFO | Episode   16 - Reward: 41.000, Length: 41, Loss: 0.9860, Entropy: 0.6928, Epsilon: 0.960
2026-03-29 17:07:19 | INFO | Episode   17 - Reward: 20.000, Length: 20, Loss: 0.9826, Entropy: 0.6928, Epsilon: 0.958
2026-03-29 17:07:20 | INFO | Episode   18 - Reward: 12.000, Length: 12, Loss: 0.9826, Entropy: 0.6928, Epsilon: 0.955
2026-03-29 17:07:20 | INFO | Episode   19 - Reward: 17.000, Length: 17, Loss: 0.9744, Entropy: 0.6928, Epsilon: 0.953
2026-03-29 17:07:20 | INFO | Episode   20 - Reward: 40.000, Length: 40, Loss: 0.9648, Entropy: 0.6929, Epsilon: 0.951
2026-03-29 17:07:21 | INFO | Episode   21 - Reward: 81.000, Length: 81, Loss: 0.9591, Entropy: 0.6929, Epsilon: 0.948
2026-03-29 17:07:21 | INFO | Episode   22 - Reward: 13.000, Length: 13, Loss: 0.9967, Entropy: 0.6929, Epsilon: 0.946
2026-03-29 17:07:22 | INFO | Episode   23 - Reward: 13.000, Length: 13, Loss: 0.9905, Entropy: 0.6929, Epsilon: 0.943
2026-03-29 17:07:22 | INFO | Episode   24 - Reward: 52.000, Length: 52, Loss: 0.9836, Entropy: 0.6929, Epsilon: 0.941
2026-03-29 17:07:23 | INFO | Episode   25 - Reward: 11.000, Length: 11, Loss: 0.9856, Entropy: 0.6929, Epsilon: 0.938
2026-03-29 17:07:23 | INFO | Episode   26 - Reward: 21.000, Length: 21, Loss: 0.9745, Entropy: 0.6928, Epsilon: 0.936
2026-03-29 17:07:24 | INFO | Episode   27 - Reward: 17.000, Length: 17, Loss: 0.9676, Entropy: 0.6929, Epsilon: 0.933
2026-03-29 17:07:24 | INFO | Episode   28 - Reward: 29.000, Length: 29, Loss: 0.9649, Entropy: 0.6929, Epsilon: 0.931
2026-03-29 17:07:25 | INFO | Episode   29 - Reward: 13.000, Length: 13, Loss: 0.9595, Entropy: 0.6928, Epsilon: 0.928
2026-03-29 17:07:25 | INFO | Episode   30 - Reward: 23.000, Length: 23, Loss: 0.9532, Entropy: 0.6929, Epsilon: 0.926
2026-03-29 17:07:26 | INFO | Episode   31 - Reward: 23.000, Length: 23, Loss: 0.9469, Entropy: 0.6929, Epsilon: 0.923
2026-03-29 17:07:26 | INFO | Episode   32 - Reward: 22.000, Length: 22, Loss: 0.9452, Entropy: 0.6929, Epsilon: 0.921
2026-03-29 17:07:27 | INFO | Episode   33 - Reward: 28.000, Length: 28, Loss: 0.9397, Entropy: 0.6929, Epsilon: 0.918
2026-03-29 17:07:27 | INFO | Episode   34 - Reward: 23.000, Length: 23, Loss: 0.9347, Entropy: 0.6929, Epsilon: 0.916
2026-03-29 17:07:28 | INFO | Episode   35 - Reward: 12.000, Length: 12, Loss: 0.9285, Entropy: 0.6929, Epsilon: 0.913
2026-03-29 17:07:28 | INFO | Episode   36 - Reward: 22.000, Length: 22, Loss: 0.9253, Entropy: 0.6929, Epsilon: 0.911
2026-03-29 17:07:29 | INFO | Episode   37 - Reward: 53.000, Length: 53, Loss: 0.9190, Entropy: 0.6929, Epsilon: 0.908
2026-03-29 17:07:29 | INFO | Episode   38 - Reward: 13.000, Length: 13, Loss: 0.9175, Entropy: 0.6929, Epsilon: 0.906
2026-03-29 17:07:30 | INFO | Episode   39 - Reward: 22.000, Length: 22, Loss: 0.9094, Entropy: 0.6929, Epsilon: 0.903
2026-03-29 17:07:30 | INFO | Episode   40 - Reward: 21.000, Length: 21, Loss: 0.9034, Entropy: 0.6929, Epsilon: 0.901
2026-03-29 17:07:31 | INFO | Episode   41 - Reward: 22.000, Length: 22, Loss: 0.8994, Entropy: 0.6929, Epsilon: 0.899
2026-03-29 17:07:31 | INFO | Episode   42 - Reward: 14.000, Length: 14, Loss: 0.8892, Entropy: 0.6929, Epsilon: 0.896
2026-03-29 17:07:31 | INFO | Episode   43 - Reward: 31.000, Length: 31, Loss: 0.8891, Entropy: 0.6930, Epsilon: 0.894
2026-03-29 17:07:32 | INFO | Episode   44 - Reward: 46.000, Length: 46, Loss: 0.9908, Entropy: 0.6929, Epsilon: 0.891
2026-03-29 17:07:32 | INFO | Episode   45 - Reward: 23.000, Length: 23, Loss: 0.9832, Entropy: 0.6929, Epsilon: 0.889
2026-03-29 17:07:33 | INFO | Episode   46 - Reward: 13.000, Length: 13, Loss: 0.9766, Entropy: 0.6929, Epsilon: 0.886
2026-03-29 17:07:33 | INFO | Episode   47 - Reward: 22.000, Length: 22, Loss: 0.9680, Entropy: 0.6930, Epsilon: 0.884
2026-03-29 17:07:34 | INFO | Episode   48 - Reward: 18.000, Length: 18, Loss: 0.9624, Entropy: 0.6930, Epsilon: 0.881
2026-03-29 17:07:34 | INFO | Episode   49 - Reward: 15.000, Length: 15, Loss: 0.9591, Entropy: 0.6929, Epsilon: 0.879
2026-03-29 17:07:34 | INFO | Episode   50 - Reward: 35.000, Length: 35, Loss: 0.9547, Entropy: 0.6929, Epsilon: 0.876
2026-03-29 17:07:36 | INFO | [Episode   50] eps=0.876  avg_reward=  23.860  avg_length= 23.86  avg_loss=  0.7272  avg_entropy=0.6929  eval_success=0.000
2026-03-29 17:07:37 | INFO | Episode   51 - Reward: 11.000, Length: 11, Loss: 0.9537, Entropy: 0.6929, Epsilon: 0.874
2026-03-29 17:07:37 | INFO | Episode   52 - Reward: 36.000, Length: 36, Loss: 0.9468, Entropy: 0.6929, Epsilon: 0.871
2026-03-29 17:07:38 | INFO | Episode   53 - Reward: 12.000, Length: 12, Loss: 0.9414, Entropy: 0.6930, Epsilon: 0.869
2026-03-29 17:07:38 | INFO | Episode   54 - Reward: 12.000, Length: 12, Loss: 0.9336, Entropy: 0.6929, Epsilon: 0.866
2026-03-29 17:07:38 | INFO | Episode   55 - Reward: 39.000, Length: 39, Loss: 0.9306, Entropy: 0.6929, Epsilon: 0.864
2026-03-29 17:07:39 | INFO | Episode   56 - Reward: 11.000, Length: 11, Loss: 0.9287, Entropy: 0.6929, Epsilon: 0.861
2026-03-29 17:07:39 | INFO | Episode   57 - Reward: 19.000, Length: 19, Loss: 0.9243, Entropy: 0.6929, Epsilon: 0.859
2026-03-29 17:07:40 | INFO | Episode   58 - Reward: 46.000, Length: 46, Loss: 0.9143, Entropy: 0.6929, Epsilon: 0.856
2026-03-29 17:07:40 | INFO | Episode   59 - Reward: 13.000, Length: 13, Loss: 0.9098, Entropy: 0.6929, Epsilon: 0.854
2026-03-29 17:07:41 | INFO | Episode   60 - Reward: 9.000, Length: 9, Loss: 0.9033, Entropy: 0.6929, Epsilon: 0.852
2026-03-29 17:07:41 | INFO | Episode   61 - Reward: 46.000, Length: 46, Loss: 0.8989, Entropy: 0.6929, Epsilon: 0.849
2026-03-29 17:07:41 | INFO | Episode   62 - Reward: 21.000, Length: 21, Loss: 0.9000, Entropy: 0.6929, Epsilon: 0.847
2026-03-29 17:07:42 | INFO | Episode   63 - Reward: 30.000, Length: 30, Loss: 0.8929, Entropy: 0.6929, Epsilon: 0.844
2026-03-29 17:07:42 | INFO | Episode   64 - Reward: 42.000, Length: 42, Loss: 0.8870, Entropy: 0.6929, Epsilon: 0.842
2026-03-29 17:07:43 | INFO | Episode   65 - Reward: 22.000, Length: 22, Loss: 0.9810, Entropy: 0.6930, Epsilon: 0.839
2026-03-29 17:07:43 | INFO | Episode   66 - Reward: 18.000, Length: 18, Loss: 0.9763, Entropy: 0.6929, Epsilon: 0.837
2026-03-29 17:07:44 | INFO | Episode   67 - Reward: 28.000, Length: 28, Loss: 0.9676, Entropy: 0.6930, Epsilon: 0.834
2026-03-29 17:07:44 | INFO | Episode   68 - Reward: 34.000, Length: 34, Loss: 0.9628, Entropy: 0.6930, Epsilon: 0.832
2026-03-29 17:07:45 | INFO | Episode   69 - Reward: 22.000, Length: 22, Loss: 0.9632, Entropy: 0.6929, Epsilon: 0.829
2026-03-29 17:07:45 | INFO | Episode   70 - Reward: 31.000, Length: 31, Loss: 0.9515, Entropy: 0.6929, Epsilon: 0.827
2026-03-29 17:07:45 | INFO | Episode   71 - Reward: 22.000, Length: 22, Loss: 0.9498, Entropy: 0.6930, Epsilon: 0.824
2026-03-29 17:07:46 | INFO | Episode   72 - Reward: 14.000, Length: 14, Loss: 0.9444, Entropy: 0.6930, Epsilon: 0.822
2026-03-29 17:07:46 | INFO | Episode   73 - Reward: 15.000, Length: 15, Loss: 0.9435, Entropy: 0.6929, Epsilon: 0.819
2026-03-29 17:07:47 | INFO | Episode   74 - Reward: 13.000, Length: 13, Loss: 0.9405, Entropy: 0.6929, Epsilon: 0.817
2026-03-29 17:07:47 | INFO | Episode   75 - Reward: 42.000, Length: 42, Loss: 0.9287, Entropy: 0.6929, Epsilon: 0.814
2026-03-29 17:07:48 | INFO | Episode   76 - Reward: 23.000, Length: 23, Loss: 0.9258, Entropy: 0.6929, Epsilon: 0.812
2026-03-29 17:07:48 | INFO | Episode   77 - Reward: 76.000, Length: 76, Loss: 0.9176, Entropy: 0.6929, Epsilon: 0.809
2026-03-29 17:07:49 | INFO | Episode   78 - Reward: 27.000, Length: 27, Loss: 0.9183, Entropy: 0.6929, Epsilon: 0.807
2026-03-29 17:07:49 | INFO | Episode   79 - Reward: 18.000, Length: 18, Loss: 0.9097, Entropy: 0.6929, Epsilon: 0.804
2026-03-29 17:07:49 | INFO | Episode   80 - Reward: 20.000, Length: 20, Loss: 0.9115, Entropy: 0.6929, Epsilon: 0.802
2026-03-29 17:07:50 | INFO | Episode   81 - Reward: 11.000, Length: 11, Loss: 0.9055, Entropy: 0.6929, Epsilon: 0.800
2026-03-29 17:07:50 | INFO | Episode   82 - Reward: 20.000, Length: 20, Loss: 0.8973, Entropy: 0.6929, Epsilon: 0.797
2026-03-29 17:07:51 | INFO | Episode   83 - Reward: 40.000, Length: 40, Loss: 0.8931, Entropy: 0.6929, Epsilon: 0.795
2026-03-29 17:07:51 | INFO | Episode   84 - Reward: 61.000, Length: 61, Loss: 0.9743, Entropy: 0.6929, Epsilon: 0.792
2026-03-29 17:07:52 | INFO | Episode   85 - Reward: 17.000, Length: 17, Loss: 0.9731, Entropy: 0.6929, Epsilon: 0.790
2026-03-29 17:07:52 | INFO | Episode   86 - Reward: 20.000, Length: 20, Loss: 0.9739, Entropy: 0.6929, Epsilon: 0.787
2026-03-29 17:07:52 | INFO | Episode   87 - Reward: 11.000, Length: 11, Loss: 0.9587, Entropy: 0.6929, Epsilon: 0.785
2026-03-29 17:07:53 | INFO | Episode   88 - Reward: 15.000, Length: 15, Loss: 0.9603, Entropy: 0.6929, Epsilon: 0.782
2026-03-29 17:07:53 | INFO | Episode   89 - Reward: 23.000, Length: 23, Loss: 0.9543, Entropy: 0.6929, Epsilon: 0.780
2026-03-29 17:07:54 | INFO | Episode   90 - Reward: 12.000, Length: 12, Loss: 0.9467, Entropy: 0.6929, Epsilon: 0.777
2026-03-29 17:07:54 | INFO | Episode   91 - Reward: 13.000, Length: 13, Loss: 0.9440, Entropy: 0.6929, Epsilon: 0.775
2026-03-29 17:07:55 | INFO | Episode   92 - Reward: 11.000, Length: 11, Loss: 0.9373, Entropy: 0.6929, Epsilon: 0.772
2026-03-29 17:07:55 | INFO | Episode   93 - Reward: 18.000, Length: 18, Loss: 0.9299, Entropy: 0.6929, Epsilon: 0.770
2026-03-29 17:07:56 | INFO | Episode   94 - Reward: 16.000, Length: 16, Loss: 0.9253, Entropy: 0.6929, Epsilon: 0.767
2026-03-29 17:07:56 | INFO | Episode   95 - Reward: 23.000, Length: 23, Loss: 0.9243, Entropy: 0.6929, Epsilon: 0.765
2026-03-29 17:07:57 | INFO | Episode   96 - Reward: 40.000, Length: 40, Loss: 0.9172, Entropy: 0.6929, Epsilon: 0.762
2026-03-29 17:07:57 | INFO | Episode   97 - Reward: 13.000, Length: 13, Loss: 0.9163, Entropy: 0.6929, Epsilon: 0.760
2026-03-29 17:07:57 | INFO | Episode   98 - Reward: 26.000, Length: 26, Loss: 0.9112, Entropy: 0.6929, Epsilon: 0.757
2026-03-29 17:07:58 | INFO | Episode   99 - Reward: 20.000, Length: 20, Loss: 0.9075, Entropy: 0.6929, Epsilon: 0.755
2026-03-29 17:07:58 | INFO | Episode  100 - Reward: 12.000, Length: 12, Loss: 0.9019, Entropy: 0.6929, Epsilon: 0.752
2026-03-29 17:07:59 | INFO | [Episode  100] eps=0.752  avg_reward=  23.880  avg_length= 23.88  avg_loss=  0.9322  avg_entropy=0.6929  eval_success=0.000
2026-03-29 17:08:00 | INFO | Episode  101 - Reward: 19.000, Length: 19, Loss: 0.8903, Entropy: 0.6929, Epsilon: 0.750
2026-03-29 17:08:00 | INFO | Episode  102 - Reward: 13.000, Length: 13, Loss: 0.8869, Entropy: 0.6929, Epsilon: 0.748
2026-03-29 17:08:01 | INFO | Episode  103 - Reward: 55.000, Length: 55, Loss: 0.8864, Entropy: 0.6928, Epsilon: 0.745
2026-03-29 17:08:01 | INFO | Episode  104 - Reward: 25.000, Length: 25, Loss: 0.8777, Entropy: 0.6928, Epsilon: 0.743
2026-03-29 17:08:01 | INFO | Episode  105 - Reward: 20.000, Length: 20, Loss: 0.8700, Entropy: 0.6928, Epsilon: 0.740
2026-03-29 17:08:02 | INFO | Episode  106 - Reward: 12.000, Length: 12, Loss: 0.9835, Entropy: 0.6928, Epsilon: 0.738
2026-03-29 17:08:02 | INFO | Episode  107 - Reward: 17.000, Length: 17, Loss: 0.9696, Entropy: 0.6928, Epsilon: 0.735
2026-03-29 17:08:03 | INFO | Episode  108 - Reward: 43.000, Length: 43, Loss: 0.9697, Entropy: 0.6928, Epsilon: 0.733
2026-03-29 17:08:03 | INFO | Episode  109 - Reward: 18.000, Length: 18, Loss: 0.9683, Entropy: 0.6928, Epsilon: 0.730
2026-03-29 17:08:04 | INFO | Episode  110 - Reward: 12.000, Length: 12, Loss: 0.9611, Entropy: 0.6928, Epsilon: 0.728
2026-03-29 17:08:04 | INFO | Episode  111 - Reward: 14.000, Length: 14, Loss: 0.9510, Entropy: 0.6928, Epsilon: 0.725
2026-03-29 17:08:05 | INFO | Episode  112 - Reward: 21.000, Length: 21, Loss: 0.9433, Entropy: 0.6928, Epsilon: 0.723
2026-03-29 17:08:05 | INFO | Episode  113 - Reward: 25.000, Length: 25, Loss: 0.9421, Entropy: 0.6928, Epsilon: 0.720
2026-03-29 17:08:05 | INFO | Episode  114 - Reward: 70.000, Length: 70, Loss: 0.9428, Entropy: 0.6928, Epsilon: 0.718
2026-03-29 17:08:06 | INFO | Episode  115 - Reward: 14.000, Length: 14, Loss: 0.9316, Entropy: 0.6928, Epsilon: 0.715
2026-03-29 17:08:06 | INFO | Episode  116 - Reward: 64.000, Length: 64, Loss: 0.9245, Entropy: 0.6928, Epsilon: 0.713
2026-03-29 17:08:07 | INFO | Episode  117 - Reward: 37.000, Length: 37, Loss: 0.9213, Entropy: 0.6927, Epsilon: 0.710
2026-03-29 17:08:07 | INFO | Episode  118 - Reward: 15.000, Length: 15, Loss: 0.9180, Entropy: 0.6927, Epsilon: 0.708
2026-03-29 17:08:08 | INFO | Episode  119 - Reward: 12.000, Length: 12, Loss: 0.9073, Entropy: 0.6927, Epsilon: 0.705
2026-03-29 17:08:08 | INFO | Episode  120 - Reward: 16.000, Length: 16, Loss: 0.9072, Entropy: 0.6927, Epsilon: 0.703
2026-03-29 17:08:09 | INFO | Episode  121 - Reward: 9.000, Length: 9, Loss: 0.9062, Entropy: 0.6927, Epsilon: 0.701
2026-03-29 17:08:09 | INFO | Episode  122 - Reward: 16.000, Length: 16, Loss: 0.8962, Entropy: 0.6927, Epsilon: 0.698
2026-03-29 17:08:09 | INFO | Episode  123 - Reward: 37.000, Length: 37, Loss: 0.8927, Entropy: 0.6927, Epsilon: 0.696
2026-03-29 17:08:10 | INFO | Episode  124 - Reward: 13.000, Length: 13, Loss: 0.8856, Entropy: 0.6927, Epsilon: 0.693
2026-03-29 17:08:10 | INFO | Episode  125 - Reward: 13.000, Length: 13, Loss: 0.8847, Entropy: 0.6927, Epsilon: 0.691
2026-03-29 17:08:11 | INFO | Episode  126 - Reward: 10.000, Length: 10, Loss: 0.8730, Entropy: 0.6927, Epsilon: 0.688
2026-03-29 17:08:11 | INFO | Episode  127 - Reward: 12.000, Length: 12, Loss: 0.9913, Entropy: 0.6927, Epsilon: 0.686
2026-03-29 17:08:12 | INFO | Episode  128 - Reward: 24.000, Length: 24, Loss: 0.9853, Entropy: 0.6927, Epsilon: 0.683
2026-03-29 17:08:12 | INFO | Episode  129 - Reward: 19.000, Length: 19, Loss: 0.9666, Entropy: 0.6927, Epsilon: 0.681
2026-03-29 17:08:13 | INFO | Episode  130 - Reward: 13.000, Length: 13, Loss: 0.9760, Entropy: 0.6926, Epsilon: 0.678
2026-03-29 17:08:13 | INFO | Episode  131 - Reward: 29.000, Length: 29, Loss: 0.9647, Entropy: 0.6926, Epsilon: 0.676
2026-03-29 17:08:13 | INFO | Episode  132 - Reward: 15.000, Length: 15, Loss: 0.9599, Entropy: 0.6926, Epsilon: 0.673
2026-03-29 17:08:14 | INFO | Episode  133 - Reward: 21.000, Length: 21, Loss: 0.9617, Entropy: 0.6926, Epsilon: 0.671
2026-03-29 17:08:14 | INFO | Episode  134 - Reward: 15.000, Length: 15, Loss: 0.9514, Entropy: 0.6926, Epsilon: 0.668
2026-03-29 17:08:15 | INFO | Episode  135 - Reward: 12.000, Length: 12, Loss: 0.9395, Entropy: 0.6926, Epsilon: 0.666
2026-03-29 17:08:15 | INFO | Episode  136 - Reward: 14.000, Length: 14, Loss: 0.9368, Entropy: 0.6926, Epsilon: 0.663
2026-03-29 17:08:16 | INFO | Episode  137 - Reward: 9.000, Length: 9, Loss: 0.9334, Entropy: 0.6926, Epsilon: 0.661
2026-03-29 17:08:16 | INFO | Episode  138 - Reward: 28.000, Length: 28, Loss: 0.9250, Entropy: 0.6925, Epsilon: 0.658
2026-03-29 17:08:17 | INFO | Episode  139 - Reward: 9.000, Length: 9, Loss: 0.9182, Entropy: 0.6925, Epsilon: 0.656
2026-03-29 17:08:17 | INFO | Episode  140 - Reward: 22.000, Length: 22, Loss: 0.9126, Entropy: 0.6926, Epsilon: 0.653
2026-03-29 17:08:17 | INFO | Episode  141 - Reward: 15.000, Length: 15, Loss: 0.9121, Entropy: 0.6925, Epsilon: 0.651
2026-03-29 17:08:18 | INFO | Episode  142 - Reward: 18.000, Length: 18, Loss: 0.9049, Entropy: 0.6925, Epsilon: 0.649
2026-03-29 17:08:18 | INFO | Episode  143 - Reward: 14.000, Length: 14, Loss: 0.8992, Entropy: 0.6925, Epsilon: 0.646
2026-03-29 17:08:19 | INFO | Episode  144 - Reward: 17.000, Length: 17, Loss: 0.8939, Entropy: 0.6925, Epsilon: 0.644
2026-03-29 17:08:19 | INFO | Episode  145 - Reward: 13.000, Length: 13, Loss: 0.8920, Entropy: 0.6925, Epsilon: 0.641
2026-03-29 17:08:20 | INFO | Episode  146 - Reward: 16.000, Length: 16, Loss: 0.8762, Entropy: 0.6925, Epsilon: 0.639
2026-03-29 17:08:20 | INFO | Episode  147 - Reward: 21.000, Length: 21, Loss: 0.8734, Entropy: 0.6925, Epsilon: 0.636
2026-03-29 17:08:20 | INFO | Episode  148 - Reward: 29.000, Length: 29, Loss: 0.8646, Entropy: 0.6924, Epsilon: 0.634
2026-03-29 17:08:21 | INFO | Episode  149 - Reward: 16.000, Length: 16, Loss: 0.8607, Entropy: 0.6924, Epsilon: 0.631
2026-03-29 17:08:21 | INFO | Episode  150 - Reward: 16.000, Length: 16, Loss: 0.8554, Entropy: 0.6924, Epsilon: 0.629
2026-03-29 17:08:22 | INFO | [Episode  150] eps=0.629  avg_reward=  20.740  avg_length= 20.74  avg_loss=  0.9209  avg_entropy=0.6924  eval_success=0.000
2026-03-29 17:08:22 | INFO | Episode  151 - Reward: 15.000, Length: 15, Loss: 0.8505, Entropy: 0.6924, Epsilon: 0.626
2026-03-29 17:08:23 | INFO | Episode  152 - Reward: 15.000, Length: 15, Loss: 0.8556, Entropy: 0.6923, Epsilon: 0.624
2026-03-29 17:08:23 | INFO | Episode  153 - Reward: 17.000, Length: 17, Loss: 0.8407, Entropy: 0.6924, Epsilon: 0.621
2026-03-29 17:08:23 | INFO | Episode  154 - Reward: 12.000, Length: 12, Loss: 0.8341, Entropy: 0.6923, Epsilon: 0.619
2026-03-29 17:08:24 | INFO | Episode  155 - Reward: 12.000, Length: 12, Loss: 0.8268, Entropy: 0.6923, Epsilon: 0.616
2026-03-29 17:08:24 | INFO | Episode  156 - Reward: 25.000, Length: 25, Loss: 0.8325, Entropy: 0.6923, Epsilon: 0.614
2026-03-29 17:08:25 | INFO | Episode  157 - Reward: 47.000, Length: 47, Loss: 0.9918, Entropy: 0.6923, Epsilon: 0.611
2026-03-29 17:08:25 | INFO | Episode  158 - Reward: 11.000, Length: 11, Loss: 0.9962, Entropy: 0.6922, Epsilon: 0.609
2026-03-29 17:08:26 | INFO | Episode  159 - Reward: 27.000, Length: 27, Loss: 0.9862, Entropy: 0.6922, Epsilon: 0.606
2026-03-29 17:08:26 | INFO | Episode  160 - Reward: 13.000, Length: 13, Loss: 0.9788, Entropy: 0.6922, Epsilon: 0.604
2026-03-29 17:08:27 | INFO | Episode  161 - Reward: 12.000, Length: 12, Loss: 0.9806, Entropy: 0.6922, Epsilon: 0.602
2026-03-29 17:08:27 | INFO | Episode  162 - Reward: 14.000, Length: 14, Loss: 0.9650, Entropy: 0.6922, Epsilon: 0.599
2026-03-29 17:08:27 | INFO | Episode  163 - Reward: 26.000, Length: 26, Loss: 0.9612, Entropy: 0.6921, Epsilon: 0.597
2026-03-29 17:08:28 | INFO | Episode  164 - Reward: 12.000, Length: 12, Loss: 0.9513, Entropy: 0.6921, Epsilon: 0.594
2026-03-29 17:08:28 | INFO | Episode  165 - Reward: 12.000, Length: 12, Loss: 0.9542, Entropy: 0.6921, Epsilon: 0.592
2026-03-29 17:08:29 | INFO | Episode  166 - Reward: 13.000, Length: 13, Loss: 0.9421, Entropy: 0.6921, Epsilon: 0.589
2026-03-29 17:08:29 | INFO | Episode  167 - Reward: 28.000, Length: 28, Loss: 0.9433, Entropy: 0.6921, Epsilon: 0.587
2026-03-29 17:08:30 | INFO | Episode  168 - Reward: 11.000, Length: 11, Loss: 0.9293, Entropy: 0.6920, Epsilon: 0.584
2026-03-29 17:08:30 | INFO | Episode  169 - Reward: 12.000, Length: 12, Loss: 0.9293, Entropy: 0.6920, Epsilon: 0.582
2026-03-29 17:08:30 | INFO | Episode  170 - Reward: 11.000, Length: 11, Loss: 0.9147, Entropy: 0.6919, Epsilon: 0.579
2026-03-29 17:08:31 | INFO | Episode  171 - Reward: 9.000, Length: 9, Loss: 0.9147, Entropy: 0.6919, Epsilon: 0.577
2026-03-29 17:08:31 | INFO | Episode  172 - Reward: 15.000, Length: 15, Loss: 0.9145, Entropy: 0.6919, Epsilon: 0.574
2026-03-29 17:08:32 | INFO | Episode  173 - Reward: 11.000, Length: 11, Loss: 0.9019, Entropy: 0.6919, Epsilon: 0.572
2026-03-29 17:08:33 | INFO | Episode  174 - Reward: 23.000, Length: 23, Loss: 0.8974, Entropy: 0.6918, Epsilon: 0.569
2026-03-29 17:08:33 | INFO | Episode  175 - Reward: 14.000, Length: 14, Loss: 0.8937, Entropy: 0.6918, Epsilon: 0.567
2026-03-29 17:08:33 | INFO | Episode  176 - Reward: 11.000, Length: 11, Loss: 0.8915, Entropy: 0.6918, Epsilon: 0.564
2026-03-29 17:08:34 | INFO | Episode  177 - Reward: 39.000, Length: 39, Loss: 0.8739, Entropy: 0.6918, Epsilon: 0.562
2026-03-29 17:08:34 | INFO | Episode  178 - Reward: 12.000, Length: 12, Loss: 0.8701, Entropy: 0.6918, Epsilon: 0.559
2026-03-29 17:08:35 | INFO | Episode  179 - Reward: 13.000, Length: 13, Loss: 0.8624, Entropy: 0.6917, Epsilon: 0.557
2026-03-29 17:08:35 | INFO | Episode  180 - Reward: 12.000, Length: 12, Loss: 0.8494, Entropy: 0.6917, Epsilon: 0.554
2026-03-29 17:08:36 | INFO | Episode  181 - Reward: 20.000, Length: 20, Loss: 0.8577, Entropy: 0.6917, Epsilon: 0.552
2026-03-29 17:08:37 | INFO | Episode  182 - Reward: 14.000, Length: 14, Loss: 0.8433, Entropy: 0.6916, Epsilon: 0.550
2026-03-29 17:08:37 | INFO | Episode  183 - Reward: 10.000, Length: 10, Loss: 0.8484, Entropy: 0.6916, Epsilon: 0.547
2026-03-29 17:08:38 | INFO | Episode  184 - Reward: 13.000, Length: 13, Loss: 0.8308, Entropy: 0.6915, Epsilon: 0.545
2026-03-29 17:08:38 | INFO | Episode  185 - Reward: 14.000, Length: 14, Loss: 0.8374, Entropy: 0.6915, Epsilon: 0.542
2026-03-29 17:08:39 | INFO | Episode  186 - Reward: 13.000, Length: 13, Loss: 0.8180, Entropy: 0.6915, Epsilon: 0.540
2026-03-29 17:08:40 | INFO | Episode  187 - Reward: 12.000, Length: 12, Loss: 1.0204, Entropy: 0.6914, Epsilon: 0.537
2026-03-29 17:08:40 | INFO | Episode  188 - Reward: 12.000, Length: 12, Loss: 1.0137, Entropy: 0.6914, Epsilon: 0.535
2026-03-29 17:08:41 | INFO | Episode  189 - Reward: 22.000, Length: 22, Loss: 1.0095, Entropy: 0.6914, Epsilon: 0.532
2026-03-29 17:08:42 | INFO | Episode  190 - Reward: 14.000, Length: 14, Loss: 1.0077, Entropy: 0.6913, Epsilon: 0.530
2026-03-29 17:08:42 | INFO | Episode  191 - Reward: 10.000, Length: 10, Loss: 0.9914, Entropy: 0.6913, Epsilon: 0.527
2026-03-29 17:08:43 | INFO | Episode  192 - Reward: 10.000, Length: 10, Loss: 0.9882, Entropy: 0.6913, Epsilon: 0.525
2026-03-29 17:08:44 | INFO | Episode  193 - Reward: 11.000, Length: 11, Loss: 0.9722, Entropy: 0.6912, Epsilon: 0.522
2026-03-29 17:08:44 | INFO | Episode  194 - Reward: 11.000, Length: 11, Loss: 0.9731, Entropy: 0.6912, Epsilon: 0.520
2026-03-29 17:08:45 | INFO | Episode  195 - Reward: 13.000, Length: 13, Loss: 0.9707, Entropy: 0.6911, Epsilon: 0.517
2026-03-29 17:08:45 | INFO | Episode  196 - Reward: 11.000, Length: 11, Loss: 0.9627, Entropy: 0.6911, Epsilon: 0.515
2026-03-29 17:08:46 | INFO | Episode  197 - Reward: 11.000, Length: 11, Loss: 0.9466, Entropy: 0.6910, Epsilon: 0.512
2026-03-29 17:08:47 | INFO | Episode  198 - Reward: 10.000, Length: 10, Loss: 0.9416, Entropy: 0.6910, Epsilon: 0.510
2026-03-29 17:08:47 | INFO | Episode  199 - Reward: 13.000, Length: 13, Loss: 0.9381, Entropy: 0.6910, Epsilon: 0.507
2026-03-29 17:08:48 | INFO | Episode  200 - Reward: 8.000, Length: 8, Loss: 0.9394, Entropy: 0.6909, Epsilon: 0.505
2026-03-29 17:08:49 | INFO | [Episode  200] eps=0.505  avg_reward=  15.120  avg_length= 15.12  avg_loss=  0.9209  avg_entropy=0.6909  eval_success=0.000
2026-03-29 17:08:49 | INFO | Episode  201 - Reward: 10.000, Length: 10, Loss: 0.9309, Entropy: 0.6908, Epsilon: 0.503
2026-03-29 17:08:50 | INFO | Episode  202 - Reward: 18.000, Length: 18, Loss: 0.9108, Entropy: 0.6908, Epsilon: 0.500
2026-03-29 17:08:50 | INFO | Episode  203 - Reward: 19.000, Length: 19, Loss: 0.9170, Entropy: 0.6907, Epsilon: 0.498
2026-03-29 17:08:51 | INFO | Episode  204 - Reward: 18.000, Length: 18, Loss: 0.9039, Entropy: 0.6907, Epsilon: 0.495
2026-03-29 17:08:52 | INFO | Episode  205 - Reward: 10.000, Length: 10, Loss: 0.9002, Entropy: 0.6907, Epsilon: 0.493
2026-03-29 17:08:52 | INFO | Episode  206 - Reward: 13.000, Length: 13, Loss: 0.8901, Entropy: 0.6906, Epsilon: 0.490
2026-03-29 17:08:53 | INFO | Episode  207 - Reward: 13.000, Length: 13, Loss: 0.8972, Entropy: 0.6905, Epsilon: 0.488
2026-03-29 17:08:54 | INFO | Episode  208 - Reward: 24.000, Length: 24, Loss: 0.8830, Entropy: 0.6905, Epsilon: 0.485
2026-03-29 17:08:54 | INFO | Episode  209 - Reward: 17.000, Length: 17, Loss: 0.8823, Entropy: 0.6904, Epsilon: 0.483
2026-03-29 17:08:55 | INFO | Episode  210 - Reward: 19.000, Length: 19, Loss: 0.8751, Entropy: 0.6904, Epsilon: 0.480
2026-03-29 17:08:55 | INFO | Episode  211 - Reward: 12.000, Length: 12, Loss: 0.8649, Entropy: 0.6903, Epsilon: 0.478
2026-03-29 17:08:56 | INFO | Episode  212 - Reward: 13.000, Length: 13, Loss: 0.8613, Entropy: 0.6903, Epsilon: 0.475
2026-03-29 17:08:57 | INFO | Episode  213 - Reward: 16.000, Length: 16, Loss: 0.8484, Entropy: 0.6902, Epsilon: 0.473
2026-03-29 17:08:57 | INFO | Episode  214 - Reward: 12.000, Length: 12, Loss: 0.8450, Entropy: 0.6901, Epsilon: 0.470
2026-03-29 17:08:58 | INFO | Episode  215 - Reward: 10.000, Length: 10, Loss: 0.8364, Entropy: 0.6901, Epsilon: 0.468
2026-03-29 17:08:59 | INFO | Episode  216 - Reward: 10.000, Length: 10, Loss: 0.8335, Entropy: 0.6901, Epsilon: 0.465
2026-03-29 17:08:59 | INFO | Episode  217 - Reward: 16.000, Length: 16, Loss: 0.8300, Entropy: 0.6899, Epsilon: 0.463
2026-03-29 17:09:00 | INFO | Episode  218 - Reward: 13.000, Length: 13, Loss: 0.8226, Entropy: 0.6899, Epsilon: 0.460
2026-03-29 17:09:00 | INFO | Episode  219 - Reward: 12.000, Length: 12, Loss: 0.8123, Entropy: 0.6899, Epsilon: 0.458
2026-03-29 17:09:01 | INFO | Episode  220 - Reward: 10.000, Length: 10, Loss: 0.8129, Entropy: 0.6898, Epsilon: 0.456
2026-03-29 17:09:02 | INFO | Episode  221 - Reward: 11.000, Length: 11, Loss: 0.7994, Entropy: 0.6899, Epsilon: 0.453
2026-03-29 17:09:02 | INFO | Episode  222 - Reward: 12.000, Length: 12, Loss: 0.8054, Entropy: 0.6897, Epsilon: 0.451
2026-03-29 17:09:03 | INFO | Episode  223 - Reward: 11.000, Length: 11, Loss: 0.7928, Entropy: 0.6897, Epsilon: 0.448
2026-03-29 17:09:04 | INFO | Episode  224 - Reward: 11.000, Length: 11, Loss: 0.7760, Entropy: 0.6896, Epsilon: 0.446
2026-03-29 17:09:04 | INFO | Episode  225 - Reward: 13.000, Length: 13, Loss: 1.0398, Entropy: 0.6895, Epsilon: 0.443
2026-03-29 17:09:05 | INFO | Episode  226 - Reward: 10.000, Length: 10, Loss: 1.0480, Entropy: 0.6895, Epsilon: 0.441
2026-03-29 17:09:06 | INFO | Episode  227 - Reward: 11.000, Length: 11, Loss: 1.0334, Entropy: 0.6894, Epsilon: 0.438
2026-03-29 17:09:07 | INFO | Episode  228 - Reward: 11.000, Length: 11, Loss: 1.0406, Entropy: 0.6893, Epsilon: 0.436
2026-03-29 17:09:07 | INFO | Episode  229 - Reward: 12.000, Length: 12, Loss: 1.0378, Entropy: 0.6892, Epsilon: 0.433
2026-03-29 17:09:08 | INFO | Episode  230 - Reward: 9.000, Length: 9, Loss: 1.0297, Entropy: 0.6892, Epsilon: 0.431
2026-03-29 17:09:08 | INFO | Episode  231 - Reward: 12.000, Length: 12, Loss: 1.0098, Entropy: 0.6891, Epsilon: 0.428
2026-03-29 17:09:09 | INFO | Episode  232 - Reward: 19.000, Length: 19, Loss: 1.0034, Entropy: 0.6890, Epsilon: 0.426
2026-03-29 17:09:10 | INFO | Episode  233 - Reward: 9.000, Length: 9, Loss: 0.9865, Entropy: 0.6890, Epsilon: 0.423
2026-03-29 17:09:10 | INFO | Episode  234 - Reward: 19.000, Length: 19, Loss: 0.9881, Entropy: 0.6888, Epsilon: 0.421
2026-03-29 17:09:11 | INFO | Episode  235 - Reward: 11.000, Length: 11, Loss: 0.9747, Entropy: 0.6887, Epsilon: 0.418
2026-03-29 17:09:12 | INFO | Episode  236 - Reward: 13.000, Length: 13, Loss: 0.9754, Entropy: 0.6886, Epsilon: 0.416
2026-03-29 17:09:12 | INFO | Episode  237 - Reward: 9.000, Length: 9, Loss: 0.9613, Entropy: 0.6886, Epsilon: 0.413
2026-03-29 17:09:13 | INFO | Episode  238 - Reward: 10.000, Length: 10, Loss: 0.9648, Entropy: 0.6885, Epsilon: 0.411
2026-03-29 17:09:13 | INFO | Episode  239 - Reward: 15.000, Length: 15, Loss: 0.9456, Entropy: 0.6884, Epsilon: 0.408
2026-03-29 17:09:14 | INFO | Episode  240 - Reward: 25.000, Length: 25, Loss: 0.9378, Entropy: 0.6882, Epsilon: 0.406
2026-03-29 17:09:15 | INFO | Episode  241 - Reward: 11.000, Length: 11, Loss: 0.9362, Entropy: 0.6881, Epsilon: 0.404
2026-03-29 17:09:15 | INFO | Episode  242 - Reward: 11.000, Length: 11, Loss: 0.9416, Entropy: 0.6881, Epsilon: 0.401
2026-03-29 17:09:16 | INFO | Episode  243 - Reward: 13.000, Length: 13, Loss: 0.9227, Entropy: 0.6880, Epsilon: 0.399
2026-03-29 17:09:17 | INFO | Episode  244 - Reward: 29.000, Length: 29, Loss: 0.9095, Entropy: 0.6879, Epsilon: 0.396
2026-03-29 17:09:17 | INFO | Episode  245 - Reward: 10.000, Length: 10, Loss: 0.9011, Entropy: 0.6878, Epsilon: 0.394
2026-03-29 17:09:18 | INFO | Episode  246 - Reward: 17.000, Length: 17, Loss: 0.8947, Entropy: 0.6877, Epsilon: 0.391
2026-03-29 17:09:18 | INFO | Episode  247 - Reward: 10.000, Length: 10, Loss: 0.8852, Entropy: 0.6876, Epsilon: 0.389
2026-03-29 17:09:19 | INFO | Episode  248 - Reward: 12.000, Length: 12, Loss: 0.8945, Entropy: 0.6876, Epsilon: 0.386
2026-03-29 17:09:20 | INFO | Episode  249 - Reward: 19.000, Length: 19, Loss: 0.8633, Entropy: 0.6875, Epsilon: 0.384
2026-03-29 17:09:20 | INFO | Episode  250 - Reward: 17.000, Length: 17, Loss: 0.8697, Entropy: 0.6874, Epsilon: 0.381
2026-03-29 17:09:21 | INFO | [Episode  250] eps=0.381  avg_reward=  13.740  avg_length= 13.74  avg_loss=  0.9105  avg_entropy=0.6874  eval_success=0.000
2026-03-29 17:09:22 | INFO | Episode  251 - Reward: 12.000, Length: 12, Loss: 0.8640, Entropy: 0.6872, Epsilon: 0.379
2026-03-29 17:09:22 | INFO | Episode  252 - Reward: 11.000, Length: 11, Loss: 0.8575, Entropy: 0.6871, Epsilon: 0.376
2026-03-29 17:09:23 | INFO | Episode  253 - Reward: 14.000, Length: 14, Loss: 0.8498, Entropy: 0.6871, Epsilon: 0.374
2026-03-29 17:09:24 | INFO | Episode  254 - Reward: 11.000, Length: 11, Loss: 0.8323, Entropy: 0.6870, Epsilon: 0.371
2026-03-29 17:09:24 | INFO | Episode  255 - Reward: 12.000, Length: 12, Loss: 0.8340, Entropy: 0.6869, Epsilon: 0.369
2026-03-29 17:09:25 | INFO | Episode  256 - Reward: 11.000, Length: 11, Loss: 0.8330, Entropy: 0.6867, Epsilon: 0.366
2026-03-29 17:09:26 | INFO | Episode  257 - Reward: 14.000, Length: 14, Loss: 0.8257, Entropy: 0.6867, Epsilon: 0.364
2026-03-29 17:09:26 | INFO | Episode  258 - Reward: 10.000, Length: 10, Loss: 0.8098, Entropy: 0.6866, Epsilon: 0.361
2026-03-29 17:09:27 | INFO | Episode  259 - Reward: 13.000, Length: 13, Loss: 0.7953, Entropy: 0.6864, Epsilon: 0.359
2026-03-29 17:09:27 | INFO | Episode  260 - Reward: 15.000, Length: 15, Loss: 0.8027, Entropy: 0.6864, Epsilon: 0.357
2026-03-29 17:09:28 | INFO | Episode  261 - Reward: 10.000, Length: 10, Loss: 0.7875, Entropy: 0.6863, Epsilon: 0.354
2026-03-29 17:09:29 | INFO | Episode  262 - Reward: 14.000, Length: 14, Loss: 1.1026, Entropy: 0.6861, Epsilon: 0.352
2026-03-29 17:09:29 | INFO | Episode  263 - Reward: 11.000, Length: 11, Loss: 1.1114, Entropy: 0.6860, Epsilon: 0.349
2026-03-29 17:09:30 | INFO | Episode  264 - Reward: 12.000, Length: 12, Loss: 1.0799, Entropy: 0.6859, Epsilon: 0.347
2026-03-29 17:09:30 | INFO | Episode  265 - Reward: 10.000, Length: 10, Loss: 1.0596, Entropy: 0.6857, Epsilon: 0.344
2026-03-29 17:09:31 | INFO | Episode  266 - Reward: 11.000, Length: 11, Loss: 1.0524, Entropy: 0.6856, Epsilon: 0.342
2026-03-29 17:09:31 | INFO | Episode  267 - Reward: 12.000, Length: 12, Loss: 1.0573, Entropy: 0.6854, Epsilon: 0.339
2026-03-29 17:09:32 | INFO | Episode  268 - Reward: 9.000, Length: 9, Loss: 1.0428, Entropy: 0.6852, Epsilon: 0.337
2026-03-29 17:09:32 | INFO | Episode  269 - Reward: 10.000, Length: 10, Loss: 1.0659, Entropy: 0.6850, Epsilon: 0.334
2026-03-29 17:09:32 | INFO | Episode  270 - Reward: 13.000, Length: 13, Loss: 1.0342, Entropy: 0.6849, Epsilon: 0.332
2026-03-29 17:09:33 | INFO | Episode  271 - Reward: 14.000, Length: 14, Loss: 1.0151, Entropy: 0.6848, Epsilon: 0.329
2026-03-29 17:09:33 | INFO | Episode  272 - Reward: 10.000, Length: 10, Loss: 1.0044, Entropy: 0.6846, Epsilon: 0.327
2026-03-29 17:09:34 | INFO | Episode  273 - Reward: 11.000, Length: 11, Loss: 1.0180, Entropy: 0.6845, Epsilon: 0.324
2026-03-29 17:09:34 | INFO | Episode  274 - Reward: 11.000, Length: 11, Loss: 0.9943, Entropy: 0.6844, Epsilon: 0.322
2026-03-29 17:09:35 | INFO | Episode  275 - Reward: 13.000, Length: 13, Loss: 0.9731, Entropy: 0.6842, Epsilon: 0.319
2026-03-29 17:09:35 | INFO | Episode  276 - Reward: 10.000, Length: 10, Loss: 0.9675, Entropy: 0.6841, Epsilon: 0.317
2026-03-29 17:09:36 | INFO | Episode  277 - Reward: 13.000, Length: 13, Loss: 0.9696, Entropy: 0.6839, Epsilon: 0.314
2026-03-29 17:09:36 | INFO | Episode  278 - Reward: 8.000, Length: 8, Loss: 0.9733, Entropy: 0.6839, Epsilon: 0.312
2026-03-29 17:09:37 | INFO | Episode  279 - Reward: 11.000, Length: 11, Loss: 0.9642, Entropy: 0.6838, Epsilon: 0.309
2026-03-29 17:09:37 | INFO | Episode  280 - Reward: 9.000, Length: 9, Loss: 0.9426, Entropy: 0.6835, Epsilon: 0.307
2026-03-29 17:09:37 | INFO | Episode  281 - Reward: 10.000, Length: 10, Loss: 0.9408, Entropy: 0.6834, Epsilon: 0.305
2026-03-29 17:09:38 | INFO | Episode  282 - Reward: 11.000, Length: 11, Loss: 0.9147, Entropy: 0.6833, Epsilon: 0.302
2026-03-29 17:09:38 | INFO | Episode  283 - Reward: 10.000, Length: 10, Loss: 0.9155, Entropy: 0.6830, Epsilon: 0.300
2026-03-29 17:09:39 | INFO | Episode  284 - Reward: 11.000, Length: 11, Loss: 0.9075, Entropy: 0.6829, Epsilon: 0.297
2026-03-29 17:09:39 | INFO | Episode  285 - Reward: 18.000, Length: 18, Loss: 0.9099, Entropy: 0.6828, Epsilon: 0.295
2026-03-29 17:09:40 | INFO | Episode  286 - Reward: 10.000, Length: 10, Loss: 0.8942, Entropy: 0.6825, Epsilon: 0.292
2026-03-29 17:09:40 | INFO | Episode  287 - Reward: 15.000, Length: 15, Loss: 0.8703, Entropy: 0.6824, Epsilon: 0.290
2026-03-29 17:09:41 | INFO | Episode  288 - Reward: 14.000, Length: 14, Loss: 0.8853, Entropy: 0.6823, Epsilon: 0.287
2026-03-29 17:09:41 | INFO | Episode  289 - Reward: 11.000, Length: 11, Loss: 0.8751, Entropy: 0.6822, Epsilon: 0.285
2026-03-29 17:09:42 | INFO | Episode  290 - Reward: 13.000, Length: 13, Loss: 0.8419, Entropy: 0.6819, Epsilon: 0.282
2026-03-29 17:09:42 | INFO | Episode  291 - Reward: 12.000, Length: 12, Loss: 0.8362, Entropy: 0.6817, Epsilon: 0.280
2026-03-29 17:09:43 | INFO | Episode  292 - Reward: 12.000, Length: 12, Loss: 0.8453, Entropy: 0.6816, Epsilon: 0.277
2026-03-29 17:09:43 | INFO | Episode  293 - Reward: 9.000, Length: 9, Loss: 0.8554, Entropy: 0.6815, Epsilon: 0.275
2026-03-29 17:09:44 | INFO | Episode  294 - Reward: 9.000, Length: 9, Loss: 0.8423, Entropy: 0.6814, Epsilon: 0.272
2026-03-29 17:09:44 | INFO | Episode  295 - Reward: 10.000, Length: 10, Loss: 0.8246, Entropy: 0.6812, Epsilon: 0.270
2026-03-29 17:09:45 | INFO | Episode  296 - Reward: 18.000, Length: 18, Loss: 0.8167, Entropy: 0.6810, Epsilon: 0.267
2026-03-29 17:09:45 | INFO | Episode  297 - Reward: 16.000, Length: 16, Loss: 0.8042, Entropy: 0.6808, Epsilon: 0.265
2026-03-29 17:09:45 | INFO | Episode  298 - Reward: 10.000, Length: 10, Loss: 0.7986, Entropy: 0.6807, Epsilon: 0.262
2026-03-29 17:09:46 | INFO | Episode  299 - Reward: 8.000, Length: 8, Loss: 0.8025, Entropy: 0.6805, Epsilon: 0.260
2026-03-29 17:09:46 | INFO | Episode  300 - Reward: 12.000, Length: 12, Loss: 0.7835, Entropy: 0.6804, Epsilon: 0.258
2026-03-29 17:09:47 | INFO | [Episode  300] eps=0.258  avg_reward=  11.680  avg_length= 11.68  avg_loss=  0.9137  avg_entropy=0.6804  eval_success=0.000
2026-03-29 17:09:47 | INFO | Episode  301 - Reward: 10.000, Length: 10, Loss: 0.7857, Entropy: 0.6802, Epsilon: 0.255
2026-03-29 17:09:48 | INFO | Episode  302 - Reward: 13.000, Length: 13, Loss: 0.7778, Entropy: 0.6801, Epsilon: 0.253
2026-03-29 17:09:48 | INFO | Episode  303 - Reward: 8.000, Length: 8, Loss: 0.7686, Entropy: 0.6799, Epsilon: 0.250
2026-03-29 17:09:49 | INFO | Episode  304 - Reward: 9.000, Length: 9, Loss: 0.7564, Entropy: 0.6798, Epsilon: 0.248
2026-03-29 17:09:49 | INFO | Episode  305 - Reward: 10.000, Length: 10, Loss: 0.7487, Entropy: 0.6797, Epsilon: 0.245
2026-03-29 17:09:50 | INFO | Episode  306 - Reward: 13.000, Length: 13, Loss: 1.1698, Entropy: 0.6794, Epsilon: 0.243
2026-03-29 17:09:50 | INFO | Episode  307 - Reward: 12.000, Length: 12, Loss: 1.1755, Entropy: 0.6792, Epsilon: 0.240
2026-03-29 17:09:50 | INFO | Episode  308 - Reward: 12.000, Length: 12, Loss: 1.1530, Entropy: 0.6790, Epsilon: 0.238
2026-03-29 17:09:51 | INFO | Episode  309 - Reward: 9.000, Length: 9, Loss: 1.1390, Entropy: 0.6789, Epsilon: 0.235
2026-03-29 17:09:51 | INFO | Episode  310 - Reward: 9.000, Length: 9, Loss: 1.1160, Entropy: 0.6783, Epsilon: 0.233
2026-03-29 17:09:52 | INFO | Episode  311 - Reward: 10.000, Length: 10, Loss: 1.1060, Entropy: 0.6780, Epsilon: 0.230
2026-03-29 17:09:52 | INFO | Episode  312 - Reward: 9.000, Length: 9, Loss: 1.0809, Entropy: 0.6776, Epsilon: 0.228
2026-03-29 17:09:53 | INFO | Episode  313 - Reward: 8.000, Length: 8, Loss: 1.0858, Entropy: 0.6774, Epsilon: 0.225
2026-03-29 17:09:53 | INFO | Episode  314 - Reward: 9.000, Length: 9, Loss: 1.0773, Entropy: 0.6770, Epsilon: 0.223
2026-03-29 17:09:54 | INFO | Episode  315 - Reward: 10.000, Length: 10, Loss: 1.0647, Entropy: 0.6769, Epsilon: 0.220
2026-03-29 17:09:54 | INFO | Episode  316 - Reward: 11.000, Length: 11, Loss: 1.0704, Entropy: 0.6767, Epsilon: 0.218
2026-03-29 17:09:54 | INFO | Episode  317 - Reward: 11.000, Length: 11, Loss: 1.0405, Entropy: 0.6763, Epsilon: 0.215
2026-03-29 17:09:55 | INFO | Episode  318 - Reward: 10.000, Length: 10, Loss: 1.0313, Entropy: 0.6761, Epsilon: 0.213
2026-03-29 17:09:55 | INFO | Episode  319 - Reward: 9.000, Length: 9, Loss: 1.0230, Entropy: 0.6758, Epsilon: 0.210
2026-03-29 17:09:56 | INFO | Episode  320 - Reward: 9.000, Length: 9, Loss: 1.0127, Entropy: 0.6754, Epsilon: 0.208
2026-03-29 17:09:56 | INFO | Episode  321 - Reward: 9.000, Length: 9, Loss: 1.0155, Entropy: 0.6751, Epsilon: 0.206
2026-03-29 17:09:57 | INFO | Episode  322 - Reward: 13.000, Length: 13, Loss: 0.9905, Entropy: 0.6747, Epsilon: 0.203
2026-03-29 17:09:57 | INFO | Episode  323 - Reward: 13.000, Length: 13, Loss: 0.9999, Entropy: 0.6746, Epsilon: 0.201
2026-03-29 17:09:58 | INFO | Episode  324 - Reward: 10.000, Length: 10, Loss: 0.9670, Entropy: 0.6745, Epsilon: 0.198
2026-03-29 17:09:58 | INFO | Episode  325 - Reward: 11.000, Length: 11, Loss: 0.9520, Entropy: 0.6738, Epsilon: 0.196
2026-03-29 17:09:59 | INFO | Episode  326 - Reward: 11.000, Length: 11, Loss: 0.9609, Entropy: 0.6740, Epsilon: 0.193
2026-03-29 17:09:59 | INFO | Episode  327 - Reward: 10.000, Length: 10, Loss: 0.9463, Entropy: 0.6737, Epsilon: 0.191
2026-03-29 17:09:59 | INFO | Episode  328 - Reward: 16.000, Length: 16, Loss: 0.9401, Entropy: 0.6735, Epsilon: 0.188
2026-03-29 17:10:00 | INFO | Episode  329 - Reward: 10.000, Length: 10, Loss: 0.9564, Entropy: 0.6731, Epsilon: 0.186
2026-03-29 17:10:00 | INFO | Episode  330 - Reward: 8.000, Length: 8, Loss: 0.9024, Entropy: 0.6728, Epsilon: 0.183
2026-03-29 17:10:01 | INFO | Episode  331 - Reward: 12.000, Length: 12, Loss: 0.8970, Entropy: 0.6724, Epsilon: 0.181
2026-03-29 17:10:01 | INFO | Episode  332 - Reward: 13.000, Length: 13, Loss: 0.9076, Entropy: 0.6722, Epsilon: 0.178
2026-03-29 17:10:02 | INFO | Episode  333 - Reward: 11.000, Length: 11, Loss: 0.8724, Entropy: 0.6722, Epsilon: 0.176
2026-03-29 17:10:02 | INFO | Episode  334 - Reward: 9.000, Length: 9, Loss: 0.8815, Entropy: 0.6717, Epsilon: 0.173
2026-03-29 17:10:03 | INFO | Episode  335 - Reward: 10.000, Length: 10, Loss: 0.8723, Entropy: 0.6716, Epsilon: 0.171
2026-03-29 17:10:03 | INFO | Episode  336 - Reward: 14.000, Length: 14, Loss: 0.8578, Entropy: 0.6712, Epsilon: 0.168
2026-03-29 17:10:03 | INFO | Episode  337 - Reward: 10.000, Length: 10, Loss: 0.8502, Entropy: 0.6710, Epsilon: 0.166
2026-03-29 17:10:04 | INFO | Episode  338 - Reward: 12.000, Length: 12, Loss: 0.8312, Entropy: 0.6709, Epsilon: 0.163
2026-03-29 17:10:04 | INFO | Episode  339 - Reward: 14.000, Length: 14, Loss: 0.8260, Entropy: 0.6706, Epsilon: 0.161
2026-03-29 17:10:05 | INFO | Episode  340 - Reward: 10.000, Length: 10, Loss: 0.8123, Entropy: 0.6699, Epsilon: 0.158
2026-03-29 17:10:05 | INFO | Episode  341 - Reward: 11.000, Length: 11, Loss: 0.8121, Entropy: 0.6700, Epsilon: 0.156
2026-03-29 17:10:06 | INFO | Episode  342 - Reward: 9.000, Length: 9, Loss: 0.8043, Entropy: 0.6695, Epsilon: 0.154
2026-03-29 17:10:06 | INFO | Episode  343 - Reward: 10.000, Length: 10, Loss: 0.7739, Entropy: 0.6690, Epsilon: 0.151
2026-03-29 17:10:07 | INFO | Episode  344 - Reward: 10.000, Length: 10, Loss: 0.7820, Entropy: 0.6693, Epsilon: 0.149
2026-03-29 17:10:07 | INFO | Episode  345 - Reward: 10.000, Length: 10, Loss: 0.7884, Entropy: 0.6691, Epsilon: 0.146
2026-03-29 17:10:07 | INFO | Episode  346 - Reward: 8.000, Length: 8, Loss: 0.7632, Entropy: 0.6683, Epsilon: 0.144
2026-03-29 17:10:08 | INFO | Episode  347 - Reward: 9.000, Length: 9, Loss: 0.7676, Entropy: 0.6685, Epsilon: 0.141
2026-03-29 17:10:08 | INFO | Episode  348 - Reward: 11.000, Length: 11, Loss: 0.7421, Entropy: 0.6680, Epsilon: 0.139
2026-03-29 17:10:09 | INFO | Episode  349 - Reward: 10.000, Length: 10, Loss: 0.7525, Entropy: 0.6680, Epsilon: 0.136
2026-03-29 17:10:09 | INFO | Episode  350 - Reward: 13.000, Length: 13, Loss: 0.7347, Entropy: 0.6674, Epsilon: 0.134
2026-03-29 17:10:10 | INFO | [Episode  350] eps=0.134  avg_reward=  10.560  avg_length= 10.56  avg_loss=  0.9229  avg_entropy=0.6674  eval_success=0.000
2026-03-29 17:10:10 | INFO | Episode  351 - Reward: 10.000, Length: 10, Loss: 0.7503, Entropy: 0.6675, Epsilon: 0.131
2026-03-29 17:10:11 | INFO | Episode  352 - Reward: 9.000, Length: 9, Loss: 0.7231, Entropy: 0.6671, Epsilon: 0.129
2026-03-29 17:10:11 | INFO | Episode  353 - Reward: 10.000, Length: 10, Loss: 0.7111, Entropy: 0.6672, Epsilon: 0.126
2026-03-29 17:10:12 | INFO | Episode  354 - Reward: 10.000, Length: 10, Loss: 1.2898, Entropy: 0.6670, Epsilon: 0.124
2026-03-29 17:10:12 | INFO | Episode  355 - Reward: 10.000, Length: 10, Loss: 1.2890, Entropy: 0.6665, Epsilon: 0.121
2026-03-29 17:10:13 | INFO | Episode  356 - Reward: 10.000, Length: 10, Loss: 1.2648, Entropy: 0.6660, Epsilon: 0.119
2026-03-29 17:10:13 | INFO | Episode  357 - Reward: 8.000, Length: 8, Loss: 1.2634, Entropy: 0.6653, Epsilon: 0.116
2026-03-29 17:10:14 | INFO | Episode  358 - Reward: 13.000, Length: 13, Loss: 1.2320, Entropy: 0.6654, Epsilon: 0.114
2026-03-29 17:10:14 | INFO | Episode  359 - Reward: 13.000, Length: 13, Loss: 1.2202, Entropy: 0.6645, Epsilon: 0.111
2026-03-29 17:10:15 | INFO | Episode  360 - Reward: 9.000, Length: 9, Loss: 1.2267, Entropy: 0.6645, Epsilon: 0.109
2026-03-29 17:10:15 | INFO | Episode  361 - Reward: 10.000, Length: 10, Loss: 1.1726, Entropy: 0.6635, Epsilon: 0.107
2026-03-29 17:10:16 | INFO | Episode  362 - Reward: 9.000, Length: 9, Loss: 1.1671, Entropy: 0.6630, Epsilon: 0.104
2026-03-29 17:10:16 | INFO | Episode  363 - Reward: 16.000, Length: 16, Loss: 1.1831, Entropy: 0.6628, Epsilon: 0.102
2026-03-29 17:10:17 | INFO | Episode  364 - Reward: 9.000, Length: 9, Loss: 1.1608, Entropy: 0.6624, Epsilon: 0.099
2026-03-29 17:10:17 | INFO | Episode  365 - Reward: 10.000, Length: 10, Loss: 1.1182, Entropy: 0.6618, Epsilon: 0.097
2026-03-29 17:10:18 | INFO | Episode  366 - Reward: 10.000, Length: 10, Loss: 1.1309, Entropy: 0.6617, Epsilon: 0.094
2026-03-29 17:10:18 | INFO | Episode  367 - Reward: 9.000, Length: 9, Loss: 1.0917, Entropy: 0.6610, Epsilon: 0.092
2026-03-29 17:10:19 | INFO | Episode  368 - Reward: 9.000, Length: 9, Loss: 1.0903, Entropy: 0.6609, Epsilon: 0.089
2026-03-29 17:10:19 | INFO | Episode  369 - Reward: 9.000, Length: 9, Loss: 1.0994, Entropy: 0.6600, Epsilon: 0.087
2026-03-29 17:10:19 | INFO | Episode  370 - Reward: 9.000, Length: 9, Loss: 1.0479, Entropy: 0.6593, Epsilon: 0.084
2026-03-29 17:10:20 | INFO | Episode  371 - Reward: 10.000, Length: 10, Loss: 1.0438, Entropy: 0.6596, Epsilon: 0.082
2026-03-29 17:10:20 | INFO | Episode  372 - Reward: 9.000, Length: 9, Loss: 1.0405, Entropy: 0.6587, Epsilon: 0.079
2026-03-29 17:10:21 | INFO | Episode  373 - Reward: 10.000, Length: 10, Loss: 1.0414, Entropy: 0.6591, Epsilon: 0.077
2026-03-29 17:10:21 | INFO | Episode  374 - Reward: 10.000, Length: 10, Loss: 1.0267, Entropy: 0.6580, Epsilon: 0.074
2026-03-29 17:10:22 | INFO | Episode  375 - Reward: 10.000, Length: 10, Loss: 1.0021, Entropy: 0.6581, Epsilon: 0.072
2026-03-29 17:10:22 | INFO | Episode  376 - Reward: 11.000, Length: 11, Loss: 0.9585, Entropy: 0.6574, Epsilon: 0.069
2026-03-29 17:10:23 | INFO | Episode  377 - Reward: 9.000, Length: 9, Loss: 0.9782, Entropy: 0.6566, Epsilon: 0.067
2026-03-29 17:10:23 | INFO | Episode  378 - Reward: 9.000, Length: 9, Loss: 0.9706, Entropy: 0.6565, Epsilon: 0.064
2026-03-29 17:10:23 | INFO | Episode  379 - Reward: 9.000, Length: 9, Loss: 0.9137, Entropy: 0.6555, Epsilon: 0.062
2026-03-29 17:10:24 | INFO | Episode  380 - Reward: 11.000, Length: 11, Loss: 0.9313, Entropy: 0.6554, Epsilon: 0.059
2026-03-29 17:10:24 | INFO | Episode  381 - Reward: 10.000, Length: 10, Loss: 0.9210, Entropy: 0.6541, Epsilon: 0.057
2026-03-29 17:10:25 | INFO | Episode  382 - Reward: 8.000, Length: 8, Loss: 0.9279, Entropy: 0.6544, Epsilon: 0.055
2026-03-29 17:10:25 | INFO | Episode  383 - Reward: 8.000, Length: 8, Loss: 0.9118, Entropy: 0.6540, Epsilon: 0.052
2026-03-29 17:10:26 | INFO | Episode  384 - Reward: 10.000, Length: 10, Loss: 0.8771, Entropy: 0.6544, Epsilon: 0.050
2026-03-29 17:10:26 | INFO | Episode  385 - Reward: 8.000, Length: 8, Loss: 0.8814, Entropy: 0.6533, Epsilon: 0.047
2026-03-29 17:10:27 | INFO | Episode  386 - Reward: 9.000, Length: 9, Loss: 0.8796, Entropy: 0.6531, Epsilon: 0.045
2026-03-29 17:10:27 | INFO | Episode  387 - Reward: 9.000, Length: 9, Loss: 0.8367, Entropy: 0.6524, Epsilon: 0.042
2026-03-29 17:10:28 | INFO | Episode  388 - Reward: 10.000, Length: 10, Loss: 0.8432, Entropy: 0.6523, Epsilon: 0.040
2026-03-29 17:10:28 | INFO | Episode  389 - Reward: 10.000, Length: 10, Loss: 0.8446, Entropy: 0.6518, Epsilon: 0.037
2026-03-29 17:10:29 | INFO | Episode  390 - Reward: 8.000, Length: 8, Loss: 0.8399, Entropy: 0.6514, Epsilon: 0.035
2026-03-29 17:10:29 | INFO | Episode  391 - Reward: 9.000, Length: 9, Loss: 0.8334, Entropy: 0.6519, Epsilon: 0.032
2026-03-29 17:10:29 | INFO | Episode  392 - Reward: 10.000, Length: 10, Loss: 0.8320, Entropy: 0.6513, Epsilon: 0.030
2026-03-29 17:10:30 | INFO | Episode  393 - Reward: 9.000, Length: 9, Loss: 0.7941, Entropy: 0.6507, Epsilon: 0.027
2026-03-29 17:10:30 | INFO | Episode  394 - Reward: 10.000, Length: 10, Loss: 0.7961, Entropy: 0.6504, Epsilon: 0.025
2026-03-29 17:10:31 | INFO | Episode  395 - Reward: 9.000, Length: 9, Loss: 0.7872, Entropy: 0.6506, Epsilon: 0.022
2026-03-29 17:10:31 | INFO | Episode  396 - Reward: 10.000, Length: 10, Loss: 0.7750, Entropy: 0.6494, Epsilon: 0.020
2026-03-29 17:10:32 | INFO | Episode  397 - Reward: 10.000, Length: 10, Loss: 0.7690, Entropy: 0.6495, Epsilon: 0.017
2026-03-29 17:10:32 | INFO | Episode  398 - Reward: 9.000, Length: 9, Loss: 0.7553, Entropy: 0.6495, Epsilon: 0.015
2026-03-29 17:10:33 | INFO | Episode  399 - Reward: 10.000, Length: 10, Loss: 0.7476, Entropy: 0.6490, Epsilon: 0.012
2026-03-29 17:10:33 | INFO | Episode  400 - Reward: 10.000, Length: 10, Loss: 0.7337, Entropy: 0.6486, Epsilon: 0.010
2026-03-29 17:10:33 | INFO | [Episode  400] eps=0.010  avg_reward=   9.720  avg_length=  9.72  avg_loss=  0.9745  avg_entropy=0.6486  eval_success=0.000
2026-03-29 17:10:34 | INFO | Episode  401 - Reward: 10.000, Length: 10, Loss: 0.7129, Entropy: 0.6483, Epsilon: 0.010
2026-03-29 17:10:34 | INFO | Episode  402 - Reward: 9.000, Length: 9, Loss: 0.7301, Entropy: 0.6483, Epsilon: 0.010
2026-03-29 17:10:35 | INFO | Episode  403 - Reward: 9.000, Length: 9, Loss: 0.7355, Entropy: 0.6473, Epsilon: 0.010
2026-03-29 17:10:35 | INFO | Episode  404 - Reward: 9.000, Length: 9, Loss: 0.7098, Entropy: 0.6475, Epsilon: 0.010
2026-03-29 17:10:36 | INFO | Episode  405 - Reward: 10.000, Length: 10, Loss: 1.5044, Entropy: 0.6458, Epsilon: 0.010
2026-03-29 17:10:36 | INFO | Episode  406 - Reward: 10.000, Length: 10, Loss: 1.4516, Entropy: 0.6459, Epsilon: 0.010
2026-03-29 17:10:37 | INFO | Episode  407 - Reward: 10.000, Length: 10, Loss: 1.4508, Entropy: 0.6461, Epsilon: 0.010
2026-03-29 17:10:37 | INFO | Episode  408 - Reward: 9.000, Length: 9, Loss: 1.4225, Entropy: 0.6446, Epsilon: 0.010
2026-03-29 17:10:38 | INFO | Episode  409 - Reward: 8.000, Length: 8, Loss: 1.4102, Entropy: 0.6438, Epsilon: 0.010
2026-03-29 17:10:38 | INFO | Episode  410 - Reward: 8.000, Length: 8, Loss: 1.3909, Entropy: 0.6433, Epsilon: 0.010
2026-03-29 17:10:39 | INFO | Episode  411 - Reward: 10.000, Length: 10, Loss: 1.3923, Entropy: 0.6427, Epsilon: 0.010
2026-03-29 17:10:39 | INFO | Episode  412 - Reward: 8.000, Length: 8, Loss: 1.3395, Entropy: 0.6417, Epsilon: 0.010
2026-03-29 17:10:39 | INFO | Episode  413 - Reward: 10.000, Length: 10, Loss: 1.3192, Entropy: 0.6411, Epsilon: 0.010
2026-03-29 17:10:40 | INFO | Episode  414 - Reward: 9.000, Length: 9, Loss: 1.3174, Entropy: 0.6398, Epsilon: 0.010
2026-03-29 17:10:40 | INFO | Episode  415 - Reward: 10.000, Length: 10, Loss: 1.2916, Entropy: 0.6399, Epsilon: 0.010
2026-03-29 17:10:41 | INFO | Episode  416 - Reward: 9.000, Length: 9, Loss: 1.2300, Entropy: 0.6389, Epsilon: 0.010
2026-03-29 17:10:41 | INFO | Episode  417 - Reward: 10.000, Length: 10, Loss: 1.2507, Entropy: 0.6376, Epsilon: 0.010
2026-03-29 17:10:42 | INFO | Episode  418 - Reward: 10.000, Length: 10, Loss: 1.2474, Entropy: 0.6372, Epsilon: 0.010
2026-03-29 17:10:42 | INFO | Episode  419 - Reward: 9.000, Length: 9, Loss: 1.2326, Entropy: 0.6378, Epsilon: 0.010
2026-03-29 17:10:43 | INFO | Episode  420 - Reward: 10.000, Length: 10, Loss: 1.2096, Entropy: 0.6352, Epsilon: 0.010
2026-03-29 17:10:43 | INFO | Episode  421 - Reward: 9.000, Length: 9, Loss: 1.1771, Entropy: 0.6358, Epsilon: 0.010
2026-03-29 17:10:44 | INFO | Episode  422 - Reward: 9.000, Length: 9, Loss: 1.1706, Entropy: 0.6352, Epsilon: 0.010
2026-03-29 17:10:44 | INFO | Episode  423 - Reward: 8.000, Length: 8, Loss: 1.1394, Entropy: 0.6343, Epsilon: 0.010
2026-03-29 17:10:45 | INFO | Episode  424 - Reward: 9.000, Length: 9, Loss: 1.1922, Entropy: 0.6324, Epsilon: 0.010
2026-03-29 17:10:45 | INFO | Episode  425 - Reward: 10.000, Length: 10, Loss: 1.0739, Entropy: 0.6331, Epsilon: 0.010
2026-03-29 17:10:46 | INFO | Episode  426 - Reward: 9.000, Length: 9, Loss: 1.1208, Entropy: 0.6310, Epsilon: 0.010
2026-03-29 17:10:46 | INFO | Episode  427 - Reward: 10.000, Length: 10, Loss: 1.0800, Entropy: 0.6322, Epsilon: 0.010
2026-03-29 17:10:46 | INFO | Episode  428 - Reward: 12.000, Length: 12, Loss: 1.0887, Entropy: 0.6313, Epsilon: 0.010
2026-03-29 17:10:47 | INFO | Episode  429 - Reward: 10.000, Length: 10, Loss: 1.1038, Entropy: 0.6314, Epsilon: 0.010
2026-03-29 17:10:47 | INFO | Episode  430 - Reward: 9.000, Length: 9, Loss: 1.0663, Entropy: 0.6311, Epsilon: 0.010
2026-03-29 17:10:48 | INFO | Episode  431 - Reward: 9.000, Length: 9, Loss: 1.0042, Entropy: 0.6305, Epsilon: 0.010
2026-03-29 17:10:48 | INFO | Episode  432 - Reward: 9.000, Length: 9, Loss: 1.0281, Entropy: 0.6290, Epsilon: 0.010
2026-03-29 17:10:49 | INFO | Episode  433 - Reward: 10.000, Length: 10, Loss: 1.0048, Entropy: 0.6294, Epsilon: 0.010
2026-03-29 17:10:49 | INFO | Episode  434 - Reward: 9.000, Length: 9, Loss: 1.0179, Entropy: 0.6281, Epsilon: 0.010
2026-03-29 17:10:50 | INFO | Episode  435 - Reward: 10.000, Length: 10, Loss: 1.0149, Entropy: 0.6273, Epsilon: 0.010
2026-03-29 17:10:50 | INFO | Episode  436 - Reward: 10.000, Length: 10, Loss: 0.9483, Entropy: 0.6278, Epsilon: 0.010
2026-03-29 17:10:51 | INFO | Episode  437 - Reward: 9.000, Length: 9, Loss: 0.9578, Entropy: 0.6262, Epsilon: 0.010
2026-03-29 17:10:51 | INFO | Episode  438 - Reward: 10.000, Length: 10, Loss: 0.9304, Entropy: 0.6273, Epsilon: 0.010
2026-03-29 17:10:52 | INFO | Episode  439 - Reward: 10.000, Length: 10, Loss: 0.9767, Entropy: 0.6268, Epsilon: 0.010
2026-03-29 17:10:52 | INFO | Episode  440 - Reward: 9.000, Length: 9, Loss: 0.9128, Entropy: 0.6265, Epsilon: 0.010
2026-03-29 17:10:53 | INFO | Episode  441 - Reward: 8.000, Length: 8, Loss: 0.9330, Entropy: 0.6247, Epsilon: 0.010
2026-03-29 17:10:53 | INFO | Episode  442 - Reward: 9.000, Length: 9, Loss: 0.8661, Entropy: 0.6251, Epsilon: 0.010
2026-03-29 17:10:53 | INFO | Episode  443 - Reward: 10.000, Length: 10, Loss: 0.9289, Entropy: 0.6249, Epsilon: 0.010
2026-03-29 17:10:54 | INFO | Episode  444 - Reward: 10.000, Length: 10, Loss: 0.8680, Entropy: 0.6261, Epsilon: 0.010
2026-03-29 17:10:54 | INFO | Episode  445 - Reward: 10.000, Length: 10, Loss: 0.8591, Entropy: 0.6236, Epsilon: 0.010
2026-03-29 17:10:55 | INFO | Episode  446 - Reward: 12.000, Length: 12, Loss: 0.9049, Entropy: 0.6240, Epsilon: 0.010
2026-03-29 17:10:56 | INFO | Episode  447 - Reward: 10.000, Length: 10, Loss: 0.9079, Entropy: 0.6250, Epsilon: 0.010
2026-03-29 17:10:56 | INFO | Episode  448 - Reward: 10.000, Length: 10, Loss: 0.9067, Entropy: 0.6249, Epsilon: 0.010
2026-03-29 17:10:57 | INFO | Episode  449 - Reward: 8.000, Length: 8, Loss: 0.8688, Entropy: 0.6237, Epsilon: 0.010
2026-03-29 17:10:57 | INFO | Episode  450 - Reward: 9.000, Length: 9, Loss: 0.8977, Entropy: 0.6240, Epsilon: 0.010
2026-03-29 17:10:58 | INFO | [Episode  450] eps=0.010  avg_reward=   9.460  avg_length=  9.46  avg_loss=  1.0860  avg_entropy=0.6240  eval_success=0.000
2026-03-29 17:10:58 | INFO | Episode  451 - Reward: 8.000, Length: 8, Loss: 0.8883, Entropy: 0.6228, Epsilon: 0.010
2026-03-29 17:10:58 | INFO | Episode  452 - Reward: 10.000, Length: 10, Loss: 0.8490, Entropy: 0.6234, Epsilon: 0.010
2026-03-29 17:10:59 | INFO | Episode  453 - Reward: 10.000, Length: 10, Loss: 0.7633, Entropy: 0.6241, Epsilon: 0.010
2026-03-29 17:10:59 | INFO | Episode  454 - Reward: 10.000, Length: 10, Loss: 0.7893, Entropy: 0.6228, Epsilon: 0.010
2026-03-29 17:11:00 | INFO | Episode  455 - Reward: 12.000, Length: 12, Loss: 0.8309, Entropy: 0.6216, Epsilon: 0.010
2026-03-29 17:11:00 | INFO | Episode  456 - Reward: 8.000, Length: 8, Loss: 0.8444, Entropy: 0.6232, Epsilon: 0.010
2026-03-29 17:11:01 | INFO | Episode  457 - Reward: 8.000, Length: 8, Loss: 0.8087, Entropy: 0.6251, Epsilon: 0.010
2026-03-29 17:11:01 | INFO | Episode  458 - Reward: 9.000, Length: 9, Loss: 1.7164, Entropy: 0.6222, Epsilon: 0.010
2026-03-29 17:11:02 | INFO | Episode  459 - Reward: 8.000, Length: 8, Loss: 1.6934, Entropy: 0.6215, Epsilon: 0.010
2026-03-29 17:11:02 | INFO | Episode  460 - Reward: 9.000, Length: 9, Loss: 1.6984, Entropy: 0.6187, Epsilon: 0.010
2026-03-29 17:11:03 | INFO | Episode  461 - Reward: 9.000, Length: 9, Loss: 1.6718, Entropy: 0.6186, Epsilon: 0.010
2026-03-29 17:11:03 | INFO | Episode  462 - Reward: 11.000, Length: 11, Loss: 1.7264, Entropy: 0.6154, Epsilon: 0.010
2026-03-29 17:11:04 | INFO | Episode  463 - Reward: 9.000, Length: 9, Loss: 1.6316, Entropy: 0.6172, Epsilon: 0.010
2026-03-29 17:11:04 | INFO | Episode  464 - Reward: 10.000, Length: 10, Loss: 1.5676, Entropy: 0.6151, Epsilon: 0.010
2026-03-29 17:11:05 | INFO | Episode  465 - Reward: 10.000, Length: 10, Loss: 1.6415, Entropy: 0.6133, Epsilon: 0.010
2026-03-29 17:11:05 | INFO | Episode  466 - Reward: 10.000, Length: 10, Loss: 1.4854, Entropy: 0.6139, Epsilon: 0.010
2026-03-29 17:11:06 | INFO | Episode  467 - Reward: 9.000, Length: 9, Loss: 1.4800, Entropy: 0.6119, Epsilon: 0.010
2026-03-29 17:11:06 | INFO | Episode  468 - Reward: 11.000, Length: 11, Loss: 1.4915, Entropy: 0.6107, Epsilon: 0.010
2026-03-29 17:11:06 | INFO | Episode  469 - Reward: 8.000, Length: 8, Loss: 1.4136, Entropy: 0.6086, Epsilon: 0.010
2026-03-29 17:11:07 | INFO | Episode  470 - Reward: 8.000, Length: 8, Loss: 1.4178, Entropy: 0.6090, Epsilon: 0.010
2026-03-29 17:11:07 | INFO | Episode  471 - Reward: 9.000, Length: 9, Loss: 1.3819, Entropy: 0.6096, Epsilon: 0.010
2026-03-29 17:11:08 | INFO | Episode  472 - Reward: 10.000, Length: 10, Loss: 1.4696, Entropy: 0.6064, Epsilon: 0.010
2026-03-29 17:11:08 | INFO | Episode  473 - Reward: 10.000, Length: 10, Loss: 1.4232, Entropy: 0.6052, Epsilon: 0.010
2026-03-29 17:11:09 | INFO | Episode  474 - Reward: 10.000, Length: 10, Loss: 1.3621, Entropy: 0.6060, Epsilon: 0.010
2026-03-29 17:11:09 | INFO | Episode  475 - Reward: 9.000, Length: 9, Loss: 1.4153, Entropy: 0.6048, Epsilon: 0.010
2026-03-29 17:11:10 | INFO | Episode  476 - Reward: 9.000, Length: 9, Loss: 1.3084, Entropy: 0.6037, Epsilon: 0.010
2026-03-29 17:11:10 | INFO | Episode  477 - Reward: 10.000, Length: 10, Loss: 1.2664, Entropy: 0.6038, Epsilon: 0.010
2026-03-29 17:11:11 | INFO | Episode  478 - Reward: 9.000, Length: 9, Loss: 1.3044, Entropy: 0.6033, Epsilon: 0.010
2026-03-29 17:11:11 | INFO | Episode  479 - Reward: 10.000, Length: 10, Loss: 1.3163, Entropy: 0.6026, Epsilon: 0.010
2026-03-29 17:11:12 | INFO | Episode  480 - Reward: 10.000, Length: 10, Loss: 1.3019, Entropy: 0.6040, Epsilon: 0.010
2026-03-29 17:11:12 | INFO | Episode  481 - Reward: 8.000, Length: 8, Loss: 1.2998, Entropy: 0.5998, Epsilon: 0.010
2026-03-29 17:11:13 | INFO | Episode  482 - Reward: 10.000, Length: 10, Loss: 1.3890, Entropy: 0.6027, Epsilon: 0.010
2026-03-29 17:11:13 | INFO | Episode  483 - Reward: 9.000, Length: 9, Loss: 1.2730, Entropy: 0.6006, Epsilon: 0.010
2026-03-29 17:11:14 | INFO | Episode  484 - Reward: 9.000, Length: 9, Loss: 1.2316, Entropy: 0.6005, Epsilon: 0.010
2026-03-29 17:11:14 | INFO | Episode  485 - Reward: 9.000, Length: 9, Loss: 1.1391, Entropy: 0.6018, Epsilon: 0.010
2026-03-29 17:11:14 | INFO | Episode  486 - Reward: 9.000, Length: 9, Loss: 1.1963, Entropy: 0.5990, Epsilon: 0.010
2026-03-29 17:11:15 | INFO | Episode  487 - Reward: 8.000, Length: 8, Loss: 1.2349, Entropy: 0.6002, Epsilon: 0.010
2026-03-29 17:11:15 | INFO | Episode  488 - Reward: 10.000, Length: 10, Loss: 1.1317, Entropy: 0.5997, Epsilon: 0.010
2026-03-29 17:11:16 | INFO | Episode  489 - Reward: 9.000, Length: 9, Loss: 1.2258, Entropy: 0.5982, Epsilon: 0.010
2026-03-29 17:11:16 | INFO | Episode  490 - Reward: 9.000, Length: 9, Loss: 1.1292, Entropy: 0.5999, Epsilon: 0.010
2026-03-29 17:11:17 | INFO | Episode  491 - Reward: 9.000, Length: 9, Loss: 1.2255, Entropy: 0.5998, Epsilon: 0.010
2026-03-29 17:11:17 | INFO | Episode  492 - Reward: 8.000, Length: 8, Loss: 1.2031, Entropy: 0.5981, Epsilon: 0.010
2026-03-29 17:11:18 | INFO | Episode  493 - Reward: 9.000, Length: 9, Loss: 1.1620, Entropy: 0.5977, Epsilon: 0.010
2026-03-29 17:11:18 | INFO | Episode  494 - Reward: 9.000, Length: 9, Loss: 1.2455, Entropy: 0.5982, Epsilon: 0.010
2026-03-29 17:11:19 | INFO | Episode  495 - Reward: 10.000, Length: 10, Loss: 1.0841, Entropy: 0.5999, Epsilon: 0.010
2026-03-29 17:11:19 | INFO | Episode  496 - Reward: 8.000, Length: 8, Loss: 1.2053, Entropy: 0.5989, Epsilon: 0.010
2026-03-29 17:11:20 | INFO | Episode  497 - Reward: 9.000, Length: 9, Loss: 1.0773, Entropy: 0.5989, Epsilon: 0.010
2026-03-29 17:11:20 | INFO | Episode  498 - Reward: 10.000, Length: 10, Loss: 1.0842, Entropy: 0.5998, Epsilon: 0.010
2026-03-29 17:11:20 | INFO | Episode  499 - Reward: 8.000, Length: 8, Loss: 1.1872, Entropy: 0.5986, Epsilon: 0.010
2026-03-29 17:11:21 | INFO | Episode  500 - Reward: 8.000, Length: 8, Loss: 1.0806, Entropy: 0.6005, Epsilon: 0.010
2026-03-29 17:11:21 | INFO | [Episode  500] eps=0.010  avg_reward=   9.220  avg_length=  9.22  avg_loss=  1.2753  avg_entropy=0.6005  eval_success=0.000
2026-03-29 17:11:21 | INFO | DQN+Entropy training: 4m 10.58s
2026-03-29 17:11:23 | INFO | [Final Eval] success=0.000, mean_reward=9.370
