2026-03-29 22:53:47 | INFO | ============================================================
2026-03-29 22:53:47 | INFO | DEVICE / COMPUTE INFORMATION
2026-03-29 22:53:47 | INFO |   JAX backend       : CPU
2026-03-29 22:53:47 | INFO |   Platform          : cpu
2026-03-29 22:53:47 | INFO |   Num devices       : 1
2026-03-29 22:53:47 | INFO |   Device            : TFRT_CPU_0
2026-03-29 22:53:47 | INFO | ============================================================
2026-03-29 22:53:47 | INFO | DQN+Entropy | seed=5, lr=0.0005, gamma=0.95, alpha=0.05
2026-03-29 22:53:47 | INFO | Env: mountaincar/dense, obs_dim=2, num_actions=3
2026-03-29 22:53:48 | INFO | Episode    1 - Reward: -200.000, Length: 200, Loss: 0.0000, Entropy: 0.0000, Epsilon: 0.998
2026-03-29 22:53:49 | INFO | Episode    2 - Reward: -200.000, Length: 200, Loss: 0.9324, Entropy: 1.0986, Epsilon: 0.995
2026-03-29 22:53:49 | INFO | Episode    3 - Reward: -200.000, Length: 200, Loss: 0.9282, Entropy: 1.0986, Epsilon: 0.993
2026-03-29 22:53:50 | INFO | Episode    4 - Reward: -200.000, Length: 200, Loss: 0.9333, Entropy: 1.0986, Epsilon: 0.990
2026-03-29 22:53:50 | INFO | Episode    5 - Reward: -200.000, Length: 200, Loss: 0.9290, Entropy: 1.0986, Epsilon: 0.988
2026-03-29 22:53:51 | INFO | Episode    6 - Reward: -200.000, Length: 200, Loss: 0.9334, Entropy: 1.0986, Epsilon: 0.985
2026-03-29 22:53:51 | INFO | Episode    7 - Reward: -200.000, Length: 200, Loss: 0.9299, Entropy: 1.0986, Epsilon: 0.983
2026-03-29 22:53:52 | INFO | Episode    8 - Reward: -200.000, Length: 200, Loss: 0.9256, Entropy: 1.0986, Epsilon: 0.980
2026-03-29 22:53:52 | INFO | Episode    9 - Reward: -200.000, Length: 200, Loss: 0.9342, Entropy: 1.0986, Epsilon: 0.978
2026-03-29 22:53:53 | INFO | Episode   10 - Reward: -200.000, Length: 200, Loss: 0.9312, Entropy: 1.0986, Epsilon: 0.975
2026-03-29 22:53:53 | INFO | Episode   11 - Reward: -200.000, Length: 200, Loss: 0.9356, Entropy: 1.0986, Epsilon: 0.973
2026-03-29 22:53:54 | INFO | Episode   12 - Reward: -200.000, Length: 200, Loss: 0.9311, Entropy: 1.0986, Epsilon: 0.970
2026-03-29 22:53:54 | INFO | Episode   13 - Reward: -200.000, Length: 200, Loss: 0.9278, Entropy: 1.0986, Epsilon: 0.968
2026-03-29 22:53:55 | INFO | Episode   14 - Reward: -200.000, Length: 200, Loss: 0.9366, Entropy: 1.0986, Epsilon: 0.965
2026-03-29 22:53:55 | INFO | Episode   15 - Reward: -200.000, Length: 200, Loss: 0.9325, Entropy: 1.0986, Epsilon: 0.963
2026-03-29 22:53:56 | INFO | Episode   16 - Reward: -200.000, Length: 200, Loss: 0.9370, Entropy: 1.0986, Epsilon: 0.960
2026-03-29 22:53:56 | INFO | Episode   17 - Reward: -200.000, Length: 200, Loss: 0.9334, Entropy: 1.0986, Epsilon: 0.958
2026-03-29 22:53:56 | INFO | Episode   18 - Reward: -200.000, Length: 200, Loss: 0.9294, Entropy: 1.0986, Epsilon: 0.955
2026-03-29 22:53:57 | INFO | Episode   19 - Reward: -200.000, Length: 200, Loss: 0.9369, Entropy: 1.0986, Epsilon: 0.953
2026-03-29 22:53:57 | INFO | Episode   20 - Reward: -200.000, Length: 200, Loss: 0.9332, Entropy: 1.0986, Epsilon: 0.951
2026-03-29 22:53:58 | INFO | Episode   21 - Reward: -200.000, Length: 200, Loss: 0.9367, Entropy: 1.0986, Epsilon: 0.948
2026-03-29 22:53:58 | INFO | Episode   22 - Reward: -200.000, Length: 200, Loss: 0.9330, Entropy: 1.0986, Epsilon: 0.946
2026-03-29 22:53:59 | INFO | Episode   23 - Reward: -200.000, Length: 200, Loss: 0.9293, Entropy: 1.0986, Epsilon: 0.943
2026-03-29 22:53:59 | INFO | Episode   24 - Reward: -200.000, Length: 200, Loss: 0.9362, Entropy: 1.0986, Epsilon: 0.941
2026-03-29 22:54:00 | INFO | Episode   25 - Reward: -200.000, Length: 200, Loss: 0.9327, Entropy: 1.0986, Epsilon: 0.938
2026-03-29 22:54:00 | INFO | Episode   26 - Reward: -200.000, Length: 200, Loss: 0.9357, Entropy: 1.0986, Epsilon: 0.936
2026-03-29 22:54:01 | INFO | Episode   27 - Reward: -200.000, Length: 200, Loss: 0.9322, Entropy: 1.0986, Epsilon: 0.933
2026-03-29 22:54:01 | INFO | Episode   28 - Reward: -200.000, Length: 200, Loss: 0.9288, Entropy: 1.0986, Epsilon: 0.931
2026-03-29 22:54:02 | INFO | Episode   29 - Reward: -200.000, Length: 200, Loss: 0.9351, Entropy: 1.0986, Epsilon: 0.928
2026-03-29 22:54:02 | INFO | Episode   30 - Reward: -200.000, Length: 200, Loss: 0.9314, Entropy: 1.0986, Epsilon: 0.926
2026-03-29 22:54:03 | INFO | Episode   31 - Reward: -200.000, Length: 200, Loss: 0.9341, Entropy: 1.0986, Epsilon: 0.923
2026-03-29 22:54:03 | INFO | Episode   32 - Reward: -200.000, Length: 200, Loss: 0.9306, Entropy: 1.0986, Epsilon: 0.921
2026-03-29 22:54:04 | INFO | Episode   33 - Reward: -200.000, Length: 200, Loss: 0.9265, Entropy: 1.0986, Epsilon: 0.918
2026-03-29 22:54:04 | INFO | Episode   34 - Reward: -200.000, Length: 200, Loss: 0.9330, Entropy: 1.0986, Epsilon: 0.916
2026-03-29 22:54:04 | INFO | Episode   35 - Reward: -200.000, Length: 200, Loss: 0.9293, Entropy: 1.0986, Epsilon: 0.913
2026-03-29 22:54:05 | INFO | Episode   36 - Reward: -200.000, Length: 200, Loss: 0.9319, Entropy: 1.0986, Epsilon: 0.911
2026-03-29 22:54:05 | INFO | Episode   37 - Reward: -200.000, Length: 200, Loss: 0.9281, Entropy: 1.0986, Epsilon: 0.908
2026-03-29 22:54:06 | INFO | Episode   38 - Reward: -200.000, Length: 200, Loss: 0.9238, Entropy: 1.0986, Epsilon: 0.906
2026-03-29 22:54:06 | INFO | Episode   39 - Reward: -200.000, Length: 200, Loss: 0.9304, Entropy: 1.0986, Epsilon: 0.903
2026-03-29 22:54:07 | INFO | Episode   40 - Reward: -200.000, Length: 200, Loss: 0.9267, Entropy: 1.0986, Epsilon: 0.901
2026-03-29 22:54:07 | INFO | Episode   41 - Reward: -200.000, Length: 200, Loss: 0.9293, Entropy: 1.0986, Epsilon: 0.899
2026-03-29 22:54:08 | INFO | Episode   42 - Reward: -200.000, Length: 200, Loss: 0.9251, Entropy: 1.0986, Epsilon: 0.896
2026-03-29 22:54:08 | INFO | Episode   43 - Reward: -200.000, Length: 200, Loss: 0.9220, Entropy: 1.0986, Epsilon: 0.894
2026-03-29 22:54:09 | INFO | Episode   44 - Reward: -200.000, Length: 200, Loss: 0.9280, Entropy: 1.0986, Epsilon: 0.891
2026-03-29 22:54:09 | INFO | Episode   45 - Reward: -200.000, Length: 200, Loss: 0.9238, Entropy: 1.0986, Epsilon: 0.889
2026-03-29 22:54:10 | INFO | Episode   46 - Reward: -200.000, Length: 200, Loss: 0.9263, Entropy: 1.0986, Epsilon: 0.886
2026-03-29 22:54:10 | INFO | Episode   47 - Reward: -200.000, Length: 200, Loss: 0.9236, Entropy: 1.0986, Epsilon: 0.884
2026-03-29 22:54:11 | INFO | Episode   48 - Reward: -200.000, Length: 200, Loss: 0.9207, Entropy: 1.0986, Epsilon: 0.881
2026-03-29 22:54:11 | INFO | Episode   49 - Reward: -200.000, Length: 200, Loss: 0.9264, Entropy: 1.0986, Epsilon: 0.879
2026-03-29 22:54:12 | INFO | Episode   50 - Reward: -200.000, Length: 200, Loss: 0.9227, Entropy: 1.0986, Epsilon: 0.876
2026-03-29 22:54:19 | INFO | [Episode   50] eps=0.876  avg_reward=-200.000  avg_length=200.00  avg_loss=  0.9117  avg_entropy=1.0986  eval_success=0.000
2026-03-29 22:54:20 | INFO | Episode   51 - Reward: -200.000, Length: 200, Loss: 0.9253, Entropy: 1.0986, Epsilon: 0.874
2026-03-29 22:54:20 | INFO | Episode   52 - Reward: -200.000, Length: 200, Loss: 0.9226, Entropy: 1.0986, Epsilon: 0.871
2026-03-29 22:54:21 | INFO | Episode   53 - Reward: -200.000, Length: 200, Loss: 0.9194, Entropy: 1.0986, Epsilon: 0.869
2026-03-29 22:54:21 | INFO | Episode   54 - Reward: -200.000, Length: 200, Loss: 0.9245, Entropy: 1.0986, Epsilon: 0.866
2026-03-29 22:54:22 | INFO | Episode   55 - Reward: -200.000, Length: 200, Loss: 0.9217, Entropy: 1.0986, Epsilon: 0.864
2026-03-29 22:54:22 | INFO | Episode   56 - Reward: -200.000, Length: 200, Loss: 0.9246, Entropy: 1.0986, Epsilon: 0.861
2026-03-29 22:54:22 | INFO | Episode   57 - Reward: -200.000, Length: 200, Loss: 0.9215, Entropy: 1.0986, Epsilon: 0.859
2026-03-29 22:54:23 | INFO | Episode   58 - Reward: -200.000, Length: 200, Loss: 0.9168, Entropy: 1.0986, Epsilon: 0.856
2026-03-29 22:54:23 | INFO | Episode   59 - Reward: -200.000, Length: 200, Loss: 0.9238, Entropy: 1.0986, Epsilon: 0.854
2026-03-29 22:54:24 | INFO | Episode   60 - Reward: -200.000, Length: 200, Loss: 0.9201, Entropy: 1.0986, Epsilon: 0.852
2026-03-29 22:54:24 | INFO | Episode   61 - Reward: -200.000, Length: 200, Loss: 0.9233, Entropy: 1.0986, Epsilon: 0.849
2026-03-29 22:54:25 | INFO | Episode   62 - Reward: -200.000, Length: 200, Loss: 0.9202, Entropy: 1.0986, Epsilon: 0.847
2026-03-29 22:54:25 | INFO | Episode   63 - Reward: -200.000, Length: 200, Loss: 0.9162, Entropy: 1.0986, Epsilon: 0.844
2026-03-29 22:54:26 | INFO | Episode   64 - Reward: -200.000, Length: 200, Loss: 0.9234, Entropy: 1.0986, Epsilon: 0.842
2026-03-29 22:54:26 | INFO | Episode   65 - Reward: -200.000, Length: 200, Loss: 0.9201, Entropy: 1.0986, Epsilon: 0.839
2026-03-29 22:54:27 | INFO | Episode   66 - Reward: -200.000, Length: 200, Loss: 0.9218, Entropy: 1.0986, Epsilon: 0.837
2026-03-29 22:54:27 | INFO | Episode   67 - Reward: -200.000, Length: 200, Loss: 0.9196, Entropy: 1.0986, Epsilon: 0.834
2026-03-29 22:54:28 | INFO | Episode   68 - Reward: -200.000, Length: 200, Loss: 0.9170, Entropy: 1.0986, Epsilon: 0.832
2026-03-29 22:54:28 | INFO | Episode   69 - Reward: -200.000, Length: 200, Loss: 0.9226, Entropy: 1.0986, Epsilon: 0.829
2026-03-29 22:54:29 | INFO | Episode   70 - Reward: -200.000, Length: 200, Loss: 0.9190, Entropy: 1.0986, Epsilon: 0.827
2026-03-29 22:54:29 | INFO | Episode   71 - Reward: -200.000, Length: 200, Loss: 0.9217, Entropy: 1.0986, Epsilon: 0.824
2026-03-29 22:54:29 | INFO | Episode   72 - Reward: -200.000, Length: 200, Loss: 0.9185, Entropy: 1.0986, Epsilon: 0.822
2026-03-29 22:54:30 | INFO | Episode   73 - Reward: -200.000, Length: 200, Loss: 0.9144, Entropy: 1.0986, Epsilon: 0.819
2026-03-29 22:54:30 | INFO | Episode   74 - Reward: -200.000, Length: 200, Loss: 0.9231, Entropy: 1.0986, Epsilon: 0.817
2026-03-29 22:54:31 | INFO | Episode   75 - Reward: -200.000, Length: 200, Loss: 0.9188, Entropy: 1.0986, Epsilon: 0.814
2026-03-29 22:54:31 | INFO | Episode   76 - Reward: -200.000, Length: 200, Loss: 0.9200, Entropy: 1.0986, Epsilon: 0.812
2026-03-29 22:54:32 | INFO | Episode   77 - Reward: -200.000, Length: 200, Loss: 0.9181, Entropy: 1.0986, Epsilon: 0.809
2026-03-29 22:54:32 | INFO | Episode   78 - Reward: -200.000, Length: 200, Loss: 0.9150, Entropy: 1.0986, Epsilon: 0.807
2026-03-29 22:54:33 | INFO | Episode   79 - Reward: -200.000, Length: 200, Loss: 0.9191, Entropy: 1.0986, Epsilon: 0.804
2026-03-29 22:54:33 | INFO | Episode   80 - Reward: -200.000, Length: 200, Loss: 0.9167, Entropy: 1.0986, Epsilon: 0.802
2026-03-29 22:54:33 | INFO | Episode   81 - Reward: -200.000, Length: 200, Loss: 0.9205, Entropy: 1.0986, Epsilon: 0.800
2026-03-29 22:54:34 | INFO | Episode   82 - Reward: -200.000, Length: 200, Loss: 0.9156, Entropy: 1.0986, Epsilon: 0.797
2026-03-29 22:54:34 | INFO | Episode   83 - Reward: -200.000, Length: 200, Loss: 0.9114, Entropy: 1.0986, Epsilon: 0.795
2026-03-29 22:54:35 | INFO | Episode   84 - Reward: -200.000, Length: 200, Loss: 0.9172, Entropy: 1.0986, Epsilon: 0.792
2026-03-29 22:54:35 | INFO | Episode   85 - Reward: -200.000, Length: 200, Loss: 0.9137, Entropy: 1.0986, Epsilon: 0.790
2026-03-29 22:54:36 | INFO | Episode   86 - Reward: -200.000, Length: 200, Loss: 0.9174, Entropy: 1.0986, Epsilon: 0.787
2026-03-29 22:54:36 | INFO | Episode   87 - Reward: -200.000, Length: 200, Loss: 0.9124, Entropy: 1.0986, Epsilon: 0.785
2026-03-29 22:54:37 | INFO | Episode   88 - Reward: -200.000, Length: 200, Loss: 0.9102, Entropy: 1.0986, Epsilon: 0.782
2026-03-29 22:54:37 | INFO | Episode   89 - Reward: -200.000, Length: 200, Loss: 0.9166, Entropy: 1.0986, Epsilon: 0.780
2026-03-29 22:54:37 | INFO | Episode   90 - Reward: -200.000, Length: 200, Loss: 0.9131, Entropy: 1.0986, Epsilon: 0.777
2026-03-29 22:54:38 | INFO | Episode   91 - Reward: -200.000, Length: 200, Loss: 0.9156, Entropy: 1.0986, Epsilon: 0.775
2026-03-29 22:54:38 | INFO | Episode   92 - Reward: -200.000, Length: 200, Loss: 0.9118, Entropy: 1.0986, Epsilon: 0.772
2026-03-29 22:54:39 | INFO | Episode   93 - Reward: -200.000, Length: 200, Loss: 0.9094, Entropy: 1.0986, Epsilon: 0.770
2026-03-29 22:54:39 | INFO | Episode   94 - Reward: -200.000, Length: 200, Loss: 0.9149, Entropy: 1.0986, Epsilon: 0.767
2026-03-29 22:54:40 | INFO | Episode   95 - Reward: -200.000, Length: 200, Loss: 0.9115, Entropy: 1.0986, Epsilon: 0.765
2026-03-29 22:54:40 | INFO | Episode   96 - Reward: -200.000, Length: 200, Loss: 0.9141, Entropy: 1.0986, Epsilon: 0.762
2026-03-29 22:54:40 | INFO | Episode   97 - Reward: -200.000, Length: 200, Loss: 0.9104, Entropy: 1.0986, Epsilon: 0.760
2026-03-29 22:54:41 | INFO | Episode   98 - Reward: -200.000, Length: 200, Loss: 0.9070, Entropy: 1.0986, Epsilon: 0.757
2026-03-29 22:54:41 | INFO | Episode   99 - Reward: -200.000, Length: 200, Loss: 0.9153, Entropy: 1.0986, Epsilon: 0.755
2026-03-29 22:54:42 | INFO | Episode  100 - Reward: -200.000, Length: 200, Loss: 0.9096, Entropy: 1.0986, Epsilon: 0.752
2026-03-29 22:54:48 | INFO | [Episode  100] eps=0.752  avg_reward=-200.000  avg_length=200.00  avg_loss=  0.9175  avg_entropy=1.0986  eval_success=0.000
2026-03-29 22:54:48 | INFO | Episode  101 - Reward: -200.000, Length: 200, Loss: 0.9127, Entropy: 1.0986, Epsilon: 0.750
2026-03-29 22:54:48 | INFO | Episode  102 - Reward: -200.000, Length: 200, Loss: 0.9104, Entropy: 1.0986, Epsilon: 0.748
2026-03-29 22:54:49 | INFO | Episode  103 - Reward: -200.000, Length: 200, Loss: 0.9042, Entropy: 1.0986, Epsilon: 0.745
2026-03-29 22:54:50 | INFO | Episode  104 - Reward: -200.000, Length: 200, Loss: 0.9125, Entropy: 1.0986, Epsilon: 0.743
2026-03-29 22:54:50 | INFO | Episode  105 - Reward: -200.000, Length: 200, Loss: 0.9067, Entropy: 1.0986, Epsilon: 0.740
2026-03-29 22:54:51 | INFO | Episode  106 - Reward: -200.000, Length: 200, Loss: 0.9123, Entropy: 1.0986, Epsilon: 0.738
2026-03-29 22:54:51 | INFO | Episode  107 - Reward: -200.000, Length: 200, Loss: 0.9076, Entropy: 1.0986, Epsilon: 0.735
2026-03-29 22:54:52 | INFO | Episode  108 - Reward: -200.000, Length: 200, Loss: 0.9039, Entropy: 1.0986, Epsilon: 0.733
2026-03-29 22:54:52 | INFO | Episode  109 - Reward: -200.000, Length: 200, Loss: 0.9119, Entropy: 1.0986, Epsilon: 0.730
2026-03-29 22:54:53 | INFO | Episode  110 - Reward: -200.000, Length: 200, Loss: 0.9086, Entropy: 1.0986, Epsilon: 0.728
2026-03-29 22:54:53 | INFO | Episode  111 - Reward: -200.000, Length: 200, Loss: 0.9120, Entropy: 1.0986, Epsilon: 0.725
2026-03-29 22:54:54 | INFO | Episode  112 - Reward: -200.000, Length: 200, Loss: 0.9073, Entropy: 1.0986, Epsilon: 0.723
2026-03-29 22:54:54 | INFO | Episode  113 - Reward: -200.000, Length: 200, Loss: 0.9036, Entropy: 1.0986, Epsilon: 0.720
2026-03-29 22:54:54 | INFO | Episode  114 - Reward: -200.000, Length: 200, Loss: 0.9099, Entropy: 1.0986, Epsilon: 0.718
2026-03-29 22:54:55 | INFO | Episode  115 - Reward: -200.000, Length: 200, Loss: 0.9070, Entropy: 1.0986, Epsilon: 0.715
2026-03-29 22:54:55 | INFO | Episode  116 - Reward: -200.000, Length: 200, Loss: 0.9120, Entropy: 1.0986, Epsilon: 0.713
2026-03-29 22:54:56 | INFO | Episode  117 - Reward: -200.000, Length: 200, Loss: 0.9064, Entropy: 1.0986, Epsilon: 0.710
2026-03-29 22:54:56 | INFO | Episode  118 - Reward: -200.000, Length: 200, Loss: 0.9022, Entropy: 1.0986, Epsilon: 0.708
2026-03-29 22:54:57 | INFO | Episode  119 - Reward: -200.000, Length: 200, Loss: 0.9129, Entropy: 1.0986, Epsilon: 0.705
2026-03-29 22:54:57 | INFO | Episode  120 - Reward: -200.000, Length: 200, Loss: 0.9046, Entropy: 1.0986, Epsilon: 0.703
2026-03-29 22:54:58 | INFO | Episode  121 - Reward: -200.000, Length: 200, Loss: 0.9121, Entropy: 1.0986, Epsilon: 0.701
2026-03-29 22:54:58 | INFO | Episode  122 - Reward: -200.000, Length: 200, Loss: 0.9060, Entropy: 1.0986, Epsilon: 0.698
2026-03-29 22:54:58 | INFO | Episode  123 - Reward: -200.000, Length: 200, Loss: 0.9028, Entropy: 1.0986, Epsilon: 0.696
2026-03-29 22:54:59 | INFO | Episode  124 - Reward: -200.000, Length: 200, Loss: 0.9087, Entropy: 1.0986, Epsilon: 0.693
2026-03-29 22:54:59 | INFO | Episode  125 - Reward: -200.000, Length: 200, Loss: 0.9073, Entropy: 1.0986, Epsilon: 0.691
2026-03-29 22:55:00 | INFO | Episode  126 - Reward: -200.000, Length: 200, Loss: 0.9098, Entropy: 1.0986, Epsilon: 0.688
2026-03-29 22:55:00 | INFO | Episode  127 - Reward: -200.000, Length: 200, Loss: 0.9056, Entropy: 1.0986, Epsilon: 0.686
2026-03-29 22:55:01 | INFO | Episode  128 - Reward: -200.000, Length: 200, Loss: 0.9024, Entropy: 1.0986, Epsilon: 0.683
2026-03-29 22:55:01 | INFO | Episode  129 - Reward: -200.000, Length: 200, Loss: 0.9090, Entropy: 1.0986, Epsilon: 0.681
2026-03-29 22:55:02 | INFO | Episode  130 - Reward: -200.000, Length: 200, Loss: 0.9062, Entropy: 1.0986, Epsilon: 0.678
2026-03-29 22:55:02 | INFO | Episode  131 - Reward: -200.000, Length: 200, Loss: 0.9091, Entropy: 1.0986, Epsilon: 0.676
2026-03-29 22:55:02 | INFO | Episode  132 - Reward: -200.000, Length: 200, Loss: 0.9044, Entropy: 1.0986, Epsilon: 0.673
2026-03-29 22:55:03 | INFO | Episode  133 - Reward: -200.000, Length: 200, Loss: 0.9007, Entropy: 1.0986, Epsilon: 0.671
2026-03-29 22:55:03 | INFO | Episode  134 - Reward: -200.000, Length: 200, Loss: 0.9080, Entropy: 1.0986, Epsilon: 0.668
2026-03-29 22:55:04 | INFO | Episode  135 - Reward: -200.000, Length: 200, Loss: 0.9039, Entropy: 1.0986, Epsilon: 0.666
2026-03-29 22:55:04 | INFO | Episode  136 - Reward: -200.000, Length: 200, Loss: 0.9096, Entropy: 1.0986, Epsilon: 0.663
2026-03-29 22:55:05 | INFO | Episode  137 - Reward: -200.000, Length: 200, Loss: 0.9039, Entropy: 1.0986, Epsilon: 0.661
2026-03-29 22:55:05 | INFO | Episode  138 - Reward: -200.000, Length: 200, Loss: 0.9021, Entropy: 1.0986, Epsilon: 0.658
2026-03-29 22:55:06 | INFO | Episode  139 - Reward: -200.000, Length: 200, Loss: 0.9081, Entropy: 1.0986, Epsilon: 0.656
2026-03-29 22:55:06 | INFO | Episode  140 - Reward: -200.000, Length: 200, Loss: 0.9028, Entropy: 1.0986, Epsilon: 0.653
2026-03-29 22:55:07 | INFO | Episode  141 - Reward: -200.000, Length: 200, Loss: 0.9066, Entropy: 1.0986, Epsilon: 0.651
2026-03-29 22:55:07 | INFO | Episode  142 - Reward: -200.000, Length: 200, Loss: 0.9040, Entropy: 1.0986, Epsilon: 0.649
2026-03-29 22:55:07 | INFO | Episode  143 - Reward: -200.000, Length: 200, Loss: 0.9004, Entropy: 1.0986, Epsilon: 0.646
2026-03-29 22:55:08 | INFO | Episode  144 - Reward: -200.000, Length: 200, Loss: 0.9078, Entropy: 1.0986, Epsilon: 0.644
2026-03-29 22:55:08 | INFO | Episode  145 - Reward: -200.000, Length: 200, Loss: 0.9023, Entropy: 1.0986, Epsilon: 0.641
2026-03-29 22:55:09 | INFO | Episode  146 - Reward: -200.000, Length: 200, Loss: 0.9074, Entropy: 1.0986, Epsilon: 0.639
2026-03-29 22:55:09 | INFO | Episode  147 - Reward: -200.000, Length: 200, Loss: 0.9031, Entropy: 1.0986, Epsilon: 0.636
2026-03-29 22:55:10 | INFO | Episode  148 - Reward: -200.000, Length: 200, Loss: 0.8993, Entropy: 1.0986, Epsilon: 0.634
2026-03-29 22:55:10 | INFO | Episode  149 - Reward: -200.000, Length: 200, Loss: 0.9076, Entropy: 1.0986, Epsilon: 0.631
2026-03-29 22:55:11 | INFO | Episode  150 - Reward: -200.000, Length: 200, Loss: 0.9040, Entropy: 1.0986, Epsilon: 0.629
2026-03-29 22:55:16 | INFO | [Episode  150] eps=0.629  avg_reward=-200.000  avg_length=200.00  avg_loss=  0.9067  avg_entropy=1.0986  eval_success=0.000
2026-03-29 22:55:17 | INFO | Episode  151 - Reward: -200.000, Length: 200, Loss: 0.9068, Entropy: 1.0986, Epsilon: 0.626
2026-03-29 22:55:17 | INFO | Episode  152 - Reward: -200.000, Length: 200, Loss: 0.9026, Entropy: 1.0986, Epsilon: 0.624
2026-03-29 22:55:18 | INFO | Episode  153 - Reward: -200.000, Length: 200, Loss: 0.8978, Entropy: 1.0986, Epsilon: 0.621
2026-03-29 22:55:18 | INFO | Episode  154 - Reward: -200.000, Length: 200, Loss: 0.9074, Entropy: 1.0986, Epsilon: 0.619
2026-03-29 22:55:18 | INFO | Episode  155 - Reward: -200.000, Length: 200, Loss: 0.9003, Entropy: 1.0986, Epsilon: 0.616
2026-03-29 22:55:19 | INFO | Episode  156 - Reward: -200.000, Length: 200, Loss: 0.9077, Entropy: 1.0986, Epsilon: 0.614
2026-03-29 22:55:19 | INFO | Episode  157 - Reward: -200.000, Length: 200, Loss: 0.9055, Entropy: 1.0986, Epsilon: 0.611
2026-03-29 22:55:20 | INFO | Episode  158 - Reward: -200.000, Length: 200, Loss: 0.8990, Entropy: 1.0986, Epsilon: 0.609
2026-03-29 22:55:20 | INFO | Episode  159 - Reward: -200.000, Length: 200, Loss: 0.9100, Entropy: 1.0986, Epsilon: 0.606
2026-03-29 22:55:21 | INFO | Episode  160 - Reward: -200.000, Length: 200, Loss: 0.9033, Entropy: 1.0986, Epsilon: 0.604
2026-03-29 22:55:21 | INFO | Episode  161 - Reward: -200.000, Length: 200, Loss: 0.9054, Entropy: 1.0986, Epsilon: 0.602
2026-03-29 22:55:22 | INFO | Episode  162 - Reward: -200.000, Length: 200, Loss: 0.9011, Entropy: 1.0986, Epsilon: 0.599
2026-03-29 22:55:23 | INFO | Episode  163 - Reward: -200.000, Length: 200, Loss: 0.8982, Entropy: 1.0986, Epsilon: 0.597
2026-03-29 22:55:23 | INFO | Episode  164 - Reward: -200.000, Length: 200, Loss: 0.9078, Entropy: 1.0986, Epsilon: 0.594
2026-03-29 22:55:24 | INFO | Episode  165 - Reward: -200.000, Length: 200, Loss: 0.9034, Entropy: 1.0986, Epsilon: 0.592
2026-03-29 22:55:24 | INFO | Episode  166 - Reward: -200.000, Length: 200, Loss: 0.9045, Entropy: 1.0986, Epsilon: 0.589
2026-03-29 22:55:25 | INFO | Episode  167 - Reward: -200.000, Length: 200, Loss: 0.9024, Entropy: 1.0986, Epsilon: 0.587
2026-03-29 22:55:25 | INFO | Episode  168 - Reward: -200.000, Length: 200, Loss: 0.8992, Entropy: 1.0986, Epsilon: 0.584
2026-03-29 22:55:25 | INFO | Episode  169 - Reward: -200.000, Length: 200, Loss: 0.9065, Entropy: 1.0986, Epsilon: 0.582
2026-03-29 22:55:26 | INFO | Episode  170 - Reward: -200.000, Length: 200, Loss: 0.9021, Entropy: 1.0986, Epsilon: 0.579
2026-03-29 22:55:26 | INFO | Episode  171 - Reward: -200.000, Length: 200, Loss: 0.9071, Entropy: 1.0986, Epsilon: 0.577
2026-03-29 22:55:27 | INFO | Episode  172 - Reward: -200.000, Length: 200, Loss: 0.9027, Entropy: 1.0986, Epsilon: 0.574
2026-03-29 22:55:27 | INFO | Episode  173 - Reward: -200.000, Length: 200, Loss: 0.8979, Entropy: 1.0986, Epsilon: 0.572
2026-03-29 22:55:28 | INFO | Episode  174 - Reward: -200.000, Length: 200, Loss: 0.9043, Entropy: 1.0986, Epsilon: 0.569
2026-03-29 22:55:28 | INFO | Episode  175 - Reward: -200.000, Length: 200, Loss: 0.8991, Entropy: 1.0986, Epsilon: 0.567
2026-03-29 22:55:29 | INFO | Episode  176 - Reward: -200.000, Length: 200, Loss: 0.9033, Entropy: 1.0986, Epsilon: 0.564
2026-03-29 22:55:29 | INFO | Episode  177 - Reward: -200.000, Length: 200, Loss: 0.9005, Entropy: 1.0986, Epsilon: 0.562
2026-03-29 22:55:29 | INFO | Episode  178 - Reward: -200.000, Length: 200, Loss: 0.8932, Entropy: 1.0986, Epsilon: 0.559
2026-03-29 22:55:30 | INFO | Episode  179 - Reward: -200.000, Length: 200, Loss: 0.9021, Entropy: 1.0986, Epsilon: 0.557
2026-03-29 22:55:30 | INFO | Episode  180 - Reward: -200.000, Length: 200, Loss: 0.8940, Entropy: 1.0986, Epsilon: 0.554
2026-03-29 22:55:31 | INFO | Episode  181 - Reward: -200.000, Length: 200, Loss: 0.8989, Entropy: 1.0986, Epsilon: 0.552
2026-03-29 22:55:31 | INFO | Episode  182 - Reward: -200.000, Length: 200, Loss: 0.8957, Entropy: 1.0986, Epsilon: 0.550
2026-03-29 22:55:32 | INFO | Episode  183 - Reward: -200.000, Length: 200, Loss: 0.8909, Entropy: 1.0986, Epsilon: 0.547
2026-03-29 22:55:32 | INFO | Episode  184 - Reward: -200.000, Length: 200, Loss: 0.8989, Entropy: 1.0986, Epsilon: 0.545
2026-03-29 22:55:33 | INFO | Episode  185 - Reward: -200.000, Length: 200, Loss: 0.8931, Entropy: 1.0986, Epsilon: 0.542
2026-03-29 22:55:33 | INFO | Episode  186 - Reward: -200.000, Length: 200, Loss: 0.8966, Entropy: 1.0986, Epsilon: 0.540
2026-03-29 22:55:34 | INFO | Episode  187 - Reward: -200.000, Length: 200, Loss: 0.8925, Entropy: 1.0986, Epsilon: 0.537
2026-03-29 22:55:34 | INFO | Episode  188 - Reward: -200.000, Length: 200, Loss: 0.8867, Entropy: 1.0986, Epsilon: 0.535
2026-03-29 22:55:34 | INFO | Episode  189 - Reward: -200.000, Length: 200, Loss: 0.8966, Entropy: 1.0986, Epsilon: 0.532
2026-03-29 22:55:35 | INFO | Episode  190 - Reward: -200.000, Length: 200, Loss: 0.8931, Entropy: 1.0986, Epsilon: 0.530
2026-03-29 22:55:35 | INFO | Episode  191 - Reward: -200.000, Length: 200, Loss: 0.8983, Entropy: 1.0986, Epsilon: 0.527
2026-03-29 22:55:36 | INFO | Episode  192 - Reward: -200.000, Length: 200, Loss: 0.8896, Entropy: 1.0986, Epsilon: 0.525
2026-03-29 22:55:36 | INFO | Episode  193 - Reward: -200.000, Length: 200, Loss: 0.8863, Entropy: 1.0986, Epsilon: 0.522
2026-03-29 22:55:37 | INFO | Episode  194 - Reward: -200.000, Length: 200, Loss: 0.8948, Entropy: 1.0986, Epsilon: 0.520
2026-03-29 22:55:37 | INFO | Episode  195 - Reward: -200.000, Length: 200, Loss: 0.8928, Entropy: 1.0986, Epsilon: 0.517
2026-03-29 22:55:38 | INFO | Episode  196 - Reward: -200.000, Length: 200, Loss: 0.8962, Entropy: 1.0986, Epsilon: 0.515
2026-03-29 22:55:38 | INFO | Episode  197 - Reward: -200.000, Length: 200, Loss: 0.8898, Entropy: 1.0986, Epsilon: 0.512
2026-03-29 22:55:38 | INFO | Episode  198 - Reward: -200.000, Length: 200, Loss: 0.8827, Entropy: 1.0986, Epsilon: 0.510
2026-03-29 22:55:39 | INFO | Episode  199 - Reward: -200.000, Length: 200, Loss: 0.8949, Entropy: 1.0986, Epsilon: 0.507
2026-03-29 22:55:39 | INFO | Episode  200 - Reward: -200.000, Length: 200, Loss: 0.8883, Entropy: 1.0986, Epsilon: 0.505
2026-03-29 22:55:45 | INFO | [Episode  200] eps=0.505  avg_reward=-200.000  avg_length=200.00  avg_loss=  0.8986  avg_entropy=1.0986  eval_success=0.000
2026-03-29 22:55:46 | INFO | Episode  201 - Reward: -200.000, Length: 200, Loss: 0.8946, Entropy: 1.0986, Epsilon: 0.503
2026-03-29 22:55:46 | INFO | Episode  202 - Reward: -200.000, Length: 200, Loss: 0.8918, Entropy: 1.0986, Epsilon: 0.500
2026-03-29 22:55:47 | INFO | Episode  203 - Reward: -200.000, Length: 200, Loss: 0.8855, Entropy: 1.0986, Epsilon: 0.498
2026-03-29 22:55:47 | INFO | Episode  204 - Reward: -200.000, Length: 200, Loss: 0.8960, Entropy: 1.0986, Epsilon: 0.495
2026-03-29 22:55:47 | INFO | Episode  205 - Reward: -200.000, Length: 200, Loss: 0.8895, Entropy: 1.0986, Epsilon: 0.493
2026-03-29 22:55:48 | INFO | Episode  206 - Reward: -200.000, Length: 200, Loss: 0.8971, Entropy: 1.0986, Epsilon: 0.490
2026-03-29 22:55:48 | INFO | Episode  207 - Reward: -200.000, Length: 200, Loss: 0.8890, Entropy: 1.0986, Epsilon: 0.488
2026-03-29 22:55:49 | INFO | Episode  208 - Reward: -200.000, Length: 200, Loss: 0.8845, Entropy: 1.0986, Epsilon: 0.485
2026-03-29 22:55:49 | INFO | Episode  209 - Reward: -200.000, Length: 200, Loss: 0.8926, Entropy: 1.0986, Epsilon: 0.483
2026-03-29 22:55:50 | INFO | Episode  210 - Reward: -200.000, Length: 200, Loss: 0.8902, Entropy: 1.0986, Epsilon: 0.480
2026-03-29 22:55:50 | INFO | Episode  211 - Reward: -200.000, Length: 200, Loss: 0.8900, Entropy: 1.0986, Epsilon: 0.478
2026-03-29 22:55:51 | INFO | Episode  212 - Reward: -200.000, Length: 200, Loss: 0.8898, Entropy: 1.0986, Epsilon: 0.475
2026-03-29 22:55:51 | INFO | Episode  213 - Reward: -200.000, Length: 200, Loss: 0.8824, Entropy: 1.0986, Epsilon: 0.473
2026-03-29 22:55:51 | INFO | Episode  214 - Reward: -200.000, Length: 200, Loss: 0.8932, Entropy: 1.0986, Epsilon: 0.470
2026-03-29 22:55:52 | INFO | Episode  215 - Reward: -200.000, Length: 200, Loss: 0.8859, Entropy: 1.0986, Epsilon: 0.468
2026-03-29 22:55:52 | INFO | Episode  216 - Reward: -200.000, Length: 200, Loss: 0.8918, Entropy: 1.0986, Epsilon: 0.465
2026-03-29 22:55:53 | INFO | Episode  217 - Reward: -200.000, Length: 200, Loss: 0.8867, Entropy: 1.0986, Epsilon: 0.463
2026-03-29 22:55:53 | INFO | Episode  218 - Reward: -200.000, Length: 200, Loss: 0.8806, Entropy: 1.0986, Epsilon: 0.460
2026-03-29 22:55:54 | INFO | Episode  219 - Reward: -200.000, Length: 200, Loss: 0.8898, Entropy: 1.0986, Epsilon: 0.458
2026-03-29 22:55:54 | INFO | Episode  220 - Reward: -200.000, Length: 200, Loss: 0.8865, Entropy: 1.0986, Epsilon: 0.456
2026-03-29 22:55:55 | INFO | Episode  221 - Reward: -200.000, Length: 200, Loss: 0.8848, Entropy: 1.0986, Epsilon: 0.453
2026-03-29 22:55:55 | INFO | Episode  222 - Reward: -200.000, Length: 200, Loss: 0.8856, Entropy: 1.0986, Epsilon: 0.451
2026-03-29 22:55:55 | INFO | Episode  223 - Reward: -200.000, Length: 200, Loss: 0.8770, Entropy: 1.0986, Epsilon: 0.448
2026-03-29 22:55:56 | INFO | Episode  224 - Reward: -200.000, Length: 200, Loss: 0.8897, Entropy: 1.0986, Epsilon: 0.446
2026-03-29 22:55:56 | INFO | Episode  225 - Reward: -200.000, Length: 200, Loss: 0.8844, Entropy: 1.0986, Epsilon: 0.443
2026-03-29 22:55:57 | INFO | Episode  226 - Reward: -200.000, Length: 200, Loss: 0.8902, Entropy: 1.0986, Epsilon: 0.441
2026-03-29 22:55:57 | INFO | Episode  227 - Reward: -200.000, Length: 200, Loss: 0.8816, Entropy: 1.0986, Epsilon: 0.438
2026-03-29 22:55:58 | INFO | Episode  228 - Reward: -200.000, Length: 200, Loss: 0.8807, Entropy: 1.0986, Epsilon: 0.436
2026-03-29 22:55:58 | INFO | Episode  229 - Reward: -200.000, Length: 200, Loss: 0.8901, Entropy: 1.0986, Epsilon: 0.433
2026-03-29 22:55:59 | INFO | Episode  230 - Reward: -200.000, Length: 200, Loss: 0.8856, Entropy: 1.0986, Epsilon: 0.431
2026-03-29 22:55:59 | INFO | Episode  231 - Reward: -200.000, Length: 200, Loss: 0.8906, Entropy: 1.0986, Epsilon: 0.428
2026-03-29 22:56:00 | INFO | Episode  232 - Reward: -200.000, Length: 200, Loss: 0.8846, Entropy: 1.0986, Epsilon: 0.426
2026-03-29 22:56:00 | INFO | Episode  233 - Reward: -200.000, Length: 200, Loss: 0.8794, Entropy: 1.0986, Epsilon: 0.423
2026-03-29 22:56:01 | INFO | Episode  234 - Reward: -200.000, Length: 200, Loss: 0.8893, Entropy: 1.0986, Epsilon: 0.421
2026-03-29 22:56:01 | INFO | Episode  235 - Reward: -200.000, Length: 200, Loss: 0.8844, Entropy: 1.0986, Epsilon: 0.418
2026-03-29 22:56:01 | INFO | Episode  236 - Reward: -200.000, Length: 200, Loss: 0.8892, Entropy: 1.0986, Epsilon: 0.416
2026-03-29 22:56:02 | INFO | Episode  237 - Reward: -200.000, Length: 200, Loss: 0.8833, Entropy: 1.0986, Epsilon: 0.413
2026-03-29 22:56:02 | INFO | Episode  238 - Reward: -200.000, Length: 200, Loss: 0.8814, Entropy: 1.0986, Epsilon: 0.411
2026-03-29 22:56:03 | INFO | Episode  239 - Reward: -200.000, Length: 200, Loss: 0.8868, Entropy: 1.0986, Epsilon: 0.408
2026-03-29 22:56:03 | INFO | Episode  240 - Reward: -200.000, Length: 200, Loss: 0.8815, Entropy: 1.0986, Epsilon: 0.406
2026-03-29 22:56:04 | INFO | Episode  241 - Reward: -200.000, Length: 200, Loss: 0.8854, Entropy: 1.0986, Epsilon: 0.404
2026-03-29 22:56:04 | INFO | Episode  242 - Reward: -200.000, Length: 200, Loss: 0.8793, Entropy: 1.0986, Epsilon: 0.401
2026-03-29 22:56:05 | INFO | Episode  243 - Reward: -200.000, Length: 200, Loss: 0.8759, Entropy: 1.0986, Epsilon: 0.399
2026-03-29 22:56:05 | INFO | Episode  244 - Reward: -200.000, Length: 200, Loss: 0.8820, Entropy: 1.0986, Epsilon: 0.396
2026-03-29 22:56:06 | INFO | Episode  245 - Reward: -200.000, Length: 200, Loss: 0.8758, Entropy: 1.0986, Epsilon: 0.394
2026-03-29 22:56:06 | INFO | Episode  246 - Reward: -200.000, Length: 200, Loss: 0.8797, Entropy: 1.0986, Epsilon: 0.391
2026-03-29 22:56:06 | INFO | Episode  247 - Reward: -200.000, Length: 200, Loss: 0.8765, Entropy: 1.0986, Epsilon: 0.389
2026-03-29 22:56:07 | INFO | Episode  248 - Reward: -200.000, Length: 200, Loss: 0.8686, Entropy: 1.0986, Epsilon: 0.386
2026-03-29 22:56:07 | INFO | Episode  249 - Reward: -200.000, Length: 200, Loss: 0.8789, Entropy: 1.0986, Epsilon: 0.384
2026-03-29 22:56:08 | INFO | Episode  250 - Reward: -200.000, Length: 200, Loss: 0.8728, Entropy: 1.0986, Epsilon: 0.381
2026-03-29 22:56:15 | INFO | [Episode  250] eps=0.381  avg_reward=-200.000  avg_length=200.00  avg_loss=  0.8853  avg_entropy=1.0986  eval_success=0.000
2026-03-29 22:56:15 | INFO | Episode  251 - Reward: -200.000, Length: 200, Loss: 0.8761, Entropy: 1.0986, Epsilon: 0.379
2026-03-29 22:56:16 | INFO | Episode  252 - Reward: -200.000, Length: 200, Loss: 0.8729, Entropy: 1.0986, Epsilon: 0.376
2026-03-29 22:56:16 | INFO | Episode  253 - Reward: -200.000, Length: 200, Loss: 0.8659, Entropy: 1.0986, Epsilon: 0.374
2026-03-29 22:56:16 | INFO | Episode  254 - Reward: -200.000, Length: 200, Loss: 0.8746, Entropy: 1.0986, Epsilon: 0.371
2026-03-29 22:56:17 | INFO | Episode  255 - Reward: -200.000, Length: 200, Loss: 0.8682, Entropy: 1.0986, Epsilon: 0.369
2026-03-29 22:56:17 | INFO | Episode  256 - Reward: -200.000, Length: 200, Loss: 0.8727, Entropy: 1.0986, Epsilon: 0.366
2026-03-29 22:56:18 | INFO | Episode  257 - Reward: -200.000, Length: 200, Loss: 0.8684, Entropy: 1.0986, Epsilon: 0.364
2026-03-29 22:56:18 | INFO | Episode  258 - Reward: -200.000, Length: 200, Loss: 0.8630, Entropy: 1.0986, Epsilon: 0.361
2026-03-29 22:56:19 | INFO | Episode  259 - Reward: -200.000, Length: 200, Loss: 0.8735, Entropy: 1.0986, Epsilon: 0.359
2026-03-29 22:56:19 | INFO | Episode  260 - Reward: -200.000, Length: 200, Loss: 0.8674, Entropy: 1.0986, Epsilon: 0.357
2026-03-29 22:56:20 | INFO | Episode  261 - Reward: -200.000, Length: 200, Loss: 0.8734, Entropy: 1.0986, Epsilon: 0.354
2026-03-29 22:56:20 | INFO | Episode  262 - Reward: -200.000, Length: 200, Loss: 0.8653, Entropy: 1.0986, Epsilon: 0.352
2026-03-29 22:56:21 | INFO | Episode  263 - Reward: -200.000, Length: 200, Loss: 0.8611, Entropy: 1.0986, Epsilon: 0.349
2026-03-29 22:56:21 | INFO | Episode  264 - Reward: -200.000, Length: 200, Loss: 0.8694, Entropy: 1.0986, Epsilon: 0.347
2026-03-29 22:56:22 | INFO | Episode  265 - Reward: -200.000, Length: 200, Loss: 0.8659, Entropy: 1.0986, Epsilon: 0.344
2026-03-29 22:56:22 | INFO | Episode  266 - Reward: -200.000, Length: 200, Loss: 0.8724, Entropy: 1.0986, Epsilon: 0.342
2026-03-29 22:56:22 | INFO | Episode  267 - Reward: -200.000, Length: 200, Loss: 0.8615, Entropy: 1.0986, Epsilon: 0.339
2026-03-29 22:56:23 | INFO | Episode  268 - Reward: -200.000, Length: 200, Loss: 0.8585, Entropy: 1.0986, Epsilon: 0.337
2026-03-29 22:56:23 | INFO | Episode  269 - Reward: -200.000, Length: 200, Loss: 0.8715, Entropy: 1.0986, Epsilon: 0.334
2026-03-29 22:56:24 | INFO | Episode  270 - Reward: -200.000, Length: 200, Loss: 0.8654, Entropy: 1.0986, Epsilon: 0.332
2026-03-29 22:56:24 | INFO | Episode  271 - Reward: -200.000, Length: 200, Loss: 0.8701, Entropy: 1.0986, Epsilon: 0.329
2026-03-29 22:56:25 | INFO | Episode  272 - Reward: -200.000, Length: 200, Loss: 0.8660, Entropy: 1.0986, Epsilon: 0.327
2026-03-29 22:56:25 | INFO | Episode  273 - Reward: -200.000, Length: 200, Loss: 0.8584, Entropy: 1.0986, Epsilon: 0.324
2026-03-29 22:56:26 | INFO | Episode  274 - Reward: -200.000, Length: 200, Loss: 0.8705, Entropy: 1.0986, Epsilon: 0.322
2026-03-29 22:56:26 | INFO | Episode  275 - Reward: -200.000, Length: 200, Loss: 0.8618, Entropy: 1.0986, Epsilon: 0.319
2026-03-29 22:56:27 | INFO | Episode  276 - Reward: -200.000, Length: 200, Loss: 0.8740, Entropy: 1.0986, Epsilon: 0.317
2026-03-29 22:56:27 | INFO | Episode  277 - Reward: -200.000, Length: 200, Loss: 0.8623, Entropy: 1.0986, Epsilon: 0.314
2026-03-29 22:56:27 | INFO | Episode  278 - Reward: -200.000, Length: 200, Loss: 0.8638, Entropy: 1.0986, Epsilon: 0.312
2026-03-29 22:56:28 | INFO | Episode  279 - Reward: -200.000, Length: 200, Loss: 0.8719, Entropy: 1.0986, Epsilon: 0.309
2026-03-29 22:56:28 | INFO | Episode  280 - Reward: -200.000, Length: 200, Loss: 0.8686, Entropy: 1.0986, Epsilon: 0.307
2026-03-29 22:56:29 | INFO | Episode  281 - Reward: -200.000, Length: 200, Loss: 0.8762, Entropy: 1.0986, Epsilon: 0.305
2026-03-29 22:56:29 | INFO | Episode  282 - Reward: -200.000, Length: 200, Loss: 0.8693, Entropy: 1.0986, Epsilon: 0.302
2026-03-29 22:56:30 | INFO | Episode  283 - Reward: -200.000, Length: 200, Loss: 0.8605, Entropy: 1.0986, Epsilon: 0.300
2026-03-29 22:56:30 | INFO | Episode  284 - Reward: -200.000, Length: 200, Loss: 0.8747, Entropy: 1.0986, Epsilon: 0.297
2026-03-29 22:56:31 | INFO | Episode  285 - Reward: -200.000, Length: 200, Loss: 0.8710, Entropy: 1.0986, Epsilon: 0.295
2026-03-29 22:56:31 | INFO | Episode  286 - Reward: -200.000, Length: 200, Loss: 0.8726, Entropy: 1.0986, Epsilon: 0.292
2026-03-29 22:56:32 | INFO | Episode  287 - Reward: -200.000, Length: 200, Loss: 0.8676, Entropy: 1.0986, Epsilon: 0.290
2026-03-29 22:56:32 | INFO | Episode  288 - Reward: -200.000, Length: 200, Loss: 0.8645, Entropy: 1.0986, Epsilon: 0.287
2026-03-29 22:56:33 | INFO | Episode  289 - Reward: -200.000, Length: 200, Loss: 0.8700, Entropy: 1.0986, Epsilon: 0.285
2026-03-29 22:56:33 | INFO | Episode  290 - Reward: -200.000, Length: 200, Loss: 0.8626, Entropy: 1.0986, Epsilon: 0.282
2026-03-29 22:56:33 | INFO | Episode  291 - Reward: -200.000, Length: 200, Loss: 0.8686, Entropy: 1.0986, Epsilon: 0.280
2026-03-29 22:56:34 | INFO | Episode  292 - Reward: -200.000, Length: 200, Loss: 0.8608, Entropy: 1.0986, Epsilon: 0.277
2026-03-29 22:56:34 | INFO | Episode  293 - Reward: -200.000, Length: 200, Loss: 0.8552, Entropy: 1.0986, Epsilon: 0.275
2026-03-29 22:56:35 | INFO | Episode  294 - Reward: -200.000, Length: 200, Loss: 0.8667, Entropy: 1.0986, Epsilon: 0.272
2026-03-29 22:56:35 | INFO | Episode  295 - Reward: -200.000, Length: 200, Loss: 0.8607, Entropy: 1.0986, Epsilon: 0.270
2026-03-29 22:56:36 | INFO | Episode  296 - Reward: -200.000, Length: 200, Loss: 0.8640, Entropy: 1.0986, Epsilon: 0.267
2026-03-29 22:56:36 | INFO | Episode  297 - Reward: -200.000, Length: 200, Loss: 0.8588, Entropy: 1.0986, Epsilon: 0.265
2026-03-29 22:56:37 | INFO | Episode  298 - Reward: -200.000, Length: 200, Loss: 0.8539, Entropy: 1.0986, Epsilon: 0.262
2026-03-29 22:56:37 | INFO | Episode  299 - Reward: -200.000, Length: 200, Loss: 0.8627, Entropy: 1.0986, Epsilon: 0.260
2026-03-29 22:56:38 | INFO | Episode  300 - Reward: -200.000, Length: 200, Loss: 0.8592, Entropy: 1.0986, Epsilon: 0.258
2026-03-29 22:56:44 | INFO | [Episode  300] eps=0.258  avg_reward=-200.000  avg_length=200.00  avg_loss=  0.8667  avg_entropy=1.0986  eval_success=0.000
2026-03-29 22:56:45 | INFO | Episode  301 - Reward: -200.000, Length: 200, Loss: 0.8661, Entropy: 1.0986, Epsilon: 0.255
2026-03-29 22:56:45 | INFO | Episode  302 - Reward: -200.000, Length: 200, Loss: 0.8591, Entropy: 1.0986, Epsilon: 0.253
2026-03-29 22:56:46 | INFO | Episode  303 - Reward: -200.000, Length: 200, Loss: 0.8503, Entropy: 1.0986, Epsilon: 0.250
2026-03-29 22:56:46 | INFO | Episode  304 - Reward: -200.000, Length: 200, Loss: 0.8605, Entropy: 1.0986, Epsilon: 0.248
2026-03-29 22:56:47 | INFO | Episode  305 - Reward: -200.000, Length: 200, Loss: 0.8547, Entropy: 1.0986, Epsilon: 0.245
2026-03-29 22:56:47 | INFO | Episode  306 - Reward: -200.000, Length: 200, Loss: 0.8630, Entropy: 1.0986, Epsilon: 0.243
2026-03-29 22:56:48 | INFO | Episode  307 - Reward: -200.000, Length: 200, Loss: 0.8565, Entropy: 1.0986, Epsilon: 0.240
2026-03-29 22:56:48 | INFO | Episode  308 - Reward: -200.000, Length: 200, Loss: 0.8536, Entropy: 1.0986, Epsilon: 0.238
2026-03-29 22:56:49 | INFO | Episode  309 - Reward: -200.000, Length: 200, Loss: 0.8626, Entropy: 1.0986, Epsilon: 0.235
2026-03-29 22:56:49 | INFO | Episode  310 - Reward: -200.000, Length: 200, Loss: 0.8560, Entropy: 1.0986, Epsilon: 0.233
2026-03-29 22:56:49 | INFO | Episode  311 - Reward: -200.000, Length: 200, Loss: 0.8643, Entropy: 1.0986, Epsilon: 0.230
2026-03-29 22:56:50 | INFO | Episode  312 - Reward: -200.000, Length: 200, Loss: 0.8581, Entropy: 1.0986, Epsilon: 0.228
2026-03-29 22:56:50 | INFO | Episode  313 - Reward: -200.000, Length: 200, Loss: 0.8529, Entropy: 1.0986, Epsilon: 0.225
2026-03-29 22:56:51 | INFO | Episode  314 - Reward: -200.000, Length: 200, Loss: 0.8613, Entropy: 1.0986, Epsilon: 0.223
2026-03-29 22:56:51 | INFO | Episode  315 - Reward: -200.000, Length: 200, Loss: 0.8582, Entropy: 1.0986, Epsilon: 0.220
2026-03-29 22:56:52 | INFO | Episode  316 - Reward: -200.000, Length: 200, Loss: 0.8584, Entropy: 1.0986, Epsilon: 0.218
2026-03-29 22:56:52 | INFO | Episode  317 - Reward: -200.000, Length: 200, Loss: 0.8507, Entropy: 1.0986, Epsilon: 0.215
2026-03-29 22:56:53 | INFO | Episode  318 - Reward: -200.000, Length: 200, Loss: 0.8443, Entropy: 1.0986, Epsilon: 0.213
2026-03-29 22:56:53 | INFO | Episode  319 - Reward: -200.000, Length: 200, Loss: 0.8549, Entropy: 1.0986, Epsilon: 0.210
2026-03-29 22:56:54 | INFO | Episode  320 - Reward: -200.000, Length: 200, Loss: 0.8516, Entropy: 1.0986, Epsilon: 0.208
2026-03-29 22:56:54 | INFO | Episode  321 - Reward: -200.000, Length: 200, Loss: 0.8515, Entropy: 1.0986, Epsilon: 0.206
2026-03-29 22:56:54 | INFO | Episode  322 - Reward: -200.000, Length: 200, Loss: 0.8466, Entropy: 1.0986, Epsilon: 0.203
2026-03-29 22:56:55 | INFO | Episode  323 - Reward: -200.000, Length: 200, Loss: 0.8414, Entropy: 1.0986, Epsilon: 0.201
2026-03-29 22:56:55 | INFO | Episode  324 - Reward: -200.000, Length: 200, Loss: 0.8468, Entropy: 1.0986, Epsilon: 0.198
2026-03-29 22:56:56 | INFO | Episode  325 - Reward: -200.000, Length: 200, Loss: 0.8426, Entropy: 1.0986, Epsilon: 0.196
2026-03-29 22:56:56 | INFO | Episode  326 - Reward: -200.000, Length: 200, Loss: 0.8449, Entropy: 1.0986, Epsilon: 0.193
2026-03-29 22:56:57 | INFO | Episode  327 - Reward: -200.000, Length: 200, Loss: 0.8362, Entropy: 1.0986, Epsilon: 0.191
2026-03-29 22:56:57 | INFO | Episode  328 - Reward: -200.000, Length: 200, Loss: 0.8341, Entropy: 1.0986, Epsilon: 0.188
2026-03-29 22:56:58 | INFO | Episode  329 - Reward: -200.000, Length: 200, Loss: 0.8411, Entropy: 1.0986, Epsilon: 0.186
2026-03-29 22:56:58 | INFO | Episode  330 - Reward: -200.000, Length: 200, Loss: 0.8362, Entropy: 1.0986, Epsilon: 0.183
2026-03-29 22:56:59 | INFO | Episode  331 - Reward: -200.000, Length: 200, Loss: 0.8384, Entropy: 1.0986, Epsilon: 0.181
2026-03-29 22:56:59 | INFO | Episode  332 - Reward: -200.000, Length: 200, Loss: 0.8363, Entropy: 1.0986, Epsilon: 0.178
2026-03-29 22:57:00 | INFO | Episode  333 - Reward: -200.000, Length: 200, Loss: 0.8248, Entropy: 1.0986, Epsilon: 0.176
2026-03-29 22:57:00 | INFO | Episode  334 - Reward: -200.000, Length: 200, Loss: 0.8373, Entropy: 1.0986, Epsilon: 0.173
2026-03-29 22:57:01 | INFO | Episode  335 - Reward: -200.000, Length: 200, Loss: 0.8284, Entropy: 1.0986, Epsilon: 0.171
2026-03-29 22:57:01 | INFO | Episode  336 - Reward: -200.000, Length: 200, Loss: 0.8380, Entropy: 1.0986, Epsilon: 0.168
2026-03-29 22:57:02 | INFO | Episode  337 - Reward: -200.000, Length: 200, Loss: 0.8270, Entropy: 1.0986, Epsilon: 0.166
2026-03-29 22:57:02 | INFO | Episode  338 - Reward: -200.000, Length: 200, Loss: 0.8223, Entropy: 1.0986, Epsilon: 0.163
2026-03-29 22:57:03 | INFO | Episode  339 - Reward: -200.000, Length: 200, Loss: 0.8338, Entropy: 1.0986, Epsilon: 0.161
2026-03-29 22:57:03 | INFO | Episode  340 - Reward: -200.000, Length: 200, Loss: 0.8285, Entropy: 1.0986, Epsilon: 0.158
2026-03-29 22:57:04 | INFO | Episode  341 - Reward: -200.000, Length: 200, Loss: 0.8327, Entropy: 1.0986, Epsilon: 0.156
2026-03-29 22:57:04 | INFO | Episode  342 - Reward: -200.000, Length: 200, Loss: 0.8247, Entropy: 1.0986, Epsilon: 0.154
2026-03-29 22:57:05 | INFO | Episode  343 - Reward: -200.000, Length: 200, Loss: 0.8236, Entropy: 1.0986, Epsilon: 0.151
2026-03-29 22:57:05 | INFO | Episode  344 - Reward: -200.000, Length: 200, Loss: 0.8290, Entropy: 1.0986, Epsilon: 0.149
2026-03-29 22:57:06 | INFO | Episode  345 - Reward: -200.000, Length: 200, Loss: 0.8217, Entropy: 1.0986, Epsilon: 0.146
2026-03-29 22:57:06 | INFO | Episode  346 - Reward: -200.000, Length: 200, Loss: 0.8334, Entropy: 1.0986, Epsilon: 0.144
2026-03-29 22:57:06 | INFO | Episode  347 - Reward: -200.000, Length: 200, Loss: 0.8272, Entropy: 1.0986, Epsilon: 0.141
2026-03-29 22:57:07 | INFO | Episode  348 - Reward: -200.000, Length: 200, Loss: 0.8183, Entropy: 1.0986, Epsilon: 0.139
2026-03-29 22:57:07 | INFO | Episode  349 - Reward: -200.000, Length: 200, Loss: 0.8302, Entropy: 1.0986, Epsilon: 0.136
2026-03-29 22:57:08 | INFO | Episode  350 - Reward: -200.000, Length: 200, Loss: 0.8287, Entropy: 1.0986, Epsilon: 0.134
2026-03-29 22:57:14 | INFO | [Episode  350] eps=0.134  avg_reward=-200.000  avg_length=200.00  avg_loss=  0.8429  avg_entropy=1.0986  eval_success=0.000
2026-03-29 22:57:14 | INFO | Episode  351 - Reward: -200.000, Length: 200, Loss: 0.8361, Entropy: 1.0986, Epsilon: 0.131
2026-03-29 22:57:15 | INFO | Episode  352 - Reward: -200.000, Length: 200, Loss: 0.8299, Entropy: 1.0986, Epsilon: 0.129
2026-03-29 22:57:15 | INFO | Episode  353 - Reward: -200.000, Length: 200, Loss: 0.8201, Entropy: 1.0986, Epsilon: 0.126
2026-03-29 22:57:16 | INFO | Episode  354 - Reward: -200.000, Length: 200, Loss: 0.8378, Entropy: 1.0986, Epsilon: 0.124
2026-03-29 22:57:17 | INFO | Episode  355 - Reward: -200.000, Length: 200, Loss: 0.8313, Entropy: 1.0986, Epsilon: 0.121
2026-03-29 22:57:17 | INFO | Episode  356 - Reward: -200.000, Length: 200, Loss: 0.8357, Entropy: 1.0986, Epsilon: 0.119
2026-03-29 22:57:17 | INFO | Episode  357 - Reward: -200.000, Length: 200, Loss: 0.8295, Entropy: 1.0986, Epsilon: 0.116
2026-03-29 22:57:18 | INFO | Episode  358 - Reward: -200.000, Length: 200, Loss: 0.8255, Entropy: 1.0986, Epsilon: 0.114
2026-03-29 22:57:18 | INFO | Episode  359 - Reward: -200.000, Length: 200, Loss: 0.8404, Entropy: 1.0986, Epsilon: 0.111
2026-03-29 22:57:19 | INFO | Episode  360 - Reward: -200.000, Length: 200, Loss: 0.8336, Entropy: 1.0986, Epsilon: 0.109
2026-03-29 22:57:19 | INFO | Episode  361 - Reward: -200.000, Length: 200, Loss: 0.8457, Entropy: 1.0986, Epsilon: 0.107
2026-03-29 22:57:20 | INFO | Episode  362 - Reward: -200.000, Length: 200, Loss: 0.8365, Entropy: 1.0986, Epsilon: 0.104
2026-03-29 22:57:20 | INFO | Episode  363 - Reward: -200.000, Length: 200, Loss: 0.8251, Entropy: 1.0986, Epsilon: 0.102
2026-03-29 22:57:21 | INFO | Episode  364 - Reward: -200.000, Length: 200, Loss: 0.8452, Entropy: 1.0986, Epsilon: 0.099
2026-03-29 22:57:21 | INFO | Episode  365 - Reward: -200.000, Length: 200, Loss: 0.8376, Entropy: 1.0986, Epsilon: 0.097
2026-03-29 22:57:22 | INFO | Episode  366 - Reward: -200.000, Length: 200, Loss: 0.8443, Entropy: 1.0986, Epsilon: 0.094
2026-03-29 22:57:22 | INFO | Episode  367 - Reward: -200.000, Length: 200, Loss: 0.8396, Entropy: 1.0986, Epsilon: 0.092
2026-03-29 22:57:23 | INFO | Episode  368 - Reward: -200.000, Length: 200, Loss: 0.8278, Entropy: 1.0986, Epsilon: 0.089
2026-03-29 22:57:23 | INFO | Episode  369 - Reward: -200.000, Length: 200, Loss: 0.8362, Entropy: 1.0986, Epsilon: 0.087
2026-03-29 22:57:24 | INFO | Episode  370 - Reward: -200.000, Length: 200, Loss: 0.8298, Entropy: 1.0986, Epsilon: 0.084
2026-03-29 22:57:24 | INFO | Episode  371 - Reward: -200.000, Length: 200, Loss: 0.8355, Entropy: 1.0986, Epsilon: 0.082
2026-03-29 22:57:25 | INFO | Episode  372 - Reward: -200.000, Length: 200, Loss: 0.8302, Entropy: 1.0986, Epsilon: 0.079
2026-03-29 22:57:25 | INFO | Episode  373 - Reward: -200.000, Length: 200, Loss: 0.8126, Entropy: 1.0986, Epsilon: 0.077
2026-03-29 22:57:26 | INFO | Episode  374 - Reward: -200.000, Length: 200, Loss: 0.8310, Entropy: 1.0986, Epsilon: 0.074
2026-03-29 22:57:26 | INFO | Episode  375 - Reward: -200.000, Length: 200, Loss: 0.8227, Entropy: 1.0986, Epsilon: 0.072
2026-03-29 22:57:27 | INFO | Episode  376 - Reward: -200.000, Length: 200, Loss: 0.8296, Entropy: 1.0986, Epsilon: 0.069
2026-03-29 22:57:27 | INFO | Episode  377 - Reward: -200.000, Length: 200, Loss: 0.8162, Entropy: 1.0986, Epsilon: 0.067
2026-03-29 22:57:28 | INFO | Episode  378 - Reward: -200.000, Length: 200, Loss: 0.8127, Entropy: 1.0986, Epsilon: 0.064
2026-03-29 22:57:28 | INFO | Episode  379 - Reward: -200.000, Length: 200, Loss: 0.8270, Entropy: 1.0986, Epsilon: 0.062
2026-03-29 22:57:28 | INFO | Episode  380 - Reward: -200.000, Length: 200, Loss: 0.8193, Entropy: 1.0986, Epsilon: 0.059
2026-03-29 22:57:29 | INFO | Episode  381 - Reward: -200.000, Length: 200, Loss: 0.8271, Entropy: 1.0986, Epsilon: 0.057
2026-03-29 22:57:29 | INFO | Episode  382 - Reward: -200.000, Length: 200, Loss: 0.8130, Entropy: 1.0985, Epsilon: 0.055
2026-03-29 22:57:30 | INFO | Episode  383 - Reward: -200.000, Length: 200, Loss: 0.8077, Entropy: 1.0985, Epsilon: 0.052
2026-03-29 22:57:30 | INFO | Episode  384 - Reward: -200.000, Length: 200, Loss: 0.8214, Entropy: 1.0985, Epsilon: 0.050
2026-03-29 22:57:31 | INFO | Episode  385 - Reward: -200.000, Length: 200, Loss: 0.8131, Entropy: 1.0985, Epsilon: 0.047
2026-03-29 22:57:31 | INFO | Episode  386 - Reward: -200.000, Length: 200, Loss: 0.8214, Entropy: 1.0985, Epsilon: 0.045
2026-03-29 22:57:32 | INFO | Episode  387 - Reward: -200.000, Length: 200, Loss: 0.8123, Entropy: 1.0985, Epsilon: 0.042
2026-03-29 22:57:32 | INFO | Episode  388 - Reward: -200.000, Length: 200, Loss: 0.8002, Entropy: 1.0985, Epsilon: 0.040
2026-03-29 22:57:33 | INFO | Episode  389 - Reward: -200.000, Length: 200, Loss: 0.8144, Entropy: 1.0985, Epsilon: 0.037
2026-03-29 22:57:33 | INFO | Episode  390 - Reward: -200.000, Length: 200, Loss: 0.8021, Entropy: 1.0985, Epsilon: 0.035
2026-03-29 22:57:34 | INFO | Episode  391 - Reward: -200.000, Length: 200, Loss: 0.8062, Entropy: 1.0985, Epsilon: 0.032
2026-03-29 22:57:34 | INFO | Episode  392 - Reward: -200.000, Length: 200, Loss: 0.7994, Entropy: 1.0984, Epsilon: 0.030
2026-03-29 22:57:35 | INFO | Episode  393 - Reward: -200.000, Length: 200, Loss: 0.7916, Entropy: 1.0984, Epsilon: 0.027
2026-03-29 22:57:35 | INFO | Episode  394 - Reward: -200.000, Length: 200, Loss: 0.7964, Entropy: 1.0984, Epsilon: 0.025
2026-03-29 22:57:36 | INFO | Episode  395 - Reward: -200.000, Length: 200, Loss: 0.7878, Entropy: 1.0984, Epsilon: 0.022
2026-03-29 22:57:36 | INFO | Episode  396 - Reward: -200.000, Length: 200, Loss: 0.7959, Entropy: 1.0984, Epsilon: 0.020
2026-03-29 22:57:37 | INFO | Episode  397 - Reward: -200.000, Length: 200, Loss: 0.7832, Entropy: 1.0984, Epsilon: 0.017
2026-03-29 22:57:37 | INFO | Episode  398 - Reward: -200.000, Length: 200, Loss: 0.7793, Entropy: 1.0984, Epsilon: 0.015
2026-03-29 22:57:38 | INFO | Episode  399 - Reward: -200.000, Length: 200, Loss: 0.7957, Entropy: 1.0984, Epsilon: 0.012
2026-03-29 22:57:38 | INFO | Episode  400 - Reward: -200.000, Length: 200, Loss: 0.7822, Entropy: 1.0983, Epsilon: 0.010
2026-03-29 22:57:44 | INFO | [Episode  400] eps=0.010  avg_reward=-200.000  avg_length=200.00  avg_loss=  0.8195  avg_entropy=1.0983  eval_success=0.000
2026-03-29 22:57:44 | INFO | Episode  401 - Reward: -200.000, Length: 200, Loss: 0.7856, Entropy: 1.0983, Epsilon: 0.010
2026-03-29 22:57:45 | INFO | Episode  402 - Reward: -200.000, Length: 200, Loss: 0.7759, Entropy: 1.0983, Epsilon: 0.010
2026-03-29 22:57:45 | INFO | Episode  403 - Reward: -200.000, Length: 200, Loss: 0.7688, Entropy: 1.0983, Epsilon: 0.010
2026-03-29 22:57:46 | INFO | Episode  404 - Reward: -200.000, Length: 200, Loss: 0.7721, Entropy: 1.0983, Epsilon: 0.010
2026-03-29 22:57:46 | INFO | Episode  405 - Reward: -200.000, Length: 200, Loss: 0.7681, Entropy: 1.0983, Epsilon: 0.010
2026-03-29 22:57:47 | INFO | Episode  406 - Reward: -200.000, Length: 200, Loss: 0.7715, Entropy: 1.0982, Epsilon: 0.010
2026-03-29 22:57:47 | INFO | Episode  407 - Reward: -200.000, Length: 200, Loss: 0.7608, Entropy: 1.0982, Epsilon: 0.010
2026-03-29 22:57:48 | INFO | Episode  408 - Reward: -200.000, Length: 200, Loss: 0.7566, Entropy: 1.0982, Epsilon: 0.010
2026-03-29 22:57:48 | INFO | Episode  409 - Reward: -200.000, Length: 200, Loss: 0.7671, Entropy: 1.0982, Epsilon: 0.010
2026-03-29 22:57:49 | INFO | Episode  410 - Reward: -200.000, Length: 200, Loss: 0.7601, Entropy: 1.0982, Epsilon: 0.010
2026-03-29 22:57:50 | INFO | Episode  411 - Reward: -200.000, Length: 200, Loss: 0.7615, Entropy: 1.0981, Epsilon: 0.010
2026-03-29 22:57:50 | INFO | Episode  412 - Reward: -200.000, Length: 200, Loss: 0.7543, Entropy: 1.0981, Epsilon: 0.010
2026-03-29 22:57:51 | INFO | Episode  413 - Reward: -200.000, Length: 200, Loss: 0.7457, Entropy: 1.0981, Epsilon: 0.010
2026-03-29 22:57:51 | INFO | Episode  414 - Reward: -200.000, Length: 200, Loss: 0.7591, Entropy: 1.0981, Epsilon: 0.010
2026-03-29 22:57:52 | INFO | Episode  415 - Reward: -200.000, Length: 200, Loss: 0.7471, Entropy: 1.0981, Epsilon: 0.010
2026-03-29 22:57:52 | INFO | Episode  416 - Reward: -200.000, Length: 200, Loss: 0.7555, Entropy: 1.0980, Epsilon: 0.010
2026-03-29 22:57:52 | INFO | Episode  417 - Reward: -200.000, Length: 200, Loss: 0.7513, Entropy: 1.0980, Epsilon: 0.010
2026-03-29 22:57:53 | INFO | Episode  418 - Reward: -200.000, Length: 200, Loss: 0.7422, Entropy: 1.0980, Epsilon: 0.010
2026-03-29 22:57:54 | INFO | Episode  419 - Reward: -200.000, Length: 200, Loss: 0.7595, Entropy: 1.0980, Epsilon: 0.010
2026-03-29 22:57:54 | INFO | Episode  420 - Reward: -200.000, Length: 200, Loss: 0.7491, Entropy: 1.0980, Epsilon: 0.010
2026-03-29 22:57:55 | INFO | Episode  421 - Reward: -200.000, Length: 200, Loss: 0.7535, Entropy: 1.0980, Epsilon: 0.010
2026-03-29 22:57:55 | INFO | Episode  422 - Reward: -200.000, Length: 200, Loss: 0.7444, Entropy: 1.0979, Epsilon: 0.010
2026-03-29 22:57:56 | INFO | Episode  423 - Reward: -200.000, Length: 200, Loss: 0.7415, Entropy: 1.0979, Epsilon: 0.010
2026-03-29 22:57:56 | INFO | Episode  424 - Reward: -200.000, Length: 200, Loss: 0.7528, Entropy: 1.0979, Epsilon: 0.010
2026-03-29 22:57:57 | INFO | Episode  425 - Reward: -200.000, Length: 200, Loss: 0.7490, Entropy: 1.0979, Epsilon: 0.010
2026-03-29 22:57:57 | INFO | Episode  426 - Reward: -200.000, Length: 200, Loss: 0.7528, Entropy: 1.0979, Epsilon: 0.010
2026-03-29 22:57:57 | INFO | Episode  427 - Reward: -200.000, Length: 200, Loss: 0.7470, Entropy: 1.0979, Epsilon: 0.010
2026-03-29 22:57:58 | INFO | Episode  428 - Reward: -200.000, Length: 200, Loss: 0.7363, Entropy: 1.0979, Epsilon: 0.010
2026-03-29 22:57:58 | INFO | Episode  429 - Reward: -200.000, Length: 200, Loss: 0.7538, Entropy: 1.0978, Epsilon: 0.010
2026-03-29 22:57:59 | INFO | Episode  430 - Reward: -200.000, Length: 200, Loss: 0.7498, Entropy: 1.0978, Epsilon: 0.010
2026-03-29 22:57:59 | INFO | Episode  431 - Reward: -200.000, Length: 200, Loss: 0.7610, Entropy: 1.0978, Epsilon: 0.010
2026-03-29 22:58:00 | INFO | Episode  432 - Reward: -200.000, Length: 200, Loss: 0.7435, Entropy: 1.0978, Epsilon: 0.010
2026-03-29 22:58:00 | INFO | Episode  433 - Reward: -200.000, Length: 200, Loss: 0.7390, Entropy: 1.0978, Epsilon: 0.010
2026-03-29 22:58:01 | INFO | Episode  434 - Reward: -200.000, Length: 200, Loss: 0.7520, Entropy: 1.0978, Epsilon: 0.010
2026-03-29 22:58:01 | INFO | Episode  435 - Reward: -200.000, Length: 200, Loss: 0.7477, Entropy: 1.0977, Epsilon: 0.010
2026-03-29 22:58:02 | INFO | Episode  436 - Reward: -200.000, Length: 200, Loss: 0.7597, Entropy: 1.0977, Epsilon: 0.010
2026-03-29 22:58:02 | INFO | Episode  437 - Reward: -200.000, Length: 200, Loss: 0.7444, Entropy: 1.0977, Epsilon: 0.010
2026-03-29 22:58:03 | INFO | Episode  438 - Reward: -200.000, Length: 200, Loss: 0.7414, Entropy: 1.0977, Epsilon: 0.010
2026-03-29 22:58:03 | INFO | Episode  439 - Reward: -200.000, Length: 200, Loss: 0.7565, Entropy: 1.0977, Epsilon: 0.010
2026-03-29 22:58:04 | INFO | Episode  440 - Reward: -200.000, Length: 200, Loss: 0.7482, Entropy: 1.0976, Epsilon: 0.010
2026-03-29 22:58:04 | INFO | Episode  441 - Reward: -200.000, Length: 200, Loss: 0.7444, Entropy: 1.0976, Epsilon: 0.010
2026-03-29 22:58:05 | INFO | Episode  442 - Reward: -200.000, Length: 200, Loss: 0.7421, Entropy: 1.0976, Epsilon: 0.010
2026-03-29 22:58:05 | INFO | Episode  443 - Reward: -200.000, Length: 200, Loss: 0.7335, Entropy: 1.0976, Epsilon: 0.010
2026-03-29 22:58:06 | INFO | Episode  444 - Reward: -200.000, Length: 200, Loss: 0.7486, Entropy: 1.0976, Epsilon: 0.010
2026-03-29 22:58:06 | INFO | Episode  445 - Reward: -200.000, Length: 200, Loss: 0.7381, Entropy: 1.0976, Epsilon: 0.010
2026-03-29 22:58:07 | INFO | Episode  446 - Reward: -200.000, Length: 200, Loss: 0.7362, Entropy: 1.0975, Epsilon: 0.010
2026-03-29 22:58:07 | INFO | Episode  447 - Reward: -200.000, Length: 200, Loss: 0.7361, Entropy: 1.0975, Epsilon: 0.010
2026-03-29 22:58:08 | INFO | Episode  448 - Reward: -200.000, Length: 200, Loss: 0.7243, Entropy: 1.0975, Epsilon: 0.010
2026-03-29 22:58:08 | INFO | Episode  449 - Reward: -200.000, Length: 200, Loss: 0.7350, Entropy: 1.0975, Epsilon: 0.010
2026-03-29 22:58:09 | INFO | Episode  450 - Reward: -200.000, Length: 200, Loss: 0.7240, Entropy: 1.0975, Epsilon: 0.010
2026-03-29 22:58:15 | INFO | [Episode  450] eps=0.010  avg_reward=-200.000  avg_length=200.00  avg_loss=  0.7510  avg_entropy=1.0975  eval_success=0.000
2026-03-29 22:58:15 | INFO | Episode  451 - Reward: -200.000, Length: 200, Loss: 0.7344, Entropy: 1.0975, Epsilon: 0.010
2026-03-29 22:58:16 | INFO | Episode  452 - Reward: -200.000, Length: 200, Loss: 0.7235, Entropy: 1.0975, Epsilon: 0.010
2026-03-29 22:58:16 | INFO | Episode  453 - Reward: -200.000, Length: 200, Loss: 0.7186, Entropy: 1.0975, Epsilon: 0.010
2026-03-29 22:58:17 | INFO | Episode  454 - Reward: -200.000, Length: 200, Loss: 0.7372, Entropy: 1.0975, Epsilon: 0.010
2026-03-29 22:58:17 | INFO | Episode  455 - Reward: -200.000, Length: 200, Loss: 0.7275, Entropy: 1.0975, Epsilon: 0.010
2026-03-29 22:58:18 | INFO | Episode  456 - Reward: -200.000, Length: 200, Loss: 0.7352, Entropy: 1.0976, Epsilon: 0.010
2026-03-29 22:58:18 | INFO | Episode  457 - Reward: -200.000, Length: 200, Loss: 0.7233, Entropy: 1.0976, Epsilon: 0.010
2026-03-29 22:58:19 | INFO | Episode  458 - Reward: -200.000, Length: 200, Loss: 0.7166, Entropy: 1.0976, Epsilon: 0.010
2026-03-29 22:58:19 | INFO | Episode  459 - Reward: -200.000, Length: 200, Loss: 0.7316, Entropy: 1.0976, Epsilon: 0.010
2026-03-29 22:58:20 | INFO | Episode  460 - Reward: -200.000, Length: 200, Loss: 0.7236, Entropy: 1.0976, Epsilon: 0.010
2026-03-29 22:58:20 | INFO | Episode  461 - Reward: -200.000, Length: 200, Loss: 0.7397, Entropy: 1.0976, Epsilon: 0.010
2026-03-29 22:58:21 | INFO | Episode  462 - Reward: -200.000, Length: 200, Loss: 0.7324, Entropy: 1.0977, Epsilon: 0.010
2026-03-29 22:58:21 | INFO | Episode  463 - Reward: -200.000, Length: 200, Loss: 0.7200, Entropy: 1.0977, Epsilon: 0.010
2026-03-29 22:58:22 | INFO | Episode  464 - Reward: -200.000, Length: 200, Loss: 0.7400, Entropy: 1.0977, Epsilon: 0.010
2026-03-29 22:58:23 | INFO | Episode  465 - Reward: -200.000, Length: 200, Loss: 0.7361, Entropy: 1.0977, Epsilon: 0.010
2026-03-29 22:58:23 | INFO | Episode  466 - Reward: -200.000, Length: 200, Loss: 0.7446, Entropy: 1.0978, Epsilon: 0.010
2026-03-29 22:58:24 | INFO | Episode  467 - Reward: -200.000, Length: 200, Loss: 0.7325, Entropy: 1.0978, Epsilon: 0.010
2026-03-29 22:58:24 | INFO | Episode  468 - Reward: -200.000, Length: 200, Loss: 0.7216, Entropy: 1.0978, Epsilon: 0.010
2026-03-29 22:58:25 | INFO | Episode  469 - Reward: -200.000, Length: 200, Loss: 0.7468, Entropy: 1.0979, Epsilon: 0.010
2026-03-29 22:58:25 | INFO | Episode  470 - Reward: -200.000, Length: 200, Loss: 0.7383, Entropy: 1.0979, Epsilon: 0.010
2026-03-29 22:58:26 | INFO | Episode  471 - Reward: -200.000, Length: 200, Loss: 0.7451, Entropy: 1.0980, Epsilon: 0.010
2026-03-29 22:58:26 | INFO | Episode  472 - Reward: -200.000, Length: 200, Loss: 0.7384, Entropy: 1.0980, Epsilon: 0.010
2026-03-29 22:58:27 | INFO | Episode  473 - Reward: -200.000, Length: 200, Loss: 0.7223, Entropy: 1.0980, Epsilon: 0.010
2026-03-29 22:58:27 | INFO | Episode  474 - Reward: -200.000, Length: 200, Loss: 0.7515, Entropy: 1.0981, Epsilon: 0.010
2026-03-29 22:58:28 | INFO | Episode  475 - Reward: -200.000, Length: 200, Loss: 0.7367, Entropy: 1.0981, Epsilon: 0.010
2026-03-29 22:58:28 | INFO | Episode  476 - Reward: -200.000, Length: 200, Loss: 0.7550, Entropy: 1.0982, Epsilon: 0.010
2026-03-29 22:58:29 | INFO | Episode  477 - Reward: -200.000, Length: 200, Loss: 0.7446, Entropy: 1.0982, Epsilon: 0.010
2026-03-29 22:58:30 | INFO | Episode  478 - Reward: -200.000, Length: 200, Loss: 0.7298, Entropy: 1.0982, Epsilon: 0.010
2026-03-29 22:58:30 | INFO | Episode  479 - Reward: -200.000, Length: 200, Loss: 0.7614, Entropy: 1.0983, Epsilon: 0.010
2026-03-29 22:58:31 | INFO | Episode  480 - Reward: -200.000, Length: 200, Loss: 0.7447, Entropy: 1.0983, Epsilon: 0.010
2026-03-29 22:58:31 | INFO | Episode  481 - Reward: -200.000, Length: 200, Loss: 0.7614, Entropy: 1.0984, Epsilon: 0.010
2026-03-29 22:58:32 | INFO | Episode  482 - Reward: -200.000, Length: 200, Loss: 0.7521, Entropy: 1.0984, Epsilon: 0.010
2026-03-29 22:58:32 | INFO | Episode  483 - Reward: -200.000, Length: 200, Loss: 0.7405, Entropy: 1.0984, Epsilon: 0.010
2026-03-29 22:58:33 | INFO | Episode  484 - Reward: -200.000, Length: 200, Loss: 0.7662, Entropy: 1.0985, Epsilon: 0.010
2026-03-29 22:58:33 | INFO | Episode  485 - Reward: -200.000, Length: 200, Loss: 0.7504, Entropy: 1.0985, Epsilon: 0.010
2026-03-29 22:58:34 | INFO | Episode  486 - Reward: -200.000, Length: 200, Loss: 0.7705, Entropy: 1.0985, Epsilon: 0.010
2026-03-29 22:58:34 | INFO | Episode  487 - Reward: -200.000, Length: 200, Loss: 0.7558, Entropy: 1.0985, Epsilon: 0.010
2026-03-29 22:58:35 | INFO | Episode  488 - Reward: -200.000, Length: 200, Loss: 0.7408, Entropy: 1.0985, Epsilon: 0.010
2026-03-29 22:58:35 | INFO | Episode  489 - Reward: -200.000, Length: 200, Loss: 0.7736, Entropy: 1.0985, Epsilon: 0.010
2026-03-29 22:58:36 | INFO | Episode  490 - Reward: -200.000, Length: 200, Loss: 0.7599, Entropy: 1.0985, Epsilon: 0.010
2026-03-29 22:58:36 | INFO | Episode  491 - Reward: -200.000, Length: 200, Loss: 0.7739, Entropy: 1.0985, Epsilon: 0.010
2026-03-29 22:58:37 | INFO | Episode  492 - Reward: -200.000, Length: 200, Loss: 0.7576, Entropy: 1.0985, Epsilon: 0.010
2026-03-29 22:58:37 | INFO | Episode  493 - Reward: -200.000, Length: 200, Loss: 0.7425, Entropy: 1.0985, Epsilon: 0.010
2026-03-29 22:58:38 | INFO | Episode  494 - Reward: -200.000, Length: 200, Loss: 0.7500, Entropy: 1.0985, Epsilon: 0.010
2026-03-29 22:58:38 | INFO | Episode  495 - Reward: -200.000, Length: 200, Loss: 0.7331, Entropy: 1.0985, Epsilon: 0.010
2026-03-29 22:58:38 | INFO | Episode  496 - Reward: -200.000, Length: 200, Loss: 0.7308, Entropy: 1.0984, Epsilon: 0.010
2026-03-29 22:58:39 | INFO | Episode  497 - Reward: -200.000, Length: 200, Loss: 0.7194, Entropy: 1.0984, Epsilon: 0.010
2026-03-29 22:58:39 | INFO | Episode  498 - Reward: -200.000, Length: 200, Loss: 0.7055, Entropy: 1.0983, Epsilon: 0.010
2026-03-29 22:58:40 | INFO | Episode  499 - Reward: -200.000, Length: 200, Loss: 0.7102, Entropy: 1.0983, Epsilon: 0.010
2026-03-29 22:58:40 | INFO | Episode  500 - Reward: -200.000, Length: 200, Loss: 0.6941, Entropy: 1.0982, Epsilon: 0.010
2026-03-29 22:58:47 | INFO | [Episode  500] eps=0.010  avg_reward=-200.000  avg_length=200.00  avg_loss=  0.7388  avg_entropy=1.0982  eval_success=0.000
2026-03-29 22:58:47 | INFO | DQN+Entropy training: 4m 54.83s
2026-03-29 22:59:11 | INFO | [Final Eval] success=0.000, mean_reward=-200.000
