2026-03-29 08:34:57 | INFO | ============================================================
2026-03-29 08:34:57 | INFO | DEVICE / COMPUTE INFORMATION
2026-03-29 08:34:57 | INFO |   JAX backend       : GPU
2026-03-29 08:34:57 | INFO |   Platform          : gpu
2026-03-29 08:34:57 | INFO |   Num devices       : 2
2026-03-29 08:34:57 | INFO |   Device            : cuda:0
2026-03-29 08:34:57 | INFO |   Device            : cuda:1
2026-03-29 08:34:57 | INFO |   GPU name          : Tesla T4
2026-03-29 08:34:57 | INFO | ============================================================
2026-03-29 08:34:57 | INFO | DQN+Entropy | seed=1, lr=0.0005, gamma=0.95, alpha=0.01
2026-03-29 08:34:57 | INFO | Env: cartpole/sparse, obs_dim=4, num_actions=2
2026-03-29 08:35:00 | INFO | Episode    1 - Reward: 1.000, Length: 11, Loss: 0.0000, Entropy: 0.0000, Epsilon: 0.998
2026-03-29 08:35:02 | INFO | Episode    2 - Reward: 1.000, Length: 17, Loss: 0.0000, Entropy: 0.0000, Epsilon: 0.995
2026-03-29 08:35:05 | INFO | Episode    3 - Reward: 1.000, Length: 16, Loss: 0.0000, Entropy: 0.0000, Epsilon: 0.993
2026-03-29 08:35:07 | INFO | Episode    4 - Reward: 1.000, Length: 12, Loss: 0.0000, Entropy: 0.0000, Epsilon: 0.990
2026-03-29 08:35:09 | INFO | Episode    5 - Reward: 1.000, Length: 15, Loss: 0.0000, Entropy: 0.0000, Epsilon: 0.988
2026-03-29 08:35:11 | INFO | Episode    6 - Reward: 1.000, Length: 31, Loss: 0.0000, Entropy: 0.0000, Epsilon: 0.985
2026-03-29 08:35:13 | INFO | Episode    7 - Reward: 1.000, Length: 21, Loss: 0.0000, Entropy: 0.0000, Epsilon: 0.983
2026-03-29 08:35:15 | INFO | Episode    8 - Reward: 1.000, Length: 12, Loss: 0.0000, Entropy: 0.0000, Epsilon: 0.980
2026-03-29 08:35:17 | INFO | Episode    9 - Reward: 1.000, Length: 41, Loss: 0.0000, Entropy: 0.0000, Epsilon: 0.978
2026-03-29 08:35:19 | INFO | Episode   10 - Reward: 1.000, Length: 39, Loss: 0.0000, Entropy: 0.0000, Epsilon: 0.975
2026-03-29 08:35:21 | INFO | Episode   11 - Reward: 1.000, Length: 15, Loss: 0.0000, Entropy: 0.0000, Epsilon: 0.973
2026-03-29 08:35:26 | INFO | Episode   12 - Reward: 1.000, Length: 32, Loss: 0.0505, Entropy: 0.6931, Epsilon: 0.970
2026-03-29 08:35:28 | INFO | Episode   13 - Reward: 1.000, Length: 37, Loss: 0.0395, Entropy: 0.6931, Epsilon: 0.968
2026-03-29 08:35:30 | INFO | Episode   14 - Reward: 1.000, Length: 16, Loss: 0.0294, Entropy: 0.6931, Epsilon: 0.965
2026-03-29 08:35:32 | INFO | Episode   15 - Reward: 1.000, Length: 35, Loss: 0.0357, Entropy: 0.6931, Epsilon: 0.963
2026-03-29 08:35:34 | INFO | Episode   16 - Reward: 1.000, Length: 36, Loss: 0.0366, Entropy: 0.6931, Epsilon: 0.960
2026-03-29 08:35:37 | INFO | Episode   17 - Reward: 1.000, Length: 10, Loss: 0.0306, Entropy: 0.6931, Epsilon: 0.958
2026-03-29 08:35:39 | INFO | Episode   18 - Reward: 1.000, Length: 16, Loss: 0.0447, Entropy: 0.6931, Epsilon: 0.955
2026-03-29 08:35:41 | INFO | Episode   19 - Reward: 1.000, Length: 20, Loss: 0.0464, Entropy: 0.6931, Epsilon: 0.953
2026-03-29 08:35:43 | INFO | Episode   20 - Reward: 1.000, Length: 19, Loss: 0.0514, Entropy: 0.6931, Epsilon: 0.951
2026-03-29 08:35:45 | INFO | Episode   21 - Reward: 1.000, Length: 10, Loss: 0.0426, Entropy: 0.6931, Epsilon: 0.948
2026-03-29 08:35:47 | INFO | Episode   22 - Reward: 1.000, Length: 41, Loss: 0.0525, Entropy: 0.6931, Epsilon: 0.946
2026-03-29 08:35:50 | INFO | Episode   23 - Reward: 1.000, Length: 15, Loss: 0.0449, Entropy: 0.6931, Epsilon: 0.943
2026-03-29 08:35:52 | INFO | Episode   24 - Reward: 1.000, Length: 17, Loss: 0.0302, Entropy: 0.6931, Epsilon: 0.941
2026-03-29 08:35:54 | INFO | Episode   25 - Reward: 1.000, Length: 21, Loss: 0.0381, Entropy: 0.6931, Epsilon: 0.938
2026-03-29 08:35:56 | INFO | Episode   26 - Reward: 1.000, Length: 26, Loss: 0.0486, Entropy: 0.6931, Epsilon: 0.936
2026-03-29 08:35:58 | INFO | Episode   27 - Reward: 1.000, Length: 12, Loss: 0.0389, Entropy: 0.6931, Epsilon: 0.933
2026-03-29 08:36:00 | INFO | Episode   28 - Reward: 1.000, Length: 15, Loss: 0.0485, Entropy: 0.6931, Epsilon: 0.931
2026-03-29 08:36:02 | INFO | Episode   29 - Reward: 1.000, Length: 18, Loss: 0.0452, Entropy: 0.6931, Epsilon: 0.928
2026-03-29 08:36:04 | INFO | Episode   30 - Reward: 1.000, Length: 31, Loss: 0.0524, Entropy: 0.6931, Epsilon: 0.926
2026-03-29 08:36:07 | INFO | Episode   31 - Reward: 1.000, Length: 27, Loss: 0.0474, Entropy: 0.6931, Epsilon: 0.923
2026-03-29 08:36:09 | INFO | Episode   32 - Reward: 1.000, Length: 11, Loss: 0.0475, Entropy: 0.6931, Epsilon: 0.921
2026-03-29 08:36:11 | INFO | Episode   33 - Reward: 1.000, Length: 25, Loss: 0.0390, Entropy: 0.6931, Epsilon: 0.918
2026-03-29 08:36:13 | INFO | Episode   34 - Reward: 1.000, Length: 26, Loss: 0.0526, Entropy: 0.6931, Epsilon: 0.916
2026-03-29 08:36:15 | INFO | Episode   35 - Reward: 1.000, Length: 13, Loss: 0.0459, Entropy: 0.6931, Epsilon: 0.913
2026-03-29 08:36:17 | INFO | Episode   36 - Reward: 1.000, Length: 19, Loss: 0.0366, Entropy: 0.6931, Epsilon: 0.911
2026-03-29 08:36:19 | INFO | Episode   37 - Reward: 1.000, Length: 10, Loss: 0.0282, Entropy: 0.6931, Epsilon: 0.908
2026-03-29 08:36:21 | INFO | Episode   38 - Reward: 1.000, Length: 20, Loss: 0.0332, Entropy: 0.6931, Epsilon: 0.906
2026-03-29 08:36:24 | INFO | Episode   39 - Reward: 1.000, Length: 13, Loss: 0.0395, Entropy: 0.6931, Epsilon: 0.903
2026-03-29 08:36:26 | INFO | Episode   40 - Reward: 1.000, Length: 23, Loss: 0.0367, Entropy: 0.6931, Epsilon: 0.901
2026-03-29 08:36:28 | INFO | Episode   41 - Reward: 1.000, Length: 12, Loss: 0.0432, Entropy: 0.6931, Epsilon: 0.899
2026-03-29 08:36:30 | INFO | Episode   42 - Reward: 1.000, Length: 24, Loss: 0.0465, Entropy: 0.6931, Epsilon: 0.896
2026-03-29 08:36:32 | INFO | Episode   43 - Reward: 1.000, Length: 23, Loss: 0.0455, Entropy: 0.6931, Epsilon: 0.894
2026-03-29 08:36:34 | INFO | Episode   44 - Reward: 1.000, Length: 15, Loss: 0.0513, Entropy: 0.6931, Epsilon: 0.891
2026-03-29 08:36:37 | INFO | Episode   45 - Reward: 1.000, Length: 16, Loss: 0.0324, Entropy: 0.6931, Epsilon: 0.889
2026-03-29 08:36:39 | INFO | Episode   46 - Reward: 1.000, Length: 12, Loss: 0.0482, Entropy: 0.6931, Epsilon: 0.886
2026-03-29 08:36:41 | INFO | Episode   47 - Reward: 1.000, Length: 20, Loss: 0.0472, Entropy: 0.6931, Epsilon: 0.884
2026-03-29 08:36:43 | INFO | Episode   48 - Reward: 1.000, Length: 25, Loss: 0.0492, Entropy: 0.6931, Epsilon: 0.881
2026-03-29 08:36:45 | INFO | Episode   49 - Reward: 1.000, Length: 24, Loss: 0.0534, Entropy: 0.6931, Epsilon: 0.879
2026-03-29 08:36:48 | INFO | Episode   50 - Reward: 1.000, Length: 25, Loss: 0.0406, Entropy: 0.6931, Epsilon: 0.876
2026-03-29 08:37:01 | INFO | [Episode   50] eps=0.876  avg_reward=   1.000  avg_length= 20.80  avg_loss=  0.0334  avg_entropy=0.6931  eval_success=0.000
2026-03-29 08:37:03 | INFO | Episode   51 - Reward: 1.000, Length: 15, Loss: 0.0567, Entropy: 0.6931, Epsilon: 0.874
2026-03-29 08:37:06 | INFO | Episode   52 - Reward: 1.000, Length: 32, Loss: 0.0352, Entropy: 0.6931, Epsilon: 0.871
2026-03-29 08:37:08 | INFO | Episode   53 - Reward: 1.000, Length: 32, Loss: 0.0248, Entropy: 0.6931, Epsilon: 0.869
2026-03-29 08:37:10 | INFO | Episode   54 - Reward: 1.000, Length: 22, Loss: 0.0427, Entropy: 0.6931, Epsilon: 0.866
2026-03-29 08:37:12 | INFO | Episode   55 - Reward: 1.000, Length: 8, Loss: 0.0511, Entropy: 0.6931, Epsilon: 0.864
2026-03-29 08:37:14 | INFO | Episode   56 - Reward: 1.000, Length: 10, Loss: 0.0408, Entropy: 0.6931, Epsilon: 0.861
2026-03-29 08:37:17 | INFO | Episode   57 - Reward: 1.000, Length: 14, Loss: 0.0398, Entropy: 0.6931, Epsilon: 0.859
2026-03-29 08:37:19 | INFO | Episode   58 - Reward: 1.000, Length: 38, Loss: 0.0527, Entropy: 0.6931, Epsilon: 0.856
2026-03-29 08:37:21 | INFO | Episode   59 - Reward: 1.000, Length: 16, Loss: 0.0287, Entropy: 0.6931, Epsilon: 0.854
2026-03-29 08:37:23 | INFO | Episode   60 - Reward: 1.000, Length: 22, Loss: 0.0591, Entropy: 0.6931, Epsilon: 0.852
2026-03-29 08:37:25 | INFO | Episode   61 - Reward: 1.000, Length: 20, Loss: 0.0386, Entropy: 0.6931, Epsilon: 0.849
2026-03-29 08:37:28 | INFO | Episode   62 - Reward: 1.000, Length: 11, Loss: 0.0493, Entropy: 0.6931, Epsilon: 0.847
2026-03-29 08:37:30 | INFO | Episode   63 - Reward: 1.000, Length: 15, Loss: 0.0351, Entropy: 0.6931, Epsilon: 0.844
2026-03-29 08:37:32 | INFO | Episode   64 - Reward: 1.000, Length: 24, Loss: 0.0548, Entropy: 0.6931, Epsilon: 0.842
2026-03-29 08:37:35 | INFO | Episode   65 - Reward: 1.000, Length: 32, Loss: 0.0426, Entropy: 0.6931, Epsilon: 0.839
2026-03-29 08:37:37 | INFO | Episode   66 - Reward: 1.000, Length: 21, Loss: 0.0360, Entropy: 0.6931, Epsilon: 0.837
2026-03-29 08:37:39 | INFO | Episode   67 - Reward: 1.000, Length: 11, Loss: 0.0465, Entropy: 0.6931, Epsilon: 0.834
2026-03-29 08:37:41 | INFO | Episode   68 - Reward: 1.000, Length: 19, Loss: 0.0567, Entropy: 0.6931, Epsilon: 0.832
2026-03-29 08:37:43 | INFO | Episode   69 - Reward: 1.000, Length: 19, Loss: 0.0472, Entropy: 0.6931, Epsilon: 0.829
2026-03-29 08:37:45 | INFO | Episode   70 - Reward: 1.000, Length: 12, Loss: 0.0381, Entropy: 0.6931, Epsilon: 0.827
2026-03-29 08:37:48 | INFO | Episode   71 - Reward: 1.000, Length: 26, Loss: 0.0412, Entropy: 0.6931, Epsilon: 0.824
2026-03-29 08:37:50 | INFO | Episode   72 - Reward: 1.000, Length: 23, Loss: 0.0535, Entropy: 0.6931, Epsilon: 0.822
2026-03-29 08:37:52 | INFO | Episode   73 - Reward: 1.000, Length: 12, Loss: 0.0570, Entropy: 0.6931, Epsilon: 0.819
2026-03-29 08:37:54 | INFO | Episode   74 - Reward: 1.000, Length: 17, Loss: 0.0456, Entropy: 0.6931, Epsilon: 0.817
2026-03-29 08:37:56 | INFO | Episode   75 - Reward: 1.000, Length: 13, Loss: 0.0583, Entropy: 0.6931, Epsilon: 0.814
2026-03-29 08:37:59 | INFO | Episode   76 - Reward: 1.000, Length: 14, Loss: 0.0400, Entropy: 0.6931, Epsilon: 0.812
2026-03-29 08:38:01 | INFO | Episode   77 - Reward: 1.000, Length: 17, Loss: 0.0524, Entropy: 0.6931, Epsilon: 0.809
2026-03-29 08:38:03 | INFO | Episode   78 - Reward: 1.000, Length: 14, Loss: 0.0544, Entropy: 0.6931, Epsilon: 0.807
2026-03-29 08:38:05 | INFO | Episode   79 - Reward: 1.000, Length: 28, Loss: 0.0491, Entropy: 0.6931, Epsilon: 0.804
2026-03-29 08:38:07 | INFO | Episode   80 - Reward: 1.000, Length: 19, Loss: 0.0515, Entropy: 0.6931, Epsilon: 0.802
2026-03-29 08:38:10 | INFO | Episode   81 - Reward: 1.000, Length: 32, Loss: 0.0303, Entropy: 0.6931, Epsilon: 0.800
2026-03-29 08:38:12 | INFO | Episode   82 - Reward: 1.000, Length: 20, Loss: 0.0573, Entropy: 0.6931, Epsilon: 0.797
2026-03-29 08:38:14 | INFO | Episode   83 - Reward: 1.000, Length: 23, Loss: 0.0437, Entropy: 0.6931, Epsilon: 0.795
2026-03-29 08:38:16 | INFO | Episode   84 - Reward: 1.000, Length: 15, Loss: 0.0515, Entropy: 0.6931, Epsilon: 0.792
2026-03-29 08:38:18 | INFO | Episode   85 - Reward: 1.000, Length: 39, Loss: 0.0471, Entropy: 0.6931, Epsilon: 0.790
2026-03-29 08:38:21 | INFO | Episode   86 - Reward: 1.000, Length: 16, Loss: 0.0459, Entropy: 0.6931, Epsilon: 0.787
2026-03-29 08:38:23 | INFO | Episode   87 - Reward: 1.000, Length: 9, Loss: 0.0488, Entropy: 0.6931, Epsilon: 0.785
2026-03-29 08:38:25 | INFO | Episode   88 - Reward: 1.000, Length: 13, Loss: 0.0458, Entropy: 0.6931, Epsilon: 0.782
2026-03-29 08:38:27 | INFO | Episode   89 - Reward: 1.000, Length: 12, Loss: 0.0411, Entropy: 0.6931, Epsilon: 0.780
2026-03-29 08:38:29 | INFO | Episode   90 - Reward: 1.000, Length: 14, Loss: 0.0347, Entropy: 0.6931, Epsilon: 0.777
2026-03-29 08:38:31 | INFO | Episode   91 - Reward: 1.000, Length: 14, Loss: 0.0417, Entropy: 0.6931, Epsilon: 0.775
2026-03-29 08:38:33 | INFO | Episode   92 - Reward: 1.000, Length: 24, Loss: 0.0443, Entropy: 0.6931, Epsilon: 0.772
2026-03-29 08:38:36 | INFO | Episode   93 - Reward: 1.000, Length: 17, Loss: 0.0478, Entropy: 0.6931, Epsilon: 0.770
2026-03-29 08:38:38 | INFO | Episode   94 - Reward: 1.000, Length: 10, Loss: 0.0512, Entropy: 0.6931, Epsilon: 0.767
2026-03-29 08:38:40 | INFO | Episode   95 - Reward: 1.000, Length: 14, Loss: 0.0315, Entropy: 0.6931, Epsilon: 0.765
2026-03-29 08:38:42 | INFO | Episode   96 - Reward: 1.000, Length: 18, Loss: 0.0368, Entropy: 0.6931, Epsilon: 0.762
2026-03-29 08:38:44 | INFO | Episode   97 - Reward: 1.000, Length: 29, Loss: 0.0373, Entropy: 0.6931, Epsilon: 0.760
2026-03-29 08:38:46 | INFO | Episode   98 - Reward: 1.000, Length: 21, Loss: 0.0507, Entropy: 0.6931, Epsilon: 0.757
2026-03-29 08:38:48 | INFO | Episode   99 - Reward: 1.000, Length: 20, Loss: 0.0592, Entropy: 0.6931, Epsilon: 0.755
2026-03-29 08:38:50 | INFO | Episode  100 - Reward: 1.000, Length: 13, Loss: 0.0377, Entropy: 0.6931, Epsilon: 0.752
2026-03-29 08:39:02 | INFO | [Episode  100] eps=0.752  avg_reward=   1.000  avg_length= 18.98  avg_loss=  0.0453  avg_entropy=0.6931  eval_success=0.000
2026-03-29 08:39:05 | INFO | Episode  101 - Reward: 1.000, Length: 11, Loss: 0.0447, Entropy: 0.6931, Epsilon: 0.750
2026-03-29 08:39:07 | INFO | Episode  102 - Reward: 1.000, Length: 12, Loss: 0.0460, Entropy: 0.6931, Epsilon: 0.748
2026-03-29 08:39:09 | INFO | Episode  103 - Reward: 1.000, Length: 27, Loss: 0.0437, Entropy: 0.6931, Epsilon: 0.745
2026-03-29 08:39:12 | INFO | Episode  104 - Reward: 1.000, Length: 16, Loss: 0.0456, Entropy: 0.6931, Epsilon: 0.743
2026-03-29 08:39:14 | INFO | Episode  105 - Reward: 1.000, Length: 36, Loss: 0.0330, Entropy: 0.6931, Epsilon: 0.740
2026-03-29 08:39:16 | INFO | Episode  106 - Reward: 1.000, Length: 21, Loss: 0.0407, Entropy: 0.6931, Epsilon: 0.738
2026-03-29 08:39:18 | INFO | Episode  107 - Reward: 1.000, Length: 21, Loss: 0.0568, Entropy: 0.6931, Epsilon: 0.735
2026-03-29 08:39:20 | INFO | Episode  108 - Reward: 1.000, Length: 13, Loss: 0.0477, Entropy: 0.6931, Epsilon: 0.733
2026-03-29 08:39:22 | INFO | Episode  109 - Reward: 1.000, Length: 33, Loss: 0.0500, Entropy: 0.6931, Epsilon: 0.730
2026-03-29 08:39:24 | INFO | Episode  110 - Reward: 1.000, Length: 24, Loss: 0.0353, Entropy: 0.6931, Epsilon: 0.728
2026-03-29 08:39:26 | INFO | Episode  111 - Reward: 1.000, Length: 10, Loss: 0.0513, Entropy: 0.6931, Epsilon: 0.725
2026-03-29 08:39:28 | INFO | Episode  112 - Reward: 1.000, Length: 21, Loss: 0.0398, Entropy: 0.6931, Epsilon: 0.723
2026-03-29 08:39:31 | INFO | Episode  113 - Reward: 1.000, Length: 13, Loss: 0.0302, Entropy: 0.6931, Epsilon: 0.720
2026-03-29 08:39:33 | INFO | Episode  114 - Reward: 1.000, Length: 46, Loss: 0.0602, Entropy: 0.6931, Epsilon: 0.718
2026-03-29 08:39:35 | INFO | Episode  115 - Reward: 1.000, Length: 23, Loss: 0.0427, Entropy: 0.6931, Epsilon: 0.715
2026-03-29 08:39:38 | INFO | Episode  116 - Reward: 1.000, Length: 13, Loss: 0.0388, Entropy: 0.6931, Epsilon: 0.713
2026-03-29 08:39:40 | INFO | Episode  117 - Reward: 1.000, Length: 27, Loss: 0.0322, Entropy: 0.6931, Epsilon: 0.710
2026-03-29 08:39:42 | INFO | Episode  118 - Reward: 1.000, Length: 12, Loss: 0.0483, Entropy: 0.6931, Epsilon: 0.708
2026-03-29 08:39:44 | INFO | Episode  119 - Reward: 1.000, Length: 16, Loss: 0.0360, Entropy: 0.6931, Epsilon: 0.705
2026-03-29 08:39:46 | INFO | Episode  120 - Reward: 1.000, Length: 14, Loss: 0.0515, Entropy: 0.6931, Epsilon: 0.703
2026-03-29 08:39:48 | INFO | Episode  121 - Reward: 1.000, Length: 16, Loss: 0.0497, Entropy: 0.6931, Epsilon: 0.701
2026-03-29 08:39:50 | INFO | Episode  122 - Reward: 1.000, Length: 24, Loss: 0.0438, Entropy: 0.6931, Epsilon: 0.698
2026-03-29 08:39:52 | INFO | Episode  123 - Reward: 1.000, Length: 33, Loss: 0.0483, Entropy: 0.6931, Epsilon: 0.696
2026-03-29 08:39:54 | INFO | Episode  124 - Reward: 1.000, Length: 9, Loss: 0.0506, Entropy: 0.6931, Epsilon: 0.693
2026-03-29 08:39:57 | INFO | Episode  125 - Reward: 1.000, Length: 19, Loss: 0.0617, Entropy: 0.6931, Epsilon: 0.691
2026-03-29 08:39:59 | INFO | Episode  126 - Reward: 1.000, Length: 15, Loss: 0.0459, Entropy: 0.6931, Epsilon: 0.688
2026-03-29 08:40:01 | INFO | Episode  127 - Reward: 1.000, Length: 21, Loss: 0.0445, Entropy: 0.6931, Epsilon: 0.686
2026-03-29 08:40:03 | INFO | Episode  128 - Reward: 1.000, Length: 16, Loss: 0.0403, Entropy: 0.6931, Epsilon: 0.683
2026-03-29 08:40:05 | INFO | Episode  129 - Reward: 1.000, Length: 14, Loss: 0.0441, Entropy: 0.6931, Epsilon: 0.681
2026-03-29 08:40:07 | INFO | Episode  130 - Reward: 1.000, Length: 17, Loss: 0.0409, Entropy: 0.6931, Epsilon: 0.678
2026-03-29 08:40:09 | INFO | Episode  131 - Reward: 1.000, Length: 13, Loss: 0.0440, Entropy: 0.6931, Epsilon: 0.676
2026-03-29 08:40:12 | INFO | Episode  132 - Reward: 1.000, Length: 38, Loss: 0.0440, Entropy: 0.6931, Epsilon: 0.673
2026-03-29 08:40:14 | INFO | Episode  133 - Reward: 1.000, Length: 19, Loss: 0.0602, Entropy: 0.6931, Epsilon: 0.671
2026-03-29 08:40:16 | INFO | Episode  134 - Reward: 1.000, Length: 17, Loss: 0.0572, Entropy: 0.6931, Epsilon: 0.668
2026-03-29 08:40:18 | INFO | Episode  135 - Reward: 1.000, Length: 72, Loss: 0.0574, Entropy: 0.6931, Epsilon: 0.666
2026-03-29 08:40:20 | INFO | Episode  136 - Reward: 1.000, Length: 18, Loss: 0.0410, Entropy: 0.6931, Epsilon: 0.663
2026-03-29 08:40:22 | INFO | Episode  137 - Reward: 1.000, Length: 25, Loss: 0.0348, Entropy: 0.6931, Epsilon: 0.661
2026-03-29 08:40:25 | INFO | Episode  138 - Reward: 1.000, Length: 25, Loss: 0.0386, Entropy: 0.6931, Epsilon: 0.658
2026-03-29 08:40:27 | INFO | Episode  139 - Reward: 1.000, Length: 23, Loss: 0.0462, Entropy: 0.6931, Epsilon: 0.656
2026-03-29 08:40:29 | INFO | Episode  140 - Reward: 1.000, Length: 29, Loss: 0.0399, Entropy: 0.6931, Epsilon: 0.653
2026-03-29 08:40:31 | INFO | Episode  141 - Reward: 1.000, Length: 14, Loss: 0.0390, Entropy: 0.6931, Epsilon: 0.651
2026-03-29 08:40:33 | INFO | Episode  142 - Reward: 1.000, Length: 20, Loss: 0.0449, Entropy: 0.6931, Epsilon: 0.649
2026-03-29 08:40:35 | INFO | Episode  143 - Reward: 1.000, Length: 32, Loss: 0.0370, Entropy: 0.6931, Epsilon: 0.646
2026-03-29 08:40:37 | INFO | Episode  144 - Reward: 1.000, Length: 17, Loss: 0.0510, Entropy: 0.6931, Epsilon: 0.644
2026-03-29 08:40:40 | INFO | Episode  145 - Reward: 1.000, Length: 25, Loss: 0.0580, Entropy: 0.6931, Epsilon: 0.641
2026-03-29 08:40:42 | INFO | Episode  146 - Reward: 1.000, Length: 21, Loss: 0.0431, Entropy: 0.6931, Epsilon: 0.639
2026-03-29 08:40:44 | INFO | Episode  147 - Reward: 1.000, Length: 10, Loss: 0.0459, Entropy: 0.6931, Epsilon: 0.636
2026-03-29 08:40:47 | INFO | Episode  148 - Reward: 1.000, Length: 38, Loss: 0.0438, Entropy: 0.6931, Epsilon: 0.634
2026-03-29 08:40:49 | INFO | Episode  149 - Reward: 1.000, Length: 24, Loss: 0.0277, Entropy: 0.6931, Epsilon: 0.631
2026-03-29 08:40:51 | INFO | Episode  150 - Reward: 1.000, Length: 51, Loss: 0.0486, Entropy: 0.6931, Epsilon: 0.629
2026-03-29 08:41:03 | INFO | [Episode  150] eps=0.629  avg_reward=   1.000  avg_length= 22.48  avg_loss=  0.0449  avg_entropy=0.6931  eval_success=0.000
2026-03-29 08:41:06 | INFO | Episode  151 - Reward: 1.000, Length: 15, Loss: 0.0416, Entropy: 0.6931, Epsilon: 0.626
2026-03-29 08:41:08 | INFO | Episode  152 - Reward: 1.000, Length: 26, Loss: 0.0347, Entropy: 0.6931, Epsilon: 0.624
2026-03-29 08:41:11 | INFO | Episode  153 - Reward: 1.000, Length: 13, Loss: 0.0438, Entropy: 0.6931, Epsilon: 0.621
2026-03-29 08:41:13 | INFO | Episode  154 - Reward: 1.000, Length: 15, Loss: 0.0438, Entropy: 0.6931, Epsilon: 0.619
2026-03-29 08:41:16 | INFO | Episode  155 - Reward: 1.000, Length: 12, Loss: 0.0397, Entropy: 0.6931, Epsilon: 0.616
2026-03-29 08:41:18 | INFO | Episode  156 - Reward: 1.000, Length: 27, Loss: 0.0317, Entropy: 0.6931, Epsilon: 0.614
2026-03-29 08:41:20 | INFO | Episode  157 - Reward: 1.000, Length: 10, Loss: 0.0394, Entropy: 0.6931, Epsilon: 0.611
2026-03-29 08:41:22 | INFO | Episode  158 - Reward: 1.000, Length: 21, Loss: 0.0501, Entropy: 0.6931, Epsilon: 0.609
2026-03-29 08:41:25 | INFO | Episode  159 - Reward: 1.000, Length: 17, Loss: 0.0433, Entropy: 0.6931, Epsilon: 0.606
2026-03-29 08:41:27 | INFO | Episode  160 - Reward: 1.000, Length: 11, Loss: 0.0520, Entropy: 0.6931, Epsilon: 0.604
2026-03-29 08:41:29 | INFO | Episode  161 - Reward: 1.000, Length: 27, Loss: 0.0354, Entropy: 0.6931, Epsilon: 0.602
2026-03-29 08:41:31 | INFO | Episode  162 - Reward: 1.000, Length: 20, Loss: 0.0414, Entropy: 0.6931, Epsilon: 0.599
2026-03-29 08:41:33 | INFO | Episode  163 - Reward: 1.000, Length: 24, Loss: 0.0533, Entropy: 0.6931, Epsilon: 0.597
2026-03-29 08:41:36 | INFO | Episode  164 - Reward: 1.000, Length: 26, Loss: 0.0431, Entropy: 0.6931, Epsilon: 0.594
2026-03-29 08:41:38 | INFO | Episode  165 - Reward: 1.000, Length: 22, Loss: 0.0466, Entropy: 0.6931, Epsilon: 0.592
2026-03-29 08:41:40 | INFO | Episode  166 - Reward: 1.000, Length: 26, Loss: 0.0447, Entropy: 0.6931, Epsilon: 0.589
2026-03-29 08:41:42 | INFO | Episode  167 - Reward: 1.000, Length: 16, Loss: 0.0427, Entropy: 0.6931, Epsilon: 0.587
2026-03-29 08:41:45 | INFO | Episode  168 - Reward: 1.000, Length: 27, Loss: 0.0385, Entropy: 0.6931, Epsilon: 0.584
2026-03-29 08:41:47 | INFO | Episode  169 - Reward: 1.000, Length: 16, Loss: 0.0323, Entropy: 0.6931, Epsilon: 0.582
2026-03-29 08:41:49 | INFO | Episode  170 - Reward: 1.000, Length: 36, Loss: 0.0362, Entropy: 0.6931, Epsilon: 0.579
2026-03-29 08:41:51 | INFO | Episode  171 - Reward: 1.000, Length: 11, Loss: 0.0534, Entropy: 0.6931, Epsilon: 0.577
2026-03-29 08:41:53 | INFO | Episode  172 - Reward: 1.000, Length: 13, Loss: 0.0422, Entropy: 0.6931, Epsilon: 0.574
2026-03-29 08:41:55 | INFO | Episode  173 - Reward: 1.000, Length: 22, Loss: 0.0531, Entropy: 0.6931, Epsilon: 0.572
2026-03-29 08:41:57 | INFO | Episode  174 - Reward: 1.000, Length: 19, Loss: 0.0364, Entropy: 0.6931, Epsilon: 0.569
2026-03-29 08:42:00 | INFO | Episode  175 - Reward: 1.000, Length: 12, Loss: 0.0344, Entropy: 0.6931, Epsilon: 0.567
2026-03-29 08:42:02 | INFO | Episode  176 - Reward: 1.000, Length: 21, Loss: 0.0355, Entropy: 0.6931, Epsilon: 0.564
2026-03-29 08:42:04 | INFO | Episode  177 - Reward: 1.000, Length: 26, Loss: 0.0432, Entropy: 0.6931, Epsilon: 0.562
2026-03-29 08:42:06 | INFO | Episode  178 - Reward: 1.000, Length: 12, Loss: 0.0409, Entropy: 0.6931, Epsilon: 0.559
2026-03-29 08:42:08 | INFO | Episode  179 - Reward: 1.000, Length: 18, Loss: 0.0390, Entropy: 0.6931, Epsilon: 0.557
2026-03-29 08:42:11 | INFO | Episode  180 - Reward: 1.000, Length: 22, Loss: 0.0542, Entropy: 0.6931, Epsilon: 0.554
2026-03-29 08:42:13 | INFO | Episode  181 - Reward: 1.000, Length: 19, Loss: 0.0461, Entropy: 0.6931, Epsilon: 0.552
2026-03-29 08:42:15 | INFO | Episode  182 - Reward: 1.000, Length: 42, Loss: 0.0430, Entropy: 0.6931, Epsilon: 0.550
2026-03-29 08:42:17 | INFO | Episode  183 - Reward: 1.000, Length: 15, Loss: 0.0470, Entropy: 0.6931, Epsilon: 0.547
2026-03-29 08:42:19 | INFO | Episode  184 - Reward: 1.000, Length: 34, Loss: 0.0453, Entropy: 0.6931, Epsilon: 0.545
2026-03-29 08:42:21 | INFO | Episode  185 - Reward: 1.000, Length: 17, Loss: 0.0491, Entropy: 0.6931, Epsilon: 0.542
2026-03-29 08:42:24 | INFO | Episode  186 - Reward: 1.000, Length: 26, Loss: 0.0419, Entropy: 0.6931, Epsilon: 0.540
2026-03-29 08:42:26 | INFO | Episode  187 - Reward: 1.000, Length: 31, Loss: 0.0500, Entropy: 0.6931, Epsilon: 0.537
2026-03-29 08:42:28 | INFO | Episode  188 - Reward: 1.000, Length: 23, Loss: 0.0490, Entropy: 0.6931, Epsilon: 0.535
2026-03-29 08:42:30 | INFO | Episode  189 - Reward: 1.000, Length: 28, Loss: 0.0408, Entropy: 0.6931, Epsilon: 0.532
2026-03-29 08:42:32 | INFO | Episode  190 - Reward: 1.000, Length: 49, Loss: 0.0401, Entropy: 0.6931, Epsilon: 0.530
2026-03-29 08:42:34 | INFO | Episode  191 - Reward: 1.000, Length: 24, Loss: 0.0460, Entropy: 0.6931, Epsilon: 0.527
2026-03-29 08:42:37 | INFO | Episode  192 - Reward: 1.000, Length: 28, Loss: 0.0262, Entropy: 0.6931, Epsilon: 0.525
2026-03-29 08:42:39 | INFO | Episode  193 - Reward: 1.000, Length: 20, Loss: 0.0442, Entropy: 0.6931, Epsilon: 0.522
2026-03-29 08:42:41 | INFO | Episode  194 - Reward: 1.000, Length: 16, Loss: 0.0321, Entropy: 0.6931, Epsilon: 0.520
2026-03-29 08:42:43 | INFO | Episode  195 - Reward: 1.000, Length: 33, Loss: 0.0358, Entropy: 0.6931, Epsilon: 0.517
2026-03-29 08:42:45 | INFO | Episode  196 - Reward: 1.000, Length: 14, Loss: 0.0528, Entropy: 0.6931, Epsilon: 0.515
2026-03-29 08:42:47 | INFO | Episode  197 - Reward: 1.000, Length: 23, Loss: 0.0451, Entropy: 0.6931, Epsilon: 0.512
2026-03-29 08:42:49 | INFO | Episode  198 - Reward: 1.000, Length: 22, Loss: 0.0407, Entropy: 0.6931, Epsilon: 0.510
2026-03-29 08:42:51 | INFO | Episode  199 - Reward: 1.000, Length: 17, Loss: 0.0408, Entropy: 0.6931, Epsilon: 0.507
2026-03-29 08:42:54 | INFO | Episode  200 - Reward: 1.000, Length: 11, Loss: 0.0357, Entropy: 0.6931, Epsilon: 0.505
2026-03-29 08:43:02 | INFO | [Episode  200] eps=0.505  avg_reward=   1.000  avg_length= 21.50  avg_loss=  0.0424  avg_entropy=0.6931  eval_success=0.000
2026-03-29 08:43:04 | INFO | Episode  201 - Reward: 1.000, Length: 12, Loss: 0.0482, Entropy: 0.6931, Epsilon: 0.503
2026-03-29 08:43:06 | INFO | Episode  202 - Reward: 1.000, Length: 38, Loss: 0.0338, Entropy: 0.6931, Epsilon: 0.500
2026-03-29 08:43:09 | INFO | Episode  203 - Reward: 1.000, Length: 24, Loss: 0.0449, Entropy: 0.6931, Epsilon: 0.498
2026-03-29 08:43:11 | INFO | Episode  204 - Reward: 1.000, Length: 29, Loss: 0.0514, Entropy: 0.6931, Epsilon: 0.495
2026-03-29 08:43:14 | INFO | Episode  205 - Reward: 1.000, Length: 27, Loss: 0.0407, Entropy: 0.6931, Epsilon: 0.493
2026-03-29 08:43:17 | INFO | Episode  206 - Reward: 1.000, Length: 50, Loss: 0.0349, Entropy: 0.6931, Epsilon: 0.490
2026-03-29 08:43:19 | INFO | Episode  207 - Reward: 1.000, Length: 28, Loss: 0.0391, Entropy: 0.6931, Epsilon: 0.488
2026-03-29 08:43:22 | INFO | Episode  208 - Reward: 1.000, Length: 34, Loss: 0.0428, Entropy: 0.6931, Epsilon: 0.485
2026-03-29 08:43:24 | INFO | Episode  209 - Reward: 1.000, Length: 23, Loss: 0.0428, Entropy: 0.6931, Epsilon: 0.483
2026-03-29 08:43:27 | INFO | Episode  210 - Reward: 1.000, Length: 41, Loss: 0.0397, Entropy: 0.6931, Epsilon: 0.480
2026-03-29 08:43:29 | INFO | Episode  211 - Reward: 1.000, Length: 24, Loss: 0.0356, Entropy: 0.6931, Epsilon: 0.478
2026-03-29 08:43:31 | INFO | Episode  212 - Reward: 1.000, Length: 11, Loss: 0.0416, Entropy: 0.6931, Epsilon: 0.475
2026-03-29 08:43:33 | INFO | Episode  213 - Reward: 1.000, Length: 23, Loss: 0.0355, Entropy: 0.6931, Epsilon: 0.473
2026-03-29 08:43:35 | INFO | Episode  214 - Reward: 1.000, Length: 40, Loss: 0.0465, Entropy: 0.6931, Epsilon: 0.470
2026-03-29 08:43:37 | INFO | Episode  215 - Reward: 1.000, Length: 58, Loss: 0.0397, Entropy: 0.6931, Epsilon: 0.468
2026-03-29 08:43:39 | INFO | Episode  216 - Reward: 1.000, Length: 13, Loss: 0.0385, Entropy: 0.6931, Epsilon: 0.465
2026-03-29 08:43:41 | INFO | Episode  217 - Reward: 1.000, Length: 10, Loss: 0.0404, Entropy: 0.6931, Epsilon: 0.463
2026-03-29 08:43:44 | INFO | Episode  218 - Reward: 1.000, Length: 24, Loss: 0.0513, Entropy: 0.6931, Epsilon: 0.460
2026-03-29 08:43:46 | INFO | Episode  219 - Reward: 1.000, Length: 53, Loss: 0.0391, Entropy: 0.6931, Epsilon: 0.458
2026-03-29 08:43:48 | INFO | Episode  220 - Reward: 1.000, Length: 12, Loss: 0.0382, Entropy: 0.6931, Epsilon: 0.456
2026-03-29 08:43:50 | INFO | Episode  221 - Reward: 1.000, Length: 11, Loss: 0.0493, Entropy: 0.6931, Epsilon: 0.453
2026-03-29 08:43:52 | INFO | Episode  222 - Reward: 1.000, Length: 22, Loss: 0.0414, Entropy: 0.6931, Epsilon: 0.451
2026-03-29 08:43:54 | INFO | Episode  223 - Reward: 1.000, Length: 13, Loss: 0.0295, Entropy: 0.6931, Epsilon: 0.448
2026-03-29 08:43:57 | INFO | Episode  224 - Reward: 1.000, Length: 32, Loss: 0.0364, Entropy: 0.6931, Epsilon: 0.446
2026-03-29 08:43:59 | INFO | Episode  225 - Reward: 1.000, Length: 26, Loss: 0.0431, Entropy: 0.6931, Epsilon: 0.443
2026-03-29 08:44:01 | INFO | Episode  226 - Reward: 1.000, Length: 15, Loss: 0.0286, Entropy: 0.6931, Epsilon: 0.441
2026-03-29 08:44:03 | INFO | Episode  227 - Reward: 1.000, Length: 20, Loss: 0.0453, Entropy: 0.6931, Epsilon: 0.438
2026-03-29 08:44:05 | INFO | Episode  228 - Reward: 1.000, Length: 31, Loss: 0.0366, Entropy: 0.6931, Epsilon: 0.436
2026-03-29 08:44:08 | INFO | Episode  229 - Reward: 1.000, Length: 53, Loss: 0.0345, Entropy: 0.6931, Epsilon: 0.433
2026-03-29 08:44:11 | INFO | Episode  230 - Reward: 1.000, Length: 27, Loss: 0.0353, Entropy: 0.6931, Epsilon: 0.431
2026-03-29 08:44:13 | INFO | Episode  231 - Reward: 1.000, Length: 38, Loss: 0.0501, Entropy: 0.6931, Epsilon: 0.428
2026-03-29 08:44:15 | INFO | Episode  232 - Reward: 1.000, Length: 12, Loss: 0.0304, Entropy: 0.6931, Epsilon: 0.426
2026-03-29 08:44:17 | INFO | Episode  233 - Reward: 1.000, Length: 28, Loss: 0.0482, Entropy: 0.6931, Epsilon: 0.423
2026-03-29 08:44:19 | INFO | Episode  234 - Reward: 1.000, Length: 19, Loss: 0.0461, Entropy: 0.6931, Epsilon: 0.421
2026-03-29 08:44:21 | INFO | Episode  235 - Reward: 1.000, Length: 13, Loss: 0.0481, Entropy: 0.6931, Epsilon: 0.418
2026-03-29 08:44:23 | INFO | Episode  236 - Reward: 1.000, Length: 22, Loss: 0.0383, Entropy: 0.6931, Epsilon: 0.416
2026-03-29 08:44:25 | INFO | Episode  237 - Reward: 1.000, Length: 32, Loss: 0.0303, Entropy: 0.6931, Epsilon: 0.413
2026-03-29 08:44:28 | INFO | Episode  238 - Reward: 1.000, Length: 25, Loss: 0.0401, Entropy: 0.6931, Epsilon: 0.411
2026-03-29 08:44:30 | INFO | Episode  239 - Reward: 1.000, Length: 15, Loss: 0.0380, Entropy: 0.6931, Epsilon: 0.408
2026-03-29 08:44:32 | INFO | Episode  240 - Reward: 1.000, Length: 14, Loss: 0.0439, Entropy: 0.6931, Epsilon: 0.406
2026-03-29 08:44:34 | INFO | Episode  241 - Reward: 1.000, Length: 16, Loss: 0.0285, Entropy: 0.6931, Epsilon: 0.404
2026-03-29 08:44:36 | INFO | Episode  242 - Reward: 1.000, Length: 31, Loss: 0.0333, Entropy: 0.6931, Epsilon: 0.401
2026-03-29 08:44:39 | INFO | Episode  243 - Reward: 1.000, Length: 15, Loss: 0.0497, Entropy: 0.6931, Epsilon: 0.399
2026-03-29 08:44:41 | INFO | Episode  244 - Reward: 1.000, Length: 26, Loss: 0.0410, Entropy: 0.6931, Epsilon: 0.396
2026-03-29 08:44:43 | INFO | Episode  245 - Reward: 1.000, Length: 15, Loss: 0.0392, Entropy: 0.6931, Epsilon: 0.394
2026-03-29 08:44:46 | INFO | Episode  246 - Reward: 1.000, Length: 22, Loss: 0.0369, Entropy: 0.6931, Epsilon: 0.391
2026-03-29 08:44:48 | INFO | Episode  247 - Reward: 1.000, Length: 25, Loss: 0.0422, Entropy: 0.6931, Epsilon: 0.389
2026-03-29 08:44:50 | INFO | Episode  248 - Reward: 1.000, Length: 39, Loss: 0.0431, Entropy: 0.6931, Epsilon: 0.386
2026-03-29 08:44:53 | INFO | Episode  249 - Reward: 1.000, Length: 18, Loss: 0.0343, Entropy: 0.6931, Epsilon: 0.384
2026-03-29 08:44:55 | INFO | Episode  250 - Reward: 1.000, Length: 13, Loss: 0.0379, Entropy: 0.6931, Epsilon: 0.381
2026-03-29 08:45:05 | INFO | [Episode  250] eps=0.381  avg_reward=   1.000  avg_length= 25.24  avg_loss=  0.0401  avg_entropy=0.6931  eval_success=0.000
2026-03-29 08:45:07 | INFO | Episode  251 - Reward: 1.000, Length: 22, Loss: 0.0437, Entropy: 0.6931, Epsilon: 0.379
2026-03-29 08:45:09 | INFO | Episode  252 - Reward: 1.000, Length: 36, Loss: 0.0440, Entropy: 0.6931, Epsilon: 0.376
2026-03-29 08:45:12 | INFO | Episode  253 - Reward: 1.000, Length: 21, Loss: 0.0439, Entropy: 0.6931, Epsilon: 0.374
2026-03-29 08:45:14 | INFO | Episode  254 - Reward: 1.000, Length: 15, Loss: 0.0411, Entropy: 0.6931, Epsilon: 0.371
2026-03-29 08:45:16 | INFO | Episode  255 - Reward: 1.000, Length: 27, Loss: 0.0529, Entropy: 0.6931, Epsilon: 0.369
2026-03-29 08:45:19 | INFO | Episode  256 - Reward: 1.000, Length: 26, Loss: 0.0380, Entropy: 0.6931, Epsilon: 0.366
2026-03-29 08:45:21 | INFO | Episode  257 - Reward: 1.000, Length: 12, Loss: 0.0370, Entropy: 0.6931, Epsilon: 0.364
2026-03-29 08:45:24 | INFO | Episode  258 - Reward: 1.000, Length: 13, Loss: 0.0469, Entropy: 0.6931, Epsilon: 0.361
2026-03-29 08:45:26 | INFO | Episode  259 - Reward: 1.000, Length: 54, Loss: 0.0330, Entropy: 0.6931, Epsilon: 0.359
2026-03-29 08:45:29 | INFO | Episode  260 - Reward: 1.000, Length: 49, Loss: 0.0301, Entropy: 0.6931, Epsilon: 0.357
2026-03-29 08:45:31 | INFO | Episode  261 - Reward: 1.000, Length: 49, Loss: 0.0447, Entropy: 0.6931, Epsilon: 0.354
2026-03-29 08:45:33 | INFO | Episode  262 - Reward: 1.000, Length: 26, Loss: 0.0281, Entropy: 0.6931, Epsilon: 0.352
2026-03-29 08:45:35 | INFO | Episode  263 - Reward: 1.000, Length: 24, Loss: 0.0318, Entropy: 0.6931, Epsilon: 0.349
2026-03-29 08:45:38 | INFO | Episode  264 - Reward: 1.000, Length: 13, Loss: 0.0289, Entropy: 0.6931, Epsilon: 0.347
2026-03-29 08:45:40 | INFO | Episode  265 - Reward: 1.000, Length: 57, Loss: 0.0349, Entropy: 0.6931, Epsilon: 0.344
2026-03-29 08:45:42 | INFO | Episode  266 - Reward: 1.000, Length: 20, Loss: 0.0310, Entropy: 0.6931, Epsilon: 0.342
2026-03-29 08:45:44 | INFO | Episode  267 - Reward: 1.000, Length: 16, Loss: 0.0260, Entropy: 0.6931, Epsilon: 0.339
2026-03-29 08:45:46 | INFO | Episode  268 - Reward: 1.000, Length: 16, Loss: 0.0457, Entropy: 0.6931, Epsilon: 0.337
2026-03-29 08:45:48 | INFO | Episode  269 - Reward: 1.000, Length: 14, Loss: 0.0389, Entropy: 0.6931, Epsilon: 0.334
2026-03-29 08:45:50 | INFO | Episode  270 - Reward: 1.000, Length: 23, Loss: 0.0346, Entropy: 0.6931, Epsilon: 0.332
2026-03-29 08:45:53 | INFO | Episode  271 - Reward: 1.000, Length: 18, Loss: 0.0366, Entropy: 0.6931, Epsilon: 0.329
2026-03-29 08:45:55 | INFO | Episode  272 - Reward: 1.000, Length: 49, Loss: 0.0426, Entropy: 0.6931, Epsilon: 0.327
2026-03-29 08:45:57 | INFO | Episode  273 - Reward: 1.000, Length: 14, Loss: 0.0465, Entropy: 0.6931, Epsilon: 0.324
2026-03-29 08:45:59 | INFO | Episode  274 - Reward: 1.000, Length: 33, Loss: 0.0438, Entropy: 0.6931, Epsilon: 0.322
2026-03-29 08:46:01 | INFO | Episode  275 - Reward: 1.000, Length: 11, Loss: 0.0425, Entropy: 0.6931, Epsilon: 0.319
2026-03-29 08:46:03 | INFO | Episode  276 - Reward: 1.000, Length: 10, Loss: 0.0424, Entropy: 0.6931, Epsilon: 0.317
2026-03-29 08:46:06 | INFO | Episode  277 - Reward: 1.000, Length: 12, Loss: 0.0550, Entropy: 0.6931, Epsilon: 0.314
2026-03-29 08:46:08 | INFO | Episode  278 - Reward: 1.000, Length: 17, Loss: 0.0288, Entropy: 0.6931, Epsilon: 0.312
2026-03-29 08:46:10 | INFO | Episode  279 - Reward: 1.000, Length: 16, Loss: 0.0399, Entropy: 0.6931, Epsilon: 0.309
2026-03-29 08:46:12 | INFO | Episode  280 - Reward: 1.000, Length: 14, Loss: 0.0365, Entropy: 0.6931, Epsilon: 0.307
2026-03-29 08:46:15 | INFO | Episode  281 - Reward: 1.000, Length: 20, Loss: 0.0445, Entropy: 0.6931, Epsilon: 0.305
2026-03-29 08:46:17 | INFO | Episode  282 - Reward: 1.000, Length: 30, Loss: 0.0290, Entropy: 0.6931, Epsilon: 0.302
2026-03-29 08:46:20 | INFO | Episode  283 - Reward: 1.000, Length: 15, Loss: 0.0404, Entropy: 0.6931, Epsilon: 0.300
2026-03-29 08:46:22 | INFO | Episode  284 - Reward: 1.000, Length: 9, Loss: 0.0433, Entropy: 0.6931, Epsilon: 0.297
2026-03-29 08:46:24 | INFO | Episode  285 - Reward: 1.000, Length: 14, Loss: 0.0445, Entropy: 0.6931, Epsilon: 0.295
2026-03-29 08:46:26 | INFO | Episode  286 - Reward: 1.000, Length: 13, Loss: 0.0279, Entropy: 0.6931, Epsilon: 0.292
2026-03-29 08:46:28 | INFO | Episode  287 - Reward: 1.000, Length: 26, Loss: 0.0478, Entropy: 0.6931, Epsilon: 0.290
2026-03-29 08:46:30 | INFO | Episode  288 - Reward: 1.000, Length: 31, Loss: 0.0326, Entropy: 0.6931, Epsilon: 0.287
2026-03-29 08:46:32 | INFO | Episode  289 - Reward: 1.000, Length: 17, Loss: 0.0406, Entropy: 0.6931, Epsilon: 0.285
2026-03-29 08:46:34 | INFO | Episode  290 - Reward: 1.000, Length: 13, Loss: 0.0361, Entropy: 0.6931, Epsilon: 0.282
2026-03-29 08:46:36 | INFO | Episode  291 - Reward: 1.000, Length: 28, Loss: 0.0363, Entropy: 0.6931, Epsilon: 0.280
2026-03-29 08:46:39 | INFO | Episode  292 - Reward: 1.000, Length: 12, Loss: 0.0334, Entropy: 0.6931, Epsilon: 0.277
2026-03-29 08:46:41 | INFO | Episode  293 - Reward: 1.000, Length: 13, Loss: 0.0492, Entropy: 0.6931, Epsilon: 0.275
2026-03-29 08:46:43 | INFO | Episode  294 - Reward: 1.000, Length: 11, Loss: 0.0374, Entropy: 0.6931, Epsilon: 0.272
2026-03-29 08:46:45 | INFO | Episode  295 - Reward: 1.000, Length: 13, Loss: 0.0258, Entropy: 0.6931, Epsilon: 0.270
2026-03-29 08:46:47 | INFO | Episode  296 - Reward: 1.000, Length: 27, Loss: 0.0405, Entropy: 0.6931, Epsilon: 0.267
2026-03-29 08:46:49 | INFO | Episode  297 - Reward: 1.000, Length: 38, Loss: 0.0257, Entropy: 0.6931, Epsilon: 0.265
2026-03-29 08:46:52 | INFO | Episode  298 - Reward: 1.000, Length: 28, Loss: 0.0420, Entropy: 0.6931, Epsilon: 0.262
2026-03-29 08:46:54 | INFO | Episode  299 - Reward: 1.000, Length: 19, Loss: 0.0480, Entropy: 0.6931, Epsilon: 0.260
2026-03-29 08:46:56 | INFO | Episode  300 - Reward: 1.000, Length: 11, Loss: 0.0307, Entropy: 0.6931, Epsilon: 0.258
2026-03-29 08:47:05 | INFO | [Episode  300] eps=0.258  avg_reward=   1.000  avg_length= 22.30  avg_loss=  0.0385  avg_entropy=0.6931  eval_success=0.000
2026-03-29 08:47:08 | INFO | Episode  301 - Reward: 1.000, Length: 14, Loss: 0.0343, Entropy: 0.6931, Epsilon: 0.255
2026-03-29 08:47:10 | INFO | Episode  302 - Reward: 1.000, Length: 25, Loss: 0.0381, Entropy: 0.6931, Epsilon: 0.253
2026-03-29 08:47:12 | INFO | Episode  303 - Reward: 1.000, Length: 13, Loss: 0.0372, Entropy: 0.6931, Epsilon: 0.250
2026-03-29 08:47:14 | INFO | Episode  304 - Reward: 1.000, Length: 16, Loss: 0.0381, Entropy: 0.6931, Epsilon: 0.248
2026-03-29 08:47:17 | INFO | Episode  305 - Reward: 1.000, Length: 11, Loss: 0.0472, Entropy: 0.6931, Epsilon: 0.245
2026-03-29 08:47:19 | INFO | Episode  306 - Reward: 1.000, Length: 35, Loss: 0.0507, Entropy: 0.6931, Epsilon: 0.243
2026-03-29 08:47:21 | INFO | Episode  307 - Reward: 1.000, Length: 16, Loss: 0.0422, Entropy: 0.6931, Epsilon: 0.240
2026-03-29 08:47:24 | INFO | Episode  308 - Reward: 1.000, Length: 58, Loss: 0.0344, Entropy: 0.6931, Epsilon: 0.238
2026-03-29 08:47:26 | INFO | Episode  309 - Reward: 1.000, Length: 16, Loss: 0.0438, Entropy: 0.6931, Epsilon: 0.235
2026-03-29 08:47:28 | INFO | Episode  310 - Reward: 1.000, Length: 14, Loss: 0.0409, Entropy: 0.6931, Epsilon: 0.233
2026-03-29 08:47:31 | INFO | Episode  311 - Reward: 1.000, Length: 17, Loss: 0.0353, Entropy: 0.6931, Epsilon: 0.230
2026-03-29 08:47:33 | INFO | Episode  312 - Reward: 1.000, Length: 14, Loss: 0.0352, Entropy: 0.6931, Epsilon: 0.228
2026-03-29 08:47:35 | INFO | Episode  313 - Reward: 1.000, Length: 30, Loss: 0.0409, Entropy: 0.6931, Epsilon: 0.225
2026-03-29 08:47:38 | INFO | Episode  314 - Reward: 1.000, Length: 29, Loss: 0.0400, Entropy: 0.6931, Epsilon: 0.223
2026-03-29 08:47:40 | INFO | Episode  315 - Reward: 1.000, Length: 25, Loss: 0.0410, Entropy: 0.6931, Epsilon: 0.220
2026-03-29 08:47:42 | INFO | Episode  316 - Reward: 1.000, Length: 12, Loss: 0.0324, Entropy: 0.6931, Epsilon: 0.218
2026-03-29 08:47:44 | INFO | Episode  317 - Reward: 1.000, Length: 27, Loss: 0.0426, Entropy: 0.6931, Epsilon: 0.215
2026-03-29 08:47:46 | INFO | Episode  318 - Reward: 1.000, Length: 22, Loss: 0.0448, Entropy: 0.6931, Epsilon: 0.213
2026-03-29 08:47:48 | INFO | Episode  319 - Reward: 1.000, Length: 14, Loss: 0.0399, Entropy: 0.6931, Epsilon: 0.210
2026-03-29 08:47:51 | INFO | Episode  320 - Reward: 1.000, Length: 15, Loss: 0.0535, Entropy: 0.6931, Epsilon: 0.208
2026-03-29 08:47:53 | INFO | Episode  321 - Reward: 1.000, Length: 47, Loss: 0.0370, Entropy: 0.6931, Epsilon: 0.206
2026-03-29 08:47:55 | INFO | Episode  322 - Reward: 1.000, Length: 30, Loss: 0.0368, Entropy: 0.6931, Epsilon: 0.203
2026-03-29 08:47:57 | INFO | Episode  323 - Reward: 1.000, Length: 16, Loss: 0.0302, Entropy: 0.6931, Epsilon: 0.201
2026-03-29 08:47:59 | INFO | Episode  324 - Reward: 1.000, Length: 26, Loss: 0.0282, Entropy: 0.6931, Epsilon: 0.198
2026-03-29 08:48:02 | INFO | Episode  325 - Reward: 1.000, Length: 24, Loss: 0.0428, Entropy: 0.6931, Epsilon: 0.196
2026-03-29 08:48:04 | INFO | Episode  326 - Reward: 1.000, Length: 23, Loss: 0.0443, Entropy: 0.6931, Epsilon: 0.193
2026-03-29 08:48:06 | INFO | Episode  327 - Reward: 1.000, Length: 12, Loss: 0.0387, Entropy: 0.6931, Epsilon: 0.191
2026-03-29 08:48:09 | INFO | Episode  328 - Reward: 1.000, Length: 18, Loss: 0.0452, Entropy: 0.6931, Epsilon: 0.188
2026-03-29 08:48:11 | INFO | Episode  329 - Reward: 1.000, Length: 13, Loss: 0.0388, Entropy: 0.6931, Epsilon: 0.186
2026-03-29 08:48:13 | INFO | Episode  330 - Reward: 1.000, Length: 21, Loss: 0.0281, Entropy: 0.6931, Epsilon: 0.183
2026-03-29 08:48:15 | INFO | Episode  331 - Reward: 1.000, Length: 13, Loss: 0.0407, Entropy: 0.6931, Epsilon: 0.181
2026-03-29 08:48:17 | INFO | Episode  332 - Reward: 1.000, Length: 39, Loss: 0.0388, Entropy: 0.6931, Epsilon: 0.178
2026-03-29 08:48:20 | INFO | Episode  333 - Reward: 1.000, Length: 13, Loss: 0.0446, Entropy: 0.6931, Epsilon: 0.176
2026-03-29 08:48:22 | INFO | Episode  334 - Reward: 1.000, Length: 71, Loss: 0.0416, Entropy: 0.6931, Epsilon: 0.173
2026-03-29 08:48:24 | INFO | Episode  335 - Reward: 1.000, Length: 13, Loss: 0.0328, Entropy: 0.6931, Epsilon: 0.171
2026-03-29 08:48:26 | INFO | Episode  336 - Reward: 1.000, Length: 55, Loss: 0.0368, Entropy: 0.6931, Epsilon: 0.168
2026-03-29 08:48:28 | INFO | Episode  337 - Reward: 1.000, Length: 15, Loss: 0.0443, Entropy: 0.6931, Epsilon: 0.166
2026-03-29 08:48:31 | INFO | Episode  338 - Reward: 1.000, Length: 11, Loss: 0.0358, Entropy: 0.6931, Epsilon: 0.163
2026-03-29 08:48:33 | INFO | Episode  339 - Reward: 1.000, Length: 10, Loss: 0.0311, Entropy: 0.6931, Epsilon: 0.161
2026-03-29 08:48:35 | INFO | Episode  340 - Reward: 1.000, Length: 43, Loss: 0.0442, Entropy: 0.6931, Epsilon: 0.158
2026-03-29 08:48:37 | INFO | Episode  341 - Reward: 1.000, Length: 15, Loss: 0.0358, Entropy: 0.6931, Epsilon: 0.156
2026-03-29 08:48:39 | INFO | Episode  342 - Reward: 1.000, Length: 14, Loss: 0.0480, Entropy: 0.6931, Epsilon: 0.154
2026-03-29 08:48:42 | INFO | Episode  343 - Reward: 1.000, Length: 69, Loss: 0.0346, Entropy: 0.6931, Epsilon: 0.151
2026-03-29 08:48:44 | INFO | Episode  344 - Reward: 1.000, Length: 10, Loss: 0.0441, Entropy: 0.6931, Epsilon: 0.149
2026-03-29 08:48:46 | INFO | Episode  345 - Reward: 1.000, Length: 11, Loss: 0.0309, Entropy: 0.6931, Epsilon: 0.146
2026-03-29 08:48:48 | INFO | Episode  346 - Reward: 1.000, Length: 12, Loss: 0.0338, Entropy: 0.6931, Epsilon: 0.144
2026-03-29 08:48:50 | INFO | Episode  347 - Reward: 1.000, Length: 28, Loss: 0.0353, Entropy: 0.6931, Epsilon: 0.141
2026-03-29 08:48:52 | INFO | Episode  348 - Reward: 1.000, Length: 15, Loss: 0.0317, Entropy: 0.6931, Epsilon: 0.139
2026-03-29 08:48:54 | INFO | Episode  349 - Reward: 1.000, Length: 10, Loss: 0.0422, Entropy: 0.6931, Epsilon: 0.136
2026-03-29 08:48:57 | INFO | Episode  350 - Reward: 1.000, Length: 9, Loss: 0.0299, Entropy: 0.6931, Epsilon: 0.134
2026-03-29 08:49:05 | INFO | [Episode  350] eps=0.134  avg_reward=   1.000  avg_length= 22.58  avg_loss=  0.0388  avg_entropy=0.6931  eval_success=0.000
2026-03-29 08:49:07 | INFO | Episode  351 - Reward: 1.000, Length: 21, Loss: 0.0359, Entropy: 0.6931, Epsilon: 0.131
2026-03-29 08:49:09 | INFO | Episode  352 - Reward: 1.000, Length: 11, Loss: 0.0422, Entropy: 0.6931, Epsilon: 0.129
2026-03-29 08:49:11 | INFO | Episode  353 - Reward: 1.000, Length: 13, Loss: 0.0357, Entropy: 0.6931, Epsilon: 0.126
2026-03-29 08:49:14 | INFO | Episode  354 - Reward: 1.000, Length: 13, Loss: 0.0270, Entropy: 0.6931, Epsilon: 0.124
2026-03-29 08:49:16 | INFO | Episode  355 - Reward: 1.000, Length: 17, Loss: 0.0393, Entropy: 0.6931, Epsilon: 0.121
2026-03-29 08:49:18 | INFO | Episode  356 - Reward: 1.000, Length: 12, Loss: 0.0318, Entropy: 0.6931, Epsilon: 0.119
2026-03-29 08:49:21 | INFO | Episode  357 - Reward: 1.000, Length: 15, Loss: 0.0440, Entropy: 0.6931, Epsilon: 0.116
2026-03-29 08:49:23 | INFO | Episode  358 - Reward: 1.000, Length: 16, Loss: 0.0310, Entropy: 0.6931, Epsilon: 0.114
2026-03-29 08:49:25 | INFO | Episode  359 - Reward: 1.000, Length: 31, Loss: 0.0366, Entropy: 0.6931, Epsilon: 0.111
2026-03-29 08:49:28 | INFO | Episode  360 - Reward: 1.000, Length: 14, Loss: 0.0339, Entropy: 0.6931, Epsilon: 0.109
2026-03-29 08:49:30 | INFO | Episode  361 - Reward: 1.000, Length: 12, Loss: 0.0450, Entropy: 0.6931, Epsilon: 0.107
2026-03-29 08:49:33 | INFO | Episode  362 - Reward: 1.000, Length: 14, Loss: 0.0636, Entropy: 0.6931, Epsilon: 0.104
2026-03-29 08:49:35 | INFO | Episode  363 - Reward: 1.000, Length: 38, Loss: 0.0392, Entropy: 0.6931, Epsilon: 0.102
2026-03-29 08:49:37 | INFO | Episode  364 - Reward: 1.000, Length: 27, Loss: 0.0280, Entropy: 0.6931, Epsilon: 0.099
2026-03-29 08:49:39 | INFO | Episode  365 - Reward: 1.000, Length: 11, Loss: 0.0382, Entropy: 0.6931, Epsilon: 0.097
2026-03-29 08:49:41 | INFO | Episode  366 - Reward: 1.000, Length: 19, Loss: 0.0354, Entropy: 0.6931, Epsilon: 0.094
2026-03-29 08:49:43 | INFO | Episode  367 - Reward: 1.000, Length: 10, Loss: 0.0410, Entropy: 0.6931, Epsilon: 0.092
2026-03-29 08:49:45 | INFO | Episode  368 - Reward: 1.000, Length: 12, Loss: 0.0305, Entropy: 0.6931, Epsilon: 0.089
2026-03-29 08:49:48 | INFO | Episode  369 - Reward: 1.000, Length: 22, Loss: 0.0334, Entropy: 0.6931, Epsilon: 0.087
2026-03-29 08:49:50 | INFO | Episode  370 - Reward: 1.000, Length: 17, Loss: 0.0306, Entropy: 0.6931, Epsilon: 0.084
2026-03-29 08:49:52 | INFO | Episode  371 - Reward: 1.000, Length: 54, Loss: 0.0325, Entropy: 0.6931, Epsilon: 0.082
2026-03-29 08:49:54 | INFO | Episode  372 - Reward: 1.000, Length: 9, Loss: 0.0400, Entropy: 0.6931, Epsilon: 0.079
2026-03-29 08:49:56 | INFO | Episode  373 - Reward: 1.000, Length: 62, Loss: 0.0458, Entropy: 0.6931, Epsilon: 0.077
2026-03-29 08:49:58 | INFO | Episode  374 - Reward: 1.000, Length: 11, Loss: 0.0314, Entropy: 0.6931, Epsilon: 0.074
2026-03-29 08:50:01 | INFO | Episode  375 - Reward: 1.000, Length: 11, Loss: 0.0325, Entropy: 0.6931, Epsilon: 0.072
2026-03-29 08:50:03 | INFO | Episode  376 - Reward: 1.000, Length: 19, Loss: 0.0370, Entropy: 0.6931, Epsilon: 0.069
2026-03-29 08:50:05 | INFO | Episode  377 - Reward: 1.000, Length: 13, Loss: 0.0325, Entropy: 0.6931, Epsilon: 0.067
2026-03-29 08:50:07 | INFO | Episode  378 - Reward: 1.000, Length: 14, Loss: 0.0378, Entropy: 0.6931, Epsilon: 0.064
2026-03-29 08:50:09 | INFO | Episode  379 - Reward: 1.000, Length: 15, Loss: 0.0399, Entropy: 0.6931, Epsilon: 0.062
2026-03-29 08:50:11 | INFO | Episode  380 - Reward: 1.000, Length: 12, Loss: 0.0500, Entropy: 0.6931, Epsilon: 0.059
2026-03-29 08:50:14 | INFO | Episode  381 - Reward: 1.000, Length: 11, Loss: 0.0400, Entropy: 0.6931, Epsilon: 0.057
2026-03-29 08:50:16 | INFO | Episode  382 - Reward: 1.000, Length: 10, Loss: 0.0265, Entropy: 0.6931, Epsilon: 0.055
2026-03-29 08:50:18 | INFO | Episode  383 - Reward: 1.000, Length: 9, Loss: 0.0378, Entropy: 0.6931, Epsilon: 0.052
2026-03-29 08:50:20 | INFO | Episode  384 - Reward: 1.000, Length: 21, Loss: 0.0368, Entropy: 0.6931, Epsilon: 0.050
2026-03-29 08:50:23 | INFO | Episode  385 - Reward: 1.000, Length: 18, Loss: 0.0227, Entropy: 0.6931, Epsilon: 0.047
2026-03-29 08:50:25 | INFO | Episode  386 - Reward: 1.000, Length: 10, Loss: 0.0350, Entropy: 0.6931, Epsilon: 0.045
2026-03-29 08:50:27 | INFO | Episode  387 - Reward: 1.000, Length: 12, Loss: 0.0565, Entropy: 0.6931, Epsilon: 0.042
2026-03-29 08:50:29 | INFO | Episode  388 - Reward: 1.000, Length: 67, Loss: 0.0349, Entropy: 0.6931, Epsilon: 0.040
2026-03-29 08:50:31 | INFO | Episode  389 - Reward: 1.000, Length: 12, Loss: 0.0370, Entropy: 0.6931, Epsilon: 0.037
2026-03-29 08:50:33 | INFO | Episode  390 - Reward: 1.000, Length: 62, Loss: 0.0228, Entropy: 0.6931, Epsilon: 0.035
2026-03-29 08:50:36 | INFO | Episode  391 - Reward: 1.000, Length: 19, Loss: 0.0418, Entropy: 0.6931, Epsilon: 0.032
2026-03-29 08:50:38 | INFO | Episode  392 - Reward: 1.000, Length: 40, Loss: 0.0499, Entropy: 0.6931, Epsilon: 0.030
2026-03-29 08:50:40 | INFO | Episode  393 - Reward: 1.000, Length: 9, Loss: 0.0478, Entropy: 0.6931, Epsilon: 0.027
2026-03-29 08:50:42 | INFO | Episode  394 - Reward: 1.000, Length: 25, Loss: 0.0341, Entropy: 0.6931, Epsilon: 0.025
2026-03-29 08:50:45 | INFO | Episode  395 - Reward: 1.000, Length: 41, Loss: 0.0378, Entropy: 0.6931, Epsilon: 0.022
2026-03-29 08:50:47 | INFO | Episode  396 - Reward: 1.000, Length: 16, Loss: 0.0294, Entropy: 0.6931, Epsilon: 0.020
2026-03-29 08:50:49 | INFO | Episode  397 - Reward: 1.000, Length: 10, Loss: 0.0350, Entropy: 0.6931, Epsilon: 0.017
2026-03-29 08:50:51 | INFO | Episode  398 - Reward: 1.000, Length: 59, Loss: 0.0407, Entropy: 0.6931, Epsilon: 0.015
2026-03-29 08:50:53 | INFO | Episode  399 - Reward: 1.000, Length: 12, Loss: 0.0467, Entropy: 0.6931, Epsilon: 0.012
2026-03-29 08:50:56 | INFO | Episode  400 - Reward: 1.000, Length: 69, Loss: 0.0376, Entropy: 0.6931, Epsilon: 0.010
2026-03-29 08:51:03 | INFO | [Episode  400] eps=0.010  avg_reward=   1.000  avg_length= 21.94  avg_loss=  0.0375  avg_entropy=0.6931  eval_success=0.000
2026-03-29 08:51:06 | INFO | Episode  401 - Reward: 1.000, Length: 24, Loss: 0.0357, Entropy: 0.6931, Epsilon: 0.010
2026-03-29 08:51:08 | INFO | Episode  402 - Reward: 1.000, Length: 16, Loss: 0.0366, Entropy: 0.6931, Epsilon: 0.010
2026-03-29 08:51:11 | INFO | Episode  403 - Reward: 1.000, Length: 24, Loss: 0.0460, Entropy: 0.6931, Epsilon: 0.010
2026-03-29 08:51:13 | INFO | Episode  404 - Reward: 1.000, Length: 21, Loss: 0.0439, Entropy: 0.6931, Epsilon: 0.010
2026-03-29 08:51:15 | INFO | Episode  405 - Reward: 1.000, Length: 11, Loss: 0.0337, Entropy: 0.6931, Epsilon: 0.010
2026-03-29 08:51:17 | INFO | Episode  406 - Reward: 1.000, Length: 28, Loss: 0.0366, Entropy: 0.6931, Epsilon: 0.010
2026-03-29 08:51:20 | INFO | Episode  407 - Reward: 1.000, Length: 10, Loss: 0.0357, Entropy: 0.6931, Epsilon: 0.010
2026-03-29 08:51:22 | INFO | Episode  408 - Reward: 1.000, Length: 18, Loss: 0.0450, Entropy: 0.6931, Epsilon: 0.010
2026-03-29 08:51:24 | INFO | Episode  409 - Reward: 1.000, Length: 15, Loss: 0.0338, Entropy: 0.6931, Epsilon: 0.010
2026-03-29 08:51:26 | INFO | Episode  410 - Reward: 1.000, Length: 13, Loss: 0.0338, Entropy: 0.6931, Epsilon: 0.010
2026-03-29 08:51:29 | INFO | Episode  411 - Reward: 1.000, Length: 49, Loss: 0.0337, Entropy: 0.6931, Epsilon: 0.010
2026-03-29 08:51:31 | INFO | Episode  412 - Reward: 1.000, Length: 11, Loss: 0.0433, Entropy: 0.6931, Epsilon: 0.010
2026-03-29 08:51:33 | INFO | Episode  413 - Reward: 1.000, Length: 13, Loss: 0.0256, Entropy: 0.6931, Epsilon: 0.010
2026-03-29 08:51:35 | INFO | Episode  414 - Reward: 1.000, Length: 13, Loss: 0.0401, Entropy: 0.6931, Epsilon: 0.010
2026-03-29 08:51:37 | INFO | Episode  415 - Reward: 1.000, Length: 12, Loss: 0.0520, Entropy: 0.6931, Epsilon: 0.010
2026-03-29 08:51:39 | INFO | Episode  416 - Reward: 1.000, Length: 11, Loss: 0.0345, Entropy: 0.6931, Epsilon: 0.010
2026-03-29 08:51:41 | INFO | Episode  417 - Reward: 1.000, Length: 56, Loss: 0.0435, Entropy: 0.6931, Epsilon: 0.010
2026-03-29 08:51:43 | INFO | Episode  418 - Reward: 1.000, Length: 14, Loss: 0.0429, Entropy: 0.6931, Epsilon: 0.010
2026-03-29 08:51:46 | INFO | Episode  419 - Reward: 1.000, Length: 14, Loss: 0.0440, Entropy: 0.6931, Epsilon: 0.010
2026-03-29 08:51:48 | INFO | Episode  420 - Reward: 1.000, Length: 9, Loss: 0.0317, Entropy: 0.6931, Epsilon: 0.010
2026-03-29 08:51:50 | INFO | Episode  421 - Reward: 1.000, Length: 10, Loss: 0.0401, Entropy: 0.6931, Epsilon: 0.010
2026-03-29 08:51:52 | INFO | Episode  422 - Reward: 1.000, Length: 15, Loss: 0.0327, Entropy: 0.6931, Epsilon: 0.010
2026-03-29 08:51:54 | INFO | Episode  423 - Reward: 1.000, Length: 16, Loss: 0.0373, Entropy: 0.6931, Epsilon: 0.010
2026-03-29 08:51:56 | INFO | Episode  424 - Reward: 1.000, Length: 10, Loss: 0.0373, Entropy: 0.6931, Epsilon: 0.010
2026-03-29 08:51:58 | INFO | Episode  425 - Reward: 1.000, Length: 11, Loss: 0.0455, Entropy: 0.6931, Epsilon: 0.010
2026-03-29 08:52:01 | INFO | Episode  426 - Reward: 1.000, Length: 12, Loss: 0.0346, Entropy: 0.6931, Epsilon: 0.010
2026-03-29 08:52:03 | INFO | Episode  427 - Reward: 1.000, Length: 10, Loss: 0.0408, Entropy: 0.6931, Epsilon: 0.010
2026-03-29 08:52:05 | INFO | Episode  428 - Reward: 1.000, Length: 12, Loss: 0.0509, Entropy: 0.6931, Epsilon: 0.010
2026-03-29 08:52:07 | INFO | Episode  429 - Reward: 1.000, Length: 14, Loss: 0.0363, Entropy: 0.6931, Epsilon: 0.010
2026-03-29 08:52:09 | INFO | Episode  430 - Reward: 1.000, Length: 13, Loss: 0.0472, Entropy: 0.6931, Epsilon: 0.010
2026-03-29 08:52:11 | INFO | Episode  431 - Reward: 1.000, Length: 12, Loss: 0.0388, Entropy: 0.6931, Epsilon: 0.010
2026-03-29 08:52:14 | INFO | Episode  432 - Reward: 1.000, Length: 58, Loss: 0.0371, Entropy: 0.6931, Epsilon: 0.010
2026-03-29 08:52:16 | INFO | Episode  433 - Reward: 1.000, Length: 11, Loss: 0.0362, Entropy: 0.6931, Epsilon: 0.010
2026-03-29 08:52:18 | INFO | Episode  434 - Reward: 1.000, Length: 18, Loss: 0.0428, Entropy: 0.6931, Epsilon: 0.010
2026-03-29 08:52:20 | INFO | Episode  435 - Reward: 1.000, Length: 12, Loss: 0.0424, Entropy: 0.6931, Epsilon: 0.010
2026-03-29 08:52:22 | INFO | Episode  436 - Reward: 1.000, Length: 13, Loss: 0.0271, Entropy: 0.6931, Epsilon: 0.010
2026-03-29 08:52:24 | INFO | Episode  437 - Reward: 1.000, Length: 17, Loss: 0.0404, Entropy: 0.6931, Epsilon: 0.010
2026-03-29 08:52:26 | INFO | Episode  438 - Reward: 1.000, Length: 10, Loss: 0.0360, Entropy: 0.6931, Epsilon: 0.010
2026-03-29 08:52:28 | INFO | Episode  439 - Reward: 1.000, Length: 23, Loss: 0.0360, Entropy: 0.6931, Epsilon: 0.010
2026-03-29 08:52:30 | INFO | Episode  440 - Reward: 1.000, Length: 16, Loss: 0.0387, Entropy: 0.6931, Epsilon: 0.010
2026-03-29 08:52:33 | INFO | Episode  441 - Reward: 1.000, Length: 14, Loss: 0.0350, Entropy: 0.6931, Epsilon: 0.010
2026-03-29 08:52:35 | INFO | Episode  442 - Reward: 1.000, Length: 10, Loss: 0.0383, Entropy: 0.6931, Epsilon: 0.010
2026-03-29 08:52:37 | INFO | Episode  443 - Reward: 1.000, Length: 9, Loss: 0.0333, Entropy: 0.6931, Epsilon: 0.010
2026-03-29 08:52:39 | INFO | Episode  444 - Reward: 1.000, Length: 12, Loss: 0.0419, Entropy: 0.6931, Epsilon: 0.010
2026-03-29 08:52:41 | INFO | Episode  445 - Reward: 1.000, Length: 22, Loss: 0.0369, Entropy: 0.6931, Epsilon: 0.010
2026-03-29 08:52:44 | INFO | Episode  446 - Reward: 1.000, Length: 8, Loss: 0.0404, Entropy: 0.6931, Epsilon: 0.010
2026-03-29 08:52:46 | INFO | Episode  447 - Reward: 1.000, Length: 10, Loss: 0.0320, Entropy: 0.6931, Epsilon: 0.010
2026-03-29 08:52:48 | INFO | Episode  448 - Reward: 1.000, Length: 9, Loss: 0.0423, Entropy: 0.6931, Epsilon: 0.010
2026-03-29 08:52:50 | INFO | Episode  449 - Reward: 1.000, Length: 10, Loss: 0.0269, Entropy: 0.6931, Epsilon: 0.010
2026-03-29 08:52:52 | INFO | Episode  450 - Reward: 1.000, Length: 12, Loss: 0.0319, Entropy: 0.6931, Epsilon: 0.010
2026-03-29 08:52:56 | INFO | [Episode  450] eps=0.010  avg_reward=   1.000  avg_length= 16.22  avg_loss=  0.0382  avg_entropy=0.6931  eval_success=0.000
2026-03-29 08:52:59 | INFO | Episode  451 - Reward: 1.000, Length: 12, Loss: 0.0430, Entropy: 0.6931, Epsilon: 0.010
2026-03-29 08:53:01 | INFO | Episode  452 - Reward: 1.000, Length: 18, Loss: 0.0364, Entropy: 0.6931, Epsilon: 0.010
2026-03-29 08:53:03 | INFO | Episode  453 - Reward: 1.000, Length: 26, Loss: 0.0332, Entropy: 0.6931, Epsilon: 0.010
2026-03-29 08:53:05 | INFO | Episode  454 - Reward: 1.000, Length: 9, Loss: 0.0412, Entropy: 0.6931, Epsilon: 0.010
2026-03-29 08:53:07 | INFO | Episode  455 - Reward: 1.000, Length: 14, Loss: 0.0304, Entropy: 0.6931, Epsilon: 0.010
2026-03-29 08:53:09 | INFO | Episode  456 - Reward: 1.000, Length: 13, Loss: 0.0372, Entropy: 0.6931, Epsilon: 0.010
2026-03-29 08:53:12 | INFO | Episode  457 - Reward: 1.000, Length: 14, Loss: 0.0417, Entropy: 0.6931, Epsilon: 0.010
2026-03-29 08:53:14 | INFO | Episode  458 - Reward: 1.000, Length: 10, Loss: 0.0341, Entropy: 0.6931, Epsilon: 0.010
2026-03-29 08:53:16 | INFO | Episode  459 - Reward: 1.000, Length: 9, Loss: 0.0284, Entropy: 0.6931, Epsilon: 0.010
2026-03-29 08:53:18 | INFO | Episode  460 - Reward: 1.000, Length: 11, Loss: 0.0321, Entropy: 0.6931, Epsilon: 0.010
2026-03-29 08:53:20 | INFO | Episode  461 - Reward: 1.000, Length: 11, Loss: 0.0348, Entropy: 0.6931, Epsilon: 0.010
2026-03-29 08:53:23 | INFO | Episode  462 - Reward: 1.000, Length: 11, Loss: 0.0385, Entropy: 0.6931, Epsilon: 0.010
2026-03-29 08:53:25 | INFO | Episode  463 - Reward: 1.000, Length: 13, Loss: 0.0256, Entropy: 0.6931, Epsilon: 0.010
2026-03-29 08:53:27 | INFO | Episode  464 - Reward: 1.000, Length: 10, Loss: 0.0311, Entropy: 0.6931, Epsilon: 0.010
2026-03-29 08:53:29 | INFO | Episode  465 - Reward: 1.000, Length: 8, Loss: 0.0302, Entropy: 0.6931, Epsilon: 0.010
2026-03-29 08:53:31 | INFO | Episode  466 - Reward: 1.000, Length: 14, Loss: 0.0481, Entropy: 0.6931, Epsilon: 0.010
2026-03-29 08:53:33 | INFO | Episode  467 - Reward: 1.000, Length: 15, Loss: 0.0499, Entropy: 0.6931, Epsilon: 0.010
2026-03-29 08:53:36 | INFO | Episode  468 - Reward: 1.000, Length: 12, Loss: 0.0310, Entropy: 0.6931, Epsilon: 0.010
2026-03-29 08:53:38 | INFO | Episode  469 - Reward: 1.000, Length: 8, Loss: 0.0461, Entropy: 0.6931, Epsilon: 0.010
2026-03-29 08:53:40 | INFO | Episode  470 - Reward: 1.000, Length: 11, Loss: 0.0332, Entropy: 0.6931, Epsilon: 0.010
2026-03-29 08:53:42 | INFO | Episode  471 - Reward: 1.000, Length: 14, Loss: 0.0335, Entropy: 0.6931, Epsilon: 0.010
2026-03-29 08:53:44 | INFO | Episode  472 - Reward: 1.000, Length: 8, Loss: 0.0444, Entropy: 0.6931, Epsilon: 0.010
2026-03-29 08:53:46 | INFO | Episode  473 - Reward: 1.000, Length: 9, Loss: 0.0377, Entropy: 0.6931, Epsilon: 0.010
2026-03-29 08:53:48 | INFO | Episode  474 - Reward: 1.000, Length: 12, Loss: 0.0265, Entropy: 0.6931, Epsilon: 0.010
2026-03-29 08:53:50 | INFO | Episode  475 - Reward: 1.000, Length: 8, Loss: 0.0470, Entropy: 0.6931, Epsilon: 0.010
2026-03-29 08:53:53 | INFO | Episode  476 - Reward: 1.000, Length: 11, Loss: 0.0444, Entropy: 0.6931, Epsilon: 0.010
2026-03-29 08:53:56 | INFO | Episode  477 - Reward: 1.000, Length: 11, Loss: 0.0345, Entropy: 0.6931, Epsilon: 0.010
2026-03-29 08:53:58 | INFO | Episode  478 - Reward: 1.000, Length: 9, Loss: 0.0250, Entropy: 0.6931, Epsilon: 0.010
2026-03-29 08:54:00 | INFO | Episode  479 - Reward: 1.000, Length: 9, Loss: 0.0379, Entropy: 0.6931, Epsilon: 0.010
2026-03-29 08:54:02 | INFO | Episode  480 - Reward: 1.000, Length: 9, Loss: 0.0346, Entropy: 0.6931, Epsilon: 0.010
2026-03-29 08:54:04 | INFO | Episode  481 - Reward: 1.000, Length: 12, Loss: 0.0426, Entropy: 0.6931, Epsilon: 0.010
2026-03-29 08:54:07 | INFO | Episode  482 - Reward: 1.000, Length: 11, Loss: 0.0469, Entropy: 0.6931, Epsilon: 0.010
2026-03-29 08:54:09 | INFO | Episode  483 - Reward: 1.000, Length: 11, Loss: 0.0403, Entropy: 0.6931, Epsilon: 0.010
2026-03-29 08:54:11 | INFO | Episode  484 - Reward: 1.000, Length: 13, Loss: 0.0326, Entropy: 0.6931, Epsilon: 0.010
2026-03-29 08:54:13 | INFO | Episode  485 - Reward: 1.000, Length: 8, Loss: 0.0441, Entropy: 0.6931, Epsilon: 0.010
2026-03-29 08:54:16 | INFO | Episode  486 - Reward: 1.000, Length: 11, Loss: 0.0418, Entropy: 0.6931, Epsilon: 0.010
2026-03-29 08:54:18 | INFO | Episode  487 - Reward: 1.000, Length: 8, Loss: 0.0316, Entropy: 0.6931, Epsilon: 0.010
2026-03-29 08:54:20 | INFO | Episode  488 - Reward: 1.000, Length: 10, Loss: 0.0433, Entropy: 0.6931, Epsilon: 0.010
2026-03-29 08:54:22 | INFO | Episode  489 - Reward: 1.000, Length: 11, Loss: 0.0334, Entropy: 0.6931, Epsilon: 0.010
2026-03-29 08:54:24 | INFO | Episode  490 - Reward: 1.000, Length: 12, Loss: 0.0334, Entropy: 0.6931, Epsilon: 0.010
2026-03-29 08:54:26 | INFO | Episode  491 - Reward: 1.000, Length: 9, Loss: 0.0299, Entropy: 0.6931, Epsilon: 0.010
2026-03-29 08:54:28 | INFO | Episode  492 - Reward: 1.000, Length: 11, Loss: 0.0460, Entropy: 0.6931, Epsilon: 0.010
2026-03-29 08:54:30 | INFO | Episode  493 - Reward: 1.000, Length: 8, Loss: 0.0349, Entropy: 0.6931, Epsilon: 0.010
2026-03-29 08:54:32 | INFO | Episode  494 - Reward: 1.000, Length: 9, Loss: 0.0394, Entropy: 0.6931, Epsilon: 0.010
2026-03-29 08:54:35 | INFO | Episode  495 - Reward: 1.000, Length: 8, Loss: 0.0376, Entropy: 0.6931, Epsilon: 0.010
2026-03-29 08:54:37 | INFO | Episode  496 - Reward: 1.000, Length: 9, Loss: 0.0447, Entropy: 0.6931, Epsilon: 0.010
2026-03-29 08:54:39 | INFO | Episode  497 - Reward: 1.000, Length: 8, Loss: 0.0466, Entropy: 0.6931, Epsilon: 0.010
2026-03-29 08:54:41 | INFO | Episode  498 - Reward: 1.000, Length: 11, Loss: 0.0517, Entropy: 0.6931, Epsilon: 0.010
2026-03-29 08:54:43 | INFO | Episode  499 - Reward: 1.000, Length: 10, Loss: 0.0376, Entropy: 0.6931, Epsilon: 0.010
2026-03-29 08:54:45 | INFO | Episode  500 - Reward: 1.000, Length: 9, Loss: 0.0488, Entropy: 0.6931, Epsilon: 0.010
2026-03-29 08:54:50 | INFO | [Episode  500] eps=0.010  avg_reward=   1.000  avg_length= 10.96  avg_loss=  0.0380  avg_entropy=0.6931  eval_success=0.000
2026-03-29 08:54:50 | INFO | DQN+Entropy training: 19m 53.18s
2026-03-29 08:55:08 | INFO | [Final Eval] success=0.000, mean_reward=1.000
