2026-03-29 02:22:26 | INFO | ============================================================
2026-03-29 02:22:26 | INFO | DEVICE / COMPUTE INFORMATION
2026-03-29 02:22:26 | INFO |   JAX backend       : GPU
2026-03-29 02:22:26 | INFO |   Platform          : gpu
2026-03-29 02:22:26 | INFO |   Num devices       : 2
2026-03-29 02:22:26 | INFO |   Device            : cuda:0
2026-03-29 02:22:26 | INFO |   Device            : cuda:1
2026-03-29 02:22:26 | INFO |   GPU name          : Tesla T4
2026-03-29 02:22:26 | INFO | ============================================================
2026-03-29 02:22:26 | INFO | DQN+Entropy | seed=4, lr=0.01, gamma=0.99, alpha=0.01
2026-03-29 02:22:26 | INFO | Env: cartpole/dense, obs_dim=4, num_actions=2
2026-03-29 02:22:31 | INFO | Episode    1 - Reward: 31.000, Length: 31, Loss: 0.0000, Entropy: 0.0000, Epsilon: 0.998
2026-03-29 02:22:33 | INFO | Episode    2 - Reward: 17.000, Length: 17, Loss: 0.0000, Entropy: 0.0000, Epsilon: 0.995
2026-03-29 02:22:36 | INFO | Episode    3 - Reward: 20.000, Length: 20, Loss: 0.0000, Entropy: 0.0000, Epsilon: 0.993
2026-03-29 02:22:38 | INFO | Episode    4 - Reward: 19.000, Length: 19, Loss: 0.0000, Entropy: 0.0000, Epsilon: 0.990
2026-03-29 02:22:41 | INFO | Episode    5 - Reward: 17.000, Length: 17, Loss: 0.0000, Entropy: 0.0000, Epsilon: 0.988
2026-03-29 02:22:43 | INFO | Episode    6 - Reward: 17.000, Length: 17, Loss: 0.0000, Entropy: 0.0000, Epsilon: 0.985
2026-03-29 02:22:46 | INFO | Episode    7 - Reward: 27.000, Length: 27, Loss: 0.0000, Entropy: 0.0000, Epsilon: 0.983
2026-03-29 02:22:48 | INFO | Episode    8 - Reward: 18.000, Length: 18, Loss: 0.0000, Entropy: 0.0000, Epsilon: 0.980
2026-03-29 02:22:51 | INFO | Episode    9 - Reward: 25.000, Length: 25, Loss: 0.0000, Entropy: 0.0000, Epsilon: 0.978
2026-03-29 02:22:53 | INFO | Episode   10 - Reward: 19.000, Length: 19, Loss: 0.0000, Entropy: 0.0000, Epsilon: 0.975
2026-03-29 02:22:56 | INFO | Episode   11 - Reward: 13.000, Length: 13, Loss: 0.0000, Entropy: 0.0000, Epsilon: 0.973
2026-03-29 02:22:58 | INFO | Episode   12 - Reward: 22.000, Length: 22, Loss: 0.0000, Entropy: 0.0000, Epsilon: 0.970
2026-03-29 02:23:04 | INFO | Episode   13 - Reward: 26.000, Length: 26, Loss: 0.9657, Entropy: 0.6931, Epsilon: 0.968
2026-03-29 02:23:07 | INFO | Episode   14 - Reward: 54.000, Length: 54, Loss: 0.8651, Entropy: 0.6931, Epsilon: 0.965
2026-03-29 02:23:09 | INFO | Episode   15 - Reward: 33.000, Length: 33, Loss: 0.7732, Entropy: 0.6931, Epsilon: 0.963
2026-03-29 02:23:12 | INFO | Episode   16 - Reward: 51.000, Length: 51, Loss: 0.6918, Entropy: 0.6931, Epsilon: 0.960
2026-03-29 02:23:14 | INFO | Episode   17 - Reward: 11.000, Length: 11, Loss: 0.6168, Entropy: 0.6931, Epsilon: 0.958
2026-03-29 02:23:17 | INFO | Episode   18 - Reward: 14.000, Length: 14, Loss: 0.5469, Entropy: 0.6931, Epsilon: 0.955
2026-03-29 02:23:20 | INFO | Episode   19 - Reward: 14.000, Length: 14, Loss: 0.4852, Entropy: 0.6931, Epsilon: 0.953
2026-03-29 02:23:22 | INFO | Episode   20 - Reward: 63.000, Length: 63, Loss: 0.4286, Entropy: 0.6931, Epsilon: 0.951
2026-03-29 02:23:25 | INFO | Episode   21 - Reward: 10.000, Length: 10, Loss: 0.9299, Entropy: 0.6930, Epsilon: 0.948
2026-03-29 02:23:27 | INFO | Episode   22 - Reward: 14.000, Length: 14, Loss: 0.8198, Entropy: 0.6930, Epsilon: 0.946
2026-03-29 02:23:30 | INFO | Episode   23 - Reward: 73.000, Length: 73, Loss: 0.7130, Entropy: 0.6929, Epsilon: 0.943
2026-03-29 02:23:32 | INFO | Episode   24 - Reward: 16.000, Length: 16, Loss: 0.6149, Entropy: 0.6928, Epsilon: 0.941
2026-03-29 02:23:35 | INFO | Episode   25 - Reward: 26.000, Length: 26, Loss: 0.5318, Entropy: 0.6928, Epsilon: 0.938
2026-03-29 02:23:37 | INFO | Episode   26 - Reward: 19.000, Length: 19, Loss: 0.4515, Entropy: 0.6927, Epsilon: 0.936
2026-03-29 02:23:40 | INFO | Episode   27 - Reward: 14.000, Length: 14, Loss: 0.3851, Entropy: 0.6927, Epsilon: 0.933
2026-03-29 02:23:43 | INFO | Episode   28 - Reward: 24.000, Length: 24, Loss: 0.3237, Entropy: 0.6926, Epsilon: 0.931
2026-03-29 02:23:45 | INFO | Episode   29 - Reward: 17.000, Length: 17, Loss: 0.2686, Entropy: 0.6926, Epsilon: 0.928
2026-03-29 02:23:48 | INFO | Episode   30 - Reward: 12.000, Length: 12, Loss: 0.2266, Entropy: 0.6926, Epsilon: 0.926
2026-03-29 02:23:51 | INFO | Episode   31 - Reward: 14.000, Length: 14, Loss: 0.1850, Entropy: 0.6926, Epsilon: 0.923
2026-03-29 02:23:53 | INFO | Episode   32 - Reward: 19.000, Length: 19, Loss: 0.1487, Entropy: 0.6926, Epsilon: 0.921
2026-03-29 02:23:56 | INFO | Episode   33 - Reward: 15.000, Length: 15, Loss: 0.1220, Entropy: 0.6925, Epsilon: 0.918
2026-03-29 02:23:59 | INFO | Episode   34 - Reward: 16.000, Length: 16, Loss: 0.1000, Entropy: 0.6926, Epsilon: 0.916
2026-03-29 02:24:01 | INFO | Episode   35 - Reward: 10.000, Length: 10, Loss: 0.0805, Entropy: 0.6925, Epsilon: 0.913
2026-03-29 02:24:04 | INFO | Episode   36 - Reward: 19.000, Length: 19, Loss: 0.0649, Entropy: 0.6926, Epsilon: 0.911
2026-03-29 02:24:07 | INFO | Episode   37 - Reward: 13.000, Length: 13, Loss: 0.0521, Entropy: 0.6926, Epsilon: 0.908
2026-03-29 02:24:09 | INFO | Episode   38 - Reward: 18.000, Length: 18, Loss: 0.0413, Entropy: 0.6926, Epsilon: 0.906
2026-03-29 02:24:12 | INFO | Episode   39 - Reward: 31.000, Length: 31, Loss: 0.0336, Entropy: 0.6926, Epsilon: 0.903
2026-03-29 02:24:14 | INFO | Episode   40 - Reward: 9.000, Length: 9, Loss: 0.0275, Entropy: 0.6926, Epsilon: 0.901
2026-03-29 02:24:17 | INFO | Episode   41 - Reward: 23.000, Length: 23, Loss: 0.0222, Entropy: 0.6926, Epsilon: 0.899
2026-03-29 02:24:19 | INFO | Episode   42 - Reward: 20.000, Length: 20, Loss: 0.0187, Entropy: 0.6927, Epsilon: 0.896
2026-03-29 02:24:22 | INFO | Episode   43 - Reward: 37.000, Length: 37, Loss: 0.0149, Entropy: 0.6927, Epsilon: 0.894
2026-03-29 02:24:24 | INFO | Episode   44 - Reward: 37.000, Length: 37, Loss: 0.0144, Entropy: 0.6928, Epsilon: 0.891
2026-03-29 02:24:27 | INFO | Episode   45 - Reward: 17.000, Length: 17, Loss: 0.8875, Entropy: 0.6927, Epsilon: 0.889
2026-03-29 02:24:29 | INFO | Episode   46 - Reward: 13.000, Length: 13, Loss: 0.6913, Entropy: 0.6924, Epsilon: 0.886
2026-03-29 02:24:32 | INFO | Episode   47 - Reward: 17.000, Length: 17, Loss: 0.5252, Entropy: 0.6921, Epsilon: 0.884
2026-03-29 02:24:35 | INFO | Episode   48 - Reward: 13.000, Length: 13, Loss: 0.3927, Entropy: 0.6919, Epsilon: 0.881
2026-03-29 02:24:38 | INFO | Episode   49 - Reward: 16.000, Length: 16, Loss: 0.2856, Entropy: 0.6916, Epsilon: 0.879
2026-03-29 02:24:40 | INFO | Episode   50 - Reward: 21.000, Length: 21, Loss: 0.2378, Entropy: 0.6915, Epsilon: 0.876
2026-03-29 02:24:47 | INFO | [Episode   50] eps=0.876  avg_reward=  22.280  avg_length= 22.28  avg_loss=  0.2917  avg_entropy=0.6915  eval_success=0.000
2026-03-29 02:24:50 | INFO | Episode   51 - Reward: 13.000, Length: 13, Loss: 0.1855, Entropy: 0.6914, Epsilon: 0.874
2026-03-29 02:24:53 | INFO | Episode   52 - Reward: 26.000, Length: 26, Loss: 0.1449, Entropy: 0.6914, Epsilon: 0.871
2026-03-29 02:24:56 | INFO | Episode   53 - Reward: 10.000, Length: 10, Loss: 0.1301, Entropy: 0.6913, Epsilon: 0.869
2026-03-29 02:24:59 | INFO | Episode   54 - Reward: 15.000, Length: 15, Loss: 0.1123, Entropy: 0.6915, Epsilon: 0.866
2026-03-29 02:25:01 | INFO | Episode   55 - Reward: 23.000, Length: 23, Loss: 0.1097, Entropy: 0.6916, Epsilon: 0.864
2026-03-29 02:25:04 | INFO | Episode   56 - Reward: 19.000, Length: 19, Loss: 0.0998, Entropy: 0.6918, Epsilon: 0.861
2026-03-29 02:25:07 | INFO | Episode   57 - Reward: 21.000, Length: 21, Loss: 0.0864, Entropy: 0.6919, Epsilon: 0.859
2026-03-29 02:25:09 | INFO | Episode   58 - Reward: 36.000, Length: 36, Loss: 0.0904, Entropy: 0.6920, Epsilon: 0.856
2026-03-29 02:25:12 | INFO | Episode   59 - Reward: 11.000, Length: 11, Loss: 0.1083, Entropy: 0.6921, Epsilon: 0.854
2026-03-29 02:25:15 | INFO | Episode   60 - Reward: 25.000, Length: 25, Loss: 0.0964, Entropy: 0.6923, Epsilon: 0.852
2026-03-29 02:25:18 | INFO | Episode   61 - Reward: 32.000, Length: 32, Loss: 0.0787, Entropy: 0.6924, Epsilon: 0.849
2026-03-29 02:25:20 | INFO | Episode   62 - Reward: 24.000, Length: 24, Loss: 0.1069, Entropy: 0.6926, Epsilon: 0.847
2026-03-29 02:25:23 | INFO | Episode   63 - Reward: 12.000, Length: 12, Loss: 0.0843, Entropy: 0.6926, Epsilon: 0.844
2026-03-29 02:25:25 | INFO | Episode   64 - Reward: 12.000, Length: 12, Loss: 0.0664, Entropy: 0.6926, Epsilon: 0.842
2026-03-29 02:25:28 | INFO | Episode   65 - Reward: 9.000, Length: 9, Loss: 0.0828, Entropy: 0.6926, Epsilon: 0.839
2026-03-29 02:25:31 | INFO | Episode   66 - Reward: 16.000, Length: 16, Loss: 0.0771, Entropy: 0.6927, Epsilon: 0.837
2026-03-29 02:25:33 | INFO | Episode   67 - Reward: 27.000, Length: 27, Loss: 0.0729, Entropy: 0.6927, Epsilon: 0.834
2026-03-29 02:25:36 | INFO | Episode   68 - Reward: 23.000, Length: 23, Loss: 0.0864, Entropy: 0.6927, Epsilon: 0.832
2026-03-29 02:25:38 | INFO | Episode   69 - Reward: 17.000, Length: 17, Loss: 0.0982, Entropy: 0.6927, Epsilon: 0.829
2026-03-29 02:25:41 | INFO | Episode   70 - Reward: 58.000, Length: 58, Loss: 0.0847, Entropy: 0.6928, Epsilon: 0.827
2026-03-29 02:25:44 | INFO | Episode   71 - Reward: 13.000, Length: 13, Loss: 0.8880, Entropy: 0.6923, Epsilon: 0.824
2026-03-29 02:25:46 | INFO | Episode   72 - Reward: 17.000, Length: 17, Loss: 0.5975, Entropy: 0.6917, Epsilon: 0.822
2026-03-29 02:25:49 | INFO | Episode   73 - Reward: 24.000, Length: 24, Loss: 0.4048, Entropy: 0.6912, Epsilon: 0.819
2026-03-29 02:25:51 | INFO | Episode   74 - Reward: 35.000, Length: 35, Loss: 0.3021, Entropy: 0.6913, Epsilon: 0.817
2026-03-29 02:25:54 | INFO | Episode   75 - Reward: 13.000, Length: 13, Loss: 0.3392, Entropy: 0.6916, Epsilon: 0.814
2026-03-29 02:25:57 | INFO | Episode   76 - Reward: 25.000, Length: 25, Loss: 0.2488, Entropy: 0.6920, Epsilon: 0.812
2026-03-29 02:25:59 | INFO | Episode   77 - Reward: 18.000, Length: 18, Loss: 0.2073, Entropy: 0.6921, Epsilon: 0.809
2026-03-29 02:26:02 | INFO | Episode   78 - Reward: 14.000, Length: 14, Loss: 0.2373, Entropy: 0.6924, Epsilon: 0.807
2026-03-29 02:26:04 | INFO | Episode   79 - Reward: 28.000, Length: 28, Loss: 0.2418, Entropy: 0.6925, Epsilon: 0.804
2026-03-29 02:26:07 | INFO | Episode   80 - Reward: 16.000, Length: 16, Loss: 0.2209, Entropy: 0.6927, Epsilon: 0.802
2026-03-29 02:26:10 | INFO | Episode   81 - Reward: 34.000, Length: 34, Loss: 0.2702, Entropy: 0.6929, Epsilon: 0.800
2026-03-29 02:26:12 | INFO | Episode   82 - Reward: 13.000, Length: 13, Loss: 0.2142, Entropy: 0.6928, Epsilon: 0.797
2026-03-29 02:26:15 | INFO | Episode   83 - Reward: 10.000, Length: 10, Loss: 0.2242, Entropy: 0.6928, Epsilon: 0.795
2026-03-29 02:26:17 | INFO | Episode   84 - Reward: 15.000, Length: 15, Loss: 0.2405, Entropy: 0.6928, Epsilon: 0.792
2026-03-29 02:26:20 | INFO | Episode   85 - Reward: 35.000, Length: 35, Loss: 0.2690, Entropy: 0.6929, Epsilon: 0.790
2026-03-29 02:26:22 | INFO | Episode   86 - Reward: 14.000, Length: 14, Loss: 0.2124, Entropy: 0.6929, Epsilon: 0.787
2026-03-29 02:26:25 | INFO | Episode   87 - Reward: 50.000, Length: 50, Loss: 0.2598, Entropy: 0.6929, Epsilon: 0.785
2026-03-29 02:26:28 | INFO | Episode   88 - Reward: 17.000, Length: 17, Loss: 0.2273, Entropy: 0.6929, Epsilon: 0.782
2026-03-29 02:26:31 | INFO | Episode   89 - Reward: 21.000, Length: 21, Loss: 0.2198, Entropy: 0.6930, Epsilon: 0.780
2026-03-29 02:26:33 | INFO | Episode   90 - Reward: 48.000, Length: 48, Loss: 0.2199, Entropy: 0.6929, Epsilon: 0.777
2026-03-29 02:26:36 | INFO | Episode   91 - Reward: 21.000, Length: 21, Loss: 0.8978, Entropy: 0.6928, Epsilon: 0.775
2026-03-29 02:26:38 | INFO | Episode   92 - Reward: 22.000, Length: 22, Loss: 0.5385, Entropy: 0.6927, Epsilon: 0.772
2026-03-29 02:26:41 | INFO | Episode   93 - Reward: 31.000, Length: 31, Loss: 0.4826, Entropy: 0.6928, Epsilon: 0.770
2026-03-29 02:26:44 | INFO | Episode   94 - Reward: 39.000, Length: 39, Loss: 0.4021, Entropy: 0.6930, Epsilon: 0.767
2026-03-29 02:26:46 | INFO | Episode   95 - Reward: 25.000, Length: 25, Loss: 0.3953, Entropy: 0.6930, Epsilon: 0.765
2026-03-29 02:26:49 | INFO | Episode   96 - Reward: 19.000, Length: 19, Loss: 0.4244, Entropy: 0.6930, Epsilon: 0.762
2026-03-29 02:26:51 | INFO | Episode   97 - Reward: 14.000, Length: 14, Loss: 0.3653, Entropy: 0.6929, Epsilon: 0.760
2026-03-29 02:26:54 | INFO | Episode   98 - Reward: 50.000, Length: 50, Loss: 0.4639, Entropy: 0.6928, Epsilon: 0.757
2026-03-29 02:26:57 | INFO | Episode   99 - Reward: 20.000, Length: 20, Loss: 0.4894, Entropy: 0.6927, Epsilon: 0.755
2026-03-29 02:26:59 | INFO | Episode  100 - Reward: 15.000, Length: 15, Loss: 0.3316, Entropy: 0.6925, Epsilon: 0.752
2026-03-29 02:27:04 | INFO | [Episode  100] eps=0.752  avg_reward=  22.900  avg_length= 22.90  avg_loss=  0.2568  avg_entropy=0.6925  eval_success=0.000
2026-03-29 02:27:07 | INFO | Episode  101 - Reward: 21.000, Length: 21, Loss: 0.4002, Entropy: 0.6925, Epsilon: 0.750
2026-03-29 02:27:10 | INFO | Episode  102 - Reward: 18.000, Length: 18, Loss: 0.3384, Entropy: 0.6926, Epsilon: 0.748
2026-03-29 02:27:12 | INFO | Episode  103 - Reward: 16.000, Length: 16, Loss: 0.3607, Entropy: 0.6928, Epsilon: 0.745
2026-03-29 02:27:15 | INFO | Episode  104 - Reward: 12.000, Length: 12, Loss: 0.3542, Entropy: 0.6928, Epsilon: 0.743
2026-03-29 02:27:18 | INFO | Episode  105 - Reward: 21.000, Length: 21, Loss: 0.3789, Entropy: 0.6928, Epsilon: 0.740
2026-03-29 02:27:20 | INFO | Episode  106 - Reward: 48.000, Length: 48, Loss: 0.3968, Entropy: 0.6927, Epsilon: 0.738
2026-03-29 02:27:23 | INFO | Episode  107 - Reward: 18.000, Length: 18, Loss: 0.3619, Entropy: 0.6928, Epsilon: 0.735
2026-03-29 02:27:26 | INFO | Episode  108 - Reward: 30.000, Length: 30, Loss: 0.4651, Entropy: 0.6927, Epsilon: 0.733
2026-03-29 02:27:28 | INFO | Episode  109 - Reward: 34.000, Length: 34, Loss: 0.5365, Entropy: 0.6928, Epsilon: 0.730
2026-03-29 02:27:31 | INFO | Episode  110 - Reward: 60.000, Length: 60, Loss: 0.3435, Entropy: 0.6928, Epsilon: 0.728
2026-03-29 02:27:34 | INFO | Episode  111 - Reward: 12.000, Length: 12, Loss: 1.0875, Entropy: 0.6929, Epsilon: 0.725
2026-03-29 02:27:36 | INFO | Episode  112 - Reward: 39.000, Length: 39, Loss: 0.6905, Entropy: 0.6929, Epsilon: 0.723
2026-03-29 02:27:39 | INFO | Episode  113 - Reward: 50.000, Length: 50, Loss: 0.5972, Entropy: 0.6929, Epsilon: 0.720
2026-03-29 02:27:42 | INFO | Episode  114 - Reward: 52.000, Length: 52, Loss: 0.5683, Entropy: 0.6928, Epsilon: 0.718
2026-03-29 02:27:45 | INFO | Episode  115 - Reward: 26.000, Length: 26, Loss: 0.6671, Entropy: 0.6928, Epsilon: 0.715
2026-03-29 02:27:47 | INFO | Episode  116 - Reward: 21.000, Length: 21, Loss: 0.6330, Entropy: 0.6928, Epsilon: 0.713
2026-03-29 02:27:50 | INFO | Episode  117 - Reward: 53.000, Length: 53, Loss: 0.5123, Entropy: 0.6928, Epsilon: 0.710
2026-03-29 02:27:53 | INFO | Episode  118 - Reward: 26.000, Length: 26, Loss: 0.5007, Entropy: 0.6925, Epsilon: 0.708
2026-03-29 02:27:55 | INFO | Episode  119 - Reward: 12.000, Length: 12, Loss: 0.6199, Entropy: 0.6920, Epsilon: 0.705
2026-03-29 02:27:58 | INFO | Episode  120 - Reward: 24.000, Length: 24, Loss: 0.5950, Entropy: 0.6921, Epsilon: 0.703
2026-03-29 02:28:01 | INFO | Episode  121 - Reward: 14.000, Length: 14, Loss: 0.4525, Entropy: 0.6923, Epsilon: 0.701
2026-03-29 02:28:03 | INFO | Episode  122 - Reward: 13.000, Length: 13, Loss: 0.5596, Entropy: 0.6923, Epsilon: 0.698
2026-03-29 02:28:06 | INFO | Episode  123 - Reward: 17.000, Length: 17, Loss: 0.6294, Entropy: 0.6923, Epsilon: 0.696
2026-03-29 02:28:08 | INFO | Episode  124 - Reward: 13.000, Length: 13, Loss: 0.5041, Entropy: 0.6921, Epsilon: 0.693
2026-03-29 02:28:11 | INFO | Episode  125 - Reward: 10.000, Length: 10, Loss: 0.7308, Entropy: 0.6922, Epsilon: 0.691
2026-03-29 02:28:14 | INFO | Episode  126 - Reward: 20.000, Length: 20, Loss: 0.5535, Entropy: 0.6921, Epsilon: 0.688
2026-03-29 02:28:16 | INFO | Episode  127 - Reward: 16.000, Length: 16, Loss: 0.6270, Entropy: 0.6923, Epsilon: 0.686
2026-03-29 02:28:19 | INFO | Episode  128 - Reward: 10.000, Length: 10, Loss: 0.7006, Entropy: 0.6924, Epsilon: 0.683
2026-03-29 02:28:21 | INFO | Episode  129 - Reward: 23.000, Length: 23, Loss: 0.6466, Entropy: 0.6921, Epsilon: 0.681
2026-03-29 02:28:24 | INFO | Episode  130 - Reward: 16.000, Length: 16, Loss: 0.6024, Entropy: 0.6922, Epsilon: 0.678
2026-03-29 02:28:27 | INFO | Episode  131 - Reward: 9.000, Length: 9, Loss: 1.1364, Entropy: 0.6926, Epsilon: 0.676
2026-03-29 02:28:29 | INFO | Episode  132 - Reward: 12.000, Length: 12, Loss: 0.8509, Entropy: 0.6921, Epsilon: 0.673
2026-03-29 02:28:32 | INFO | Episode  133 - Reward: 17.000, Length: 17, Loss: 0.9390, Entropy: 0.6915, Epsilon: 0.671
2026-03-29 02:28:34 | INFO | Episode  134 - Reward: 17.000, Length: 17, Loss: 0.8483, Entropy: 0.6909, Epsilon: 0.668
2026-03-29 02:28:37 | INFO | Episode  135 - Reward: 29.000, Length: 29, Loss: 0.7856, Entropy: 0.6920, Epsilon: 0.666
2026-03-29 02:28:40 | INFO | Episode  136 - Reward: 17.000, Length: 17, Loss: 0.8645, Entropy: 0.6922, Epsilon: 0.663
2026-03-29 02:28:42 | INFO | Episode  137 - Reward: 10.000, Length: 10, Loss: 0.9353, Entropy: 0.6919, Epsilon: 0.661
2026-03-29 02:28:45 | INFO | Episode  138 - Reward: 13.000, Length: 13, Loss: 1.0082, Entropy: 0.6919, Epsilon: 0.658
2026-03-29 02:28:47 | INFO | Episode  139 - Reward: 38.000, Length: 38, Loss: 1.0091, Entropy: 0.6923, Epsilon: 0.656
2026-03-29 02:28:50 | INFO | Episode  140 - Reward: 12.000, Length: 12, Loss: 1.2779, Entropy: 0.6925, Epsilon: 0.653
2026-03-29 02:28:53 | INFO | Episode  141 - Reward: 37.000, Length: 37, Loss: 0.7679, Entropy: 0.6927, Epsilon: 0.651
2026-03-29 02:28:55 | INFO | Episode  142 - Reward: 25.000, Length: 25, Loss: 1.1227, Entropy: 0.6926, Epsilon: 0.649
2026-03-29 02:28:58 | INFO | Episode  143 - Reward: 17.000, Length: 17, Loss: 0.8064, Entropy: 0.6926, Epsilon: 0.646
2026-03-29 02:29:00 | INFO | Episode  144 - Reward: 30.000, Length: 30, Loss: 0.9748, Entropy: 0.6928, Epsilon: 0.644
2026-03-29 02:29:03 | INFO | Episode  145 - Reward: 15.000, Length: 15, Loss: 0.8258, Entropy: 0.6926, Epsilon: 0.641
2026-03-29 02:29:06 | INFO | Episode  146 - Reward: 9.000, Length: 9, Loss: 0.8060, Entropy: 0.6924, Epsilon: 0.639
2026-03-29 02:29:09 | INFO | Episode  147 - Reward: 25.000, Length: 25, Loss: 0.9723, Entropy: 0.6913, Epsilon: 0.636
2026-03-29 02:29:11 | INFO | Episode  148 - Reward: 13.000, Length: 13, Loss: 0.7265, Entropy: 0.6909, Epsilon: 0.634
2026-03-29 02:29:14 | INFO | Episode  149 - Reward: 16.000, Length: 16, Loss: 0.7973, Entropy: 0.6916, Epsilon: 0.631
2026-03-29 02:29:17 | INFO | Episode  150 - Reward: 23.000, Length: 23, Loss: 0.8772, Entropy: 0.6923, Epsilon: 0.629
2026-03-29 02:29:22 | INFO | [Episode  150] eps=0.629  avg_reward=  22.580  avg_length= 22.58  avg_loss=  0.6949  avg_entropy=0.6923  eval_success=0.000
2026-03-29 02:29:24 | INFO | Episode  151 - Reward: 11.000, Length: 11, Loss: 1.0372, Entropy: 0.6922, Epsilon: 0.626
2026-03-29 02:29:27 | INFO | Episode  152 - Reward: 11.000, Length: 11, Loss: 0.7586, Entropy: 0.6921, Epsilon: 0.624
2026-03-29 02:29:30 | INFO | Episode  153 - Reward: 11.000, Length: 11, Loss: 0.7653, Entropy: 0.6921, Epsilon: 0.621
2026-03-29 02:29:32 | INFO | Episode  154 - Reward: 15.000, Length: 15, Loss: 1.0714, Entropy: 0.6918, Epsilon: 0.619
2026-03-29 02:29:35 | INFO | Episode  155 - Reward: 21.000, Length: 21, Loss: 0.7966, Entropy: 0.6922, Epsilon: 0.616
2026-03-29 02:29:38 | INFO | Episode  156 - Reward: 71.000, Length: 71, Loss: 0.9677, Entropy: 0.6926, Epsilon: 0.614
2026-03-29 02:29:41 | INFO | Episode  157 - Reward: 10.000, Length: 10, Loss: 1.2582, Entropy: 0.6927, Epsilon: 0.611
2026-03-29 02:29:44 | INFO | Episode  158 - Reward: 40.000, Length: 40, Loss: 1.1524, Entropy: 0.6927, Epsilon: 0.609
2026-03-29 02:29:46 | INFO | Episode  159 - Reward: 80.000, Length: 80, Loss: 1.1168, Entropy: 0.6926, Epsilon: 0.606
2026-03-29 02:29:49 | INFO | Episode  160 - Reward: 10.000, Length: 10, Loss: 1.2155, Entropy: 0.6927, Epsilon: 0.604
2026-03-29 02:29:52 | INFO | Episode  161 - Reward: 21.000, Length: 21, Loss: 1.0397, Entropy: 0.6922, Epsilon: 0.602
2026-03-29 02:29:54 | INFO | Episode  162 - Reward: 11.000, Length: 11, Loss: 1.0198, Entropy: 0.6919, Epsilon: 0.599
2026-03-29 02:29:57 | INFO | Episode  163 - Reward: 13.000, Length: 13, Loss: 1.0868, Entropy: 0.6915, Epsilon: 0.597
2026-03-29 02:29:59 | INFO | Episode  164 - Reward: 19.000, Length: 19, Loss: 1.2790, Entropy: 0.6916, Epsilon: 0.594
2026-03-29 02:30:02 | INFO | Episode  165 - Reward: 10.000, Length: 10, Loss: 1.1852, Entropy: 0.6924, Epsilon: 0.592
2026-03-29 02:30:04 | INFO | Episode  166 - Reward: 47.000, Length: 47, Loss: 0.9435, Entropy: 0.6923, Epsilon: 0.589
2026-03-29 02:30:07 | INFO | Episode  167 - Reward: 14.000, Length: 14, Loss: 1.0120, Entropy: 0.6921, Epsilon: 0.587
2026-03-29 02:30:10 | INFO | Episode  168 - Reward: 12.000, Length: 12, Loss: 1.0091, Entropy: 0.6922, Epsilon: 0.584
2026-03-29 02:30:13 | INFO | Episode  169 - Reward: 21.000, Length: 21, Loss: 1.2689, Entropy: 0.6921, Epsilon: 0.582
2026-03-29 02:30:15 | INFO | Episode  170 - Reward: 72.000, Length: 72, Loss: 0.9679, Entropy: 0.6922, Epsilon: 0.579
2026-03-29 02:30:18 | INFO | Episode  171 - Reward: 107.000, Length: 107, Loss: 0.9123, Entropy: 0.6924, Epsilon: 0.577
2026-03-29 02:30:20 | INFO | Episode  172 - Reward: 122.000, Length: 122, Loss: 1.7875, Entropy: 0.6919, Epsilon: 0.574
2026-03-29 02:30:23 | INFO | Episode  173 - Reward: 59.000, Length: 59, Loss: 1.6438, Entropy: 0.6920, Epsilon: 0.572
2026-03-29 02:30:26 | INFO | Episode  174 - Reward: 10.000, Length: 10, Loss: 1.2679, Entropy: 0.6904, Epsilon: 0.569
2026-03-29 02:30:28 | INFO | Episode  175 - Reward: 12.000, Length: 12, Loss: 1.2572, Entropy: 0.6911, Epsilon: 0.567
2026-03-29 02:30:31 | INFO | Episode  176 - Reward: 70.000, Length: 70, Loss: 1.7641, Entropy: 0.6921, Epsilon: 0.564
2026-03-29 02:30:33 | INFO | Episode  177 - Reward: 27.000, Length: 27, Loss: 1.0700, Entropy: 0.6922, Epsilon: 0.562
2026-03-29 02:30:36 | INFO | Episode  178 - Reward: 55.000, Length: 55, Loss: 1.4749, Entropy: 0.6919, Epsilon: 0.559
2026-03-29 02:30:38 | INFO | Episode  179 - Reward: 29.000, Length: 29, Loss: 0.9958, Entropy: 0.6920, Epsilon: 0.557
2026-03-29 02:30:41 | INFO | Episode  180 - Reward: 68.000, Length: 68, Loss: 1.7496, Entropy: 0.6918, Epsilon: 0.554
2026-03-29 02:30:44 | INFO | Episode  181 - Reward: 33.000, Length: 33, Loss: 1.6122, Entropy: 0.6917, Epsilon: 0.552
2026-03-29 02:30:46 | INFO | Episode  182 - Reward: 59.000, Length: 59, Loss: 1.7274, Entropy: 0.6920, Epsilon: 0.550
2026-03-29 02:30:49 | INFO | Episode  183 - Reward: 26.000, Length: 26, Loss: 1.4892, Entropy: 0.6918, Epsilon: 0.547
2026-03-29 02:30:52 | INFO | Episode  184 - Reward: 51.000, Length: 51, Loss: 1.3301, Entropy: 0.6918, Epsilon: 0.545
2026-03-29 02:30:54 | INFO | Episode  185 - Reward: 22.000, Length: 22, Loss: 1.5143, Entropy: 0.6915, Epsilon: 0.542
2026-03-29 02:30:57 | INFO | Episode  186 - Reward: 42.000, Length: 42, Loss: 1.6496, Entropy: 0.6913, Epsilon: 0.540
2026-03-29 02:30:59 | INFO | Episode  187 - Reward: 38.000, Length: 38, Loss: 1.3020, Entropy: 0.6913, Epsilon: 0.537
2026-03-29 02:31:02 | INFO | Episode  188 - Reward: 34.000, Length: 34, Loss: 1.0334, Entropy: 0.6915, Epsilon: 0.535
2026-03-29 02:31:04 | INFO | Episode  189 - Reward: 54.000, Length: 54, Loss: 1.1182, Entropy: 0.6910, Epsilon: 0.532
2026-03-29 02:31:07 | INFO | Episode  190 - Reward: 31.000, Length: 31, Loss: 1.4130, Entropy: 0.6912, Epsilon: 0.530
2026-03-29 02:31:10 | INFO | Episode  191 - Reward: 42.000, Length: 42, Loss: 1.3206, Entropy: 0.6912, Epsilon: 0.527
2026-03-29 02:31:12 | INFO | Episode  192 - Reward: 75.000, Length: 75, Loss: 1.5088, Entropy: 0.6907, Epsilon: 0.525
2026-03-29 02:31:15 | INFO | Episode  193 - Reward: 25.000, Length: 25, Loss: 1.4599, Entropy: 0.6897, Epsilon: 0.522
2026-03-29 02:31:17 | INFO | Episode  194 - Reward: 45.000, Length: 45, Loss: 1.5730, Entropy: 0.6907, Epsilon: 0.520
2026-03-29 02:31:20 | INFO | Episode  195 - Reward: 121.000, Length: 121, Loss: 1.9012, Entropy: 0.6904, Epsilon: 0.517
2026-03-29 02:31:23 | INFO | Episode  196 - Reward: 73.000, Length: 73, Loss: 1.5022, Entropy: 0.6907, Epsilon: 0.515
2026-03-29 02:31:26 | INFO | Episode  197 - Reward: 110.000, Length: 110, Loss: 1.5712, Entropy: 0.6898, Epsilon: 0.512
2026-03-29 02:31:28 | INFO | Episode  198 - Reward: 150.000, Length: 150, Loss: 1.5115, Entropy: 0.6904, Epsilon: 0.510
2026-03-29 02:31:31 | INFO | Episode  199 - Reward: 51.000, Length: 51, Loss: 1.3640, Entropy: 0.6905, Epsilon: 0.507
2026-03-29 02:31:34 | INFO | Episode  200 - Reward: 72.000, Length: 72, Loss: 2.4357, Entropy: 0.6901, Epsilon: 0.505
2026-03-29 02:32:12 | INFO | [Episode  200] eps=0.505  avg_reward=  44.660  avg_length= 44.66  avg_loss=  1.3042  avg_entropy=0.6901  eval_success=0.000
2026-03-29 02:32:15 | INFO | Episode  201 - Reward: 42.000, Length: 42, Loss: 2.0742, Entropy: 0.6900, Epsilon: 0.503
2026-03-29 02:32:18 | INFO | Episode  202 - Reward: 49.000, Length: 49, Loss: 1.5891, Entropy: 0.6898, Epsilon: 0.500
2026-03-29 02:32:20 | INFO | Episode  203 - Reward: 128.000, Length: 128, Loss: 2.0041, Entropy: 0.6894, Epsilon: 0.498
2026-03-29 02:32:23 | INFO | Episode  204 - Reward: 23.000, Length: 23, Loss: 2.0585, Entropy: 0.6897, Epsilon: 0.495
2026-03-29 02:32:26 | INFO | Episode  205 - Reward: 40.000, Length: 40, Loss: 1.8678, Entropy: 0.6894, Epsilon: 0.493
2026-03-29 02:32:29 | INFO | Episode  206 - Reward: 23.000, Length: 23, Loss: 1.6202, Entropy: 0.6893, Epsilon: 0.490
2026-03-29 02:32:31 | INFO | Episode  207 - Reward: 47.000, Length: 47, Loss: 2.0470, Entropy: 0.6884, Epsilon: 0.488
2026-03-29 02:32:34 | INFO | Episode  208 - Reward: 93.000, Length: 93, Loss: 1.9643, Entropy: 0.6888, Epsilon: 0.485
2026-03-29 02:32:36 | INFO | Episode  209 - Reward: 31.000, Length: 31, Loss: 2.2026, Entropy: 0.6880, Epsilon: 0.483
2026-03-29 02:32:39 | INFO | Episode  210 - Reward: 44.000, Length: 44, Loss: 2.3043, Entropy: 0.6854, Epsilon: 0.480
2026-03-29 02:32:42 | INFO | Episode  211 - Reward: 37.000, Length: 37, Loss: 2.1295, Entropy: 0.6867, Epsilon: 0.478
2026-03-29 02:32:45 | INFO | Episode  212 - Reward: 28.000, Length: 28, Loss: 2.8060, Entropy: 0.6865, Epsilon: 0.475
2026-03-29 02:32:47 | INFO | Episode  213 - Reward: 47.000, Length: 47, Loss: 2.3178, Entropy: 0.6867, Epsilon: 0.473
2026-03-29 02:32:50 | INFO | Episode  214 - Reward: 45.000, Length: 45, Loss: 1.3979, Entropy: 0.6866, Epsilon: 0.470
2026-03-29 02:32:53 | INFO | Episode  215 - Reward: 27.000, Length: 27, Loss: 2.0113, Entropy: 0.6861, Epsilon: 0.468
2026-03-29 02:32:56 | INFO | Episode  216 - Reward: 41.000, Length: 41, Loss: 2.0000, Entropy: 0.6856, Epsilon: 0.465
2026-03-29 02:32:58 | INFO | Episode  217 - Reward: 51.000, Length: 51, Loss: 2.3883, Entropy: 0.6849, Epsilon: 0.463
2026-03-29 02:33:01 | INFO | Episode  218 - Reward: 65.000, Length: 65, Loss: 2.1286, Entropy: 0.6849, Epsilon: 0.460
2026-03-29 02:33:04 | INFO | Episode  219 - Reward: 25.000, Length: 25, Loss: 2.4953, Entropy: 0.6836, Epsilon: 0.458
2026-03-29 02:33:06 | INFO | Episode  220 - Reward: 62.000, Length: 62, Loss: 2.3914, Entropy: 0.6843, Epsilon: 0.456
2026-03-29 02:33:09 | INFO | Episode  221 - Reward: 30.000, Length: 30, Loss: 1.5721, Entropy: 0.6845, Epsilon: 0.453
2026-03-29 02:33:11 | INFO | Episode  222 - Reward: 23.000, Length: 23, Loss: 1.7698, Entropy: 0.6837, Epsilon: 0.451
2026-03-29 02:33:14 | INFO | Episode  223 - Reward: 109.000, Length: 109, Loss: 2.4396, Entropy: 0.6836, Epsilon: 0.448
2026-03-29 02:33:17 | INFO | Episode  224 - Reward: 20.000, Length: 20, Loss: 1.6710, Entropy: 0.6834, Epsilon: 0.446
2026-03-29 02:33:19 | INFO | Episode  225 - Reward: 34.000, Length: 34, Loss: 2.4319, Entropy: 0.6816, Epsilon: 0.443
2026-03-29 02:33:22 | INFO | Episode  226 - Reward: 39.000, Length: 39, Loss: 1.8213, Entropy: 0.6814, Epsilon: 0.441
2026-03-29 02:33:24 | INFO | Episode  227 - Reward: 42.000, Length: 42, Loss: 1.9949, Entropy: 0.6817, Epsilon: 0.438
2026-03-29 02:33:27 | INFO | Episode  228 - Reward: 33.000, Length: 33, Loss: 1.6133, Entropy: 0.6790, Epsilon: 0.436
2026-03-29 02:33:29 | INFO | Episode  229 - Reward: 74.000, Length: 74, Loss: 2.4412, Entropy: 0.6801, Epsilon: 0.433
2026-03-29 02:33:32 | INFO | Episode  230 - Reward: 80.000, Length: 80, Loss: 1.9794, Entropy: 0.6806, Epsilon: 0.431
2026-03-29 02:33:35 | INFO | Episode  231 - Reward: 149.000, Length: 149, Loss: 2.4530, Entropy: 0.6752, Epsilon: 0.428
2026-03-29 02:33:37 | INFO | Episode  232 - Reward: 32.000, Length: 32, Loss: 2.1376, Entropy: 0.6772, Epsilon: 0.426
2026-03-29 02:33:40 | INFO | Episode  233 - Reward: 48.000, Length: 48, Loss: 3.0039, Entropy: 0.6771, Epsilon: 0.423
2026-03-29 02:33:42 | INFO | Episode  234 - Reward: 126.000, Length: 126, Loss: 2.0123, Entropy: 0.6776, Epsilon: 0.421
2026-03-29 02:33:45 | INFO | Episode  235 - Reward: 49.000, Length: 49, Loss: 2.2038, Entropy: 0.6754, Epsilon: 0.418
2026-03-29 02:33:47 | INFO | Episode  236 - Reward: 84.000, Length: 84, Loss: 3.1820, Entropy: 0.6715, Epsilon: 0.416
2026-03-29 02:33:50 | INFO | Episode  237 - Reward: 26.000, Length: 26, Loss: 3.5003, Entropy: 0.6721, Epsilon: 0.413
2026-03-29 02:33:53 | INFO | Episode  238 - Reward: 43.000, Length: 43, Loss: 2.1226, Entropy: 0.6691, Epsilon: 0.411
2026-03-29 02:33:55 | INFO | Episode  239 - Reward: 27.000, Length: 27, Loss: 3.1242, Entropy: 0.6582, Epsilon: 0.408
2026-03-29 02:33:58 | INFO | Episode  240 - Reward: 16.000, Length: 16, Loss: 2.8500, Entropy: 0.6628, Epsilon: 0.406
2026-03-29 02:34:01 | INFO | Episode  241 - Reward: 32.000, Length: 32, Loss: 3.3421, Entropy: 0.6672, Epsilon: 0.404
2026-03-29 02:34:04 | INFO | Episode  242 - Reward: 34.000, Length: 34, Loss: 3.1920, Entropy: 0.6652, Epsilon: 0.401
2026-03-29 02:34:06 | INFO | Episode  243 - Reward: 74.000, Length: 74, Loss: 2.6143, Entropy: 0.6647, Epsilon: 0.399
2026-03-29 02:34:09 | INFO | Episode  244 - Reward: 61.000, Length: 61, Loss: 1.9805, Entropy: 0.6627, Epsilon: 0.396
2026-03-29 02:34:12 | INFO | Episode  245 - Reward: 26.000, Length: 26, Loss: 3.4064, Entropy: 0.6610, Epsilon: 0.394
2026-03-29 02:34:14 | INFO | Episode  246 - Reward: 32.000, Length: 32, Loss: 3.5438, Entropy: 0.6620, Epsilon: 0.391
2026-03-29 02:34:17 | INFO | Episode  247 - Reward: 16.000, Length: 16, Loss: 3.0177, Entropy: 0.6584, Epsilon: 0.389
2026-03-29 02:34:20 | INFO | Episode  248 - Reward: 67.000, Length: 67, Loss: 3.2596, Entropy: 0.6634, Epsilon: 0.386
2026-03-29 02:34:22 | INFO | Episode  249 - Reward: 63.000, Length: 63, Loss: 1.8153, Entropy: 0.6676, Epsilon: 0.384
2026-03-29 02:34:25 | INFO | Episode  250 - Reward: 184.000, Length: 184, Loss: 2.8696, Entropy: 0.6643, Epsilon: 0.381
2026-03-29 02:35:10 | INFO | [Episode  250] eps=0.381  avg_reward=  52.420  avg_length= 52.42  avg_loss=  2.3433  avg_entropy=0.6643  eval_success=0.000
2026-03-29 02:35:13 | INFO | Episode  251 - Reward: 31.000, Length: 31, Loss: 3.4011, Entropy: 0.6630, Epsilon: 0.379
2026-03-29 02:35:16 | INFO | Episode  252 - Reward: 56.000, Length: 56, Loss: 2.8122, Entropy: 0.6600, Epsilon: 0.376
2026-03-29 02:35:18 | INFO | Episode  253 - Reward: 102.000, Length: 102, Loss: 2.7396, Entropy: 0.6617, Epsilon: 0.374
2026-03-29 02:35:21 | INFO | Episode  254 - Reward: 46.000, Length: 46, Loss: 3.7496, Entropy: 0.6597, Epsilon: 0.371
2026-03-29 02:35:24 | INFO | Episode  255 - Reward: 38.000, Length: 38, Loss: 3.1114, Entropy: 0.6581, Epsilon: 0.369
2026-03-29 02:35:27 | INFO | Episode  256 - Reward: 89.000, Length: 89, Loss: 3.0128, Entropy: 0.6605, Epsilon: 0.366
