2026-03-29 11:11:55 | INFO | ============================================================
2026-03-29 11:11:55 | INFO | DEVICE / COMPUTE INFORMATION
2026-03-29 11:11:55 | INFO |   JAX backend       : GPU
2026-03-29 11:11:55 | INFO |   Platform          : gpu
2026-03-29 11:11:55 | INFO |   Num devices       : 2
2026-03-29 11:11:55 | INFO |   Device            : cuda:0
2026-03-29 11:11:55 | INFO |   Device            : cuda:1
2026-03-29 11:11:55 | INFO |   GPU name          : Tesla T4
2026-03-29 11:11:55 | INFO | ============================================================
2026-03-29 11:11:55 | INFO | DQN+Entropy | seed=0, lr=0.01, gamma=0.95, alpha=0.01
2026-03-29 11:11:55 | INFO | Env: mountaincar/dense, obs_dim=2, num_actions=3
2026-03-29 11:11:59 | INFO | Episode    1 - Reward: -200.000, Length: 200, Loss: 0.0000, Entropy: 0.0000, Epsilon: 0.998
2026-03-29 11:12:04 | INFO | Episode    2 - Reward: -200.000, Length: 200, Loss: 0.9372, Entropy: 1.0985, Epsilon: 0.995
2026-03-29 11:12:07 | INFO | Episode    3 - Reward: -200.000, Length: 200, Loss: 0.8647, Entropy: 1.0986, Epsilon: 0.993
2026-03-29 11:12:09 | INFO | Episode    4 - Reward: -200.000, Length: 200, Loss: 0.9397, Entropy: 1.0986, Epsilon: 0.990
2026-03-29 11:12:12 | INFO | Episode    5 - Reward: -200.000, Length: 200, Loss: 0.8741, Entropy: 1.0986, Epsilon: 0.988
2026-03-29 11:12:14 | INFO | Episode    6 - Reward: -200.000, Length: 200, Loss: 0.9357, Entropy: 1.0986, Epsilon: 0.985
2026-03-29 11:12:17 | INFO | Episode    7 - Reward: -200.000, Length: 200, Loss: 0.8683, Entropy: 1.0986, Epsilon: 0.983
2026-03-29 11:12:20 | INFO | Episode    8 - Reward: -200.000, Length: 200, Loss: 0.8061, Entropy: 1.0986, Epsilon: 0.980
2026-03-29 11:12:22 | INFO | Episode    9 - Reward: -200.000, Length: 200, Loss: 0.9223, Entropy: 1.0986, Epsilon: 0.978
2026-03-29 11:12:25 | INFO | Episode   10 - Reward: -200.000, Length: 200, Loss: 0.8514, Entropy: 1.0986, Epsilon: 0.975
2026-03-29 11:12:27 | INFO | Episode   11 - Reward: -200.000, Length: 200, Loss: 0.9111, Entropy: 1.0986, Epsilon: 0.973
2026-03-29 11:12:30 | INFO | Episode   12 - Reward: -200.000, Length: 200, Loss: 0.8334, Entropy: 1.0986, Epsilon: 0.970
2026-03-29 11:12:33 | INFO | Episode   13 - Reward: -200.000, Length: 200, Loss: 0.7674, Entropy: 1.0985, Epsilon: 0.968
2026-03-29 11:12:36 | INFO | Episode   14 - Reward: -200.000, Length: 200, Loss: 0.8851, Entropy: 1.0985, Epsilon: 0.965
2026-03-29 11:12:39 | INFO | Episode   15 - Reward: -200.000, Length: 200, Loss: 0.8034, Entropy: 1.0985, Epsilon: 0.963
2026-03-29 11:12:41 | INFO | Episode   16 - Reward: -200.000, Length: 200, Loss: 0.8590, Entropy: 1.0984, Epsilon: 0.960
2026-03-29 11:12:44 | INFO | Episode   17 - Reward: -200.000, Length: 200, Loss: 0.7732, Entropy: 1.0984, Epsilon: 0.958
2026-03-29 11:12:46 | INFO | Episode   18 - Reward: -200.000, Length: 200, Loss: 0.6944, Entropy: 1.0983, Epsilon: 0.955
2026-03-29 11:12:49 | INFO | Episode   19 - Reward: -200.000, Length: 200, Loss: 0.8204, Entropy: 1.0982, Epsilon: 0.953
2026-03-29 11:12:52 | INFO | Episode   20 - Reward: -200.000, Length: 200, Loss: 0.7292, Entropy: 1.0982, Epsilon: 0.951
2026-03-29 11:12:54 | INFO | Episode   21 - Reward: -200.000, Length: 200, Loss: 0.8051, Entropy: 1.0982, Epsilon: 0.948
2026-03-29 11:12:57 | INFO | Episode   22 - Reward: -200.000, Length: 200, Loss: 0.7017, Entropy: 1.0981, Epsilon: 0.946
2026-03-29 11:12:59 | INFO | Episode   23 - Reward: -200.000, Length: 200, Loss: 0.6024, Entropy: 1.0981, Epsilon: 0.943
2026-03-29 11:13:02 | INFO | Episode   24 - Reward: -200.000, Length: 200, Loss: 0.7783, Entropy: 1.0981, Epsilon: 0.941
2026-03-29 11:13:05 | INFO | Episode   25 - Reward: -200.000, Length: 200, Loss: 0.6514, Entropy: 1.0980, Epsilon: 0.938
2026-03-29 11:13:07 | INFO | Episode   26 - Reward: -200.000, Length: 200, Loss: 0.7519, Entropy: 1.0980, Epsilon: 0.936
2026-03-29 11:13:10 | INFO | Episode   27 - Reward: -200.000, Length: 200, Loss: 0.6075, Entropy: 1.0981, Epsilon: 0.933
2026-03-29 11:13:13 | INFO | Episode   28 - Reward: -200.000, Length: 200, Loss: 0.4785, Entropy: 1.0980, Epsilon: 0.931
2026-03-29 11:13:15 | INFO | Episode   29 - Reward: -200.000, Length: 200, Loss: 0.7064, Entropy: 1.0979, Epsilon: 0.928
2026-03-29 11:13:18 | INFO | Episode   30 - Reward: -200.000, Length: 200, Loss: 0.5317, Entropy: 1.0979, Epsilon: 0.926
2026-03-29 11:13:20 | INFO | Episode   31 - Reward: -200.000, Length: 200, Loss: 0.6791, Entropy: 1.0979, Epsilon: 0.923
2026-03-29 11:13:23 | INFO | Episode   32 - Reward: -200.000, Length: 200, Loss: 0.4710, Entropy: 1.0980, Epsilon: 0.921
2026-03-29 11:13:26 | INFO | Episode   33 - Reward: -200.000, Length: 200, Loss: 0.3117, Entropy: 1.0980, Epsilon: 0.918
2026-03-29 11:13:29 | INFO | Episode   34 - Reward: -200.000, Length: 200, Loss: 0.6360, Entropy: 1.0981, Epsilon: 0.916
2026-03-29 11:13:31 | INFO | Episode   35 - Reward: -200.000, Length: 200, Loss: 0.3835, Entropy: 1.0981, Epsilon: 0.913
2026-03-29 11:13:34 | INFO | Episode   36 - Reward: -200.000, Length: 200, Loss: 0.5913, Entropy: 1.0981, Epsilon: 0.911
2026-03-29 11:13:37 | INFO | Episode   37 - Reward: -200.000, Length: 200, Loss: 0.2886, Entropy: 1.0981, Epsilon: 0.908
2026-03-29 11:13:39 | INFO | Episode   38 - Reward: -200.000, Length: 200, Loss: 0.1427, Entropy: 1.0983, Epsilon: 0.906
2026-03-29 11:13:42 | INFO | Episode   39 - Reward: -200.000, Length: 200, Loss: 0.5017, Entropy: 1.0982, Epsilon: 0.903
2026-03-29 11:13:45 | INFO | Episode   40 - Reward: -200.000, Length: 200, Loss: 0.2037, Entropy: 1.0983, Epsilon: 0.901
2026-03-29 11:13:48 | INFO | Episode   41 - Reward: -200.000, Length: 200, Loss: 0.4313, Entropy: 1.0984, Epsilon: 0.899
2026-03-29 11:13:50 | INFO | Episode   42 - Reward: -200.000, Length: 200, Loss: 0.1152, Entropy: 1.0985, Epsilon: 0.896
2026-03-29 11:13:53 | INFO | Episode   43 - Reward: -200.000, Length: 200, Loss: 0.0725, Entropy: 1.0986, Epsilon: 0.894
2026-03-29 11:13:56 | INFO | Episode   44 - Reward: -200.000, Length: 200, Loss: 0.3665, Entropy: 1.0986, Epsilon: 0.891
2026-03-29 11:13:58 | INFO | Episode   45 - Reward: -200.000, Length: 200, Loss: 0.1103, Entropy: 1.0986, Epsilon: 0.889
2026-03-29 11:14:01 | INFO | Episode   46 - Reward: -200.000, Length: 200, Loss: 0.3787, Entropy: 1.0986, Epsilon: 0.886
2026-03-29 11:14:04 | INFO | Episode   47 - Reward: -200.000, Length: 200, Loss: 0.0358, Entropy: 1.0985, Epsilon: 0.884
2026-03-29 11:14:06 | INFO | Episode   48 - Reward: -200.000, Length: 200, Loss: 0.0985, Entropy: 1.0985, Epsilon: 0.881
2026-03-29 11:14:09 | INFO | Episode   49 - Reward: -200.000, Length: 200, Loss: 0.2639, Entropy: 1.0985, Epsilon: 0.879
2026-03-29 11:14:12 | INFO | Episode   50 - Reward: -200.000, Length: 200, Loss: 0.1244, Entropy: 1.0986, Epsilon: 0.876
2026-03-29 11:15:15 | INFO | [Episode   50] eps=0.876  avg_reward=-200.000  avg_length=200.00  avg_loss=  0.5779  avg_entropy=1.0986  eval_success=0.000
2026-03-29 11:15:17 | INFO | Episode   51 - Reward: -200.000, Length: 200, Loss: 0.2789, Entropy: 1.0985, Epsilon: 0.874
2026-03-29 11:15:20 | INFO | Episode   52 - Reward: -200.000, Length: 200, Loss: 0.1392, Entropy: 1.0985, Epsilon: 0.871
2026-03-29 11:15:23 | INFO | Episode   53 - Reward: -200.000, Length: 200, Loss: 0.1612, Entropy: 1.0986, Epsilon: 0.869
2026-03-29 11:15:25 | INFO | Episode   54 - Reward: -200.000, Length: 200, Loss: 0.4141, Entropy: 1.0985, Epsilon: 0.866
2026-03-29 11:15:28 | INFO | Episode   55 - Reward: -200.000, Length: 200, Loss: 0.1649, Entropy: 1.0985, Epsilon: 0.864
2026-03-29 11:15:31 | INFO | Episode   56 - Reward: -200.000, Length: 200, Loss: 0.4436, Entropy: 1.0985, Epsilon: 0.861
2026-03-29 11:15:33 | INFO | Episode   57 - Reward: -200.000, Length: 200, Loss: 0.2886, Entropy: 1.0985, Epsilon: 0.859
2026-03-29 11:15:36 | INFO | Episode   58 - Reward: -200.000, Length: 200, Loss: 0.3726, Entropy: 1.0986, Epsilon: 0.856
2026-03-29 11:15:39 | INFO | Episode   59 - Reward: -200.000, Length: 200, Loss: 0.3562, Entropy: 1.0985, Epsilon: 0.854
2026-03-29 11:15:41 | INFO | Episode   60 - Reward: -200.000, Length: 200, Loss: 0.2988, Entropy: 1.0984, Epsilon: 0.852
2026-03-29 11:15:44 | INFO | Episode   61 - Reward: -200.000, Length: 200, Loss: 0.5384, Entropy: 1.0985, Epsilon: 0.849
2026-03-29 11:15:46 | INFO | Episode   62 - Reward: -200.000, Length: 200, Loss: 0.5054, Entropy: 1.0983, Epsilon: 0.847
2026-03-29 11:15:49 | INFO | Episode   63 - Reward: -200.000, Length: 200, Loss: 0.1104, Entropy: 1.0986, Epsilon: 0.844
2026-03-29 11:15:52 | INFO | Episode   64 - Reward: -200.000, Length: 200, Loss: 0.5663, Entropy: 1.0984, Epsilon: 0.842
2026-03-29 11:15:55 | INFO | Episode   65 - Reward: -200.000, Length: 200, Loss: 0.5707, Entropy: 1.0982, Epsilon: 0.839
2026-03-29 11:15:57 | INFO | Episode   66 - Reward: -200.000, Length: 200, Loss: 0.6860, Entropy: 1.0983, Epsilon: 0.837
2026-03-29 11:16:00 | INFO | Episode   67 - Reward: -200.000, Length: 200, Loss: 0.3427, Entropy: 1.0982, Epsilon: 0.834
2026-03-29 11:16:03 | INFO | Episode   68 - Reward: -200.000, Length: 200, Loss: 0.3305, Entropy: 1.0979, Epsilon: 0.832
2026-03-29 11:16:06 | INFO | Episode   69 - Reward: -200.000, Length: 200, Loss: 0.3130, Entropy: 1.0983, Epsilon: 0.829
2026-03-29 11:16:08 | INFO | Episode   70 - Reward: -200.000, Length: 200, Loss: 0.6922, Entropy: 1.0982, Epsilon: 0.827
2026-03-29 11:16:11 | INFO | Episode   71 - Reward: -200.000, Length: 200, Loss: 0.3457, Entropy: 1.0985, Epsilon: 0.824
2026-03-29 11:16:14 | INFO | Episode   72 - Reward: -200.000, Length: 200, Loss: 0.4503, Entropy: 1.0980, Epsilon: 0.822
2026-03-29 11:16:16 | INFO | Episode   73 - Reward: -200.000, Length: 200, Loss: 0.4078, Entropy: 1.0985, Epsilon: 0.819
2026-03-29 11:16:19 | INFO | Episode   74 - Reward: -200.000, Length: 200, Loss: 0.7428, Entropy: 1.0979, Epsilon: 0.817
2026-03-29 11:16:22 | INFO | Episode   75 - Reward: -200.000, Length: 200, Loss: 0.3053, Entropy: 1.0984, Epsilon: 0.814
2026-03-29 11:16:25 | INFO | Episode   76 - Reward: -200.000, Length: 200, Loss: 1.0355, Entropy: 1.0982, Epsilon: 0.812
2026-03-29 11:16:27 | INFO | Episode   77 - Reward: -200.000, Length: 200, Loss: 0.5698, Entropy: 1.0982, Epsilon: 0.809
2026-03-29 11:16:30 | INFO | Episode   78 - Reward: -200.000, Length: 200, Loss: 0.6800, Entropy: 1.0979, Epsilon: 0.807
2026-03-29 11:16:33 | INFO | Episode   79 - Reward: -200.000, Length: 200, Loss: 0.3838, Entropy: 1.0981, Epsilon: 0.804
2026-03-29 11:16:36 | INFO | Episode   80 - Reward: -200.000, Length: 200, Loss: 1.0682, Entropy: 1.0978, Epsilon: 0.802
2026-03-29 11:16:38 | INFO | Episode   81 - Reward: -200.000, Length: 200, Loss: 0.3838, Entropy: 1.0984, Epsilon: 0.800
2026-03-29 11:16:41 | INFO | Episode   82 - Reward: -200.000, Length: 200, Loss: 0.8924, Entropy: 1.0984, Epsilon: 0.797
2026-03-29 11:16:44 | INFO | Episode   83 - Reward: -200.000, Length: 200, Loss: 0.6617, Entropy: 1.0982, Epsilon: 0.795
2026-03-29 11:16:46 | INFO | Episode   84 - Reward: -200.000, Length: 200, Loss: 0.9643, Entropy: 1.0977, Epsilon: 0.792
2026-03-29 11:16:49 | INFO | Episode   85 - Reward: -200.000, Length: 200, Loss: 0.9807, Entropy: 1.0981, Epsilon: 0.790
2026-03-29 11:16:52 | INFO | Episode   86 - Reward: -200.000, Length: 200, Loss: 0.5619, Entropy: 1.0970, Epsilon: 0.787
2026-03-29 11:16:55 | INFO | Episode   87 - Reward: -200.000, Length: 200, Loss: 0.5610, Entropy: 1.0978, Epsilon: 0.785
2026-03-29 11:16:57 | INFO | Episode   88 - Reward: -200.000, Length: 200, Loss: 1.2739, Entropy: 1.0980, Epsilon: 0.782
2026-03-29 11:17:00 | INFO | Episode   89 - Reward: -200.000, Length: 200, Loss: 0.6458, Entropy: 1.0969, Epsilon: 0.780
2026-03-29 11:17:03 | INFO | Episode   90 - Reward: -200.000, Length: 200, Loss: 0.8719, Entropy: 1.0977, Epsilon: 0.777
2026-03-29 11:17:05 | INFO | Episode   91 - Reward: -200.000, Length: 200, Loss: 0.6008, Entropy: 1.0973, Epsilon: 0.775
2026-03-29 11:17:08 | INFO | Episode   92 - Reward: -200.000, Length: 200, Loss: 1.1053, Entropy: 1.0976, Epsilon: 0.772
2026-03-29 11:17:11 | INFO | Episode   93 - Reward: -200.000, Length: 200, Loss: 0.4569, Entropy: 1.0984, Epsilon: 0.770
2026-03-29 11:17:14 | INFO | Episode   94 - Reward: -200.000, Length: 200, Loss: 1.0827, Entropy: 1.0981, Epsilon: 0.767
2026-03-29 11:17:17 | INFO | Episode   95 - Reward: -200.000, Length: 200, Loss: 0.7734, Entropy: 1.0977, Epsilon: 0.765
2026-03-29 11:17:20 | INFO | Episode   96 - Reward: -200.000, Length: 200, Loss: 0.7315, Entropy: 1.0983, Epsilon: 0.762
2026-03-29 11:17:23 | INFO | Episode   97 - Reward: -200.000, Length: 200, Loss: 0.7590, Entropy: 1.0981, Epsilon: 0.760
2026-03-29 11:17:26 | INFO | Episode   98 - Reward: -200.000, Length: 200, Loss: 1.1692, Entropy: 1.0968, Epsilon: 0.757
2026-03-29 11:17:28 | INFO | Episode   99 - Reward: -200.000, Length: 200, Loss: 1.0054, Entropy: 1.0979, Epsilon: 0.755
2026-03-29 11:17:31 | INFO | Episode  100 - Reward: -200.000, Length: 200, Loss: 0.5091, Entropy: 1.0977, Epsilon: 0.752
2026-03-29 11:18:32 | INFO | [Episode  100] eps=0.752  avg_reward=-200.000  avg_length=200.00  avg_loss=  0.5911  avg_entropy=1.0977  eval_success=0.000
2026-03-29 11:18:34 | INFO | Episode  101 - Reward: -200.000, Length: 200, Loss: 0.5814, Entropy: 1.0978, Epsilon: 0.750
2026-03-29 11:18:37 | INFO | Episode  102 - Reward: -200.000, Length: 200, Loss: 1.2112, Entropy: 1.0971, Epsilon: 0.748
2026-03-29 11:18:40 | INFO | Episode  103 - Reward: -200.000, Length: 200, Loss: 1.0403, Entropy: 1.0967, Epsilon: 0.745
2026-03-29 11:18:42 | INFO | Episode  104 - Reward: -200.000, Length: 200, Loss: 0.8661, Entropy: 1.0982, Epsilon: 0.743
2026-03-29 11:18:45 | INFO | Episode  105 - Reward: -200.000, Length: 200, Loss: 0.5733, Entropy: 1.0980, Epsilon: 0.740
2026-03-29 11:18:48 | INFO | Episode  106 - Reward: -200.000, Length: 200, Loss: 1.2913, Entropy: 1.0974, Epsilon: 0.738
2026-03-29 11:18:51 | INFO | Episode  107 - Reward: -200.000, Length: 200, Loss: 0.6124, Entropy: 1.0970, Epsilon: 0.735
2026-03-29 11:18:53 | INFO | Episode  108 - Reward: -200.000, Length: 200, Loss: 1.6269, Entropy: 1.0968, Epsilon: 0.733
2026-03-29 11:18:56 | INFO | Episode  109 - Reward: -200.000, Length: 200, Loss: 1.1199, Entropy: 1.0966, Epsilon: 0.730
2026-03-29 11:18:59 | INFO | Episode  110 - Reward: -200.000, Length: 200, Loss: 0.3317, Entropy: 1.0979, Epsilon: 0.728
2026-03-29 11:19:01 | INFO | Episode  111 - Reward: -200.000, Length: 200, Loss: 0.7902, Entropy: 1.0979, Epsilon: 0.725
2026-03-29 11:19:04 | INFO | Episode  112 - Reward: -200.000, Length: 200, Loss: 0.7215, Entropy: 1.0981, Epsilon: 0.723
2026-03-29 11:19:07 | INFO | Episode  113 - Reward: -200.000, Length: 200, Loss: 0.3687, Entropy: 1.0978, Epsilon: 0.720
2026-03-29 11:19:09 | INFO | Episode  114 - Reward: -200.000, Length: 200, Loss: 0.9909, Entropy: 1.0981, Epsilon: 0.718
2026-03-29 11:19:12 | INFO | Episode  115 - Reward: -200.000, Length: 200, Loss: 0.9869, Entropy: 1.0971, Epsilon: 0.715
2026-03-29 11:19:15 | INFO | Episode  116 - Reward: -200.000, Length: 200, Loss: 1.3120, Entropy: 1.0974, Epsilon: 0.713
2026-03-29 11:19:17 | INFO | Episode  117 - Reward: -200.000, Length: 200, Loss: 0.8261, Entropy: 1.0983, Epsilon: 0.710
2026-03-29 11:19:20 | INFO | Episode  118 - Reward: -200.000, Length: 200, Loss: 1.2079, Entropy: 1.0973, Epsilon: 0.708
2026-03-29 11:19:22 | INFO | Episode  119 - Reward: -200.000, Length: 200, Loss: 1.0445, Entropy: 1.0983, Epsilon: 0.705
2026-03-29 11:19:25 | INFO | Episode  120 - Reward: -200.000, Length: 200, Loss: -0.0077, Entropy: 1.0986, Epsilon: 0.703
2026-03-29 11:19:28 | INFO | Episode  121 - Reward: -200.000, Length: 200, Loss: 0.4559, Entropy: 1.0981, Epsilon: 0.701
2026-03-29 11:19:30 | INFO | Episode  122 - Reward: -200.000, Length: 200, Loss: 1.6253, Entropy: 1.0978, Epsilon: 0.698
2026-03-29 11:19:32 | INFO | Episode  123 - Reward: -200.000, Length: 200, Loss: 0.8969, Entropy: 1.0978, Epsilon: 0.696
2026-03-29 11:19:35 | INFO | Episode  124 - Reward: -200.000, Length: 200, Loss: 2.0652, Entropy: 1.0914, Epsilon: 0.693
2026-03-29 11:19:38 | INFO | Episode  125 - Reward: -200.000, Length: 200, Loss: 1.0076, Entropy: 1.0957, Epsilon: 0.691
2026-03-29 11:19:40 | INFO | Episode  126 - Reward: -200.000, Length: 200, Loss: 0.2093, Entropy: 1.0980, Epsilon: 0.688
2026-03-29 11:19:43 | INFO | Episode  127 - Reward: -200.000, Length: 200, Loss: 0.8520, Entropy: 1.0972, Epsilon: 0.686
2026-03-29 11:19:45 | INFO | Episode  128 - Reward: -200.000, Length: 200, Loss: 0.1979, Entropy: 1.0984, Epsilon: 0.683
2026-03-29 11:19:48 | INFO | Episode  129 - Reward: -200.000, Length: 200, Loss: 0.8600, Entropy: 1.0977, Epsilon: 0.681
2026-03-29 11:19:51 | INFO | Episode  130 - Reward: -200.000, Length: 200, Loss: 1.1870, Entropy: 1.0979, Epsilon: 0.678
2026-03-29 11:19:54 | INFO | Episode  131 - Reward: -200.000, Length: 200, Loss: 0.6766, Entropy: 1.0966, Epsilon: 0.676
2026-03-29 11:19:56 | INFO | Episode  132 - Reward: -200.000, Length: 200, Loss: 0.6881, Entropy: 1.0979, Epsilon: 0.673
2026-03-29 11:19:59 | INFO | Episode  133 - Reward: -200.000, Length: 200, Loss: 1.1651, Entropy: 1.0961, Epsilon: 0.671
2026-03-29 11:20:02 | INFO | Episode  134 - Reward: -200.000, Length: 200, Loss: 1.1879, Entropy: 1.0972, Epsilon: 0.668
2026-03-29 11:20:04 | INFO | Episode  135 - Reward: -200.000, Length: 200, Loss: 0.9116, Entropy: 1.0954, Epsilon: 0.666
2026-03-29 11:20:07 | INFO | Episode  136 - Reward: -200.000, Length: 200, Loss: 1.5435, Entropy: 1.0961, Epsilon: 0.663
2026-03-29 11:20:10 | INFO | Episode  137 - Reward: -200.000, Length: 200, Loss: 1.3154, Entropy: 1.0966, Epsilon: 0.661
2026-03-29 11:20:12 | INFO | Episode  138 - Reward: -200.000, Length: 200, Loss: 1.3392, Entropy: 1.0967, Epsilon: 0.658
2026-03-29 11:20:15 | INFO | Episode  139 - Reward: -200.000, Length: 200, Loss: 1.0930, Entropy: 1.0978, Epsilon: 0.656
2026-03-29 11:20:18 | INFO | Episode  140 - Reward: -200.000, Length: 200, Loss: 0.2283, Entropy: 1.0982, Epsilon: 0.653
2026-03-29 11:20:20 | INFO | Episode  141 - Reward: -200.000, Length: 200, Loss: 0.9136, Entropy: 1.0953, Epsilon: 0.651
2026-03-29 11:20:23 | INFO | Episode  142 - Reward: -200.000, Length: 200, Loss: 1.3520, Entropy: 1.0967, Epsilon: 0.649
2026-03-29 11:20:26 | INFO | Episode  143 - Reward: -200.000, Length: 200, Loss: 1.8958, Entropy: 1.0959, Epsilon: 0.646
2026-03-29 11:20:28 | INFO | Episode  144 - Reward: -200.000, Length: 200, Loss: 1.1617, Entropy: 1.0976, Epsilon: 0.644
2026-03-29 11:20:31 | INFO | Episode  145 - Reward: -200.000, Length: 200, Loss: 1.1352, Entropy: 1.0971, Epsilon: 0.641
2026-03-29 11:20:34 | INFO | Episode  146 - Reward: -200.000, Length: 200, Loss: 1.0851, Entropy: 1.0971, Epsilon: 0.639
2026-03-29 11:20:37 | INFO | Episode  147 - Reward: -200.000, Length: 200, Loss: 2.5507, Entropy: 1.0943, Epsilon: 0.636
2026-03-29 11:20:39 | INFO | Episode  148 - Reward: -200.000, Length: 200, Loss: 0.8826, Entropy: 1.0972, Epsilon: 0.634
2026-03-29 11:20:42 | INFO | Episode  149 - Reward: -200.000, Length: 200, Loss: 0.9396, Entropy: 1.0981, Epsilon: 0.631
2026-03-29 11:20:45 | INFO | Episode  150 - Reward: -200.000, Length: 200, Loss: 1.7918, Entropy: 1.0967, Epsilon: 0.629
2026-03-29 11:21:46 | INFO | [Episode  150] eps=0.629  avg_reward=-200.000  avg_length=200.00  avg_loss=  1.0142  avg_entropy=1.0967  eval_success=0.000
2026-03-29 11:21:48 | INFO | Episode  151 - Reward: -200.000, Length: 200, Loss: 1.9206, Entropy: 1.0936, Epsilon: 0.626
2026-03-29 11:21:51 | INFO | Episode  152 - Reward: -200.000, Length: 200, Loss: 1.0939, Entropy: 1.0968, Epsilon: 0.624
2026-03-29 11:21:54 | INFO | Episode  153 - Reward: -200.000, Length: 200, Loss: 0.6394, Entropy: 1.0975, Epsilon: 0.621
2026-03-29 11:21:56 | INFO | Episode  154 - Reward: -200.000, Length: 200, Loss: 0.4223, Entropy: 1.0981, Epsilon: 0.619
2026-03-29 11:21:59 | INFO | Episode  155 - Reward: -200.000, Length: 200, Loss: 1.0920, Entropy: 1.0973, Epsilon: 0.616
2026-03-29 11:22:02 | INFO | Episode  156 - Reward: -200.000, Length: 200, Loss: 1.4166, Entropy: 1.0970, Epsilon: 0.614
2026-03-29 11:22:05 | INFO | Episode  157 - Reward: -200.000, Length: 200, Loss: 1.5254, Entropy: 1.0972, Epsilon: 0.611
2026-03-29 11:22:07 | INFO | Episode  158 - Reward: -200.000, Length: 200, Loss: 0.4303, Entropy: 1.0984, Epsilon: 0.609
2026-03-29 11:22:10 | INFO | Episode  159 - Reward: -200.000, Length: 200, Loss: 0.9633, Entropy: 1.0980, Epsilon: 0.606
2026-03-29 11:22:13 | INFO | Episode  160 - Reward: -200.000, Length: 200, Loss: 2.1277, Entropy: 1.0951, Epsilon: 0.604
2026-03-29 11:22:16 | INFO | Episode  161 - Reward: -200.000, Length: 200, Loss: 1.8280, Entropy: 1.0968, Epsilon: 0.602
2026-03-29 11:22:18 | INFO | Episode  162 - Reward: -200.000, Length: 200, Loss: 1.4840, Entropy: 1.0965, Epsilon: 0.599
2026-03-29 11:22:21 | INFO | Episode  163 - Reward: -200.000, Length: 200, Loss: 0.7483, Entropy: 1.0980, Epsilon: 0.597
2026-03-29 11:22:24 | INFO | Episode  164 - Reward: -200.000, Length: 200, Loss: 1.2402, Entropy: 1.0971, Epsilon: 0.594
2026-03-29 11:22:27 | INFO | Episode  165 - Reward: -200.000, Length: 200, Loss: 1.4044, Entropy: 1.0964, Epsilon: 0.592
2026-03-29 11:22:29 | INFO | Episode  166 - Reward: -200.000, Length: 200, Loss: 0.8991, Entropy: 1.0981, Epsilon: 0.589
2026-03-29 11:22:32 | INFO | Episode  167 - Reward: -200.000, Length: 200, Loss: 0.8752, Entropy: 1.0975, Epsilon: 0.587
2026-03-29 11:22:35 | INFO | Episode  168 - Reward: -200.000, Length: 200, Loss: 1.4556, Entropy: 1.0939, Epsilon: 0.584
2026-03-29 11:22:38 | INFO | Episode  169 - Reward: -200.000, Length: 200, Loss: 1.2630, Entropy: 1.0973, Epsilon: 0.582
2026-03-29 11:22:41 | INFO | Episode  170 - Reward: -200.000, Length: 200, Loss: 1.2063, Entropy: 1.0957, Epsilon: 0.579
2026-03-29 11:22:43 | INFO | Episode  171 - Reward: -200.000, Length: 200, Loss: 1.1465, Entropy: 1.0971, Epsilon: 0.577
2026-03-29 11:22:46 | INFO | Episode  172 - Reward: -200.000, Length: 200, Loss: 0.7086, Entropy: 1.0979, Epsilon: 0.574
2026-03-29 11:22:48 | INFO | Episode  173 - Reward: -200.000, Length: 200, Loss: 1.4453, Entropy: 1.0982, Epsilon: 0.572
2026-03-29 11:22:51 | INFO | Episode  174 - Reward: -200.000, Length: 200, Loss: 1.2341, Entropy: 1.0971, Epsilon: 0.569
2026-03-29 11:22:54 | INFO | Episode  175 - Reward: -200.000, Length: 200, Loss: 1.4414, Entropy: 1.0943, Epsilon: 0.567
2026-03-29 11:22:57 | INFO | Episode  176 - Reward: -200.000, Length: 200, Loss: 1.6736, Entropy: 1.0963, Epsilon: 0.564
2026-03-29 11:22:59 | INFO | Episode  177 - Reward: -200.000, Length: 200, Loss: 1.4957, Entropy: 1.0981, Epsilon: 0.562
2026-03-29 11:23:02 | INFO | Episode  178 - Reward: -200.000, Length: 200, Loss: 0.9435, Entropy: 1.0972, Epsilon: 0.559
2026-03-29 11:23:05 | INFO | Episode  179 - Reward: -200.000, Length: 200, Loss: 0.9982, Entropy: 1.0977, Epsilon: 0.557
2026-03-29 11:23:07 | INFO | Episode  180 - Reward: -200.000, Length: 200, Loss: 2.5210, Entropy: 1.0953, Epsilon: 0.554
2026-03-29 11:23:10 | INFO | Episode  181 - Reward: -200.000, Length: 200, Loss: -0.0017, Entropy: 1.0986, Epsilon: 0.552
2026-03-29 11:23:13 | INFO | Episode  182 - Reward: -200.000, Length: 200, Loss: 1.0411, Entropy: 1.0976, Epsilon: 0.550
2026-03-29 11:23:16 | INFO | Episode  183 - Reward: -200.000, Length: 200, Loss: 1.5361, Entropy: 1.0925, Epsilon: 0.547
2026-03-29 11:23:18 | INFO | Episode  184 - Reward: -200.000, Length: 200, Loss: 1.2396, Entropy: 1.0975, Epsilon: 0.545
2026-03-29 11:23:21 | INFO | Episode  185 - Reward: -200.000, Length: 200, Loss: 1.3033, Entropy: 1.0976, Epsilon: 0.542
2026-03-29 11:23:24 | INFO | Episode  186 - Reward: -200.000, Length: 200, Loss: 0.9997, Entropy: 1.0964, Epsilon: 0.540
2026-03-29 11:23:26 | INFO | Episode  187 - Reward: -200.000, Length: 200, Loss: 0.8701, Entropy: 1.0953, Epsilon: 0.537
2026-03-29 11:23:29 | INFO | Episode  188 - Reward: -200.000, Length: 200, Loss: 1.7947, Entropy: 1.0970, Epsilon: 0.535
2026-03-29 11:23:31 | INFO | Episode  189 - Reward: -200.000, Length: 200, Loss: 0.5318, Entropy: 1.0976, Epsilon: 0.532
2026-03-29 11:23:34 | INFO | Episode  190 - Reward: -200.000, Length: 200, Loss: 1.5812, Entropy: 1.0957, Epsilon: 0.530
2026-03-29 11:23:37 | INFO | Episode  191 - Reward: -200.000, Length: 200, Loss: 1.0595, Entropy: 1.0966, Epsilon: 0.527
2026-03-29 11:23:39 | INFO | Episode  192 - Reward: -200.000, Length: 200, Loss: 0.7645, Entropy: 1.0979, Epsilon: 0.525
2026-03-29 11:23:42 | INFO | Episode  193 - Reward: -200.000, Length: 200, Loss: 1.5980, Entropy: 1.0971, Epsilon: 0.522
2026-03-29 11:23:45 | INFO | Episode  194 - Reward: -200.000, Length: 200, Loss: 1.2523, Entropy: 1.0966, Epsilon: 0.520
2026-03-29 11:23:47 | INFO | Episode  195 - Reward: -200.000, Length: 200, Loss: 2.1798, Entropy: 1.0964, Epsilon: 0.517
2026-03-29 11:23:50 | INFO | Episode  196 - Reward: -200.000, Length: 200, Loss: 1.4816, Entropy: 1.0960, Epsilon: 0.515
2026-03-29 11:23:53 | INFO | Episode  197 - Reward: -200.000, Length: 200, Loss: 0.9556, Entropy: 1.0980, Epsilon: 0.512
2026-03-29 11:23:56 | INFO | Episode  198 - Reward: -200.000, Length: 200, Loss: 0.8697, Entropy: 1.0976, Epsilon: 0.510
2026-03-29 11:23:58 | INFO | Episode  199 - Reward: -200.000, Length: 200, Loss: 0.7132, Entropy: 1.0973, Epsilon: 0.507
2026-03-29 11:24:01 | INFO | Episode  200 - Reward: -200.000, Length: 200, Loss: 1.2247, Entropy: 1.0971, Epsilon: 0.505
2026-03-29 11:25:03 | INFO | [Episode  200] eps=0.505  avg_reward=-200.000  avg_length=200.00  avg_loss=  1.2128  avg_entropy=1.0971  eval_success=0.000
2026-03-29 11:25:06 | INFO | Episode  201 - Reward: -200.000, Length: 200, Loss: 2.0199, Entropy: 1.0966, Epsilon: 0.503
2026-03-29 11:25:09 | INFO | Episode  202 - Reward: -200.000, Length: 200, Loss: 1.5087, Entropy: 1.0969, Epsilon: 0.500
2026-03-29 11:25:11 | INFO | Episode  203 - Reward: -200.000, Length: 200, Loss: 1.0137, Entropy: 1.0978, Epsilon: 0.498
2026-03-29 11:25:14 | INFO | Episode  204 - Reward: -200.000, Length: 200, Loss: 0.8277, Entropy: 1.0975, Epsilon: 0.495
2026-03-29 11:25:17 | INFO | Episode  205 - Reward: -200.000, Length: 200, Loss: 1.3824, Entropy: 1.0950, Epsilon: 0.493
2026-03-29 11:25:19 | INFO | Episode  206 - Reward: -200.000, Length: 200, Loss: 1.3836, Entropy: 1.0966, Epsilon: 0.490
2026-03-29 11:25:22 | INFO | Episode  207 - Reward: -200.000, Length: 200, Loss: 1.9431, Entropy: 1.0955, Epsilon: 0.488
2026-03-29 11:25:25 | INFO | Episode  208 - Reward: -200.000, Length: 200, Loss: 2.4633, Entropy: 1.0967, Epsilon: 0.485
2026-03-29 11:25:27 | INFO | Episode  209 - Reward: -200.000, Length: 200, Loss: 0.7544, Entropy: 1.0943, Epsilon: 0.483
2026-03-29 11:25:30 | INFO | Episode  210 - Reward: -200.000, Length: 200, Loss: 2.2181, Entropy: 1.0963, Epsilon: 0.480
2026-03-29 11:25:33 | INFO | Episode  211 - Reward: -200.000, Length: 200, Loss: 2.4147, Entropy: 1.0935, Epsilon: 0.478
2026-03-29 11:25:36 | INFO | Episode  212 - Reward: -200.000, Length: 200, Loss: 1.2719, Entropy: 1.0975, Epsilon: 0.475
2026-03-29 11:25:39 | INFO | Episode  213 - Reward: -200.000, Length: 200, Loss: 1.5459, Entropy: 1.0956, Epsilon: 0.473
2026-03-29 11:25:42 | INFO | Episode  214 - Reward: -200.000, Length: 200, Loss: 0.7229, Entropy: 1.0975, Epsilon: 0.470
2026-03-29 11:25:44 | INFO | Episode  215 - Reward: -200.000, Length: 200, Loss: 0.2562, Entropy: 1.0983, Epsilon: 0.468
2026-03-29 11:25:47 | INFO | Episode  216 - Reward: -200.000, Length: 200, Loss: 0.5255, Entropy: 1.0980, Epsilon: 0.465
2026-03-29 11:25:50 | INFO | Episode  217 - Reward: -200.000, Length: 200, Loss: 0.7726, Entropy: 1.0968, Epsilon: 0.463
2026-03-29 11:25:52 | INFO | Episode  218 - Reward: -200.000, Length: 200, Loss: 1.6304, Entropy: 1.0962, Epsilon: 0.460
2026-03-29 11:25:55 | INFO | Episode  219 - Reward: -200.000, Length: 200, Loss: 1.6671, Entropy: 1.0975, Epsilon: 0.458
2026-03-29 11:25:58 | INFO | Episode  220 - Reward: -200.000, Length: 200, Loss: 1.2596, Entropy: 1.0967, Epsilon: 0.456
2026-03-29 11:26:01 | INFO | Episode  221 - Reward: -200.000, Length: 200, Loss: 0.7562, Entropy: 1.0974, Epsilon: 0.453
2026-03-29 11:26:03 | INFO | Episode  222 - Reward: -200.000, Length: 200, Loss: 0.7499, Entropy: 1.0976, Epsilon: 0.451
2026-03-29 11:26:06 | INFO | Episode  223 - Reward: -200.000, Length: 200, Loss: 2.2001, Entropy: 1.0943, Epsilon: 0.448
2026-03-29 11:26:09 | INFO | Episode  224 - Reward: -200.000, Length: 200, Loss: 1.3065, Entropy: 1.0976, Epsilon: 0.446
2026-03-29 11:26:12 | INFO | Episode  225 - Reward: -200.000, Length: 200, Loss: 0.7726, Entropy: 1.0980, Epsilon: 0.443
2026-03-29 11:26:14 | INFO | Episode  226 - Reward: -200.000, Length: 200, Loss: 2.0857, Entropy: 1.0958, Epsilon: 0.441
2026-03-29 11:26:17 | INFO | Episode  227 - Reward: -200.000, Length: 200, Loss: 2.0137, Entropy: 1.0976, Epsilon: 0.438
2026-03-29 11:26:20 | INFO | Episode  228 - Reward: -200.000, Length: 200, Loss: 1.0628, Entropy: 1.0973, Epsilon: 0.436
2026-03-29 11:26:22 | INFO | Episode  229 - Reward: -200.000, Length: 200, Loss: 0.7546, Entropy: 1.0966, Epsilon: 0.433
2026-03-29 11:26:25 | INFO | Episode  230 - Reward: -200.000, Length: 200, Loss: 1.2529, Entropy: 1.0961, Epsilon: 0.431
2026-03-29 11:26:27 | INFO | Episode  231 - Reward: -200.000, Length: 200, Loss: 1.2449, Entropy: 1.0967, Epsilon: 0.428
2026-03-29 11:26:29 | INFO | Episode  232 - Reward: -200.000, Length: 200, Loss: 1.4330, Entropy: 1.0956, Epsilon: 0.426
2026-03-29 11:26:32 | INFO | Episode  233 - Reward: -200.000, Length: 200, Loss: 1.4778, Entropy: 1.0973, Epsilon: 0.423
2026-03-29 11:26:35 | INFO | Episode  234 - Reward: -200.000, Length: 200, Loss: 1.4511, Entropy: 1.0967, Epsilon: 0.421
2026-03-29 11:26:37 | INFO | Episode  235 - Reward: -200.000, Length: 200, Loss: 1.0382, Entropy: 1.0968, Epsilon: 0.418
2026-03-29 11:26:40 | INFO | Episode  236 - Reward: -200.000, Length: 200, Loss: 1.1399, Entropy: 1.0978, Epsilon: 0.416
2026-03-29 11:26:43 | INFO | Episode  237 - Reward: -200.000, Length: 200, Loss: 0.9630, Entropy: 1.0972, Epsilon: 0.413
2026-03-29 11:26:46 | INFO | Episode  238 - Reward: -200.000, Length: 200, Loss: 1.1566, Entropy: 1.0968, Epsilon: 0.411
2026-03-29 11:26:49 | INFO | Episode  239 - Reward: -200.000, Length: 200, Loss: 0.9022, Entropy: 1.0959, Epsilon: 0.408
2026-03-29 11:26:51 | INFO | Episode  240 - Reward: -200.000, Length: 200, Loss: 1.9509, Entropy: 1.0978, Epsilon: 0.406
2026-03-29 11:26:54 | INFO | Episode  241 - Reward: -200.000, Length: 200, Loss: 2.1130, Entropy: 1.0970, Epsilon: 0.404
2026-03-29 11:26:56 | INFO | Episode  242 - Reward: -200.000, Length: 200, Loss: 1.3807, Entropy: 1.0963, Epsilon: 0.401
2026-03-29 11:26:59 | INFO | Episode  243 - Reward: -200.000, Length: 200, Loss: 1.8112, Entropy: 1.0964, Epsilon: 0.399
2026-03-29 11:27:02 | INFO | Episode  244 - Reward: -200.000, Length: 200, Loss: 0.8892, Entropy: 1.0962, Epsilon: 0.396
2026-03-29 11:27:04 | INFO | Episode  245 - Reward: -200.000, Length: 200, Loss: 1.2463, Entropy: 1.0976, Epsilon: 0.394
2026-03-29 11:27:07 | INFO | Episode  246 - Reward: -200.000, Length: 200, Loss: 2.5089, Entropy: 1.0964, Epsilon: 0.391
2026-03-29 11:27:10 | INFO | Episode  247 - Reward: -200.000, Length: 200, Loss: 1.2507, Entropy: 1.0952, Epsilon: 0.389
2026-03-29 11:27:13 | INFO | Episode  248 - Reward: -200.000, Length: 200, Loss: 1.0212, Entropy: 1.0956, Epsilon: 0.386
2026-03-29 11:27:16 | INFO | Episode  249 - Reward: -200.000, Length: 200, Loss: 2.0005, Entropy: 1.0978, Epsilon: 0.384
2026-03-29 11:27:19 | INFO | Episode  250 - Reward: -200.000, Length: 200, Loss: 0.5125, Entropy: 1.0981, Epsilon: 0.381
2026-03-29 11:28:18 | INFO | [Episode  250] eps=0.381  avg_reward=-200.000  avg_length=200.00  avg_loss=  1.3606  avg_entropy=1.0981  eval_success=0.000
2026-03-29 11:28:21 | INFO | Episode  251 - Reward: -200.000, Length: 200, Loss: 2.0082, Entropy: 1.0975, Epsilon: 0.379
2026-03-29 11:28:24 | INFO | Episode  252 - Reward: -200.000, Length: 200, Loss: 2.7696, Entropy: 1.0918, Epsilon: 0.376
2026-03-29 11:28:27 | INFO | Episode  253 - Reward: -200.000, Length: 200, Loss: 0.5185, Entropy: 1.0977, Epsilon: 0.374
2026-03-29 11:28:29 | INFO | Episode  254 - Reward: -200.000, Length: 200, Loss: 0.2610, Entropy: 1.0980, Epsilon: 0.371
2026-03-29 11:28:32 | INFO | Episode  255 - Reward: -200.000, Length: 200, Loss: 0.9833, Entropy: 1.0977, Epsilon: 0.369
2026-03-29 11:28:35 | INFO | Episode  256 - Reward: -200.000, Length: 200, Loss: 1.4872, Entropy: 1.0981, Epsilon: 0.366
2026-03-29 11:28:37 | INFO | Episode  257 - Reward: -200.000, Length: 200, Loss: 0.5684, Entropy: 1.0980, Epsilon: 0.364
2026-03-29 11:28:40 | INFO | Episode  258 - Reward: -200.000, Length: 200, Loss: 1.4580, Entropy: 1.0961, Epsilon: 0.361
2026-03-29 11:28:43 | INFO | Episode  259 - Reward: -200.000, Length: 200, Loss: 0.9241, Entropy: 1.0967, Epsilon: 0.359
2026-03-29 11:28:45 | INFO | Episode  260 - Reward: -200.000, Length: 200, Loss: 1.3075, Entropy: 1.0973, Epsilon: 0.357
2026-03-29 11:28:48 | INFO | Episode  261 - Reward: -200.000, Length: 200, Loss: 1.5066, Entropy: 1.0970, Epsilon: 0.354
2026-03-29 11:28:51 | INFO | Episode  262 - Reward: -200.000, Length: 200, Loss: 1.4106, Entropy: 1.0975, Epsilon: 0.352
2026-03-29 11:28:54 | INFO | Episode  263 - Reward: -200.000, Length: 200, Loss: 1.6615, Entropy: 1.0960, Epsilon: 0.349
2026-03-29 11:28:57 | INFO | Episode  264 - Reward: -200.000, Length: 200, Loss: 1.9044, Entropy: 1.0969, Epsilon: 0.347
2026-03-29 11:29:00 | INFO | Episode  265 - Reward: -200.000, Length: 200, Loss: 1.7883, Entropy: 1.0961, Epsilon: 0.344
2026-03-29 11:29:02 | INFO | Episode  266 - Reward: -200.000, Length: 200, Loss: 1.4629, Entropy: 1.0978, Epsilon: 0.342
2026-03-29 11:29:05 | INFO | Episode  267 - Reward: -200.000, Length: 200, Loss: 0.8677, Entropy: 1.0974, Epsilon: 0.339
2026-03-29 11:29:08 | INFO | Episode  268 - Reward: -200.000, Length: 200, Loss: 0.9994, Entropy: 1.0971, Epsilon: 0.337
2026-03-29 11:29:10 | INFO | Episode  269 - Reward: -200.000, Length: 200, Loss: 0.9801, Entropy: 1.0969, Epsilon: 0.334
2026-03-29 11:29:13 | INFO | Episode  270 - Reward: -200.000, Length: 200, Loss: 0.8966, Entropy: 1.0972, Epsilon: 0.332
2026-03-29 11:29:16 | INFO | Episode  271 - Reward: -200.000, Length: 200, Loss: 2.0638, Entropy: 1.0946, Epsilon: 0.329
2026-03-29 11:29:18 | INFO | Episode  272 - Reward: -200.000, Length: 200, Loss: 0.8982, Entropy: 1.0967, Epsilon: 0.327
2026-03-29 11:29:21 | INFO | Episode  273 - Reward: -200.000, Length: 200, Loss: 1.6134, Entropy: 1.0938, Epsilon: 0.324
2026-03-29 11:29:24 | INFO | Episode  274 - Reward: -200.000, Length: 200, Loss: 0.9571, Entropy: 1.0969, Epsilon: 0.322
2026-03-29 11:29:26 | INFO | Episode  275 - Reward: -200.000, Length: 200, Loss: 1.8033, Entropy: 1.0924, Epsilon: 0.319
2026-03-29 11:29:29 | INFO | Episode  276 - Reward: -200.000, Length: 200, Loss: 1.1344, Entropy: 1.0953, Epsilon: 0.317
2026-03-29 11:29:32 | INFO | Episode  277 - Reward: -200.000, Length: 200, Loss: 1.7275, Entropy: 1.0971, Epsilon: 0.314
2026-03-29 11:29:34 | INFO | Episode  278 - Reward: -200.000, Length: 200, Loss: 0.6976, Entropy: 1.0981, Epsilon: 0.312
2026-03-29 11:29:37 | INFO | Episode  279 - Reward: -200.000, Length: 200, Loss: 0.2586, Entropy: 1.0982, Epsilon: 0.309
2026-03-29 11:29:40 | INFO | Episode  280 - Reward: -200.000, Length: 200, Loss: 1.1593, Entropy: 1.0977, Epsilon: 0.307
2026-03-29 11:29:43 | INFO | Episode  281 - Reward: -200.000, Length: 200, Loss: 1.6465, Entropy: 1.0963, Epsilon: 0.305
2026-03-29 11:29:45 | INFO | Episode  282 - Reward: -200.000, Length: 200, Loss: 1.6021, Entropy: 1.0944, Epsilon: 0.302
2026-03-29 11:29:48 | INFO | Episode  283 - Reward: -200.000, Length: 200, Loss: 1.3451, Entropy: 1.0939, Epsilon: 0.300
2026-03-29 11:29:51 | INFO | Episode  284 - Reward: -200.000, Length: 200, Loss: 0.6355, Entropy: 1.0968, Epsilon: 0.297
2026-03-29 11:29:54 | INFO | Episode  285 - Reward: -200.000, Length: 200, Loss: 0.2478, Entropy: 1.0983, Epsilon: 0.295
2026-03-29 11:29:56 | INFO | Episode  286 - Reward: -200.000, Length: 200, Loss: 1.1043, Entropy: 1.0968, Epsilon: 0.292
2026-03-29 11:29:59 | INFO | Episode  287 - Reward: -200.000, Length: 200, Loss: 0.9667, Entropy: 1.0969, Epsilon: 0.290
2026-03-29 11:30:02 | INFO | Episode  288 - Reward: -200.000, Length: 200, Loss: 1.8559, Entropy: 1.0932, Epsilon: 0.287
2026-03-29 11:30:04 | INFO | Episode  289 - Reward: -200.000, Length: 200, Loss: 1.1382, Entropy: 1.0975, Epsilon: 0.285
2026-03-29 11:30:07 | INFO | Episode  290 - Reward: -200.000, Length: 200, Loss: 0.4381, Entropy: 1.0983, Epsilon: 0.282
2026-03-29 11:30:10 | INFO | Episode  291 - Reward: -200.000, Length: 200, Loss: 1.7612, Entropy: 1.0966, Epsilon: 0.280
2026-03-29 11:30:13 | INFO | Episode  292 - Reward: -200.000, Length: 200, Loss: 0.6836, Entropy: 1.0974, Epsilon: 0.277
2026-03-29 11:30:16 | INFO | Episode  293 - Reward: -200.000, Length: 200, Loss: 1.3771, Entropy: 1.0976, Epsilon: 0.275
2026-03-29 11:30:18 | INFO | Episode  294 - Reward: -200.000, Length: 200, Loss: 1.1548, Entropy: 1.0959, Epsilon: 0.272
2026-03-29 11:30:21 | INFO | Episode  295 - Reward: -200.000, Length: 200, Loss: 0.9137, Entropy: 1.0978, Epsilon: 0.270
2026-03-29 11:30:24 | INFO | Episode  296 - Reward: -200.000, Length: 200, Loss: 1.1730, Entropy: 1.0968, Epsilon: 0.267
2026-03-29 11:30:26 | INFO | Episode  297 - Reward: -200.000, Length: 200, Loss: 0.8115, Entropy: 1.0976, Epsilon: 0.265
2026-03-29 11:30:29 | INFO | Episode  298 - Reward: -200.000, Length: 200, Loss: 0.9929, Entropy: 1.0974, Epsilon: 0.262
2026-03-29 11:30:32 | INFO | Episode  299 - Reward: -200.000, Length: 200, Loss: 0.2597, Entropy: 1.0984, Epsilon: 0.260
2026-03-29 11:30:35 | INFO | Episode  300 - Reward: -200.000, Length: 200, Loss: 2.1156, Entropy: 1.0949, Epsilon: 0.258
2026-03-29 11:31:34 | INFO | [Episode  300] eps=0.258  avg_reward=-200.000  avg_length=200.00  avg_loss=  1.2060  avg_entropy=1.0949  eval_success=0.000
2026-03-29 11:31:37 | INFO | Episode  301 - Reward: -200.000, Length: 200, Loss: 2.6558, Entropy: 1.0907, Epsilon: 0.255
2026-03-29 11:31:40 | INFO | Episode  302 - Reward: -200.000, Length: 200, Loss: 1.6431, Entropy: 1.0979, Epsilon: 0.253
2026-03-29 11:31:42 | INFO | Episode  303 - Reward: -200.000, Length: 200, Loss: 0.2876, Entropy: 1.0983, Epsilon: 0.250
2026-03-29 11:31:45 | INFO | Episode  304 - Reward: -200.000, Length: 200, Loss: 1.5892, Entropy: 1.0973, Epsilon: 0.248
2026-03-29 11:31:48 | INFO | Episode  305 - Reward: -200.000, Length: 200, Loss: 0.5393, Entropy: 1.0977, Epsilon: 0.245
2026-03-29 11:31:50 | INFO | Episode  306 - Reward: -200.000, Length: 200, Loss: 1.3935, Entropy: 1.0964, Epsilon: 0.243
2026-03-29 11:31:53 | INFO | Episode  307 - Reward: -200.000, Length: 200, Loss: 0.2821, Entropy: 1.0982, Epsilon: 0.240
2026-03-29 11:31:56 | INFO | Episode  308 - Reward: -200.000, Length: 200, Loss: 1.6338, Entropy: 1.0960, Epsilon: 0.238
2026-03-29 11:31:59 | INFO | Episode  309 - Reward: -200.000, Length: 200, Loss: 1.0292, Entropy: 1.0967, Epsilon: 0.235
2026-03-29 11:32:02 | INFO | Episode  310 - Reward: -200.000, Length: 200, Loss: 2.4123, Entropy: 1.0963, Epsilon: 0.233
2026-03-29 11:32:04 | INFO | Episode  311 - Reward: -200.000, Length: 200, Loss: 2.2888, Entropy: 1.0884, Epsilon: 0.230
2026-03-29 11:32:07 | INFO | Episode  312 - Reward: -200.000, Length: 200, Loss: 1.0572, Entropy: 1.0947, Epsilon: 0.228
2026-03-29 11:32:10 | INFO | Episode  313 - Reward: -200.000, Length: 200, Loss: 0.7679, Entropy: 1.0964, Epsilon: 0.225
2026-03-29 11:32:12 | INFO | Episode  314 - Reward: -200.000, Length: 200, Loss: 2.0016, Entropy: 1.0951, Epsilon: 0.223
2026-03-29 11:32:15 | INFO | Episode  315 - Reward: -200.000, Length: 200, Loss: 1.6009, Entropy: 1.0951, Epsilon: 0.220
2026-03-29 11:32:17 | INFO | Episode  316 - Reward: -200.000, Length: 200, Loss: 1.7287, Entropy: 1.0973, Epsilon: 0.218
2026-03-29 11:32:21 | INFO | Episode  317 - Reward: -200.000, Length: 200, Loss: 1.1483, Entropy: 1.0978, Epsilon: 0.215
2026-03-29 11:32:24 | INFO | Episode  318 - Reward: -200.000, Length: 200, Loss: 1.4680, Entropy: 1.0964, Epsilon: 0.213
2026-03-29 11:32:26 | INFO | Episode  319 - Reward: -200.000, Length: 200, Loss: 1.0839, Entropy: 1.0974, Epsilon: 0.210
2026-03-29 11:32:29 | INFO | Episode  320 - Reward: -200.000, Length: 200, Loss: 1.6125, Entropy: 1.0941, Epsilon: 0.208
2026-03-29 11:32:31 | INFO | Episode  321 - Reward: -200.000, Length: 200, Loss: 0.3258, Entropy: 1.0977, Epsilon: 0.206
2026-03-29 11:32:34 | INFO | Episode  322 - Reward: -200.000, Length: 200, Loss: 1.3384, Entropy: 1.0971, Epsilon: 0.203
2026-03-29 11:32:36 | INFO | Episode  323 - Reward: -200.000, Length: 200, Loss: 1.3253, Entropy: 1.0956, Epsilon: 0.201
2026-03-29 11:32:39 | INFO | Episode  324 - Reward: -200.000, Length: 200, Loss: 1.6384, Entropy: 1.0971, Epsilon: 0.198
2026-03-29 11:32:42 | INFO | Episode  325 - Reward: -200.000, Length: 200, Loss: 1.2689, Entropy: 1.0976, Epsilon: 0.196
2026-03-29 11:32:45 | INFO | Episode  326 - Reward: -200.000, Length: 200, Loss: 1.3102, Entropy: 1.0969, Epsilon: 0.193
2026-03-29 11:32:47 | INFO | Episode  327 - Reward: -200.000, Length: 200, Loss: 2.5855, Entropy: 1.0929, Epsilon: 0.191
2026-03-29 11:32:50 | INFO | Episode  328 - Reward: -200.000, Length: 200, Loss: 0.6936, Entropy: 1.0977, Epsilon: 0.188
2026-03-29 11:32:53 | INFO | Episode  329 - Reward: -200.000, Length: 200, Loss: 2.2500, Entropy: 1.0943, Epsilon: 0.186
2026-03-29 11:32:56 | INFO | Episode  330 - Reward: -200.000, Length: 200, Loss: 0.5545, Entropy: 1.0972, Epsilon: 0.183
2026-03-29 11:32:58 | INFO | Episode  331 - Reward: -200.000, Length: 200, Loss: 0.3319, Entropy: 1.0976, Epsilon: 0.181
2026-03-29 11:33:01 | INFO | Episode  332 - Reward: -200.000, Length: 200, Loss: 0.6199, Entropy: 1.0974, Epsilon: 0.178
2026-03-29 11:33:04 | INFO | Episode  333 - Reward: -200.000, Length: 200, Loss: 0.5569, Entropy: 1.0981, Epsilon: 0.176
2026-03-29 11:33:06 | INFO | Episode  334 - Reward: -200.000, Length: 200, Loss: 1.8327, Entropy: 1.0934, Epsilon: 0.173
2026-03-29 11:33:09 | INFO | Episode  335 - Reward: -200.000, Length: 200, Loss: 0.8517, Entropy: 1.0980, Epsilon: 0.171
2026-03-29 11:33:11 | INFO | Episode  336 - Reward: -200.000, Length: 200, Loss: 2.2378, Entropy: 1.0960, Epsilon: 0.168
2026-03-29 11:33:14 | INFO | Episode  337 - Reward: -200.000, Length: 200, Loss: 1.7885, Entropy: 1.0963, Epsilon: 0.166
2026-03-29 11:33:17 | INFO | Episode  338 - Reward: -200.000, Length: 200, Loss: 1.3005, Entropy: 1.0965, Epsilon: 0.163
2026-03-29 11:33:19 | INFO | Episode  339 - Reward: -200.000, Length: 200, Loss: 1.6450, Entropy: 1.0934, Epsilon: 0.161
2026-03-29 11:33:22 | INFO | Episode  340 - Reward: -200.000, Length: 200, Loss: 0.6018, Entropy: 1.0972, Epsilon: 0.158
2026-03-29 11:33:24 | INFO | Episode  341 - Reward: -200.000, Length: 200, Loss: 1.6259, Entropy: 1.0974, Epsilon: 0.156
2026-03-29 11:33:27 | INFO | Episode  342 - Reward: -200.000, Length: 200, Loss: 2.5897, Entropy: 1.0964, Epsilon: 0.154
2026-03-29 11:33:30 | INFO | Episode  343 - Reward: -200.000, Length: 200, Loss: 0.8688, Entropy: 1.0974, Epsilon: 0.151
2026-03-29 11:33:32 | INFO | Episode  344 - Reward: -200.000, Length: 200, Loss: 2.0197, Entropy: 1.0962, Epsilon: 0.149
2026-03-29 11:33:35 | INFO | Episode  345 - Reward: -200.000, Length: 200, Loss: 1.8215, Entropy: 1.0917, Epsilon: 0.146
2026-03-29 11:33:38 | INFO | Episode  346 - Reward: -200.000, Length: 200, Loss: 1.1136, Entropy: 1.0960, Epsilon: 0.144
2026-03-29 11:33:40 | INFO | Episode  347 - Reward: -200.000, Length: 200, Loss: 1.2890, Entropy: 1.0975, Epsilon: 0.141
2026-03-29 11:33:43 | INFO | Episode  348 - Reward: -200.000, Length: 200, Loss: 2.4887, Entropy: 1.0959, Epsilon: 0.139
2026-03-29 11:33:46 | INFO | Episode  349 - Reward: -200.000, Length: 200, Loss: 1.0510, Entropy: 1.0971, Epsilon: 0.136
2026-03-29 11:33:49 | INFO | Episode  350 - Reward: -200.000, Length: 200, Loss: 0.8396, Entropy: 1.0974, Epsilon: 0.134
2026-03-29 11:34:49 | INFO | [Episode  350] eps=0.134  avg_reward=-200.000  avg_length=200.00  avg_loss=  1.3798  avg_entropy=1.0974  eval_success=0.000
2026-03-29 11:34:52 | INFO | Episode  351 - Reward: -200.000, Length: 200, Loss: 0.8389, Entropy: 1.0970, Epsilon: 0.131
2026-03-29 11:34:55 | INFO | Episode  352 - Reward: -200.000, Length: 200, Loss: 1.9659, Entropy: 1.0963, Epsilon: 0.129
2026-03-29 11:34:58 | INFO | Episode  353 - Reward: -200.000, Length: 200, Loss: 1.8102, Entropy: 1.0956, Epsilon: 0.126
2026-03-29 11:35:00 | INFO | Episode  354 - Reward: -200.000, Length: 200, Loss: 1.8764, Entropy: 1.0957, Epsilon: 0.124
2026-03-29 11:35:03 | INFO | Episode  355 - Reward: -200.000, Length: 200, Loss: 1.5637, Entropy: 1.0957, Epsilon: 0.121
2026-03-29 11:35:06 | INFO | Episode  356 - Reward: -200.000, Length: 200, Loss: 0.6404, Entropy: 1.0976, Epsilon: 0.119
2026-03-29 11:35:08 | INFO | Episode  357 - Reward: -200.000, Length: 200, Loss: 1.6652, Entropy: 1.0972, Epsilon: 0.116
2026-03-29 11:35:11 | INFO | Episode  358 - Reward: -200.000, Length: 200, Loss: 2.7798, Entropy: 1.0947, Epsilon: 0.114
2026-03-29 11:35:14 | INFO | Episode  359 - Reward: -200.000, Length: 200, Loss: 1.1904, Entropy: 1.0952, Epsilon: 0.111
2026-03-29 11:35:16 | INFO | Episode  360 - Reward: -200.000, Length: 200, Loss: 1.4030, Entropy: 1.0943, Epsilon: 0.109
2026-03-29 11:35:19 | INFO | Episode  361 - Reward: -200.000, Length: 200, Loss: 1.2837, Entropy: 1.0963, Epsilon: 0.107
2026-03-29 11:35:21 | INFO | Episode  362 - Reward: -200.000, Length: 200, Loss: 0.9440, Entropy: 1.0964, Epsilon: 0.104
2026-03-29 11:35:24 | INFO | Episode  363 - Reward: -200.000, Length: 200, Loss: 2.6041, Entropy: 1.0927, Epsilon: 0.102
2026-03-29 11:35:26 | INFO | Episode  364 - Reward: -200.000, Length: 200, Loss: 1.1456, Entropy: 1.0977, Epsilon: 0.099
2026-03-29 11:35:29 | INFO | Episode  365 - Reward: -200.000, Length: 200, Loss: 2.5005, Entropy: 1.0928, Epsilon: 0.097
2026-03-29 11:35:32 | INFO | Episode  366 - Reward: -200.000, Length: 200, Loss: 1.3529, Entropy: 1.0967, Epsilon: 0.094
2026-03-29 11:35:34 | INFO | Episode  367 - Reward: -200.000, Length: 200, Loss: 1.2410, Entropy: 1.0973, Epsilon: 0.092
2026-03-29 11:35:37 | INFO | Episode  368 - Reward: -200.000, Length: 200, Loss: 0.5520, Entropy: 1.0971, Epsilon: 0.089
2026-03-29 11:35:40 | INFO | Episode  369 - Reward: -200.000, Length: 200, Loss: 0.7115, Entropy: 1.0968, Epsilon: 0.087
2026-03-29 11:35:43 | INFO | Episode  370 - Reward: -200.000, Length: 200, Loss: 2.3503, Entropy: 1.0916, Epsilon: 0.084
2026-03-29 11:35:46 | INFO | Episode  371 - Reward: -200.000, Length: 200, Loss: 0.2582, Entropy: 1.0980, Epsilon: 0.082
2026-03-29 11:35:48 | INFO | Episode  372 - Reward: -200.000, Length: 200, Loss: 1.0223, Entropy: 1.0973, Epsilon: 0.079
2026-03-29 11:35:51 | INFO | Episode  373 - Reward: -200.000, Length: 200, Loss: 1.4060, Entropy: 1.0972, Epsilon: 0.077
2026-03-29 11:35:54 | INFO | Episode  374 - Reward: -200.000, Length: 200, Loss: 1.4332, Entropy: 1.0959, Epsilon: 0.074
2026-03-29 11:35:56 | INFO | Episode  375 - Reward: -200.000, Length: 200, Loss: 1.2149, Entropy: 1.0972, Epsilon: 0.072
2026-03-29 11:35:59 | INFO | Episode  376 - Reward: -200.000, Length: 200, Loss: 0.4882, Entropy: 1.0982, Epsilon: 0.069
2026-03-29 11:36:02 | INFO | Episode  377 - Reward: -200.000, Length: 200, Loss: 2.5910, Entropy: 1.0932, Epsilon: 0.067
2026-03-29 11:36:05 | INFO | Episode  378 - Reward: -200.000, Length: 200, Loss: 0.8915, Entropy: 1.0947, Epsilon: 0.064
2026-03-29 11:36:07 | INFO | Episode  379 - Reward: -200.000, Length: 200, Loss: 0.9704, Entropy: 1.0971, Epsilon: 0.062
2026-03-29 11:36:11 | INFO | Episode  380 - Reward: -200.000, Length: 200, Loss: 2.8222, Entropy: 1.0964, Epsilon: 0.059
2026-03-29 11:36:13 | INFO | Episode  381 - Reward: -200.000, Length: 200, Loss: 1.7306, Entropy: 1.0960, Epsilon: 0.057
2026-03-29 11:36:16 | INFO | Episode  382 - Reward: -200.000, Length: 200, Loss: 2.7353, Entropy: 1.0936, Epsilon: 0.055
2026-03-29 11:36:19 | INFO | Episode  383 - Reward: -200.000, Length: 200, Loss: 2.2006, Entropy: 1.0939, Epsilon: 0.052
2026-03-29 11:36:22 | INFO | Episode  384 - Reward: -200.000, Length: 200, Loss: 1.3719, Entropy: 1.0939, Epsilon: 0.050
2026-03-29 11:36:24 | INFO | Episode  385 - Reward: -200.000, Length: 200, Loss: 1.3443, Entropy: 1.0960, Epsilon: 0.047
2026-03-29 11:36:27 | INFO | Episode  386 - Reward: -200.000, Length: 200, Loss: 1.0117, Entropy: 1.0956, Epsilon: 0.045
2026-03-29 11:36:30 | INFO | Episode  387 - Reward: -200.000, Length: 200, Loss: 1.0388, Entropy: 1.0974, Epsilon: 0.042
2026-03-29 11:36:33 | INFO | Episode  388 - Reward: -200.000, Length: 200, Loss: 1.3667, Entropy: 1.0970, Epsilon: 0.040
2026-03-29 11:36:36 | INFO | Episode  389 - Reward: -200.000, Length: 200, Loss: 0.9798, Entropy: 1.0979, Epsilon: 0.037
2026-03-29 11:36:38 | INFO | Episode  390 - Reward: -200.000, Length: 200, Loss: 1.5232, Entropy: 1.0977, Epsilon: 0.035
2026-03-29 11:36:41 | INFO | Episode  391 - Reward: -200.000, Length: 200, Loss: 0.5482, Entropy: 1.0975, Epsilon: 0.032
2026-03-29 11:36:44 | INFO | Episode  392 - Reward: -200.000, Length: 200, Loss: 2.1338, Entropy: 1.0955, Epsilon: 0.030
2026-03-29 11:36:46 | INFO | Episode  393 - Reward: -200.000, Length: 200, Loss: 1.6912, Entropy: 1.0955, Epsilon: 0.027
2026-03-29 11:36:49 | INFO | Episode  394 - Reward: -200.000, Length: 200, Loss: 0.8624, Entropy: 1.0957, Epsilon: 0.025
2026-03-29 11:36:52 | INFO | Episode  395 - Reward: -200.000, Length: 200, Loss: 1.5573, Entropy: 1.0977, Epsilon: 0.022
2026-03-29 11:36:54 | INFO | Episode  396 - Reward: -200.000, Length: 200, Loss: 1.3422, Entropy: 1.0971, Epsilon: 0.020
2026-03-29 11:36:57 | INFO | Episode  397 - Reward: -200.000, Length: 200, Loss: 0.5883, Entropy: 1.0976, Epsilon: 0.017
2026-03-29 11:37:00 | INFO | Episode  398 - Reward: -200.000, Length: 200, Loss: 2.0661, Entropy: 1.0974, Epsilon: 0.015
2026-03-29 11:37:03 | INFO | Episode  399 - Reward: -200.000, Length: 200, Loss: 1.9137, Entropy: 1.0954, Epsilon: 0.012
2026-03-29 11:37:06 | INFO | Episode  400 - Reward: -200.000, Length: 200, Loss: 0.6885, Entropy: 1.0960, Epsilon: 0.010
2026-03-29 11:38:05 | INFO | [Episode  400] eps=0.010  avg_reward=-200.000  avg_length=200.00  avg_loss=  1.4442  avg_entropy=1.0960  eval_success=0.000
2026-03-29 11:38:08 | INFO | Episode  401 - Reward: -200.000, Length: 200, Loss: 2.1527, Entropy: 1.0948, Epsilon: 0.010
2026-03-29 11:38:10 | INFO | Episode  402 - Reward: -200.000, Length: 200, Loss: 1.4908, Entropy: 1.0917, Epsilon: 0.010
2026-03-29 11:38:13 | INFO | Episode  403 - Reward: -200.000, Length: 200, Loss: 1.4172, Entropy: 1.0941, Epsilon: 0.010
2026-03-29 11:38:16 | INFO | Episode  404 - Reward: -200.000, Length: 200, Loss: 1.7982, Entropy: 1.0964, Epsilon: 0.010
2026-03-29 11:38:18 | INFO | Episode  405 - Reward: -200.000, Length: 200, Loss: 0.3620, Entropy: 1.0958, Epsilon: 0.010
2026-03-29 11:38:21 | INFO | Episode  406 - Reward: -200.000, Length: 200, Loss: 1.4742, Entropy: 1.0954, Epsilon: 0.010
2026-03-29 11:38:24 | INFO | Episode  407 - Reward: -200.000, Length: 200, Loss: 1.3022, Entropy: 1.0972, Epsilon: 0.010
2026-03-29 11:38:26 | INFO | Episode  408 - Reward: -200.000, Length: 200, Loss: 1.0500, Entropy: 1.0968, Epsilon: 0.010
2026-03-29 11:38:29 | INFO | Episode  409 - Reward: -200.000, Length: 200, Loss: 1.2381, Entropy: 1.0962, Epsilon: 0.010
2026-03-29 11:38:32 | INFO | Episode  410 - Reward: -200.000, Length: 200, Loss: 1.9793, Entropy: 1.0937, Epsilon: 0.010
2026-03-29 11:38:35 | INFO | Episode  411 - Reward: -200.000, Length: 200, Loss: 1.2155, Entropy: 1.0950, Epsilon: 0.010
2026-03-29 11:38:37 | INFO | Episode  412 - Reward: -200.000, Length: 200, Loss: 2.0282, Entropy: 1.0927, Epsilon: 0.010
2026-03-29 11:38:40 | INFO | Episode  413 - Reward: -200.000, Length: 200, Loss: 2.0322, Entropy: 1.0935, Epsilon: 0.010
2026-03-29 11:38:43 | INFO | Episode  414 - Reward: -200.000, Length: 200, Loss: 1.2117, Entropy: 1.0933, Epsilon: 0.010
2026-03-29 11:38:46 | INFO | Episode  415 - Reward: -200.000, Length: 200, Loss: 1.5210, Entropy: 1.0936, Epsilon: 0.010
2026-03-29 11:38:48 | INFO | Episode  416 - Reward: -200.000, Length: 200, Loss: 1.9323, Entropy: 1.0960, Epsilon: 0.010
2026-03-29 11:38:51 | INFO | Episode  417 - Reward: -200.000, Length: 200, Loss: 1.0660, Entropy: 1.0968, Epsilon: 0.010
2026-03-29 11:38:54 | INFO | Episode  418 - Reward: -200.000, Length: 200, Loss: 0.9110, Entropy: 1.0965, Epsilon: 0.010
2026-03-29 11:38:56 | INFO | Episode  419 - Reward: -200.000, Length: 200, Loss: 1.0840, Entropy: 1.0979, Epsilon: 0.010
2026-03-29 11:38:59 | INFO | Episode  420 - Reward: -200.000, Length: 200, Loss: 0.6467, Entropy: 1.0965, Epsilon: 0.010
2026-03-29 11:39:02 | INFO | Episode  421 - Reward: -200.000, Length: 200, Loss: 0.7638, Entropy: 1.0978, Epsilon: 0.010
2026-03-29 11:39:04 | INFO | Episode  422 - Reward: -200.000, Length: 200, Loss: 2.3355, Entropy: 1.0951, Epsilon: 0.010
2026-03-29 11:39:07 | INFO | Episode  423 - Reward: -200.000, Length: 200, Loss: 1.8869, Entropy: 1.0917, Epsilon: 0.010
2026-03-29 11:39:10 | INFO | Episode  424 - Reward: -200.000, Length: 200, Loss: 1.8303, Entropy: 1.0963, Epsilon: 0.010
2026-03-29 11:39:12 | INFO | Episode  425 - Reward: -200.000, Length: 200, Loss: 1.5134, Entropy: 1.0950, Epsilon: 0.010
2026-03-29 11:39:15 | INFO | Episode  426 - Reward: -200.000, Length: 200, Loss: 1.5334, Entropy: 1.0924, Epsilon: 0.010
2026-03-29 11:39:18 | INFO | Episode  427 - Reward: -200.000, Length: 200, Loss: 0.7332, Entropy: 1.0977, Epsilon: 0.010
2026-03-29 11:39:21 | INFO | Episode  428 - Reward: -200.000, Length: 200, Loss: 1.8124, Entropy: 1.0977, Epsilon: 0.010
2026-03-29 11:39:23 | INFO | Episode  429 - Reward: -200.000, Length: 200, Loss: 1.2392, Entropy: 1.0972, Epsilon: 0.010
2026-03-29 11:39:26 | INFO | Episode  430 - Reward: -200.000, Length: 200, Loss: 0.6239, Entropy: 1.0968, Epsilon: 0.010
2026-03-29 11:39:29 | INFO | Episode  431 - Reward: -200.000, Length: 200, Loss: 1.8795, Entropy: 1.0932, Epsilon: 0.010
2026-03-29 11:39:32 | INFO | Episode  432 - Reward: -200.000, Length: 200, Loss: 1.5961, Entropy: 1.0932, Epsilon: 0.010
2026-03-29 11:39:34 | INFO | Episode  433 - Reward: -200.000, Length: 200, Loss: 1.1766, Entropy: 1.0934, Epsilon: 0.010
2026-03-29 11:39:37 | INFO | Episode  434 - Reward: -200.000, Length: 200, Loss: 0.8423, Entropy: 1.0970, Epsilon: 0.010
2026-03-29 11:39:39 | INFO | Episode  435 - Reward: -200.000, Length: 200, Loss: 0.2786, Entropy: 1.0977, Epsilon: 0.010
2026-03-29 11:39:42 | INFO | Episode  436 - Reward: -200.000, Length: 200, Loss: 2.2638, Entropy: 1.0965, Epsilon: 0.010
2026-03-29 11:39:45 | INFO | Episode  437 - Reward: -200.000, Length: 200, Loss: 1.8242, Entropy: 1.0950, Epsilon: 0.010
2026-03-29 11:39:48 | INFO | Episode  438 - Reward: -200.000, Length: 200, Loss: 2.8368, Entropy: 1.0850, Epsilon: 0.010
2026-03-29 11:39:50 | INFO | Episode  439 - Reward: -200.000, Length: 200, Loss: 2.1200, Entropy: 1.0928, Epsilon: 0.010
2026-03-29 11:39:53 | INFO | Episode  440 - Reward: -200.000, Length: 200, Loss: 1.2540, Entropy: 1.0950, Epsilon: 0.010
2026-03-29 11:39:56 | INFO | Episode  441 - Reward: -200.000, Length: 200, Loss: 1.7083, Entropy: 1.0929, Epsilon: 0.010
2026-03-29 11:39:58 | INFO | Episode  442 - Reward: -200.000, Length: 200, Loss: 1.2143, Entropy: 1.0962, Epsilon: 0.010
2026-03-29 11:40:01 | INFO | Episode  443 - Reward: -200.000, Length: 200, Loss: 1.6619, Entropy: 1.0968, Epsilon: 0.010
2026-03-29 11:40:04 | INFO | Episode  444 - Reward: -200.000, Length: 200, Loss: 1.3441, Entropy: 1.0970, Epsilon: 0.010
2026-03-29 11:40:06 | INFO | Episode  445 - Reward: -200.000, Length: 200, Loss: 0.6409, Entropy: 1.0971, Epsilon: 0.010
2026-03-29 11:40:09 | INFO | Episode  446 - Reward: -200.000, Length: 200, Loss: 1.0974, Entropy: 1.0970, Epsilon: 0.010
2026-03-29 11:40:12 | INFO | Episode  447 - Reward: -200.000, Length: 200, Loss: 0.2683, Entropy: 1.0977, Epsilon: 0.010
2026-03-29 11:40:15 | INFO | Episode  448 - Reward: -200.000, Length: 200, Loss: 0.6226, Entropy: 1.0966, Epsilon: 0.010
2026-03-29 11:40:17 | INFO | Episode  449 - Reward: -200.000, Length: 200, Loss: 1.4366, Entropy: 1.0973, Epsilon: 0.010
2026-03-29 11:40:21 | INFO | Episode  450 - Reward: -200.000, Length: 200, Loss: 2.1541, Entropy: 1.0936, Epsilon: 0.010
2026-03-29 11:41:20 | INFO | [Episode  450] eps=0.010  avg_reward=-200.000  avg_length=200.00  avg_loss=  1.4081  avg_entropy=1.0936  eval_success=0.000
2026-03-29 11:41:23 | INFO | Episode  451 - Reward: -200.000, Length: 200, Loss: 0.3223, Entropy: 1.0965, Epsilon: 0.010
2026-03-29 11:41:26 | INFO | Episode  452 - Reward: -200.000, Length: 200, Loss: 1.3623, Entropy: 1.0981, Epsilon: 0.010
2026-03-29 11:41:29 | INFO | Episode  453 - Reward: -200.000, Length: 200, Loss: 1.4938, Entropy: 1.0947, Epsilon: 0.010
2026-03-29 11:41:31 | INFO | Episode  454 - Reward: -200.000, Length: 200, Loss: 0.6053, Entropy: 1.0951, Epsilon: 0.010
2026-03-29 11:41:34 | INFO | Episode  455 - Reward: -200.000, Length: 200, Loss: 1.9904, Entropy: 1.0955, Epsilon: 0.010
2026-03-29 11:41:37 | INFO | Episode  456 - Reward: -200.000, Length: 200, Loss: 1.4745, Entropy: 1.0976, Epsilon: 0.010
2026-03-29 11:41:39 | INFO | Episode  457 - Reward: -200.000, Length: 200, Loss: 2.3156, Entropy: 1.0959, Epsilon: 0.010
2026-03-29 11:41:42 | INFO | Episode  458 - Reward: -200.000, Length: 200, Loss: 0.8553, Entropy: 1.0969, Epsilon: 0.010
2026-03-29 11:41:45 | INFO | Episode  459 - Reward: -200.000, Length: 200, Loss: 2.1236, Entropy: 1.0973, Epsilon: 0.010
2026-03-29 11:41:47 | INFO | Episode  460 - Reward: -200.000, Length: 200, Loss: 1.1853, Entropy: 1.0965, Epsilon: 0.010
2026-03-29 11:41:50 | INFO | Episode  461 - Reward: -200.000, Length: 200, Loss: 1.0764, Entropy: 1.0952, Epsilon: 0.010
2026-03-29 11:41:53 | INFO | Episode  462 - Reward: -200.000, Length: 200, Loss: 1.5122, Entropy: 1.0966, Epsilon: 0.010
2026-03-29 11:41:55 | INFO | Episode  463 - Reward: -200.000, Length: 200, Loss: 1.4548, Entropy: 1.0955, Epsilon: 0.010
2026-03-29 11:41:58 | INFO | Episode  464 - Reward: -200.000, Length: 200, Loss: 1.4573, Entropy: 1.0960, Epsilon: 0.010
2026-03-29 11:42:01 | INFO | Episode  465 - Reward: -200.000, Length: 200, Loss: 1.4738, Entropy: 1.0973, Epsilon: 0.010
2026-03-29 11:42:03 | INFO | Episode  466 - Reward: -200.000, Length: 200, Loss: 0.6937, Entropy: 1.0981, Epsilon: 0.010
2026-03-29 11:42:06 | INFO | Episode  467 - Reward: -200.000, Length: 200, Loss: 1.4623, Entropy: 1.0978, Epsilon: 0.010
2026-03-29 11:42:09 | INFO | Episode  468 - Reward: -200.000, Length: 200, Loss: 0.9943, Entropy: 1.0976, Epsilon: 0.010
2026-03-29 11:42:12 | INFO | Episode  469 - Reward: -200.000, Length: 200, Loss: 0.7728, Entropy: 1.0977, Epsilon: 0.010
2026-03-29 11:42:14 | INFO | Episode  470 - Reward: -200.000, Length: 200, Loss: 1.0634, Entropy: 1.0955, Epsilon: 0.010
2026-03-29 11:42:17 | INFO | Episode  471 - Reward: -200.000, Length: 200, Loss: 1.5184, Entropy: 1.0963, Epsilon: 0.010
2026-03-29 11:42:19 | INFO | Episode  472 - Reward: -200.000, Length: 200, Loss: 1.1158, Entropy: 1.0947, Epsilon: 0.010
2026-03-29 11:42:22 | INFO | Episode  473 - Reward: -200.000, Length: 200, Loss: 1.0623, Entropy: 1.0963, Epsilon: 0.010
2026-03-29 11:42:25 | INFO | Episode  474 - Reward: -200.000, Length: 200, Loss: 1.2614, Entropy: 1.0967, Epsilon: 0.010
2026-03-29 11:42:28 | INFO | Episode  475 - Reward: -200.000, Length: 200, Loss: 1.4471, Entropy: 1.0976, Epsilon: 0.010
2026-03-29 11:42:30 | INFO | Episode  476 - Reward: -200.000, Length: 200, Loss: 1.7838, Entropy: 1.0967, Epsilon: 0.010
2026-03-29 11:42:33 | INFO | Episode  477 - Reward: -200.000, Length: 200, Loss: 2.9728, Entropy: 1.0849, Epsilon: 0.010
2026-03-29 11:42:36 | INFO | Episode  478 - Reward: -200.000, Length: 200, Loss: 2.0818, Entropy: 1.0851, Epsilon: 0.010
2026-03-29 11:42:38 | INFO | Episode  479 - Reward: -200.000, Length: 200, Loss: 0.4857, Entropy: 1.0974, Epsilon: 0.010
2026-03-29 11:42:41 | INFO | Episode  480 - Reward: -200.000, Length: 200, Loss: 0.6483, Entropy: 1.0980, Epsilon: 0.010
2026-03-29 11:42:44 | INFO | Episode  481 - Reward: -200.000, Length: 200, Loss: 2.6390, Entropy: 1.0931, Epsilon: 0.010
2026-03-29 11:42:46 | INFO | Episode  482 - Reward: -200.000, Length: 200, Loss: 1.0626, Entropy: 1.0979, Epsilon: 0.010
2026-03-29 11:42:49 | INFO | Episode  483 - Reward: -200.000, Length: 200, Loss: 0.7476, Entropy: 1.0970, Epsilon: 0.010
2026-03-29 11:42:52 | INFO | Episode  484 - Reward: -200.000, Length: 200, Loss: 0.5603, Entropy: 1.0966, Epsilon: 0.010
2026-03-29 11:42:55 | INFO | Episode  485 - Reward: -200.000, Length: 200, Loss: 0.4659, Entropy: 1.0981, Epsilon: 0.010
2026-03-29 11:42:57 | INFO | Episode  486 - Reward: -200.000, Length: 200, Loss: 0.9396, Entropy: 1.0980, Epsilon: 0.010
2026-03-29 11:43:00 | INFO | Episode  487 - Reward: -200.000, Length: 200, Loss: 1.9123, Entropy: 1.0958, Epsilon: 0.010
2026-03-29 11:43:03 | INFO | Episode  488 - Reward: -200.000, Length: 200, Loss: 1.3157, Entropy: 1.0942, Epsilon: 0.010
2026-03-29 11:43:06 | INFO | Episode  489 - Reward: -200.000, Length: 200, Loss: 0.7181, Entropy: 1.0977, Epsilon: 0.010
2026-03-29 11:43:08 | INFO | Episode  490 - Reward: -200.000, Length: 200, Loss: 1.3367, Entropy: 1.0965, Epsilon: 0.010
2026-03-29 11:43:11 | INFO | Episode  491 - Reward: -200.000, Length: 200, Loss: 0.7241, Entropy: 1.0976, Epsilon: 0.010
2026-03-29 11:43:14 | INFO | Episode  492 - Reward: -200.000, Length: 200, Loss: 0.4630, Entropy: 1.0977, Epsilon: 0.010
2026-03-29 11:43:16 | INFO | Episode  493 - Reward: -200.000, Length: 200, Loss: 0.9610, Entropy: 1.0977, Epsilon: 0.010
2026-03-29 11:43:19 | INFO | Episode  494 - Reward: -200.000, Length: 200, Loss: 1.7895, Entropy: 1.0971, Epsilon: 0.010
2026-03-29 11:43:22 | INFO | Episode  495 - Reward: -200.000, Length: 200, Loss: 0.8236, Entropy: 1.0958, Epsilon: 0.010
2026-03-29 11:43:24 | INFO | Episode  496 - Reward: -200.000, Length: 200, Loss: 0.7401, Entropy: 1.0979, Epsilon: 0.010
2026-03-29 11:43:27 | INFO | Episode  497 - Reward: -200.000, Length: 200, Loss: 0.9526, Entropy: 1.0977, Epsilon: 0.010
2026-03-29 11:43:30 | INFO | Episode  498 - Reward: -200.000, Length: 200, Loss: 1.6688, Entropy: 1.0972, Epsilon: 0.010
2026-03-29 11:43:33 | INFO | Episode  499 - Reward: -200.000, Length: 200, Loss: 2.5830, Entropy: 1.0954, Epsilon: 0.010
2026-03-29 11:43:36 | INFO | Episode  500 - Reward: -200.000, Length: 200, Loss: 1.1077, Entropy: 1.0960, Epsilon: 0.010
2026-03-29 11:44:37 | INFO | [Episode  500] eps=0.010  avg_reward=-200.000  avg_length=200.00  avg_loss=  1.2716  avg_entropy=1.0960  eval_success=0.000
2026-03-29 11:44:37 | INFO | DQN+Entropy training: 32m 41.79s
2026-03-29 11:48:34 | INFO | [Final Eval] success=0.000, mean_reward=-200.000
