2026-03-29 16:33:01 | INFO | ============================================================
2026-03-29 16:33:01 | INFO | DEVICE / COMPUTE INFORMATION
2026-03-29 16:33:01 | INFO |   JAX backend       : CPU
2026-03-29 16:33:01 | INFO |   Platform          : cpu
2026-03-29 16:33:01 | INFO |   Num devices       : 1
2026-03-29 16:33:01 | INFO |   Device            : TFRT_CPU_0
2026-03-29 16:33:01 | INFO | ============================================================
2026-03-29 16:33:01 | INFO | DQN+Entropy | seed=4, lr=0.001, gamma=0.99, alpha=0.01
2026-03-29 16:33:01 | INFO | Env: cartpole/dense, obs_dim=4, num_actions=2
2026-03-29 16:33:02 | INFO | Episode    1 - Reward: 31.000, Length: 31, Loss: 0.0000, Entropy: 0.0000, Epsilon: 0.998
2026-03-29 16:33:03 | INFO | Episode    2 - Reward: 17.000, Length: 17, Loss: 0.0000, Entropy: 0.0000, Epsilon: 0.995
2026-03-29 16:33:03 | INFO | Episode    3 - Reward: 20.000, Length: 20, Loss: 0.0000, Entropy: 0.0000, Epsilon: 0.993
2026-03-29 16:33:04 | INFO | Episode    4 - Reward: 19.000, Length: 19, Loss: 0.0000, Entropy: 0.0000, Epsilon: 0.990
2026-03-29 16:33:04 | INFO | Episode    5 - Reward: 17.000, Length: 17, Loss: 0.0000, Entropy: 0.0000, Epsilon: 0.988
2026-03-29 16:33:05 | INFO | Episode    6 - Reward: 17.000, Length: 17, Loss: 0.0000, Entropy: 0.0000, Epsilon: 0.985
2026-03-29 16:33:05 | INFO | Episode    7 - Reward: 27.000, Length: 27, Loss: 0.0000, Entropy: 0.0000, Epsilon: 0.983
2026-03-29 16:33:06 | INFO | Episode    8 - Reward: 18.000, Length: 18, Loss: 0.0000, Entropy: 0.0000, Epsilon: 0.980
2026-03-29 16:33:06 | INFO | Episode    9 - Reward: 25.000, Length: 25, Loss: 0.0000, Entropy: 0.0000, Epsilon: 0.978
2026-03-29 16:33:07 | INFO | Episode   10 - Reward: 19.000, Length: 19, Loss: 0.0000, Entropy: 0.0000, Epsilon: 0.975
2026-03-29 16:33:07 | INFO | Episode   11 - Reward: 13.000, Length: 13, Loss: 0.0000, Entropy: 0.0000, Epsilon: 0.973
2026-03-29 16:33:07 | INFO | Episode   12 - Reward: 22.000, Length: 22, Loss: 0.0000, Entropy: 0.0000, Epsilon: 0.970
2026-03-29 16:33:09 | INFO | Episode   13 - Reward: 26.000, Length: 26, Loss: 1.0018, Entropy: 0.6931, Epsilon: 0.968
2026-03-29 16:33:09 | INFO | Episode   14 - Reward: 54.000, Length: 54, Loss: 0.9910, Entropy: 0.6931, Epsilon: 0.965
2026-03-29 16:33:10 | INFO | Episode   15 - Reward: 33.000, Length: 33, Loss: 0.9804, Entropy: 0.6931, Epsilon: 0.963
2026-03-29 16:33:10 | INFO | Episode   16 - Reward: 51.000, Length: 51, Loss: 0.9709, Entropy: 0.6931, Epsilon: 0.960
2026-03-29 16:33:11 | INFO | Episode   17 - Reward: 11.000, Length: 11, Loss: 0.9607, Entropy: 0.6931, Epsilon: 0.958
2026-03-29 16:33:11 | INFO | Episode   18 - Reward: 14.000, Length: 14, Loss: 0.9507, Entropy: 0.6931, Epsilon: 0.955
2026-03-29 16:33:12 | INFO | Episode   19 - Reward: 14.000, Length: 14, Loss: 0.9403, Entropy: 0.6931, Epsilon: 0.953
2026-03-29 16:33:12 | INFO | Episode   20 - Reward: 63.000, Length: 63, Loss: 0.9313, Entropy: 0.6931, Epsilon: 0.951
2026-03-29 16:33:13 | INFO | Episode   21 - Reward: 10.000, Length: 10, Loss: 0.9988, Entropy: 0.6931, Epsilon: 0.948
2026-03-29 16:33:13 | INFO | Episode   22 - Reward: 14.000, Length: 14, Loss: 0.9881, Entropy: 0.6931, Epsilon: 0.946
2026-03-29 16:33:14 | INFO | Episode   23 - Reward: 73.000, Length: 73, Loss: 0.9766, Entropy: 0.6931, Epsilon: 0.943
2026-03-29 16:33:14 | INFO | Episode   24 - Reward: 16.000, Length: 16, Loss: 0.9669, Entropy: 0.6931, Epsilon: 0.941
2026-03-29 16:33:15 | INFO | Episode   25 - Reward: 26.000, Length: 26, Loss: 0.9559, Entropy: 0.6931, Epsilon: 0.938
2026-03-29 16:33:15 | INFO | Episode   26 - Reward: 19.000, Length: 19, Loss: 0.9434, Entropy: 0.6931, Epsilon: 0.936
2026-03-29 16:33:16 | INFO | Episode   27 - Reward: 14.000, Length: 14, Loss: 0.9358, Entropy: 0.6931, Epsilon: 0.933
2026-03-29 16:33:16 | INFO | Episode   28 - Reward: 24.000, Length: 24, Loss: 0.9258, Entropy: 0.6931, Epsilon: 0.931
2026-03-29 16:33:17 | INFO | Episode   29 - Reward: 17.000, Length: 17, Loss: 0.9139, Entropy: 0.6931, Epsilon: 0.928
2026-03-29 16:33:17 | INFO | Episode   30 - Reward: 12.000, Length: 12, Loss: 0.9053, Entropy: 0.6931, Epsilon: 0.926
2026-03-29 16:33:17 | INFO | Episode   31 - Reward: 14.000, Length: 14, Loss: 0.8947, Entropy: 0.6931, Epsilon: 0.923
2026-03-29 16:33:18 | INFO | Episode   32 - Reward: 19.000, Length: 19, Loss: 0.8830, Entropy: 0.6931, Epsilon: 0.921
2026-03-29 16:33:18 | INFO | Episode   33 - Reward: 15.000, Length: 15, Loss: 0.8739, Entropy: 0.6931, Epsilon: 0.918
2026-03-29 16:33:19 | INFO | Episode   34 - Reward: 16.000, Length: 16, Loss: 0.8645, Entropy: 0.6931, Epsilon: 0.916
2026-03-29 16:33:19 | INFO | Episode   35 - Reward: 10.000, Length: 10, Loss: 0.8546, Entropy: 0.6931, Epsilon: 0.913
2026-03-29 16:33:20 | INFO | Episode   36 - Reward: 19.000, Length: 19, Loss: 0.8449, Entropy: 0.6931, Epsilon: 0.911
2026-03-29 16:33:20 | INFO | Episode   37 - Reward: 13.000, Length: 13, Loss: 0.8336, Entropy: 0.6931, Epsilon: 0.908
2026-03-29 16:33:21 | INFO | Episode   38 - Reward: 18.000, Length: 18, Loss: 0.8250, Entropy: 0.6931, Epsilon: 0.906
2026-03-29 16:33:21 | INFO | Episode   39 - Reward: 31.000, Length: 31, Loss: 0.8172, Entropy: 0.6931, Epsilon: 0.903
2026-03-29 16:33:22 | INFO | Episode   40 - Reward: 9.000, Length: 9, Loss: 0.8061, Entropy: 0.6931, Epsilon: 0.901
2026-03-29 16:33:22 | INFO | Episode   41 - Reward: 23.000, Length: 23, Loss: 0.7985, Entropy: 0.6931, Epsilon: 0.899
2026-03-29 16:33:23 | INFO | Episode   42 - Reward: 20.000, Length: 20, Loss: 0.7883, Entropy: 0.6931, Epsilon: 0.896
2026-03-29 16:33:23 | INFO | Episode   43 - Reward: 37.000, Length: 37, Loss: 0.7814, Entropy: 0.6930, Epsilon: 0.894
2026-03-29 16:33:24 | INFO | Episode   44 - Reward: 37.000, Length: 37, Loss: 0.7705, Entropy: 0.6931, Epsilon: 0.891
2026-03-29 16:33:24 | INFO | Episode   45 - Reward: 17.000, Length: 17, Loss: 0.9900, Entropy: 0.6931, Epsilon: 0.889
2026-03-29 16:33:25 | INFO | Episode   46 - Reward: 13.000, Length: 13, Loss: 0.9816, Entropy: 0.6931, Epsilon: 0.886
2026-03-29 16:33:25 | INFO | Episode   47 - Reward: 17.000, Length: 17, Loss: 0.9726, Entropy: 0.6931, Epsilon: 0.884
2026-03-29 16:33:26 | INFO | Episode   48 - Reward: 13.000, Length: 13, Loss: 0.9609, Entropy: 0.6930, Epsilon: 0.881
2026-03-29 16:33:26 | INFO | Episode   49 - Reward: 16.000, Length: 16, Loss: 0.9517, Entropy: 0.6930, Epsilon: 0.879
2026-03-29 16:33:26 | INFO | Episode   50 - Reward: 21.000, Length: 21, Loss: 0.9357, Entropy: 0.6930, Epsilon: 0.876
2026-03-29 16:33:27 | INFO | [Episode   50] eps=0.876  avg_reward=  22.280  avg_length= 22.28  avg_loss=  0.6933  avg_entropy=0.6930  eval_success=0.000
2026-03-29 16:33:28 | INFO | Episode   51 - Reward: 13.000, Length: 13, Loss: 0.9223, Entropy: 0.6930, Epsilon: 0.874
2026-03-29 16:33:28 | INFO | Episode   52 - Reward: 26.000, Length: 26, Loss: 0.9156, Entropy: 0.6930, Epsilon: 0.871
2026-03-29 16:33:28 | INFO | Episode   53 - Reward: 10.000, Length: 10, Loss: 0.9050, Entropy: 0.6930, Epsilon: 0.869
2026-03-29 16:33:29 | INFO | Episode   54 - Reward: 15.000, Length: 15, Loss: 0.8950, Entropy: 0.6930, Epsilon: 0.866
2026-03-29 16:33:29 | INFO | Episode   55 - Reward: 23.000, Length: 23, Loss: 0.8814, Entropy: 0.6930, Epsilon: 0.864
2026-03-29 16:33:30 | INFO | Episode   56 - Reward: 19.000, Length: 19, Loss: 0.8758, Entropy: 0.6930, Epsilon: 0.861
2026-03-29 16:33:30 | INFO | Episode   57 - Reward: 21.000, Length: 21, Loss: 0.8624, Entropy: 0.6930, Epsilon: 0.859
2026-03-29 16:33:30 | INFO | Episode   58 - Reward: 36.000, Length: 36, Loss: 0.8527, Entropy: 0.6930, Epsilon: 0.856
2026-03-29 16:33:31 | INFO | Episode   59 - Reward: 11.000, Length: 11, Loss: 0.8397, Entropy: 0.6930, Epsilon: 0.854
2026-03-29 16:33:31 | INFO | Episode   60 - Reward: 25.000, Length: 25, Loss: 0.8305, Entropy: 0.6930, Epsilon: 0.852
2026-03-29 16:33:32 | INFO | Episode   61 - Reward: 32.000, Length: 32, Loss: 0.8246, Entropy: 0.6929, Epsilon: 0.849
2026-03-29 16:33:32 | INFO | Episode   62 - Reward: 24.000, Length: 24, Loss: 0.8074, Entropy: 0.6929, Epsilon: 0.847
2026-03-29 16:33:32 | INFO | Episode   63 - Reward: 12.000, Length: 12, Loss: 0.8000, Entropy: 0.6929, Epsilon: 0.844
2026-03-29 16:33:33 | INFO | Episode   64 - Reward: 12.000, Length: 12, Loss: 0.7952, Entropy: 0.6929, Epsilon: 0.842
2026-03-29 16:33:33 | INFO | Episode   65 - Reward: 9.000, Length: 9, Loss: 0.7823, Entropy: 0.6929, Epsilon: 0.839
2026-03-29 16:33:34 | INFO | Episode   66 - Reward: 16.000, Length: 16, Loss: 0.7707, Entropy: 0.6929, Epsilon: 0.837
2026-03-29 16:33:34 | INFO | Episode   67 - Reward: 27.000, Length: 27, Loss: 0.7619, Entropy: 0.6929, Epsilon: 0.834
2026-03-29 16:33:35 | INFO | Episode   68 - Reward: 23.000, Length: 23, Loss: 0.7506, Entropy: 0.6929, Epsilon: 0.832
2026-03-29 16:33:35 | INFO | Episode   69 - Reward: 17.000, Length: 17, Loss: 0.7405, Entropy: 0.6928, Epsilon: 0.829
2026-03-29 16:33:36 | INFO | Episode   70 - Reward: 58.000, Length: 58, Loss: 0.7343, Entropy: 0.6928, Epsilon: 0.827
2026-03-29 16:33:36 | INFO | Episode   71 - Reward: 13.000, Length: 13, Loss: 1.0084, Entropy: 0.6928, Epsilon: 0.824
2026-03-29 16:33:36 | INFO | Episode   72 - Reward: 17.000, Length: 17, Loss: 0.9849, Entropy: 0.6928, Epsilon: 0.822
2026-03-29 16:33:37 | INFO | Episode   73 - Reward: 24.000, Length: 24, Loss: 0.9814, Entropy: 0.6928, Epsilon: 0.819
2026-03-29 16:33:37 | INFO | Episode   74 - Reward: 35.000, Length: 35, Loss: 0.9698, Entropy: 0.6928, Epsilon: 0.817
2026-03-29 16:33:38 | INFO | Episode   75 - Reward: 13.000, Length: 13, Loss: 0.9484, Entropy: 0.6927, Epsilon: 0.814
2026-03-29 16:33:38 | INFO | Episode   76 - Reward: 25.000, Length: 25, Loss: 0.9456, Entropy: 0.6927, Epsilon: 0.812
2026-03-29 16:33:39 | INFO | Episode   77 - Reward: 18.000, Length: 18, Loss: 0.9345, Entropy: 0.6927, Epsilon: 0.809
2026-03-29 16:33:39 | INFO | Episode   78 - Reward: 14.000, Length: 14, Loss: 0.9177, Entropy: 0.6927, Epsilon: 0.807
2026-03-29 16:33:40 | INFO | Episode   79 - Reward: 28.000, Length: 28, Loss: 0.9042, Entropy: 0.6927, Epsilon: 0.804
2026-03-29 16:33:40 | INFO | Episode   80 - Reward: 16.000, Length: 16, Loss: 0.8984, Entropy: 0.6926, Epsilon: 0.802
2026-03-29 16:33:41 | INFO | Episode   81 - Reward: 34.000, Length: 34, Loss: 0.8802, Entropy: 0.6926, Epsilon: 0.800
2026-03-29 16:33:41 | INFO | Episode   82 - Reward: 13.000, Length: 13, Loss: 0.8709, Entropy: 0.6926, Epsilon: 0.797
2026-03-29 16:33:41 | INFO | Episode   83 - Reward: 10.000, Length: 10, Loss: 0.8630, Entropy: 0.6926, Epsilon: 0.795
2026-03-29 16:33:42 | INFO | Episode   84 - Reward: 14.000, Length: 14, Loss: 0.8517, Entropy: 0.6925, Epsilon: 0.792
2026-03-29 16:33:42 | INFO | Episode   85 - Reward: 35.000, Length: 35, Loss: 0.8361, Entropy: 0.6925, Epsilon: 0.790
2026-03-29 16:33:43 | INFO | Episode   86 - Reward: 12.000, Length: 12, Loss: 0.8307, Entropy: 0.6925, Epsilon: 0.787
2026-03-29 16:33:43 | INFO | Episode   87 - Reward: 46.000, Length: 46, Loss: 0.8161, Entropy: 0.6925, Epsilon: 0.785
2026-03-29 16:33:44 | INFO | Episode   88 - Reward: 17.000, Length: 17, Loss: 0.8038, Entropy: 0.6925, Epsilon: 0.782
2026-03-29 16:33:44 | INFO | Episode   89 - Reward: 31.000, Length: 31, Loss: 0.7972, Entropy: 0.6924, Epsilon: 0.780
2026-03-29 16:33:45 | INFO | Episode   90 - Reward: 16.000, Length: 16, Loss: 0.7859, Entropy: 0.6924, Epsilon: 0.777
2026-03-29 16:33:45 | INFO | Episode   91 - Reward: 14.000, Length: 14, Loss: 0.7689, Entropy: 0.6924, Epsilon: 0.775
2026-03-29 16:33:46 | INFO | Episode   92 - Reward: 22.000, Length: 22, Loss: 0.7697, Entropy: 0.6924, Epsilon: 0.772
2026-03-29 16:33:46 | INFO | Episode   93 - Reward: 31.000, Length: 31, Loss: 1.0161, Entropy: 0.6923, Epsilon: 0.770
2026-03-29 16:33:47 | INFO | Episode   94 - Reward: 11.000, Length: 11, Loss: 1.0059, Entropy: 0.6923, Epsilon: 0.767
2026-03-29 16:33:47 | INFO | Episode   95 - Reward: 25.000, Length: 25, Loss: 0.9897, Entropy: 0.6923, Epsilon: 0.765
2026-03-29 16:33:47 | INFO | Episode   96 - Reward: 13.000, Length: 13, Loss: 0.9743, Entropy: 0.6923, Epsilon: 0.762
2026-03-29 16:33:48 | INFO | Episode   97 - Reward: 14.000, Length: 14, Loss: 0.9671, Entropy: 0.6922, Epsilon: 0.760
2026-03-29 16:33:48 | INFO | Episode   98 - Reward: 11.000, Length: 11, Loss: 0.9504, Entropy: 0.6922, Epsilon: 0.757
2026-03-29 16:33:49 | INFO | Episode   99 - Reward: 30.000, Length: 30, Loss: 0.9379, Entropy: 0.6922, Epsilon: 0.755
2026-03-29 16:33:49 | INFO | Episode  100 - Reward: 21.000, Length: 21, Loss: 0.9236, Entropy: 0.6921, Epsilon: 0.752
2026-03-29 16:33:50 | INFO | [Episode  100] eps=0.752  avg_reward=  21.040  avg_length= 21.04  avg_loss=  0.8736  avg_entropy=0.6921  eval_success=0.000
2026-03-29 16:33:50 | INFO | Episode  101 - Reward: 24.000, Length: 24, Loss: 0.9163, Entropy: 0.6921, Epsilon: 0.750
2026-03-29 16:33:51 | INFO | Episode  102 - Reward: 14.000, Length: 14, Loss: 0.8942, Entropy: 0.6921, Epsilon: 0.748
2026-03-29 16:33:51 | INFO | Episode  103 - Reward: 15.000, Length: 15, Loss: 0.8884, Entropy: 0.6920, Epsilon: 0.745
2026-03-29 16:33:51 | INFO | Episode  104 - Reward: 12.000, Length: 12, Loss: 0.8724, Entropy: 0.6920, Epsilon: 0.743
2026-03-29 16:33:52 | INFO | Episode  105 - Reward: 16.000, Length: 16, Loss: 0.8604, Entropy: 0.6919, Epsilon: 0.740
2026-03-29 16:33:52 | INFO | Episode  106 - Reward: 16.000, Length: 16, Loss: 0.8445, Entropy: 0.6919, Epsilon: 0.738
2026-03-29 16:33:53 | INFO | Episode  107 - Reward: 13.000, Length: 13, Loss: 0.8474, Entropy: 0.6919, Epsilon: 0.735
2026-03-29 16:33:53 | INFO | Episode  108 - Reward: 16.000, Length: 16, Loss: 0.8237, Entropy: 0.6918, Epsilon: 0.733
2026-03-29 16:33:54 | INFO | Episode  109 - Reward: 11.000, Length: 11, Loss: 0.8014, Entropy: 0.6918, Epsilon: 0.730
2026-03-29 16:33:54 | INFO | Episode  110 - Reward: 20.000, Length: 20, Loss: 0.8061, Entropy: 0.6918, Epsilon: 0.728
2026-03-29 16:33:54 | INFO | Episode  111 - Reward: 26.000, Length: 26, Loss: 0.7745, Entropy: 0.6917, Epsilon: 0.725
2026-03-29 16:33:55 | INFO | Episode  112 - Reward: 10.000, Length: 10, Loss: 0.7713, Entropy: 0.6917, Epsilon: 0.723
2026-03-29 16:33:55 | INFO | Episode  113 - Reward: 17.000, Length: 17, Loss: 0.7583, Entropy: 0.6917, Epsilon: 0.720
2026-03-29 16:33:55 | INFO | Episode  114 - Reward: 13.000, Length: 13, Loss: 0.7511, Entropy: 0.6916, Epsilon: 0.718
2026-03-29 16:33:56 | INFO | Episode  115 - Reward: 21.000, Length: 21, Loss: 0.7464, Entropy: 0.6916, Epsilon: 0.715
2026-03-29 16:33:56 | INFO | Episode  116 - Reward: 14.000, Length: 14, Loss: 0.7164, Entropy: 0.6915, Epsilon: 0.713
2026-03-29 16:33:57 | INFO | Episode  117 - Reward: 11.000, Length: 11, Loss: 0.7072, Entropy: 0.6915, Epsilon: 0.710
2026-03-29 16:33:57 | INFO | Episode  118 - Reward: 11.000, Length: 11, Loss: 0.7106, Entropy: 0.6914, Epsilon: 0.708
2026-03-29 16:33:58 | INFO | Episode  119 - Reward: 16.000, Length: 16, Loss: 0.6890, Entropy: 0.6913, Epsilon: 0.705
2026-03-29 16:33:58 | INFO | Episode  120 - Reward: 11.000, Length: 11, Loss: 0.6730, Entropy: 0.6913, Epsilon: 0.703
2026-03-29 16:33:58 | INFO | Episode  121 - Reward: 20.000, Length: 20, Loss: 0.6727, Entropy: 0.6913, Epsilon: 0.701
2026-03-29 16:33:59 | INFO | Episode  122 - Reward: 19.000, Length: 19, Loss: 0.6609, Entropy: 0.6912, Epsilon: 0.698
2026-03-29 16:33:59 | INFO | Episode  123 - Reward: 21.000, Length: 21, Loss: 1.0280, Entropy: 0.6912, Epsilon: 0.696
2026-03-29 16:34:00 | INFO | Episode  124 - Reward: 24.000, Length: 24, Loss: 1.0347, Entropy: 0.6911, Epsilon: 0.693
2026-03-29 16:34:00 | INFO | Episode  125 - Reward: 34.000, Length: 34, Loss: 1.0091, Entropy: 0.6911, Epsilon: 0.691
2026-03-29 16:34:01 | INFO | Episode  126 - Reward: 17.000, Length: 17, Loss: 0.9915, Entropy: 0.6910, Epsilon: 0.688
2026-03-29 16:34:01 | INFO | Episode  127 - Reward: 40.000, Length: 40, Loss: 0.9807, Entropy: 0.6909, Epsilon: 0.686
2026-03-29 16:34:02 | INFO | Episode  128 - Reward: 13.000, Length: 13, Loss: 0.9651, Entropy: 0.6909, Epsilon: 0.683
2026-03-29 16:34:02 | INFO | Episode  129 - Reward: 19.000, Length: 19, Loss: 0.9500, Entropy: 0.6908, Epsilon: 0.681
2026-03-29 16:34:03 | INFO | Episode  130 - Reward: 13.000, Length: 13, Loss: 0.9294, Entropy: 0.6907, Epsilon: 0.678
2026-03-29 16:34:03 | INFO | Episode  131 - Reward: 12.000, Length: 12, Loss: 0.9100, Entropy: 0.6906, Epsilon: 0.676
2026-03-29 16:34:03 | INFO | Episode  132 - Reward: 38.000, Length: 38, Loss: 0.9071, Entropy: 0.6906, Epsilon: 0.673
2026-03-29 16:34:04 | INFO | Episode  133 - Reward: 19.000, Length: 19, Loss: 0.8799, Entropy: 0.6904, Epsilon: 0.671
2026-03-29 16:34:04 | INFO | Episode  134 - Reward: 27.000, Length: 27, Loss: 0.8725, Entropy: 0.6904, Epsilon: 0.668
2026-03-29 16:34:05 | INFO | Episode  135 - Reward: 13.000, Length: 13, Loss: 0.8579, Entropy: 0.6903, Epsilon: 0.666
2026-03-29 16:34:05 | INFO | Episode  136 - Reward: 12.000, Length: 12, Loss: 0.8322, Entropy: 0.6903, Epsilon: 0.663
2026-03-29 16:34:06 | INFO | Episode  137 - Reward: 17.000, Length: 17, Loss: 0.8259, Entropy: 0.6901, Epsilon: 0.661
2026-03-29 16:34:06 | INFO | Episode  138 - Reward: 22.000, Length: 22, Loss: 0.8180, Entropy: 0.6901, Epsilon: 0.658
2026-03-29 16:34:07 | INFO | Episode  139 - Reward: 12.000, Length: 12, Loss: 0.7869, Entropy: 0.6900, Epsilon: 0.656
2026-03-29 16:34:07 | INFO | Episode  140 - Reward: 21.000, Length: 21, Loss: 0.7889, Entropy: 0.6900, Epsilon: 0.653
2026-03-29 16:34:07 | INFO | Episode  141 - Reward: 11.000, Length: 11, Loss: 0.7647, Entropy: 0.6898, Epsilon: 0.651
2026-03-29 16:34:08 | INFO | Episode  142 - Reward: 17.000, Length: 17, Loss: 0.7538, Entropy: 0.6898, Epsilon: 0.649
2026-03-29 16:34:08 | INFO | Episode  143 - Reward: 10.000, Length: 10, Loss: 0.7384, Entropy: 0.6897, Epsilon: 0.646
2026-03-29 16:34:09 | INFO | Episode  144 - Reward: 29.000, Length: 29, Loss: 0.7221, Entropy: 0.6896, Epsilon: 0.644
2026-03-29 16:34:09 | INFO | Episode  145 - Reward: 38.000, Length: 38, Loss: 0.7043, Entropy: 0.6895, Epsilon: 0.641
2026-03-29 16:34:10 | INFO | Episode  146 - Reward: 31.000, Length: 31, Loss: 0.7005, Entropy: 0.6894, Epsilon: 0.639
2026-03-29 16:34:10 | INFO | Episode  147 - Reward: 10.000, Length: 10, Loss: 1.0854, Entropy: 0.6893, Epsilon: 0.636
2026-03-29 16:34:11 | INFO | Episode  148 - Reward: 17.000, Length: 17, Loss: 1.0521, Entropy: 0.6892, Epsilon: 0.634
2026-03-29 16:34:11 | INFO | Episode  149 - Reward: 14.000, Length: 14, Loss: 1.0490, Entropy: 0.6891, Epsilon: 0.631
2026-03-29 16:34:11 | INFO | Episode  150 - Reward: 20.000, Length: 20, Loss: 1.0219, Entropy: 0.6890, Epsilon: 0.629
2026-03-29 16:34:12 | INFO | [Episode  150] eps=0.629  avg_reward=  18.340  avg_length= 18.34  avg_loss=  0.8429  avg_entropy=0.6890  eval_success=0.000
2026-03-29 16:34:12 | INFO | Episode  151 - Reward: 16.000, Length: 16, Loss: 1.0107, Entropy: 0.6889, Epsilon: 0.626
2026-03-29 16:34:13 | INFO | Episode  152 - Reward: 16.000, Length: 16, Loss: 0.9760, Entropy: 0.6888, Epsilon: 0.624
2026-03-29 16:34:13 | INFO | Episode  153 - Reward: 19.000, Length: 19, Loss: 0.9621, Entropy: 0.6887, Epsilon: 0.621
2026-03-29 16:34:14 | INFO | Episode  154 - Reward: 11.000, Length: 11, Loss: 0.9533, Entropy: 0.6885, Epsilon: 0.619
2026-03-29 16:34:14 | INFO | Episode  155 - Reward: 11.000, Length: 11, Loss: 0.9093, Entropy: 0.6885, Epsilon: 0.616
2026-03-29 16:34:15 | INFO | Episode  156 - Reward: 9.000, Length: 9, Loss: 0.9007, Entropy: 0.6883, Epsilon: 0.614
2026-03-29 16:34:15 | INFO | Episode  157 - Reward: 39.000, Length: 39, Loss: 0.8747, Entropy: 0.6882, Epsilon: 0.611
2026-03-29 16:34:16 | INFO | Episode  158 - Reward: 15.000, Length: 15, Loss: 0.8741, Entropy: 0.6880, Epsilon: 0.609
2026-03-29 16:34:16 | INFO | Episode  159 - Reward: 11.000, Length: 11, Loss: 0.8506, Entropy: 0.6879, Epsilon: 0.606
2026-03-29 16:34:16 | INFO | Episode  160 - Reward: 8.000, Length: 8, Loss: 0.8264, Entropy: 0.6878, Epsilon: 0.604
2026-03-29 16:34:17 | INFO | Episode  161 - Reward: 11.000, Length: 11, Loss: 0.8128, Entropy: 0.6876, Epsilon: 0.602
2026-03-29 16:34:17 | INFO | Episode  162 - Reward: 13.000, Length: 13, Loss: 0.7930, Entropy: 0.6875, Epsilon: 0.599
2026-03-29 16:34:18 | INFO | Episode  163 - Reward: 12.000, Length: 12, Loss: 0.7908, Entropy: 0.6874, Epsilon: 0.597
2026-03-29 16:34:18 | INFO | Episode  164 - Reward: 13.000, Length: 13, Loss: 0.7677, Entropy: 0.6873, Epsilon: 0.594
2026-03-29 16:34:19 | INFO | Episode  165 - Reward: 18.000, Length: 18, Loss: 0.7569, Entropy: 0.6871, Epsilon: 0.592
2026-03-29 16:34:19 | INFO | Episode  166 - Reward: 15.000, Length: 15, Loss: 0.7314, Entropy: 0.6870, Epsilon: 0.589
2026-03-29 16:34:19 | INFO | Episode  167 - Reward: 9.000, Length: 9, Loss: 0.7260, Entropy: 0.6870, Epsilon: 0.587
2026-03-29 16:34:20 | INFO | Episode  168 - Reward: 16.000, Length: 16, Loss: 0.7017, Entropy: 0.6868, Epsilon: 0.584
2026-03-29 16:34:20 | INFO | Episode  169 - Reward: 10.000, Length: 10, Loss: 0.6934, Entropy: 0.6867, Epsilon: 0.582
2026-03-29 16:34:21 | INFO | Episode  170 - Reward: 9.000, Length: 9, Loss: 0.6805, Entropy: 0.6866, Epsilon: 0.579
2026-03-29 16:34:21 | INFO | Episode  171 - Reward: 12.000, Length: 12, Loss: 0.6554, Entropy: 0.6865, Epsilon: 0.577
2026-03-29 16:34:21 | INFO | Episode  172 - Reward: 16.000, Length: 16, Loss: 0.6520, Entropy: 0.6864, Epsilon: 0.574
2026-03-29 16:34:22 | INFO | Episode  173 - Reward: 12.000, Length: 12, Loss: 0.6328, Entropy: 0.6864, Epsilon: 0.572
2026-03-29 16:34:23 | INFO | Episode  174 - Reward: 18.000, Length: 18, Loss: 0.6197, Entropy: 0.6862, Epsilon: 0.569
2026-03-29 16:34:24 | INFO | Episode  175 - Reward: 16.000, Length: 16, Loss: 0.5954, Entropy: 0.6861, Epsilon: 0.567
2026-03-29 16:34:24 | INFO | Episode  176 - Reward: 12.000, Length: 12, Loss: 0.5954, Entropy: 0.6860, Epsilon: 0.564
2026-03-29 16:34:25 | INFO | Episode  177 - Reward: 13.000, Length: 13, Loss: 0.5818, Entropy: 0.6859, Epsilon: 0.562
2026-03-29 16:34:26 | INFO | Episode  178 - Reward: 32.000, Length: 32, Loss: 0.5578, Entropy: 0.6858, Epsilon: 0.559
2026-03-29 16:34:26 | INFO | Episode  179 - Reward: 13.000, Length: 13, Loss: 0.5502, Entropy: 0.6857, Epsilon: 0.557
2026-03-29 16:34:27 | INFO | Episode  180 - Reward: 15.000, Length: 15, Loss: 1.1408, Entropy: 0.6853, Epsilon: 0.554
2026-03-29 16:34:28 | INFO | Episode  181 - Reward: 13.000, Length: 13, Loss: 1.1117, Entropy: 0.6852, Epsilon: 0.552
2026-03-29 16:34:28 | INFO | Episode  182 - Reward: 11.000, Length: 11, Loss: 1.0962, Entropy: 0.6850, Epsilon: 0.550
2026-03-29 16:34:29 | INFO | Episode  183 - Reward: 10.000, Length: 10, Loss: 1.0677, Entropy: 0.6847, Epsilon: 0.547
2026-03-29 16:34:29 | INFO | Episode  184 - Reward: 15.000, Length: 15, Loss: 1.0400, Entropy: 0.6845, Epsilon: 0.545
2026-03-29 16:34:30 | INFO | Episode  185 - Reward: 10.000, Length: 10, Loss: 1.0148, Entropy: 0.6843, Epsilon: 0.542
2026-03-29 16:34:31 | INFO | Episode  186 - Reward: 10.000, Length: 10, Loss: 0.9832, Entropy: 0.6840, Epsilon: 0.540
2026-03-29 16:34:31 | INFO | Episode  187 - Reward: 11.000, Length: 11, Loss: 0.9650, Entropy: 0.6839, Epsilon: 0.537
2026-03-29 16:34:32 | INFO | Episode  188 - Reward: 14.000, Length: 14, Loss: 0.9407, Entropy: 0.6836, Epsilon: 0.535
2026-03-29 16:34:33 | INFO | Episode  189 - Reward: 11.000, Length: 11, Loss: 0.9011, Entropy: 0.6832, Epsilon: 0.532
2026-03-29 16:34:33 | INFO | Episode  190 - Reward: 13.000, Length: 13, Loss: 0.8862, Entropy: 0.6832, Epsilon: 0.530
2026-03-29 16:34:34 | INFO | Episode  191 - Reward: 14.000, Length: 14, Loss: 0.8643, Entropy: 0.6829, Epsilon: 0.527
2026-03-29 16:34:34 | INFO | Episode  192 - Reward: 22.000, Length: 22, Loss: 0.8443, Entropy: 0.6829, Epsilon: 0.525
2026-03-29 16:34:35 | INFO | Episode  193 - Reward: 16.000, Length: 16, Loss: 0.8380, Entropy: 0.6826, Epsilon: 0.522
2026-03-29 16:34:36 | INFO | Episode  194 - Reward: 10.000, Length: 10, Loss: 0.8125, Entropy: 0.6824, Epsilon: 0.520
2026-03-29 16:34:36 | INFO | Episode  195 - Reward: 12.000, Length: 12, Loss: 0.7810, Entropy: 0.6822, Epsilon: 0.517
2026-03-29 16:34:37 | INFO | Episode  196 - Reward: 16.000, Length: 16, Loss: 0.7667, Entropy: 0.6820, Epsilon: 0.515
2026-03-29 16:34:38 | INFO | Episode  197 - Reward: 12.000, Length: 12, Loss: 0.7426, Entropy: 0.6817, Epsilon: 0.512
2026-03-29 16:34:39 | INFO | Episode  198 - Reward: 15.000, Length: 15, Loss: 0.7236, Entropy: 0.6815, Epsilon: 0.510
2026-03-29 16:34:39 | INFO | Episode  199 - Reward: 18.000, Length: 18, Loss: 0.7018, Entropy: 0.6815, Epsilon: 0.507
2026-03-29 16:34:40 | INFO | Episode  200 - Reward: 15.000, Length: 15, Loss: 0.6881, Entropy: 0.6812, Epsilon: 0.505
2026-03-29 16:34:40 | INFO | [Episode  200] eps=0.505  avg_reward=  14.160  avg_length= 14.16  avg_loss=  0.8189  avg_entropy=0.6812  eval_success=0.000
2026-03-29 16:34:41 | INFO | Episode  201 - Reward: 18.000, Length: 18, Loss: 0.6694, Entropy: 0.6810, Epsilon: 0.503
2026-03-29 16:34:42 | INFO | Episode  202 - Reward: 13.000, Length: 13, Loss: 0.6337, Entropy: 0.6808, Epsilon: 0.500
2026-03-29 16:34:42 | INFO | Episode  203 - Reward: 14.000, Length: 14, Loss: 0.6342, Entropy: 0.6807, Epsilon: 0.498
2026-03-29 16:34:43 | INFO | Episode  204 - Reward: 26.000, Length: 26, Loss: 0.6276, Entropy: 0.6805, Epsilon: 0.495
2026-03-29 16:34:44 | INFO | Episode  205 - Reward: 11.000, Length: 11, Loss: 0.6089, Entropy: 0.6803, Epsilon: 0.493
2026-03-29 16:34:44 | INFO | Episode  206 - Reward: 9.000, Length: 9, Loss: 0.5874, Entropy: 0.6803, Epsilon: 0.490
2026-03-29 16:34:45 | INFO | Episode  207 - Reward: 17.000, Length: 17, Loss: 0.5681, Entropy: 0.6800, Epsilon: 0.488
2026-03-29 16:34:46 | INFO | Episode  208 - Reward: 13.000, Length: 13, Loss: 0.5383, Entropy: 0.6800, Epsilon: 0.485
2026-03-29 16:34:46 | INFO | Episode  209 - Reward: 14.000, Length: 14, Loss: 0.5509, Entropy: 0.6799, Epsilon: 0.483
2026-03-29 16:34:47 | INFO | Episode  210 - Reward: 10.000, Length: 10, Loss: 0.5336, Entropy: 0.6797, Epsilon: 0.480
2026-03-29 16:34:48 | INFO | Episode  211 - Reward: 12.000, Length: 12, Loss: 0.5302, Entropy: 0.6795, Epsilon: 0.478
2026-03-29 16:34:48 | INFO | Episode  212 - Reward: 11.000, Length: 11, Loss: 0.5012, Entropy: 0.6795, Epsilon: 0.475
2026-03-29 16:34:49 | INFO | Episode  213 - Reward: 18.000, Length: 18, Loss: 0.4877, Entropy: 0.6794, Epsilon: 0.473
2026-03-29 16:34:49 | INFO | Episode  214 - Reward: 9.000, Length: 9, Loss: 0.4865, Entropy: 0.6792, Epsilon: 0.470
2026-03-29 16:34:50 | INFO | Episode  215 - Reward: 13.000, Length: 13, Loss: 0.4731, Entropy: 0.6791, Epsilon: 0.468
2026-03-29 16:34:51 | INFO | Episode  216 - Reward: 11.000, Length: 11, Loss: 0.4552, Entropy: 0.6792, Epsilon: 0.465
2026-03-29 16:34:51 | INFO | Episode  217 - Reward: 19.000, Length: 19, Loss: 1.2604, Entropy: 0.6785, Epsilon: 0.463
2026-03-29 16:34:52 | INFO | Episode  218 - Reward: 14.000, Length: 14, Loss: 1.2137, Entropy: 0.6781, Epsilon: 0.460
2026-03-29 16:34:53 | INFO | Episode  219 - Reward: 12.000, Length: 12, Loss: 1.1845, Entropy: 0.6775, Epsilon: 0.458
2026-03-29 16:34:53 | INFO | Episode  220 - Reward: 10.000, Length: 10, Loss: 1.1445, Entropy: 0.6773, Epsilon: 0.456
2026-03-29 16:34:54 | INFO | Episode  221 - Reward: 12.000, Length: 12, Loss: 1.1032, Entropy: 0.6770, Epsilon: 0.453
2026-03-29 16:34:54 | INFO | Episode  222 - Reward: 13.000, Length: 13, Loss: 1.0729, Entropy: 0.6764, Epsilon: 0.451
2026-03-29 16:34:55 | INFO | Episode  223 - Reward: 10.000, Length: 10, Loss: 1.0300, Entropy: 0.6759, Epsilon: 0.448
2026-03-29 16:34:56 | INFO | Episode  224 - Reward: 11.000, Length: 11, Loss: 1.0139, Entropy: 0.6754, Epsilon: 0.446
2026-03-29 16:34:56 | INFO | Episode  225 - Reward: 12.000, Length: 12, Loss: 0.9553, Entropy: 0.6751, Epsilon: 0.443
2026-03-29 16:34:57 | INFO | Episode  226 - Reward: 13.000, Length: 13, Loss: 0.9407, Entropy: 0.6745, Epsilon: 0.441
2026-03-29 16:34:58 | INFO | Episode  227 - Reward: 10.000, Length: 10, Loss: 0.9072, Entropy: 0.6742, Epsilon: 0.438
2026-03-29 16:34:59 | INFO | Episode  228 - Reward: 11.000, Length: 11, Loss: 0.8569, Entropy: 0.6738, Epsilon: 0.436
2026-03-29 16:34:59 | INFO | Episode  229 - Reward: 16.000, Length: 16, Loss: 0.8637, Entropy: 0.6731, Epsilon: 0.433
2026-03-29 16:35:00 | INFO | Episode  230 - Reward: 15.000, Length: 15, Loss: 0.8329, Entropy: 0.6729, Epsilon: 0.431
2026-03-29 16:35:00 | INFO | Episode  231 - Reward: 16.000, Length: 16, Loss: 0.8100, Entropy: 0.6725, Epsilon: 0.428
2026-03-29 16:35:01 | INFO | Episode  232 - Reward: 9.000, Length: 9, Loss: 0.7671, Entropy: 0.6720, Epsilon: 0.426
2026-03-29 16:35:02 | INFO | Episode  233 - Reward: 9.000, Length: 9, Loss: 0.7624, Entropy: 0.6719, Epsilon: 0.423
2026-03-29 16:35:02 | INFO | Episode  234 - Reward: 10.000, Length: 10, Loss: 0.7693, Entropy: 0.6714, Epsilon: 0.421
2026-03-29 16:35:03 | INFO | Episode  235 - Reward: 14.000, Length: 14, Loss: 0.7368, Entropy: 0.6715, Epsilon: 0.418
2026-03-29 16:35:04 | INFO | Episode  236 - Reward: 11.000, Length: 11, Loss: 0.6857, Entropy: 0.6712, Epsilon: 0.416
2026-03-29 16:35:04 | INFO | Episode  237 - Reward: 8.000, Length: 8, Loss: 0.6426, Entropy: 0.6708, Epsilon: 0.413
2026-03-29 16:35:05 | INFO | Episode  238 - Reward: 17.000, Length: 17, Loss: 0.6876, Entropy: 0.6706, Epsilon: 0.411
2026-03-29 16:35:06 | INFO | Episode  239 - Reward: 13.000, Length: 13, Loss: 0.6273, Entropy: 0.6703, Epsilon: 0.408
2026-03-29 16:35:06 | INFO | Episode  240 - Reward: 16.000, Length: 16, Loss: 0.6278, Entropy: 0.6704, Epsilon: 0.406
2026-03-29 16:35:07 | INFO | Episode  241 - Reward: 11.000, Length: 11, Loss: 0.6340, Entropy: 0.6702, Epsilon: 0.404
2026-03-29 16:35:08 | INFO | Episode  242 - Reward: 11.000, Length: 11, Loss: 0.5998, Entropy: 0.6699, Epsilon: 0.401
2026-03-29 16:35:08 | INFO | Episode  243 - Reward: 16.000, Length: 16, Loss: 0.5665, Entropy: 0.6698, Epsilon: 0.399
2026-03-29 16:35:09 | INFO | Episode  244 - Reward: 11.000, Length: 11, Loss: 0.5836, Entropy: 0.6696, Epsilon: 0.396
2026-03-29 16:35:09 | INFO | Episode  245 - Reward: 11.000, Length: 11, Loss: 0.5704, Entropy: 0.6696, Epsilon: 0.394
2026-03-29 16:35:10 | INFO | Episode  246 - Reward: 9.000, Length: 9, Loss: 0.5399, Entropy: 0.6695, Epsilon: 0.391
2026-03-29 16:35:11 | INFO | Episode  247 - Reward: 23.000, Length: 23, Loss: 0.5173, Entropy: 0.6697, Epsilon: 0.389
2026-03-29 16:35:11 | INFO | Episode  248 - Reward: 13.000, Length: 13, Loss: 0.5001, Entropy: 0.6698, Epsilon: 0.386
2026-03-29 16:35:12 | INFO | Episode  249 - Reward: 9.000, Length: 9, Loss: 0.4794, Entropy: 0.6695, Epsilon: 0.384
2026-03-29 16:35:13 | INFO | Episode  250 - Reward: 18.000, Length: 18, Loss: 0.4591, Entropy: 0.6695, Epsilon: 0.381
2026-03-29 16:35:13 | INFO | [Episode  250] eps=0.381  avg_reward=  13.040  avg_length= 13.04  avg_loss=  0.7166  avg_entropy=0.6695  eval_success=0.000
2026-03-29 16:35:14 | INFO | Episode  251 - Reward: 13.000, Length: 13, Loss: 0.5031, Entropy: 0.6693, Epsilon: 0.379
2026-03-29 16:35:15 | INFO | Episode  252 - Reward: 12.000, Length: 12, Loss: 0.4809, Entropy: 0.6693, Epsilon: 0.376
2026-03-29 16:35:15 | INFO | Episode  253 - Reward: 12.000, Length: 12, Loss: 0.5004, Entropy: 0.6692, Epsilon: 0.374
2026-03-29 16:35:16 | INFO | Episode  254 - Reward: 11.000, Length: 11, Loss: 0.5170, Entropy: 0.6698, Epsilon: 0.371
2026-03-29 16:35:17 | INFO | Episode  255 - Reward: 14.000, Length: 14, Loss: 0.4341, Entropy: 0.6699, Epsilon: 0.369
2026-03-29 16:35:17 | INFO | Episode  256 - Reward: 15.000, Length: 15, Loss: 1.4351, Entropy: 0.6691, Epsilon: 0.366
2026-03-29 16:35:18 | INFO | Episode  257 - Reward: 12.000, Length: 12, Loss: 1.4181, Entropy: 0.6685, Epsilon: 0.364
2026-03-29 16:35:19 | INFO | Episode  258 - Reward: 14.000, Length: 14, Loss: 1.3850, Entropy: 0.6670, Epsilon: 0.361
2026-03-29 16:35:19 | INFO | Episode  259 - Reward: 9.000, Length: 9, Loss: 1.2908, Entropy: 0.6665, Epsilon: 0.359
2026-03-29 16:35:20 | INFO | Episode  260 - Reward: 13.000, Length: 13, Loss: 1.2360, Entropy: 0.6655, Epsilon: 0.357
2026-03-29 16:35:20 | INFO | Episode  261 - Reward: 10.000, Length: 10, Loss: 1.2057, Entropy: 0.6647, Epsilon: 0.354
2026-03-29 16:35:21 | INFO | Episode  262 - Reward: 12.000, Length: 12, Loss: 1.1987, Entropy: 0.6641, Epsilon: 0.352
2026-03-29 16:35:22 | INFO | Episode  263 - Reward: 10.000, Length: 10, Loss: 1.1755, Entropy: 0.6635, Epsilon: 0.349
2026-03-29 16:35:22 | INFO | Episode  264 - Reward: 10.000, Length: 10, Loss: 1.0608, Entropy: 0.6631, Epsilon: 0.347
2026-03-29 16:35:23 | INFO | Episode  265 - Reward: 10.000, Length: 10, Loss: 1.0544, Entropy: 0.6628, Epsilon: 0.344
2026-03-29 16:35:24 | INFO | Episode  266 - Reward: 12.000, Length: 12, Loss: 1.0606, Entropy: 0.6616, Epsilon: 0.342
2026-03-29 16:35:24 | INFO | Episode  267 - Reward: 12.000, Length: 12, Loss: 0.9821, Entropy: 0.6617, Epsilon: 0.339
2026-03-29 16:35:25 | INFO | Episode  268 - Reward: 10.000, Length: 10, Loss: 0.9913, Entropy: 0.6608, Epsilon: 0.337
2026-03-29 16:35:26 | INFO | Episode  269 - Reward: 12.000, Length: 12, Loss: 0.9615, Entropy: 0.6612, Epsilon: 0.334
2026-03-29 16:35:26 | INFO | Episode  270 - Reward: 9.000, Length: 9, Loss: 0.8277, Entropy: 0.6606, Epsilon: 0.332
2026-03-29 16:35:27 | INFO | Episode  271 - Reward: 9.000, Length: 9, Loss: 0.8648, Entropy: 0.6603, Epsilon: 0.329
2026-03-29 16:35:28 | INFO | Episode  272 - Reward: 9.000, Length: 9, Loss: 0.8428, Entropy: 0.6604, Epsilon: 0.327
2026-03-29 16:35:28 | INFO | Episode  273 - Reward: 12.000, Length: 12, Loss: 0.8630, Entropy: 0.6597, Epsilon: 0.324
2026-03-29 16:35:29 | INFO | Episode  274 - Reward: 11.000, Length: 11, Loss: 0.8456, Entropy: 0.6600, Epsilon: 0.322
2026-03-29 16:35:29 | INFO | Episode  275 - Reward: 9.000, Length: 9, Loss: 0.9311, Entropy: 0.6598, Epsilon: 0.319
2026-03-29 16:35:30 | INFO | Episode  276 - Reward: 12.000, Length: 12, Loss: 0.7627, Entropy: 0.6605, Epsilon: 0.317
2026-03-29 16:35:31 | INFO | Episode  277 - Reward: 11.000, Length: 11, Loss: 0.7606, Entropy: 0.6603, Epsilon: 0.314
2026-03-29 16:35:31 | INFO | Episode  278 - Reward: 9.000, Length: 9, Loss: 0.7403, Entropy: 0.6601, Epsilon: 0.312
2026-03-29 16:35:32 | INFO | Episode  279 - Reward: 9.000, Length: 9, Loss: 0.8130, Entropy: 0.6598, Epsilon: 0.309
2026-03-29 16:35:32 | INFO | Episode  280 - Reward: 11.000, Length: 11, Loss: 0.7377, Entropy: 0.6604, Epsilon: 0.307
2026-03-29 16:35:33 | INFO | Episode  281 - Reward: 9.000, Length: 9, Loss: 0.7953, Entropy: 0.6602, Epsilon: 0.305
2026-03-29 16:35:33 | INFO | Episode  282 - Reward: 11.000, Length: 11, Loss: 0.7951, Entropy: 0.6610, Epsilon: 0.302
2026-03-29 16:35:34 | INFO | Episode  283 - Reward: 10.000, Length: 10, Loss: 0.6856, Entropy: 0.6607, Epsilon: 0.300
2026-03-29 16:35:34 | INFO | Episode  284 - Reward: 11.000, Length: 11, Loss: 0.6456, Entropy: 0.6610, Epsilon: 0.297
2026-03-29 16:35:34 | INFO | Episode  285 - Reward: 10.000, Length: 10, Loss: 0.6706, Entropy: 0.6613, Epsilon: 0.295
2026-03-29 16:35:35 | INFO | Episode  286 - Reward: 8.000, Length: 8, Loss: 0.6825, Entropy: 0.6616, Epsilon: 0.292
2026-03-29 16:35:36 | INFO | Episode  287 - Reward: 11.000, Length: 11, Loss: 0.5966, Entropy: 0.6618, Epsilon: 0.290
2026-03-29 16:35:36 | INFO | Episode  288 - Reward: 11.000, Length: 11, Loss: 0.7384, Entropy: 0.6616, Epsilon: 0.287
2026-03-29 16:35:37 | INFO | Episode  289 - Reward: 9.000, Length: 9, Loss: 0.7241, Entropy: 0.6623, Epsilon: 0.285
2026-03-29 16:35:37 | INFO | Episode  290 - Reward: 11.000, Length: 11, Loss: 0.5958, Entropy: 0.6625, Epsilon: 0.282
2026-03-29 16:35:37 | INFO | Episode  291 - Reward: 10.000, Length: 10, Loss: 0.6693, Entropy: 0.6627, Epsilon: 0.280
2026-03-29 16:35:38 | INFO | Episode  292 - Reward: 9.000, Length: 9, Loss: 0.6904, Entropy: 0.6629, Epsilon: 0.277
2026-03-29 16:35:38 | INFO | Episode  293 - Reward: 9.000, Length: 9, Loss: 0.6806, Entropy: 0.6635, Epsilon: 0.275
2026-03-29 16:35:39 | INFO | Episode  294 - Reward: 9.000, Length: 9, Loss: 0.5589, Entropy: 0.6639, Epsilon: 0.272
2026-03-29 16:35:39 | INFO | Episode  295 - Reward: 9.000, Length: 9, Loss: 0.5469, Entropy: 0.6639, Epsilon: 0.270
2026-03-29 16:35:40 | INFO | Episode  296 - Reward: 10.000, Length: 10, Loss: 0.6287, Entropy: 0.6638, Epsilon: 0.267
2026-03-29 16:35:40 | INFO | Episode  297 - Reward: 10.000, Length: 10, Loss: 0.6655, Entropy: 0.6639, Epsilon: 0.265
2026-03-29 16:35:41 | INFO | Episode  298 - Reward: 10.000, Length: 10, Loss: 0.6499, Entropy: 0.6650, Epsilon: 0.262
2026-03-29 16:35:41 | INFO | Episode  299 - Reward: 9.000, Length: 9, Loss: 0.6107, Entropy: 0.6655, Epsilon: 0.260
2026-03-29 16:35:41 | INFO | Episode  300 - Reward: 9.000, Length: 9, Loss: 0.7228, Entropy: 0.6658, Epsilon: 0.258
2026-03-29 16:35:42 | INFO | [Episode  300] eps=0.258  avg_reward=  10.580  avg_length= 10.58  avg_loss=  0.8247  avg_entropy=0.6658  eval_success=0.000
2026-03-29 16:35:42 | INFO | Episode  301 - Reward: 11.000, Length: 11, Loss: 0.6018, Entropy: 0.6665, Epsilon: 0.255
2026-03-29 16:35:43 | INFO | Episode  302 - Reward: 9.000, Length: 9, Loss: 0.6409, Entropy: 0.6667, Epsilon: 0.253
2026-03-29 16:35:43 | INFO | Episode  303 - Reward: 14.000, Length: 14, Loss: 0.6153, Entropy: 0.6672, Epsilon: 0.250
2026-03-29 16:35:44 | INFO | Episode  304 - Reward: 11.000, Length: 11, Loss: 1.7660, Entropy: 0.6664, Epsilon: 0.248
2026-03-29 16:35:44 | INFO | Episode  305 - Reward: 10.000, Length: 10, Loss: 1.6923, Entropy: 0.6645, Epsilon: 0.245
2026-03-29 16:35:45 | INFO | Episode  306 - Reward: 14.000, Length: 14, Loss: 1.5877, Entropy: 0.6628, Epsilon: 0.243
2026-03-29 16:35:45 | INFO | Episode  307 - Reward: 14.000, Length: 14, Loss: 1.4929, Entropy: 0.6610, Epsilon: 0.240
2026-03-29 16:35:46 | INFO | Episode  308 - Reward: 10.000, Length: 10, Loss: 1.3820, Entropy: 0.6600, Epsilon: 0.238
2026-03-29 16:35:46 | INFO | Episode  309 - Reward: 13.000, Length: 13, Loss: 1.4701, Entropy: 0.6591, Epsilon: 0.235
2026-03-29 16:35:46 | INFO | Episode  310 - Reward: 11.000, Length: 11, Loss: 1.2913, Entropy: 0.6577, Epsilon: 0.233
2026-03-29 16:35:47 | INFO | Episode  311 - Reward: 9.000, Length: 9, Loss: 1.4365, Entropy: 0.6567, Epsilon: 0.230
2026-03-29 16:35:47 | INFO | Episode  312 - Reward: 9.000, Length: 9, Loss: 1.1554, Entropy: 0.6553, Epsilon: 0.228
2026-03-29 16:35:48 | INFO | Episode  313 - Reward: 11.000, Length: 11, Loss: 1.2603, Entropy: 0.6546, Epsilon: 0.225
2026-03-29 16:35:48 | INFO | Episode  314 - Reward: 12.000, Length: 12, Loss: 1.1628, Entropy: 0.6541, Epsilon: 0.223
2026-03-29 16:35:49 | INFO | Episode  315 - Reward: 8.000, Length: 8, Loss: 1.2014, Entropy: 0.6533, Epsilon: 0.220
2026-03-29 16:35:49 | INFO | Episode  316 - Reward: 10.000, Length: 10, Loss: 1.1442, Entropy: 0.6534, Epsilon: 0.218
2026-03-29 16:35:50 | INFO | Episode  317 - Reward: 10.000, Length: 10, Loss: 1.1564, Entropy: 0.6526, Epsilon: 0.215
2026-03-29 16:35:50 | INFO | Episode  318 - Reward: 11.000, Length: 11, Loss: 1.2580, Entropy: 0.6524, Epsilon: 0.213
2026-03-29 16:35:51 | INFO | Episode  319 - Reward: 10.000, Length: 10, Loss: 1.0886, Entropy: 0.6526, Epsilon: 0.210
2026-03-29 16:35:51 | INFO | Episode  320 - Reward: 12.000, Length: 12, Loss: 1.0790, Entropy: 0.6523, Epsilon: 0.208
2026-03-29 16:35:51 | INFO | Episode  321 - Reward: 12.000, Length: 12, Loss: 1.2393, Entropy: 0.6530, Epsilon: 0.206
2026-03-29 16:35:52 | INFO | Episode  322 - Reward: 10.000, Length: 10, Loss: 1.2385, Entropy: 0.6536, Epsilon: 0.203
2026-03-29 16:35:52 | INFO | Episode  323 - Reward: 12.000, Length: 12, Loss: 1.0865, Entropy: 0.6538, Epsilon: 0.201
2026-03-29 16:35:53 | INFO | Episode  324 - Reward: 10.000, Length: 10, Loss: 1.1677, Entropy: 0.6541, Epsilon: 0.198
2026-03-29 16:35:53 | INFO | Episode  325 - Reward: 10.000, Length: 10, Loss: 1.1895, Entropy: 0.6546, Epsilon: 0.196
2026-03-29 16:35:54 | INFO | Episode  326 - Reward: 11.000, Length: 11, Loss: 1.0948, Entropy: 0.6553, Epsilon: 0.193
2026-03-29 16:35:54 | INFO | Episode  327 - Reward: 10.000, Length: 10, Loss: 1.0504, Entropy: 0.6561, Epsilon: 0.191
2026-03-29 16:35:55 | INFO | Episode  328 - Reward: 8.000, Length: 8, Loss: 1.0999, Entropy: 0.6568, Epsilon: 0.188
2026-03-29 16:35:55 | INFO | Episode  329 - Reward: 12.000, Length: 12, Loss: 1.0469, Entropy: 0.6575, Epsilon: 0.186
2026-03-29 16:35:56 | INFO | Episode  330 - Reward: 10.000, Length: 10, Loss: 0.9784, Entropy: 0.6578, Epsilon: 0.183
2026-03-29 16:35:56 | INFO | Episode  331 - Reward: 11.000, Length: 11, Loss: 0.9191, Entropy: 0.6582, Epsilon: 0.181
2026-03-29 16:35:57 | INFO | Episode  332 - Reward: 9.000, Length: 9, Loss: 0.9903, Entropy: 0.6585, Epsilon: 0.178
2026-03-29 16:35:57 | INFO | Episode  333 - Reward: 9.000, Length: 9, Loss: 1.1677, Entropy: 0.6589, Epsilon: 0.176
2026-03-29 16:35:57 | INFO | Episode  334 - Reward: 12.000, Length: 12, Loss: 1.1084, Entropy: 0.6599, Epsilon: 0.173
2026-03-29 16:35:58 | INFO | Episode  335 - Reward: 10.000, Length: 10, Loss: 1.0960, Entropy: 0.6606, Epsilon: 0.171
2026-03-29 16:35:58 | INFO | Episode  336 - Reward: 9.000, Length: 9, Loss: 1.1673, Entropy: 0.6616, Epsilon: 0.168
2026-03-29 16:35:59 | INFO | Episode  337 - Reward: 12.000, Length: 12, Loss: 0.9697, Entropy: 0.6622, Epsilon: 0.166
2026-03-29 16:35:59 | INFO | Episode  338 - Reward: 10.000, Length: 10, Loss: 1.2106, Entropy: 0.6631, Epsilon: 0.163
2026-03-29 16:36:00 | INFO | Episode  339 - Reward: 10.000, Length: 10, Loss: 1.1180, Entropy: 0.6640, Epsilon: 0.161
2026-03-29 16:36:00 | INFO | Episode  340 - Reward: 11.000, Length: 11, Loss: 1.0277, Entropy: 0.6640, Epsilon: 0.158
2026-03-29 16:36:01 | INFO | Episode  341 - Reward: 10.000, Length: 10, Loss: 0.9043, Entropy: 0.6642, Epsilon: 0.156
2026-03-29 16:36:01 | INFO | Episode  342 - Reward: 8.000, Length: 8, Loss: 1.0443, Entropy: 0.6649, Epsilon: 0.154
2026-03-29 16:36:01 | INFO | Episode  343 - Reward: 10.000, Length: 10, Loss: 1.0509, Entropy: 0.6658, Epsilon: 0.151
2026-03-29 16:36:02 | INFO | Episode  344 - Reward: 10.000, Length: 10, Loss: 0.8974, Entropy: 0.6660, Epsilon: 0.149
2026-03-29 16:36:02 | INFO | Episode  345 - Reward: 11.000, Length: 11, Loss: 0.8769, Entropy: 0.6663, Epsilon: 0.146
2026-03-29 16:36:03 | INFO | Episode  346 - Reward: 9.000, Length: 9, Loss: 1.0506, Entropy: 0.6667, Epsilon: 0.144
2026-03-29 16:36:03 | INFO | Episode  347 - Reward: 10.000, Length: 10, Loss: 0.9145, Entropy: 0.6668, Epsilon: 0.141
2026-03-29 16:36:04 | INFO | Episode  348 - Reward: 9.000, Length: 9, Loss: 0.8400, Entropy: 0.6669, Epsilon: 0.139
2026-03-29 16:36:04 | INFO | Episode  349 - Reward: 11.000, Length: 11, Loss: 1.0334, Entropy: 0.6676, Epsilon: 0.136
2026-03-29 16:36:05 | INFO | Episode  350 - Reward: 10.000, Length: 10, Loss: 0.9463, Entropy: 0.6679, Epsilon: 0.134
2026-03-29 16:36:05 | INFO | [Episode  350] eps=0.134  avg_reward=  10.500  avg_length= 10.50  avg_loss=  1.1202  avg_entropy=0.6679  eval_success=0.000
2026-03-29 16:36:06 | INFO | Episode  351 - Reward: 9.000, Length: 9, Loss: 0.9382, Entropy: 0.6684, Epsilon: 0.131
2026-03-29 16:36:06 | INFO | Episode  352 - Reward: 10.000, Length: 10, Loss: 2.0564, Entropy: 0.6673, Epsilon: 0.129
2026-03-29 16:36:07 | INFO | Episode  353 - Reward: 11.000, Length: 11, Loss: 1.8722, Entropy: 0.6653, Epsilon: 0.126
2026-03-29 16:36:07 | INFO | Episode  354 - Reward: 11.000, Length: 11, Loss: 2.0314, Entropy: 0.6635, Epsilon: 0.124
2026-03-29 16:36:07 | INFO | Episode  355 - Reward: 8.000, Length: 8, Loss: 1.8406, Entropy: 0.6619, Epsilon: 0.121
2026-03-29 16:36:08 | INFO | Episode  356 - Reward: 10.000, Length: 10, Loss: 1.7281, Entropy: 0.6604, Epsilon: 0.119
2026-03-29 16:36:08 | INFO | Episode  357 - Reward: 10.000, Length: 10, Loss: 1.9490, Entropy: 0.6596, Epsilon: 0.116
2026-03-29 16:36:09 | INFO | Episode  358 - Reward: 12.000, Length: 12, Loss: 1.6922, Entropy: 0.6582, Epsilon: 0.114
2026-03-29 16:36:10 | INFO | Episode  359 - Reward: 9.000, Length: 9, Loss: 1.6456, Entropy: 0.6575, Epsilon: 0.111
2026-03-29 16:36:10 | INFO | Episode  360 - Reward: 10.000, Length: 10, Loss: 1.6644, Entropy: 0.6572, Epsilon: 0.109
2026-03-29 16:36:11 | INFO | Episode  361 - Reward: 12.000, Length: 12, Loss: 1.6198, Entropy: 0.6571, Epsilon: 0.107
2026-03-29 16:36:11 | INFO | Episode  362 - Reward: 9.000, Length: 9, Loss: 1.5648, Entropy: 0.6571, Epsilon: 0.104
2026-03-29 16:36:11 | INFO | Episode  363 - Reward: 10.000, Length: 10, Loss: 1.5938, Entropy: 0.6575, Epsilon: 0.102
2026-03-29 16:36:12 | INFO | Episode  364 - Reward: 10.000, Length: 10, Loss: 1.5668, Entropy: 0.6574, Epsilon: 0.099
2026-03-29 16:36:12 | INFO | Episode  365 - Reward: 10.000, Length: 10, Loss: 1.5935, Entropy: 0.6572, Epsilon: 0.097
2026-03-29 16:36:13 | INFO | Episode  366 - Reward: 10.000, Length: 10, Loss: 1.3400, Entropy: 0.6575, Epsilon: 0.094
2026-03-29 16:36:13 | INFO | Episode  367 - Reward: 10.000, Length: 10, Loss: 1.4391, Entropy: 0.6579, Epsilon: 0.092
2026-03-29 16:36:14 | INFO | Episode  368 - Reward: 13.000, Length: 13, Loss: 1.3238, Entropy: 0.6580, Epsilon: 0.089
2026-03-29 16:36:14 | INFO | Episode  369 - Reward: 10.000, Length: 10, Loss: 1.3523, Entropy: 0.6579, Epsilon: 0.087
2026-03-29 16:36:15 | INFO | Episode  370 - Reward: 9.000, Length: 9, Loss: 1.4451, Entropy: 0.6585, Epsilon: 0.084
2026-03-29 16:36:15 | INFO | Episode  371 - Reward: 12.000, Length: 12, Loss: 1.3437, Entropy: 0.6587, Epsilon: 0.082
2026-03-29 16:36:16 | INFO | Episode  372 - Reward: 9.000, Length: 9, Loss: 1.4655, Entropy: 0.6594, Epsilon: 0.079
2026-03-29 16:36:16 | INFO | Episode  373 - Reward: 10.000, Length: 10, Loss: 1.2787, Entropy: 0.6599, Epsilon: 0.077
2026-03-29 16:36:17 | INFO | Episode  374 - Reward: 9.000, Length: 9, Loss: 1.4266, Entropy: 0.6602, Epsilon: 0.074
2026-03-29 16:36:17 | INFO | Episode  375 - Reward: 8.000, Length: 8, Loss: 1.3259, Entropy: 0.6611, Epsilon: 0.072
2026-03-29 16:36:17 | INFO | Episode  376 - Reward: 9.000, Length: 9, Loss: 1.4721, Entropy: 0.6619, Epsilon: 0.069
2026-03-29 16:36:18 | INFO | Episode  377 - Reward: 10.000, Length: 10, Loss: 1.0865, Entropy: 0.6622, Epsilon: 0.067
2026-03-29 16:36:18 | INFO | Episode  378 - Reward: 8.000, Length: 8, Loss: 1.1301, Entropy: 0.6623, Epsilon: 0.064
2026-03-29 16:36:19 | INFO | Episode  379 - Reward: 10.000, Length: 10, Loss: 1.3923, Entropy: 0.6630, Epsilon: 0.062
2026-03-29 16:36:19 | INFO | Episode  380 - Reward: 10.000, Length: 10, Loss: 1.5052, Entropy: 0.6637, Epsilon: 0.059
2026-03-29 16:36:20 | INFO | Episode  381 - Reward: 9.000, Length: 9, Loss: 1.3570, Entropy: 0.6640, Epsilon: 0.057
2026-03-29 16:36:20 | INFO | Episode  382 - Reward: 9.000, Length: 9, Loss: 1.1532, Entropy: 0.6643, Epsilon: 0.055
2026-03-29 16:36:21 | INFO | Episode  383 - Reward: 10.000, Length: 10, Loss: 1.3402, Entropy: 0.6647, Epsilon: 0.052
2026-03-29 16:36:21 | INFO | Episode  384 - Reward: 8.000, Length: 8, Loss: 1.2948, Entropy: 0.6649, Epsilon: 0.050
2026-03-29 16:36:22 | INFO | Episode  385 - Reward: 8.000, Length: 8, Loss: 1.3449, Entropy: 0.6652, Epsilon: 0.047
2026-03-29 16:36:22 | INFO | Episode  386 - Reward: 9.000, Length: 9, Loss: 1.2300, Entropy: 0.6653, Epsilon: 0.045
2026-03-29 16:36:23 | INFO | Episode  387 - Reward: 10.000, Length: 10, Loss: 1.2497, Entropy: 0.6657, Epsilon: 0.042
2026-03-29 16:36:23 | INFO | Episode  388 - Reward: 9.000, Length: 9, Loss: 1.4886, Entropy: 0.6667, Epsilon: 0.040
2026-03-29 16:36:24 | INFO | Episode  389 - Reward: 9.000, Length: 9, Loss: 1.2966, Entropy: 0.6671, Epsilon: 0.037
2026-03-29 16:36:24 | INFO | Episode  390 - Reward: 8.000, Length: 8, Loss: 1.1488, Entropy: 0.6676, Epsilon: 0.035
2026-03-29 16:36:24 | INFO | Episode  391 - Reward: 9.000, Length: 9, Loss: 1.4456, Entropy: 0.6685, Epsilon: 0.032
2026-03-29 16:36:25 | INFO | Episode  392 - Reward: 10.000, Length: 10, Loss: 1.1307, Entropy: 0.6689, Epsilon: 0.030
2026-03-29 16:36:25 | INFO | Episode  393 - Reward: 8.000, Length: 8, Loss: 1.2991, Entropy: 0.6699, Epsilon: 0.027
2026-03-29 16:36:26 | INFO | Episode  394 - Reward: 9.000, Length: 9, Loss: 1.3402, Entropy: 0.6701, Epsilon: 0.025
2026-03-29 16:36:26 | INFO | Episode  395 - Reward: 8.000, Length: 8, Loss: 1.2840, Entropy: 0.6711, Epsilon: 0.022
2026-03-29 16:36:27 | INFO | Episode  396 - Reward: 9.000, Length: 9, Loss: 1.5340, Entropy: 0.6723, Epsilon: 0.020
2026-03-29 16:36:27 | INFO | Episode  397 - Reward: 11.000, Length: 11, Loss: 1.3176, Entropy: 0.6728, Epsilon: 0.017
2026-03-29 16:36:28 | INFO | Episode  398 - Reward: 9.000, Length: 9, Loss: 1.2202, Entropy: 0.6731, Epsilon: 0.015
2026-03-29 16:36:28 | INFO | Episode  399 - Reward: 10.000, Length: 10, Loss: 1.2644, Entropy: 0.6735, Epsilon: 0.012
2026-03-29 16:36:29 | INFO | Episode  400 - Reward: 9.000, Length: 9, Loss: 1.1808, Entropy: 0.6736, Epsilon: 0.010
2026-03-29 16:36:29 | INFO | [Episode  400] eps=0.010  avg_reward=   9.580  avg_length=  9.58  avg_loss=  1.4321  avg_entropy=0.6736  eval_success=0.000
2026-03-29 16:36:29 | INFO | Episode  401 - Reward: 10.000, Length: 10, Loss: 1.4838, Entropy: 0.6745, Epsilon: 0.010
2026-03-29 16:36:30 | INFO | Episode  402 - Reward: 9.000, Length: 9, Loss: 1.1949, Entropy: 0.6746, Epsilon: 0.010
2026-03-29 16:36:30 | INFO | Episode  403 - Reward: 10.000, Length: 10, Loss: 1.2900, Entropy: 0.6750, Epsilon: 0.010
2026-03-29 16:36:31 | INFO | Episode  404 - Reward: 11.000, Length: 11, Loss: 2.3043, Entropy: 0.6744, Epsilon: 0.010
2026-03-29 16:36:31 | INFO | Episode  405 - Reward: 9.000, Length: 9, Loss: 2.2060, Entropy: 0.6734, Epsilon: 0.010
2026-03-29 16:36:32 | INFO | Episode  406 - Reward: 10.000, Length: 10, Loss: 2.0424, Entropy: 0.6727, Epsilon: 0.010
2026-03-29 16:36:32 | INFO | Episode  407 - Reward: 11.000, Length: 11, Loss: 1.9503, Entropy: 0.6718, Epsilon: 0.010
2026-03-29 16:36:33 | INFO | Episode  408 - Reward: 9.000, Length: 9, Loss: 1.9133, Entropy: 0.6707, Epsilon: 0.010
2026-03-29 16:36:33 | INFO | Episode  409 - Reward: 9.000, Length: 9, Loss: 1.7407, Entropy: 0.6707, Epsilon: 0.010
2026-03-29 16:36:34 | INFO | Episode  410 - Reward: 10.000, Length: 10, Loss: 1.8140, Entropy: 0.6699, Epsilon: 0.010
2026-03-29 16:36:34 | INFO | Episode  411 - Reward: 9.000, Length: 9, Loss: 2.0502, Entropy: 0.6704, Epsilon: 0.010
2026-03-29 16:36:35 | INFO | Episode  412 - Reward: 10.000, Length: 10, Loss: 1.6019, Entropy: 0.6703, Epsilon: 0.010
2026-03-29 16:36:35 | INFO | Episode  413 - Reward: 9.000, Length: 9, Loss: 1.7079, Entropy: 0.6701, Epsilon: 0.010
2026-03-29 16:36:35 | INFO | Episode  414 - Reward: 10.000, Length: 10, Loss: 2.0946, Entropy: 0.6707, Epsilon: 0.010
2026-03-29 16:36:36 | INFO | Episode  415 - Reward: 10.000, Length: 10, Loss: 1.7183, Entropy: 0.6707, Epsilon: 0.010
2026-03-29 16:36:36 | INFO | Episode  416 - Reward: 9.000, Length: 9, Loss: 1.8061, Entropy: 0.6709, Epsilon: 0.010
2026-03-29 16:36:37 | INFO | Episode  417 - Reward: 9.000, Length: 9, Loss: 1.9096, Entropy: 0.6718, Epsilon: 0.010
2026-03-29 16:36:37 | INFO | Episode  418 - Reward: 9.000, Length: 9, Loss: 1.5033, Entropy: 0.6716, Epsilon: 0.010
2026-03-29 16:36:38 | INFO | Episode  419 - Reward: 9.000, Length: 9, Loss: 1.4992, Entropy: 0.6713, Epsilon: 0.010
2026-03-29 16:36:38 | INFO | Episode  420 - Reward: 10.000, Length: 10, Loss: 2.1579, Entropy: 0.6726, Epsilon: 0.010
2026-03-29 16:36:39 | INFO | Episode  421 - Reward: 10.000, Length: 10, Loss: 1.5111, Entropy: 0.6723, Epsilon: 0.010
2026-03-29 16:36:39 | INFO | Episode  422 - Reward: 11.000, Length: 11, Loss: 1.7278, Entropy: 0.6725, Epsilon: 0.010
2026-03-29 16:36:40 | INFO | Episode  423 - Reward: 9.000, Length: 9, Loss: 1.7297, Entropy: 0.6729, Epsilon: 0.010
2026-03-29 16:36:40 | INFO | Episode  424 - Reward: 9.000, Length: 9, Loss: 1.5124, Entropy: 0.6731, Epsilon: 0.010
2026-03-29 16:36:41 | INFO | Episode  425 - Reward: 8.000, Length: 8, Loss: 1.9497, Entropy: 0.6742, Epsilon: 0.010
2026-03-29 16:36:41 | INFO | Episode  426 - Reward: 9.000, Length: 9, Loss: 1.7269, Entropy: 0.6745, Epsilon: 0.010
2026-03-29 16:36:41 | INFO | Episode  427 - Reward: 10.000, Length: 10, Loss: 1.8931, Entropy: 0.6757, Epsilon: 0.010
2026-03-29 16:36:42 | INFO | Episode  428 - Reward: 9.000, Length: 9, Loss: 1.9501, Entropy: 0.6768, Epsilon: 0.010
2026-03-29 16:36:42 | INFO | Episode  429 - Reward: 9.000, Length: 9, Loss: 1.6938, Entropy: 0.6776, Epsilon: 0.010
2026-03-29 16:36:43 | INFO | Episode  430 - Reward: 9.000, Length: 9, Loss: 1.4887, Entropy: 0.6775, Epsilon: 0.010
2026-03-29 16:36:43 | INFO | Episode  431 - Reward: 9.000, Length: 9, Loss: 1.4360, Entropy: 0.6774, Epsilon: 0.010
2026-03-29 16:36:44 | INFO | Episode  432 - Reward: 8.000, Length: 8, Loss: 1.5896, Entropy: 0.6775, Epsilon: 0.010
2026-03-29 16:36:44 | INFO | Episode  433 - Reward: 8.000, Length: 8, Loss: 1.4045, Entropy: 0.6784, Epsilon: 0.010
2026-03-29 16:36:45 | INFO | Episode  434 - Reward: 9.000, Length: 9, Loss: 1.5773, Entropy: 0.6787, Epsilon: 0.010
2026-03-29 16:36:45 | INFO | Episode  435 - Reward: 9.000, Length: 9, Loss: 1.4690, Entropy: 0.6785, Epsilon: 0.010
2026-03-29 16:36:46 | INFO | Episode  436 - Reward: 9.000, Length: 9, Loss: 1.6090, Entropy: 0.6792, Epsilon: 0.010
2026-03-29 16:36:46 | INFO | Episode  437 - Reward: 10.000, Length: 10, Loss: 1.7002, Entropy: 0.6793, Epsilon: 0.010
2026-03-29 16:36:47 | INFO | Episode  438 - Reward: 9.000, Length: 9, Loss: 1.7934, Entropy: 0.6805, Epsilon: 0.010
2026-03-29 16:36:47 | INFO | Episode  439 - Reward: 10.000, Length: 10, Loss: 1.6206, Entropy: 0.6806, Epsilon: 0.010
2026-03-29 16:36:47 | INFO | Episode  440 - Reward: 9.000, Length: 9, Loss: 1.5515, Entropy: 0.6809, Epsilon: 0.010
2026-03-29 16:36:48 | INFO | Episode  441 - Reward: 9.000, Length: 9, Loss: 1.2988, Entropy: 0.6803, Epsilon: 0.010
2026-03-29 16:36:48 | INFO | Episode  442 - Reward: 9.000, Length: 9, Loss: 1.6804, Entropy: 0.6812, Epsilon: 0.010
2026-03-29 16:36:49 | INFO | Episode  443 - Reward: 10.000, Length: 10, Loss: 1.6728, Entropy: 0.6810, Epsilon: 0.010
2026-03-29 16:36:49 | INFO | Episode  444 - Reward: 10.000, Length: 10, Loss: 1.7300, Entropy: 0.6819, Epsilon: 0.010
2026-03-29 16:36:50 | INFO | Episode  445 - Reward: 8.000, Length: 8, Loss: 1.4464, Entropy: 0.6823, Epsilon: 0.010
2026-03-29 16:36:50 | INFO | Episode  446 - Reward: 8.000, Length: 8, Loss: 1.4112, Entropy: 0.6817, Epsilon: 0.010
2026-03-29 16:36:51 | INFO | Episode  447 - Reward: 9.000, Length: 9, Loss: 1.4462, Entropy: 0.6824, Epsilon: 0.010
2026-03-29 16:36:52 | INFO | Episode  448 - Reward: 9.000, Length: 9, Loss: 1.6619, Entropy: 0.6828, Epsilon: 0.010
2026-03-29 16:36:52 | INFO | Episode  449 - Reward: 9.000, Length: 9, Loss: 1.6684, Entropy: 0.6825, Epsilon: 0.010
2026-03-29 16:36:53 | INFO | Episode  450 - Reward: 9.000, Length: 9, Loss: 1.6590, Entropy: 0.6829, Epsilon: 0.010
2026-03-29 16:36:53 | INFO | [Episode  450] eps=0.010  avg_reward=   9.300  avg_length=  9.30  avg_loss=  1.6920  avg_entropy=0.6829  eval_success=0.000
2026-03-29 16:36:54 | INFO | Episode  451 - Reward: 9.000, Length: 9, Loss: 1.5914, Entropy: 0.6830, Epsilon: 0.010
2026-03-29 16:36:54 | INFO | Episode  452 - Reward: 9.000, Length: 9, Loss: 1.6219, Entropy: 0.6836, Epsilon: 0.010
2026-03-29 16:36:55 | INFO | Episode  453 - Reward: 9.000, Length: 9, Loss: 1.6242, Entropy: 0.6835, Epsilon: 0.010
2026-03-29 16:36:55 | INFO | Episode  454 - Reward: 10.000, Length: 10, Loss: 1.7790, Entropy: 0.6833, Epsilon: 0.010
2026-03-29 16:36:56 | INFO | Episode  455 - Reward: 10.000, Length: 10, Loss: 1.5860, Entropy: 0.6830, Epsilon: 0.010
2026-03-29 16:36:56 | INFO | Episode  456 - Reward: 10.000, Length: 10, Loss: 1.4340, Entropy: 0.6831, Epsilon: 0.010
2026-03-29 16:36:57 | INFO | Episode  457 - Reward: 9.000, Length: 9, Loss: 1.3542, Entropy: 0.6831, Epsilon: 0.010
2026-03-29 16:36:57 | INFO | Episode  458 - Reward: 10.000, Length: 10, Loss: 1.9866, Entropy: 0.6826, Epsilon: 0.010
2026-03-29 16:36:58 | INFO | Episode  459 - Reward: 9.000, Length: 9, Loss: 1.9423, Entropy: 0.6815, Epsilon: 0.010
2026-03-29 16:36:58 | INFO | Episode  460 - Reward: 9.000, Length: 9, Loss: 1.7897, Entropy: 0.6811, Epsilon: 0.010
2026-03-29 16:36:59 | INFO | Episode  461 - Reward: 9.000, Length: 9, Loss: 2.0387, Entropy: 0.6805, Epsilon: 0.010
2026-03-29 16:37:00 | INFO | Episode  462 - Reward: 10.000, Length: 10, Loss: 1.7751, Entropy: 0.6808, Epsilon: 0.010
2026-03-29 16:37:00 | INFO | Episode  463 - Reward: 9.000, Length: 9, Loss: 1.9549, Entropy: 0.6807, Epsilon: 0.010
2026-03-29 16:37:01 | INFO | Episode  464 - Reward: 9.000, Length: 9, Loss: 1.9012, Entropy: 0.6811, Epsilon: 0.010
2026-03-29 16:37:02 | INFO | Episode  465 - Reward: 10.000, Length: 10, Loss: 1.7245, Entropy: 0.6811, Epsilon: 0.010
2026-03-29 16:37:02 | INFO | Episode  466 - Reward: 11.000, Length: 11, Loss: 1.6924, Entropy: 0.6809, Epsilon: 0.010
2026-03-29 16:37:03 | INFO | Episode  467 - Reward: 10.000, Length: 10, Loss: 2.0231, Entropy: 0.6811, Epsilon: 0.010
2026-03-29 16:37:04 | INFO | Episode  468 - Reward: 9.000, Length: 9, Loss: 1.7471, Entropy: 0.6815, Epsilon: 0.010
2026-03-29 16:37:05 | INFO | Episode  469 - Reward: 10.000, Length: 10, Loss: 1.7356, Entropy: 0.6818, Epsilon: 0.010
2026-03-29 16:37:05 | INFO | Episode  470 - Reward: 10.000, Length: 10, Loss: 1.9132, Entropy: 0.6825, Epsilon: 0.010
2026-03-29 16:37:06 | INFO | Episode  471 - Reward: 9.000, Length: 9, Loss: 1.9626, Entropy: 0.6832, Epsilon: 0.010
2026-03-29 16:37:07 | INFO | Episode  472 - Reward: 9.000, Length: 9, Loss: 1.8840, Entropy: 0.6836, Epsilon: 0.010
2026-03-29 16:37:07 | INFO | Episode  473 - Reward: 8.000, Length: 8, Loss: 1.8978, Entropy: 0.6843, Epsilon: 0.010
2026-03-29 16:37:08 | INFO | Episode  474 - Reward: 11.000, Length: 11, Loss: 2.0065, Entropy: 0.6844, Epsilon: 0.010
2026-03-29 16:37:09 | INFO | Episode  475 - Reward: 10.000, Length: 10, Loss: 1.5698, Entropy: 0.6845, Epsilon: 0.010
2026-03-29 16:37:10 | INFO | Episode  476 - Reward: 10.000, Length: 10, Loss: 1.5453, Entropy: 0.6840, Epsilon: 0.010
2026-03-29 16:37:10 | INFO | Episode  477 - Reward: 10.000, Length: 10, Loss: 1.6761, Entropy: 0.6846, Epsilon: 0.010
2026-03-29 16:37:11 | INFO | Episode  478 - Reward: 10.000, Length: 10, Loss: 1.5267, Entropy: 0.6853, Epsilon: 0.010
2026-03-29 16:37:12 | INFO | Episode  479 - Reward: 11.000, Length: 11, Loss: 1.5985, Entropy: 0.6850, Epsilon: 0.010
2026-03-29 16:37:13 | INFO | Episode  480 - Reward: 9.000, Length: 9, Loss: 1.4828, Entropy: 0.6851, Epsilon: 0.010
2026-03-29 16:37:13 | INFO | Episode  481 - Reward: 10.000, Length: 10, Loss: 1.5660, Entropy: 0.6849, Epsilon: 0.010
2026-03-29 16:37:14 | INFO | Episode  482 - Reward: 9.000, Length: 9, Loss: 1.6517, Entropy: 0.6857, Epsilon: 0.010
2026-03-29 16:37:14 | INFO | Episode  483 - Reward: 9.000, Length: 9, Loss: 1.7393, Entropy: 0.6865, Epsilon: 0.010
2026-03-29 16:37:15 | INFO | Episode  484 - Reward: 9.000, Length: 9, Loss: 1.5539, Entropy: 0.6868, Epsilon: 0.010
2026-03-29 16:37:16 | INFO | Episode  485 - Reward: 10.000, Length: 10, Loss: 1.7188, Entropy: 0.6872, Epsilon: 0.010
2026-03-29 16:37:16 | INFO | Episode  486 - Reward: 12.000, Length: 12, Loss: 1.7253, Entropy: 0.6871, Epsilon: 0.010
2026-03-29 16:37:17 | INFO | Episode  487 - Reward: 12.000, Length: 12, Loss: 1.3656, Entropy: 0.6877, Epsilon: 0.010
2026-03-29 16:37:18 | INFO | Episode  488 - Reward: 11.000, Length: 11, Loss: 1.8130, Entropy: 0.6875, Epsilon: 0.010
2026-03-29 16:37:18 | INFO | Episode  489 - Reward: 10.000, Length: 10, Loss: 1.5919, Entropy: 0.6881, Epsilon: 0.010
2026-03-29 16:37:19 | INFO | Episode  490 - Reward: 9.000, Length: 9, Loss: 1.6741, Entropy: 0.6884, Epsilon: 0.010
2026-03-29 16:37:20 | INFO | Episode  491 - Reward: 10.000, Length: 10, Loss: 1.5601, Entropy: 0.6883, Epsilon: 0.010
2026-03-29 16:37:20 | INFO | Episode  492 - Reward: 12.000, Length: 12, Loss: 1.6395, Entropy: 0.6883, Epsilon: 0.010
2026-03-29 16:37:21 | INFO | Episode  493 - Reward: 9.000, Length: 9, Loss: 1.7655, Entropy: 0.6884, Epsilon: 0.010
2026-03-29 16:37:22 | INFO | Episode  494 - Reward: 12.000, Length: 12, Loss: 2.0099, Entropy: 0.6882, Epsilon: 0.010
2026-03-29 16:37:22 | INFO | Episode  495 - Reward: 9.000, Length: 9, Loss: 1.3966, Entropy: 0.6884, Epsilon: 0.010
2026-03-29 16:37:23 | INFO | Episode  496 - Reward: 10.000, Length: 10, Loss: 1.6000, Entropy: 0.6884, Epsilon: 0.010
2026-03-29 16:37:24 | INFO | Episode  497 - Reward: 10.000, Length: 10, Loss: 1.4580, Entropy: 0.6884, Epsilon: 0.010
2026-03-29 16:37:25 | INFO | Episode  498 - Reward: 10.000, Length: 10, Loss: 1.6290, Entropy: 0.6886, Epsilon: 0.010
2026-03-29 16:37:25 | INFO | Episode  499 - Reward: 12.000, Length: 12, Loss: 1.7191, Entropy: 0.6887, Epsilon: 0.010
2026-03-29 16:37:26 | INFO | Episode  500 - Reward: 10.000, Length: 10, Loss: 1.4940, Entropy: 0.6885, Epsilon: 0.010
2026-03-29 16:37:27 | INFO | [Episode  500] eps=0.010  avg_reward=   9.860  avg_length=  9.86  avg_loss=  1.7007  avg_entropy=0.6885  eval_success=0.000
2026-03-29 16:37:27 | INFO | DQN+Entropy training: 4m 25.61s
2026-03-29 16:37:31 | INFO | [Final Eval] success=0.000, mean_reward=11.050
