2026-03-29 22:29:37 | INFO | ============================================================
2026-03-29 22:29:37 | INFO | DEVICE / COMPUTE INFORMATION
2026-03-29 22:29:37 | INFO |   JAX backend       : CPU
2026-03-29 22:29:37 | INFO |   Platform          : cpu
2026-03-29 22:29:37 | INFO |   Num devices       : 1
2026-03-29 22:29:37 | INFO |   Device            : TFRT_CPU_0
2026-03-29 22:29:37 | INFO | ============================================================
2026-03-29 22:29:37 | INFO | DQN+Entropy | seed=3, lr=0.001, gamma=0.95, alpha=0.05
2026-03-29 22:29:37 | INFO | Env: mountaincar/dense, obs_dim=2, num_actions=3
2026-03-29 22:29:38 | INFO | Episode    1 - Reward: -200.000, Length: 200, Loss: 0.0000, Entropy: 0.0000, Epsilon: 0.998
2026-03-29 22:29:39 | INFO | Episode    2 - Reward: -200.000, Length: 200, Loss: 0.9166, Entropy: 1.0986, Epsilon: 0.995
2026-03-29 22:29:39 | INFO | Episode    3 - Reward: -200.000, Length: 200, Loss: 0.9082, Entropy: 1.0986, Epsilon: 0.993
2026-03-29 22:29:40 | INFO | Episode    4 - Reward: -200.000, Length: 200, Loss: 0.9135, Entropy: 1.0986, Epsilon: 0.990
2026-03-29 22:29:40 | INFO | Episode    5 - Reward: -200.000, Length: 200, Loss: 0.9052, Entropy: 1.0986, Epsilon: 0.988
2026-03-29 22:29:40 | INFO | Episode    6 - Reward: -200.000, Length: 200, Loss: 0.9133, Entropy: 1.0986, Epsilon: 0.985
2026-03-29 22:29:41 | INFO | Episode    7 - Reward: -200.000, Length: 200, Loss: 0.9030, Entropy: 1.0986, Epsilon: 0.983
2026-03-29 22:29:41 | INFO | Episode    8 - Reward: -200.000, Length: 200, Loss: 0.8940, Entropy: 1.0985, Epsilon: 0.980
2026-03-29 22:29:42 | INFO | Episode    9 - Reward: -200.000, Length: 200, Loss: 0.9095, Entropy: 1.0985, Epsilon: 0.978
2026-03-29 22:29:42 | INFO | Episode   10 - Reward: -200.000, Length: 200, Loss: 0.9027, Entropy: 1.0985, Epsilon: 0.975
2026-03-29 22:29:42 | INFO | Episode   11 - Reward: -200.000, Length: 200, Loss: 0.9086, Entropy: 1.0985, Epsilon: 0.973
2026-03-29 22:29:43 | INFO | Episode   12 - Reward: -200.000, Length: 200, Loss: 0.9013, Entropy: 1.0985, Epsilon: 0.970
2026-03-29 22:29:43 | INFO | Episode   13 - Reward: -200.000, Length: 200, Loss: 0.8925, Entropy: 1.0985, Epsilon: 0.968
2026-03-29 22:29:44 | INFO | Episode   14 - Reward: -200.000, Length: 200, Loss: 0.9058, Entropy: 1.0985, Epsilon: 0.965
2026-03-29 22:29:44 | INFO | Episode   15 - Reward: -200.000, Length: 200, Loss: 0.8982, Entropy: 1.0985, Epsilon: 0.963
2026-03-29 22:29:44 | INFO | Episode   16 - Reward: -200.000, Length: 200, Loss: 0.9057, Entropy: 1.0985, Epsilon: 0.960
2026-03-29 22:29:45 | INFO | Episode   17 - Reward: -200.000, Length: 200, Loss: 0.8971, Entropy: 1.0985, Epsilon: 0.958
2026-03-29 22:29:45 | INFO | Episode   18 - Reward: -200.000, Length: 200, Loss: 0.8888, Entropy: 1.0985, Epsilon: 0.955
2026-03-29 22:29:46 | INFO | Episode   19 - Reward: -200.000, Length: 200, Loss: 0.9030, Entropy: 1.0985, Epsilon: 0.953
2026-03-29 22:29:46 | INFO | Episode   20 - Reward: -200.000, Length: 200, Loss: 0.8954, Entropy: 1.0985, Epsilon: 0.951
2026-03-29 22:29:47 | INFO | Episode   21 - Reward: -200.000, Length: 200, Loss: 0.9030, Entropy: 1.0985, Epsilon: 0.948
2026-03-29 22:29:47 | INFO | Episode   22 - Reward: -200.000, Length: 200, Loss: 0.8936, Entropy: 1.0985, Epsilon: 0.946
2026-03-29 22:29:47 | INFO | Episode   23 - Reward: -200.000, Length: 200, Loss: 0.8872, Entropy: 1.0985, Epsilon: 0.943
2026-03-29 22:29:48 | INFO | Episode   24 - Reward: -200.000, Length: 200, Loss: 0.9009, Entropy: 1.0985, Epsilon: 0.941
2026-03-29 22:29:48 | INFO | Episode   25 - Reward: -200.000, Length: 200, Loss: 0.8950, Entropy: 1.0985, Epsilon: 0.938
2026-03-29 22:29:49 | INFO | Episode   26 - Reward: -200.000, Length: 200, Loss: 0.9011, Entropy: 1.0985, Epsilon: 0.936
2026-03-29 22:29:49 | INFO | Episode   27 - Reward: -200.000, Length: 200, Loss: 0.8929, Entropy: 1.0985, Epsilon: 0.933
2026-03-29 22:29:49 | INFO | Episode   28 - Reward: -200.000, Length: 200, Loss: 0.8865, Entropy: 1.0985, Epsilon: 0.931
2026-03-29 22:29:50 | INFO | Episode   29 - Reward: -200.000, Length: 200, Loss: 0.9005, Entropy: 1.0985, Epsilon: 0.928
2026-03-29 22:29:50 | INFO | Episode   30 - Reward: -200.000, Length: 200, Loss: 0.8924, Entropy: 1.0985, Epsilon: 0.926
2026-03-29 22:29:51 | INFO | Episode   31 - Reward: -200.000, Length: 200, Loss: 0.9004, Entropy: 1.0985, Epsilon: 0.923
2026-03-29 22:29:51 | INFO | Episode   32 - Reward: -200.000, Length: 200, Loss: 0.8918, Entropy: 1.0985, Epsilon: 0.921
2026-03-29 22:29:51 | INFO | Episode   33 - Reward: -200.000, Length: 200, Loss: 0.8838, Entropy: 1.0985, Epsilon: 0.918
2026-03-29 22:29:52 | INFO | Episode   34 - Reward: -200.000, Length: 200, Loss: 0.8975, Entropy: 1.0985, Epsilon: 0.916
2026-03-29 22:29:52 | INFO | Episode   35 - Reward: -200.000, Length: 200, Loss: 0.8906, Entropy: 1.0985, Epsilon: 0.913
2026-03-29 22:29:53 | INFO | Episode   36 - Reward: -200.000, Length: 200, Loss: 0.8984, Entropy: 1.0985, Epsilon: 0.911
2026-03-29 22:29:54 | INFO | Episode   37 - Reward: -200.000, Length: 200, Loss: 0.8900, Entropy: 1.0985, Epsilon: 0.908
2026-03-29 22:29:54 | INFO | Episode   38 - Reward: -200.000, Length: 200, Loss: 0.8828, Entropy: 1.0985, Epsilon: 0.906
2026-03-29 22:29:55 | INFO | Episode   39 - Reward: -200.000, Length: 200, Loss: 0.8988, Entropy: 1.0985, Epsilon: 0.903
2026-03-29 22:29:55 | INFO | Episode   40 - Reward: -200.000, Length: 200, Loss: 0.8892, Entropy: 1.0985, Epsilon: 0.901
2026-03-29 22:29:56 | INFO | Episode   41 - Reward: -200.000, Length: 200, Loss: 0.8968, Entropy: 1.0985, Epsilon: 0.899
2026-03-29 22:29:56 | INFO | Episode   42 - Reward: -200.000, Length: 200, Loss: 0.8894, Entropy: 1.0985, Epsilon: 0.896
2026-03-29 22:29:57 | INFO | Episode   43 - Reward: -200.000, Length: 200, Loss: 0.8820, Entropy: 1.0985, Epsilon: 0.894
2026-03-29 22:29:57 | INFO | Episode   44 - Reward: -200.000, Length: 200, Loss: 0.8973, Entropy: 1.0985, Epsilon: 0.891
2026-03-29 22:29:57 | INFO | Episode   45 - Reward: -200.000, Length: 200, Loss: 0.8885, Entropy: 1.0985, Epsilon: 0.889
2026-03-29 22:29:58 | INFO | Episode   46 - Reward: -200.000, Length: 200, Loss: 0.8969, Entropy: 1.0985, Epsilon: 0.886
2026-03-29 22:29:58 | INFO | Episode   47 - Reward: -200.000, Length: 200, Loss: 0.8889, Entropy: 1.0986, Epsilon: 0.884
2026-03-29 22:29:59 | INFO | Episode   48 - Reward: -200.000, Length: 200, Loss: 0.8790, Entropy: 1.0986, Epsilon: 0.881
2026-03-29 22:29:59 | INFO | Episode   49 - Reward: -200.000, Length: 200, Loss: 0.8959, Entropy: 1.0986, Epsilon: 0.879
2026-03-29 22:30:00 | INFO | Episode   50 - Reward: -200.000, Length: 200, Loss: 0.8885, Entropy: 1.0986, Epsilon: 0.876
2026-03-29 22:30:06 | INFO | [Episode   50] eps=0.876  avg_reward=-200.000  avg_length=200.00  avg_loss=  0.8788  avg_entropy=1.0986  eval_success=0.000
2026-03-29 22:30:07 | INFO | Episode   51 - Reward: -200.000, Length: 200, Loss: 0.8937, Entropy: 1.0986, Epsilon: 0.874
2026-03-29 22:30:07 | INFO | Episode   52 - Reward: -200.000, Length: 200, Loss: 0.8890, Entropy: 1.0986, Epsilon: 0.871
2026-03-29 22:30:07 | INFO | Episode   53 - Reward: -200.000, Length: 200, Loss: 0.8809, Entropy: 1.0986, Epsilon: 0.869
2026-03-29 22:30:08 | INFO | Episode   54 - Reward: -200.000, Length: 200, Loss: 0.8975, Entropy: 1.0986, Epsilon: 0.866
2026-03-29 22:30:08 | INFO | Episode   55 - Reward: -200.000, Length: 200, Loss: 0.8888, Entropy: 1.0986, Epsilon: 0.864
2026-03-29 22:30:09 | INFO | Episode   56 - Reward: -200.000, Length: 200, Loss: 0.8966, Entropy: 1.0986, Epsilon: 0.861
2026-03-29 22:30:09 | INFO | Episode   57 - Reward: -200.000, Length: 200, Loss: 0.8892, Entropy: 1.0986, Epsilon: 0.859
2026-03-29 22:30:10 | INFO | Episode   58 - Reward: -200.000, Length: 200, Loss: 0.8824, Entropy: 1.0986, Epsilon: 0.856
2026-03-29 22:30:10 | INFO | Episode   59 - Reward: -200.000, Length: 200, Loss: 0.8953, Entropy: 1.0986, Epsilon: 0.854
2026-03-29 22:30:10 | INFO | Episode   60 - Reward: -200.000, Length: 200, Loss: 0.8874, Entropy: 1.0986, Epsilon: 0.852
2026-03-29 22:30:11 | INFO | Episode   61 - Reward: -200.000, Length: 200, Loss: 0.8976, Entropy: 1.0986, Epsilon: 0.849
2026-03-29 22:30:11 | INFO | Episode   62 - Reward: -200.000, Length: 200, Loss: 0.8874, Entropy: 1.0986, Epsilon: 0.847
2026-03-29 22:30:12 | INFO | Episode   63 - Reward: -200.000, Length: 200, Loss: 0.8816, Entropy: 1.0986, Epsilon: 0.844
2026-03-29 22:30:12 | INFO | Episode   64 - Reward: -200.000, Length: 200, Loss: 0.8983, Entropy: 1.0986, Epsilon: 0.842
2026-03-29 22:30:12 | INFO | Episode   65 - Reward: -200.000, Length: 200, Loss: 0.8887, Entropy: 1.0986, Epsilon: 0.839
2026-03-29 22:30:13 | INFO | Episode   66 - Reward: -200.000, Length: 200, Loss: 0.8972, Entropy: 1.0986, Epsilon: 0.837
2026-03-29 22:30:13 | INFO | Episode   67 - Reward: -200.000, Length: 200, Loss: 0.8907, Entropy: 1.0986, Epsilon: 0.834
2026-03-29 22:30:14 | INFO | Episode   68 - Reward: -200.000, Length: 200, Loss: 0.8811, Entropy: 1.0986, Epsilon: 0.832
2026-03-29 22:30:14 | INFO | Episode   69 - Reward: -200.000, Length: 200, Loss: 0.8962, Entropy: 1.0986, Epsilon: 0.829
2026-03-29 22:30:15 | INFO | Episode   70 - Reward: -200.000, Length: 200, Loss: 0.8918, Entropy: 1.0986, Epsilon: 0.827
2026-03-29 22:30:15 | INFO | Episode   71 - Reward: -200.000, Length: 200, Loss: 0.8975, Entropy: 1.0986, Epsilon: 0.824
2026-03-29 22:30:16 | INFO | Episode   72 - Reward: -200.000, Length: 200, Loss: 0.8902, Entropy: 1.0986, Epsilon: 0.822
2026-03-29 22:30:16 | INFO | Episode   73 - Reward: -200.000, Length: 200, Loss: 0.8845, Entropy: 1.0986, Epsilon: 0.819
2026-03-29 22:30:16 | INFO | Episode   74 - Reward: -200.000, Length: 200, Loss: 0.9007, Entropy: 1.0986, Epsilon: 0.817
2026-03-29 22:30:17 | INFO | Episode   75 - Reward: -200.000, Length: 200, Loss: 0.8931, Entropy: 1.0986, Epsilon: 0.814
2026-03-29 22:30:17 | INFO | Episode   76 - Reward: -200.000, Length: 200, Loss: 0.8987, Entropy: 1.0986, Epsilon: 0.812
2026-03-29 22:30:18 | INFO | Episode   77 - Reward: -200.000, Length: 200, Loss: 0.8909, Entropy: 1.0986, Epsilon: 0.809
2026-03-29 22:30:18 | INFO | Episode   78 - Reward: -200.000, Length: 200, Loss: 0.8829, Entropy: 1.0986, Epsilon: 0.807
2026-03-29 22:30:19 | INFO | Episode   79 - Reward: -200.000, Length: 200, Loss: 0.9016, Entropy: 1.0986, Epsilon: 0.804
2026-03-29 22:30:19 | INFO | Episode   80 - Reward: -200.000, Length: 200, Loss: 0.8928, Entropy: 1.0986, Epsilon: 0.802
2026-03-29 22:30:20 | INFO | Episode   81 - Reward: -200.000, Length: 200, Loss: 0.9004, Entropy: 1.0986, Epsilon: 0.800
2026-03-29 22:30:20 | INFO | Episode   82 - Reward: -200.000, Length: 200, Loss: 0.8934, Entropy: 1.0986, Epsilon: 0.797
2026-03-29 22:30:21 | INFO | Episode   83 - Reward: -200.000, Length: 200, Loss: 0.8849, Entropy: 1.0986, Epsilon: 0.795
2026-03-29 22:30:21 | INFO | Episode   84 - Reward: -200.000, Length: 200, Loss: 0.9018, Entropy: 1.0986, Epsilon: 0.792
2026-03-29 22:30:22 | INFO | Episode   85 - Reward: -200.000, Length: 200, Loss: 0.8936, Entropy: 1.0986, Epsilon: 0.790
2026-03-29 22:30:22 | INFO | Episode   86 - Reward: -200.000, Length: 200, Loss: 0.9027, Entropy: 1.0986, Epsilon: 0.787
2026-03-29 22:30:22 | INFO | Episode   87 - Reward: -200.000, Length: 200, Loss: 0.8941, Entropy: 1.0986, Epsilon: 0.785
2026-03-29 22:30:23 | INFO | Episode   88 - Reward: -200.000, Length: 200, Loss: 0.8835, Entropy: 1.0986, Epsilon: 0.782
2026-03-29 22:30:23 | INFO | Episode   89 - Reward: -200.000, Length: 200, Loss: 0.9016, Entropy: 1.0986, Epsilon: 0.780
2026-03-29 22:30:24 | INFO | Episode   90 - Reward: -200.000, Length: 200, Loss: 0.8921, Entropy: 1.0986, Epsilon: 0.777
2026-03-29 22:30:24 | INFO | Episode   91 - Reward: -200.000, Length: 200, Loss: 0.8986, Entropy: 1.0986, Epsilon: 0.775
2026-03-29 22:30:25 | INFO | Episode   92 - Reward: -200.000, Length: 200, Loss: 0.8890, Entropy: 1.0986, Epsilon: 0.772
2026-03-29 22:30:25 | INFO | Episode   93 - Reward: -200.000, Length: 200, Loss: 0.8835, Entropy: 1.0986, Epsilon: 0.770
2026-03-29 22:30:25 | INFO | Episode   94 - Reward: -200.000, Length: 200, Loss: 0.8957, Entropy: 1.0986, Epsilon: 0.767
2026-03-29 22:30:26 | INFO | Episode   95 - Reward: -200.000, Length: 200, Loss: 0.8867, Entropy: 1.0986, Epsilon: 0.765
2026-03-29 22:30:27 | INFO | Episode   96 - Reward: -200.000, Length: 200, Loss: 0.8944, Entropy: 1.0986, Epsilon: 0.762
2026-03-29 22:30:27 | INFO | Episode   97 - Reward: -200.000, Length: 200, Loss: 0.8863, Entropy: 1.0986, Epsilon: 0.760
2026-03-29 22:30:28 | INFO | Episode   98 - Reward: -200.000, Length: 200, Loss: 0.8773, Entropy: 1.0986, Epsilon: 0.757
2026-03-29 22:30:28 | INFO | Episode   99 - Reward: -200.000, Length: 200, Loss: 0.8901, Entropy: 1.0986, Epsilon: 0.755
2026-03-29 22:30:29 | INFO | Episode  100 - Reward: -200.000, Length: 200, Loss: 0.8836, Entropy: 1.0986, Epsilon: 0.752
2026-03-29 22:30:34 | INFO | [Episode  100] eps=0.752  avg_reward=-200.000  avg_length=200.00  avg_loss=  0.8916  avg_entropy=1.0986  eval_success=0.000
2026-03-29 22:30:35 | INFO | Episode  101 - Reward: -200.000, Length: 200, Loss: 0.8898, Entropy: 1.0986, Epsilon: 0.750
2026-03-29 22:30:35 | INFO | Episode  102 - Reward: -200.000, Length: 200, Loss: 0.8833, Entropy: 1.0986, Epsilon: 0.748
2026-03-29 22:30:35 | INFO | Episode  103 - Reward: -200.000, Length: 200, Loss: 0.8731, Entropy: 1.0986, Epsilon: 0.745
2026-03-29 22:30:36 | INFO | Episode  104 - Reward: -200.000, Length: 200, Loss: 0.8876, Entropy: 1.0986, Epsilon: 0.743
2026-03-29 22:30:36 | INFO | Episode  105 - Reward: -200.000, Length: 200, Loss: 0.8774, Entropy: 1.0986, Epsilon: 0.740
2026-03-29 22:30:37 | INFO | Episode  106 - Reward: -200.000, Length: 200, Loss: 0.8828, Entropy: 1.0986, Epsilon: 0.738
2026-03-29 22:30:37 | INFO | Episode  107 - Reward: -200.000, Length: 200, Loss: 0.8749, Entropy: 1.0986, Epsilon: 0.735
2026-03-29 22:30:38 | INFO | Episode  108 - Reward: -200.000, Length: 200, Loss: 0.8669, Entropy: 1.0986, Epsilon: 0.733
2026-03-29 22:30:38 | INFO | Episode  109 - Reward: -200.000, Length: 200, Loss: 0.8823, Entropy: 1.0986, Epsilon: 0.730
2026-03-29 22:30:38 | INFO | Episode  110 - Reward: -200.000, Length: 200, Loss: 0.8751, Entropy: 1.0986, Epsilon: 0.728
2026-03-29 22:30:39 | INFO | Episode  111 - Reward: -200.000, Length: 200, Loss: 0.8804, Entropy: 1.0986, Epsilon: 0.725
2026-03-29 22:30:39 | INFO | Episode  112 - Reward: -200.000, Length: 200, Loss: 0.8723, Entropy: 1.0986, Epsilon: 0.723
2026-03-29 22:30:40 | INFO | Episode  113 - Reward: -200.000, Length: 200, Loss: 0.8623, Entropy: 1.0986, Epsilon: 0.720
2026-03-29 22:30:40 | INFO | Episode  114 - Reward: -200.000, Length: 200, Loss: 0.8784, Entropy: 1.0986, Epsilon: 0.718
2026-03-29 22:30:41 | INFO | Episode  115 - Reward: -200.000, Length: 200, Loss: 0.8687, Entropy: 1.0986, Epsilon: 0.715
2026-03-29 22:30:41 | INFO | Episode  116 - Reward: -200.000, Length: 200, Loss: 0.8780, Entropy: 1.0986, Epsilon: 0.713
2026-03-29 22:30:41 | INFO | Episode  117 - Reward: -200.000, Length: 200, Loss: 0.8675, Entropy: 1.0986, Epsilon: 0.710
2026-03-29 22:30:42 | INFO | Episode  118 - Reward: -200.000, Length: 200, Loss: 0.8572, Entropy: 1.0986, Epsilon: 0.708
2026-03-29 22:30:42 | INFO | Episode  119 - Reward: -200.000, Length: 200, Loss: 0.8768, Entropy: 1.0986, Epsilon: 0.705
2026-03-29 22:30:43 | INFO | Episode  120 - Reward: -200.000, Length: 200, Loss: 0.8678, Entropy: 1.0986, Epsilon: 0.703
2026-03-29 22:30:43 | INFO | Episode  121 - Reward: -200.000, Length: 200, Loss: 0.8777, Entropy: 1.0986, Epsilon: 0.701
2026-03-29 22:30:44 | INFO | Episode  122 - Reward: -200.000, Length: 200, Loss: 0.8690, Entropy: 1.0986, Epsilon: 0.698
2026-03-29 22:30:44 | INFO | Episode  123 - Reward: -200.000, Length: 200, Loss: 0.8566, Entropy: 1.0986, Epsilon: 0.696
2026-03-29 22:30:44 | INFO | Episode  124 - Reward: -200.000, Length: 200, Loss: 0.8751, Entropy: 1.0986, Epsilon: 0.693
2026-03-29 22:30:45 | INFO | Episode  125 - Reward: -200.000, Length: 200, Loss: 0.8644, Entropy: 1.0986, Epsilon: 0.691
2026-03-29 22:30:45 | INFO | Episode  126 - Reward: -200.000, Length: 200, Loss: 0.8722, Entropy: 1.0986, Epsilon: 0.688
2026-03-29 22:30:46 | INFO | Episode  127 - Reward: -200.000, Length: 200, Loss: 0.8613, Entropy: 1.0986, Epsilon: 0.686
2026-03-29 22:30:46 | INFO | Episode  128 - Reward: -200.000, Length: 200, Loss: 0.8523, Entropy: 1.0986, Epsilon: 0.683
2026-03-29 22:30:46 | INFO | Episode  129 - Reward: -200.000, Length: 200, Loss: 0.8675, Entropy: 1.0986, Epsilon: 0.681
2026-03-29 22:30:47 | INFO | Episode  130 - Reward: -200.000, Length: 200, Loss: 0.8622, Entropy: 1.0986, Epsilon: 0.678
2026-03-29 22:30:47 | INFO | Episode  131 - Reward: -200.000, Length: 200, Loss: 0.8686, Entropy: 1.0986, Epsilon: 0.676
2026-03-29 22:30:48 | INFO | Episode  132 - Reward: -200.000, Length: 200, Loss: 0.8583, Entropy: 1.0986, Epsilon: 0.673
2026-03-29 22:30:48 | INFO | Episode  133 - Reward: -200.000, Length: 200, Loss: 0.8504, Entropy: 1.0986, Epsilon: 0.671
2026-03-29 22:30:49 | INFO | Episode  134 - Reward: -200.000, Length: 200, Loss: 0.8672, Entropy: 1.0986, Epsilon: 0.668
2026-03-29 22:30:49 | INFO | Episode  135 - Reward: -200.000, Length: 200, Loss: 0.8581, Entropy: 1.0986, Epsilon: 0.666
2026-03-29 22:30:49 | INFO | Episode  136 - Reward: -200.000, Length: 200, Loss: 0.8674, Entropy: 1.0986, Epsilon: 0.663
2026-03-29 22:30:50 | INFO | Episode  137 - Reward: -200.000, Length: 200, Loss: 0.8594, Entropy: 1.0986, Epsilon: 0.661
2026-03-29 22:30:50 | INFO | Episode  138 - Reward: -200.000, Length: 200, Loss: 0.8429, Entropy: 1.0986, Epsilon: 0.658
2026-03-29 22:30:51 | INFO | Episode  139 - Reward: -200.000, Length: 200, Loss: 0.8673, Entropy: 1.0986, Epsilon: 0.656
2026-03-29 22:30:51 | INFO | Episode  140 - Reward: -200.000, Length: 200, Loss: 0.8562, Entropy: 1.0986, Epsilon: 0.653
2026-03-29 22:30:52 | INFO | Episode  141 - Reward: -200.000, Length: 200, Loss: 0.8647, Entropy: 1.0986, Epsilon: 0.651
2026-03-29 22:30:52 | INFO | Episode  142 - Reward: -200.000, Length: 200, Loss: 0.8527, Entropy: 1.0986, Epsilon: 0.649
2026-03-29 22:30:52 | INFO | Episode  143 - Reward: -200.000, Length: 200, Loss: 0.8457, Entropy: 1.0986, Epsilon: 0.646
2026-03-29 22:30:53 | INFO | Episode  144 - Reward: -200.000, Length: 200, Loss: 0.8691, Entropy: 1.0986, Epsilon: 0.644
2026-03-29 22:30:53 | INFO | Episode  145 - Reward: -200.000, Length: 200, Loss: 0.8553, Entropy: 1.0986, Epsilon: 0.641
2026-03-29 22:30:54 | INFO | Episode  146 - Reward: -200.000, Length: 200, Loss: 0.8668, Entropy: 1.0986, Epsilon: 0.639
2026-03-29 22:30:54 | INFO | Episode  147 - Reward: -200.000, Length: 200, Loss: 0.8560, Entropy: 1.0986, Epsilon: 0.636
2026-03-29 22:30:54 | INFO | Episode  148 - Reward: -200.000, Length: 200, Loss: 0.8423, Entropy: 1.0986, Epsilon: 0.634
2026-03-29 22:30:55 | INFO | Episode  149 - Reward: -200.000, Length: 200, Loss: 0.8636, Entropy: 1.0986, Epsilon: 0.631
2026-03-29 22:30:55 | INFO | Episode  150 - Reward: -200.000, Length: 200, Loss: 0.8539, Entropy: 1.0986, Epsilon: 0.629
2026-03-29 22:31:02 | INFO | [Episode  150] eps=0.629  avg_reward=-200.000  avg_length=200.00  avg_loss=  0.8665  avg_entropy=1.0986  eval_success=0.000
2026-03-29 22:31:02 | INFO | Episode  151 - Reward: -200.000, Length: 200, Loss: 0.8602, Entropy: 1.0986, Epsilon: 0.626
2026-03-29 22:31:03 | INFO | Episode  152 - Reward: -200.000, Length: 200, Loss: 0.8512, Entropy: 1.0986, Epsilon: 0.624
2026-03-29 22:31:03 | INFO | Episode  153 - Reward: -200.000, Length: 200, Loss: 0.8391, Entropy: 1.0986, Epsilon: 0.621
2026-03-29 22:31:04 | INFO | Episode  154 - Reward: -200.000, Length: 200, Loss: 0.8608, Entropy: 1.0986, Epsilon: 0.619
2026-03-29 22:31:04 | INFO | Episode  155 - Reward: -200.000, Length: 200, Loss: 0.8514, Entropy: 1.0986, Epsilon: 0.616
2026-03-29 22:31:04 | INFO | Episode  156 - Reward: -200.000, Length: 200, Loss: 0.8637, Entropy: 1.0986, Epsilon: 0.614
2026-03-29 22:31:05 | INFO | Episode  157 - Reward: -200.000, Length: 200, Loss: 0.8504, Entropy: 1.0986, Epsilon: 0.611
2026-03-29 22:31:05 | INFO | Episode  158 - Reward: -200.000, Length: 200, Loss: 0.8364, Entropy: 1.0986, Epsilon: 0.609
2026-03-29 22:31:06 | INFO | Episode  159 - Reward: -200.000, Length: 200, Loss: 0.8619, Entropy: 1.0986, Epsilon: 0.606
2026-03-29 22:31:06 | INFO | Episode  160 - Reward: -200.000, Length: 200, Loss: 0.8478, Entropy: 1.0986, Epsilon: 0.604
2026-03-29 22:31:06 | INFO | Episode  161 - Reward: -200.000, Length: 200, Loss: 0.8607, Entropy: 1.0986, Epsilon: 0.602
2026-03-29 22:31:07 | INFO | Episode  162 - Reward: -200.000, Length: 200, Loss: 0.8479, Entropy: 1.0986, Epsilon: 0.599
2026-03-29 22:31:07 | INFO | Episode  163 - Reward: -200.000, Length: 200, Loss: 0.8347, Entropy: 1.0986, Epsilon: 0.597
2026-03-29 22:31:08 | INFO | Episode  164 - Reward: -200.000, Length: 200, Loss: 0.8541, Entropy: 1.0986, Epsilon: 0.594
2026-03-29 22:31:08 | INFO | Episode  165 - Reward: -200.000, Length: 200, Loss: 0.8465, Entropy: 1.0986, Epsilon: 0.592
2026-03-29 22:31:09 | INFO | Episode  166 - Reward: -200.000, Length: 200, Loss: 0.8580, Entropy: 1.0986, Epsilon: 0.589
2026-03-29 22:31:09 | INFO | Episode  167 - Reward: -200.000, Length: 200, Loss: 0.8457, Entropy: 1.0986, Epsilon: 0.587
2026-03-29 22:31:09 | INFO | Episode  168 - Reward: -200.000, Length: 200, Loss: 0.8284, Entropy: 1.0986, Epsilon: 0.584
2026-03-29 22:31:10 | INFO | Episode  169 - Reward: -200.000, Length: 200, Loss: 0.8535, Entropy: 1.0986, Epsilon: 0.582
2026-03-29 22:31:10 | INFO | Episode  170 - Reward: -200.000, Length: 200, Loss: 0.8376, Entropy: 1.0986, Epsilon: 0.579
2026-03-29 22:31:11 | INFO | Episode  171 - Reward: -200.000, Length: 200, Loss: 0.8499, Entropy: 1.0986, Epsilon: 0.577
2026-03-29 22:31:11 | INFO | Episode  172 - Reward: -200.000, Length: 200, Loss: 0.8392, Entropy: 1.0986, Epsilon: 0.574
2026-03-29 22:31:12 | INFO | Episode  173 - Reward: -200.000, Length: 200, Loss: 0.8199, Entropy: 1.0986, Epsilon: 0.572
2026-03-29 22:31:12 | INFO | Episode  174 - Reward: -200.000, Length: 200, Loss: 0.8444, Entropy: 1.0986, Epsilon: 0.569
2026-03-29 22:31:12 | INFO | Episode  175 - Reward: -200.000, Length: 200, Loss: 0.8323, Entropy: 1.0986, Epsilon: 0.567
2026-03-29 22:31:13 | INFO | Episode  176 - Reward: -200.000, Length: 200, Loss: 0.8412, Entropy: 1.0986, Epsilon: 0.564
2026-03-29 22:31:13 | INFO | Episode  177 - Reward: -200.000, Length: 200, Loss: 0.8247, Entropy: 1.0986, Epsilon: 0.562
2026-03-29 22:31:14 | INFO | Episode  178 - Reward: -200.000, Length: 200, Loss: 0.8126, Entropy: 1.0986, Epsilon: 0.559
2026-03-29 22:31:14 | INFO | Episode  179 - Reward: -200.000, Length: 200, Loss: 0.8354, Entropy: 1.0986, Epsilon: 0.557
2026-03-29 22:31:14 | INFO | Episode  180 - Reward: -200.000, Length: 200, Loss: 0.8201, Entropy: 1.0986, Epsilon: 0.554
2026-03-29 22:31:15 | INFO | Episode  181 - Reward: -200.000, Length: 200, Loss: 0.8368, Entropy: 1.0986, Epsilon: 0.552
2026-03-29 22:31:15 | INFO | Episode  182 - Reward: -200.000, Length: 200, Loss: 0.8212, Entropy: 1.0986, Epsilon: 0.550
2026-03-29 22:31:16 | INFO | Episode  183 - Reward: -200.000, Length: 200, Loss: 0.8064, Entropy: 1.0986, Epsilon: 0.547
2026-03-29 22:31:16 | INFO | Episode  184 - Reward: -200.000, Length: 200, Loss: 0.8322, Entropy: 1.0986, Epsilon: 0.545
2026-03-29 22:31:17 | INFO | Episode  185 - Reward: -200.000, Length: 200, Loss: 0.8101, Entropy: 1.0986, Epsilon: 0.542
2026-03-29 22:31:17 | INFO | Episode  186 - Reward: -200.000, Length: 200, Loss: 0.8297, Entropy: 1.0986, Epsilon: 0.540
2026-03-29 22:31:17 | INFO | Episode  187 - Reward: -200.000, Length: 200, Loss: 0.8118, Entropy: 1.0986, Epsilon: 0.537
2026-03-29 22:31:18 | INFO | Episode  188 - Reward: -200.000, Length: 200, Loss: 0.7934, Entropy: 1.0986, Epsilon: 0.535
2026-03-29 22:31:18 | INFO | Episode  189 - Reward: -200.000, Length: 200, Loss: 0.8246, Entropy: 1.0986, Epsilon: 0.532
2026-03-29 22:31:19 | INFO | Episode  190 - Reward: -200.000, Length: 200, Loss: 0.8066, Entropy: 1.0986, Epsilon: 0.530
2026-03-29 22:31:19 | INFO | Episode  191 - Reward: -200.000, Length: 200, Loss: 0.8228, Entropy: 1.0986, Epsilon: 0.527
2026-03-29 22:31:20 | INFO | Episode  192 - Reward: -200.000, Length: 200, Loss: 0.8079, Entropy: 1.0986, Epsilon: 0.525
2026-03-29 22:31:20 | INFO | Episode  193 - Reward: -200.000, Length: 200, Loss: 0.7894, Entropy: 1.0986, Epsilon: 0.522
2026-03-29 22:31:20 | INFO | Episode  194 - Reward: -200.000, Length: 200, Loss: 0.8209, Entropy: 1.0986, Epsilon: 0.520
2026-03-29 22:31:21 | INFO | Episode  195 - Reward: -200.000, Length: 200, Loss: 0.8039, Entropy: 1.0986, Epsilon: 0.517
2026-03-29 22:31:21 | INFO | Episode  196 - Reward: -200.000, Length: 200, Loss: 0.8193, Entropy: 1.0986, Epsilon: 0.515
2026-03-29 22:31:22 | INFO | Episode  197 - Reward: -200.000, Length: 200, Loss: 0.8018, Entropy: 1.0986, Epsilon: 0.512
2026-03-29 22:31:22 | INFO | Episode  198 - Reward: -200.000, Length: 200, Loss: 0.7866, Entropy: 1.0986, Epsilon: 0.510
2026-03-29 22:31:23 | INFO | Episode  199 - Reward: -200.000, Length: 200, Loss: 0.8184, Entropy: 1.0986, Epsilon: 0.507
2026-03-29 22:31:23 | INFO | Episode  200 - Reward: -200.000, Length: 200, Loss: 0.8000, Entropy: 1.0986, Epsilon: 0.505
2026-03-29 22:31:29 | INFO | [Episode  200] eps=0.505  avg_reward=-200.000  avg_length=200.00  avg_loss=  0.8311  avg_entropy=1.0986  eval_success=0.000
2026-03-29 22:31:29 | INFO | Episode  201 - Reward: -200.000, Length: 200, Loss: 0.8193, Entropy: 1.0986, Epsilon: 0.503
2026-03-29 22:31:30 | INFO | Episode  202 - Reward: -200.000, Length: 200, Loss: 0.7967, Entropy: 1.0986, Epsilon: 0.500
2026-03-29 22:31:30 | INFO | Episode  203 - Reward: -200.000, Length: 200, Loss: 0.7787, Entropy: 1.0986, Epsilon: 0.498
2026-03-29 22:31:30 | INFO | Episode  204 - Reward: -200.000, Length: 200, Loss: 0.8152, Entropy: 1.0986, Epsilon: 0.495
2026-03-29 22:31:31 | INFO | Episode  205 - Reward: -200.000, Length: 200, Loss: 0.7955, Entropy: 1.0986, Epsilon: 0.493
2026-03-29 22:31:31 | INFO | Episode  206 - Reward: -200.000, Length: 200, Loss: 0.8128, Entropy: 1.0986, Epsilon: 0.490
2026-03-29 22:31:32 | INFO | Episode  207 - Reward: -200.000, Length: 200, Loss: 0.7931, Entropy: 1.0986, Epsilon: 0.488
2026-03-29 22:31:33 | INFO | Episode  208 - Reward: -200.000, Length: 200, Loss: 0.7746, Entropy: 1.0986, Epsilon: 0.485
2026-03-29 22:31:33 | INFO | Episode  209 - Reward: -200.000, Length: 200, Loss: 0.8094, Entropy: 1.0986, Epsilon: 0.483
2026-03-29 22:31:34 | INFO | Episode  210 - Reward: -200.000, Length: 200, Loss: 0.7926, Entropy: 1.0986, Epsilon: 0.480
2026-03-29 22:31:34 | INFO | Episode  211 - Reward: -200.000, Length: 200, Loss: 0.8127, Entropy: 1.0986, Epsilon: 0.478
2026-03-29 22:31:34 | INFO | Episode  212 - Reward: -200.000, Length: 200, Loss: 0.7885, Entropy: 1.0986, Epsilon: 0.475
2026-03-29 22:31:35 | INFO | Episode  213 - Reward: -200.000, Length: 200, Loss: 0.7705, Entropy: 1.0986, Epsilon: 0.473
2026-03-29 22:31:35 | INFO | Episode  214 - Reward: -200.000, Length: 200, Loss: 0.8084, Entropy: 1.0986, Epsilon: 0.470
2026-03-29 22:31:36 | INFO | Episode  215 - Reward: -200.000, Length: 200, Loss: 0.7906, Entropy: 1.0986, Epsilon: 0.468
2026-03-29 22:31:36 | INFO | Episode  216 - Reward: -200.000, Length: 200, Loss: 0.8119, Entropy: 1.0986, Epsilon: 0.465
2026-03-29 22:31:37 | INFO | Episode  217 - Reward: -200.000, Length: 200, Loss: 0.7886, Entropy: 1.0986, Epsilon: 0.463
2026-03-29 22:31:37 | INFO | Episode  218 - Reward: -200.000, Length: 200, Loss: 0.7661, Entropy: 1.0986, Epsilon: 0.460
2026-03-29 22:31:37 | INFO | Episode  219 - Reward: -200.000, Length: 200, Loss: 0.8033, Entropy: 1.0986, Epsilon: 0.458
2026-03-29 22:31:38 | INFO | Episode  220 - Reward: -200.000, Length: 200, Loss: 0.7866, Entropy: 1.0986, Epsilon: 0.456
2026-03-29 22:31:38 | INFO | Episode  221 - Reward: -200.000, Length: 200, Loss: 0.8029, Entropy: 1.0986, Epsilon: 0.453
2026-03-29 22:31:39 | INFO | Episode  222 - Reward: -200.000, Length: 200, Loss: 0.7828, Entropy: 1.0986, Epsilon: 0.451
2026-03-29 22:31:39 | INFO | Episode  223 - Reward: -200.000, Length: 200, Loss: 0.7619, Entropy: 1.0986, Epsilon: 0.448
2026-03-29 22:31:40 | INFO | Episode  224 - Reward: -200.000, Length: 200, Loss: 0.7997, Entropy: 1.0986, Epsilon: 0.446
2026-03-29 22:31:40 | INFO | Episode  225 - Reward: -200.000, Length: 200, Loss: 0.7771, Entropy: 1.0986, Epsilon: 0.443
2026-03-29 22:31:40 | INFO | Episode  226 - Reward: -200.000, Length: 200, Loss: 0.7952, Entropy: 1.0986, Epsilon: 0.441
2026-03-29 22:31:41 | INFO | Episode  227 - Reward: -200.000, Length: 200, Loss: 0.7690, Entropy: 1.0986, Epsilon: 0.438
2026-03-29 22:31:41 | INFO | Episode  228 - Reward: -200.000, Length: 200, Loss: 0.7467, Entropy: 1.0986, Epsilon: 0.436
2026-03-29 22:31:42 | INFO | Episode  229 - Reward: -200.000, Length: 200, Loss: 0.7847, Entropy: 1.0986, Epsilon: 0.433
2026-03-29 22:31:42 | INFO | Episode  230 - Reward: -200.000, Length: 200, Loss: 0.7611, Entropy: 1.0986, Epsilon: 0.431
2026-03-29 22:31:43 | INFO | Episode  231 - Reward: -200.000, Length: 200, Loss: 0.7853, Entropy: 1.0986, Epsilon: 0.428
2026-03-29 22:31:43 | INFO | Episode  232 - Reward: -200.000, Length: 200, Loss: 0.7581, Entropy: 1.0986, Epsilon: 0.426
2026-03-29 22:31:43 | INFO | Episode  233 - Reward: -200.000, Length: 200, Loss: 0.7328, Entropy: 1.0985, Epsilon: 0.423
2026-03-29 22:31:44 | INFO | Episode  234 - Reward: -200.000, Length: 200, Loss: 0.7768, Entropy: 1.0985, Epsilon: 0.421
2026-03-29 22:31:44 | INFO | Episode  235 - Reward: -200.000, Length: 200, Loss: 0.7518, Entropy: 1.0985, Epsilon: 0.418
2026-03-29 22:31:45 | INFO | Episode  236 - Reward: -200.000, Length: 200, Loss: 0.7711, Entropy: 1.0985, Epsilon: 0.416
2026-03-29 22:31:45 | INFO | Episode  237 - Reward: -200.000, Length: 200, Loss: 0.7417, Entropy: 1.0985, Epsilon: 0.413
2026-03-29 22:31:46 | INFO | Episode  238 - Reward: -200.000, Length: 200, Loss: 0.7186, Entropy: 1.0985, Epsilon: 0.411
2026-03-29 22:31:46 | INFO | Episode  239 - Reward: -200.000, Length: 200, Loss: 0.7644, Entropy: 1.0985, Epsilon: 0.408
2026-03-29 22:31:46 | INFO | Episode  240 - Reward: -200.000, Length: 200, Loss: 0.7352, Entropy: 1.0985, Epsilon: 0.406
2026-03-29 22:31:47 | INFO | Episode  241 - Reward: -200.000, Length: 200, Loss: 0.7593, Entropy: 1.0985, Epsilon: 0.404
2026-03-29 22:31:47 | INFO | Episode  242 - Reward: -200.000, Length: 200, Loss: 0.7281, Entropy: 1.0985, Epsilon: 0.401
2026-03-29 22:31:48 | INFO | Episode  243 - Reward: -200.000, Length: 200, Loss: 0.7035, Entropy: 1.0985, Epsilon: 0.399
2026-03-29 22:31:48 | INFO | Episode  244 - Reward: -200.000, Length: 200, Loss: 0.7497, Entropy: 1.0984, Epsilon: 0.396
2026-03-29 22:31:49 | INFO | Episode  245 - Reward: -200.000, Length: 200, Loss: 0.7218, Entropy: 1.0984, Epsilon: 0.394
2026-03-29 22:31:49 | INFO | Episode  246 - Reward: -200.000, Length: 200, Loss: 0.7448, Entropy: 1.0984, Epsilon: 0.391
2026-03-29 22:31:49 | INFO | Episode  247 - Reward: -200.000, Length: 200, Loss: 0.7168, Entropy: 1.0984, Epsilon: 0.389
2026-03-29 22:31:50 | INFO | Episode  248 - Reward: -200.000, Length: 200, Loss: 0.6873, Entropy: 1.0984, Epsilon: 0.386
2026-03-29 22:31:50 | INFO | Episode  249 - Reward: -200.000, Length: 200, Loss: 0.7405, Entropy: 1.0984, Epsilon: 0.384
2026-03-29 22:31:51 | INFO | Episode  250 - Reward: -200.000, Length: 200, Loss: 0.7065, Entropy: 1.0984, Epsilon: 0.381
2026-03-29 22:31:56 | INFO | [Episode  250] eps=0.381  avg_reward=-200.000  avg_length=200.00  avg_loss=  0.7698  avg_entropy=1.0984  eval_success=0.000
2026-03-29 22:31:57 | INFO | Episode  251 - Reward: -200.000, Length: 200, Loss: 0.7336, Entropy: 1.0984, Epsilon: 0.379
2026-03-29 22:31:57 | INFO | Episode  252 - Reward: -200.000, Length: 200, Loss: 0.7033, Entropy: 1.0984, Epsilon: 0.376
2026-03-29 22:31:58 | INFO | Episode  253 - Reward: -200.000, Length: 200, Loss: 0.6719, Entropy: 1.0984, Epsilon: 0.374
2026-03-29 22:31:58 | INFO | Episode  254 - Reward: -200.000, Length: 200, Loss: 0.7295, Entropy: 1.0984, Epsilon: 0.371
2026-03-29 22:31:58 | INFO | Episode  255 - Reward: -200.000, Length: 200, Loss: 0.6918, Entropy: 1.0984, Epsilon: 0.369
2026-03-29 22:31:59 | INFO | Episode  256 - Reward: -200.000, Length: 200, Loss: 0.7255, Entropy: 1.0983, Epsilon: 0.366
2026-03-29 22:31:59 | INFO | Episode  257 - Reward: -200.000, Length: 200, Loss: 0.6889, Entropy: 1.0983, Epsilon: 0.364
2026-03-29 22:32:00 | INFO | Episode  258 - Reward: -200.000, Length: 200, Loss: 0.6584, Entropy: 1.0983, Epsilon: 0.361
2026-03-29 22:32:00 | INFO | Episode  259 - Reward: -200.000, Length: 200, Loss: 0.7189, Entropy: 1.0983, Epsilon: 0.359
2026-03-29 22:32:01 | INFO | Episode  260 - Reward: -200.000, Length: 200, Loss: 0.6844, Entropy: 1.0983, Epsilon: 0.357
2026-03-29 22:32:01 | INFO | Episode  261 - Reward: -200.000, Length: 200, Loss: 0.7165, Entropy: 1.0983, Epsilon: 0.354
2026-03-29 22:32:02 | INFO | Episode  262 - Reward: -200.000, Length: 200, Loss: 0.6789, Entropy: 1.0983, Epsilon: 0.352
2026-03-29 22:32:02 | INFO | Episode  263 - Reward: -200.000, Length: 200, Loss: 0.6425, Entropy: 1.0983, Epsilon: 0.349
2026-03-29 22:32:03 | INFO | Episode  264 - Reward: -200.000, Length: 200, Loss: 0.7029, Entropy: 1.0983, Epsilon: 0.347
2026-03-29 22:32:03 | INFO | Episode  265 - Reward: -200.000, Length: 200, Loss: 0.6652, Entropy: 1.0983, Epsilon: 0.344
2026-03-29 22:32:03 | INFO | Episode  266 - Reward: -200.000, Length: 200, Loss: 0.6945, Entropy: 1.0983, Epsilon: 0.342
2026-03-29 22:32:04 | INFO | Episode  267 - Reward: -200.000, Length: 200, Loss: 0.6598, Entropy: 1.0983, Epsilon: 0.339
2026-03-29 22:32:05 | INFO | Episode  268 - Reward: -200.000, Length: 200, Loss: 0.6186, Entropy: 1.0982, Epsilon: 0.337
2026-03-29 22:32:05 | INFO | Episode  269 - Reward: -200.000, Length: 200, Loss: 0.6870, Entropy: 1.0982, Epsilon: 0.334
2026-03-29 22:32:06 | INFO | Episode  270 - Reward: -200.000, Length: 200, Loss: 0.6455, Entropy: 1.0982, Epsilon: 0.332
2026-03-29 22:32:06 | INFO | Episode  271 - Reward: -200.000, Length: 200, Loss: 0.6772, Entropy: 1.0982, Epsilon: 0.329
2026-03-29 22:32:07 | INFO | Episode  272 - Reward: -200.000, Length: 200, Loss: 0.6419, Entropy: 1.0982, Epsilon: 0.327
2026-03-29 22:32:07 | INFO | Episode  273 - Reward: -200.000, Length: 200, Loss: 0.5981, Entropy: 1.0982, Epsilon: 0.324
2026-03-29 22:32:08 | INFO | Episode  274 - Reward: -200.000, Length: 200, Loss: 0.6749, Entropy: 1.0982, Epsilon: 0.322
2026-03-29 22:32:08 | INFO | Episode  275 - Reward: -200.000, Length: 200, Loss: 0.6335, Entropy: 1.0982, Epsilon: 0.319
2026-03-29 22:32:09 | INFO | Episode  276 - Reward: -200.000, Length: 200, Loss: 0.6666, Entropy: 1.0982, Epsilon: 0.317
2026-03-29 22:32:09 | INFO | Episode  277 - Reward: -200.000, Length: 200, Loss: 0.6271, Entropy: 1.0982, Epsilon: 0.314
2026-03-29 22:32:09 | INFO | Episode  278 - Reward: -200.000, Length: 200, Loss: 0.5842, Entropy: 1.0982, Epsilon: 0.312
2026-03-29 22:32:10 | INFO | Episode  279 - Reward: -200.000, Length: 200, Loss: 0.6656, Entropy: 1.0982, Epsilon: 0.309
2026-03-29 22:32:10 | INFO | Episode  280 - Reward: -200.000, Length: 200, Loss: 0.6239, Entropy: 1.0982, Epsilon: 0.307
2026-03-29 22:32:11 | INFO | Episode  281 - Reward: -200.000, Length: 200, Loss: 0.6727, Entropy: 1.0983, Epsilon: 0.305
2026-03-29 22:32:11 | INFO | Episode  282 - Reward: -200.000, Length: 200, Loss: 0.6192, Entropy: 1.0983, Epsilon: 0.302
2026-03-29 22:32:12 | INFO | Episode  283 - Reward: -200.000, Length: 200, Loss: 0.5776, Entropy: 1.0983, Epsilon: 0.300
2026-03-29 22:32:12 | INFO | Episode  284 - Reward: -200.000, Length: 200, Loss: 0.6693, Entropy: 1.0983, Epsilon: 0.297
2026-03-29 22:32:12 | INFO | Episode  285 - Reward: -200.000, Length: 200, Loss: 0.6203, Entropy: 1.0983, Epsilon: 0.295
2026-03-29 22:32:13 | INFO | Episode  286 - Reward: -200.000, Length: 200, Loss: 0.6735, Entropy: 1.0983, Epsilon: 0.292
2026-03-29 22:32:13 | INFO | Episode  287 - Reward: -200.000, Length: 200, Loss: 0.6149, Entropy: 1.0983, Epsilon: 0.290
2026-03-29 22:32:14 | INFO | Episode  288 - Reward: -200.000, Length: 200, Loss: 0.5706, Entropy: 1.0983, Epsilon: 0.287
2026-03-29 22:32:14 | INFO | Episode  289 - Reward: -200.000, Length: 200, Loss: 0.6572, Entropy: 1.0983, Epsilon: 0.285
2026-03-29 22:32:15 | INFO | Episode  290 - Reward: -200.000, Length: 200, Loss: 0.6114, Entropy: 1.0983, Epsilon: 0.282
2026-03-29 22:32:15 | INFO | Episode  291 - Reward: -200.000, Length: 200, Loss: 0.6471, Entropy: 1.0984, Epsilon: 0.280
2026-03-29 22:32:15 | INFO | Episode  292 - Reward: -200.000, Length: 200, Loss: 0.5962, Entropy: 1.0984, Epsilon: 0.277
2026-03-29 22:32:16 | INFO | Episode  293 - Reward: -200.000, Length: 200, Loss: 0.5494, Entropy: 1.0984, Epsilon: 0.275
2026-03-29 22:32:16 | INFO | Episode  294 - Reward: -200.000, Length: 200, Loss: 0.6493, Entropy: 1.0984, Epsilon: 0.272
2026-03-29 22:32:17 | INFO | Episode  295 - Reward: -200.000, Length: 200, Loss: 0.5836, Entropy: 1.0984, Epsilon: 0.270
2026-03-29 22:32:17 | INFO | Episode  296 - Reward: -200.000, Length: 200, Loss: 0.6339, Entropy: 1.0984, Epsilon: 0.267
2026-03-29 22:32:18 | INFO | Episode  297 - Reward: -200.000, Length: 200, Loss: 0.5683, Entropy: 1.0985, Epsilon: 0.265
2026-03-29 22:32:18 | INFO | Episode  298 - Reward: -200.000, Length: 200, Loss: 0.5182, Entropy: 1.0985, Epsilon: 0.262
2026-03-29 22:32:18 | INFO | Episode  299 - Reward: -200.000, Length: 200, Loss: 0.6367, Entropy: 1.0985, Epsilon: 0.260
2026-03-29 22:32:19 | INFO | Episode  300 - Reward: -200.000, Length: 200, Loss: 0.5736, Entropy: 1.0985, Epsilon: 0.258
2026-03-29 22:32:24 | INFO | [Episode  300] eps=0.258  avg_reward=-200.000  avg_length=200.00  avg_loss=  0.6471  avg_entropy=1.0985  eval_success=0.000
2026-03-29 22:32:25 | INFO | Episode  301 - Reward: -200.000, Length: 200, Loss: 0.6435, Entropy: 1.0985, Epsilon: 0.255
2026-03-29 22:32:25 | INFO | Episode  302 - Reward: -200.000, Length: 200, Loss: 0.5635, Entropy: 1.0986, Epsilon: 0.253
2026-03-29 22:32:26 | INFO | Episode  303 - Reward: -200.000, Length: 200, Loss: 0.5050, Entropy: 1.0986, Epsilon: 0.250
2026-03-29 22:32:26 | INFO | Episode  304 - Reward: -200.000, Length: 200, Loss: 0.6377, Entropy: 1.0986, Epsilon: 0.248
2026-03-29 22:32:27 | INFO | Episode  305 - Reward: -200.000, Length: 200, Loss: 0.5716, Entropy: 1.0986, Epsilon: 0.245
2026-03-29 22:32:27 | INFO | Episode  306 - Reward: -200.000, Length: 200, Loss: 0.6392, Entropy: 1.0986, Epsilon: 0.243
2026-03-29 22:32:27 | INFO | Episode  307 - Reward: -200.000, Length: 200, Loss: 0.5776, Entropy: 1.0986, Epsilon: 0.240
2026-03-29 22:32:28 | INFO | Episode  308 - Reward: -200.000, Length: 200, Loss: 0.5009, Entropy: 1.0986, Epsilon: 0.238
2026-03-29 22:32:28 | INFO | Episode  309 - Reward: -200.000, Length: 200, Loss: 0.6187, Entropy: 1.0986, Epsilon: 0.235
2026-03-29 22:32:29 | INFO | Episode  310 - Reward: -200.000, Length: 200, Loss: 0.5383, Entropy: 1.0985, Epsilon: 0.233
2026-03-29 22:32:29 | INFO | Episode  311 - Reward: -200.000, Length: 200, Loss: 0.6143, Entropy: 1.0985, Epsilon: 0.230
2026-03-29 22:32:30 | INFO | Episode  312 - Reward: -200.000, Length: 200, Loss: 0.5317, Entropy: 1.0985, Epsilon: 0.228
2026-03-29 22:32:30 | INFO | Episode  313 - Reward: -200.000, Length: 200, Loss: 0.4661, Entropy: 1.0985, Epsilon: 0.225
2026-03-29 22:32:30 | INFO | Episode  314 - Reward: -200.000, Length: 200, Loss: 0.5918, Entropy: 1.0985, Epsilon: 0.223
2026-03-29 22:32:31 | INFO | Episode  315 - Reward: -200.000, Length: 200, Loss: 0.5077, Entropy: 1.0985, Epsilon: 0.220
2026-03-29 22:32:31 | INFO | Episode  316 - Reward: -200.000, Length: 200, Loss: 0.5733, Entropy: 1.0984, Epsilon: 0.218
2026-03-29 22:32:32 | INFO | Episode  317 - Reward: -200.000, Length: 200, Loss: 0.4748, Entropy: 1.0984, Epsilon: 0.215
2026-03-29 22:32:32 | INFO | Episode  318 - Reward: -200.000, Length: 200, Loss: 0.4649, Entropy: 1.0984, Epsilon: 0.213
2026-03-29 22:32:33 | INFO | Episode  319 - Reward: -200.000, Length: 200, Loss: 0.6058, Entropy: 1.0984, Epsilon: 0.210
2026-03-29 22:32:33 | INFO | Episode  320 - Reward: -200.000, Length: 200, Loss: 0.5044, Entropy: 1.0984, Epsilon: 0.208
2026-03-29 22:32:34 | INFO | Episode  321 - Reward: -200.000, Length: 200, Loss: 0.5212, Entropy: 1.0983, Epsilon: 0.206
2026-03-29 22:32:34 | INFO | Episode  322 - Reward: -200.000, Length: 200, Loss: 0.5011, Entropy: 1.0983, Epsilon: 0.203
2026-03-29 22:32:34 | INFO | Episode  323 - Reward: -200.000, Length: 200, Loss: 0.4181, Entropy: 1.0983, Epsilon: 0.201
2026-03-29 22:32:35 | INFO | Episode  324 - Reward: -200.000, Length: 200, Loss: 0.5217, Entropy: 1.0983, Epsilon: 0.198
2026-03-29 22:32:35 | INFO | Episode  325 - Reward: -200.000, Length: 200, Loss: 0.4558, Entropy: 1.0983, Epsilon: 0.196
2026-03-29 22:32:36 | INFO | Episode  326 - Reward: -200.000, Length: 200, Loss: 0.5380, Entropy: 1.0983, Epsilon: 0.193
2026-03-29 22:32:36 | INFO | Episode  327 - Reward: -200.000, Length: 200, Loss: 0.4665, Entropy: 1.0983, Epsilon: 0.191
2026-03-29 22:32:37 | INFO | Episode  328 - Reward: -200.000, Length: 200, Loss: 0.4326, Entropy: 1.0983, Epsilon: 0.188
2026-03-29 22:32:37 | INFO | Episode  329 - Reward: -200.000, Length: 200, Loss: 0.5451, Entropy: 1.0983, Epsilon: 0.186
2026-03-29 22:32:38 | INFO | Episode  330 - Reward: -200.000, Length: 200, Loss: 0.4266, Entropy: 1.0983, Epsilon: 0.183
2026-03-29 22:32:39 | INFO | Episode  331 - Reward: -200.000, Length: 200, Loss: 0.5112, Entropy: 1.0983, Epsilon: 0.181
2026-03-29 22:32:39 | INFO | Episode  332 - Reward: -200.000, Length: 200, Loss: 0.4921, Entropy: 1.0983, Epsilon: 0.178
2026-03-29 22:32:40 | INFO | Episode  333 - Reward: -200.000, Length: 200, Loss: 0.4008, Entropy: 1.0983, Epsilon: 0.176
2026-03-29 22:32:40 | INFO | Episode  334 - Reward: -200.000, Length: 200, Loss: 0.5280, Entropy: 1.0983, Epsilon: 0.173
2026-03-29 22:32:41 | INFO | Episode  335 - Reward: -200.000, Length: 200, Loss: 0.4680, Entropy: 1.0984, Epsilon: 0.171
2026-03-29 22:32:41 | INFO | Episode  336 - Reward: -200.000, Length: 200, Loss: 0.5782, Entropy: 1.0984, Epsilon: 0.168
2026-03-29 22:32:41 | INFO | Episode  337 - Reward: -200.000, Length: 200, Loss: 0.4442, Entropy: 1.0983, Epsilon: 0.166
2026-03-29 22:32:42 | INFO | Episode  338 - Reward: -200.000, Length: 200, Loss: 0.3752, Entropy: 1.0983, Epsilon: 0.163
2026-03-29 22:32:42 | INFO | Episode  339 - Reward: -200.000, Length: 200, Loss: 0.5101, Entropy: 1.0983, Epsilon: 0.161
2026-03-29 22:32:43 | INFO | Episode  340 - Reward: -200.000, Length: 200, Loss: 0.4271, Entropy: 1.0983, Epsilon: 0.158
2026-03-29 22:32:43 | INFO | Episode  341 - Reward: -200.000, Length: 200, Loss: 0.5118, Entropy: 1.0983, Epsilon: 0.156
2026-03-29 22:32:44 | INFO | Episode  342 - Reward: -200.000, Length: 200, Loss: 0.4720, Entropy: 1.0983, Epsilon: 0.154
2026-03-29 22:32:44 | INFO | Episode  343 - Reward: -200.000, Length: 200, Loss: 0.2810, Entropy: 1.0983, Epsilon: 0.151
2026-03-29 22:32:45 | INFO | Episode  344 - Reward: -200.000, Length: 200, Loss: 0.4648, Entropy: 1.0983, Epsilon: 0.149
2026-03-29 22:32:45 | INFO | Episode  345 - Reward: -200.000, Length: 200, Loss: 0.4654, Entropy: 1.0983, Epsilon: 0.146
2026-03-29 22:32:45 | INFO | Episode  346 - Reward: -200.000, Length: 200, Loss: 0.5231, Entropy: 1.0983, Epsilon: 0.144
2026-03-29 22:32:46 | INFO | Episode  347 - Reward: -200.000, Length: 200, Loss: 0.5222, Entropy: 1.0983, Epsilon: 0.141
2026-03-29 22:32:46 | INFO | Episode  348 - Reward: -200.000, Length: 200, Loss: 0.2898, Entropy: 1.0983, Epsilon: 0.139
2026-03-29 22:32:47 | INFO | Episode  349 - Reward: -200.000, Length: 200, Loss: 0.4627, Entropy: 1.0984, Epsilon: 0.136
2026-03-29 22:32:47 | INFO | Episode  350 - Reward: -200.000, Length: 200, Loss: 0.4441, Entropy: 1.0984, Epsilon: 0.134
2026-03-29 22:32:53 | INFO | [Episode  350] eps=0.134  avg_reward=-200.000  avg_length=200.00  avg_loss=  0.5026  avg_entropy=1.0984  eval_success=0.000
2026-03-29 22:32:53 | INFO | Episode  351 - Reward: -200.000, Length: 200, Loss: 0.5947, Entropy: 1.0984, Epsilon: 0.131
2026-03-29 22:32:54 | INFO | Episode  352 - Reward: -200.000, Length: 200, Loss: 0.4570, Entropy: 1.0984, Epsilon: 0.129
2026-03-29 22:32:54 | INFO | Episode  353 - Reward: -200.000, Length: 200, Loss: 0.3287, Entropy: 1.0985, Epsilon: 0.126
2026-03-29 22:32:55 | INFO | Episode  354 - Reward: -200.000, Length: 200, Loss: 0.4973, Entropy: 1.0985, Epsilon: 0.124
2026-03-29 22:32:55 | INFO | Episode  355 - Reward: -200.000, Length: 200, Loss: 0.4215, Entropy: 1.0985, Epsilon: 0.121
2026-03-29 22:32:56 | INFO | Episode  356 - Reward: -200.000, Length: 200, Loss: 0.5429, Entropy: 1.0985, Epsilon: 0.119
2026-03-29 22:32:56 | INFO | Episode  357 - Reward: -200.000, Length: 200, Loss: 0.3873, Entropy: 1.0985, Epsilon: 0.116
2026-03-29 22:32:56 | INFO | Episode  358 - Reward: -200.000, Length: 200, Loss: 0.2390, Entropy: 1.0985, Epsilon: 0.114
2026-03-29 22:32:57 | INFO | Episode  359 - Reward: -200.000, Length: 200, Loss: 0.4106, Entropy: 1.0986, Epsilon: 0.111
2026-03-29 22:32:57 | INFO | Episode  360 - Reward: -200.000, Length: 200, Loss: 0.3720, Entropy: 1.0986, Epsilon: 0.109
2026-03-29 22:32:58 | INFO | Episode  361 - Reward: -200.000, Length: 200, Loss: 0.4201, Entropy: 1.0986, Epsilon: 0.107
2026-03-29 22:32:58 | INFO | Episode  362 - Reward: -200.000, Length: 200, Loss: 0.4631, Entropy: 1.0986, Epsilon: 0.104
2026-03-29 22:32:59 | INFO | Episode  363 - Reward: -200.000, Length: 200, Loss: 0.4201, Entropy: 1.0986, Epsilon: 0.102
2026-03-29 22:32:59 | INFO | Episode  364 - Reward: -200.000, Length: 200, Loss: 0.4498, Entropy: 1.0986, Epsilon: 0.099
2026-03-29 22:32:59 | INFO | Episode  365 - Reward: -200.000, Length: 200, Loss: 0.2779, Entropy: 1.0986, Epsilon: 0.097
2026-03-29 22:33:00 | INFO | Episode  366 - Reward: -200.000, Length: 200, Loss: 0.4300, Entropy: 1.0986, Epsilon: 0.094
2026-03-29 22:33:00 | INFO | Episode  367 - Reward: -200.000, Length: 200, Loss: 0.5317, Entropy: 1.0986, Epsilon: 0.092
2026-03-29 22:33:01 | INFO | Episode  368 - Reward: -200.000, Length: 200, Loss: 0.3467, Entropy: 1.0985, Epsilon: 0.089
2026-03-29 22:33:01 | INFO | Episode  369 - Reward: -200.000, Length: 200, Loss: 0.5026, Entropy: 1.0984, Epsilon: 0.087
2026-03-29 22:33:02 | INFO | Episode  370 - Reward: -200.000, Length: 200, Loss: 0.3689, Entropy: 1.0984, Epsilon: 0.084
2026-03-29 22:33:02 | INFO | Episode  371 - Reward: -200.000, Length: 200, Loss: 0.4300, Entropy: 1.0984, Epsilon: 0.082
2026-03-29 22:33:03 | INFO | Episode  372 - Reward: -200.000, Length: 200, Loss: 0.3279, Entropy: 1.0984, Epsilon: 0.079
2026-03-29 22:33:03 | INFO | Episode  373 - Reward: -200.000, Length: 200, Loss: 0.2182, Entropy: 1.0983, Epsilon: 0.077
2026-03-29 22:33:03 | INFO | Episode  374 - Reward: -200.000, Length: 200, Loss: 0.4368, Entropy: 1.0983, Epsilon: 0.074
2026-03-29 22:33:04 | INFO | Episode  375 - Reward: -200.000, Length: 200, Loss: 0.7605, Entropy: 1.0983, Epsilon: 0.072
2026-03-29 22:33:04 | INFO | Episode  376 - Reward: -200.000, Length: 200, Loss: 0.4474, Entropy: 1.0982, Epsilon: 0.069
2026-03-29 22:33:05 | INFO | Episode  377 - Reward: -200.000, Length: 200, Loss: 0.3698, Entropy: 1.0982, Epsilon: 0.067
2026-03-29 22:33:05 | INFO | Episode  378 - Reward: -200.000, Length: 200, Loss: 0.3006, Entropy: 1.0983, Epsilon: 0.064
2026-03-29 22:33:06 | INFO | Episode  379 - Reward: -200.000, Length: 200, Loss: 0.6976, Entropy: 1.0983, Epsilon: 0.062
2026-03-29 22:33:06 | INFO | Episode  380 - Reward: -200.000, Length: 200, Loss: 0.7276, Entropy: 1.0982, Epsilon: 0.059
2026-03-29 22:33:07 | INFO | Episode  381 - Reward: -200.000, Length: 200, Loss: 0.3540, Entropy: 1.0981, Epsilon: 0.057
2026-03-29 22:33:07 | INFO | Episode  382 - Reward: -200.000, Length: 200, Loss: 0.3763, Entropy: 1.0981, Epsilon: 0.055
2026-03-29 22:33:07 | INFO | Episode  383 - Reward: -200.000, Length: 200, Loss: 0.3489, Entropy: 1.0981, Epsilon: 0.052
2026-03-29 22:33:08 | INFO | Episode  384 - Reward: -200.000, Length: 200, Loss: 0.4194, Entropy: 1.0981, Epsilon: 0.050
2026-03-29 22:33:08 | INFO | Episode  385 - Reward: -200.000, Length: 200, Loss: 0.3943, Entropy: 1.0982, Epsilon: 0.047
2026-03-29 22:33:09 | INFO | Episode  386 - Reward: -200.000, Length: 200, Loss: 0.9130, Entropy: 1.0982, Epsilon: 0.045
2026-03-29 22:33:09 | INFO | Episode  387 - Reward: -200.000, Length: 200, Loss: 0.1549, Entropy: 1.0983, Epsilon: 0.042
2026-03-29 22:33:10 | INFO | Episode  388 - Reward: -200.000, Length: 200, Loss: 0.1324, Entropy: 1.0983, Epsilon: 0.040
2026-03-29 22:33:11 | INFO | Episode  389 - Reward: -200.000, Length: 200, Loss: 0.7764, Entropy: 1.0984, Epsilon: 0.037
2026-03-29 22:33:11 | INFO | Episode  390 - Reward: -200.000, Length: 200, Loss: 0.7861, Entropy: 1.0983, Epsilon: 0.035
2026-03-29 22:33:12 | INFO | Episode  391 - Reward: -200.000, Length: 200, Loss: 0.2902, Entropy: 1.0984, Epsilon: 0.032
2026-03-29 22:33:12 | INFO | Episode  392 - Reward: -200.000, Length: 200, Loss: 0.2818, Entropy: 1.0985, Epsilon: 0.030
2026-03-29 22:33:13 | INFO | Episode  393 - Reward: -200.000, Length: 200, Loss: 0.4901, Entropy: 1.0985, Epsilon: 0.027
2026-03-29 22:33:13 | INFO | Episode  394 - Reward: -200.000, Length: 200, Loss: 0.2186, Entropy: 1.0986, Epsilon: 0.025
2026-03-29 22:33:13 | INFO | Episode  395 - Reward: -200.000, Length: 200, Loss: 0.4943, Entropy: 1.0986, Epsilon: 0.022
2026-03-29 22:33:14 | INFO | Episode  396 - Reward: -200.000, Length: 200, Loss: 0.8025, Entropy: 1.0986, Epsilon: 0.020
2026-03-29 22:33:14 | INFO | Episode  397 - Reward: -200.000, Length: 200, Loss: 0.4466, Entropy: 1.0985, Epsilon: 0.017
2026-03-29 22:33:15 | INFO | Episode  398 - Reward: -200.000, Length: 200, Loss: 0.5553, Entropy: 1.0985, Epsilon: 0.015
2026-03-29 22:33:15 | INFO | Episode  399 - Reward: -200.000, Length: 200, Loss: 0.6969, Entropy: 1.0985, Epsilon: 0.012
2026-03-29 22:33:16 | INFO | Episode  400 - Reward: -200.000, Length: 200, Loss: 0.6538, Entropy: 1.0984, Epsilon: 0.010
2026-03-29 22:33:21 | INFO | [Episode  400] eps=0.010  avg_reward=-200.000  avg_length=200.00  avg_loss=  0.4553  avg_entropy=1.0984  eval_success=0.000
2026-03-29 22:33:22 | INFO | Episode  401 - Reward: -200.000, Length: 200, Loss: 0.1999, Entropy: 1.0984, Epsilon: 0.010
2026-03-29 22:33:22 | INFO | Episode  402 - Reward: -200.000, Length: 200, Loss: 0.5875, Entropy: 1.0984, Epsilon: 0.010
2026-03-29 22:33:23 | INFO | Episode  403 - Reward: -200.000, Length: 200, Loss: 0.5037, Entropy: 1.0985, Epsilon: 0.010
2026-03-29 22:33:23 | INFO | Episode  404 - Reward: -200.000, Length: 200, Loss: 0.6178, Entropy: 1.0985, Epsilon: 0.010
2026-03-29 22:33:23 | INFO | Episode  405 - Reward: -200.000, Length: 200, Loss: 0.3940, Entropy: 1.0984, Epsilon: 0.010
2026-03-29 22:33:24 | INFO | Episode  406 - Reward: -200.000, Length: 200, Loss: 0.2728, Entropy: 1.0983, Epsilon: 0.010
2026-03-29 22:33:24 | INFO | Episode  407 - Reward: -200.000, Length: 200, Loss: 0.2944, Entropy: 1.0983, Epsilon: 0.010
2026-03-29 22:33:25 | INFO | Episode  408 - Reward: -200.000, Length: 200, Loss: 0.7718, Entropy: 1.0984, Epsilon: 0.010
2026-03-29 22:33:25 | INFO | Episode  409 - Reward: -200.000, Length: 200, Loss: 0.1681, Entropy: 1.0984, Epsilon: 0.010
2026-03-29 22:33:26 | INFO | Episode  410 - Reward: -200.000, Length: 200, Loss: 0.3348, Entropy: 1.0984, Epsilon: 0.010
2026-03-29 22:33:26 | INFO | Episode  411 - Reward: -200.000, Length: 200, Loss: 1.1247, Entropy: 1.0984, Epsilon: 0.010
2026-03-29 22:33:27 | INFO | Episode  412 - Reward: -200.000, Length: 200, Loss: 0.4412, Entropy: 1.0985, Epsilon: 0.010
2026-03-29 22:33:27 | INFO | Episode  413 - Reward: -200.000, Length: 200, Loss: 0.7222, Entropy: 1.0985, Epsilon: 0.010
2026-03-29 22:33:27 | INFO | Episode  414 - Reward: -200.000, Length: 200, Loss: 0.4971, Entropy: 1.0985, Epsilon: 0.010
2026-03-29 22:33:28 | INFO | Episode  415 - Reward: -200.000, Length: 200, Loss: 0.5243, Entropy: 1.0985, Epsilon: 0.010
2026-03-29 22:33:28 | INFO | Episode  416 - Reward: -200.000, Length: 200, Loss: 0.6307, Entropy: 1.0984, Epsilon: 0.010
2026-03-29 22:33:29 | INFO | Episode  417 - Reward: -200.000, Length: 200, Loss: 0.3608, Entropy: 1.0985, Epsilon: 0.010
2026-03-29 22:33:29 | INFO | Episode  418 - Reward: -200.000, Length: 200, Loss: 0.3323, Entropy: 1.0986, Epsilon: 0.010
2026-03-29 22:33:30 | INFO | Episode  419 - Reward: -200.000, Length: 200, Loss: 0.9162, Entropy: 1.0986, Epsilon: 0.010
2026-03-29 22:33:30 | INFO | Episode  420 - Reward: -200.000, Length: 200, Loss: 0.5016, Entropy: 1.0986, Epsilon: 0.010
2026-03-29 22:33:31 | INFO | Episode  421 - Reward: -200.000, Length: 200, Loss: 0.5447, Entropy: 1.0985, Epsilon: 0.010
2026-03-29 22:33:31 | INFO | Episode  422 - Reward: -200.000, Length: 200, Loss: 0.9373, Entropy: 1.0985, Epsilon: 0.010
2026-03-29 22:33:32 | INFO | Episode  423 - Reward: -200.000, Length: 200, Loss: 0.2949, Entropy: 1.0984, Epsilon: 0.010
2026-03-29 22:33:32 | INFO | Episode  424 - Reward: -200.000, Length: 200, Loss: 0.3699, Entropy: 1.0982, Epsilon: 0.010
2026-03-29 22:33:33 | INFO | Episode  425 - Reward: -200.000, Length: 200, Loss: 0.5650, Entropy: 1.0981, Epsilon: 0.010
2026-03-29 22:33:33 | INFO | Episode  426 - Reward: -200.000, Length: 200, Loss: 0.5052, Entropy: 1.0980, Epsilon: 0.010
2026-03-29 22:33:34 | INFO | Episode  427 - Reward: -200.000, Length: 200, Loss: 0.7540, Entropy: 1.0982, Epsilon: 0.010
2026-03-29 22:33:34 | INFO | Episode  428 - Reward: -200.000, Length: 200, Loss: 1.0708, Entropy: 1.0982, Epsilon: 0.010
2026-03-29 22:33:35 | INFO | Episode  429 - Reward: -200.000, Length: 200, Loss: 0.2108, Entropy: 1.0982, Epsilon: 0.010
2026-03-29 22:33:35 | INFO | Episode  430 - Reward: -200.000, Length: 200, Loss: 0.2195, Entropy: 1.0982, Epsilon: 0.010
2026-03-29 22:33:35 | INFO | Episode  431 - Reward: -200.000, Length: 200, Loss: 0.6662, Entropy: 1.0982, Epsilon: 0.010
2026-03-29 22:33:36 | INFO | Episode  432 - Reward: -200.000, Length: 200, Loss: 0.8299, Entropy: 1.0980, Epsilon: 0.010
2026-03-29 22:33:36 | INFO | Episode  433 - Reward: -200.000, Length: 200, Loss: 1.0274, Entropy: 1.0979, Epsilon: 0.010
2026-03-29 22:33:37 | INFO | Episode  434 - Reward: -200.000, Length: 200, Loss: 1.3282, Entropy: 1.0980, Epsilon: 0.010
2026-03-29 22:33:37 | INFO | Episode  435 - Reward: -200.000, Length: 200, Loss: 0.8346, Entropy: 1.0979, Epsilon: 0.010
2026-03-29 22:33:38 | INFO | Episode  436 - Reward: -200.000, Length: 200, Loss: 0.8349, Entropy: 1.0978, Epsilon: 0.010
2026-03-29 22:33:38 | INFO | Episode  437 - Reward: -200.000, Length: 200, Loss: 0.4590, Entropy: 1.0978, Epsilon: 0.010
2026-03-29 22:33:39 | INFO | Episode  438 - Reward: -200.000, Length: 200, Loss: 0.7202, Entropy: 1.0979, Epsilon: 0.010
2026-03-29 22:33:39 | INFO | Episode  439 - Reward: -200.000, Length: 200, Loss: 0.9477, Entropy: 1.0980, Epsilon: 0.010
2026-03-29 22:33:40 | INFO | Episode  440 - Reward: -200.000, Length: 200, Loss: 0.8781, Entropy: 1.0980, Epsilon: 0.010
2026-03-29 22:33:40 | INFO | Episode  441 - Reward: -200.000, Length: 200, Loss: 1.9894, Entropy: 1.0975, Epsilon: 0.010
2026-03-29 22:33:41 | INFO | Episode  442 - Reward: -200.000, Length: 200, Loss: 0.6456, Entropy: 1.0976, Epsilon: 0.010
2026-03-29 22:33:41 | INFO | Episode  443 - Reward: -200.000, Length: 200, Loss: 1.1243, Entropy: 1.0975, Epsilon: 0.010
2026-03-29 22:33:42 | INFO | Episode  444 - Reward: -200.000, Length: 200, Loss: 0.8597, Entropy: 1.0975, Epsilon: 0.010
2026-03-29 22:33:42 | INFO | Episode  445 - Reward: -200.000, Length: 200, Loss: 0.5793, Entropy: 1.0978, Epsilon: 0.010
2026-03-29 22:33:42 | INFO | Episode  446 - Reward: -200.000, Length: 200, Loss: 1.7716, Entropy: 1.0980, Epsilon: 0.010
2026-03-29 22:33:43 | INFO | Episode  447 - Reward: -200.000, Length: 200, Loss: 0.7242, Entropy: 1.0978, Epsilon: 0.010
2026-03-29 22:33:44 | INFO | Episode  448 - Reward: -200.000, Length: 200, Loss: 0.4262, Entropy: 1.0979, Epsilon: 0.010
2026-03-29 22:33:44 | INFO | Episode  449 - Reward: -200.000, Length: 200, Loss: 0.6468, Entropy: 1.0980, Epsilon: 0.010
2026-03-29 22:33:45 | INFO | Episode  450 - Reward: -200.000, Length: 200, Loss: 1.8191, Entropy: 1.0983, Epsilon: 0.010
2026-03-29 22:33:50 | INFO | [Episode  450] eps=0.010  avg_reward=-200.000  avg_length=200.00  avg_loss=  0.6956  avg_entropy=1.0983  eval_success=0.000
2026-03-29 22:33:51 | INFO | Episode  451 - Reward: -200.000, Length: 200, Loss: 1.1496, Entropy: 1.0982, Epsilon: 0.010
2026-03-29 22:33:51 | INFO | Episode  452 - Reward: -200.000, Length: 200, Loss: 0.6691, Entropy: 1.0978, Epsilon: 0.010
2026-03-29 22:33:52 | INFO | Episode  453 - Reward: -200.000, Length: 200, Loss: 0.7138, Entropy: 1.0977, Epsilon: 0.010
2026-03-29 22:33:52 | INFO | Episode  454 - Reward: -200.000, Length: 200, Loss: 0.7642, Entropy: 1.0978, Epsilon: 0.010
2026-03-29 22:33:53 | INFO | Episode  455 - Reward: -200.000, Length: 200, Loss: 0.3240, Entropy: 1.0980, Epsilon: 0.010
2026-03-29 22:33:53 | INFO | Episode  456 - Reward: -200.000, Length: 200, Loss: 0.7152, Entropy: 1.0979, Epsilon: 0.010
2026-03-29 22:33:54 | INFO | Episode  457 - Reward: -200.000, Length: 200, Loss: 0.7704, Entropy: 1.0979, Epsilon: 0.010
2026-03-29 22:33:54 | INFO | Episode  458 - Reward: -200.000, Length: 200, Loss: 1.3985, Entropy: 1.0978, Epsilon: 0.010
2026-03-29 22:33:54 | INFO | Episode  459 - Reward: -200.000, Length: 200, Loss: 0.4555, Entropy: 1.0977, Epsilon: 0.010
2026-03-29 22:33:55 | INFO | Episode  460 - Reward: -200.000, Length: 200, Loss: 1.5002, Entropy: 1.0977, Epsilon: 0.010
2026-03-29 22:33:55 | INFO | Episode  461 - Reward: -200.000, Length: 200, Loss: 0.9591, Entropy: 1.0979, Epsilon: 0.010
2026-03-29 22:33:56 | INFO | Episode  462 - Reward: -200.000, Length: 200, Loss: 0.6933, Entropy: 1.0979, Epsilon: 0.010
2026-03-29 22:33:56 | INFO | Episode  463 - Reward: -200.000, Length: 200, Loss: 1.0302, Entropy: 1.0981, Epsilon: 0.010
2026-03-29 22:33:57 | INFO | Episode  464 - Reward: -200.000, Length: 200, Loss: 1.1831, Entropy: 1.0980, Epsilon: 0.010
2026-03-29 22:33:57 | INFO | Episode  465 - Reward: -200.000, Length: 200, Loss: 1.2853, Entropy: 1.0979, Epsilon: 0.010
2026-03-29 22:33:58 | INFO | Episode  466 - Reward: -200.000, Length: 200, Loss: 1.1547, Entropy: 1.0980, Epsilon: 0.010
2026-03-29 22:33:58 | INFO | Episode  467 - Reward: -200.000, Length: 200, Loss: 1.5449, Entropy: 1.0981, Epsilon: 0.010
2026-03-29 22:33:59 | INFO | Episode  468 - Reward: -200.000, Length: 200, Loss: 1.1875, Entropy: 1.0978, Epsilon: 0.010
2026-03-29 22:33:59 | INFO | Episode  469 - Reward: -200.000, Length: 200, Loss: 0.5418, Entropy: 1.0976, Epsilon: 0.010
2026-03-29 22:33:59 | INFO | Episode  470 - Reward: -200.000, Length: 200, Loss: 0.9151, Entropy: 1.0978, Epsilon: 0.010
2026-03-29 22:34:00 | INFO | Episode  471 - Reward: -200.000, Length: 200, Loss: 1.1700, Entropy: 1.0979, Epsilon: 0.010
2026-03-29 22:34:00 | INFO | Episode  472 - Reward: -200.000, Length: 200, Loss: 1.3098, Entropy: 1.0981, Epsilon: 0.010
2026-03-29 22:34:01 | INFO | Episode  473 - Reward: -200.000, Length: 200, Loss: 0.9921, Entropy: 1.0981, Epsilon: 0.010
2026-03-29 22:34:01 | INFO | Episode  474 - Reward: -200.000, Length: 200, Loss: 0.8483, Entropy: 1.0982, Epsilon: 0.010
2026-03-29 22:34:02 | INFO | Episode  475 - Reward: -200.000, Length: 200, Loss: 0.9905, Entropy: 1.0983, Epsilon: 0.010
2026-03-29 22:34:02 | INFO | Episode  476 - Reward: -200.000, Length: 200, Loss: 1.0960, Entropy: 1.0980, Epsilon: 0.010
2026-03-29 22:34:03 | INFO | Episode  477 - Reward: -200.000, Length: 200, Loss: 0.6957, Entropy: 1.0980, Epsilon: 0.010
2026-03-29 22:34:03 | INFO | Episode  478 - Reward: -200.000, Length: 200, Loss: 0.7879, Entropy: 1.0978, Epsilon: 0.010
2026-03-29 22:34:04 | INFO | Episode  479 - Reward: -200.000, Length: 200, Loss: 0.8148, Entropy: 1.0978, Epsilon: 0.010
2026-03-29 22:34:04 | INFO | Episode  480 - Reward: -200.000, Length: 200, Loss: 1.5597, Entropy: 1.0974, Epsilon: 0.010
2026-03-29 22:34:05 | INFO | Episode  481 - Reward: -200.000, Length: 200, Loss: 0.5990, Entropy: 1.0977, Epsilon: 0.010
2026-03-29 22:34:05 | INFO | Episode  482 - Reward: -200.000, Length: 200, Loss: 0.2988, Entropy: 1.0981, Epsilon: 0.010
2026-03-29 22:34:06 | INFO | Episode  483 - Reward: -200.000, Length: 200, Loss: 1.4373, Entropy: 1.0982, Epsilon: 0.010
2026-03-29 22:34:06 | INFO | Episode  484 - Reward: -200.000, Length: 200, Loss: 1.7149, Entropy: 1.0980, Epsilon: 0.010
2026-03-29 22:34:07 | INFO | Episode  485 - Reward: -200.000, Length: 200, Loss: 0.1902, Entropy: 1.0982, Epsilon: 0.010
2026-03-29 22:34:07 | INFO | Episode  486 - Reward: -200.000, Length: 200, Loss: 0.9417, Entropy: 1.0984, Epsilon: 0.010
2026-03-29 22:34:07 | INFO | Episode  487 - Reward: -200.000, Length: 200, Loss: 0.9285, Entropy: 1.0984, Epsilon: 0.010
2026-03-29 22:34:08 | INFO | Episode  488 - Reward: -200.000, Length: 200, Loss: 1.2059, Entropy: 1.0982, Epsilon: 0.010
2026-03-29 22:34:08 | INFO | Episode  489 - Reward: -200.000, Length: 200, Loss: 2.3056, Entropy: 1.0981, Epsilon: 0.010
2026-03-29 22:34:09 | INFO | Episode  490 - Reward: -200.000, Length: 200, Loss: 2.7308, Entropy: 1.0979, Epsilon: 0.010
2026-03-29 22:34:09 | INFO | Episode  491 - Reward: -200.000, Length: 200, Loss: 0.9503, Entropy: 1.0976, Epsilon: 0.010
2026-03-29 22:34:10 | INFO | Episode  492 - Reward: -200.000, Length: 200, Loss: 0.8868, Entropy: 1.0977, Epsilon: 0.010
2026-03-29 22:34:10 | INFO | Episode  493 - Reward: -200.000, Length: 200, Loss: 1.6918, Entropy: 1.0975, Epsilon: 0.010
2026-03-29 22:34:11 | INFO | Episode  494 - Reward: -200.000, Length: 200, Loss: 1.0757, Entropy: 1.0976, Epsilon: 0.010
2026-03-29 22:34:11 | INFO | Episode  495 - Reward: -200.000, Length: 200, Loss: 1.4461, Entropy: 1.0976, Epsilon: 0.010
2026-03-29 22:34:12 | INFO | Episode  496 - Reward: -200.000, Length: 200, Loss: 0.3758, Entropy: 1.0978, Epsilon: 0.010
2026-03-29 22:34:12 | INFO | Episode  497 - Reward: -200.000, Length: 200, Loss: 1.1943, Entropy: 1.0978, Epsilon: 0.010
2026-03-29 22:34:12 | INFO | Episode  498 - Reward: -200.000, Length: 200, Loss: 0.4489, Entropy: 1.0977, Epsilon: 0.010
2026-03-29 22:34:13 | INFO | Episode  499 - Reward: -200.000, Length: 200, Loss: 0.2065, Entropy: 1.0980, Epsilon: 0.010
2026-03-29 22:34:13 | INFO | Episode  500 - Reward: -200.000, Length: 200, Loss: 2.0918, Entropy: 1.0981, Epsilon: 0.010
2026-03-29 22:34:20 | INFO | [Episode  500] eps=0.010  avg_reward=-200.000  avg_length=200.00  avg_loss=  1.0388  avg_entropy=1.0981  eval_success=0.000
2026-03-29 22:34:20 | INFO | DQN+Entropy training: 4m 37.26s
2026-03-29 22:34:42 | INFO | [Final Eval] success=0.000, mean_reward=-200.000
