2026-03-29 05:53:30 | INFO | ============================================================
2026-03-29 05:53:30 | INFO | DEVICE / COMPUTE INFORMATION
2026-03-29 05:53:30 | INFO |   JAX backend       : GPU
2026-03-29 05:53:30 | INFO |   Platform          : gpu
2026-03-29 05:53:30 | INFO |   Num devices       : 2
2026-03-29 05:53:30 | INFO |   Device            : cuda:0
2026-03-29 05:53:30 | INFO |   Device            : cuda:1
2026-03-29 05:53:30 | INFO |   GPU name          : Tesla T4
2026-03-29 05:53:30 | INFO | ============================================================
2026-03-29 05:53:30 | INFO | DQN+Entropy | seed=0, lr=0.0005, gamma=0.95, alpha=0.05
2026-03-29 05:53:30 | INFO | Env: cartpole/dense, obs_dim=4, num_actions=2
2026-03-29 05:53:33 | INFO | Episode    1 - Reward: 11.000, Length: 11, Loss: 0.0000, Entropy: 0.0000, Epsilon: 0.998
2026-03-29 05:53:36 | INFO | Episode    2 - Reward: 28.000, Length: 28, Loss: 0.0000, Entropy: 0.0000, Epsilon: 0.995
2026-03-29 05:53:38 | INFO | Episode    3 - Reward: 27.000, Length: 27, Loss: 0.0000, Entropy: 0.0000, Epsilon: 0.993
2026-03-29 05:53:40 | INFO | Episode    4 - Reward: 12.000, Length: 12, Loss: 0.0000, Entropy: 0.0000, Epsilon: 0.990
2026-03-29 05:53:42 | INFO | Episode    5 - Reward: 29.000, Length: 29, Loss: 0.0000, Entropy: 0.0000, Epsilon: 0.988
2026-03-29 05:53:44 | INFO | Episode    6 - Reward: 15.000, Length: 15, Loss: 0.0000, Entropy: 0.0000, Epsilon: 0.985
2026-03-29 05:53:46 | INFO | Episode    7 - Reward: 16.000, Length: 16, Loss: 0.0000, Entropy: 0.0000, Epsilon: 0.983
2026-03-29 05:53:48 | INFO | Episode    8 - Reward: 21.000, Length: 21, Loss: 0.0000, Entropy: 0.0000, Epsilon: 0.980
2026-03-29 05:53:50 | INFO | Episode    9 - Reward: 16.000, Length: 16, Loss: 0.0000, Entropy: 0.0000, Epsilon: 0.978
2026-03-29 05:53:53 | INFO | Episode   10 - Reward: 34.000, Length: 34, Loss: 0.0000, Entropy: 0.0000, Epsilon: 0.975
2026-03-29 05:53:55 | INFO | Episode   11 - Reward: 16.000, Length: 16, Loss: 0.0000, Entropy: 0.0000, Epsilon: 0.973
2026-03-29 05:53:57 | INFO | Episode   12 - Reward: 12.000, Length: 12, Loss: 0.0000, Entropy: 0.0000, Epsilon: 0.970
2026-03-29 05:53:59 | INFO | Episode   13 - Reward: 12.000, Length: 12, Loss: 0.0000, Entropy: 0.0000, Epsilon: 0.968
2026-03-29 05:54:04 | INFO | Episode   14 - Reward: 29.000, Length: 29, Loss: 0.9729, Entropy: 0.6931, Epsilon: 0.965
2026-03-29 05:54:06 | INFO | Episode   15 - Reward: 13.000, Length: 13, Loss: 0.9679, Entropy: 0.6931, Epsilon: 0.963
2026-03-29 05:54:08 | INFO | Episode   16 - Reward: 14.000, Length: 14, Loss: 0.9626, Entropy: 0.6931, Epsilon: 0.960
2026-03-29 05:54:10 | INFO | Episode   17 - Reward: 28.000, Length: 28, Loss: 0.9593, Entropy: 0.6931, Epsilon: 0.958
2026-03-29 05:54:12 | INFO | Episode   18 - Reward: 14.000, Length: 14, Loss: 0.9516, Entropy: 0.6931, Epsilon: 0.955
2026-03-29 05:54:14 | INFO | Episode   19 - Reward: 45.000, Length: 45, Loss: 0.9457, Entropy: 0.6931, Epsilon: 0.953
2026-03-29 05:54:16 | INFO | Episode   20 - Reward: 43.000, Length: 43, Loss: 0.9424, Entropy: 0.6931, Epsilon: 0.951
2026-03-29 05:54:18 | INFO | Episode   21 - Reward: 28.000, Length: 28, Loss: 0.9348, Entropy: 0.6931, Epsilon: 0.948
2026-03-29 05:54:20 | INFO | Episode   22 - Reward: 26.000, Length: 26, Loss: 0.9312, Entropy: 0.6931, Epsilon: 0.946
2026-03-29 05:54:23 | INFO | Episode   23 - Reward: 44.000, Length: 44, Loss: 0.9248, Entropy: 0.6931, Epsilon: 0.943
2026-03-29 05:54:25 | INFO | Episode   24 - Reward: 27.000, Length: 27, Loss: 0.9665, Entropy: 0.6931, Epsilon: 0.941
2026-03-29 05:54:27 | INFO | Episode   25 - Reward: 16.000, Length: 16, Loss: 0.9616, Entropy: 0.6931, Epsilon: 0.938
2026-03-29 05:54:29 | INFO | Episode   26 - Reward: 22.000, Length: 22, Loss: 0.9555, Entropy: 0.6931, Epsilon: 0.936
2026-03-29 05:54:31 | INFO | Episode   27 - Reward: 25.000, Length: 25, Loss: 0.9486, Entropy: 0.6931, Epsilon: 0.933
2026-03-29 05:54:33 | INFO | Episode   28 - Reward: 14.000, Length: 14, Loss: 0.9459, Entropy: 0.6931, Epsilon: 0.931
2026-03-29 05:54:35 | INFO | Episode   29 - Reward: 27.000, Length: 27, Loss: 0.9406, Entropy: 0.6931, Epsilon: 0.928
2026-03-29 05:54:37 | INFO | Episode   30 - Reward: 8.000, Length: 8, Loss: 0.9340, Entropy: 0.6931, Epsilon: 0.926
2026-03-29 05:54:39 | INFO | Episode   31 - Reward: 37.000, Length: 37, Loss: 0.9307, Entropy: 0.6931, Epsilon: 0.923
2026-03-29 05:54:41 | INFO | Episode   32 - Reward: 14.000, Length: 14, Loss: 0.9211, Entropy: 0.6931, Epsilon: 0.921
2026-03-29 05:54:43 | INFO | Episode   33 - Reward: 36.000, Length: 36, Loss: 0.9189, Entropy: 0.6931, Epsilon: 0.918
2026-03-29 05:54:45 | INFO | Episode   34 - Reward: 14.000, Length: 14, Loss: 0.9137, Entropy: 0.6931, Epsilon: 0.916
2026-03-29 05:54:48 | INFO | Episode   35 - Reward: 16.000, Length: 16, Loss: 0.9097, Entropy: 0.6931, Epsilon: 0.913
2026-03-29 05:54:50 | INFO | Episode   36 - Reward: 14.000, Length: 14, Loss: 0.9012, Entropy: 0.6931, Epsilon: 0.911
2026-03-29 05:54:52 | INFO | Episode   37 - Reward: 17.000, Length: 17, Loss: 0.8981, Entropy: 0.6931, Epsilon: 0.908
2026-03-29 05:54:54 | INFO | Episode   38 - Reward: 12.000, Length: 12, Loss: 0.8938, Entropy: 0.6931, Epsilon: 0.906
2026-03-29 05:54:56 | INFO | Episode   39 - Reward: 31.000, Length: 31, Loss: 0.8868, Entropy: 0.6931, Epsilon: 0.903
2026-03-29 05:54:58 | INFO | Episode   40 - Reward: 26.000, Length: 26, Loss: 0.8810, Entropy: 0.6931, Epsilon: 0.901
2026-03-29 05:55:00 | INFO | Episode   41 - Reward: 13.000, Length: 13, Loss: 0.8769, Entropy: 0.6931, Epsilon: 0.899
2026-03-29 05:55:03 | INFO | Episode   42 - Reward: 13.000, Length: 13, Loss: 0.8708, Entropy: 0.6931, Epsilon: 0.896
2026-03-29 05:55:05 | INFO | Episode   43 - Reward: 22.000, Length: 22, Loss: 0.8640, Entropy: 0.6931, Epsilon: 0.894
2026-03-29 05:55:07 | INFO | Episode   44 - Reward: 27.000, Length: 27, Loss: 0.8610, Entropy: 0.6931, Epsilon: 0.891
2026-03-29 05:55:09 | INFO | Episode   45 - Reward: 16.000, Length: 16, Loss: 0.8551, Entropy: 0.6931, Epsilon: 0.889
2026-03-29 05:55:11 | INFO | Episode   46 - Reward: 25.000, Length: 25, Loss: 0.8513, Entropy: 0.6931, Epsilon: 0.886
2026-03-29 05:55:13 | INFO | Episode   47 - Reward: 36.000, Length: 36, Loss: 0.9563, Entropy: 0.6931, Epsilon: 0.884
2026-03-29 05:55:15 | INFO | Episode   48 - Reward: 40.000, Length: 40, Loss: 0.9487, Entropy: 0.6931, Epsilon: 0.881
2026-03-29 05:55:17 | INFO | Episode   49 - Reward: 11.000, Length: 11, Loss: 0.9455, Entropy: 0.6931, Epsilon: 0.879
2026-03-29 05:55:19 | INFO | Episode   50 - Reward: 15.000, Length: 15, Loss: 0.9385, Entropy: 0.6931, Epsilon: 0.876
2026-03-29 05:55:27 | INFO | [Episode   50] eps=0.876  avg_reward=  22.140  avg_length= 22.14  avg_loss=  0.6834  avg_entropy=0.6931  eval_success=0.000
2026-03-29 05:55:30 | INFO | Episode   51 - Reward: 16.000, Length: 16, Loss: 0.9313, Entropy: 0.6931, Epsilon: 0.874
2026-03-29 05:55:32 | INFO | Episode   52 - Reward: 16.000, Length: 16, Loss: 0.9270, Entropy: 0.6931, Epsilon: 0.871
2026-03-29 05:55:34 | INFO | Episode   53 - Reward: 39.000, Length: 39, Loss: 0.9186, Entropy: 0.6931, Epsilon: 0.869
2026-03-29 05:55:36 | INFO | Episode   54 - Reward: 12.000, Length: 12, Loss: 0.9154, Entropy: 0.6931, Epsilon: 0.866
2026-03-29 05:55:38 | INFO | Episode   55 - Reward: 15.000, Length: 15, Loss: 0.9084, Entropy: 0.6931, Epsilon: 0.864
2026-03-29 05:55:40 | INFO | Episode   56 - Reward: 66.000, Length: 66, Loss: 0.9046, Entropy: 0.6931, Epsilon: 0.861
2026-03-29 05:55:42 | INFO | Episode   57 - Reward: 42.000, Length: 42, Loss: 0.9010, Entropy: 0.6931, Epsilon: 0.859
2026-03-29 05:55:45 | INFO | Episode   58 - Reward: 14.000, Length: 14, Loss: 0.8958, Entropy: 0.6931, Epsilon: 0.856
2026-03-29 05:55:47 | INFO | Episode   59 - Reward: 15.000, Length: 15, Loss: 0.8915, Entropy: 0.6931, Epsilon: 0.854
2026-03-29 05:55:49 | INFO | Episode   60 - Reward: 27.000, Length: 27, Loss: 0.8866, Entropy: 0.6931, Epsilon: 0.852
2026-03-29 05:55:51 | INFO | Episode   61 - Reward: 13.000, Length: 13, Loss: 0.8806, Entropy: 0.6931, Epsilon: 0.849
2026-03-29 05:55:53 | INFO | Episode   62 - Reward: 20.000, Length: 20, Loss: 0.8752, Entropy: 0.6931, Epsilon: 0.847
2026-03-29 05:55:56 | INFO | Episode   63 - Reward: 21.000, Length: 21, Loss: 0.8684, Entropy: 0.6931, Epsilon: 0.844
2026-03-29 05:55:58 | INFO | Episode   64 - Reward: 9.000, Length: 9, Loss: 0.8617, Entropy: 0.6931, Epsilon: 0.842
2026-03-29 05:56:00 | INFO | Episode   65 - Reward: 34.000, Length: 34, Loss: 0.8614, Entropy: 0.6931, Epsilon: 0.839
2026-03-29 05:56:02 | INFO | Episode   66 - Reward: 16.000, Length: 16, Loss: 0.8523, Entropy: 0.6931, Epsilon: 0.837
2026-03-29 05:56:04 | INFO | Episode   67 - Reward: 12.000, Length: 12, Loss: 0.8467, Entropy: 0.6931, Epsilon: 0.834
2026-03-29 05:56:07 | INFO | Episode   68 - Reward: 16.000, Length: 16, Loss: 0.8410, Entropy: 0.6931, Epsilon: 0.832
2026-03-29 05:56:09 | INFO | Episode   69 - Reward: 16.000, Length: 16, Loss: 0.9512, Entropy: 0.6931, Epsilon: 0.829
2026-03-29 05:56:11 | INFO | Episode   70 - Reward: 20.000, Length: 20, Loss: 0.9384, Entropy: 0.6931, Epsilon: 0.827
2026-03-29 05:56:13 | INFO | Episode   71 - Reward: 12.000, Length: 12, Loss: 0.9360, Entropy: 0.6931, Epsilon: 0.824
2026-03-29 05:56:15 | INFO | Episode   72 - Reward: 13.000, Length: 13, Loss: 0.9339, Entropy: 0.6931, Epsilon: 0.822
2026-03-29 05:56:17 | INFO | Episode   73 - Reward: 15.000, Length: 15, Loss: 0.9238, Entropy: 0.6931, Epsilon: 0.819
2026-03-29 05:56:19 | INFO | Episode   74 - Reward: 29.000, Length: 29, Loss: 0.9194, Entropy: 0.6931, Epsilon: 0.817
2026-03-29 05:56:21 | INFO | Episode   75 - Reward: 17.000, Length: 17, Loss: 0.9197, Entropy: 0.6931, Epsilon: 0.814
2026-03-29 05:56:24 | INFO | Episode   76 - Reward: 18.000, Length: 18, Loss: 0.9055, Entropy: 0.6931, Epsilon: 0.812
2026-03-29 05:56:26 | INFO | Episode   77 - Reward: 17.000, Length: 17, Loss: 0.9033, Entropy: 0.6931, Epsilon: 0.809
2026-03-29 05:56:28 | INFO | Episode   78 - Reward: 11.000, Length: 11, Loss: 0.8942, Entropy: 0.6931, Epsilon: 0.807
2026-03-29 05:56:30 | INFO | Episode   79 - Reward: 16.000, Length: 16, Loss: 0.8893, Entropy: 0.6931, Epsilon: 0.804
2026-03-29 05:56:32 | INFO | Episode   80 - Reward: 10.000, Length: 10, Loss: 0.8850, Entropy: 0.6931, Epsilon: 0.802
2026-03-29 05:56:34 | INFO | Episode   81 - Reward: 12.000, Length: 12, Loss: 0.8766, Entropy: 0.6931, Epsilon: 0.800
2026-03-29 05:56:36 | INFO | Episode   82 - Reward: 31.000, Length: 31, Loss: 0.8760, Entropy: 0.6931, Epsilon: 0.797
2026-03-29 05:56:39 | INFO | Episode   83 - Reward: 30.000, Length: 30, Loss: 0.8654, Entropy: 0.6931, Epsilon: 0.795
2026-03-29 05:56:41 | INFO | Episode   84 - Reward: 26.000, Length: 26, Loss: 0.8634, Entropy: 0.6931, Epsilon: 0.792
2026-03-29 05:56:43 | INFO | Episode   85 - Reward: 17.000, Length: 17, Loss: 0.8510, Entropy: 0.6931, Epsilon: 0.790
2026-03-29 05:56:45 | INFO | Episode   86 - Reward: 10.000, Length: 10, Loss: 0.8478, Entropy: 0.6931, Epsilon: 0.787
2026-03-29 05:56:47 | INFO | Episode   87 - Reward: 14.000, Length: 14, Loss: 0.8406, Entropy: 0.6931, Epsilon: 0.785
2026-03-29 05:56:50 | INFO | Episode   88 - Reward: 26.000, Length: 26, Loss: 0.8383, Entropy: 0.6931, Epsilon: 0.782
2026-03-29 05:56:52 | INFO | Episode   89 - Reward: 10.000, Length: 10, Loss: 0.8387, Entropy: 0.6931, Epsilon: 0.780
2026-03-29 05:56:54 | INFO | Episode   90 - Reward: 29.000, Length: 29, Loss: 0.8277, Entropy: 0.6930, Epsilon: 0.777
2026-03-29 05:56:56 | INFO | Episode   91 - Reward: 12.000, Length: 12, Loss: 0.8265, Entropy: 0.6930, Epsilon: 0.775
2026-03-29 05:56:58 | INFO | Episode   92 - Reward: 11.000, Length: 11, Loss: 0.8152, Entropy: 0.6930, Epsilon: 0.772
2026-03-29 05:57:00 | INFO | Episode   93 - Reward: 36.000, Length: 36, Loss: 0.8076, Entropy: 0.6930, Epsilon: 0.770
2026-03-29 05:57:02 | INFO | Episode   94 - Reward: 32.000, Length: 32, Loss: 0.8093, Entropy: 0.6930, Epsilon: 0.767
2026-03-29 05:57:04 | INFO | Episode   95 - Reward: 18.000, Length: 18, Loss: 0.9458, Entropy: 0.6930, Epsilon: 0.765
2026-03-29 05:57:06 | INFO | Episode   96 - Reward: 44.000, Length: 44, Loss: 0.9400, Entropy: 0.6930, Epsilon: 0.762
2026-03-29 05:57:08 | INFO | Episode   97 - Reward: 26.000, Length: 26, Loss: 0.9301, Entropy: 0.6930, Epsilon: 0.760
2026-03-29 05:57:10 | INFO | Episode   98 - Reward: 21.000, Length: 21, Loss: 0.9282, Entropy: 0.6930, Epsilon: 0.757
2026-03-29 05:57:13 | INFO | Episode   99 - Reward: 36.000, Length: 36, Loss: 0.9227, Entropy: 0.6930, Epsilon: 0.755
2026-03-29 05:57:15 | INFO | Episode  100 - Reward: 14.000, Length: 14, Loss: 0.9139, Entropy: 0.6930, Epsilon: 0.752
2026-03-29 05:57:18 | INFO | [Episode  100] eps=0.752  avg_reward=  21.040  avg_length= 21.04  avg_loss=  0.8866  avg_entropy=0.6930  eval_success=0.000
2026-03-29 05:57:21 | INFO | Episode  101 - Reward: 11.000, Length: 11, Loss: 0.9066, Entropy: 0.6930, Epsilon: 0.750
2026-03-29 05:57:23 | INFO | Episode  102 - Reward: 10.000, Length: 10, Loss: 0.9080, Entropy: 0.6930, Epsilon: 0.748
2026-03-29 05:57:25 | INFO | Episode  103 - Reward: 20.000, Length: 20, Loss: 0.8868, Entropy: 0.6930, Epsilon: 0.745
2026-03-29 05:57:28 | INFO | Episode  104 - Reward: 19.000, Length: 19, Loss: 0.8935, Entropy: 0.6930, Epsilon: 0.743
2026-03-29 05:57:30 | INFO | Episode  105 - Reward: 21.000, Length: 21, Loss: 0.8838, Entropy: 0.6930, Epsilon: 0.740
2026-03-29 05:57:32 | INFO | Episode  106 - Reward: 14.000, Length: 14, Loss: 0.8763, Entropy: 0.6930, Epsilon: 0.738
2026-03-29 05:57:34 | INFO | Episode  107 - Reward: 17.000, Length: 17, Loss: 0.8723, Entropy: 0.6930, Epsilon: 0.735
2026-03-29 05:57:36 | INFO | Episode  108 - Reward: 18.000, Length: 18, Loss: 0.8699, Entropy: 0.6930, Epsilon: 0.733
2026-03-29 05:57:39 | INFO | Episode  109 - Reward: 9.000, Length: 9, Loss: 0.8577, Entropy: 0.6929, Epsilon: 0.730
2026-03-29 05:57:41 | INFO | Episode  110 - Reward: 11.000, Length: 11, Loss: 0.8581, Entropy: 0.6929, Epsilon: 0.728
2026-03-29 05:57:43 | INFO | Episode  111 - Reward: 14.000, Length: 14, Loss: 0.8488, Entropy: 0.6929, Epsilon: 0.725
2026-03-29 05:57:45 | INFO | Episode  112 - Reward: 15.000, Length: 15, Loss: 0.8401, Entropy: 0.6929, Epsilon: 0.723
2026-03-29 05:57:47 | INFO | Episode  113 - Reward: 12.000, Length: 12, Loss: 0.8333, Entropy: 0.6929, Epsilon: 0.720
2026-03-29 05:57:49 | INFO | Episode  114 - Reward: 65.000, Length: 65, Loss: 0.8264, Entropy: 0.6929, Epsilon: 0.718
2026-03-29 05:57:51 | INFO | Episode  115 - Reward: 10.000, Length: 10, Loss: 0.8218, Entropy: 0.6929, Epsilon: 0.715
2026-03-29 05:57:54 | INFO | Episode  116 - Reward: 17.000, Length: 17, Loss: 0.8180, Entropy: 0.6929, Epsilon: 0.713
2026-03-29 05:57:56 | INFO | Episode  117 - Reward: 14.000, Length: 14, Loss: 0.8096, Entropy: 0.6929, Epsilon: 0.710
2026-03-29 05:57:58 | INFO | Episode  118 - Reward: 13.000, Length: 13, Loss: 0.8054, Entropy: 0.6929, Epsilon: 0.708
2026-03-29 05:58:00 | INFO | Episode  119 - Reward: 16.000, Length: 16, Loss: 0.7999, Entropy: 0.6929, Epsilon: 0.705
2026-03-29 05:58:02 | INFO | Episode  120 - Reward: 12.000, Length: 12, Loss: 0.7921, Entropy: 0.6928, Epsilon: 0.703
2026-03-29 05:58:04 | INFO | Episode  121 - Reward: 16.000, Length: 16, Loss: 0.7891, Entropy: 0.6928, Epsilon: 0.701
2026-03-29 05:58:07 | INFO | Episode  122 - Reward: 29.000, Length: 29, Loss: 0.9457, Entropy: 0.6928, Epsilon: 0.698
2026-03-29 05:58:09 | INFO | Episode  123 - Reward: 22.000, Length: 22, Loss: 0.9430, Entropy: 0.6928, Epsilon: 0.696
2026-03-29 05:58:11 | INFO | Episode  124 - Reward: 12.000, Length: 12, Loss: 0.9364, Entropy: 0.6928, Epsilon: 0.693
2026-03-29 05:58:13 | INFO | Episode  125 - Reward: 13.000, Length: 13, Loss: 0.9308, Entropy: 0.6928, Epsilon: 0.691
2026-03-29 05:58:15 | INFO | Episode  126 - Reward: 17.000, Length: 17, Loss: 0.9158, Entropy: 0.6928, Epsilon: 0.688
2026-03-29 05:58:17 | INFO | Episode  127 - Reward: 20.000, Length: 20, Loss: 0.9118, Entropy: 0.6928, Epsilon: 0.686
2026-03-29 05:58:19 | INFO | Episode  128 - Reward: 12.000, Length: 12, Loss: 0.9037, Entropy: 0.6928, Epsilon: 0.683
2026-03-29 05:58:21 | INFO | Episode  129 - Reward: 18.000, Length: 18, Loss: 0.8915, Entropy: 0.6928, Epsilon: 0.681
2026-03-29 05:58:23 | INFO | Episode  130 - Reward: 17.000, Length: 17, Loss: 0.9021, Entropy: 0.6928, Epsilon: 0.678
2026-03-29 05:58:25 | INFO | Episode  131 - Reward: 19.000, Length: 19, Loss: 0.8884, Entropy: 0.6927, Epsilon: 0.676
2026-03-29 05:58:28 | INFO | Episode  132 - Reward: 12.000, Length: 12, Loss: 0.8833, Entropy: 0.6927, Epsilon: 0.673
2026-03-29 05:58:30 | INFO | Episode  133 - Reward: 14.000, Length: 14, Loss: 0.8757, Entropy: 0.6927, Epsilon: 0.671
2026-03-29 05:58:32 | INFO | Episode  134 - Reward: 19.000, Length: 19, Loss: 0.8695, Entropy: 0.6927, Epsilon: 0.668
2026-03-29 05:58:34 | INFO | Episode  135 - Reward: 11.000, Length: 11, Loss: 0.8696, Entropy: 0.6927, Epsilon: 0.666
2026-03-29 05:58:36 | INFO | Episode  136 - Reward: 22.000, Length: 22, Loss: 0.8641, Entropy: 0.6927, Epsilon: 0.663
2026-03-29 05:58:38 | INFO | Episode  137 - Reward: 9.000, Length: 9, Loss: 0.8499, Entropy: 0.6926, Epsilon: 0.661
2026-03-29 05:58:40 | INFO | Episode  138 - Reward: 15.000, Length: 15, Loss: 0.8418, Entropy: 0.6926, Epsilon: 0.658
2026-03-29 05:58:43 | INFO | Episode  139 - Reward: 10.000, Length: 10, Loss: 0.8296, Entropy: 0.6926, Epsilon: 0.656
2026-03-29 05:58:45 | INFO | Episode  140 - Reward: 13.000, Length: 13, Loss: 0.8290, Entropy: 0.6926, Epsilon: 0.653
2026-03-29 05:58:47 | INFO | Episode  141 - Reward: 22.000, Length: 22, Loss: 0.8229, Entropy: 0.6926, Epsilon: 0.651
2026-03-29 05:58:49 | INFO | Episode  142 - Reward: 11.000, Length: 11, Loss: 0.8158, Entropy: 0.6926, Epsilon: 0.649
2026-03-29 05:58:51 | INFO | Episode  143 - Reward: 13.000, Length: 13, Loss: 0.8131, Entropy: 0.6926, Epsilon: 0.646
2026-03-29 05:58:53 | INFO | Episode  144 - Reward: 21.000, Length: 21, Loss: 0.8069, Entropy: 0.6925, Epsilon: 0.644
2026-03-29 05:58:55 | INFO | Episode  145 - Reward: 15.000, Length: 15, Loss: 0.8047, Entropy: 0.6925, Epsilon: 0.641
2026-03-29 05:58:58 | INFO | Episode  146 - Reward: 16.000, Length: 16, Loss: 0.7845, Entropy: 0.6925, Epsilon: 0.639
2026-03-29 05:59:00 | INFO | Episode  147 - Reward: 41.000, Length: 41, Loss: 0.7875, Entropy: 0.6925, Epsilon: 0.636
2026-03-29 05:59:02 | INFO | Episode  148 - Reward: 10.000, Length: 10, Loss: 0.7724, Entropy: 0.6925, Epsilon: 0.634
2026-03-29 05:59:04 | INFO | Episode  149 - Reward: 10.000, Length: 10, Loss: 0.7751, Entropy: 0.6925, Epsilon: 0.631
2026-03-29 05:59:06 | INFO | Episode  150 - Reward: 12.000, Length: 12, Loss: 0.7615, Entropy: 0.6924, Epsilon: 0.629
2026-03-29 05:59:10 | INFO | [Episode  150] eps=0.629  avg_reward=  16.580  avg_length= 16.58  avg_loss=  0.8525  avg_entropy=0.6924  eval_success=0.000
2026-03-29 05:59:12 | INFO | Episode  151 - Reward: 20.000, Length: 20, Loss: 0.7602, Entropy: 0.6924, Epsilon: 0.626
2026-03-29 05:59:14 | INFO | Episode  152 - Reward: 14.000, Length: 14, Loss: 0.9521, Entropy: 0.6924, Epsilon: 0.624
2026-03-29 05:59:17 | INFO | Episode  153 - Reward: 15.000, Length: 15, Loss: 0.9434, Entropy: 0.6924, Epsilon: 0.621
2026-03-29 05:59:20 | INFO | Episode  154 - Reward: 18.000, Length: 18, Loss: 0.9310, Entropy: 0.6923, Epsilon: 0.619
2026-03-29 05:59:22 | INFO | Episode  155 - Reward: 9.000, Length: 9, Loss: 0.9291, Entropy: 0.6923, Epsilon: 0.616
2026-03-29 05:59:24 | INFO | Episode  156 - Reward: 10.000, Length: 10, Loss: 0.9213, Entropy: 0.6923, Epsilon: 0.614
2026-03-29 05:59:26 | INFO | Episode  157 - Reward: 16.000, Length: 16, Loss: 0.9172, Entropy: 0.6923, Epsilon: 0.611
2026-03-29 05:59:29 | INFO | Episode  158 - Reward: 28.000, Length: 28, Loss: 0.9081, Entropy: 0.6923, Epsilon: 0.609
2026-03-29 05:59:31 | INFO | Episode  159 - Reward: 9.000, Length: 9, Loss: 0.8974, Entropy: 0.6923, Epsilon: 0.606
2026-03-29 05:59:33 | INFO | Episode  160 - Reward: 17.000, Length: 17, Loss: 0.8867, Entropy: 0.6922, Epsilon: 0.604
2026-03-29 05:59:35 | INFO | Episode  161 - Reward: 28.000, Length: 28, Loss: 0.8811, Entropy: 0.6922, Epsilon: 0.602
2026-03-29 05:59:37 | INFO | Episode  162 - Reward: 32.000, Length: 32, Loss: 0.8762, Entropy: 0.6921, Epsilon: 0.599
2026-03-29 05:59:39 | INFO | Episode  163 - Reward: 14.000, Length: 14, Loss: 0.8772, Entropy: 0.6921, Epsilon: 0.597
2026-03-29 05:59:41 | INFO | Episode  164 - Reward: 20.000, Length: 20, Loss: 0.8692, Entropy: 0.6921, Epsilon: 0.594
2026-03-29 05:59:43 | INFO | Episode  165 - Reward: 14.000, Length: 14, Loss: 0.8669, Entropy: 0.6921, Epsilon: 0.592
2026-03-29 05:59:45 | INFO | Episode  166 - Reward: 10.000, Length: 10, Loss: 0.8502, Entropy: 0.6921, Epsilon: 0.589
2026-03-29 05:59:47 | INFO | Episode  167 - Reward: 12.000, Length: 12, Loss: 0.8312, Entropy: 0.6920, Epsilon: 0.587
2026-03-29 05:59:50 | INFO | Episode  168 - Reward: 10.000, Length: 10, Loss: 0.8341, Entropy: 0.6920, Epsilon: 0.584
2026-03-29 05:59:52 | INFO | Episode  169 - Reward: 11.000, Length: 11, Loss: 0.8303, Entropy: 0.6920, Epsilon: 0.582
2026-03-29 05:59:54 | INFO | Episode  170 - Reward: 9.000, Length: 9, Loss: 0.8281, Entropy: 0.6919, Epsilon: 0.579
2026-03-29 05:59:56 | INFO | Episode  171 - Reward: 12.000, Length: 12, Loss: 0.8217, Entropy: 0.6919, Epsilon: 0.577
2026-03-29 05:59:58 | INFO | Episode  172 - Reward: 11.000, Length: 11, Loss: 0.8104, Entropy: 0.6919, Epsilon: 0.574
2026-03-29 06:00:00 | INFO | Episode  173 - Reward: 11.000, Length: 11, Loss: 0.7984, Entropy: 0.6918, Epsilon: 0.572
2026-03-29 06:00:02 | INFO | Episode  174 - Reward: 12.000, Length: 12, Loss: 0.7836, Entropy: 0.6918, Epsilon: 0.569
2026-03-29 06:00:04 | INFO | Episode  175 - Reward: 13.000, Length: 13, Loss: 0.7746, Entropy: 0.6918, Epsilon: 0.567
2026-03-29 06:00:06 | INFO | Episode  176 - Reward: 14.000, Length: 14, Loss: 0.7798, Entropy: 0.6918, Epsilon: 0.564
2026-03-29 06:00:08 | INFO | Episode  177 - Reward: 16.000, Length: 16, Loss: 0.7702, Entropy: 0.6917, Epsilon: 0.562
2026-03-29 06:00:11 | INFO | Episode  178 - Reward: 19.000, Length: 19, Loss: 0.7680, Entropy: 0.6917, Epsilon: 0.559
2026-03-29 06:00:13 | INFO | Episode  179 - Reward: 12.000, Length: 12, Loss: 0.7662, Entropy: 0.6917, Epsilon: 0.557
2026-03-29 06:00:15 | INFO | Episode  180 - Reward: 10.000, Length: 10, Loss: 0.7469, Entropy: 0.6917, Epsilon: 0.554
2026-03-29 06:00:17 | INFO | Episode  181 - Reward: 11.000, Length: 11, Loss: 0.7527, Entropy: 0.6916, Epsilon: 0.552
2026-03-29 06:00:19 | INFO | Episode  182 - Reward: 22.000, Length: 22, Loss: 0.7358, Entropy: 0.6916, Epsilon: 0.550
2026-03-29 06:00:21 | INFO | Episode  183 - Reward: 11.000, Length: 11, Loss: 0.7424, Entropy: 0.6916, Epsilon: 0.547
2026-03-29 06:00:24 | INFO | Episode  184 - Reward: 11.000, Length: 11, Loss: 0.7288, Entropy: 0.6915, Epsilon: 0.545
2026-03-29 06:00:26 | INFO | Episode  185 - Reward: 11.000, Length: 11, Loss: 0.7206, Entropy: 0.6915, Epsilon: 0.542
2026-03-29 06:00:28 | INFO | Episode  186 - Reward: 12.000, Length: 12, Loss: 0.9586, Entropy: 0.6915, Epsilon: 0.540
2026-03-29 06:00:30 | INFO | Episode  187 - Reward: 13.000, Length: 13, Loss: 0.9487, Entropy: 0.6914, Epsilon: 0.537
2026-03-29 06:00:32 | INFO | Episode  188 - Reward: 29.000, Length: 29, Loss: 0.9444, Entropy: 0.6914, Epsilon: 0.535
2026-03-29 06:00:34 | INFO | Episode  189 - Reward: 12.000, Length: 12, Loss: 0.9450, Entropy: 0.6914, Epsilon: 0.532
2026-03-29 06:00:36 | INFO | Episode  190 - Reward: 13.000, Length: 13, Loss: 0.9277, Entropy: 0.6913, Epsilon: 0.530
2026-03-29 06:00:38 | INFO | Episode  191 - Reward: 9.000, Length: 9, Loss: 0.9238, Entropy: 0.6913, Epsilon: 0.527
2026-03-29 06:00:40 | INFO | Episode  192 - Reward: 10.000, Length: 10, Loss: 0.9246, Entropy: 0.6912, Epsilon: 0.525
2026-03-29 06:00:42 | INFO | Episode  193 - Reward: 13.000, Length: 13, Loss: 0.9169, Entropy: 0.6912, Epsilon: 0.522
2026-03-29 06:00:45 | INFO | Episode  194 - Reward: 12.000, Length: 12, Loss: 0.8819, Entropy: 0.6911, Epsilon: 0.520
2026-03-29 06:00:47 | INFO | Episode  195 - Reward: 8.000, Length: 8, Loss: 0.8869, Entropy: 0.6911, Epsilon: 0.517
2026-03-29 06:00:49 | INFO | Episode  196 - Reward: 10.000, Length: 10, Loss: 0.8823, Entropy: 0.6910, Epsilon: 0.515
2026-03-29 06:00:51 | INFO | Episode  197 - Reward: 12.000, Length: 12, Loss: 0.8614, Entropy: 0.6910, Epsilon: 0.512
2026-03-29 06:00:53 | INFO | Episode  198 - Reward: 13.000, Length: 13, Loss: 0.8636, Entropy: 0.6909, Epsilon: 0.510
2026-03-29 06:00:56 | INFO | Episode  199 - Reward: 10.000, Length: 10, Loss: 0.8616, Entropy: 0.6910, Epsilon: 0.507
2026-03-29 06:00:58 | INFO | Episode  200 - Reward: 15.000, Length: 15, Loss: 0.8409, Entropy: 0.6908, Epsilon: 0.505
2026-03-29 06:01:02 | INFO | [Episode  200] eps=0.505  avg_reward=  14.060  avg_length= 14.06  avg_loss=  0.8532  avg_entropy=0.6908  eval_success=0.000
2026-03-29 06:01:04 | INFO | Episode  201 - Reward: 11.000, Length: 11, Loss: 0.8390, Entropy: 0.6909, Epsilon: 0.503
2026-03-29 06:01:06 | INFO | Episode  202 - Reward: 20.000, Length: 20, Loss: 0.8418, Entropy: 0.6909, Epsilon: 0.500
2026-03-29 06:01:08 | INFO | Episode  203 - Reward: 16.000, Length: 16, Loss: 0.8350, Entropy: 0.6908, Epsilon: 0.498
2026-03-29 06:01:10 | INFO | Episode  204 - Reward: 16.000, Length: 16, Loss: 0.8170, Entropy: 0.6907, Epsilon: 0.495
2026-03-29 06:01:12 | INFO | Episode  205 - Reward: 13.000, Length: 13, Loss: 0.8162, Entropy: 0.6907, Epsilon: 0.493
2026-03-29 06:01:15 | INFO | Episode  206 - Reward: 9.000, Length: 9, Loss: 0.7998, Entropy: 0.6906, Epsilon: 0.490
2026-03-29 06:01:17 | INFO | Episode  207 - Reward: 12.000, Length: 12, Loss: 0.7931, Entropy: 0.6906, Epsilon: 0.488
2026-03-29 06:01:19 | INFO | Episode  208 - Reward: 26.000, Length: 26, Loss: 0.7840, Entropy: 0.6905, Epsilon: 0.485
2026-03-29 06:01:21 | INFO | Episode  209 - Reward: 13.000, Length: 13, Loss: 0.7809, Entropy: 0.6905, Epsilon: 0.483
2026-03-29 06:01:23 | INFO | Episode  210 - Reward: 15.000, Length: 15, Loss: 0.7706, Entropy: 0.6904, Epsilon: 0.480
2026-03-29 06:01:25 | INFO | Episode  211 - Reward: 10.000, Length: 10, Loss: 0.7669, Entropy: 0.6903, Epsilon: 0.478
2026-03-29 06:01:28 | INFO | Episode  212 - Reward: 15.000, Length: 15, Loss: 0.7520, Entropy: 0.6903, Epsilon: 0.475
2026-03-29 06:01:30 | INFO | Episode  213 - Reward: 17.000, Length: 17, Loss: 0.7468, Entropy: 0.6902, Epsilon: 0.473
2026-03-29 06:01:32 | INFO | Episode  214 - Reward: 17.000, Length: 17, Loss: 0.7283, Entropy: 0.6902, Epsilon: 0.470
2026-03-29 06:01:34 | INFO | Episode  215 - Reward: 9.000, Length: 9, Loss: 0.7296, Entropy: 0.6902, Epsilon: 0.468
2026-03-29 06:01:36 | INFO | Episode  216 - Reward: 16.000, Length: 16, Loss: 0.7337, Entropy: 0.6902, Epsilon: 0.465
2026-03-29 06:01:38 | INFO | Episode  217 - Reward: 11.000, Length: 11, Loss: 0.7153, Entropy: 0.6900, Epsilon: 0.463
2026-03-29 06:01:40 | INFO | Episode  218 - Reward: 10.000, Length: 10, Loss: 0.6971, Entropy: 0.6900, Epsilon: 0.460
2026-03-29 06:01:43 | INFO | Episode  219 - Reward: 13.000, Length: 13, Loss: 0.6956, Entropy: 0.6899, Epsilon: 0.458
2026-03-29 06:01:44 | INFO | Episode  220 - Reward: 16.000, Length: 16, Loss: 0.6956, Entropy: 0.6899, Epsilon: 0.456
2026-03-29 06:01:47 | INFO | Episode  221 - Reward: 13.000, Length: 13, Loss: 0.6962, Entropy: 0.6898, Epsilon: 0.453
2026-03-29 06:01:49 | INFO | Episode  222 - Reward: 9.000, Length: 9, Loss: 0.6809, Entropy: 0.6897, Epsilon: 0.451
2026-03-29 06:01:51 | INFO | Episode  223 - Reward: 18.000, Length: 18, Loss: 0.6827, Entropy: 0.6898, Epsilon: 0.448
2026-03-29 06:01:53 | INFO | Episode  224 - Reward: 17.000, Length: 17, Loss: 0.9796, Entropy: 0.6897, Epsilon: 0.446
2026-03-29 06:01:55 | INFO | Episode  225 - Reward: 13.000, Length: 13, Loss: 0.9685, Entropy: 0.6896, Epsilon: 0.443
2026-03-29 06:01:57 | INFO | Episode  226 - Reward: 16.000, Length: 16, Loss: 0.9618, Entropy: 0.6894, Epsilon: 0.441
2026-03-29 06:01:59 | INFO | Episode  227 - Reward: 12.000, Length: 12, Loss: 0.9555, Entropy: 0.6895, Epsilon: 0.438
2026-03-29 06:02:01 | INFO | Episode  228 - Reward: 10.000, Length: 10, Loss: 0.9305, Entropy: 0.6893, Epsilon: 0.436
2026-03-29 06:02:03 | INFO | Episode  229 - Reward: 12.000, Length: 12, Loss: 0.9409, Entropy: 0.6893, Epsilon: 0.433
2026-03-29 06:02:05 | INFO | Episode  230 - Reward: 11.000, Length: 11, Loss: 0.9228, Entropy: 0.6891, Epsilon: 0.431
2026-03-29 06:02:07 | INFO | Episode  231 - Reward: 9.000, Length: 9, Loss: 0.9172, Entropy: 0.6890, Epsilon: 0.428
2026-03-29 06:02:10 | INFO | Episode  232 - Reward: 11.000, Length: 11, Loss: 0.8994, Entropy: 0.6890, Epsilon: 0.426
2026-03-29 06:02:12 | INFO | Episode  233 - Reward: 8.000, Length: 8, Loss: 0.9059, Entropy: 0.6891, Epsilon: 0.423
2026-03-29 06:02:14 | INFO | Episode  234 - Reward: 9.000, Length: 9, Loss: 0.8860, Entropy: 0.6888, Epsilon: 0.421
2026-03-29 06:02:16 | INFO | Episode  235 - Reward: 12.000, Length: 12, Loss: 0.8614, Entropy: 0.6887, Epsilon: 0.418
2026-03-29 06:02:18 | INFO | Episode  236 - Reward: 10.000, Length: 10, Loss: 0.8503, Entropy: 0.6887, Epsilon: 0.416
2026-03-29 06:02:20 | INFO | Episode  237 - Reward: 13.000, Length: 13, Loss: 0.8502, Entropy: 0.6886, Epsilon: 0.413
2026-03-29 06:02:23 | INFO | Episode  238 - Reward: 11.000, Length: 11, Loss: 0.8499, Entropy: 0.6885, Epsilon: 0.411
2026-03-29 06:02:25 | INFO | Episode  239 - Reward: 11.000, Length: 11, Loss: 0.8408, Entropy: 0.6885, Epsilon: 0.408
2026-03-29 06:02:27 | INFO | Episode  240 - Reward: 12.000, Length: 12, Loss: 0.8262, Entropy: 0.6883, Epsilon: 0.406
2026-03-29 06:02:30 | INFO | Episode  241 - Reward: 12.000, Length: 12, Loss: 0.8087, Entropy: 0.6882, Epsilon: 0.404
2026-03-29 06:02:32 | INFO | Episode  242 - Reward: 11.000, Length: 11, Loss: 0.8191, Entropy: 0.6881, Epsilon: 0.401
2026-03-29 06:02:34 | INFO | Episode  243 - Reward: 14.000, Length: 14, Loss: 0.7980, Entropy: 0.6881, Epsilon: 0.399
2026-03-29 06:02:36 | INFO | Episode  244 - Reward: 15.000, Length: 15, Loss: 0.8034, Entropy: 0.6880, Epsilon: 0.396
2026-03-29 06:02:38 | INFO | Episode  245 - Reward: 22.000, Length: 22, Loss: 0.7871, Entropy: 0.6880, Epsilon: 0.394
2026-03-29 06:02:40 | INFO | Episode  246 - Reward: 11.000, Length: 11, Loss: 0.7731, Entropy: 0.6878, Epsilon: 0.391
2026-03-29 06:02:42 | INFO | Episode  247 - Reward: 17.000, Length: 17, Loss: 0.7761, Entropy: 0.6877, Epsilon: 0.389
2026-03-29 06:02:45 | INFO | Episode  248 - Reward: 14.000, Length: 14, Loss: 0.7643, Entropy: 0.6877, Epsilon: 0.386
2026-03-29 06:02:47 | INFO | Episode  249 - Reward: 13.000, Length: 13, Loss: 0.7542, Entropy: 0.6877, Epsilon: 0.384
2026-03-29 06:02:49 | INFO | Episode  250 - Reward: 10.000, Length: 10, Loss: 0.7404, Entropy: 0.6874, Epsilon: 0.381
2026-03-29 06:02:52 | INFO | [Episode  250] eps=0.381  avg_reward=  13.220  avg_length= 13.22  avg_loss=  0.8114  avg_entropy=0.6874  eval_success=0.000
2026-03-29 06:02:55 | INFO | Episode  251 - Reward: 9.000, Length: 9, Loss: 0.7407, Entropy: 0.6874, Epsilon: 0.379
2026-03-29 06:02:57 | INFO | Episode  252 - Reward: 13.000, Length: 13, Loss: 0.7214, Entropy: 0.6874, Epsilon: 0.376
2026-03-29 06:02:59 | INFO | Episode  253 - Reward: 16.000, Length: 16, Loss: 0.7262, Entropy: 0.6873, Epsilon: 0.374
2026-03-29 06:03:01 | INFO | Episode  254 - Reward: 19.000, Length: 19, Loss: 0.7040, Entropy: 0.6870, Epsilon: 0.371
2026-03-29 06:03:03 | INFO | Episode  255 - Reward: 11.000, Length: 11, Loss: 0.7141, Entropy: 0.6871, Epsilon: 0.369
2026-03-29 06:03:06 | INFO | Episode  256 - Reward: 11.000, Length: 11, Loss: 0.6887, Entropy: 0.6869, Epsilon: 0.366
2026-03-29 06:03:08 | INFO | Episode  257 - Reward: 11.000, Length: 11, Loss: 0.6871, Entropy: 0.6870, Epsilon: 0.364
2026-03-29 06:03:10 | INFO | Episode  258 - Reward: 14.000, Length: 14, Loss: 0.6754, Entropy: 0.6868, Epsilon: 0.361
2026-03-29 06:03:12 | INFO | Episode  259 - Reward: 17.000, Length: 17, Loss: 0.6693, Entropy: 0.6868, Epsilon: 0.359
2026-03-29 06:03:14 | INFO | Episode  260 - Reward: 20.000, Length: 20, Loss: 0.6554, Entropy: 0.6865, Epsilon: 0.357
2026-03-29 06:03:16 | INFO | Episode  261 - Reward: 18.000, Length: 18, Loss: 0.6605, Entropy: 0.6867, Epsilon: 0.354
2026-03-29 06:03:18 | INFO | Episode  262 - Reward: 11.000, Length: 11, Loss: 1.0066, Entropy: 0.6864, Epsilon: 0.352
2026-03-29 06:03:21 | INFO | Episode  263 - Reward: 11.000, Length: 11, Loss: 1.0268, Entropy: 0.6866, Epsilon: 0.349
2026-03-29 06:03:23 | INFO | Episode  264 - Reward: 13.000, Length: 13, Loss: 0.9899, Entropy: 0.6861, Epsilon: 0.347
2026-03-29 06:03:25 | INFO | Episode  265 - Reward: 10.000, Length: 10, Loss: 0.9700, Entropy: 0.6862, Epsilon: 0.344
2026-03-29 06:03:27 | INFO | Episode  266 - Reward: 24.000, Length: 24, Loss: 0.9609, Entropy: 0.6858, Epsilon: 0.342
2026-03-29 06:03:29 | INFO | Episode  267 - Reward: 11.000, Length: 11, Loss: 0.9555, Entropy: 0.6860, Epsilon: 0.339
2026-03-29 06:03:31 | INFO | Episode  268 - Reward: 13.000, Length: 13, Loss: 0.9318, Entropy: 0.6857, Epsilon: 0.337
2026-03-29 06:03:33 | INFO | Episode  269 - Reward: 18.000, Length: 18, Loss: 0.9318, Entropy: 0.6856, Epsilon: 0.334
2026-03-29 06:03:35 | INFO | Episode  270 - Reward: 13.000, Length: 13, Loss: 0.9192, Entropy: 0.6855, Epsilon: 0.332
2026-03-29 06:03:37 | INFO | Episode  271 - Reward: 10.000, Length: 10, Loss: 0.9080, Entropy: 0.6854, Epsilon: 0.329
2026-03-29 06:03:40 | INFO | Episode  272 - Reward: 9.000, Length: 9, Loss: 0.9080, Entropy: 0.6849, Epsilon: 0.327
2026-03-29 06:03:42 | INFO | Episode  273 - Reward: 10.000, Length: 10, Loss: 0.8873, Entropy: 0.6852, Epsilon: 0.324
2026-03-29 06:03:44 | INFO | Episode  274 - Reward: 15.000, Length: 15, Loss: 0.8692, Entropy: 0.6848, Epsilon: 0.322
2026-03-29 06:03:46 | INFO | Episode  275 - Reward: 11.000, Length: 11, Loss: 0.8577, Entropy: 0.6847, Epsilon: 0.319
2026-03-29 06:03:48 | INFO | Episode  276 - Reward: 13.000, Length: 13, Loss: 0.8500, Entropy: 0.6845, Epsilon: 0.317
2026-03-29 06:03:51 | INFO | Episode  277 - Reward: 14.000, Length: 14, Loss: 0.8479, Entropy: 0.6845, Epsilon: 0.314
2026-03-29 06:03:53 | INFO | Episode  278 - Reward: 10.000, Length: 10, Loss: 0.8369, Entropy: 0.6843, Epsilon: 0.312
2026-03-29 06:03:55 | INFO | Episode  279 - Reward: 10.000, Length: 10, Loss: 0.8270, Entropy: 0.6845, Epsilon: 0.309
2026-03-29 06:03:58 | INFO | Episode  280 - Reward: 10.000, Length: 10, Loss: 0.8042, Entropy: 0.6843, Epsilon: 0.307
2026-03-29 06:04:00 | INFO | Episode  281 - Reward: 12.000, Length: 12, Loss: 0.7961, Entropy: 0.6836, Epsilon: 0.305
2026-03-29 06:04:02 | INFO | Episode  282 - Reward: 9.000, Length: 9, Loss: 0.7979, Entropy: 0.6839, Epsilon: 0.302
2026-03-29 06:04:04 | INFO | Episode  283 - Reward: 10.000, Length: 10, Loss: 0.7844, Entropy: 0.6836, Epsilon: 0.300
2026-03-29 06:04:06 | INFO | Episode  284 - Reward: 13.000, Length: 13, Loss: 0.7763, Entropy: 0.6833, Epsilon: 0.297
2026-03-29 06:04:08 | INFO | Episode  285 - Reward: 11.000, Length: 11, Loss: 0.7694, Entropy: 0.6832, Epsilon: 0.295
2026-03-29 06:04:10 | INFO | Episode  286 - Reward: 17.000, Length: 17, Loss: 0.7531, Entropy: 0.6832, Epsilon: 0.292
2026-03-29 06:04:13 | INFO | Episode  287 - Reward: 13.000, Length: 13, Loss: 0.7483, Entropy: 0.6828, Epsilon: 0.290
2026-03-29 06:04:15 | INFO | Episode  288 - Reward: 11.000, Length: 11, Loss: 0.7345, Entropy: 0.6830, Epsilon: 0.287
2026-03-29 06:04:17 | INFO | Episode  289 - Reward: 12.000, Length: 12, Loss: 0.7214, Entropy: 0.6828, Epsilon: 0.285
2026-03-29 06:04:19 | INFO | Episode  290 - Reward: 13.000, Length: 13, Loss: 0.7138, Entropy: 0.6828, Epsilon: 0.282
2026-03-29 06:04:21 | INFO | Episode  291 - Reward: 14.000, Length: 14, Loss: 0.7043, Entropy: 0.6822, Epsilon: 0.280
2026-03-29 06:04:24 | INFO | Episode  292 - Reward: 13.000, Length: 13, Loss: 0.7015, Entropy: 0.6823, Epsilon: 0.277
2026-03-29 06:04:26 | INFO | Episode  293 - Reward: 10.000, Length: 10, Loss: 0.6859, Entropy: 0.6823, Epsilon: 0.275
2026-03-29 06:04:28 | INFO | Episode  294 - Reward: 11.000, Length: 11, Loss: 0.6709, Entropy: 0.6820, Epsilon: 0.272
2026-03-29 06:04:30 | INFO | Episode  295 - Reward: 12.000, Length: 12, Loss: 0.6750, Entropy: 0.6823, Epsilon: 0.270
2026-03-29 06:04:33 | INFO | Episode  296 - Reward: 10.000, Length: 10, Loss: 0.6675, Entropy: 0.6819, Epsilon: 0.267
2026-03-29 06:04:35 | INFO | Episode  297 - Reward: 8.000, Length: 8, Loss: 0.6685, Entropy: 0.6819, Epsilon: 0.265
2026-03-29 06:04:37 | INFO | Episode  298 - Reward: 15.000, Length: 15, Loss: 0.6512, Entropy: 0.6814, Epsilon: 0.262
2026-03-29 06:04:39 | INFO | Episode  299 - Reward: 14.000, Length: 14, Loss: 0.6417, Entropy: 0.6815, Epsilon: 0.260
2026-03-29 06:04:42 | INFO | Episode  300 - Reward: 12.000, Length: 12, Loss: 0.6326, Entropy: 0.6814, Epsilon: 0.258
2026-03-29 06:04:45 | INFO | [Episode  300] eps=0.258  avg_reward=  12.700  avg_length= 12.70  avg_loss=  0.7845  avg_entropy=0.6814  eval_success=0.000
2026-03-29 06:04:48 | INFO | Episode  301 - Reward: 11.000, Length: 11, Loss: 0.6332, Entropy: 0.6813, Epsilon: 0.255
2026-03-29 06:04:50 | INFO | Episode  302 - Reward: 12.000, Length: 12, Loss: 0.6188, Entropy: 0.6811, Epsilon: 0.253
2026-03-29 06:04:52 | INFO | Episode  303 - Reward: 9.000, Length: 9, Loss: 1.0660, Entropy: 0.6809, Epsilon: 0.250
2026-03-29 06:04:54 | INFO | Episode  304 - Reward: 12.000, Length: 12, Loss: 1.0554, Entropy: 0.6806, Epsilon: 0.248
2026-03-29 06:04:57 | INFO | Episode  305 - Reward: 10.000, Length: 10, Loss: 1.0473, Entropy: 0.6806, Epsilon: 0.245
2026-03-29 06:04:59 | INFO | Episode  306 - Reward: 11.000, Length: 11, Loss: 1.0216, Entropy: 0.6801, Epsilon: 0.243
2026-03-29 06:05:01 | INFO | Episode  307 - Reward: 11.000, Length: 11, Loss: 0.9947, Entropy: 0.6800, Epsilon: 0.240
2026-03-29 06:05:03 | INFO | Episode  308 - Reward: 10.000, Length: 10, Loss: 1.0013, Entropy: 0.6799, Epsilon: 0.238
2026-03-29 06:05:05 | INFO | Episode  309 - Reward: 8.000, Length: 8, Loss: 0.9859, Entropy: 0.6793, Epsilon: 0.235
2026-03-29 06:05:07 | INFO | Episode  310 - Reward: 10.000, Length: 10, Loss: 0.9691, Entropy: 0.6797, Epsilon: 0.233
2026-03-29 06:05:09 | INFO | Episode  311 - Reward: 9.000, Length: 9, Loss: 0.9608, Entropy: 0.6790, Epsilon: 0.230
2026-03-29 06:05:11 | INFO | Episode  312 - Reward: 9.000, Length: 9, Loss: 0.9354, Entropy: 0.6794, Epsilon: 0.228
2026-03-29 06:05:13 | INFO | Episode  313 - Reward: 15.000, Length: 15, Loss: 0.9387, Entropy: 0.6786, Epsilon: 0.225
2026-03-29 06:05:16 | INFO | Episode  314 - Reward: 11.000, Length: 11, Loss: 0.9178, Entropy: 0.6784, Epsilon: 0.223
2026-03-29 06:05:18 | INFO | Episode  315 - Reward: 13.000, Length: 13, Loss: 0.9067, Entropy: 0.6782, Epsilon: 0.220
2026-03-29 06:05:20 | INFO | Episode  316 - Reward: 10.000, Length: 10, Loss: 0.8912, Entropy: 0.6778, Epsilon: 0.218
2026-03-29 06:05:22 | INFO | Episode  317 - Reward: 12.000, Length: 12, Loss: 0.8802, Entropy: 0.6778, Epsilon: 0.215
2026-03-29 06:05:24 | INFO | Episode  318 - Reward: 13.000, Length: 13, Loss: 0.8646, Entropy: 0.6775, Epsilon: 0.213
2026-03-29 06:05:27 | INFO | Episode  319 - Reward: 13.000, Length: 13, Loss: 0.8581, Entropy: 0.6775, Epsilon: 0.210
2026-03-29 06:05:29 | INFO | Episode  320 - Reward: 10.000, Length: 10, Loss: 0.8462, Entropy: 0.6766, Epsilon: 0.208
2026-03-29 06:05:31 | INFO | Episode  321 - Reward: 8.000, Length: 8, Loss: 0.8158, Entropy: 0.6767, Epsilon: 0.206
2026-03-29 06:05:33 | INFO | Episode  322 - Reward: 9.000, Length: 9, Loss: 0.8051, Entropy: 0.6766, Epsilon: 0.203
2026-03-29 06:05:35 | INFO | Episode  323 - Reward: 9.000, Length: 9, Loss: 0.8182, Entropy: 0.6761, Epsilon: 0.201
2026-03-29 06:05:37 | INFO | Episode  324 - Reward: 9.000, Length: 9, Loss: 0.7913, Entropy: 0.6762, Epsilon: 0.198
2026-03-29 06:05:39 | INFO | Episode  325 - Reward: 9.000, Length: 9, Loss: 0.7914, Entropy: 0.6759, Epsilon: 0.196
2026-03-29 06:05:41 | INFO | Episode  326 - Reward: 9.000, Length: 9, Loss: 0.7735, Entropy: 0.6756, Epsilon: 0.193
2026-03-29 06:05:43 | INFO | Episode  327 - Reward: 11.000, Length: 11, Loss: 0.7641, Entropy: 0.6746, Epsilon: 0.191
2026-03-29 06:05:46 | INFO | Episode  328 - Reward: 8.000, Length: 8, Loss: 0.7552, Entropy: 0.6749, Epsilon: 0.188
2026-03-29 06:05:48 | INFO | Episode  329 - Reward: 11.000, Length: 11, Loss: 0.7341, Entropy: 0.6750, Epsilon: 0.186
2026-03-29 06:05:50 | INFO | Episode  330 - Reward: 9.000, Length: 9, Loss: 0.7465, Entropy: 0.6746, Epsilon: 0.183
2026-03-29 06:05:52 | INFO | Episode  331 - Reward: 10.000, Length: 10, Loss: 0.7234, Entropy: 0.6748, Epsilon: 0.181
2026-03-29 06:05:54 | INFO | Episode  332 - Reward: 14.000, Length: 14, Loss: 0.6990, Entropy: 0.6743, Epsilon: 0.178
2026-03-29 06:05:57 | INFO | Episode  333 - Reward: 8.000, Length: 8, Loss: 0.7192, Entropy: 0.6738, Epsilon: 0.176
2026-03-29 06:05:59 | INFO | Episode  334 - Reward: 13.000, Length: 13, Loss: 0.6887, Entropy: 0.6744, Epsilon: 0.173
2026-03-29 06:06:01 | INFO | Episode  335 - Reward: 12.000, Length: 12, Loss: 0.6700, Entropy: 0.6733, Epsilon: 0.171
2026-03-29 06:06:03 | INFO | Episode  336 - Reward: 10.000, Length: 10, Loss: 0.6772, Entropy: 0.6729, Epsilon: 0.168
2026-03-29 06:06:05 | INFO | Episode  337 - Reward: 10.000, Length: 10, Loss: 0.6656, Entropy: 0.6729, Epsilon: 0.166
2026-03-29 06:06:08 | INFO | Episode  338 - Reward: 8.000, Length: 8, Loss: 0.6538, Entropy: 0.6726, Epsilon: 0.163
2026-03-29 06:06:10 | INFO | Episode  339 - Reward: 8.000, Length: 8, Loss: 0.6399, Entropy: 0.6731, Epsilon: 0.161
2026-03-29 06:06:12 | INFO | Episode  340 - Reward: 10.000, Length: 10, Loss: 0.6351, Entropy: 0.6729, Epsilon: 0.158
2026-03-29 06:06:14 | INFO | Episode  341 - Reward: 8.000, Length: 8, Loss: 0.6241, Entropy: 0.6721, Epsilon: 0.156
2026-03-29 06:06:16 | INFO | Episode  342 - Reward: 14.000, Length: 14, Loss: 0.6111, Entropy: 0.6720, Epsilon: 0.154
2026-03-29 06:06:18 | INFO | Episode  343 - Reward: 10.000, Length: 10, Loss: 0.6152, Entropy: 0.6721, Epsilon: 0.151
2026-03-29 06:06:20 | INFO | Episode  344 - Reward: 9.000, Length: 9, Loss: 0.6087, Entropy: 0.6718, Epsilon: 0.149
2026-03-29 06:06:23 | INFO | Episode  345 - Reward: 9.000, Length: 9, Loss: 0.5973, Entropy: 0.6718, Epsilon: 0.146
2026-03-29 06:06:25 | INFO | Episode  346 - Reward: 10.000, Length: 10, Loss: 0.5951, Entropy: 0.6720, Epsilon: 0.144
2026-03-29 06:06:27 | INFO | Episode  347 - Reward: 13.000, Length: 13, Loss: 0.5746, Entropy: 0.6715, Epsilon: 0.141
2026-03-29 06:06:29 | INFO | Episode  348 - Reward: 12.000, Length: 12, Loss: 0.5820, Entropy: 0.6707, Epsilon: 0.139
2026-03-29 06:06:31 | INFO | Episode  349 - Reward: 9.000, Length: 9, Loss: 0.5576, Entropy: 0.6709, Epsilon: 0.136
2026-03-29 06:06:34 | INFO | Episode  350 - Reward: 10.000, Length: 10, Loss: 0.5807, Entropy: 0.6708, Epsilon: 0.134
2026-03-29 06:06:37 | INFO | [Episode  350] eps=0.134  avg_reward=  10.360  avg_length= 10.36  avg_loss=  0.7781  avg_entropy=0.6708  eval_success=0.000
2026-03-29 06:06:40 | INFO | Episode  351 - Reward: 10.000, Length: 10, Loss: 1.1700, Entropy: 0.6709, Epsilon: 0.131
2026-03-29 06:06:42 | INFO | Episode  352 - Reward: 9.000, Length: 9, Loss: 1.1701, Entropy: 0.6695, Epsilon: 0.129
2026-03-29 06:06:44 | INFO | Episode  353 - Reward: 10.000, Length: 10, Loss: 1.1471, Entropy: 0.6698, Epsilon: 0.126
2026-03-29 06:06:46 | INFO | Episode  354 - Reward: 10.000, Length: 10, Loss: 1.1149, Entropy: 0.6687, Epsilon: 0.124
2026-03-29 06:06:49 | INFO | Episode  355 - Reward: 9.000, Length: 9, Loss: 1.1079, Entropy: 0.6687, Epsilon: 0.121
2026-03-29 06:06:51 | INFO | Episode  356 - Reward: 11.000, Length: 11, Loss: 1.0914, Entropy: 0.6683, Epsilon: 0.119
2026-03-29 06:06:53 | INFO | Episode  357 - Reward: 9.000, Length: 9, Loss: 1.0725, Entropy: 0.6675, Epsilon: 0.116
2026-03-29 06:06:55 | INFO | Episode  358 - Reward: 9.000, Length: 9, Loss: 1.0540, Entropy: 0.6675, Epsilon: 0.114
2026-03-29 06:06:57 | INFO | Episode  359 - Reward: 10.000, Length: 10, Loss: 1.0203, Entropy: 0.6669, Epsilon: 0.111
2026-03-29 06:07:00 | INFO | Episode  360 - Reward: 9.000, Length: 9, Loss: 0.9882, Entropy: 0.6666, Epsilon: 0.109
2026-03-29 06:07:02 | INFO | Episode  361 - Reward: 9.000, Length: 9, Loss: 1.0055, Entropy: 0.6663, Epsilon: 0.107
2026-03-29 06:07:04 | INFO | Episode  362 - Reward: 8.000, Length: 8, Loss: 1.0038, Entropy: 0.6656, Epsilon: 0.104
2026-03-29 06:07:06 | INFO | Episode  363 - Reward: 10.000, Length: 10, Loss: 0.9785, Entropy: 0.6645, Epsilon: 0.102
2026-03-29 06:07:08 | INFO | Episode  364 - Reward: 10.000, Length: 10, Loss: 0.9912, Entropy: 0.6642, Epsilon: 0.099
2026-03-29 06:07:10 | INFO | Episode  365 - Reward: 10.000, Length: 10, Loss: 0.9469, Entropy: 0.6650, Epsilon: 0.097
2026-03-29 06:07:13 | INFO | Episode  366 - Reward: 10.000, Length: 10, Loss: 0.9311, Entropy: 0.6642, Epsilon: 0.094
2026-03-29 06:07:15 | INFO | Episode  367 - Reward: 9.000, Length: 9, Loss: 0.9289, Entropy: 0.6635, Epsilon: 0.092
2026-03-29 06:07:17 | INFO | Episode  368 - Reward: 10.000, Length: 10, Loss: 0.8844, Entropy: 0.6626, Epsilon: 0.089
2026-03-29 06:07:19 | INFO | Episode  369 - Reward: 8.000, Length: 8, Loss: 0.9244, Entropy: 0.6625, Epsilon: 0.087
2026-03-29 06:07:21 | INFO | Episode  370 - Reward: 10.000, Length: 10, Loss: 0.9010, Entropy: 0.6622, Epsilon: 0.084
2026-03-29 06:07:23 | INFO | Episode  371 - Reward: 10.000, Length: 10, Loss: 0.8814, Entropy: 0.6632, Epsilon: 0.082
2026-03-29 06:07:26 | INFO | Episode  372 - Reward: 9.000, Length: 9, Loss: 0.8450, Entropy: 0.6617, Epsilon: 0.079
2026-03-29 06:07:27 | INFO | Episode  373 - Reward: 9.000, Length: 9, Loss: 0.8350, Entropy: 0.6614, Epsilon: 0.077
2026-03-29 06:07:30 | INFO | Episode  374 - Reward: 10.000, Length: 10, Loss: 0.8165, Entropy: 0.6610, Epsilon: 0.074
2026-03-29 06:07:32 | INFO | Episode  375 - Reward: 10.000, Length: 10, Loss: 0.8472, Entropy: 0.6605, Epsilon: 0.072
2026-03-29 06:07:34 | INFO | Episode  376 - Reward: 9.000, Length: 9, Loss: 0.7729, Entropy: 0.6604, Epsilon: 0.069
2026-03-29 06:07:36 | INFO | Episode  377 - Reward: 9.000, Length: 9, Loss: 0.8107, Entropy: 0.6594, Epsilon: 0.067
2026-03-29 06:07:38 | INFO | Episode  378 - Reward: 12.000, Length: 12, Loss: 0.7694, Entropy: 0.6601, Epsilon: 0.064
2026-03-29 06:07:41 | INFO | Episode  379 - Reward: 12.000, Length: 12, Loss: 0.7554, Entropy: 0.6601, Epsilon: 0.062
2026-03-29 06:07:43 | INFO | Episode  380 - Reward: 10.000, Length: 10, Loss: 0.7624, Entropy: 0.6596, Epsilon: 0.059
2026-03-29 06:07:45 | INFO | Episode  381 - Reward: 10.000, Length: 10, Loss: 0.7723, Entropy: 0.6587, Epsilon: 0.057
2026-03-29 06:07:47 | INFO | Episode  382 - Reward: 8.000, Length: 8, Loss: 0.7756, Entropy: 0.6584, Epsilon: 0.055
2026-03-29 06:07:49 | INFO | Episode  383 - Reward: 10.000, Length: 10, Loss: 0.7576, Entropy: 0.6601, Epsilon: 0.052
2026-03-29 06:07:51 | INFO | Episode  384 - Reward: 9.000, Length: 9, Loss: 0.7736, Entropy: 0.6584, Epsilon: 0.050
2026-03-29 06:07:53 | INFO | Episode  385 - Reward: 9.000, Length: 9, Loss: 0.7383, Entropy: 0.6582, Epsilon: 0.047
2026-03-29 06:07:55 | INFO | Episode  386 - Reward: 9.000, Length: 9, Loss: 0.7122, Entropy: 0.6572, Epsilon: 0.045
2026-03-29 06:07:57 | INFO | Episode  387 - Reward: 11.000, Length: 11, Loss: 0.6927, Entropy: 0.6566, Epsilon: 0.042
2026-03-29 06:08:00 | INFO | Episode  388 - Reward: 9.000, Length: 9, Loss: 0.7682, Entropy: 0.6561, Epsilon: 0.040
2026-03-29 06:08:02 | INFO | Episode  389 - Reward: 8.000, Length: 8, Loss: 0.7442, Entropy: 0.6576, Epsilon: 0.037
2026-03-29 06:08:04 | INFO | Episode  390 - Reward: 10.000, Length: 10, Loss: 0.6859, Entropy: 0.6570, Epsilon: 0.035
2026-03-29 06:08:06 | INFO | Episode  391 - Reward: 9.000, Length: 9, Loss: 0.7379, Entropy: 0.6565, Epsilon: 0.032
2026-03-29 06:08:08 | INFO | Episode  392 - Reward: 10.000, Length: 10, Loss: 0.6910, Entropy: 0.6572, Epsilon: 0.030
2026-03-29 06:08:10 | INFO | Episode  393 - Reward: 11.000, Length: 11, Loss: 0.6932, Entropy: 0.6562, Epsilon: 0.027
2026-03-29 06:08:12 | INFO | Episode  394 - Reward: 9.000, Length: 9, Loss: 0.6998, Entropy: 0.6561, Epsilon: 0.025
2026-03-29 06:08:14 | INFO | Episode  395 - Reward: 9.000, Length: 9, Loss: 0.6199, Entropy: 0.6564, Epsilon: 0.022
2026-03-29 06:08:17 | INFO | Episode  396 - Reward: 10.000, Length: 10, Loss: 0.6702, Entropy: 0.6561, Epsilon: 0.020
2026-03-29 06:08:19 | INFO | Episode  397 - Reward: 11.000, Length: 11, Loss: 0.6882, Entropy: 0.6555, Epsilon: 0.017
2026-03-29 06:08:21 | INFO | Episode  398 - Reward: 8.000, Length: 8, Loss: 0.5979, Entropy: 0.6576, Epsilon: 0.015
2026-03-29 06:08:23 | INFO | Episode  399 - Reward: 11.000, Length: 11, Loss: 0.6388, Entropy: 0.6566, Epsilon: 0.012
2026-03-29 06:08:25 | INFO | Episode  400 - Reward: 10.000, Length: 10, Loss: 0.6564, Entropy: 0.6558, Epsilon: 0.010
2026-03-29 06:08:29 | INFO | [Episode  400] eps=0.010  avg_reward=   9.620  avg_length=  9.62  avg_loss=  0.8528  avg_entropy=0.6558  eval_success=0.000
2026-03-29 06:08:31 | INFO | Episode  401 - Reward: 12.000, Length: 12, Loss: 0.5983, Entropy: 0.6559, Epsilon: 0.010
2026-03-29 06:08:33 | INFO | Episode  402 - Reward: 8.000, Length: 8, Loss: 0.6076, Entropy: 0.6558, Epsilon: 0.010
2026-03-29 06:08:35 | INFO | Episode  403 - Reward: 10.000, Length: 10, Loss: 1.4017, Entropy: 0.6551, Epsilon: 0.010
2026-03-29 06:08:38 | INFO | Episode  404 - Reward: 10.000, Length: 10, Loss: 1.3070, Entropy: 0.6551, Epsilon: 0.010
2026-03-29 06:08:40 | INFO | Episode  405 - Reward: 9.000, Length: 9, Loss: 1.3315, Entropy: 0.6530, Epsilon: 0.010
2026-03-29 06:08:42 | INFO | Episode  406 - Reward: 10.000, Length: 10, Loss: 1.2835, Entropy: 0.6529, Epsilon: 0.010
2026-03-29 06:08:45 | INFO | Episode  407 - Reward: 9.000, Length: 9, Loss: 1.2590, Entropy: 0.6528, Epsilon: 0.010
2026-03-29 06:08:47 | INFO | Episode  408 - Reward: 9.000, Length: 9, Loss: 1.2923, Entropy: 0.6512, Epsilon: 0.010
2026-03-29 06:08:48 | INFO | Episode  409 - Reward: 8.000, Length: 8, Loss: 1.2622, Entropy: 0.6505, Epsilon: 0.010
2026-03-29 06:08:51 | INFO | Episode  410 - Reward: 10.000, Length: 10, Loss: 1.2718, Entropy: 0.6495, Epsilon: 0.010
2026-03-29 06:08:53 | INFO | Episode  411 - Reward: 10.000, Length: 10, Loss: 1.2171, Entropy: 0.6504, Epsilon: 0.010
2026-03-29 06:08:55 | INFO | Episode  412 - Reward: 9.000, Length: 9, Loss: 1.1609, Entropy: 0.6508, Epsilon: 0.010
2026-03-29 06:08:57 | INFO | Episode  413 - Reward: 10.000, Length: 10, Loss: 1.2319, Entropy: 0.6484, Epsilon: 0.010
2026-03-29 06:08:59 | INFO | Episode  414 - Reward: 9.000, Length: 9, Loss: 1.1342, Entropy: 0.6495, Epsilon: 0.010
2026-03-29 06:09:01 | INFO | Episode  415 - Reward: 9.000, Length: 9, Loss: 1.1449, Entropy: 0.6482, Epsilon: 0.010
2026-03-29 06:09:04 | INFO | Episode  416 - Reward: 10.000, Length: 10, Loss: 1.1009, Entropy: 0.6474, Epsilon: 0.010
2026-03-29 06:09:06 | INFO | Episode  417 - Reward: 9.000, Length: 9, Loss: 1.1131, Entropy: 0.6456, Epsilon: 0.010
2026-03-29 06:09:09 | INFO | Episode  418 - Reward: 10.000, Length: 10, Loss: 1.1150, Entropy: 0.6470, Epsilon: 0.010
2026-03-29 06:09:11 | INFO | Episode  419 - Reward: 9.000, Length: 9, Loss: 1.1032, Entropy: 0.6459, Epsilon: 0.010
2026-03-29 06:09:13 | INFO | Episode  420 - Reward: 10.000, Length: 10, Loss: 1.0938, Entropy: 0.6458, Epsilon: 0.010
2026-03-29 06:09:15 | INFO | Episode  421 - Reward: 9.000, Length: 9, Loss: 1.0701, Entropy: 0.6448, Epsilon: 0.010
2026-03-29 06:09:17 | INFO | Episode  422 - Reward: 9.000, Length: 9, Loss: 1.0914, Entropy: 0.6431, Epsilon: 0.010
2026-03-29 06:09:19 | INFO | Episode  423 - Reward: 9.000, Length: 9, Loss: 1.0729, Entropy: 0.6431, Epsilon: 0.010
2026-03-29 06:09:21 | INFO | Episode  424 - Reward: 11.000, Length: 11, Loss: 1.0536, Entropy: 0.6430, Epsilon: 0.010
2026-03-29 06:09:23 | INFO | Episode  425 - Reward: 10.000, Length: 10, Loss: 1.0560, Entropy: 0.6428, Epsilon: 0.010
2026-03-29 06:09:26 | INFO | Episode  426 - Reward: 9.000, Length: 9, Loss: 1.0223, Entropy: 0.6430, Epsilon: 0.010
2026-03-29 06:09:28 | INFO | Episode  427 - Reward: 9.000, Length: 9, Loss: 1.0328, Entropy: 0.6432, Epsilon: 0.010
2026-03-29 06:09:30 | INFO | Episode  428 - Reward: 10.000, Length: 10, Loss: 0.9262, Entropy: 0.6424, Epsilon: 0.010
2026-03-29 06:09:32 | INFO | Episode  429 - Reward: 9.000, Length: 9, Loss: 0.9364, Entropy: 0.6417, Epsilon: 0.010
2026-03-29 06:09:34 | INFO | Episode  430 - Reward: 9.000, Length: 9, Loss: 0.9228, Entropy: 0.6414, Epsilon: 0.010
2026-03-29 06:09:36 | INFO | Episode  431 - Reward: 10.000, Length: 10, Loss: 0.9290, Entropy: 0.6429, Epsilon: 0.010
2026-03-29 06:09:38 | INFO | Episode  432 - Reward: 9.000, Length: 9, Loss: 0.9828, Entropy: 0.6420, Epsilon: 0.010
2026-03-29 06:09:40 | INFO | Episode  433 - Reward: 10.000, Length: 10, Loss: 1.0093, Entropy: 0.6411, Epsilon: 0.010
2026-03-29 06:09:42 | INFO | Episode  434 - Reward: 9.000, Length: 9, Loss: 0.8933, Entropy: 0.6405, Epsilon: 0.010
2026-03-29 06:09:45 | INFO | Episode  435 - Reward: 10.000, Length: 10, Loss: 0.9368, Entropy: 0.6403, Epsilon: 0.010
2026-03-29 06:09:47 | INFO | Episode  436 - Reward: 9.000, Length: 9, Loss: 0.9146, Entropy: 0.6415, Epsilon: 0.010
2026-03-29 06:09:49 | INFO | Episode  437 - Reward: 9.000, Length: 9, Loss: 0.8610, Entropy: 0.6406, Epsilon: 0.010
2026-03-29 06:09:51 | INFO | Episode  438 - Reward: 10.000, Length: 10, Loss: 0.9803, Entropy: 0.6395, Epsilon: 0.010
2026-03-29 06:09:53 | INFO | Episode  439 - Reward: 10.000, Length: 10, Loss: 0.9648, Entropy: 0.6401, Epsilon: 0.010
2026-03-29 06:09:55 | INFO | Episode  440 - Reward: 9.000, Length: 9, Loss: 0.8500, Entropy: 0.6408, Epsilon: 0.010
2026-03-29 06:09:58 | INFO | Episode  441 - Reward: 10.000, Length: 10, Loss: 0.8715, Entropy: 0.6397, Epsilon: 0.010
2026-03-29 06:10:00 | INFO | Episode  442 - Reward: 8.000, Length: 8, Loss: 0.9004, Entropy: 0.6398, Epsilon: 0.010
2026-03-29 06:10:02 | INFO | Episode  443 - Reward: 9.000, Length: 9, Loss: 0.9439, Entropy: 0.6399, Epsilon: 0.010
2026-03-29 06:10:04 | INFO | Episode  444 - Reward: 10.000, Length: 10, Loss: 0.9185, Entropy: 0.6398, Epsilon: 0.010
2026-03-29 06:10:06 | INFO | Episode  445 - Reward: 9.000, Length: 9, Loss: 0.8575, Entropy: 0.6402, Epsilon: 0.010
2026-03-29 06:10:09 | INFO | Episode  446 - Reward: 9.000, Length: 9, Loss: 0.8652, Entropy: 0.6392, Epsilon: 0.010
2026-03-29 06:10:11 | INFO | Episode  447 - Reward: 9.000, Length: 9, Loss: 0.9356, Entropy: 0.6405, Epsilon: 0.010
2026-03-29 06:10:13 | INFO | Episode  448 - Reward: 10.000, Length: 10, Loss: 0.7772, Entropy: 0.6413, Epsilon: 0.010
2026-03-29 06:10:15 | INFO | Episode  449 - Reward: 9.000, Length: 9, Loss: 0.8599, Entropy: 0.6397, Epsilon: 0.010
2026-03-29 06:10:17 | INFO | Episode  450 - Reward: 10.000, Length: 10, Loss: 0.8918, Entropy: 0.6396, Epsilon: 0.010
2026-03-29 06:10:21 | INFO | [Episode  450] eps=0.010  avg_reward=   9.440  avg_length=  9.44  avg_loss=  1.0272  avg_entropy=0.6396  eval_success=0.000
2026-03-29 06:10:23 | INFO | Episode  451 - Reward: 10.000, Length: 10, Loss: 0.8854, Entropy: 0.6409, Epsilon: 0.010
2026-03-29 06:10:25 | INFO | Episode  452 - Reward: 9.000, Length: 9, Loss: 0.7801, Entropy: 0.6420, Epsilon: 0.010
2026-03-29 06:10:28 | INFO | Episode  453 - Reward: 8.000, Length: 8, Loss: 0.8492, Entropy: 0.6397, Epsilon: 0.010
2026-03-29 06:10:30 | INFO | Episode  454 - Reward: 10.000, Length: 10, Loss: 0.8948, Entropy: 0.6408, Epsilon: 0.010
2026-03-29 06:10:32 | INFO | Episode  455 - Reward: 10.000, Length: 10, Loss: 0.8560, Entropy: 0.6400, Epsilon: 0.010
2026-03-29 06:10:34 | INFO | Episode  456 - Reward: 8.000, Length: 8, Loss: 1.6690, Entropy: 0.6404, Epsilon: 0.010
2026-03-29 06:10:36 | INFO | Episode  457 - Reward: 10.000, Length: 10, Loss: 1.6709, Entropy: 0.6388, Epsilon: 0.010
2026-03-29 06:10:38 | INFO | Episode  458 - Reward: 10.000, Length: 10, Loss: 1.5432, Entropy: 0.6397, Epsilon: 0.010
2026-03-29 06:10:40 | INFO | Episode  459 - Reward: 9.000, Length: 9, Loss: 1.5134, Entropy: 0.6374, Epsilon: 0.010
2026-03-29 06:10:42 | INFO | Episode  460 - Reward: 11.000, Length: 11, Loss: 1.5323, Entropy: 0.6361, Epsilon: 0.010
2026-03-29 06:10:45 | INFO | Episode  461 - Reward: 10.000, Length: 10, Loss: 1.5995, Entropy: 0.6347, Epsilon: 0.010
2026-03-29 06:10:47 | INFO | Episode  462 - Reward: 9.000, Length: 9, Loss: 1.4783, Entropy: 0.6349, Epsilon: 0.010
2026-03-29 06:10:49 | INFO | Episode  463 - Reward: 10.000, Length: 10, Loss: 1.5086, Entropy: 0.6339, Epsilon: 0.010
2026-03-29 06:10:51 | INFO | Episode  464 - Reward: 9.000, Length: 9, Loss: 1.4698, Entropy: 0.6335, Epsilon: 0.010
2026-03-29 06:10:53 | INFO | Episode  465 - Reward: 9.000, Length: 9, Loss: 1.5288, Entropy: 0.6318, Epsilon: 0.010
2026-03-29 06:10:55 | INFO | Episode  466 - Reward: 9.000, Length: 9, Loss: 1.5063, Entropy: 0.6317, Epsilon: 0.010
2026-03-29 06:10:57 | INFO | Episode  467 - Reward: 10.000, Length: 10, Loss: 1.3748, Entropy: 0.6316, Epsilon: 0.010
2026-03-29 06:10:59 | INFO | Episode  468 - Reward: 10.000, Length: 10, Loss: 1.4062, Entropy: 0.6313, Epsilon: 0.010
2026-03-29 06:11:01 | INFO | Episode  469 - Reward: 10.000, Length: 10, Loss: 1.4368, Entropy: 0.6314, Epsilon: 0.010
2026-03-29 06:11:04 | INFO | Episode  470 - Reward: 10.000, Length: 10, Loss: 1.4379, Entropy: 0.6305, Epsilon: 0.010
2026-03-29 06:11:06 | INFO | Episode  471 - Reward: 8.000, Length: 8, Loss: 1.2392, Entropy: 0.6289, Epsilon: 0.010
2026-03-29 06:11:08 | INFO | Episode  472 - Reward: 11.000, Length: 11, Loss: 1.3208, Entropy: 0.6281, Epsilon: 0.010
2026-03-29 06:11:10 | INFO | Episode  473 - Reward: 10.000, Length: 10, Loss: 1.4170, Entropy: 0.6263, Epsilon: 0.010
2026-03-29 06:11:12 | INFO | Episode  474 - Reward: 8.000, Length: 8, Loss: 1.3775, Entropy: 0.6272, Epsilon: 0.010
2026-03-29 06:11:14 | INFO | Episode  475 - Reward: 10.000, Length: 10, Loss: 1.1994, Entropy: 0.6282, Epsilon: 0.010
2026-03-29 06:11:16 | INFO | Episode  476 - Reward: 9.000, Length: 9, Loss: 1.3101, Entropy: 0.6268, Epsilon: 0.010
2026-03-29 06:11:18 | INFO | Episode  477 - Reward: 10.000, Length: 10, Loss: 1.3086, Entropy: 0.6279, Epsilon: 0.010
2026-03-29 06:11:21 | INFO | Episode  478 - Reward: 9.000, Length: 9, Loss: 1.1618, Entropy: 0.6262, Epsilon: 0.010
2026-03-29 06:11:23 | INFO | Episode  479 - Reward: 9.000, Length: 9, Loss: 1.3029, Entropy: 0.6266, Epsilon: 0.010
2026-03-29 06:11:25 | INFO | Episode  480 - Reward: 9.000, Length: 9, Loss: 1.3140, Entropy: 0.6263, Epsilon: 0.010
2026-03-29 06:11:27 | INFO | Episode  481 - Reward: 9.000, Length: 9, Loss: 1.3187, Entropy: 0.6244, Epsilon: 0.010
2026-03-29 06:11:30 | INFO | Episode  482 - Reward: 9.000, Length: 9, Loss: 1.3619, Entropy: 0.6248, Epsilon: 0.010
2026-03-29 06:11:32 | INFO | Episode  483 - Reward: 9.000, Length: 9, Loss: 1.1536, Entropy: 0.6264, Epsilon: 0.010
2026-03-29 06:11:34 | INFO | Episode  484 - Reward: 9.000, Length: 9, Loss: 1.2827, Entropy: 0.6256, Epsilon: 0.010
2026-03-29 06:11:36 | INFO | Episode  485 - Reward: 9.000, Length: 9, Loss: 1.2469, Entropy: 0.6254, Epsilon: 0.010
2026-03-29 06:11:38 | INFO | Episode  486 - Reward: 9.000, Length: 9, Loss: 1.0636, Entropy: 0.6260, Epsilon: 0.010
2026-03-29 06:11:41 | INFO | Episode  487 - Reward: 9.000, Length: 9, Loss: 1.1047, Entropy: 0.6274, Epsilon: 0.010
2026-03-29 06:11:43 | INFO | Episode  488 - Reward: 10.000, Length: 10, Loss: 1.3628, Entropy: 0.6255, Epsilon: 0.010
2026-03-29 06:11:45 | INFO | Episode  489 - Reward: 8.000, Length: 8, Loss: 1.2206, Entropy: 0.6253, Epsilon: 0.010
2026-03-29 06:11:47 | INFO | Episode  490 - Reward: 8.000, Length: 8, Loss: 1.1565, Entropy: 0.6264, Epsilon: 0.010
2026-03-29 06:11:49 | INFO | Episode  491 - Reward: 9.000, Length: 9, Loss: 1.1739, Entropy: 0.6264, Epsilon: 0.010
2026-03-29 06:11:52 | INFO | Episode  492 - Reward: 11.000, Length: 11, Loss: 1.2074, Entropy: 0.6272, Epsilon: 0.010
2026-03-29 06:11:54 | INFO | Episode  493 - Reward: 9.000, Length: 9, Loss: 1.2845, Entropy: 0.6273, Epsilon: 0.010
2026-03-29 06:11:56 | INFO | Episode  494 - Reward: 11.000, Length: 11, Loss: 1.3942, Entropy: 0.6266, Epsilon: 0.010
2026-03-29 06:11:59 | INFO | Episode  495 - Reward: 9.000, Length: 9, Loss: 1.2639, Entropy: 0.6277, Epsilon: 0.010
2026-03-29 06:12:01 | INFO | Episode  496 - Reward: 10.000, Length: 10, Loss: 1.0916, Entropy: 0.6288, Epsilon: 0.010
2026-03-29 06:12:03 | INFO | Episode  497 - Reward: 9.000, Length: 9, Loss: 1.3240, Entropy: 0.6284, Epsilon: 0.010
2026-03-29 06:12:06 | INFO | Episode  498 - Reward: 8.000, Length: 8, Loss: 1.1559, Entropy: 0.6285, Epsilon: 0.010
2026-03-29 06:12:08 | INFO | Episode  499 - Reward: 10.000, Length: 10, Loss: 1.2326, Entropy: 0.6292, Epsilon: 0.010
2026-03-29 06:12:10 | INFO | Episode  500 - Reward: 10.000, Length: 10, Loss: 1.0617, Entropy: 0.6297, Epsilon: 0.010
2026-03-29 06:12:15 | INFO | [Episode  500] eps=0.010  avg_reward=   9.380  avg_length=  9.38  avg_loss=  1.2871  avg_entropy=0.6297  eval_success=0.000
2026-03-29 06:12:15 | INFO | DQN+Entropy training: 18m 45.37s
2026-03-29 06:12:32 | INFO | [Final Eval] success=0.000, mean_reward=9.470
