2026-03-29 03:31:44 | INFO | ============================================================
2026-03-29 03:31:44 | INFO | DEVICE / COMPUTE INFORMATION
2026-03-29 03:31:44 | INFO |   JAX backend       : GPU
2026-03-29 03:31:44 | INFO |   Platform          : gpu
2026-03-29 03:31:44 | INFO |   Num devices       : 2
2026-03-29 03:31:44 | INFO |   Device            : cuda:0
2026-03-29 03:31:44 | INFO |   Device            : cuda:1
2026-03-29 03:31:44 | INFO |   GPU name          : Tesla T4
2026-03-29 03:31:44 | INFO | ============================================================
2026-03-29 03:31:44 | INFO | DQN+Entropy | seed=0, lr=0.001, gamma=0.99, alpha=0.01
2026-03-29 03:31:44 | INFO | Env: cartpole/dense, obs_dim=4, num_actions=2
2026-03-29 03:31:48 | INFO | Episode    1 - Reward: 11.000, Length: 11, Loss: 0.0000, Entropy: 0.0000, Epsilon: 0.998
2026-03-29 03:31:50 | INFO | Episode    2 - Reward: 28.000, Length: 28, Loss: 0.0000, Entropy: 0.0000, Epsilon: 0.995
2026-03-29 03:31:52 | INFO | Episode    3 - Reward: 27.000, Length: 27, Loss: 0.0000, Entropy: 0.0000, Epsilon: 0.993
2026-03-29 03:31:54 | INFO | Episode    4 - Reward: 12.000, Length: 12, Loss: 0.0000, Entropy: 0.0000, Epsilon: 0.990
2026-03-29 03:31:56 | INFO | Episode    5 - Reward: 29.000, Length: 29, Loss: 0.0000, Entropy: 0.0000, Epsilon: 0.988
2026-03-29 03:31:58 | INFO | Episode    6 - Reward: 15.000, Length: 15, Loss: 0.0000, Entropy: 0.0000, Epsilon: 0.985
2026-03-29 03:32:00 | INFO | Episode    7 - Reward: 16.000, Length: 16, Loss: 0.0000, Entropy: 0.0000, Epsilon: 0.983
2026-03-29 03:32:02 | INFO | Episode    8 - Reward: 21.000, Length: 21, Loss: 0.0000, Entropy: 0.0000, Epsilon: 0.980
2026-03-29 03:32:04 | INFO | Episode    9 - Reward: 16.000, Length: 16, Loss: 0.0000, Entropy: 0.0000, Epsilon: 0.978
2026-03-29 03:32:06 | INFO | Episode   10 - Reward: 34.000, Length: 34, Loss: 0.0000, Entropy: 0.0000, Epsilon: 0.975
2026-03-29 03:32:08 | INFO | Episode   11 - Reward: 16.000, Length: 16, Loss: 0.0000, Entropy: 0.0000, Epsilon: 0.973
2026-03-29 03:32:10 | INFO | Episode   12 - Reward: 12.000, Length: 12, Loss: 0.0000, Entropy: 0.0000, Epsilon: 0.970
2026-03-29 03:32:13 | INFO | Episode   13 - Reward: 12.000, Length: 12, Loss: 0.0000, Entropy: 0.0000, Epsilon: 0.968
2026-03-29 03:32:17 | INFO | Episode   14 - Reward: 29.000, Length: 29, Loss: 1.0003, Entropy: 0.6931, Epsilon: 0.965
2026-03-29 03:32:19 | INFO | Episode   15 - Reward: 13.000, Length: 13, Loss: 0.9897, Entropy: 0.6931, Epsilon: 0.963
2026-03-29 03:32:22 | INFO | Episode   16 - Reward: 14.000, Length: 14, Loss: 0.9792, Entropy: 0.6931, Epsilon: 0.960
2026-03-29 03:32:23 | INFO | Episode   17 - Reward: 28.000, Length: 28, Loss: 0.9702, Entropy: 0.6931, Epsilon: 0.958
2026-03-29 03:32:26 | INFO | Episode   18 - Reward: 14.000, Length: 14, Loss: 0.9573, Entropy: 0.6931, Epsilon: 0.955
2026-03-29 03:32:28 | INFO | Episode   19 - Reward: 45.000, Length: 45, Loss: 0.9464, Entropy: 0.6931, Epsilon: 0.953
2026-03-29 03:32:30 | INFO | Episode   20 - Reward: 43.000, Length: 43, Loss: 0.9380, Entropy: 0.6931, Epsilon: 0.951
2026-03-29 03:32:32 | INFO | Episode   21 - Reward: 23.000, Length: 23, Loss: 0.9264, Entropy: 0.6931, Epsilon: 0.948
2026-03-29 03:32:34 | INFO | Episode   22 - Reward: 39.000, Length: 39, Loss: 0.9145, Entropy: 0.6931, Epsilon: 0.946
2026-03-29 03:32:36 | INFO | Episode   23 - Reward: 31.000, Length: 31, Loss: 0.9068, Entropy: 0.6931, Epsilon: 0.943
2026-03-29 03:32:39 | INFO | Episode   24 - Reward: 39.000, Length: 39, Loss: 0.9900, Entropy: 0.6931, Epsilon: 0.941
2026-03-29 03:32:41 | INFO | Episode   25 - Reward: 16.000, Length: 16, Loss: 0.9817, Entropy: 0.6931, Epsilon: 0.938
2026-03-29 03:32:43 | INFO | Episode   26 - Reward: 22.000, Length: 22, Loss: 0.9701, Entropy: 0.6931, Epsilon: 0.936
2026-03-29 03:32:45 | INFO | Episode   27 - Reward: 25.000, Length: 25, Loss: 0.9563, Entropy: 0.6931, Epsilon: 0.933
2026-03-29 03:32:47 | INFO | Episode   28 - Reward: 14.000, Length: 14, Loss: 0.9479, Entropy: 0.6931, Epsilon: 0.931
2026-03-29 03:32:49 | INFO | Episode   29 - Reward: 27.000, Length: 27, Loss: 0.9404, Entropy: 0.6931, Epsilon: 0.928
2026-03-29 03:32:52 | INFO | Episode   30 - Reward: 8.000, Length: 8, Loss: 0.9257, Entropy: 0.6931, Epsilon: 0.926
2026-03-29 03:32:54 | INFO | Episode   31 - Reward: 26.000, Length: 26, Loss: 0.9133, Entropy: 0.6931, Epsilon: 0.923
2026-03-29 03:32:56 | INFO | Episode   32 - Reward: 14.000, Length: 14, Loss: 0.9068, Entropy: 0.6931, Epsilon: 0.921
2026-03-29 03:32:58 | INFO | Episode   33 - Reward: 23.000, Length: 23, Loss: 0.8932, Entropy: 0.6931, Epsilon: 0.918
2026-03-29 03:33:00 | INFO | Episode   34 - Reward: 14.000, Length: 14, Loss: 0.8872, Entropy: 0.6931, Epsilon: 0.916
2026-03-29 03:33:02 | INFO | Episode   35 - Reward: 16.000, Length: 16, Loss: 0.8758, Entropy: 0.6931, Epsilon: 0.913
2026-03-29 03:33:04 | INFO | Episode   36 - Reward: 32.000, Length: 32, Loss: 0.8645, Entropy: 0.6931, Epsilon: 0.911
2026-03-29 03:33:07 | INFO | Episode   37 - Reward: 21.000, Length: 21, Loss: 0.8522, Entropy: 0.6931, Epsilon: 0.908
2026-03-29 03:33:09 | INFO | Episode   38 - Reward: 12.000, Length: 12, Loss: 0.8448, Entropy: 0.6931, Epsilon: 0.906
2026-03-29 03:33:11 | INFO | Episode   39 - Reward: 31.000, Length: 31, Loss: 0.8340, Entropy: 0.6931, Epsilon: 0.903
2026-03-29 03:33:13 | INFO | Episode   40 - Reward: 26.000, Length: 26, Loss: 0.8253, Entropy: 0.6931, Epsilon: 0.901
2026-03-29 03:33:15 | INFO | Episode   41 - Reward: 13.000, Length: 13, Loss: 0.8157, Entropy: 0.6931, Epsilon: 0.899
2026-03-29 03:33:18 | INFO | Episode   42 - Reward: 13.000, Length: 13, Loss: 0.8032, Entropy: 0.6931, Epsilon: 0.896
2026-03-29 03:33:20 | INFO | Episode   43 - Reward: 22.000, Length: 22, Loss: 0.7940, Entropy: 0.6931, Epsilon: 0.894
2026-03-29 03:33:22 | INFO | Episode   44 - Reward: 27.000, Length: 27, Loss: 0.7837, Entropy: 0.6931, Epsilon: 0.891
2026-03-29 03:33:24 | INFO | Episode   45 - Reward: 16.000, Length: 16, Loss: 0.7753, Entropy: 0.6931, Epsilon: 0.889
2026-03-29 03:33:26 | INFO | Episode   46 - Reward: 25.000, Length: 25, Loss: 0.7667, Entropy: 0.6931, Epsilon: 0.886
2026-03-29 03:33:28 | INFO | Episode   47 - Reward: 36.000, Length: 36, Loss: 0.9776, Entropy: 0.6931, Epsilon: 0.884
2026-03-29 03:33:30 | INFO | Episode   48 - Reward: 40.000, Length: 40, Loss: 0.9685, Entropy: 0.6931, Epsilon: 0.881
2026-03-29 03:33:32 | INFO | Episode   49 - Reward: 11.000, Length: 11, Loss: 0.9585, Entropy: 0.6931, Epsilon: 0.879
2026-03-29 03:33:34 | INFO | Episode   50 - Reward: 15.000, Length: 15, Loss: 0.9454, Entropy: 0.6931, Epsilon: 0.876
2026-03-29 03:33:47 | INFO | [Episode   50] eps=0.876  avg_reward=  22.240  avg_length= 22.24  avg_loss=  0.6705  avg_entropy=0.6931  eval_success=0.000
2026-03-29 03:33:49 | INFO | Episode   51 - Reward: 16.000, Length: 16, Loss: 0.9329, Entropy: 0.6931, Epsilon: 0.874
2026-03-29 03:33:51 | INFO | Episode   52 - Reward: 22.000, Length: 22, Loss: 0.9237, Entropy: 0.6931, Epsilon: 0.871
2026-03-29 03:33:53 | INFO | Episode   53 - Reward: 39.000, Length: 39, Loss: 0.9103, Entropy: 0.6931, Epsilon: 0.869
2026-03-29 03:33:55 | INFO | Episode   54 - Reward: 12.000, Length: 12, Loss: 0.8983, Entropy: 0.6931, Epsilon: 0.866
2026-03-29 03:33:57 | INFO | Episode   55 - Reward: 15.000, Length: 15, Loss: 0.8825, Entropy: 0.6931, Epsilon: 0.864
2026-03-29 03:33:59 | INFO | Episode   56 - Reward: 66.000, Length: 66, Loss: 0.8761, Entropy: 0.6931, Epsilon: 0.861
2026-03-29 03:34:01 | INFO | Episode   57 - Reward: 42.000, Length: 42, Loss: 0.8653, Entropy: 0.6931, Epsilon: 0.859
2026-03-29 03:34:04 | INFO | Episode   58 - Reward: 14.000, Length: 14, Loss: 0.8612, Entropy: 0.6931, Epsilon: 0.856
2026-03-29 03:34:06 | INFO | Episode   59 - Reward: 15.000, Length: 15, Loss: 0.8427, Entropy: 0.6931, Epsilon: 0.854
2026-03-29 03:34:07 | INFO | Episode   60 - Reward: 18.000, Length: 18, Loss: 0.8324, Entropy: 0.6931, Epsilon: 0.852
2026-03-29 03:34:10 | INFO | Episode   61 - Reward: 13.000, Length: 13, Loss: 0.8266, Entropy: 0.6931, Epsilon: 0.849
2026-03-29 03:34:12 | INFO | Episode   62 - Reward: 20.000, Length: 20, Loss: 0.8131, Entropy: 0.6931, Epsilon: 0.847
2026-03-29 03:34:14 | INFO | Episode   63 - Reward: 21.000, Length: 21, Loss: 0.8021, Entropy: 0.6931, Epsilon: 0.844
2026-03-29 03:34:16 | INFO | Episode   64 - Reward: 9.000, Length: 9, Loss: 0.7929, Entropy: 0.6931, Epsilon: 0.842
2026-03-29 03:34:18 | INFO | Episode   65 - Reward: 34.000, Length: 34, Loss: 0.7838, Entropy: 0.6931, Epsilon: 0.839
2026-03-29 03:34:20 | INFO | Episode   66 - Reward: 16.000, Length: 16, Loss: 0.7767, Entropy: 0.6931, Epsilon: 0.837
2026-03-29 03:34:22 | INFO | Episode   67 - Reward: 15.000, Length: 15, Loss: 0.7619, Entropy: 0.6931, Epsilon: 0.834
2026-03-29 03:34:25 | INFO | Episode   68 - Reward: 25.000, Length: 25, Loss: 0.7520, Entropy: 0.6931, Epsilon: 0.832
2026-03-29 03:34:27 | INFO | Episode   69 - Reward: 16.000, Length: 16, Loss: 0.9757, Entropy: 0.6931, Epsilon: 0.829
2026-03-29 03:34:29 | INFO | Episode   70 - Reward: 20.000, Length: 20, Loss: 0.9590, Entropy: 0.6931, Epsilon: 0.827
2026-03-29 03:34:31 | INFO | Episode   71 - Reward: 12.000, Length: 12, Loss: 0.9492, Entropy: 0.6931, Epsilon: 0.824
2026-03-29 03:34:33 | INFO | Episode   72 - Reward: 13.000, Length: 13, Loss: 0.9339, Entropy: 0.6931, Epsilon: 0.822
2026-03-29 03:34:35 | INFO | Episode   73 - Reward: 15.000, Length: 15, Loss: 0.9257, Entropy: 0.6931, Epsilon: 0.819
2026-03-29 03:34:37 | INFO | Episode   74 - Reward: 29.000, Length: 29, Loss: 0.9100, Entropy: 0.6931, Epsilon: 0.817
2026-03-29 03:34:39 | INFO | Episode   75 - Reward: 17.000, Length: 17, Loss: 0.9071, Entropy: 0.6931, Epsilon: 0.814
2026-03-29 03:34:41 | INFO | Episode   76 - Reward: 18.000, Length: 18, Loss: 0.8866, Entropy: 0.6931, Epsilon: 0.812
2026-03-29 03:34:43 | INFO | Episode   77 - Reward: 17.000, Length: 17, Loss: 0.8742, Entropy: 0.6931, Epsilon: 0.809
2026-03-29 03:34:45 | INFO | Episode   78 - Reward: 11.000, Length: 11, Loss: 0.8681, Entropy: 0.6931, Epsilon: 0.807
2026-03-29 03:34:47 | INFO | Episode   79 - Reward: 16.000, Length: 16, Loss: 0.8581, Entropy: 0.6931, Epsilon: 0.804
2026-03-29 03:34:49 | INFO | Episode   80 - Reward: 10.000, Length: 10, Loss: 0.8370, Entropy: 0.6930, Epsilon: 0.802
2026-03-29 03:34:51 | INFO | Episode   81 - Reward: 12.000, Length: 12, Loss: 0.8258, Entropy: 0.6930, Epsilon: 0.800
2026-03-29 03:34:53 | INFO | Episode   82 - Reward: 31.000, Length: 31, Loss: 0.8127, Entropy: 0.6930, Epsilon: 0.797
2026-03-29 03:34:55 | INFO | Episode   83 - Reward: 30.000, Length: 30, Loss: 0.8043, Entropy: 0.6930, Epsilon: 0.795
2026-03-29 03:34:57 | INFO | Episode   84 - Reward: 26.000, Length: 26, Loss: 0.7911, Entropy: 0.6930, Epsilon: 0.792
2026-03-29 03:34:59 | INFO | Episode   85 - Reward: 17.000, Length: 17, Loss: 0.7868, Entropy: 0.6930, Epsilon: 0.790
2026-03-29 03:35:02 | INFO | Episode   86 - Reward: 10.000, Length: 10, Loss: 0.7672, Entropy: 0.6930, Epsilon: 0.787
2026-03-29 03:35:04 | INFO | Episode   87 - Reward: 14.000, Length: 14, Loss: 0.7632, Entropy: 0.6930, Epsilon: 0.785
2026-03-29 03:35:06 | INFO | Episode   88 - Reward: 26.000, Length: 26, Loss: 0.7506, Entropy: 0.6930, Epsilon: 0.782
2026-03-29 03:35:08 | INFO | Episode   89 - Reward: 10.000, Length: 10, Loss: 0.7394, Entropy: 0.6930, Epsilon: 0.780
2026-03-29 03:35:10 | INFO | Episode   90 - Reward: 29.000, Length: 29, Loss: 0.7318, Entropy: 0.6930, Epsilon: 0.777
2026-03-29 03:35:13 | INFO | Episode   91 - Reward: 12.000, Length: 12, Loss: 0.7201, Entropy: 0.6930, Epsilon: 0.775
2026-03-29 03:35:15 | INFO | Episode   92 - Reward: 11.000, Length: 11, Loss: 0.7069, Entropy: 0.6930, Epsilon: 0.772
2026-03-29 03:35:16 | INFO | Episode   93 - Reward: 36.000, Length: 36, Loss: 0.6948, Entropy: 0.6930, Epsilon: 0.770
2026-03-29 03:35:19 | INFO | Episode   94 - Reward: 32.000, Length: 32, Loss: 0.6869, Entropy: 0.6929, Epsilon: 0.767
2026-03-29 03:35:21 | INFO | Episode   95 - Reward: 18.000, Length: 18, Loss: 0.9814, Entropy: 0.6929, Epsilon: 0.765
2026-03-29 03:35:23 | INFO | Episode   96 - Reward: 44.000, Length: 44, Loss: 0.9672, Entropy: 0.6929, Epsilon: 0.762
2026-03-29 03:35:25 | INFO | Episode   97 - Reward: 26.000, Length: 26, Loss: 0.9517, Entropy: 0.6929, Epsilon: 0.760
2026-03-29 03:35:28 | INFO | Episode   98 - Reward: 21.000, Length: 21, Loss: 0.9427, Entropy: 0.6929, Epsilon: 0.757
2026-03-29 03:35:30 | INFO | Episode   99 - Reward: 36.000, Length: 36, Loss: 0.9361, Entropy: 0.6929, Epsilon: 0.755
2026-03-29 03:35:32 | INFO | Episode  100 - Reward: 14.000, Length: 14, Loss: 0.8970, Entropy: 0.6929, Epsilon: 0.752
2026-03-29 03:35:35 | INFO | [Episode  100] eps=0.752  avg_reward=  21.220  avg_length= 21.22  avg_loss=  0.8455  avg_entropy=0.6929  eval_success=0.000
2026-03-29 03:35:38 | INFO | Episode  101 - Reward: 11.000, Length: 11, Loss: 0.9022, Entropy: 0.6929, Epsilon: 0.750
2026-03-29 03:35:40 | INFO | Episode  102 - Reward: 10.000, Length: 10, Loss: 0.8756, Entropy: 0.6928, Epsilon: 0.748
2026-03-29 03:35:42 | INFO | Episode  103 - Reward: 20.000, Length: 20, Loss: 0.8574, Entropy: 0.6928, Epsilon: 0.745
2026-03-29 03:35:44 | INFO | Episode  104 - Reward: 19.000, Length: 19, Loss: 0.8576, Entropy: 0.6928, Epsilon: 0.743
2026-03-29 03:35:46 | INFO | Episode  105 - Reward: 21.000, Length: 21, Loss: 0.8390, Entropy: 0.6928, Epsilon: 0.740
2026-03-29 03:35:48 | INFO | Episode  106 - Reward: 14.000, Length: 14, Loss: 0.8305, Entropy: 0.6928, Epsilon: 0.738
2026-03-29 03:35:50 | INFO | Episode  107 - Reward: 17.000, Length: 17, Loss: 0.8187, Entropy: 0.6928, Epsilon: 0.735
2026-03-29 03:35:52 | INFO | Episode  108 - Reward: 18.000, Length: 18, Loss: 0.7935, Entropy: 0.6927, Epsilon: 0.733
2026-03-29 03:35:54 | INFO | Episode  109 - Reward: 9.000, Length: 9, Loss: 0.7945, Entropy: 0.6928, Epsilon: 0.730
2026-03-29 03:35:56 | INFO | Episode  110 - Reward: 11.000, Length: 11, Loss: 0.7765, Entropy: 0.6927, Epsilon: 0.728
2026-03-29 03:35:58 | INFO | Episode  111 - Reward: 14.000, Length: 14, Loss: 0.7635, Entropy: 0.6927, Epsilon: 0.725
2026-03-29 03:36:01 | INFO | Episode  112 - Reward: 15.000, Length: 15, Loss: 0.7513, Entropy: 0.6927, Epsilon: 0.723
2026-03-29 03:36:03 | INFO | Episode  113 - Reward: 12.000, Length: 12, Loss: 0.7422, Entropy: 0.6927, Epsilon: 0.720
2026-03-29 03:36:05 | INFO | Episode  114 - Reward: 65.000, Length: 65, Loss: 0.7252, Entropy: 0.6927, Epsilon: 0.718
2026-03-29 03:36:07 | INFO | Episode  115 - Reward: 10.000, Length: 10, Loss: 0.7192, Entropy: 0.6927, Epsilon: 0.715
2026-03-29 03:36:09 | INFO | Episode  116 - Reward: 17.000, Length: 17, Loss: 0.7038, Entropy: 0.6926, Epsilon: 0.713
2026-03-29 03:36:11 | INFO | Episode  117 - Reward: 14.000, Length: 14, Loss: 0.6871, Entropy: 0.6926, Epsilon: 0.710
2026-03-29 03:36:14 | INFO | Episode  118 - Reward: 13.000, Length: 13, Loss: 0.6767, Entropy: 0.6926, Epsilon: 0.708
2026-03-29 03:36:16 | INFO | Episode  119 - Reward: 16.000, Length: 16, Loss: 0.6651, Entropy: 0.6925, Epsilon: 0.705
2026-03-29 03:36:18 | INFO | Episode  120 - Reward: 12.000, Length: 12, Loss: 0.6507, Entropy: 0.6925, Epsilon: 0.703
2026-03-29 03:36:20 | INFO | Episode  121 - Reward: 16.000, Length: 16, Loss: 1.0118, Entropy: 0.6925, Epsilon: 0.701
2026-03-29 03:36:22 | INFO | Episode  122 - Reward: 29.000, Length: 29, Loss: 0.9952, Entropy: 0.6924, Epsilon: 0.698
2026-03-29 03:36:24 | INFO | Episode  123 - Reward: 22.000, Length: 22, Loss: 0.9622, Entropy: 0.6924, Epsilon: 0.696
2026-03-29 03:36:26 | INFO | Episode  124 - Reward: 12.000, Length: 12, Loss: 0.9453, Entropy: 0.6924, Epsilon: 0.693
2026-03-29 03:36:28 | INFO | Episode  125 - Reward: 13.000, Length: 13, Loss: 0.9258, Entropy: 0.6924, Epsilon: 0.691
2026-03-29 03:36:30 | INFO | Episode  126 - Reward: 17.000, Length: 17, Loss: 0.9226, Entropy: 0.6923, Epsilon: 0.688
2026-03-29 03:36:32 | INFO | Episode  127 - Reward: 20.000, Length: 20, Loss: 0.8962, Entropy: 0.6923, Epsilon: 0.686
2026-03-29 03:36:34 | INFO | Episode  128 - Reward: 12.000, Length: 12, Loss: 0.8788, Entropy: 0.6923, Epsilon: 0.683
2026-03-29 03:36:36 | INFO | Episode  129 - Reward: 18.000, Length: 18, Loss: 0.8667, Entropy: 0.6922, Epsilon: 0.681
2026-03-29 03:36:38 | INFO | Episode  130 - Reward: 17.000, Length: 17, Loss: 0.8468, Entropy: 0.6922, Epsilon: 0.678
2026-03-29 03:36:41 | INFO | Episode  131 - Reward: 19.000, Length: 19, Loss: 0.8340, Entropy: 0.6921, Epsilon: 0.676
2026-03-29 03:36:43 | INFO | Episode  132 - Reward: 12.000, Length: 12, Loss: 0.8249, Entropy: 0.6921, Epsilon: 0.673
2026-03-29 03:36:45 | INFO | Episode  133 - Reward: 14.000, Length: 14, Loss: 0.8111, Entropy: 0.6921, Epsilon: 0.671
2026-03-29 03:36:46 | INFO | Episode  134 - Reward: 19.000, Length: 19, Loss: 0.7916, Entropy: 0.6920, Epsilon: 0.668
2026-03-29 03:36:49 | INFO | Episode  135 - Reward: 11.000, Length: 11, Loss: 0.7783, Entropy: 0.6921, Epsilon: 0.666
2026-03-29 03:36:51 | INFO | Episode  136 - Reward: 22.000, Length: 22, Loss: 0.7481, Entropy: 0.6920, Epsilon: 0.663
2026-03-29 03:36:53 | INFO | Episode  137 - Reward: 9.000, Length: 9, Loss: 0.7361, Entropy: 0.6919, Epsilon: 0.661
2026-03-29 03:36:55 | INFO | Episode  138 - Reward: 15.000, Length: 15, Loss: 0.7351, Entropy: 0.6919, Epsilon: 0.658
2026-03-29 03:36:57 | INFO | Episode  139 - Reward: 10.000, Length: 10, Loss: 0.7087, Entropy: 0.6918, Epsilon: 0.656
2026-03-29 03:36:59 | INFO | Episode  140 - Reward: 13.000, Length: 13, Loss: 0.6932, Entropy: 0.6918, Epsilon: 0.653
2026-03-29 03:37:01 | INFO | Episode  141 - Reward: 22.000, Length: 22, Loss: 0.6847, Entropy: 0.6917, Epsilon: 0.651
2026-03-29 03:37:03 | INFO | Episode  142 - Reward: 11.000, Length: 11, Loss: 0.6773, Entropy: 0.6917, Epsilon: 0.649
2026-03-29 03:37:05 | INFO | Episode  143 - Reward: 13.000, Length: 13, Loss: 0.6636, Entropy: 0.6917, Epsilon: 0.646
2026-03-29 03:37:07 | INFO | Episode  144 - Reward: 21.000, Length: 21, Loss: 0.6426, Entropy: 0.6916, Epsilon: 0.644
2026-03-29 03:37:09 | INFO | Episode  145 - Reward: 15.000, Length: 15, Loss: 0.6364, Entropy: 0.6915, Epsilon: 0.641
2026-03-29 03:37:11 | INFO | Episode  146 - Reward: 16.000, Length: 16, Loss: 0.6205, Entropy: 0.6915, Epsilon: 0.639
2026-03-29 03:37:14 | INFO | Episode  147 - Reward: 41.000, Length: 41, Loss: 0.6077, Entropy: 0.6915, Epsilon: 0.636
2026-03-29 03:37:16 | INFO | Episode  148 - Reward: 10.000, Length: 10, Loss: 0.5982, Entropy: 0.6914, Epsilon: 0.634
2026-03-29 03:37:18 | INFO | Episode  149 - Reward: 10.000, Length: 10, Loss: 0.5830, Entropy: 0.6913, Epsilon: 0.631
2026-03-29 03:37:21 | INFO | Episode  150 - Reward: 12.000, Length: 12, Loss: 0.5668, Entropy: 0.6913, Epsilon: 0.629
2026-03-29 03:37:24 | INFO | [Episode  150] eps=0.629  avg_reward=  16.580  avg_length= 16.58  avg_loss=  0.7725  avg_entropy=0.6913  eval_success=0.000
2026-03-29 03:37:27 | INFO | Episode  151 - Reward: 20.000, Length: 20, Loss: 1.0435, Entropy: 0.6913, Epsilon: 0.626
2026-03-29 03:37:29 | INFO | Episode  152 - Reward: 14.000, Length: 14, Loss: 1.0238, Entropy: 0.6912, Epsilon: 0.624
2026-03-29 03:37:31 | INFO | Episode  153 - Reward: 15.000, Length: 15, Loss: 0.9970, Entropy: 0.6911, Epsilon: 0.621
2026-03-29 03:37:33 | INFO | Episode  154 - Reward: 18.000, Length: 18, Loss: 0.9745, Entropy: 0.6910, Epsilon: 0.619
2026-03-29 03:37:35 | INFO | Episode  155 - Reward: 9.000, Length: 9, Loss: 0.9535, Entropy: 0.6909, Epsilon: 0.616
2026-03-29 03:37:37 | INFO | Episode  156 - Reward: 10.000, Length: 10, Loss: 0.9336, Entropy: 0.6908, Epsilon: 0.614
2026-03-29 03:37:40 | INFO | Episode  157 - Reward: 16.000, Length: 16, Loss: 0.9244, Entropy: 0.6907, Epsilon: 0.611
2026-03-29 03:37:42 | INFO | Episode  158 - Reward: 28.000, Length: 28, Loss: 0.8811, Entropy: 0.6907, Epsilon: 0.609
2026-03-29 03:37:44 | INFO | Episode  159 - Reward: 9.000, Length: 9, Loss: 0.8705, Entropy: 0.6905, Epsilon: 0.606
2026-03-29 03:37:46 | INFO | Episode  160 - Reward: 17.000, Length: 17, Loss: 0.8438, Entropy: 0.6903, Epsilon: 0.604
2026-03-29 03:37:48 | INFO | Episode  161 - Reward: 28.000, Length: 28, Loss: 0.8387, Entropy: 0.6902, Epsilon: 0.602
2026-03-29 03:37:50 | INFO | Episode  162 - Reward: 32.000, Length: 32, Loss: 0.8072, Entropy: 0.6902, Epsilon: 0.599
2026-03-29 03:37:52 | INFO | Episode  163 - Reward: 14.000, Length: 14, Loss: 0.7769, Entropy: 0.6900, Epsilon: 0.597
2026-03-29 03:37:54 | INFO | Episode  164 - Reward: 20.000, Length: 20, Loss: 0.7843, Entropy: 0.6900, Epsilon: 0.594
2026-03-29 03:37:56 | INFO | Episode  165 - Reward: 14.000, Length: 14, Loss: 0.7596, Entropy: 0.6899, Epsilon: 0.592
2026-03-29 03:37:58 | INFO | Episode  166 - Reward: 10.000, Length: 10, Loss: 0.7384, Entropy: 0.6898, Epsilon: 0.589
2026-03-29 03:38:01 | INFO | Episode  167 - Reward: 12.000, Length: 12, Loss: 0.7123, Entropy: 0.6897, Epsilon: 0.587
2026-03-29 03:38:03 | INFO | Episode  168 - Reward: 10.000, Length: 10, Loss: 0.6999, Entropy: 0.6894, Epsilon: 0.584
2026-03-29 03:38:05 | INFO | Episode  169 - Reward: 11.000, Length: 11, Loss: 0.6880, Entropy: 0.6895, Epsilon: 0.582
2026-03-29 03:38:07 | INFO | Episode  170 - Reward: 9.000, Length: 9, Loss: 0.6641, Entropy: 0.6894, Epsilon: 0.579
2026-03-29 03:38:09 | INFO | Episode  171 - Reward: 12.000, Length: 12, Loss: 0.6529, Entropy: 0.6893, Epsilon: 0.577
2026-03-29 03:38:11 | INFO | Episode  172 - Reward: 11.000, Length: 11, Loss: 0.6417, Entropy: 0.6893, Epsilon: 0.574
2026-03-29 03:38:13 | INFO | Episode  173 - Reward: 11.000, Length: 11, Loss: 0.6237, Entropy: 0.6892, Epsilon: 0.572
2026-03-29 03:38:15 | INFO | Episode  174 - Reward: 12.000, Length: 12, Loss: 0.6101, Entropy: 0.6891, Epsilon: 0.569
2026-03-29 03:38:17 | INFO | Episode  175 - Reward: 13.000, Length: 13, Loss: 0.5995, Entropy: 0.6891, Epsilon: 0.567
2026-03-29 03:38:19 | INFO | Episode  176 - Reward: 14.000, Length: 14, Loss: 0.5752, Entropy: 0.6889, Epsilon: 0.564
2026-03-29 03:38:21 | INFO | Episode  177 - Reward: 16.000, Length: 16, Loss: 0.5609, Entropy: 0.6887, Epsilon: 0.562
2026-03-29 03:38:23 | INFO | Episode  178 - Reward: 19.000, Length: 19, Loss: 0.5514, Entropy: 0.6887, Epsilon: 0.559
2026-03-29 03:38:25 | INFO | Episode  179 - Reward: 12.000, Length: 12, Loss: 0.5356, Entropy: 0.6883, Epsilon: 0.557
2026-03-29 03:38:28 | INFO | Episode  180 - Reward: 10.000, Length: 10, Loss: 0.5222, Entropy: 0.6883, Epsilon: 0.554
2026-03-29 03:38:30 | INFO | Episode  181 - Reward: 11.000, Length: 11, Loss: 0.5147, Entropy: 0.6884, Epsilon: 0.552
2026-03-29 03:38:32 | INFO | Episode  182 - Reward: 22.000, Length: 22, Loss: 0.4995, Entropy: 0.6884, Epsilon: 0.550
2026-03-29 03:38:34 | INFO | Episode  183 - Reward: 11.000, Length: 11, Loss: 0.4897, Entropy: 0.6882, Epsilon: 0.547
2026-03-29 03:38:36 | INFO | Episode  184 - Reward: 11.000, Length: 11, Loss: 0.4700, Entropy: 0.6882, Epsilon: 0.545
2026-03-29 03:38:38 | INFO | Episode  185 - Reward: 11.000, Length: 11, Loss: 1.1371, Entropy: 0.6880, Epsilon: 0.542
2026-03-29 03:38:40 | INFO | Episode  186 - Reward: 12.000, Length: 12, Loss: 1.0937, Entropy: 0.6879, Epsilon: 0.540
2026-03-29 03:38:42 | INFO | Episode  187 - Reward: 13.000, Length: 13, Loss: 1.0621, Entropy: 0.6875, Epsilon: 0.537
2026-03-29 03:38:45 | INFO | Episode  188 - Reward: 29.000, Length: 29, Loss: 1.0365, Entropy: 0.6873, Epsilon: 0.535
2026-03-29 03:38:46 | INFO | Episode  189 - Reward: 12.000, Length: 12, Loss: 1.0019, Entropy: 0.6871, Epsilon: 0.532
2026-03-29 03:38:49 | INFO | Episode  190 - Reward: 13.000, Length: 13, Loss: 0.9712, Entropy: 0.6870, Epsilon: 0.530
2026-03-29 03:38:51 | INFO | Episode  191 - Reward: 9.000, Length: 9, Loss: 0.9405, Entropy: 0.6867, Epsilon: 0.527
2026-03-29 03:38:53 | INFO | Episode  192 - Reward: 10.000, Length: 10, Loss: 0.9134, Entropy: 0.6864, Epsilon: 0.525
2026-03-29 03:38:55 | INFO | Episode  193 - Reward: 13.000, Length: 13, Loss: 0.8880, Entropy: 0.6860, Epsilon: 0.522
2026-03-29 03:38:57 | INFO | Episode  194 - Reward: 12.000, Length: 12, Loss: 0.8587, Entropy: 0.6860, Epsilon: 0.520
2026-03-29 03:38:59 | INFO | Episode  195 - Reward: 8.000, Length: 8, Loss: 0.8460, Entropy: 0.6856, Epsilon: 0.517
2026-03-29 03:39:02 | INFO | Episode  196 - Reward: 10.000, Length: 10, Loss: 0.8240, Entropy: 0.6852, Epsilon: 0.515
2026-03-29 03:39:04 | INFO | Episode  197 - Reward: 12.000, Length: 12, Loss: 0.7895, Entropy: 0.6851, Epsilon: 0.512
2026-03-29 03:39:06 | INFO | Episode  198 - Reward: 13.000, Length: 13, Loss: 0.7668, Entropy: 0.6849, Epsilon: 0.510
2026-03-29 03:39:08 | INFO | Episode  199 - Reward: 10.000, Length: 10, Loss: 0.7444, Entropy: 0.6845, Epsilon: 0.507
2026-03-29 03:39:11 | INFO | Episode  200 - Reward: 15.000, Length: 15, Loss: 0.7202, Entropy: 0.6845, Epsilon: 0.505
2026-03-29 03:39:15 | INFO | [Episode  200] eps=0.505  avg_reward=  14.060  avg_length= 14.06  avg_loss=  0.7871  avg_entropy=0.6845  eval_success=0.000
2026-03-29 03:39:17 | INFO | Episode  201 - Reward: 11.000, Length: 11, Loss: 0.7155, Entropy: 0.6843, Epsilon: 0.503
2026-03-29 03:39:20 | INFO | Episode  202 - Reward: 20.000, Length: 20, Loss: 0.6697, Entropy: 0.6842, Epsilon: 0.500
2026-03-29 03:39:22 | INFO | Episode  203 - Reward: 16.000, Length: 16, Loss: 0.6593, Entropy: 0.6837, Epsilon: 0.498
2026-03-29 03:39:24 | INFO | Episode  204 - Reward: 16.000, Length: 16, Loss: 0.6524, Entropy: 0.6838, Epsilon: 0.495
2026-03-29 03:39:26 | INFO | Episode  205 - Reward: 13.000, Length: 13, Loss: 0.6316, Entropy: 0.6832, Epsilon: 0.493
2026-03-29 03:39:28 | INFO | Episode  206 - Reward: 9.000, Length: 9, Loss: 0.6078, Entropy: 0.6834, Epsilon: 0.490
2026-03-29 03:39:30 | INFO | Episode  207 - Reward: 12.000, Length: 12, Loss: 0.6109, Entropy: 0.6831, Epsilon: 0.488
2026-03-29 03:39:32 | INFO | Episode  208 - Reward: 26.000, Length: 26, Loss: 0.5934, Entropy: 0.6831, Epsilon: 0.485
2026-03-29 03:39:34 | INFO | Episode  209 - Reward: 13.000, Length: 13, Loss: 0.5703, Entropy: 0.6831, Epsilon: 0.483
2026-03-29 03:39:37 | INFO | Episode  210 - Reward: 15.000, Length: 15, Loss: 0.5462, Entropy: 0.6828, Epsilon: 0.480
2026-03-29 03:39:39 | INFO | Episode  211 - Reward: 10.000, Length: 10, Loss: 0.5454, Entropy: 0.6825, Epsilon: 0.478
2026-03-29 03:39:41 | INFO | Episode  212 - Reward: 15.000, Length: 15, Loss: 0.5298, Entropy: 0.6828, Epsilon: 0.475
2026-03-29 03:39:43 | INFO | Episode  213 - Reward: 17.000, Length: 17, Loss: 0.5090, Entropy: 0.6825, Epsilon: 0.473
2026-03-29 03:39:45 | INFO | Episode  214 - Reward: 17.000, Length: 17, Loss: 0.4853, Entropy: 0.6824, Epsilon: 0.470
2026-03-29 03:39:46 | INFO | Episode  215 - Reward: 9.000, Length: 9, Loss: 0.4842, Entropy: 0.6823, Epsilon: 0.468
2026-03-29 03:39:49 | INFO | Episode  216 - Reward: 16.000, Length: 16, Loss: 0.4617, Entropy: 0.6820, Epsilon: 0.465
2026-03-29 03:39:51 | INFO | Episode  217 - Reward: 11.000, Length: 11, Loss: 0.4705, Entropy: 0.6819, Epsilon: 0.463
2026-03-29 03:39:53 | INFO | Episode  218 - Reward: 10.000, Length: 10, Loss: 0.4405, Entropy: 0.6818, Epsilon: 0.460
2026-03-29 03:39:55 | INFO | Episode  219 - Reward: 13.000, Length: 13, Loss: 0.4538, Entropy: 0.6814, Epsilon: 0.458
2026-03-29 03:39:57 | INFO | Episode  220 - Reward: 16.000, Length: 16, Loss: 0.4283, Entropy: 0.6816, Epsilon: 0.456
2026-03-29 03:39:59 | INFO | Episode  221 - Reward: 13.000, Length: 13, Loss: 0.4188, Entropy: 0.6817, Epsilon: 0.453
2026-03-29 03:40:01 | INFO | Episode  222 - Reward: 9.000, Length: 9, Loss: 1.2693, Entropy: 0.6811, Epsilon: 0.451
2026-03-29 03:40:03 | INFO | Episode  223 - Reward: 18.000, Length: 18, Loss: 1.2347, Entropy: 0.6809, Epsilon: 0.448
2026-03-29 03:40:05 | INFO | Episode  224 - Reward: 17.000, Length: 17, Loss: 1.1860, Entropy: 0.6807, Epsilon: 0.446
2026-03-29 03:40:07 | INFO | Episode  225 - Reward: 13.000, Length: 13, Loss: 1.1491, Entropy: 0.6798, Epsilon: 0.443
2026-03-29 03:40:09 | INFO | Episode  226 - Reward: 16.000, Length: 16, Loss: 1.1070, Entropy: 0.6793, Epsilon: 0.441
2026-03-29 03:40:12 | INFO | Episode  227 - Reward: 12.000, Length: 12, Loss: 1.0779, Entropy: 0.6787, Epsilon: 0.438
2026-03-29 03:40:14 | INFO | Episode  228 - Reward: 10.000, Length: 10, Loss: 1.0369, Entropy: 0.6780, Epsilon: 0.436
2026-03-29 03:40:16 | INFO | Episode  229 - Reward: 12.000, Length: 12, Loss: 0.9792, Entropy: 0.6777, Epsilon: 0.433
2026-03-29 03:40:18 | INFO | Episode  230 - Reward: 11.000, Length: 11, Loss: 0.9639, Entropy: 0.6773, Epsilon: 0.431
2026-03-29 03:40:20 | INFO | Episode  231 - Reward: 9.000, Length: 9, Loss: 0.9501, Entropy: 0.6769, Epsilon: 0.428
2026-03-29 03:40:22 | INFO | Episode  232 - Reward: 11.000, Length: 11, Loss: 0.9112, Entropy: 0.6761, Epsilon: 0.426
2026-03-29 03:40:24 | INFO | Episode  233 - Reward: 8.000, Length: 8, Loss: 0.8695, Entropy: 0.6762, Epsilon: 0.423
2026-03-29 03:40:26 | INFO | Episode  234 - Reward: 9.000, Length: 9, Loss: 0.8415, Entropy: 0.6757, Epsilon: 0.421
2026-03-29 03:40:28 | INFO | Episode  235 - Reward: 12.000, Length: 12, Loss: 0.8666, Entropy: 0.6746, Epsilon: 0.418
2026-03-29 03:40:30 | INFO | Episode  236 - Reward: 10.000, Length: 10, Loss: 0.8119, Entropy: 0.6747, Epsilon: 0.416
2026-03-29 03:40:32 | INFO | Episode  237 - Reward: 13.000, Length: 13, Loss: 0.7895, Entropy: 0.6748, Epsilon: 0.413
2026-03-29 03:40:35 | INFO | Episode  238 - Reward: 11.000, Length: 11, Loss: 0.7469, Entropy: 0.6744, Epsilon: 0.411
2026-03-29 03:40:37 | INFO | Episode  239 - Reward: 11.000, Length: 11, Loss: 0.7983, Entropy: 0.6738, Epsilon: 0.408
2026-03-29 03:40:39 | INFO | Episode  240 - Reward: 12.000, Length: 12, Loss: 0.6745, Entropy: 0.6741, Epsilon: 0.406
2026-03-29 03:40:42 | INFO | Episode  241 - Reward: 12.000, Length: 12, Loss: 0.6992, Entropy: 0.6737, Epsilon: 0.404
2026-03-29 03:40:44 | INFO | Episode  242 - Reward: 11.000, Length: 11, Loss: 0.6726, Entropy: 0.6730, Epsilon: 0.401
2026-03-29 03:40:46 | INFO | Episode  243 - Reward: 14.000, Length: 14, Loss: 0.7244, Entropy: 0.6730, Epsilon: 0.399
2026-03-29 03:40:48 | INFO | Episode  244 - Reward: 15.000, Length: 15, Loss: 0.6625, Entropy: 0.6726, Epsilon: 0.396
2026-03-29 03:40:50 | INFO | Episode  245 - Reward: 22.000, Length: 22, Loss: 0.7713, Entropy: 0.6722, Epsilon: 0.394
2026-03-29 03:40:52 | INFO | Episode  246 - Reward: 11.000, Length: 11, Loss: 0.6613, Entropy: 0.6728, Epsilon: 0.391
2026-03-29 03:40:55 | INFO | Episode  247 - Reward: 17.000, Length: 17, Loss: 0.6110, Entropy: 0.6728, Epsilon: 0.389
2026-03-29 03:40:57 | INFO | Episode  248 - Reward: 14.000, Length: 14, Loss: 0.6027, Entropy: 0.6724, Epsilon: 0.386
2026-03-29 03:40:59 | INFO | Episode  249 - Reward: 13.000, Length: 13, Loss: 0.6101, Entropy: 0.6729, Epsilon: 0.384
2026-03-29 03:41:01 | INFO | Episode  250 - Reward: 10.000, Length: 10, Loss: 0.5896, Entropy: 0.6721, Epsilon: 0.381
2026-03-29 03:41:05 | INFO | [Episode  250] eps=0.381  avg_reward=  13.220  avg_length= 13.22  avg_loss=  0.7271  avg_entropy=0.6721  eval_success=0.000
2026-03-29 03:41:07 | INFO | Episode  251 - Reward: 9.000, Length: 9, Loss: 0.5780, Entropy: 0.6725, Epsilon: 0.379
2026-03-29 03:41:10 | INFO | Episode  252 - Reward: 13.000, Length: 13, Loss: 0.5356, Entropy: 0.6730, Epsilon: 0.376
2026-03-29 03:41:13 | INFO | Episode  253 - Reward: 16.000, Length: 16, Loss: 0.5821, Entropy: 0.6729, Epsilon: 0.374
2026-03-29 03:41:16 | INFO | Episode  254 - Reward: 19.000, Length: 19, Loss: 0.5361, Entropy: 0.6729, Epsilon: 0.371
2026-03-29 03:41:18 | INFO | Episode  255 - Reward: 11.000, Length: 11, Loss: 0.4643, Entropy: 0.6732, Epsilon: 0.369
2026-03-29 03:41:21 | INFO | Episode  256 - Reward: 11.000, Length: 11, Loss: 0.5023, Entropy: 0.6728, Epsilon: 0.366
2026-03-29 03:41:23 | INFO | Episode  257 - Reward: 11.000, Length: 11, Loss: 0.5275, Entropy: 0.6726, Epsilon: 0.364
2026-03-29 03:41:26 | INFO | Episode  258 - Reward: 14.000, Length: 14, Loss: 0.4340, Entropy: 0.6729, Epsilon: 0.361
2026-03-29 03:41:28 | INFO | Episode  259 - Reward: 17.000, Length: 17, Loss: 0.5085, Entropy: 0.6727, Epsilon: 0.359
2026-03-29 03:41:30 | INFO | Episode  260 - Reward: 20.000, Length: 20, Loss: 0.5512, Entropy: 0.6723, Epsilon: 0.357
2026-03-29 03:41:32 | INFO | Episode  261 - Reward: 18.000, Length: 18, Loss: 1.5060, Entropy: 0.6725, Epsilon: 0.354
2026-03-29 03:41:35 | INFO | Episode  262 - Reward: 11.000, Length: 11, Loss: 1.4482, Entropy: 0.6711, Epsilon: 0.352
2026-03-29 03:41:37 | INFO | Episode  263 - Reward: 11.000, Length: 11, Loss: 1.4568, Entropy: 0.6701, Epsilon: 0.349
2026-03-29 03:41:39 | INFO | Episode  264 - Reward: 13.000, Length: 13, Loss: 1.3533, Entropy: 0.6686, Epsilon: 0.347
2026-03-29 03:41:41 | INFO | Episode  265 - Reward: 10.000, Length: 10, Loss: 1.2330, Entropy: 0.6682, Epsilon: 0.344
2026-03-29 03:41:43 | INFO | Episode  266 - Reward: 24.000, Length: 24, Loss: 1.2356, Entropy: 0.6669, Epsilon: 0.342
2026-03-29 03:41:45 | INFO | Episode  267 - Reward: 11.000, Length: 11, Loss: 1.3263, Entropy: 0.6660, Epsilon: 0.339
2026-03-29 03:41:48 | INFO | Episode  268 - Reward: 13.000, Length: 13, Loss: 1.2433, Entropy: 0.6660, Epsilon: 0.337
2026-03-29 03:41:50 | INFO | Episode  269 - Reward: 18.000, Length: 18, Loss: 1.1401, Entropy: 0.6661, Epsilon: 0.334
2026-03-29 03:41:52 | INFO | Episode  270 - Reward: 13.000, Length: 13, Loss: 1.0511, Entropy: 0.6644, Epsilon: 0.332
2026-03-29 03:41:54 | INFO | Episode  271 - Reward: 10.000, Length: 10, Loss: 1.0790, Entropy: 0.6635, Epsilon: 0.329
2026-03-29 03:41:56 | INFO | Episode  272 - Reward: 9.000, Length: 9, Loss: 1.0282, Entropy: 0.6636, Epsilon: 0.327
2026-03-29 03:41:58 | INFO | Episode  273 - Reward: 10.000, Length: 10, Loss: 0.9487, Entropy: 0.6630, Epsilon: 0.324
2026-03-29 03:42:00 | INFO | Episode  274 - Reward: 15.000, Length: 15, Loss: 1.0308, Entropy: 0.6623, Epsilon: 0.322
2026-03-29 03:42:02 | INFO | Episode  275 - Reward: 11.000, Length: 11, Loss: 0.9212, Entropy: 0.6625, Epsilon: 0.319
2026-03-29 03:42:04 | INFO | Episode  276 - Reward: 13.000, Length: 13, Loss: 0.9390, Entropy: 0.6620, Epsilon: 0.317
2026-03-29 03:42:06 | INFO | Episode  277 - Reward: 14.000, Length: 14, Loss: 0.8179, Entropy: 0.6619, Epsilon: 0.314
2026-03-29 03:42:09 | INFO | Episode  278 - Reward: 10.000, Length: 10, Loss: 1.0125, Entropy: 0.6613, Epsilon: 0.312
2026-03-29 03:42:11 | INFO | Episode  279 - Reward: 10.000, Length: 10, Loss: 0.9180, Entropy: 0.6616, Epsilon: 0.309
2026-03-29 03:42:13 | INFO | Episode  280 - Reward: 10.000, Length: 10, Loss: 0.9546, Entropy: 0.6618, Epsilon: 0.307
2026-03-29 03:42:15 | INFO | Episode  281 - Reward: 12.000, Length: 12, Loss: 0.7873, Entropy: 0.6615, Epsilon: 0.305
2026-03-29 03:42:17 | INFO | Episode  282 - Reward: 9.000, Length: 9, Loss: 0.7979, Entropy: 0.6621, Epsilon: 0.302
2026-03-29 03:42:19 | INFO | Episode  283 - Reward: 10.000, Length: 10, Loss: 0.9576, Entropy: 0.6617, Epsilon: 0.300
2026-03-29 03:42:22 | INFO | Episode  284 - Reward: 13.000, Length: 13, Loss: 0.7617, Entropy: 0.6621, Epsilon: 0.297
2026-03-29 03:42:24 | INFO | Episode  285 - Reward: 11.000, Length: 11, Loss: 0.9343, Entropy: 0.6623, Epsilon: 0.295
2026-03-29 03:42:25 | INFO | Episode  286 - Reward: 17.000, Length: 17, Loss: 0.8189, Entropy: 0.6625, Epsilon: 0.292
2026-03-29 03:42:28 | INFO | Episode  287 - Reward: 13.000, Length: 13, Loss: 0.7262, Entropy: 0.6631, Epsilon: 0.290
2026-03-29 03:42:30 | INFO | Episode  288 - Reward: 11.000, Length: 11, Loss: 0.7821, Entropy: 0.6628, Epsilon: 0.287
2026-03-29 03:42:32 | INFO | Episode  289 - Reward: 12.000, Length: 12, Loss: 0.8121, Entropy: 0.6629, Epsilon: 0.285
2026-03-29 03:42:34 | INFO | Episode  290 - Reward: 13.000, Length: 13, Loss: 0.8721, Entropy: 0.6632, Epsilon: 0.282
2026-03-29 03:42:37 | INFO | Episode  291 - Reward: 14.000, Length: 14, Loss: 0.8002, Entropy: 0.6640, Epsilon: 0.280
2026-03-29 03:42:39 | INFO | Episode  292 - Reward: 13.000, Length: 13, Loss: 0.9657, Entropy: 0.6640, Epsilon: 0.277
2026-03-29 03:42:41 | INFO | Episode  293 - Reward: 10.000, Length: 10, Loss: 0.7727, Entropy: 0.6645, Epsilon: 0.275
2026-03-29 03:42:43 | INFO | Episode  294 - Reward: 11.000, Length: 11, Loss: 0.8533, Entropy: 0.6647, Epsilon: 0.272
2026-03-29 03:42:45 | INFO | Episode  295 - Reward: 12.000, Length: 12, Loss: 0.7884, Entropy: 0.6653, Epsilon: 0.270
2026-03-29 03:42:47 | INFO | Episode  296 - Reward: 10.000, Length: 10, Loss: 0.7984, Entropy: 0.6655, Epsilon: 0.267
2026-03-29 03:42:50 | INFO | Episode  297 - Reward: 8.000, Length: 8, Loss: 0.7837, Entropy: 0.6658, Epsilon: 0.265
2026-03-29 03:42:52 | INFO | Episode  298 - Reward: 15.000, Length: 15, Loss: 0.8451, Entropy: 0.6664, Epsilon: 0.262
2026-03-29 03:42:54 | INFO | Episode  299 - Reward: 14.000, Length: 14, Loss: 0.8466, Entropy: 0.6667, Epsilon: 0.260
2026-03-29 03:42:56 | INFO | Episode  300 - Reward: 12.000, Length: 12, Loss: 0.7126, Entropy: 0.6670, Epsilon: 0.258
2026-03-29 03:43:00 | INFO | [Episode  300] eps=0.258  avg_reward=  12.700  avg_length= 12.70  avg_loss=  0.8856  avg_entropy=0.6670  eval_success=0.000
2026-03-29 03:43:02 | INFO | Episode  301 - Reward: 11.000, Length: 11, Loss: 1.9148, Entropy: 0.6659, Epsilon: 0.255
2026-03-29 03:43:04 | INFO | Episode  302 - Reward: 12.000, Length: 12, Loss: 1.8016, Entropy: 0.6638, Epsilon: 0.253
2026-03-29 03:43:06 | INFO | Episode  303 - Reward: 9.000, Length: 9, Loss: 1.7979, Entropy: 0.6630, Epsilon: 0.250
2026-03-29 03:43:08 | INFO | Episode  304 - Reward: 12.000, Length: 12, Loss: 1.6936, Entropy: 0.6611, Epsilon: 0.248
2026-03-29 03:43:10 | INFO | Episode  305 - Reward: 10.000, Length: 10, Loss: 1.7912, Entropy: 0.6599, Epsilon: 0.245
2026-03-29 03:43:12 | INFO | Episode  306 - Reward: 11.000, Length: 11, Loss: 1.4651, Entropy: 0.6597, Epsilon: 0.243
2026-03-29 03:43:14 | INFO | Episode  307 - Reward: 11.000, Length: 11, Loss: 1.3802, Entropy: 0.6584, Epsilon: 0.240
2026-03-29 03:43:17 | INFO | Episode  308 - Reward: 10.000, Length: 10, Loss: 1.3298, Entropy: 0.6565, Epsilon: 0.238
2026-03-29 03:43:19 | INFO | Episode  309 - Reward: 8.000, Length: 8, Loss: 1.2957, Entropy: 0.6559, Epsilon: 0.235
2026-03-29 03:43:22 | INFO | Episode  310 - Reward: 10.000, Length: 10, Loss: 1.6668, Entropy: 0.6548, Epsilon: 0.233
2026-03-29 03:43:24 | INFO | Episode  311 - Reward: 9.000, Length: 9, Loss: 1.5462, Entropy: 0.6555, Epsilon: 0.230
2026-03-29 03:43:27 | INFO | Episode  312 - Reward: 9.000, Length: 9, Loss: 1.2639, Entropy: 0.6554, Epsilon: 0.228
2026-03-29 03:43:30 | INFO | Episode  313 - Reward: 15.000, Length: 15, Loss: 1.4388, Entropy: 0.6549, Epsilon: 0.225
2026-03-29 03:43:32 | INFO | Episode  314 - Reward: 11.000, Length: 11, Loss: 1.4075, Entropy: 0.6552, Epsilon: 0.223
2026-03-29 03:43:35 | INFO | Episode  315 - Reward: 13.000, Length: 13, Loss: 1.3973, Entropy: 0.6550, Epsilon: 0.220
2026-03-29 03:43:37 | INFO | Episode  316 - Reward: 10.000, Length: 10, Loss: 1.3751, Entropy: 0.6555, Epsilon: 0.218
2026-03-29 03:43:40 | INFO | Episode  317 - Reward: 12.000, Length: 12, Loss: 1.3388, Entropy: 0.6570, Epsilon: 0.215
2026-03-29 03:43:42 | INFO | Episode  318 - Reward: 13.000, Length: 13, Loss: 1.1825, Entropy: 0.6569, Epsilon: 0.213
2026-03-29 03:43:45 | INFO | Episode  319 - Reward: 13.000, Length: 13, Loss: 1.3510, Entropy: 0.6569, Epsilon: 0.210
2026-03-29 03:43:47 | INFO | Episode  320 - Reward: 10.000, Length: 10, Loss: 1.2508, Entropy: 0.6578, Epsilon: 0.208
2026-03-29 03:43:49 | INFO | Episode  321 - Reward: 8.000, Length: 8, Loss: 1.2302, Entropy: 0.6575, Epsilon: 0.206
2026-03-29 03:43:51 | INFO | Episode  322 - Reward: 9.000, Length: 9, Loss: 1.0926, Entropy: 0.6573, Epsilon: 0.203
2026-03-29 03:43:53 | INFO | Episode  323 - Reward: 9.000, Length: 9, Loss: 1.3117, Entropy: 0.6573, Epsilon: 0.201
2026-03-29 03:43:55 | INFO | Episode  324 - Reward: 9.000, Length: 9, Loss: 1.2553, Entropy: 0.6584, Epsilon: 0.198
2026-03-29 03:43:58 | INFO | Episode  325 - Reward: 9.000, Length: 9, Loss: 1.0379, Entropy: 0.6584, Epsilon: 0.196
2026-03-29 03:44:00 | INFO | Episode  326 - Reward: 9.000, Length: 9, Loss: 1.3257, Entropy: 0.6582, Epsilon: 0.193
2026-03-29 03:44:02 | INFO | Episode  327 - Reward: 11.000, Length: 11, Loss: 1.1334, Entropy: 0.6587, Epsilon: 0.191
2026-03-29 03:44:04 | INFO | Episode  328 - Reward: 8.000, Length: 8, Loss: 1.2273, Entropy: 0.6587, Epsilon: 0.188
2026-03-29 03:44:06 | INFO | Episode  329 - Reward: 11.000, Length: 11, Loss: 1.1558, Entropy: 0.6593, Epsilon: 0.186
2026-03-29 03:44:08 | INFO | Episode  330 - Reward: 9.000, Length: 9, Loss: 1.1382, Entropy: 0.6598, Epsilon: 0.183
2026-03-29 03:44:11 | INFO | Episode  331 - Reward: 10.000, Length: 10, Loss: 1.2085, Entropy: 0.6602, Epsilon: 0.181
2026-03-29 03:44:13 | INFO | Episode  332 - Reward: 14.000, Length: 14, Loss: 1.2765, Entropy: 0.6606, Epsilon: 0.178
2026-03-29 03:44:15 | INFO | Episode  333 - Reward: 8.000, Length: 8, Loss: 1.0856, Entropy: 0.6613, Epsilon: 0.176
2026-03-29 03:44:17 | INFO | Episode  334 - Reward: 13.000, Length: 13, Loss: 1.2590, Entropy: 0.6616, Epsilon: 0.173
2026-03-29 03:44:19 | INFO | Episode  335 - Reward: 12.000, Length: 12, Loss: 1.1676, Entropy: 0.6629, Epsilon: 0.171
2026-03-29 03:44:21 | INFO | Episode  336 - Reward: 10.000, Length: 10, Loss: 1.1500, Entropy: 0.6621, Epsilon: 0.168
2026-03-29 03:44:23 | INFO | Episode  337 - Reward: 10.000, Length: 10, Loss: 1.1812, Entropy: 0.6629, Epsilon: 0.166
2026-03-29 03:44:25 | INFO | Episode  338 - Reward: 8.000, Length: 8, Loss: 1.2990, Entropy: 0.6632, Epsilon: 0.163
2026-03-29 03:44:28 | INFO | Episode  339 - Reward: 8.000, Length: 8, Loss: 1.1706, Entropy: 0.6636, Epsilon: 0.161
2026-03-29 03:44:30 | INFO | Episode  340 - Reward: 10.000, Length: 10, Loss: 1.0475, Entropy: 0.6645, Epsilon: 0.158
2026-03-29 03:44:32 | INFO | Episode  341 - Reward: 8.000, Length: 8, Loss: 1.2205, Entropy: 0.6646, Epsilon: 0.156
2026-03-29 03:44:34 | INFO | Episode  342 - Reward: 14.000, Length: 14, Loss: 1.3527, Entropy: 0.6656, Epsilon: 0.154
2026-03-29 03:44:36 | INFO | Episode  343 - Reward: 10.000, Length: 10, Loss: 1.2982, Entropy: 0.6662, Epsilon: 0.151
2026-03-29 03:44:38 | INFO | Episode  344 - Reward: 9.000, Length: 9, Loss: 1.2351, Entropy: 0.6668, Epsilon: 0.149
2026-03-29 03:44:40 | INFO | Episode  345 - Reward: 9.000, Length: 9, Loss: 1.0308, Entropy: 0.6672, Epsilon: 0.146
2026-03-29 03:44:42 | INFO | Episode  346 - Reward: 10.000, Length: 10, Loss: 1.2229, Entropy: 0.6677, Epsilon: 0.144
2026-03-29 03:44:44 | INFO | Episode  347 - Reward: 13.000, Length: 13, Loss: 1.0967, Entropy: 0.6682, Epsilon: 0.141
2026-03-29 03:44:47 | INFO | Episode  348 - Reward: 12.000, Length: 12, Loss: 1.0860, Entropy: 0.6682, Epsilon: 0.139
2026-03-29 03:44:49 | INFO | Episode  349 - Reward: 9.000, Length: 9, Loss: 2.3573, Entropy: 0.6669, Epsilon: 0.136
2026-03-29 03:44:51 | INFO | Episode  350 - Reward: 10.000, Length: 10, Loss: 2.4171, Entropy: 0.6650, Epsilon: 0.134
2026-03-29 03:44:55 | INFO | [Episode  350] eps=0.134  avg_reward=  10.360  avg_length= 10.36  avg_loss=  1.3552  avg_entropy=0.6650  eval_success=0.000
2026-03-29 03:44:57 | INFO | Episode  351 - Reward: 10.000, Length: 10, Loss: 1.9752, Entropy: 0.6636, Epsilon: 0.131
2026-03-29 03:44:59 | INFO | Episode  352 - Reward: 9.000, Length: 9, Loss: 2.2628, Entropy: 0.6626, Epsilon: 0.129
2026-03-29 03:45:01 | INFO | Episode  353 - Reward: 10.000, Length: 10, Loss: 1.6158, Entropy: 0.6618, Epsilon: 0.126
2026-03-29 03:45:03 | INFO | Episode  354 - Reward: 10.000, Length: 10, Loss: 2.0358, Entropy: 0.6607, Epsilon: 0.124
2026-03-29 03:45:05 | INFO | Episode  355 - Reward: 9.000, Length: 9, Loss: 2.0678, Entropy: 0.6609, Epsilon: 0.121
2026-03-29 03:45:07 | INFO | Episode  356 - Reward: 11.000, Length: 11, Loss: 1.4306, Entropy: 0.6603, Epsilon: 0.119
2026-03-29 03:45:09 | INFO | Episode  357 - Reward: 9.000, Length: 9, Loss: 1.7494, Entropy: 0.6596, Epsilon: 0.116
2026-03-29 03:45:12 | INFO | Episode  358 - Reward: 9.000, Length: 9, Loss: 1.8081, Entropy: 0.6593, Epsilon: 0.114
2026-03-29 03:45:13 | INFO | Episode  359 - Reward: 10.000, Length: 10, Loss: 1.7169, Entropy: 0.6595, Epsilon: 0.111
2026-03-29 03:45:15 | INFO | Episode  360 - Reward: 9.000, Length: 9, Loss: 1.8249, Entropy: 0.6601, Epsilon: 0.109
2026-03-29 03:45:17 | INFO | Episode  361 - Reward: 9.000, Length: 9, Loss: 1.7685, Entropy: 0.6608, Epsilon: 0.107
2026-03-29 03:45:19 | INFO | Episode  362 - Reward: 8.000, Length: 8, Loss: 1.5391, Entropy: 0.6608, Epsilon: 0.104
2026-03-29 03:45:22 | INFO | Episode  363 - Reward: 10.000, Length: 10, Loss: 1.5357, Entropy: 0.6617, Epsilon: 0.102
2026-03-29 03:45:24 | INFO | Episode  364 - Reward: 10.000, Length: 10, Loss: 1.6249, Entropy: 0.6623, Epsilon: 0.099
2026-03-29 03:45:26 | INFO | Episode  365 - Reward: 10.000, Length: 10, Loss: 1.7464, Entropy: 0.6630, Epsilon: 0.097
2026-03-29 03:45:28 | INFO | Episode  366 - Reward: 10.000, Length: 10, Loss: 1.6567, Entropy: 0.6629, Epsilon: 0.094
2026-03-29 03:45:30 | INFO | Episode  367 - Reward: 9.000, Length: 9, Loss: 1.4789, Entropy: 0.6632, Epsilon: 0.092
2026-03-29 03:45:32 | INFO | Episode  368 - Reward: 10.000, Length: 10, Loss: 1.7802, Entropy: 0.6633, Epsilon: 0.089
2026-03-29 03:45:35 | INFO | Episode  369 - Reward: 8.000, Length: 8, Loss: 1.7036, Entropy: 0.6640, Epsilon: 0.087
2026-03-29 03:45:37 | INFO | Episode  370 - Reward: 10.000, Length: 10, Loss: 1.3646, Entropy: 0.6640, Epsilon: 0.084
2026-03-29 03:45:40 | INFO | Episode  371 - Reward: 10.000, Length: 10, Loss: 1.8332, Entropy: 0.6643, Epsilon: 0.082
2026-03-29 03:45:42 | INFO | Episode  372 - Reward: 9.000, Length: 9, Loss: 1.7359, Entropy: 0.6649, Epsilon: 0.079
2026-03-29 03:45:45 | INFO | Episode  373 - Reward: 9.000, Length: 9, Loss: 1.7783, Entropy: 0.6654, Epsilon: 0.077
2026-03-29 03:45:48 | INFO | Episode  374 - Reward: 10.000, Length: 10, Loss: 1.7162, Entropy: 0.6664, Epsilon: 0.074
2026-03-29 03:45:50 | INFO | Episode  375 - Reward: 10.000, Length: 10, Loss: 1.9987, Entropy: 0.6671, Epsilon: 0.072
2026-03-29 03:45:53 | INFO | Episode  376 - Reward: 9.000, Length: 9, Loss: 1.2555, Entropy: 0.6671, Epsilon: 0.069
2026-03-29 03:45:55 | INFO | Episode  377 - Reward: 9.000, Length: 9, Loss: 1.4680, Entropy: 0.6675, Epsilon: 0.067
2026-03-29 03:45:57 | INFO | Episode  378 - Reward: 12.000, Length: 12, Loss: 1.6052, Entropy: 0.6681, Epsilon: 0.064
2026-03-29 03:46:00 | INFO | Episode  379 - Reward: 12.000, Length: 12, Loss: 1.7425, Entropy: 0.6692, Epsilon: 0.062
2026-03-29 03:46:02 | INFO | Episode  380 - Reward: 10.000, Length: 10, Loss: 1.4956, Entropy: 0.6697, Epsilon: 0.059
2026-03-29 03:46:04 | INFO | Episode  381 - Reward: 10.000, Length: 10, Loss: 1.7601, Entropy: 0.6705, Epsilon: 0.057
2026-03-29 03:46:07 | INFO | Episode  382 - Reward: 8.000, Length: 8, Loss: 1.6525, Entropy: 0.6705, Epsilon: 0.055
2026-03-29 03:46:09 | INFO | Episode  383 - Reward: 10.000, Length: 10, Loss: 1.6080, Entropy: 0.6705, Epsilon: 0.052
2026-03-29 03:46:11 | INFO | Episode  384 - Reward: 9.000, Length: 9, Loss: 1.6422, Entropy: 0.6708, Epsilon: 0.050
2026-03-29 03:46:14 | INFO | Episode  385 - Reward: 9.000, Length: 9, Loss: 1.4123, Entropy: 0.6712, Epsilon: 0.047
2026-03-29 03:46:16 | INFO | Episode  386 - Reward: 9.000, Length: 9, Loss: 1.5827, Entropy: 0.6719, Epsilon: 0.045
2026-03-29 03:46:18 | INFO | Episode  387 - Reward: 11.000, Length: 11, Loss: 1.3326, Entropy: 0.6721, Epsilon: 0.042
2026-03-29 03:46:20 | INFO | Episode  388 - Reward: 9.000, Length: 9, Loss: 1.4535, Entropy: 0.6719, Epsilon: 0.040
2026-03-29 03:46:22 | INFO | Episode  389 - Reward: 8.000, Length: 8, Loss: 1.4103, Entropy: 0.6716, Epsilon: 0.037
2026-03-29 03:46:24 | INFO | Episode  390 - Reward: 10.000, Length: 10, Loss: 1.4935, Entropy: 0.6714, Epsilon: 0.035
2026-03-29 03:46:27 | INFO | Episode  391 - Reward: 9.000, Length: 9, Loss: 1.6284, Entropy: 0.6716, Epsilon: 0.032
2026-03-29 03:46:29 | INFO | Episode  392 - Reward: 10.000, Length: 10, Loss: 1.4814, Entropy: 0.6719, Epsilon: 0.030
2026-03-29 03:46:31 | INFO | Episode  393 - Reward: 11.000, Length: 11, Loss: 1.8974, Entropy: 0.6728, Epsilon: 0.027
2026-03-29 03:46:33 | INFO | Episode  394 - Reward: 9.000, Length: 9, Loss: 1.3939, Entropy: 0.6730, Epsilon: 0.025
2026-03-29 03:46:35 | INFO | Episode  395 - Reward: 9.000, Length: 9, Loss: 1.4604, Entropy: 0.6734, Epsilon: 0.022
2026-03-29 03:46:38 | INFO | Episode  396 - Reward: 10.000, Length: 10, Loss: 1.2471, Entropy: 0.6737, Epsilon: 0.020
2026-03-29 03:46:40 | INFO | Episode  397 - Reward: 11.000, Length: 11, Loss: 1.3243, Entropy: 0.6742, Epsilon: 0.017
2026-03-29 03:46:42 | INFO | Episode  398 - Reward: 8.000, Length: 8, Loss: 1.3321, Entropy: 0.6747, Epsilon: 0.015
2026-03-29 03:46:44 | INFO | Episode  399 - Reward: 11.000, Length: 11, Loss: 1.3754, Entropy: 0.6752, Epsilon: 0.012
2026-03-29 03:46:46 | INFO | Episode  400 - Reward: 10.000, Length: 10, Loss: 1.5351, Entropy: 0.6752, Epsilon: 0.010
2026-03-29 03:46:49 | INFO | [Episode  400] eps=0.010  avg_reward=   9.620  avg_length=  9.62  avg_loss=  1.6268  avg_entropy=0.6752  eval_success=0.000
2026-03-29 03:46:52 | INFO | Episode  401 - Reward: 12.000, Length: 12, Loss: 2.3136, Entropy: 0.6741, Epsilon: 0.010
2026-03-29 03:46:53 | INFO | Episode  402 - Reward: 8.000, Length: 8, Loss: 2.1558, Entropy: 0.6719, Epsilon: 0.010
2026-03-29 03:46:56 | INFO | Episode  403 - Reward: 10.000, Length: 10, Loss: 2.5481, Entropy: 0.6710, Epsilon: 0.010
2026-03-29 03:46:58 | INFO | Episode  404 - Reward: 10.000, Length: 10, Loss: 2.3661, Entropy: 0.6699, Epsilon: 0.010
2026-03-29 03:47:00 | INFO | Episode  405 - Reward: 9.000, Length: 9, Loss: 2.0592, Entropy: 0.6697, Epsilon: 0.010
2026-03-29 03:47:02 | INFO | Episode  406 - Reward: 10.000, Length: 10, Loss: 1.9485, Entropy: 0.6691, Epsilon: 0.010
2026-03-29 03:47:04 | INFO | Episode  407 - Reward: 9.000, Length: 9, Loss: 2.1877, Entropy: 0.6693, Epsilon: 0.010
2026-03-29 03:47:06 | INFO | Episode  408 - Reward: 9.000, Length: 9, Loss: 2.1861, Entropy: 0.6701, Epsilon: 0.010
2026-03-29 03:47:08 | INFO | Episode  409 - Reward: 8.000, Length: 8, Loss: 2.0442, Entropy: 0.6700, Epsilon: 0.010
2026-03-29 03:47:10 | INFO | Episode  410 - Reward: 10.000, Length: 10, Loss: 1.7888, Entropy: 0.6696, Epsilon: 0.010
2026-03-29 03:47:12 | INFO | Episode  411 - Reward: 10.000, Length: 10, Loss: 2.1481, Entropy: 0.6699, Epsilon: 0.010
2026-03-29 03:47:14 | INFO | Episode  412 - Reward: 9.000, Length: 9, Loss: 1.9952, Entropy: 0.6700, Epsilon: 0.010
2026-03-29 03:47:17 | INFO | Episode  413 - Reward: 10.000, Length: 10, Loss: 2.3857, Entropy: 0.6703, Epsilon: 0.010
2026-03-29 03:47:19 | INFO | Episode  414 - Reward: 9.000, Length: 9, Loss: 1.8714, Entropy: 0.6711, Epsilon: 0.010
2026-03-29 03:47:21 | INFO | Episode  415 - Reward: 9.000, Length: 9, Loss: 1.9963, Entropy: 0.6714, Epsilon: 0.010
2026-03-29 03:47:23 | INFO | Episode  416 - Reward: 10.000, Length: 10, Loss: 1.7614, Entropy: 0.6709, Epsilon: 0.010
2026-03-29 03:47:25 | INFO | Episode  417 - Reward: 9.000, Length: 9, Loss: 2.1240, Entropy: 0.6713, Epsilon: 0.010
2026-03-29 03:47:28 | INFO | Episode  418 - Reward: 10.000, Length: 10, Loss: 1.9348, Entropy: 0.6714, Epsilon: 0.010
2026-03-29 03:47:30 | INFO | Episode  419 - Reward: 9.000, Length: 9, Loss: 1.8948, Entropy: 0.6715, Epsilon: 0.010
2026-03-29 03:47:32 | INFO | Episode  420 - Reward: 10.000, Length: 10, Loss: 1.8227, Entropy: 0.6722, Epsilon: 0.010
2026-03-29 03:47:34 | INFO | Episode  421 - Reward: 9.000, Length: 9, Loss: 1.8744, Entropy: 0.6726, Epsilon: 0.010
2026-03-29 03:47:36 | INFO | Episode  422 - Reward: 9.000, Length: 9, Loss: 1.7292, Entropy: 0.6725, Epsilon: 0.010
2026-03-29 03:47:38 | INFO | Episode  423 - Reward: 9.000, Length: 9, Loss: 1.5763, Entropy: 0.6728, Epsilon: 0.010
2026-03-29 03:47:41 | INFO | Episode  424 - Reward: 11.000, Length: 11, Loss: 1.9109, Entropy: 0.6741, Epsilon: 0.010
2026-03-29 03:47:43 | INFO | Episode  425 - Reward: 10.000, Length: 10, Loss: 1.9234, Entropy: 0.6745, Epsilon: 0.010
2026-03-29 03:47:45 | INFO | Episode  426 - Reward: 9.000, Length: 9, Loss: 1.9493, Entropy: 0.6748, Epsilon: 0.010
2026-03-29 03:47:48 | INFO | Episode  427 - Reward: 9.000, Length: 9, Loss: 2.0163, Entropy: 0.6749, Epsilon: 0.010
2026-03-29 03:47:50 | INFO | Episode  428 - Reward: 10.000, Length: 10, Loss: 1.7368, Entropy: 0.6747, Epsilon: 0.010
2026-03-29 03:47:52 | INFO | Episode  429 - Reward: 9.000, Length: 9, Loss: 1.8477, Entropy: 0.6755, Epsilon: 0.010
2026-03-29 03:47:55 | INFO | Episode  430 - Reward: 9.000, Length: 9, Loss: 1.7936, Entropy: 0.6757, Epsilon: 0.010
2026-03-29 03:47:57 | INFO | Episode  431 - Reward: 10.000, Length: 10, Loss: 1.7253, Entropy: 0.6760, Epsilon: 0.010
2026-03-29 03:47:59 | INFO | Episode  432 - Reward: 9.000, Length: 9, Loss: 1.7270, Entropy: 0.6762, Epsilon: 0.010
2026-03-29 03:48:02 | INFO | Episode  433 - Reward: 10.000, Length: 10, Loss: 1.8085, Entropy: 0.6765, Epsilon: 0.010
2026-03-29 03:48:04 | INFO | Episode  434 - Reward: 9.000, Length: 9, Loss: 1.9562, Entropy: 0.6764, Epsilon: 0.010
2026-03-29 03:48:07 | INFO | Episode  435 - Reward: 10.000, Length: 10, Loss: 1.4656, Entropy: 0.6766, Epsilon: 0.010
2026-03-29 03:48:10 | INFO | Episode  436 - Reward: 9.000, Length: 9, Loss: 1.8452, Entropy: 0.6769, Epsilon: 0.010
2026-03-29 03:48:12 | INFO | Episode  437 - Reward: 9.000, Length: 9, Loss: 1.7305, Entropy: 0.6775, Epsilon: 0.010
2026-03-29 03:48:15 | INFO | Episode  438 - Reward: 10.000, Length: 10, Loss: 1.9858, Entropy: 0.6780, Epsilon: 0.010
2026-03-29 03:48:17 | INFO | Episode  439 - Reward: 10.000, Length: 10, Loss: 1.8955, Entropy: 0.6787, Epsilon: 0.010
2026-03-29 03:48:20 | INFO | Episode  440 - Reward: 9.000, Length: 9, Loss: 1.7305, Entropy: 0.6790, Epsilon: 0.010
2026-03-29 03:48:22 | INFO | Episode  441 - Reward: 10.000, Length: 10, Loss: 1.5744, Entropy: 0.6792, Epsilon: 0.010
2026-03-29 03:48:25 | INFO | Episode  442 - Reward: 8.000, Length: 8, Loss: 1.7870, Entropy: 0.6796, Epsilon: 0.010
2026-03-29 03:48:28 | INFO | Episode  443 - Reward: 9.000, Length: 9, Loss: 1.4710, Entropy: 0.6796, Epsilon: 0.010
2026-03-29 03:48:31 | INFO | Episode  444 - Reward: 10.000, Length: 10, Loss: 1.7660, Entropy: 0.6799, Epsilon: 0.010
2026-03-29 03:48:33 | INFO | Episode  445 - Reward: 9.000, Length: 9, Loss: 1.6433, Entropy: 0.6807, Epsilon: 0.010
2026-03-29 03:48:36 | INFO | Episode  446 - Reward: 9.000, Length: 9, Loss: 1.7837, Entropy: 0.6805, Epsilon: 0.010
2026-03-29 03:48:38 | INFO | Episode  447 - Reward: 9.000, Length: 9, Loss: 1.7859, Entropy: 0.6807, Epsilon: 0.010
2026-03-29 03:48:41 | INFO | Episode  448 - Reward: 10.000, Length: 10, Loss: 1.4490, Entropy: 0.6803, Epsilon: 0.010
2026-03-29 03:48:43 | INFO | Episode  449 - Reward: 9.000, Length: 9, Loss: 1.7708, Entropy: 0.6800, Epsilon: 0.010
2026-03-29 03:48:46 | INFO | Episode  450 - Reward: 10.000, Length: 10, Loss: 1.7252, Entropy: 0.6808, Epsilon: 0.010
2026-03-29 03:48:50 | INFO | [Episode  450] eps=0.010  avg_reward=   9.440  avg_length=  9.44  avg_loss=  1.8903  avg_entropy=0.6808  eval_success=0.000
2026-03-29 03:48:53 | INFO | Episode  451 - Reward: 10.000, Length: 10, Loss: 1.9797, Entropy: 0.6806, Epsilon: 0.010
2026-03-29 03:48:55 | INFO | Episode  452 - Reward: 9.000, Length: 9, Loss: 1.7682, Entropy: 0.6810, Epsilon: 0.010
2026-03-29 03:48:58 | INFO | Episode  453 - Reward: 8.000, Length: 8, Loss: 1.9007, Entropy: 0.6812, Epsilon: 0.010
2026-03-29 03:49:00 | INFO | Episode  454 - Reward: 10.000, Length: 10, Loss: 1.5219, Entropy: 0.6813, Epsilon: 0.010
2026-03-29 03:49:03 | INFO | Episode  455 - Reward: 10.000, Length: 10, Loss: 2.5191, Entropy: 0.6806, Epsilon: 0.010
2026-03-29 03:49:05 | INFO | Episode  456 - Reward: 8.000, Length: 8, Loss: 2.3395, Entropy: 0.6798, Epsilon: 0.010
2026-03-29 03:49:08 | INFO | Episode  457 - Reward: 10.000, Length: 10, Loss: 2.2292, Entropy: 0.6790, Epsilon: 0.010
2026-03-29 03:49:10 | INFO | Episode  458 - Reward: 10.000, Length: 10, Loss: 2.1358, Entropy: 0.6782, Epsilon: 0.010
2026-03-29 03:49:12 | INFO | Episode  459 - Reward: 9.000, Length: 9, Loss: 2.0832, Entropy: 0.6778, Epsilon: 0.010
2026-03-29 03:49:15 | INFO | Episode  460 - Reward: 11.000, Length: 11, Loss: 2.0831, Entropy: 0.6774, Epsilon: 0.010
2026-03-29 03:49:17 | INFO | Episode  461 - Reward: 10.000, Length: 10, Loss: 1.8003, Entropy: 0.6773, Epsilon: 0.010
2026-03-29 03:49:19 | INFO | Episode  462 - Reward: 9.000, Length: 9, Loss: 2.3464, Entropy: 0.6784, Epsilon: 0.010
2026-03-29 03:49:22 | INFO | Episode  463 - Reward: 10.000, Length: 10, Loss: 1.9169, Entropy: 0.6784, Epsilon: 0.010
2026-03-29 03:49:24 | INFO | Episode  464 - Reward: 9.000, Length: 9, Loss: 2.0069, Entropy: 0.6789, Epsilon: 0.010
2026-03-29 03:49:26 | INFO | Episode  465 - Reward: 9.000, Length: 9, Loss: 2.1815, Entropy: 0.6801, Epsilon: 0.010
2026-03-29 03:49:28 | INFO | Episode  466 - Reward: 9.000, Length: 9, Loss: 2.0657, Entropy: 0.6810, Epsilon: 0.010
2026-03-29 03:49:31 | INFO | Episode  467 - Reward: 10.000, Length: 10, Loss: 2.1317, Entropy: 0.6823, Epsilon: 0.010
2026-03-29 03:49:33 | INFO | Episode  468 - Reward: 10.000, Length: 10, Loss: 2.2194, Entropy: 0.6835, Epsilon: 0.010
2026-03-29 03:49:35 | INFO | Episode  469 - Reward: 10.000, Length: 10, Loss: 2.0556, Entropy: 0.6837, Epsilon: 0.010
2026-03-29 03:49:37 | INFO | Episode  470 - Reward: 10.000, Length: 10, Loss: 2.2825, Entropy: 0.6844, Epsilon: 0.010
2026-03-29 03:49:39 | INFO | Episode  471 - Reward: 8.000, Length: 8, Loss: 2.0612, Entropy: 0.6847, Epsilon: 0.010
2026-03-29 03:49:41 | INFO | Episode  472 - Reward: 11.000, Length: 11, Loss: 1.8368, Entropy: 0.6847, Epsilon: 0.010
2026-03-29 03:49:43 | INFO | Episode  473 - Reward: 10.000, Length: 10, Loss: 1.6412, Entropy: 0.6848, Epsilon: 0.010
2026-03-29 03:49:46 | INFO | Episode  474 - Reward: 8.000, Length: 8, Loss: 2.0265, Entropy: 0.6848, Epsilon: 0.010
2026-03-29 03:49:48 | INFO | Episode  475 - Reward: 10.000, Length: 10, Loss: 1.7248, Entropy: 0.6853, Epsilon: 0.010
2026-03-29 03:49:50 | INFO | Episode  476 - Reward: 9.000, Length: 9, Loss: 2.0703, Entropy: 0.6858, Epsilon: 0.010
2026-03-29 03:49:52 | INFO | Episode  477 - Reward: 10.000, Length: 10, Loss: 2.1301, Entropy: 0.6858, Epsilon: 0.010
2026-03-29 03:49:54 | INFO | Episode  478 - Reward: 9.000, Length: 9, Loss: 1.8183, Entropy: 0.6864, Epsilon: 0.010
2026-03-29 03:49:56 | INFO | Episode  479 - Reward: 9.000, Length: 9, Loss: 1.8435, Entropy: 0.6864, Epsilon: 0.010
2026-03-29 03:49:59 | INFO | Episode  480 - Reward: 9.000, Length: 9, Loss: 1.8734, Entropy: 0.6862, Epsilon: 0.010
2026-03-29 03:50:00 | INFO | Episode  481 - Reward: 9.000, Length: 9, Loss: 1.9444, Entropy: 0.6867, Epsilon: 0.010
2026-03-29 03:50:03 | INFO | Episode  482 - Reward: 9.000, Length: 9, Loss: 1.6703, Entropy: 0.6870, Epsilon: 0.010
2026-03-29 03:50:05 | INFO | Episode  483 - Reward: 9.000, Length: 9, Loss: 1.7187, Entropy: 0.6871, Epsilon: 0.010
2026-03-29 03:50:07 | INFO | Episode  484 - Reward: 9.000, Length: 9, Loss: 1.9338, Entropy: 0.6875, Epsilon: 0.010
2026-03-29 03:50:09 | INFO | Episode  485 - Reward: 9.000, Length: 9, Loss: 1.9466, Entropy: 0.6880, Epsilon: 0.010
2026-03-29 03:50:11 | INFO | Episode  486 - Reward: 9.000, Length: 9, Loss: 2.0207, Entropy: 0.6887, Epsilon: 0.010
2026-03-29 03:50:13 | INFO | Episode  487 - Reward: 9.000, Length: 9, Loss: 1.5298, Entropy: 0.6886, Epsilon: 0.010
2026-03-29 03:50:15 | INFO | Episode  488 - Reward: 10.000, Length: 10, Loss: 1.6238, Entropy: 0.6885, Epsilon: 0.010
2026-03-29 03:50:17 | INFO | Episode  489 - Reward: 8.000, Length: 8, Loss: 1.7192, Entropy: 0.6889, Epsilon: 0.010
2026-03-29 03:50:19 | INFO | Episode  490 - Reward: 8.000, Length: 8, Loss: 1.6163, Entropy: 0.6889, Epsilon: 0.010
2026-03-29 03:50:21 | INFO | Episode  491 - Reward: 9.000, Length: 9, Loss: 2.2241, Entropy: 0.6892, Epsilon: 0.010
2026-03-29 03:50:23 | INFO | Episode  492 - Reward: 11.000, Length: 11, Loss: 1.7192, Entropy: 0.6892, Epsilon: 0.010
2026-03-29 03:50:26 | INFO | Episode  493 - Reward: 9.000, Length: 9, Loss: 1.8302, Entropy: 0.6895, Epsilon: 0.010
2026-03-29 03:50:28 | INFO | Episode  494 - Reward: 11.000, Length: 11, Loss: 1.6200, Entropy: 0.6895, Epsilon: 0.010
2026-03-29 03:50:30 | INFO | Episode  495 - Reward: 9.000, Length: 9, Loss: 1.6644, Entropy: 0.6899, Epsilon: 0.010
2026-03-29 03:50:32 | INFO | Episode  496 - Reward: 10.000, Length: 10, Loss: 1.5411, Entropy: 0.6902, Epsilon: 0.010
2026-03-29 03:50:35 | INFO | Episode  497 - Reward: 9.000, Length: 9, Loss: 2.1512, Entropy: 0.6903, Epsilon: 0.010
2026-03-29 03:50:37 | INFO | Episode  498 - Reward: 8.000, Length: 8, Loss: 1.6778, Entropy: 0.6900, Epsilon: 0.010
2026-03-29 03:50:39 | INFO | Episode  499 - Reward: 10.000, Length: 10, Loss: 1.5418, Entropy: 0.6899, Epsilon: 0.010
2026-03-29 03:50:41 | INFO | Episode  500 - Reward: 10.000, Length: 10, Loss: 1.6784, Entropy: 0.6900, Epsilon: 0.010
2026-03-29 03:50:45 | INFO | [Episode  500] eps=0.010  avg_reward=   9.380  avg_length=  9.38  avg_loss=  1.9193  avg_entropy=0.6900  eval_success=0.000
2026-03-29 03:50:45 | INFO | DQN+Entropy training: 19m 1.23s
2026-03-29 03:51:00 | INFO | [Final Eval] success=0.000, mean_reward=9.430
