2026-03-29 04:38:29 | INFO | ============================================================
2026-03-29 04:38:29 | INFO | DEVICE / COMPUTE INFORMATION
2026-03-29 04:38:29 | INFO |   JAX backend       : GPU
2026-03-29 04:38:29 | INFO |   Platform          : gpu
2026-03-29 04:38:29 | INFO |   Num devices       : 2
2026-03-29 04:38:29 | INFO |   Device            : cuda:0
2026-03-29 04:38:29 | INFO |   Device            : cuda:1
2026-03-29 04:38:29 | INFO |   GPU name          : Tesla T4
2026-03-29 04:38:29 | INFO | ============================================================
2026-03-29 04:38:29 | INFO | DQN+Entropy | seed=1, lr=0.0005, gamma=0.99, alpha=0.05
2026-03-29 04:38:29 | INFO | Env: cartpole/dense, obs_dim=4, num_actions=2
2026-03-29 04:38:33 | INFO | Episode    1 - Reward: 11.000, Length: 11, Loss: 0.0000, Entropy: 0.0000, Epsilon: 0.998
2026-03-29 04:38:35 | INFO | Episode    2 - Reward: 17.000, Length: 17, Loss: 0.0000, Entropy: 0.0000, Epsilon: 0.995
2026-03-29 04:38:37 | INFO | Episode    3 - Reward: 16.000, Length: 16, Loss: 0.0000, Entropy: 0.0000, Epsilon: 0.993
2026-03-29 04:38:39 | INFO | Episode    4 - Reward: 12.000, Length: 12, Loss: 0.0000, Entropy: 0.0000, Epsilon: 0.990
2026-03-29 04:38:41 | INFO | Episode    5 - Reward: 15.000, Length: 15, Loss: 0.0000, Entropy: 0.0000, Epsilon: 0.988
2026-03-29 04:38:43 | INFO | Episode    6 - Reward: 31.000, Length: 31, Loss: 0.0000, Entropy: 0.0000, Epsilon: 0.985
2026-03-29 04:38:45 | INFO | Episode    7 - Reward: 21.000, Length: 21, Loss: 0.0000, Entropy: 0.0000, Epsilon: 0.983
2026-03-29 04:38:48 | INFO | Episode    8 - Reward: 12.000, Length: 12, Loss: 0.0000, Entropy: 0.0000, Epsilon: 0.980
2026-03-29 04:38:50 | INFO | Episode    9 - Reward: 41.000, Length: 41, Loss: 0.0000, Entropy: 0.0000, Epsilon: 0.978
2026-03-29 04:38:52 | INFO | Episode   10 - Reward: 39.000, Length: 39, Loss: 0.0000, Entropy: 0.0000, Epsilon: 0.975
2026-03-29 04:38:54 | INFO | Episode   11 - Reward: 15.000, Length: 15, Loss: 0.0000, Entropy: 0.0000, Epsilon: 0.973
2026-03-29 04:38:58 | INFO | Episode   12 - Reward: 32.000, Length: 32, Loss: 0.9742, Entropy: 0.6931, Epsilon: 0.970
2026-03-29 04:39:01 | INFO | Episode   13 - Reward: 37.000, Length: 37, Loss: 0.9662, Entropy: 0.6931, Epsilon: 0.968
2026-03-29 04:39:03 | INFO | Episode   14 - Reward: 16.000, Length: 16, Loss: 0.9600, Entropy: 0.6931, Epsilon: 0.965
2026-03-29 04:39:05 | INFO | Episode   15 - Reward: 35.000, Length: 35, Loss: 0.9557, Entropy: 0.6931, Epsilon: 0.963
2026-03-29 04:39:07 | INFO | Episode   16 - Reward: 36.000, Length: 36, Loss: 0.9493, Entropy: 0.6931, Epsilon: 0.960
2026-03-29 04:39:09 | INFO | Episode   17 - Reward: 10.000, Length: 10, Loss: 0.9417, Entropy: 0.6931, Epsilon: 0.958
2026-03-29 04:39:11 | INFO | Episode   18 - Reward: 16.000, Length: 16, Loss: 0.9382, Entropy: 0.6931, Epsilon: 0.955
2026-03-29 04:39:13 | INFO | Episode   19 - Reward: 20.000, Length: 20, Loss: 0.9315, Entropy: 0.6931, Epsilon: 0.953
2026-03-29 04:39:15 | INFO | Episode   20 - Reward: 19.000, Length: 19, Loss: 0.9271, Entropy: 0.6931, Epsilon: 0.951
2026-03-29 04:39:17 | INFO | Episode   21 - Reward: 10.000, Length: 10, Loss: 0.9201, Entropy: 0.6931, Epsilon: 0.948
2026-03-29 04:39:19 | INFO | Episode   22 - Reward: 41.000, Length: 41, Loss: 0.9146, Entropy: 0.6931, Epsilon: 0.946
2026-03-29 04:39:21 | INFO | Episode   23 - Reward: 15.000, Length: 15, Loss: 0.9693, Entropy: 0.6931, Epsilon: 0.943
2026-03-29 04:39:23 | INFO | Episode   24 - Reward: 17.000, Length: 17, Loss: 0.9648, Entropy: 0.6931, Epsilon: 0.941
2026-03-29 04:39:26 | INFO | Episode   25 - Reward: 21.000, Length: 21, Loss: 0.9578, Entropy: 0.6931, Epsilon: 0.938
2026-03-29 04:39:28 | INFO | Episode   26 - Reward: 26.000, Length: 26, Loss: 0.9514, Entropy: 0.6931, Epsilon: 0.936
2026-03-29 04:39:30 | INFO | Episode   27 - Reward: 12.000, Length: 12, Loss: 0.9451, Entropy: 0.6931, Epsilon: 0.933
2026-03-29 04:39:32 | INFO | Episode   28 - Reward: 15.000, Length: 15, Loss: 0.9399, Entropy: 0.6931, Epsilon: 0.931
2026-03-29 04:39:34 | INFO | Episode   29 - Reward: 18.000, Length: 18, Loss: 0.9340, Entropy: 0.6931, Epsilon: 0.928
2026-03-29 04:39:36 | INFO | Episode   30 - Reward: 31.000, Length: 31, Loss: 0.9290, Entropy: 0.6931, Epsilon: 0.926
2026-03-29 04:39:38 | INFO | Episode   31 - Reward: 27.000, Length: 27, Loss: 0.9225, Entropy: 0.6931, Epsilon: 0.923
2026-03-29 04:39:40 | INFO | Episode   32 - Reward: 11.000, Length: 11, Loss: 0.9170, Entropy: 0.6931, Epsilon: 0.921
2026-03-29 04:39:42 | INFO | Episode   33 - Reward: 23.000, Length: 23, Loss: 0.9113, Entropy: 0.6931, Epsilon: 0.918
2026-03-29 04:39:44 | INFO | Episode   34 - Reward: 26.000, Length: 26, Loss: 0.9067, Entropy: 0.6931, Epsilon: 0.916
2026-03-29 04:39:46 | INFO | Episode   35 - Reward: 13.000, Length: 13, Loss: 0.9009, Entropy: 0.6931, Epsilon: 0.913
2026-03-29 04:39:48 | INFO | Episode   36 - Reward: 19.000, Length: 19, Loss: 0.8946, Entropy: 0.6931, Epsilon: 0.911
2026-03-29 04:39:51 | INFO | Episode   37 - Reward: 10.000, Length: 10, Loss: 0.8902, Entropy: 0.6931, Epsilon: 0.908
2026-03-29 04:39:53 | INFO | Episode   38 - Reward: 20.000, Length: 20, Loss: 0.8836, Entropy: 0.6931, Epsilon: 0.906
2026-03-29 04:39:55 | INFO | Episode   39 - Reward: 13.000, Length: 13, Loss: 0.8789, Entropy: 0.6931, Epsilon: 0.903
2026-03-29 04:39:57 | INFO | Episode   40 - Reward: 16.000, Length: 16, Loss: 0.8731, Entropy: 0.6931, Epsilon: 0.901
2026-03-29 04:39:59 | INFO | Episode   41 - Reward: 12.000, Length: 12, Loss: 0.8685, Entropy: 0.6931, Epsilon: 0.899
2026-03-29 04:40:01 | INFO | Episode   42 - Reward: 24.000, Length: 24, Loss: 0.8626, Entropy: 0.6931, Epsilon: 0.896
2026-03-29 04:40:03 | INFO | Episode   43 - Reward: 23.000, Length: 23, Loss: 0.8582, Entropy: 0.6931, Epsilon: 0.894
2026-03-29 04:40:05 | INFO | Episode   44 - Reward: 17.000, Length: 17, Loss: 0.8539, Entropy: 0.6931, Epsilon: 0.891
2026-03-29 04:40:07 | INFO | Episode   45 - Reward: 16.000, Length: 16, Loss: 0.8475, Entropy: 0.6931, Epsilon: 0.889
2026-03-29 04:40:09 | INFO | Episode   46 - Reward: 12.000, Length: 12, Loss: 0.8410, Entropy: 0.6931, Epsilon: 0.886
2026-03-29 04:40:12 | INFO | Episode   47 - Reward: 20.000, Length: 20, Loss: 0.8370, Entropy: 0.6931, Epsilon: 0.884
2026-03-29 04:40:14 | INFO | Episode   48 - Reward: 25.000, Length: 25, Loss: 0.8332, Entropy: 0.6931, Epsilon: 0.881
2026-03-29 04:40:16 | INFO | Episode   49 - Reward: 24.000, Length: 24, Loss: 0.8262, Entropy: 0.6931, Epsilon: 0.879
2026-03-29 04:40:18 | INFO | Episode   50 - Reward: 25.000, Length: 25, Loss: 0.9603, Entropy: 0.6931, Epsilon: 0.876
2026-03-29 04:40:31 | INFO | [Episode   50] eps=0.876  avg_reward=  20.660  avg_length= 20.66  avg_loss=  0.7107  avg_entropy=0.6931  eval_success=0.000
2026-03-29 04:40:33 | INFO | Episode   51 - Reward: 15.000, Length: 15, Loss: 0.9568, Entropy: 0.6931, Epsilon: 0.874
2026-03-29 04:40:36 | INFO | Episode   52 - Reward: 32.000, Length: 32, Loss: 0.9494, Entropy: 0.6931, Epsilon: 0.871
2026-03-29 04:40:38 | INFO | Episode   53 - Reward: 32.000, Length: 32, Loss: 0.9441, Entropy: 0.6931, Epsilon: 0.869
2026-03-29 04:40:40 | INFO | Episode   54 - Reward: 34.000, Length: 34, Loss: 0.9390, Entropy: 0.6931, Epsilon: 0.866
2026-03-29 04:40:42 | INFO | Episode   55 - Reward: 8.000, Length: 8, Loss: 0.9333, Entropy: 0.6931, Epsilon: 0.864
2026-03-29 04:40:44 | INFO | Episode   56 - Reward: 24.000, Length: 24, Loss: 0.9289, Entropy: 0.6931, Epsilon: 0.861
2026-03-29 04:40:46 | INFO | Episode   57 - Reward: 14.000, Length: 14, Loss: 0.9214, Entropy: 0.6931, Epsilon: 0.859
2026-03-29 04:40:48 | INFO | Episode   58 - Reward: 38.000, Length: 38, Loss: 0.9193, Entropy: 0.6931, Epsilon: 0.856
2026-03-29 04:40:51 | INFO | Episode   59 - Reward: 16.000, Length: 16, Loss: 0.9107, Entropy: 0.6931, Epsilon: 0.854
2026-03-29 04:40:53 | INFO | Episode   60 - Reward: 22.000, Length: 22, Loss: 0.9062, Entropy: 0.6931, Epsilon: 0.852
2026-03-29 04:40:55 | INFO | Episode   61 - Reward: 20.000, Length: 20, Loss: 0.9015, Entropy: 0.6931, Epsilon: 0.849
2026-03-29 04:40:57 | INFO | Episode   62 - Reward: 11.000, Length: 11, Loss: 0.8949, Entropy: 0.6931, Epsilon: 0.847
2026-03-29 04:40:59 | INFO | Episode   63 - Reward: 15.000, Length: 15, Loss: 0.8906, Entropy: 0.6931, Epsilon: 0.844
2026-03-29 04:41:01 | INFO | Episode   64 - Reward: 24.000, Length: 24, Loss: 0.8830, Entropy: 0.6931, Epsilon: 0.842
2026-03-29 04:41:03 | INFO | Episode   65 - Reward: 32.000, Length: 32, Loss: 0.8777, Entropy: 0.6931, Epsilon: 0.839
2026-03-29 04:41:06 | INFO | Episode   66 - Reward: 21.000, Length: 21, Loss: 0.8735, Entropy: 0.6931, Epsilon: 0.837
2026-03-29 04:41:08 | INFO | Episode   67 - Reward: 11.000, Length: 11, Loss: 0.8705, Entropy: 0.6931, Epsilon: 0.834
2026-03-29 04:41:10 | INFO | Episode   68 - Reward: 19.000, Length: 19, Loss: 0.8659, Entropy: 0.6931, Epsilon: 0.832
2026-03-29 04:41:12 | INFO | Episode   69 - Reward: 19.000, Length: 19, Loss: 0.8596, Entropy: 0.6931, Epsilon: 0.829
2026-03-29 04:41:14 | INFO | Episode   70 - Reward: 12.000, Length: 12, Loss: 0.8555, Entropy: 0.6931, Epsilon: 0.827
2026-03-29 04:41:16 | INFO | Episode   71 - Reward: 13.000, Length: 13, Loss: 0.8493, Entropy: 0.6931, Epsilon: 0.824
2026-03-29 04:41:18 | INFO | Episode   72 - Reward: 40.000, Length: 40, Loss: 0.8457, Entropy: 0.6931, Epsilon: 0.822
2026-03-29 04:41:20 | INFO | Episode   73 - Reward: 10.000, Length: 10, Loss: 0.9548, Entropy: 0.6931, Epsilon: 0.819
2026-03-29 04:41:22 | INFO | Episode   74 - Reward: 17.000, Length: 17, Loss: 0.9514, Entropy: 0.6931, Epsilon: 0.817
2026-03-29 04:41:25 | INFO | Episode   75 - Reward: 44.000, Length: 44, Loss: 0.9463, Entropy: 0.6931, Epsilon: 0.814
2026-03-29 04:41:27 | INFO | Episode   76 - Reward: 11.000, Length: 11, Loss: 0.9396, Entropy: 0.6931, Epsilon: 0.812
2026-03-29 04:41:29 | INFO | Episode   77 - Reward: 23.000, Length: 23, Loss: 0.9369, Entropy: 0.6931, Epsilon: 0.809
2026-03-29 04:41:31 | INFO | Episode   78 - Reward: 14.000, Length: 14, Loss: 0.9277, Entropy: 0.6931, Epsilon: 0.807
2026-03-29 04:41:33 | INFO | Episode   79 - Reward: 28.000, Length: 28, Loss: 0.9237, Entropy: 0.6931, Epsilon: 0.804
2026-03-29 04:41:35 | INFO | Episode   80 - Reward: 12.000, Length: 12, Loss: 0.9134, Entropy: 0.6931, Epsilon: 0.802
2026-03-29 04:41:37 | INFO | Episode   81 - Reward: 21.000, Length: 21, Loss: 0.9113, Entropy: 0.6931, Epsilon: 0.800
2026-03-29 04:41:39 | INFO | Episode   82 - Reward: 12.000, Length: 12, Loss: 0.9072, Entropy: 0.6931, Epsilon: 0.797
2026-03-29 04:41:41 | INFO | Episode   83 - Reward: 15.000, Length: 15, Loss: 0.8962, Entropy: 0.6931, Epsilon: 0.795
2026-03-29 04:41:43 | INFO | Episode   84 - Reward: 15.000, Length: 15, Loss: 0.8955, Entropy: 0.6931, Epsilon: 0.792
2026-03-29 04:41:45 | INFO | Episode   85 - Reward: 39.000, Length: 39, Loss: 0.8885, Entropy: 0.6931, Epsilon: 0.790
2026-03-29 04:41:47 | INFO | Episode   86 - Reward: 16.000, Length: 16, Loss: 0.8912, Entropy: 0.6931, Epsilon: 0.787
2026-03-29 04:41:49 | INFO | Episode   87 - Reward: 9.000, Length: 9, Loss: 0.8770, Entropy: 0.6931, Epsilon: 0.785
2026-03-29 04:41:51 | INFO | Episode   88 - Reward: 13.000, Length: 13, Loss: 0.8757, Entropy: 0.6931, Epsilon: 0.782
2026-03-29 04:41:54 | INFO | Episode   89 - Reward: 12.000, Length: 12, Loss: 0.8692, Entropy: 0.6931, Epsilon: 0.780
2026-03-29 04:41:56 | INFO | Episode   90 - Reward: 17.000, Length: 17, Loss: 0.8655, Entropy: 0.6931, Epsilon: 0.777
2026-03-29 04:41:58 | INFO | Episode   91 - Reward: 14.000, Length: 14, Loss: 0.8613, Entropy: 0.6931, Epsilon: 0.775
2026-03-29 04:42:00 | INFO | Episode   92 - Reward: 24.000, Length: 24, Loss: 0.8528, Entropy: 0.6931, Epsilon: 0.772
2026-03-29 04:42:02 | INFO | Episode   93 - Reward: 17.000, Length: 17, Loss: 0.8471, Entropy: 0.6931, Epsilon: 0.770
2026-03-29 04:42:04 | INFO | Episode   94 - Reward: 10.000, Length: 10, Loss: 0.8457, Entropy: 0.6931, Epsilon: 0.767
2026-03-29 04:42:06 | INFO | Episode   95 - Reward: 14.000, Length: 14, Loss: 0.8402, Entropy: 0.6931, Epsilon: 0.765
2026-03-29 04:42:08 | INFO | Episode   96 - Reward: 18.000, Length: 18, Loss: 0.8338, Entropy: 0.6931, Epsilon: 0.762
2026-03-29 04:42:11 | INFO | Episode   97 - Reward: 29.000, Length: 29, Loss: 0.8315, Entropy: 0.6931, Epsilon: 0.760
2026-03-29 04:42:13 | INFO | Episode   98 - Reward: 14.000, Length: 14, Loss: 0.8242, Entropy: 0.6931, Epsilon: 0.757
2026-03-29 04:42:15 | INFO | Episode   99 - Reward: 19.000, Length: 19, Loss: 0.8179, Entropy: 0.6931, Epsilon: 0.755
2026-03-29 04:42:18 | INFO | Episode  100 - Reward: 11.000, Length: 11, Loss: 0.8118, Entropy: 0.6931, Epsilon: 0.752
2026-03-29 04:42:29 | INFO | [Episode  100] eps=0.752  avg_reward=  19.400  avg_length= 19.40  avg_loss=  0.8903  avg_entropy=0.6931  eval_success=0.000
2026-03-29 04:42:31 | INFO | Episode  101 - Reward: 9.000, Length: 9, Loss: 0.9485, Entropy: 0.6931, Epsilon: 0.750
2026-03-29 04:42:33 | INFO | Episode  102 - Reward: 12.000, Length: 12, Loss: 0.9421, Entropy: 0.6931, Epsilon: 0.748
2026-03-29 04:42:35 | INFO | Episode  103 - Reward: 39.000, Length: 39, Loss: 0.9381, Entropy: 0.6931, Epsilon: 0.745
2026-03-29 04:42:37 | INFO | Episode  104 - Reward: 16.000, Length: 16, Loss: 0.9363, Entropy: 0.6931, Epsilon: 0.743
2026-03-29 04:42:39 | INFO | Episode  105 - Reward: 36.000, Length: 36, Loss: 0.9267, Entropy: 0.6931, Epsilon: 0.740
2026-03-29 04:42:41 | INFO | Episode  106 - Reward: 18.000, Length: 18, Loss: 0.9206, Entropy: 0.6931, Epsilon: 0.738
2026-03-29 04:42:43 | INFO | Episode  107 - Reward: 21.000, Length: 21, Loss: 0.9145, Entropy: 0.6931, Epsilon: 0.735
2026-03-29 04:42:45 | INFO | Episode  108 - Reward: 13.000, Length: 13, Loss: 0.9084, Entropy: 0.6931, Epsilon: 0.733
2026-03-29 04:42:47 | INFO | Episode  109 - Reward: 33.000, Length: 33, Loss: 0.9035, Entropy: 0.6931, Epsilon: 0.730
2026-03-29 04:42:49 | INFO | Episode  110 - Reward: 24.000, Length: 24, Loss: 0.8986, Entropy: 0.6931, Epsilon: 0.728
2026-03-29 04:42:51 | INFO | Episode  111 - Reward: 10.000, Length: 10, Loss: 0.8925, Entropy: 0.6931, Epsilon: 0.725
2026-03-29 04:42:53 | INFO | Episode  112 - Reward: 15.000, Length: 15, Loss: 0.8920, Entropy: 0.6931, Epsilon: 0.723
2026-03-29 04:42:55 | INFO | Episode  113 - Reward: 13.000, Length: 13, Loss: 0.8868, Entropy: 0.6931, Epsilon: 0.720
2026-03-29 04:42:58 | INFO | Episode  114 - Reward: 19.000, Length: 19, Loss: 0.8795, Entropy: 0.6931, Epsilon: 0.718
2026-03-29 04:42:59 | INFO | Episode  115 - Reward: 21.000, Length: 21, Loss: 0.8694, Entropy: 0.6931, Epsilon: 0.715
2026-03-29 04:43:02 | INFO | Episode  116 - Reward: 13.000, Length: 13, Loss: 0.8650, Entropy: 0.6931, Epsilon: 0.713
2026-03-29 04:43:04 | INFO | Episode  117 - Reward: 18.000, Length: 18, Loss: 0.8642, Entropy: 0.6931, Epsilon: 0.710
2026-03-29 04:43:06 | INFO | Episode  118 - Reward: 12.000, Length: 12, Loss: 0.8580, Entropy: 0.6931, Epsilon: 0.708
2026-03-29 04:43:08 | INFO | Episode  119 - Reward: 16.000, Length: 16, Loss: 0.8509, Entropy: 0.6931, Epsilon: 0.705
2026-03-29 04:43:10 | INFO | Episode  120 - Reward: 10.000, Length: 10, Loss: 0.8506, Entropy: 0.6931, Epsilon: 0.703
2026-03-29 04:43:12 | INFO | Episode  121 - Reward: 11.000, Length: 11, Loss: 0.8406, Entropy: 0.6931, Epsilon: 0.701
2026-03-29 04:43:14 | INFO | Episode  122 - Reward: 53.000, Length: 53, Loss: 0.8388, Entropy: 0.6931, Epsilon: 0.698
2026-03-29 04:43:17 | INFO | Episode  123 - Reward: 25.000, Length: 25, Loss: 0.8308, Entropy: 0.6931, Epsilon: 0.696
2026-03-29 04:43:19 | INFO | Episode  124 - Reward: 9.000, Length: 9, Loss: 0.8225, Entropy: 0.6931, Epsilon: 0.693
2026-03-29 04:43:21 | INFO | Episode  125 - Reward: 15.000, Length: 15, Loss: 0.8195, Entropy: 0.6931, Epsilon: 0.691
2026-03-29 04:43:23 | INFO | Episode  126 - Reward: 16.000, Length: 16, Loss: 0.8124, Entropy: 0.6931, Epsilon: 0.688
2026-03-29 04:43:25 | INFO | Episode  127 - Reward: 19.000, Length: 19, Loss: 0.9397, Entropy: 0.6931, Epsilon: 0.686
2026-03-29 04:43:27 | INFO | Episode  128 - Reward: 16.000, Length: 16, Loss: 0.9345, Entropy: 0.6931, Epsilon: 0.683
2026-03-29 04:43:29 | INFO | Episode  129 - Reward: 14.000, Length: 14, Loss: 0.9288, Entropy: 0.6931, Epsilon: 0.681
2026-03-29 04:43:31 | INFO | Episode  130 - Reward: 17.000, Length: 17, Loss: 0.9215, Entropy: 0.6931, Epsilon: 0.678
2026-03-29 04:43:33 | INFO | Episode  131 - Reward: 14.000, Length: 14, Loss: 0.9194, Entropy: 0.6931, Epsilon: 0.676
2026-03-29 04:43:35 | INFO | Episode  132 - Reward: 13.000, Length: 13, Loss: 0.9116, Entropy: 0.6931, Epsilon: 0.673
2026-03-29 04:43:37 | INFO | Episode  133 - Reward: 19.000, Length: 19, Loss: 0.9069, Entropy: 0.6931, Epsilon: 0.671
2026-03-29 04:43:40 | INFO | Episode  134 - Reward: 17.000, Length: 17, Loss: 0.9053, Entropy: 0.6931, Epsilon: 0.668
2026-03-29 04:43:42 | INFO | Episode  135 - Reward: 44.000, Length: 44, Loss: 0.9012, Entropy: 0.6931, Epsilon: 0.666
2026-03-29 04:43:44 | INFO | Episode  136 - Reward: 25.000, Length: 25, Loss: 0.8931, Entropy: 0.6931, Epsilon: 0.663
2026-03-29 04:43:46 | INFO | Episode  137 - Reward: 25.000, Length: 25, Loss: 0.8866, Entropy: 0.6931, Epsilon: 0.661
2026-03-29 04:43:48 | INFO | Episode  138 - Reward: 25.000, Length: 25, Loss: 0.8883, Entropy: 0.6931, Epsilon: 0.658
2026-03-29 04:43:50 | INFO | Episode  139 - Reward: 13.000, Length: 13, Loss: 0.8800, Entropy: 0.6931, Epsilon: 0.656
2026-03-29 04:43:52 | INFO | Episode  140 - Reward: 19.000, Length: 19, Loss: 0.8697, Entropy: 0.6931, Epsilon: 0.653
2026-03-29 04:43:55 | INFO | Episode  141 - Reward: 37.000, Length: 37, Loss: 0.8691, Entropy: 0.6931, Epsilon: 0.651
2026-03-29 04:43:57 | INFO | Episode  142 - Reward: 20.000, Length: 20, Loss: 0.8553, Entropy: 0.6931, Epsilon: 0.649
2026-03-29 04:43:59 | INFO | Episode  143 - Reward: 28.000, Length: 28, Loss: 0.8550, Entropy: 0.6931, Epsilon: 0.646
2026-03-29 04:44:02 | INFO | Episode  144 - Reward: 12.000, Length: 12, Loss: 0.8524, Entropy: 0.6931, Epsilon: 0.644
2026-03-29 04:44:04 | INFO | Episode  145 - Reward: 23.000, Length: 23, Loss: 0.8452, Entropy: 0.6931, Epsilon: 0.641
2026-03-29 04:44:07 | INFO | Episode  146 - Reward: 21.000, Length: 21, Loss: 0.8261, Entropy: 0.6931, Epsilon: 0.639
2026-03-29 04:44:09 | INFO | Episode  147 - Reward: 10.000, Length: 10, Loss: 0.8320, Entropy: 0.6931, Epsilon: 0.636
2026-03-29 04:44:11 | INFO | Episode  148 - Reward: 21.000, Length: 21, Loss: 0.8337, Entropy: 0.6931, Epsilon: 0.634
2026-03-29 04:44:13 | INFO | Episode  149 - Reward: 23.000, Length: 23, Loss: 0.8225, Entropy: 0.6931, Epsilon: 0.631
2026-03-29 04:44:15 | INFO | Episode  150 - Reward: 83.000, Length: 83, Loss: 0.8187, Entropy: 0.6931, Epsilon: 0.629
2026-03-29 04:44:23 | INFO | [Episode  150] eps=0.629  avg_reward=  21.100  avg_length= 21.10  avg_loss=  0.8801  avg_entropy=0.6931  eval_success=0.000
2026-03-29 04:44:25 | INFO | Episode  151 - Reward: 15.000, Length: 15, Loss: 0.9323, Entropy: 0.6931, Epsilon: 0.626
2026-03-29 04:44:27 | INFO | Episode  152 - Reward: 26.000, Length: 26, Loss: 0.9282, Entropy: 0.6931, Epsilon: 0.624
2026-03-29 04:44:29 | INFO | Episode  153 - Reward: 13.000, Length: 13, Loss: 0.9288, Entropy: 0.6931, Epsilon: 0.621
2026-03-29 04:44:32 | INFO | Episode  154 - Reward: 15.000, Length: 15, Loss: 0.9239, Entropy: 0.6931, Epsilon: 0.619
2026-03-29 04:44:34 | INFO | Episode  155 - Reward: 12.000, Length: 12, Loss: 0.9164, Entropy: 0.6931, Epsilon: 0.616
2026-03-29 04:44:36 | INFO | Episode  156 - Reward: 15.000, Length: 15, Loss: 0.9089, Entropy: 0.6931, Epsilon: 0.614
2026-03-29 04:44:38 | INFO | Episode  157 - Reward: 10.000, Length: 10, Loss: 0.9052, Entropy: 0.6931, Epsilon: 0.611
2026-03-29 04:44:40 | INFO | Episode  158 - Reward: 21.000, Length: 21, Loss: 0.8973, Entropy: 0.6931, Epsilon: 0.609
2026-03-29 04:44:43 | INFO | Episode  159 - Reward: 15.000, Length: 15, Loss: 0.8808, Entropy: 0.6931, Epsilon: 0.606
2026-03-29 04:44:45 | INFO | Episode  160 - Reward: 49.000, Length: 49, Loss: 0.8881, Entropy: 0.6931, Epsilon: 0.604
2026-03-29 04:44:47 | INFO | Episode  161 - Reward: 27.000, Length: 27, Loss: 0.8772, Entropy: 0.6931, Epsilon: 0.602
2026-03-29 04:44:49 | INFO | Episode  162 - Reward: 20.000, Length: 20, Loss: 0.8794, Entropy: 0.6931, Epsilon: 0.599
2026-03-29 04:44:51 | INFO | Episode  163 - Reward: 22.000, Length: 22, Loss: 0.8726, Entropy: 0.6931, Epsilon: 0.597
2026-03-29 04:44:53 | INFO | Episode  164 - Reward: 20.000, Length: 20, Loss: 0.8678, Entropy: 0.6931, Epsilon: 0.594
2026-03-29 04:44:55 | INFO | Episode  165 - Reward: 15.000, Length: 15, Loss: 0.8630, Entropy: 0.6931, Epsilon: 0.592
2026-03-29 04:44:57 | INFO | Episode  166 - Reward: 12.000, Length: 12, Loss: 0.8516, Entropy: 0.6931, Epsilon: 0.589
2026-03-29 04:44:59 | INFO | Episode  167 - Reward: 13.000, Length: 13, Loss: 0.8538, Entropy: 0.6931, Epsilon: 0.587
2026-03-29 04:45:01 | INFO | Episode  168 - Reward: 24.000, Length: 24, Loss: 0.8491, Entropy: 0.6931, Epsilon: 0.584
2026-03-29 04:45:03 | INFO | Episode  169 - Reward: 11.000, Length: 11, Loss: 0.8405, Entropy: 0.6931, Epsilon: 0.582
2026-03-29 04:45:05 | INFO | Episode  170 - Reward: 27.000, Length: 27, Loss: 0.8336, Entropy: 0.6931, Epsilon: 0.579
2026-03-29 04:45:08 | INFO | Episode  171 - Reward: 11.000, Length: 11, Loss: 0.8214, Entropy: 0.6931, Epsilon: 0.577
2026-03-29 04:45:09 | INFO | Episode  172 - Reward: 10.000, Length: 10, Loss: 0.8221, Entropy: 0.6931, Epsilon: 0.574
2026-03-29 04:45:11 | INFO | Episode  173 - Reward: 17.000, Length: 17, Loss: 0.8127, Entropy: 0.6931, Epsilon: 0.572
2026-03-29 04:45:14 | INFO | Episode  174 - Reward: 19.000, Length: 19, Loss: 0.8121, Entropy: 0.6931, Epsilon: 0.569
2026-03-29 04:45:16 | INFO | Episode  175 - Reward: 12.000, Length: 12, Loss: 0.8054, Entropy: 0.6931, Epsilon: 0.567
2026-03-29 04:45:18 | INFO | Episode  176 - Reward: 15.000, Length: 15, Loss: 0.9424, Entropy: 0.6931, Epsilon: 0.564
2026-03-29 04:45:20 | INFO | Episode  177 - Reward: 15.000, Length: 15, Loss: 0.9349, Entropy: 0.6931, Epsilon: 0.562
2026-03-29 04:45:22 | INFO | Episode  178 - Reward: 12.000, Length: 12, Loss: 0.9261, Entropy: 0.6931, Epsilon: 0.559
2026-03-29 04:45:24 | INFO | Episode  179 - Reward: 16.000, Length: 16, Loss: 0.9151, Entropy: 0.6931, Epsilon: 0.557
2026-03-29 04:45:26 | INFO | Episode  180 - Reward: 22.000, Length: 22, Loss: 0.9099, Entropy: 0.6931, Epsilon: 0.554
2026-03-29 04:45:29 | INFO | Episode  181 - Reward: 14.000, Length: 14, Loss: 0.9045, Entropy: 0.6931, Epsilon: 0.552
2026-03-29 04:45:30 | INFO | Episode  182 - Reward: 24.000, Length: 24, Loss: 0.8936, Entropy: 0.6931, Epsilon: 0.550
2026-03-29 04:45:33 | INFO | Episode  183 - Reward: 13.000, Length: 13, Loss: 0.8956, Entropy: 0.6931, Epsilon: 0.547
2026-03-29 04:45:35 | INFO | Episode  184 - Reward: 29.000, Length: 29, Loss: 0.8773, Entropy: 0.6931, Epsilon: 0.545
2026-03-29 04:45:37 | INFO | Episode  185 - Reward: 16.000, Length: 16, Loss: 0.8823, Entropy: 0.6931, Epsilon: 0.542
2026-03-29 04:45:39 | INFO | Episode  186 - Reward: 15.000, Length: 15, Loss: 0.8763, Entropy: 0.6931, Epsilon: 0.540
2026-03-29 04:45:41 | INFO | Episode  187 - Reward: 16.000, Length: 16, Loss: 0.8739, Entropy: 0.6931, Epsilon: 0.537
2026-03-29 04:45:43 | INFO | Episode  188 - Reward: 14.000, Length: 14, Loss: 0.8629, Entropy: 0.6931, Epsilon: 0.535
2026-03-29 04:45:45 | INFO | Episode  189 - Reward: 20.000, Length: 20, Loss: 0.8537, Entropy: 0.6931, Epsilon: 0.532
2026-03-29 04:45:47 | INFO | Episode  190 - Reward: 19.000, Length: 19, Loss: 0.8608, Entropy: 0.6931, Epsilon: 0.530
2026-03-29 04:45:49 | INFO | Episode  191 - Reward: 19.000, Length: 19, Loss: 0.8461, Entropy: 0.6931, Epsilon: 0.527
2026-03-29 04:45:51 | INFO | Episode  192 - Reward: 13.000, Length: 13, Loss: 0.8369, Entropy: 0.6931, Epsilon: 0.525
2026-03-29 04:45:54 | INFO | Episode  193 - Reward: 14.000, Length: 14, Loss: 0.8395, Entropy: 0.6931, Epsilon: 0.522
2026-03-29 04:45:56 | INFO | Episode  194 - Reward: 11.000, Length: 11, Loss: 0.8286, Entropy: 0.6931, Epsilon: 0.520
2026-03-29 04:45:59 | INFO | Episode  195 - Reward: 20.000, Length: 20, Loss: 0.8215, Entropy: 0.6931, Epsilon: 0.517
2026-03-29 04:46:01 | INFO | Episode  196 - Reward: 11.000, Length: 11, Loss: 0.8156, Entropy: 0.6931, Epsilon: 0.515
2026-03-29 04:46:04 | INFO | Episode  197 - Reward: 14.000, Length: 14, Loss: 0.8089, Entropy: 0.6931, Epsilon: 0.512
2026-03-29 04:46:06 | INFO | Episode  198 - Reward: 16.000, Length: 16, Loss: 0.8097, Entropy: 0.6931, Epsilon: 0.510
2026-03-29 04:46:09 | INFO | Episode  199 - Reward: 11.000, Length: 11, Loss: 0.8045, Entropy: 0.6931, Epsilon: 0.507
2026-03-29 04:46:12 | INFO | Episode  200 - Reward: 11.000, Length: 11, Loss: 0.7953, Entropy: 0.6931, Epsilon: 0.505
2026-03-29 04:46:17 | INFO | [Episode  200] eps=0.505  avg_reward=  17.020  avg_length= 17.02  avg_loss=  0.8678  avg_entropy=0.6931  eval_success=0.000
2026-03-29 04:46:18 | INFO | Episode  201 - Reward: 11.000, Length: 11, Loss: 0.7915, Entropy: 0.6931, Epsilon: 0.503
2026-03-29 04:46:21 | INFO | Episode  202 - Reward: 25.000, Length: 25, Loss: 0.7795, Entropy: 0.6931, Epsilon: 0.500
2026-03-29 04:46:23 | INFO | Episode  203 - Reward: 14.000, Length: 14, Loss: 0.7732, Entropy: 0.6931, Epsilon: 0.498
2026-03-29 04:46:25 | INFO | Episode  204 - Reward: 20.000, Length: 20, Loss: 0.7762, Entropy: 0.6931, Epsilon: 0.495
2026-03-29 04:46:27 | INFO | Episode  205 - Reward: 26.000, Length: 26, Loss: 0.7737, Entropy: 0.6931, Epsilon: 0.493
2026-03-29 04:46:29 | INFO | Episode  206 - Reward: 22.000, Length: 22, Loss: 0.9265, Entropy: 0.6931, Epsilon: 0.490
2026-03-29 04:46:32 | INFO | Episode  207 - Reward: 16.000, Length: 16, Loss: 0.9206, Entropy: 0.6931, Epsilon: 0.488
2026-03-29 04:46:34 | INFO | Episode  208 - Reward: 53.000, Length: 53, Loss: 0.9160, Entropy: 0.6931, Epsilon: 0.485
2026-03-29 04:46:36 | INFO | Episode  209 - Reward: 18.000, Length: 18, Loss: 0.9055, Entropy: 0.6931, Epsilon: 0.483
2026-03-29 04:46:38 | INFO | Episode  210 - Reward: 17.000, Length: 17, Loss: 0.9026, Entropy: 0.6931, Epsilon: 0.480
2026-03-29 04:46:40 | INFO | Episode  211 - Reward: 14.000, Length: 14, Loss: 0.9041, Entropy: 0.6931, Epsilon: 0.478
2026-03-29 04:46:43 | INFO | Episode  212 - Reward: 18.000, Length: 18, Loss: 0.8916, Entropy: 0.6931, Epsilon: 0.475
2026-03-29 04:46:44 | INFO | Episode  213 - Reward: 23.000, Length: 23, Loss: 0.8892, Entropy: 0.6931, Epsilon: 0.473
2026-03-29 04:46:47 | INFO | Episode  214 - Reward: 21.000, Length: 21, Loss: 0.8903, Entropy: 0.6931, Epsilon: 0.470
2026-03-29 04:46:49 | INFO | Episode  215 - Reward: 12.000, Length: 12, Loss: 0.8764, Entropy: 0.6931, Epsilon: 0.468
2026-03-29 04:46:51 | INFO | Episode  216 - Reward: 9.000, Length: 9, Loss: 0.8681, Entropy: 0.6931, Epsilon: 0.465
2026-03-29 04:46:53 | INFO | Episode  217 - Reward: 9.000, Length: 9, Loss: 0.8678, Entropy: 0.6931, Epsilon: 0.463
2026-03-29 04:46:55 | INFO | Episode  218 - Reward: 12.000, Length: 12, Loss: 0.8517, Entropy: 0.6931, Epsilon: 0.460
2026-03-29 04:46:57 | INFO | Episode  219 - Reward: 18.000, Length: 18, Loss: 0.8478, Entropy: 0.6931, Epsilon: 0.458
2026-03-29 04:46:59 | INFO | Episode  220 - Reward: 9.000, Length: 9, Loss: 0.8527, Entropy: 0.6931, Epsilon: 0.456
2026-03-29 04:47:01 | INFO | Episode  221 - Reward: 9.000, Length: 9, Loss: 0.8386, Entropy: 0.6931, Epsilon: 0.453
2026-03-29 04:47:03 | INFO | Episode  222 - Reward: 12.000, Length: 12, Loss: 0.8314, Entropy: 0.6931, Epsilon: 0.451
2026-03-29 04:47:06 | INFO | Episode  223 - Reward: 12.000, Length: 12, Loss: 0.8266, Entropy: 0.6931, Epsilon: 0.448
2026-03-29 04:47:08 | INFO | Episode  224 - Reward: 15.000, Length: 15, Loss: 0.8182, Entropy: 0.6931, Epsilon: 0.446
2026-03-29 04:47:10 | INFO | Episode  225 - Reward: 13.000, Length: 13, Loss: 0.8259, Entropy: 0.6931, Epsilon: 0.443
2026-03-29 04:47:12 | INFO | Episode  226 - Reward: 36.000, Length: 36, Loss: 0.7991, Entropy: 0.6931, Epsilon: 0.441
2026-03-29 04:47:14 | INFO | Episode  227 - Reward: 17.000, Length: 17, Loss: 0.7925, Entropy: 0.6931, Epsilon: 0.438
2026-03-29 04:47:16 | INFO | Episode  228 - Reward: 15.000, Length: 15, Loss: 0.7968, Entropy: 0.6931, Epsilon: 0.436
2026-03-29 04:47:19 | INFO | Episode  229 - Reward: 13.000, Length: 13, Loss: 0.7910, Entropy: 0.6931, Epsilon: 0.433
2026-03-29 04:47:21 | INFO | Episode  230 - Reward: 14.000, Length: 14, Loss: 0.7831, Entropy: 0.6931, Epsilon: 0.431
2026-03-29 04:47:23 | INFO | Episode  231 - Reward: 17.000, Length: 17, Loss: 0.7766, Entropy: 0.6931, Epsilon: 0.428
2026-03-29 04:47:25 | INFO | Episode  232 - Reward: 11.000, Length: 11, Loss: 0.7654, Entropy: 0.6931, Epsilon: 0.426
2026-03-29 04:47:27 | INFO | Episode  233 - Reward: 15.000, Length: 15, Loss: 0.7646, Entropy: 0.6930, Epsilon: 0.423
2026-03-29 04:47:29 | INFO | Episode  234 - Reward: 10.000, Length: 10, Loss: 0.7740, Entropy: 0.6930, Epsilon: 0.421
2026-03-29 04:47:32 | INFO | Episode  235 - Reward: 11.000, Length: 11, Loss: 0.7586, Entropy: 0.6930, Epsilon: 0.418
2026-03-29 04:47:34 | INFO | Episode  236 - Reward: 20.000, Length: 20, Loss: 0.7471, Entropy: 0.6930, Epsilon: 0.416
2026-03-29 04:47:36 | INFO | Episode  237 - Reward: 18.000, Length: 18, Loss: 0.9334, Entropy: 0.6930, Epsilon: 0.413
2026-03-29 04:47:38 | INFO | Episode  238 - Reward: 13.000, Length: 13, Loss: 0.9262, Entropy: 0.6930, Epsilon: 0.411
2026-03-29 04:47:40 | INFO | Episode  239 - Reward: 11.000, Length: 11, Loss: 0.9177, Entropy: 0.6930, Epsilon: 0.408
2026-03-29 04:47:42 | INFO | Episode  240 - Reward: 9.000, Length: 9, Loss: 0.9067, Entropy: 0.6930, Epsilon: 0.406
2026-03-29 04:47:44 | INFO | Episode  241 - Reward: 10.000, Length: 10, Loss: 0.9052, Entropy: 0.6930, Epsilon: 0.404
2026-03-29 04:47:46 | INFO | Episode  242 - Reward: 20.000, Length: 20, Loss: 0.8954, Entropy: 0.6930, Epsilon: 0.401
2026-03-29 04:47:48 | INFO | Episode  243 - Reward: 10.000, Length: 10, Loss: 0.8953, Entropy: 0.6930, Epsilon: 0.399
2026-03-29 04:47:51 | INFO | Episode  244 - Reward: 11.000, Length: 11, Loss: 0.8827, Entropy: 0.6930, Epsilon: 0.396
2026-03-29 04:47:53 | INFO | Episode  245 - Reward: 13.000, Length: 13, Loss: 0.8812, Entropy: 0.6930, Epsilon: 0.394
2026-03-29 04:47:56 | INFO | Episode  246 - Reward: 11.000, Length: 11, Loss: 0.8696, Entropy: 0.6930, Epsilon: 0.391
2026-03-29 04:47:59 | INFO | Episode  247 - Reward: 12.000, Length: 12, Loss: 0.8639, Entropy: 0.6930, Epsilon: 0.389
2026-03-29 04:48:01 | INFO | Episode  248 - Reward: 18.000, Length: 18, Loss: 0.8674, Entropy: 0.6930, Epsilon: 0.386
2026-03-29 04:48:04 | INFO | Episode  249 - Reward: 13.000, Length: 13, Loss: 0.8543, Entropy: 0.6930, Epsilon: 0.384
2026-03-29 04:48:06 | INFO | Episode  250 - Reward: 9.000, Length: 9, Loss: 0.8483, Entropy: 0.6930, Epsilon: 0.381
2026-03-29 04:48:10 | INFO | [Episode  250] eps=0.381  avg_reward=  15.700  avg_length= 15.70  avg_loss=  0.8468  avg_entropy=0.6930  eval_success=0.000
2026-03-29 04:48:13 | INFO | Episode  251 - Reward: 13.000, Length: 13, Loss: 0.8502, Entropy: 0.6930, Epsilon: 0.379
2026-03-29 04:48:15 | INFO | Episode  252 - Reward: 13.000, Length: 13, Loss: 0.8367, Entropy: 0.6930, Epsilon: 0.376
2026-03-29 04:48:17 | INFO | Episode  253 - Reward: 10.000, Length: 10, Loss: 0.8161, Entropy: 0.6930, Epsilon: 0.374
2026-03-29 04:48:19 | INFO | Episode  254 - Reward: 10.000, Length: 10, Loss: 0.8141, Entropy: 0.6930, Epsilon: 0.371
2026-03-29 04:48:21 | INFO | Episode  255 - Reward: 17.000, Length: 17, Loss: 0.8217, Entropy: 0.6930, Epsilon: 0.369
2026-03-29 04:48:23 | INFO | Episode  256 - Reward: 12.000, Length: 12, Loss: 0.8105, Entropy: 0.6930, Epsilon: 0.366
2026-03-29 04:48:26 | INFO | Episode  257 - Reward: 9.000, Length: 9, Loss: 0.8010, Entropy: 0.6930, Epsilon: 0.364
2026-03-29 04:48:28 | INFO | Episode  258 - Reward: 10.000, Length: 10, Loss: 0.7915, Entropy: 0.6929, Epsilon: 0.361
2026-03-29 04:48:30 | INFO | Episode  259 - Reward: 10.000, Length: 10, Loss: 0.7963, Entropy: 0.6929, Epsilon: 0.359
2026-03-29 04:48:32 | INFO | Episode  260 - Reward: 15.000, Length: 15, Loss: 0.7854, Entropy: 0.6929, Epsilon: 0.357
2026-03-29 04:48:34 | INFO | Episode  261 - Reward: 14.000, Length: 14, Loss: 0.7827, Entropy: 0.6929, Epsilon: 0.354
2026-03-29 04:48:36 | INFO | Episode  262 - Reward: 10.000, Length: 10, Loss: 0.7628, Entropy: 0.6929, Epsilon: 0.352
2026-03-29 04:48:38 | INFO | Episode  263 - Reward: 12.000, Length: 12, Loss: 0.7673, Entropy: 0.6929, Epsilon: 0.349
2026-03-29 04:48:41 | INFO | Episode  264 - Reward: 15.000, Length: 15, Loss: 0.7584, Entropy: 0.6929, Epsilon: 0.347
2026-03-29 04:48:43 | INFO | Episode  265 - Reward: 13.000, Length: 13, Loss: 0.7563, Entropy: 0.6929, Epsilon: 0.344
2026-03-29 04:48:45 | INFO | Episode  266 - Reward: 20.000, Length: 20, Loss: 0.7464, Entropy: 0.6929, Epsilon: 0.342
2026-03-29 04:48:47 | INFO | Episode  267 - Reward: 11.000, Length: 11, Loss: 0.7344, Entropy: 0.6929, Epsilon: 0.339
2026-03-29 04:48:49 | INFO | Episode  268 - Reward: 13.000, Length: 13, Loss: 0.7259, Entropy: 0.6929, Epsilon: 0.337
2026-03-29 04:48:51 | INFO | Episode  269 - Reward: 9.000, Length: 9, Loss: 0.7277, Entropy: 0.6929, Epsilon: 0.334
2026-03-29 04:48:53 | INFO | Episode  270 - Reward: 10.000, Length: 10, Loss: 0.7211, Entropy: 0.6929, Epsilon: 0.332
2026-03-29 04:48:56 | INFO | Episode  271 - Reward: 14.000, Length: 14, Loss: 0.7171, Entropy: 0.6929, Epsilon: 0.329
2026-03-29 04:48:58 | INFO | Episode  272 - Reward: 14.000, Length: 14, Loss: 0.7143, Entropy: 0.6929, Epsilon: 0.327
2026-03-29 04:49:00 | INFO | Episode  273 - Reward: 10.000, Length: 10, Loss: 0.7008, Entropy: 0.6929, Epsilon: 0.324
2026-03-29 04:49:02 | INFO | Episode  274 - Reward: 13.000, Length: 13, Loss: 0.6966, Entropy: 0.6928, Epsilon: 0.322
2026-03-29 04:49:04 | INFO | Episode  275 - Reward: 9.000, Length: 9, Loss: 0.6806, Entropy: 0.6928, Epsilon: 0.319
2026-03-29 04:49:07 | INFO | Episode  276 - Reward: 8.000, Length: 8, Loss: 0.9473, Entropy: 0.6928, Epsilon: 0.317
2026-03-29 04:49:09 | INFO | Episode  277 - Reward: 9.000, Length: 9, Loss: 0.9338, Entropy: 0.6928, Epsilon: 0.314
2026-03-29 04:49:11 | INFO | Episode  278 - Reward: 9.000, Length: 9, Loss: 0.9270, Entropy: 0.6928, Epsilon: 0.312
2026-03-29 04:49:13 | INFO | Episode  279 - Reward: 9.000, Length: 9, Loss: 0.9332, Entropy: 0.6928, Epsilon: 0.309
2026-03-29 04:49:15 | INFO | Episode  280 - Reward: 10.000, Length: 10, Loss: 0.9209, Entropy: 0.6928, Epsilon: 0.307
2026-03-29 04:49:17 | INFO | Episode  281 - Reward: 12.000, Length: 12, Loss: 0.8877, Entropy: 0.6928, Epsilon: 0.305
2026-03-29 04:49:19 | INFO | Episode  282 - Reward: 14.000, Length: 14, Loss: 0.8959, Entropy: 0.6927, Epsilon: 0.302
2026-03-29 04:49:22 | INFO | Episode  283 - Reward: 14.000, Length: 14, Loss: 0.8872, Entropy: 0.6927, Epsilon: 0.300
2026-03-29 04:49:24 | INFO | Episode  284 - Reward: 9.000, Length: 9, Loss: 0.8710, Entropy: 0.6927, Epsilon: 0.297
2026-03-29 04:49:26 | INFO | Episode  285 - Reward: 9.000, Length: 9, Loss: 0.8780, Entropy: 0.6927, Epsilon: 0.295
2026-03-29 04:49:28 | INFO | Episode  286 - Reward: 10.000, Length: 10, Loss: 0.8683, Entropy: 0.6927, Epsilon: 0.292
2026-03-29 04:49:30 | INFO | Episode  287 - Reward: 12.000, Length: 12, Loss: 0.8695, Entropy: 0.6927, Epsilon: 0.290
2026-03-29 04:49:32 | INFO | Episode  288 - Reward: 11.000, Length: 11, Loss: 0.8444, Entropy: 0.6927, Epsilon: 0.287
2026-03-29 04:49:34 | INFO | Episode  289 - Reward: 13.000, Length: 13, Loss: 0.8474, Entropy: 0.6927, Epsilon: 0.285
2026-03-29 04:49:36 | INFO | Episode  290 - Reward: 9.000, Length: 9, Loss: 0.8372, Entropy: 0.6926, Epsilon: 0.282
2026-03-29 04:49:38 | INFO | Episode  291 - Reward: 12.000, Length: 12, Loss: 0.8338, Entropy: 0.6926, Epsilon: 0.280
2026-03-29 04:49:40 | INFO | Episode  292 - Reward: 12.000, Length: 12, Loss: 0.8271, Entropy: 0.6926, Epsilon: 0.277
2026-03-29 04:49:42 | INFO | Episode  293 - Reward: 12.000, Length: 12, Loss: 0.8128, Entropy: 0.6926, Epsilon: 0.275
2026-03-29 04:49:44 | INFO | Episode  294 - Reward: 8.000, Length: 8, Loss: 0.8214, Entropy: 0.6926, Epsilon: 0.272
2026-03-29 04:49:46 | INFO | Episode  295 - Reward: 9.000, Length: 9, Loss: 0.8013, Entropy: 0.6926, Epsilon: 0.270
2026-03-29 04:49:48 | INFO | Episode  296 - Reward: 10.000, Length: 10, Loss: 0.8017, Entropy: 0.6925, Epsilon: 0.267
2026-03-29 04:49:51 | INFO | Episode  297 - Reward: 12.000, Length: 12, Loss: 0.7868, Entropy: 0.6926, Epsilon: 0.265
2026-03-29 04:49:53 | INFO | Episode  298 - Reward: 10.000, Length: 10, Loss: 0.7745, Entropy: 0.6925, Epsilon: 0.262
2026-03-29 04:49:55 | INFO | Episode  299 - Reward: 9.000, Length: 9, Loss: 0.7841, Entropy: 0.6925, Epsilon: 0.260
2026-03-29 04:49:58 | INFO | Episode  300 - Reward: 8.000, Length: 8, Loss: 0.7614, Entropy: 0.6925, Epsilon: 0.258
2026-03-29 04:50:03 | INFO | [Episode  300] eps=0.258  avg_reward=  11.320  avg_length= 11.32  avg_loss=  0.8094  avg_entropy=0.6925  eval_success=0.000
2026-03-29 04:50:05 | INFO | Episode  301 - Reward: 12.000, Length: 12, Loss: 0.7587, Entropy: 0.6925, Epsilon: 0.255
2026-03-29 04:50:08 | INFO | Episode  302 - Reward: 11.000, Length: 11, Loss: 0.7539, Entropy: 0.6924, Epsilon: 0.253
2026-03-29 04:50:10 | INFO | Episode  303 - Reward: 10.000, Length: 10, Loss: 0.7556, Entropy: 0.6924, Epsilon: 0.250
2026-03-29 04:50:13 | INFO | Episode  304 - Reward: 10.000, Length: 10, Loss: 0.7329, Entropy: 0.6924, Epsilon: 0.248
2026-03-29 04:50:15 | INFO | Episode  305 - Reward: 8.000, Length: 8, Loss: 0.7387, Entropy: 0.6924, Epsilon: 0.245
2026-03-29 04:50:18 | INFO | Episode  306 - Reward: 12.000, Length: 12, Loss: 0.7209, Entropy: 0.6924, Epsilon: 0.243
2026-03-29 04:50:21 | INFO | Episode  307 - Reward: 13.000, Length: 13, Loss: 0.7168, Entropy: 0.6924, Epsilon: 0.240
2026-03-29 04:50:23 | INFO | Episode  308 - Reward: 12.000, Length: 12, Loss: 0.7152, Entropy: 0.6923, Epsilon: 0.238
2026-03-29 04:50:25 | INFO | Episode  309 - Reward: 12.000, Length: 12, Loss: 0.6994, Entropy: 0.6923, Epsilon: 0.235
2026-03-29 04:50:28 | INFO | Episode  310 - Reward: 8.000, Length: 8, Loss: 0.7032, Entropy: 0.6923, Epsilon: 0.233
2026-03-29 04:50:30 | INFO | Episode  311 - Reward: 10.000, Length: 10, Loss: 0.6984, Entropy: 0.6923, Epsilon: 0.230
2026-03-29 04:50:32 | INFO | Episode  312 - Reward: 9.000, Length: 9, Loss: 0.6891, Entropy: 0.6922, Epsilon: 0.228
2026-03-29 04:50:34 | INFO | Episode  313 - Reward: 11.000, Length: 11, Loss: 0.6802, Entropy: 0.6922, Epsilon: 0.225
2026-03-29 04:50:36 | INFO | Episode  314 - Reward: 11.000, Length: 11, Loss: 0.6668, Entropy: 0.6922, Epsilon: 0.223
2026-03-29 04:50:39 | INFO | Episode  315 - Reward: 10.000, Length: 10, Loss: 0.6675, Entropy: 0.6922, Epsilon: 0.220
2026-03-29 04:50:41 | INFO | Episode  316 - Reward: 9.000, Length: 9, Loss: 0.6555, Entropy: 0.6922, Epsilon: 0.218
2026-03-29 04:50:43 | INFO | Episode  317 - Reward: 10.000, Length: 10, Loss: 0.6460, Entropy: 0.6922, Epsilon: 0.215
2026-03-29 04:50:45 | INFO | Episode  318 - Reward: 12.000, Length: 12, Loss: 0.6473, Entropy: 0.6921, Epsilon: 0.213
2026-03-29 04:50:47 | INFO | Episode  319 - Reward: 11.000, Length: 11, Loss: 0.6393, Entropy: 0.6921, Epsilon: 0.210
2026-03-29 04:50:49 | INFO | Episode  320 - Reward: 10.000, Length: 10, Loss: 0.6332, Entropy: 0.6921, Epsilon: 0.208
2026-03-29 04:50:51 | INFO | Episode  321 - Reward: 11.000, Length: 11, Loss: 0.6325, Entropy: 0.6921, Epsilon: 0.206
2026-03-29 04:50:53 | INFO | Episode  322 - Reward: 14.000, Length: 14, Loss: 0.6268, Entropy: 0.6920, Epsilon: 0.203
2026-03-29 04:50:55 | INFO | Episode  323 - Reward: 10.000, Length: 10, Loss: 0.6244, Entropy: 0.6920, Epsilon: 0.201
2026-03-29 04:50:57 | INFO | Episode  324 - Reward: 13.000, Length: 13, Loss: 0.9789, Entropy: 0.6920, Epsilon: 0.198
2026-03-29 04:50:59 | INFO | Episode  325 - Reward: 10.000, Length: 10, Loss: 0.9672, Entropy: 0.6919, Epsilon: 0.196
2026-03-29 04:51:02 | INFO | Episode  326 - Reward: 10.000, Length: 10, Loss: 0.9410, Entropy: 0.6919, Epsilon: 0.193
2026-03-29 04:51:04 | INFO | Episode  327 - Reward: 8.000, Length: 8, Loss: 0.9434, Entropy: 0.6919, Epsilon: 0.191
2026-03-29 04:51:06 | INFO | Episode  328 - Reward: 12.000, Length: 12, Loss: 0.9284, Entropy: 0.6919, Epsilon: 0.188
2026-03-29 04:51:08 | INFO | Episode  329 - Reward: 9.000, Length: 9, Loss: 0.9398, Entropy: 0.6918, Epsilon: 0.186
2026-03-29 04:51:10 | INFO | Episode  330 - Reward: 15.000, Length: 15, Loss: 0.9288, Entropy: 0.6918, Epsilon: 0.183
2026-03-29 04:51:13 | INFO | Episode  331 - Reward: 9.000, Length: 9, Loss: 0.8984, Entropy: 0.6917, Epsilon: 0.181
2026-03-29 04:51:15 | INFO | Episode  332 - Reward: 16.000, Length: 16, Loss: 0.9092, Entropy: 0.6917, Epsilon: 0.178
2026-03-29 04:51:17 | INFO | Episode  333 - Reward: 9.000, Length: 9, Loss: 0.9063, Entropy: 0.6917, Epsilon: 0.176
2026-03-29 04:51:19 | INFO | Episode  334 - Reward: 11.000, Length: 11, Loss: 0.8895, Entropy: 0.6916, Epsilon: 0.173
2026-03-29 04:51:21 | INFO | Episode  335 - Reward: 9.000, Length: 9, Loss: 0.8724, Entropy: 0.6916, Epsilon: 0.171
2026-03-29 04:51:24 | INFO | Episode  336 - Reward: 10.000, Length: 10, Loss: 0.8813, Entropy: 0.6916, Epsilon: 0.168
2026-03-29 04:51:26 | INFO | Episode  337 - Reward: 10.000, Length: 10, Loss: 0.8536, Entropy: 0.6915, Epsilon: 0.166
2026-03-29 04:51:28 | INFO | Episode  338 - Reward: 8.000, Length: 8, Loss: 0.8421, Entropy: 0.6915, Epsilon: 0.163
2026-03-29 04:51:30 | INFO | Episode  339 - Reward: 8.000, Length: 8, Loss: 0.8334, Entropy: 0.6914, Epsilon: 0.161
2026-03-29 04:51:32 | INFO | Episode  340 - Reward: 13.000, Length: 13, Loss: 0.8294, Entropy: 0.6914, Epsilon: 0.158
2026-03-29 04:51:34 | INFO | Episode  341 - Reward: 9.000, Length: 9, Loss: 0.8230, Entropy: 0.6913, Epsilon: 0.156
2026-03-29 04:51:37 | INFO | Episode  342 - Reward: 9.000, Length: 9, Loss: 0.8272, Entropy: 0.6913, Epsilon: 0.154
2026-03-29 04:51:39 | INFO | Episode  343 - Reward: 10.000, Length: 10, Loss: 0.7964, Entropy: 0.6913, Epsilon: 0.151
2026-03-29 04:51:41 | INFO | Episode  344 - Reward: 9.000, Length: 9, Loss: 0.8024, Entropy: 0.6912, Epsilon: 0.149
2026-03-29 04:51:43 | INFO | Episode  345 - Reward: 10.000, Length: 10, Loss: 0.7963, Entropy: 0.6912, Epsilon: 0.146
2026-03-29 04:51:45 | INFO | Episode  346 - Reward: 9.000, Length: 9, Loss: 0.7842, Entropy: 0.6911, Epsilon: 0.144
2026-03-29 04:51:47 | INFO | Episode  347 - Reward: 10.000, Length: 10, Loss: 0.7724, Entropy: 0.6911, Epsilon: 0.141
2026-03-29 04:51:49 | INFO | Episode  348 - Reward: 9.000, Length: 9, Loss: 0.7551, Entropy: 0.6910, Epsilon: 0.139
2026-03-29 04:51:51 | INFO | Episode  349 - Reward: 8.000, Length: 8, Loss: 0.7644, Entropy: 0.6910, Epsilon: 0.136
2026-03-29 04:51:53 | INFO | Episode  350 - Reward: 8.000, Length: 8, Loss: 0.7404, Entropy: 0.6909, Epsilon: 0.134
2026-03-29 04:51:57 | INFO | [Episode  350] eps=0.134  avg_reward=  10.340  avg_length= 10.34  avg_loss=  0.7801  avg_entropy=0.6909  eval_success=0.000
2026-03-29 04:51:59 | INFO | Episode  351 - Reward: 12.000, Length: 12, Loss: 0.7631, Entropy: 0.6909, Epsilon: 0.131
2026-03-29 04:52:01 | INFO | Episode  352 - Reward: 10.000, Length: 10, Loss: 0.7409, Entropy: 0.6909, Epsilon: 0.129
2026-03-29 04:52:03 | INFO | Episode  353 - Reward: 10.000, Length: 10, Loss: 0.7205, Entropy: 0.6908, Epsilon: 0.126
2026-03-29 04:52:05 | INFO | Episode  354 - Reward: 10.000, Length: 10, Loss: 0.7167, Entropy: 0.6907, Epsilon: 0.124
2026-03-29 04:52:07 | INFO | Episode  355 - Reward: 10.000, Length: 10, Loss: 0.7123, Entropy: 0.6908, Epsilon: 0.121
2026-03-29 04:52:10 | INFO | Episode  356 - Reward: 9.000, Length: 9, Loss: 0.7052, Entropy: 0.6907, Epsilon: 0.119
2026-03-29 04:52:12 | INFO | Episode  357 - Reward: 11.000, Length: 11, Loss: 0.6864, Entropy: 0.6907, Epsilon: 0.116
2026-03-29 04:52:14 | INFO | Episode  358 - Reward: 10.000, Length: 10, Loss: 0.6821, Entropy: 0.6906, Epsilon: 0.114
2026-03-29 04:52:17 | INFO | Episode  359 - Reward: 11.000, Length: 11, Loss: 0.6898, Entropy: 0.6906, Epsilon: 0.111
2026-03-29 04:52:19 | INFO | Episode  360 - Reward: 11.000, Length: 11, Loss: 0.6670, Entropy: 0.6905, Epsilon: 0.109
2026-03-29 04:52:23 | INFO | Episode  361 - Reward: 9.000, Length: 9, Loss: 0.6643, Entropy: 0.6904, Epsilon: 0.107
2026-03-29 04:52:25 | INFO | Episode  362 - Reward: 9.000, Length: 9, Loss: 0.6589, Entropy: 0.6904, Epsilon: 0.104
2026-03-29 04:52:28 | INFO | Episode  363 - Reward: 18.000, Length: 18, Loss: 0.6520, Entropy: 0.6904, Epsilon: 0.102
2026-03-29 04:52:30 | INFO | Episode  364 - Reward: 12.000, Length: 12, Loss: 0.6422, Entropy: 0.6903, Epsilon: 0.099
2026-03-29 04:52:33 | INFO | Episode  365 - Reward: 9.000, Length: 9, Loss: 0.6416, Entropy: 0.6903, Epsilon: 0.097
2026-03-29 04:52:35 | INFO | Episode  366 - Reward: 11.000, Length: 11, Loss: 0.6210, Entropy: 0.6902, Epsilon: 0.094
2026-03-29 04:52:38 | INFO | Episode  367 - Reward: 9.000, Length: 9, Loss: 0.6281, Entropy: 0.6902, Epsilon: 0.092
2026-03-29 04:52:41 | INFO | Episode  368 - Reward: 9.000, Length: 9, Loss: 0.6131, Entropy: 0.6901, Epsilon: 0.089
2026-03-29 04:52:44 | INFO | Episode  369 - Reward: 11.000, Length: 11, Loss: 0.6210, Entropy: 0.6901, Epsilon: 0.087
2026-03-29 04:52:47 | INFO | Episode  370 - Reward: 10.000, Length: 10, Loss: 0.6034, Entropy: 0.6900, Epsilon: 0.084
2026-03-29 04:52:49 | INFO | Episode  371 - Reward: 10.000, Length: 10, Loss: 0.5928, Entropy: 0.6900, Epsilon: 0.082
2026-03-29 04:52:51 | INFO | Episode  372 - Reward: 8.000, Length: 8, Loss: 0.5924, Entropy: 0.6899, Epsilon: 0.079
2026-03-29 04:52:53 | INFO | Episode  373 - Reward: 10.000, Length: 10, Loss: 1.0334, Entropy: 0.6899, Epsilon: 0.077
2026-03-29 04:52:55 | INFO | Episode  374 - Reward: 9.000, Length: 9, Loss: 1.0124, Entropy: 0.6898, Epsilon: 0.074
2026-03-29 04:52:57 | INFO | Episode  375 - Reward: 8.000, Length: 8, Loss: 1.0062, Entropy: 0.6897, Epsilon: 0.072
2026-03-29 04:53:00 | INFO | Episode  376 - Reward: 10.000, Length: 10, Loss: 0.9995, Entropy: 0.6896, Epsilon: 0.069
2026-03-29 04:53:02 | INFO | Episode  377 - Reward: 11.000, Length: 11, Loss: 0.9855, Entropy: 0.6895, Epsilon: 0.067
2026-03-29 04:53:04 | INFO | Episode  378 - Reward: 9.000, Length: 9, Loss: 0.9857, Entropy: 0.6895, Epsilon: 0.064
2026-03-29 04:53:06 | INFO | Episode  379 - Reward: 10.000, Length: 10, Loss: 0.9716, Entropy: 0.6894, Epsilon: 0.062
2026-03-29 04:53:08 | INFO | Episode  380 - Reward: 8.000, Length: 8, Loss: 0.9592, Entropy: 0.6892, Epsilon: 0.059
2026-03-29 04:53:10 | INFO | Episode  381 - Reward: 9.000, Length: 9, Loss: 0.9422, Entropy: 0.6892, Epsilon: 0.057
2026-03-29 04:53:13 | INFO | Episode  382 - Reward: 8.000, Length: 8, Loss: 0.9305, Entropy: 0.6891, Epsilon: 0.055
2026-03-29 04:53:15 | INFO | Episode  383 - Reward: 8.000, Length: 8, Loss: 0.9299, Entropy: 0.6891, Epsilon: 0.052
2026-03-29 04:53:17 | INFO | Episode  384 - Reward: 10.000, Length: 10, Loss: 0.9122, Entropy: 0.6890, Epsilon: 0.050
2026-03-29 04:53:19 | INFO | Episode  385 - Reward: 10.000, Length: 10, Loss: 0.8989, Entropy: 0.6889, Epsilon: 0.047
2026-03-29 04:53:21 | INFO | Episode  386 - Reward: 8.000, Length: 8, Loss: 0.8782, Entropy: 0.6888, Epsilon: 0.045
2026-03-29 04:53:23 | INFO | Episode  387 - Reward: 9.000, Length: 9, Loss: 0.8846, Entropy: 0.6887, Epsilon: 0.042
2026-03-29 04:53:26 | INFO | Episode  388 - Reward: 10.000, Length: 10, Loss: 0.8624, Entropy: 0.6886, Epsilon: 0.040
2026-03-29 04:53:28 | INFO | Episode  389 - Reward: 9.000, Length: 9, Loss: 0.8520, Entropy: 0.6885, Epsilon: 0.037
2026-03-29 04:53:30 | INFO | Episode  390 - Reward: 10.000, Length: 10, Loss: 0.8433, Entropy: 0.6884, Epsilon: 0.035
2026-03-29 04:53:32 | INFO | Episode  391 - Reward: 10.000, Length: 10, Loss: 0.8285, Entropy: 0.6882, Epsilon: 0.032
2026-03-29 04:53:34 | INFO | Episode  392 - Reward: 11.000, Length: 11, Loss: 0.8224, Entropy: 0.6881, Epsilon: 0.030
2026-03-29 04:53:36 | INFO | Episode  393 - Reward: 8.000, Length: 8, Loss: 0.8103, Entropy: 0.6880, Epsilon: 0.027
2026-03-29 04:53:39 | INFO | Episode  394 - Reward: 10.000, Length: 10, Loss: 0.8080, Entropy: 0.6880, Epsilon: 0.025
2026-03-29 04:53:41 | INFO | Episode  395 - Reward: 10.000, Length: 10, Loss: 0.7940, Entropy: 0.6878, Epsilon: 0.022
2026-03-29 04:53:43 | INFO | Episode  396 - Reward: 10.000, Length: 10, Loss: 0.7969, Entropy: 0.6878, Epsilon: 0.020
2026-03-29 04:53:45 | INFO | Episode  397 - Reward: 8.000, Length: 8, Loss: 0.7825, Entropy: 0.6877, Epsilon: 0.017
2026-03-29 04:53:47 | INFO | Episode  398 - Reward: 10.000, Length: 10, Loss: 0.7634, Entropy: 0.6876, Epsilon: 0.015
2026-03-29 04:53:49 | INFO | Episode  399 - Reward: 9.000, Length: 9, Loss: 0.7504, Entropy: 0.6875, Epsilon: 0.012
2026-03-29 04:53:51 | INFO | Episode  400 - Reward: 11.000, Length: 11, Loss: 0.7390, Entropy: 0.6873, Epsilon: 0.010
2026-03-29 04:53:55 | INFO | [Episode  400] eps=0.010  avg_reward=   9.840  avg_length=  9.84  avg_loss=  0.7880  avg_entropy=0.6873  eval_success=0.000
2026-03-29 04:53:57 | INFO | Episode  401 - Reward: 10.000, Length: 10, Loss: 0.7483, Entropy: 0.6873, Epsilon: 0.010
2026-03-29 04:53:59 | INFO | Episode  402 - Reward: 10.000, Length: 10, Loss: 0.7202, Entropy: 0.6872, Epsilon: 0.010
2026-03-29 04:54:01 | INFO | Episode  403 - Reward: 12.000, Length: 12, Loss: 0.7104, Entropy: 0.6871, Epsilon: 0.010
2026-03-29 04:54:03 | INFO | Episode  404 - Reward: 10.000, Length: 10, Loss: 0.7100, Entropy: 0.6870, Epsilon: 0.010
2026-03-29 04:54:05 | INFO | Episode  405 - Reward: 9.000, Length: 9, Loss: 0.6970, Entropy: 0.6869, Epsilon: 0.010
2026-03-29 04:54:07 | INFO | Episode  406 - Reward: 10.000, Length: 10, Loss: 0.6929, Entropy: 0.6868, Epsilon: 0.010
2026-03-29 04:54:09 | INFO | Episode  407 - Reward: 8.000, Length: 8, Loss: 0.6827, Entropy: 0.6868, Epsilon: 0.010
2026-03-29 04:54:12 | INFO | Episode  408 - Reward: 10.000, Length: 10, Loss: 0.6723, Entropy: 0.6867, Epsilon: 0.010
2026-03-29 04:54:14 | INFO | Episode  409 - Reward: 10.000, Length: 10, Loss: 0.6662, Entropy: 0.6865, Epsilon: 0.010
2026-03-29 04:54:16 | INFO | Episode  410 - Reward: 10.000, Length: 10, Loss: 0.6627, Entropy: 0.6865, Epsilon: 0.010
2026-03-29 04:54:18 | INFO | Episode  411 - Reward: 11.000, Length: 11, Loss: 0.6507, Entropy: 0.6863, Epsilon: 0.010
2026-03-29 04:54:20 | INFO | Episode  412 - Reward: 9.000, Length: 9, Loss: 0.6452, Entropy: 0.6863, Epsilon: 0.010
2026-03-29 04:54:22 | INFO | Episode  413 - Reward: 9.000, Length: 9, Loss: 0.6330, Entropy: 0.6862, Epsilon: 0.010
2026-03-29 04:54:24 | INFO | Episode  414 - Reward: 9.000, Length: 9, Loss: 0.6297, Entropy: 0.6861, Epsilon: 0.010
2026-03-29 04:54:26 | INFO | Episode  415 - Reward: 9.000, Length: 9, Loss: 0.6151, Entropy: 0.6860, Epsilon: 0.010
2026-03-29 04:54:28 | INFO | Episode  416 - Reward: 9.000, Length: 9, Loss: 0.6092, Entropy: 0.6859, Epsilon: 0.010
2026-03-29 04:54:30 | INFO | Episode  417 - Reward: 11.000, Length: 11, Loss: 0.6016, Entropy: 0.6858, Epsilon: 0.010
2026-03-29 04:54:33 | INFO | Episode  418 - Reward: 10.000, Length: 10, Loss: 0.5945, Entropy: 0.6856, Epsilon: 0.010
2026-03-29 04:54:35 | INFO | Episode  419 - Reward: 10.000, Length: 10, Loss: 0.5781, Entropy: 0.6854, Epsilon: 0.010
2026-03-29 04:54:37 | INFO | Episode  420 - Reward: 8.000, Length: 8, Loss: 0.5846, Entropy: 0.6854, Epsilon: 0.010
2026-03-29 04:54:40 | INFO | Episode  421 - Reward: 9.000, Length: 9, Loss: 0.5764, Entropy: 0.6855, Epsilon: 0.010
2026-03-29 04:54:42 | INFO | Episode  422 - Reward: 10.000, Length: 10, Loss: 0.5696, Entropy: 0.6854, Epsilon: 0.010
2026-03-29 04:54:45 | INFO | Episode  423 - Reward: 10.000, Length: 10, Loss: 0.5482, Entropy: 0.6852, Epsilon: 0.010
2026-03-29 04:54:47 | INFO | Episode  424 - Reward: 9.000, Length: 9, Loss: 0.5516, Entropy: 0.6851, Epsilon: 0.010
2026-03-29 04:54:50 | INFO | Episode  425 - Reward: 9.000, Length: 9, Loss: 1.1273, Entropy: 0.6850, Epsilon: 0.010
2026-03-29 04:54:53 | INFO | Episode  426 - Reward: 9.000, Length: 9, Loss: 1.1198, Entropy: 0.6848, Epsilon: 0.010
2026-03-29 04:54:55 | INFO | Episode  427 - Reward: 8.000, Length: 8, Loss: 1.0926, Entropy: 0.6846, Epsilon: 0.010
2026-03-29 04:54:58 | INFO | Episode  428 - Reward: 10.000, Length: 10, Loss: 1.0931, Entropy: 0.6843, Epsilon: 0.010
2026-03-29 04:55:00 | INFO | Episode  429 - Reward: 9.000, Length: 9, Loss: 1.0727, Entropy: 0.6842, Epsilon: 0.010
2026-03-29 04:55:03 | INFO | Episode  430 - Reward: 10.000, Length: 10, Loss: 1.0627, Entropy: 0.6841, Epsilon: 0.010
2026-03-29 04:55:06 | INFO | Episode  431 - Reward: 10.000, Length: 10, Loss: 1.0308, Entropy: 0.6838, Epsilon: 0.010
2026-03-29 04:55:09 | INFO | Episode  432 - Reward: 11.000, Length: 11, Loss: 1.0214, Entropy: 0.6835, Epsilon: 0.010
2026-03-29 04:55:11 | INFO | Episode  433 - Reward: 9.000, Length: 9, Loss: 1.0181, Entropy: 0.6836, Epsilon: 0.010
2026-03-29 04:55:14 | INFO | Episode  434 - Reward: 10.000, Length: 10, Loss: 1.0093, Entropy: 0.6834, Epsilon: 0.010
2026-03-29 04:55:17 | INFO | Episode  435 - Reward: 9.000, Length: 9, Loss: 0.9840, Entropy: 0.6830, Epsilon: 0.010
2026-03-29 04:55:19 | INFO | Episode  436 - Reward: 10.000, Length: 10, Loss: 0.9617, Entropy: 0.6828, Epsilon: 0.010
2026-03-29 04:55:22 | INFO | Episode  437 - Reward: 10.000, Length: 10, Loss: 0.9661, Entropy: 0.6829, Epsilon: 0.010
2026-03-29 04:55:24 | INFO | Episode  438 - Reward: 9.000, Length: 9, Loss: 0.9508, Entropy: 0.6825, Epsilon: 0.010
2026-03-29 04:55:27 | INFO | Episode  439 - Reward: 10.000, Length: 10, Loss: 0.9362, Entropy: 0.6824, Epsilon: 0.010
2026-03-29 04:55:29 | INFO | Episode  440 - Reward: 10.000, Length: 10, Loss: 0.9157, Entropy: 0.6824, Epsilon: 0.010
2026-03-29 04:55:31 | INFO | Episode  441 - Reward: 10.000, Length: 10, Loss: 0.9120, Entropy: 0.6820, Epsilon: 0.010
2026-03-29 04:55:34 | INFO | Episode  442 - Reward: 9.000, Length: 9, Loss: 0.8969, Entropy: 0.6818, Epsilon: 0.010
2026-03-29 04:55:36 | INFO | Episode  443 - Reward: 9.000, Length: 9, Loss: 0.8779, Entropy: 0.6816, Epsilon: 0.010
2026-03-29 04:55:39 | INFO | Episode  444 - Reward: 10.000, Length: 10, Loss: 0.8839, Entropy: 0.6814, Epsilon: 0.010
2026-03-29 04:55:41 | INFO | Episode  445 - Reward: 10.000, Length: 10, Loss: 0.8631, Entropy: 0.6813, Epsilon: 0.010
2026-03-29 04:55:44 | INFO | Episode  446 - Reward: 8.000, Length: 8, Loss: 0.8538, Entropy: 0.6811, Epsilon: 0.010
2026-03-29 04:55:46 | INFO | Episode  447 - Reward: 9.000, Length: 9, Loss: 0.8483, Entropy: 0.6811, Epsilon: 0.010
2026-03-29 04:55:48 | INFO | Episode  448 - Reward: 9.000, Length: 9, Loss: 0.8201, Entropy: 0.6810, Epsilon: 0.010
2026-03-29 04:55:50 | INFO | Episode  449 - Reward: 9.000, Length: 9, Loss: 0.8056, Entropy: 0.6807, Epsilon: 0.010
2026-03-29 04:55:53 | INFO | Episode  450 - Reward: 11.000, Length: 11, Loss: 0.7971, Entropy: 0.6806, Epsilon: 0.010
2026-03-29 04:55:56 | INFO | [Episode  450] eps=0.010  avg_reward=   9.580  avg_length=  9.58  avg_loss=  0.8054  avg_entropy=0.6806  eval_success=0.000
2026-03-29 04:55:58 | INFO | Episode  451 - Reward: 9.000, Length: 9, Loss: 0.7908, Entropy: 0.6805, Epsilon: 0.010
2026-03-29 04:56:00 | INFO | Episode  452 - Reward: 12.000, Length: 12, Loss: 0.7862, Entropy: 0.6805, Epsilon: 0.010
2026-03-29 04:56:02 | INFO | Episode  453 - Reward: 10.000, Length: 10, Loss: 0.7515, Entropy: 0.6803, Epsilon: 0.010
2026-03-29 04:56:05 | INFO | Episode  454 - Reward: 9.000, Length: 9, Loss: 0.7573, Entropy: 0.6799, Epsilon: 0.010
2026-03-29 04:56:07 | INFO | Episode  455 - Reward: 10.000, Length: 10, Loss: 0.7501, Entropy: 0.6797, Epsilon: 0.010
2026-03-29 04:56:09 | INFO | Episode  456 - Reward: 10.000, Length: 10, Loss: 0.7615, Entropy: 0.6796, Epsilon: 0.010
2026-03-29 04:56:11 | INFO | Episode  457 - Reward: 10.000, Length: 10, Loss: 0.7236, Entropy: 0.6794, Epsilon: 0.010
2026-03-29 04:56:13 | INFO | Episode  458 - Reward: 9.000, Length: 9, Loss: 0.7420, Entropy: 0.6791, Epsilon: 0.010
2026-03-29 04:56:15 | INFO | Episode  459 - Reward: 9.000, Length: 9, Loss: 0.7077, Entropy: 0.6793, Epsilon: 0.010
2026-03-29 04:56:17 | INFO | Episode  460 - Reward: 10.000, Length: 10, Loss: 0.6973, Entropy: 0.6790, Epsilon: 0.010
2026-03-29 04:56:19 | INFO | Episode  461 - Reward: 10.000, Length: 10, Loss: 0.6921, Entropy: 0.6790, Epsilon: 0.010
2026-03-29 04:56:22 | INFO | Episode  462 - Reward: 9.000, Length: 9, Loss: 0.6869, Entropy: 0.6788, Epsilon: 0.010
2026-03-29 04:56:24 | INFO | Episode  463 - Reward: 10.000, Length: 10, Loss: 0.6771, Entropy: 0.6783, Epsilon: 0.010
2026-03-29 04:56:26 | INFO | Episode  464 - Reward: 9.000, Length: 9, Loss: 0.6740, Entropy: 0.6783, Epsilon: 0.010
2026-03-29 04:56:28 | INFO | Episode  465 - Reward: 8.000, Length: 8, Loss: 0.6431, Entropy: 0.6783, Epsilon: 0.010
2026-03-29 04:56:30 | INFO | Episode  466 - Reward: 10.000, Length: 10, Loss: 0.6710, Entropy: 0.6782, Epsilon: 0.010
2026-03-29 04:56:32 | INFO | Episode  467 - Reward: 11.000, Length: 11, Loss: 0.6465, Entropy: 0.6780, Epsilon: 0.010
2026-03-29 04:56:34 | INFO | Episode  468 - Reward: 10.000, Length: 10, Loss: 0.6301, Entropy: 0.6783, Epsilon: 0.010
2026-03-29 04:56:36 | INFO | Episode  469 - Reward: 8.000, Length: 8, Loss: 0.6576, Entropy: 0.6780, Epsilon: 0.010
2026-03-29 04:56:38 | INFO | Episode  470 - Reward: 9.000, Length: 9, Loss: 0.6070, Entropy: 0.6779, Epsilon: 0.010
2026-03-29 04:56:40 | INFO | Episode  471 - Reward: 10.000, Length: 10, Loss: 0.6074, Entropy: 0.6774, Epsilon: 0.010
2026-03-29 04:56:43 | INFO | Episode  472 - Reward: 8.000, Length: 8, Loss: 0.6145, Entropy: 0.6771, Epsilon: 0.010
2026-03-29 04:56:45 | INFO | Episode  473 - Reward: 9.000, Length: 9, Loss: 0.5658, Entropy: 0.6772, Epsilon: 0.010
2026-03-29 04:56:46 | INFO | Episode  474 - Reward: 10.000, Length: 10, Loss: 0.6018, Entropy: 0.6772, Epsilon: 0.010
2026-03-29 04:56:48 | INFO | Episode  475 - Reward: 8.000, Length: 8, Loss: 0.6088, Entropy: 0.6770, Epsilon: 0.010
2026-03-29 04:56:51 | INFO | Episode  476 - Reward: 11.000, Length: 11, Loss: 0.5670, Entropy: 0.6773, Epsilon: 0.010
2026-03-29 04:56:53 | INFO | Episode  477 - Reward: 10.000, Length: 10, Loss: 0.5770, Entropy: 0.6771, Epsilon: 0.010
2026-03-29 04:56:55 | INFO | Episode  478 - Reward: 9.000, Length: 9, Loss: 1.2741, Entropy: 0.6766, Epsilon: 0.010
2026-03-29 04:56:58 | INFO | Episode  479 - Reward: 9.000, Length: 9, Loss: 1.2495, Entropy: 0.6758, Epsilon: 0.010
2026-03-29 04:57:00 | INFO | Episode  480 - Reward: 9.000, Length: 9, Loss: 1.2573, Entropy: 0.6755, Epsilon: 0.010
2026-03-29 04:57:02 | INFO | Episode  481 - Reward: 10.000, Length: 10, Loss: 1.2174, Entropy: 0.6756, Epsilon: 0.010
2026-03-29 04:57:04 | INFO | Episode  482 - Reward: 10.000, Length: 10, Loss: 1.2148, Entropy: 0.6751, Epsilon: 0.010
2026-03-29 04:57:06 | INFO | Episode  483 - Reward: 10.000, Length: 10, Loss: 1.2016, Entropy: 0.6746, Epsilon: 0.010
2026-03-29 04:57:08 | INFO | Episode  484 - Reward: 10.000, Length: 10, Loss: 1.1755, Entropy: 0.6740, Epsilon: 0.010
2026-03-29 04:57:10 | INFO | Episode  485 - Reward: 8.000, Length: 8, Loss: 1.1495, Entropy: 0.6738, Epsilon: 0.010
2026-03-29 04:57:12 | INFO | Episode  486 - Reward: 10.000, Length: 10, Loss: 1.1298, Entropy: 0.6735, Epsilon: 0.010
2026-03-29 04:57:15 | INFO | Episode  487 - Reward: 8.000, Length: 8, Loss: 1.1144, Entropy: 0.6732, Epsilon: 0.010
2026-03-29 04:57:17 | INFO | Episode  488 - Reward: 9.000, Length: 9, Loss: 1.1071, Entropy: 0.6733, Epsilon: 0.010
2026-03-29 04:57:19 | INFO | Episode  489 - Reward: 10.000, Length: 10, Loss: 1.0726, Entropy: 0.6726, Epsilon: 0.010
2026-03-29 04:57:22 | INFO | Episode  490 - Reward: 10.000, Length: 10, Loss: 1.0494, Entropy: 0.6722, Epsilon: 0.010
2026-03-29 04:57:24 | INFO | Episode  491 - Reward: 9.000, Length: 9, Loss: 1.0551, Entropy: 0.6723, Epsilon: 0.010
2026-03-29 04:57:26 | INFO | Episode  492 - Reward: 10.000, Length: 10, Loss: 1.0156, Entropy: 0.6716, Epsilon: 0.010
2026-03-29 04:57:29 | INFO | Episode  493 - Reward: 8.000, Length: 8, Loss: 1.0413, Entropy: 0.6713, Epsilon: 0.010
2026-03-29 04:57:31 | INFO | Episode  494 - Reward: 9.000, Length: 9, Loss: 0.9900, Entropy: 0.6713, Epsilon: 0.010
2026-03-29 04:57:33 | INFO | Episode  495 - Reward: 8.000, Length: 8, Loss: 0.9693, Entropy: 0.6711, Epsilon: 0.010
2026-03-29 04:57:36 | INFO | Episode  496 - Reward: 9.000, Length: 9, Loss: 0.9837, Entropy: 0.6706, Epsilon: 0.010
2026-03-29 04:57:38 | INFO | Episode  497 - Reward: 8.000, Length: 8, Loss: 0.9702, Entropy: 0.6703, Epsilon: 0.010
2026-03-29 04:57:41 | INFO | Episode  498 - Reward: 10.000, Length: 10, Loss: 0.9325, Entropy: 0.6704, Epsilon: 0.010
2026-03-29 04:57:44 | INFO | Episode  499 - Reward: 9.000, Length: 9, Loss: 0.9165, Entropy: 0.6700, Epsilon: 0.010
2026-03-29 04:57:46 | INFO | Episode  500 - Reward: 9.000, Length: 9, Loss: 0.9454, Entropy: 0.6696, Epsilon: 0.010
2026-03-29 04:57:50 | INFO | [Episode  500] eps=0.010  avg_reward=   9.380  avg_length=  9.38  avg_loss=  0.8646  avg_entropy=0.6696  eval_success=0.000
2026-03-29 04:57:51 | INFO | DQN+Entropy training: 19m 21.60s
2026-03-29 04:58:07 | INFO | [Final Eval] success=0.000, mean_reward=9.320
