2026-03-29 16:15:05 | INFO | ============================================================
2026-03-29 16:15:05 | INFO | DEVICE / COMPUTE INFORMATION
2026-03-29 16:15:05 | INFO |   JAX backend       : CPU
2026-03-29 16:15:05 | INFO |   Platform          : cpu
2026-03-29 16:15:05 | INFO |   Num devices       : 1
2026-03-29 16:15:05 | INFO |   Device            : TFRT_CPU_0
2026-03-29 16:15:05 | INFO | ============================================================
2026-03-29 16:15:05 | INFO | DQN+Entropy | seed=4, lr=0.01, gamma=0.99, alpha=0.05
2026-03-29 16:15:05 | INFO | Env: cartpole/dense, obs_dim=4, num_actions=2
2026-03-29 16:15:07 | INFO | Episode    1 - Reward: 31.000, Length: 31, Loss: 0.0000, Entropy: 0.0000, Epsilon: 0.998
2026-03-29 16:15:07 | INFO | Episode    2 - Reward: 17.000, Length: 17, Loss: 0.0000, Entropy: 0.0000, Epsilon: 0.995
2026-03-29 16:15:08 | INFO | Episode    3 - Reward: 20.000, Length: 20, Loss: 0.0000, Entropy: 0.0000, Epsilon: 0.993
2026-03-29 16:15:09 | INFO | Episode    4 - Reward: 19.000, Length: 19, Loss: 0.0000, Entropy: 0.0000, Epsilon: 0.990
2026-03-29 16:15:09 | INFO | Episode    5 - Reward: 17.000, Length: 17, Loss: 0.0000, Entropy: 0.0000, Epsilon: 0.988
2026-03-29 16:15:10 | INFO | Episode    6 - Reward: 17.000, Length: 17, Loss: 0.0000, Entropy: 0.0000, Epsilon: 0.985
2026-03-29 16:15:11 | INFO | Episode    7 - Reward: 27.000, Length: 27, Loss: 0.0000, Entropy: 0.0000, Epsilon: 0.983
2026-03-29 16:15:11 | INFO | Episode    8 - Reward: 18.000, Length: 18, Loss: 0.0000, Entropy: 0.0000, Epsilon: 0.980
2026-03-29 16:15:12 | INFO | Episode    9 - Reward: 25.000, Length: 25, Loss: 0.0000, Entropy: 0.0000, Epsilon: 0.978
2026-03-29 16:15:13 | INFO | Episode   10 - Reward: 19.000, Length: 19, Loss: 0.0000, Entropy: 0.0000, Epsilon: 0.975
2026-03-29 16:15:13 | INFO | Episode   11 - Reward: 13.000, Length: 13, Loss: 0.0000, Entropy: 0.0000, Epsilon: 0.973
2026-03-29 16:15:14 | INFO | Episode   12 - Reward: 22.000, Length: 22, Loss: 0.0000, Entropy: 0.0000, Epsilon: 0.970
2026-03-29 16:15:16 | INFO | Episode   13 - Reward: 26.000, Length: 26, Loss: 0.9380, Entropy: 0.6931, Epsilon: 0.968
2026-03-29 16:15:16 | INFO | Episode   14 - Reward: 54.000, Length: 54, Loss: 0.8374, Entropy: 0.6931, Epsilon: 0.965
2026-03-29 16:15:17 | INFO | Episode   15 - Reward: 33.000, Length: 33, Loss: 0.7455, Entropy: 0.6931, Epsilon: 0.963
2026-03-29 16:15:17 | INFO | Episode   16 - Reward: 51.000, Length: 51, Loss: 0.6641, Entropy: 0.6931, Epsilon: 0.960
2026-03-29 16:15:18 | INFO | Episode   17 - Reward: 11.000, Length: 11, Loss: 0.5891, Entropy: 0.6931, Epsilon: 0.958
2026-03-29 16:15:18 | INFO | Episode   18 - Reward: 14.000, Length: 14, Loss: 0.5191, Entropy: 0.6931, Epsilon: 0.955
2026-03-29 16:15:19 | INFO | Episode   19 - Reward: 14.000, Length: 14, Loss: 0.4574, Entropy: 0.6931, Epsilon: 0.953
2026-03-29 16:15:19 | INFO | Episode   20 - Reward: 63.000, Length: 63, Loss: 0.4008, Entropy: 0.6931, Epsilon: 0.951
2026-03-29 16:15:20 | INFO | Episode   21 - Reward: 10.000, Length: 10, Loss: 0.9021, Entropy: 0.6930, Epsilon: 0.948
2026-03-29 16:15:20 | INFO | Episode   22 - Reward: 14.000, Length: 14, Loss: 0.7920, Entropy: 0.6930, Epsilon: 0.946
2026-03-29 16:15:21 | INFO | Episode   23 - Reward: 73.000, Length: 73, Loss: 0.6853, Entropy: 0.6929, Epsilon: 0.943
2026-03-29 16:15:21 | INFO | Episode   24 - Reward: 16.000, Length: 16, Loss: 0.5872, Entropy: 0.6928, Epsilon: 0.941
2026-03-29 16:15:22 | INFO | Episode   25 - Reward: 26.000, Length: 26, Loss: 0.5040, Entropy: 0.6928, Epsilon: 0.938
2026-03-29 16:15:22 | INFO | Episode   26 - Reward: 19.000, Length: 19, Loss: 0.4237, Entropy: 0.6927, Epsilon: 0.936
2026-03-29 16:15:23 | INFO | Episode   27 - Reward: 14.000, Length: 14, Loss: 0.3574, Entropy: 0.6927, Epsilon: 0.933
2026-03-29 16:15:23 | INFO | Episode   28 - Reward: 24.000, Length: 24, Loss: 0.2959, Entropy: 0.6926, Epsilon: 0.931
2026-03-29 16:15:23 | INFO | Episode   29 - Reward: 17.000, Length: 17, Loss: 0.2409, Entropy: 0.6926, Epsilon: 0.928
2026-03-29 16:15:24 | INFO | Episode   30 - Reward: 12.000, Length: 12, Loss: 0.1989, Entropy: 0.6926, Epsilon: 0.926
2026-03-29 16:15:24 | INFO | Episode   31 - Reward: 14.000, Length: 14, Loss: 0.1573, Entropy: 0.6926, Epsilon: 0.923
2026-03-29 16:15:25 | INFO | Episode   32 - Reward: 19.000, Length: 19, Loss: 0.1210, Entropy: 0.6926, Epsilon: 0.921
2026-03-29 16:15:25 | INFO | Episode   33 - Reward: 15.000, Length: 15, Loss: 0.0943, Entropy: 0.6925, Epsilon: 0.918
2026-03-29 16:15:26 | INFO | Episode   34 - Reward: 16.000, Length: 16, Loss: 0.0723, Entropy: 0.6926, Epsilon: 0.916
2026-03-29 16:15:26 | INFO | Episode   35 - Reward: 10.000, Length: 10, Loss: 0.0528, Entropy: 0.6925, Epsilon: 0.913
2026-03-29 16:15:27 | INFO | Episode   36 - Reward: 19.000, Length: 19, Loss: 0.0372, Entropy: 0.6926, Epsilon: 0.911
2026-03-29 16:15:27 | INFO | Episode   37 - Reward: 13.000, Length: 13, Loss: 0.0243, Entropy: 0.6926, Epsilon: 0.908
2026-03-29 16:15:28 | INFO | Episode   38 - Reward: 18.000, Length: 18, Loss: 0.0136, Entropy: 0.6926, Epsilon: 0.906
2026-03-29 16:15:28 | INFO | Episode   39 - Reward: 31.000, Length: 31, Loss: 0.0059, Entropy: 0.6926, Epsilon: 0.903
2026-03-29 16:15:29 | INFO | Episode   40 - Reward: 9.000, Length: 9, Loss: -0.0002, Entropy: 0.6926, Epsilon: 0.901
2026-03-29 16:15:29 | INFO | Episode   41 - Reward: 23.000, Length: 23, Loss: -0.0056, Entropy: 0.6927, Epsilon: 0.899
2026-03-29 16:15:30 | INFO | Episode   42 - Reward: 20.000, Length: 20, Loss: -0.0091, Entropy: 0.6927, Epsilon: 0.896
2026-03-29 16:15:30 | INFO | Episode   43 - Reward: 37.000, Length: 37, Loss: -0.0129, Entropy: 0.6927, Epsilon: 0.894
2026-03-29 16:15:31 | INFO | Episode   44 - Reward: 37.000, Length: 37, Loss: -0.0133, Entropy: 0.6928, Epsilon: 0.891
2026-03-29 16:15:31 | INFO | Episode   45 - Reward: 17.000, Length: 17, Loss: 0.8590, Entropy: 0.6927, Epsilon: 0.889
2026-03-29 16:15:32 | INFO | Episode   46 - Reward: 13.000, Length: 13, Loss: 0.6630, Entropy: 0.6925, Epsilon: 0.886
2026-03-29 16:15:32 | INFO | Episode   47 - Reward: 17.000, Length: 17, Loss: 0.4970, Entropy: 0.6921, Epsilon: 0.884
2026-03-29 16:15:33 | INFO | Episode   48 - Reward: 13.000, Length: 13, Loss: 0.3647, Entropy: 0.6919, Epsilon: 0.881
2026-03-29 16:15:33 | INFO | Episode   49 - Reward: 16.000, Length: 16, Loss: 0.2578, Entropy: 0.6916, Epsilon: 0.879
2026-03-29 16:15:34 | INFO | Episode   50 - Reward: 21.000, Length: 21, Loss: 0.2099, Entropy: 0.6915, Epsilon: 0.876
2026-03-29 16:15:34 | INFO | [Episode   50] eps=0.876  avg_reward=  22.280  avg_length= 22.28  avg_loss=  0.2706  avg_entropy=0.6915  eval_success=0.000
2026-03-29 16:15:35 | INFO | Episode   51 - Reward: 13.000, Length: 13, Loss: 0.1577, Entropy: 0.6914, Epsilon: 0.874
2026-03-29 16:15:35 | INFO | Episode   52 - Reward: 26.000, Length: 26, Loss: 0.1171, Entropy: 0.6915, Epsilon: 0.871
2026-03-29 16:15:36 | INFO | Episode   53 - Reward: 10.000, Length: 10, Loss: 0.1023, Entropy: 0.6914, Epsilon: 0.869
2026-03-29 16:15:36 | INFO | Episode   54 - Reward: 15.000, Length: 15, Loss: 0.0845, Entropy: 0.6915, Epsilon: 0.866
2026-03-29 16:15:36 | INFO | Episode   55 - Reward: 23.000, Length: 23, Loss: 0.0819, Entropy: 0.6917, Epsilon: 0.864
2026-03-29 16:15:37 | INFO | Episode   56 - Reward: 19.000, Length: 19, Loss: 0.0720, Entropy: 0.6919, Epsilon: 0.861
2026-03-29 16:15:37 | INFO | Episode   57 - Reward: 21.000, Length: 21, Loss: 0.0587, Entropy: 0.6919, Epsilon: 0.859
2026-03-29 16:15:38 | INFO | Episode   58 - Reward: 36.000, Length: 36, Loss: 0.0626, Entropy: 0.6920, Epsilon: 0.856
2026-03-29 16:15:38 | INFO | Episode   59 - Reward: 11.000, Length: 11, Loss: 0.0804, Entropy: 0.6922, Epsilon: 0.854
2026-03-29 16:15:39 | INFO | Episode   60 - Reward: 25.000, Length: 25, Loss: 0.0686, Entropy: 0.6923, Epsilon: 0.852
2026-03-29 16:15:39 | INFO | Episode   61 - Reward: 32.000, Length: 32, Loss: 0.0509, Entropy: 0.6924, Epsilon: 0.849
2026-03-29 16:15:40 | INFO | Episode   62 - Reward: 24.000, Length: 24, Loss: 0.0791, Entropy: 0.6926, Epsilon: 0.847
2026-03-29 16:15:40 | INFO | Episode   63 - Reward: 12.000, Length: 12, Loss: 0.0565, Entropy: 0.6927, Epsilon: 0.844
2026-03-29 16:15:40 | INFO | Episode   64 - Reward: 12.000, Length: 12, Loss: 0.0387, Entropy: 0.6926, Epsilon: 0.842
2026-03-29 16:15:41 | INFO | Episode   65 - Reward: 9.000, Length: 9, Loss: 0.0550, Entropy: 0.6927, Epsilon: 0.839
2026-03-29 16:15:41 | INFO | Episode   66 - Reward: 16.000, Length: 16, Loss: 0.0493, Entropy: 0.6927, Epsilon: 0.837
2026-03-29 16:15:42 | INFO | Episode   67 - Reward: 27.000, Length: 27, Loss: 0.0451, Entropy: 0.6927, Epsilon: 0.834
2026-03-29 16:15:42 | INFO | Episode   68 - Reward: 23.000, Length: 23, Loss: 0.0586, Entropy: 0.6927, Epsilon: 0.832
2026-03-29 16:15:43 | INFO | Episode   69 - Reward: 17.000, Length: 17, Loss: 0.0703, Entropy: 0.6927, Epsilon: 0.829
2026-03-29 16:15:43 | INFO | Episode   70 - Reward: 58.000, Length: 58, Loss: 0.0569, Entropy: 0.6928, Epsilon: 0.827
2026-03-29 16:15:44 | INFO | Episode   71 - Reward: 13.000, Length: 13, Loss: 0.8594, Entropy: 0.6923, Epsilon: 0.824
2026-03-29 16:15:45 | INFO | Episode   72 - Reward: 17.000, Length: 17, Loss: 0.5693, Entropy: 0.6917, Epsilon: 0.822
2026-03-29 16:15:45 | INFO | Episode   73 - Reward: 24.000, Length: 24, Loss: 0.3768, Entropy: 0.6913, Epsilon: 0.819
2026-03-29 16:15:46 | INFO | Episode   74 - Reward: 35.000, Length: 35, Loss: 0.2742, Entropy: 0.6913, Epsilon: 0.817
2026-03-29 16:15:46 | INFO | Episode   75 - Reward: 13.000, Length: 13, Loss: 0.3112, Entropy: 0.6916, Epsilon: 0.814
2026-03-29 16:15:47 | INFO | Episode   76 - Reward: 25.000, Length: 25, Loss: 0.2209, Entropy: 0.6920, Epsilon: 0.812
2026-03-29 16:15:47 | INFO | Episode   77 - Reward: 18.000, Length: 18, Loss: 0.1795, Entropy: 0.6921, Epsilon: 0.809
2026-03-29 16:15:48 | INFO | Episode   78 - Reward: 14.000, Length: 14, Loss: 0.2094, Entropy: 0.6924, Epsilon: 0.807
2026-03-29 16:15:48 | INFO | Episode   79 - Reward: 28.000, Length: 28, Loss: 0.2138, Entropy: 0.6926, Epsilon: 0.804
2026-03-29 16:15:49 | INFO | Episode   80 - Reward: 16.000, Length: 16, Loss: 0.1929, Entropy: 0.6927, Epsilon: 0.802
2026-03-29 16:15:49 | INFO | Episode   81 - Reward: 34.000, Length: 34, Loss: 0.2423, Entropy: 0.6929, Epsilon: 0.800
2026-03-29 16:15:50 | INFO | Episode   82 - Reward: 13.000, Length: 13, Loss: 0.1863, Entropy: 0.6929, Epsilon: 0.797
2026-03-29 16:15:51 | INFO | Episode   83 - Reward: 10.000, Length: 10, Loss: 0.1962, Entropy: 0.6929, Epsilon: 0.795
2026-03-29 16:15:51 | INFO | Episode   84 - Reward: 15.000, Length: 15, Loss: 0.2126, Entropy: 0.6928, Epsilon: 0.792
2026-03-29 16:15:52 | INFO | Episode   85 - Reward: 35.000, Length: 35, Loss: 0.2412, Entropy: 0.6928, Epsilon: 0.790
2026-03-29 16:15:52 | INFO | Episode   86 - Reward: 13.000, Length: 13, Loss: 0.2160, Entropy: 0.6929, Epsilon: 0.787
2026-03-29 16:15:52 | INFO | Episode   87 - Reward: 46.000, Length: 46, Loss: 0.1727, Entropy: 0.6929, Epsilon: 0.785
2026-03-29 16:15:53 | INFO | Episode   88 - Reward: 17.000, Length: 17, Loss: 0.1605, Entropy: 0.6929, Epsilon: 0.782
2026-03-29 16:15:53 | INFO | Episode   89 - Reward: 36.000, Length: 36, Loss: 0.2023, Entropy: 0.6929, Epsilon: 0.780
2026-03-29 16:15:54 | INFO | Episode   90 - Reward: 48.000, Length: 48, Loss: 0.1661, Entropy: 0.6930, Epsilon: 0.777
2026-03-29 16:15:54 | INFO | Episode   91 - Reward: 21.000, Length: 21, Loss: 0.8665, Entropy: 0.6929, Epsilon: 0.775
2026-03-29 16:15:55 | INFO | Episode   92 - Reward: 25.000, Length: 25, Loss: 0.5652, Entropy: 0.6926, Epsilon: 0.772
2026-03-29 16:15:55 | INFO | Episode   93 - Reward: 31.000, Length: 31, Loss: 0.5654, Entropy: 0.6927, Epsilon: 0.770
2026-03-29 16:15:56 | INFO | Episode   94 - Reward: 27.000, Length: 27, Loss: 0.4337, Entropy: 0.6928, Epsilon: 0.767
2026-03-29 16:15:56 | INFO | Episode   95 - Reward: 25.000, Length: 25, Loss: 0.3481, Entropy: 0.6929, Epsilon: 0.765
2026-03-29 16:15:57 | INFO | Episode   96 - Reward: 16.000, Length: 16, Loss: 0.3615, Entropy: 0.6929, Epsilon: 0.762
2026-03-29 16:15:57 | INFO | Episode   97 - Reward: 14.000, Length: 14, Loss: 0.4194, Entropy: 0.6929, Epsilon: 0.760
2026-03-29 16:15:58 | INFO | Episode   98 - Reward: 15.000, Length: 15, Loss: 0.4663, Entropy: 0.6929, Epsilon: 0.757
2026-03-29 16:15:58 | INFO | Episode   99 - Reward: 35.000, Length: 35, Loss: 0.3615, Entropy: 0.6930, Epsilon: 0.755
2026-03-29 16:15:59 | INFO | Episode  100 - Reward: 27.000, Length: 27, Loss: 0.3939, Entropy: 0.6930, Epsilon: 0.752
2026-03-29 16:16:04 | INFO | [Episode  100] eps=0.752  avg_reward=  22.700  avg_length= 22.70  avg_loss=  0.2326  avg_entropy=0.6930  eval_success=0.000
2026-03-29 16:16:04 | INFO | Episode  101 - Reward: 60.000, Length: 60, Loss: 0.4264, Entropy: 0.6930, Epsilon: 0.750
2026-03-29 16:16:05 | INFO | Episode  102 - Reward: 18.000, Length: 18, Loss: 0.3542, Entropy: 0.6930, Epsilon: 0.748
2026-03-29 16:16:06 | INFO | Episode  103 - Reward: 16.000, Length: 16, Loss: 0.2448, Entropy: 0.6930, Epsilon: 0.745
2026-03-29 16:16:06 | INFO | Episode  104 - Reward: 12.000, Length: 12, Loss: 0.3234, Entropy: 0.6930, Epsilon: 0.743
2026-03-29 16:16:07 | INFO | Episode  105 - Reward: 29.000, Length: 29, Loss: 0.3658, Entropy: 0.6930, Epsilon: 0.740
2026-03-29 16:16:08 | INFO | Episode  106 - Reward: 28.000, Length: 28, Loss: 0.4356, Entropy: 0.6929, Epsilon: 0.738
2026-03-29 16:16:08 | INFO | Episode  107 - Reward: 92.000, Length: 92, Loss: 0.3633, Entropy: 0.6929, Epsilon: 0.735
2026-03-29 16:16:09 | INFO | Episode  108 - Reward: 36.000, Length: 36, Loss: 1.0373, Entropy: 0.6929, Epsilon: 0.733
2026-03-29 16:16:10 | INFO | Episode  109 - Reward: 15.000, Length: 15, Loss: 0.6141, Entropy: 0.6930, Epsilon: 0.730
2026-03-29 16:16:11 | INFO | Episode  110 - Reward: 30.000, Length: 30, Loss: 0.6229, Entropy: 0.6930, Epsilon: 0.728
2026-03-29 16:16:11 | INFO | Episode  111 - Reward: 31.000, Length: 31, Loss: 0.5336, Entropy: 0.6929, Epsilon: 0.725
2026-03-29 16:16:12 | INFO | Episode  112 - Reward: 39.000, Length: 39, Loss: 0.5522, Entropy: 0.6929, Epsilon: 0.723
2026-03-29 16:16:12 | INFO | Episode  113 - Reward: 43.000, Length: 43, Loss: 0.4929, Entropy: 0.6925, Epsilon: 0.720
2026-03-29 16:16:13 | INFO | Episode  114 - Reward: 13.000, Length: 13, Loss: 0.4247, Entropy: 0.6925, Epsilon: 0.718
2026-03-29 16:16:14 | INFO | Episode  115 - Reward: 24.000, Length: 24, Loss: 0.6905, Entropy: 0.6921, Epsilon: 0.715
2026-03-29 16:16:15 | INFO | Episode  116 - Reward: 17.000, Length: 17, Loss: 0.5694, Entropy: 0.6917, Epsilon: 0.713
2026-03-29 16:16:16 | INFO | Episode  117 - Reward: 34.000, Length: 34, Loss: 0.5726, Entropy: 0.6918, Epsilon: 0.710
2026-03-29 16:16:17 | INFO | Episode  118 - Reward: 26.000, Length: 26, Loss: 0.6045, Entropy: 0.6922, Epsilon: 0.708
2026-03-29 16:16:18 | INFO | Episode  119 - Reward: 12.000, Length: 12, Loss: 0.6541, Entropy: 0.6924, Epsilon: 0.705
2026-03-29 16:16:19 | INFO | Episode  120 - Reward: 24.000, Length: 24, Loss: 0.5625, Entropy: 0.6923, Epsilon: 0.703
2026-03-29 16:16:21 | INFO | Episode  121 - Reward: 14.000, Length: 14, Loss: 0.6541, Entropy: 0.6921, Epsilon: 0.701
2026-03-29 16:16:22 | INFO | Episode  122 - Reward: 13.000, Length: 13, Loss: 0.4387, Entropy: 0.6921, Epsilon: 0.698
2026-03-29 16:16:23 | INFO | Episode  123 - Reward: 17.000, Length: 17, Loss: 0.4974, Entropy: 0.6923, Epsilon: 0.696
2026-03-29 16:16:24 | INFO | Episode  124 - Reward: 13.000, Length: 13, Loss: 0.4647, Entropy: 0.6921, Epsilon: 0.693
2026-03-29 16:16:26 | INFO | Episode  125 - Reward: 10.000, Length: 10, Loss: 0.5509, Entropy: 0.6920, Epsilon: 0.691
2026-03-29 16:16:28 | INFO | Episode  126 - Reward: 20.000, Length: 20, Loss: 0.5915, Entropy: 0.6924, Epsilon: 0.688
2026-03-29 16:16:30 | INFO | Episode  127 - Reward: 16.000, Length: 16, Loss: 0.4449, Entropy: 0.6924, Epsilon: 0.686
2026-03-29 16:16:31 | INFO | Episode  128 - Reward: 10.000, Length: 10, Loss: 0.6565, Entropy: 0.6920, Epsilon: 0.683
2026-03-29 16:16:32 | INFO | Episode  129 - Reward: 23.000, Length: 23, Loss: 0.5496, Entropy: 0.6924, Epsilon: 0.681
2026-03-29 16:16:33 | INFO | Episode  130 - Reward: 16.000, Length: 16, Loss: 0.4115, Entropy: 0.6926, Epsilon: 0.678
2026-03-29 16:16:34 | INFO | Episode  131 - Reward: 9.000, Length: 9, Loss: 1.2085, Entropy: 0.6929, Epsilon: 0.676
2026-03-29 16:16:35 | INFO | Episode  132 - Reward: 57.000, Length: 57, Loss: 0.7498, Entropy: 0.6929, Epsilon: 0.673
2026-03-29 16:16:36 | INFO | Episode  133 - Reward: 26.000, Length: 26, Loss: 0.9739, Entropy: 0.6929, Epsilon: 0.671
2026-03-29 16:16:37 | INFO | Episode  134 - Reward: 89.000, Length: 89, Loss: 0.7842, Entropy: 0.6927, Epsilon: 0.668
2026-03-29 16:16:38 | INFO | Episode  135 - Reward: 50.000, Length: 50, Loss: 0.6011, Entropy: 0.6928, Epsilon: 0.666
2026-03-29 16:16:39 | INFO | Episode  136 - Reward: 27.000, Length: 27, Loss: 0.8198, Entropy: 0.6923, Epsilon: 0.663
2026-03-29 16:16:40 | INFO | Episode  137 - Reward: 10.000, Length: 10, Loss: 1.0126, Entropy: 0.6916, Epsilon: 0.661
2026-03-29 16:16:41 | INFO | Episode  138 - Reward: 13.000, Length: 13, Loss: 1.1413, Entropy: 0.6917, Epsilon: 0.658
2026-03-29 16:16:41 | INFO | Episode  139 - Reward: 38.000, Length: 38, Loss: 0.8510, Entropy: 0.6916, Epsilon: 0.656
2026-03-29 16:16:42 | INFO | Episode  140 - Reward: 12.000, Length: 12, Loss: 0.9109, Entropy: 0.6917, Epsilon: 0.653
2026-03-29 16:16:43 | INFO | Episode  141 - Reward: 30.000, Length: 30, Loss: 0.6880, Entropy: 0.6920, Epsilon: 0.651
2026-03-29 16:16:44 | INFO | Episode  142 - Reward: 25.000, Length: 25, Loss: 0.8209, Entropy: 0.6916, Epsilon: 0.649
2026-03-29 16:16:45 | INFO | Episode  143 - Reward: 17.000, Length: 17, Loss: 0.7390, Entropy: 0.6919, Epsilon: 0.646
2026-03-29 16:16:46 | INFO | Episode  144 - Reward: 30.000, Length: 30, Loss: 0.7157, Entropy: 0.6919, Epsilon: 0.644
2026-03-29 16:16:47 | INFO | Episode  145 - Reward: 15.000, Length: 15, Loss: 0.8094, Entropy: 0.6923, Epsilon: 0.641
2026-03-29 16:16:48 | INFO | Episode  146 - Reward: 79.000, Length: 79, Loss: 0.7867, Entropy: 0.6924, Epsilon: 0.639
2026-03-29 16:16:48 | INFO | Episode  147 - Reward: 26.000, Length: 26, Loss: 1.4825, Entropy: 0.6923, Epsilon: 0.636
2026-03-29 16:16:49 | INFO | Episode  148 - Reward: 100.000, Length: 100, Loss: 1.2469, Entropy: 0.6926, Epsilon: 0.634
2026-03-29 16:16:50 | INFO | Episode  149 - Reward: 30.000, Length: 30, Loss: 1.3858, Entropy: 0.6918, Epsilon: 0.631
2026-03-29 16:16:51 | INFO | Episode  150 - Reward: 22.000, Length: 22, Loss: 1.1169, Entropy: 0.6920, Epsilon: 0.629
2026-03-29 16:16:52 | INFO | [Episode  150] eps=0.629  avg_reward=  29.120  avg_length= 29.12  avg_loss=  0.6910  avg_entropy=0.6920  eval_success=0.000
2026-03-29 16:16:53 | INFO | Episode  151 - Reward: 11.000, Length: 11, Loss: 1.1161, Entropy: 0.6926, Epsilon: 0.626
2026-03-29 16:16:54 | INFO | Episode  152 - Reward: 103.000, Length: 103, Loss: 1.1465, Entropy: 0.6926, Epsilon: 0.624
2026-03-29 16:16:55 | INFO | Episode  153 - Reward: 34.000, Length: 34, Loss: 1.0195, Entropy: 0.6927, Epsilon: 0.621
2026-03-29 16:16:56 | INFO | Episode  154 - Reward: 68.000, Length: 68, Loss: 1.2504, Entropy: 0.6926, Epsilon: 0.619
2026-03-29 16:16:57 | INFO | Episode  155 - Reward: 97.000, Length: 97, Loss: 0.8146, Entropy: 0.6923, Epsilon: 0.616
2026-03-29 16:16:58 | INFO | Episode  156 - Reward: 77.000, Length: 77, Loss: 1.6275, Entropy: 0.6923, Epsilon: 0.614
2026-03-29 16:16:58 | INFO | Episode  157 - Reward: 10.000, Length: 10, Loss: 1.1819, Entropy: 0.6912, Epsilon: 0.611
2026-03-29 16:16:59 | INFO | Episode  158 - Reward: 12.000, Length: 12, Loss: 1.3795, Entropy: 0.6901, Epsilon: 0.609
2026-03-29 16:17:00 | INFO | Episode  159 - Reward: 12.000, Length: 12, Loss: 1.1458, Entropy: 0.6909, Epsilon: 0.606
2026-03-29 16:17:01 | INFO | Episode  160 - Reward: 10.000, Length: 10, Loss: 1.4271, Entropy: 0.6913, Epsilon: 0.604
2026-03-29 16:17:01 | INFO | Episode  161 - Reward: 21.000, Length: 21, Loss: 1.6216, Entropy: 0.6925, Epsilon: 0.602
2026-03-29 16:17:02 | INFO | Episode  162 - Reward: 107.000, Length: 107, Loss: 1.2195, Entropy: 0.6924, Epsilon: 0.599
2026-03-29 16:17:03 | INFO | Episode  163 - Reward: 23.000, Length: 23, Loss: 1.4552, Entropy: 0.6910, Epsilon: 0.597
2026-03-29 16:17:04 | INFO | Episode  164 - Reward: 19.000, Length: 19, Loss: 1.2649, Entropy: 0.6892, Epsilon: 0.594
2026-03-29 16:17:05 | INFO | Episode  165 - Reward: 10.000, Length: 10, Loss: 1.3870, Entropy: 0.6910, Epsilon: 0.592
2026-03-29 16:17:05 | INFO | Episode  166 - Reward: 16.000, Length: 16, Loss: 1.4090, Entropy: 0.6912, Epsilon: 0.589
2026-03-29 16:17:06 | INFO | Episode  167 - Reward: 11.000, Length: 11, Loss: 1.3155, Entropy: 0.6896, Epsilon: 0.587
2026-03-29 16:17:07 | INFO | Episode  168 - Reward: 12.000, Length: 12, Loss: 1.2518, Entropy: 0.6912, Epsilon: 0.584
2026-03-29 16:17:08 | INFO | Episode  169 - Reward: 26.000, Length: 26, Loss: 1.1723, Entropy: 0.6906, Epsilon: 0.582
2026-03-29 16:17:09 | INFO | Episode  170 - Reward: 34.000, Length: 34, Loss: 1.5295, Entropy: 0.6910, Epsilon: 0.579
2026-03-29 16:17:10 | INFO | Episode  171 - Reward: 23.000, Length: 23, Loss: 1.2332, Entropy: 0.6908, Epsilon: 0.577
2026-03-29 16:17:10 | INFO | Episode  172 - Reward: 16.000, Length: 16, Loss: 1.3420, Entropy: 0.6903, Epsilon: 0.574
2026-03-29 16:17:11 | INFO | Episode  173 - Reward: 22.000, Length: 22, Loss: 1.6092, Entropy: 0.6897, Epsilon: 0.572
2026-03-29 16:17:12 | INFO | Episode  174 - Reward: 10.000, Length: 10, Loss: 1.4958, Entropy: 0.6903, Epsilon: 0.569
2026-03-29 16:17:13 | INFO | Episode  175 - Reward: 12.000, Length: 12, Loss: 1.2480, Entropy: 0.6906, Epsilon: 0.567
2026-03-29 16:17:14 | INFO | Episode  176 - Reward: 13.000, Length: 13, Loss: 1.6370, Entropy: 0.6909, Epsilon: 0.564
2026-03-29 16:17:15 | INFO | Episode  177 - Reward: 18.000, Length: 18, Loss: 1.6273, Entropy: 0.6908, Epsilon: 0.562
2026-03-29 16:17:15 | INFO | Episode  178 - Reward: 11.000, Length: 11, Loss: 1.5270, Entropy: 0.6909, Epsilon: 0.559
2026-03-29 16:17:16 | INFO | Episode  179 - Reward: 29.000, Length: 29, Loss: 1.3831, Entropy: 0.6907, Epsilon: 0.557
2026-03-29 16:17:17 | INFO | Episode  180 - Reward: 24.000, Length: 24, Loss: 1.3387, Entropy: 0.6911, Epsilon: 0.554
2026-03-29 16:17:17 | INFO | Episode  181 - Reward: 18.000, Length: 18, Loss: 1.6647, Entropy: 0.6907, Epsilon: 0.552
2026-03-29 16:17:18 | INFO | Episode  182 - Reward: 28.000, Length: 28, Loss: 2.0000, Entropy: 0.6894, Epsilon: 0.550
2026-03-29 16:17:19 | INFO | Episode  183 - Reward: 21.000, Length: 21, Loss: 1.4796, Entropy: 0.6889, Epsilon: 0.547
2026-03-29 16:17:19 | INFO | Episode  184 - Reward: 15.000, Length: 15, Loss: 1.6802, Entropy: 0.6907, Epsilon: 0.545
2026-03-29 16:17:20 | INFO | Episode  185 - Reward: 51.000, Length: 51, Loss: 1.6669, Entropy: 0.6905, Epsilon: 0.542
2026-03-29 16:17:21 | INFO | Episode  186 - Reward: 21.000, Length: 21, Loss: 1.5166, Entropy: 0.6888, Epsilon: 0.540
2026-03-29 16:17:21 | INFO | Episode  187 - Reward: 13.000, Length: 13, Loss: 1.5260, Entropy: 0.6879, Epsilon: 0.537
2026-03-29 16:17:22 | INFO | Episode  188 - Reward: 14.000, Length: 14, Loss: 1.3923, Entropy: 0.6897, Epsilon: 0.535
2026-03-29 16:17:23 | INFO | Episode  189 - Reward: 19.000, Length: 19, Loss: 2.1525, Entropy: 0.6885, Epsilon: 0.532
2026-03-29 16:17:23 | INFO | Episode  190 - Reward: 16.000, Length: 16, Loss: 1.4856, Entropy: 0.6895, Epsilon: 0.530
2026-03-29 16:17:24 | INFO | Episode  191 - Reward: 42.000, Length: 42, Loss: 1.8342, Entropy: 0.6890, Epsilon: 0.527
2026-03-29 16:17:24 | INFO | Episode  192 - Reward: 28.000, Length: 28, Loss: 1.1321, Entropy: 0.6894, Epsilon: 0.525
2026-03-29 16:17:25 | INFO | Episode  193 - Reward: 28.000, Length: 28, Loss: 1.2594, Entropy: 0.6900, Epsilon: 0.522
2026-03-29 16:17:26 | INFO | Episode  194 - Reward: 55.000, Length: 55, Loss: 1.3642, Entropy: 0.6894, Epsilon: 0.520
2026-03-29 16:17:26 | INFO | Episode  195 - Reward: 60.000, Length: 60, Loss: 1.7550, Entropy: 0.6899, Epsilon: 0.517
2026-03-29 16:17:27 | INFO | Episode  196 - Reward: 95.000, Length: 95, Loss: 1.6896, Entropy: 0.6902, Epsilon: 0.515
2026-03-29 16:17:28 | INFO | Episode  197 - Reward: 36.000, Length: 36, Loss: 1.2820, Entropy: 0.6894, Epsilon: 0.512
2026-03-29 16:17:29 | INFO | Episode  198 - Reward: 74.000, Length: 74, Loss: 1.6073, Entropy: 0.6895, Epsilon: 0.510
2026-03-29 16:17:30 | INFO | Episode  199 - Reward: 93.000, Length: 93, Loss: 1.9734, Entropy: 0.6898, Epsilon: 0.507
2026-03-29 16:17:31 | INFO | Episode  200 - Reward: 64.000, Length: 64, Loss: 1.5529, Entropy: 0.6890, Epsilon: 0.505
2026-03-29 16:17:37 | INFO | [Episode  200] eps=0.505  avg_reward=  33.640  avg_length= 33.64  avg_loss=  1.4438  avg_entropy=0.6890  eval_success=0.000
2026-03-29 16:17:38 | INFO | Episode  201 - Reward: 40.000, Length: 40, Loss: 1.0604, Entropy: 0.6893, Epsilon: 0.503
2026-03-29 16:17:39 | INFO | Episode  202 - Reward: 45.000, Length: 45, Loss: 2.0926, Entropy: 0.6892, Epsilon: 0.500
2026-03-29 16:17:40 | INFO | Episode  203 - Reward: 147.000, Length: 147, Loss: 1.3185, Entropy: 0.6893, Epsilon: 0.498
2026-03-29 16:17:41 | INFO | Episode  204 - Reward: 23.000, Length: 23, Loss: 2.5484, Entropy: 0.6892, Epsilon: 0.495
2026-03-29 16:17:42 | INFO | Episode  205 - Reward: 39.000, Length: 39, Loss: 1.7244, Entropy: 0.6888, Epsilon: 0.493
2026-03-29 16:17:42 | INFO | Episode  206 - Reward: 20.000, Length: 20, Loss: 2.0466, Entropy: 0.6868, Epsilon: 0.490
2026-03-29 16:17:43 | INFO | Episode  207 - Reward: 31.000, Length: 31, Loss: 2.2989, Entropy: 0.6887, Epsilon: 0.488
2026-03-29 16:17:44 | INFO | Episode  208 - Reward: 29.000, Length: 29, Loss: 2.1693, Entropy: 0.6885, Epsilon: 0.485
2026-03-29 16:17:45 | INFO | Episode  209 - Reward: 31.000, Length: 31, Loss: 1.1899, Entropy: 0.6880, Epsilon: 0.483
2026-03-29 16:17:46 | INFO | Episode  210 - Reward: 59.000, Length: 59, Loss: 1.6821, Entropy: 0.6882, Epsilon: 0.480
2026-03-29 16:17:47 | INFO | Episode  211 - Reward: 51.000, Length: 51, Loss: 1.9475, Entropy: 0.6872, Epsilon: 0.478
2026-03-29 16:17:47 | INFO | Episode  212 - Reward: 57.000, Length: 57, Loss: 2.6789, Entropy: 0.6873, Epsilon: 0.475
2026-03-29 16:17:48 | INFO | Episode  213 - Reward: 160.000, Length: 160, Loss: 1.9461, Entropy: 0.6879, Epsilon: 0.473
2026-03-29 16:17:49 | INFO | Episode  214 - Reward: 30.000, Length: 30, Loss: 2.6229, Entropy: 0.6867, Epsilon: 0.470
2026-03-29 16:17:50 | INFO | Episode  215 - Reward: 15.000, Length: 15, Loss: 2.3599, Entropy: 0.6858, Epsilon: 0.468
2026-03-29 16:17:51 | INFO | Episode  216 - Reward: 74.000, Length: 74, Loss: 1.8081, Entropy: 0.6859, Epsilon: 0.465
2026-03-29 16:17:52 | INFO | Episode  217 - Reward: 36.000, Length: 36, Loss: 2.3243, Entropy: 0.6859, Epsilon: 0.463
2026-03-29 16:17:53 | INFO | Episode  218 - Reward: 74.000, Length: 74, Loss: 1.6823, Entropy: 0.6861, Epsilon: 0.460
2026-03-29 16:17:53 | INFO | Episode  219 - Reward: 25.000, Length: 25, Loss: 2.2396, Entropy: 0.6854, Epsilon: 0.458
2026-03-29 16:17:54 | INFO | Episode  220 - Reward: 120.000, Length: 120, Loss: 2.6132, Entropy: 0.6849, Epsilon: 0.456
2026-03-29 16:17:55 | INFO | Episode  221 - Reward: 47.000, Length: 47, Loss: 1.6922, Entropy: 0.6852, Epsilon: 0.453
2026-03-29 16:17:56 | INFO | Episode  222 - Reward: 35.000, Length: 35, Loss: 3.2744, Entropy: 0.6844, Epsilon: 0.451
2026-03-29 16:17:57 | INFO | Episode  223 - Reward: 64.000, Length: 64, Loss: 2.3484, Entropy: 0.6823, Epsilon: 0.448
2026-03-29 16:17:58 | INFO | Episode  224 - Reward: 20.000, Length: 20, Loss: 1.7554, Entropy: 0.6815, Epsilon: 0.446
2026-03-29 16:17:59 | INFO | Episode  225 - Reward: 38.000, Length: 38, Loss: 2.9687, Entropy: 0.6830, Epsilon: 0.443
2026-03-29 16:17:59 | INFO | Episode  226 - Reward: 38.000, Length: 38, Loss: 1.7724, Entropy: 0.6803, Epsilon: 0.441
2026-03-29 16:18:00 | INFO | Episode  227 - Reward: 24.000, Length: 24, Loss: 2.5052, Entropy: 0.6800, Epsilon: 0.438
2026-03-29 16:18:02 | INFO | Episode  228 - Reward: 15.000, Length: 15, Loss: 2.4539, Entropy: 0.6786, Epsilon: 0.436
2026-03-29 16:18:02 | INFO | Episode  229 - Reward: 37.000, Length: 37, Loss: 2.7773, Entropy: 0.6765, Epsilon: 0.433
2026-03-29 16:18:03 | INFO | Episode  230 - Reward: 64.000, Length: 64, Loss: 2.6680, Entropy: 0.6787, Epsilon: 0.431
2026-03-29 16:18:04 | INFO | Episode  231 - Reward: 107.000, Length: 107, Loss: 2.9534, Entropy: 0.6800, Epsilon: 0.428
2026-03-29 16:18:05 | INFO | Episode  232 - Reward: 64.000, Length: 64, Loss: 2.0526, Entropy: 0.6787, Epsilon: 0.426
2026-03-29 16:18:05 | INFO | Episode  233 - Reward: 69.000, Length: 69, Loss: 3.0175, Entropy: 0.6765, Epsilon: 0.423
2026-03-29 16:18:06 | INFO | Episode  234 - Reward: 69.000, Length: 69, Loss: 2.3653, Entropy: 0.6775, Epsilon: 0.421
2026-03-29 16:18:06 | INFO | Episode  235 - Reward: 77.000, Length: 77, Loss: 2.2964, Entropy: 0.6750, Epsilon: 0.418
2026-03-29 16:18:07 | INFO | Episode  236 - Reward: 41.000, Length: 41, Loss: 3.0237, Entropy: 0.6751, Epsilon: 0.416
2026-03-29 16:18:07 | INFO | Episode  237 - Reward: 29.000, Length: 29, Loss: 3.0835, Entropy: 0.6685, Epsilon: 0.413
2026-03-29 16:18:08 | INFO | Episode  238 - Reward: 30.000, Length: 30, Loss: 2.8814, Entropy: 0.6719, Epsilon: 0.411
2026-03-29 16:18:08 | INFO | Episode  239 - Reward: 35.000, Length: 35, Loss: 2.5149, Entropy: 0.6704, Epsilon: 0.408
2026-03-29 16:18:09 | INFO | Episode  240 - Reward: 62.000, Length: 62, Loss: 3.1374, Entropy: 0.6688, Epsilon: 0.406
2026-03-29 16:18:09 | INFO | Episode  241 - Reward: 28.000, Length: 28, Loss: 2.3648, Entropy: 0.6703, Epsilon: 0.404
2026-03-29 16:18:10 | INFO | Episode  242 - Reward: 33.000, Length: 33, Loss: 2.3560, Entropy: 0.6683, Epsilon: 0.401
2026-03-29 16:18:10 | INFO | Episode  243 - Reward: 37.000, Length: 37, Loss: 3.1021, Entropy: 0.6673, Epsilon: 0.399
2026-03-29 16:18:11 | INFO | Episode  244 - Reward: 53.000, Length: 53, Loss: 3.9061, Entropy: 0.6672, Epsilon: 0.396
2026-03-29 16:18:11 | INFO | Episode  245 - Reward: 106.000, Length: 106, Loss: 3.3388, Entropy: 0.6683, Epsilon: 0.394
2026-03-29 16:18:12 | INFO | Episode  246 - Reward: 63.000, Length: 63, Loss: 2.8536, Entropy: 0.6663, Epsilon: 0.391
2026-03-29 16:18:12 | INFO | Episode  247 - Reward: 16.000, Length: 16, Loss: 3.0527, Entropy: 0.6676, Epsilon: 0.389
2026-03-29 16:18:13 | INFO | Episode  248 - Reward: 83.000, Length: 83, Loss: 4.1216, Entropy: 0.6624, Epsilon: 0.386
2026-03-29 16:18:13 | INFO | Episode  249 - Reward: 29.000, Length: 29, Loss: 3.1330, Entropy: 0.6618, Epsilon: 0.384
2026-03-29 16:18:14 | INFO | Episode  250 - Reward: 32.000, Length: 32, Loss: 2.9822, Entropy: 0.6611, Epsilon: 0.381
2026-03-29 16:18:21 | INFO | [Episode  250] eps=0.381  avg_reward=  51.020  avg_length= 51.02  avg_loss=  2.4621  avg_entropy=0.6611  eval_success=0.000
2026-03-29 16:18:21 | INFO | Episode  251 - Reward: 53.000, Length: 53, Loss: 3.0586, Entropy: 0.6589, Epsilon: 0.379
2026-03-29 16:18:22 | INFO | Episode  252 - Reward: 49.000, Length: 49, Loss: 2.5751, Entropy: 0.6605, Epsilon: 0.376
2026-03-29 16:18:22 | INFO | Episode  253 - Reward: 52.000, Length: 52, Loss: 2.3458, Entropy: 0.6607, Epsilon: 0.374
2026-03-29 16:18:23 | INFO | Episode  254 - Reward: 57.000, Length: 57, Loss: 2.8163, Entropy: 0.6603, Epsilon: 0.371
2026-03-29 16:18:23 | INFO | Episode  255 - Reward: 46.000, Length: 46, Loss: 3.4350, Entropy: 0.6559, Epsilon: 0.369
2026-03-29 16:18:24 | INFO | Episode  256 - Reward: 43.000, Length: 43, Loss: 2.8680, Entropy: 0.6543, Epsilon: 0.366
2026-03-29 16:18:24 | INFO | Episode  257 - Reward: 174.000, Length: 174, Loss: 3.2104, Entropy: 0.6548, Epsilon: 0.364
2026-03-29 16:18:25 | INFO | Episode  258 - Reward: 57.000, Length: 57, Loss: 2.6637, Entropy: 0.6529, Epsilon: 0.361
2026-03-29 16:18:25 | INFO | Episode  259 - Reward: 41.000, Length: 41, Loss: 3.6017, Entropy: 0.6512, Epsilon: 0.359
2026-03-29 16:18:26 | INFO | Episode  260 - Reward: 102.000, Length: 102, Loss: 1.7617, Entropy: 0.6495, Epsilon: 0.357
2026-03-29 16:18:27 | INFO | Episode  261 - Reward: 31.000, Length: 31, Loss: 4.3067, Entropy: 0.6467, Epsilon: 0.354
2026-03-29 16:18:27 | INFO | Episode  262 - Reward: 65.000, Length: 65, Loss: 3.6947, Entropy: 0.6431, Epsilon: 0.352
2026-03-29 16:18:28 | INFO | Episode  263 - Reward: 47.000, Length: 47, Loss: 2.8641, Entropy: 0.6443, Epsilon: 0.349
2026-03-29 16:18:28 | INFO | Episode  264 - Reward: 46.000, Length: 46, Loss: 3.3510, Entropy: 0.6444, Epsilon: 0.347
2026-03-29 16:18:29 | INFO | Episode  265 - Reward: 96.000, Length: 96, Loss: 2.3748, Entropy: 0.6381, Epsilon: 0.344
2026-03-29 16:18:29 | INFO | Episode  266 - Reward: 108.000, Length: 108, Loss: 3.1685, Entropy: 0.6358, Epsilon: 0.342
2026-03-29 16:18:30 | INFO | Episode  267 - Reward: 61.000, Length: 61, Loss: 3.7553, Entropy: 0.6334, Epsilon: 0.339
2026-03-29 16:18:30 | INFO | Episode  268 - Reward: 67.000, Length: 67, Loss: 4.4374, Entropy: 0.6252, Epsilon: 0.337
2026-03-29 16:18:31 | INFO | Episode  269 - Reward: 47.000, Length: 47, Loss: 3.6337, Entropy: 0.6332, Epsilon: 0.334
2026-03-29 16:18:31 | INFO | Episode  270 - Reward: 40.000, Length: 40, Loss: 2.9410, Entropy: 0.6308, Epsilon: 0.332
2026-03-29 16:18:32 | INFO | Episode  271 - Reward: 73.000, Length: 73, Loss: 2.8355, Entropy: 0.6246, Epsilon: 0.329
2026-03-29 16:18:32 | INFO | Episode  272 - Reward: 67.000, Length: 67, Loss: 2.7723, Entropy: 0.6269, Epsilon: 0.327
2026-03-29 16:18:33 | INFO | Episode  273 - Reward: 122.000, Length: 122, Loss: 2.2641, Entropy: 0.6258, Epsilon: 0.324
2026-03-29 16:18:33 | INFO | Episode  274 - Reward: 82.000, Length: 82, Loss: 4.1817, Entropy: 0.6206, Epsilon: 0.322
2026-03-29 16:18:34 | INFO | Episode  275 - Reward: 76.000, Length: 76, Loss: 3.4843, Entropy: 0.6221, Epsilon: 0.319
2026-03-29 16:18:34 | INFO | Episode  276 - Reward: 55.000, Length: 55, Loss: 2.5499, Entropy: 0.6142, Epsilon: 0.317
2026-03-29 16:18:35 | INFO | Episode  277 - Reward: 189.000, Length: 189, Loss: 3.4787, Entropy: 0.6175, Epsilon: 0.314
2026-03-29 16:18:35 | INFO | Episode  278 - Reward: 64.000, Length: 64, Loss: 1.6827, Entropy: 0.6174, Epsilon: 0.312
2026-03-29 16:18:36 | INFO | Episode  279 - Reward: 47.000, Length: 47, Loss: 2.8798, Entropy: 0.6150, Epsilon: 0.309
2026-03-29 16:18:36 | INFO | Episode  280 - Reward: 101.000, Length: 101, Loss: 3.5113, Entropy: 0.6101, Epsilon: 0.307
2026-03-29 16:18:36 | INFO | Episode  281 - Reward: 40.000, Length: 40, Loss: 3.5951, Entropy: 0.6079, Epsilon: 0.305
2026-03-29 16:18:37 | INFO | Episode  282 - Reward: 53.000, Length: 53, Loss: 3.1630, Entropy: 0.6050, Epsilon: 0.302
2026-03-29 16:18:37 | INFO | Episode  283 - Reward: 93.000, Length: 93, Loss: 3.4656, Entropy: 0.6085, Epsilon: 0.300
2026-03-29 16:18:38 | INFO | Episode  284 - Reward: 72.000, Length: 72, Loss: 3.5970, Entropy: 0.6042, Epsilon: 0.297
2026-03-29 16:18:38 | INFO | Episode  285 - Reward: 197.000, Length: 197, Loss: 3.5679, Entropy: 0.6102, Epsilon: 0.295
2026-03-29 16:18:39 | INFO | Episode  286 - Reward: 197.000, Length: 197, Loss: 3.8471, Entropy: 0.6079, Epsilon: 0.292
2026-03-29 16:18:39 | INFO | Episode  287 - Reward: 36.000, Length: 36, Loss: 4.1860, Entropy: 0.6079, Epsilon: 0.290
2026-03-29 16:18:40 | INFO | Episode  288 - Reward: 54.000, Length: 54, Loss: 4.1716, Entropy: 0.6094, Epsilon: 0.287
2026-03-29 16:18:40 | INFO | Episode  289 - Reward: 37.000, Length: 37, Loss: 4.5372, Entropy: 0.5958, Epsilon: 0.285
2026-03-29 16:18:40 | INFO | Episode  290 - Reward: 73.000, Length: 73, Loss: 3.9294, Entropy: 0.6015, Epsilon: 0.282
2026-03-29 16:18:41 | INFO | Episode  291 - Reward: 132.000, Length: 132, Loss: 5.6262, Entropy: 0.5984, Epsilon: 0.280
2026-03-29 16:18:41 | INFO | Episode  292 - Reward: 45.000, Length: 45, Loss: 5.4561, Entropy: 0.6016, Epsilon: 0.277
2026-03-29 16:18:42 | INFO | Episode  293 - Reward: 77.000, Length: 77, Loss: 4.7889, Entropy: 0.5944, Epsilon: 0.275
2026-03-29 16:18:42 | INFO | Episode  294 - Reward: 107.000, Length: 107, Loss: 4.6498, Entropy: 0.5960, Epsilon: 0.272
2026-03-29 16:18:43 | INFO | Episode  295 - Reward: 138.000, Length: 138, Loss: 3.5682, Entropy: 0.6004, Epsilon: 0.270
2026-03-29 16:18:43 | INFO | Episode  296 - Reward: 187.000, Length: 187, Loss: 5.9600, Entropy: 0.6044, Epsilon: 0.267
2026-03-29 16:18:43 | INFO | Episode  297 - Reward: 157.000, Length: 157, Loss: 4.3622, Entropy: 0.6050, Epsilon: 0.265
2026-03-29 16:18:44 | INFO | Episode  298 - Reward: 89.000, Length: 89, Loss: 7.1778, Entropy: 0.5956, Epsilon: 0.262
2026-03-29 16:18:44 | INFO | Episode  299 - Reward: 132.000, Length: 132, Loss: 6.2161, Entropy: 0.6000, Epsilon: 0.260
2026-03-29 16:18:45 | INFO | Episode  300 - Reward: 44.000, Length: 44, Loss: 5.0696, Entropy: 0.6009, Epsilon: 0.258
2026-03-29 16:18:55 | INFO | [Episode  300] eps=0.258  avg_reward=  82.360  avg_length= 82.36  avg_loss=  3.6688  avg_entropy=0.6009  eval_success=0.520
2026-03-29 16:18:55 | INFO | Episode  301 - Reward: 67.000, Length: 67, Loss: 5.6217, Entropy: 0.5872, Epsilon: 0.255
2026-03-29 16:18:56 | INFO | Episode  302 - Reward: 81.000, Length: 81, Loss: 5.9489, Entropy: 0.5884, Epsilon: 0.253
2026-03-29 16:18:56 | INFO | Episode  303 - Reward: 172.000, Length: 172, Loss: 9.9526, Entropy: 0.5942, Epsilon: 0.250
2026-03-29 16:18:57 | INFO | Episode  304 - Reward: 200.000, Length: 200, Loss: 11.4730, Entropy: 0.5864, Epsilon: 0.248
2026-03-29 16:18:57 | INFO | Episode  305 - Reward: 30.000, Length: 30, Loss: 3.9832, Entropy: 0.5741, Epsilon: 0.245
2026-03-29 16:18:58 | INFO | Episode  306 - Reward: 44.000, Length: 44, Loss: 4.0292, Entropy: 0.5838, Epsilon: 0.243
2026-03-29 16:18:59 | INFO | Episode  307 - Reward: 38.000, Length: 38, Loss: 3.4482, Entropy: 0.5880, Epsilon: 0.240
2026-03-29 16:18:59 | INFO | Episode  308 - Reward: 200.000, Length: 200, Loss: 2.8861, Entropy: 0.5829, Epsilon: 0.238
2026-03-29 16:19:00 | INFO | Episode  309 - Reward: 103.000, Length: 103, Loss: 3.2315, Entropy: 0.5871, Epsilon: 0.235
2026-03-29 16:19:00 | INFO | Episode  310 - Reward: 200.000, Length: 200, Loss: 3.6634, Entropy: 0.5845, Epsilon: 0.233
2026-03-29 16:19:01 | INFO | Episode  311 - Reward: 182.000, Length: 182, Loss: 3.1468, Entropy: 0.5852, Epsilon: 0.230
2026-03-29 16:19:01 | INFO | Episode  312 - Reward: 84.000, Length: 84, Loss: 4.4911, Entropy: 0.5737, Epsilon: 0.228
2026-03-29 16:19:02 | INFO | Episode  313 - Reward: 36.000, Length: 36, Loss: 3.7806, Entropy: 0.5724, Epsilon: 0.225
2026-03-29 16:19:02 | INFO | Episode  314 - Reward: 98.000, Length: 98, Loss: 3.4210, Entropy: 0.5853, Epsilon: 0.223
2026-03-29 16:19:02 | INFO | Episode  315 - Reward: 147.000, Length: 147, Loss: 6.3559, Entropy: 0.5797, Epsilon: 0.220
2026-03-29 16:19:03 | INFO | Episode  316 - Reward: 130.000, Length: 130, Loss: 5.8488, Entropy: 0.5767, Epsilon: 0.218
2026-03-29 16:19:03 | INFO | Episode  317 - Reward: 167.000, Length: 167, Loss: 3.8846, Entropy: 0.5795, Epsilon: 0.215
2026-03-29 16:19:04 | INFO | Episode  318 - Reward: 200.000, Length: 200, Loss: 4.2798, Entropy: 0.5773, Epsilon: 0.213
2026-03-29 16:19:05 | INFO | Episode  319 - Reward: 108.000, Length: 108, Loss: 8.0291, Entropy: 0.5810, Epsilon: 0.210
2026-03-29 16:19:05 | INFO | Episode  320 - Reward: 76.000, Length: 76, Loss: 23.7028, Entropy: 0.5841, Epsilon: 0.208
2026-03-29 16:19:06 | INFO | Episode  321 - Reward: 118.000, Length: 118, Loss: 30.1944, Entropy: 0.5935, Epsilon: 0.206
2026-03-29 16:19:07 | INFO | Episode  322 - Reward: 60.000, Length: 60, Loss: 3.7990, Entropy: 0.5935, Epsilon: 0.203
2026-03-29 16:19:07 | INFO | Episode  323 - Reward: 99.000, Length: 99, Loss: 3.3141, Entropy: 0.5950, Epsilon: 0.201
2026-03-29 16:19:08 | INFO | Episode  324 - Reward: 200.000, Length: 200, Loss: 3.0969, Entropy: 0.6021, Epsilon: 0.198
2026-03-29 16:19:09 | INFO | Episode  325 - Reward: 130.000, Length: 130, Loss: 3.6518, Entropy: 0.5989, Epsilon: 0.196
2026-03-29 16:19:09 | INFO | Episode  326 - Reward: 200.000, Length: 200, Loss: 3.3910, Entropy: 0.6011, Epsilon: 0.193
2026-03-29 16:19:10 | INFO | Episode  327 - Reward: 180.000, Length: 180, Loss: 3.0319, Entropy: 0.6023, Epsilon: 0.191
2026-03-29 16:19:11 | INFO | Episode  328 - Reward: 119.000, Length: 119, Loss: 3.7511, Entropy: 0.5963, Epsilon: 0.188
2026-03-29 16:19:11 | INFO | Episode  329 - Reward: 141.000, Length: 141, Loss: 4.2926, Entropy: 0.6014, Epsilon: 0.186
2026-03-29 16:19:12 | INFO | Episode  330 - Reward: 183.000, Length: 183, Loss: 4.2946, Entropy: 0.5925, Epsilon: 0.183
2026-03-29 16:19:13 | INFO | Episode  331 - Reward: 200.000, Length: 200, Loss: 2.8153, Entropy: 0.6008, Epsilon: 0.181
2026-03-29 16:19:13 | INFO | Episode  332 - Reward: 186.000, Length: 186, Loss: 4.0305, Entropy: 0.6017, Epsilon: 0.178
2026-03-29 16:19:13 | INFO | Episode  333 - Reward: 122.000, Length: 122, Loss: 3.8005, Entropy: 0.5937, Epsilon: 0.176
2026-03-29 16:19:14 | INFO | Episode  334 - Reward: 200.000, Length: 200, Loss: 3.0675, Entropy: 0.6039, Epsilon: 0.173
2026-03-29 16:19:14 | INFO | Episode  335 - Reward: 141.000, Length: 141, Loss: 4.6341, Entropy: 0.6012, Epsilon: 0.171
2026-03-29 16:19:15 | INFO | Episode  336 - Reward: 200.000, Length: 200, Loss: 4.1215, Entropy: 0.5989, Epsilon: 0.168
2026-03-29 16:19:15 | INFO | Episode  337 - Reward: 200.000, Length: 200, Loss: 3.9410, Entropy: 0.5952, Epsilon: 0.166
2026-03-29 16:19:16 | INFO | Episode  338 - Reward: 145.000, Length: 145, Loss: 3.1511, Entropy: 0.5946, Epsilon: 0.163
2026-03-29 16:19:16 | INFO | Episode  339 - Reward: 200.000, Length: 200, Loss: 5.5986, Entropy: 0.5835, Epsilon: 0.161
2026-03-29 16:19:17 | INFO | Episode  340 - Reward: 88.000, Length: 88, Loss: 3.7494, Entropy: 0.5877, Epsilon: 0.158
2026-03-29 16:19:17 | INFO | Episode  341 - Reward: 117.000, Length: 117, Loss: 3.7079, Entropy: 0.5942, Epsilon: 0.156
2026-03-29 16:19:18 | INFO | Episode  342 - Reward: 200.000, Length: 200, Loss: 5.1722, Entropy: 0.5868, Epsilon: 0.154
2026-03-29 16:19:18 | INFO | Episode  343 - Reward: 200.000, Length: 200, Loss: 3.7838, Entropy: 0.5839, Epsilon: 0.151
2026-03-29 16:19:19 | INFO | Episode  344 - Reward: 200.000, Length: 200, Loss: 3.2927, Entropy: 0.5832, Epsilon: 0.149
2026-03-29 16:19:20 | INFO | Episode  345 - Reward: 200.000, Length: 200, Loss: 4.2587, Entropy: 0.5822, Epsilon: 0.146
2026-03-29 16:19:21 | INFO | Episode  346 - Reward: 200.000, Length: 200, Loss: 4.4289, Entropy: 0.5817, Epsilon: 0.144
2026-03-29 16:19:22 | INFO | Episode  347 - Reward: 200.000, Length: 200, Loss: 3.1660, Entropy: 0.5745, Epsilon: 0.141
2026-03-29 16:19:23 | INFO | Episode  348 - Reward: 200.000, Length: 200, Loss: 3.1641, Entropy: 0.5797, Epsilon: 0.139
2026-03-29 16:19:24 | INFO | Episode  349 - Reward: 200.000, Length: 200, Loss: 1.6036, Entropy: 0.5841, Epsilon: 0.136
2026-03-29 16:19:24 | INFO | Episode  350 - Reward: 200.000, Length: 200, Loss: 1.5688, Entropy: 0.5676, Epsilon: 0.134
2026-03-29 16:19:42 | INFO | [Episode  350] eps=0.134  avg_reward= 147.840  avg_length=147.84  avg_loss=  5.1410  avg_entropy=0.5676  eval_success=1.000
2026-03-29 16:19:42 | INFO | Episode  351 - Reward: 200.000, Length: 200, Loss: 3.4012, Entropy: 0.5756, Epsilon: 0.131
2026-03-29 16:19:43 | INFO | Episode  352 - Reward: 200.000, Length: 200, Loss: 6.3881, Entropy: 0.5782, Epsilon: 0.129
2026-03-29 16:19:44 | INFO | Episode  353 - Reward: 200.000, Length: 200, Loss: 14.6961, Entropy: 0.5706, Epsilon: 0.126
2026-03-29 16:19:45 | INFO | Episode  354 - Reward: 200.000, Length: 200, Loss: 2.8320, Entropy: 0.5830, Epsilon: 0.124
2026-03-29 16:19:45 | INFO | Episode  355 - Reward: 200.000, Length: 200, Loss: 1.3534, Entropy: 0.5819, Epsilon: 0.121
2026-03-29 16:19:46 | INFO | Episode  356 - Reward: 200.000, Length: 200, Loss: 2.0122, Entropy: 0.5810, Epsilon: 0.119
2026-03-29 16:19:47 | INFO | Episode  357 - Reward: 200.000, Length: 200, Loss: 3.1637, Entropy: 0.5853, Epsilon: 0.116
2026-03-29 16:19:48 | INFO | Episode  358 - Reward: 200.000, Length: 200, Loss: 1.6228, Entropy: 0.5919, Epsilon: 0.114
2026-03-29 16:19:49 | INFO | Episode  359 - Reward: 200.000, Length: 200, Loss: 1.7320, Entropy: 0.5963, Epsilon: 0.111
2026-03-29 16:19:50 | INFO | Episode  360 - Reward: 200.000, Length: 200, Loss: 1.8237, Entropy: 0.5954, Epsilon: 0.109
2026-03-29 16:19:50 | INFO | Episode  361 - Reward: 200.000, Length: 200, Loss: 3.0513, Entropy: 0.5852, Epsilon: 0.107
2026-03-29 16:19:51 | INFO | Episode  362 - Reward: 178.000, Length: 178, Loss: 4.3472, Entropy: 0.5866, Epsilon: 0.104
2026-03-29 16:19:52 | INFO | Episode  363 - Reward: 200.000, Length: 200, Loss: 2.7425, Entropy: 0.5967, Epsilon: 0.102
2026-03-29 16:19:53 | INFO | Episode  364 - Reward: 200.000, Length: 200, Loss: 4.2604, Entropy: 0.5773, Epsilon: 0.099
2026-03-29 16:19:53 | INFO | Episode  365 - Reward: 200.000, Length: 200, Loss: 4.1288, Entropy: 0.5936, Epsilon: 0.097
2026-03-29 16:19:54 | INFO | Episode  366 - Reward: 200.000, Length: 200, Loss: 2.5842, Entropy: 0.5987, Epsilon: 0.094
2026-03-29 16:19:55 | INFO | Episode  367 - Reward: 200.000, Length: 200, Loss: 2.5143, Entropy: 0.5986, Epsilon: 0.092
2026-03-29 16:19:55 | INFO | Episode  368 - Reward: 200.000, Length: 200, Loss: 4.2135, Entropy: 0.5924, Epsilon: 0.089
2026-03-29 16:19:56 | INFO | Episode  369 - Reward: 200.000, Length: 200, Loss: 2.9017, Entropy: 0.5945, Epsilon: 0.087
2026-03-29 16:19:57 | INFO | Episode  370 - Reward: 200.000, Length: 200, Loss: 2.9806, Entropy: 0.5953, Epsilon: 0.084
2026-03-29 16:19:57 | INFO | Episode  371 - Reward: 200.000, Length: 200, Loss: 1.9493, Entropy: 0.5972, Epsilon: 0.082
2026-03-29 16:19:58 | INFO | Episode  372 - Reward: 200.000, Length: 200, Loss: 3.5692, Entropy: 0.5948, Epsilon: 0.079
2026-03-29 16:19:59 | INFO | Episode  373 - Reward: 200.000, Length: 200, Loss: 3.1219, Entropy: 0.5945, Epsilon: 0.077
2026-03-29 16:19:59 | INFO | Episode  374 - Reward: 200.000, Length: 200, Loss: 4.5169, Entropy: 0.5976, Epsilon: 0.074
2026-03-29 16:20:00 | INFO | Episode  375 - Reward: 200.000, Length: 200, Loss: 5.4461, Entropy: 0.5943, Epsilon: 0.072
2026-03-29 16:20:01 | INFO | Episode  376 - Reward: 200.000, Length: 200, Loss: 10.4759, Entropy: 0.6033, Epsilon: 0.069
2026-03-29 16:20:01 | INFO | Episode  377 - Reward: 200.000, Length: 200, Loss: 2.3125, Entropy: 0.5945, Epsilon: 0.067
2026-03-29 16:20:02 | INFO | Episode  378 - Reward: 200.000, Length: 200, Loss: 1.8618, Entropy: 0.5961, Epsilon: 0.064
2026-03-29 16:20:02 | INFO | Episode  379 - Reward: 200.000, Length: 200, Loss: 2.5560, Entropy: 0.6042, Epsilon: 0.062
2026-03-29 16:20:03 | INFO | Episode  380 - Reward: 200.000, Length: 200, Loss: 1.9477, Entropy: 0.6046, Epsilon: 0.059
2026-03-29 16:20:04 | INFO | Episode  381 - Reward: 200.000, Length: 200, Loss: 2.2750, Entropy: 0.6078, Epsilon: 0.057
2026-03-29 16:20:04 | INFO | Episode  382 - Reward: 200.000, Length: 200, Loss: 2.3639, Entropy: 0.6055, Epsilon: 0.055
2026-03-29 16:20:04 | INFO | Episode  383 - Reward: 200.000, Length: 200, Loss: 3.5195, Entropy: 0.6106, Epsilon: 0.052
2026-03-29 16:20:05 | INFO | Episode  384 - Reward: 200.000, Length: 200, Loss: 1.8926, Entropy: 0.6114, Epsilon: 0.050
2026-03-29 16:20:05 | INFO | Episode  385 - Reward: 200.000, Length: 200, Loss: 1.6091, Entropy: 0.6051, Epsilon: 0.047
2026-03-29 16:20:06 | INFO | Episode  386 - Reward: 200.000, Length: 200, Loss: 2.8171, Entropy: 0.6066, Epsilon: 0.045
2026-03-29 16:20:06 | INFO | Episode  387 - Reward: 200.000, Length: 200, Loss: 2.2479, Entropy: 0.6002, Epsilon: 0.042
2026-03-29 16:20:07 | INFO | Episode  388 - Reward: 200.000, Length: 200, Loss: 2.5786, Entropy: 0.6042, Epsilon: 0.040
2026-03-29 16:20:07 | INFO | Episode  389 - Reward: 200.000, Length: 200, Loss: 3.8518, Entropy: 0.6053, Epsilon: 0.037
2026-03-29 16:20:08 | INFO | Episode  390 - Reward: 200.000, Length: 200, Loss: 4.0680, Entropy: 0.6156, Epsilon: 0.035
2026-03-29 16:20:09 | INFO | Episode  391 - Reward: 200.000, Length: 200, Loss: 3.2879, Entropy: 0.6087, Epsilon: 0.032
2026-03-29 16:20:09 | INFO | Episode  392 - Reward: 200.000, Length: 200, Loss: 2.4064, Entropy: 0.6080, Epsilon: 0.030
2026-03-29 16:20:10 | INFO | Episode  393 - Reward: 200.000, Length: 200, Loss: 2.6288, Entropy: 0.6051, Epsilon: 0.027
2026-03-29 16:20:11 | INFO | Episode  394 - Reward: 200.000, Length: 200, Loss: 1.8438, Entropy: 0.6163, Epsilon: 0.025
2026-03-29 16:20:11 | INFO | Episode  395 - Reward: 200.000, Length: 200, Loss: 2.1195, Entropy: 0.6086, Epsilon: 0.022
2026-03-29 16:20:12 | INFO | Episode  396 - Reward: 200.000, Length: 200, Loss: 1.6323, Entropy: 0.6202, Epsilon: 0.020
2026-03-29 16:20:12 | INFO | Episode  397 - Reward: 200.000, Length: 200, Loss: 2.6104, Entropy: 0.6104, Epsilon: 0.017
2026-03-29 16:20:13 | INFO | Episode  398 - Reward: 200.000, Length: 200, Loss: 2.4380, Entropy: 0.6138, Epsilon: 0.015
2026-03-29 16:20:14 | INFO | Episode  399 - Reward: 200.000, Length: 200, Loss: 2.1138, Entropy: 0.6161, Epsilon: 0.012
2026-03-29 16:20:14 | INFO | Episode  400 - Reward: 200.000, Length: 200, Loss: 1.7999, Entropy: 0.6165, Epsilon: 0.010
2026-03-29 16:20:30 | INFO | [Episode  400] eps=0.010  avg_reward= 199.560  avg_length=199.56  avg_loss=  3.2122  avg_entropy=0.6165  eval_success=1.000
2026-03-29 16:20:30 | INFO | Episode  401 - Reward: 200.000, Length: 200, Loss: 2.0386, Entropy: 0.6190, Epsilon: 0.010
2026-03-29 16:20:31 | INFO | Episode  402 - Reward: 200.000, Length: 200, Loss: 2.1592, Entropy: 0.6213, Epsilon: 0.010
2026-03-29 16:20:31 | INFO | Episode  403 - Reward: 200.000, Length: 200, Loss: 2.7037, Entropy: 0.6211, Epsilon: 0.010
2026-03-29 16:20:32 | INFO | Episode  404 - Reward: 200.000, Length: 200, Loss: 2.0248, Entropy: 0.6217, Epsilon: 0.010
2026-03-29 16:20:32 | INFO | Episode  405 - Reward: 200.000, Length: 200, Loss: 2.1098, Entropy: 0.6177, Epsilon: 0.010
2026-03-29 16:20:32 | INFO | Episode  406 - Reward: 200.000, Length: 200, Loss: 2.5239, Entropy: 0.6216, Epsilon: 0.010
2026-03-29 16:20:33 | INFO | Episode  407 - Reward: 200.000, Length: 200, Loss: 2.9183, Entropy: 0.6221, Epsilon: 0.010
2026-03-29 16:20:33 | INFO | Episode  408 - Reward: 200.000, Length: 200, Loss: 3.7194, Entropy: 0.6214, Epsilon: 0.010
2026-03-29 16:20:34 | INFO | Episode  409 - Reward: 200.000, Length: 200, Loss: 1.4902, Entropy: 0.6263, Epsilon: 0.010
2026-03-29 16:20:34 | INFO | Episode  410 - Reward: 200.000, Length: 200, Loss: 0.9060, Entropy: 0.6274, Epsilon: 0.010
2026-03-29 16:20:35 | INFO | Episode  411 - Reward: 200.000, Length: 200, Loss: 1.0763, Entropy: 0.6295, Epsilon: 0.010
2026-03-29 16:20:35 | INFO | Episode  412 - Reward: 200.000, Length: 200, Loss: 1.1368, Entropy: 0.6288, Epsilon: 0.010
2026-03-29 16:20:36 | INFO | Episode  413 - Reward: 200.000, Length: 200, Loss: 1.4667, Entropy: 0.6299, Epsilon: 0.010
2026-03-29 16:20:36 | INFO | Episode  414 - Reward: 200.000, Length: 200, Loss: 1.0140, Entropy: 0.6263, Epsilon: 0.010
2026-03-29 16:20:37 | INFO | Episode  415 - Reward: 200.000, Length: 200, Loss: 0.6758, Entropy: 0.6310, Epsilon: 0.010
2026-03-29 16:20:37 | INFO | Episode  416 - Reward: 200.000, Length: 200, Loss: 0.3851, Entropy: 0.6295, Epsilon: 0.010
2026-03-29 16:20:38 | INFO | Episode  417 - Reward: 200.000, Length: 200, Loss: 1.3363, Entropy: 0.6318, Epsilon: 0.010
2026-03-29 16:20:38 | INFO | Episode  418 - Reward: 200.000, Length: 200, Loss: 1.2921, Entropy: 0.6395, Epsilon: 0.010
2026-03-29 16:20:38 | INFO | Episode  419 - Reward: 200.000, Length: 200, Loss: 0.9134, Entropy: 0.6378, Epsilon: 0.010
2026-03-29 16:20:39 | INFO | Episode  420 - Reward: 200.000, Length: 200, Loss: 1.7771, Entropy: 0.6362, Epsilon: 0.010
2026-03-29 16:20:39 | INFO | Episode  421 - Reward: 200.000, Length: 200, Loss: 1.2963, Entropy: 0.6333, Epsilon: 0.010
2026-03-29 16:20:40 | INFO | Episode  422 - Reward: 200.000, Length: 200, Loss: 1.1661, Entropy: 0.6394, Epsilon: 0.010
2026-03-29 16:20:40 | INFO | Episode  423 - Reward: 200.000, Length: 200, Loss: 0.6677, Entropy: 0.6422, Epsilon: 0.010
2026-03-29 16:20:40 | INFO | Episode  424 - Reward: 200.000, Length: 200, Loss: 0.8514, Entropy: 0.6424, Epsilon: 0.010
2026-03-29 16:20:41 | INFO | Episode  425 - Reward: 200.000, Length: 200, Loss: 1.8993, Entropy: 0.6417, Epsilon: 0.010
2026-03-29 16:20:41 | INFO | Episode  426 - Reward: 200.000, Length: 200, Loss: 2.1451, Entropy: 0.6426, Epsilon: 0.010
2026-03-29 16:20:42 | INFO | Episode  427 - Reward: 200.000, Length: 200, Loss: 0.7268, Entropy: 0.6485, Epsilon: 0.010
2026-03-29 16:20:42 | INFO | Episode  428 - Reward: 200.000, Length: 200, Loss: 1.9072, Entropy: 0.6463, Epsilon: 0.010
2026-03-29 16:20:42 | INFO | Episode  429 - Reward: 200.000, Length: 200, Loss: 0.6414, Entropy: 0.6508, Epsilon: 0.010
2026-03-29 16:20:43 | INFO | Episode  430 - Reward: 200.000, Length: 200, Loss: 0.5955, Entropy: 0.6496, Epsilon: 0.010
2026-03-29 16:20:43 | INFO | Episode  431 - Reward: 200.000, Length: 200, Loss: 0.3219, Entropy: 0.6508, Epsilon: 0.010
2026-03-29 16:20:44 | INFO | Episode  432 - Reward: 200.000, Length: 200, Loss: 0.9795, Entropy: 0.6469, Epsilon: 0.010
2026-03-29 16:20:44 | INFO | Episode  433 - Reward: 200.000, Length: 200, Loss: 0.7900, Entropy: 0.6518, Epsilon: 0.010
2026-03-29 16:20:44 | INFO | Episode  434 - Reward: 200.000, Length: 200, Loss: 0.9373, Entropy: 0.6551, Epsilon: 0.010
2026-03-29 16:20:45 | INFO | Episode  435 - Reward: 200.000, Length: 200, Loss: 1.6116, Entropy: 0.6543, Epsilon: 0.010
2026-03-29 16:20:45 | INFO | Episode  436 - Reward: 200.000, Length: 200, Loss: 3.0232, Entropy: 0.6530, Epsilon: 0.010
2026-03-29 16:20:45 | INFO | Episode  437 - Reward: 200.000, Length: 200, Loss: 1.0957, Entropy: 0.6534, Epsilon: 0.010
2026-03-29 16:20:46 | INFO | Episode  438 - Reward: 200.000, Length: 200, Loss: 1.7814, Entropy: 0.6569, Epsilon: 0.010
2026-03-29 16:20:46 | INFO | Episode  439 - Reward: 200.000, Length: 200, Loss: 0.5452, Entropy: 0.6568, Epsilon: 0.010
2026-03-29 16:20:47 | INFO | Episode  440 - Reward: 200.000, Length: 200, Loss: 1.3246, Entropy: 0.6573, Epsilon: 0.010
2026-03-29 16:20:47 | INFO | Episode  441 - Reward: 200.000, Length: 200, Loss: 0.4739, Entropy: 0.6627, Epsilon: 0.010
2026-03-29 16:20:47 | INFO | Episode  442 - Reward: 200.000, Length: 200, Loss: 0.6813, Entropy: 0.6575, Epsilon: 0.010
2026-03-29 16:20:48 | INFO | Episode  443 - Reward: 200.000, Length: 200, Loss: 2.0235, Entropy: 0.6606, Epsilon: 0.010
2026-03-29 16:20:48 | INFO | Episode  444 - Reward: 200.000, Length: 200, Loss: 0.5846, Entropy: 0.6535, Epsilon: 0.010
2026-03-29 16:20:49 | INFO | Episode  445 - Reward: 200.000, Length: 200, Loss: 0.3115, Entropy: 0.6588, Epsilon: 0.010
2026-03-29 16:20:49 | INFO | Episode  446 - Reward: 200.000, Length: 200, Loss: 0.5620, Entropy: 0.6566, Epsilon: 0.010
2026-03-29 16:20:50 | INFO | Episode  447 - Reward: 200.000, Length: 200, Loss: 0.9765, Entropy: 0.6620, Epsilon: 0.010
2026-03-29 16:20:50 | INFO | Episode  448 - Reward: 200.000, Length: 200, Loss: 0.7082, Entropy: 0.6630, Epsilon: 0.010
2026-03-29 16:20:51 | INFO | Episode  449 - Reward: 200.000, Length: 200, Loss: 0.6827, Entropy: 0.6676, Epsilon: 0.010
2026-03-29 16:20:51 | INFO | Episode  450 - Reward: 200.000, Length: 200, Loss: 0.6944, Entropy: 0.6657, Epsilon: 0.010
2026-03-29 16:21:00 | INFO | [Episode  450] eps=0.010  avg_reward= 200.000  avg_length=200.00  avg_loss=  1.3135  avg_entropy=0.6657  eval_success=1.000
2026-03-29 16:21:00 | INFO | Early stopping at episode 450 — eval_success >= 0.99 for 3 consecutive evals
2026-03-29 16:21:00 | INFO | DQN+Entropy training: 5m 54.87s
2026-03-29 16:21:34 | INFO | [Final Eval] success=1.000, mean_reward=200.000
