2026-03-29 17:29:03 | INFO | ============================================================
2026-03-29 17:29:03 | INFO | DEVICE / COMPUTE INFORMATION
2026-03-29 17:29:03 | INFO |   JAX backend       : CPU
2026-03-29 17:29:03 | INFO |   Platform          : cpu
2026-03-29 17:29:03 | INFO |   Num devices       : 1
2026-03-29 17:29:03 | INFO |   Device            : TFRT_CPU_0
2026-03-29 17:29:03 | INFO | ============================================================
2026-03-29 17:29:03 | INFO | DQN+Entropy | seed=8, lr=0.01, gamma=0.95, alpha=0.05
2026-03-29 17:29:03 | INFO | Env: cartpole/dense, obs_dim=4, num_actions=2
2026-03-29 17:29:04 | INFO | Episode    1 - Reward: 11.000, Length: 11, Loss: 0.0000, Entropy: 0.0000, Epsilon: 0.998
2026-03-29 17:29:05 | INFO | Episode    2 - Reward: 11.000, Length: 11, Loss: 0.0000, Entropy: 0.0000, Epsilon: 0.995
2026-03-29 17:29:05 | INFO | Episode    3 - Reward: 15.000, Length: 15, Loss: 0.0000, Entropy: 0.0000, Epsilon: 0.993
2026-03-29 17:29:06 | INFO | Episode    4 - Reward: 21.000, Length: 21, Loss: 0.0000, Entropy: 0.0000, Epsilon: 0.990
2026-03-29 17:29:06 | INFO | Episode    5 - Reward: 38.000, Length: 38, Loss: 0.0000, Entropy: 0.0000, Epsilon: 0.988
2026-03-29 17:29:07 | INFO | Episode    6 - Reward: 15.000, Length: 15, Loss: 0.0000, Entropy: 0.0000, Epsilon: 0.985
2026-03-29 17:29:07 | INFO | Episode    7 - Reward: 23.000, Length: 23, Loss: 0.0000, Entropy: 0.0000, Epsilon: 0.983
2026-03-29 17:29:07 | INFO | Episode    8 - Reward: 36.000, Length: 36, Loss: 0.0000, Entropy: 0.0000, Epsilon: 0.980
2026-03-29 17:29:08 | INFO | Episode    9 - Reward: 34.000, Length: 34, Loss: 0.0000, Entropy: 0.0000, Epsilon: 0.978
2026-03-29 17:29:08 | INFO | Episode   10 - Reward: 17.000, Length: 17, Loss: 0.0000, Entropy: 0.0000, Epsilon: 0.975
2026-03-29 17:29:09 | INFO | Episode   11 - Reward: 14.000, Length: 14, Loss: 0.0000, Entropy: 0.0000, Epsilon: 0.973
2026-03-29 17:29:09 | INFO | Episode   12 - Reward: 12.000, Length: 12, Loss: 0.0000, Entropy: 0.0000, Epsilon: 0.970
2026-03-29 17:29:11 | INFO | Episode   13 - Reward: 11.000, Length: 11, Loss: 0.9681, Entropy: 0.6928, Epsilon: 0.968
2026-03-29 17:29:11 | INFO | Episode   14 - Reward: 20.000, Length: 20, Loss: 0.8714, Entropy: 0.6929, Epsilon: 0.965
2026-03-29 17:29:12 | INFO | Episode   15 - Reward: 37.000, Length: 37, Loss: 0.7772, Entropy: 0.6930, Epsilon: 0.963
2026-03-29 17:29:13 | INFO | Episode   16 - Reward: 41.000, Length: 41, Loss: 0.7043, Entropy: 0.6929, Epsilon: 0.960
2026-03-29 17:29:13 | INFO | Episode   17 - Reward: 20.000, Length: 20, Loss: 0.6290, Entropy: 0.6929, Epsilon: 0.958
2026-03-29 17:29:14 | INFO | Episode   18 - Reward: 12.000, Length: 12, Loss: 0.5611, Entropy: 0.6927, Epsilon: 0.955
2026-03-29 17:29:15 | INFO | Episode   19 - Reward: 17.000, Length: 17, Loss: 0.4980, Entropy: 0.6926, Epsilon: 0.953
2026-03-29 17:29:15 | INFO | Episode   20 - Reward: 15.000, Length: 15, Loss: 0.4462, Entropy: 0.6925, Epsilon: 0.951
2026-03-29 17:29:16 | INFO | Episode   21 - Reward: 27.000, Length: 27, Loss: 0.3951, Entropy: 0.6924, Epsilon: 0.948
2026-03-29 17:29:17 | INFO | Episode   22 - Reward: 13.000, Length: 13, Loss: 0.3483, Entropy: 0.6923, Epsilon: 0.946
2026-03-29 17:29:17 | INFO | Episode   23 - Reward: 13.000, Length: 13, Loss: 0.3054, Entropy: 0.6922, Epsilon: 0.943
2026-03-29 17:29:18 | INFO | Episode   24 - Reward: 13.000, Length: 13, Loss: 0.2632, Entropy: 0.6920, Epsilon: 0.941
2026-03-29 17:29:19 | INFO | Episode   25 - Reward: 11.000, Length: 11, Loss: 0.2312, Entropy: 0.6919, Epsilon: 0.938
2026-03-29 17:29:19 | INFO | Episode   26 - Reward: 21.000, Length: 21, Loss: 0.2020, Entropy: 0.6918, Epsilon: 0.936
2026-03-29 17:29:20 | INFO | Episode   27 - Reward: 14.000, Length: 14, Loss: 0.9277, Entropy: 0.6918, Epsilon: 0.933
2026-03-29 17:29:21 | INFO | Episode   28 - Reward: 29.000, Length: 29, Loss: 0.8075, Entropy: 0.6917, Epsilon: 0.931
2026-03-29 17:29:21 | INFO | Episode   29 - Reward: 13.000, Length: 13, Loss: 0.6996, Entropy: 0.6916, Epsilon: 0.928
2026-03-29 17:29:22 | INFO | Episode   30 - Reward: 18.000, Length: 18, Loss: 0.5979, Entropy: 0.6912, Epsilon: 0.926
2026-03-29 17:29:23 | INFO | Episode   31 - Reward: 20.000, Length: 20, Loss: 0.5198, Entropy: 0.6910, Epsilon: 0.923
2026-03-29 17:29:23 | INFO | Episode   32 - Reward: 13.000, Length: 13, Loss: 0.4297, Entropy: 0.6908, Epsilon: 0.921
2026-03-29 17:29:24 | INFO | Episode   33 - Reward: 17.000, Length: 17, Loss: 0.3696, Entropy: 0.6907, Epsilon: 0.918
2026-03-29 17:29:25 | INFO | Episode   34 - Reward: 23.000, Length: 23, Loss: 0.3068, Entropy: 0.6906, Epsilon: 0.916
2026-03-29 17:29:26 | INFO | Episode   35 - Reward: 11.000, Length: 11, Loss: 0.2522, Entropy: 0.6907, Epsilon: 0.913
2026-03-29 17:29:26 | INFO | Episode   36 - Reward: 22.000, Length: 22, Loss: 0.2073, Entropy: 0.6908, Epsilon: 0.911
2026-03-29 17:29:27 | INFO | Episode   37 - Reward: 12.000, Length: 12, Loss: 0.1638, Entropy: 0.6909, Epsilon: 0.908
2026-03-29 17:29:28 | INFO | Episode   38 - Reward: 13.000, Length: 13, Loss: 0.1321, Entropy: 0.6910, Epsilon: 0.906
2026-03-29 17:29:28 | INFO | Episode   39 - Reward: 12.000, Length: 12, Loss: 0.1062, Entropy: 0.6911, Epsilon: 0.903
2026-03-29 17:29:29 | INFO | Episode   40 - Reward: 21.000, Length: 21, Loss: 0.0868, Entropy: 0.6913, Epsilon: 0.901
2026-03-29 17:29:30 | INFO | Episode   41 - Reward: 17.000, Length: 17, Loss: 0.0624, Entropy: 0.6914, Epsilon: 0.899
2026-03-29 17:29:31 | INFO | Episode   42 - Reward: 14.000, Length: 14, Loss: 0.0496, Entropy: 0.6913, Epsilon: 0.896
2026-03-29 17:29:31 | INFO | Episode   43 - Reward: 30.000, Length: 30, Loss: 0.0399, Entropy: 0.6915, Epsilon: 0.894
2026-03-29 17:29:32 | INFO | Episode   44 - Reward: 32.000, Length: 32, Loss: 0.0286, Entropy: 0.6916, Epsilon: 0.891
2026-03-29 17:29:33 | INFO | Episode   45 - Reward: 22.000, Length: 22, Loss: 0.0251, Entropy: 0.6916, Epsilon: 0.889
2026-03-29 17:29:33 | INFO | Episode   46 - Reward: 13.000, Length: 13, Loss: 0.0164, Entropy: 0.6918, Epsilon: 0.886
2026-03-29 17:29:34 | INFO | Episode   47 - Reward: 21.000, Length: 21, Loss: 0.0149, Entropy: 0.6918, Epsilon: 0.884
2026-03-29 17:29:35 | INFO | Episode   48 - Reward: 18.000, Length: 18, Loss: 0.0063, Entropy: 0.6919, Epsilon: 0.881
2026-03-29 17:29:35 | INFO | Episode   49 - Reward: 15.000, Length: 15, Loss: 0.0062, Entropy: 0.6920, Epsilon: 0.879
2026-03-29 17:29:36 | INFO | Episode   50 - Reward: 30.000, Length: 30, Loss: 0.0059, Entropy: 0.6921, Epsilon: 0.876
2026-03-29 17:29:37 | INFO | [Episode   50] eps=0.876  avg_reward=  19.360  avg_length= 19.36  avg_loss=  0.2613  avg_entropy=0.6921  eval_success=0.000
2026-03-29 17:29:38 | INFO | Episode   51 - Reward: 11.000, Length: 11, Loss: 0.0078, Entropy: 0.6922, Epsilon: 0.874
2026-03-29 17:29:39 | INFO | Episode   52 - Reward: 27.000, Length: 27, Loss: 0.0056, Entropy: 0.6923, Epsilon: 0.871
2026-03-29 17:29:39 | INFO | Episode   53 - Reward: 11.000, Length: 11, Loss: 0.7965, Entropy: 0.6916, Epsilon: 0.869
2026-03-29 17:29:40 | INFO | Episode   54 - Reward: 12.000, Length: 12, Loss: 0.6051, Entropy: 0.6906, Epsilon: 0.866
2026-03-29 17:29:41 | INFO | Episode   55 - Reward: 40.000, Length: 40, Loss: 0.4463, Entropy: 0.6896, Epsilon: 0.864
2026-03-29 17:29:41 | INFO | Episode   56 - Reward: 11.000, Length: 11, Loss: 0.3490, Entropy: 0.6890, Epsilon: 0.861
2026-03-29 17:29:42 | INFO | Episode   57 - Reward: 14.000, Length: 14, Loss: 0.2543, Entropy: 0.6886, Epsilon: 0.859
2026-03-29 17:29:43 | INFO | Episode   58 - Reward: 13.000, Length: 13, Loss: 0.2163, Entropy: 0.6884, Epsilon: 0.856
2026-03-29 17:29:43 | INFO | Episode   59 - Reward: 13.000, Length: 13, Loss: 0.1836, Entropy: 0.6883, Epsilon: 0.854
2026-03-29 17:29:44 | INFO | Episode   60 - Reward: 9.000, Length: 9, Loss: 0.1412, Entropy: 0.6883, Epsilon: 0.852
2026-03-29 17:29:45 | INFO | Episode   61 - Reward: 36.000, Length: 36, Loss: 0.1094, Entropy: 0.6889, Epsilon: 0.849
2026-03-29 17:29:45 | INFO | Episode   62 - Reward: 19.000, Length: 19, Loss: 0.1453, Entropy: 0.6891, Epsilon: 0.847
2026-03-29 17:29:46 | INFO | Episode   63 - Reward: 30.000, Length: 30, Loss: 0.1366, Entropy: 0.6894, Epsilon: 0.844
2026-03-29 17:29:47 | INFO | Episode   64 - Reward: 18.000, Length: 18, Loss: 0.1189, Entropy: 0.6897, Epsilon: 0.842
2026-03-29 17:29:47 | INFO | Episode   65 - Reward: 13.000, Length: 13, Loss: 0.1483, Entropy: 0.6899, Epsilon: 0.839
2026-03-29 17:29:48 | INFO | Episode   66 - Reward: 13.000, Length: 13, Loss: 0.0992, Entropy: 0.6902, Epsilon: 0.837
2026-03-29 17:29:49 | INFO | Episode   67 - Reward: 28.000, Length: 28, Loss: 0.1672, Entropy: 0.6905, Epsilon: 0.834
2026-03-29 17:29:49 | INFO | Episode   68 - Reward: 25.000, Length: 25, Loss: 0.0937, Entropy: 0.6907, Epsilon: 0.832
2026-03-29 17:29:50 | INFO | Episode   69 - Reward: 22.000, Length: 22, Loss: 0.1218, Entropy: 0.6908, Epsilon: 0.829
2026-03-29 17:29:50 | INFO | Episode   70 - Reward: 31.000, Length: 31, Loss: 0.1232, Entropy: 0.6908, Epsilon: 0.827
2026-03-29 17:29:51 | INFO | Episode   71 - Reward: 22.000, Length: 22, Loss: 0.1073, Entropy: 0.6909, Epsilon: 0.824
2026-03-29 17:29:52 | INFO | Episode   72 - Reward: 14.000, Length: 14, Loss: 0.0960, Entropy: 0.6912, Epsilon: 0.822
2026-03-29 17:29:52 | INFO | Episode   73 - Reward: 15.000, Length: 15, Loss: 0.0913, Entropy: 0.6912, Epsilon: 0.819
2026-03-29 17:29:53 | INFO | Episode   74 - Reward: 11.000, Length: 11, Loss: 0.1000, Entropy: 0.6912, Epsilon: 0.817
2026-03-29 17:29:54 | INFO | Episode   75 - Reward: 27.000, Length: 27, Loss: 0.0854, Entropy: 0.6912, Epsilon: 0.814
2026-03-29 17:29:54 | INFO | Episode   76 - Reward: 23.000, Length: 23, Loss: 0.0925, Entropy: 0.6913, Epsilon: 0.812
2026-03-29 17:29:55 | INFO | Episode   77 - Reward: 14.000, Length: 14, Loss: 0.1344, Entropy: 0.6914, Epsilon: 0.809
2026-03-29 17:29:56 | INFO | Episode   78 - Reward: 27.000, Length: 27, Loss: 0.0752, Entropy: 0.6915, Epsilon: 0.807
2026-03-29 17:29:56 | INFO | Episode   79 - Reward: 18.000, Length: 18, Loss: 0.8254, Entropy: 0.6907, Epsilon: 0.804
2026-03-29 17:29:57 | INFO | Episode   80 - Reward: 20.000, Length: 20, Loss: 0.5394, Entropy: 0.6899, Epsilon: 0.802
2026-03-29 17:29:58 | INFO | Episode   81 - Reward: 11.000, Length: 11, Loss: 0.4212, Entropy: 0.6899, Epsilon: 0.800
2026-03-29 17:29:58 | INFO | Episode   82 - Reward: 14.000, Length: 14, Loss: 0.3525, Entropy: 0.6902, Epsilon: 0.797
2026-03-29 17:29:59 | INFO | Episode   83 - Reward: 19.000, Length: 19, Loss: 0.2504, Entropy: 0.6900, Epsilon: 0.795
2026-03-29 17:29:59 | INFO | Episode   84 - Reward: 59.000, Length: 59, Loss: 0.3229, Entropy: 0.6900, Epsilon: 0.792
2026-03-29 17:30:00 | INFO | Episode   85 - Reward: 16.000, Length: 16, Loss: 0.3152, Entropy: 0.6902, Epsilon: 0.790
2026-03-29 17:30:01 | INFO | Episode   86 - Reward: 20.000, Length: 20, Loss: 0.3187, Entropy: 0.6905, Epsilon: 0.787
2026-03-29 17:30:01 | INFO | Episode   87 - Reward: 10.000, Length: 10, Loss: 0.2814, Entropy: 0.6910, Epsilon: 0.785
2026-03-29 17:30:02 | INFO | Episode   88 - Reward: 13.000, Length: 13, Loss: 0.3074, Entropy: 0.6912, Epsilon: 0.782
2026-03-29 17:30:03 | INFO | Episode   89 - Reward: 23.000, Length: 23, Loss: 0.2900, Entropy: 0.6910, Epsilon: 0.780
2026-03-29 17:30:03 | INFO | Episode   90 - Reward: 10.000, Length: 10, Loss: 0.2834, Entropy: 0.6912, Epsilon: 0.777
2026-03-29 17:30:04 | INFO | Episode   91 - Reward: 13.000, Length: 13, Loss: 0.2882, Entropy: 0.6911, Epsilon: 0.775
2026-03-29 17:30:04 | INFO | Episode   92 - Reward: 11.000, Length: 11, Loss: 0.2568, Entropy: 0.6913, Epsilon: 0.772
2026-03-29 17:30:05 | INFO | Episode   93 - Reward: 16.000, Length: 16, Loss: 0.2120, Entropy: 0.6912, Epsilon: 0.770
2026-03-29 17:30:05 | INFO | Episode   94 - Reward: 16.000, Length: 16, Loss: 0.2992, Entropy: 0.6917, Epsilon: 0.767
2026-03-29 17:30:06 | INFO | Episode   95 - Reward: 10.000, Length: 10, Loss: 0.3005, Entropy: 0.6919, Epsilon: 0.765
2026-03-29 17:30:06 | INFO | Episode   96 - Reward: 12.000, Length: 12, Loss: 0.2809, Entropy: 0.6918, Epsilon: 0.762
2026-03-29 17:30:07 | INFO | Episode   97 - Reward: 13.000, Length: 13, Loss: 0.2588, Entropy: 0.6918, Epsilon: 0.760
2026-03-29 17:30:07 | INFO | Episode   98 - Reward: 21.000, Length: 21, Loss: 0.1991, Entropy: 0.6915, Epsilon: 0.757
2026-03-29 17:30:07 | INFO | Episode   99 - Reward: 20.000, Length: 20, Loss: 0.2920, Entropy: 0.6916, Epsilon: 0.755
2026-03-29 17:30:08 | INFO | Episode  100 - Reward: 9.000, Length: 9, Loss: 0.3321, Entropy: 0.6922, Epsilon: 0.752
2026-03-29 17:30:08 | INFO | [Episode  100] eps=0.752  avg_reward=  18.460  avg_length= 18.46  avg_loss=  0.2456  avg_entropy=0.6922  eval_success=0.000
2026-03-29 17:30:09 | INFO | Episode  101 - Reward: 13.000, Length: 13, Loss: 0.2930, Entropy: 0.6922, Epsilon: 0.750
2026-03-29 17:30:09 | INFO | Episode  102 - Reward: 12.000, Length: 12, Loss: 0.3453, Entropy: 0.6924, Epsilon: 0.748
2026-03-29 17:30:10 | INFO | Episode  103 - Reward: 13.000, Length: 13, Loss: 0.2932, Entropy: 0.6925, Epsilon: 0.745
2026-03-29 17:30:10 | INFO | Episode  104 - Reward: 25.000, Length: 25, Loss: 0.3210, Entropy: 0.6923, Epsilon: 0.743
2026-03-29 17:30:10 | INFO | Episode  105 - Reward: 15.000, Length: 15, Loss: 0.2334, Entropy: 0.6921, Epsilon: 0.740
2026-03-29 17:30:11 | INFO | Episode  106 - Reward: 11.000, Length: 11, Loss: 0.2245, Entropy: 0.6920, Epsilon: 0.738
2026-03-29 17:30:11 | INFO | Episode  107 - Reward: 15.000, Length: 15, Loss: 0.3100, Entropy: 0.6921, Epsilon: 0.735
2026-03-29 17:30:12 | INFO | Episode  108 - Reward: 33.000, Length: 33, Loss: 0.2818, Entropy: 0.6922, Epsilon: 0.733
2026-03-29 17:30:12 | INFO | Episode  109 - Reward: 13.000, Length: 13, Loss: 0.8233, Entropy: 0.6916, Epsilon: 0.730
2026-03-29 17:30:13 | INFO | Episode  110 - Reward: 12.000, Length: 12, Loss: 0.5500, Entropy: 0.6903, Epsilon: 0.728
2026-03-29 17:30:13 | INFO | Episode  111 - Reward: 13.000, Length: 13, Loss: 0.5770, Entropy: 0.6909, Epsilon: 0.725
2026-03-29 17:30:13 | INFO | Episode  112 - Reward: 17.000, Length: 17, Loss: 0.4602, Entropy: 0.6913, Epsilon: 0.723
2026-03-29 17:30:14 | INFO | Episode  113 - Reward: 24.000, Length: 24, Loss: 0.5144, Entropy: 0.6917, Epsilon: 0.720
2026-03-29 17:30:14 | INFO | Episode  114 - Reward: 33.000, Length: 33, Loss: 0.5620, Entropy: 0.6921, Epsilon: 0.718
2026-03-29 17:30:15 | INFO | Episode  115 - Reward: 14.000, Length: 14, Loss: 0.4505, Entropy: 0.6920, Epsilon: 0.715
2026-03-29 17:30:15 | INFO | Episode  116 - Reward: 43.000, Length: 43, Loss: 0.4274, Entropy: 0.6926, Epsilon: 0.713
2026-03-29 17:30:16 | INFO | Episode  117 - Reward: 37.000, Length: 37, Loss: 0.4349, Entropy: 0.6927, Epsilon: 0.710
2026-03-29 17:30:16 | INFO | Episode  118 - Reward: 13.000, Length: 13, Loss: 0.4724, Entropy: 0.6928, Epsilon: 0.708
2026-03-29 17:30:17 | INFO | Episode  119 - Reward: 11.000, Length: 11, Loss: 0.4390, Entropy: 0.6927, Epsilon: 0.705
2026-03-29 17:30:17 | INFO | Episode  120 - Reward: 14.000, Length: 14, Loss: 0.6020, Entropy: 0.6927, Epsilon: 0.703
2026-03-29 17:30:17 | INFO | Episode  121 - Reward: 9.000, Length: 9, Loss: 0.4698, Entropy: 0.6926, Epsilon: 0.701
2026-03-29 17:30:18 | INFO | Episode  122 - Reward: 16.000, Length: 16, Loss: 0.4353, Entropy: 0.6926, Epsilon: 0.698
2026-03-29 17:30:18 | INFO | Episode  123 - Reward: 36.000, Length: 36, Loss: 0.4747, Entropy: 0.6924, Epsilon: 0.696
2026-03-29 17:30:19 | INFO | Episode  124 - Reward: 13.000, Length: 13, Loss: 0.5143, Entropy: 0.6926, Epsilon: 0.693
2026-03-29 17:30:19 | INFO | Episode  125 - Reward: 13.000, Length: 13, Loss: 0.3917, Entropy: 0.6921, Epsilon: 0.691
2026-03-29 17:30:20 | INFO | Episode  126 - Reward: 10.000, Length: 10, Loss: 0.3022, Entropy: 0.6918, Epsilon: 0.688
2026-03-29 17:30:20 | INFO | Episode  127 - Reward: 11.000, Length: 11, Loss: 0.5067, Entropy: 0.6920, Epsilon: 0.686
2026-03-29 17:30:20 | INFO | Episode  128 - Reward: 24.000, Length: 24, Loss: 0.5103, Entropy: 0.6925, Epsilon: 0.683
2026-03-29 17:30:21 | INFO | Episode  129 - Reward: 18.000, Length: 18, Loss: 0.4667, Entropy: 0.6923, Epsilon: 0.681
2026-03-29 17:30:22 | INFO | Episode  130 - Reward: 11.000, Length: 11, Loss: 0.4584, Entropy: 0.6924, Epsilon: 0.678
2026-03-29 17:30:22 | INFO | Episode  131 - Reward: 29.000, Length: 29, Loss: 0.4840, Entropy: 0.6926, Epsilon: 0.676
2026-03-29 17:30:22 | INFO | Episode  132 - Reward: 13.000, Length: 13, Loss: 0.4172, Entropy: 0.6928, Epsilon: 0.673
2026-03-29 17:30:23 | INFO | Episode  133 - Reward: 21.000, Length: 21, Loss: 0.5127, Entropy: 0.6928, Epsilon: 0.671
2026-03-29 17:30:23 | INFO | Episode  134 - Reward: 15.000, Length: 15, Loss: 0.3983, Entropy: 0.6927, Epsilon: 0.668
2026-03-29 17:30:24 | INFO | Episode  135 - Reward: 10.000, Length: 10, Loss: 0.8498, Entropy: 0.6922, Epsilon: 0.666
2026-03-29 17:30:24 | INFO | Episode  136 - Reward: 14.000, Length: 14, Loss: 0.7830, Entropy: 0.6919, Epsilon: 0.663
2026-03-29 17:30:25 | INFO | Episode  137 - Reward: 9.000, Length: 9, Loss: 0.4889, Entropy: 0.6922, Epsilon: 0.661
2026-03-29 17:30:25 | INFO | Episode  138 - Reward: 28.000, Length: 28, Loss: 0.6258, Entropy: 0.6925, Epsilon: 0.658
2026-03-29 17:30:25 | INFO | Episode  139 - Reward: 9.000, Length: 9, Loss: 0.6068, Entropy: 0.6926, Epsilon: 0.656
2026-03-29 17:30:26 | INFO | Episode  140 - Reward: 22.000, Length: 22, Loss: 0.6166, Entropy: 0.6928, Epsilon: 0.653
2026-03-29 17:30:26 | INFO | Episode  141 - Reward: 15.000, Length: 15, Loss: 0.4722, Entropy: 0.6929, Epsilon: 0.651
2026-03-29 17:30:27 | INFO | Episode  142 - Reward: 17.000, Length: 17, Loss: 0.5375, Entropy: 0.6929, Epsilon: 0.649
2026-03-29 17:30:27 | INFO | Episode  143 - Reward: 12.000, Length: 12, Loss: 0.6734, Entropy: 0.6927, Epsilon: 0.646
2026-03-29 17:30:28 | INFO | Episode  144 - Reward: 14.000, Length: 14, Loss: 0.7637, Entropy: 0.6924, Epsilon: 0.644
2026-03-29 17:30:28 | INFO | Episode  145 - Reward: 9.000, Length: 9, Loss: 0.6348, Entropy: 0.6927, Epsilon: 0.641
2026-03-29 17:30:29 | INFO | Episode  146 - Reward: 10.000, Length: 10, Loss: 0.7003, Entropy: 0.6928, Epsilon: 0.639
2026-03-29 17:30:29 | INFO | Episode  147 - Reward: 9.000, Length: 9, Loss: 0.4979, Entropy: 0.6929, Epsilon: 0.636
2026-03-29 17:30:29 | INFO | Episode  148 - Reward: 17.000, Length: 17, Loss: 0.5917, Entropy: 0.6929, Epsilon: 0.634
2026-03-29 17:30:30 | INFO | Episode  149 - Reward: 13.000, Length: 13, Loss: 0.5129, Entropy: 0.6927, Epsilon: 0.631
2026-03-29 17:30:30 | INFO | Episode  150 - Reward: 15.000, Length: 15, Loss: 0.5006, Entropy: 0.6928, Epsilon: 0.629
2026-03-29 17:30:31 | INFO | [Episode  150] eps=0.629  avg_reward=  16.860  avg_length= 16.86  avg_loss=  0.4963  avg_entropy=0.6928  eval_success=0.000
2026-03-29 17:30:31 | INFO | Episode  151 - Reward: 15.000, Length: 15, Loss: 0.7683, Entropy: 0.6927, Epsilon: 0.626
2026-03-29 17:30:32 | INFO | Episode  152 - Reward: 15.000, Length: 15, Loss: 0.6714, Entropy: 0.6927, Epsilon: 0.624
2026-03-29 17:30:32 | INFO | Episode  153 - Reward: 25.000, Length: 25, Loss: 0.5750, Entropy: 0.6928, Epsilon: 0.621
2026-03-29 17:30:32 | INFO | Episode  154 - Reward: 28.000, Length: 28, Loss: 0.5914, Entropy: 0.6928, Epsilon: 0.619
2026-03-29 17:30:33 | INFO | Episode  155 - Reward: 14.000, Length: 14, Loss: 0.5329, Entropy: 0.6928, Epsilon: 0.616
2026-03-29 17:30:33 | INFO | Episode  156 - Reward: 12.000, Length: 12, Loss: 0.5759, Entropy: 0.6926, Epsilon: 0.614
2026-03-29 17:30:34 | INFO | Episode  157 - Reward: 13.000, Length: 13, Loss: 0.7102, Entropy: 0.6926, Epsilon: 0.611
2026-03-29 17:30:34 | INFO | Episode  158 - Reward: 19.000, Length: 19, Loss: 0.7285, Entropy: 0.6928, Epsilon: 0.609
2026-03-29 17:30:34 | INFO | Episode  159 - Reward: 10.000, Length: 10, Loss: 0.4825, Entropy: 0.6928, Epsilon: 0.606
2026-03-29 17:30:35 | INFO | Episode  160 - Reward: 10.000, Length: 10, Loss: 0.7684, Entropy: 0.6926, Epsilon: 0.604
2026-03-29 17:30:35 | INFO | Episode  161 - Reward: 22.000, Length: 22, Loss: 0.6549, Entropy: 0.6927, Epsilon: 0.602
2026-03-29 17:30:36 | INFO | Episode  162 - Reward: 16.000, Length: 16, Loss: 0.5733, Entropy: 0.6928, Epsilon: 0.599
2026-03-29 17:30:36 | INFO | Episode  163 - Reward: 26.000, Length: 26, Loss: 0.6132, Entropy: 0.6928, Epsilon: 0.597
2026-03-29 17:30:37 | INFO | Episode  164 - Reward: 22.000, Length: 22, Loss: 0.5895, Entropy: 0.6927, Epsilon: 0.594
2026-03-29 17:30:37 | INFO | Episode  165 - Reward: 13.000, Length: 13, Loss: 0.4730, Entropy: 0.6928, Epsilon: 0.592
2026-03-29 17:30:37 | INFO | Episode  166 - Reward: 18.000, Length: 18, Loss: 0.5810, Entropy: 0.6925, Epsilon: 0.589
2026-03-29 17:30:38 | INFO | Episode  167 - Reward: 14.000, Length: 14, Loss: 0.9797, Entropy: 0.6927, Epsilon: 0.587
2026-03-29 17:30:38 | INFO | Episode  168 - Reward: 11.000, Length: 11, Loss: 0.7023, Entropy: 0.6926, Epsilon: 0.584
2026-03-29 17:30:39 | INFO | Episode  169 - Reward: 16.000, Length: 16, Loss: 0.8147, Entropy: 0.6922, Epsilon: 0.582
2026-03-29 17:30:39 | INFO | Episode  170 - Reward: 13.000, Length: 13, Loss: 0.7681, Entropy: 0.6917, Epsilon: 0.579
2026-03-29 17:30:40 | INFO | Episode  171 - Reward: 17.000, Length: 17, Loss: 0.7243, Entropy: 0.6913, Epsilon: 0.577
2026-03-29 17:30:40 | INFO | Episode  172 - Reward: 10.000, Length: 10, Loss: 0.8303, Entropy: 0.6914, Epsilon: 0.574
2026-03-29 17:30:40 | INFO | Episode  173 - Reward: 27.000, Length: 27, Loss: 0.9443, Entropy: 0.6920, Epsilon: 0.572
2026-03-29 17:30:41 | INFO | Episode  174 - Reward: 10.000, Length: 10, Loss: 0.9256, Entropy: 0.6921, Epsilon: 0.569
2026-03-29 17:30:42 | INFO | Episode  175 - Reward: 11.000, Length: 11, Loss: 0.7190, Entropy: 0.6924, Epsilon: 0.567
2026-03-29 17:30:42 | INFO | Episode  176 - Reward: 12.000, Length: 12, Loss: 0.5160, Entropy: 0.6923, Epsilon: 0.564
2026-03-29 17:30:42 | INFO | Episode  177 - Reward: 10.000, Length: 10, Loss: 0.6099, Entropy: 0.6921, Epsilon: 0.562
2026-03-29 17:30:43 | INFO | Episode  178 - Reward: 15.000, Length: 15, Loss: 0.8066, Entropy: 0.6922, Epsilon: 0.559
2026-03-29 17:30:43 | INFO | Episode  179 - Reward: 17.000, Length: 17, Loss: 0.7683, Entropy: 0.6925, Epsilon: 0.557
2026-03-29 17:30:44 | INFO | Episode  180 - Reward: 14.000, Length: 14, Loss: 0.8182, Entropy: 0.6924, Epsilon: 0.554
2026-03-29 17:30:44 | INFO | Episode  181 - Reward: 10.000, Length: 10, Loss: 0.7409, Entropy: 0.6923, Epsilon: 0.552
2026-03-29 17:30:45 | INFO | Episode  182 - Reward: 16.000, Length: 16, Loss: 0.9371, Entropy: 0.6923, Epsilon: 0.550
2026-03-29 17:30:45 | INFO | Episode  183 - Reward: 17.000, Length: 17, Loss: 0.7762, Entropy: 0.6922, Epsilon: 0.547
2026-03-29 17:30:45 | INFO | Episode  184 - Reward: 24.000, Length: 24, Loss: 1.0256, Entropy: 0.6921, Epsilon: 0.545
2026-03-29 17:30:46 | INFO | Episode  185 - Reward: 10.000, Length: 10, Loss: 0.8663, Entropy: 0.6916, Epsilon: 0.542
2026-03-29 17:30:46 | INFO | Episode  186 - Reward: 13.000, Length: 13, Loss: 0.7702, Entropy: 0.6918, Epsilon: 0.540
2026-03-29 17:30:47 | INFO | Episode  187 - Reward: 9.000, Length: 9, Loss: 0.7773, Entropy: 0.6917, Epsilon: 0.537
2026-03-29 17:30:47 | INFO | Episode  188 - Reward: 14.000, Length: 14, Loss: 0.5999, Entropy: 0.6919, Epsilon: 0.535
2026-03-29 17:30:48 | INFO | Episode  189 - Reward: 10.000, Length: 10, Loss: 0.6611, Entropy: 0.6919, Epsilon: 0.532
2026-03-29 17:30:48 | INFO | Episode  190 - Reward: 14.000, Length: 14, Loss: 0.9587, Entropy: 0.6922, Epsilon: 0.530
2026-03-29 17:30:49 | INFO | Episode  191 - Reward: 14.000, Length: 14, Loss: 0.7754, Entropy: 0.6921, Epsilon: 0.527
2026-03-29 17:30:49 | INFO | Episode  192 - Reward: 16.000, Length: 16, Loss: 0.8024, Entropy: 0.6920, Epsilon: 0.525
2026-03-29 17:30:49 | INFO | Episode  193 - Reward: 10.000, Length: 10, Loss: 0.6494, Entropy: 0.6919, Epsilon: 0.522
2026-03-29 17:30:50 | INFO | Episode  194 - Reward: 17.000, Length: 17, Loss: 0.7559, Entropy: 0.6916, Epsilon: 0.520
2026-03-29 17:30:50 | INFO | Episode  195 - Reward: 10.000, Length: 10, Loss: 0.8093, Entropy: 0.6919, Epsilon: 0.517
2026-03-29 17:30:51 | INFO | Episode  196 - Reward: 11.000, Length: 11, Loss: 0.7483, Entropy: 0.6921, Epsilon: 0.515
2026-03-29 17:30:51 | INFO | Episode  197 - Reward: 31.000, Length: 31, Loss: 0.7139, Entropy: 0.6923, Epsilon: 0.512
2026-03-29 17:30:52 | INFO | Episode  198 - Reward: 17.000, Length: 17, Loss: 0.7103, Entropy: 0.6921, Epsilon: 0.510
2026-03-29 17:30:52 | INFO | Episode  199 - Reward: 16.000, Length: 16, Loss: 0.7054, Entropy: 0.6924, Epsilon: 0.507
2026-03-29 17:30:52 | INFO | Episode  200 - Reward: 23.000, Length: 23, Loss: 0.6464, Entropy: 0.6916, Epsilon: 0.505
2026-03-29 17:30:53 | INFO | [Episode  200] eps=0.505  avg_reward=  15.540  avg_length= 15.54  avg_loss=  0.7249  avg_entropy=0.6916  eval_success=0.000
2026-03-29 17:30:53 | INFO | Episode  201 - Reward: 15.000, Length: 15, Loss: 0.9825, Entropy: 0.6922, Epsilon: 0.503
2026-03-29 17:30:54 | INFO | Episode  202 - Reward: 11.000, Length: 11, Loss: 0.9561, Entropy: 0.6915, Epsilon: 0.500
2026-03-29 17:30:54 | INFO | Episode  203 - Reward: 10.000, Length: 10, Loss: 1.0268, Entropy: 0.6917, Epsilon: 0.498
2026-03-29 17:30:55 | INFO | Episode  204 - Reward: 10.000, Length: 10, Loss: 1.2833, Entropy: 0.6915, Epsilon: 0.495
2026-03-29 17:30:55 | INFO | Episode  205 - Reward: 12.000, Length: 12, Loss: 1.0268, Entropy: 0.6922, Epsilon: 0.493
2026-03-29 17:30:55 | INFO | Episode  206 - Reward: 30.000, Length: 30, Loss: 0.9448, Entropy: 0.6918, Epsilon: 0.490
2026-03-29 17:30:56 | INFO | Episode  207 - Reward: 13.000, Length: 13, Loss: 0.9919, Entropy: 0.6916, Epsilon: 0.488
2026-03-29 17:30:56 | INFO | Episode  208 - Reward: 10.000, Length: 10, Loss: 1.2116, Entropy: 0.6917, Epsilon: 0.485
2026-03-29 17:30:57 | INFO | Episode  209 - Reward: 17.000, Length: 17, Loss: 1.0518, Entropy: 0.6918, Epsilon: 0.483
2026-03-29 17:30:57 | INFO | Episode  210 - Reward: 12.000, Length: 12, Loss: 1.0151, Entropy: 0.6907, Epsilon: 0.480
2026-03-29 17:30:58 | INFO | Episode  211 - Reward: 14.000, Length: 14, Loss: 1.0214, Entropy: 0.6902, Epsilon: 0.478
2026-03-29 17:30:58 | INFO | Episode  212 - Reward: 10.000, Length: 10, Loss: 0.9566, Entropy: 0.6903, Epsilon: 0.475
2026-03-29 17:30:58 | INFO | Episode  213 - Reward: 16.000, Length: 16, Loss: 1.0621, Entropy: 0.6913, Epsilon: 0.473
2026-03-29 17:30:59 | INFO | Episode  214 - Reward: 21.000, Length: 21, Loss: 0.9411, Entropy: 0.6914, Epsilon: 0.470
2026-03-29 17:30:59 | INFO | Episode  215 - Reward: 29.000, Length: 29, Loss: 1.0462, Entropy: 0.6913, Epsilon: 0.468
2026-03-29 17:31:00 | INFO | Episode  216 - Reward: 33.000, Length: 33, Loss: 0.9115, Entropy: 0.6914, Epsilon: 0.465
2026-03-29 17:31:00 | INFO | Episode  217 - Reward: 74.000, Length: 74, Loss: 1.0025, Entropy: 0.6914, Epsilon: 0.463
2026-03-29 17:31:01 | INFO | Episode  218 - Reward: 56.000, Length: 56, Loss: 1.1064, Entropy: 0.6912, Epsilon: 0.460
2026-03-29 17:31:01 | INFO | Episode  219 - Reward: 33.000, Length: 33, Loss: 0.9910, Entropy: 0.6903, Epsilon: 0.458
2026-03-29 17:31:02 | INFO | Episode  220 - Reward: 15.000, Length: 15, Loss: 0.8396, Entropy: 0.6902, Epsilon: 0.456
2026-03-29 17:31:02 | INFO | Episode  221 - Reward: 15.000, Length: 15, Loss: 0.9094, Entropy: 0.6898, Epsilon: 0.453
2026-03-29 17:31:03 | INFO | Episode  222 - Reward: 14.000, Length: 14, Loss: 1.0469, Entropy: 0.6899, Epsilon: 0.451
2026-03-29 17:31:03 | INFO | Episode  223 - Reward: 62.000, Length: 62, Loss: 0.9856, Entropy: 0.6906, Epsilon: 0.448
2026-03-29 17:31:03 | INFO | Episode  224 - Reward: 46.000, Length: 46, Loss: 1.3845, Entropy: 0.6907, Epsilon: 0.446
2026-03-29 17:31:04 | INFO | Episode  225 - Reward: 30.000, Length: 30, Loss: 0.9748, Entropy: 0.6904, Epsilon: 0.443
2026-03-29 17:31:04 | INFO | Episode  226 - Reward: 34.000, Length: 34, Loss: 1.2885, Entropy: 0.6898, Epsilon: 0.441
2026-03-29 17:31:05 | INFO | Episode  227 - Reward: 19.000, Length: 19, Loss: 1.1260, Entropy: 0.6894, Epsilon: 0.438
2026-03-29 17:31:05 | INFO | Episode  228 - Reward: 16.000, Length: 16, Loss: 1.2743, Entropy: 0.6894, Epsilon: 0.436
2026-03-29 17:31:06 | INFO | Episode  229 - Reward: 22.000, Length: 22, Loss: 1.1589, Entropy: 0.6896, Epsilon: 0.433
2026-03-29 17:31:06 | INFO | Episode  230 - Reward: 45.000, Length: 45, Loss: 1.0122, Entropy: 0.6900, Epsilon: 0.431
2026-03-29 17:31:07 | INFO | Episode  231 - Reward: 27.000, Length: 27, Loss: 0.9235, Entropy: 0.6894, Epsilon: 0.428
2026-03-29 17:31:07 | INFO | Episode  232 - Reward: 19.000, Length: 19, Loss: 0.9777, Entropy: 0.6891, Epsilon: 0.426
2026-03-29 17:31:08 | INFO | Episode  233 - Reward: 37.000, Length: 37, Loss: 1.1739, Entropy: 0.6887, Epsilon: 0.423
2026-03-29 17:31:08 | INFO | Episode  234 - Reward: 23.000, Length: 23, Loss: 1.1434, Entropy: 0.6896, Epsilon: 0.421
2026-03-29 17:31:08 | INFO | Episode  235 - Reward: 58.000, Length: 58, Loss: 1.2102, Entropy: 0.6892, Epsilon: 0.418
2026-03-29 17:31:09 | INFO | Episode  236 - Reward: 39.000, Length: 39, Loss: 0.9673, Entropy: 0.6890, Epsilon: 0.416
2026-03-29 17:31:09 | INFO | Episode  237 - Reward: 60.000, Length: 60, Loss: 1.1815, Entropy: 0.6897, Epsilon: 0.413
2026-03-29 17:31:10 | INFO | Episode  238 - Reward: 49.000, Length: 49, Loss: 1.3762, Entropy: 0.6894, Epsilon: 0.411
2026-03-29 17:31:10 | INFO | Episode  239 - Reward: 28.000, Length: 28, Loss: 1.3642, Entropy: 0.6890, Epsilon: 0.408
2026-03-29 17:31:11 | INFO | Episode  240 - Reward: 40.000, Length: 40, Loss: 1.1169, Entropy: 0.6892, Epsilon: 0.406
2026-03-29 17:31:11 | INFO | Episode  241 - Reward: 25.000, Length: 25, Loss: 1.1988, Entropy: 0.6890, Epsilon: 0.404
2026-03-29 17:31:12 | INFO | Episode  242 - Reward: 23.000, Length: 23, Loss: 1.0925, Entropy: 0.6884, Epsilon: 0.401
2026-03-29 17:31:12 | INFO | Episode  243 - Reward: 19.000, Length: 19, Loss: 1.3341, Entropy: 0.6881, Epsilon: 0.399
2026-03-29 17:31:12 | INFO | Episode  244 - Reward: 48.000, Length: 48, Loss: 1.0127, Entropy: 0.6885, Epsilon: 0.396
2026-03-29 17:31:13 | INFO | Episode  245 - Reward: 57.000, Length: 57, Loss: 1.0991, Entropy: 0.6873, Epsilon: 0.394
2026-03-29 17:31:13 | INFO | Episode  246 - Reward: 44.000, Length: 44, Loss: 1.3049, Entropy: 0.6871, Epsilon: 0.391
2026-03-29 17:31:14 | INFO | Episode  247 - Reward: 31.000, Length: 31, Loss: 1.1213, Entropy: 0.6874, Epsilon: 0.389
2026-03-29 17:31:14 | INFO | Episode  248 - Reward: 37.000, Length: 37, Loss: 0.8721, Entropy: 0.6876, Epsilon: 0.386
2026-03-29 17:31:15 | INFO | Episode  249 - Reward: 60.000, Length: 60, Loss: 1.2121, Entropy: 0.6867, Epsilon: 0.384
2026-03-29 17:31:15 | INFO | Episode  250 - Reward: 23.000, Length: 23, Loss: 1.0960, Entropy: 0.6860, Epsilon: 0.381
2026-03-29 17:31:18 | INFO | [Episode  250] eps=0.381  avg_reward=  29.820  avg_length= 29.82  avg_loss=  1.0862  avg_entropy=0.6860  eval_success=0.040
2026-03-29 17:31:19 | INFO | Episode  251 - Reward: 32.000, Length: 32, Loss: 1.4809, Entropy: 0.6867, Epsilon: 0.379
2026-03-29 17:31:19 | INFO | Episode  252 - Reward: 47.000, Length: 47, Loss: 1.1802, Entropy: 0.6874, Epsilon: 0.376
2026-03-29 17:31:20 | INFO | Episode  253 - Reward: 50.000, Length: 50, Loss: 1.4248, Entropy: 0.6855, Epsilon: 0.374
2026-03-29 17:31:20 | INFO | Episode  254 - Reward: 46.000, Length: 46, Loss: 1.2613, Entropy: 0.6841, Epsilon: 0.371
2026-03-29 17:31:20 | INFO | Episode  255 - Reward: 33.000, Length: 33, Loss: 1.3168, Entropy: 0.6851, Epsilon: 0.369
2026-03-29 17:31:21 | INFO | Episode  256 - Reward: 36.000, Length: 36, Loss: 1.3096, Entropy: 0.6851, Epsilon: 0.366
2026-03-29 17:31:21 | INFO | Episode  257 - Reward: 141.000, Length: 141, Loss: 1.3399, Entropy: 0.6856, Epsilon: 0.364
2026-03-29 17:31:22 | INFO | Episode  258 - Reward: 36.000, Length: 36, Loss: 0.8026, Entropy: 0.6850, Epsilon: 0.361
2026-03-29 17:31:22 | INFO | Episode  259 - Reward: 34.000, Length: 34, Loss: 1.2666, Entropy: 0.6846, Epsilon: 0.359
2026-03-29 17:31:23 | INFO | Episode  260 - Reward: 85.000, Length: 85, Loss: 1.2720, Entropy: 0.6836, Epsilon: 0.357
2026-03-29 17:31:23 | INFO | Episode  261 - Reward: 28.000, Length: 28, Loss: 1.4993, Entropy: 0.6832, Epsilon: 0.354
2026-03-29 17:31:24 | INFO | Episode  262 - Reward: 57.000, Length: 57, Loss: 1.0368, Entropy: 0.6837, Epsilon: 0.352
2026-03-29 17:31:24 | INFO | Episode  263 - Reward: 41.000, Length: 41, Loss: 1.4681, Entropy: 0.6828, Epsilon: 0.349
2026-03-29 17:31:24 | INFO | Episode  264 - Reward: 67.000, Length: 67, Loss: 1.2591, Entropy: 0.6830, Epsilon: 0.347
2026-03-29 17:31:25 | INFO | Episode  265 - Reward: 62.000, Length: 62, Loss: 1.3976, Entropy: 0.6828, Epsilon: 0.344
2026-03-29 17:31:25 | INFO | Episode  266 - Reward: 40.000, Length: 40, Loss: 1.6763, Entropy: 0.6804, Epsilon: 0.342
2026-03-29 17:31:26 | INFO | Episode  267 - Reward: 44.000, Length: 44, Loss: 1.2390, Entropy: 0.6815, Epsilon: 0.339
2026-03-29 17:31:26 | INFO | Episode  268 - Reward: 43.000, Length: 43, Loss: 1.3539, Entropy: 0.6818, Epsilon: 0.337
2026-03-29 17:31:27 | INFO | Episode  269 - Reward: 27.000, Length: 27, Loss: 1.5420, Entropy: 0.6808, Epsilon: 0.334
2026-03-29 17:31:27 | INFO | Episode  270 - Reward: 46.000, Length: 46, Loss: 1.0891, Entropy: 0.6819, Epsilon: 0.332
2026-03-29 17:31:28 | INFO | Episode  271 - Reward: 50.000, Length: 50, Loss: 1.3856, Entropy: 0.6818, Epsilon: 0.329
2026-03-29 17:31:28 | INFO | Episode  272 - Reward: 44.000, Length: 44, Loss: 1.3403, Entropy: 0.6813, Epsilon: 0.327
2026-03-29 17:31:29 | INFO | Episode  273 - Reward: 51.000, Length: 51, Loss: 1.5572, Entropy: 0.6789, Epsilon: 0.324
2026-03-29 17:31:29 | INFO | Episode  274 - Reward: 105.000, Length: 105, Loss: 1.5069, Entropy: 0.6786, Epsilon: 0.322
2026-03-29 17:31:30 | INFO | Episode  275 - Reward: 36.000, Length: 36, Loss: 1.5896, Entropy: 0.6788, Epsilon: 0.319
2026-03-29 17:31:30 | INFO | Episode  276 - Reward: 50.000, Length: 50, Loss: 1.4493, Entropy: 0.6801, Epsilon: 0.317
2026-03-29 17:31:30 | INFO | Episode  277 - Reward: 38.000, Length: 38, Loss: 1.5095, Entropy: 0.6788, Epsilon: 0.314
2026-03-29 17:31:31 | INFO | Episode  278 - Reward: 38.000, Length: 38, Loss: 1.4199, Entropy: 0.6799, Epsilon: 0.312
2026-03-29 17:31:31 | INFO | Episode  279 - Reward: 52.000, Length: 52, Loss: 1.4383, Entropy: 0.6789, Epsilon: 0.309
2026-03-29 17:31:32 | INFO | Episode  280 - Reward: 63.000, Length: 63, Loss: 1.5432, Entropy: 0.6781, Epsilon: 0.307
2026-03-29 17:31:32 | INFO | Episode  281 - Reward: 53.000, Length: 53, Loss: 1.3534, Entropy: 0.6782, Epsilon: 0.305
2026-03-29 17:31:33 | INFO | Episode  282 - Reward: 33.000, Length: 33, Loss: 1.5288, Entropy: 0.6778, Epsilon: 0.302
2026-03-29 17:31:33 | INFO | Episode  283 - Reward: 41.000, Length: 41, Loss: 1.4670, Entropy: 0.6770, Epsilon: 0.300
2026-03-29 17:31:34 | INFO | Episode  284 - Reward: 51.000, Length: 51, Loss: 1.6202, Entropy: 0.6752, Epsilon: 0.297
2026-03-29 17:31:34 | INFO | Episode  285 - Reward: 57.000, Length: 57, Loss: 1.4008, Entropy: 0.6758, Epsilon: 0.295
2026-03-29 17:31:34 | INFO | Episode  286 - Reward: 53.000, Length: 53, Loss: 1.2974, Entropy: 0.6756, Epsilon: 0.292
2026-03-29 17:31:35 | INFO | Episode  287 - Reward: 34.000, Length: 34, Loss: 2.0858, Entropy: 0.6743, Epsilon: 0.290
2026-03-29 17:31:36 | INFO | Episode  288 - Reward: 85.000, Length: 85, Loss: 1.4037, Entropy: 0.6732, Epsilon: 0.287
2026-03-29 17:31:36 | INFO | Episode  289 - Reward: 39.000, Length: 39, Loss: 0.9142, Entropy: 0.6741, Epsilon: 0.285
2026-03-29 17:31:37 | INFO | Episode  290 - Reward: 52.000, Length: 52, Loss: 1.8538, Entropy: 0.6739, Epsilon: 0.282
2026-03-29 17:31:37 | INFO | Episode  291 - Reward: 46.000, Length: 46, Loss: 1.8664, Entropy: 0.6739, Epsilon: 0.280
2026-03-29 17:31:38 | INFO | Episode  292 - Reward: 83.000, Length: 83, Loss: 1.3852, Entropy: 0.6712, Epsilon: 0.277
2026-03-29 17:31:38 | INFO | Episode  293 - Reward: 70.000, Length: 70, Loss: 1.3796, Entropy: 0.6709, Epsilon: 0.275
2026-03-29 17:31:38 | INFO | Episode  294 - Reward: 97.000, Length: 97, Loss: 1.6611, Entropy: 0.6686, Epsilon: 0.272
2026-03-29 17:31:39 | INFO | Episode  295 - Reward: 35.000, Length: 35, Loss: 1.7661, Entropy: 0.6702, Epsilon: 0.270
2026-03-29 17:31:39 | INFO | Episode  296 - Reward: 25.000, Length: 25, Loss: 1.9842, Entropy: 0.6692, Epsilon: 0.267
2026-03-29 17:31:40 | INFO | Episode  297 - Reward: 23.000, Length: 23, Loss: 1.7457, Entropy: 0.6690, Epsilon: 0.265
2026-03-29 17:31:40 | INFO | Episode  298 - Reward: 51.000, Length: 51, Loss: 1.5711, Entropy: 0.6684, Epsilon: 0.262
2026-03-29 17:31:40 | INFO | Episode  299 - Reward: 88.000, Length: 88, Loss: 1.2972, Entropy: 0.6689, Epsilon: 0.260
2026-03-29 17:31:41 | INFO | Episode  300 - Reward: 43.000, Length: 43, Loss: 2.0691, Entropy: 0.6692, Epsilon: 0.258
2026-03-29 17:31:43 | INFO | [Episode  300] eps=0.258  avg_reward=  51.620  avg_length= 51.62  avg_loss=  1.4521  avg_entropy=0.6692  eval_success=0.000
2026-03-29 17:31:44 | INFO | Episode  301 - Reward: 65.000, Length: 65, Loss: 1.5818, Entropy: 0.6685, Epsilon: 0.255
2026-03-29 17:31:44 | INFO | Episode  302 - Reward: 63.000, Length: 63, Loss: 2.0486, Entropy: 0.6668, Epsilon: 0.253
2026-03-29 17:31:45 | INFO | Episode  303 - Reward: 28.000, Length: 28, Loss: 1.9042, Entropy: 0.6685, Epsilon: 0.250
2026-03-29 17:31:45 | INFO | Episode  304 - Reward: 33.000, Length: 33, Loss: 1.5949, Entropy: 0.6651, Epsilon: 0.248
2026-03-29 17:31:45 | INFO | Episode  305 - Reward: 48.000, Length: 48, Loss: 1.6999, Entropy: 0.6637, Epsilon: 0.245
2026-03-29 17:31:46 | INFO | Episode  306 - Reward: 91.000, Length: 91, Loss: 1.4687, Entropy: 0.6655, Epsilon: 0.243
2026-03-29 17:31:46 | INFO | Episode  307 - Reward: 33.000, Length: 33, Loss: 1.2902, Entropy: 0.6641, Epsilon: 0.240
2026-03-29 17:31:47 | INFO | Episode  308 - Reward: 55.000, Length: 55, Loss: 2.0042, Entropy: 0.6632, Epsilon: 0.238
2026-03-29 17:31:47 | INFO | Episode  309 - Reward: 68.000, Length: 68, Loss: 1.6263, Entropy: 0.6643, Epsilon: 0.235
2026-03-29 17:31:48 | INFO | Episode  310 - Reward: 21.000, Length: 21, Loss: 1.8013, Entropy: 0.6633, Epsilon: 0.233
2026-03-29 17:31:48 | INFO | Episode  311 - Reward: 55.000, Length: 55, Loss: 1.2930, Entropy: 0.6651, Epsilon: 0.230
2026-03-29 17:31:48 | INFO | Episode  312 - Reward: 39.000, Length: 39, Loss: 2.1784, Entropy: 0.6625, Epsilon: 0.228
2026-03-29 17:31:49 | INFO | Episode  313 - Reward: 37.000, Length: 37, Loss: 2.1326, Entropy: 0.6639, Epsilon: 0.225
2026-03-29 17:31:49 | INFO | Episode  314 - Reward: 54.000, Length: 54, Loss: 1.8484, Entropy: 0.6615, Epsilon: 0.223
2026-03-29 17:31:50 | INFO | Episode  315 - Reward: 65.000, Length: 65, Loss: 1.2872, Entropy: 0.6643, Epsilon: 0.220
2026-03-29 17:31:50 | INFO | Episode  316 - Reward: 110.000, Length: 110, Loss: 1.7703, Entropy: 0.6610, Epsilon: 0.218
2026-03-29 17:31:51 | INFO | Episode  317 - Reward: 47.000, Length: 47, Loss: 1.4229, Entropy: 0.6623, Epsilon: 0.215
2026-03-29 17:31:51 | INFO | Episode  318 - Reward: 42.000, Length: 42, Loss: 1.8260, Entropy: 0.6635, Epsilon: 0.213
2026-03-29 17:31:52 | INFO | Episode  319 - Reward: 57.000, Length: 57, Loss: 1.9331, Entropy: 0.6626, Epsilon: 0.210
2026-03-29 17:31:52 | INFO | Episode  320 - Reward: 37.000, Length: 37, Loss: 1.6273, Entropy: 0.6605, Epsilon: 0.208
2026-03-29 17:31:52 | INFO | Episode  321 - Reward: 34.000, Length: 34, Loss: 1.8123, Entropy: 0.6596, Epsilon: 0.206
2026-03-29 17:31:53 | INFO | Episode  322 - Reward: 52.000, Length: 52, Loss: 1.0151, Entropy: 0.6596, Epsilon: 0.203
2026-03-29 17:31:53 | INFO | Episode  323 - Reward: 59.000, Length: 59, Loss: 2.0396, Entropy: 0.6608, Epsilon: 0.201
2026-03-29 17:31:54 | INFO | Episode  324 - Reward: 173.000, Length: 173, Loss: 2.2059, Entropy: 0.6590, Epsilon: 0.198
2026-03-29 17:31:54 | INFO | Episode  325 - Reward: 47.000, Length: 47, Loss: 1.5824, Entropy: 0.6577, Epsilon: 0.196
2026-03-29 17:31:55 | INFO | Episode  326 - Reward: 59.000, Length: 59, Loss: 1.9704, Entropy: 0.6584, Epsilon: 0.193
2026-03-29 17:31:55 | INFO | Episode  327 - Reward: 38.000, Length: 38, Loss: 2.2623, Entropy: 0.6589, Epsilon: 0.191
2026-03-29 17:31:56 | INFO | Episode  328 - Reward: 55.000, Length: 55, Loss: 1.4967, Entropy: 0.6553, Epsilon: 0.188
2026-03-29 17:31:56 | INFO | Episode  329 - Reward: 71.000, Length: 71, Loss: 2.3285, Entropy: 0.6579, Epsilon: 0.186
2026-03-29 17:31:56 | INFO | Episode  330 - Reward: 55.000, Length: 55, Loss: 1.2461, Entropy: 0.6576, Epsilon: 0.183
2026-03-29 17:31:57 | INFO | Episode  331 - Reward: 58.000, Length: 58, Loss: 1.6430, Entropy: 0.6544, Epsilon: 0.181
2026-03-29 17:31:57 | INFO | Episode  332 - Reward: 196.000, Length: 196, Loss: 1.7410, Entropy: 0.6546, Epsilon: 0.178
2026-03-29 17:31:58 | INFO | Episode  333 - Reward: 70.000, Length: 70, Loss: 2.3072, Entropy: 0.6559, Epsilon: 0.176
2026-03-29 17:31:58 | INFO | Episode  334 - Reward: 51.000, Length: 51, Loss: 2.2545, Entropy: 0.6576, Epsilon: 0.173
2026-03-29 17:31:59 | INFO | Episode  335 - Reward: 57.000, Length: 57, Loss: 2.1865, Entropy: 0.6529, Epsilon: 0.171
2026-03-29 17:31:59 | INFO | Episode  336 - Reward: 43.000, Length: 43, Loss: 1.3855, Entropy: 0.6568, Epsilon: 0.168
2026-03-29 17:32:00 | INFO | Episode  337 - Reward: 53.000, Length: 53, Loss: 1.8692, Entropy: 0.6535, Epsilon: 0.166
2026-03-29 17:32:00 | INFO | Episode  338 - Reward: 40.000, Length: 40, Loss: 1.4054, Entropy: 0.6574, Epsilon: 0.163
2026-03-29 17:32:01 | INFO | Episode  339 - Reward: 59.000, Length: 59, Loss: 1.1211, Entropy: 0.6554, Epsilon: 0.161
2026-03-29 17:32:01 | INFO | Episode  340 - Reward: 59.000, Length: 59, Loss: 1.7181, Entropy: 0.6517, Epsilon: 0.158
2026-03-29 17:32:02 | INFO | Episode  341 - Reward: 109.000, Length: 109, Loss: 1.9154, Entropy: 0.6543, Epsilon: 0.156
2026-03-29 17:32:02 | INFO | Episode  342 - Reward: 45.000, Length: 45, Loss: 2.2021, Entropy: 0.6519, Epsilon: 0.154
2026-03-29 17:32:02 | INFO | Episode  343 - Reward: 62.000, Length: 62, Loss: 2.1153, Entropy: 0.6512, Epsilon: 0.151
2026-03-29 17:32:03 | INFO | Episode  344 - Reward: 156.000, Length: 156, Loss: 2.4391, Entropy: 0.6521, Epsilon: 0.149
2026-03-29 17:32:03 | INFO | Episode  345 - Reward: 37.000, Length: 37, Loss: 2.3256, Entropy: 0.6525, Epsilon: 0.146
2026-03-29 17:32:04 | INFO | Episode  346 - Reward: 73.000, Length: 73, Loss: 2.4471, Entropy: 0.6510, Epsilon: 0.144
2026-03-29 17:32:04 | INFO | Episode  347 - Reward: 67.000, Length: 67, Loss: 1.9250, Entropy: 0.6537, Epsilon: 0.141
2026-03-29 17:32:05 | INFO | Episode  348 - Reward: 74.000, Length: 74, Loss: 2.8576, Entropy: 0.6508, Epsilon: 0.139
2026-03-29 17:32:05 | INFO | Episode  349 - Reward: 65.000, Length: 65, Loss: 1.9589, Entropy: 0.6484, Epsilon: 0.136
2026-03-29 17:32:05 | INFO | Episode  350 - Reward: 45.000, Length: 45, Loss: 1.4120, Entropy: 0.6517, Epsilon: 0.134
2026-03-29 17:32:08 | INFO | [Episode  350] eps=0.134  avg_reward=  62.200  avg_length= 62.20  avg_loss=  1.8306  avg_entropy=0.6517  eval_success=0.000
2026-03-29 17:32:09 | INFO | Episode  351 - Reward: 75.000, Length: 75, Loss: 3.1328, Entropy: 0.6471, Epsilon: 0.131
2026-03-29 17:32:09 | INFO | Episode  352 - Reward: 66.000, Length: 66, Loss: 2.4907, Entropy: 0.6499, Epsilon: 0.129
2026-03-29 17:32:09 | INFO | Episode  353 - Reward: 49.000, Length: 49, Loss: 1.7854, Entropy: 0.6499, Epsilon: 0.126
2026-03-29 17:32:10 | INFO | Episode  354 - Reward: 44.000, Length: 44, Loss: 2.0121, Entropy: 0.6537, Epsilon: 0.124
2026-03-29 17:32:10 | INFO | Episode  355 - Reward: 60.000, Length: 60, Loss: 2.1504, Entropy: 0.6544, Epsilon: 0.121
2026-03-29 17:32:11 | INFO | Episode  356 - Reward: 51.000, Length: 51, Loss: 1.7989, Entropy: 0.6515, Epsilon: 0.119
2026-03-29 17:32:11 | INFO | Episode  357 - Reward: 40.000, Length: 40, Loss: 2.7985, Entropy: 0.6513, Epsilon: 0.116
2026-03-29 17:32:12 | INFO | Episode  358 - Reward: 58.000, Length: 58, Loss: 2.3748, Entropy: 0.6518, Epsilon: 0.114
2026-03-29 17:32:13 | INFO | Episode  359 - Reward: 45.000, Length: 45, Loss: 1.5292, Entropy: 0.6495, Epsilon: 0.111
2026-03-29 17:32:14 | INFO | Episode  360 - Reward: 47.000, Length: 47, Loss: 2.0577, Entropy: 0.6436, Epsilon: 0.109
2026-03-29 17:32:14 | INFO | Episode  361 - Reward: 52.000, Length: 52, Loss: 2.0938, Entropy: 0.6501, Epsilon: 0.107
2026-03-29 17:32:15 | INFO | Episode  362 - Reward: 122.000, Length: 122, Loss: 2.5334, Entropy: 0.6444, Epsilon: 0.104
2026-03-29 17:32:15 | INFO | Episode  363 - Reward: 71.000, Length: 71, Loss: 2.4251, Entropy: 0.6474, Epsilon: 0.102
2026-03-29 17:32:16 | INFO | Episode  364 - Reward: 100.000, Length: 100, Loss: 2.5509, Entropy: 0.6504, Epsilon: 0.099
2026-03-29 17:32:17 | INFO | Episode  365 - Reward: 74.000, Length: 74, Loss: 2.4230, Entropy: 0.6469, Epsilon: 0.097
2026-03-29 17:32:17 | INFO | Episode  366 - Reward: 103.000, Length: 103, Loss: 2.5569, Entropy: 0.6447, Epsilon: 0.094
2026-03-29 17:32:18 | INFO | Episode  367 - Reward: 42.000, Length: 42, Loss: 2.9630, Entropy: 0.6426, Epsilon: 0.092
2026-03-29 17:32:19 | INFO | Episode  368 - Reward: 52.000, Length: 52, Loss: 2.3799, Entropy: 0.6446, Epsilon: 0.089
2026-03-29 17:32:19 | INFO | Episode  369 - Reward: 65.000, Length: 65, Loss: 2.0673, Entropy: 0.6436, Epsilon: 0.087
2026-03-29 17:32:20 | INFO | Episode  370 - Reward: 154.000, Length: 154, Loss: 1.9757, Entropy: 0.6431, Epsilon: 0.084
2026-03-29 17:32:21 | INFO | Episode  371 - Reward: 74.000, Length: 74, Loss: 1.5771, Entropy: 0.6406, Epsilon: 0.082
2026-03-29 17:32:21 | INFO | Episode  372 - Reward: 124.000, Length: 124, Loss: 2.3073, Entropy: 0.6458, Epsilon: 0.079
2026-03-29 17:32:22 | INFO | Episode  373 - Reward: 41.000, Length: 41, Loss: 1.7404, Entropy: 0.6465, Epsilon: 0.077
2026-03-29 17:32:23 | INFO | Episode  374 - Reward: 61.000, Length: 61, Loss: 1.5595, Entropy: 0.6470, Epsilon: 0.074
2026-03-29 17:32:23 | INFO | Episode  375 - Reward: 73.000, Length: 73, Loss: 2.5180, Entropy: 0.6459, Epsilon: 0.072
2026-03-29 17:32:24 | INFO | Episode  376 - Reward: 64.000, Length: 64, Loss: 2.3280, Entropy: 0.6484, Epsilon: 0.069
2026-03-29 17:32:25 | INFO | Episode  377 - Reward: 50.000, Length: 50, Loss: 2.3948, Entropy: 0.6442, Epsilon: 0.067
2026-03-29 17:32:25 | INFO | Episode  378 - Reward: 45.000, Length: 45, Loss: 2.4187, Entropy: 0.6480, Epsilon: 0.064
2026-03-29 17:32:26 | INFO | Episode  379 - Reward: 61.000, Length: 61, Loss: 2.8475, Entropy: 0.6460, Epsilon: 0.062
2026-03-29 17:32:26 | INFO | Episode  380 - Reward: 75.000, Length: 75, Loss: 2.6054, Entropy: 0.6431, Epsilon: 0.059
2026-03-29 17:32:27 | INFO | Episode  381 - Reward: 123.000, Length: 123, Loss: 2.5766, Entropy: 0.6444, Epsilon: 0.057
2026-03-29 17:32:28 | INFO | Episode  382 - Reward: 56.000, Length: 56, Loss: 2.5801, Entropy: 0.6465, Epsilon: 0.055
2026-03-29 17:32:28 | INFO | Episode  383 - Reward: 108.000, Length: 108, Loss: 2.0643, Entropy: 0.6481, Epsilon: 0.052
2026-03-29 17:32:29 | INFO | Episode  384 - Reward: 135.000, Length: 135, Loss: 2.2063, Entropy: 0.6476, Epsilon: 0.050
2026-03-29 17:32:30 | INFO | Episode  385 - Reward: 55.000, Length: 55, Loss: 2.4009, Entropy: 0.6490, Epsilon: 0.047
2026-03-29 17:32:30 | INFO | Episode  386 - Reward: 200.000, Length: 200, Loss: 1.7244, Entropy: 0.6514, Epsilon: 0.045
2026-03-29 17:32:31 | INFO | Episode  387 - Reward: 42.000, Length: 42, Loss: 2.8006, Entropy: 0.6467, Epsilon: 0.042
2026-03-29 17:32:32 | INFO | Episode  388 - Reward: 187.000, Length: 187, Loss: 1.9775, Entropy: 0.6449, Epsilon: 0.040
2026-03-29 17:32:32 | INFO | Episode  389 - Reward: 77.000, Length: 77, Loss: 2.6877, Entropy: 0.6490, Epsilon: 0.037
2026-03-29 17:32:33 | INFO | Episode  390 - Reward: 58.000, Length: 58, Loss: 2.4752, Entropy: 0.6432, Epsilon: 0.035
2026-03-29 17:32:34 | INFO | Episode  391 - Reward: 127.000, Length: 127, Loss: 2.5067, Entropy: 0.6431, Epsilon: 0.032
2026-03-29 17:32:34 | INFO | Episode  392 - Reward: 60.000, Length: 60, Loss: 2.6948, Entropy: 0.6449, Epsilon: 0.030
2026-03-29 17:32:35 | INFO | Episode  393 - Reward: 69.000, Length: 69, Loss: 1.4604, Entropy: 0.6476, Epsilon: 0.027
2026-03-29 17:32:36 | INFO | Episode  394 - Reward: 99.000, Length: 99, Loss: 3.6144, Entropy: 0.6438, Epsilon: 0.025
2026-03-29 17:32:36 | INFO | Episode  395 - Reward: 127.000, Length: 127, Loss: 2.6169, Entropy: 0.6477, Epsilon: 0.022
2026-03-29 17:32:37 | INFO | Episode  396 - Reward: 128.000, Length: 128, Loss: 2.5988, Entropy: 0.6426, Epsilon: 0.020
2026-03-29 17:32:38 | INFO | Episode  397 - Reward: 92.000, Length: 92, Loss: 3.2573, Entropy: 0.6415, Epsilon: 0.017
2026-03-29 17:32:38 | INFO | Episode  398 - Reward: 122.000, Length: 122, Loss: 3.0872, Entropy: 0.6406, Epsilon: 0.015
2026-03-29 17:32:39 | INFO | Episode  399 - Reward: 77.000, Length: 77, Loss: 1.9085, Entropy: 0.6423, Epsilon: 0.012
2026-03-29 17:32:39 | INFO | Episode  400 - Reward: 70.000, Length: 70, Loss: 3.5619, Entropy: 0.6422, Epsilon: 0.010
2026-03-29 17:32:46 | INFO | [Episode  400] eps=0.010  avg_reward=  81.000  avg_length= 81.00  avg_loss=  2.3839  avg_entropy=0.6422  eval_success=0.200
2026-03-29 17:32:47 | INFO | Episode  401 - Reward: 85.000, Length: 85, Loss: 2.1328, Entropy: 0.6350, Epsilon: 0.010
2026-03-29 17:32:47 | INFO | Episode  402 - Reward: 82.000, Length: 82, Loss: 2.4905, Entropy: 0.6330, Epsilon: 0.010
2026-03-29 17:32:48 | INFO | Episode  403 - Reward: 79.000, Length: 79, Loss: 3.2185, Entropy: 0.6375, Epsilon: 0.010
2026-03-29 17:32:49 | INFO | Episode  404 - Reward: 71.000, Length: 71, Loss: 2.5885, Entropy: 0.6326, Epsilon: 0.010
2026-03-29 17:32:49 | INFO | Episode  405 - Reward: 50.000, Length: 50, Loss: 2.2385, Entropy: 0.6365, Epsilon: 0.010
2026-03-29 17:32:50 | INFO | Episode  406 - Reward: 116.000, Length: 116, Loss: 2.7756, Entropy: 0.6347, Epsilon: 0.010
2026-03-29 17:32:50 | INFO | Episode  407 - Reward: 87.000, Length: 87, Loss: 2.4976, Entropy: 0.6303, Epsilon: 0.010
2026-03-29 17:32:51 | INFO | Episode  408 - Reward: 150.000, Length: 150, Loss: 2.5395, Entropy: 0.6315, Epsilon: 0.010
2026-03-29 17:32:51 | INFO | Episode  409 - Reward: 56.000, Length: 56, Loss: 2.9908, Entropy: 0.6366, Epsilon: 0.010
2026-03-29 17:32:52 | INFO | Episode  410 - Reward: 81.000, Length: 81, Loss: 2.5737, Entropy: 0.6359, Epsilon: 0.010
2026-03-29 17:32:53 | INFO | Episode  411 - Reward: 82.000, Length: 82, Loss: 2.6408, Entropy: 0.6392, Epsilon: 0.010
2026-03-29 17:32:53 | INFO | Episode  412 - Reward: 85.000, Length: 85, Loss: 2.0898, Entropy: 0.6389, Epsilon: 0.010
2026-03-29 17:32:54 | INFO | Episode  413 - Reward: 176.000, Length: 176, Loss: 1.6182, Entropy: 0.6301, Epsilon: 0.010
2026-03-29 17:32:54 | INFO | Episode  414 - Reward: 157.000, Length: 157, Loss: 1.6347, Entropy: 0.6327, Epsilon: 0.010
2026-03-29 17:32:55 | INFO | Episode  415 - Reward: 200.000, Length: 200, Loss: 2.1039, Entropy: 0.6382, Epsilon: 0.010
2026-03-29 17:32:56 | INFO | Episode  416 - Reward: 200.000, Length: 200, Loss: 2.8086, Entropy: 0.6244, Epsilon: 0.010
2026-03-29 17:32:56 | INFO | Episode  417 - Reward: 117.000, Length: 117, Loss: 3.2415, Entropy: 0.6328, Epsilon: 0.010
2026-03-29 17:32:57 | INFO | Episode  418 - Reward: 64.000, Length: 64, Loss: 2.6043, Entropy: 0.6236, Epsilon: 0.010
2026-03-29 17:32:58 | INFO | Episode  419 - Reward: 60.000, Length: 60, Loss: 3.4492, Entropy: 0.6224, Epsilon: 0.010
2026-03-29 17:32:58 | INFO | Episode  420 - Reward: 76.000, Length: 76, Loss: 2.9310, Entropy: 0.6254, Epsilon: 0.010
2026-03-29 17:32:59 | INFO | Episode  421 - Reward: 77.000, Length: 77, Loss: 1.9950, Entropy: 0.6239, Epsilon: 0.010
2026-03-29 17:33:00 | INFO | Episode  422 - Reward: 86.000, Length: 86, Loss: 3.4327, Entropy: 0.6217, Epsilon: 0.010
2026-03-29 17:33:01 | INFO | Episode  423 - Reward: 60.000, Length: 60, Loss: 3.5732, Entropy: 0.6193, Epsilon: 0.010
2026-03-29 17:33:01 | INFO | Episode  424 - Reward: 76.000, Length: 76, Loss: 4.4223, Entropy: 0.6299, Epsilon: 0.010
2026-03-29 17:33:02 | INFO | Episode  425 - Reward: 121.000, Length: 121, Loss: 2.5552, Entropy: 0.6354, Epsilon: 0.010
2026-03-29 17:33:02 | INFO | Episode  426 - Reward: 200.000, Length: 200, Loss: 2.3949, Entropy: 0.6346, Epsilon: 0.010
2026-03-29 17:33:03 | INFO | Episode  427 - Reward: 200.000, Length: 200, Loss: 2.5592, Entropy: 0.6259, Epsilon: 0.010
2026-03-29 17:33:04 | INFO | Episode  428 - Reward: 200.000, Length: 200, Loss: 2.3886, Entropy: 0.6252, Epsilon: 0.010
2026-03-29 17:33:04 | INFO | Episode  429 - Reward: 135.000, Length: 135, Loss: 3.3767, Entropy: 0.6256, Epsilon: 0.010
2026-03-29 17:33:05 | INFO | Episode  430 - Reward: 80.000, Length: 80, Loss: 2.8340, Entropy: 0.6258, Epsilon: 0.010
2026-03-29 17:33:05 | INFO | Episode  431 - Reward: 136.000, Length: 136, Loss: 3.2128, Entropy: 0.6208, Epsilon: 0.010
2026-03-29 17:33:06 | INFO | Episode  432 - Reward: 164.000, Length: 164, Loss: 2.8146, Entropy: 0.6285, Epsilon: 0.010
2026-03-29 17:33:06 | INFO | Episode  433 - Reward: 116.000, Length: 116, Loss: 2.6412, Entropy: 0.6206, Epsilon: 0.010
2026-03-29 17:33:07 | INFO | Episode  434 - Reward: 131.000, Length: 131, Loss: 2.4795, Entropy: 0.6181, Epsilon: 0.010
2026-03-29 17:33:07 | INFO | Episode  435 - Reward: 85.000, Length: 85, Loss: 3.1836, Entropy: 0.6206, Epsilon: 0.010
2026-03-29 17:33:07 | INFO | Episode  436 - Reward: 200.000, Length: 200, Loss: 2.4470, Entropy: 0.6270, Epsilon: 0.010
2026-03-29 17:33:08 | INFO | Episode  437 - Reward: 167.000, Length: 167, Loss: 3.1916, Entropy: 0.6233, Epsilon: 0.010
2026-03-29 17:33:08 | INFO | Episode  438 - Reward: 200.000, Length: 200, Loss: 2.5279, Entropy: 0.6202, Epsilon: 0.010
2026-03-29 17:33:09 | INFO | Episode  439 - Reward: 176.000, Length: 176, Loss: 2.2893, Entropy: 0.6225, Epsilon: 0.010
2026-03-29 17:33:09 | INFO | Episode  440 - Reward: 149.000, Length: 149, Loss: 1.9894, Entropy: 0.6220, Epsilon: 0.010
2026-03-29 17:33:10 | INFO | Episode  441 - Reward: 145.000, Length: 145, Loss: 2.9621, Entropy: 0.6201, Epsilon: 0.010
2026-03-29 17:33:10 | INFO | Episode  442 - Reward: 200.000, Length: 200, Loss: 2.8869, Entropy: 0.6201, Epsilon: 0.010
2026-03-29 17:33:11 | INFO | Episode  443 - Reward: 200.000, Length: 200, Loss: 2.1089, Entropy: 0.6239, Epsilon: 0.010
2026-03-29 17:33:11 | INFO | Episode  444 - Reward: 200.000, Length: 200, Loss: 2.8526, Entropy: 0.6169, Epsilon: 0.010
2026-03-29 17:33:12 | INFO | Episode  445 - Reward: 200.000, Length: 200, Loss: 3.0565, Entropy: 0.6202, Epsilon: 0.010
2026-03-29 17:33:12 | INFO | Episode  446 - Reward: 200.000, Length: 200, Loss: 1.7747, Entropy: 0.6243, Epsilon: 0.010
2026-03-29 17:33:13 | INFO | Episode  447 - Reward: 200.000, Length: 200, Loss: 2.2478, Entropy: 0.6224, Epsilon: 0.010
2026-03-29 17:33:13 | INFO | Episode  448 - Reward: 200.000, Length: 200, Loss: 1.2649, Entropy: 0.6191, Epsilon: 0.010
2026-03-29 17:33:14 | INFO | Episode  449 - Reward: 200.000, Length: 200, Loss: 1.8460, Entropy: 0.6174, Epsilon: 0.010
2026-03-29 17:33:14 | INFO | Episode  450 - Reward: 200.000, Length: 200, Loss: 1.7009, Entropy: 0.6081, Epsilon: 0.010
2026-03-29 17:33:23 | INFO | [Episode  450] eps=0.010  avg_reward= 135.560  avg_length=135.56  avg_loss=  2.6036  avg_entropy=0.6081  eval_success=1.000
2026-03-29 17:33:23 | INFO | Episode  451 - Reward: 200.000, Length: 200, Loss: 1.9622, Entropy: 0.6143, Epsilon: 0.010
2026-03-29 17:33:23 | INFO | Episode  452 - Reward: 200.000, Length: 200, Loss: 2.4761, Entropy: 0.6136, Epsilon: 0.010
2026-03-29 17:33:24 | INFO | Episode  453 - Reward: 200.000, Length: 200, Loss: 1.5014, Entropy: 0.6143, Epsilon: 0.010
2026-03-29 17:33:24 | INFO | Episode  454 - Reward: 200.000, Length: 200, Loss: 1.7798, Entropy: 0.6162, Epsilon: 0.010
2026-03-29 17:33:25 | INFO | Episode  455 - Reward: 200.000, Length: 200, Loss: 1.6283, Entropy: 0.6171, Epsilon: 0.010
2026-03-29 17:33:25 | INFO | Episode  456 - Reward: 200.000, Length: 200, Loss: 1.8659, Entropy: 0.6166, Epsilon: 0.010
2026-03-29 17:33:25 | INFO | Episode  457 - Reward: 200.000, Length: 200, Loss: 2.1683, Entropy: 0.6141, Epsilon: 0.010
2026-03-29 17:33:26 | INFO | Episode  458 - Reward: 200.000, Length: 200, Loss: 1.2134, Entropy: 0.6155, Epsilon: 0.010
2026-03-29 17:33:26 | INFO | Episode  459 - Reward: 200.000, Length: 200, Loss: 1.9314, Entropy: 0.6157, Epsilon: 0.010
2026-03-29 17:33:27 | INFO | Episode  460 - Reward: 200.000, Length: 200, Loss: 1.9069, Entropy: 0.6170, Epsilon: 0.010
2026-03-29 17:33:27 | INFO | Episode  461 - Reward: 200.000, Length: 200, Loss: 1.3816, Entropy: 0.6109, Epsilon: 0.010
2026-03-29 17:33:28 | INFO | Episode  462 - Reward: 200.000, Length: 200, Loss: 1.8327, Entropy: 0.6069, Epsilon: 0.010
2026-03-29 17:33:28 | INFO | Episode  463 - Reward: 200.000, Length: 200, Loss: 2.5813, Entropy: 0.6033, Epsilon: 0.010
2026-03-29 17:33:29 | INFO | Episode  464 - Reward: 200.000, Length: 200, Loss: 1.5768, Entropy: 0.6115, Epsilon: 0.010
2026-03-29 17:33:29 | INFO | Episode  465 - Reward: 200.000, Length: 200, Loss: 2.2139, Entropy: 0.6151, Epsilon: 0.010
2026-03-29 17:33:30 | INFO | Episode  466 - Reward: 200.000, Length: 200, Loss: 1.7733, Entropy: 0.6119, Epsilon: 0.010
2026-03-29 17:33:30 | INFO | Episode  467 - Reward: 200.000, Length: 200, Loss: 1.5325, Entropy: 0.6067, Epsilon: 0.010
2026-03-29 17:33:31 | INFO | Episode  468 - Reward: 200.000, Length: 200, Loss: 1.5868, Entropy: 0.6112, Epsilon: 0.010
2026-03-29 17:33:31 | INFO | Episode  469 - Reward: 200.000, Length: 200, Loss: 0.7969, Entropy: 0.6109, Epsilon: 0.010
2026-03-29 17:33:31 | INFO | Episode  470 - Reward: 200.000, Length: 200, Loss: 1.8712, Entropy: 0.6044, Epsilon: 0.010
2026-03-29 17:33:32 | INFO | Episode  471 - Reward: 200.000, Length: 200, Loss: 1.1442, Entropy: 0.6169, Epsilon: 0.010
2026-03-29 17:33:32 | INFO | Episode  472 - Reward: 200.000, Length: 200, Loss: 1.5272, Entropy: 0.6033, Epsilon: 0.010
2026-03-29 17:33:33 | INFO | Episode  473 - Reward: 200.000, Length: 200, Loss: 1.2452, Entropy: 0.6124, Epsilon: 0.010
2026-03-29 17:33:33 | INFO | Episode  474 - Reward: 200.000, Length: 200, Loss: 1.0581, Entropy: 0.6101, Epsilon: 0.010
2026-03-29 17:33:34 | INFO | Episode  475 - Reward: 200.000, Length: 200, Loss: 1.0406, Entropy: 0.6179, Epsilon: 0.010
2026-03-29 17:33:34 | INFO | Episode  476 - Reward: 200.000, Length: 200, Loss: 1.9686, Entropy: 0.6070, Epsilon: 0.010
2026-03-29 17:33:35 | INFO | Episode  477 - Reward: 200.000, Length: 200, Loss: 1.5068, Entropy: 0.6174, Epsilon: 0.010
2026-03-29 17:33:35 | INFO | Episode  478 - Reward: 200.000, Length: 200, Loss: 1.3948, Entropy: 0.6154, Epsilon: 0.010
2026-03-29 17:33:35 | INFO | Episode  479 - Reward: 200.000, Length: 200, Loss: 2.2439, Entropy: 0.6169, Epsilon: 0.010
2026-03-29 17:33:36 | INFO | Episode  480 - Reward: 200.000, Length: 200, Loss: 0.9958, Entropy: 0.6168, Epsilon: 0.010
2026-03-29 17:33:36 | INFO | Episode  481 - Reward: 200.000, Length: 200, Loss: 1.0660, Entropy: 0.6177, Epsilon: 0.010
2026-03-29 17:33:37 | INFO | Episode  482 - Reward: 200.000, Length: 200, Loss: 0.5358, Entropy: 0.6187, Epsilon: 0.010
2026-03-29 17:33:37 | INFO | Episode  483 - Reward: 200.000, Length: 200, Loss: 1.4971, Entropy: 0.6202, Epsilon: 0.010
2026-03-29 17:33:38 | INFO | Episode  484 - Reward: 200.000, Length: 200, Loss: 1.2672, Entropy: 0.6206, Epsilon: 0.010
2026-03-29 17:33:38 | INFO | Episode  485 - Reward: 200.000, Length: 200, Loss: 0.4786, Entropy: 0.6233, Epsilon: 0.010
2026-03-29 17:33:39 | INFO | Episode  486 - Reward: 200.000, Length: 200, Loss: 0.7260, Entropy: 0.6231, Epsilon: 0.010
2026-03-29 17:33:39 | INFO | Episode  487 - Reward: 200.000, Length: 200, Loss: 0.7879, Entropy: 0.6286, Epsilon: 0.010
2026-03-29 17:33:40 | INFO | Episode  488 - Reward: 200.000, Length: 200, Loss: 1.4403, Entropy: 0.6282, Epsilon: 0.010
2026-03-29 17:33:40 | INFO | Episode  489 - Reward: 200.000, Length: 200, Loss: 0.9309, Entropy: 0.6325, Epsilon: 0.010
2026-03-29 17:33:41 | INFO | Episode  490 - Reward: 200.000, Length: 200, Loss: 0.4443, Entropy: 0.6290, Epsilon: 0.010
2026-03-29 17:33:41 | INFO | Episode  491 - Reward: 200.000, Length: 200, Loss: 0.8738, Entropy: 0.6301, Epsilon: 0.010
2026-03-29 17:33:42 | INFO | Episode  492 - Reward: 200.000, Length: 200, Loss: 0.9462, Entropy: 0.6312, Epsilon: 0.010
2026-03-29 17:33:42 | INFO | Episode  493 - Reward: 200.000, Length: 200, Loss: 0.7115, Entropy: 0.6325, Epsilon: 0.010
2026-03-29 17:33:43 | INFO | Episode  494 - Reward: 200.000, Length: 200, Loss: 1.3074, Entropy: 0.6365, Epsilon: 0.010
2026-03-29 17:33:43 | INFO | Episode  495 - Reward: 200.000, Length: 200, Loss: 0.9996, Entropy: 0.6304, Epsilon: 0.010
2026-03-29 17:33:44 | INFO | Episode  496 - Reward: 200.000, Length: 200, Loss: 0.3768, Entropy: 0.6374, Epsilon: 0.010
2026-03-29 17:33:44 | INFO | Episode  497 - Reward: 200.000, Length: 200, Loss: 0.7505, Entropy: 0.6324, Epsilon: 0.010
2026-03-29 17:33:45 | INFO | Episode  498 - Reward: 200.000, Length: 200, Loss: 0.7046, Entropy: 0.6301, Epsilon: 0.010
2026-03-29 17:33:45 | INFO | Episode  499 - Reward: 200.000, Length: 200, Loss: 0.5686, Entropy: 0.6328, Epsilon: 0.010
2026-03-29 17:33:45 | INFO | Episode  500 - Reward: 200.000, Length: 200, Loss: 0.7173, Entropy: 0.6337, Epsilon: 0.010
2026-03-29 17:33:54 | INFO | [Episode  500] eps=0.010  avg_reward= 200.000  avg_length=200.00  avg_loss=  1.3367  avg_entropy=0.6337  eval_success=1.000
2026-03-29 17:33:54 | INFO | DQN+Entropy training: 4m 50.89s
2026-03-29 17:34:23 | INFO | [Final Eval] success=1.000, mean_reward=200.000
