2026-03-29 16:57:29 | INFO | ============================================================
2026-03-29 16:57:29 | INFO | DEVICE / COMPUTE INFORMATION
2026-03-29 16:57:29 | INFO |   JAX backend       : CPU
2026-03-29 16:57:29 | INFO |   Platform          : cpu
2026-03-29 16:57:29 | INFO |   Num devices       : 1
2026-03-29 16:57:29 | INFO |   Device            : TFRT_CPU_0
2026-03-29 16:57:29 | INFO | ============================================================
2026-03-29 16:57:29 | INFO | DQN+Entropy | seed=7, lr=0.0005, gamma=0.99, alpha=0.01
2026-03-29 16:57:29 | INFO | Env: cartpole/dense, obs_dim=4, num_actions=2
2026-03-29 16:57:30 | INFO | Episode    1 - Reward: 14.000, Length: 14, Loss: 0.0000, Entropy: 0.0000, Epsilon: 0.998
2026-03-29 16:57:30 | INFO | Episode    2 - Reward: 10.000, Length: 10, Loss: 0.0000, Entropy: 0.0000, Epsilon: 0.995
2026-03-29 16:57:31 | INFO | Episode    3 - Reward: 26.000, Length: 26, Loss: 0.0000, Entropy: 0.0000, Epsilon: 0.993
2026-03-29 16:57:31 | INFO | Episode    4 - Reward: 12.000, Length: 12, Loss: 0.0000, Entropy: 0.0000, Epsilon: 0.990
2026-03-29 16:57:32 | INFO | Episode    5 - Reward: 22.000, Length: 22, Loss: 0.0000, Entropy: 0.0000, Epsilon: 0.988
2026-03-29 16:57:32 | INFO | Episode    6 - Reward: 22.000, Length: 22, Loss: 0.0000, Entropy: 0.0000, Epsilon: 0.985
2026-03-29 16:57:33 | INFO | Episode    7 - Reward: 15.000, Length: 15, Loss: 0.0000, Entropy: 0.0000, Epsilon: 0.983
2026-03-29 16:57:33 | INFO | Episode    8 - Reward: 11.000, Length: 11, Loss: 0.0000, Entropy: 0.0000, Epsilon: 0.980
2026-03-29 16:57:34 | INFO | Episode    9 - Reward: 14.000, Length: 14, Loss: 0.0000, Entropy: 0.0000, Epsilon: 0.978
2026-03-29 16:57:34 | INFO | Episode   10 - Reward: 45.000, Length: 45, Loss: 0.0000, Entropy: 0.0000, Epsilon: 0.975
2026-03-29 16:57:34 | INFO | Episode   11 - Reward: 53.000, Length: 53, Loss: 0.0000, Entropy: 0.0000, Epsilon: 0.973
2026-03-29 16:57:35 | INFO | Episode   12 - Reward: 11.000, Length: 11, Loss: 0.0000, Entropy: 0.0000, Epsilon: 0.970
2026-03-29 16:57:36 | INFO | Episode   13 - Reward: 25.000, Length: 25, Loss: 1.0666, Entropy: 0.6918, Epsilon: 0.968
2026-03-29 16:57:37 | INFO | Episode   14 - Reward: 50.000, Length: 50, Loss: 1.0631, Entropy: 0.6919, Epsilon: 0.965
2026-03-29 16:57:37 | INFO | Episode   15 - Reward: 13.000, Length: 13, Loss: 1.0549, Entropy: 0.6920, Epsilon: 0.963
2026-03-29 16:57:38 | INFO | Episode   16 - Reward: 17.000, Length: 17, Loss: 1.0502, Entropy: 0.6920, Epsilon: 0.960
2026-03-29 16:57:38 | INFO | Episode   17 - Reward: 26.000, Length: 26, Loss: 1.0395, Entropy: 0.6920, Epsilon: 0.958
2026-03-29 16:57:39 | INFO | Episode   18 - Reward: 12.000, Length: 12, Loss: 1.0327, Entropy: 0.6919, Epsilon: 0.955
2026-03-29 16:57:39 | INFO | Episode   19 - Reward: 11.000, Length: 11, Loss: 1.0309, Entropy: 0.6920, Epsilon: 0.953
2026-03-29 16:57:40 | INFO | Episode   20 - Reward: 24.000, Length: 24, Loss: 1.0158, Entropy: 0.6918, Epsilon: 0.951
2026-03-29 16:57:40 | INFO | Episode   21 - Reward: 14.000, Length: 14, Loss: 1.0191, Entropy: 0.6918, Epsilon: 0.948
2026-03-29 16:57:41 | INFO | Episode   22 - Reward: 10.000, Length: 10, Loss: 1.0148, Entropy: 0.6917, Epsilon: 0.946
2026-03-29 16:57:41 | INFO | Episode   23 - Reward: 18.000, Length: 18, Loss: 1.0159, Entropy: 0.6915, Epsilon: 0.943
2026-03-29 16:57:42 | INFO | Episode   24 - Reward: 32.000, Length: 32, Loss: 1.0125, Entropy: 0.6914, Epsilon: 0.941
2026-03-29 16:57:42 | INFO | Episode   25 - Reward: 14.000, Length: 14, Loss: 1.0682, Entropy: 0.6916, Epsilon: 0.938
2026-03-29 16:57:42 | INFO | Episode   26 - Reward: 13.000, Length: 13, Loss: 1.0717, Entropy: 0.6914, Epsilon: 0.936
2026-03-29 16:57:43 | INFO | Episode   27 - Reward: 29.000, Length: 29, Loss: 1.0592, Entropy: 0.6915, Epsilon: 0.933
2026-03-29 16:57:43 | INFO | Episode   28 - Reward: 24.000, Length: 24, Loss: 1.0536, Entropy: 0.6916, Epsilon: 0.931
2026-03-29 16:57:44 | INFO | Episode   29 - Reward: 11.000, Length: 11, Loss: 1.0615, Entropy: 0.6914, Epsilon: 0.928
2026-03-29 16:57:44 | INFO | Episode   30 - Reward: 10.000, Length: 10, Loss: 1.0493, Entropy: 0.6913, Epsilon: 0.926
2026-03-29 16:57:45 | INFO | Episode   31 - Reward: 12.000, Length: 12, Loss: 1.0419, Entropy: 0.6912, Epsilon: 0.923
2026-03-29 16:57:45 | INFO | Episode   32 - Reward: 14.000, Length: 14, Loss: 1.0380, Entropy: 0.6913, Epsilon: 0.921
2026-03-29 16:57:46 | INFO | Episode   33 - Reward: 59.000, Length: 59, Loss: 1.0272, Entropy: 0.6915, Epsilon: 0.918
2026-03-29 16:57:46 | INFO | Episode   34 - Reward: 16.000, Length: 16, Loss: 1.0241, Entropy: 0.6914, Epsilon: 0.916
2026-03-29 16:57:47 | INFO | Episode   35 - Reward: 13.000, Length: 13, Loss: 1.0203, Entropy: 0.6912, Epsilon: 0.913
2026-03-29 16:57:47 | INFO | Episode   36 - Reward: 20.000, Length: 20, Loss: 1.0051, Entropy: 0.6912, Epsilon: 0.911
2026-03-29 16:57:48 | INFO | Episode   37 - Reward: 25.000, Length: 25, Loss: 1.0013, Entropy: 0.6913, Epsilon: 0.908
2026-03-29 16:57:48 | INFO | Episode   38 - Reward: 17.000, Length: 17, Loss: 1.0005, Entropy: 0.6911, Epsilon: 0.906
2026-03-29 16:57:49 | INFO | Episode   39 - Reward: 15.000, Length: 15, Loss: 0.9971, Entropy: 0.6912, Epsilon: 0.903
2026-03-29 16:57:49 | INFO | Episode   40 - Reward: 13.000, Length: 13, Loss: 0.9866, Entropy: 0.6911, Epsilon: 0.901
2026-03-29 16:57:50 | INFO | Episode   41 - Reward: 17.000, Length: 17, Loss: 0.9892, Entropy: 0.6910, Epsilon: 0.899
2026-03-29 16:57:50 | INFO | Episode   42 - Reward: 12.000, Length: 12, Loss: 0.9798, Entropy: 0.6909, Epsilon: 0.896
2026-03-29 16:57:51 | INFO | Episode   43 - Reward: 11.000, Length: 11, Loss: 0.9710, Entropy: 0.6909, Epsilon: 0.894
2026-03-29 16:57:51 | INFO | Episode   44 - Reward: 38.000, Length: 38, Loss: 0.9741, Entropy: 0.6910, Epsilon: 0.891
2026-03-29 16:57:52 | INFO | Episode   45 - Reward: 14.000, Length: 14, Loss: 0.9595, Entropy: 0.6909, Epsilon: 0.889
2026-03-29 16:57:52 | INFO | Episode   46 - Reward: 27.000, Length: 27, Loss: 0.9528, Entropy: 0.6910, Epsilon: 0.886
2026-03-29 16:57:53 | INFO | Episode   47 - Reward: 15.000, Length: 15, Loss: 0.9492, Entropy: 0.6909, Epsilon: 0.884
2026-03-29 16:57:53 | INFO | Episode   48 - Reward: 21.000, Length: 21, Loss: 0.9445, Entropy: 0.6908, Epsilon: 0.881
2026-03-29 16:57:54 | INFO | Episode   49 - Reward: 11.000, Length: 11, Loss: 0.9309, Entropy: 0.6907, Epsilon: 0.879
2026-03-29 16:57:54 | INFO | Episode   50 - Reward: 33.000, Length: 33, Loss: 0.9291, Entropy: 0.6908, Epsilon: 0.876
2026-03-29 16:57:55 | INFO | [Episode   50] eps=0.876  avg_reward=  20.220  avg_length= 20.22  avg_loss=  0.7700  avg_entropy=0.6908  eval_success=0.000
2026-03-29 16:57:55 | INFO | Episode   51 - Reward: 11.000, Length: 11, Loss: 1.0780, Entropy: 0.6906, Epsilon: 0.874
2026-03-29 16:57:56 | INFO | Episode   52 - Reward: 29.000, Length: 29, Loss: 1.0853, Entropy: 0.6907, Epsilon: 0.871
2026-03-29 16:57:56 | INFO | Episode   53 - Reward: 13.000, Length: 13, Loss: 1.0750, Entropy: 0.6905, Epsilon: 0.869
2026-03-29 16:57:57 | INFO | Episode   54 - Reward: 23.000, Length: 23, Loss: 1.0752, Entropy: 0.6905, Epsilon: 0.866
2026-03-29 16:57:57 | INFO | Episode   55 - Reward: 11.000, Length: 11, Loss: 1.0603, Entropy: 0.6907, Epsilon: 0.864
2026-03-29 16:57:58 | INFO | Episode   56 - Reward: 17.000, Length: 17, Loss: 1.0524, Entropy: 0.6907, Epsilon: 0.861
2026-03-29 16:57:58 | INFO | Episode   57 - Reward: 17.000, Length: 17, Loss: 1.0545, Entropy: 0.6904, Epsilon: 0.859
2026-03-29 16:57:59 | INFO | Episode   58 - Reward: 11.000, Length: 11, Loss: 1.0387, Entropy: 0.6903, Epsilon: 0.856
2026-03-29 16:57:59 | INFO | Episode   59 - Reward: 11.000, Length: 11, Loss: 1.0324, Entropy: 0.6902, Epsilon: 0.854
2026-03-29 16:58:00 | INFO | Episode   60 - Reward: 13.000, Length: 13, Loss: 1.0336, Entropy: 0.6903, Epsilon: 0.852
2026-03-29 16:58:00 | INFO | Episode   61 - Reward: 12.000, Length: 12, Loss: 1.0281, Entropy: 0.6900, Epsilon: 0.849
2026-03-29 16:58:01 | INFO | Episode   62 - Reward: 17.000, Length: 17, Loss: 1.0213, Entropy: 0.6903, Epsilon: 0.847
2026-03-29 16:58:01 | INFO | Episode   63 - Reward: 11.000, Length: 11, Loss: 1.0115, Entropy: 0.6900, Epsilon: 0.844
2026-03-29 16:58:01 | INFO | Episode   64 - Reward: 14.000, Length: 14, Loss: 1.0110, Entropy: 0.6898, Epsilon: 0.842
2026-03-29 16:58:02 | INFO | Episode   65 - Reward: 24.000, Length: 24, Loss: 0.9952, Entropy: 0.6899, Epsilon: 0.839
2026-03-29 16:58:02 | INFO | Episode   66 - Reward: 18.000, Length: 18, Loss: 0.9858, Entropy: 0.6898, Epsilon: 0.837
2026-03-29 16:58:03 | INFO | Episode   67 - Reward: 26.000, Length: 26, Loss: 0.9887, Entropy: 0.6900, Epsilon: 0.834
2026-03-29 16:58:03 | INFO | Episode   68 - Reward: 42.000, Length: 42, Loss: 0.9779, Entropy: 0.6897, Epsilon: 0.832
2026-03-29 16:58:03 | INFO | Episode   69 - Reward: 29.000, Length: 29, Loss: 0.9680, Entropy: 0.6899, Epsilon: 0.829
2026-03-29 16:58:04 | INFO | Episode   70 - Reward: 21.000, Length: 21, Loss: 0.9690, Entropy: 0.6898, Epsilon: 0.827
2026-03-29 16:58:04 | INFO | Episode   71 - Reward: 21.000, Length: 21, Loss: 0.9642, Entropy: 0.6895, Epsilon: 0.824
2026-03-29 16:58:05 | INFO | Episode   72 - Reward: 17.000, Length: 17, Loss: 0.9556, Entropy: 0.6895, Epsilon: 0.822
2026-03-29 16:58:05 | INFO | Episode   73 - Reward: 12.000, Length: 12, Loss: 0.9474, Entropy: 0.6895, Epsilon: 0.819
2026-03-29 16:58:06 | INFO | Episode   74 - Reward: 24.000, Length: 24, Loss: 0.9494, Entropy: 0.6893, Epsilon: 0.817
2026-03-29 16:58:06 | INFO | Episode   75 - Reward: 21.000, Length: 21, Loss: 0.9369, Entropy: 0.6895, Epsilon: 0.814
2026-03-29 16:58:07 | INFO | Episode   76 - Reward: 19.000, Length: 19, Loss: 0.9251, Entropy: 0.6895, Epsilon: 0.812
2026-03-29 16:58:07 | INFO | Episode   77 - Reward: 12.000, Length: 12, Loss: 0.9226, Entropy: 0.6894, Epsilon: 0.809
2026-03-29 16:58:07 | INFO | Episode   78 - Reward: 23.000, Length: 23, Loss: 1.1031, Entropy: 0.6895, Epsilon: 0.807
2026-03-29 16:58:08 | INFO | Episode   79 - Reward: 28.000, Length: 28, Loss: 1.0977, Entropy: 0.6892, Epsilon: 0.804
2026-03-29 16:58:08 | INFO | Episode   80 - Reward: 27.000, Length: 27, Loss: 1.0948, Entropy: 0.6892, Epsilon: 0.802
2026-03-29 16:58:09 | INFO | Episode   81 - Reward: 31.000, Length: 31, Loss: 1.0890, Entropy: 0.6893, Epsilon: 0.800
2026-03-29 16:58:09 | INFO | Episode   82 - Reward: 9.000, Length: 9, Loss: 1.0713, Entropy: 0.6894, Epsilon: 0.797
2026-03-29 16:58:10 | INFO | Episode   83 - Reward: 46.000, Length: 46, Loss: 1.0774, Entropy: 0.6887, Epsilon: 0.795
2026-03-29 16:58:10 | INFO | Episode   84 - Reward: 27.000, Length: 27, Loss: 1.0733, Entropy: 0.6886, Epsilon: 0.792
2026-03-29 16:58:11 | INFO | Episode   85 - Reward: 10.000, Length: 10, Loss: 1.0630, Entropy: 0.6888, Epsilon: 0.790
2026-03-29 16:58:11 | INFO | Episode   86 - Reward: 14.000, Length: 14, Loss: 1.0636, Entropy: 0.6886, Epsilon: 0.787
2026-03-29 16:58:11 | INFO | Episode   87 - Reward: 60.000, Length: 60, Loss: 1.0433, Entropy: 0.6885, Epsilon: 0.785
2026-03-29 16:58:12 | INFO | Episode   88 - Reward: 20.000, Length: 20, Loss: 1.0248, Entropy: 0.6889, Epsilon: 0.782
2026-03-29 16:58:12 | INFO | Episode   89 - Reward: 16.000, Length: 16, Loss: 1.0324, Entropy: 0.6885, Epsilon: 0.780
2026-03-29 16:58:13 | INFO | Episode   90 - Reward: 16.000, Length: 16, Loss: 1.0310, Entropy: 0.6885, Epsilon: 0.777
2026-03-29 16:58:13 | INFO | Episode   91 - Reward: 19.000, Length: 19, Loss: 1.0318, Entropy: 0.6883, Epsilon: 0.775
2026-03-29 16:58:14 | INFO | Episode   92 - Reward: 12.000, Length: 12, Loss: 1.0056, Entropy: 0.6883, Epsilon: 0.772
2026-03-29 16:58:14 | INFO | Episode   93 - Reward: 34.000, Length: 34, Loss: 1.0148, Entropy: 0.6885, Epsilon: 0.770
2026-03-29 16:58:15 | INFO | Episode   94 - Reward: 12.000, Length: 12, Loss: 0.9990, Entropy: 0.6883, Epsilon: 0.767
2026-03-29 16:58:15 | INFO | Episode   95 - Reward: 24.000, Length: 24, Loss: 0.9948, Entropy: 0.6883, Epsilon: 0.765
2026-03-29 16:58:15 | INFO | Episode   96 - Reward: 15.000, Length: 15, Loss: 0.9790, Entropy: 0.6884, Epsilon: 0.762
2026-03-29 16:58:16 | INFO | Episode   97 - Reward: 35.000, Length: 35, Loss: 0.9720, Entropy: 0.6882, Epsilon: 0.760
2026-03-29 16:58:16 | INFO | Episode   98 - Reward: 15.000, Length: 15, Loss: 0.9683, Entropy: 0.6882, Epsilon: 0.757
2026-03-29 16:58:17 | INFO | Episode   99 - Reward: 10.000, Length: 10, Loss: 1.1158, Entropy: 0.6879, Epsilon: 0.755
2026-03-29 16:58:17 | INFO | Episode  100 - Reward: 14.000, Length: 14, Loss: 1.1120, Entropy: 0.6878, Epsilon: 0.752
2026-03-29 16:58:18 | INFO | [Episode  100] eps=0.752  avg_reward=  20.260  avg_length= 20.26  avg_loss=  1.0240  avg_entropy=0.6878  eval_success=0.000
2026-03-29 16:58:18 | INFO | Episode  101 - Reward: 32.000, Length: 32, Loss: 1.1220, Entropy: 0.6874, Epsilon: 0.750
2026-03-29 16:58:18 | INFO | Episode  102 - Reward: 39.000, Length: 39, Loss: 1.1092, Entropy: 0.6875, Epsilon: 0.748
2026-03-29 16:58:19 | INFO | Episode  103 - Reward: 24.000, Length: 24, Loss: 1.1026, Entropy: 0.6878, Epsilon: 0.745
2026-03-29 16:58:19 | INFO | Episode  104 - Reward: 14.000, Length: 14, Loss: 1.0974, Entropy: 0.6873, Epsilon: 0.743
2026-03-29 16:58:20 | INFO | Episode  105 - Reward: 15.000, Length: 15, Loss: 1.0772, Entropy: 0.6875, Epsilon: 0.740
2026-03-29 16:58:20 | INFO | Episode  106 - Reward: 18.000, Length: 18, Loss: 1.0837, Entropy: 0.6872, Epsilon: 0.738
2026-03-29 16:58:21 | INFO | Episode  107 - Reward: 17.000, Length: 17, Loss: 1.0719, Entropy: 0.6868, Epsilon: 0.735
2026-03-29 16:58:21 | INFO | Episode  108 - Reward: 23.000, Length: 23, Loss: 1.0584, Entropy: 0.6873, Epsilon: 0.733
2026-03-29 16:58:22 | INFO | Episode  109 - Reward: 16.000, Length: 16, Loss: 1.0805, Entropy: 0.6871, Epsilon: 0.730
2026-03-29 16:58:22 | INFO | Episode  110 - Reward: 12.000, Length: 12, Loss: 1.0536, Entropy: 0.6872, Epsilon: 0.728
2026-03-29 16:58:22 | INFO | Episode  111 - Reward: 11.000, Length: 11, Loss: 1.0444, Entropy: 0.6867, Epsilon: 0.725
2026-03-29 16:58:23 | INFO | Episode  112 - Reward: 15.000, Length: 15, Loss: 1.0391, Entropy: 0.6868, Epsilon: 0.723
2026-03-29 16:58:23 | INFO | Episode  113 - Reward: 11.000, Length: 11, Loss: 1.0321, Entropy: 0.6871, Epsilon: 0.720
2026-03-29 16:58:24 | INFO | Episode  114 - Reward: 14.000, Length: 14, Loss: 1.0253, Entropy: 0.6868, Epsilon: 0.718
2026-03-29 16:58:24 | INFO | Episode  115 - Reward: 15.000, Length: 15, Loss: 1.0185, Entropy: 0.6866, Epsilon: 0.715
2026-03-29 16:58:25 | INFO | Episode  116 - Reward: 14.000, Length: 14, Loss: 1.0014, Entropy: 0.6864, Epsilon: 0.713
2026-03-29 16:58:25 | INFO | Episode  117 - Reward: 15.000, Length: 15, Loss: 1.0026, Entropy: 0.6863, Epsilon: 0.710
2026-03-29 16:58:26 | INFO | Episode  118 - Reward: 18.000, Length: 18, Loss: 0.9981, Entropy: 0.6866, Epsilon: 0.708
2026-03-29 16:58:26 | INFO | Episode  119 - Reward: 19.000, Length: 19, Loss: 0.9900, Entropy: 0.6866, Epsilon: 0.705
2026-03-29 16:58:26 | INFO | Episode  120 - Reward: 14.000, Length: 14, Loss: 0.9788, Entropy: 0.6860, Epsilon: 0.703
2026-03-29 16:58:27 | INFO | Episode  121 - Reward: 11.000, Length: 11, Loss: 0.9685, Entropy: 0.6862, Epsilon: 0.701
2026-03-29 16:58:27 | INFO | Episode  122 - Reward: 13.000, Length: 13, Loss: 0.9727, Entropy: 0.6858, Epsilon: 0.698
2026-03-29 16:58:28 | INFO | Episode  123 - Reward: 19.000, Length: 19, Loss: 0.9722, Entropy: 0.6858, Epsilon: 0.696
2026-03-29 16:58:28 | INFO | Episode  124 - Reward: 28.000, Length: 28, Loss: 0.9465, Entropy: 0.6859, Epsilon: 0.693
2026-03-29 16:58:29 | INFO | Episode  125 - Reward: 14.000, Length: 14, Loss: 0.9517, Entropy: 0.6856, Epsilon: 0.691
2026-03-29 16:58:29 | INFO | Episode  126 - Reward: 17.000, Length: 17, Loss: 0.9529, Entropy: 0.6857, Epsilon: 0.688
2026-03-29 16:58:30 | INFO | Episode  127 - Reward: 11.000, Length: 11, Loss: 0.9351, Entropy: 0.6855, Epsilon: 0.686
2026-03-29 16:58:30 | INFO | Episode  128 - Reward: 11.000, Length: 11, Loss: 0.9206, Entropy: 0.6852, Epsilon: 0.683
2026-03-29 16:58:31 | INFO | Episode  129 - Reward: 31.000, Length: 31, Loss: 1.1802, Entropy: 0.6853, Epsilon: 0.681
2026-03-29 16:58:31 | INFO | Episode  130 - Reward: 13.000, Length: 13, Loss: 1.1550, Entropy: 0.6853, Epsilon: 0.678
2026-03-29 16:58:32 | INFO | Episode  131 - Reward: 10.000, Length: 10, Loss: 1.1290, Entropy: 0.6847, Epsilon: 0.676
2026-03-29 16:58:32 | INFO | Episode  132 - Reward: 11.000, Length: 11, Loss: 1.1267, Entropy: 0.6846, Epsilon: 0.673
2026-03-29 16:58:32 | INFO | Episode  133 - Reward: 10.000, Length: 10, Loss: 1.1214, Entropy: 0.6844, Epsilon: 0.671
2026-03-29 16:58:33 | INFO | Episode  134 - Reward: 11.000, Length: 11, Loss: 1.1175, Entropy: 0.6850, Epsilon: 0.668
2026-03-29 16:58:33 | INFO | Episode  135 - Reward: 21.000, Length: 21, Loss: 1.1019, Entropy: 0.6839, Epsilon: 0.666
2026-03-29 16:58:34 | INFO | Episode  136 - Reward: 13.000, Length: 13, Loss: 1.0948, Entropy: 0.6842, Epsilon: 0.663
2026-03-29 16:58:34 | INFO | Episode  137 - Reward: 16.000, Length: 16, Loss: 1.0885, Entropy: 0.6840, Epsilon: 0.661
2026-03-29 16:58:35 | INFO | Episode  138 - Reward: 10.000, Length: 10, Loss: 1.0958, Entropy: 0.6837, Epsilon: 0.658
2026-03-29 16:58:35 | INFO | Episode  139 - Reward: 17.000, Length: 17, Loss: 1.0695, Entropy: 0.6842, Epsilon: 0.656
2026-03-29 16:58:35 | INFO | Episode  140 - Reward: 14.000, Length: 14, Loss: 1.0683, Entropy: 0.6837, Epsilon: 0.653
2026-03-29 16:58:36 | INFO | Episode  141 - Reward: 10.000, Length: 10, Loss: 1.0610, Entropy: 0.6835, Epsilon: 0.651
2026-03-29 16:58:36 | INFO | Episode  142 - Reward: 12.000, Length: 12, Loss: 1.0331, Entropy: 0.6831, Epsilon: 0.649
2026-03-29 16:58:37 | INFO | Episode  143 - Reward: 16.000, Length: 16, Loss: 1.0479, Entropy: 0.6833, Epsilon: 0.646
2026-03-29 16:58:37 | INFO | Episode  144 - Reward: 9.000, Length: 9, Loss: 1.0479, Entropy: 0.6826, Epsilon: 0.644
2026-03-29 16:58:38 | INFO | Episode  145 - Reward: 9.000, Length: 9, Loss: 1.0248, Entropy: 0.6824, Epsilon: 0.641
2026-03-29 16:58:38 | INFO | Episode  146 - Reward: 12.000, Length: 12, Loss: 1.0130, Entropy: 0.6827, Epsilon: 0.639
2026-03-29 16:58:39 | INFO | Episode  147 - Reward: 14.000, Length: 14, Loss: 1.0127, Entropy: 0.6825, Epsilon: 0.636
2026-03-29 16:58:39 | INFO | Episode  148 - Reward: 17.000, Length: 17, Loss: 0.9937, Entropy: 0.6820, Epsilon: 0.634
2026-03-29 16:58:39 | INFO | Episode  149 - Reward: 11.000, Length: 11, Loss: 0.9997, Entropy: 0.6820, Epsilon: 0.631
2026-03-29 16:58:40 | INFO | Episode  150 - Reward: 33.000, Length: 33, Loss: 0.9859, Entropy: 0.6817, Epsilon: 0.629
2026-03-29 16:58:40 | INFO | [Episode  150] eps=0.629  avg_reward=  16.000  avg_length= 16.00  avg_loss=  1.0435  avg_entropy=0.6817  eval_success=0.000
2026-03-29 16:58:41 | INFO | Episode  151 - Reward: 16.000, Length: 16, Loss: 0.9750, Entropy: 0.6821, Epsilon: 0.626
2026-03-29 16:58:41 | INFO | Episode  152 - Reward: 11.000, Length: 11, Loss: 0.9856, Entropy: 0.6818, Epsilon: 0.624
2026-03-29 16:58:42 | INFO | Episode  153 - Reward: 11.000, Length: 11, Loss: 0.9616, Entropy: 0.6820, Epsilon: 0.621
2026-03-29 16:58:42 | INFO | Episode  154 - Reward: 16.000, Length: 16, Loss: 0.9781, Entropy: 0.6814, Epsilon: 0.619
2026-03-29 16:58:42 | INFO | Episode  155 - Reward: 17.000, Length: 17, Loss: 0.9510, Entropy: 0.6819, Epsilon: 0.616
2026-03-29 16:58:43 | INFO | Episode  156 - Reward: 11.000, Length: 11, Loss: 0.9474, Entropy: 0.6812, Epsilon: 0.614
2026-03-29 16:58:43 | INFO | Episode  157 - Reward: 11.000, Length: 11, Loss: 0.9474, Entropy: 0.6805, Epsilon: 0.611
2026-03-29 16:58:44 | INFO | Episode  158 - Reward: 33.000, Length: 33, Loss: 0.9448, Entropy: 0.6809, Epsilon: 0.609
2026-03-29 16:58:44 | INFO | Episode  159 - Reward: 12.000, Length: 12, Loss: 0.9204, Entropy: 0.6808, Epsilon: 0.606
2026-03-29 16:58:45 | INFO | Episode  160 - Reward: 10.000, Length: 10, Loss: 0.9210, Entropy: 0.6801, Epsilon: 0.604
2026-03-29 16:58:45 | INFO | Episode  161 - Reward: 11.000, Length: 11, Loss: 0.8985, Entropy: 0.6806, Epsilon: 0.602
2026-03-29 16:58:45 | INFO | Episode  162 - Reward: 16.000, Length: 16, Loss: 0.9181, Entropy: 0.6803, Epsilon: 0.599
2026-03-29 16:58:46 | INFO | Episode  163 - Reward: 9.000, Length: 9, Loss: 0.8907, Entropy: 0.6805, Epsilon: 0.597
2026-03-29 16:58:46 | INFO | Episode  164 - Reward: 12.000, Length: 12, Loss: 1.2026, Entropy: 0.6797, Epsilon: 0.594
2026-03-29 16:58:47 | INFO | Episode  165 - Reward: 11.000, Length: 11, Loss: 1.1973, Entropy: 0.6797, Epsilon: 0.592
2026-03-29 16:58:47 | INFO | Episode  166 - Reward: 11.000, Length: 11, Loss: 1.1881, Entropy: 0.6795, Epsilon: 0.589
2026-03-29 16:58:48 | INFO | Episode  167 - Reward: 13.000, Length: 13, Loss: 1.1548, Entropy: 0.6805, Epsilon: 0.587
2026-03-29 16:58:48 | INFO | Episode  168 - Reward: 15.000, Length: 15, Loss: 1.1684, Entropy: 0.6796, Epsilon: 0.584
2026-03-29 16:58:49 | INFO | Episode  169 - Reward: 17.000, Length: 17, Loss: 1.1564, Entropy: 0.6794, Epsilon: 0.582
2026-03-29 16:58:49 | INFO | Episode  170 - Reward: 12.000, Length: 12, Loss: 1.1473, Entropy: 0.6786, Epsilon: 0.579
2026-03-29 16:58:49 | INFO | Episode  171 - Reward: 13.000, Length: 13, Loss: 1.1489, Entropy: 0.6792, Epsilon: 0.577
2026-03-29 16:58:50 | INFO | Episode  172 - Reward: 11.000, Length: 11, Loss: 1.1165, Entropy: 0.6783, Epsilon: 0.574
2026-03-29 16:58:50 | INFO | Episode  173 - Reward: 13.000, Length: 13, Loss: 1.1303, Entropy: 0.6778, Epsilon: 0.572
2026-03-29 16:58:51 | INFO | Episode  174 - Reward: 12.000, Length: 12, Loss: 1.1093, Entropy: 0.6779, Epsilon: 0.569
2026-03-29 16:58:51 | INFO | Episode  175 - Reward: 13.000, Length: 13, Loss: 1.1110, Entropy: 0.6776, Epsilon: 0.567
2026-03-29 16:58:52 | INFO | Episode  176 - Reward: 14.000, Length: 14, Loss: 1.0901, Entropy: 0.6783, Epsilon: 0.564
2026-03-29 16:58:52 | INFO | Episode  177 - Reward: 10.000, Length: 10, Loss: 1.0856, Entropy: 0.6778, Epsilon: 0.562
2026-03-29 16:58:53 | INFO | Episode  178 - Reward: 34.000, Length: 34, Loss: 1.0746, Entropy: 0.6773, Epsilon: 0.559
2026-03-29 16:58:53 | INFO | Episode  179 - Reward: 12.000, Length: 12, Loss: 1.0468, Entropy: 0.6767, Epsilon: 0.557
2026-03-29 16:58:54 | INFO | Episode  180 - Reward: 15.000, Length: 15, Loss: 1.0329, Entropy: 0.6770, Epsilon: 0.554
2026-03-29 16:58:54 | INFO | Episode  181 - Reward: 18.000, Length: 18, Loss: 1.0749, Entropy: 0.6761, Epsilon: 0.552
2026-03-29 16:58:55 | INFO | Episode  182 - Reward: 9.000, Length: 9, Loss: 1.0320, Entropy: 0.6764, Epsilon: 0.550
2026-03-29 16:58:55 | INFO | Episode  183 - Reward: 15.000, Length: 15, Loss: 1.0257, Entropy: 0.6756, Epsilon: 0.547
2026-03-29 16:58:56 | INFO | Episode  184 - Reward: 23.000, Length: 23, Loss: 1.0131, Entropy: 0.6759, Epsilon: 0.545
2026-03-29 16:58:56 | INFO | Episode  185 - Reward: 11.000, Length: 11, Loss: 0.9921, Entropy: 0.6754, Epsilon: 0.542
2026-03-29 16:58:56 | INFO | Episode  186 - Reward: 13.000, Length: 13, Loss: 1.0052, Entropy: 0.6760, Epsilon: 0.540
2026-03-29 16:58:57 | INFO | Episode  187 - Reward: 8.000, Length: 8, Loss: 0.9778, Entropy: 0.6747, Epsilon: 0.537
2026-03-29 16:58:57 | INFO | Episode  188 - Reward: 23.000, Length: 23, Loss: 0.9789, Entropy: 0.6750, Epsilon: 0.535
2026-03-29 16:58:58 | INFO | Episode  189 - Reward: 17.000, Length: 17, Loss: 0.9896, Entropy: 0.6743, Epsilon: 0.532
2026-03-29 16:58:58 | INFO | Episode  190 - Reward: 14.000, Length: 14, Loss: 0.9751, Entropy: 0.6748, Epsilon: 0.530
2026-03-29 16:58:59 | INFO | Episode  191 - Reward: 15.000, Length: 15, Loss: 0.9645, Entropy: 0.6747, Epsilon: 0.527
2026-03-29 16:58:59 | INFO | Episode  192 - Reward: 18.000, Length: 18, Loss: 0.9677, Entropy: 0.6741, Epsilon: 0.525
2026-03-29 16:58:59 | INFO | Episode  193 - Reward: 12.000, Length: 12, Loss: 0.9278, Entropy: 0.6739, Epsilon: 0.522
2026-03-29 16:59:00 | INFO | Episode  194 - Reward: 10.000, Length: 10, Loss: 0.9309, Entropy: 0.6740, Epsilon: 0.520
2026-03-29 16:59:00 | INFO | Episode  195 - Reward: 17.000, Length: 17, Loss: 0.9348, Entropy: 0.6731, Epsilon: 0.517
2026-03-29 16:59:01 | INFO | Episode  196 - Reward: 13.000, Length: 13, Loss: 0.9035, Entropy: 0.6737, Epsilon: 0.515
2026-03-29 16:59:01 | INFO | Episode  197 - Reward: 9.000, Length: 9, Loss: 0.9037, Entropy: 0.6722, Epsilon: 0.512
2026-03-29 16:59:02 | INFO | Episode  198 - Reward: 13.000, Length: 13, Loss: 0.9048, Entropy: 0.6721, Epsilon: 0.510
2026-03-29 16:59:02 | INFO | Episode  199 - Reward: 12.000, Length: 12, Loss: 1.2392, Entropy: 0.6734, Epsilon: 0.507
2026-03-29 16:59:03 | INFO | Episode  200 - Reward: 11.000, Length: 11, Loss: 1.2331, Entropy: 0.6715, Epsilon: 0.505
2026-03-29 16:59:03 | INFO | [Episode  200] eps=0.505  avg_reward=  14.060  avg_length= 14.06  avg_loss=  1.0275  avg_entropy=0.6715  eval_success=0.000
2026-03-29 16:59:03 | INFO | Episode  201 - Reward: 10.000, Length: 10, Loss: 1.2316, Entropy: 0.6723, Epsilon: 0.503
2026-03-29 16:59:04 | INFO | Episode  202 - Reward: 16.000, Length: 16, Loss: 1.2134, Entropy: 0.6709, Epsilon: 0.500
2026-03-29 16:59:04 | INFO | Episode  203 - Reward: 16.000, Length: 16, Loss: 1.2501, Entropy: 0.6719, Epsilon: 0.498
2026-03-29 16:59:05 | INFO | Episode  204 - Reward: 16.000, Length: 16, Loss: 1.1927, Entropy: 0.6710, Epsilon: 0.495
2026-03-29 16:59:05 | INFO | Episode  205 - Reward: 10.000, Length: 10, Loss: 1.1820, Entropy: 0.6711, Epsilon: 0.493
2026-03-29 16:59:06 | INFO | Episode  206 - Reward: 15.000, Length: 15, Loss: 1.1821, Entropy: 0.6700, Epsilon: 0.490
2026-03-29 16:59:06 | INFO | Episode  207 - Reward: 11.000, Length: 11, Loss: 1.1688, Entropy: 0.6702, Epsilon: 0.488
2026-03-29 16:59:06 | INFO | Episode  208 - Reward: 10.000, Length: 10, Loss: 1.1498, Entropy: 0.6694, Epsilon: 0.485
2026-03-29 16:59:07 | INFO | Episode  209 - Reward: 8.000, Length: 8, Loss: 1.1568, Entropy: 0.6695, Epsilon: 0.483
2026-03-29 16:59:07 | INFO | Episode  210 - Reward: 12.000, Length: 12, Loss: 1.1341, Entropy: 0.6690, Epsilon: 0.480
2026-03-29 16:59:08 | INFO | Episode  211 - Reward: 43.000, Length: 43, Loss: 1.1318, Entropy: 0.6681, Epsilon: 0.478
2026-03-29 16:59:08 | INFO | Episode  212 - Reward: 10.000, Length: 10, Loss: 1.1083, Entropy: 0.6689, Epsilon: 0.475
2026-03-29 16:59:09 | INFO | Episode  213 - Reward: 9.000, Length: 9, Loss: 1.1283, Entropy: 0.6675, Epsilon: 0.473
2026-03-29 16:59:09 | INFO | Episode  214 - Reward: 12.000, Length: 12, Loss: 1.1124, Entropy: 0.6675, Epsilon: 0.470
2026-03-29 16:59:09 | INFO | Episode  215 - Reward: 14.000, Length: 14, Loss: 1.0754, Entropy: 0.6682, Epsilon: 0.468
2026-03-29 16:59:10 | INFO | Episode  216 - Reward: 9.000, Length: 9, Loss: 1.0660, Entropy: 0.6667, Epsilon: 0.465
2026-03-29 16:59:10 | INFO | Episode  217 - Reward: 11.000, Length: 11, Loss: 1.0655, Entropy: 0.6666, Epsilon: 0.463
2026-03-29 16:59:11 | INFO | Episode  218 - Reward: 14.000, Length: 14, Loss: 1.0491, Entropy: 0.6673, Epsilon: 0.460
2026-03-29 16:59:11 | INFO | Episode  219 - Reward: 21.000, Length: 21, Loss: 1.0452, Entropy: 0.6652, Epsilon: 0.458
2026-03-29 16:59:12 | INFO | Episode  220 - Reward: 14.000, Length: 14, Loss: 1.0486, Entropy: 0.6649, Epsilon: 0.456
2026-03-29 16:59:12 | INFO | Episode  221 - Reward: 11.000, Length: 11, Loss: 1.0340, Entropy: 0.6658, Epsilon: 0.453
2026-03-29 16:59:12 | INFO | Episode  222 - Reward: 12.000, Length: 12, Loss: 1.0373, Entropy: 0.6656, Epsilon: 0.451
2026-03-29 16:59:13 | INFO | Episode  223 - Reward: 14.000, Length: 14, Loss: 1.0035, Entropy: 0.6651, Epsilon: 0.448
2026-03-29 16:59:13 | INFO | Episode  224 - Reward: 19.000, Length: 19, Loss: 1.0121, Entropy: 0.6645, Epsilon: 0.446
2026-03-29 16:59:14 | INFO | Episode  225 - Reward: 10.000, Length: 10, Loss: 0.9939, Entropy: 0.6642, Epsilon: 0.443
2026-03-29 16:59:14 | INFO | Episode  226 - Reward: 12.000, Length: 12, Loss: 0.9916, Entropy: 0.6631, Epsilon: 0.441
2026-03-29 16:59:15 | INFO | Episode  227 - Reward: 12.000, Length: 12, Loss: 0.9649, Entropy: 0.6628, Epsilon: 0.438
2026-03-29 16:59:15 | INFO | Episode  228 - Reward: 10.000, Length: 10, Loss: 0.9565, Entropy: 0.6632, Epsilon: 0.436
2026-03-29 16:59:16 | INFO | Episode  229 - Reward: 23.000, Length: 23, Loss: 0.9455, Entropy: 0.6635, Epsilon: 0.433
2026-03-29 16:59:16 | INFO | Episode  230 - Reward: 11.000, Length: 11, Loss: 0.9080, Entropy: 0.6614, Epsilon: 0.431
2026-03-29 16:59:17 | INFO | Episode  231 - Reward: 11.000, Length: 11, Loss: 0.9193, Entropy: 0.6621, Epsilon: 0.428
2026-03-29 16:59:17 | INFO | Episode  232 - Reward: 14.000, Length: 14, Loss: 0.9081, Entropy: 0.6612, Epsilon: 0.426
2026-03-29 16:59:17 | INFO | Episode  233 - Reward: 11.000, Length: 11, Loss: 0.8881, Entropy: 0.6613, Epsilon: 0.423
2026-03-29 16:59:18 | INFO | Episode  234 - Reward: 10.000, Length: 10, Loss: 0.9131, Entropy: 0.6612, Epsilon: 0.421
2026-03-29 16:59:18 | INFO | Episode  235 - Reward: 10.000, Length: 10, Loss: 0.9129, Entropy: 0.6610, Epsilon: 0.418
2026-03-29 16:59:19 | INFO | Episode  236 - Reward: 11.000, Length: 11, Loss: 0.8704, Entropy: 0.6601, Epsilon: 0.416
2026-03-29 16:59:19 | INFO | Episode  237 - Reward: 15.000, Length: 15, Loss: 1.3651, Entropy: 0.6603, Epsilon: 0.413
2026-03-29 16:59:20 | INFO | Episode  238 - Reward: 9.000, Length: 9, Loss: 1.3577, Entropy: 0.6609, Epsilon: 0.411
2026-03-29 16:59:20 | INFO | Episode  239 - Reward: 13.000, Length: 13, Loss: 1.3132, Entropy: 0.6594, Epsilon: 0.408
2026-03-29 16:59:21 | INFO | Episode  240 - Reward: 11.000, Length: 11, Loss: 1.3122, Entropy: 0.6589, Epsilon: 0.406
2026-03-29 16:59:21 | INFO | Episode  241 - Reward: 11.000, Length: 11, Loss: 1.3326, Entropy: 0.6579, Epsilon: 0.404
2026-03-29 16:59:21 | INFO | Episode  242 - Reward: 15.000, Length: 15, Loss: 1.2698, Entropy: 0.6564, Epsilon: 0.401
2026-03-29 16:59:22 | INFO | Episode  243 - Reward: 19.000, Length: 19, Loss: 1.2618, Entropy: 0.6576, Epsilon: 0.399
2026-03-29 16:59:22 | INFO | Episode  244 - Reward: 31.000, Length: 31, Loss: 1.2593, Entropy: 0.6574, Epsilon: 0.396
2026-03-29 16:59:23 | INFO | Episode  245 - Reward: 10.000, Length: 10, Loss: 1.2555, Entropy: 0.6569, Epsilon: 0.394
2026-03-29 16:59:23 | INFO | Episode  246 - Reward: 15.000, Length: 15, Loss: 1.2618, Entropy: 0.6555, Epsilon: 0.391
2026-03-29 16:59:24 | INFO | Episode  247 - Reward: 10.000, Length: 10, Loss: 1.1949, Entropy: 0.6556, Epsilon: 0.389
2026-03-29 16:59:24 | INFO | Episode  248 - Reward: 14.000, Length: 14, Loss: 1.2026, Entropy: 0.6555, Epsilon: 0.386
2026-03-29 16:59:25 | INFO | Episode  249 - Reward: 12.000, Length: 12, Loss: 1.1791, Entropy: 0.6552, Epsilon: 0.384
2026-03-29 16:59:25 | INFO | Episode  250 - Reward: 11.000, Length: 11, Loss: 1.1701, Entropy: 0.6528, Epsilon: 0.381
2026-03-29 16:59:26 | INFO | [Episode  250] eps=0.381  avg_reward=  13.560  avg_length= 13.56  avg_loss=  1.1137  avg_entropy=0.6528  eval_success=0.000
2026-03-29 16:59:26 | INFO | Episode  251 - Reward: 8.000, Length: 8, Loss: 1.1613, Entropy: 0.6534, Epsilon: 0.379
2026-03-29 16:59:26 | INFO | Episode  252 - Reward: 11.000, Length: 11, Loss: 1.1593, Entropy: 0.6529, Epsilon: 0.376
2026-03-29 16:59:27 | INFO | Episode  253 - Reward: 11.000, Length: 11, Loss: 1.1329, Entropy: 0.6536, Epsilon: 0.374
2026-03-29 16:59:27 | INFO | Episode  254 - Reward: 17.000, Length: 17, Loss: 1.1171, Entropy: 0.6525, Epsilon: 0.371
2026-03-29 16:59:28 | INFO | Episode  255 - Reward: 10.000, Length: 10, Loss: 1.1327, Entropy: 0.6509, Epsilon: 0.369
2026-03-29 16:59:28 | INFO | Episode  256 - Reward: 15.000, Length: 15, Loss: 1.0923, Entropy: 0.6513, Epsilon: 0.366
2026-03-29 16:59:29 | INFO | Episode  257 - Reward: 12.000, Length: 12, Loss: 1.0687, Entropy: 0.6502, Epsilon: 0.364
2026-03-29 16:59:29 | INFO | Episode  258 - Reward: 10.000, Length: 10, Loss: 1.0502, Entropy: 0.6501, Epsilon: 0.361
2026-03-29 16:59:29 | INFO | Episode  259 - Reward: 17.000, Length: 17, Loss: 1.0708, Entropy: 0.6498, Epsilon: 0.359
2026-03-29 16:59:30 | INFO | Episode  260 - Reward: 9.000, Length: 9, Loss: 1.0577, Entropy: 0.6510, Epsilon: 0.357
2026-03-29 16:59:30 | INFO | Episode  261 - Reward: 10.000, Length: 10, Loss: 1.0302, Entropy: 0.6493, Epsilon: 0.354
2026-03-29 16:59:31 | INFO | Episode  262 - Reward: 14.000, Length: 14, Loss: 1.0566, Entropy: 0.6497, Epsilon: 0.352
2026-03-29 16:59:31 | INFO | Episode  263 - Reward: 10.000, Length: 10, Loss: 1.0227, Entropy: 0.6476, Epsilon: 0.349
2026-03-29 16:59:32 | INFO | Episode  264 - Reward: 10.000, Length: 10, Loss: 1.0356, Entropy: 0.6478, Epsilon: 0.347
2026-03-29 16:59:32 | INFO | Episode  265 - Reward: 9.000, Length: 9, Loss: 0.9849, Entropy: 0.6485, Epsilon: 0.344
2026-03-29 16:59:33 | INFO | Episode  266 - Reward: 12.000, Length: 12, Loss: 0.9808, Entropy: 0.6459, Epsilon: 0.342
2026-03-29 16:59:34 | INFO | Episode  267 - Reward: 9.000, Length: 9, Loss: 0.9843, Entropy: 0.6478, Epsilon: 0.339
2026-03-29 16:59:34 | INFO | Episode  268 - Reward: 18.000, Length: 18, Loss: 0.9395, Entropy: 0.6455, Epsilon: 0.337
2026-03-29 16:59:35 | INFO | Episode  269 - Reward: 11.000, Length: 11, Loss: 0.9546, Entropy: 0.6458, Epsilon: 0.334
2026-03-29 16:59:36 | INFO | Episode  270 - Reward: 9.000, Length: 9, Loss: 0.9382, Entropy: 0.6457, Epsilon: 0.332
2026-03-29 16:59:36 | INFO | Episode  271 - Reward: 11.000, Length: 11, Loss: 0.9381, Entropy: 0.6436, Epsilon: 0.329
2026-03-29 16:59:37 | INFO | Episode  272 - Reward: 17.000, Length: 17, Loss: 0.9117, Entropy: 0.6459, Epsilon: 0.327
2026-03-29 16:59:37 | INFO | Episode  273 - Reward: 10.000, Length: 10, Loss: 0.9146, Entropy: 0.6432, Epsilon: 0.324
2026-03-29 16:59:38 | INFO | Episode  274 - Reward: 11.000, Length: 11, Loss: 0.8978, Entropy: 0.6440, Epsilon: 0.322
2026-03-29 16:59:39 | INFO | Episode  275 - Reward: 9.000, Length: 9, Loss: 0.8873, Entropy: 0.6434, Epsilon: 0.319
2026-03-29 16:59:39 | INFO | Episode  276 - Reward: 11.000, Length: 11, Loss: 0.8797, Entropy: 0.6421, Epsilon: 0.317
2026-03-29 16:59:40 | INFO | Episode  277 - Reward: 9.000, Length: 9, Loss: 1.4654, Entropy: 0.6440, Epsilon: 0.314
2026-03-29 16:59:41 | INFO | Episode  278 - Reward: 14.000, Length: 14, Loss: 1.4374, Entropy: 0.6406, Epsilon: 0.312
2026-03-29 16:59:41 | INFO | Episode  279 - Reward: 25.000, Length: 25, Loss: 1.4012, Entropy: 0.6424, Epsilon: 0.309
2026-03-29 16:59:42 | INFO | Episode  280 - Reward: 9.000, Length: 9, Loss: 1.4542, Entropy: 0.6402, Epsilon: 0.307
2026-03-29 16:59:43 | INFO | Episode  281 - Reward: 16.000, Length: 16, Loss: 1.4362, Entropy: 0.6405, Epsilon: 0.305
2026-03-29 16:59:43 | INFO | Episode  282 - Reward: 12.000, Length: 12, Loss: 1.3993, Entropy: 0.6390, Epsilon: 0.302
2026-03-29 16:59:44 | INFO | Episode  283 - Reward: 12.000, Length: 12, Loss: 1.3690, Entropy: 0.6397, Epsilon: 0.300
2026-03-29 16:59:45 | INFO | Episode  284 - Reward: 9.000, Length: 9, Loss: 1.3824, Entropy: 0.6374, Epsilon: 0.297
2026-03-29 16:59:45 | INFO | Episode  285 - Reward: 11.000, Length: 11, Loss: 1.3511, Entropy: 0.6373, Epsilon: 0.295
2026-03-29 16:59:46 | INFO | Episode  286 - Reward: 14.000, Length: 14, Loss: 1.3218, Entropy: 0.6370, Epsilon: 0.292
2026-03-29 16:59:47 | INFO | Episode  287 - Reward: 9.000, Length: 9, Loss: 1.3054, Entropy: 0.6350, Epsilon: 0.290
2026-03-29 16:59:48 | INFO | Episode  288 - Reward: 9.000, Length: 9, Loss: 1.3386, Entropy: 0.6340, Epsilon: 0.287
2026-03-29 16:59:48 | INFO | Episode  289 - Reward: 15.000, Length: 15, Loss: 1.2309, Entropy: 0.6345, Epsilon: 0.285
2026-03-29 16:59:49 | INFO | Episode  290 - Reward: 12.000, Length: 12, Loss: 1.2854, Entropy: 0.6328, Epsilon: 0.282
2026-03-29 16:59:49 | INFO | Episode  291 - Reward: 12.000, Length: 12, Loss: 1.2087, Entropy: 0.6321, Epsilon: 0.280
2026-03-29 16:59:50 | INFO | Episode  292 - Reward: 21.000, Length: 21, Loss: 1.1991, Entropy: 0.6309, Epsilon: 0.277
2026-03-29 16:59:51 | INFO | Episode  293 - Reward: 16.000, Length: 16, Loss: 1.2109, Entropy: 0.6329, Epsilon: 0.275
2026-03-29 16:59:51 | INFO | Episode  294 - Reward: 10.000, Length: 10, Loss: 1.1971, Entropy: 0.6342, Epsilon: 0.272
2026-03-29 16:59:52 | INFO | Episode  295 - Reward: 12.000, Length: 12, Loss: 1.1792, Entropy: 0.6298, Epsilon: 0.270
2026-03-29 16:59:53 | INFO | Episode  296 - Reward: 10.000, Length: 10, Loss: 1.1413, Entropy: 0.6300, Epsilon: 0.267
2026-03-29 16:59:53 | INFO | Episode  297 - Reward: 13.000, Length: 13, Loss: 1.1358, Entropy: 0.6302, Epsilon: 0.265
2026-03-29 16:59:54 | INFO | Episode  298 - Reward: 10.000, Length: 10, Loss: 1.1183, Entropy: 0.6287, Epsilon: 0.262
2026-03-29 16:59:55 | INFO | Episode  299 - Reward: 12.000, Length: 12, Loss: 1.1177, Entropy: 0.6282, Epsilon: 0.260
2026-03-29 16:59:55 | INFO | Episode  300 - Reward: 10.000, Length: 10, Loss: 1.0984, Entropy: 0.6290, Epsilon: 0.258
2026-03-29 16:59:56 | INFO | [Episode  300] eps=0.258  avg_reward=  12.060  avg_length= 12.06  avg_loss=  1.1437  avg_entropy=0.6290  eval_success=0.000
2026-03-29 16:59:57 | INFO | Episode  301 - Reward: 11.000, Length: 11, Loss: 1.0793, Entropy: 0.6277, Epsilon: 0.255
2026-03-29 16:59:57 | INFO | Episode  302 - Reward: 10.000, Length: 10, Loss: 1.0575, Entropy: 0.6262, Epsilon: 0.253
2026-03-29 16:59:58 | INFO | Episode  303 - Reward: 11.000, Length: 11, Loss: 1.0763, Entropy: 0.6274, Epsilon: 0.250
2026-03-29 16:59:58 | INFO | Episode  304 - Reward: 10.000, Length: 10, Loss: 1.0839, Entropy: 0.6245, Epsilon: 0.248
2026-03-29 16:59:59 | INFO | Episode  305 - Reward: 8.000, Length: 8, Loss: 1.0301, Entropy: 0.6226, Epsilon: 0.245
2026-03-29 17:00:00 | INFO | Episode  306 - Reward: 11.000, Length: 11, Loss: 1.0292, Entropy: 0.6253, Epsilon: 0.243
2026-03-29 17:00:00 | INFO | Episode  307 - Reward: 8.000, Length: 8, Loss: 1.0084, Entropy: 0.6250, Epsilon: 0.240
2026-03-29 17:00:01 | INFO | Episode  308 - Reward: 9.000, Length: 9, Loss: 0.9646, Entropy: 0.6235, Epsilon: 0.238
2026-03-29 17:00:02 | INFO | Episode  309 - Reward: 11.000, Length: 11, Loss: 0.9869, Entropy: 0.6217, Epsilon: 0.235
2026-03-29 17:00:02 | INFO | Episode  310 - Reward: 10.000, Length: 10, Loss: 0.9948, Entropy: 0.6223, Epsilon: 0.233
2026-03-29 17:00:03 | INFO | Episode  311 - Reward: 12.000, Length: 12, Loss: 0.9520, Entropy: 0.6228, Epsilon: 0.230
2026-03-29 17:00:04 | INFO | Episode  312 - Reward: 12.000, Length: 12, Loss: 0.9307, Entropy: 0.6221, Epsilon: 0.228
2026-03-29 17:00:04 | INFO | Episode  313 - Reward: 10.000, Length: 10, Loss: 0.9535, Entropy: 0.6205, Epsilon: 0.225
2026-03-29 17:00:05 | INFO | Episode  314 - Reward: 10.000, Length: 10, Loss: 0.9031, Entropy: 0.6196, Epsilon: 0.223
2026-03-29 17:00:06 | INFO | Episode  315 - Reward: 10.000, Length: 10, Loss: 0.9236, Entropy: 0.6190, Epsilon: 0.220
2026-03-29 17:00:06 | INFO | Episode  316 - Reward: 10.000, Length: 10, Loss: 0.9085, Entropy: 0.6181, Epsilon: 0.218
2026-03-29 17:00:07 | INFO | Episode  317 - Reward: 10.000, Length: 10, Loss: 0.9071, Entropy: 0.6200, Epsilon: 0.215
2026-03-29 17:00:08 | INFO | Episode  318 - Reward: 8.000, Length: 8, Loss: 0.9052, Entropy: 0.6183, Epsilon: 0.213
2026-03-29 17:00:08 | INFO | Episode  319 - Reward: 10.000, Length: 10, Loss: 0.8807, Entropy: 0.6191, Epsilon: 0.210
2026-03-29 17:00:09 | INFO | Episode  320 - Reward: 9.000, Length: 9, Loss: 0.8773, Entropy: 0.6178, Epsilon: 0.208
2026-03-29 17:00:09 | INFO | Episode  321 - Reward: 10.000, Length: 10, Loss: 1.6644, Entropy: 0.6167, Epsilon: 0.206
2026-03-29 17:00:10 | INFO | Episode  322 - Reward: 8.000, Length: 8, Loss: 1.6580, Entropy: 0.6165, Epsilon: 0.203
2026-03-29 17:00:11 | INFO | Episode  323 - Reward: 12.000, Length: 12, Loss: 1.6623, Entropy: 0.6142, Epsilon: 0.201
2026-03-29 17:00:11 | INFO | Episode  324 - Reward: 10.000, Length: 10, Loss: 1.6479, Entropy: 0.6143, Epsilon: 0.198
2026-03-29 17:00:12 | INFO | Episode  325 - Reward: 10.000, Length: 10, Loss: 1.5871, Entropy: 0.6135, Epsilon: 0.196
2026-03-29 17:00:13 | INFO | Episode  326 - Reward: 12.000, Length: 12, Loss: 1.5374, Entropy: 0.6125, Epsilon: 0.193
2026-03-29 17:00:13 | INFO | Episode  327 - Reward: 12.000, Length: 12, Loss: 1.4793, Entropy: 0.6135, Epsilon: 0.191
2026-03-29 17:00:14 | INFO | Episode  328 - Reward: 12.000, Length: 12, Loss: 1.5542, Entropy: 0.6086, Epsilon: 0.188
2026-03-29 17:00:15 | INFO | Episode  329 - Reward: 11.000, Length: 11, Loss: 1.4669, Entropy: 0.6081, Epsilon: 0.186
2026-03-29 17:00:15 | INFO | Episode  330 - Reward: 9.000, Length: 9, Loss: 1.4776, Entropy: 0.6086, Epsilon: 0.183
2026-03-29 17:00:16 | INFO | Episode  331 - Reward: 10.000, Length: 10, Loss: 1.4008, Entropy: 0.6071, Epsilon: 0.181
2026-03-29 17:00:17 | INFO | Episode  332 - Reward: 12.000, Length: 12, Loss: 1.4006, Entropy: 0.6042, Epsilon: 0.178
2026-03-29 17:00:17 | INFO | Episode  333 - Reward: 9.000, Length: 9, Loss: 1.4167, Entropy: 0.6062, Epsilon: 0.176
2026-03-29 17:00:18 | INFO | Episode  334 - Reward: 9.000, Length: 9, Loss: 1.3555, Entropy: 0.6039, Epsilon: 0.173
2026-03-29 17:00:19 | INFO | Episode  335 - Reward: 11.000, Length: 11, Loss: 1.3577, Entropy: 0.6047, Epsilon: 0.171
2026-03-29 17:00:19 | INFO | Episode  336 - Reward: 11.000, Length: 11, Loss: 1.3181, Entropy: 0.6020, Epsilon: 0.168
2026-03-29 17:00:20 | INFO | Episode  337 - Reward: 12.000, Length: 12, Loss: 1.3371, Entropy: 0.6026, Epsilon: 0.166
2026-03-29 17:00:20 | INFO | Episode  338 - Reward: 15.000, Length: 15, Loss: 1.3024, Entropy: 0.6011, Epsilon: 0.163
2026-03-29 17:00:21 | INFO | Episode  339 - Reward: 10.000, Length: 10, Loss: 1.2790, Entropy: 0.5971, Epsilon: 0.161
2026-03-29 17:00:22 | INFO | Episode  340 - Reward: 9.000, Length: 9, Loss: 1.3136, Entropy: 0.5986, Epsilon: 0.158
2026-03-29 17:00:22 | INFO | Episode  341 - Reward: 12.000, Length: 12, Loss: 1.2124, Entropy: 0.5979, Epsilon: 0.156
2026-03-29 17:00:23 | INFO | Episode  342 - Reward: 10.000, Length: 10, Loss: 1.1992, Entropy: 0.6018, Epsilon: 0.154
2026-03-29 17:00:24 | INFO | Episode  343 - Reward: 9.000, Length: 9, Loss: 1.1982, Entropy: 0.5966, Epsilon: 0.151
2026-03-29 17:00:24 | INFO | Episode  344 - Reward: 10.000, Length: 10, Loss: 1.2387, Entropy: 0.5970, Epsilon: 0.149
2026-03-29 17:00:25 | INFO | Episode  345 - Reward: 9.000, Length: 9, Loss: 1.1930, Entropy: 0.5932, Epsilon: 0.146
2026-03-29 17:00:26 | INFO | Episode  346 - Reward: 9.000, Length: 9, Loss: 1.1725, Entropy: 0.5943, Epsilon: 0.144
2026-03-29 17:00:26 | INFO | Episode  347 - Reward: 10.000, Length: 10, Loss: 1.1047, Entropy: 0.5963, Epsilon: 0.141
2026-03-29 17:00:26 | INFO | Episode  348 - Reward: 13.000, Length: 13, Loss: 1.1642, Entropy: 0.5923, Epsilon: 0.139
2026-03-29 17:00:27 | INFO | Episode  349 - Reward: 10.000, Length: 10, Loss: 1.1218, Entropy: 0.5949, Epsilon: 0.136
2026-03-29 17:00:28 | INFO | Episode  350 - Reward: 10.000, Length: 10, Loss: 1.1017, Entropy: 0.5926, Epsilon: 0.134
2026-03-29 17:00:28 | INFO | [Episode  350] eps=0.134  avg_reward=  10.320  avg_length= 10.32  avg_loss=  1.2075  avg_entropy=0.5926  eval_success=0.000
2026-03-29 17:00:28 | INFO | Episode  351 - Reward: 10.000, Length: 10, Loss: 1.1215, Entropy: 0.5919, Epsilon: 0.131
2026-03-29 17:00:29 | INFO | Episode  352 - Reward: 9.000, Length: 9, Loss: 1.1389, Entropy: 0.5922, Epsilon: 0.129
2026-03-29 17:00:29 | INFO | Episode  353 - Reward: 12.000, Length: 12, Loss: 1.1024, Entropy: 0.5907, Epsilon: 0.126
2026-03-29 17:00:30 | INFO | Episode  354 - Reward: 9.000, Length: 9, Loss: 1.0773, Entropy: 0.5918, Epsilon: 0.124
2026-03-29 17:00:30 | INFO | Episode  355 - Reward: 8.000, Length: 8, Loss: 1.1457, Entropy: 0.5888, Epsilon: 0.121
2026-03-29 17:00:31 | INFO | Episode  356 - Reward: 10.000, Length: 10, Loss: 1.0858, Entropy: 0.5925, Epsilon: 0.119
2026-03-29 17:00:31 | INFO | Episode  357 - Reward: 10.000, Length: 10, Loss: 1.0772, Entropy: 0.5872, Epsilon: 0.116
2026-03-29 17:00:32 | INFO | Episode  358 - Reward: 11.000, Length: 11, Loss: 1.0041, Entropy: 0.5910, Epsilon: 0.114
2026-03-29 17:00:33 | INFO | Episode  359 - Reward: 11.000, Length: 11, Loss: 1.0129, Entropy: 0.5914, Epsilon: 0.111
2026-03-29 17:00:33 | INFO | Episode  360 - Reward: 8.000, Length: 8, Loss: 1.0182, Entropy: 0.5889, Epsilon: 0.109
2026-03-29 17:00:33 | INFO | Episode  361 - Reward: 11.000, Length: 11, Loss: 0.9816, Entropy: 0.5912, Epsilon: 0.107
2026-03-29 17:00:34 | INFO | Episode  362 - Reward: 8.000, Length: 8, Loss: 1.0341, Entropy: 0.5867, Epsilon: 0.104
2026-03-29 17:00:34 | INFO | Episode  363 - Reward: 8.000, Length: 8, Loss: 0.9495, Entropy: 0.5893, Epsilon: 0.102
2026-03-29 17:00:35 | INFO | Episode  364 - Reward: 8.000, Length: 8, Loss: 0.9297, Entropy: 0.5921, Epsilon: 0.099
2026-03-29 17:00:35 | INFO | Episode  365 - Reward: 9.000, Length: 9, Loss: 0.9647, Entropy: 0.5889, Epsilon: 0.097
2026-03-29 17:00:36 | INFO | Episode  366 - Reward: 10.000, Length: 10, Loss: 0.9363, Entropy: 0.5889, Epsilon: 0.094
2026-03-29 17:00:36 | INFO | Episode  367 - Reward: 9.000, Length: 9, Loss: 0.9970, Entropy: 0.5882, Epsilon: 0.092
2026-03-29 17:00:37 | INFO | Episode  368 - Reward: 8.000, Length: 8, Loss: 1.0107, Entropy: 0.5903, Epsilon: 0.089
2026-03-29 17:00:37 | INFO | Episode  369 - Reward: 9.000, Length: 9, Loss: 0.8941, Entropy: 0.5872, Epsilon: 0.087
2026-03-29 17:00:38 | INFO | Episode  370 - Reward: 10.000, Length: 10, Loss: 1.9224, Entropy: 0.5904, Epsilon: 0.084
2026-03-29 17:00:38 | INFO | Episode  371 - Reward: 10.000, Length: 10, Loss: 1.9634, Entropy: 0.5894, Epsilon: 0.082
2026-03-29 17:00:38 | INFO | Episode  372 - Reward: 10.000, Length: 10, Loss: 1.9147, Entropy: 0.5862, Epsilon: 0.079
2026-03-29 17:00:39 | INFO | Episode  373 - Reward: 9.000, Length: 9, Loss: 1.9576, Entropy: 0.5820, Epsilon: 0.077
2026-03-29 17:00:39 | INFO | Episode  374 - Reward: 10.000, Length: 10, Loss: 1.8808, Entropy: 0.5813, Epsilon: 0.074
2026-03-29 17:00:40 | INFO | Episode  375 - Reward: 9.000, Length: 9, Loss: 1.8045, Entropy: 0.5830, Epsilon: 0.072
2026-03-29 17:00:40 | INFO | Episode  376 - Reward: 11.000, Length: 11, Loss: 1.8555, Entropy: 0.5772, Epsilon: 0.069
2026-03-29 17:00:41 | INFO | Episode  377 - Reward: 10.000, Length: 10, Loss: 1.7128, Entropy: 0.5798, Epsilon: 0.067
2026-03-29 17:00:41 | INFO | Episode  378 - Reward: 9.000, Length: 9, Loss: 1.7742, Entropy: 0.5769, Epsilon: 0.064
2026-03-29 17:00:42 | INFO | Episode  379 - Reward: 11.000, Length: 11, Loss: 1.7465, Entropy: 0.5710, Epsilon: 0.062
2026-03-29 17:00:42 | INFO | Episode  380 - Reward: 10.000, Length: 10, Loss: 1.6099, Entropy: 0.5763, Epsilon: 0.059
2026-03-29 17:00:43 | INFO | Episode  381 - Reward: 9.000, Length: 9, Loss: 1.6250, Entropy: 0.5760, Epsilon: 0.057
2026-03-29 17:00:43 | INFO | Episode  382 - Reward: 11.000, Length: 11, Loss: 1.6597, Entropy: 0.5745, Epsilon: 0.055
2026-03-29 17:00:43 | INFO | Episode  383 - Reward: 10.000, Length: 10, Loss: 1.6759, Entropy: 0.5726, Epsilon: 0.052
2026-03-29 17:00:44 | INFO | Episode  384 - Reward: 10.000, Length: 10, Loss: 1.5389, Entropy: 0.5718, Epsilon: 0.050
2026-03-29 17:00:44 | INFO | Episode  385 - Reward: 9.000, Length: 9, Loss: 1.5934, Entropy: 0.5677, Epsilon: 0.047
2026-03-29 17:00:45 | INFO | Episode  386 - Reward: 9.000, Length: 9, Loss: 1.5954, Entropy: 0.5679, Epsilon: 0.045
2026-03-29 17:00:45 | INFO | Episode  387 - Reward: 10.000, Length: 10, Loss: 1.5238, Entropy: 0.5665, Epsilon: 0.042
2026-03-29 17:00:46 | INFO | Episode  388 - Reward: 9.000, Length: 9, Loss: 1.5329, Entropy: 0.5668, Epsilon: 0.040
2026-03-29 17:00:46 | INFO | Episode  389 - Reward: 10.000, Length: 10, Loss: 1.5775, Entropy: 0.5645, Epsilon: 0.037
2026-03-29 17:00:47 | INFO | Episode  390 - Reward: 9.000, Length: 9, Loss: 1.5087, Entropy: 0.5701, Epsilon: 0.035
2026-03-29 17:00:47 | INFO | Episode  391 - Reward: 10.000, Length: 10, Loss: 1.4992, Entropy: 0.5671, Epsilon: 0.032
2026-03-29 17:00:47 | INFO | Episode  392 - Reward: 10.000, Length: 10, Loss: 1.3948, Entropy: 0.5648, Epsilon: 0.030
2026-03-29 17:00:48 | INFO | Episode  393 - Reward: 10.000, Length: 10, Loss: 1.3667, Entropy: 0.5661, Epsilon: 0.027
2026-03-29 17:00:48 | INFO | Episode  394 - Reward: 9.000, Length: 9, Loss: 1.3493, Entropy: 0.5647, Epsilon: 0.025
2026-03-29 17:00:49 | INFO | Episode  395 - Reward: 9.000, Length: 9, Loss: 1.4557, Entropy: 0.5622, Epsilon: 0.022
2026-03-29 17:00:49 | INFO | Episode  396 - Reward: 10.000, Length: 10, Loss: 1.4630, Entropy: 0.5641, Epsilon: 0.020
2026-03-29 17:00:50 | INFO | Episode  397 - Reward: 10.000, Length: 10, Loss: 1.4164, Entropy: 0.5620, Epsilon: 0.017
2026-03-29 17:00:50 | INFO | Episode  398 - Reward: 10.000, Length: 10, Loss: 1.3811, Entropy: 0.5642, Epsilon: 0.015
2026-03-29 17:00:51 | INFO | Episode  399 - Reward: 10.000, Length: 10, Loss: 1.4543, Entropy: 0.5613, Epsilon: 0.012
2026-03-29 17:00:51 | INFO | Episode  400 - Reward: 9.000, Length: 9, Loss: 1.2536, Entropy: 0.5670, Epsilon: 0.010
2026-03-29 17:00:51 | INFO | [Episode  400] eps=0.010  avg_reward=   9.600  avg_length=  9.60  avg_loss=  1.3898  avg_entropy=0.5670  eval_success=0.000
2026-03-29 17:00:52 | INFO | Episode  401 - Reward: 8.000, Length: 8, Loss: 1.2832, Entropy: 0.5625, Epsilon: 0.010
2026-03-29 17:00:52 | INFO | Episode  402 - Reward: 9.000, Length: 9, Loss: 1.3910, Entropy: 0.5604, Epsilon: 0.010
2026-03-29 17:00:53 | INFO | Episode  403 - Reward: 8.000, Length: 8, Loss: 1.3302, Entropy: 0.5660, Epsilon: 0.010
2026-03-29 17:00:53 | INFO | Episode  404 - Reward: 9.000, Length: 9, Loss: 1.3330, Entropy: 0.5639, Epsilon: 0.010
2026-03-29 17:00:54 | INFO | Episode  405 - Reward: 10.000, Length: 10, Loss: 1.3502, Entropy: 0.5631, Epsilon: 0.010
2026-03-29 17:00:54 | INFO | Episode  406 - Reward: 8.000, Length: 8, Loss: 1.3263, Entropy: 0.5624, Epsilon: 0.010
2026-03-29 17:00:55 | INFO | Episode  407 - Reward: 9.000, Length: 9, Loss: 1.2792, Entropy: 0.5651, Epsilon: 0.010
2026-03-29 17:00:55 | INFO | Episode  408 - Reward: 9.000, Length: 9, Loss: 1.2202, Entropy: 0.5683, Epsilon: 0.010
2026-03-29 17:00:56 | INFO | Episode  409 - Reward: 9.000, Length: 9, Loss: 1.2535, Entropy: 0.5641, Epsilon: 0.010
2026-03-29 17:00:56 | INFO | Episode  410 - Reward: 9.000, Length: 9, Loss: 1.1807, Entropy: 0.5651, Epsilon: 0.010
2026-03-29 17:00:56 | INFO | Episode  411 - Reward: 8.000, Length: 8, Loss: 1.2471, Entropy: 0.5621, Epsilon: 0.010
2026-03-29 17:00:57 | INFO | Episode  412 - Reward: 10.000, Length: 10, Loss: 1.1076, Entropy: 0.5649, Epsilon: 0.010
2026-03-29 17:00:57 | INFO | Episode  413 - Reward: 9.000, Length: 9, Loss: 1.2217, Entropy: 0.5646, Epsilon: 0.010
2026-03-29 17:00:58 | INFO | Episode  414 - Reward: 9.000, Length: 9, Loss: 1.2845, Entropy: 0.5636, Epsilon: 0.010
2026-03-29 17:00:58 | INFO | Episode  415 - Reward: 10.000, Length: 10, Loss: 1.2381, Entropy: 0.5651, Epsilon: 0.010
2026-03-29 17:00:59 | INFO | Episode  416 - Reward: 9.000, Length: 9, Loss: 1.2042, Entropy: 0.5659, Epsilon: 0.010
2026-03-29 17:00:59 | INFO | Episode  417 - Reward: 9.000, Length: 9, Loss: 1.2375, Entropy: 0.5662, Epsilon: 0.010
2026-03-29 17:01:00 | INFO | Episode  418 - Reward: 9.000, Length: 9, Loss: 1.2332, Entropy: 0.5617, Epsilon: 0.010
2026-03-29 17:01:00 | INFO | Episode  419 - Reward: 10.000, Length: 10, Loss: 1.2881, Entropy: 0.5684, Epsilon: 0.010
2026-03-29 17:01:01 | INFO | Episode  420 - Reward: 9.000, Length: 9, Loss: 1.2143, Entropy: 0.5707, Epsilon: 0.010
2026-03-29 17:01:01 | INFO | Episode  421 - Reward: 9.000, Length: 9, Loss: 1.1827, Entropy: 0.5698, Epsilon: 0.010
2026-03-29 17:01:02 | INFO | Episode  422 - Reward: 8.000, Length: 8, Loss: 1.1882, Entropy: 0.5704, Epsilon: 0.010
2026-03-29 17:01:02 | INFO | Episode  423 - Reward: 10.000, Length: 10, Loss: 2.2947, Entropy: 0.5702, Epsilon: 0.010
2026-03-29 17:01:03 | INFO | Episode  424 - Reward: 8.000, Length: 8, Loss: 2.2558, Entropy: 0.5645, Epsilon: 0.010
2026-03-29 17:01:03 | INFO | Episode  425 - Reward: 10.000, Length: 10, Loss: 2.4025, Entropy: 0.5633, Epsilon: 0.010
2026-03-29 17:01:04 | INFO | Episode  426 - Reward: 9.000, Length: 9, Loss: 2.2428, Entropy: 0.5619, Epsilon: 0.010
2026-03-29 17:01:04 | INFO | Episode  427 - Reward: 8.000, Length: 8, Loss: 2.2155, Entropy: 0.5656, Epsilon: 0.010
2026-03-29 17:01:05 | INFO | Episode  428 - Reward: 10.000, Length: 10, Loss: 2.2714, Entropy: 0.5569, Epsilon: 0.010
2026-03-29 17:01:05 | INFO | Episode  429 - Reward: 9.000, Length: 9, Loss: 2.1922, Entropy: 0.5600, Epsilon: 0.010
2026-03-29 17:01:05 | INFO | Episode  430 - Reward: 11.000, Length: 11, Loss: 2.1519, Entropy: 0.5561, Epsilon: 0.010
2026-03-29 17:01:06 | INFO | Episode  431 - Reward: 10.000, Length: 10, Loss: 2.0055, Entropy: 0.5531, Epsilon: 0.010
2026-03-29 17:01:06 | INFO | Episode  432 - Reward: 10.000, Length: 10, Loss: 2.2078, Entropy: 0.5531, Epsilon: 0.010
2026-03-29 17:01:07 | INFO | Episode  433 - Reward: 10.000, Length: 10, Loss: 2.0285, Entropy: 0.5534, Epsilon: 0.010
2026-03-29 17:01:07 | INFO | Episode  434 - Reward: 10.000, Length: 10, Loss: 1.8913, Entropy: 0.5524, Epsilon: 0.010
2026-03-29 17:01:08 | INFO | Episode  435 - Reward: 9.000, Length: 9, Loss: 2.0178, Entropy: 0.5512, Epsilon: 0.010
2026-03-29 17:01:08 | INFO | Episode  436 - Reward: 10.000, Length: 10, Loss: 1.9332, Entropy: 0.5533, Epsilon: 0.010
2026-03-29 17:01:09 | INFO | Episode  437 - Reward: 10.000, Length: 10, Loss: 2.0207, Entropy: 0.5515, Epsilon: 0.010
2026-03-29 17:01:09 | INFO | Episode  438 - Reward: 10.000, Length: 10, Loss: 1.8543, Entropy: 0.5491, Epsilon: 0.010
2026-03-29 17:01:10 | INFO | Episode  439 - Reward: 9.000, Length: 9, Loss: 1.9267, Entropy: 0.5474, Epsilon: 0.010
2026-03-29 17:01:10 | INFO | Episode  440 - Reward: 9.000, Length: 9, Loss: 1.9339, Entropy: 0.5495, Epsilon: 0.010
2026-03-29 17:01:10 | INFO | Episode  441 - Reward: 11.000, Length: 11, Loss: 1.7695, Entropy: 0.5467, Epsilon: 0.010
2026-03-29 17:01:11 | INFO | Episode  442 - Reward: 9.000, Length: 9, Loss: 1.7725, Entropy: 0.5487, Epsilon: 0.010
2026-03-29 17:01:11 | INFO | Episode  443 - Reward: 10.000, Length: 10, Loss: 1.7865, Entropy: 0.5475, Epsilon: 0.010
2026-03-29 17:01:12 | INFO | Episode  444 - Reward: 10.000, Length: 10, Loss: 1.9116, Entropy: 0.5455, Epsilon: 0.010
2026-03-29 17:01:12 | INFO | Episode  445 - Reward: 10.000, Length: 10, Loss: 1.6971, Entropy: 0.5478, Epsilon: 0.010
2026-03-29 17:01:13 | INFO | Episode  446 - Reward: 10.000, Length: 10, Loss: 1.8476, Entropy: 0.5466, Epsilon: 0.010
2026-03-29 17:01:14 | INFO | Episode  447 - Reward: 8.000, Length: 8, Loss: 1.6729, Entropy: 0.5493, Epsilon: 0.010
2026-03-29 17:01:14 | INFO | Episode  448 - Reward: 10.000, Length: 10, Loss: 1.9126, Entropy: 0.5454, Epsilon: 0.010
2026-03-29 17:01:15 | INFO | Episode  449 - Reward: 9.000, Length: 9, Loss: 1.7575, Entropy: 0.5513, Epsilon: 0.010
2026-03-29 17:01:15 | INFO | Episode  450 - Reward: 9.000, Length: 9, Loss: 1.5920, Entropy: 0.5519, Epsilon: 0.010
2026-03-29 17:01:15 | INFO | [Episode  450] eps=0.010  avg_reward=   9.300  avg_length=  9.30  avg_loss=  1.6632  avg_entropy=0.5519  eval_success=0.000
2026-03-29 17:01:16 | INFO | Episode  451 - Reward: 9.000, Length: 9, Loss: 1.8792, Entropy: 0.5476, Epsilon: 0.010
2026-03-29 17:01:16 | INFO | Episode  452 - Reward: 10.000, Length: 10, Loss: 1.7209, Entropy: 0.5495, Epsilon: 0.010
2026-03-29 17:01:17 | INFO | Episode  453 - Reward: 11.000, Length: 11, Loss: 1.7701, Entropy: 0.5480, Epsilon: 0.010
2026-03-29 17:01:17 | INFO | Episode  454 - Reward: 8.000, Length: 8, Loss: 1.5656, Entropy: 0.5516, Epsilon: 0.010
2026-03-29 17:01:18 | INFO | Episode  455 - Reward: 10.000, Length: 10, Loss: 1.6504, Entropy: 0.5467, Epsilon: 0.010
2026-03-29 17:01:18 | INFO | Episode  456 - Reward: 9.000, Length: 9, Loss: 1.7138, Entropy: 0.5506, Epsilon: 0.010
2026-03-29 17:01:19 | INFO | Episode  457 - Reward: 11.000, Length: 11, Loss: 1.7175, Entropy: 0.5506, Epsilon: 0.010
2026-03-29 17:01:19 | INFO | Episode  458 - Reward: 11.000, Length: 11, Loss: 1.5921, Entropy: 0.5507, Epsilon: 0.010
2026-03-29 17:01:20 | INFO | Episode  459 - Reward: 8.000, Length: 8, Loss: 1.6645, Entropy: 0.5511, Epsilon: 0.010
2026-03-29 17:01:20 | INFO | Episode  460 - Reward: 9.000, Length: 9, Loss: 1.7819, Entropy: 0.5551, Epsilon: 0.010
2026-03-29 17:01:20 | INFO | Episode  461 - Reward: 9.000, Length: 9, Loss: 1.6763, Entropy: 0.5523, Epsilon: 0.010
2026-03-29 17:01:21 | INFO | Episode  462 - Reward: 10.000, Length: 10, Loss: 1.5719, Entropy: 0.5550, Epsilon: 0.010
2026-03-29 17:01:21 | INFO | Episode  463 - Reward: 9.000, Length: 9, Loss: 1.7501, Entropy: 0.5551, Epsilon: 0.010
2026-03-29 17:01:22 | INFO | Episode  464 - Reward: 10.000, Length: 10, Loss: 1.6120, Entropy: 0.5574, Epsilon: 0.010
2026-03-29 17:01:22 | INFO | Episode  465 - Reward: 10.000, Length: 10, Loss: 1.7328, Entropy: 0.5557, Epsilon: 0.010
2026-03-29 17:01:23 | INFO | Episode  466 - Reward: 10.000, Length: 10, Loss: 1.4897, Entropy: 0.5585, Epsilon: 0.010
2026-03-29 17:01:23 | INFO | Episode  467 - Reward: 10.000, Length: 10, Loss: 1.7566, Entropy: 0.5590, Epsilon: 0.010
2026-03-29 17:01:24 | INFO | Episode  468 - Reward: 8.000, Length: 8, Loss: 1.5431, Entropy: 0.5627, Epsilon: 0.010
2026-03-29 17:01:24 | INFO | Episode  469 - Reward: 9.000, Length: 9, Loss: 1.5017, Entropy: 0.5621, Epsilon: 0.010
2026-03-29 17:01:25 | INFO | Episode  470 - Reward: 10.000, Length: 10, Loss: 1.7564, Entropy: 0.5662, Epsilon: 0.010
2026-03-29 17:01:25 | INFO | Episode  471 - Reward: 10.000, Length: 10, Loss: 1.8798, Entropy: 0.5633, Epsilon: 0.010
2026-03-29 17:01:26 | INFO | Episode  472 - Reward: 11.000, Length: 11, Loss: 1.5218, Entropy: 0.5661, Epsilon: 0.010
2026-03-29 17:01:26 | INFO | Episode  473 - Reward: 9.000, Length: 9, Loss: 1.6515, Entropy: 0.5704, Epsilon: 0.010
2026-03-29 17:01:27 | INFO | Episode  474 - Reward: 9.000, Length: 9, Loss: 1.7933, Entropy: 0.5674, Epsilon: 0.010
2026-03-29 17:01:27 | INFO | Episode  475 - Reward: 10.000, Length: 10, Loss: 1.5480, Entropy: 0.5697, Epsilon: 0.010
2026-03-29 17:01:28 | INFO | Episode  476 - Reward: 9.000, Length: 9, Loss: 2.9571, Entropy: 0.5696, Epsilon: 0.010
2026-03-29 17:01:28 | INFO | Episode  477 - Reward: 9.000, Length: 9, Loss: 2.9761, Entropy: 0.5668, Epsilon: 0.010
2026-03-29 17:01:29 | INFO | Episode  478 - Reward: 10.000, Length: 10, Loss: 2.6005, Entropy: 0.5666, Epsilon: 0.010
2026-03-29 17:01:29 | INFO | Episode  479 - Reward: 9.000, Length: 9, Loss: 2.7809, Entropy: 0.5642, Epsilon: 0.010
2026-03-29 17:01:29 | INFO | Episode  480 - Reward: 8.000, Length: 8, Loss: 2.7191, Entropy: 0.5604, Epsilon: 0.010
2026-03-29 17:01:30 | INFO | Episode  481 - Reward: 13.000, Length: 13, Loss: 2.4834, Entropy: 0.5599, Epsilon: 0.010
2026-03-29 17:01:30 | INFO | Episode  482 - Reward: 8.000, Length: 8, Loss: 2.4261, Entropy: 0.5568, Epsilon: 0.010
2026-03-29 17:01:31 | INFO | Episode  483 - Reward: 9.000, Length: 9, Loss: 2.6051, Entropy: 0.5582, Epsilon: 0.010
2026-03-29 17:01:31 | INFO | Episode  484 - Reward: 9.000, Length: 9, Loss: 2.2516, Entropy: 0.5580, Epsilon: 0.010
2026-03-29 17:01:32 | INFO | Episode  485 - Reward: 9.000, Length: 9, Loss: 2.4841, Entropy: 0.5572, Epsilon: 0.010
2026-03-29 17:01:32 | INFO | Episode  486 - Reward: 9.000, Length: 9, Loss: 2.4606, Entropy: 0.5520, Epsilon: 0.010
2026-03-29 17:01:33 | INFO | Episode  487 - Reward: 9.000, Length: 9, Loss: 2.4073, Entropy: 0.5540, Epsilon: 0.010
2026-03-29 17:01:33 | INFO | Episode  488 - Reward: 10.000, Length: 10, Loss: 2.2754, Entropy: 0.5535, Epsilon: 0.010
2026-03-29 17:01:34 | INFO | Episode  489 - Reward: 10.000, Length: 10, Loss: 2.3434, Entropy: 0.5537, Epsilon: 0.010
2026-03-29 17:01:34 | INFO | Episode  490 - Reward: 9.000, Length: 9, Loss: 2.3812, Entropy: 0.5522, Epsilon: 0.010
2026-03-29 17:01:35 | INFO | Episode  491 - Reward: 9.000, Length: 9, Loss: 2.2301, Entropy: 0.5501, Epsilon: 0.010
2026-03-29 17:01:35 | INFO | Episode  492 - Reward: 9.000, Length: 9, Loss: 2.5362, Entropy: 0.5494, Epsilon: 0.010
2026-03-29 17:01:36 | INFO | Episode  493 - Reward: 9.000, Length: 9, Loss: 2.0810, Entropy: 0.5521, Epsilon: 0.010
2026-03-29 17:01:36 | INFO | Episode  494 - Reward: 8.000, Length: 8, Loss: 2.5468, Entropy: 0.5507, Epsilon: 0.010
2026-03-29 17:01:37 | INFO | Episode  495 - Reward: 10.000, Length: 10, Loss: 2.2515, Entropy: 0.5507, Epsilon: 0.010
2026-03-29 17:01:37 | INFO | Episode  496 - Reward: 10.000, Length: 10, Loss: 2.4309, Entropy: 0.5561, Epsilon: 0.010
2026-03-29 17:01:38 | INFO | Episode  497 - Reward: 9.000, Length: 9, Loss: 2.2451, Entropy: 0.5539, Epsilon: 0.010
2026-03-29 17:01:38 | INFO | Episode  498 - Reward: 10.000, Length: 10, Loss: 2.4412, Entropy: 0.5519, Epsilon: 0.010
2026-03-29 17:01:39 | INFO | Episode  499 - Reward: 10.000, Length: 10, Loss: 2.3788, Entropy: 0.5529, Epsilon: 0.010
2026-03-29 17:01:39 | INFO | Episode  500 - Reward: 10.000, Length: 10, Loss: 2.1353, Entropy: 0.5559, Epsilon: 0.010
2026-03-29 17:01:40 | INFO | [Episode  500] eps=0.010  avg_reward=   9.480  avg_length=  9.48  avg_loss=  2.0654  avg_entropy=0.5559  eval_success=0.000
2026-03-29 17:01:40 | INFO | DQN+Entropy training: 4m 10.67s
2026-03-29 17:01:41 | INFO | [Final Eval] success=0.000, mean_reward=9.430
