2026-03-29 22:47:16 | INFO | ============================================================
2026-03-29 22:47:16 | INFO | DEVICE / COMPUTE INFORMATION
2026-03-29 22:47:16 | INFO |   JAX backend       : CPU
2026-03-29 22:47:16 | INFO |   Platform          : cpu
2026-03-29 22:47:16 | INFO |   Num devices       : 1
2026-03-29 22:47:16 | INFO |   Device            : TFRT_CPU_0
2026-03-29 22:47:16 | INFO | ============================================================
2026-03-29 22:47:16 | INFO | DQN+Entropy | seed=7, lr=0.0005, gamma=0.95, alpha=0.01
2026-03-29 22:47:16 | INFO | Env: mountaincar/dense, obs_dim=2, num_actions=3
2026-03-29 22:47:17 | INFO | Episode    1 - Reward: -200.000, Length: 200, Loss: 0.0000, Entropy: 0.0000, Epsilon: 0.998
2026-03-29 22:47:19 | INFO | Episode    2 - Reward: -200.000, Length: 200, Loss: 0.9514, Entropy: 1.0985, Epsilon: 0.995
2026-03-29 22:47:19 | INFO | Episode    3 - Reward: -200.000, Length: 200, Loss: 0.9503, Entropy: 1.0985, Epsilon: 0.993
2026-03-29 22:47:20 | INFO | Episode    4 - Reward: -200.000, Length: 200, Loss: 0.9542, Entropy: 1.0985, Epsilon: 0.990
2026-03-29 22:47:20 | INFO | Episode    5 - Reward: -200.000, Length: 200, Loss: 0.9495, Entropy: 1.0985, Epsilon: 0.988
2026-03-29 22:47:20 | INFO | Episode    6 - Reward: -200.000, Length: 200, Loss: 0.9554, Entropy: 1.0985, Epsilon: 0.985
2026-03-29 22:47:21 | INFO | Episode    7 - Reward: -200.000, Length: 200, Loss: 0.9503, Entropy: 1.0985, Epsilon: 0.983
2026-03-29 22:47:21 | INFO | Episode    8 - Reward: -200.000, Length: 200, Loss: 0.9478, Entropy: 1.0985, Epsilon: 0.980
2026-03-29 22:47:22 | INFO | Episode    9 - Reward: -200.000, Length: 200, Loss: 0.9552, Entropy: 1.0985, Epsilon: 0.978
2026-03-29 22:47:22 | INFO | Episode   10 - Reward: -200.000, Length: 200, Loss: 0.9495, Entropy: 1.0985, Epsilon: 0.975
2026-03-29 22:47:23 | INFO | Episode   11 - Reward: -200.000, Length: 200, Loss: 0.9556, Entropy: 1.0985, Epsilon: 0.973
2026-03-29 22:47:23 | INFO | Episode   12 - Reward: -200.000, Length: 200, Loss: 0.9510, Entropy: 1.0985, Epsilon: 0.970
2026-03-29 22:47:24 | INFO | Episode   13 - Reward: -200.000, Length: 200, Loss: 0.9472, Entropy: 1.0985, Epsilon: 0.968
2026-03-29 22:47:24 | INFO | Episode   14 - Reward: -200.000, Length: 200, Loss: 0.9571, Entropy: 1.0985, Epsilon: 0.965
2026-03-29 22:47:25 | INFO | Episode   15 - Reward: -200.000, Length: 200, Loss: 0.9528, Entropy: 1.0985, Epsilon: 0.963
2026-03-29 22:47:25 | INFO | Episode   16 - Reward: -200.000, Length: 200, Loss: 0.9565, Entropy: 1.0985, Epsilon: 0.960
2026-03-29 22:47:26 | INFO | Episode   17 - Reward: -200.000, Length: 200, Loss: 0.9519, Entropy: 1.0985, Epsilon: 0.958
2026-03-29 22:47:26 | INFO | Episode   18 - Reward: -200.000, Length: 200, Loss: 0.9492, Entropy: 1.0985, Epsilon: 0.955
2026-03-29 22:47:27 | INFO | Episode   19 - Reward: -200.000, Length: 200, Loss: 0.9569, Entropy: 1.0985, Epsilon: 0.953
2026-03-29 22:47:27 | INFO | Episode   20 - Reward: -200.000, Length: 200, Loss: 0.9539, Entropy: 1.0985, Epsilon: 0.951
2026-03-29 22:47:27 | INFO | Episode   21 - Reward: -200.000, Length: 200, Loss: 0.9570, Entropy: 1.0985, Epsilon: 0.948
2026-03-29 22:47:28 | INFO | Episode   22 - Reward: -200.000, Length: 200, Loss: 0.9549, Entropy: 1.0985, Epsilon: 0.946
2026-03-29 22:47:28 | INFO | Episode   23 - Reward: -200.000, Length: 200, Loss: 0.9507, Entropy: 1.0985, Epsilon: 0.943
2026-03-29 22:47:29 | INFO | Episode   24 - Reward: -200.000, Length: 200, Loss: 0.9593, Entropy: 1.0985, Epsilon: 0.941
2026-03-29 22:47:29 | INFO | Episode   25 - Reward: -200.000, Length: 200, Loss: 0.9540, Entropy: 1.0985, Epsilon: 0.938
2026-03-29 22:47:30 | INFO | Episode   26 - Reward: -200.000, Length: 200, Loss: 0.9587, Entropy: 1.0986, Epsilon: 0.936
2026-03-29 22:47:30 | INFO | Episode   27 - Reward: -200.000, Length: 200, Loss: 0.9560, Entropy: 1.0986, Epsilon: 0.933
2026-03-29 22:47:31 | INFO | Episode   28 - Reward: -200.000, Length: 200, Loss: 0.9531, Entropy: 1.0986, Epsilon: 0.931
2026-03-29 22:47:31 | INFO | Episode   29 - Reward: -200.000, Length: 200, Loss: 0.9594, Entropy: 1.0986, Epsilon: 0.928
2026-03-29 22:47:32 | INFO | Episode   30 - Reward: -200.000, Length: 200, Loss: 0.9582, Entropy: 1.0986, Epsilon: 0.926
2026-03-29 22:47:32 | INFO | Episode   31 - Reward: -200.000, Length: 200, Loss: 0.9609, Entropy: 1.0986, Epsilon: 0.923
2026-03-29 22:47:33 | INFO | Episode   32 - Reward: -200.000, Length: 200, Loss: 0.9586, Entropy: 1.0986, Epsilon: 0.921
2026-03-29 22:47:33 | INFO | Episode   33 - Reward: -200.000, Length: 200, Loss: 0.9532, Entropy: 1.0986, Epsilon: 0.918
2026-03-29 22:47:34 | INFO | Episode   34 - Reward: -200.000, Length: 200, Loss: 0.9625, Entropy: 1.0986, Epsilon: 0.916
2026-03-29 22:47:34 | INFO | Episode   35 - Reward: -200.000, Length: 200, Loss: 0.9594, Entropy: 1.0986, Epsilon: 0.913
2026-03-29 22:47:34 | INFO | Episode   36 - Reward: -200.000, Length: 200, Loss: 0.9636, Entropy: 1.0986, Epsilon: 0.911
2026-03-29 22:47:35 | INFO | Episode   37 - Reward: -200.000, Length: 200, Loss: 0.9605, Entropy: 1.0986, Epsilon: 0.908
2026-03-29 22:47:35 | INFO | Episode   38 - Reward: -200.000, Length: 200, Loss: 0.9571, Entropy: 1.0986, Epsilon: 0.906
2026-03-29 22:47:36 | INFO | Episode   39 - Reward: -200.000, Length: 200, Loss: 0.9654, Entropy: 1.0986, Epsilon: 0.903
2026-03-29 22:47:37 | INFO | Episode   40 - Reward: -200.000, Length: 200, Loss: 0.9616, Entropy: 1.0986, Epsilon: 0.901
2026-03-29 22:47:37 | INFO | Episode   41 - Reward: -200.000, Length: 200, Loss: 0.9663, Entropy: 1.0986, Epsilon: 0.899
2026-03-29 22:47:37 | INFO | Episode   42 - Reward: -200.000, Length: 200, Loss: 0.9619, Entropy: 1.0986, Epsilon: 0.896
2026-03-29 22:47:38 | INFO | Episode   43 - Reward: -200.000, Length: 200, Loss: 0.9597, Entropy: 1.0986, Epsilon: 0.894
2026-03-29 22:47:38 | INFO | Episode   44 - Reward: -200.000, Length: 200, Loss: 0.9668, Entropy: 1.0986, Epsilon: 0.891
2026-03-29 22:47:39 | INFO | Episode   45 - Reward: -200.000, Length: 200, Loss: 0.9636, Entropy: 1.0986, Epsilon: 0.889
2026-03-29 22:47:39 | INFO | Episode   46 - Reward: -200.000, Length: 200, Loss: 0.9684, Entropy: 1.0986, Epsilon: 0.886
2026-03-29 22:47:40 | INFO | Episode   47 - Reward: -200.000, Length: 200, Loss: 0.9644, Entropy: 1.0986, Epsilon: 0.884
2026-03-29 22:47:40 | INFO | Episode   48 - Reward: -200.000, Length: 200, Loss: 0.9617, Entropy: 1.0986, Epsilon: 0.881
2026-03-29 22:47:41 | INFO | Episode   49 - Reward: -200.000, Length: 200, Loss: 0.9695, Entropy: 1.0986, Epsilon: 0.879
2026-03-29 22:47:42 | INFO | Episode   50 - Reward: -200.000, Length: 200, Loss: 0.9654, Entropy: 1.0986, Epsilon: 0.876
2026-03-29 22:47:49 | INFO | [Episode   50] eps=0.876  avg_reward=-200.000  avg_length=200.00  avg_loss=  0.9381  avg_entropy=1.0986  eval_success=0.000
2026-03-29 22:47:49 | INFO | Episode   51 - Reward: -200.000, Length: 200, Loss: 0.9703, Entropy: 1.0986, Epsilon: 0.874
2026-03-29 22:47:49 | INFO | Episode   52 - Reward: -200.000, Length: 200, Loss: 0.9666, Entropy: 1.0986, Epsilon: 0.871
2026-03-29 22:47:50 | INFO | Episode   53 - Reward: -200.000, Length: 200, Loss: 0.9632, Entropy: 1.0986, Epsilon: 0.869
2026-03-29 22:47:50 | INFO | Episode   54 - Reward: -200.000, Length: 200, Loss: 0.9717, Entropy: 1.0986, Epsilon: 0.866
2026-03-29 22:47:51 | INFO | Episode   55 - Reward: -200.000, Length: 200, Loss: 0.9680, Entropy: 1.0986, Epsilon: 0.864
2026-03-29 22:47:51 | INFO | Episode   56 - Reward: -200.000, Length: 200, Loss: 0.9718, Entropy: 1.0986, Epsilon: 0.861
2026-03-29 22:47:52 | INFO | Episode   57 - Reward: -200.000, Length: 200, Loss: 0.9681, Entropy: 1.0986, Epsilon: 0.859
2026-03-29 22:47:52 | INFO | Episode   58 - Reward: -200.000, Length: 200, Loss: 0.9646, Entropy: 1.0986, Epsilon: 0.856
2026-03-29 22:47:53 | INFO | Episode   59 - Reward: -200.000, Length: 200, Loss: 0.9725, Entropy: 1.0986, Epsilon: 0.854
2026-03-29 22:47:53 | INFO | Episode   60 - Reward: -200.000, Length: 200, Loss: 0.9699, Entropy: 1.0986, Epsilon: 0.852
2026-03-29 22:47:54 | INFO | Episode   61 - Reward: -200.000, Length: 200, Loss: 0.9732, Entropy: 1.0986, Epsilon: 0.849
2026-03-29 22:47:54 | INFO | Episode   62 - Reward: -200.000, Length: 200, Loss: 0.9694, Entropy: 1.0986, Epsilon: 0.847
2026-03-29 22:47:55 | INFO | Episode   63 - Reward: -200.000, Length: 200, Loss: 0.9667, Entropy: 1.0986, Epsilon: 0.844
2026-03-29 22:47:55 | INFO | Episode   64 - Reward: -200.000, Length: 200, Loss: 0.9731, Entropy: 1.0986, Epsilon: 0.842
2026-03-29 22:47:56 | INFO | Episode   65 - Reward: -200.000, Length: 200, Loss: 0.9703, Entropy: 1.0986, Epsilon: 0.839
2026-03-29 22:47:56 | INFO | Episode   66 - Reward: -200.000, Length: 200, Loss: 0.9734, Entropy: 1.0986, Epsilon: 0.837
2026-03-29 22:47:57 | INFO | Episode   67 - Reward: -200.000, Length: 200, Loss: 0.9706, Entropy: 1.0986, Epsilon: 0.834
2026-03-29 22:47:57 | INFO | Episode   68 - Reward: -200.000, Length: 200, Loss: 0.9669, Entropy: 1.0986, Epsilon: 0.832
2026-03-29 22:47:57 | INFO | Episode   69 - Reward: -200.000, Length: 200, Loss: 0.9729, Entropy: 1.0986, Epsilon: 0.829
2026-03-29 22:47:58 | INFO | Episode   70 - Reward: -200.000, Length: 200, Loss: 0.9698, Entropy: 1.0986, Epsilon: 0.827
2026-03-29 22:47:58 | INFO | Episode   71 - Reward: -200.000, Length: 200, Loss: 0.9729, Entropy: 1.0986, Epsilon: 0.824
2026-03-29 22:47:59 | INFO | Episode   72 - Reward: -200.000, Length: 200, Loss: 0.9700, Entropy: 1.0986, Epsilon: 0.822
2026-03-29 22:47:59 | INFO | Episode   73 - Reward: -200.000, Length: 200, Loss: 0.9672, Entropy: 1.0986, Epsilon: 0.819
2026-03-29 22:48:00 | INFO | Episode   74 - Reward: -200.000, Length: 200, Loss: 0.9739, Entropy: 1.0986, Epsilon: 0.817
2026-03-29 22:48:00 | INFO | Episode   75 - Reward: -200.000, Length: 200, Loss: 0.9701, Entropy: 1.0986, Epsilon: 0.814
2026-03-29 22:48:01 | INFO | Episode   76 - Reward: -200.000, Length: 200, Loss: 0.9726, Entropy: 1.0986, Epsilon: 0.812
2026-03-29 22:48:01 | INFO | Episode   77 - Reward: -200.000, Length: 200, Loss: 0.9694, Entropy: 1.0986, Epsilon: 0.809
2026-03-29 22:48:02 | INFO | Episode   78 - Reward: -200.000, Length: 200, Loss: 0.9651, Entropy: 1.0986, Epsilon: 0.807
2026-03-29 22:48:02 | INFO | Episode   79 - Reward: -200.000, Length: 200, Loss: 0.9710, Entropy: 1.0986, Epsilon: 0.804
2026-03-29 22:48:03 | INFO | Episode   80 - Reward: -200.000, Length: 200, Loss: 0.9670, Entropy: 1.0986, Epsilon: 0.802
2026-03-29 22:48:03 | INFO | Episode   81 - Reward: -200.000, Length: 200, Loss: 0.9705, Entropy: 1.0986, Epsilon: 0.800
2026-03-29 22:48:03 | INFO | Episode   82 - Reward: -200.000, Length: 200, Loss: 0.9675, Entropy: 1.0986, Epsilon: 0.797
2026-03-29 22:48:04 | INFO | Episode   83 - Reward: -200.000, Length: 200, Loss: 0.9651, Entropy: 1.0986, Epsilon: 0.795
2026-03-29 22:48:04 | INFO | Episode   84 - Reward: -200.000, Length: 200, Loss: 0.9705, Entropy: 1.0986, Epsilon: 0.792
2026-03-29 22:48:05 | INFO | Episode   85 - Reward: -200.000, Length: 200, Loss: 0.9671, Entropy: 1.0986, Epsilon: 0.790
2026-03-29 22:48:05 | INFO | Episode   86 - Reward: -200.000, Length: 200, Loss: 0.9692, Entropy: 1.0986, Epsilon: 0.787
2026-03-29 22:48:06 | INFO | Episode   87 - Reward: -200.000, Length: 200, Loss: 0.9665, Entropy: 1.0986, Epsilon: 0.785
2026-03-29 22:48:06 | INFO | Episode   88 - Reward: -200.000, Length: 200, Loss: 0.9634, Entropy: 1.0986, Epsilon: 0.782
2026-03-29 22:48:07 | INFO | Episode   89 - Reward: -200.000, Length: 200, Loss: 0.9688, Entropy: 1.0986, Epsilon: 0.780
2026-03-29 22:48:07 | INFO | Episode   90 - Reward: -200.000, Length: 200, Loss: 0.9653, Entropy: 1.0986, Epsilon: 0.777
2026-03-29 22:48:07 | INFO | Episode   91 - Reward: -200.000, Length: 200, Loss: 0.9682, Entropy: 1.0986, Epsilon: 0.775
2026-03-29 22:48:08 | INFO | Episode   92 - Reward: -200.000, Length: 200, Loss: 0.9653, Entropy: 1.0986, Epsilon: 0.772
2026-03-29 22:48:08 | INFO | Episode   93 - Reward: -200.000, Length: 200, Loss: 0.9624, Entropy: 1.0986, Epsilon: 0.770
2026-03-29 22:48:09 | INFO | Episode   94 - Reward: -200.000, Length: 200, Loss: 0.9676, Entropy: 1.0986, Epsilon: 0.767
2026-03-29 22:48:09 | INFO | Episode   95 - Reward: -200.000, Length: 200, Loss: 0.9639, Entropy: 1.0986, Epsilon: 0.765
2026-03-29 22:48:10 | INFO | Episode   96 - Reward: -200.000, Length: 200, Loss: 0.9668, Entropy: 1.0986, Epsilon: 0.762
2026-03-29 22:48:10 | INFO | Episode   97 - Reward: -200.000, Length: 200, Loss: 0.9630, Entropy: 1.0986, Epsilon: 0.760
2026-03-29 22:48:11 | INFO | Episode   98 - Reward: -200.000, Length: 200, Loss: 0.9605, Entropy: 1.0986, Epsilon: 0.757
2026-03-29 22:48:11 | INFO | Episode   99 - Reward: -200.000, Length: 200, Loss: 0.9664, Entropy: 1.0986, Epsilon: 0.755
2026-03-29 22:48:11 | INFO | Episode  100 - Reward: -200.000, Length: 200, Loss: 0.9633, Entropy: 1.0986, Epsilon: 0.752
2026-03-29 22:48:18 | INFO | [Episode  100] eps=0.752  avg_reward=-200.000  avg_length=200.00  avg_loss=  0.9683  avg_entropy=1.0986  eval_success=0.000
2026-03-29 22:48:19 | INFO | Episode  101 - Reward: -200.000, Length: 200, Loss: 0.9650, Entropy: 1.0986, Epsilon: 0.750
2026-03-29 22:48:19 | INFO | Episode  102 - Reward: -200.000, Length: 200, Loss: 0.9626, Entropy: 1.0986, Epsilon: 0.748
2026-03-29 22:48:19 | INFO | Episode  103 - Reward: -200.000, Length: 200, Loss: 0.9583, Entropy: 1.0986, Epsilon: 0.745
2026-03-29 22:48:20 | INFO | Episode  104 - Reward: -200.000, Length: 200, Loss: 0.9652, Entropy: 1.0986, Epsilon: 0.743
2026-03-29 22:48:20 | INFO | Episode  105 - Reward: -200.000, Length: 200, Loss: 0.9612, Entropy: 1.0986, Epsilon: 0.740
2026-03-29 22:48:21 | INFO | Episode  106 - Reward: -200.000, Length: 200, Loss: 0.9644, Entropy: 1.0986, Epsilon: 0.738
2026-03-29 22:48:21 | INFO | Episode  107 - Reward: -200.000, Length: 200, Loss: 0.9606, Entropy: 1.0986, Epsilon: 0.735
2026-03-29 22:48:22 | INFO | Episode  108 - Reward: -200.000, Length: 200, Loss: 0.9577, Entropy: 1.0986, Epsilon: 0.733
2026-03-29 22:48:22 | INFO | Episode  109 - Reward: -200.000, Length: 200, Loss: 0.9639, Entropy: 1.0986, Epsilon: 0.730
2026-03-29 22:48:23 | INFO | Episode  110 - Reward: -200.000, Length: 200, Loss: 0.9611, Entropy: 1.0986, Epsilon: 0.728
2026-03-29 22:48:23 | INFO | Episode  111 - Reward: -200.000, Length: 200, Loss: 0.9641, Entropy: 1.0986, Epsilon: 0.725
2026-03-29 22:48:24 | INFO | Episode  112 - Reward: -200.000, Length: 200, Loss: 0.9595, Entropy: 1.0986, Epsilon: 0.723
2026-03-29 22:48:24 | INFO | Episode  113 - Reward: -200.000, Length: 200, Loss: 0.9578, Entropy: 1.0986, Epsilon: 0.720
2026-03-29 22:48:25 | INFO | Episode  114 - Reward: -200.000, Length: 200, Loss: 0.9644, Entropy: 1.0986, Epsilon: 0.718
2026-03-29 22:48:25 | INFO | Episode  115 - Reward: -200.000, Length: 200, Loss: 0.9598, Entropy: 1.0986, Epsilon: 0.715
2026-03-29 22:48:25 | INFO | Episode  116 - Reward: -200.000, Length: 200, Loss: 0.9619, Entropy: 1.0986, Epsilon: 0.713
2026-03-29 22:48:26 | INFO | Episode  117 - Reward: -200.000, Length: 200, Loss: 0.9604, Entropy: 1.0986, Epsilon: 0.710
2026-03-29 22:48:26 | INFO | Episode  118 - Reward: -200.000, Length: 200, Loss: 0.9560, Entropy: 1.0986, Epsilon: 0.708
2026-03-29 22:48:27 | INFO | Episode  119 - Reward: -200.000, Length: 200, Loss: 0.9631, Entropy: 1.0986, Epsilon: 0.705
2026-03-29 22:48:27 | INFO | Episode  120 - Reward: -200.000, Length: 200, Loss: 0.9584, Entropy: 1.0986, Epsilon: 0.703
2026-03-29 22:48:28 | INFO | Episode  121 - Reward: -200.000, Length: 200, Loss: 0.9626, Entropy: 1.0986, Epsilon: 0.701
2026-03-29 22:48:28 | INFO | Episode  122 - Reward: -200.000, Length: 200, Loss: 0.9595, Entropy: 1.0986, Epsilon: 0.698
2026-03-29 22:48:29 | INFO | Episode  123 - Reward: -200.000, Length: 200, Loss: 0.9556, Entropy: 1.0986, Epsilon: 0.696
2026-03-29 22:48:29 | INFO | Episode  124 - Reward: -200.000, Length: 200, Loss: 0.9626, Entropy: 1.0986, Epsilon: 0.693
2026-03-29 22:48:30 | INFO | Episode  125 - Reward: -200.000, Length: 200, Loss: 0.9588, Entropy: 1.0986, Epsilon: 0.691
2026-03-29 22:48:30 | INFO | Episode  126 - Reward: -200.000, Length: 200, Loss: 0.9613, Entropy: 1.0986, Epsilon: 0.688
2026-03-29 22:48:30 | INFO | Episode  127 - Reward: -200.000, Length: 200, Loss: 0.9586, Entropy: 1.0986, Epsilon: 0.686
2026-03-29 22:48:31 | INFO | Episode  128 - Reward: -200.000, Length: 200, Loss: 0.9556, Entropy: 1.0986, Epsilon: 0.683
2026-03-29 22:48:31 | INFO | Episode  129 - Reward: -200.000, Length: 200, Loss: 0.9615, Entropy: 1.0986, Epsilon: 0.681
2026-03-29 22:48:32 | INFO | Episode  130 - Reward: -200.000, Length: 200, Loss: 0.9595, Entropy: 1.0986, Epsilon: 0.678
2026-03-29 22:48:32 | INFO | Episode  131 - Reward: -200.000, Length: 200, Loss: 0.9605, Entropy: 1.0986, Epsilon: 0.676
2026-03-29 22:48:33 | INFO | Episode  132 - Reward: -200.000, Length: 200, Loss: 0.9576, Entropy: 1.0986, Epsilon: 0.673
2026-03-29 22:48:33 | INFO | Episode  133 - Reward: -200.000, Length: 200, Loss: 0.9549, Entropy: 1.0986, Epsilon: 0.671
2026-03-29 22:48:34 | INFO | Episode  134 - Reward: -200.000, Length: 200, Loss: 0.9608, Entropy: 1.0986, Epsilon: 0.668
2026-03-29 22:48:34 | INFO | Episode  135 - Reward: -200.000, Length: 200, Loss: 0.9586, Entropy: 1.0986, Epsilon: 0.666
2026-03-29 22:48:34 | INFO | Episode  136 - Reward: -200.000, Length: 200, Loss: 0.9616, Entropy: 1.0986, Epsilon: 0.663
2026-03-29 22:48:35 | INFO | Episode  137 - Reward: -200.000, Length: 200, Loss: 0.9581, Entropy: 1.0986, Epsilon: 0.661
2026-03-29 22:48:35 | INFO | Episode  138 - Reward: -200.000, Length: 200, Loss: 0.9544, Entropy: 1.0986, Epsilon: 0.658
2026-03-29 22:48:36 | INFO | Episode  139 - Reward: -200.000, Length: 200, Loss: 0.9619, Entropy: 1.0986, Epsilon: 0.656
2026-03-29 22:48:36 | INFO | Episode  140 - Reward: -200.000, Length: 200, Loss: 0.9579, Entropy: 1.0986, Epsilon: 0.653
2026-03-29 22:48:37 | INFO | Episode  141 - Reward: -200.000, Length: 200, Loss: 0.9599, Entropy: 1.0986, Epsilon: 0.651
2026-03-29 22:48:37 | INFO | Episode  142 - Reward: -200.000, Length: 200, Loss: 0.9553, Entropy: 1.0986, Epsilon: 0.649
2026-03-29 22:48:38 | INFO | Episode  143 - Reward: -200.000, Length: 200, Loss: 0.9550, Entropy: 1.0986, Epsilon: 0.646
2026-03-29 22:48:38 | INFO | Episode  144 - Reward: -200.000, Length: 200, Loss: 0.9602, Entropy: 1.0986, Epsilon: 0.644
2026-03-29 22:48:39 | INFO | Episode  145 - Reward: -200.000, Length: 200, Loss: 0.9568, Entropy: 1.0986, Epsilon: 0.641
2026-03-29 22:48:39 | INFO | Episode  146 - Reward: -200.000, Length: 200, Loss: 0.9598, Entropy: 1.0986, Epsilon: 0.639
2026-03-29 22:48:40 | INFO | Episode  147 - Reward: -200.000, Length: 200, Loss: 0.9559, Entropy: 1.0986, Epsilon: 0.636
2026-03-29 22:48:40 | INFO | Episode  148 - Reward: -200.000, Length: 200, Loss: 0.9543, Entropy: 1.0986, Epsilon: 0.634
2026-03-29 22:48:41 | INFO | Episode  149 - Reward: -200.000, Length: 200, Loss: 0.9601, Entropy: 1.0986, Epsilon: 0.631
2026-03-29 22:48:41 | INFO | Episode  150 - Reward: -200.000, Length: 200, Loss: 0.9575, Entropy: 1.0986, Epsilon: 0.629
2026-03-29 22:48:50 | INFO | [Episode  150] eps=0.629  avg_reward=-200.000  avg_length=200.00  avg_loss=  0.9596  avg_entropy=1.0986  eval_success=0.000
2026-03-29 22:48:51 | INFO | Episode  151 - Reward: -200.000, Length: 200, Loss: 0.9605, Entropy: 1.0986, Epsilon: 0.626
2026-03-29 22:48:51 | INFO | Episode  152 - Reward: -200.000, Length: 200, Loss: 0.9578, Entropy: 1.0986, Epsilon: 0.624
2026-03-29 22:48:52 | INFO | Episode  153 - Reward: -200.000, Length: 200, Loss: 0.9551, Entropy: 1.0986, Epsilon: 0.621
2026-03-29 22:48:53 | INFO | Episode  154 - Reward: -200.000, Length: 200, Loss: 0.9607, Entropy: 1.0986, Epsilon: 0.619
2026-03-29 22:48:54 | INFO | Episode  155 - Reward: -200.000, Length: 200, Loss: 0.9581, Entropy: 1.0986, Epsilon: 0.616
2026-03-29 22:48:54 | INFO | Episode  156 - Reward: -200.000, Length: 200, Loss: 0.9605, Entropy: 1.0986, Epsilon: 0.614
2026-03-29 22:48:55 | INFO | Episode  157 - Reward: -200.000, Length: 200, Loss: 0.9560, Entropy: 1.0986, Epsilon: 0.611
2026-03-29 22:48:56 | INFO | Episode  158 - Reward: -200.000, Length: 200, Loss: 0.9542, Entropy: 1.0986, Epsilon: 0.609
2026-03-29 22:48:57 | INFO | Episode  159 - Reward: -200.000, Length: 200, Loss: 0.9590, Entropy: 1.0986, Epsilon: 0.606
2026-03-29 22:48:57 | INFO | Episode  160 - Reward: -200.000, Length: 200, Loss: 0.9562, Entropy: 1.0986, Epsilon: 0.604
2026-03-29 22:48:58 | INFO | Episode  161 - Reward: -200.000, Length: 200, Loss: 0.9585, Entropy: 1.0986, Epsilon: 0.602
2026-03-29 22:48:59 | INFO | Episode  162 - Reward: -200.000, Length: 200, Loss: 0.9548, Entropy: 1.0986, Epsilon: 0.599
2026-03-29 22:49:00 | INFO | Episode  163 - Reward: -200.000, Length: 200, Loss: 0.9501, Entropy: 1.0986, Epsilon: 0.597
2026-03-29 22:49:01 | INFO | Episode  164 - Reward: -200.000, Length: 200, Loss: 0.9563, Entropy: 1.0986, Epsilon: 0.594
2026-03-29 22:49:01 | INFO | Episode  165 - Reward: -200.000, Length: 200, Loss: 0.9543, Entropy: 1.0986, Epsilon: 0.592
2026-03-29 22:49:02 | INFO | Episode  166 - Reward: -200.000, Length: 200, Loss: 0.9554, Entropy: 1.0986, Epsilon: 0.589
2026-03-29 22:49:03 | INFO | Episode  167 - Reward: -200.000, Length: 200, Loss: 0.9517, Entropy: 1.0986, Epsilon: 0.587
2026-03-29 22:49:04 | INFO | Episode  168 - Reward: -200.000, Length: 200, Loss: 0.9497, Entropy: 1.0986, Epsilon: 0.584
2026-03-29 22:49:05 | INFO | Episode  169 - Reward: -200.000, Length: 200, Loss: 0.9522, Entropy: 1.0986, Epsilon: 0.582
2026-03-29 22:49:05 | INFO | Episode  170 - Reward: -200.000, Length: 200, Loss: 0.9493, Entropy: 1.0986, Epsilon: 0.579
2026-03-29 22:49:06 | INFO | Episode  171 - Reward: -200.000, Length: 200, Loss: 0.9520, Entropy: 1.0986, Epsilon: 0.577
2026-03-29 22:49:07 | INFO | Episode  172 - Reward: -200.000, Length: 200, Loss: 0.9475, Entropy: 1.0986, Epsilon: 0.574
2026-03-29 22:49:08 | INFO | Episode  173 - Reward: -200.000, Length: 200, Loss: 0.9457, Entropy: 1.0986, Epsilon: 0.572
2026-03-29 22:49:08 | INFO | Episode  174 - Reward: -200.000, Length: 200, Loss: 0.9495, Entropy: 1.0986, Epsilon: 0.569
2026-03-29 22:49:09 | INFO | Episode  175 - Reward: -200.000, Length: 200, Loss: 0.9472, Entropy: 1.0986, Epsilon: 0.567
2026-03-29 22:49:10 | INFO | Episode  176 - Reward: -200.000, Length: 200, Loss: 0.9490, Entropy: 1.0986, Epsilon: 0.564
2026-03-29 22:49:11 | INFO | Episode  177 - Reward: -200.000, Length: 200, Loss: 0.9478, Entropy: 1.0986, Epsilon: 0.562
2026-03-29 22:49:11 | INFO | Episode  178 - Reward: -200.000, Length: 200, Loss: 0.9429, Entropy: 1.0986, Epsilon: 0.559
2026-03-29 22:49:12 | INFO | Episode  179 - Reward: -200.000, Length: 200, Loss: 0.9473, Entropy: 1.0986, Epsilon: 0.557
2026-03-29 22:49:13 | INFO | Episode  180 - Reward: -200.000, Length: 200, Loss: 0.9444, Entropy: 1.0986, Epsilon: 0.554
2026-03-29 22:49:13 | INFO | Episode  181 - Reward: -200.000, Length: 200, Loss: 0.9483, Entropy: 1.0986, Epsilon: 0.552
2026-03-29 22:49:14 | INFO | Episode  182 - Reward: -200.000, Length: 200, Loss: 0.9450, Entropy: 1.0986, Epsilon: 0.550
2026-03-29 22:49:15 | INFO | Episode  183 - Reward: -200.000, Length: 200, Loss: 0.9398, Entropy: 1.0986, Epsilon: 0.547
2026-03-29 22:49:16 | INFO | Episode  184 - Reward: -200.000, Length: 200, Loss: 0.9457, Entropy: 1.0986, Epsilon: 0.545
2026-03-29 22:49:16 | INFO | Episode  185 - Reward: -200.000, Length: 200, Loss: 0.9428, Entropy: 1.0986, Epsilon: 0.542
2026-03-29 22:49:17 | INFO | Episode  186 - Reward: -200.000, Length: 200, Loss: 0.9456, Entropy: 1.0986, Epsilon: 0.540
2026-03-29 22:49:18 | INFO | Episode  187 - Reward: -200.000, Length: 200, Loss: 0.9431, Entropy: 1.0986, Epsilon: 0.537
2026-03-29 22:49:18 | INFO | Episode  188 - Reward: -200.000, Length: 200, Loss: 0.9390, Entropy: 1.0986, Epsilon: 0.535
2026-03-29 22:49:19 | INFO | Episode  189 - Reward: -200.000, Length: 200, Loss: 0.9442, Entropy: 1.0986, Epsilon: 0.532
2026-03-29 22:49:21 | INFO | Episode  190 - Reward: -200.000, Length: 200, Loss: 0.9414, Entropy: 1.0986, Epsilon: 0.530
2026-03-29 22:49:21 | INFO | Episode  191 - Reward: -200.000, Length: 200, Loss: 0.9439, Entropy: 1.0986, Epsilon: 0.527
2026-03-29 22:49:22 | INFO | Episode  192 - Reward: -200.000, Length: 200, Loss: 0.9411, Entropy: 1.0986, Epsilon: 0.525
2026-03-29 22:49:23 | INFO | Episode  193 - Reward: -200.000, Length: 200, Loss: 0.9385, Entropy: 1.0986, Epsilon: 0.522
2026-03-29 22:49:24 | INFO | Episode  194 - Reward: -200.000, Length: 200, Loss: 0.9437, Entropy: 1.0986, Epsilon: 0.520
2026-03-29 22:49:24 | INFO | Episode  195 - Reward: -200.000, Length: 200, Loss: 0.9406, Entropy: 1.0986, Epsilon: 0.517
2026-03-29 22:49:25 | INFO | Episode  196 - Reward: -200.000, Length: 200, Loss: 0.9435, Entropy: 1.0986, Epsilon: 0.515
2026-03-29 22:49:26 | INFO | Episode  197 - Reward: -200.000, Length: 200, Loss: 0.9413, Entropy: 1.0986, Epsilon: 0.512
2026-03-29 22:49:27 | INFO | Episode  198 - Reward: -200.000, Length: 200, Loss: 0.9384, Entropy: 1.0986, Epsilon: 0.510
2026-03-29 22:49:27 | INFO | Episode  199 - Reward: -200.000, Length: 200, Loss: 0.9429, Entropy: 1.0986, Epsilon: 0.507
2026-03-29 22:49:28 | INFO | Episode  200 - Reward: -200.000, Length: 200, Loss: 0.9418, Entropy: 1.0986, Epsilon: 0.505
2026-03-29 22:49:38 | INFO | [Episode  200] eps=0.505  avg_reward=-200.000  avg_length=200.00  avg_loss=  0.9487  avg_entropy=1.0986  eval_success=0.000
2026-03-29 22:49:38 | INFO | Episode  201 - Reward: -200.000, Length: 200, Loss: 0.9452, Entropy: 1.0986, Epsilon: 0.503
2026-03-29 22:49:39 | INFO | Episode  202 - Reward: -200.000, Length: 200, Loss: 0.9396, Entropy: 1.0986, Epsilon: 0.500
2026-03-29 22:49:40 | INFO | Episode  203 - Reward: -200.000, Length: 200, Loss: 0.9362, Entropy: 1.0986, Epsilon: 0.498
2026-03-29 22:49:41 | INFO | Episode  204 - Reward: -200.000, Length: 200, Loss: 0.9438, Entropy: 1.0986, Epsilon: 0.495
2026-03-29 22:49:41 | INFO | Episode  205 - Reward: -200.000, Length: 200, Loss: 0.9378, Entropy: 1.0986, Epsilon: 0.493
2026-03-29 22:49:42 | INFO | Episode  206 - Reward: -200.000, Length: 200, Loss: 0.9436, Entropy: 1.0986, Epsilon: 0.490
2026-03-29 22:49:43 | INFO | Episode  207 - Reward: -200.000, Length: 200, Loss: 0.9408, Entropy: 1.0986, Epsilon: 0.488
2026-03-29 22:49:44 | INFO | Episode  208 - Reward: -200.000, Length: 200, Loss: 0.9366, Entropy: 1.0986, Epsilon: 0.485
2026-03-29 22:49:44 | INFO | Episode  209 - Reward: -200.000, Length: 200, Loss: 0.9434, Entropy: 1.0986, Epsilon: 0.483
2026-03-29 22:49:45 | INFO | Episode  210 - Reward: -200.000, Length: 200, Loss: 0.9401, Entropy: 1.0986, Epsilon: 0.480
2026-03-29 22:49:46 | INFO | Episode  211 - Reward: -200.000, Length: 200, Loss: 0.9452, Entropy: 1.0986, Epsilon: 0.478
2026-03-29 22:49:46 | INFO | Episode  212 - Reward: -200.000, Length: 200, Loss: 0.9423, Entropy: 1.0986, Epsilon: 0.475
2026-03-29 22:49:47 | INFO | Episode  213 - Reward: -200.000, Length: 200, Loss: 0.9395, Entropy: 1.0986, Epsilon: 0.473
2026-03-29 22:49:47 | INFO | Episode  214 - Reward: -200.000, Length: 200, Loss: 0.9459, Entropy: 1.0986, Epsilon: 0.470
2026-03-29 22:49:48 | INFO | Episode  215 - Reward: -200.000, Length: 200, Loss: 0.9410, Entropy: 1.0986, Epsilon: 0.468
2026-03-29 22:49:48 | INFO | Episode  216 - Reward: -200.000, Length: 200, Loss: 0.9453, Entropy: 1.0986, Epsilon: 0.465
2026-03-29 22:49:49 | INFO | Episode  217 - Reward: -200.000, Length: 200, Loss: 0.9413, Entropy: 1.0986, Epsilon: 0.463
2026-03-29 22:49:49 | INFO | Episode  218 - Reward: -200.000, Length: 200, Loss: 0.9388, Entropy: 1.0986, Epsilon: 0.460
2026-03-29 22:49:50 | INFO | Episode  219 - Reward: -200.000, Length: 200, Loss: 0.9460, Entropy: 1.0986, Epsilon: 0.458
2026-03-29 22:49:51 | INFO | Episode  220 - Reward: -200.000, Length: 200, Loss: 0.9389, Entropy: 1.0986, Epsilon: 0.456
2026-03-29 22:49:51 | INFO | Episode  221 - Reward: -200.000, Length: 200, Loss: 0.9469, Entropy: 1.0986, Epsilon: 0.453
2026-03-29 22:49:52 | INFO | Episode  222 - Reward: -200.000, Length: 200, Loss: 0.9396, Entropy: 1.0986, Epsilon: 0.451
2026-03-29 22:49:52 | INFO | Episode  223 - Reward: -200.000, Length: 200, Loss: 0.9387, Entropy: 1.0986, Epsilon: 0.448
2026-03-29 22:49:53 | INFO | Episode  224 - Reward: -200.000, Length: 200, Loss: 0.9455, Entropy: 1.0986, Epsilon: 0.446
2026-03-29 22:49:54 | INFO | Episode  225 - Reward: -200.000, Length: 200, Loss: 0.9426, Entropy: 1.0986, Epsilon: 0.443
2026-03-29 22:49:54 | INFO | Episode  226 - Reward: -200.000, Length: 200, Loss: 0.9454, Entropy: 1.0986, Epsilon: 0.441
2026-03-29 22:49:55 | INFO | Episode  227 - Reward: -200.000, Length: 200, Loss: 0.9422, Entropy: 1.0986, Epsilon: 0.438
2026-03-29 22:49:55 | INFO | Episode  228 - Reward: -200.000, Length: 200, Loss: 0.9386, Entropy: 1.0986, Epsilon: 0.436
2026-03-29 22:49:56 | INFO | Episode  229 - Reward: -200.000, Length: 200, Loss: 0.9440, Entropy: 1.0986, Epsilon: 0.433
2026-03-29 22:49:56 | INFO | Episode  230 - Reward: -200.000, Length: 200, Loss: 0.9388, Entropy: 1.0986, Epsilon: 0.431
2026-03-29 22:49:57 | INFO | Episode  231 - Reward: -200.000, Length: 200, Loss: 0.9410, Entropy: 1.0986, Epsilon: 0.428
2026-03-29 22:49:57 | INFO | Episode  232 - Reward: -200.000, Length: 200, Loss: 0.9393, Entropy: 1.0986, Epsilon: 0.426
2026-03-29 22:49:58 | INFO | Episode  233 - Reward: -200.000, Length: 200, Loss: 0.9356, Entropy: 1.0986, Epsilon: 0.423
2026-03-29 22:49:58 | INFO | Episode  234 - Reward: -200.000, Length: 200, Loss: 0.9409, Entropy: 1.0986, Epsilon: 0.421
2026-03-29 22:49:59 | INFO | Episode  235 - Reward: -200.000, Length: 200, Loss: 0.9387, Entropy: 1.0986, Epsilon: 0.418
2026-03-29 22:49:59 | INFO | Episode  236 - Reward: -200.000, Length: 200, Loss: 0.9382, Entropy: 1.0986, Epsilon: 0.416
2026-03-29 22:50:00 | INFO | Episode  237 - Reward: -200.000, Length: 200, Loss: 0.9364, Entropy: 1.0986, Epsilon: 0.413
2026-03-29 22:50:00 | INFO | Episode  238 - Reward: -200.000, Length: 200, Loss: 0.9323, Entropy: 1.0986, Epsilon: 0.411
2026-03-29 22:50:01 | INFO | Episode  239 - Reward: -200.000, Length: 200, Loss: 0.9370, Entropy: 1.0986, Epsilon: 0.408
2026-03-29 22:50:01 | INFO | Episode  240 - Reward: -200.000, Length: 200, Loss: 0.9334, Entropy: 1.0986, Epsilon: 0.406
2026-03-29 22:50:02 | INFO | Episode  241 - Reward: -200.000, Length: 200, Loss: 0.9356, Entropy: 1.0986, Epsilon: 0.404
2026-03-29 22:50:02 | INFO | Episode  242 - Reward: -200.000, Length: 200, Loss: 0.9321, Entropy: 1.0986, Epsilon: 0.401
2026-03-29 22:50:03 | INFO | Episode  243 - Reward: -200.000, Length: 200, Loss: 0.9307, Entropy: 1.0986, Epsilon: 0.399
2026-03-29 22:50:03 | INFO | Episode  244 - Reward: -200.000, Length: 200, Loss: 0.9368, Entropy: 1.0986, Epsilon: 0.396
2026-03-29 22:50:04 | INFO | Episode  245 - Reward: -200.000, Length: 200, Loss: 0.9324, Entropy: 1.0986, Epsilon: 0.394
2026-03-29 22:50:04 | INFO | Episode  246 - Reward: -200.000, Length: 200, Loss: 0.9335, Entropy: 1.0986, Epsilon: 0.391
2026-03-29 22:50:04 | INFO | Episode  247 - Reward: -200.000, Length: 200, Loss: 0.9288, Entropy: 1.0986, Epsilon: 0.389
2026-03-29 22:50:05 | INFO | Episode  248 - Reward: -200.000, Length: 200, Loss: 0.9272, Entropy: 1.0986, Epsilon: 0.386
2026-03-29 22:50:05 | INFO | Episode  249 - Reward: -200.000, Length: 200, Loss: 0.9315, Entropy: 1.0986, Epsilon: 0.384
2026-03-29 22:50:06 | INFO | Episode  250 - Reward: -200.000, Length: 200, Loss: 0.9320, Entropy: 1.0986, Epsilon: 0.381
2026-03-29 22:50:12 | INFO | [Episode  250] eps=0.381  avg_reward=-200.000  avg_length=200.00  avg_loss=  0.9389  avg_entropy=1.0986  eval_success=0.000
2026-03-29 22:50:12 | INFO | Episode  251 - Reward: -200.000, Length: 200, Loss: 0.9322, Entropy: 1.0986, Epsilon: 0.379
2026-03-29 22:50:13 | INFO | Episode  252 - Reward: -200.000, Length: 200, Loss: 0.9277, Entropy: 1.0986, Epsilon: 0.376
2026-03-29 22:50:13 | INFO | Episode  253 - Reward: -200.000, Length: 200, Loss: 0.9260, Entropy: 1.0986, Epsilon: 0.374
2026-03-29 22:50:14 | INFO | Episode  254 - Reward: -200.000, Length: 200, Loss: 0.9315, Entropy: 1.0986, Epsilon: 0.371
2026-03-29 22:50:14 | INFO | Episode  255 - Reward: -200.000, Length: 200, Loss: 0.9265, Entropy: 1.0986, Epsilon: 0.369
2026-03-29 22:50:15 | INFO | Episode  256 - Reward: -200.000, Length: 200, Loss: 0.9322, Entropy: 1.0986, Epsilon: 0.366
2026-03-29 22:50:15 | INFO | Episode  257 - Reward: -200.000, Length: 200, Loss: 0.9285, Entropy: 1.0986, Epsilon: 0.364
2026-03-29 22:50:16 | INFO | Episode  258 - Reward: -200.000, Length: 200, Loss: 0.9243, Entropy: 1.0986, Epsilon: 0.361
2026-03-29 22:50:16 | INFO | Episode  259 - Reward: -200.000, Length: 200, Loss: 0.9288, Entropy: 1.0986, Epsilon: 0.359
2026-03-29 22:50:17 | INFO | Episode  260 - Reward: -200.000, Length: 200, Loss: 0.9279, Entropy: 1.0986, Epsilon: 0.357
2026-03-29 22:50:18 | INFO | Episode  261 - Reward: -200.000, Length: 200, Loss: 0.9271, Entropy: 1.0986, Epsilon: 0.354
2026-03-29 22:50:18 | INFO | Episode  262 - Reward: -200.000, Length: 200, Loss: 0.9255, Entropy: 1.0986, Epsilon: 0.352
2026-03-29 22:50:18 | INFO | Episode  263 - Reward: -200.000, Length: 200, Loss: 0.9217, Entropy: 1.0986, Epsilon: 0.349
2026-03-29 22:50:19 | INFO | Episode  264 - Reward: -200.000, Length: 200, Loss: 0.9277, Entropy: 1.0986, Epsilon: 0.347
2026-03-29 22:50:19 | INFO | Episode  265 - Reward: -200.000, Length: 200, Loss: 0.9239, Entropy: 1.0986, Epsilon: 0.344
2026-03-29 22:50:20 | INFO | Episode  266 - Reward: -200.000, Length: 200, Loss: 0.9242, Entropy: 1.0986, Epsilon: 0.342
2026-03-29 22:50:20 | INFO | Episode  267 - Reward: -200.000, Length: 200, Loss: 0.9230, Entropy: 1.0986, Epsilon: 0.339
2026-03-29 22:50:21 | INFO | Episode  268 - Reward: -200.000, Length: 200, Loss: 0.9183, Entropy: 1.0986, Epsilon: 0.337
2026-03-29 22:50:21 | INFO | Episode  269 - Reward: -200.000, Length: 200, Loss: 0.9240, Entropy: 1.0986, Epsilon: 0.334
2026-03-29 22:50:22 | INFO | Episode  270 - Reward: -200.000, Length: 200, Loss: 0.9196, Entropy: 1.0986, Epsilon: 0.332
2026-03-29 22:50:22 | INFO | Episode  271 - Reward: -200.000, Length: 200, Loss: 0.9163, Entropy: 1.0986, Epsilon: 0.329
2026-03-29 22:50:23 | INFO | Episode  272 - Reward: -200.000, Length: 200, Loss: 0.9164, Entropy: 1.0985, Epsilon: 0.327
2026-03-29 22:50:23 | INFO | Episode  273 - Reward: -200.000, Length: 200, Loss: 0.9158, Entropy: 1.0985, Epsilon: 0.324
2026-03-29 22:50:24 | INFO | Episode  274 - Reward: -200.000, Length: 200, Loss: 0.9203, Entropy: 1.0985, Epsilon: 0.322
2026-03-29 22:50:24 | INFO | Episode  275 - Reward: -200.000, Length: 200, Loss: 0.9128, Entropy: 1.0985, Epsilon: 0.319
2026-03-29 22:50:25 | INFO | Episode  276 - Reward: -200.000, Length: 200, Loss: 0.9153, Entropy: 1.0985, Epsilon: 0.317
2026-03-29 22:50:25 | INFO | Episode  277 - Reward: -200.000, Length: 200, Loss: 0.9154, Entropy: 1.0985, Epsilon: 0.314
2026-03-29 22:50:27 | INFO | Episode  278 - Reward: -200.000, Length: 200, Loss: 0.9128, Entropy: 1.0985, Epsilon: 0.312
2026-03-29 22:50:27 | INFO | Episode  279 - Reward: -200.000, Length: 200, Loss: 0.9129, Entropy: 1.0985, Epsilon: 0.309
2026-03-29 22:50:28 | INFO | Episode  280 - Reward: -200.000, Length: 200, Loss: 0.9125, Entropy: 1.0985, Epsilon: 0.307
2026-03-29 22:50:28 | INFO | Episode  281 - Reward: -200.000, Length: 200, Loss: 0.9151, Entropy: 1.0985, Epsilon: 0.305
2026-03-29 22:50:29 | INFO | Episode  282 - Reward: -200.000, Length: 200, Loss: 0.9138, Entropy: 1.0985, Epsilon: 0.302
2026-03-29 22:50:29 | INFO | Episode  283 - Reward: -200.000, Length: 200, Loss: 0.9094, Entropy: 1.0985, Epsilon: 0.300
2026-03-29 22:50:29 | INFO | Episode  284 - Reward: -200.000, Length: 200, Loss: 0.9130, Entropy: 1.0985, Epsilon: 0.297
2026-03-29 22:50:30 | INFO | Episode  285 - Reward: -200.000, Length: 200, Loss: 0.9108, Entropy: 1.0985, Epsilon: 0.295
2026-03-29 22:50:30 | INFO | Episode  286 - Reward: -200.000, Length: 200, Loss: 0.9157, Entropy: 1.0985, Epsilon: 0.292
2026-03-29 22:50:31 | INFO | Episode  287 - Reward: -200.000, Length: 200, Loss: 0.9103, Entropy: 1.0985, Epsilon: 0.290
2026-03-29 22:50:31 | INFO | Episode  288 - Reward: -200.000, Length: 200, Loss: 0.9027, Entropy: 1.0985, Epsilon: 0.287
2026-03-29 22:50:32 | INFO | Episode  289 - Reward: -200.000, Length: 200, Loss: 0.9132, Entropy: 1.0985, Epsilon: 0.285
2026-03-29 22:50:32 | INFO | Episode  290 - Reward: -200.000, Length: 200, Loss: 0.9123, Entropy: 1.0985, Epsilon: 0.282
2026-03-29 22:50:33 | INFO | Episode  291 - Reward: -200.000, Length: 200, Loss: 0.9182, Entropy: 1.0985, Epsilon: 0.280
2026-03-29 22:50:33 | INFO | Episode  292 - Reward: -200.000, Length: 200, Loss: 0.9087, Entropy: 1.0985, Epsilon: 0.277
2026-03-29 22:50:34 | INFO | Episode  293 - Reward: -200.000, Length: 200, Loss: 0.9099, Entropy: 1.0985, Epsilon: 0.275
2026-03-29 22:50:34 | INFO | Episode  294 - Reward: -200.000, Length: 200, Loss: 0.9167, Entropy: 1.0985, Epsilon: 0.272
2026-03-29 22:50:35 | INFO | Episode  295 - Reward: -200.000, Length: 200, Loss: 0.9101, Entropy: 1.0985, Epsilon: 0.270
2026-03-29 22:50:35 | INFO | Episode  296 - Reward: -200.000, Length: 200, Loss: 0.9171, Entropy: 1.0985, Epsilon: 0.267
2026-03-29 22:50:36 | INFO | Episode  297 - Reward: -200.000, Length: 200, Loss: 0.9122, Entropy: 1.0985, Epsilon: 0.265
2026-03-29 22:50:36 | INFO | Episode  298 - Reward: -200.000, Length: 200, Loss: 0.9100, Entropy: 1.0985, Epsilon: 0.262
2026-03-29 22:50:37 | INFO | Episode  299 - Reward: -200.000, Length: 200, Loss: 0.9154, Entropy: 1.0985, Epsilon: 0.260
2026-03-29 22:50:37 | INFO | Episode  300 - Reward: -200.000, Length: 200, Loss: 0.9141, Entropy: 1.0985, Epsilon: 0.258
2026-03-29 22:50:43 | INFO | [Episode  300] eps=0.258  avg_reward=-200.000  avg_length=200.00  avg_loss=  0.9184  avg_entropy=1.0985  eval_success=0.000
2026-03-29 22:50:43 | INFO | Episode  301 - Reward: -200.000, Length: 200, Loss: 0.9188, Entropy: 1.0985, Epsilon: 0.255
2026-03-29 22:50:44 | INFO | Episode  302 - Reward: -200.000, Length: 200, Loss: 0.9153, Entropy: 1.0985, Epsilon: 0.253
2026-03-29 22:50:44 | INFO | Episode  303 - Reward: -200.000, Length: 200, Loss: 0.9128, Entropy: 1.0985, Epsilon: 0.250
2026-03-29 22:50:45 | INFO | Episode  304 - Reward: -200.000, Length: 200, Loss: 0.9209, Entropy: 1.0986, Epsilon: 0.248
2026-03-29 22:50:45 | INFO | Episode  305 - Reward: -200.000, Length: 200, Loss: 0.9187, Entropy: 1.0986, Epsilon: 0.245
2026-03-29 22:50:46 | INFO | Episode  306 - Reward: -200.000, Length: 200, Loss: 0.9218, Entropy: 1.0986, Epsilon: 0.243
2026-03-29 22:50:46 | INFO | Episode  307 - Reward: -200.000, Length: 200, Loss: 0.9200, Entropy: 1.0986, Epsilon: 0.240
2026-03-29 22:50:46 | INFO | Episode  308 - Reward: -200.000, Length: 200, Loss: 0.9178, Entropy: 1.0986, Epsilon: 0.238
2026-03-29 22:50:47 | INFO | Episode  309 - Reward: -200.000, Length: 200, Loss: 0.9271, Entropy: 1.0986, Epsilon: 0.235
2026-03-29 22:50:47 | INFO | Episode  310 - Reward: -200.000, Length: 200, Loss: 0.9195, Entropy: 1.0986, Epsilon: 0.233
2026-03-29 22:50:48 | INFO | Episode  311 - Reward: -200.000, Length: 200, Loss: 0.9279, Entropy: 1.0986, Epsilon: 0.230
2026-03-29 22:50:48 | INFO | Episode  312 - Reward: -200.000, Length: 200, Loss: 0.9207, Entropy: 1.0986, Epsilon: 0.228
2026-03-29 22:50:49 | INFO | Episode  313 - Reward: -200.000, Length: 200, Loss: 0.9188, Entropy: 1.0986, Epsilon: 0.225
2026-03-29 22:50:49 | INFO | Episode  314 - Reward: -200.000, Length: 200, Loss: 0.9221, Entropy: 1.0986, Epsilon: 0.223
2026-03-29 22:50:50 | INFO | Episode  315 - Reward: -200.000, Length: 200, Loss: 0.9213, Entropy: 1.0986, Epsilon: 0.220
2026-03-29 22:50:50 | INFO | Episode  316 - Reward: -200.000, Length: 200, Loss: 0.9276, Entropy: 1.0986, Epsilon: 0.218
2026-03-29 22:50:51 | INFO | Episode  317 - Reward: -200.000, Length: 200, Loss: 0.9196, Entropy: 1.0986, Epsilon: 0.215
2026-03-29 22:50:51 | INFO | Episode  318 - Reward: -200.000, Length: 200, Loss: 0.9176, Entropy: 1.0986, Epsilon: 0.213
2026-03-29 22:50:51 | INFO | Episode  319 - Reward: -200.000, Length: 200, Loss: 0.9254, Entropy: 1.0986, Epsilon: 0.210
2026-03-29 22:50:52 | INFO | Episode  320 - Reward: -200.000, Length: 200, Loss: 0.9208, Entropy: 1.0986, Epsilon: 0.208
2026-03-29 22:50:52 | INFO | Episode  321 - Reward: -200.000, Length: 200, Loss: 0.9220, Entropy: 1.0986, Epsilon: 0.206
2026-03-29 22:50:53 | INFO | Episode  322 - Reward: -200.000, Length: 200, Loss: 0.9204, Entropy: 1.0986, Epsilon: 0.203
2026-03-29 22:50:53 | INFO | Episode  323 - Reward: -200.000, Length: 200, Loss: 0.9169, Entropy: 1.0986, Epsilon: 0.201
2026-03-29 22:50:54 | INFO | Episode  324 - Reward: -200.000, Length: 200, Loss: 0.9244, Entropy: 1.0986, Epsilon: 0.198
2026-03-29 22:50:54 | INFO | Episode  325 - Reward: -200.000, Length: 200, Loss: 0.9196, Entropy: 1.0986, Epsilon: 0.196
2026-03-29 22:50:55 | INFO | Episode  326 - Reward: -200.000, Length: 200, Loss: 0.9258, Entropy: 1.0986, Epsilon: 0.193
2026-03-29 22:50:55 | INFO | Episode  327 - Reward: -200.000, Length: 200, Loss: 0.9207, Entropy: 1.0986, Epsilon: 0.191
2026-03-29 22:50:56 | INFO | Episode  328 - Reward: -200.000, Length: 200, Loss: 0.9171, Entropy: 1.0986, Epsilon: 0.188
2026-03-29 22:50:56 | INFO | Episode  329 - Reward: -200.000, Length: 200, Loss: 0.9260, Entropy: 1.0986, Epsilon: 0.186
2026-03-29 22:50:57 | INFO | Episode  330 - Reward: -200.000, Length: 200, Loss: 0.9232, Entropy: 1.0986, Epsilon: 0.183
2026-03-29 22:50:57 | INFO | Episode  331 - Reward: -200.000, Length: 200, Loss: 0.9252, Entropy: 1.0986, Epsilon: 0.181
2026-03-29 22:50:58 | INFO | Episode  332 - Reward: -200.000, Length: 200, Loss: 0.9193, Entropy: 1.0986, Epsilon: 0.178
2026-03-29 22:50:58 | INFO | Episode  333 - Reward: -200.000, Length: 200, Loss: 0.9171, Entropy: 1.0986, Epsilon: 0.176
2026-03-29 22:50:59 | INFO | Episode  334 - Reward: -200.000, Length: 200, Loss: 0.9186, Entropy: 1.0986, Epsilon: 0.173
2026-03-29 22:51:00 | INFO | Episode  335 - Reward: -200.000, Length: 200, Loss: 0.9168, Entropy: 1.0986, Epsilon: 0.171
2026-03-29 22:51:00 | INFO | Episode  336 - Reward: -200.000, Length: 200, Loss: 0.9187, Entropy: 1.0986, Epsilon: 0.168
2026-03-29 22:51:01 | INFO | Episode  337 - Reward: -200.000, Length: 200, Loss: 0.9141, Entropy: 1.0986, Epsilon: 0.166
2026-03-29 22:51:01 | INFO | Episode  338 - Reward: -200.000, Length: 200, Loss: 0.9090, Entropy: 1.0986, Epsilon: 0.163
2026-03-29 22:51:02 | INFO | Episode  339 - Reward: -200.000, Length: 200, Loss: 0.9085, Entropy: 1.0986, Epsilon: 0.161
2026-03-29 22:51:02 | INFO | Episode  340 - Reward: -200.000, Length: 200, Loss: 0.9068, Entropy: 1.0986, Epsilon: 0.158
2026-03-29 22:51:03 | INFO | Episode  341 - Reward: -200.000, Length: 200, Loss: 0.9055, Entropy: 1.0986, Epsilon: 0.156
2026-03-29 22:51:03 | INFO | Episode  342 - Reward: -200.000, Length: 200, Loss: 0.8975, Entropy: 1.0986, Epsilon: 0.154
2026-03-29 22:51:03 | INFO | Episode  343 - Reward: -200.000, Length: 200, Loss: 0.9005, Entropy: 1.0986, Epsilon: 0.151
2026-03-29 22:51:04 | INFO | Episode  344 - Reward: -200.000, Length: 200, Loss: 0.8997, Entropy: 1.0986, Epsilon: 0.149
2026-03-29 22:51:04 | INFO | Episode  345 - Reward: -200.000, Length: 200, Loss: 0.8954, Entropy: 1.0985, Epsilon: 0.146
2026-03-29 22:51:05 | INFO | Episode  346 - Reward: -200.000, Length: 200, Loss: 0.8943, Entropy: 1.0985, Epsilon: 0.144
2026-03-29 22:51:05 | INFO | Episode  347 - Reward: -200.000, Length: 200, Loss: 0.8923, Entropy: 1.0985, Epsilon: 0.141
2026-03-29 22:51:06 | INFO | Episode  348 - Reward: -200.000, Length: 200, Loss: 0.8898, Entropy: 1.0985, Epsilon: 0.139
2026-03-29 22:51:06 | INFO | Episode  349 - Reward: -200.000, Length: 200, Loss: 0.8881, Entropy: 1.0985, Epsilon: 0.136
2026-03-29 22:51:07 | INFO | Episode  350 - Reward: -200.000, Length: 200, Loss: 0.8877, Entropy: 1.0985, Epsilon: 0.134
2026-03-29 22:51:13 | INFO | [Episode  350] eps=0.134  avg_reward=-200.000  avg_length=200.00  avg_loss=  0.9147  avg_entropy=1.0985  eval_success=0.000
2026-03-29 22:51:13 | INFO | Episode  351 - Reward: -200.000, Length: 200, Loss: 0.8881, Entropy: 1.0985, Epsilon: 0.131
2026-03-29 22:51:14 | INFO | Episode  352 - Reward: -200.000, Length: 200, Loss: 0.8821, Entropy: 1.0985, Epsilon: 0.129
2026-03-29 22:51:14 | INFO | Episode  353 - Reward: -200.000, Length: 200, Loss: 0.8805, Entropy: 1.0985, Epsilon: 0.126
2026-03-29 22:51:15 | INFO | Episode  354 - Reward: -200.000, Length: 200, Loss: 0.8816, Entropy: 1.0985, Epsilon: 0.124
2026-03-29 22:51:15 | INFO | Episode  355 - Reward: -200.000, Length: 200, Loss: 0.8825, Entropy: 1.0985, Epsilon: 0.121
2026-03-29 22:51:15 | INFO | Episode  356 - Reward: -200.000, Length: 200, Loss: 0.8810, Entropy: 1.0985, Epsilon: 0.119
2026-03-29 22:51:16 | INFO | Episode  357 - Reward: -200.000, Length: 200, Loss: 0.8773, Entropy: 1.0985, Epsilon: 0.116
2026-03-29 22:51:16 | INFO | Episode  358 - Reward: -200.000, Length: 200, Loss: 0.8794, Entropy: 1.0985, Epsilon: 0.114
2026-03-29 22:51:17 | INFO | Episode  359 - Reward: -200.000, Length: 200, Loss: 0.8793, Entropy: 1.0984, Epsilon: 0.111
2026-03-29 22:51:17 | INFO | Episode  360 - Reward: -200.000, Length: 200, Loss: 0.8787, Entropy: 1.0984, Epsilon: 0.109
2026-03-29 22:51:18 | INFO | Episode  361 - Reward: -200.000, Length: 200, Loss: 0.8779, Entropy: 1.0984, Epsilon: 0.107
2026-03-29 22:51:18 | INFO | Episode  362 - Reward: -200.000, Length: 200, Loss: 0.8761, Entropy: 1.0984, Epsilon: 0.104
2026-03-29 22:51:19 | INFO | Episode  363 - Reward: -200.000, Length: 200, Loss: 0.8707, Entropy: 1.0984, Epsilon: 0.102
2026-03-29 22:51:19 | INFO | Episode  364 - Reward: -200.000, Length: 200, Loss: 0.8745, Entropy: 1.0984, Epsilon: 0.099
2026-03-29 22:51:20 | INFO | Episode  365 - Reward: -200.000, Length: 200, Loss: 0.8737, Entropy: 1.0984, Epsilon: 0.097
2026-03-29 22:51:20 | INFO | Episode  366 - Reward: -200.000, Length: 200, Loss: 0.8706, Entropy: 1.0984, Epsilon: 0.094
2026-03-29 22:51:21 | INFO | Episode  367 - Reward: -200.000, Length: 200, Loss: 0.8715, Entropy: 1.0984, Epsilon: 0.092
2026-03-29 22:51:21 | INFO | Episode  368 - Reward: -200.000, Length: 200, Loss: 0.8718, Entropy: 1.0984, Epsilon: 0.089
2026-03-29 22:51:22 | INFO | Episode  369 - Reward: -200.000, Length: 200, Loss: 0.8784, Entropy: 1.0984, Epsilon: 0.087
2026-03-29 22:51:22 | INFO | Episode  370 - Reward: -200.000, Length: 200, Loss: 0.8721, Entropy: 1.0984, Epsilon: 0.084
2026-03-29 22:51:23 | INFO | Episode  371 - Reward: -200.000, Length: 200, Loss: 0.8772, Entropy: 1.0984, Epsilon: 0.082
2026-03-29 22:51:23 | INFO | Episode  372 - Reward: -200.000, Length: 200, Loss: 0.8745, Entropy: 1.0984, Epsilon: 0.079
2026-03-29 22:51:23 | INFO | Episode  373 - Reward: -200.000, Length: 200, Loss: 0.8692, Entropy: 1.0984, Epsilon: 0.077
2026-03-29 22:51:24 | INFO | Episode  374 - Reward: -200.000, Length: 200, Loss: 0.8782, Entropy: 1.0984, Epsilon: 0.074
2026-03-29 22:51:24 | INFO | Episode  375 - Reward: -200.000, Length: 200, Loss: 0.8738, Entropy: 1.0984, Epsilon: 0.072
2026-03-29 22:51:25 | INFO | Episode  376 - Reward: -200.000, Length: 200, Loss: 0.8793, Entropy: 1.0984, Epsilon: 0.069
2026-03-29 22:51:25 | INFO | Episode  377 - Reward: -200.000, Length: 200, Loss: 0.8765, Entropy: 1.0984, Epsilon: 0.067
2026-03-29 22:51:26 | INFO | Episode  378 - Reward: -200.000, Length: 200, Loss: 0.8695, Entropy: 1.0984, Epsilon: 0.064
2026-03-29 22:51:26 | INFO | Episode  379 - Reward: -200.000, Length: 200, Loss: 0.8788, Entropy: 1.0984, Epsilon: 0.062
2026-03-29 22:51:27 | INFO | Episode  380 - Reward: -200.000, Length: 200, Loss: 0.8769, Entropy: 1.0984, Epsilon: 0.059
2026-03-29 22:51:27 | INFO | Episode  381 - Reward: -200.000, Length: 200, Loss: 0.8823, Entropy: 1.0984, Epsilon: 0.057
2026-03-29 22:51:28 | INFO | Episode  382 - Reward: -200.000, Length: 200, Loss: 0.8804, Entropy: 1.0984, Epsilon: 0.055
2026-03-29 22:51:28 | INFO | Episode  383 - Reward: -200.000, Length: 200, Loss: 0.8724, Entropy: 1.0984, Epsilon: 0.052
2026-03-29 22:51:29 | INFO | Episode  384 - Reward: -200.000, Length: 200, Loss: 0.8841, Entropy: 1.0984, Epsilon: 0.050
2026-03-29 22:51:29 | INFO | Episode  385 - Reward: -200.000, Length: 200, Loss: 0.8766, Entropy: 1.0984, Epsilon: 0.047
2026-03-29 22:51:30 | INFO | Episode  386 - Reward: -200.000, Length: 200, Loss: 0.8870, Entropy: 1.0984, Epsilon: 0.045
2026-03-29 22:51:30 | INFO | Episode  387 - Reward: -200.000, Length: 200, Loss: 0.8818, Entropy: 1.0984, Epsilon: 0.042
2026-03-29 22:51:31 | INFO | Episode  388 - Reward: -200.000, Length: 200, Loss: 0.8777, Entropy: 1.0984, Epsilon: 0.040
2026-03-29 22:51:31 | INFO | Episode  389 - Reward: -200.000, Length: 200, Loss: 0.8938, Entropy: 1.0984, Epsilon: 0.037
2026-03-29 22:51:32 | INFO | Episode  390 - Reward: -200.000, Length: 200, Loss: 0.8860, Entropy: 1.0984, Epsilon: 0.035
2026-03-29 22:51:33 | INFO | Episode  391 - Reward: -200.000, Length: 200, Loss: 0.8928, Entropy: 1.0984, Epsilon: 0.032
2026-03-29 22:51:33 | INFO | Episode  392 - Reward: -200.000, Length: 200, Loss: 0.8845, Entropy: 1.0985, Epsilon: 0.030
2026-03-29 22:51:34 | INFO | Episode  393 - Reward: -200.000, Length: 200, Loss: 0.8847, Entropy: 1.0985, Epsilon: 0.027
2026-03-29 22:51:34 | INFO | Episode  394 - Reward: -200.000, Length: 200, Loss: 0.8938, Entropy: 1.0985, Epsilon: 0.025
2026-03-29 22:51:35 | INFO | Episode  395 - Reward: -200.000, Length: 200, Loss: 0.8901, Entropy: 1.0985, Epsilon: 0.022
2026-03-29 22:51:35 | INFO | Episode  396 - Reward: -200.000, Length: 200, Loss: 0.9001, Entropy: 1.0985, Epsilon: 0.020
2026-03-29 22:51:35 | INFO | Episode  397 - Reward: -200.000, Length: 200, Loss: 0.8944, Entropy: 1.0985, Epsilon: 0.017
2026-03-29 22:51:36 | INFO | Episode  398 - Reward: -200.000, Length: 200, Loss: 0.8877, Entropy: 1.0985, Epsilon: 0.015
2026-03-29 22:51:36 | INFO | Episode  399 - Reward: -200.000, Length: 200, Loss: 0.8982, Entropy: 1.0985, Epsilon: 0.012
2026-03-29 22:51:37 | INFO | Episode  400 - Reward: -200.000, Length: 200, Loss: 0.8959, Entropy: 1.0985, Epsilon: 0.010
2026-03-29 22:51:43 | INFO | [Episode  400] eps=0.010  avg_reward=-200.000  avg_length=200.00  avg_loss=  0.8809  avg_entropy=1.0985  eval_success=0.000
2026-03-29 22:51:43 | INFO | Episode  401 - Reward: -200.000, Length: 200, Loss: 0.8993, Entropy: 1.0985, Epsilon: 0.010
2026-03-29 22:51:44 | INFO | Episode  402 - Reward: -200.000, Length: 200, Loss: 0.8940, Entropy: 1.0985, Epsilon: 0.010
2026-03-29 22:51:44 | INFO | Episode  403 - Reward: -200.000, Length: 200, Loss: 0.8905, Entropy: 1.0985, Epsilon: 0.010
2026-03-29 22:51:44 | INFO | Episode  404 - Reward: -200.000, Length: 200, Loss: 0.8966, Entropy: 1.0985, Epsilon: 0.010
2026-03-29 22:51:45 | INFO | Episode  405 - Reward: -200.000, Length: 200, Loss: 0.8930, Entropy: 1.0985, Epsilon: 0.010
2026-03-29 22:51:45 | INFO | Episode  406 - Reward: -200.000, Length: 200, Loss: 0.8931, Entropy: 1.0985, Epsilon: 0.010
2026-03-29 22:51:46 | INFO | Episode  407 - Reward: -200.000, Length: 200, Loss: 0.8880, Entropy: 1.0985, Epsilon: 0.010
2026-03-29 22:51:46 | INFO | Episode  408 - Reward: -200.000, Length: 200, Loss: 0.8852, Entropy: 1.0985, Epsilon: 0.010
2026-03-29 22:51:47 | INFO | Episode  409 - Reward: -200.000, Length: 200, Loss: 0.8859, Entropy: 1.0985, Epsilon: 0.010
2026-03-29 22:51:47 | INFO | Episode  410 - Reward: -200.000, Length: 200, Loss: 0.8865, Entropy: 1.0985, Epsilon: 0.010
2026-03-29 22:51:48 | INFO | Episode  411 - Reward: -200.000, Length: 200, Loss: 0.8899, Entropy: 1.0985, Epsilon: 0.010
2026-03-29 22:51:48 | INFO | Episode  412 - Reward: -200.000, Length: 200, Loss: 0.8813, Entropy: 1.0985, Epsilon: 0.010
2026-03-29 22:51:49 | INFO | Episode  413 - Reward: -200.000, Length: 200, Loss: 0.8799, Entropy: 1.0985, Epsilon: 0.010
2026-03-29 22:51:49 | INFO | Episode  414 - Reward: -200.000, Length: 200, Loss: 0.8836, Entropy: 1.0985, Epsilon: 0.010
2026-03-29 22:51:50 | INFO | Episode  415 - Reward: -200.000, Length: 200, Loss: 0.8841, Entropy: 1.0985, Epsilon: 0.010
2026-03-29 22:51:50 | INFO | Episode  416 - Reward: -200.000, Length: 200, Loss: 0.8799, Entropy: 1.0985, Epsilon: 0.010
2026-03-29 22:51:50 | INFO | Episode  417 - Reward: -200.000, Length: 200, Loss: 0.8814, Entropy: 1.0985, Epsilon: 0.010
2026-03-29 22:51:51 | INFO | Episode  418 - Reward: -200.000, Length: 200, Loss: 0.8740, Entropy: 1.0985, Epsilon: 0.010
2026-03-29 22:51:52 | INFO | Episode  419 - Reward: -200.000, Length: 200, Loss: 0.8829, Entropy: 1.0985, Epsilon: 0.010
2026-03-29 22:51:52 | INFO | Episode  420 - Reward: -200.000, Length: 200, Loss: 0.8770, Entropy: 1.0985, Epsilon: 0.010
2026-03-29 22:51:53 | INFO | Episode  421 - Reward: -200.000, Length: 200, Loss: 0.8813, Entropy: 1.0985, Epsilon: 0.010
2026-03-29 22:51:53 | INFO | Episode  422 - Reward: -200.000, Length: 200, Loss: 0.8747, Entropy: 1.0985, Epsilon: 0.010
2026-03-29 22:51:54 | INFO | Episode  423 - Reward: -200.000, Length: 200, Loss: 0.8736, Entropy: 1.0985, Epsilon: 0.010
2026-03-29 22:51:54 | INFO | Episode  424 - Reward: -200.000, Length: 200, Loss: 0.8808, Entropy: 1.0985, Epsilon: 0.010
2026-03-29 22:51:55 | INFO | Episode  425 - Reward: -200.000, Length: 200, Loss: 0.8752, Entropy: 1.0985, Epsilon: 0.010
2026-03-29 22:51:55 | INFO | Episode  426 - Reward: -200.000, Length: 200, Loss: 0.8824, Entropy: 1.0985, Epsilon: 0.010
2026-03-29 22:51:56 | INFO | Episode  427 - Reward: -200.000, Length: 200, Loss: 0.8748, Entropy: 1.0985, Epsilon: 0.010
2026-03-29 22:51:56 | INFO | Episode  428 - Reward: -200.000, Length: 200, Loss: 0.8669, Entropy: 1.0985, Epsilon: 0.010
2026-03-29 22:51:57 | INFO | Episode  429 - Reward: -200.000, Length: 200, Loss: 0.8819, Entropy: 1.0985, Epsilon: 0.010
2026-03-29 22:51:57 | INFO | Episode  430 - Reward: -200.000, Length: 200, Loss: 0.8741, Entropy: 1.0985, Epsilon: 0.010
2026-03-29 22:51:58 | INFO | Episode  431 - Reward: -200.000, Length: 200, Loss: 0.8831, Entropy: 1.0985, Epsilon: 0.010
2026-03-29 22:51:58 | INFO | Episode  432 - Reward: -200.000, Length: 200, Loss: 0.8748, Entropy: 1.0985, Epsilon: 0.010
2026-03-29 22:51:59 | INFO | Episode  433 - Reward: -200.000, Length: 200, Loss: 0.8668, Entropy: 1.0985, Epsilon: 0.010
2026-03-29 22:51:59 | INFO | Episode  434 - Reward: -200.000, Length: 200, Loss: 0.8769, Entropy: 1.0985, Epsilon: 0.010
2026-03-29 22:52:00 | INFO | Episode  435 - Reward: -200.000, Length: 200, Loss: 0.8755, Entropy: 1.0984, Epsilon: 0.010
2026-03-29 22:52:00 | INFO | Episode  436 - Reward: -200.000, Length: 200, Loss: 0.8660, Entropy: 1.0984, Epsilon: 0.010
2026-03-29 22:52:01 | INFO | Episode  437 - Reward: -200.000, Length: 200, Loss: 0.8649, Entropy: 1.0984, Epsilon: 0.010
2026-03-29 22:52:01 | INFO | Episode  438 - Reward: -200.000, Length: 200, Loss: 0.8583, Entropy: 1.0984, Epsilon: 0.010
2026-03-29 22:52:02 | INFO | Episode  439 - Reward: -200.000, Length: 200, Loss: 0.8589, Entropy: 1.0984, Epsilon: 0.010
2026-03-29 22:52:02 | INFO | Episode  440 - Reward: -200.000, Length: 200, Loss: 0.8507, Entropy: 1.0984, Epsilon: 0.010
2026-03-29 22:52:03 | INFO | Episode  441 - Reward: -200.000, Length: 200, Loss: 0.8483, Entropy: 1.0983, Epsilon: 0.010
2026-03-29 22:52:03 | INFO | Episode  442 - Reward: -200.000, Length: 200, Loss: 0.8469, Entropy: 1.0983, Epsilon: 0.010
2026-03-29 22:52:04 | INFO | Episode  443 - Reward: -200.000, Length: 200, Loss: 0.8363, Entropy: 1.0983, Epsilon: 0.010
2026-03-29 22:52:04 | INFO | Episode  444 - Reward: -200.000, Length: 200, Loss: 0.8378, Entropy: 1.0983, Epsilon: 0.010
2026-03-29 22:52:05 | INFO | Episode  445 - Reward: -200.000, Length: 200, Loss: 0.8354, Entropy: 1.0982, Epsilon: 0.010
2026-03-29 22:52:06 | INFO | Episode  446 - Reward: -200.000, Length: 200, Loss: 0.8356, Entropy: 1.0982, Epsilon: 0.010
2026-03-29 22:52:06 | INFO | Episode  447 - Reward: -200.000, Length: 200, Loss: 0.8274, Entropy: 1.0982, Epsilon: 0.010
2026-03-29 22:52:07 | INFO | Episode  448 - Reward: -200.000, Length: 200, Loss: 0.8246, Entropy: 1.0982, Epsilon: 0.010
2026-03-29 22:52:07 | INFO | Episode  449 - Reward: -200.000, Length: 200, Loss: 0.8289, Entropy: 1.0982, Epsilon: 0.010
2026-03-29 22:52:08 | INFO | Episode  450 - Reward: -200.000, Length: 200, Loss: 0.8231, Entropy: 1.0981, Epsilon: 0.010
2026-03-29 22:52:14 | INFO | [Episode  450] eps=0.010  avg_reward=-200.000  avg_length=200.00  avg_loss=  0.8702  avg_entropy=1.0981  eval_success=0.000
2026-03-29 22:52:14 | INFO | Episode  451 - Reward: -200.000, Length: 200, Loss: 0.8219, Entropy: 1.0981, Epsilon: 0.010
2026-03-29 22:52:15 | INFO | Episode  452 - Reward: -200.000, Length: 200, Loss: 0.8157, Entropy: 1.0981, Epsilon: 0.010
2026-03-29 22:52:15 | INFO | Episode  453 - Reward: -200.000, Length: 200, Loss: 0.8130, Entropy: 1.0981, Epsilon: 0.010
2026-03-29 22:52:16 | INFO | Episode  454 - Reward: -200.000, Length: 200, Loss: 0.8188, Entropy: 1.0981, Epsilon: 0.010
2026-03-29 22:52:16 | INFO | Episode  455 - Reward: -200.000, Length: 200, Loss: 0.8153, Entropy: 1.0980, Epsilon: 0.010
2026-03-29 22:52:16 | INFO | Episode  456 - Reward: -200.000, Length: 200, Loss: 0.8106, Entropy: 1.0980, Epsilon: 0.010
2026-03-29 22:52:17 | INFO | Episode  457 - Reward: -200.000, Length: 200, Loss: 0.8093, Entropy: 1.0980, Epsilon: 0.010
2026-03-29 22:52:17 | INFO | Episode  458 - Reward: -200.000, Length: 200, Loss: 0.8071, Entropy: 1.0980, Epsilon: 0.010
2026-03-29 22:52:18 | INFO | Episode  459 - Reward: -200.000, Length: 200, Loss: 0.8143, Entropy: 1.0980, Epsilon: 0.010
2026-03-29 22:52:18 | INFO | Episode  460 - Reward: -200.000, Length: 200, Loss: 0.8028, Entropy: 1.0979, Epsilon: 0.010
2026-03-29 22:52:19 | INFO | Episode  461 - Reward: -200.000, Length: 200, Loss: 0.8074, Entropy: 1.0979, Epsilon: 0.010
2026-03-29 22:52:19 | INFO | Episode  462 - Reward: -200.000, Length: 200, Loss: 0.8077, Entropy: 1.0979, Epsilon: 0.010
2026-03-29 22:52:20 | INFO | Episode  463 - Reward: -200.000, Length: 200, Loss: 0.8029, Entropy: 1.0979, Epsilon: 0.010
2026-03-29 22:52:20 | INFO | Episode  464 - Reward: -200.000, Length: 200, Loss: 0.8094, Entropy: 1.0979, Epsilon: 0.010
2026-03-29 22:52:21 | INFO | Episode  465 - Reward: -200.000, Length: 200, Loss: 0.8050, Entropy: 1.0979, Epsilon: 0.010
2026-03-29 22:52:21 | INFO | Episode  466 - Reward: -200.000, Length: 200, Loss: 0.8172, Entropy: 1.0978, Epsilon: 0.010
2026-03-29 22:52:22 | INFO | Episode  467 - Reward: -200.000, Length: 200, Loss: 0.8101, Entropy: 1.0978, Epsilon: 0.010
2026-03-29 22:52:22 | INFO | Episode  468 - Reward: -200.000, Length: 200, Loss: 0.8041, Entropy: 1.0978, Epsilon: 0.010
2026-03-29 22:52:23 | INFO | Episode  469 - Reward: -200.000, Length: 200, Loss: 0.8099, Entropy: 1.0978, Epsilon: 0.010
2026-03-29 22:52:23 | INFO | Episode  470 - Reward: -200.000, Length: 200, Loss: 0.8047, Entropy: 1.0978, Epsilon: 0.010
2026-03-29 22:52:24 | INFO | Episode  471 - Reward: -200.000, Length: 200, Loss: 0.8137, Entropy: 1.0978, Epsilon: 0.010
2026-03-29 22:52:24 | INFO | Episode  472 - Reward: -200.000, Length: 200, Loss: 0.8134, Entropy: 1.0978, Epsilon: 0.010
2026-03-29 22:52:25 | INFO | Episode  473 - Reward: -200.000, Length: 200, Loss: 0.8151, Entropy: 1.0978, Epsilon: 0.010
2026-03-29 22:52:25 | INFO | Episode  474 - Reward: -200.000, Length: 200, Loss: 0.8202, Entropy: 1.0978, Epsilon: 0.010
2026-03-29 22:52:26 | INFO | Episode  475 - Reward: -200.000, Length: 200, Loss: 0.8128, Entropy: 1.0978, Epsilon: 0.010
2026-03-29 22:52:26 | INFO | Episode  476 - Reward: -200.000, Length: 200, Loss: 0.8204, Entropy: 1.0978, Epsilon: 0.010
2026-03-29 22:52:27 | INFO | Episode  477 - Reward: -200.000, Length: 200, Loss: 0.8248, Entropy: 1.0978, Epsilon: 0.010
2026-03-29 22:52:27 | INFO | Episode  478 - Reward: -200.000, Length: 200, Loss: 0.8138, Entropy: 1.0978, Epsilon: 0.010
2026-03-29 22:52:28 | INFO | Episode  479 - Reward: -200.000, Length: 200, Loss: 0.8294, Entropy: 1.0978, Epsilon: 0.010
2026-03-29 22:52:28 | INFO | Episode  480 - Reward: -200.000, Length: 200, Loss: 0.8286, Entropy: 1.0979, Epsilon: 0.010
2026-03-29 22:52:29 | INFO | Episode  481 - Reward: -200.000, Length: 200, Loss: 0.8312, Entropy: 1.0979, Epsilon: 0.010
2026-03-29 22:52:29 | INFO | Episode  482 - Reward: -200.000, Length: 200, Loss: 0.8295, Entropy: 1.0979, Epsilon: 0.010
2026-03-29 22:52:30 | INFO | Episode  483 - Reward: -200.000, Length: 200, Loss: 0.8255, Entropy: 1.0979, Epsilon: 0.010
2026-03-29 22:52:30 | INFO | Episode  484 - Reward: -200.000, Length: 200, Loss: 0.8431, Entropy: 1.0979, Epsilon: 0.010
2026-03-29 22:52:31 | INFO | Episode  485 - Reward: -200.000, Length: 200, Loss: 0.8326, Entropy: 1.0979, Epsilon: 0.010
2026-03-29 22:52:31 | INFO | Episode  486 - Reward: -200.000, Length: 200, Loss: 0.8413, Entropy: 1.0979, Epsilon: 0.010
2026-03-29 22:52:32 | INFO | Episode  487 - Reward: -200.000, Length: 200, Loss: 0.8397, Entropy: 1.0980, Epsilon: 0.010
2026-03-29 22:52:32 | INFO | Episode  488 - Reward: -200.000, Length: 200, Loss: 0.8353, Entropy: 1.0980, Epsilon: 0.010
2026-03-29 22:52:33 | INFO | Episode  489 - Reward: -200.000, Length: 200, Loss: 0.8500, Entropy: 1.0980, Epsilon: 0.010
2026-03-29 22:52:33 | INFO | Episode  490 - Reward: -200.000, Length: 200, Loss: 0.8386, Entropy: 1.0980, Epsilon: 0.010
2026-03-29 22:52:34 | INFO | Episode  491 - Reward: -200.000, Length: 200, Loss: 0.8569, Entropy: 1.0980, Epsilon: 0.010
2026-03-29 22:52:34 | INFO | Episode  492 - Reward: -200.000, Length: 200, Loss: 0.8533, Entropy: 1.0981, Epsilon: 0.010
2026-03-29 22:52:35 | INFO | Episode  493 - Reward: -200.000, Length: 200, Loss: 0.8405, Entropy: 1.0981, Epsilon: 0.010
2026-03-29 22:52:35 | INFO | Episode  494 - Reward: -200.000, Length: 200, Loss: 0.8604, Entropy: 1.0981, Epsilon: 0.010
2026-03-29 22:52:36 | INFO | Episode  495 - Reward: -200.000, Length: 200, Loss: 0.8549, Entropy: 1.0981, Epsilon: 0.010
2026-03-29 22:52:36 | INFO | Episode  496 - Reward: -200.000, Length: 200, Loss: 0.8699, Entropy: 1.0982, Epsilon: 0.010
2026-03-29 22:52:37 | INFO | Episode  497 - Reward: -200.000, Length: 200, Loss: 0.8616, Entropy: 1.0982, Epsilon: 0.010
2026-03-29 22:52:37 | INFO | Episode  498 - Reward: -200.000, Length: 200, Loss: 0.8541, Entropy: 1.0982, Epsilon: 0.010
2026-03-29 22:52:38 | INFO | Episode  499 - Reward: -200.000, Length: 200, Loss: 0.8759, Entropy: 1.0982, Epsilon: 0.010
2026-03-29 22:52:39 | INFO | Episode  500 - Reward: -200.000, Length: 200, Loss: 0.8682, Entropy: 1.0983, Epsilon: 0.010
2026-03-29 22:52:45 | INFO | [Episode  500] eps=0.010  avg_reward=-200.000  avg_length=200.00  avg_loss=  0.8272  avg_entropy=1.0983  eval_success=0.000
2026-03-29 22:52:45 | INFO | DQN+Entropy training: 5m 21.95s
2026-03-29 22:53:09 | INFO | [Final Eval] success=0.000, mean_reward=-200.000
