2026-04-01 02:06:47 | INFO | ============================================================
2026-04-01 02:06:47 | INFO | DEVICE / COMPUTE INFORMATION
2026-04-01 02:06:47 | INFO |   JAX backend       : CPU
2026-04-01 02:06:47 | INFO |   Platform          : cpu
2026-04-01 02:06:47 | INFO |   Num devices       : 1
2026-04-01 02:06:47 | INFO |   Device            : TFRT_CPU_0
2026-04-01 02:06:47 | INFO | ============================================================
2026-04-01 02:06:47 | INFO | DQN+RND | seed=4, lr=0.0005, gamma=0.95, beta=1.0
2026-04-01 02:06:47 | INFO | Env: cartpole/dense, obs_dim=4, num_actions=2
2026-04-01 02:07:22 | INFO | [Episode  100] eps=0.901  avg_reward=  22.300  avg_length= 22.30  avg_loss=  0.8924  avg_intrinsic=0.0033  eval_success=0.000
2026-04-01 02:07:54 | INFO | [Episode  200] eps=0.802  avg_reward=  20.710  avg_length= 20.71  avg_loss=  0.9165  avg_intrinsic=0.0033  eval_success=0.000
2026-04-01 02:08:26 | INFO | [Episode  300] eps=0.703  avg_reward=  17.640  avg_length= 17.64  avg_loss=  0.8771  avg_intrinsic=0.0086  eval_success=0.000
2026-04-01 02:08:58 | INFO | [Episode  400] eps=0.604  avg_reward=  17.540  avg_length= 17.54  avg_loss=  0.8757  avg_intrinsic=0.0060  eval_success=0.000
2026-04-01 02:09:30 | INFO | [Episode  500] eps=0.505  avg_reward=  14.780  avg_length= 14.78  avg_loss=  0.9004  avg_intrinsic=0.0090  eval_success=0.000
2026-04-01 02:10:04 | INFO | [Episode  600] eps=0.406  avg_reward=  13.550  avg_length= 13.55  avg_loss=  1.1131  avg_intrinsic=0.0093  eval_success=0.000
2026-04-01 02:10:37 | INFO | [Episode  700] eps=0.307  avg_reward=  12.060  avg_length= 12.06  avg_loss=  1.6660  avg_intrinsic=0.0136  eval_success=0.000
2026-04-01 02:11:11 | INFO | [Episode  800] eps=0.208  avg_reward=  11.060  avg_length= 11.06  avg_loss=  1.9875  avg_intrinsic=0.0119  eval_success=0.000
2026-04-01 02:11:48 | INFO | [Episode  900] eps=0.109  avg_reward=  14.490  avg_length= 14.49  avg_loss=  2.0528  avg_intrinsic=0.0004  eval_success=0.000
2026-04-01 02:12:27 | INFO | [Episode 1000] eps=0.010  avg_reward=  29.610  avg_length= 29.61  avg_loss=  2.1798  avg_intrinsic=0.0107  eval_success=0.000
2026-04-01 02:12:27 | INFO | DQN+RND training: 5m 54.27s
2026-04-01 02:12:29 | INFO | [Final Eval] success=0.000, mean_reward=9.350
