2026-03-31 20:01:27 | INFO | ============================================================
2026-03-31 20:01:27 | INFO | DEVICE / COMPUTE INFORMATION
2026-03-31 20:01:27 | INFO |   JAX backend       : CPU
2026-03-31 20:01:27 | INFO |   Platform          : cpu
2026-03-31 20:01:27 | INFO |   Num devices       : 1
2026-03-31 20:01:27 | INFO |   Device            : TFRT_CPU_0
2026-03-31 20:01:27 | INFO | ============================================================
2026-03-31 20:01:27 | INFO | DQN+RND | seed=3, lr=0.001, gamma=0.99, beta=0.1
2026-03-31 20:01:27 | INFO | Env: cartpole/dense, obs_dim=4, num_actions=2
2026-03-31 20:02:02 | INFO | [Episode  100] eps=0.901  avg_reward=  21.280  avg_length= 21.28  avg_loss=  0.8312  avg_intrinsic=0.0082  eval_success=0.000
2026-03-31 20:02:34 | INFO | [Episode  200] eps=0.802  avg_reward=  19.650  avg_length= 19.65  avg_loss=  0.7814  avg_intrinsic=0.0215  eval_success=0.000
2026-03-31 20:03:06 | INFO | [Episode  300] eps=0.703  avg_reward=  18.960  avg_length= 18.96  avg_loss=  0.7476  avg_intrinsic=0.0185  eval_success=0.000
2026-03-31 20:03:39 | INFO | [Episode  400] eps=0.604  avg_reward=  15.220  avg_length= 15.22  avg_loss=  1.1510  avg_intrinsic=0.0129  eval_success=0.000
2026-03-31 20:04:12 | INFO | [Episode  500] eps=0.505  avg_reward=  14.710  avg_length= 14.71  avg_loss=  2.0416  avg_intrinsic=0.0170  eval_success=0.000
2026-03-31 20:04:46 | INFO | [Episode  600] eps=0.406  avg_reward=  12.590  avg_length= 12.59  avg_loss=  3.1564  avg_intrinsic=0.0083  eval_success=0.000
2026-03-31 20:05:21 | INFO | [Episode  700] eps=0.307  avg_reward=  11.740  avg_length= 11.74  avg_loss=  4.4550  avg_intrinsic=0.0137  eval_success=0.000
2026-03-31 20:05:57 | INFO | [Episode  800] eps=0.208  avg_reward=  17.640  avg_length= 17.64  avg_loss=  4.8057  avg_intrinsic=0.0010  eval_success=0.000
2026-03-31 20:06:35 | INFO | [Episode  900] eps=0.109  avg_reward=  49.550  avg_length= 49.55  avg_loss=  5.2828  avg_intrinsic=0.0015  eval_success=0.100
2026-03-31 20:07:15 | INFO | [Episode 1000] eps=0.010  avg_reward=  68.220  avg_length= 68.22  avg_loss=  7.0799  avg_intrinsic=0.0014  eval_success=0.000
2026-03-31 20:07:15 | INFO | DQN+RND training: 5m 59.36s
2026-03-31 20:07:25 | INFO | [Final Eval] success=0.000, mean_reward=68.330
