2026-04-01 07:56:28 | INFO | ============================================================
2026-04-01 07:56:28 | INFO | DEVICE / COMPUTE INFORMATION
2026-04-01 07:56:28 | INFO |   JAX backend       : CPU
2026-04-01 07:56:28 | INFO |   Platform          : cpu
2026-04-01 07:56:28 | INFO |   Num devices       : 1
2026-04-01 07:56:28 | INFO |   Device            : TFRT_CPU_0
2026-04-01 07:56:28 | INFO | ============================================================
2026-04-01 07:56:28 | INFO | DQN+RND | seed=4, lr=0.0005, gamma=0.95, beta=1.0
2026-04-01 07:56:28 | INFO | Env: cartpole/sparse, obs_dim=4, num_actions=2
2026-04-01 07:57:01 | INFO | [Episode  100] eps=0.901  avg_reward=   1.000  avg_length= 22.59  avg_loss=  0.0394  avg_intrinsic=0.0035  eval_success=0.000
2026-04-01 07:57:33 | INFO | [Episode  200] eps=0.802  avg_reward=   1.000  avg_length= 23.22  avg_loss=  0.0418  avg_intrinsic=0.0033  eval_success=0.000
2026-04-01 07:58:04 | INFO | [Episode  300] eps=0.703  avg_reward=   1.000  avg_length= 22.83  avg_loss=  0.0396  avg_intrinsic=0.0087  eval_success=0.000
2026-04-01 07:58:36 | INFO | [Episode  400] eps=0.604  avg_reward=   1.000  avg_length= 23.45  avg_loss=  0.0380  avg_intrinsic=0.0010  eval_success=0.000
2026-04-01 07:59:09 | INFO | [Episode  500] eps=0.505  avg_reward=   1.000  avg_length= 30.83  avg_loss=  0.0359  avg_intrinsic=0.0025  eval_success=0.000
2026-04-01 07:59:43 | INFO | [Episode  600] eps=0.406  avg_reward=   1.000  avg_length= 28.74  avg_loss=  0.0336  avg_intrinsic=0.0196  eval_success=0.000
2026-04-01 08:00:17 | INFO | [Episode  700] eps=0.307  avg_reward=   1.000  avg_length= 33.05  avg_loss=  0.0312  avg_intrinsic=0.0144  eval_success=0.000
2026-04-01 08:00:50 | INFO | [Episode  800] eps=0.208  avg_reward=   1.000  avg_length= 26.42  avg_loss=  0.0297  avg_intrinsic=0.0079  eval_success=0.000
2026-04-01 08:01:25 | INFO | [Episode  900] eps=0.109  avg_reward=   1.000  avg_length= 17.35  avg_loss=  0.0304  avg_intrinsic=0.0167  eval_success=0.000
2026-04-01 08:02:04 | INFO | [Episode 1000] eps=0.010  avg_reward=   1.000  avg_length=  9.81  avg_loss=  0.0290  avg_intrinsic=0.0136  eval_success=0.000
2026-04-01 08:02:04 | INFO | DQN+RND training: 5m 55.10s
2026-04-01 08:02:05 | INFO | [Final Eval] success=0.000, mean_reward=1.000
