2026-04-01 03:57:30 | INFO | ============================================================
2026-04-01 03:57:30 | INFO | DEVICE / COMPUTE INFORMATION
2026-04-01 03:57:30 | INFO |   JAX backend       : CPU
2026-04-01 03:57:30 | INFO |   Platform          : cpu
2026-04-01 03:57:30 | INFO |   Num devices       : 1
2026-04-01 03:57:30 | INFO |   Device            : TFRT_CPU_0
2026-04-01 03:57:30 | INFO | ============================================================
2026-04-01 03:57:30 | INFO | DQN+RND | seed=3, lr=0.01, gamma=0.99, beta=1.0
2026-04-01 03:57:30 | INFO | Env: cartpole/sparse, obs_dim=4, num_actions=2
2026-04-01 03:58:04 | INFO | [Episode  100] eps=0.901  avg_reward=   1.000  avg_length= 22.58  avg_loss=  0.0358  avg_intrinsic=0.0082  eval_success=0.000
2026-04-01 03:58:36 | INFO | [Episode  200] eps=0.802  avg_reward=   1.000  avg_length= 19.78  avg_loss=  0.0243  avg_intrinsic=0.0215  eval_success=0.000
2026-04-01 03:59:09 | INFO | [Episode  300] eps=0.703  avg_reward=   1.000  avg_length= 18.45  avg_loss=  0.0158  avg_intrinsic=0.0185  eval_success=0.000
2026-04-01 03:59:41 | INFO | [Episode  400] eps=0.604  avg_reward=   1.000  avg_length= 15.00  avg_loss=  0.0081  avg_intrinsic=0.0129  eval_success=0.000
2026-04-01 04:00:14 | INFO | [Episode  500] eps=0.505  avg_reward=   1.000  avg_length= 14.29  avg_loss=  0.0033  avg_intrinsic=0.0161  eval_success=0.000
2026-04-01 04:00:47 | INFO | [Episode  600] eps=0.406  avg_reward=   1.000  avg_length= 12.87  avg_loss=  0.0022  avg_intrinsic=0.0240  eval_success=0.000
2026-04-01 04:01:22 | INFO | [Episode  700] eps=0.307  avg_reward=   1.000  avg_length= 11.79  avg_loss=  0.0029  avg_intrinsic=0.0113  eval_success=0.000
2026-04-01 04:01:56 | INFO | [Episode  800] eps=0.208  avg_reward=   1.000  avg_length= 10.88  avg_loss=  0.0041  avg_intrinsic=0.0102  eval_success=0.000
2026-04-01 04:02:30 | INFO | [Episode  900] eps=0.109  avg_reward=   1.000  avg_length= 10.12  avg_loss=  0.0038  avg_intrinsic=0.0217  eval_success=0.000
2026-04-01 04:03:08 | INFO | [Episode 1000] eps=0.010  avg_reward=   1.000  avg_length=  9.77  avg_loss=  0.0033  avg_intrinsic=0.0099  eval_success=0.000
2026-04-01 04:03:08 | INFO | DQN+RND training: 5m 57.29s
2026-04-01 04:03:10 | INFO | [Final Eval] success=0.000, mean_reward=1.000
