2026-03-31 18:06:28 | INFO | ============================================================
2026-03-31 18:06:28 | INFO | DEVICE / COMPUTE INFORMATION
2026-03-31 18:06:28 | INFO |   JAX backend       : CPU
2026-03-31 18:06:28 | INFO |   Platform          : cpu
2026-03-31 18:06:28 | INFO |   Num devices       : 1
2026-03-31 18:06:28 | INFO |   Device            : TFRT_CPU_0
2026-03-31 18:06:28 | INFO | ============================================================
2026-03-31 18:06:28 | INFO | DQN+RND | seed=8, lr=0.01, gamma=0.99, beta=0.1
2026-03-31 18:06:28 | INFO | Env: cartpole/dense, obs_dim=4, num_actions=2
2026-03-31 18:07:05 | INFO | [Episode  100] eps=0.901  avg_reward=  21.460  avg_length= 21.46  avg_loss=  0.3258  avg_intrinsic=0.0112  eval_success=0.000
2026-03-31 18:07:39 | INFO | [Episode  200] eps=0.802  avg_reward=  24.700  avg_length= 24.70  avg_loss=  1.0657  avg_intrinsic=0.0032  eval_success=0.000
2026-03-31 18:08:11 | INFO | [Episode  300] eps=0.703  avg_reward=  34.400  avg_length= 34.40  avg_loss=  2.1943  avg_intrinsic=0.0004  eval_success=0.000
2026-03-31 18:08:47 | INFO | [Episode  400] eps=0.604  avg_reward=  43.130  avg_length= 43.13  avg_loss=  4.8016  avg_intrinsic=0.0011  eval_success=0.300
2026-03-31 18:09:25 | INFO | [Episode  500] eps=0.505  avg_reward=  83.780  avg_length= 83.78  avg_loss=  5.0700  avg_intrinsic=0.0047  eval_success=1.000
2026-03-31 18:10:03 | INFO | [Episode  600] eps=0.406  avg_reward= 130.170  avg_length=130.17  avg_loss=  5.9957  avg_intrinsic=0.0081  eval_success=1.000
2026-03-31 18:10:43 | INFO | [Episode  700] eps=0.307  avg_reward= 160.400  avg_length=160.40  avg_loss=  6.7448  avg_intrinsic=0.0053  eval_success=0.000
2026-03-31 18:11:34 | INFO | [Episode  800] eps=0.208  avg_reward= 177.480  avg_length=177.48  avg_loss=  5.9943  avg_intrinsic=0.0042  eval_success=0.000
2026-03-31 18:12:16 | INFO | [Episode  900] eps=0.109  avg_reward= 180.830  avg_length=180.83  avg_loss=  2.6746  avg_intrinsic=0.0006  eval_success=1.000
2026-03-31 18:12:55 | INFO | [Episode 1000] eps=0.010  avg_reward= 190.720  avg_length=190.72  avg_loss=  1.5194  avg_intrinsic=0.0013  eval_success=0.100
2026-03-31 18:12:55 | INFO | DQN+RND training: 6m 40.53s
2026-03-31 18:13:21 | INFO | [Final Eval] success=0.430, mean_reward=193.240
