2026-03-31 18:54:34 | INFO | ============================================================
2026-03-31 18:54:34 | INFO | DEVICE / COMPUTE INFORMATION
2026-03-31 18:54:34 | INFO |   JAX backend       : CPU
2026-03-31 18:54:34 | INFO |   Platform          : cpu
2026-03-31 18:54:34 | INFO |   Num devices       : 1
2026-03-31 18:54:34 | INFO |   Device            : TFRT_CPU_0
2026-03-31 18:54:34 | INFO | ============================================================
2026-03-31 18:54:34 | INFO | DQN+RND | seed=2, lr=0.0005, gamma=0.99, beta=0.1
2026-03-31 18:54:34 | INFO | Env: cartpole/dense, obs_dim=4, num_actions=2
2026-03-31 18:55:13 | INFO | [Episode  100] eps=0.901  avg_reward=  23.100  avg_length= 23.10  avg_loss=  0.9248  avg_intrinsic=0.0012  eval_success=0.000
2026-03-31 18:55:48 | INFO | [Episode  200] eps=0.802  avg_reward=  27.680  avg_length= 27.68  avg_loss=  0.9558  avg_intrinsic=0.0117  eval_success=0.000
2026-03-31 18:56:23 | INFO | [Episode  300] eps=0.703  avg_reward=  29.540  avg_length= 29.54  avg_loss=  0.9409  avg_intrinsic=0.0006  eval_success=0.000
2026-03-31 18:56:57 | INFO | [Episode  400] eps=0.604  avg_reward=  27.030  avg_length= 27.03  avg_loss=  0.9202  avg_intrinsic=0.0026  eval_success=0.000
2026-03-31 18:57:32 | INFO | [Episode  500] eps=0.505  avg_reward=  16.630  avg_length= 16.63  avg_loss=  0.8258  avg_intrinsic=0.0079  eval_success=0.000
2026-03-31 18:58:07 | INFO | [Episode  600] eps=0.406  avg_reward=  13.120  avg_length= 13.12  avg_loss=  0.9579  avg_intrinsic=0.0169  eval_success=0.000
2026-03-31 18:58:45 | INFO | [Episode  700] eps=0.307  avg_reward=  11.520  avg_length= 11.52  avg_loss=  1.5508  avg_intrinsic=0.0218  eval_success=0.000
2026-03-31 18:59:33 | INFO | [Episode  800] eps=0.208  avg_reward=  11.120  avg_length= 11.12  avg_loss=  2.3786  avg_intrinsic=0.0082  eval_success=0.000
2026-03-31 19:00:18 | INFO | [Episode  900] eps=0.109  avg_reward=  25.830  avg_length= 25.83  avg_loss=  3.3086  avg_intrinsic=0.0006  eval_success=0.000
2026-03-31 19:01:03 | INFO | [Episode 1000] eps=0.010  avg_reward=  13.420  avg_length= 13.42  avg_loss=  4.6605  avg_intrinsic=0.0140  eval_success=0.000
2026-03-31 19:01:03 | INFO | DQN+RND training: 6m 40.68s
2026-03-31 19:01:04 | INFO | [Final Eval] success=0.000, mean_reward=9.520
