2026-04-01 22:41:37 | INFO | ============================================================
2026-04-01 22:41:37 | INFO | DEVICE / COMPUTE INFORMATION
2026-04-01 22:41:37 | INFO |   JAX backend       : CPU
2026-04-01 22:41:37 | INFO |   Platform          : cpu
2026-04-01 22:41:37 | INFO |   Num devices       : 1
2026-04-01 22:41:37 | INFO |   Device            : TFRT_CPU_0
2026-04-01 22:41:37 | INFO | ============================================================
2026-04-01 22:41:37 | INFO | DQN+RND | seed=2, lr=0.0005, gamma=0.99, beta=0.1
2026-04-01 22:41:37 | INFO | Env: mountaincar/sparse, obs_dim=2, num_actions=3
2026-04-01 22:42:12 | INFO | [Episode  100] eps=0.901  avg_reward=  -1.000  avg_length=200.00  avg_loss=  0.0063  avg_intrinsic=0.0004  eval_success=0.000
2026-04-01 22:42:46 | INFO | [Episode  200] eps=0.802  avg_reward=  -1.000  avg_length=200.00  avg_loss=  0.0056  avg_intrinsic=0.0004  eval_success=0.000
2026-04-01 22:43:22 | INFO | [Episode  300] eps=0.703  avg_reward=  -1.000  avg_length=200.00  avg_loss=  0.0059  avg_intrinsic=0.0004  eval_success=0.000
2026-04-01 22:44:08 | INFO | [Episode  400] eps=0.604  avg_reward=  -1.000  avg_length=200.00  avg_loss=  0.0056  avg_intrinsic=0.0003  eval_success=0.000
2026-04-01 22:44:44 | INFO | [Episode  500] eps=0.505  avg_reward=  -1.000  avg_length=200.00  avg_loss=  0.0045  avg_intrinsic=0.0003  eval_success=0.000
2026-04-01 22:45:20 | INFO | [Episode  600] eps=0.406  avg_reward=  -1.000  avg_length=200.00  avg_loss=  0.0051  avg_intrinsic=0.0003  eval_success=0.000
2026-04-01 22:45:57 | INFO | [Episode  700] eps=0.307  avg_reward=  -1.000  avg_length=200.00  avg_loss=  0.0044  avg_intrinsic=0.0002  eval_success=0.000
2026-04-01 22:46:40 | INFO | [Episode  800] eps=0.208  avg_reward=  -1.000  avg_length=200.00  avg_loss=  0.0049  avg_intrinsic=0.0002  eval_success=0.000
2026-04-01 22:47:26 | INFO | [Episode  900] eps=0.109  avg_reward=  -1.000  avg_length=200.00  avg_loss=  0.0049  avg_intrinsic=0.0002  eval_success=0.000
2026-04-01 22:48:12 | INFO | [Episode 1000] eps=0.010  avg_reward=  -1.000  avg_length=200.00  avg_loss=  0.0053  avg_intrinsic=0.0002  eval_success=0.000
2026-04-01 22:48:12 | INFO | DQN+RND training: 6m 36.10s
2026-04-01 22:48:36 | INFO | [Final Eval] success=0.000, mean_reward=-1.000
