2026-04-01 07:21:07 | INFO | ============================================================
2026-04-01 07:21:07 | INFO | DEVICE / COMPUTE INFORMATION
2026-04-01 07:21:07 | INFO |   JAX backend       : CPU
2026-04-01 07:21:07 | INFO |   Platform          : cpu
2026-04-01 07:21:07 | INFO |   Num devices       : 1
2026-04-01 07:21:07 | INFO |   Device            : TFRT_CPU_0
2026-04-01 07:21:07 | INFO | ============================================================
2026-04-01 07:21:07 | INFO | DQN+RND | seed=2, lr=0.0005, gamma=0.95, beta=0.1
2026-04-01 07:21:07 | INFO | Env: cartpole/sparse, obs_dim=4, num_actions=2
2026-04-01 07:21:42 | INFO | [Episode  100] eps=0.901  avg_reward=   1.000  avg_length= 23.10  avg_loss=  0.0382  avg_intrinsic=0.0012  eval_success=0.000
2026-04-01 07:22:12 | INFO | [Episode  200] eps=0.802  avg_reward=   1.000  avg_length= 27.76  avg_loss=  0.0390  avg_intrinsic=0.0117  eval_success=0.000
2026-04-01 07:22:43 | INFO | [Episode  300] eps=0.703  avg_reward=   1.000  avg_length= 32.54  avg_loss=  0.0345  avg_intrinsic=0.0009  eval_success=0.000
2026-04-01 07:23:15 | INFO | [Episode  400] eps=0.604  avg_reward=   1.000  avg_length= 33.87  avg_loss=  0.0305  avg_intrinsic=0.0055  eval_success=0.000
2026-04-01 07:23:48 | INFO | [Episode  500] eps=0.505  avg_reward=   1.000  avg_length= 28.96  avg_loss=  0.0288  avg_intrinsic=0.0028  eval_success=0.000
2026-04-01 07:24:21 | INFO | [Episode  600] eps=0.406  avg_reward=   1.000  avg_length= 28.57  avg_loss=  0.0295  avg_intrinsic=0.0017  eval_success=0.000
2026-04-01 07:24:56 | INFO | [Episode  700] eps=0.307  avg_reward=   1.000  avg_length= 27.92  avg_loss=  0.0282  avg_intrinsic=0.0011  eval_success=0.000
2026-04-01 07:25:30 | INFO | [Episode  800] eps=0.208  avg_reward=   1.000  avg_length= 28.90  avg_loss=  0.0270  avg_intrinsic=0.0003  eval_success=0.000
2026-04-01 07:26:06 | INFO | [Episode  900] eps=0.109  avg_reward=   1.000  avg_length= 27.50  avg_loss=  0.0275  avg_intrinsic=0.0004  eval_success=0.000
2026-04-01 07:26:46 | INFO | [Episode 1000] eps=0.010  avg_reward=   1.000  avg_length= 27.36  avg_loss=  0.0256  avg_intrinsic=0.0003  eval_success=0.000
2026-04-01 07:26:46 | INFO | DQN+RND training: 5m 58.83s
2026-04-01 07:26:50 | INFO | [Final Eval] success=0.000, mean_reward=1.000
