2026-04-02 03:13:38 | INFO | ============================================================
2026-04-02 03:13:38 | INFO | DEVICE / COMPUTE INFORMATION
2026-04-02 03:13:38 | INFO |   JAX backend       : CPU
2026-04-02 03:13:38 | INFO |   Platform          : cpu
2026-04-02 03:13:38 | INFO |   Num devices       : 1
2026-04-02 03:13:38 | INFO |   Device            : TFRT_CPU_0
2026-04-02 03:13:38 | INFO | ============================================================
2026-04-02 03:13:38 | INFO | DQN+RND | seed=8, lr=0.0005, gamma=0.95, beta=0.1
2026-04-02 03:13:38 | INFO | Env: mountaincar/sparse, obs_dim=2, num_actions=3
2026-04-02 03:14:14 | INFO | [Episode  100] eps=0.901  avg_reward=  -1.000  avg_length=200.00  avg_loss=  0.0048  avg_intrinsic=0.0008  eval_success=0.000
2026-04-02 03:14:48 | INFO | [Episode  200] eps=0.802  avg_reward=  -1.000  avg_length=200.00  avg_loss=  0.0052  avg_intrinsic=0.0008  eval_success=0.000
2026-04-02 03:15:29 | INFO | [Episode  300] eps=0.703  avg_reward=  -1.000  avg_length=200.00  avg_loss=  0.0053  avg_intrinsic=0.0007  eval_success=0.000
2026-04-02 03:16:11 | INFO | [Episode  400] eps=0.604  avg_reward=  -1.000  avg_length=200.00  avg_loss=  0.0051  avg_intrinsic=0.0007  eval_success=0.000
2026-04-02 03:16:46 | INFO | [Episode  500] eps=0.505  avg_reward=  -1.000  avg_length=200.00  avg_loss=  0.0053  avg_intrinsic=0.0006  eval_success=0.000
2026-04-02 03:17:23 | INFO | [Episode  600] eps=0.406  avg_reward=  -1.000  avg_length=200.00  avg_loss=  0.0051  avg_intrinsic=0.0006  eval_success=0.000
2026-04-02 03:18:06 | INFO | [Episode  700] eps=0.307  avg_reward=  -1.000  avg_length=200.00  avg_loss=  0.0053  avg_intrinsic=0.0006  eval_success=0.000
2026-04-02 03:18:51 | INFO | [Episode  800] eps=0.208  avg_reward=  -1.000  avg_length=200.00  avg_loss=  0.0053  avg_intrinsic=0.0007  eval_success=0.000
2026-04-02 03:19:30 | INFO | [Episode  900] eps=0.109  avg_reward=  -1.000  avg_length=200.00  avg_loss=  0.0045  avg_intrinsic=0.0006  eval_success=0.000
2026-04-02 03:20:15 | INFO | [Episode 1000] eps=0.010  avg_reward=  -1.000  avg_length=200.00  avg_loss=  0.0042  avg_intrinsic=0.0006  eval_success=0.000
2026-04-02 03:20:15 | INFO | DQN+RND training: 6m 37.33s
2026-04-02 03:20:38 | INFO | [Final Eval] success=0.000, mean_reward=-1.000
