2026-04-01 01:43:37 | INFO | ============================================================
2026-04-01 01:43:37 | INFO | DEVICE / COMPUTE INFORMATION
2026-04-01 01:43:37 | INFO |   JAX backend       : CPU
2026-04-01 01:43:37 | INFO |   Platform          : cpu
2026-04-01 01:43:37 | INFO |   Num devices       : 1
2026-04-01 01:43:37 | INFO |   Device            : TFRT_CPU_0
2026-04-01 01:43:37 | INFO | ============================================================
2026-04-01 01:43:37 | INFO | DQN+RND | seed=6, lr=0.0005, gamma=0.95, beta=0.1
2026-04-01 01:43:37 | INFO | Env: cartpole/dense, obs_dim=4, num_actions=2
2026-04-01 01:44:11 | INFO | [Episode  100] eps=0.901  avg_reward=  22.930  avg_length= 22.93  avg_loss=  0.9691  avg_intrinsic=0.0017  eval_success=0.000
2026-04-01 01:44:43 | INFO | [Episode  200] eps=0.802  avg_reward=  20.620  avg_length= 20.62  avg_loss=  0.9736  avg_intrinsic=0.0160  eval_success=0.000
2026-04-01 01:45:14 | INFO | [Episode  300] eps=0.703  avg_reward=  17.060  avg_length= 17.06  avg_loss=  0.9466  avg_intrinsic=0.0159  eval_success=0.000
2026-04-01 01:45:46 | INFO | [Episode  400] eps=0.604  avg_reward=  16.370  avg_length= 16.37  avg_loss=  0.9378  avg_intrinsic=0.0177  eval_success=0.000
2026-04-01 01:46:19 | INFO | [Episode  500] eps=0.505  avg_reward=  14.620  avg_length= 14.62  avg_loss=  0.9227  avg_intrinsic=0.0111  eval_success=0.000
2026-04-01 01:46:52 | INFO | [Episode  600] eps=0.406  avg_reward=  12.360  avg_length= 12.36  avg_loss=  1.0409  avg_intrinsic=0.0063  eval_success=0.000
2026-04-01 01:47:27 | INFO | [Episode  700] eps=0.307  avg_reward=  12.420  avg_length= 12.42  avg_loss=  1.4583  avg_intrinsic=0.0165  eval_success=0.000
2026-04-01 01:48:02 | INFO | [Episode  800] eps=0.208  avg_reward=  10.830  avg_length= 10.83  avg_loss=  2.0322  avg_intrinsic=0.0155  eval_success=0.000
2026-04-01 01:48:36 | INFO | [Episode  900] eps=0.109  avg_reward=  10.230  avg_length= 10.23  avg_loss=  2.1704  avg_intrinsic=0.0077  eval_success=0.000
2026-04-01 01:49:15 | INFO | [Episode 1000] eps=0.010  avg_reward=   9.690  avg_length=  9.69  avg_loss=  2.3522  avg_intrinsic=0.0254  eval_success=0.000
2026-04-01 01:49:15 | INFO | DQN+RND training: 5m 55.63s
2026-04-01 01:49:17 | INFO | [Final Eval] success=0.000, mean_reward=9.420
