2026-04-01 10:10:03 | INFO | ============================================================
2026-04-01 10:10:03 | INFO | DEVICE / COMPUTE INFORMATION
2026-04-01 10:10:03 | INFO |   JAX backend       : CPU
2026-04-01 10:10:03 | INFO |   Platform          : cpu
2026-04-01 10:10:03 | INFO |   Num devices       : 1
2026-04-01 10:10:03 | INFO |   Device            : TFRT_CPU_0
2026-04-01 10:10:03 | INFO | ============================================================
2026-04-01 10:10:03 | INFO | DQN+RND | seed=8, lr=0.01, gamma=0.99, beta=1.0
2026-04-01 10:10:03 | INFO | Env: mountaincar/dense, obs_dim=2, num_actions=3
2026-04-01 10:10:35 | INFO | [Episode  100] eps=0.901  avg_reward=-200.000  avg_length=200.00  avg_loss=  0.8492  avg_intrinsic=0.0008  eval_success=0.000
2026-04-01 10:11:07 | INFO | [Episode  200] eps=0.802  avg_reward=-200.000  avg_length=200.00  avg_loss=  2.2674  avg_intrinsic=0.0008  eval_success=0.000
2026-04-01 10:11:40 | INFO | [Episode  300] eps=0.703  avg_reward=-200.000  avg_length=200.00  avg_loss=  2.3965  avg_intrinsic=0.0009  eval_success=0.000
2026-04-01 10:12:14 | INFO | [Episode  400] eps=0.604  avg_reward=-200.000  avg_length=200.00  avg_loss=  2.4052  avg_intrinsic=0.0005  eval_success=0.000
2026-04-01 10:12:47 | INFO | [Episode  500] eps=0.505  avg_reward=-200.000  avg_length=200.00  avg_loss=  2.5432  avg_intrinsic=0.0009  eval_success=0.000
2026-04-01 10:13:22 | INFO | [Episode  600] eps=0.406  avg_reward=-200.000  avg_length=200.00  avg_loss=  5.1026  avg_intrinsic=0.0006  eval_success=0.000
2026-04-01 10:13:57 | INFO | [Episode  700] eps=0.307  avg_reward=-200.000  avg_length=200.00  avg_loss=  2.6008  avg_intrinsic=0.0003  eval_success=0.000
2026-04-01 10:14:34 | INFO | [Episode  800] eps=0.208  avg_reward=-200.000  avg_length=200.00  avg_loss=  3.6662  avg_intrinsic=0.0010  eval_success=0.000
2026-04-01 10:15:09 | INFO | [Episode  900] eps=0.109  avg_reward=-200.000  avg_length=200.00  avg_loss=  2.9694  avg_intrinsic=0.0008  eval_success=0.000
2026-04-01 10:15:47 | INFO | [Episode 1000] eps=0.010  avg_reward=-200.000  avg_length=200.00  avg_loss=  3.7931  avg_intrinsic=0.0004  eval_success=0.000
2026-04-01 10:15:47 | INFO | DQN+RND training: 6m 4.40s
2026-04-01 10:16:08 | INFO | [Final Eval] success=0.000, mean_reward=-200.000
