2026-03-31 20:07:33 | INFO | ============================================================
2026-03-31 20:07:33 | INFO | DEVICE / COMPUTE INFORMATION
2026-03-31 20:07:33 | INFO |   JAX backend       : CPU
2026-03-31 20:07:33 | INFO |   Platform          : cpu
2026-03-31 20:07:33 | INFO |   Num devices       : 1
2026-03-31 20:07:33 | INFO |   Device            : TFRT_CPU_0
2026-03-31 20:07:33 | INFO | ============================================================
2026-03-31 20:07:33 | INFO | DQN+RND | seed=5, lr=0.001, gamma=0.99, beta=0.1
2026-03-31 20:07:33 | INFO | Env: cartpole/dense, obs_dim=4, num_actions=2
2026-03-31 20:08:07 | INFO | [Episode  100] eps=0.901  avg_reward=  24.390  avg_length= 24.39  avg_loss=  0.8797  avg_intrinsic=0.0040  eval_success=0.000
2026-03-31 20:08:40 | INFO | [Episode  200] eps=0.802  avg_reward=  19.070  avg_length= 19.07  avg_loss=  0.8322  avg_intrinsic=0.0069  eval_success=0.000
2026-03-31 20:09:13 | INFO | [Episode  300] eps=0.703  avg_reward=  19.450  avg_length= 19.45  avg_loss=  0.8509  avg_intrinsic=0.0139  eval_success=0.000
2026-03-31 20:09:46 | INFO | [Episode  400] eps=0.604  avg_reward=  16.380  avg_length= 16.38  avg_loss=  1.4684  avg_intrinsic=0.0043  eval_success=0.000
2026-03-31 20:10:20 | INFO | [Episode  500] eps=0.505  avg_reward=  17.280  avg_length= 17.28  avg_loss=  2.3176  avg_intrinsic=0.0004  eval_success=0.000
2026-03-31 20:10:54 | INFO | [Episode  600] eps=0.406  avg_reward=  15.200  avg_length= 15.20  avg_loss=  3.5085  avg_intrinsic=0.0257  eval_success=0.000
2026-03-31 20:11:30 | INFO | [Episode  700] eps=0.307  avg_reward=  11.700  avg_length= 11.70  avg_loss=  4.8303  avg_intrinsic=0.0130  eval_success=0.000
2026-03-31 20:12:05 | INFO | [Episode  800] eps=0.208  avg_reward=  11.760  avg_length= 11.76  avg_loss=  4.9799  avg_intrinsic=0.0065  eval_success=0.000
2026-03-31 20:12:42 | INFO | [Episode  900] eps=0.109  avg_reward=  57.120  avg_length= 57.12  avg_loss=  4.9852  avg_intrinsic=0.0007  eval_success=0.000
2026-03-31 20:13:20 | INFO | [Episode 1000] eps=0.010  avg_reward=  64.920  avg_length= 64.92  avg_loss=  6.3193  avg_intrinsic=0.0012  eval_success=0.000
2026-03-31 20:13:20 | INFO | DQN+RND training: 5m 58.53s
2026-03-31 20:13:30 | INFO | [Final Eval] success=0.000, mean_reward=74.560
