2026-04-01 11:26:23 | INFO | ============================================================
2026-04-01 11:26:23 | INFO | DEVICE / COMPUTE INFORMATION
2026-04-01 11:26:23 | INFO |   JAX backend       : CPU
2026-04-01 11:26:23 | INFO |   Platform          : cpu
2026-04-01 11:26:23 | INFO |   Num devices       : 1
2026-04-01 11:26:23 | INFO |   Device            : TFRT_CPU_0
2026-04-01 11:26:23 | INFO | ============================================================
2026-04-01 11:26:23 | INFO | DQN+RND | seed=2, lr=0.001, gamma=0.99, beta=0.1
2026-04-01 11:26:23 | INFO | Env: mountaincar/dense, obs_dim=2, num_actions=3
2026-04-01 11:26:57 | INFO | [Episode  100] eps=0.901  avg_reward=-200.000  avg_length=200.00  avg_loss=  0.9665  avg_intrinsic=0.0004  eval_success=0.000
2026-04-01 11:27:30 | INFO | [Episode  200] eps=0.802  avg_reward=-200.000  avg_length=200.00  avg_loss=  0.9631  avg_intrinsic=0.0003  eval_success=0.000
2026-04-01 11:28:03 | INFO | [Episode  300] eps=0.703  avg_reward=-200.000  avg_length=200.00  avg_loss=  0.9129  avg_intrinsic=0.0005  eval_success=0.000
2026-04-01 11:28:36 | INFO | [Episode  400] eps=0.604  avg_reward=-200.000  avg_length=200.00  avg_loss=  0.8442  avg_intrinsic=0.0003  eval_success=0.000
2026-04-01 11:29:10 | INFO | [Episode  500] eps=0.505  avg_reward=-200.000  avg_length=200.00  avg_loss=  2.8048  avg_intrinsic=0.0003  eval_success=0.000
2026-04-01 11:29:45 | INFO | [Episode  600] eps=0.406  avg_reward=-200.000  avg_length=200.00  avg_loss=  8.4098  avg_intrinsic=0.0004  eval_success=0.000
2026-04-01 11:30:20 | INFO | [Episode  700] eps=0.307  avg_reward=-200.000  avg_length=200.00  avg_loss= 10.7975  avg_intrinsic=0.0003  eval_success=0.000
2026-04-01 11:30:57 | INFO | [Episode  800] eps=0.208  avg_reward=-200.000  avg_length=200.00  avg_loss= 13.6479  avg_intrinsic=0.0004  eval_success=0.000
2026-04-01 11:31:32 | INFO | [Episode  900] eps=0.109  avg_reward=-200.000  avg_length=200.00  avg_loss= 13.5458  avg_intrinsic=0.0002  eval_success=0.000
2026-04-01 11:32:11 | INFO | [Episode 1000] eps=0.010  avg_reward=-200.000  avg_length=200.00  avg_loss= 14.1375  avg_intrinsic=0.0002  eval_success=0.000
2026-04-01 11:32:11 | INFO | DQN+RND training: 6m 6.85s
2026-04-01 11:32:30 | INFO | [Final Eval] success=0.000, mean_reward=-200.000
