2026-04-01 22:01:26 | INFO | ============================================================
2026-04-01 22:01:26 | INFO | DEVICE / COMPUTE INFORMATION
2026-04-01 22:01:26 | INFO |   JAX backend       : CPU
2026-04-01 22:01:26 | INFO |   Platform          : cpu
2026-04-01 22:01:26 | INFO |   Num devices       : 1
2026-04-01 22:01:26 | INFO |   Device            : TFRT_CPU_0
2026-04-01 22:01:26 | INFO | ============================================================
2026-04-01 22:01:26 | INFO | DQN+RND | seed=3, lr=0.01, gamma=0.99, beta=1.0
2026-04-01 22:01:26 | INFO | Env: mountaincar/sparse, obs_dim=2, num_actions=3
2026-04-01 22:02:00 | INFO | [Episode  100] eps=0.901  avg_reward=  -1.000  avg_length=200.00  avg_loss=  0.0051  avg_intrinsic=0.0004  eval_success=0.000
2026-04-01 22:02:32 | INFO | [Episode  200] eps=0.802  avg_reward=  -1.000  avg_length=200.00  avg_loss=  0.0048  avg_intrinsic=0.0004  eval_success=0.000
2026-04-01 22:03:06 | INFO | [Episode  300] eps=0.703  avg_reward=  -1.000  avg_length=200.00  avg_loss=  0.0048  avg_intrinsic=0.0003  eval_success=0.000
2026-04-01 22:03:41 | INFO | [Episode  400] eps=0.604  avg_reward=  -1.000  avg_length=200.00  avg_loss=  0.0049  avg_intrinsic=0.0003  eval_success=0.000
2026-04-01 22:04:16 | INFO | [Episode  500] eps=0.505  avg_reward=  -1.000  avg_length=200.00  avg_loss=  0.0044  avg_intrinsic=0.0003  eval_success=0.000
2026-04-01 22:04:52 | INFO | [Episode  600] eps=0.406  avg_reward=  -1.000  avg_length=200.00  avg_loss=  0.0046  avg_intrinsic=0.0003  eval_success=0.000
2026-04-01 22:05:39 | INFO | [Episode  700] eps=0.307  avg_reward=  -1.000  avg_length=200.00  avg_loss=  0.0044  avg_intrinsic=0.0003  eval_success=0.000
2026-04-01 22:06:21 | INFO | [Episode  800] eps=0.208  avg_reward=  -1.000  avg_length=200.00  avg_loss=  0.0044  avg_intrinsic=0.0003  eval_success=0.000
2026-04-01 22:07:00 | INFO | [Episode  900] eps=0.109  avg_reward=  -1.000  avg_length=200.00  avg_loss=  0.0042  avg_intrinsic=0.0003  eval_success=0.300
2026-04-01 22:07:47 | INFO | [Episode 1000] eps=0.010  avg_reward=  -0.880  avg_length=199.14  avg_loss=  0.0045  avg_intrinsic=0.0004  eval_success=0.000
2026-04-01 22:07:47 | INFO | DQN+RND training: 6m 21.46s
2026-04-01 22:08:09 | INFO | [Final Eval] success=0.000, mean_reward=-1.000
