2026-04-01 02:47:46 | INFO | ============================================================
2026-04-01 02:47:46 | INFO | DEVICE / COMPUTE INFORMATION
2026-04-01 02:47:46 | INFO |   JAX backend       : CPU
2026-04-01 02:47:46 | INFO |   Platform          : cpu
2026-04-01 02:47:46 | INFO |   Num devices       : 1
2026-04-01 02:47:46 | INFO |   Device            : TFRT_CPU_0
2026-04-01 02:47:46 | INFO | ============================================================
2026-04-01 02:47:46 | INFO | DQN+RND | seed=9, lr=0.001, gamma=0.95, beta=0.1
2026-04-01 02:47:46 | INFO | Env: cartpole/dense, obs_dim=4, num_actions=2
2026-04-01 02:48:19 | INFO | [Episode  100] eps=0.901  avg_reward=  22.260  avg_length= 22.26  avg_loss=  0.8241  avg_intrinsic=0.0033  eval_success=0.000
2026-04-01 02:48:49 | INFO | [Episode  200] eps=0.802  avg_reward=  20.590  avg_length= 20.59  avg_loss=  0.7126  avg_intrinsic=0.0068  eval_success=0.000
2026-04-01 02:49:20 | INFO | [Episode  300] eps=0.703  avg_reward=  18.410  avg_length= 18.41  avg_loss=  0.6499  avg_intrinsic=0.0169  eval_success=0.000
2026-04-01 02:49:53 | INFO | [Episode  400] eps=0.604  avg_reward=  15.110  avg_length= 15.11  avg_loss=  1.1753  avg_intrinsic=0.0108  eval_success=0.000
2026-04-01 02:50:25 | INFO | [Episode  500] eps=0.505  avg_reward=  14.750  avg_length= 14.75  avg_loss=  1.7550  avg_intrinsic=0.0096  eval_success=0.000
2026-04-01 02:50:58 | INFO | [Episode  600] eps=0.406  avg_reward=  13.120  avg_length= 13.12  avg_loss=  2.3318  avg_intrinsic=0.0147  eval_success=0.000
2026-04-01 02:51:33 | INFO | [Episode  700] eps=0.307  avg_reward=  11.440  avg_length= 11.44  avg_loss=  2.9864  avg_intrinsic=0.0122  eval_success=0.000
2026-04-01 02:52:07 | INFO | [Episode  800] eps=0.208  avg_reward=  14.810  avg_length= 14.81  avg_loss=  3.1398  avg_intrinsic=0.0010  eval_success=0.000
2026-04-01 02:52:44 | INFO | [Episode  900] eps=0.109  avg_reward=  54.510  avg_length= 54.51  avg_loss=  2.8841  avg_intrinsic=0.0004  eval_success=0.000
2026-04-01 02:53:23 | INFO | [Episode 1000] eps=0.010  avg_reward=  61.460  avg_length= 61.46  avg_loss=  2.9609  avg_intrinsic=0.0006  eval_success=0.000
2026-04-01 02:53:23 | INFO | DQN+RND training: 5m 56.05s
2026-04-01 02:53:34 | INFO | [Final Eval] success=0.020, mean_reward=93.100
