2026-04-01 04:14:59 | INFO | ============================================================
2026-04-01 04:14:59 | INFO | DEVICE / COMPUTE INFORMATION
2026-04-01 04:14:59 | INFO |   JAX backend       : CPU
2026-04-01 04:14:59 | INFO |   Platform          : cpu
2026-04-01 04:14:59 | INFO |   Num devices       : 1
2026-04-01 04:14:59 | INFO |   Device            : TFRT_CPU_0
2026-04-01 04:14:59 | INFO | ============================================================
2026-04-01 04:14:59 | INFO | DQN+RND | seed=8, lr=0.01, gamma=0.99, beta=1.0
2026-04-01 04:14:59 | INFO | Env: cartpole/sparse, obs_dim=4, num_actions=2
2026-04-01 04:15:33 | INFO | [Episode  100] eps=0.901  avg_reward=   1.000  avg_length= 21.06  avg_loss=  0.0338  avg_intrinsic=0.0021  eval_success=0.000
2026-04-01 04:16:05 | INFO | [Episode  200] eps=0.802  avg_reward=   1.000  avg_length= 18.79  avg_loss=  0.0239  avg_intrinsic=0.0247  eval_success=0.000
2026-04-01 04:16:36 | INFO | [Episode  300] eps=0.703  avg_reward=   1.000  avg_length= 15.03  avg_loss=  0.0143  avg_intrinsic=0.0080  eval_success=0.000
2026-04-01 04:17:08 | INFO | [Episode  400] eps=0.604  avg_reward=   1.000  avg_length= 13.64  avg_loss=  0.0067  avg_intrinsic=0.0033  eval_success=0.000
2026-04-01 04:17:40 | INFO | [Episode  500] eps=0.505  avg_reward=   1.000  avg_length= 12.92  avg_loss=  0.0027  avg_intrinsic=0.0216  eval_success=0.000
2026-04-01 04:18:13 | INFO | [Episode  600] eps=0.406  avg_reward=   1.000  avg_length= 12.04  avg_loss=  0.0030  avg_intrinsic=0.0221  eval_success=0.000
2026-04-01 04:18:46 | INFO | [Episode  700] eps=0.307  avg_reward=   1.000  avg_length= 11.55  avg_loss=  0.0050  avg_intrinsic=0.0327  eval_success=0.000
2026-04-01 04:19:20 | INFO | [Episode  800] eps=0.208  avg_reward=   1.000  avg_length= 10.98  avg_loss=  0.0065  avg_intrinsic=0.0202  eval_success=0.000
2026-04-01 04:19:56 | INFO | [Episode  900] eps=0.109  avg_reward=   1.000  avg_length= 10.34  avg_loss=  0.0066  avg_intrinsic=0.0191  eval_success=0.000
2026-04-01 04:20:33 | INFO | [Episode 1000] eps=0.010  avg_reward=   1.000  avg_length=  9.93  avg_loss=  0.0060  avg_intrinsic=0.0183  eval_success=0.000
2026-04-01 04:20:33 | INFO | DQN+RND training: 5m 53.25s
2026-04-01 04:20:35 | INFO | [Final Eval] success=0.000, mean_reward=1.000
