2026-04-01 00:38:30 | INFO | ============================================================
2026-04-01 00:38:30 | INFO | DEVICE / COMPUTE INFORMATION
2026-04-01 00:38:30 | INFO |   JAX backend       : CPU
2026-04-01 00:38:30 | INFO |   Platform          : cpu
2026-04-01 00:38:30 | INFO |   Num devices       : 1
2026-04-01 00:38:30 | INFO |   Device            : TFRT_CPU_0
2026-04-01 00:38:30 | INFO | ============================================================
2026-04-01 00:38:30 | INFO | DQN+RND | seed=4, lr=0.01, gamma=0.95, beta=0.1
2026-04-01 00:38:30 | INFO | Env: cartpole/dense, obs_dim=4, num_actions=2
2026-04-01 00:39:05 | INFO | [Episode  100] eps=0.901  avg_reward=  22.940  avg_length= 22.94  avg_loss=  0.2848  avg_intrinsic=0.0010  eval_success=0.100
2026-04-01 00:39:37 | INFO | [Episode  200] eps=0.802  avg_reward=  25.810  avg_length= 25.81  avg_loss=  0.8291  avg_intrinsic=0.0008  eval_success=1.000
2026-04-01 00:40:10 | INFO | [Episode  300] eps=0.703  avg_reward=  34.750  avg_length= 34.75  avg_loss=  1.5424  avg_intrinsic=0.0009  eval_success=0.000
2026-04-01 00:40:45 | INFO | [Episode  400] eps=0.604  avg_reward=  52.170  avg_length= 52.17  avg_loss=  2.2414  avg_intrinsic=0.0008  eval_success=1.000
2026-04-01 00:41:20 | INFO | [Episode  500] eps=0.505  avg_reward=  82.740  avg_length= 82.74  avg_loss=  4.2309  avg_intrinsic=0.0030  eval_success=1.000
2026-04-01 00:41:57 | INFO | [Episode  600] eps=0.406  avg_reward= 128.810  avg_length=128.81  avg_loss=  2.3307  avg_intrinsic=0.0010  eval_success=0.900
2026-04-01 00:42:34 | INFO | [Episode  700] eps=0.307  avg_reward= 168.210  avg_length=168.21  avg_loss=  3.0365  avg_intrinsic=0.0030  eval_success=0.500
2026-04-01 00:43:10 | INFO | [Episode  800] eps=0.208  avg_reward= 181.050  avg_length=181.05  avg_loss=  0.7132  avg_intrinsic=0.0002  eval_success=0.600
2026-04-01 00:43:49 | INFO | [Episode  900] eps=0.109  avg_reward= 190.260  avg_length=190.26  avg_loss=  0.4293  avg_intrinsic=0.0016  eval_success=0.300
2026-04-01 00:44:29 | INFO | [Episode 1000] eps=0.010  avg_reward= 178.910  avg_length=178.91  avg_loss=  0.1877  avg_intrinsic=0.0023  eval_success=0.300
2026-04-01 00:44:29 | INFO | DQN+RND training: 6m 20.41s
2026-04-01 00:44:53 | INFO | [Final Eval] success=0.370, mean_reward=184.300
