2026-04-01 01:55:12 | INFO | ============================================================
2026-04-01 01:55:12 | INFO | DEVICE / COMPUTE INFORMATION
2026-04-01 01:55:12 | INFO |   JAX backend       : CPU
2026-04-01 01:55:12 | INFO |   Platform          : cpu
2026-04-01 01:55:12 | INFO |   Num devices       : 1
2026-04-01 01:55:12 | INFO |   Device            : TFRT_CPU_0
2026-04-01 01:55:12 | INFO | ============================================================
2026-04-01 01:55:12 | INFO | DQN+RND | seed=0, lr=0.0005, gamma=0.95, beta=1.0
2026-04-01 01:55:12 | INFO | Env: cartpole/dense, obs_dim=4, num_actions=2
2026-04-01 01:55:44 | INFO | [Episode  100] eps=0.901  avg_reward=  21.610  avg_length= 21.61  avg_loss=  0.8834  avg_intrinsic=0.0013  eval_success=0.000
2026-04-01 01:56:15 | INFO | [Episode  200] eps=0.802  avg_reward=  19.640  avg_length= 19.64  avg_loss=  0.8924  avg_intrinsic=0.0133  eval_success=0.000
2026-04-01 01:56:45 | INFO | [Episode  300] eps=0.703  avg_reward=  18.960  avg_length= 18.96  avg_loss=  0.8549  avg_intrinsic=0.0035  eval_success=0.000
2026-04-01 01:57:15 | INFO | [Episode  400] eps=0.604  avg_reward=  16.540  avg_length= 16.54  avg_loss=  0.8497  avg_intrinsic=0.0180  eval_success=0.000
2026-04-01 01:57:46 | INFO | [Episode  500] eps=0.505  avg_reward=  14.510  avg_length= 14.51  avg_loss=  0.9726  avg_intrinsic=0.0117  eval_success=0.000
2026-04-01 01:58:19 | INFO | [Episode  600] eps=0.406  avg_reward=  13.520  avg_length= 13.52  avg_loss=  1.4297  avg_intrinsic=0.0123  eval_success=0.000
2026-04-01 01:58:54 | INFO | [Episode  700] eps=0.307  avg_reward=  12.140  avg_length= 12.14  avg_loss=  2.1058  avg_intrinsic=0.0198  eval_success=0.000
2026-04-01 01:59:29 | INFO | [Episode  800] eps=0.208  avg_reward=  11.110  avg_length= 11.11  avg_loss=  2.3339  avg_intrinsic=0.0129  eval_success=0.000
2026-04-01 02:00:03 | INFO | [Episode  900] eps=0.109  avg_reward=  13.260  avg_length= 13.26  avg_loss=  2.3698  avg_intrinsic=0.0268  eval_success=0.000
2026-04-01 02:00:44 | INFO | [Episode 1000] eps=0.010  avg_reward=   9.570  avg_length=  9.57  avg_loss=  2.7163  avg_intrinsic=0.0236  eval_success=0.000
2026-04-01 02:00:44 | INFO | DQN+RND training: 5m 45.04s
2026-04-01 02:00:45 | INFO | [Final Eval] success=0.000, mean_reward=9.360
