2026-03-31 20:07:33 | INFO | ============================================================
2026-03-31 20:07:33 | INFO | DEVICE / COMPUTE INFORMATION
2026-03-31 20:07:33 | INFO |   JAX backend       : CPU
2026-03-31 20:07:33 | INFO |   Platform          : cpu
2026-03-31 20:07:33 | INFO |   Num devices       : 1
2026-03-31 20:07:33 | INFO |   Device            : TFRT_CPU_0
2026-03-31 20:07:33 | INFO | ============================================================
2026-03-31 20:07:33 | INFO | DQN+RND | seed=4, lr=0.001, gamma=0.99, beta=0.1
2026-03-31 20:07:33 | INFO | Env: cartpole/dense, obs_dim=4, num_actions=2
2026-03-31 20:08:07 | INFO | [Episode  100] eps=0.901  avg_reward=  22.300  avg_length= 22.30  avg_loss=  0.8463  avg_intrinsic=0.0033  eval_success=0.000
2026-03-31 20:08:40 | INFO | [Episode  200] eps=0.802  avg_reward=  20.640  avg_length= 20.64  avg_loss=  0.8465  avg_intrinsic=0.0033  eval_success=0.000
2026-03-31 20:09:12 | INFO | [Episode  300] eps=0.703  avg_reward=  17.640  avg_length= 17.64  avg_loss=  0.7773  avg_intrinsic=0.0086  eval_success=0.000
2026-03-31 20:09:46 | INFO | [Episode  400] eps=0.604  avg_reward=  17.540  avg_length= 17.54  avg_loss=  1.3598  avg_intrinsic=0.0060  eval_success=0.000
2026-03-31 20:10:19 | INFO | [Episode  500] eps=0.505  avg_reward=  23.310  avg_length= 23.31  avg_loss=  2.2951  avg_intrinsic=0.0069  eval_success=0.000
2026-03-31 20:10:54 | INFO | [Episode  600] eps=0.406  avg_reward=  14.200  avg_length= 14.20  avg_loss=  3.6286  avg_intrinsic=0.0085  eval_success=0.000
2026-03-31 20:11:29 | INFO | [Episode  700] eps=0.307  avg_reward=  11.950  avg_length= 11.95  avg_loss=  4.9910  avg_intrinsic=0.0025  eval_success=0.000
2026-03-31 20:12:05 | INFO | [Episode  800] eps=0.208  avg_reward=  32.310  avg_length= 32.31  avg_loss=  5.4868  avg_intrinsic=0.0003  eval_success=0.000
2026-03-31 20:12:43 | INFO | [Episode  900] eps=0.109  avg_reward=  61.020  avg_length= 61.02  avg_loss=  6.5303  avg_intrinsic=0.0007  eval_success=0.000
2026-03-31 20:13:23 | INFO | [Episode 1000] eps=0.010  avg_reward=  76.800  avg_length= 76.80  avg_loss=  7.8852  avg_intrinsic=0.0015  eval_success=0.000
2026-03-31 20:13:23 | INFO | DQN+RND training: 6m 1.36s
2026-03-31 20:13:35 | INFO | [Final Eval] success=0.010, mean_reward=88.450
