2026-04-01 00:20:01 | INFO | ============================================================
2026-04-01 00:20:01 | INFO | DEVICE / COMPUTE INFORMATION
2026-04-01 00:20:01 | INFO |   JAX backend       : CPU
2026-04-01 00:20:01 | INFO |   Platform          : cpu
2026-04-01 00:20:01 | INFO |   Num devices       : 1
2026-04-01 00:20:01 | INFO |   Device            : TFRT_CPU_0
2026-04-01 00:20:01 | INFO | ============================================================
2026-04-01 00:20:01 | INFO | DQN+RND | seed=8, lr=0.001, gamma=0.99, beta=1.0
2026-04-01 00:20:01 | INFO | Env: cartpole/dense, obs_dim=4, num_actions=2
2026-04-01 00:20:35 | INFO | [Episode  100] eps=0.901  avg_reward=  23.180  avg_length= 23.18  avg_loss=  0.8695  avg_intrinsic=0.0112  eval_success=0.000
2026-04-01 00:21:06 | INFO | [Episode  200] eps=0.802  avg_reward=  21.070  avg_length= 21.07  avg_loss=  0.8913  avg_intrinsic=0.0246  eval_success=0.000
2026-04-01 00:21:38 | INFO | [Episode  300] eps=0.703  avg_reward=  17.730  avg_length= 17.73  avg_loss=  0.8814  avg_intrinsic=0.0196  eval_success=0.000
2026-04-01 00:22:11 | INFO | [Episode  400] eps=0.604  avg_reward=  15.950  avg_length= 15.95  avg_loss=  1.2622  avg_intrinsic=0.0033  eval_success=0.000
2026-04-01 00:22:44 | INFO | [Episode  500] eps=0.505  avg_reward=  14.880  avg_length= 14.88  avg_loss=  2.2024  avg_intrinsic=0.0135  eval_success=0.000
2026-04-01 00:23:20 | INFO | [Episode  600] eps=0.406  avg_reward=  19.030  avg_length= 19.03  avg_loss=  3.3634  avg_intrinsic=0.0136  eval_success=0.000
2026-04-01 00:23:53 | INFO | [Episode  700] eps=0.307  avg_reward=  11.640  avg_length= 11.64  avg_loss=  4.9071  avg_intrinsic=0.0180  eval_success=0.000
2026-04-01 00:24:29 | INFO | [Episode  800] eps=0.208  avg_reward=  11.600  avg_length= 11.60  avg_loss=  5.9656  avg_intrinsic=0.0043  eval_success=0.000
2026-04-01 00:25:06 | INFO | [Episode  900] eps=0.109  avg_reward=  28.730  avg_length= 28.73  avg_loss=  6.2237  avg_intrinsic=0.0008  eval_success=0.000
2026-04-01 00:25:45 | INFO | [Episode 1000] eps=0.010  avg_reward=  51.020  avg_length= 51.02  avg_loss=  7.2141  avg_intrinsic=0.0009  eval_success=0.000
2026-04-01 00:25:45 | INFO | DQN+RND training: 6m 2.68s
2026-04-01 00:25:56 | INFO | [Final Eval] success=0.000, mean_reward=76.860
