2026-04-01 07:15:25 | INFO | ============================================================
2026-04-01 07:15:25 | INFO | DEVICE / COMPUTE INFORMATION
2026-04-01 07:15:25 | INFO |   JAX backend       : CPU
2026-04-01 07:15:25 | INFO |   Platform          : cpu
2026-04-01 07:15:25 | INFO |   Num devices       : 1
2026-04-01 07:15:25 | INFO |   Device            : TFRT_CPU_0
2026-04-01 07:15:25 | INFO | ============================================================
2026-04-01 07:15:25 | INFO | DQN+RND | seed=0, lr=0.0005, gamma=0.95, beta=0.1
2026-04-01 07:15:25 | INFO | Env: cartpole/sparse, obs_dim=4, num_actions=2
2026-04-01 07:15:57 | INFO | [Episode  100] eps=0.901  avg_reward=   1.000  avg_length= 21.77  avg_loss=  0.0442  avg_intrinsic=0.0042  eval_success=0.000
2026-04-01 07:16:29 | INFO | [Episode  200] eps=0.802  avg_reward=   1.000  avg_length= 20.10  avg_loss=  0.0404  avg_intrinsic=0.0096  eval_success=0.000
2026-04-01 07:16:59 | INFO | [Episode  300] eps=0.703  avg_reward=   1.000  avg_length= 18.97  avg_loss=  0.0414  avg_intrinsic=0.0111  eval_success=0.000
2026-04-01 07:17:30 | INFO | [Episode  400] eps=0.604  avg_reward=   1.000  avg_length= 18.51  avg_loss=  0.0397  avg_intrinsic=0.0023  eval_success=0.000
2026-04-01 07:18:01 | INFO | [Episode  500] eps=0.505  avg_reward=   1.000  avg_length= 15.46  avg_loss=  0.0412  avg_intrinsic=0.0075  eval_success=0.000
2026-04-01 07:18:34 | INFO | [Episode  600] eps=0.406  avg_reward=   1.000  avg_length= 14.68  avg_loss=  0.0417  avg_intrinsic=0.0008  eval_success=0.000
2026-04-01 07:19:07 | INFO | [Episode  700] eps=0.307  avg_reward=   1.000  avg_length= 14.52  avg_loss=  0.0408  avg_intrinsic=0.0036  eval_success=0.000
2026-04-01 07:19:39 | INFO | [Episode  800] eps=0.208  avg_reward=   1.000  avg_length= 16.96  avg_loss=  0.0412  avg_intrinsic=0.0004  eval_success=0.000
2026-04-01 07:20:14 | INFO | [Episode  900] eps=0.109  avg_reward=   1.000  avg_length= 23.96  avg_loss=  0.0373  avg_intrinsic=0.0224  eval_success=0.000
2026-04-01 07:20:53 | INFO | [Episode 1000] eps=0.010  avg_reward=   1.000  avg_length= 26.10  avg_loss=  0.0338  avg_intrinsic=0.0245  eval_success=0.000
2026-04-01 07:20:53 | INFO | DQN+RND training: 5m 47.57s
2026-04-01 07:20:57 | INFO | [Final Eval] success=0.000, mean_reward=1.000
