2026-04-01 01:31:59 | INFO | ============================================================
2026-04-01 01:31:59 | INFO | DEVICE / COMPUTE INFORMATION
2026-04-01 01:31:59 | INFO |   JAX backend       : CPU
2026-04-01 01:31:59 | INFO |   Platform          : cpu
2026-04-01 01:31:59 | INFO |   Num devices       : 1
2026-04-01 01:31:59 | INFO |   Device            : TFRT_CPU_0
2026-04-01 01:31:59 | INFO | ============================================================
2026-04-01 01:31:59 | INFO | DQN+RND | seed=2, lr=0.0005, gamma=0.95, beta=0.1
2026-04-01 01:31:59 | INFO | Env: cartpole/dense, obs_dim=4, num_actions=2
2026-04-01 01:32:33 | INFO | [Episode  100] eps=0.901  avg_reward=  23.100  avg_length= 23.10  avg_loss=  0.9160  avg_intrinsic=0.0012  eval_success=0.000
2026-04-01 01:33:04 | INFO | [Episode  200] eps=0.802  avg_reward=  27.680  avg_length= 27.68  avg_loss=  0.9268  avg_intrinsic=0.0117  eval_success=0.000
2026-04-01 01:33:35 | INFO | [Episode  300] eps=0.703  avg_reward=  30.550  avg_length= 30.55  avg_loss=  0.8932  avg_intrinsic=0.0006  eval_success=0.000
2026-04-01 01:34:07 | INFO | [Episode  400] eps=0.604  avg_reward=  30.440  avg_length= 30.44  avg_loss=  0.8419  avg_intrinsic=0.0054  eval_success=0.000
2026-04-01 01:34:39 | INFO | [Episode  500] eps=0.505  avg_reward=  18.840  avg_length= 18.84  avg_loss=  0.7324  avg_intrinsic=0.0076  eval_success=0.000
2026-04-01 01:35:12 | INFO | [Episode  600] eps=0.406  avg_reward=  13.310  avg_length= 13.31  avg_loss=  0.7193  avg_intrinsic=0.0169  eval_success=0.000
2026-04-01 01:35:46 | INFO | [Episode  700] eps=0.307  avg_reward=  11.520  avg_length= 11.52  avg_loss=  1.0617  avg_intrinsic=0.0219  eval_success=0.000
2026-04-01 01:36:20 | INFO | [Episode  800] eps=0.208  avg_reward=  11.090  avg_length= 11.09  avg_loss=  1.6572  avg_intrinsic=0.0083  eval_success=0.000
2026-04-01 01:36:56 | INFO | [Episode  900] eps=0.109  avg_reward=  11.520  avg_length= 11.52  avg_loss=  2.0966  avg_intrinsic=0.0006  eval_success=0.000
2026-04-01 01:37:33 | INFO | [Episode 1000] eps=0.010  avg_reward=  44.800  avg_length= 44.80  avg_loss=  2.4011  avg_intrinsic=0.0013  eval_success=0.000
2026-04-01 01:37:34 | INFO | DQN+RND training: 5m 47.89s
2026-04-01 01:37:35 | INFO | [Final Eval] success=0.000, mean_reward=12.690
