2026-04-01 09:06:58 | INFO | ============================================================
2026-04-01 09:06:58 | INFO | DEVICE / COMPUTE INFORMATION
2026-04-01 09:06:58 | INFO |   JAX backend       : CPU
2026-04-01 09:06:58 | INFO |   Platform          : cpu
2026-04-01 09:06:58 | INFO |   Num devices       : 1
2026-04-01 09:06:58 | INFO |   Device            : TFRT_CPU_0
2026-04-01 09:06:58 | INFO | ============================================================
2026-04-01 09:06:58 | INFO | DQN+RND | seed=8, lr=0.001, gamma=0.95, beta=1.0
2026-04-01 09:06:58 | INFO | Env: cartpole/sparse, obs_dim=4, num_actions=2
2026-04-01 09:07:30 | INFO | [Episode  100] eps=0.901  avg_reward=   1.000  avg_length= 22.43  avg_loss=  0.0408  avg_intrinsic=0.0021  eval_success=0.000
2026-04-01 09:08:01 | INFO | [Episode  200] eps=0.802  avg_reward=   1.000  avg_length= 26.34  avg_loss=  0.0400  avg_intrinsic=0.0064  eval_success=0.000
2026-04-01 09:08:33 | INFO | [Episode  300] eps=0.703  avg_reward=   1.000  avg_length= 25.11  avg_loss=  0.0351  avg_intrinsic=0.0074  eval_success=0.000
2026-04-01 09:09:05 | INFO | [Episode  400] eps=0.604  avg_reward=   1.000  avg_length= 24.15  avg_loss=  0.0326  avg_intrinsic=0.0033  eval_success=0.000
2026-04-01 09:09:37 | INFO | [Episode  500] eps=0.505  avg_reward=   1.000  avg_length= 23.20  avg_loss=  0.0314  avg_intrinsic=0.0023  eval_success=0.000
2026-04-01 09:10:11 | INFO | [Episode  600] eps=0.406  avg_reward=   1.000  avg_length= 19.52  avg_loss=  0.0310  avg_intrinsic=0.0061  eval_success=0.000
2026-04-01 09:10:45 | INFO | [Episode  700] eps=0.307  avg_reward=   1.000  avg_length= 17.88  avg_loss=  0.0302  avg_intrinsic=0.0055  eval_success=0.000
2026-04-01 09:11:19 | INFO | [Episode  800] eps=0.208  avg_reward=   1.000  avg_length= 15.84  avg_loss=  0.0299  avg_intrinsic=0.0057  eval_success=0.000
2026-04-01 09:11:55 | INFO | [Episode  900] eps=0.109  avg_reward=   1.000  avg_length= 14.23  avg_loss=  0.0287  avg_intrinsic=0.0052  eval_success=0.000
2026-04-01 09:12:34 | INFO | [Episode 1000] eps=0.010  avg_reward=   1.000  avg_length= 13.17  avg_loss=  0.0284  avg_intrinsic=0.0077  eval_success=0.000
2026-04-01 09:12:34 | INFO | DQN+RND training: 5m 55.20s
2026-04-01 09:12:35 | INFO | [Final Eval] success=0.000, mean_reward=1.000
