2026-04-01 06:05:57 | INFO | ============================================================
2026-04-01 06:05:57 | INFO | DEVICE / COMPUTE INFORMATION
2026-04-01 06:05:57 | INFO |   JAX backend       : CPU
2026-04-01 06:05:57 | INFO |   Platform          : cpu
2026-04-01 06:05:57 | INFO |   Num devices       : 1
2026-04-01 06:05:57 | INFO |   Device            : TFRT_CPU_0
2026-04-01 06:05:57 | INFO | ============================================================
2026-04-01 06:05:57 | INFO | DQN+RND | seed=7, lr=0.001, gamma=0.99, beta=1.0
2026-04-01 06:05:57 | INFO | Env: cartpole/sparse, obs_dim=4, num_actions=2
2026-04-01 06:06:29 | INFO | [Episode  100] eps=0.901  avg_reward=   1.000  avg_length= 22.01  avg_loss=  0.0437  avg_intrinsic=0.0023  eval_success=0.000
2026-04-01 06:07:00 | INFO | [Episode  200] eps=0.802  avg_reward=   1.000  avg_length= 19.86  avg_loss=  0.0428  avg_intrinsic=0.0028  eval_success=0.000
2026-04-01 06:07:31 | INFO | [Episode  300] eps=0.703  avg_reward=   1.000  avg_length= 24.20  avg_loss=  0.0377  avg_intrinsic=0.0054  eval_success=0.000
2026-04-01 06:08:02 | INFO | [Episode  400] eps=0.604  avg_reward=   1.000  avg_length= 24.34  avg_loss=  0.0313  avg_intrinsic=0.0078  eval_success=0.000
2026-04-01 06:08:35 | INFO | [Episode  500] eps=0.505  avg_reward=   1.000  avg_length= 21.86  avg_loss=  0.0264  avg_intrinsic=0.0003  eval_success=0.000
2026-04-01 06:09:07 | INFO | [Episode  600] eps=0.406  avg_reward=   1.000  avg_length= 16.63  avg_loss=  0.0238  avg_intrinsic=0.0052  eval_success=0.000
2026-04-01 06:09:40 | INFO | [Episode  700] eps=0.307  avg_reward=   1.000  avg_length= 11.92  avg_loss=  0.0212  avg_intrinsic=0.0075  eval_success=0.000
2026-04-01 06:10:14 | INFO | [Episode  800] eps=0.208  avg_reward=   1.000  avg_length= 10.57  avg_loss=  0.0183  avg_intrinsic=0.0037  eval_success=0.000
2026-04-01 06:10:49 | INFO | [Episode  900] eps=0.109  avg_reward=   1.000  avg_length= 10.26  avg_loss=  0.0160  avg_intrinsic=0.0039  eval_success=0.000
2026-04-01 06:11:26 | INFO | [Episode 1000] eps=0.010  avg_reward=   1.000  avg_length=  9.63  avg_loss=  0.0133  avg_intrinsic=0.0059  eval_success=0.000
2026-04-01 06:11:26 | INFO | DQN+RND training: 5m 46.27s
2026-04-01 06:11:28 | INFO | [Final Eval] success=0.000, mean_reward=1.000
