2026-04-01 04:38:32 | INFO | ============================================================
2026-04-01 04:38:32 | INFO | DEVICE / COMPUTE INFORMATION
2026-04-01 04:38:32 | INFO |   JAX backend       : CPU
2026-04-01 04:38:32 | INFO |   Platform          : cpu
2026-04-01 04:38:32 | INFO |   Num devices       : 1
2026-04-01 04:38:32 | INFO |   Device            : TFRT_CPU_0
2026-04-01 04:38:32 | INFO | ============================================================
2026-04-01 04:38:32 | INFO | DQN+RND | seed=7, lr=0.0005, gamma=0.99, beta=0.1
2026-04-01 04:38:32 | INFO | Env: cartpole/sparse, obs_dim=4, num_actions=2
2026-04-01 04:39:04 | INFO | [Episode  100] eps=0.901  avg_reward=   1.000  avg_length= 21.64  avg_loss=  0.0445  avg_intrinsic=0.0023  eval_success=0.000
2026-04-01 04:39:34 | INFO | [Episode  200] eps=0.802  avg_reward=   1.000  avg_length= 19.58  avg_loss=  0.0446  avg_intrinsic=0.0028  eval_success=0.000
2026-04-01 04:40:05 | INFO | [Episode  300] eps=0.703  avg_reward=   1.000  avg_length= 22.48  avg_loss=  0.0431  avg_intrinsic=0.0048  eval_success=0.000
2026-04-01 04:40:34 | INFO | [Episode  400] eps=0.604  avg_reward=   1.000  avg_length= 23.58  avg_loss=  0.0395  avg_intrinsic=0.0078  eval_success=0.000
2026-04-01 04:41:06 | INFO | [Episode  500] eps=0.505  avg_reward=   1.000  avg_length= 22.01  avg_loss=  0.0354  avg_intrinsic=0.0084  eval_success=0.000
2026-04-01 04:41:38 | INFO | [Episode  600] eps=0.406  avg_reward=   1.000  avg_length= 21.35  avg_loss=  0.0337  avg_intrinsic=0.0052  eval_success=0.000
2026-04-01 04:42:11 | INFO | [Episode  700] eps=0.307  avg_reward=   1.000  avg_length= 15.33  avg_loss=  0.0305  avg_intrinsic=0.0058  eval_success=0.000
2026-04-01 04:42:45 | INFO | [Episode  800] eps=0.208  avg_reward=   1.000  avg_length= 10.74  avg_loss=  0.0284  avg_intrinsic=0.0037  eval_success=0.000
2026-04-01 04:43:21 | INFO | [Episode  900] eps=0.109  avg_reward=   1.000  avg_length= 10.26  avg_loss=  0.0270  avg_intrinsic=0.0039  eval_success=0.000
2026-04-01 04:44:01 | INFO | [Episode 1000] eps=0.010  avg_reward=   1.000  avg_length=  9.63  avg_loss=  0.0238  avg_intrinsic=0.0059  eval_success=0.000
2026-04-01 04:44:01 | INFO | DQN+RND training: 5m 48.59s
2026-04-01 04:44:03 | INFO | [Final Eval] success=0.000, mean_reward=1.000
