2026-03-31 18:27:11 | INFO | ============================================================
2026-03-31 18:27:11 | INFO | DEVICE / COMPUTE INFORMATION
2026-03-31 18:27:11 | INFO |   JAX backend       : CPU
2026-03-31 18:27:11 | INFO |   Platform          : cpu
2026-03-31 18:27:11 | INFO |   Num devices       : 1
2026-03-31 18:27:11 | INFO |   Device            : TFRT_CPU_0
2026-03-31 18:27:11 | INFO | ============================================================
2026-03-31 18:27:11 | INFO | DQN+RND | seed=5, lr=0.01, gamma=0.99, beta=1.0
2026-03-31 18:27:11 | INFO | Env: cartpole/dense, obs_dim=4, num_actions=2
2026-03-31 18:27:45 | INFO | [Episode  100] eps=0.901  avg_reward=  24.210  avg_length= 24.21  avg_loss=  0.3512  avg_intrinsic=0.0039  eval_success=0.000
2026-03-31 18:28:20 | INFO | [Episode  200] eps=0.802  avg_reward=  23.210  avg_length= 23.21  avg_loss=  1.1127  avg_intrinsic=0.0081  eval_success=0.000
2026-03-31 18:28:56 | INFO | [Episode  300] eps=0.703  avg_reward=  34.570  avg_length= 34.57  avg_loss=  2.1860  avg_intrinsic=0.0012  eval_success=0.200
2026-03-31 18:29:32 | INFO | [Episode  400] eps=0.604  avg_reward=  58.760  avg_length= 58.76  avg_loss=  3.9377  avg_intrinsic=0.0022  eval_success=1.000
2026-03-31 18:30:09 | INFO | [Episode  500] eps=0.505  avg_reward=  77.440  avg_length= 77.44  avg_loss=  4.7771  avg_intrinsic=0.0034  eval_success=1.000
2026-03-31 18:30:48 | INFO | [Episode  600] eps=0.406  avg_reward= 140.160  avg_length=140.16  avg_loss=  3.8730  avg_intrinsic=0.0005  eval_success=0.700
2026-03-31 18:31:27 | INFO | [Episode  700] eps=0.307  avg_reward= 165.610  avg_length=165.61  avg_loss=  2.3964  avg_intrinsic=0.0016  eval_success=0.500
2026-03-31 18:32:06 | INFO | [Episode  800] eps=0.208  avg_reward= 168.530  avg_length=168.53  avg_loss=  1.3256  avg_intrinsic=0.0109  eval_success=0.100
2026-03-31 18:32:49 | INFO | [Episode  900] eps=0.109  avg_reward= 187.190  avg_length=187.19  avg_loss=  0.8776  avg_intrinsic=0.0092  eval_success=0.800
2026-03-31 18:33:31 | INFO | [Episode 1000] eps=0.010  avg_reward= 194.170  avg_length=194.17  avg_loss=  0.5182  avg_intrinsic=0.0035  eval_success=0.300
2026-03-31 18:33:31 | INFO | DQN+RND training: 6m 32.03s
2026-03-31 18:33:55 | INFO | [Final Eval] success=0.070, mean_reward=184.620
