2026-03-31 23:50:06 | INFO | ============================================================
2026-03-31 23:50:06 | INFO | DEVICE / COMPUTE INFORMATION
2026-03-31 23:50:06 | INFO |   JAX backend       : CPU
2026-03-31 23:50:06 | INFO |   Platform          : cpu
2026-03-31 23:50:06 | INFO |   Num devices       : 1
2026-03-31 23:50:06 | INFO |   Device            : TFRT_CPU_0
2026-03-31 23:50:06 | INFO | ============================================================
2026-03-31 23:50:06 | INFO | DQN+RND | seed=8, lr=0.001, gamma=0.99, beta=0.1
2026-03-31 23:50:06 | INFO | Env: cartpole/dense, obs_dim=4, num_actions=2
2026-03-31 23:50:40 | INFO | [Episode  100] eps=0.901  avg_reward=  23.180  avg_length= 23.18  avg_loss=  0.8653  avg_intrinsic=0.0112  eval_success=0.000
2026-03-31 23:51:12 | INFO | [Episode  200] eps=0.802  avg_reward=  21.070  avg_length= 21.07  avg_loss=  0.8875  avg_intrinsic=0.0246  eval_success=0.000
2026-03-31 23:51:43 | INFO | [Episode  300] eps=0.703  avg_reward=  17.730  avg_length= 17.73  avg_loss=  0.8788  avg_intrinsic=0.0196  eval_success=0.000
2026-03-31 23:52:15 | INFO | [Episode  400] eps=0.604  avg_reward=  15.950  avg_length= 15.95  avg_loss=  1.2508  avg_intrinsic=0.0033  eval_success=0.000
2026-03-31 23:52:47 | INFO | [Episode  500] eps=0.505  avg_reward=  14.880  avg_length= 14.88  avg_loss=  2.1780  avg_intrinsic=0.0135  eval_success=0.000
2026-03-31 23:53:22 | INFO | [Episode  600] eps=0.406  avg_reward=  16.970  avg_length= 16.97  avg_loss=  3.1765  avg_intrinsic=0.0136  eval_success=0.000
2026-03-31 23:53:56 | INFO | [Episode  700] eps=0.307  avg_reward=  11.640  avg_length= 11.64  avg_loss=  4.8178  avg_intrinsic=0.0180  eval_success=0.000
2026-03-31 23:54:32 | INFO | [Episode  800] eps=0.208  avg_reward=  12.190  avg_length= 12.19  avg_loss=  5.9733  avg_intrinsic=0.0015  eval_success=0.000
2026-03-31 23:55:09 | INFO | [Episode  900] eps=0.109  avg_reward=  40.640  avg_length= 40.64  avg_loss=  6.2875  avg_intrinsic=0.0008  eval_success=0.000
2026-03-31 23:55:49 | INFO | [Episode 1000] eps=0.010  avg_reward=  52.920  avg_length= 52.92  avg_loss=  7.4834  avg_intrinsic=0.0008  eval_success=0.000
2026-03-31 23:55:49 | INFO | DQN+RND training: 6m 0.53s
2026-03-31 23:55:58 | INFO | [Final Eval] success=0.000, mean_reward=74.000
