2026-04-01 04:50:08 | INFO | ============================================================
2026-04-01 04:50:08 | INFO | DEVICE / COMPUTE INFORMATION
2026-04-01 04:50:08 | INFO |   JAX backend       : CPU
2026-04-01 04:50:08 | INFO |   Platform          : cpu
2026-04-01 04:50:08 | INFO |   Num devices       : 1
2026-04-01 04:50:08 | INFO |   Device            : TFRT_CPU_0
2026-04-01 04:50:08 | INFO | ============================================================
2026-04-01 04:50:08 | INFO | DQN+RND | seed=0, lr=0.0005, gamma=0.99, beta=1.0
2026-04-01 04:50:08 | INFO | Env: cartpole/sparse, obs_dim=4, num_actions=2
2026-04-01 04:50:42 | INFO | [Episode  100] eps=0.901  avg_reward=   1.000  avg_length= 21.77  avg_loss=  0.0446  avg_intrinsic=0.0042  eval_success=0.000
2026-04-01 04:51:12 | INFO | [Episode  200] eps=0.802  avg_reward=   1.000  avg_length= 20.65  avg_loss=  0.0414  avg_intrinsic=0.0097  eval_success=0.000
2026-04-01 04:51:44 | INFO | [Episode  300] eps=0.703  avg_reward=   1.000  avg_length= 19.01  avg_loss=  0.0416  avg_intrinsic=0.0111  eval_success=0.000
2026-04-01 04:52:15 | INFO | [Episode  400] eps=0.604  avg_reward=   1.000  avg_length= 18.66  avg_loss=  0.0408  avg_intrinsic=0.0023  eval_success=0.000
2026-04-01 04:52:46 | INFO | [Episode  500] eps=0.505  avg_reward=   1.000  avg_length= 15.53  avg_loss=  0.0416  avg_intrinsic=0.0075  eval_success=0.000
2026-04-01 04:53:19 | INFO | [Episode  600] eps=0.406  avg_reward=   1.000  avg_length= 14.68  avg_loss=  0.0418  avg_intrinsic=0.0008  eval_success=0.000
2026-04-01 04:53:54 | INFO | [Episode  700] eps=0.307  avg_reward=   1.000  avg_length= 13.99  avg_loss=  0.0397  avg_intrinsic=0.0035  eval_success=0.000
2026-04-01 04:54:28 | INFO | [Episode  800] eps=0.208  avg_reward=   1.000  avg_length= 13.56  avg_loss=  0.0409  avg_intrinsic=0.0017  eval_success=0.000
2026-04-01 04:55:04 | INFO | [Episode  900] eps=0.109  avg_reward=   1.000  avg_length= 14.25  avg_loss=  0.0402  avg_intrinsic=0.0003  eval_success=0.000
2026-04-01 04:55:44 | INFO | [Episode 1000] eps=0.010  avg_reward=   1.000  avg_length= 16.16  avg_loss=  0.0385  avg_intrinsic=0.0007  eval_success=0.000
2026-04-01 04:55:44 | INFO | DQN+RND training: 5m 55.57s
2026-04-01 04:55:47 | INFO | [Final Eval] success=0.000, mean_reward=1.000
