2026-04-01 11:39:11 | INFO | ============================================================
2026-04-01 11:39:11 | INFO | DEVICE / COMPUTE INFORMATION
2026-04-01 11:39:11 | INFO |   JAX backend       : CPU
2026-04-01 11:39:11 | INFO |   Platform          : cpu
2026-04-01 11:39:11 | INFO |   Num devices       : 1
2026-04-01 11:39:11 | INFO |   Device            : TFRT_CPU_0
2026-04-01 11:39:11 | INFO | ============================================================
2026-04-01 11:39:11 | INFO | DQN+RND | seed=6, lr=0.001, gamma=0.99, beta=0.1
2026-04-01 11:39:11 | INFO | Env: mountaincar/dense, obs_dim=2, num_actions=3
2026-04-01 11:39:45 | INFO | [Episode  100] eps=0.901  avg_reward=-200.000  avg_length=200.00  avg_loss=  0.9279  avg_intrinsic=0.0003  eval_success=0.000
2026-04-01 11:40:18 | INFO | [Episode  200] eps=0.802  avg_reward=-200.000  avg_length=200.00  avg_loss=  0.9066  avg_intrinsic=0.0003  eval_success=0.000
2026-04-01 11:40:50 | INFO | [Episode  300] eps=0.703  avg_reward=-200.000  avg_length=200.00  avg_loss=  0.8747  avg_intrinsic=0.0004  eval_success=0.000
2026-04-01 11:41:24 | INFO | [Episode  400] eps=0.604  avg_reward=-200.000  avg_length=200.00  avg_loss=  0.9093  avg_intrinsic=0.0002  eval_success=0.000
2026-04-01 11:41:58 | INFO | [Episode  500] eps=0.505  avg_reward=-200.000  avg_length=200.00  avg_loss=  4.3071  avg_intrinsic=0.0002  eval_success=0.000
2026-04-01 11:42:32 | INFO | [Episode  600] eps=0.406  avg_reward=-200.000  avg_length=200.00  avg_loss=  9.2938  avg_intrinsic=0.0002  eval_success=0.000
2026-04-01 11:43:08 | INFO | [Episode  700] eps=0.307  avg_reward=-200.000  avg_length=200.00  avg_loss= 12.4226  avg_intrinsic=0.0002  eval_success=0.000
2026-04-01 11:43:43 | INFO | [Episode  800] eps=0.208  avg_reward=-200.000  avg_length=200.00  avg_loss= 14.5611  avg_intrinsic=0.0001  eval_success=0.000
2026-04-01 11:44:20 | INFO | [Episode  900] eps=0.109  avg_reward=-200.000  avg_length=200.00  avg_loss= 15.3641  avg_intrinsic=0.0004  eval_success=0.000
2026-04-01 11:44:59 | INFO | [Episode 1000] eps=0.010  avg_reward=-200.000  avg_length=200.00  avg_loss= 14.6321  avg_intrinsic=0.0003  eval_success=0.000
2026-04-01 11:44:59 | INFO | DQN+RND training: 6m 6.49s
2026-04-01 11:45:18 | INFO | [Final Eval] success=0.000, mean_reward=-200.000
