2026-04-01 03:45:53 | INFO | ============================================================
2026-04-01 03:45:53 | INFO | DEVICE / COMPUTE INFORMATION
2026-04-01 03:45:53 | INFO |   JAX backend       : CPU
2026-04-01 03:45:53 | INFO |   Platform          : cpu
2026-04-01 03:45:53 | INFO |   Num devices       : 1
2026-04-01 03:45:53 | INFO |   Device            : TFRT_CPU_0
2026-04-01 03:45:53 | INFO | ============================================================
2026-04-01 03:45:53 | INFO | DQN+RND | seed=8, lr=0.01, gamma=0.99, beta=0.1
2026-04-01 03:45:53 | INFO | Env: cartpole/sparse, obs_dim=4, num_actions=2
2026-04-01 03:46:27 | INFO | [Episode  100] eps=0.901  avg_reward=   1.000  avg_length= 21.06  avg_loss=  0.0334  avg_intrinsic=0.0021  eval_success=0.000
2026-04-01 03:46:58 | INFO | [Episode  200] eps=0.802  avg_reward=   1.000  avg_length= 19.29  avg_loss=  0.0245  avg_intrinsic=0.0247  eval_success=0.000
2026-04-01 03:47:30 | INFO | [Episode  300] eps=0.703  avg_reward=   1.000  avg_length= 14.97  avg_loss=  0.0146  avg_intrinsic=0.0080  eval_success=0.000
2026-04-01 03:48:02 | INFO | [Episode  400] eps=0.604  avg_reward=   1.000  avg_length= 13.64  avg_loss=  0.0067  avg_intrinsic=0.0033  eval_success=0.000
2026-04-01 03:48:34 | INFO | [Episode  500] eps=0.505  avg_reward=   1.000  avg_length= 12.82  avg_loss=  0.0028  avg_intrinsic=0.0215  eval_success=0.000
2026-04-01 03:49:08 | INFO | [Episode  600] eps=0.406  avg_reward=   1.000  avg_length= 11.96  avg_loss=  0.0024  avg_intrinsic=0.0222  eval_success=0.000
2026-04-01 03:49:42 | INFO | [Episode  700] eps=0.307  avg_reward=   1.000  avg_length= 11.15  avg_loss=  0.0038  avg_intrinsic=0.0327  eval_success=0.000
2026-04-01 03:50:16 | INFO | [Episode  800] eps=0.208  avg_reward=   1.000  avg_length= 10.87  avg_loss=  0.0049  avg_intrinsic=0.0203  eval_success=0.000
2026-04-01 03:50:50 | INFO | [Episode  900] eps=0.109  avg_reward=   1.000  avg_length= 10.19  avg_loss=  0.0048  avg_intrinsic=0.0192  eval_success=0.000
2026-04-01 03:51:30 | INFO | [Episode 1000] eps=0.010  avg_reward=   1.000  avg_length=  9.92  avg_loss=  0.0043  avg_intrinsic=0.0184  eval_success=0.000
2026-04-01 03:51:30 | INFO | DQN+RND training: 5m 56.20s
2026-04-01 03:51:31 | INFO | [Final Eval] success=0.000, mean_reward=1.000
