2026-04-01 05:19:22 | INFO | ============================================================
2026-04-01 05:19:22 | INFO | DEVICE / COMPUTE INFORMATION
2026-04-01 05:19:22 | INFO |   JAX backend       : CPU
2026-04-01 05:19:22 | INFO |   Platform          : cpu
2026-04-01 05:19:22 | INFO |   Num devices       : 1
2026-04-01 05:19:22 | INFO |   Device            : TFRT_CPU_0
2026-04-01 05:19:22 | INFO | ============================================================
2026-04-01 05:19:22 | INFO | DQN+RND | seed=1, lr=0.001, gamma=0.99, beta=0.1
2026-04-01 05:19:22 | INFO | Env: cartpole/sparse, obs_dim=4, num_actions=2
2026-04-01 05:19:56 | INFO | [Episode  100] eps=0.901  avg_reward=   1.000  avg_length= 22.38  avg_loss=  0.0470  avg_intrinsic=0.0082  eval_success=0.000
2026-04-01 05:20:27 | INFO | [Episode  200] eps=0.802  avg_reward=   1.000  avg_length= 21.77  avg_loss=  0.0456  avg_intrinsic=0.0053  eval_success=0.000
2026-04-01 05:20:59 | INFO | [Episode  300] eps=0.703  avg_reward=   1.000  avg_length= 22.73  avg_loss=  0.0420  avg_intrinsic=0.0026  eval_success=0.000
2026-04-01 05:21:31 | INFO | [Episode  400] eps=0.604  avg_reward=   1.000  avg_length= 17.74  avg_loss=  0.0406  avg_intrinsic=0.0121  eval_success=0.000
2026-04-01 05:22:03 | INFO | [Episode  500] eps=0.505  avg_reward=   1.000  avg_length= 16.38  avg_loss=  0.0367  avg_intrinsic=0.0071  eval_success=0.000
2026-04-01 05:22:36 | INFO | [Episode  600] eps=0.406  avg_reward=   1.000  avg_length= 12.45  avg_loss=  0.0370  avg_intrinsic=0.0066  eval_success=0.000
2026-04-01 05:23:10 | INFO | [Episode  700] eps=0.307  avg_reward=   1.000  avg_length= 12.21  avg_loss=  0.0343  avg_intrinsic=0.0136  eval_success=0.000
2026-04-01 05:23:45 | INFO | [Episode  800] eps=0.208  avg_reward=   1.000  avg_length= 11.05  avg_loss=  0.0322  avg_intrinsic=0.0106  eval_success=0.000
2026-04-01 05:24:20 | INFO | [Episode  900] eps=0.109  avg_reward=   1.000  avg_length= 10.27  avg_loss=  0.0297  avg_intrinsic=0.0102  eval_success=0.000
2026-04-01 05:24:59 | INFO | [Episode 1000] eps=0.010  avg_reward=   1.000  avg_length=  9.84  avg_loss=  0.0244  avg_intrinsic=0.0138  eval_success=0.000
2026-04-01 05:24:59 | INFO | DQN+RND training: 5m 56.14s
2026-04-01 05:25:01 | INFO | [Final Eval] success=0.000, mean_reward=1.000
