2026-04-01 14:31:24 | INFO | ============================================================
2026-04-01 14:31:24 | INFO | DEVICE / COMPUTE INFORMATION
2026-04-01 14:31:24 | INFO |   JAX backend       : CPU
2026-04-01 14:31:24 | INFO |   Platform          : cpu
2026-04-01 14:31:24 | INFO |   Num devices       : 1
2026-04-01 14:31:24 | INFO |   Device            : TFRT_CPU_0
2026-04-01 14:31:24 | INFO | ============================================================
2026-04-01 14:31:24 | INFO | DQN+RND | seed=4, lr=0.01, gamma=0.95, beta=1.0
2026-04-01 14:31:24 | INFO | Env: mountaincar/dense, obs_dim=2, num_actions=3
2026-04-01 14:32:31 | INFO | [Episode  100] eps=0.901  avg_reward=-200.000  avg_length=200.00  avg_loss=  0.5101  avg_intrinsic=0.0002  eval_success=0.000
2026-04-01 14:33:29 | INFO | [Episode  200] eps=0.802  avg_reward=-200.000  avg_length=200.00  avg_loss=  1.0799  avg_intrinsic=0.0002  eval_success=0.000
2026-04-01 14:34:33 | INFO | [Episode  300] eps=0.703  avg_reward=-200.000  avg_length=200.00  avg_loss=  1.1738  avg_intrinsic=0.0002  eval_success=0.000
2026-04-01 14:35:32 | INFO | [Episode  400] eps=0.604  avg_reward=-200.000  avg_length=200.00  avg_loss=  1.2420  avg_intrinsic=0.0001  eval_success=0.000
2026-04-01 14:36:33 | INFO | [Episode  500] eps=0.505  avg_reward=-200.000  avg_length=200.00  avg_loss=  1.1564  avg_intrinsic=0.0002  eval_success=0.000
2026-04-01 14:37:31 | INFO | [Episode  600] eps=0.406  avg_reward=-200.000  avg_length=200.00  avg_loss=  1.4886  avg_intrinsic=0.0002  eval_success=0.000
2026-04-01 14:38:31 | INFO | [Episode  700] eps=0.307  avg_reward=-200.000  avg_length=200.00  avg_loss=  1.4079  avg_intrinsic=0.0001  eval_success=0.000
2026-04-01 14:39:31 | INFO | [Episode  800] eps=0.208  avg_reward=-200.000  avg_length=200.00  avg_loss=  1.3439  avg_intrinsic=0.0001  eval_success=0.000
2026-04-01 14:40:33 | INFO | [Episode  900] eps=0.109  avg_reward=-200.000  avg_length=200.00  avg_loss=  1.7565  avg_intrinsic=0.0001  eval_success=0.000
2026-04-01 14:41:38 | INFO | [Episode 1000] eps=0.010  avg_reward=-200.000  avg_length=200.00  avg_loss=  1.4658  avg_intrinsic=0.0002  eval_success=0.000
2026-04-01 14:41:38 | INFO | DQN+RND training: 10m 43.87s
2026-04-01 14:42:09 | INFO | [Final Eval] success=0.000, mean_reward=-200.000
