2026-04-01 04:44:13 | INFO | ============================================================
2026-04-01 04:44:13 | INFO | DEVICE / COMPUTE INFORMATION
2026-04-01 04:44:13 | INFO |   JAX backend       : CPU
2026-04-01 04:44:13 | INFO |   Platform          : cpu
2026-04-01 04:44:13 | INFO |   Num devices       : 1
2026-04-01 04:44:13 | INFO |   Device            : TFRT_CPU_0
2026-04-01 04:44:13 | INFO | ============================================================
2026-04-01 04:44:13 | INFO | DQN+RND | seed=8, lr=0.0005, gamma=0.99, beta=0.1
2026-04-01 04:44:13 | INFO | Env: cartpole/sparse, obs_dim=4, num_actions=2
2026-04-01 04:44:47 | INFO | [Episode  100] eps=0.901  avg_reward=   1.000  avg_length= 22.47  avg_loss=  0.0392  avg_intrinsic=0.0021  eval_success=0.000
2026-04-01 04:45:18 | INFO | [Episode  200] eps=0.802  avg_reward=   1.000  avg_length= 25.91  avg_loss=  0.0421  avg_intrinsic=0.0064  eval_success=0.000
2026-04-01 04:45:50 | INFO | [Episode  300] eps=0.703  avg_reward=   1.000  avg_length= 27.68  avg_loss=  0.0371  avg_intrinsic=0.0080  eval_success=0.000
2026-04-01 04:46:22 | INFO | [Episode  400] eps=0.604  avg_reward=   1.000  avg_length= 28.18  avg_loss=  0.0348  avg_intrinsic=0.0033  eval_success=0.000
2026-04-01 04:46:54 | INFO | [Episode  500] eps=0.505  avg_reward=   1.000  avg_length= 26.85  avg_loss=  0.0320  avg_intrinsic=0.0024  eval_success=0.000
2026-04-01 04:47:28 | INFO | [Episode  600] eps=0.406  avg_reward=   1.000  avg_length= 24.15  avg_loss=  0.0314  avg_intrinsic=0.0069  eval_success=0.000
2026-04-01 04:48:02 | INFO | [Episode  700] eps=0.307  avg_reward=   1.000  avg_length= 23.16  avg_loss=  0.0312  avg_intrinsic=0.0042  eval_success=0.000
2026-04-01 04:48:37 | INFO | [Episode  800] eps=0.208  avg_reward=   1.000  avg_length= 21.74  avg_loss=  0.0302  avg_intrinsic=0.0023  eval_success=0.000
2026-04-01 04:49:13 | INFO | [Episode  900] eps=0.109  avg_reward=   1.000  avg_length= 21.10  avg_loss=  0.0315  avg_intrinsic=0.0041  eval_success=0.000
2026-04-01 04:49:48 | INFO | [Episode 1000] eps=0.010  avg_reward=   1.000  avg_length= 20.66  avg_loss=  0.0313  avg_intrinsic=0.0035  eval_success=0.000
2026-04-01 04:49:48 | INFO | DQN+RND training: 5m 54.72s
2026-04-01 04:49:52 | INFO | [Final Eval] success=0.000, mean_reward=1.000
