2026-04-01 13:21:27 | INFO | ============================================================
2026-04-01 13:21:27 | INFO | DEVICE / COMPUTE INFORMATION
2026-04-01 13:21:27 | INFO |   JAX backend       : CPU
2026-04-01 13:21:27 | INFO |   Platform          : cpu
2026-04-01 13:21:27 | INFO |   Num devices       : 1
2026-04-01 13:21:27 | INFO |   Device            : TFRT_CPU_0
2026-04-01 13:21:27 | INFO | ============================================================
2026-04-01 13:21:27 | INFO | DQN+RND | seed=9, lr=0.01, gamma=0.95, beta=0.1
2026-04-01 13:21:27 | INFO | Env: mountaincar/dense, obs_dim=2, num_actions=3
2026-04-01 13:22:02 | INFO | [Episode  100] eps=0.901  avg_reward=-200.000  avg_length=200.00  avg_loss=  0.5778  avg_intrinsic=0.0004  eval_success=0.000
2026-04-01 13:22:35 | INFO | [Episode  200] eps=0.802  avg_reward=-200.000  avg_length=200.00  avg_loss=  1.1274  avg_intrinsic=0.0003  eval_success=0.000
2026-04-01 13:23:16 | INFO | [Episode  300] eps=0.703  avg_reward=-200.000  avg_length=200.00  avg_loss=  1.2602  avg_intrinsic=0.0003  eval_success=0.000
2026-04-01 13:23:54 | INFO | [Episode  400] eps=0.604  avg_reward=-200.000  avg_length=200.00  avg_loss=  1.2791  avg_intrinsic=0.0003  eval_success=0.000
2026-04-01 13:24:29 | INFO | [Episode  500] eps=0.505  avg_reward=-200.000  avg_length=200.00  avg_loss=  1.2511  avg_intrinsic=0.0003  eval_success=0.000
2026-04-01 13:25:04 | INFO | [Episode  600] eps=0.406  avg_reward=-200.000  avg_length=200.00  avg_loss=  1.1140  avg_intrinsic=0.0002  eval_success=0.000
2026-04-01 13:25:41 | INFO | [Episode  700] eps=0.307  avg_reward=-200.000  avg_length=200.00  avg_loss=  1.3453  avg_intrinsic=0.0003  eval_success=0.000
2026-04-01 13:26:18 | INFO | [Episode  800] eps=0.208  avg_reward=-200.000  avg_length=200.00  avg_loss=  1.1833  avg_intrinsic=0.0004  eval_success=0.000
2026-04-01 13:27:02 | INFO | [Episode  900] eps=0.109  avg_reward=-200.000  avg_length=200.00  avg_loss=  1.2548  avg_intrinsic=0.0004  eval_success=0.000
2026-04-01 13:27:47 | INFO | [Episode 1000] eps=0.010  avg_reward=-200.000  avg_length=200.00  avg_loss=  1.2135  avg_intrinsic=0.0004  eval_success=0.000
2026-04-01 13:27:47 | INFO | DQN+RND training: 6m 41.09s
2026-04-01 13:28:06 | INFO | [Final Eval] success=0.000, mean_reward=-200.000
