2026-04-01 05:13:32 | INFO | ============================================================
2026-04-01 05:13:32 | INFO | DEVICE / COMPUTE INFORMATION
2026-04-01 05:13:32 | INFO |   JAX backend       : CPU
2026-04-01 05:13:32 | INFO |   Platform          : cpu
2026-04-01 05:13:32 | INFO |   Num devices       : 1
2026-04-01 05:13:32 | INFO |   Device            : TFRT_CPU_0
2026-04-01 05:13:32 | INFO | ============================================================
2026-04-01 05:13:32 | INFO | DQN+RND | seed=8, lr=0.0005, gamma=0.99, beta=1.0
2026-04-01 05:13:32 | INFO | Env: cartpole/sparse, obs_dim=4, num_actions=2
2026-04-01 05:14:06 | INFO | [Episode  100] eps=0.901  avg_reward=   1.000  avg_length= 22.47  avg_loss=  0.0399  avg_intrinsic=0.0021  eval_success=0.000
2026-04-01 05:14:37 | INFO | [Episode  200] eps=0.802  avg_reward=   1.000  avg_length= 25.91  avg_loss=  0.0428  avg_intrinsic=0.0064  eval_success=0.000
2026-04-01 05:15:07 | INFO | [Episode  300] eps=0.703  avg_reward=   1.000  avg_length= 27.56  avg_loss=  0.0370  avg_intrinsic=0.0080  eval_success=0.000
2026-04-01 05:15:39 | INFO | [Episode  400] eps=0.604  avg_reward=   1.000  avg_length= 28.18  avg_loss=  0.0351  avg_intrinsic=0.0033  eval_success=0.000
2026-04-01 05:16:11 | INFO | [Episode  500] eps=0.505  avg_reward=   1.000  avg_length= 26.92  avg_loss=  0.0334  avg_intrinsic=0.0024  eval_success=0.000
2026-04-01 05:16:45 | INFO | [Episode  600] eps=0.406  avg_reward=   1.000  avg_length= 24.87  avg_loss=  0.0324  avg_intrinsic=0.0069  eval_success=0.000
2026-04-01 05:17:19 | INFO | [Episode  700] eps=0.307  avg_reward=   1.000  avg_length= 23.35  avg_loss=  0.0323  avg_intrinsic=0.0042  eval_success=0.000
2026-04-01 05:17:54 | INFO | [Episode  800] eps=0.208  avg_reward=   1.000  avg_length= 21.80  avg_loss=  0.0320  avg_intrinsic=0.0019  eval_success=0.000
2026-04-01 05:18:29 | INFO | [Episode  900] eps=0.109  avg_reward=   1.000  avg_length= 21.18  avg_loss=  0.0310  avg_intrinsic=0.0041  eval_success=0.000
2026-04-01 05:19:06 | INFO | [Episode 1000] eps=0.010  avg_reward=   1.000  avg_length= 20.70  avg_loss=  0.0314  avg_intrinsic=0.0035  eval_success=0.000
2026-04-01 05:19:06 | INFO | DQN+RND training: 5m 53.60s
2026-04-01 05:19:09 | INFO | [Final Eval] success=0.000, mean_reward=1.000
