2026-04-01 01:55:11 | INFO | ============================================================
2026-04-01 01:55:11 | INFO | DEVICE / COMPUTE INFORMATION
2026-04-01 01:55:11 | INFO |   JAX backend       : CPU
2026-04-01 01:55:11 | INFO |   Platform          : cpu
2026-04-01 01:55:11 | INFO |   Num devices       : 1
2026-04-01 01:55:11 | INFO |   Device            : TFRT_CPU_0
2026-04-01 01:55:11 | INFO | ============================================================
2026-04-01 01:55:11 | INFO | DQN+RND | seed=1, lr=0.0005, gamma=0.95, beta=1.0
2026-04-01 01:55:11 | INFO | Env: cartpole/dense, obs_dim=4, num_actions=2
2026-04-01 01:55:44 | INFO | [Episode  100] eps=0.901  avg_reward=  23.510  avg_length= 23.51  avg_loss=  0.8796  avg_intrinsic=0.0032  eval_success=0.000
2026-04-01 01:56:15 | INFO | [Episode  200] eps=0.802  avg_reward=  20.400  avg_length= 20.40  avg_loss=  0.9064  avg_intrinsic=0.0095  eval_success=0.000
2026-04-01 01:56:46 | INFO | [Episode  300] eps=0.703  avg_reward=  18.950  avg_length= 18.95  avg_loss=  0.8799  avg_intrinsic=0.0091  eval_success=0.000
2026-04-01 01:57:15 | INFO | [Episode  400] eps=0.604  avg_reward=  15.260  avg_length= 15.26  avg_loss=  0.8547  avg_intrinsic=0.0119  eval_success=0.000
2026-04-01 01:57:46 | INFO | [Episode  500] eps=0.505  avg_reward=  15.330  avg_length= 15.33  avg_loss=  0.8615  avg_intrinsic=0.0069  eval_success=0.000
2026-04-01 01:58:19 | INFO | [Episode  600] eps=0.406  avg_reward=  12.450  avg_length= 12.45  avg_loss=  0.9376  avg_intrinsic=0.0064  eval_success=0.000
2026-04-01 01:58:55 | INFO | [Episode  700] eps=0.307  avg_reward=  12.190  avg_length= 12.19  avg_loss=  1.3751  avg_intrinsic=0.0132  eval_success=0.000
2026-04-01 01:59:29 | INFO | [Episode  800] eps=0.208  avg_reward=  11.050  avg_length= 11.05  avg_loss=  1.8191  avg_intrinsic=0.0102  eval_success=0.000
2026-04-01 02:00:04 | INFO | [Episode  900] eps=0.109  avg_reward=  10.570  avg_length= 10.57  avg_loss=  2.0246  avg_intrinsic=0.0030  eval_success=0.000
2026-04-01 02:00:42 | INFO | [Episode 1000] eps=0.010  avg_reward=  16.920  avg_length= 16.92  avg_loss=  2.1730  avg_intrinsic=0.0162  eval_success=0.000
2026-04-01 02:00:42 | INFO | DQN+RND training: 5m 43.50s
2026-04-01 02:00:43 | INFO | [Final Eval] success=0.000, mean_reward=9.330
