2026-04-01 02:59:21 | INFO | ============================================================
2026-04-01 02:59:21 | INFO | DEVICE / COMPUTE INFORMATION
2026-04-01 02:59:21 | INFO |   JAX backend       : CPU
2026-04-01 02:59:21 | INFO |   Platform          : cpu
2026-04-01 02:59:21 | INFO |   Num devices       : 1
2026-04-01 02:59:21 | INFO |   Device            : TFRT_CPU_0
2026-04-01 02:59:21 | INFO | ============================================================
2026-04-01 02:59:21 | INFO | DQN+RND | seed=3, lr=0.001, gamma=0.95, beta=1.0
2026-04-01 02:59:21 | INFO | Env: cartpole/dense, obs_dim=4, num_actions=2
2026-04-01 02:59:53 | INFO | [Episode  100] eps=0.901  avg_reward=  21.280  avg_length= 21.28  avg_loss=  0.8213  avg_intrinsic=0.0082  eval_success=0.000
2026-04-01 03:00:24 | INFO | [Episode  200] eps=0.802  avg_reward=  19.650  avg_length= 19.65  avg_loss=  0.7359  avg_intrinsic=0.0215  eval_success=0.000
2026-04-01 03:00:56 | INFO | [Episode  300] eps=0.703  avg_reward=  18.960  avg_length= 18.96  avg_loss=  0.6508  avg_intrinsic=0.0185  eval_success=0.000
2026-04-01 03:01:27 | INFO | [Episode  400] eps=0.604  avg_reward=  15.220  avg_length= 15.22  avg_loss=  0.8833  avg_intrinsic=0.0129  eval_success=0.000
2026-04-01 03:02:00 | INFO | [Episode  500] eps=0.505  avg_reward=  14.970  avg_length= 14.97  avg_loss=  1.4497  avg_intrinsic=0.0007  eval_success=0.000
2026-04-01 03:02:33 | INFO | [Episode  600] eps=0.406  avg_reward=  13.370  avg_length= 13.37  avg_loss=  1.9911  avg_intrinsic=0.0083  eval_success=0.000
2026-04-01 03:03:05 | INFO | [Episode  700] eps=0.307  avg_reward=  11.740  avg_length= 11.74  avg_loss=  2.6371  avg_intrinsic=0.0138  eval_success=0.000
2026-04-01 03:03:40 | INFO | [Episode  800] eps=0.208  avg_reward=  11.800  avg_length= 11.80  avg_loss=  3.1133  avg_intrinsic=0.0009  eval_success=0.000
2026-04-01 03:04:17 | INFO | [Episode  900] eps=0.109  avg_reward=  40.860  avg_length= 40.86  avg_loss=  2.9852  avg_intrinsic=0.0018  eval_success=0.000
2026-04-01 03:04:55 | INFO | [Episode 1000] eps=0.010  avg_reward=  66.420  avg_length= 66.42  avg_loss=  2.7890  avg_intrinsic=0.0010  eval_success=0.000
2026-04-01 03:04:55 | INFO | DQN+RND training: 5m 53.31s
2026-04-01 03:05:03 | INFO | [Final Eval] success=0.000, mean_reward=62.220
