2026-04-01 09:44:36 | INFO | ============================================================
2026-04-01 09:44:36 | INFO | DEVICE / COMPUTE INFORMATION
2026-04-01 09:44:36 | INFO |   JAX backend       : CPU
2026-04-01 09:44:36 | INFO |   Platform          : cpu
2026-04-01 09:44:36 | INFO |   Num devices       : 1
2026-04-01 09:44:36 | INFO |   Device            : TFRT_CPU_0
2026-04-01 09:44:36 | INFO | ============================================================
2026-04-01 09:44:36 | INFO | DQN+RND | seed=0, lr=0.01, gamma=0.99, beta=1.0
2026-04-01 09:44:36 | INFO | Env: mountaincar/dense, obs_dim=2, num_actions=3
2026-04-01 09:45:07 | INFO | [Episode  100] eps=0.901  avg_reward=-200.000  avg_length=200.00  avg_loss=  0.9950  avg_intrinsic=0.0004  eval_success=0.000
2026-04-01 09:45:40 | INFO | [Episode  200] eps=0.802  avg_reward=-200.000  avg_length=200.00  avg_loss=  2.7152  avg_intrinsic=0.0004  eval_success=0.000
2026-04-01 09:46:12 | INFO | [Episode  300] eps=0.703  avg_reward=-200.000  avg_length=200.00  avg_loss=  2.3507  avg_intrinsic=0.0003  eval_success=0.000
2026-04-01 09:46:46 | INFO | [Episode  400] eps=0.604  avg_reward=-200.000  avg_length=200.00  avg_loss=  2.9478  avg_intrinsic=0.0002  eval_success=0.000
2026-04-01 09:47:20 | INFO | [Episode  500] eps=0.505  avg_reward=-200.000  avg_length=200.00  avg_loss=  2.6176  avg_intrinsic=0.0004  eval_success=0.000
2026-04-01 09:47:54 | INFO | [Episode  600] eps=0.406  avg_reward=-200.000  avg_length=200.00  avg_loss=  2.4972  avg_intrinsic=0.0004  eval_success=0.000
2026-04-01 09:48:30 | INFO | [Episode  700] eps=0.307  avg_reward=-200.000  avg_length=200.00  avg_loss=  2.9465  avg_intrinsic=0.0003  eval_success=0.000
2026-04-01 09:49:06 | INFO | [Episode  800] eps=0.208  avg_reward=-200.000  avg_length=200.00  avg_loss=  2.4824  avg_intrinsic=0.0004  eval_success=0.000
2026-04-01 09:49:42 | INFO | [Episode  900] eps=0.109  avg_reward=-200.000  avg_length=200.00  avg_loss=  2.6514  avg_intrinsic=0.0002  eval_success=0.000
2026-04-01 09:50:20 | INFO | [Episode 1000] eps=0.010  avg_reward=-200.000  avg_length=200.00  avg_loss=  3.2712  avg_intrinsic=0.0001  eval_success=0.000
2026-04-01 09:50:20 | INFO | DQN+RND training: 6m 4.88s
2026-04-01 09:50:41 | INFO | [Final Eval] success=0.000, mean_reward=-200.000
