2026-04-01 08:43:23 | INFO | ============================================================
2026-04-01 08:43:23 | INFO | DEVICE / COMPUTE INFORMATION
2026-04-01 08:43:23 | INFO |   JAX backend       : CPU
2026-04-01 08:43:23 | INFO |   Platform          : cpu
2026-04-01 08:43:23 | INFO |   Num devices       : 1
2026-04-01 08:43:23 | INFO |   Device            : TFRT_CPU_0
2026-04-01 08:43:23 | INFO | ============================================================
2026-04-01 08:43:23 | INFO | DQN+RND | seed=1, lr=0.001, gamma=0.95, beta=1.0
2026-04-01 08:43:23 | INFO | Env: cartpole/sparse, obs_dim=4, num_actions=2
2026-04-01 08:43:57 | INFO | [Episode  100] eps=0.901  avg_reward=   1.000  avg_length= 22.38  avg_loss=  0.0474  avg_intrinsic=0.0082  eval_success=0.000
2026-04-01 08:44:29 | INFO | [Episode  200] eps=0.802  avg_reward=   1.000  avg_length= 21.77  avg_loss=  0.0459  avg_intrinsic=0.0053  eval_success=0.000
2026-04-01 08:45:00 | INFO | [Episode  300] eps=0.703  avg_reward=   1.000  avg_length= 22.73  avg_loss=  0.0422  avg_intrinsic=0.0026  eval_success=0.000
2026-04-01 08:45:33 | INFO | [Episode  400] eps=0.604  avg_reward=   1.000  avg_length= 17.93  avg_loss=  0.0396  avg_intrinsic=0.0121  eval_success=0.000
2026-04-01 08:46:06 | INFO | [Episode  500] eps=0.505  avg_reward=   1.000  avg_length= 16.84  avg_loss=  0.0372  avg_intrinsic=0.0071  eval_success=0.000
2026-04-01 08:46:37 | INFO | [Episode  600] eps=0.406  avg_reward=   1.000  avg_length= 12.54  avg_loss=  0.0368  avg_intrinsic=0.0066  eval_success=0.000
2026-04-01 08:47:12 | INFO | [Episode  700] eps=0.307  avg_reward=   1.000  avg_length= 12.22  avg_loss=  0.0364  avg_intrinsic=0.0136  eval_success=0.000
2026-04-01 08:47:46 | INFO | [Episode  800] eps=0.208  avg_reward=   1.000  avg_length= 11.05  avg_loss=  0.0337  avg_intrinsic=0.0106  eval_success=0.000
2026-04-01 08:48:22 | INFO | [Episode  900] eps=0.109  avg_reward=   1.000  avg_length= 10.27  avg_loss=  0.0291  avg_intrinsic=0.0102  eval_success=0.000
2026-04-01 08:49:02 | INFO | [Episode 1000] eps=0.010  avg_reward=   1.000  avg_length=  9.84  avg_loss=  0.0266  avg_intrinsic=0.0138  eval_success=0.000
2026-04-01 08:49:02 | INFO | DQN+RND training: 5m 57.91s
2026-04-01 08:49:04 | INFO | [Final Eval] success=0.000, mean_reward=1.000
