2026-04-01 05:07:49 | INFO | ============================================================
2026-04-01 05:07:49 | INFO | DEVICE / COMPUTE INFORMATION
2026-04-01 05:07:49 | INFO |   JAX backend       : CPU
2026-04-01 05:07:49 | INFO |   Platform          : cpu
2026-04-01 05:07:49 | INFO |   Num devices       : 1
2026-04-01 05:07:49 | INFO |   Device            : TFRT_CPU_0
2026-04-01 05:07:49 | INFO | ============================================================
2026-04-01 05:07:49 | INFO | DQN+RND | seed=7, lr=0.0005, gamma=0.99, beta=1.0
2026-04-01 05:07:49 | INFO | Env: cartpole/sparse, obs_dim=4, num_actions=2
2026-04-01 05:08:21 | INFO | [Episode  100] eps=0.901  avg_reward=   1.000  avg_length= 21.64  avg_loss=  0.0449  avg_intrinsic=0.0023  eval_success=0.000
2026-04-01 05:08:52 | INFO | [Episode  200] eps=0.802  avg_reward=   1.000  avg_length= 19.58  avg_loss=  0.0450  avg_intrinsic=0.0028  eval_success=0.000
2026-04-01 05:09:22 | INFO | [Episode  300] eps=0.703  avg_reward=   1.000  avg_length= 22.48  avg_loss=  0.0435  avg_intrinsic=0.0048  eval_success=0.000
2026-04-01 05:09:53 | INFO | [Episode  400] eps=0.604  avg_reward=   1.000  avg_length= 23.56  avg_loss=  0.0389  avg_intrinsic=0.0078  eval_success=0.000
2026-04-01 05:10:25 | INFO | [Episode  500] eps=0.505  avg_reward=   1.000  avg_length= 21.56  avg_loss=  0.0370  avg_intrinsic=0.0046  eval_success=0.000
2026-04-01 05:10:57 | INFO | [Episode  600] eps=0.406  avg_reward=   1.000  avg_length= 20.41  avg_loss=  0.0330  avg_intrinsic=0.0052  eval_success=0.000
2026-04-01 05:11:30 | INFO | [Episode  700] eps=0.307  avg_reward=   1.000  avg_length= 14.05  avg_loss=  0.0299  avg_intrinsic=0.0074  eval_success=0.000
2026-04-01 05:12:04 | INFO | [Episode  800] eps=0.208  avg_reward=   1.000  avg_length= 10.57  avg_loss=  0.0294  avg_intrinsic=0.0037  eval_success=0.000
2026-04-01 05:12:38 | INFO | [Episode  900] eps=0.109  avg_reward=   1.000  avg_length= 10.26  avg_loss=  0.0258  avg_intrinsic=0.0039  eval_success=0.000
2026-04-01 05:13:18 | INFO | [Episode 1000] eps=0.010  avg_reward=   1.000  avg_length=  9.63  avg_loss=  0.0253  avg_intrinsic=0.0059  eval_success=0.000
2026-04-01 05:13:18 | INFO | DQN+RND training: 5m 48.35s
2026-04-01 05:13:19 | INFO | [Final Eval] success=0.000, mean_reward=1.000
