2026-04-01 15:39:45 | INFO | ============================================================
2026-04-01 15:39:45 | INFO | DEVICE / COMPUTE INFORMATION
2026-04-01 15:39:45 | INFO |   JAX backend       : CPU
2026-04-01 15:39:45 | INFO |   Platform          : cpu
2026-04-01 15:39:45 | INFO |   Num devices       : 1
2026-04-01 15:39:45 | INFO |   Device            : TFRT_CPU_0
2026-04-01 15:39:45 | INFO | ============================================================
2026-04-01 15:39:45 | INFO | DQN+RND | seed=7, lr=0.0005, gamma=0.95, beta=0.1
2026-04-01 15:39:45 | INFO | Env: mountaincar/dense, obs_dim=2, num_actions=3
2026-04-01 15:40:59 | INFO | [Episode  100] eps=0.901  avg_reward=-200.000  avg_length=200.00  avg_loss=  0.9699  avg_intrinsic=0.0006  eval_success=0.000
2026-04-01 15:42:11 | INFO | [Episode  200] eps=0.802  avg_reward=-200.000  avg_length=200.00  avg_loss=  0.9645  avg_intrinsic=0.0005  eval_success=0.000
2026-04-01 15:43:20 | INFO | [Episode  300] eps=0.703  avg_reward=-200.000  avg_length=200.00  avg_loss=  0.9480  avg_intrinsic=0.0004  eval_success=0.000
2026-04-01 15:44:29 | INFO | [Episode  400] eps=0.604  avg_reward=-200.000  avg_length=200.00  avg_loss=  0.9215  avg_intrinsic=0.0006  eval_success=0.000
2026-04-01 15:45:35 | INFO | [Episode  500] eps=0.505  avg_reward=-200.000  avg_length=200.00  avg_loss=  0.8896  avg_intrinsic=0.0003  eval_success=0.000
2026-04-01 15:46:38 | INFO | [Episode  600] eps=0.406  avg_reward=-200.000  avg_length=200.00  avg_loss=  0.8285  avg_intrinsic=0.0006  eval_success=0.000
2026-04-01 15:47:42 | INFO | [Episode  700] eps=0.307  avg_reward=-200.000  avg_length=200.00  avg_loss=  0.7637  avg_intrinsic=0.0002  eval_success=0.000
2026-04-01 15:48:49 | INFO | [Episode  800] eps=0.208  avg_reward=-200.000  avg_length=200.00  avg_loss=  0.6784  avg_intrinsic=0.0004  eval_success=0.000
2026-04-01 15:49:57 | INFO | [Episode  900] eps=0.109  avg_reward=-200.000  avg_length=200.00  avg_loss=  0.5478  avg_intrinsic=0.0001  eval_success=0.000
2026-04-01 15:51:15 | INFO | [Episode 1000] eps=0.010  avg_reward=-200.000  avg_length=200.00  avg_loss=  0.4365  avg_intrinsic=0.0003  eval_success=0.000
2026-04-01 15:51:15 | INFO | DQN+RND training: 11m 59.38s
2026-04-01 15:52:08 | INFO | [Final Eval] success=0.000, mean_reward=-200.000
