2026-04-01 08:55:12 | INFO | ============================================================
2026-04-01 08:55:12 | INFO | DEVICE / COMPUTE INFORMATION
2026-04-01 08:55:12 | INFO |   JAX backend       : CPU
2026-04-01 08:55:12 | INFO |   Platform          : cpu
2026-04-01 08:55:12 | INFO |   Num devices       : 1
2026-04-01 08:55:12 | INFO |   Device            : TFRT_CPU_0
2026-04-01 08:55:12 | INFO | ============================================================
2026-04-01 08:55:12 | INFO | DQN+RND | seed=4, lr=0.001, gamma=0.95, beta=1.0
2026-04-01 08:55:12 | INFO | Env: cartpole/sparse, obs_dim=4, num_actions=2
2026-04-01 08:55:45 | INFO | [Episode  100] eps=0.901  avg_reward=   1.000  avg_length= 22.63  avg_loss=  0.0390  avg_intrinsic=0.0024  eval_success=0.000
2026-04-01 08:56:17 | INFO | [Episode  200] eps=0.802  avg_reward=   1.000  avg_length= 22.30  avg_loss=  0.0410  avg_intrinsic=0.0032  eval_success=0.000
2026-04-01 08:56:47 | INFO | [Episode  300] eps=0.703  avg_reward=   1.000  avg_length= 19.59  avg_loss=  0.0392  avg_intrinsic=0.0006  eval_success=0.000
2026-04-01 08:57:19 | INFO | [Episode  400] eps=0.604  avg_reward=   1.000  avg_length= 19.52  avg_loss=  0.0382  avg_intrinsic=0.0016  eval_success=0.000
2026-04-01 08:57:52 | INFO | [Episode  500] eps=0.505  avg_reward=   1.000  avg_length= 21.61  avg_loss=  0.0369  avg_intrinsic=0.0004  eval_success=0.000
2026-04-01 08:58:25 | INFO | [Episode  600] eps=0.406  avg_reward=   1.000  avg_length= 23.24  avg_loss=  0.0334  avg_intrinsic=0.0005  eval_success=0.000
2026-04-01 08:59:00 | INFO | [Episode  700] eps=0.307  avg_reward=   1.000  avg_length= 25.83  avg_loss=  0.0319  avg_intrinsic=0.0007  eval_success=0.000
2026-04-01 08:59:35 | INFO | [Episode  800] eps=0.208  avg_reward=   1.000  avg_length= 25.26  avg_loss=  0.0293  avg_intrinsic=0.0004  eval_success=0.000
2026-04-01 09:00:11 | INFO | [Episode  900] eps=0.109  avg_reward=   1.000  avg_length= 22.26  avg_loss=  0.0286  avg_intrinsic=0.0006  eval_success=0.000
2026-04-01 09:00:50 | INFO | [Episode 1000] eps=0.010  avg_reward=   1.000  avg_length= 19.37  avg_loss=  0.0259  avg_intrinsic=0.0006  eval_success=0.000
2026-04-01 09:00:50 | INFO | DQN+RND training: 5m 56.78s
2026-04-01 09:00:52 | INFO | [Final Eval] success=0.000, mean_reward=1.000
