2026-03-31 19:21:04 | INFO | ============================================================
2026-03-31 19:21:04 | INFO | DEVICE / COMPUTE INFORMATION
2026-03-31 19:21:04 | INFO |   JAX backend       : CPU
2026-03-31 19:21:04 | INFO |   Platform          : cpu
2026-03-31 19:21:04 | INFO |   Num devices       : 1
2026-03-31 19:21:04 | INFO |   Device            : TFRT_CPU_0
2026-03-31 19:21:04 | INFO | ============================================================
2026-03-31 19:21:04 | INFO | DQN+RND | seed=0, lr=0.0005, gamma=0.99, beta=1.0
2026-03-31 19:21:04 | INFO | Env: cartpole/dense, obs_dim=4, num_actions=2
2026-03-31 19:21:41 | INFO | [Episode  100] eps=0.901  avg_reward=  21.610  avg_length= 21.61  avg_loss=  0.8919  avg_intrinsic=0.0013  eval_success=0.000
2026-03-31 19:22:16 | INFO | [Episode  200] eps=0.802  avg_reward=  19.640  avg_length= 19.64  avg_loss=  0.9231  avg_intrinsic=0.0133  eval_success=0.000
2026-03-31 19:22:52 | INFO | [Episode  300] eps=0.703  avg_reward=  18.960  avg_length= 18.96  avg_loss=  0.9138  avg_intrinsic=0.0035  eval_success=0.000
2026-03-31 19:23:30 | INFO | [Episode  400] eps=0.604  avg_reward=  16.540  avg_length= 16.54  avg_loss=  0.9532  avg_intrinsic=0.0180  eval_success=0.000
2026-03-31 19:24:13 | INFO | [Episode  500] eps=0.505  avg_reward=  14.510  avg_length= 14.51  avg_loss=  1.1810  avg_intrinsic=0.0117  eval_success=0.000
2026-03-31 19:25:01 | INFO | [Episode  600] eps=0.406  avg_reward=  13.520  avg_length= 13.52  avg_loss=  1.9174  avg_intrinsic=0.0123  eval_success=0.000
2026-03-31 19:25:40 | INFO | [Episode  700] eps=0.307  avg_reward=  12.140  avg_length= 12.14  avg_loss=  2.9688  avg_intrinsic=0.0198  eval_success=0.000
2026-03-31 19:26:18 | INFO | [Episode  800] eps=0.208  avg_reward=  11.200  avg_length= 11.20  avg_loss=  3.2745  avg_intrinsic=0.0018  eval_success=0.000
2026-03-31 19:27:05 | INFO | [Episode  900] eps=0.109  avg_reward=  11.200  avg_length= 11.20  avg_loss=  3.6027  avg_intrinsic=0.0268  eval_success=0.000
2026-03-31 19:28:06 | INFO | [Episode 1000] eps=0.010  avg_reward=   9.570  avg_length=  9.57  avg_loss=  5.0519  avg_intrinsic=0.0235  eval_success=0.000
2026-03-31 19:28:06 | INFO | DQN+RND training: 7m 15.31s
2026-03-31 19:28:07 | INFO | [Final Eval] success=0.000, mean_reward=9.360
