2026-04-02 05:16:46 | INFO | ============================================================
2026-04-02 05:16:46 | INFO | DEVICE / COMPUTE INFORMATION
2026-04-02 05:16:46 | INFO |   JAX backend       : CPU
2026-04-02 05:16:46 | INFO |   Platform          : cpu
2026-04-02 05:16:46 | INFO |   Num devices       : 1
2026-04-02 05:16:46 | INFO |   Device            : TFRT_CPU_0
2026-04-02 05:16:46 | INFO | ============================================================
2026-04-02 05:16:46 | INFO | DQN+RND | seed=8, lr=0.001, gamma=0.95, beta=1.0
2026-04-02 05:16:46 | INFO | Env: mountaincar/sparse, obs_dim=2, num_actions=3
2026-04-02 05:17:21 | INFO | [Episode  100] eps=0.901  avg_reward=  -1.000  avg_length=200.00  avg_loss=  0.0048  avg_intrinsic=0.0008  eval_success=0.000
2026-04-02 05:18:02 | INFO | [Episode  200] eps=0.802  avg_reward=  -1.000  avg_length=200.00  avg_loss=  0.0051  avg_intrinsic=0.0008  eval_success=0.000
2026-04-02 05:18:42 | INFO | [Episode  300] eps=0.703  avg_reward=  -1.000  avg_length=200.00  avg_loss=  0.0052  avg_intrinsic=0.0007  eval_success=0.000
2026-04-02 05:19:16 | INFO | [Episode  400] eps=0.604  avg_reward=  -1.000  avg_length=200.00  avg_loss=  0.0050  avg_intrinsic=0.0007  eval_success=0.000
2026-04-02 05:19:52 | INFO | [Episode  500] eps=0.505  avg_reward=  -1.000  avg_length=200.00  avg_loss=  0.0053  avg_intrinsic=0.0007  eval_success=0.000
2026-04-02 05:20:29 | INFO | [Episode  600] eps=0.406  avg_reward=  -1.000  avg_length=200.00  avg_loss=  0.0051  avg_intrinsic=0.0007  eval_success=0.000
2026-04-02 05:21:09 | INFO | [Episode  700] eps=0.307  avg_reward=  -1.000  avg_length=200.00  avg_loss=  0.0053  avg_intrinsic=0.0005  eval_success=0.000
2026-04-02 05:21:55 | INFO | [Episode  800] eps=0.208  avg_reward=  -1.000  avg_length=200.00  avg_loss=  0.0052  avg_intrinsic=0.0003  eval_success=0.000
2026-04-02 05:22:33 | INFO | [Episode  900] eps=0.109  avg_reward=  -1.000  avg_length=200.00  avg_loss=  0.0045  avg_intrinsic=0.0006  eval_success=0.000
2026-04-02 05:23:19 | INFO | [Episode 1000] eps=0.010  avg_reward=  -1.000  avg_length=200.00  avg_loss=  0.0042  avg_intrinsic=0.0006  eval_success=0.000
2026-04-02 05:23:19 | INFO | DQN+RND training: 6m 32.78s
2026-04-02 05:23:42 | INFO | [Final Eval] success=0.000, mean_reward=-1.000
