2026-04-01 05:19:22 | INFO | ============================================================
2026-04-01 05:19:22 | INFO | DEVICE / COMPUTE INFORMATION
2026-04-01 05:19:22 | INFO |   JAX backend       : CPU
2026-04-01 05:19:22 | INFO |   Platform          : cpu
2026-04-01 05:19:22 | INFO |   Num devices       : 1
2026-04-01 05:19:22 | INFO |   Device            : TFRT_CPU_0
2026-04-01 05:19:22 | INFO | ============================================================
2026-04-01 05:19:22 | INFO | DQN+RND | seed=0, lr=0.001, gamma=0.99, beta=0.1
2026-04-01 05:19:22 | INFO | Env: cartpole/sparse, obs_dim=4, num_actions=2
2026-04-01 05:19:56 | INFO | [Episode  100] eps=0.901  avg_reward=   1.000  avg_length= 20.57  avg_loss=  0.0420  avg_intrinsic=0.0042  eval_success=0.000
2026-04-01 05:20:27 | INFO | [Episode  200] eps=0.802  avg_reward=   1.000  avg_length= 19.64  avg_loss=  0.0411  avg_intrinsic=0.0005  eval_success=0.000
2026-04-01 05:20:58 | INFO | [Episode  300] eps=0.703  avg_reward=   1.000  avg_length= 17.81  avg_loss=  0.0390  avg_intrinsic=0.0230  eval_success=0.000
2026-04-01 05:21:30 | INFO | [Episode  400] eps=0.604  avg_reward=   1.000  avg_length= 17.26  avg_loss=  0.0362  avg_intrinsic=0.0114  eval_success=0.000
2026-04-01 05:22:02 | INFO | [Episode  500] eps=0.505  avg_reward=   1.000  avg_length= 15.15  avg_loss=  0.0346  avg_intrinsic=0.0171  eval_success=0.000
2026-04-01 05:22:35 | INFO | [Episode  600] eps=0.406  avg_reward=   1.000  avg_length= 13.53  avg_loss=  0.0316  avg_intrinsic=0.0008  eval_success=0.000
2026-04-01 05:23:10 | INFO | [Episode  700] eps=0.307  avg_reward=   1.000  avg_length= 11.87  avg_loss=  0.0280  avg_intrinsic=0.0185  eval_success=0.000
2026-04-01 05:23:44 | INFO | [Episode  800] eps=0.208  avg_reward=   1.000  avg_length= 10.78  avg_loss=  0.0249  avg_intrinsic=0.0221  eval_success=0.000
2026-04-01 05:24:19 | INFO | [Episode  900] eps=0.109  avg_reward=   1.000  avg_length= 10.16  avg_loss=  0.0212  avg_intrinsic=0.0243  eval_success=0.000
2026-04-01 05:24:59 | INFO | [Episode 1000] eps=0.010  avg_reward=   1.000  avg_length=  9.57  avg_loss=  0.0170  avg_intrinsic=0.0210  eval_success=0.000
2026-04-01 05:24:59 | INFO | DQN+RND training: 5m 56.34s
2026-04-01 05:25:01 | INFO | [Final Eval] success=0.000, mean_reward=1.000
