2026-04-01 02:30:13 | INFO | ============================================================
2026-04-01 02:30:13 | INFO | DEVICE / COMPUTE INFORMATION
2026-04-01 02:30:13 | INFO |   JAX backend       : CPU
2026-04-01 02:30:13 | INFO |   Platform          : cpu
2026-04-01 02:30:13 | INFO |   Num devices       : 1
2026-04-01 02:30:13 | INFO |   Device            : TFRT_CPU_0
2026-04-01 02:30:13 | INFO | ============================================================
2026-04-01 02:30:13 | INFO | DQN+RND | seed=3, lr=0.001, gamma=0.95, beta=0.1
2026-04-01 02:30:13 | INFO | Env: cartpole/dense, obs_dim=4, num_actions=2
2026-04-01 02:30:47 | INFO | [Episode  100] eps=0.901  avg_reward=  21.280  avg_length= 21.28  avg_loss=  0.8186  avg_intrinsic=0.0082  eval_success=0.000
2026-04-01 02:31:18 | INFO | [Episode  200] eps=0.802  avg_reward=  19.650  avg_length= 19.65  avg_loss=  0.7337  avg_intrinsic=0.0215  eval_success=0.000
2026-04-01 02:31:49 | INFO | [Episode  300] eps=0.703  avg_reward=  18.960  avg_length= 18.96  avg_loss=  0.6497  avg_intrinsic=0.0185  eval_success=0.000
2026-04-01 02:32:22 | INFO | [Episode  400] eps=0.604  avg_reward=  15.220  avg_length= 15.22  avg_loss=  0.8783  avg_intrinsic=0.0129  eval_success=0.000
2026-04-01 02:32:54 | INFO | [Episode  500] eps=0.505  avg_reward=  15.010  avg_length= 15.01  avg_loss=  1.4388  avg_intrinsic=0.0013  eval_success=0.000
2026-04-01 02:33:28 | INFO | [Episode  600] eps=0.406  avg_reward=  13.450  avg_length= 13.45  avg_loss=  2.0216  avg_intrinsic=0.0083  eval_success=0.000
2026-04-01 02:34:03 | INFO | [Episode  700] eps=0.307  avg_reward=  11.740  avg_length= 11.74  avg_loss=  2.7613  avg_intrinsic=0.0137  eval_success=0.000
2026-04-01 02:34:36 | INFO | [Episode  800] eps=0.208  avg_reward=  14.430  avg_length= 14.43  avg_loss=  3.0242  avg_intrinsic=0.0028  eval_success=0.000
2026-04-01 02:35:13 | INFO | [Episode  900] eps=0.109  avg_reward=  57.780  avg_length= 57.78  avg_loss=  2.9699  avg_intrinsic=0.0014  eval_success=0.000
2026-04-01 02:35:52 | INFO | [Episode 1000] eps=0.010  avg_reward=  72.810  avg_length= 72.81  avg_loss=  2.8339  avg_intrinsic=0.0016  eval_success=0.100
2026-04-01 02:35:52 | INFO | DQN+RND training: 5m 57.93s
2026-04-01 02:36:06 | INFO | [Final Eval] success=0.000, mean_reward=101.020
