2026-04-01 09:25:32 | INFO | ============================================================
2026-04-01 09:25:32 | INFO | DEVICE / COMPUTE INFORMATION
2026-04-01 09:25:32 | INFO |   JAX backend       : CPU
2026-04-01 09:25:32 | INFO |   Platform          : cpu
2026-04-01 09:25:32 | INFO |   Num devices       : 1
2026-04-01 09:25:32 | INFO |   Device            : TFRT_CPU_0
2026-04-01 09:25:32 | INFO | ============================================================
2026-04-01 09:25:32 | INFO | DQN+RND | seed=5, lr=0.01, gamma=0.99, beta=0.1
2026-04-01 09:25:32 | INFO | Env: mountaincar/dense, obs_dim=2, num_actions=3
2026-04-01 09:26:05 | INFO | [Episode  100] eps=0.901  avg_reward=-200.000  avg_length=200.00  avg_loss=  1.0361  avg_intrinsic=0.0004  eval_success=0.000
2026-04-01 09:26:37 | INFO | [Episode  200] eps=0.802  avg_reward=-200.000  avg_length=200.00  avg_loss=  2.4895  avg_intrinsic=0.0004  eval_success=0.000
2026-04-01 09:27:08 | INFO | [Episode  300] eps=0.703  avg_reward=-200.000  avg_length=200.00  avg_loss=  2.2654  avg_intrinsic=0.0004  eval_success=0.000
2026-04-01 09:27:41 | INFO | [Episode  400] eps=0.604  avg_reward=-200.000  avg_length=200.00  avg_loss=  2.6704  avg_intrinsic=0.0004  eval_success=0.000
2026-04-01 09:28:13 | INFO | [Episode  500] eps=0.505  avg_reward=-200.000  avg_length=200.00  avg_loss=  2.3037  avg_intrinsic=0.0002  eval_success=0.000
2026-04-01 09:28:46 | INFO | [Episode  600] eps=0.406  avg_reward=-200.000  avg_length=200.00  avg_loss=  2.6361  avg_intrinsic=0.0002  eval_success=0.000
2026-04-01 09:29:21 | INFO | [Episode  700] eps=0.307  avg_reward=-200.000  avg_length=200.00  avg_loss=  2.3941  avg_intrinsic=0.0003  eval_success=0.000
2026-04-01 09:29:56 | INFO | [Episode  800] eps=0.208  avg_reward=-200.000  avg_length=200.00  avg_loss=  3.5981  avg_intrinsic=0.0001  eval_success=0.000
2026-04-01 09:30:33 | INFO | [Episode  900] eps=0.109  avg_reward=-200.000  avg_length=200.00  avg_loss=  3.4527  avg_intrinsic=0.0004  eval_success=0.000
2026-04-01 09:31:11 | INFO | [Episode 1000] eps=0.010  avg_reward=-200.000  avg_length=200.00  avg_loss=  3.7707  avg_intrinsic=0.0005  eval_success=0.000
2026-04-01 09:31:11 | INFO | DQN+RND training: 5m 57.95s
2026-04-01 09:31:30 | INFO | [Final Eval] success=0.000, mean_reward=-200.000
