2026-04-01 02:30:13 | INFO | ============================================================
2026-04-01 02:30:13 | INFO | DEVICE / COMPUTE INFORMATION
2026-04-01 02:30:13 | INFO |   JAX backend       : CPU
2026-04-01 02:30:13 | INFO |   Platform          : cpu
2026-04-01 02:30:13 | INFO |   Num devices       : 1
2026-04-01 02:30:13 | INFO |   Device            : TFRT_CPU_0
2026-04-01 02:30:13 | INFO | ============================================================
2026-04-01 02:30:13 | INFO | DQN+RND | seed=2, lr=0.001, gamma=0.95, beta=0.1
2026-04-01 02:30:13 | INFO | Env: cartpole/dense, obs_dim=4, num_actions=2
2026-04-01 02:30:48 | INFO | [Episode  100] eps=0.901  avg_reward=  23.170  avg_length= 23.17  avg_loss=  0.8570  avg_intrinsic=0.0012  eval_success=0.000
2026-04-01 02:31:19 | INFO | [Episode  200] eps=0.802  avg_reward=  28.100  avg_length= 28.10  avg_loss=  0.8091  avg_intrinsic=0.0068  eval_success=0.000
2026-04-01 02:31:51 | INFO | [Episode  300] eps=0.703  avg_reward=  23.320  avg_length= 23.32  avg_loss=  0.6462  avg_intrinsic=0.0047  eval_success=0.000
2026-04-01 02:32:23 | INFO | [Episode  400] eps=0.604  avg_reward=  16.970  avg_length= 16.97  avg_loss=  0.8821  avg_intrinsic=0.0231  eval_success=0.000
2026-04-01 02:32:56 | INFO | [Episode  500] eps=0.505  avg_reward=  16.140  avg_length= 16.14  avg_loss=  1.5280  avg_intrinsic=0.0005  eval_success=0.000
2026-04-01 02:33:29 | INFO | [Episode  600] eps=0.406  avg_reward=  20.970  avg_length= 20.97  avg_loss=  2.3115  avg_intrinsic=0.0039  eval_success=0.000
2026-04-01 02:34:04 | INFO | [Episode  700] eps=0.307  avg_reward=  12.420  avg_length= 12.42  avg_loss=  3.0213  avg_intrinsic=0.0089  eval_success=0.000
2026-04-01 02:34:38 | INFO | [Episode  800] eps=0.208  avg_reward=  12.560  avg_length= 12.56  avg_loss=  3.4346  avg_intrinsic=0.0013  eval_success=0.000
2026-04-01 02:35:15 | INFO | [Episode  900] eps=0.109  avg_reward=  23.790  avg_length= 23.79  avg_loss=  3.5488  avg_intrinsic=0.0007  eval_success=0.000
2026-04-01 02:35:53 | INFO | [Episode 1000] eps=0.010  avg_reward=  61.380  avg_length= 61.38  avg_loss=  3.3782  avg_intrinsic=0.0009  eval_success=0.200
2026-04-01 02:35:53 | INFO | DQN+RND training: 5m 58.73s
2026-04-01 02:36:07 | INFO | [Final Eval] success=0.170, mean_reward=104.690
