2026-04-01 02:00:53 | INFO | ============================================================
2026-04-01 02:00:53 | INFO | DEVICE / COMPUTE INFORMATION
2026-04-01 02:00:53 | INFO |   JAX backend       : CPU
2026-04-01 02:00:53 | INFO |   Platform          : cpu
2026-04-01 02:00:53 | INFO |   Num devices       : 1
2026-04-01 02:00:53 | INFO |   Device            : TFRT_CPU_0
2026-04-01 02:00:53 | INFO | ============================================================
2026-04-01 02:00:53 | INFO | DQN+RND | seed=2, lr=0.0005, gamma=0.95, beta=1.0
2026-04-01 02:00:53 | INFO | Env: cartpole/dense, obs_dim=4, num_actions=2
2026-04-01 02:01:29 | INFO | [Episode  100] eps=0.901  avg_reward=  23.100  avg_length= 23.10  avg_loss=  0.9184  avg_intrinsic=0.0012  eval_success=0.000
2026-04-01 02:02:01 | INFO | [Episode  200] eps=0.802  avg_reward=  27.680  avg_length= 27.68  avg_loss=  0.9289  avg_intrinsic=0.0117  eval_success=0.000
2026-04-01 02:02:34 | INFO | [Episode  300] eps=0.703  avg_reward=  30.550  avg_length= 30.55  avg_loss=  0.8949  avg_intrinsic=0.0006  eval_success=0.000
2026-04-01 02:03:07 | INFO | [Episode  400] eps=0.604  avg_reward=  30.440  avg_length= 30.44  avg_loss=  0.8431  avg_intrinsic=0.0054  eval_success=0.000
2026-04-01 02:03:39 | INFO | [Episode  500] eps=0.505  avg_reward=  19.050  avg_length= 19.05  avg_loss=  0.7312  avg_intrinsic=0.0038  eval_success=0.000
2026-04-01 02:04:12 | INFO | [Episode  600] eps=0.406  avg_reward=  13.420  avg_length= 13.42  avg_loss=  0.7203  avg_intrinsic=0.0169  eval_success=0.000
2026-04-01 02:04:47 | INFO | [Episode  700] eps=0.307  avg_reward=  11.520  avg_length= 11.52  avg_loss=  1.0894  avg_intrinsic=0.0219  eval_success=0.000
2026-04-01 02:05:23 | INFO | [Episode  800] eps=0.208  avg_reward=  11.090  avg_length= 11.09  avg_loss=  1.6663  avg_intrinsic=0.0083  eval_success=0.000
2026-04-01 02:06:00 | INFO | [Episode  900] eps=0.109  avg_reward=  12.370  avg_length= 12.37  avg_loss=  2.1061  avg_intrinsic=0.0008  eval_success=0.000
2026-04-01 02:06:37 | INFO | [Episode 1000] eps=0.010  avg_reward=  34.960  avg_length= 34.96  avg_loss=  2.5260  avg_intrinsic=0.0022  eval_success=0.000
2026-04-01 02:06:37 | INFO | DQN+RND training: 5m 55.80s
2026-04-01 02:06:39 | INFO | [Final Eval] success=0.000, mean_reward=11.460
