2026-04-01 20:17:03 | INFO | ============================================================
2026-04-01 20:17:03 | INFO | DEVICE / COMPUTE INFORMATION
2026-04-01 20:17:03 | INFO |   JAX backend       : CPU
2026-04-01 20:17:03 | INFO |   Platform          : cpu
2026-04-01 20:17:03 | INFO |   Num devices       : 1
2026-04-01 20:17:03 | INFO |   Device            : TFRT_CPU_0
2026-04-01 20:17:03 | INFO | ============================================================
2026-04-01 20:17:03 | INFO | DQN+RND | seed=1, lr=0.01, gamma=0.99, beta=0.1
2026-04-01 20:17:03 | INFO | Env: mountaincar/sparse, obs_dim=2, num_actions=3
2026-04-01 20:17:42 | INFO | [Episode  100] eps=0.901  avg_reward=  -1.000  avg_length=200.00  avg_loss=  0.0049  avg_intrinsic=0.0004  eval_success=0.000
2026-04-01 20:18:21 | INFO | [Episode  200] eps=0.802  avg_reward=  -1.000  avg_length=200.00  avg_loss=  0.0045  avg_intrinsic=0.0004  eval_success=0.000
2026-04-01 20:19:02 | INFO | [Episode  300] eps=0.703  avg_reward=  -1.000  avg_length=200.00  avg_loss=  0.0048  avg_intrinsic=0.0003  eval_success=0.000
2026-04-01 20:19:45 | INFO | [Episode  400] eps=0.604  avg_reward=  -1.000  avg_length=200.00  avg_loss=  0.0045  avg_intrinsic=0.0003  eval_success=0.000
2026-04-01 20:20:26 | INFO | [Episode  500] eps=0.505  avg_reward=  -1.000  avg_length=200.00  avg_loss=  0.0039  avg_intrinsic=0.0002  eval_success=0.000
2026-04-01 20:21:07 | INFO | [Episode  600] eps=0.406  avg_reward=  -1.000  avg_length=200.00  avg_loss=  0.0043  avg_intrinsic=0.0003  eval_success=0.000
2026-04-01 20:21:52 | INFO | [Episode  700] eps=0.307  avg_reward=  -1.000  avg_length=200.00  avg_loss=  0.0044  avg_intrinsic=0.0002  eval_success=0.000
2026-04-01 20:22:37 | INFO | [Episode  800] eps=0.208  avg_reward=  -1.000  avg_length=200.00  avg_loss=  0.0040  avg_intrinsic=0.0003  eval_success=0.000
2026-04-01 20:23:22 | INFO | [Episode  900] eps=0.109  avg_reward=  -1.000  avg_length=200.00  avg_loss=  0.0036  avg_intrinsic=0.0001  eval_success=0.000
2026-04-01 20:24:16 | INFO | [Episode 1000] eps=0.010  avg_reward=  -1.000  avg_length=200.00  avg_loss=  0.0040  avg_intrinsic=0.0005  eval_success=0.000
2026-04-01 20:24:15 | INFO | DQN+RND training: 7m 33.96s
2026-04-01 20:24:41 | INFO | [Final Eval] success=0.000, mean_reward=-1.000
