2026-04-01 04:09:08 | INFO | ============================================================
2026-04-01 04:09:08 | INFO | DEVICE / COMPUTE INFORMATION
2026-04-01 04:09:08 | INFO |   JAX backend       : CPU
2026-04-01 04:09:08 | INFO |   Platform          : cpu
2026-04-01 04:09:08 | INFO |   Num devices       : 1
2026-04-01 04:09:08 | INFO |   Device            : TFRT_CPU_0
2026-04-01 04:09:08 | INFO | ============================================================
2026-04-01 04:09:08 | INFO | DQN+RND | seed=7, lr=0.01, gamma=0.99, beta=1.0
2026-04-01 04:09:08 | INFO | Env: cartpole/sparse, obs_dim=4, num_actions=2
2026-04-01 04:09:42 | INFO | [Episode  100] eps=0.901  avg_reward=   1.000  avg_length= 22.44  avg_loss=  0.0319  avg_intrinsic=0.0023  eval_success=0.000
2026-04-01 04:10:14 | INFO | [Episode  200] eps=0.802  avg_reward=   1.000  avg_length= 19.39  avg_loss=  0.0200  avg_intrinsic=0.0028  eval_success=0.000
2026-04-01 04:10:46 | INFO | [Episode  300] eps=0.703  avg_reward=   1.000  avg_length= 19.53  avg_loss=  0.0103  avg_intrinsic=0.0049  eval_success=0.000
2026-04-01 04:11:18 | INFO | [Episode  400] eps=0.604  avg_reward=   1.000  avg_length= 16.41  avg_loss=  0.0067  avg_intrinsic=0.0044  eval_success=0.000
2026-04-01 04:11:51 | INFO | [Episode  500] eps=0.505  avg_reward=   1.000  avg_length= 14.49  avg_loss=  0.0089  avg_intrinsic=0.0035  eval_success=0.000
2026-04-01 04:12:25 | INFO | [Episode  600] eps=0.406  avg_reward=   1.000  avg_length= 13.80  avg_loss=  0.0099  avg_intrinsic=0.0052  eval_success=0.000
2026-04-01 04:12:59 | INFO | [Episode  700] eps=0.307  avg_reward=   1.000  avg_length= 11.92  avg_loss=  0.0089  avg_intrinsic=0.0074  eval_success=0.000
2026-04-01 04:13:34 | INFO | [Episode  800] eps=0.208  avg_reward=   1.000  avg_length= 10.98  avg_loss=  0.0059  avg_intrinsic=0.0021  eval_success=0.000
2026-04-01 04:14:10 | INFO | [Episode  900] eps=0.109  avg_reward=   1.000  avg_length= 11.69  avg_loss=  0.0034  avg_intrinsic=0.0009  eval_success=0.000
2026-04-01 04:14:45 | INFO | [Episode 1000] eps=0.010  avg_reward=   1.000  avg_length= 12.52  avg_loss=  0.0020  avg_intrinsic=0.0014  eval_success=0.000
2026-04-01 04:14:45 | INFO | DQN+RND training: 5m 56.39s
2026-04-01 04:14:47 | INFO | [Final Eval] success=0.000, mean_reward=1.000
