2026-04-01 12:04:45 | INFO | ============================================================
2026-04-01 12:04:45 | INFO | DEVICE / COMPUTE INFORMATION
2026-04-01 12:04:45 | INFO |   JAX backend       : CPU
2026-04-01 12:04:45 | INFO |   Platform          : cpu
2026-04-01 12:04:45 | INFO |   Num devices       : 1
2026-04-01 12:04:45 | INFO |   Device            : TFRT_CPU_0
2026-04-01 12:04:45 | INFO | ============================================================
2026-04-01 12:04:45 | INFO | DQN+RND | seed=4, lr=0.001, gamma=0.99, beta=1.0
2026-04-01 12:04:45 | INFO | Env: mountaincar/dense, obs_dim=2, num_actions=3
2026-04-01 12:05:18 | INFO | [Episode  100] eps=0.901  avg_reward=-200.000  avg_length=200.00  avg_loss=  0.9432  avg_intrinsic=0.0002  eval_success=0.000
2026-04-01 12:05:50 | INFO | [Episode  200] eps=0.802  avg_reward=-200.000  avg_length=200.00  avg_loss=  0.9432  avg_intrinsic=0.0002  eval_success=0.000
2026-04-01 12:06:23 | INFO | [Episode  300] eps=0.703  avg_reward=-200.000  avg_length=200.00  avg_loss=  0.8947  avg_intrinsic=0.0002  eval_success=0.000
2026-04-01 12:06:56 | INFO | [Episode  400] eps=0.604  avg_reward=-200.000  avg_length=200.00  avg_loss=  0.7984  avg_intrinsic=0.0001  eval_success=0.000
2026-04-01 12:07:30 | INFO | [Episode  500] eps=0.505  avg_reward=-200.000  avg_length=200.00  avg_loss=  3.1770  avg_intrinsic=0.0001  eval_success=0.000
2026-04-01 12:08:05 | INFO | [Episode  600] eps=0.406  avg_reward=-200.000  avg_length=200.00  avg_loss=  8.9423  avg_intrinsic=0.0001  eval_success=0.000
2026-04-01 12:08:39 | INFO | [Episode  700] eps=0.307  avg_reward=-200.000  avg_length=200.00  avg_loss= 11.9590  avg_intrinsic=0.0001  eval_success=0.000
2026-04-01 12:09:16 | INFO | [Episode  800] eps=0.208  avg_reward=-200.000  avg_length=200.00  avg_loss= 13.4688  avg_intrinsic=0.0001  eval_success=0.000
2026-04-01 12:09:53 | INFO | [Episode  900] eps=0.109  avg_reward=-200.000  avg_length=200.00  avg_loss= 16.1666  avg_intrinsic=0.0002  eval_success=0.000
2026-04-01 12:10:32 | INFO | [Episode 1000] eps=0.010  avg_reward=-200.000  avg_length=200.00  avg_loss= 16.1360  avg_intrinsic=0.0002  eval_success=0.000
2026-04-01 12:10:32 | INFO | DQN+RND training: 6m 6.53s
2026-04-01 12:10:51 | INFO | [Final Eval] success=0.000, mean_reward=-200.000
