2026-04-01 01:37:44 | INFO | ============================================================
2026-04-01 01:37:44 | INFO | DEVICE / COMPUTE INFORMATION
2026-04-01 01:37:44 | INFO |   JAX backend       : CPU
2026-04-01 01:37:44 | INFO |   Platform          : cpu
2026-04-01 01:37:44 | INFO |   Num devices       : 1
2026-04-01 01:37:44 | INFO |   Device            : TFRT_CPU_0
2026-04-01 01:37:44 | INFO | ============================================================
2026-04-01 01:37:44 | INFO | DQN+RND | seed=4, lr=0.0005, gamma=0.95, beta=0.1
2026-04-01 01:37:44 | INFO | Env: cartpole/dense, obs_dim=4, num_actions=2
2026-04-01 01:38:18 | INFO | [Episode  100] eps=0.901  avg_reward=  22.300  avg_length= 22.30  avg_loss=  0.8907  avg_intrinsic=0.0033  eval_success=0.000
2026-04-01 01:38:50 | INFO | [Episode  200] eps=0.802  avg_reward=  20.710  avg_length= 20.71  avg_loss=  0.9148  avg_intrinsic=0.0033  eval_success=0.000
2026-04-01 01:39:22 | INFO | [Episode  300] eps=0.703  avg_reward=  17.640  avg_length= 17.64  avg_loss=  0.8754  avg_intrinsic=0.0086  eval_success=0.000
2026-04-01 01:39:54 | INFO | [Episode  400] eps=0.604  avg_reward=  17.540  avg_length= 17.54  avg_loss=  0.8742  avg_intrinsic=0.0060  eval_success=0.000
2026-04-01 01:40:28 | INFO | [Episode  500] eps=0.505  avg_reward=  14.780  avg_length= 14.78  avg_loss=  0.8989  avg_intrinsic=0.0090  eval_success=0.000
2026-04-01 01:41:02 | INFO | [Episode  600] eps=0.406  avg_reward=  13.550  avg_length= 13.55  avg_loss=  1.1094  avg_intrinsic=0.0093  eval_success=0.000
2026-04-01 01:41:36 | INFO | [Episode  700] eps=0.307  avg_reward=  12.060  avg_length= 12.06  avg_loss=  1.6579  avg_intrinsic=0.0136  eval_success=0.000
2026-04-01 01:42:12 | INFO | [Episode  800] eps=0.208  avg_reward=  11.060  avg_length= 11.06  avg_loss=  1.9784  avg_intrinsic=0.0119  eval_success=0.000
2026-04-01 01:42:49 | INFO | [Episode  900] eps=0.109  avg_reward=  14.390  avg_length= 14.39  avg_loss=  2.0358  avg_intrinsic=0.0007  eval_success=0.000
2026-04-01 01:43:29 | INFO | [Episode 1000] eps=0.010  avg_reward=  28.670  avg_length= 28.67  avg_loss=  2.1983  avg_intrinsic=0.0107  eval_success=0.000
2026-04-01 01:43:29 | INFO | DQN+RND training: 5m 59.53s
2026-04-01 01:43:29 | INFO | [Final Eval] success=0.000, mean_reward=9.350
