2026-04-01 12:51:21 | INFO | ============================================================
2026-04-01 12:51:21 | INFO | DEVICE / COMPUTE INFORMATION
2026-04-01 12:51:21 | INFO |   JAX backend       : CPU
2026-04-01 12:51:21 | INFO |   Platform          : cpu
2026-04-01 12:51:21 | INFO |   Num devices       : 1
2026-04-01 12:51:21 | INFO |   Device            : TFRT_CPU_0
2026-04-01 12:51:21 | INFO | ============================================================
2026-04-01 12:51:21 | INFO | DQN+RND | seed=0, lr=0.01, gamma=0.95, beta=0.1
2026-04-01 12:51:21 | INFO | Env: mountaincar/dense, obs_dim=2, num_actions=3
2026-04-01 12:51:55 | INFO | [Episode  100] eps=0.901  avg_reward=-200.000  avg_length=200.00  avg_loss=  0.5843  avg_intrinsic=0.0004  eval_success=0.000
2026-04-01 12:52:27 | INFO | [Episode  200] eps=0.802  avg_reward=-200.000  avg_length=200.00  avg_loss=  1.1072  avg_intrinsic=0.0004  eval_success=0.000
2026-04-01 12:53:06 | INFO | [Episode  300] eps=0.703  avg_reward=-200.000  avg_length=200.00  avg_loss=  1.3054  avg_intrinsic=0.0003  eval_success=0.000
2026-04-01 12:53:50 | INFO | [Episode  400] eps=0.604  avg_reward=-200.000  avg_length=200.00  avg_loss=  1.4257  avg_intrinsic=0.0003  eval_success=0.000
2026-04-01 12:54:22 | INFO | [Episode  500] eps=0.505  avg_reward=-200.000  avg_length=200.00  avg_loss=  1.3245  avg_intrinsic=0.0004  eval_success=0.000
2026-04-01 12:54:59 | INFO | [Episode  600] eps=0.406  avg_reward=-200.000  avg_length=200.00  avg_loss=  1.1574  avg_intrinsic=0.0004  eval_success=0.000
2026-04-01 12:55:49 | INFO | [Episode  700] eps=0.307  avg_reward=-200.000  avg_length=200.00  avg_loss=  1.3714  avg_intrinsic=0.0003  eval_success=0.000
2026-04-01 12:56:37 | INFO | [Episode  800] eps=0.208  avg_reward=-200.000  avg_length=200.00  avg_loss=  1.0701  avg_intrinsic=0.0002  eval_success=0.000
2026-04-01 12:57:26 | INFO | [Episode  900] eps=0.109  avg_reward=-200.000  avg_length=200.00  avg_loss=  1.2561  avg_intrinsic=0.0002  eval_success=0.000
2026-04-01 12:58:08 | INFO | [Episode 1000] eps=0.010  avg_reward=-200.000  avg_length=200.00  avg_loss=  1.4987  avg_intrinsic=0.0004  eval_success=0.000
2026-04-01 12:58:08 | INFO | DQN+RND training: 7m 10.20s
2026-04-01 12:58:36 | INFO | [Final Eval] success=0.000, mean_reward=-200.000
