2026-03-31 18:13:29 | INFO | ============================================================
2026-03-31 18:13:29 | INFO | DEVICE / COMPUTE INFORMATION
2026-03-31 18:13:29 | INFO |   JAX backend       : CPU
2026-03-31 18:13:29 | INFO |   Platform          : cpu
2026-03-31 18:13:29 | INFO |   Num devices       : 1
2026-03-31 18:13:29 | INFO |   Device            : TFRT_CPU_0
2026-03-31 18:13:29 | INFO | ============================================================
2026-03-31 18:13:29 | INFO | DQN+RND | seed=1, lr=0.01, gamma=0.99, beta=1.0
2026-03-31 18:13:29 | INFO | Env: cartpole/dense, obs_dim=4, num_actions=2
2026-03-31 18:14:06 | INFO | [Episode  100] eps=0.901  avg_reward=  20.600  avg_length= 20.60  avg_loss=  0.3011  avg_intrinsic=0.0050  eval_success=0.000
2026-03-31 18:14:42 | INFO | [Episode  200] eps=0.802  avg_reward=  21.650  avg_length= 21.65  avg_loss=  0.9621  avg_intrinsic=0.0062  eval_success=0.000
2026-03-31 18:15:18 | INFO | [Episode  300] eps=0.703  avg_reward=  33.020  avg_length= 33.02  avg_loss=  2.0461  avg_intrinsic=0.0025  eval_success=0.000
2026-03-31 18:15:56 | INFO | [Episode  400] eps=0.604  avg_reward=  47.150  avg_length= 47.15  avg_loss=  5.0170  avg_intrinsic=0.0038  eval_success=0.900
2026-03-31 18:16:32 | INFO | [Episode  500] eps=0.505  avg_reward=  78.200  avg_length= 78.20  avg_loss=  9.8016  avg_intrinsic=0.0023  eval_success=1.000
2026-03-31 18:17:10 | INFO | [Episode  600] eps=0.406  avg_reward= 129.140  avg_length=129.14  avg_loss=  8.5476  avg_intrinsic=0.0005  eval_success=0.600
2026-03-31 18:17:48 | INFO | [Episode  700] eps=0.307  avg_reward= 155.410  avg_length=155.41  avg_loss=  9.3056  avg_intrinsic=0.0041  eval_success=0.200
2026-03-31 18:18:27 | INFO | [Episode  800] eps=0.208  avg_reward= 183.020  avg_length=183.02  avg_loss=  3.8196  avg_intrinsic=0.0060  eval_success=0.000
2026-03-31 18:19:06 | INFO | [Episode  900] eps=0.109  avg_reward= 165.560  avg_length=165.56  avg_loss=  1.8119  avg_intrinsic=0.0053  eval_success=0.300
2026-03-31 18:19:49 | INFO | [Episode 1000] eps=0.010  avg_reward= 166.520  avg_length=166.52  avg_loss=  1.0130  avg_intrinsic=0.0005  eval_success=0.600
2026-03-31 18:19:49 | INFO | DQN+RND training: 6m 32.94s
2026-03-31 18:20:15 | INFO | [Final Eval] success=0.590, mean_reward=190.630
