2026-04-01 09:01:06 | INFO | ============================================================
2026-04-01 09:01:06 | INFO | DEVICE / COMPUTE INFORMATION
2026-04-01 09:01:06 | INFO |   JAX backend       : CPU
2026-04-01 09:01:06 | INFO |   Platform          : cpu
2026-04-01 09:01:06 | INFO |   Num devices       : 1
2026-04-01 09:01:06 | INFO |   Device            : TFRT_CPU_0
2026-04-01 09:01:06 | INFO | ============================================================
2026-04-01 09:01:06 | INFO | DQN+RND | seed=7, lr=0.001, gamma=0.95, beta=1.0
2026-04-01 09:01:06 | INFO | Env: cartpole/sparse, obs_dim=4, num_actions=2
2026-04-01 09:01:39 | INFO | [Episode  100] eps=0.901  avg_reward=   1.000  avg_length= 22.01  avg_loss=  0.0435  avg_intrinsic=0.0023  eval_success=0.000
2026-04-01 09:02:11 | INFO | [Episode  200] eps=0.802  avg_reward=   1.000  avg_length= 19.85  avg_loss=  0.0420  avg_intrinsic=0.0028  eval_success=0.000
2026-04-01 09:02:43 | INFO | [Episode  300] eps=0.703  avg_reward=   1.000  avg_length= 24.27  avg_loss=  0.0380  avg_intrinsic=0.0054  eval_success=0.000
2026-04-01 09:03:16 | INFO | [Episode  400] eps=0.604  avg_reward=   1.000  avg_length= 24.80  avg_loss=  0.0310  avg_intrinsic=0.0078  eval_success=0.000
2026-04-01 09:03:49 | INFO | [Episode  500] eps=0.505  avg_reward=   1.000  avg_length= 23.40  avg_loss=  0.0278  avg_intrinsic=0.0028  eval_success=0.000
2026-04-01 09:04:23 | INFO | [Episode  600] eps=0.406  avg_reward=   1.000  avg_length= 23.75  avg_loss=  0.0233  avg_intrinsic=0.0061  eval_success=0.000
2026-04-01 09:04:55 | INFO | [Episode  700] eps=0.307  avg_reward=   1.000  avg_length= 18.12  avg_loss=  0.0210  avg_intrinsic=0.0058  eval_success=0.000
2026-04-01 09:05:30 | INFO | [Episode  800] eps=0.208  avg_reward=   1.000  avg_length= 11.64  avg_loss=  0.0178  avg_intrinsic=0.0037  eval_success=0.000
2026-04-01 09:06:06 | INFO | [Episode  900] eps=0.109  avg_reward=   1.000  avg_length= 10.26  avg_loss=  0.0162  avg_intrinsic=0.0040  eval_success=0.000
2026-04-01 09:06:43 | INFO | [Episode 1000] eps=0.010  avg_reward=   1.000  avg_length=  9.63  avg_loss=  0.0137  avg_intrinsic=0.0059  eval_success=0.000
2026-04-01 09:06:43 | INFO | DQN+RND training: 5m 56.78s
2026-04-01 09:06:45 | INFO | [Final Eval] success=0.000, mean_reward=1.000
