2026-04-01 02:36:14 | INFO | ============================================================
2026-04-01 02:36:14 | INFO | DEVICE / COMPUTE INFORMATION
2026-04-01 02:36:14 | INFO |   JAX backend       : CPU
2026-04-01 02:36:14 | INFO |   Platform          : cpu
2026-04-01 02:36:14 | INFO |   Num devices       : 1
2026-04-01 02:36:14 | INFO |   Device            : TFRT_CPU_0
2026-04-01 02:36:14 | INFO | ============================================================
2026-04-01 02:36:14 | INFO | DQN+RND | seed=5, lr=0.001, gamma=0.95, beta=0.1
2026-04-01 02:36:14 | INFO | Env: cartpole/dense, obs_dim=4, num_actions=2
2026-04-01 02:36:46 | INFO | [Episode  100] eps=0.901  avg_reward=  24.390  avg_length= 24.39  avg_loss=  0.8657  avg_intrinsic=0.0040  eval_success=0.000
2026-04-01 02:37:16 | INFO | [Episode  200] eps=0.802  avg_reward=  19.070  avg_length= 19.07  avg_loss=  0.7810  avg_intrinsic=0.0069  eval_success=0.000
2026-04-01 02:37:46 | INFO | [Episode  300] eps=0.703  avg_reward=  19.450  avg_length= 19.45  avg_loss=  0.7330  avg_intrinsic=0.0139  eval_success=0.000
2026-04-01 02:38:17 | INFO | [Episode  400] eps=0.604  avg_reward=  16.380  avg_length= 16.38  avg_loss=  1.1111  avg_intrinsic=0.0043  eval_success=0.000
2026-04-01 02:38:48 | INFO | [Episode  500] eps=0.505  avg_reward=  14.530  avg_length= 14.53  avg_loss=  1.6973  avg_intrinsic=0.0016  eval_success=0.000
2026-04-01 02:39:20 | INFO | [Episode  600] eps=0.406  avg_reward=  20.880  avg_length= 20.88  avg_loss=  2.1215  avg_intrinsic=0.0257  eval_success=0.000
2026-04-01 02:39:53 | INFO | [Episode  700] eps=0.307  avg_reward=  11.700  avg_length= 11.70  avg_loss=  2.7255  avg_intrinsic=0.0131  eval_success=0.000
2026-04-01 02:40:26 | INFO | [Episode  800] eps=0.208  avg_reward=  10.940  avg_length= 10.94  avg_loss=  3.3099  avg_intrinsic=0.0269  eval_success=0.000
2026-04-01 02:41:02 | INFO | [Episode  900] eps=0.109  avg_reward=  30.610  avg_length= 30.61  avg_loss=  2.9551  avg_intrinsic=0.0007  eval_success=0.000
2026-04-01 02:41:38 | INFO | [Episode 1000] eps=0.010  avg_reward=  68.720  avg_length= 68.72  avg_loss=  2.4935  avg_intrinsic=0.0008  eval_success=0.000
2026-04-01 02:41:38 | INFO | DQN+RND training: 5m 41.21s
2026-04-01 02:41:43 | INFO | [Final Eval] success=0.000, mean_reward=53.470
