2026-04-01 06:52:13 | INFO | ============================================================
2026-04-01 06:52:13 | INFO | DEVICE / COMPUTE INFORMATION
2026-04-01 06:52:13 | INFO |   JAX backend       : CPU
2026-04-01 06:52:13 | INFO |   Platform          : cpu
2026-04-01 06:52:13 | INFO |   Num devices       : 1
2026-04-01 06:52:13 | INFO |   Device            : TFRT_CPU_0
2026-04-01 06:52:13 | INFO | ============================================================
2026-04-01 06:52:13 | INFO | DQN+RND | seed=2, lr=0.01, gamma=0.95, beta=1.0
2026-04-01 06:52:13 | INFO | Env: cartpole/sparse, obs_dim=4, num_actions=2
2026-04-01 06:52:47 | INFO | [Episode  100] eps=0.901  avg_reward=   1.000  avg_length= 23.54  avg_loss=  0.0306  avg_intrinsic=0.0017  eval_success=0.000
2026-04-01 06:53:19 | INFO | [Episode  200] eps=0.802  avg_reward=   1.000  avg_length= 21.78  avg_loss=  0.0222  avg_intrinsic=0.0068  eval_success=0.000
2026-04-01 06:53:50 | INFO | [Episode  300] eps=0.703  avg_reward=   1.000  avg_length= 18.33  avg_loss=  0.0152  avg_intrinsic=0.0064  eval_success=0.000
2026-04-01 06:54:23 | INFO | [Episode  400] eps=0.604  avg_reward=   1.000  avg_length= 16.86  avg_loss=  0.0090  avg_intrinsic=0.0267  eval_success=0.000
2026-04-01 06:54:55 | INFO | [Episode  500] eps=0.505  avg_reward=   1.000  avg_length= 13.93  avg_loss=  0.0050  avg_intrinsic=0.0248  eval_success=0.000
2026-04-01 06:55:29 | INFO | [Episode  600] eps=0.406  avg_reward=   1.000  avg_length= 13.08  avg_loss=  0.0032  avg_intrinsic=0.0162  eval_success=0.000
2026-04-01 06:56:03 | INFO | [Episode  700] eps=0.307  avg_reward=   1.000  avg_length= 11.52  avg_loss=  0.0026  avg_intrinsic=0.0208  eval_success=0.000
2026-04-01 06:56:37 | INFO | [Episode  800] eps=0.208  avg_reward=   1.000  avg_length= 10.85  avg_loss=  0.0024  avg_intrinsic=0.0077  eval_success=0.000
2026-04-01 06:57:13 | INFO | [Episode  900] eps=0.109  avg_reward=   1.000  avg_length= 10.45  avg_loss=  0.0020  avg_intrinsic=0.0127  eval_success=0.000
2026-04-01 06:57:51 | INFO | [Episode 1000] eps=0.010  avg_reward=   1.000  avg_length=  9.65  avg_loss=  0.0014  avg_intrinsic=0.0122  eval_success=0.000
2026-04-01 06:57:51 | INFO | DQN+RND training: 5m 56.72s
2026-04-01 06:57:52 | INFO | [Final Eval] success=0.000, mean_reward=1.000
