2026-04-01 06:34:50 | INFO | ============================================================
2026-04-01 06:34:50 | INFO | DEVICE / COMPUTE INFORMATION
2026-04-01 06:34:50 | INFO |   JAX backend       : CPU
2026-04-01 06:34:50 | INFO |   Platform          : cpu
2026-04-01 06:34:50 | INFO |   Num devices       : 1
2026-04-01 06:34:50 | INFO |   Device            : TFRT_CPU_0
2026-04-01 06:34:50 | INFO | ============================================================
2026-04-01 06:34:50 | INFO | DQN+RND | seed=7, lr=0.01, gamma=0.95, beta=0.1
2026-04-01 06:34:50 | INFO | Env: cartpole/sparse, obs_dim=4, num_actions=2
2026-04-01 06:35:23 | INFO | [Episode  100] eps=0.901  avg_reward=   1.000  avg_length= 22.31  avg_loss=  0.0320  avg_intrinsic=0.0023  eval_success=0.000
2026-04-01 06:35:54 | INFO | [Episode  200] eps=0.802  avg_reward=   1.000  avg_length= 19.07  avg_loss=  0.0230  avg_intrinsic=0.0028  eval_success=0.000
2026-04-01 06:36:26 | INFO | [Episode  300] eps=0.703  avg_reward=   1.000  avg_length= 19.51  avg_loss=  0.0137  avg_intrinsic=0.0049  eval_success=0.000
2026-04-01 06:36:58 | INFO | [Episode  400] eps=0.604  avg_reward=   1.000  avg_length= 16.41  avg_loss=  0.0080  avg_intrinsic=0.0044  eval_success=0.000
2026-04-01 06:37:28 | INFO | [Episode  500] eps=0.505  avg_reward=   1.000  avg_length= 14.49  avg_loss=  0.0059  avg_intrinsic=0.0035  eval_success=0.000
2026-04-01 06:38:02 | INFO | [Episode  600] eps=0.406  avg_reward=   1.000  avg_length= 13.80  avg_loss=  0.0050  avg_intrinsic=0.0052  eval_success=0.000
2026-04-01 06:38:36 | INFO | [Episode  700] eps=0.307  avg_reward=   1.000  avg_length= 11.92  avg_loss=  0.0038  avg_intrinsic=0.0074  eval_success=0.000
2026-04-01 06:39:11 | INFO | [Episode  800] eps=0.208  avg_reward=   1.000  avg_length= 10.57  avg_loss=  0.0025  avg_intrinsic=0.0037  eval_success=0.000
2026-04-01 06:39:47 | INFO | [Episode  900] eps=0.109  avg_reward=   1.000  avg_length= 10.26  avg_loss=  0.0016  avg_intrinsic=0.0039  eval_success=0.000
2026-04-01 06:40:24 | INFO | [Episode 1000] eps=0.010  avg_reward=   1.000  avg_length=  9.63  avg_loss=  0.0010  avg_intrinsic=0.0058  eval_success=0.000
2026-04-01 06:40:24 | INFO | DQN+RND training: 5m 53.44s
2026-04-01 06:40:26 | INFO | [Final Eval] success=0.000, mean_reward=1.000
