2026-04-01 18:14:18 | INFO | ============================================================
2026-04-01 18:14:18 | INFO | DEVICE / COMPUTE INFORMATION
2026-04-01 18:14:18 | INFO |   JAX backend       : CPU
2026-04-01 18:14:18 | INFO |   Platform          : cpu
2026-04-01 18:14:18 | INFO |   Num devices       : 1
2026-04-01 18:14:18 | INFO |   Device            : TFRT_CPU_0
2026-04-01 18:14:18 | INFO | ============================================================
2026-04-01 18:14:18 | INFO | DQN+RND | seed=0, lr=0.0005, gamma=0.95, beta=1.0
2026-04-01 18:14:18 | INFO | Env: mountaincar/dense, obs_dim=2, num_actions=3
2026-04-01 18:14:54 | INFO | [Episode  100] eps=0.901  avg_reward=-200.000  avg_length=200.00  avg_loss=  0.9701  avg_intrinsic=0.0004  eval_success=0.000
2026-04-01 18:15:27 | INFO | [Episode  200] eps=0.802  avg_reward=-200.000  avg_length=200.00  avg_loss=  0.9574  avg_intrinsic=0.0004  eval_success=0.000
2026-04-01 18:16:00 | INFO | [Episode  300] eps=0.703  avg_reward=-200.000  avg_length=200.00  avg_loss=  0.9368  avg_intrinsic=0.0004  eval_success=0.000
2026-04-01 18:16:35 | INFO | [Episode  400] eps=0.604  avg_reward=-200.000  avg_length=200.00  avg_loss=  0.9019  avg_intrinsic=0.0004  eval_success=0.000
2026-04-01 18:17:09 | INFO | [Episode  500] eps=0.505  avg_reward=-200.000  avg_length=200.00  avg_loss=  0.8471  avg_intrinsic=0.0003  eval_success=0.000
2026-04-01 18:17:47 | INFO | [Episode  600] eps=0.406  avg_reward=-200.000  avg_length=200.00  avg_loss=  0.7603  avg_intrinsic=0.0004  eval_success=0.000
2026-04-01 18:18:27 | INFO | [Episode  700] eps=0.307  avg_reward=-200.000  avg_length=200.00  avg_loss=  0.6099  avg_intrinsic=0.0002  eval_success=0.000
2026-04-01 18:19:04 | INFO | [Episode  800] eps=0.208  avg_reward=-200.000  avg_length=200.00  avg_loss=  0.4468  avg_intrinsic=0.0004  eval_success=0.000
2026-04-01 18:19:44 | INFO | [Episode  900] eps=0.109  avg_reward=-200.000  avg_length=200.00  avg_loss=  0.4914  avg_intrinsic=0.0001  eval_success=0.000
2026-04-01 18:20:25 | INFO | [Episode 1000] eps=0.010  avg_reward=-200.000  avg_length=200.00  avg_loss=  0.8578  avg_intrinsic=0.0002  eval_success=0.000
2026-04-01 18:20:25 | INFO | DQN+RND training: 6m 20.94s
2026-04-01 18:20:44 | INFO | [Final Eval] success=0.000, mean_reward=-200.000
