2026-04-01 05:36:58 | INFO | ============================================================
2026-04-01 05:36:58 | INFO | DEVICE / COMPUTE INFORMATION
2026-04-01 05:36:58 | INFO |   JAX backend       : CPU
2026-04-01 05:36:58 | INFO |   Platform          : cpu
2026-04-01 05:36:58 | INFO |   Num devices       : 1
2026-04-01 05:36:58 | INFO |   Device            : TFRT_CPU_0
2026-04-01 05:36:58 | INFO | ============================================================
2026-04-01 05:36:58 | INFO | DQN+RND | seed=6, lr=0.001, gamma=0.99, beta=0.1
2026-04-01 05:36:58 | INFO | Env: cartpole/sparse, obs_dim=4, num_actions=2
2026-04-01 05:37:30 | INFO | [Episode  100] eps=0.901  avg_reward=   1.000  avg_length= 22.20  avg_loss=  0.0404  avg_intrinsic=0.0017  eval_success=0.000
2026-04-01 05:38:02 | INFO | [Episode  200] eps=0.802  avg_reward=   1.000  avg_length= 22.75  avg_loss=  0.0405  avg_intrinsic=0.0065  eval_success=0.000
2026-04-01 05:38:33 | INFO | [Episode  300] eps=0.703  avg_reward=   1.000  avg_length= 23.74  avg_loss=  0.0358  avg_intrinsic=0.0162  eval_success=0.000
2026-04-01 05:39:06 | INFO | [Episode  400] eps=0.604  avg_reward=   1.000  avg_length= 22.10  avg_loss=  0.0328  avg_intrinsic=0.0014  eval_success=0.000
2026-04-01 05:39:38 | INFO | [Episode  500] eps=0.505  avg_reward=   1.000  avg_length= 19.73  avg_loss=  0.0305  avg_intrinsic=0.0010  eval_success=0.000
2026-04-01 05:40:12 | INFO | [Episode  600] eps=0.406  avg_reward=   1.000  avg_length= 19.03  avg_loss=  0.0307  avg_intrinsic=0.0074  eval_success=0.000
2026-04-01 05:40:46 | INFO | [Episode  700] eps=0.307  avg_reward=   1.000  avg_length= 16.34  avg_loss=  0.0272  avg_intrinsic=0.0035  eval_success=0.000
2026-04-01 05:41:21 | INFO | [Episode  800] eps=0.208  avg_reward=   1.000  avg_length= 16.24  avg_loss=  0.0265  avg_intrinsic=0.0008  eval_success=0.000
2026-04-01 05:41:57 | INFO | [Episode  900] eps=0.109  avg_reward=   1.000  avg_length= 16.14  avg_loss=  0.0258  avg_intrinsic=0.0016  eval_success=0.000
2026-04-01 05:42:35 | INFO | [Episode 1000] eps=0.010  avg_reward=   1.000  avg_length= 14.92  avg_loss=  0.0248  avg_intrinsic=0.0030  eval_success=0.000
2026-04-01 05:42:35 | INFO | DQN+RND training: 5m 57.84s
2026-04-01 05:42:37 | INFO | [Final Eval] success=0.000, mean_reward=1.000
