2026-04-01 03:34:13 | INFO | ============================================================
2026-04-01 03:34:13 | INFO | DEVICE / COMPUTE INFORMATION
2026-04-01 03:34:13 | INFO |   JAX backend       : CPU
2026-04-01 03:34:13 | INFO |   Platform          : cpu
2026-04-01 03:34:13 | INFO |   Num devices       : 1
2026-04-01 03:34:13 | INFO |   Device            : TFRT_CPU_0
2026-04-01 03:34:13 | INFO | ============================================================
2026-04-01 03:34:13 | INFO | DQN+RND | seed=5, lr=0.01, gamma=0.99, beta=0.1
2026-04-01 03:34:13 | INFO | Env: cartpole/sparse, obs_dim=4, num_actions=2
2026-04-01 03:34:47 | INFO | [Episode  100] eps=0.901  avg_reward=   1.000  avg_length= 24.85  avg_loss=  0.0312  avg_intrinsic=0.0009  eval_success=0.000
2026-04-01 03:35:19 | INFO | [Episode  200] eps=0.802  avg_reward=   1.000  avg_length= 20.55  avg_loss=  0.0222  avg_intrinsic=0.0036  eval_success=0.000
2026-04-01 03:35:50 | INFO | [Episode  300] eps=0.703  avg_reward=   1.000  avg_length= 19.61  avg_loss=  0.0140  avg_intrinsic=0.0139  eval_success=0.000
2026-04-01 03:36:22 | INFO | [Episode  400] eps=0.604  avg_reward=   1.000  avg_length= 16.38  avg_loss=  0.0067  avg_intrinsic=0.0043  eval_success=0.000
2026-04-01 03:36:55 | INFO | [Episode  500] eps=0.505  avg_reward=   1.000  avg_length= 14.34  avg_loss=  0.0032  avg_intrinsic=0.0076  eval_success=0.000
2026-04-01 03:37:28 | INFO | [Episode  600] eps=0.406  avg_reward=   1.000  avg_length= 13.60  avg_loss=  0.0032  avg_intrinsic=0.0048  eval_success=0.000
2026-04-01 03:38:02 | INFO | [Episode  700] eps=0.307  avg_reward=   1.000  avg_length= 11.86  avg_loss=  0.0039  avg_intrinsic=0.0165  eval_success=0.000
2026-04-01 03:38:37 | INFO | [Episode  800] eps=0.208  avg_reward=   1.000  avg_length= 11.00  avg_loss=  0.0036  avg_intrinsic=0.0057  eval_success=0.000
2026-04-01 03:39:11 | INFO | [Episode  900] eps=0.109  avg_reward=   1.000  avg_length= 10.46  avg_loss=  0.0028  avg_intrinsic=0.0049  eval_success=0.000
2026-04-01 03:39:49 | INFO | [Episode 1000] eps=0.010  avg_reward=   1.000  avg_length= 10.18  avg_loss=  0.0018  avg_intrinsic=0.0068  eval_success=0.000
2026-04-01 03:39:49 | INFO | DQN+RND training: 5m 55.08s
2026-04-01 03:39:51 | INFO | [Final Eval] success=0.000, mean_reward=1.000
