2026-03-31 17:59:34 | INFO | ============================================================
2026-03-31 17:59:34 | INFO | DEVICE / COMPUTE INFORMATION
2026-03-31 17:59:34 | INFO |   JAX backend       : CPU
2026-03-31 17:59:34 | INFO |   Platform          : cpu
2026-03-31 17:59:34 | INFO |   Num devices       : 1
2026-03-31 17:59:34 | INFO |   Device            : TFRT_CPU_0
2026-03-31 17:59:34 | INFO | ============================================================
2026-03-31 17:59:34 | INFO | DQN+RND | seed=6, lr=0.01, gamma=0.99, beta=0.1
2026-03-31 17:59:34 | INFO | Env: cartpole/dense, obs_dim=4, num_actions=2
2026-03-31 18:00:10 | INFO | [Episode  100] eps=0.901  avg_reward=  21.560  avg_length= 21.56  avg_loss=  0.3467  avg_intrinsic=0.0017  eval_success=0.000
2026-03-31 18:00:44 | INFO | [Episode  200] eps=0.802  avg_reward=  22.730  avg_length= 22.73  avg_loss=  1.0702  avg_intrinsic=0.0064  eval_success=0.000
2026-03-31 18:01:18 | INFO | [Episode  300] eps=0.703  avg_reward=  35.430  avg_length= 35.43  avg_loss=  2.2183  avg_intrinsic=0.0094  eval_success=0.000
2026-03-31 18:01:55 | INFO | [Episode  400] eps=0.604  avg_reward=  43.260  avg_length= 43.26  avg_loss=  4.6972  avg_intrinsic=0.0009  eval_success=0.100
2026-03-31 18:02:35 | INFO | [Episode  500] eps=0.505  avg_reward=  86.500  avg_length= 86.50  avg_loss=  8.1819  avg_intrinsic=0.0047  eval_success=1.000
2026-03-31 18:03:15 | INFO | [Episode  600] eps=0.406  avg_reward= 127.310  avg_length=127.31  avg_loss=  7.6689  avg_intrinsic=0.0085  eval_success=0.700
2026-03-31 18:03:55 | INFO | [Episode  700] eps=0.307  avg_reward= 171.900  avg_length=171.90  avg_loss=  6.8695  avg_intrinsic=0.0057  eval_success=1.000
2026-03-31 18:04:34 | INFO | [Episode  800] eps=0.208  avg_reward= 180.960  avg_length=180.96  avg_loss=  5.0772  avg_intrinsic=0.0003  eval_success=0.900
2026-03-31 18:05:15 | INFO | [Episode  900] eps=0.109  avg_reward= 183.580  avg_length=183.58  avg_loss=  2.3892  avg_intrinsic=0.0040  eval_success=0.500
2026-03-31 18:05:55 | INFO | [Episode 1000] eps=0.010  avg_reward= 173.540  avg_length=173.54  avg_loss=  1.6583  avg_intrinsic=0.0040  eval_success=0.000
2026-03-31 18:05:55 | INFO | DQN+RND training: 6m 34.34s
2026-03-31 18:06:15 | INFO | [Final Eval] success=0.000, mean_reward=150.790
