2026-04-01 15:05:20 | INFO | ============================================================
2026-04-01 15:05:20 | INFO | DEVICE / COMPUTE INFORMATION
2026-04-01 15:05:20 | INFO |   JAX backend       : CPU
2026-04-01 15:05:20 | INFO |   Platform          : cpu
2026-04-01 15:05:20 | INFO |   Num devices       : 1
2026-04-01 15:05:20 | INFO |   Device            : TFRT_CPU_0
2026-04-01 15:05:20 | INFO | ============================================================
2026-04-01 15:05:20 | INFO | DQN+RND | seed=0, lr=0.0005, gamma=0.95, beta=0.1
2026-04-01 15:05:20 | INFO | Env: mountaincar/dense, obs_dim=2, num_actions=3
2026-04-01 15:06:22 | INFO | [Episode  100] eps=0.901  avg_reward=-200.000  avg_length=200.00  avg_loss=  0.9708  avg_intrinsic=0.0004  eval_success=0.000
2026-04-01 15:07:19 | INFO | [Episode  200] eps=0.802  avg_reward=-200.000  avg_length=200.00  avg_loss=  0.9581  avg_intrinsic=0.0004  eval_success=0.000
2026-04-01 15:08:14 | INFO | [Episode  300] eps=0.703  avg_reward=-200.000  avg_length=200.00  avg_loss=  0.9374  avg_intrinsic=0.0004  eval_success=0.000
2026-04-01 15:09:15 | INFO | [Episode  400] eps=0.604  avg_reward=-200.000  avg_length=200.00  avg_loss=  0.9023  avg_intrinsic=0.0004  eval_success=0.000
2026-04-01 15:10:09 | INFO | [Episode  500] eps=0.505  avg_reward=-200.000  avg_length=200.00  avg_loss=  0.8476  avg_intrinsic=0.0003  eval_success=0.000
2026-04-01 15:11:04 | INFO | [Episode  600] eps=0.406  avg_reward=-200.000  avg_length=200.00  avg_loss=  0.7608  avg_intrinsic=0.0004  eval_success=0.000
2026-04-01 15:12:02 | INFO | [Episode  700] eps=0.307  avg_reward=-200.000  avg_length=200.00  avg_loss=  0.6100  avg_intrinsic=0.0002  eval_success=0.000
2026-04-01 15:13:02 | INFO | [Episode  800] eps=0.208  avg_reward=-200.000  avg_length=200.00  avg_loss=  0.4442  avg_intrinsic=0.0004  eval_success=0.000
2026-04-01 15:14:03 | INFO | [Episode  900] eps=0.109  avg_reward=-200.000  avg_length=200.00  avg_loss=  0.4908  avg_intrinsic=0.0001  eval_success=0.000
2026-04-01 15:15:16 | INFO | [Episode 1000] eps=0.010  avg_reward=-200.000  avg_length=200.00  avg_loss=  0.8607  avg_intrinsic=0.0002  eval_success=0.000
2026-04-01 15:15:16 | INFO | DQN+RND training: 10m 22.70s
2026-04-01 15:15:50 | INFO | [Final Eval] success=0.000, mean_reward=-200.000
