2026-04-01 00:14:01 | INFO | ============================================================
2026-04-01 00:14:01 | INFO | DEVICE / COMPUTE INFORMATION
2026-04-01 00:14:01 | INFO |   JAX backend       : CPU
2026-04-01 00:14:01 | INFO |   Platform          : cpu
2026-04-01 00:14:01 | INFO |   Num devices       : 1
2026-04-01 00:14:01 | INFO |   Device            : TFRT_CPU_0
2026-04-01 00:14:01 | INFO | ============================================================
2026-04-01 00:14:01 | INFO | DQN+RND | seed=7, lr=0.001, gamma=0.99, beta=1.0
2026-04-01 00:14:01 | INFO | Env: cartpole/dense, obs_dim=4, num_actions=2
2026-04-01 00:14:35 | INFO | [Episode  100] eps=0.901  avg_reward=  21.350  avg_length= 21.35  avg_loss=  0.8980  avg_intrinsic=0.0023  eval_success=0.000
2026-04-01 00:15:08 | INFO | [Episode  200] eps=0.802  avg_reward=  18.740  avg_length= 18.74  avg_loss=  0.9470  avg_intrinsic=0.0028  eval_success=0.000
2026-04-01 00:15:40 | INFO | [Episode  300] eps=0.703  avg_reward=  19.560  avg_length= 19.56  avg_loss=  1.0404  avg_intrinsic=0.0049  eval_success=0.000
2026-04-01 00:16:13 | INFO | [Episode  400] eps=0.604  avg_reward=  16.410  avg_length= 16.41  avg_loss=  1.8141  avg_intrinsic=0.0044  eval_success=0.000
2026-04-01 00:16:46 | INFO | [Episode  500] eps=0.505  avg_reward=  16.810  avg_length= 16.81  avg_loss=  2.6399  avg_intrinsic=0.0168  eval_success=0.000
2026-04-01 00:17:20 | INFO | [Episode  600] eps=0.406  avg_reward=  12.740  avg_length= 12.74  avg_loss=  3.9026  avg_intrinsic=0.0195  eval_success=0.000
2026-04-01 00:17:55 | INFO | [Episode  700] eps=0.307  avg_reward=  12.490  avg_length= 12.49  avg_loss=  5.4978  avg_intrinsic=0.0056  eval_success=0.000
2026-04-01 00:18:29 | INFO | [Episode  800] eps=0.208  avg_reward=  32.180  avg_length= 32.18  avg_loss=  5.6120  avg_intrinsic=0.0006  eval_success=0.000
2026-04-01 00:19:07 | INFO | [Episode  900] eps=0.109  avg_reward=  57.160  avg_length= 57.16  avg_loss=  6.4762  avg_intrinsic=0.0008  eval_success=0.000
2026-04-01 00:19:46 | INFO | [Episode 1000] eps=0.010  avg_reward=  56.970  avg_length= 56.97  avg_loss=  7.9145  avg_intrinsic=0.0003  eval_success=0.000
2026-04-01 00:19:46 | INFO | DQN+RND training: 6m 3.19s
2026-04-01 00:19:53 | INFO | [Final Eval] success=0.000, mean_reward=50.560
