2026-04-01 19:01:08 | INFO | ============================================================
2026-04-01 19:01:08 | INFO | DEVICE / COMPUTE INFORMATION
2026-04-01 19:01:08 | INFO |   JAX backend       : CPU
2026-04-01 19:01:08 | INFO |   Platform          : cpu
2026-04-01 19:01:08 | INFO |   Num devices       : 1
2026-04-01 19:01:08 | INFO |   Device            : TFRT_CPU_0
2026-04-01 19:01:08 | INFO | ============================================================
2026-04-01 19:01:08 | INFO | DQN+RND | seed=2, lr=0.001, gamma=0.95, beta=0.1
2026-04-01 19:01:08 | INFO | Env: mountaincar/dense, obs_dim=2, num_actions=3
2026-04-01 19:01:43 | INFO | [Episode  100] eps=0.901  avg_reward=-200.000  avg_length=200.00  avg_loss=  0.9523  avg_intrinsic=0.0004  eval_success=0.000
2026-04-01 19:02:19 | INFO | [Episode  200] eps=0.802  avg_reward=-200.000  avg_length=200.00  avg_loss=  0.9139  avg_intrinsic=0.0003  eval_success=0.000
2026-04-01 19:02:55 | INFO | [Episode  300] eps=0.703  avg_reward=-200.000  avg_length=200.00  avg_loss=  0.8093  avg_intrinsic=0.0005  eval_success=0.000
2026-04-01 19:03:33 | INFO | [Episode  400] eps=0.604  avg_reward=-200.000  avg_length=200.00  avg_loss=  0.5820  avg_intrinsic=0.0003  eval_success=0.000
2026-04-01 19:04:09 | INFO | [Episode  500] eps=0.505  avg_reward=-200.000  avg_length=200.00  avg_loss=  0.6702  avg_intrinsic=0.0003  eval_success=0.000
2026-04-01 19:04:48 | INFO | [Episode  600] eps=0.406  avg_reward=-200.000  avg_length=200.00  avg_loss=  1.2887  avg_intrinsic=0.0004  eval_success=0.000
2026-04-01 19:05:27 | INFO | [Episode  700] eps=0.307  avg_reward=-200.000  avg_length=200.00  avg_loss=  1.2390  avg_intrinsic=0.0003  eval_success=0.000
2026-04-01 19:06:08 | INFO | [Episode  800] eps=0.208  avg_reward=-200.000  avg_length=200.00  avg_loss=  1.4216  avg_intrinsic=0.0004  eval_success=0.000
2026-04-01 19:06:52 | INFO | [Episode  900] eps=0.109  avg_reward=-200.000  avg_length=200.00  avg_loss=  1.4113  avg_intrinsic=0.0004  eval_success=0.000
2026-04-01 19:07:39 | INFO | [Episode 1000] eps=0.010  avg_reward=-200.000  avg_length=200.00  avg_loss=  1.5425  avg_intrinsic=0.0002  eval_success=0.000
2026-04-01 19:07:40 | INFO | DQN+RND training: 6m 50.40s
2026-04-01 19:08:01 | INFO | [Final Eval] success=0.000, mean_reward=-200.000
