2026-04-01 15:16:19 | INFO | ============================================================
2026-04-01 15:16:19 | INFO | DEVICE / COMPUTE INFORMATION
2026-04-01 15:16:19 | INFO |   JAX backend       : CPU
2026-04-01 15:16:19 | INFO |   Platform          : cpu
2026-04-01 15:16:19 | INFO |   Num devices       : 1
2026-04-01 15:16:19 | INFO |   Device            : TFRT_CPU_0
2026-04-01 15:16:19 | INFO | ============================================================
2026-04-01 15:16:19 | INFO | DQN+RND | seed=3, lr=0.0005, gamma=0.95, beta=0.1
2026-04-01 15:16:19 | INFO | Env: mountaincar/dense, obs_dim=2, num_actions=3
2026-04-01 15:17:27 | INFO | [Episode  100] eps=0.901  avg_reward=-200.000  avg_length=200.00  avg_loss=  0.9540  avg_intrinsic=0.0004  eval_success=0.000
2026-04-01 15:18:31 | INFO | [Episode  200] eps=0.802  avg_reward=-200.000  avg_length=200.00  avg_loss=  0.9471  avg_intrinsic=0.0003  eval_success=0.000
2026-04-01 15:19:32 | INFO | [Episode  300] eps=0.703  avg_reward=-200.000  avg_length=200.00  avg_loss=  0.9289  avg_intrinsic=0.0003  eval_success=0.000
2026-04-01 15:20:39 | INFO | [Episode  400] eps=0.604  avg_reward=-200.000  avg_length=200.00  avg_loss=  0.8831  avg_intrinsic=0.0004  eval_success=0.000
2026-04-01 15:21:45 | INFO | [Episode  500] eps=0.505  avg_reward=-200.000  avg_length=200.00  avg_loss=  0.8034  avg_intrinsic=0.0003  eval_success=0.000
2026-04-01 15:22:53 | INFO | [Episode  600] eps=0.406  avg_reward=-200.000  avg_length=200.00  avg_loss=  0.6816  avg_intrinsic=0.0004  eval_success=0.000
2026-04-01 15:23:57 | INFO | [Episode  700] eps=0.307  avg_reward=-200.000  avg_length=200.00  avg_loss=  0.5202  avg_intrinsic=0.0001  eval_success=0.000
2026-04-01 15:25:03 | INFO | [Episode  800] eps=0.208  avg_reward=-200.000  avg_length=200.00  avg_loss=  0.4785  avg_intrinsic=0.0002  eval_success=0.000
2026-04-01 15:26:07 | INFO | [Episode  900] eps=0.109  avg_reward=-200.000  avg_length=200.00  avg_loss=  0.7692  avg_intrinsic=0.0004  eval_success=0.000
2026-04-01 15:27:16 | INFO | [Episode 1000] eps=0.010  avg_reward=-200.000  avg_length=200.00  avg_loss=  1.1898  avg_intrinsic=0.0003  eval_success=0.000
2026-04-01 15:27:16 | INFO | DQN+RND training: 11m 27.17s
2026-04-01 15:27:56 | INFO | [Final Eval] success=0.000, mean_reward=-200.000
