2026-04-01 12:11:09 | INFO | ============================================================
2026-04-01 12:11:09 | INFO | DEVICE / COMPUTE INFORMATION
2026-04-01 12:11:09 | INFO |   JAX backend       : CPU
2026-04-01 12:11:09 | INFO |   Platform          : cpu
2026-04-01 12:11:09 | INFO |   Num devices       : 1
2026-04-01 12:11:09 | INFO |   Device            : TFRT_CPU_0
2026-04-01 12:11:09 | INFO | ============================================================
2026-04-01 12:11:09 | INFO | DQN+RND | seed=6, lr=0.001, gamma=0.99, beta=1.0
2026-04-01 12:11:09 | INFO | Env: mountaincar/dense, obs_dim=2, num_actions=3
2026-04-01 12:11:41 | INFO | [Episode  100] eps=0.901  avg_reward=-200.000  avg_length=200.00  avg_loss=  0.9273  avg_intrinsic=0.0003  eval_success=0.000
2026-04-01 12:12:15 | INFO | [Episode  200] eps=0.802  avg_reward=-200.000  avg_length=200.00  avg_loss=  0.9060  avg_intrinsic=0.0003  eval_success=0.000
2026-04-01 12:12:49 | INFO | [Episode  300] eps=0.703  avg_reward=-200.000  avg_length=200.00  avg_loss=  0.8743  avg_intrinsic=0.0004  eval_success=0.000
2026-04-01 12:13:27 | INFO | [Episode  400] eps=0.604  avg_reward=-200.000  avg_length=200.00  avg_loss=  0.9074  avg_intrinsic=0.0002  eval_success=0.000
2026-04-01 12:14:10 | INFO | [Episode  500] eps=0.505  avg_reward=-200.000  avg_length=200.00  avg_loss=  4.3880  avg_intrinsic=0.0002  eval_success=0.000
2026-04-01 12:14:57 | INFO | [Episode  600] eps=0.406  avg_reward=-200.000  avg_length=200.00  avg_loss=  9.4032  avg_intrinsic=0.0002  eval_success=0.000
2026-04-01 12:15:35 | INFO | [Episode  700] eps=0.307  avg_reward=-200.000  avg_length=200.00  avg_loss= 12.4003  avg_intrinsic=0.0002  eval_success=0.000
2026-04-01 12:16:15 | INFO | [Episode  800] eps=0.208  avg_reward=-200.000  avg_length=200.00  avg_loss= 14.3397  avg_intrinsic=0.0001  eval_success=0.000
2026-04-01 12:16:56 | INFO | [Episode  900] eps=0.109  avg_reward=-200.000  avg_length=200.00  avg_loss= 15.3439  avg_intrinsic=0.0004  eval_success=0.000
2026-04-01 12:17:46 | INFO | [Episode 1000] eps=0.010  avg_reward=-200.000  avg_length=200.00  avg_loss= 14.6118  avg_intrinsic=0.0003  eval_success=0.000
2026-04-01 12:17:46 | INFO | DQN+RND training: 7m 0.97s
2026-04-01 12:18:11 | INFO | [Final Eval] success=0.000, mean_reward=-200.000
