2026-04-01 06:17:28 | INFO | ============================================================
2026-04-01 06:17:28 | INFO | DEVICE / COMPUTE INFORMATION
2026-04-01 06:17:28 | INFO |   JAX backend       : CPU
2026-04-01 06:17:28 | INFO |   Platform          : cpu
2026-04-01 06:17:28 | INFO |   Num devices       : 1
2026-04-01 06:17:28 | INFO |   Device            : TFRT_CPU_0
2026-04-01 06:17:28 | INFO | ============================================================
2026-04-01 06:17:28 | INFO | DQN+RND | seed=1, lr=0.01, gamma=0.95, beta=0.1
2026-04-01 06:17:28 | INFO | Env: cartpole/sparse, obs_dim=4, num_actions=2
2026-04-01 06:18:01 | INFO | [Episode  100] eps=0.901  avg_reward=   1.000  avg_length= 23.73  avg_loss=  0.0379  avg_intrinsic=0.0032  eval_success=0.000
2026-04-01 06:18:33 | INFO | [Episode  200] eps=0.802  avg_reward=   1.000  avg_length= 20.89  avg_loss=  0.0260  avg_intrinsic=0.0095  eval_success=0.000
2026-04-01 06:19:05 | INFO | [Episode  300] eps=0.703  avg_reward=   1.000  avg_length= 18.18  avg_loss=  0.0181  avg_intrinsic=0.0013  eval_success=0.000
2026-04-01 06:19:37 | INFO | [Episode  400] eps=0.604  avg_reward=   1.000  avg_length= 15.01  avg_loss=  0.0112  avg_intrinsic=0.0120  eval_success=0.000
2026-04-01 06:20:09 | INFO | [Episode  500] eps=0.505  avg_reward=   1.000  avg_length= 15.06  avg_loss=  0.0067  avg_intrinsic=0.0069  eval_success=0.000
2026-04-01 06:20:41 | INFO | [Episode  600] eps=0.406  avg_reward=   1.000  avg_length= 12.20  avg_loss=  0.0039  avg_intrinsic=0.0065  eval_success=0.000
2026-04-01 06:21:16 | INFO | [Episode  700] eps=0.307  avg_reward=   1.000  avg_length= 12.01  avg_loss=  0.0031  avg_intrinsic=0.0133  eval_success=0.000
2026-04-01 06:21:50 | INFO | [Episode  800] eps=0.208  avg_reward=   1.000  avg_length= 11.05  avg_loss=  0.0028  avg_intrinsic=0.0103  eval_success=0.000
2026-04-01 06:22:26 | INFO | [Episode  900] eps=0.109  avg_reward=   1.000  avg_length= 10.27  avg_loss=  0.0022  avg_intrinsic=0.0099  eval_success=0.000
2026-04-01 06:23:04 | INFO | [Episode 1000] eps=0.010  avg_reward=   1.000  avg_length=  9.84  avg_loss=  0.0017  avg_intrinsic=0.0083  eval_success=0.000
2026-04-01 06:23:04 | INFO | DQN+RND training: 5m 55.03s
2026-04-01 06:23:05 | INFO | [Final Eval] success=0.000, mean_reward=1.000
