2026-03-31 17:45:33 | INFO | ============================================================
2026-03-31 17:45:33 | INFO | DEVICE / COMPUTE INFORMATION
2026-03-31 17:45:33 | INFO |   JAX backend       : CPU
2026-03-31 17:45:33 | INFO |   Platform          : cpu
2026-03-31 17:45:33 | INFO |   Num devices       : 1
2026-03-31 17:45:33 | INFO |   Device            : TFRT_CPU_0
2026-03-31 17:45:33 | INFO | ============================================================
2026-03-31 17:45:33 | INFO | DQN+RND | seed=2, lr=0.01, gamma=0.99, beta=0.1
2026-03-31 17:45:33 | INFO | Env: cartpole/dense, obs_dim=4, num_actions=2
2026-03-31 17:46:11 | INFO | [Episode  100] eps=0.901  avg_reward=  23.400  avg_length= 23.40  avg_loss=  0.3431  avg_intrinsic=0.0048  eval_success=0.000
2026-03-31 17:46:47 | INFO | [Episode  200] eps=0.802  avg_reward=  23.430  avg_length= 23.43  avg_loss=  1.0078  avg_intrinsic=0.0011  eval_success=0.000
2026-03-31 17:47:21 | INFO | [Episode  300] eps=0.703  avg_reward=  33.790  avg_length= 33.79  avg_loss=  2.0374  avg_intrinsic=0.0013  eval_success=0.000
2026-03-31 17:47:59 | INFO | [Episode  400] eps=0.604  avg_reward=  46.020  avg_length= 46.02  avg_loss=  6.7594  avg_intrinsic=0.0006  eval_success=0.700
2026-03-31 17:48:36 | INFO | [Episode  500] eps=0.505  avg_reward=  94.500  avg_length= 94.50  avg_loss=  6.3048  avg_intrinsic=0.0010  eval_success=1.000
2026-03-31 17:49:15 | INFO | [Episode  600] eps=0.406  avg_reward= 144.890  avg_length=144.89  avg_loss=  5.7209  avg_intrinsic=0.0036  eval_success=0.600
2026-03-31 17:49:55 | INFO | [Episode  700] eps=0.307  avg_reward= 167.990  avg_length=167.99  avg_loss=  4.9693  avg_intrinsic=0.0017  eval_success=0.700
2026-03-31 17:50:37 | INFO | [Episode  800] eps=0.208  avg_reward= 167.960  avg_length=167.96  avg_loss=  4.3268  avg_intrinsic=0.0064  eval_success=0.300
2026-03-31 17:51:18 | INFO | [Episode  900] eps=0.109  avg_reward= 170.270  avg_length=170.27  avg_loss=  2.2776  avg_intrinsic=0.0022  eval_success=0.400
2026-03-31 17:51:59 | INFO | [Episode 1000] eps=0.010  avg_reward= 189.580  avg_length=189.58  avg_loss=  2.4395  avg_intrinsic=0.0024  eval_success=0.000
2026-03-31 17:51:59 | INFO | DQN+RND training: 6m 38.74s
2026-03-31 17:52:22 | INFO | [Final Eval] success=0.020, mean_reward=175.390
