2026-04-02 02:08:01 | INFO | ============================================================
2026-04-02 02:08:01 | INFO | DEVICE / COMPUTE INFORMATION
2026-04-02 02:08:01 | INFO |   JAX backend       : CPU
2026-04-02 02:08:01 | INFO |   Platform          : cpu
2026-04-02 02:08:01 | INFO |   Num devices       : 1
2026-04-02 02:08:01 | INFO |   Device            : TFRT_CPU_0
2026-04-02 02:08:01 | INFO | ============================================================
2026-04-02 02:08:01 | INFO | DQN+RND | seed=3, lr=0.01, gamma=0.95, beta=1.0
2026-04-02 02:08:01 | INFO | Env: mountaincar/sparse, obs_dim=2, num_actions=3
2026-04-02 02:08:36 | INFO | [Episode  100] eps=0.901  avg_reward=  -1.000  avg_length=200.00  avg_loss=  0.0051  avg_intrinsic=0.0004  eval_success=0.000
2026-04-02 02:09:10 | INFO | [Episode  200] eps=0.802  avg_reward=  -1.000  avg_length=200.00  avg_loss=  0.0048  avg_intrinsic=0.0004  eval_success=0.000
2026-04-02 02:09:52 | INFO | [Episode  300] eps=0.703  avg_reward=  -1.000  avg_length=200.00  avg_loss=  0.0048  avg_intrinsic=0.0003  eval_success=0.000
2026-04-02 02:10:34 | INFO | [Episode  400] eps=0.604  avg_reward=  -1.000  avg_length=200.00  avg_loss=  0.0049  avg_intrinsic=0.0003  eval_success=0.000
2026-04-02 02:11:10 | INFO | [Episode  500] eps=0.505  avg_reward=  -1.000  avg_length=200.00  avg_loss=  0.0045  avg_intrinsic=0.0003  eval_success=0.200
2026-04-02 02:11:46 | INFO | [Episode  600] eps=0.406  avg_reward=  -1.000  avg_length=200.00  avg_loss=  0.0047  avg_intrinsic=0.0003  eval_success=0.100
2026-04-02 02:12:23 | INFO | [Episode  700] eps=0.307  avg_reward=  -0.980  avg_length=199.71  avg_loss=  0.0045  avg_intrinsic=0.0003  eval_success=0.000
2026-04-02 02:13:12 | INFO | [Episode  800] eps=0.208  avg_reward=  -1.000  avg_length=200.00  avg_loss=  0.0047  avg_intrinsic=0.0003  eval_success=0.000
2026-04-02 02:13:52 | INFO | [Episode  900] eps=0.109  avg_reward=  -1.000  avg_length=200.00  avg_loss=  0.0047  avg_intrinsic=0.0001  eval_success=0.000
2026-04-02 02:14:37 | INFO | [Episode 1000] eps=0.010  avg_reward=  -0.700  avg_length=194.95  avg_loss=  0.0046  avg_intrinsic=0.0001  eval_success=0.000
2026-04-02 02:14:37 | INFO | DQN+RND training: 6m 35.89s
2026-04-02 02:15:00 | INFO | [Final Eval] success=0.000, mean_reward=-1.000
