2026-04-01 01:49:26 | INFO | ============================================================
2026-04-01 01:49:26 | INFO | DEVICE / COMPUTE INFORMATION
2026-04-01 01:49:26 | INFO |   JAX backend       : CPU
2026-04-01 01:49:26 | INFO |   Platform          : cpu
2026-04-01 01:49:26 | INFO |   Num devices       : 1
2026-04-01 01:49:26 | INFO |   Device            : TFRT_CPU_0
2026-04-01 01:49:26 | INFO | ============================================================
2026-04-01 01:49:26 | INFO | DQN+RND | seed=9, lr=0.0005, gamma=0.95, beta=0.1
2026-04-01 01:49:26 | INFO | Env: cartpole/dense, obs_dim=4, num_actions=2
2026-04-01 01:50:00 | INFO | [Episode  100] eps=0.901  avg_reward=  22.620  avg_length= 22.62  avg_loss=  0.9004  avg_intrinsic=0.0033  eval_success=0.000
2026-04-01 01:50:31 | INFO | [Episode  200] eps=0.802  avg_reward=  20.510  avg_length= 20.51  avg_loss=  0.8775  avg_intrinsic=0.0068  eval_success=0.000
2026-04-01 01:51:02 | INFO | [Episode  300] eps=0.703  avg_reward=  18.410  avg_length= 18.41  avg_loss=  0.8201  avg_intrinsic=0.0169  eval_success=0.000
2026-04-01 01:51:34 | INFO | [Episode  400] eps=0.604  avg_reward=  15.110  avg_length= 15.11  avg_loss=  0.7881  avg_intrinsic=0.0108  eval_success=0.000
2026-04-01 01:52:06 | INFO | [Episode  500] eps=0.505  avg_reward=  14.120  avg_length= 14.12  avg_loss=  0.8834  avg_intrinsic=0.0192  eval_success=0.000
2026-04-01 01:52:39 | INFO | [Episode  600] eps=0.406  avg_reward=  13.300  avg_length= 13.30  avg_loss=  1.4103  avg_intrinsic=0.0092  eval_success=0.000
2026-04-01 01:53:11 | INFO | [Episode  700] eps=0.307  avg_reward=  12.390  avg_length= 12.39  avg_loss=  1.9551  avg_intrinsic=0.0109  eval_success=0.000
2026-04-01 01:53:45 | INFO | [Episode  800] eps=0.208  avg_reward=  11.310  avg_length= 11.31  avg_loss=  2.1421  avg_intrinsic=0.0027  eval_success=0.000
2026-04-01 01:54:21 | INFO | [Episode  900] eps=0.109  avg_reward=  10.610  avg_length= 10.61  avg_loss=  2.2214  avg_intrinsic=0.0264  eval_success=0.000
2026-04-01 01:54:57 | INFO | [Episode 1000] eps=0.010  avg_reward=   9.740  avg_length=  9.74  avg_loss=  2.7784  avg_intrinsic=0.0156  eval_success=0.000
2026-04-01 01:54:57 | INFO | DQN+RND training: 5m 48.74s
2026-04-01 01:54:59 | INFO | [Final Eval] success=0.000, mean_reward=9.310
