2026-04-01 03:28:30 | INFO | ============================================================
2026-04-01 03:28:30 | INFO | DEVICE / COMPUTE INFORMATION
2026-04-01 03:28:30 | INFO |   JAX backend       : CPU
2026-04-01 03:28:30 | INFO |   Platform          : cpu
2026-04-01 03:28:30 | INFO |   Num devices       : 1
2026-04-01 03:28:30 | INFO |   Device            : TFRT_CPU_0
2026-04-01 03:28:30 | INFO | ============================================================
2026-04-01 03:28:30 | INFO | DQN+RND | seed=3, lr=0.01, gamma=0.99, beta=0.1
2026-04-01 03:28:30 | INFO | Env: cartpole/sparse, obs_dim=4, num_actions=2
2026-04-01 03:29:03 | INFO | [Episode  100] eps=0.901  avg_reward=   1.000  avg_length= 22.63  avg_loss=  0.0353  avg_intrinsic=0.0082  eval_success=0.000
2026-04-01 03:29:33 | INFO | [Episode  200] eps=0.802  avg_reward=   1.000  avg_length= 19.73  avg_loss=  0.0244  avg_intrinsic=0.0215  eval_success=0.000
2026-04-01 03:30:04 | INFO | [Episode  300] eps=0.703  avg_reward=   1.000  avg_length= 18.45  avg_loss=  0.0163  avg_intrinsic=0.0185  eval_success=0.000
2026-04-01 03:30:35 | INFO | [Episode  400] eps=0.604  avg_reward=   1.000  avg_length= 15.00  avg_loss=  0.0095  avg_intrinsic=0.0129  eval_success=0.000
2026-04-01 03:31:07 | INFO | [Episode  500] eps=0.505  avg_reward=   1.000  avg_length= 14.21  avg_loss=  0.0044  avg_intrinsic=0.0162  eval_success=0.000
2026-04-01 03:31:40 | INFO | [Episode  600] eps=0.406  avg_reward=   1.000  avg_length= 12.87  avg_loss=  0.0021  avg_intrinsic=0.0240  eval_success=0.000
2026-04-01 03:32:14 | INFO | [Episode  700] eps=0.307  avg_reward=   1.000  avg_length= 11.79  avg_loss=  0.0022  avg_intrinsic=0.0113  eval_success=0.000
2026-04-01 03:32:49 | INFO | [Episode  800] eps=0.208  avg_reward=   1.000  avg_length= 10.88  avg_loss=  0.0030  avg_intrinsic=0.0102  eval_success=0.000
2026-04-01 03:33:25 | INFO | [Episode  900] eps=0.109  avg_reward=   1.000  avg_length= 10.12  avg_loss=  0.0031  avg_intrinsic=0.0217  eval_success=0.000
2026-04-01 03:34:01 | INFO | [Episode 1000] eps=0.010  avg_reward=   1.000  avg_length=  9.69  avg_loss=  0.0026  avg_intrinsic=0.0100  eval_success=0.000
2026-04-01 03:34:01 | INFO | DQN+RND training: 5m 48.83s
2026-04-01 03:34:01 | INFO | [Final Eval] success=0.000, mean_reward=1.000
