2026-04-01 04:32:28 | INFO | ============================================================
2026-04-01 04:32:28 | INFO | DEVICE / COMPUTE INFORMATION
2026-04-01 04:32:28 | INFO |   JAX backend       : CPU
2026-04-01 04:32:28 | INFO |   Platform          : cpu
2026-04-01 04:32:28 | INFO |   Num devices       : 1
2026-04-01 04:32:28 | INFO |   Device            : TFRT_CPU_0
2026-04-01 04:32:28 | INFO | ============================================================
2026-04-01 04:32:28 | INFO | DQN+RND | seed=4, lr=0.0005, gamma=0.99, beta=0.1
2026-04-01 04:32:28 | INFO | Env: cartpole/sparse, obs_dim=4, num_actions=2
2026-04-01 04:33:02 | INFO | [Episode  100] eps=0.901  avg_reward=   1.000  avg_length= 22.59  avg_loss=  0.0392  avg_intrinsic=0.0035  eval_success=0.000
2026-04-01 04:33:34 | INFO | [Episode  200] eps=0.802  avg_reward=   1.000  avg_length= 23.11  avg_loss=  0.0411  avg_intrinsic=0.0033  eval_success=0.000
2026-04-01 04:34:05 | INFO | [Episode  300] eps=0.703  avg_reward=   1.000  avg_length= 22.57  avg_loss=  0.0416  avg_intrinsic=0.0087  eval_success=0.000
2026-04-01 04:34:37 | INFO | [Episode  400] eps=0.604  avg_reward=   1.000  avg_length= 23.82  avg_loss=  0.0399  avg_intrinsic=0.0008  eval_success=0.000
2026-04-01 04:35:11 | INFO | [Episode  500] eps=0.505  avg_reward=   1.000  avg_length= 31.61  avg_loss=  0.0358  avg_intrinsic=0.0078  eval_success=0.000
2026-04-01 04:35:44 | INFO | [Episode  600] eps=0.406  avg_reward=   1.000  avg_length= 26.90  avg_loss=  0.0332  avg_intrinsic=0.0098  eval_success=0.000
2026-04-01 04:36:19 | INFO | [Episode  700] eps=0.307  avg_reward=   1.000  avg_length= 24.79  avg_loss=  0.0340  avg_intrinsic=0.0143  eval_success=0.000
2026-04-01 04:36:53 | INFO | [Episode  800] eps=0.208  avg_reward=   1.000  avg_length= 15.77  avg_loss=  0.0315  avg_intrinsic=0.0127  eval_success=0.000
2026-04-01 04:37:29 | INFO | [Episode  900] eps=0.109  avg_reward=   1.000  avg_length= 10.20  avg_loss=  0.0309  avg_intrinsic=0.0166  eval_success=0.000
2026-04-01 04:38:04 | INFO | [Episode 1000] eps=0.010  avg_reward=   1.000  avg_length=  9.81  avg_loss=  0.0319  avg_intrinsic=0.0135  eval_success=0.000
2026-04-01 04:38:04 | INFO | DQN+RND training: 5m 55.42s
2026-04-01 04:38:05 | INFO | [Final Eval] success=0.000, mean_reward=1.000
