2026-04-01 02:53:42 | INFO | ============================================================
2026-04-01 02:53:42 | INFO | DEVICE / COMPUTE INFORMATION
2026-04-01 02:53:42 | INFO |   JAX backend       : CPU
2026-04-01 02:53:42 | INFO |   Platform          : cpu
2026-04-01 02:53:42 | INFO |   Num devices       : 1
2026-04-01 02:53:42 | INFO |   Device            : TFRT_CPU_0
2026-04-01 02:53:42 | INFO | ============================================================
2026-04-01 02:53:42 | INFO | DQN+RND | seed=0, lr=0.001, gamma=0.95, beta=1.0
2026-04-01 02:53:42 | INFO | Env: cartpole/dense, obs_dim=4, num_actions=2
2026-04-01 02:54:14 | INFO | [Episode  100] eps=0.901  avg_reward=  21.610  avg_length= 21.61  avg_loss=  0.8139  avg_intrinsic=0.0013  eval_success=0.000
2026-04-01 02:54:44 | INFO | [Episode  200] eps=0.802  avg_reward=  19.640  avg_length= 19.64  avg_loss=  0.7392  avg_intrinsic=0.0133  eval_success=0.000
2026-04-01 02:55:14 | INFO | [Episode  300] eps=0.703  avg_reward=  18.960  avg_length= 18.96  avg_loss=  0.7238  avg_intrinsic=0.0035  eval_success=0.000
2026-04-01 02:55:44 | INFO | [Episode  400] eps=0.604  avg_reward=  16.540  avg_length= 16.54  avg_loss=  1.2354  avg_intrinsic=0.0180  eval_success=0.000
2026-04-01 02:56:16 | INFO | [Episode  500] eps=0.505  avg_reward=  14.510  avg_length= 14.51  avg_loss=  1.8454  avg_intrinsic=0.0117  eval_success=0.000
2026-04-01 02:56:48 | INFO | [Episode  600] eps=0.406  avg_reward=  13.410  avg_length= 13.41  avg_loss=  2.3153  avg_intrinsic=0.0009  eval_success=0.000
2026-04-01 02:57:21 | INFO | [Episode  700] eps=0.307  avg_reward=  11.870  avg_length= 11.87  avg_loss=  3.0465  avg_intrinsic=0.0117  eval_success=0.000
2026-04-01 02:57:54 | INFO | [Episode  800] eps=0.208  avg_reward=  11.880  avg_length= 11.88  avg_loss=  3.4069  avg_intrinsic=0.0022  eval_success=0.000
2026-04-01 02:58:30 | INFO | [Episode  900] eps=0.109  avg_reward=  36.180  avg_length= 36.18  avg_loss=  3.3036  avg_intrinsic=0.0003  eval_success=0.000
2026-04-01 02:59:05 | INFO | [Episode 1000] eps=0.010  avg_reward=  70.600  avg_length= 70.60  avg_loss=  2.8131  avg_intrinsic=0.0005  eval_success=0.000
2026-04-01 02:59:05 | INFO | DQN+RND training: 5m 42.47s
2026-04-01 02:59:13 | INFO | [Final Eval] success=0.000, mean_reward=53.800
