2026-04-01 14:53:51 | INFO | ============================================================
2026-04-01 14:53:51 | INFO | DEVICE / COMPUTE INFORMATION
2026-04-01 14:53:51 | INFO |   JAX backend       : CPU
2026-04-01 14:53:51 | INFO |   Platform          : cpu
2026-04-01 14:53:51 | INFO |   Num devices       : 1
2026-04-01 14:53:51 | INFO |   Device            : TFRT_CPU_0
2026-04-01 14:53:51 | INFO | ============================================================
2026-04-01 14:53:51 | INFO | DQN+RND | seed=9, lr=0.01, gamma=0.95, beta=1.0
2026-04-01 14:53:51 | INFO | Env: mountaincar/dense, obs_dim=2, num_actions=3
2026-04-01 14:55:06 | INFO | [Episode  100] eps=0.901  avg_reward=-200.000  avg_length=200.00  avg_loss=  0.5774  avg_intrinsic=0.0004  eval_success=0.000
2026-04-01 14:56:05 | INFO | [Episode  200] eps=0.802  avg_reward=-200.000  avg_length=200.00  avg_loss=  1.1267  avg_intrinsic=0.0003  eval_success=0.000
2026-04-01 14:57:06 | INFO | [Episode  300] eps=0.703  avg_reward=-200.000  avg_length=200.00  avg_loss=  1.2594  avg_intrinsic=0.0003  eval_success=0.000
2026-04-01 14:58:13 | INFO | [Episode  400] eps=0.604  avg_reward=-200.000  avg_length=200.00  avg_loss=  1.2783  avg_intrinsic=0.0003  eval_success=0.000
2026-04-01 14:59:19 | INFO | [Episode  500] eps=0.505  avg_reward=-200.000  avg_length=200.00  avg_loss=  1.2506  avg_intrinsic=0.0003  eval_success=0.000
2026-04-01 15:00:16 | INFO | [Episode  600] eps=0.406  avg_reward=-200.000  avg_length=200.00  avg_loss=  1.1134  avg_intrinsic=0.0002  eval_success=0.000
2026-04-01 15:01:12 | INFO | [Episode  700] eps=0.307  avg_reward=-200.000  avg_length=200.00  avg_loss=  1.3441  avg_intrinsic=0.0003  eval_success=0.000
2026-04-01 15:02:19 | INFO | [Episode  800] eps=0.208  avg_reward=-200.000  avg_length=200.00  avg_loss=  1.1827  avg_intrinsic=0.0003  eval_success=0.000
2026-04-01 15:03:18 | INFO | [Episode  900] eps=0.109  avg_reward=-200.000  avg_length=200.00  avg_loss=  1.2527  avg_intrinsic=0.0004  eval_success=0.000
2026-04-01 15:04:21 | INFO | [Episode 1000] eps=0.010  avg_reward=-200.000  avg_length=200.00  avg_loss=  1.2128  avg_intrinsic=0.0004  eval_success=0.000
2026-04-01 15:04:21 | INFO | DQN+RND training: 10m 58.16s
2026-04-01 15:04:54 | INFO | [Final Eval] success=0.000, mean_reward=-200.000
