2026-03-28 22:34:23 | INFO | ============================================================
2026-03-28 22:34:23 | INFO | DEVICE / COMPUTE INFORMATION
2026-03-28 22:34:23 | INFO |   JAX backend       : GPU
2026-03-28 22:34:23 | INFO |   Platform          : gpu
2026-03-28 22:34:23 | INFO |   Num devices       : 1
2026-03-28 22:34:23 | INFO |   Device            : cuda:0
2026-03-28 22:34:23 | INFO |   GPU name          : NVIDIA GeForce RTX 5060 Laptop GPU
2026-03-28 22:34:23 | INFO | ============================================================
2026-03-28 22:34:23 | INFO | DQN+RND | seed=0, lr=0.0001, gamma=0.99, beta=0.1
2026-03-28 22:34:23 | INFO | Env: cartpole/dense, obs_dim=4, num_actions=2
2026-03-28 22:34:26 | INFO | Episode    1 - Reward: 28.000, Length: 28, Loss: 0.0000, Intrinsic: 0.0007, Epsilon: 0.998
2026-03-28 22:34:27 | INFO | Episode    2 - Reward: 27.000, Length: 27, Loss: 0.0000, Intrinsic: 0.0007, Epsilon: 0.996
2026-03-28 22:34:28 | INFO | Episode    3 - Reward: 12.000, Length: 12, Loss: 0.0000, Intrinsic: 0.0041, Epsilon: 0.994
2026-03-28 22:34:29 | INFO | Episode    4 - Reward: 29.000, Length: 29, Loss: 0.0000, Intrinsic: 0.0043, Epsilon: 0.992
2026-03-28 22:34:30 | INFO | Episode    5 - Reward: 15.000, Length: 15, Loss: 0.0000, Intrinsic: 0.0029, Epsilon: 0.990
2026-03-28 22:34:31 | INFO | Episode    6 - Reward: 16.000, Length: 16, Loss: 0.0000, Intrinsic: 0.0006, Epsilon: 0.988
2026-03-28 22:34:35 | INFO | Episode    7 - Reward: 21.000, Length: 21, Loss: 1.0107, Intrinsic: 0.0025, Epsilon: 0.986
2026-03-28 22:34:36 | INFO | Episode    8 - Reward: 12.000, Length: 12, Loss: 1.0097, Intrinsic: 0.0063, Epsilon: 0.984
2026-03-28 22:34:37 | INFO | Episode    9 - Reward: 12.000, Length: 12, Loss: 1.0098, Intrinsic: 0.0066, Epsilon: 0.982
2026-03-28 22:34:38 | INFO | Episode   10 - Reward: 15.000, Length: 15, Loss: 1.0075, Intrinsic: 0.0071, Epsilon: 0.980
2026-03-28 22:34:39 | INFO | Episode   11 - Reward: 10.000, Length: 10, Loss: 1.0064, Intrinsic: 0.0064, Epsilon: 0.978
2026-03-28 22:34:40 | INFO | Episode   12 - Reward: 21.000, Length: 21, Loss: 1.0056, Intrinsic: 0.0004, Epsilon: 0.976
2026-03-28 22:34:41 | INFO | Episode   13 - Reward: 11.000, Length: 11, Loss: 1.0070, Intrinsic: 0.0039, Epsilon: 0.974
2026-03-28 22:34:42 | INFO | Episode   14 - Reward: 29.000, Length: 29, Loss: 1.0040, Intrinsic: 0.0051, Epsilon: 0.972
2026-03-28 22:34:43 | INFO | Episode   15 - Reward: 13.000, Length: 13, Loss: 1.0036, Intrinsic: 0.0067, Epsilon: 0.970
2026-03-28 22:34:44 | INFO | Episode   16 - Reward: 16.000, Length: 16, Loss: 1.0008, Intrinsic: 0.0087, Epsilon: 0.968
2026-03-28 22:34:44 | INFO | Episode   17 - Reward: 10.000, Length: 10, Loss: 1.0016, Intrinsic: 0.0019, Epsilon: 0.966
2026-03-28 22:34:45 | INFO | Episode   18 - Reward: 13.000, Length: 13, Loss: 0.9970, Intrinsic: 0.0025, Epsilon: 0.964
2026-03-28 22:34:46 | INFO | Episode   19 - Reward: 10.000, Length: 10, Loss: 0.9994, Intrinsic: 0.0125, Epsilon: 0.962
2026-03-28 22:34:47 | INFO | Episode   20 - Reward: 19.000, Length: 19, Loss: 0.9989, Intrinsic: 0.0142, Epsilon: 0.960
2026-03-28 22:34:48 | INFO | Episode   21 - Reward: 19.000, Length: 19, Loss: 0.9988, Intrinsic: 0.0020, Epsilon: 0.958
2026-03-28 22:34:49 | INFO | Episode   22 - Reward: 13.000, Length: 13, Loss: 0.9959, Intrinsic: 0.0102, Epsilon: 0.956
2026-03-28 22:34:50 | INFO | Episode   23 - Reward: 18.000, Length: 18, Loss: 0.9948, Intrinsic: 0.0020, Epsilon: 0.954
2026-03-28 22:34:51 | INFO | Episode   24 - Reward: 10.000, Length: 10, Loss: 0.9952, Intrinsic: 0.0043, Epsilon: 0.952
2026-03-28 22:34:52 | INFO | Episode   25 - Reward: 20.000, Length: 20, Loss: 0.9919, Intrinsic: 0.0067, Epsilon: 0.951
2026-03-28 22:34:54 | INFO | Episode   26 - Reward: 18.000, Length: 18, Loss: 0.9934, Intrinsic: 0.0029, Epsilon: 0.949
2026-03-28 22:34:55 | INFO | Episode   27 - Reward: 34.000, Length: 34, Loss: 0.9892, Intrinsic: 0.0157, Epsilon: 0.947
2026-03-28 22:34:56 | INFO | Episode   28 - Reward: 13.000, Length: 13, Loss: 0.9894, Intrinsic: 0.0107, Epsilon: 0.945
2026-03-28 22:34:58 | INFO | Episode   29 - Reward: 41.000, Length: 41, Loss: 0.9880, Intrinsic: 0.0036, Epsilon: 0.943
2026-03-28 22:34:59 | INFO | Episode   30 - Reward: 28.000, Length: 28, Loss: 1.0105, Intrinsic: 0.0109, Epsilon: 0.941
2026-03-28 22:35:01 | INFO | Episode   31 - Reward: 19.000, Length: 19, Loss: 1.0077, Intrinsic: 0.0127, Epsilon: 0.939
2026-03-28 22:35:02 | INFO | Episode   32 - Reward: 40.000, Length: 40, Loss: 1.0120, Intrinsic: 0.0009, Epsilon: 0.937
2026-03-28 22:35:03 | INFO | Episode   33 - Reward: 11.000, Length: 11, Loss: 1.0102, Intrinsic: 0.0010, Epsilon: 0.935
2026-03-28 22:35:05 | INFO | Episode   34 - Reward: 24.000, Length: 24, Loss: 1.0089, Intrinsic: 0.0162, Epsilon: 0.933
2026-03-28 22:35:07 | INFO | Episode   35 - Reward: 38.000, Length: 38, Loss: 1.0083, Intrinsic: 0.0005, Epsilon: 0.931
2026-03-28 22:35:08 | INFO | Episode   36 - Reward: 24.000, Length: 24, Loss: 1.0025, Intrinsic: 0.0081, Epsilon: 0.929
2026-03-28 22:35:10 | INFO | Episode   37 - Reward: 17.000, Length: 17, Loss: 1.0068, Intrinsic: 0.0107, Epsilon: 0.927
2026-03-28 22:35:11 | INFO | Episode   38 - Reward: 28.000, Length: 28, Loss: 1.0043, Intrinsic: 0.0114, Epsilon: 0.925
2026-03-28 22:35:13 | INFO | Episode   39 - Reward: 18.000, Length: 18, Loss: 1.0027, Intrinsic: 0.0011, Epsilon: 0.923
2026-03-28 22:35:14 | INFO | Episode   40 - Reward: 22.000, Length: 22, Loss: 1.0017, Intrinsic: 0.0075, Epsilon: 0.921
2026-03-28 22:35:16 | INFO | Episode   41 - Reward: 10.000, Length: 10, Loss: 1.0018, Intrinsic: 0.0083, Epsilon: 0.919
2026-03-28 22:35:17 | INFO | Episode   42 - Reward: 27.000, Length: 27, Loss: 0.9958, Intrinsic: 0.0046, Epsilon: 0.917
2026-03-28 22:35:19 | INFO | Episode   43 - Reward: 12.000, Length: 12, Loss: 0.9993, Intrinsic: 0.0197, Epsilon: 0.915
2026-03-28 22:35:20 | INFO | Episode   44 - Reward: 25.000, Length: 25, Loss: 0.9977, Intrinsic: 0.0014, Epsilon: 0.913
2026-03-28 22:35:22 | INFO | Episode   45 - Reward: 22.000, Length: 22, Loss: 0.9944, Intrinsic: 0.0114, Epsilon: 0.911
2026-03-28 22:35:23 | INFO | Episode   46 - Reward: 36.000, Length: 36, Loss: 0.9925, Intrinsic: 0.0007, Epsilon: 0.909
2026-03-28 22:35:25 | INFO | Episode   47 - Reward: 50.000, Length: 50, Loss: 0.9918, Intrinsic: 0.0053, Epsilon: 0.907
2026-03-28 22:35:26 | INFO | Episode   48 - Reward: 18.000, Length: 18, Loss: 0.9892, Intrinsic: 0.0193, Epsilon: 0.905
2026-03-28 22:35:28 | INFO | Episode   49 - Reward: 35.000, Length: 35, Loss: 0.9878, Intrinsic: 0.0006, Epsilon: 0.903
2026-03-28 22:35:30 | INFO | Episode   50 - Reward: 24.000, Length: 24, Loss: 1.0106, Intrinsic: 0.0021, Epsilon: 0.901
2026-03-28 22:35:38 | INFO | [Episode   50] eps=0.901  avg_reward=  21.060  avg_length= 21.06  avg_loss=  0.8807  avg_intrinsic=0.0021  eval_success=0.000
2026-03-28 22:35:39 | INFO | Episode   51 - Reward: 24.000, Length: 24, Loss: 1.0114, Intrinsic: 0.0003, Epsilon: 0.899
2026-03-28 22:35:41 | INFO | Episode   52 - Reward: 35.000, Length: 35, Loss: 1.0068, Intrinsic: 0.0017, Epsilon: 0.897
2026-03-28 22:35:43 | INFO | Episode   53 - Reward: 9.000, Length: 9, Loss: 1.0061, Intrinsic: 0.0063, Epsilon: 0.895
2026-03-28 22:35:44 | INFO | Episode   54 - Reward: 23.000, Length: 23, Loss: 1.0049, Intrinsic: 0.0039, Epsilon: 0.893
2026-03-28 22:35:46 | INFO | Episode   55 - Reward: 15.000, Length: 15, Loss: 1.0042, Intrinsic: 0.0088, Epsilon: 0.891
2026-03-28 22:35:48 | INFO | Episode   56 - Reward: 11.000, Length: 11, Loss: 1.0095, Intrinsic: 0.0062, Epsilon: 0.889
2026-03-28 22:35:49 | INFO | Episode   57 - Reward: 13.000, Length: 13, Loss: 1.0029, Intrinsic: 0.0071, Epsilon: 0.887
2026-03-28 22:35:50 | INFO | Episode   58 - Reward: 15.000, Length: 15, Loss: 1.0025, Intrinsic: 0.0085, Epsilon: 0.885
2026-03-28 22:35:52 | INFO | Episode   59 - Reward: 10.000, Length: 10, Loss: 0.9986, Intrinsic: 0.0133, Epsilon: 0.883
2026-03-28 22:35:54 | INFO | Episode   60 - Reward: 28.000, Length: 28, Loss: 0.9971, Intrinsic: 0.0051, Epsilon: 0.881
2026-03-28 22:35:55 | INFO | Episode   61 - Reward: 10.000, Length: 10, Loss: 0.9971, Intrinsic: 0.0136, Epsilon: 0.879
2026-03-28 22:35:56 | INFO | Episode   62 - Reward: 32.000, Length: 32, Loss: 0.9968, Intrinsic: 0.0003, Epsilon: 0.877
2026-03-28 22:35:58 | INFO | Episode   63 - Reward: 15.000, Length: 15, Loss: 0.9947, Intrinsic: 0.0028, Epsilon: 0.875
2026-03-28 22:35:59 | INFO | Episode   64 - Reward: 16.000, Length: 16, Loss: 0.9935, Intrinsic: 0.0083, Epsilon: 0.873
2026-03-28 22:36:00 | INFO | Episode   65 - Reward: 67.000, Length: 67, Loss: 0.9927, Intrinsic: 0.0032, Epsilon: 0.871
2026-03-28 22:36:02 | INFO | Episode   66 - Reward: 33.000, Length: 33, Loss: 0.9889, Intrinsic: 0.0081, Epsilon: 0.869
2026-03-28 22:36:03 | INFO | Episode   67 - Reward: 16.000, Length: 16, Loss: 0.9897, Intrinsic: 0.0079, Epsilon: 0.867
2026-03-28 22:36:05 | INFO | Episode   68 - Reward: 16.000, Length: 16, Loss: 0.9887, Intrinsic: 0.0078, Epsilon: 0.865
2026-03-28 22:36:06 | INFO | Episode   69 - Reward: 19.000, Length: 19, Loss: 0.9891, Intrinsic: 0.0066, Epsilon: 0.863
2026-03-28 22:36:08 | INFO | Episode   70 - Reward: 10.000, Length: 10, Loss: 0.9857, Intrinsic: 0.0145, Epsilon: 0.861
2026-03-28 22:36:09 | INFO | Episode   71 - Reward: 18.000, Length: 18, Loss: 0.9861, Intrinsic: 0.0072, Epsilon: 0.859
2026-03-28 22:36:11 | INFO | Episode   72 - Reward: 10.000, Length: 10, Loss: 0.9871, Intrinsic: 0.0138, Epsilon: 0.857
2026-03-28 22:36:12 | INFO | Episode   73 - Reward: 15.000, Length: 15, Loss: 0.9869, Intrinsic: 0.0070, Epsilon: 0.855
2026-03-28 22:36:14 | INFO | Episode   74 - Reward: 18.000, Length: 18, Loss: 1.0096, Intrinsic: 0.0046, Epsilon: 0.853
2026-03-28 22:36:15 | INFO | Episode   75 - Reward: 26.000, Length: 26, Loss: 1.0110, Intrinsic: 0.0042, Epsilon: 0.852
2026-03-28 22:36:17 | INFO | Episode   76 - Reward: 17.000, Length: 17, Loss: 1.0085, Intrinsic: 0.0029, Epsilon: 0.850
2026-03-28 22:36:18 | INFO | Episode   77 - Reward: 13.000, Length: 13, Loss: 1.0057, Intrinsic: 0.0026, Epsilon: 0.848
2026-03-28 22:36:20 | INFO | Episode   78 - Reward: 17.000, Length: 17, Loss: 1.0060, Intrinsic: 0.0003, Epsilon: 0.846
2026-03-28 22:36:22 | INFO | Episode   79 - Reward: 17.000, Length: 17, Loss: 1.0059, Intrinsic: 0.0016, Epsilon: 0.844
2026-03-28 22:36:23 | INFO | Episode   80 - Reward: 14.000, Length: 14, Loss: 1.0050, Intrinsic: 0.0047, Epsilon: 0.842
2026-03-28 22:36:24 | INFO | Episode   81 - Reward: 24.000, Length: 24, Loss: 1.0013, Intrinsic: 0.0094, Epsilon: 0.840
2026-03-28 22:36:26 | INFO | Episode   82 - Reward: 42.000, Length: 42, Loss: 0.9980, Intrinsic: 0.0026, Epsilon: 0.838
2026-03-28 22:36:27 | INFO | Episode   83 - Reward: 11.000, Length: 11, Loss: 1.0006, Intrinsic: 0.0109, Epsilon: 0.836
2026-03-28 22:36:28 | INFO | Episode   84 - Reward: 33.000, Length: 33, Loss: 0.9989, Intrinsic: 0.0067, Epsilon: 0.834
2026-03-28 22:36:30 | INFO | Episode   85 - Reward: 11.000, Length: 11, Loss: 0.9995, Intrinsic: 0.0063, Epsilon: 0.832
2026-03-28 22:36:31 | INFO | Episode   86 - Reward: 23.000, Length: 23, Loss: 0.9982, Intrinsic: 0.0022, Epsilon: 0.830
2026-03-28 22:36:32 | INFO | Episode   87 - Reward: 49.000, Length: 49, Loss: 0.9921, Intrinsic: 0.0009, Epsilon: 0.828
2026-03-28 22:36:34 | INFO | Episode   88 - Reward: 31.000, Length: 31, Loss: 0.9943, Intrinsic: 0.0066, Epsilon: 0.826
2026-03-28 22:36:35 | INFO | Episode   89 - Reward: 26.000, Length: 26, Loss: 0.9916, Intrinsic: 0.0041, Epsilon: 0.824
2026-03-28 22:36:36 | INFO | Episode   90 - Reward: 27.000, Length: 27, Loss: 0.9921, Intrinsic: 0.0071, Epsilon: 0.822
2026-03-28 22:36:38 | INFO | Episode   91 - Reward: 16.000, Length: 16, Loss: 0.9933, Intrinsic: 0.0024, Epsilon: 0.820
2026-03-28 22:36:39 | INFO | Episode   92 - Reward: 44.000, Length: 44, Loss: 0.9914, Intrinsic: 0.0051, Epsilon: 0.818
2026-03-28 22:36:40 | INFO | Episode   93 - Reward: 20.000, Length: 20, Loss: 0.9889, Intrinsic: 0.0007, Epsilon: 0.816
2026-03-28 22:36:42 | INFO | Episode   94 - Reward: 30.000, Length: 30, Loss: 0.9852, Intrinsic: 0.0154, Epsilon: 0.814
2026-03-28 22:36:43 | INFO | Episode   95 - Reward: 9.000, Length: 9, Loss: 1.0122, Intrinsic: 0.0104, Epsilon: 0.812
2026-03-28 22:36:45 | INFO | Episode   96 - Reward: 15.000, Length: 15, Loss: 1.0122, Intrinsic: 0.0063, Epsilon: 0.810
2026-03-28 22:36:46 | INFO | Episode   97 - Reward: 20.000, Length: 20, Loss: 1.0089, Intrinsic: 0.0105, Epsilon: 0.808
2026-03-28 22:36:47 | INFO | Episode   98 - Reward: 11.000, Length: 11, Loss: 1.0095, Intrinsic: 0.0061, Epsilon: 0.806
2026-03-28 22:36:49 | INFO | Episode   99 - Reward: 38.000, Length: 38, Loss: 1.0064, Intrinsic: 0.0091, Epsilon: 0.804
2026-03-28 22:36:50 | INFO | Episode  100 - Reward: 26.000, Length: 26, Loss: 1.0045, Intrinsic: 0.0013, Epsilon: 0.802
2026-03-28 22:36:56 | INFO | [Episode  100] eps=0.802  avg_reward=  21.760  avg_length= 21.76  avg_loss=  0.9990  avg_intrinsic=0.0013  eval_success=0.000
2026-03-28 22:36:58 | INFO | Episode  101 - Reward: 20.000, Length: 20, Loss: 1.0050, Intrinsic: 0.0036, Epsilon: 0.800
2026-03-28 22:36:59 | INFO | Episode  102 - Reward: 11.000, Length: 11, Loss: 1.0029, Intrinsic: 0.0156, Epsilon: 0.798
2026-03-28 22:37:00 | INFO | Episode  103 - Reward: 10.000, Length: 10, Loss: 0.9955, Intrinsic: 0.0140, Epsilon: 0.796
2026-03-28 22:37:02 | INFO | Episode  104 - Reward: 11.000, Length: 11, Loss: 1.0018, Intrinsic: 0.0104, Epsilon: 0.794
2026-03-28 22:37:03 | INFO | Episode  105 - Reward: 19.000, Length: 19, Loss: 1.0011, Intrinsic: 0.0096, Epsilon: 0.792
2026-03-28 22:37:05 | INFO | Episode  106 - Reward: 14.000, Length: 14, Loss: 0.9944, Intrinsic: 0.0046, Epsilon: 0.790
2026-03-28 22:37:06 | INFO | Episode  107 - Reward: 33.000, Length: 33, Loss: 0.9970, Intrinsic: 0.0068, Epsilon: 0.788
2026-03-28 22:37:07 | INFO | Episode  108 - Reward: 13.000, Length: 13, Loss: 0.9975, Intrinsic: 0.0160, Epsilon: 0.786
2026-03-28 22:37:09 | INFO | Episode  109 - Reward: 10.000, Length: 10, Loss: 0.9959, Intrinsic: 0.0041, Epsilon: 0.784
2026-03-28 22:37:10 | INFO | Episode  110 - Reward: 13.000, Length: 13, Loss: 0.9945, Intrinsic: 0.0067, Epsilon: 0.782
2026-03-28 22:37:12 | INFO | Episode  111 - Reward: 35.000, Length: 35, Loss: 0.9949, Intrinsic: 0.0030, Epsilon: 0.780
2026-03-28 22:37:13 | INFO | Episode  112 - Reward: 17.000, Length: 17, Loss: 0.9938, Intrinsic: 0.0201, Epsilon: 0.778
2026-03-28 22:37:15 | INFO | Episode  113 - Reward: 14.000, Length: 14, Loss: 0.9887, Intrinsic: 0.0047, Epsilon: 0.776
2026-03-28 22:37:17 | INFO | Episode  114 - Reward: 14.000, Length: 14, Loss: 0.9871, Intrinsic: 0.0061, Epsilon: 0.774
2026-03-28 22:37:19 | INFO | Episode  115 - Reward: 15.000, Length: 15, Loss: 0.9893, Intrinsic: 0.0057, Epsilon: 0.772
2026-03-28 22:37:20 | INFO | Episode  116 - Reward: 13.000, Length: 13, Loss: 0.9884, Intrinsic: 0.0039, Epsilon: 0.770
2026-03-28 22:37:22 | INFO | Episode  117 - Reward: 20.000, Length: 20, Loss: 0.9840, Intrinsic: 0.0076, Epsilon: 0.768
2026-03-28 22:37:24 | INFO | Episode  118 - Reward: 12.000, Length: 12, Loss: 0.9864, Intrinsic: 0.0088, Epsilon: 0.766
2026-03-28 22:37:25 | INFO | Episode  119 - Reward: 12.000, Length: 12, Loss: 0.9872, Intrinsic: 0.0043, Epsilon: 0.764
2026-03-28 22:37:27 | INFO | Episode  120 - Reward: 15.000, Length: 15, Loss: 0.9821, Intrinsic: 0.0011, Epsilon: 0.762
2026-03-28 22:37:28 | INFO | Episode  121 - Reward: 16.000, Length: 16, Loss: 0.9820, Intrinsic: 0.0045, Epsilon: 0.760
2026-03-28 22:37:30 | INFO | Episode  122 - Reward: 14.000, Length: 14, Loss: 0.9798, Intrinsic: 0.0191, Epsilon: 0.758
2026-03-28 22:37:31 | INFO | Episode  123 - Reward: 14.000, Length: 14, Loss: 0.9811, Intrinsic: 0.0066, Epsilon: 0.756
2026-03-28 22:37:33 | INFO | Episode  124 - Reward: 18.000, Length: 18, Loss: 1.0106, Intrinsic: 0.0006, Epsilon: 0.754
2026-03-28 22:37:34 | INFO | Episode  125 - Reward: 11.000, Length: 11, Loss: 1.0157, Intrinsic: 0.0069, Epsilon: 0.752
2026-03-28 22:37:36 | INFO | Episode  126 - Reward: 25.000, Length: 25, Loss: 1.0128, Intrinsic: 0.0096, Epsilon: 0.751
2026-03-28 22:37:38 | INFO | Episode  127 - Reward: 16.000, Length: 16, Loss: 1.0098, Intrinsic: 0.0022, Epsilon: 0.749
2026-03-28 22:37:39 | INFO | Episode  128 - Reward: 16.000, Length: 16, Loss: 1.0112, Intrinsic: 0.0123, Epsilon: 0.747
2026-03-28 22:37:40 | INFO | Episode  129 - Reward: 15.000, Length: 15, Loss: 1.0089, Intrinsic: 0.0102, Epsilon: 0.745
2026-03-28 22:37:42 | INFO | Episode  130 - Reward: 12.000, Length: 12, Loss: 1.0041, Intrinsic: 0.0124, Epsilon: 0.743
2026-03-28 22:37:43 | INFO | Episode  131 - Reward: 51.000, Length: 51, Loss: 1.0057, Intrinsic: 0.0030, Epsilon: 0.741
2026-03-28 22:37:44 | INFO | Episode  132 - Reward: 15.000, Length: 15, Loss: 0.9977, Intrinsic: 0.0063, Epsilon: 0.739
2026-03-28 22:37:46 | INFO | Episode  133 - Reward: 19.000, Length: 19, Loss: 0.9998, Intrinsic: 0.0053, Epsilon: 0.737
2026-03-28 22:37:47 | INFO | Episode  134 - Reward: 10.000, Length: 10, Loss: 0.9976, Intrinsic: 0.0087, Epsilon: 0.735
2026-03-28 22:37:48 | INFO | Episode  135 - Reward: 30.000, Length: 30, Loss: 1.0019, Intrinsic: 0.0050, Epsilon: 0.733
2026-03-28 22:37:50 | INFO | Episode  136 - Reward: 14.000, Length: 14, Loss: 0.9977, Intrinsic: 0.0017, Epsilon: 0.731
2026-03-28 22:37:51 | INFO | Episode  137 - Reward: 24.000, Length: 24, Loss: 1.0006, Intrinsic: 0.0074, Epsilon: 0.729
2026-03-28 22:37:52 | INFO | Episode  138 - Reward: 21.000, Length: 21, Loss: 0.9953, Intrinsic: 0.0032, Epsilon: 0.727
2026-03-28 22:37:54 | INFO | Episode  139 - Reward: 11.000, Length: 11, Loss: 0.9882, Intrinsic: 0.0062, Epsilon: 0.725
2026-03-28 22:37:55 | INFO | Episode  140 - Reward: 10.000, Length: 10, Loss: 0.9980, Intrinsic: 0.0141, Epsilon: 0.723
2026-03-28 22:37:57 | INFO | Episode  141 - Reward: 10.000, Length: 10, Loss: 0.9921, Intrinsic: 0.0141, Epsilon: 0.721
2026-03-28 22:37:58 | INFO | Episode  142 - Reward: 11.000, Length: 11, Loss: 0.9908, Intrinsic: 0.0008, Epsilon: 0.719
2026-03-28 22:37:59 | INFO | Episode  143 - Reward: 17.000, Length: 17, Loss: 0.9933, Intrinsic: 0.0058, Epsilon: 0.717
2026-03-28 22:38:00 | INFO | Episode  144 - Reward: 8.000, Length: 8, Loss: 0.9897, Intrinsic: 0.0138, Epsilon: 0.715
2026-03-28 22:38:01 | INFO | Episode  145 - Reward: 10.000, Length: 10, Loss: 0.9921, Intrinsic: 0.0139, Epsilon: 0.713
2026-03-28 22:38:02 | INFO | Episode  146 - Reward: 19.000, Length: 19, Loss: 0.9856, Intrinsic: 0.0109, Epsilon: 0.711
2026-03-28 22:38:03 | INFO | Episode  147 - Reward: 35.000, Length: 35, Loss: 0.9833, Intrinsic: 0.0011, Epsilon: 0.709
2026-03-28 22:38:04 | INFO | Episode  148 - Reward: 13.000, Length: 13, Loss: 0.9823, Intrinsic: 0.0107, Epsilon: 0.707
2026-03-28 22:38:05 | INFO | Episode  149 - Reward: 27.000, Length: 27, Loss: 0.9811, Intrinsic: 0.0034, Epsilon: 0.705
2026-03-28 22:38:06 | INFO | Episode  150 - Reward: 22.000, Length: 22, Loss: 0.9836, Intrinsic: 0.0025, Epsilon: 0.703
2026-03-28 22:38:10 | INFO | [Episode  150] eps=0.703  avg_reward=  17.100  avg_length= 17.10  avg_loss=  0.9948  avg_intrinsic=0.0025  eval_success=0.000
2026-03-28 22:38:11 | INFO | Episode  151 - Reward: 13.000, Length: 13, Loss: 0.9735, Intrinsic: 0.0064, Epsilon: 0.701
2026-03-28 22:38:12 | INFO | Episode  152 - Reward: 11.000, Length: 11, Loss: 1.0094, Intrinsic: 0.0025, Epsilon: 0.699
2026-03-28 22:38:13 | INFO | Episode  153 - Reward: 14.000, Length: 14, Loss: 1.0128, Intrinsic: 0.0142, Epsilon: 0.697
2026-03-28 22:38:14 | INFO | Episode  154 - Reward: 21.000, Length: 21, Loss: 1.0145, Intrinsic: 0.0050, Epsilon: 0.695
2026-03-28 22:38:15 | INFO | Episode  155 - Reward: 45.000, Length: 45, Loss: 1.0075, Intrinsic: 0.0216, Epsilon: 0.693
2026-03-28 22:38:16 | INFO | Episode  156 - Reward: 17.000, Length: 17, Loss: 1.0084, Intrinsic: 0.0032, Epsilon: 0.691
2026-03-28 22:38:17 | INFO | Episode  157 - Reward: 32.000, Length: 32, Loss: 1.0025, Intrinsic: 0.0037, Epsilon: 0.689
2026-03-28 22:38:18 | INFO | Episode  158 - Reward: 14.000, Length: 14, Loss: 1.0060, Intrinsic: 0.0017, Epsilon: 0.687
2026-03-28 22:38:19 | INFO | Episode  159 - Reward: 19.000, Length: 19, Loss: 1.0047, Intrinsic: 0.0062, Epsilon: 0.685
2026-03-28 22:38:20 | INFO | Episode  160 - Reward: 19.000, Length: 19, Loss: 1.0073, Intrinsic: 0.0025, Epsilon: 0.683
2026-03-28 22:38:21 | INFO | Episode  161 - Reward: 11.000, Length: 11, Loss: 0.9991, Intrinsic: 0.0165, Epsilon: 0.681
2026-03-28 22:38:22 | INFO | Episode  162 - Reward: 12.000, Length: 12, Loss: 0.9993, Intrinsic: 0.0195, Epsilon: 0.679
2026-03-28 22:38:23 | INFO | Episode  163 - Reward: 22.000, Length: 22, Loss: 1.0070, Intrinsic: 0.0064, Epsilon: 0.677
2026-03-28 22:38:24 | INFO | Episode  164 - Reward: 15.000, Length: 15, Loss: 0.9951, Intrinsic: 0.0061, Epsilon: 0.675
2026-03-28 22:38:25 | INFO | Episode  165 - Reward: 18.000, Length: 18, Loss: 0.9989, Intrinsic: 0.0042, Epsilon: 0.673
2026-03-28 22:38:26 | INFO | Episode  166 - Reward: 10.000, Length: 10, Loss: 0.9979, Intrinsic: 0.0045, Epsilon: 0.671
2026-03-28 22:38:27 | INFO | Episode  167 - Reward: 15.000, Length: 15, Loss: 0.9922, Intrinsic: 0.0106, Epsilon: 0.669
2026-03-28 22:38:28 | INFO | Episode  168 - Reward: 9.000, Length: 9, Loss: 0.9929, Intrinsic: 0.0169, Epsilon: 0.667
2026-03-28 22:38:29 | INFO | Episode  169 - Reward: 12.000, Length: 12, Loss: 0.9884, Intrinsic: 0.0138, Epsilon: 0.665
2026-03-28 22:38:30 | INFO | Episode  170 - Reward: 15.000, Length: 15, Loss: 0.9915, Intrinsic: 0.0100, Epsilon: 0.663
2026-03-28 22:38:31 | INFO | Episode  171 - Reward: 19.000, Length: 19, Loss: 0.9889, Intrinsic: 0.0058, Epsilon: 0.661
2026-03-28 22:38:32 | INFO | Episode  172 - Reward: 22.000, Length: 22, Loss: 0.9903, Intrinsic: 0.0067, Epsilon: 0.659
2026-03-28 22:38:33 | INFO | Episode  173 - Reward: 9.000, Length: 9, Loss: 0.9867, Intrinsic: 0.0112, Epsilon: 0.657
2026-03-28 22:38:34 | INFO | Episode  174 - Reward: 11.000, Length: 11, Loss: 0.9854, Intrinsic: 0.0115, Epsilon: 0.655
2026-03-28 22:38:35 | INFO | Episode  175 - Reward: 25.000, Length: 25, Loss: 0.9876, Intrinsic: 0.0083, Epsilon: 0.653
2026-03-28 22:38:36 | INFO | Episode  176 - Reward: 9.000, Length: 9, Loss: 0.9916, Intrinsic: 0.0063, Epsilon: 0.652
2026-03-28 22:38:37 | INFO | Episode  177 - Reward: 14.000, Length: 14, Loss: 0.9824, Intrinsic: 0.0072, Epsilon: 0.650
2026-03-28 22:38:38 | INFO | Episode  178 - Reward: 10.000, Length: 10, Loss: 0.9871, Intrinsic: 0.0140, Epsilon: 0.648
2026-03-28 22:38:40 | INFO | Episode  179 - Reward: 12.000, Length: 12, Loss: 0.9803, Intrinsic: 0.0134, Epsilon: 0.646
2026-03-28 22:38:41 | INFO | Episode  180 - Reward: 14.000, Length: 14, Loss: 0.9761, Intrinsic: 0.0082, Epsilon: 0.644
2026-03-28 22:38:42 | INFO | Episode  181 - Reward: 15.000, Length: 15, Loss: 0.9756, Intrinsic: 0.0106, Epsilon: 0.642
2026-03-28 22:38:44 | INFO | Episode  182 - Reward: 13.000, Length: 13, Loss: 1.0148, Intrinsic: 0.0106, Epsilon: 0.640
2026-03-28 22:38:45 | INFO | Episode  183 - Reward: 28.000, Length: 28, Loss: 1.0150, Intrinsic: 0.0021, Epsilon: 0.638
2026-03-28 22:38:46 | INFO | Episode  184 - Reward: 16.000, Length: 16, Loss: 1.0129, Intrinsic: 0.0037, Epsilon: 0.636
2026-03-28 22:38:48 | INFO | Episode  185 - Reward: 12.000, Length: 12, Loss: 1.0106, Intrinsic: 0.0193, Epsilon: 0.634
2026-03-28 22:38:49 | INFO | Episode  186 - Reward: 25.000, Length: 25, Loss: 1.0158, Intrinsic: 0.0058, Epsilon: 0.632
2026-03-28 22:38:51 | INFO | Episode  187 - Reward: 8.000, Length: 8, Loss: 1.0082, Intrinsic: 0.0141, Epsilon: 0.630
2026-03-28 22:38:52 | INFO | Episode  188 - Reward: 11.000, Length: 11, Loss: 1.0047, Intrinsic: 0.0029, Epsilon: 0.628
2026-03-28 22:38:54 | INFO | Episode  189 - Reward: 10.000, Length: 10, Loss: 1.0105, Intrinsic: 0.0039, Epsilon: 0.626
2026-03-28 22:38:55 | INFO | Episode  190 - Reward: 11.000, Length: 11, Loss: 1.0062, Intrinsic: 0.0098, Epsilon: 0.624
2026-03-28 22:38:56 | INFO | Episode  191 - Reward: 18.000, Length: 18, Loss: 1.0070, Intrinsic: 0.0057, Epsilon: 0.622
2026-03-28 22:38:58 | INFO | Episode  192 - Reward: 9.000, Length: 9, Loss: 1.0091, Intrinsic: 0.0057, Epsilon: 0.620
2026-03-28 22:38:59 | INFO | Episode  193 - Reward: 9.000, Length: 9, Loss: 1.0053, Intrinsic: 0.0169, Epsilon: 0.618
2026-03-28 22:39:01 | INFO | Episode  194 - Reward: 15.000, Length: 15, Loss: 1.0029, Intrinsic: 0.0066, Epsilon: 0.616
2026-03-28 22:39:02 | INFO | Episode  195 - Reward: 11.000, Length: 11, Loss: 1.0017, Intrinsic: 0.0096, Epsilon: 0.614
2026-03-28 22:39:03 | INFO | Episode  196 - Reward: 11.000, Length: 11, Loss: 0.9956, Intrinsic: 0.0099, Epsilon: 0.612
2026-03-28 22:39:05 | INFO | Episode  197 - Reward: 19.000, Length: 19, Loss: 0.9936, Intrinsic: 0.0055, Epsilon: 0.610
2026-03-28 22:39:06 | INFO | Episode  198 - Reward: 18.000, Length: 18, Loss: 0.9965, Intrinsic: 0.0047, Epsilon: 0.608
2026-03-28 22:39:08 | INFO | Episode  199 - Reward: 11.000, Length: 11, Loss: 0.9926, Intrinsic: 0.0165, Epsilon: 0.606
2026-03-28 22:39:09 | INFO | Episode  200 - Reward: 10.000, Length: 10, Loss: 0.9867, Intrinsic: 0.0194, Epsilon: 0.604
2026-03-28 22:39:14 | INFO | [Episode  200] eps=0.604  avg_reward=  15.380  avg_length= 15.38  avg_loss=  0.9986  avg_intrinsic=0.0194  eval_success=0.000
2026-03-28 22:39:16 | INFO | Episode  201 - Reward: 9.000, Length: 9, Loss: 0.9933, Intrinsic: 0.0054, Epsilon: 0.602
2026-03-28 22:39:17 | INFO | Episode  202 - Reward: 14.000, Length: 14, Loss: 0.9870, Intrinsic: 0.0130, Epsilon: 0.600
2026-03-28 22:39:18 | INFO | Episode  203 - Reward: 20.000, Length: 20, Loss: 0.9910, Intrinsic: 0.0067, Epsilon: 0.598
2026-03-28 22:39:20 | INFO | Episode  204 - Reward: 12.000, Length: 12, Loss: 0.9890, Intrinsic: 0.0129, Epsilon: 0.596
2026-03-28 22:39:21 | INFO | Episode  205 - Reward: 11.000, Length: 11, Loss: 0.9907, Intrinsic: 0.0057, Epsilon: 0.594
2026-03-28 22:39:22 | INFO | Episode  206 - Reward: 12.000, Length: 12, Loss: 0.9800, Intrinsic: 0.0133, Epsilon: 0.592
2026-03-28 22:39:24 | INFO | Episode  207 - Reward: 11.000, Length: 11, Loss: 0.9889, Intrinsic: 0.0098, Epsilon: 0.590
2026-03-28 22:39:25 | INFO | Episode  208 - Reward: 12.000, Length: 12, Loss: 0.9849, Intrinsic: 0.0078, Epsilon: 0.588
2026-03-28 22:39:26 | INFO | Episode  209 - Reward: 16.000, Length: 16, Loss: 0.9831, Intrinsic: 0.0121, Epsilon: 0.586
2026-03-28 22:39:28 | INFO | Episode  210 - Reward: 9.000, Length: 9, Loss: 0.9784, Intrinsic: 0.0165, Epsilon: 0.584
2026-03-28 22:39:29 | INFO | Episode  211 - Reward: 11.000, Length: 11, Loss: 0.9741, Intrinsic: 0.0110, Epsilon: 0.582
2026-03-28 22:39:30 | INFO | Episode  212 - Reward: 16.000, Length: 16, Loss: 0.9775, Intrinsic: 0.0086, Epsilon: 0.580
2026-03-28 22:39:32 | INFO | Episode  213 - Reward: 15.000, Length: 15, Loss: 0.9686, Intrinsic: 0.0102, Epsilon: 0.578
2026-03-28 22:39:34 | INFO | Episode  214 - Reward: 25.000, Length: 25, Loss: 0.9756, Intrinsic: 0.0060, Epsilon: 0.576
2026-03-28 22:39:35 | INFO | Episode  215 - Reward: 12.000, Length: 12, Loss: 0.9750, Intrinsic: 0.0134, Epsilon: 0.574
2026-03-28 22:39:37 | INFO | Episode  216 - Reward: 14.000, Length: 14, Loss: 0.9705, Intrinsic: 0.0092, Epsilon: 0.572
2026-03-28 22:39:38 | INFO | Episode  217 - Reward: 11.000, Length: 11, Loss: 0.9709, Intrinsic: 0.0098, Epsilon: 0.570
2026-03-28 22:39:40 | INFO | Episode  218 - Reward: 10.000, Length: 10, Loss: 0.9660, Intrinsic: 0.0202, Epsilon: 0.568
2026-03-28 22:39:42 | INFO | Episode  219 - Reward: 17.000, Length: 17, Loss: 1.0191, Intrinsic: 0.0036, Epsilon: 0.566
2026-03-28 22:39:43 | INFO | Episode  220 - Reward: 14.000, Length: 14, Loss: 1.0136, Intrinsic: 0.0084, Epsilon: 0.564
2026-03-28 22:39:44 | INFO | Episode  221 - Reward: 16.000, Length: 16, Loss: 1.0175, Intrinsic: 0.0116, Epsilon: 0.562
2026-03-28 22:39:46 | INFO | Episode  222 - Reward: 18.000, Length: 18, Loss: 1.0178, Intrinsic: 0.0122, Epsilon: 0.560
2026-03-28 22:39:48 | INFO | Episode  223 - Reward: 12.000, Length: 12, Loss: 1.0173, Intrinsic: 0.0136, Epsilon: 0.558
2026-03-28 22:39:49 | INFO | Episode  224 - Reward: 21.000, Length: 21, Loss: 1.0148, Intrinsic: 0.0205, Epsilon: 0.556
2026-03-28 22:39:50 | INFO | Episode  225 - Reward: 13.000, Length: 13, Loss: 1.0069, Intrinsic: 0.0154, Epsilon: 0.554
2026-03-28 22:39:51 | INFO | Episode  226 - Reward: 22.000, Length: 22, Loss: 1.0118, Intrinsic: 0.0038, Epsilon: 0.553
2026-03-28 22:39:52 | INFO | Episode  227 - Reward: 13.000, Length: 13, Loss: 1.0181, Intrinsic: 0.0055, Epsilon: 0.551
2026-03-28 22:39:54 | INFO | Episode  228 - Reward: 15.000, Length: 15, Loss: 1.0057, Intrinsic: 0.0051, Epsilon: 0.549
2026-03-28 22:39:55 | INFO | Episode  229 - Reward: 33.000, Length: 33, Loss: 0.9992, Intrinsic: 0.0150, Epsilon: 0.547
2026-03-28 22:39:56 | INFO | Episode  230 - Reward: 15.000, Length: 15, Loss: 1.0006, Intrinsic: 0.0060, Epsilon: 0.545
2026-03-28 22:39:57 | INFO | Episode  231 - Reward: 20.000, Length: 20, Loss: 1.0010, Intrinsic: 0.0068, Epsilon: 0.543
2026-03-28 22:39:59 | INFO | Episode  232 - Reward: 14.000, Length: 14, Loss: 1.0094, Intrinsic: 0.0080, Epsilon: 0.541
2026-03-28 22:40:00 | INFO | Episode  233 - Reward: 11.000, Length: 11, Loss: 1.0003, Intrinsic: 0.0098, Epsilon: 0.539
2026-03-28 22:40:01 | INFO | Episode  234 - Reward: 12.000, Length: 12, Loss: 0.9969, Intrinsic: 0.0078, Epsilon: 0.537
2026-03-28 22:40:01 | INFO | Episode  235 - Reward: 14.000, Length: 14, Loss: 1.0003, Intrinsic: 0.0084, Epsilon: 0.535
2026-03-28 22:40:02 | INFO | Episode  236 - Reward: 17.000, Length: 17, Loss: 0.9918, Intrinsic: 0.0101, Epsilon: 0.533
2026-03-28 22:40:03 | INFO | Episode  237 - Reward: 13.000, Length: 13, Loss: 0.9922, Intrinsic: 0.0093, Epsilon: 0.531
2026-03-28 22:40:04 | INFO | Episode  238 - Reward: 15.000, Length: 15, Loss: 0.9914, Intrinsic: 0.0096, Epsilon: 0.529
2026-03-28 22:40:05 | INFO | Episode  239 - Reward: 10.000, Length: 10, Loss: 0.9899, Intrinsic: 0.0080, Epsilon: 0.527
2026-03-28 22:40:06 | INFO | Episode  240 - Reward: 10.000, Length: 10, Loss: 0.9940, Intrinsic: 0.0079, Epsilon: 0.525
2026-03-28 22:40:07 | INFO | Episode  241 - Reward: 13.000, Length: 13, Loss: 0.9978, Intrinsic: 0.0065, Epsilon: 0.523
2026-03-28 22:40:08 | INFO | Episode  242 - Reward: 11.000, Length: 11, Loss: 0.9927, Intrinsic: 0.0156, Epsilon: 0.521
2026-03-28 22:40:09 | INFO | Episode  243 - Reward: 10.000, Length: 10, Loss: 0.9869, Intrinsic: 0.0079, Epsilon: 0.519
2026-03-28 22:40:10 | INFO | Episode  244 - Reward: 11.000, Length: 11, Loss: 0.9809, Intrinsic: 0.0064, Epsilon: 0.517
2026-03-28 22:40:11 | INFO | Episode  245 - Reward: 15.000, Length: 15, Loss: 0.9851, Intrinsic: 0.0098, Epsilon: 0.515
2026-03-28 22:40:12 | INFO | Episode  246 - Reward: 14.000, Length: 14, Loss: 0.9773, Intrinsic: 0.0078, Epsilon: 0.513
2026-03-28 22:40:13 | INFO | Episode  247 - Reward: 13.000, Length: 13, Loss: 0.9829, Intrinsic: 0.0158, Epsilon: 0.511
2026-03-28 22:40:14 | INFO | Episode  248 - Reward: 12.000, Length: 12, Loss: 0.9833, Intrinsic: 0.0133, Epsilon: 0.509
2026-03-28 22:40:15 | INFO | Episode  249 - Reward: 13.000, Length: 13, Loss: 0.9755, Intrinsic: 0.0030, Epsilon: 0.507
2026-03-28 22:40:15 | INFO | Episode  250 - Reward: 13.000, Length: 13, Loss: 0.9757, Intrinsic: 0.0027, Epsilon: 0.505
2026-03-28 22:40:19 | INFO | [Episode  250] eps=0.505  avg_reward=  14.200  avg_length= 14.20  avg_loss=  0.9918  avg_intrinsic=0.0027  eval_success=0.000
2026-03-28 22:40:20 | INFO | Episode  251 - Reward: 17.000, Length: 17, Loss: 0.9645, Intrinsic: 0.0165, Epsilon: 0.503
2026-03-28 22:40:21 | INFO | Episode  252 - Reward: 15.000, Length: 15, Loss: 0.9722, Intrinsic: 0.0151, Epsilon: 0.501
2026-03-28 22:40:22 | INFO | Episode  253 - Reward: 12.000, Length: 12, Loss: 1.0310, Intrinsic: 0.0118, Epsilon: 0.499
2026-03-28 22:40:23 | INFO | Episode  254 - Reward: 16.000, Length: 16, Loss: 1.0275, Intrinsic: 0.0078, Epsilon: 0.497
2026-03-28 22:40:24 | INFO | Episode  255 - Reward: 17.000, Length: 17, Loss: 1.0197, Intrinsic: 0.0057, Epsilon: 0.495
2026-03-28 22:40:25 | INFO | Episode  256 - Reward: 9.000, Length: 9, Loss: 1.0259, Intrinsic: 0.0102, Epsilon: 0.493
2026-03-28 22:40:26 | INFO | Episode  257 - Reward: 14.000, Length: 14, Loss: 1.0175, Intrinsic: 0.0072, Epsilon: 0.491
2026-03-28 22:40:27 | INFO | Episode  258 - Reward: 15.000, Length: 15, Loss: 1.0156, Intrinsic: 0.0161, Epsilon: 0.489
2026-03-28 22:40:28 | INFO | Episode  259 - Reward: 13.000, Length: 13, Loss: 1.0109, Intrinsic: 0.0151, Epsilon: 0.487
2026-03-28 22:40:29 | INFO | Episode  260 - Reward: 11.000, Length: 11, Loss: 1.0175, Intrinsic: 0.0063, Epsilon: 0.485
2026-03-28 22:40:30 | INFO | Episode  261 - Reward: 9.000, Length: 9, Loss: 1.0138, Intrinsic: 0.0106, Epsilon: 0.483
2026-03-28 22:40:31 | INFO | Episode  262 - Reward: 18.000, Length: 18, Loss: 1.0096, Intrinsic: 0.0077, Epsilon: 0.481
2026-03-28 22:40:32 | INFO | Episode  263 - Reward: 18.000, Length: 18, Loss: 1.0182, Intrinsic: 0.0057, Epsilon: 0.479
2026-03-28 22:40:33 | INFO | Episode  264 - Reward: 10.000, Length: 10, Loss: 1.0090, Intrinsic: 0.0079, Epsilon: 0.477
2026-03-28 22:40:34 | INFO | Episode  265 - Reward: 15.000, Length: 15, Loss: 0.9938, Intrinsic: 0.0105, Epsilon: 0.475
2026-03-28 22:40:35 | INFO | Episode  266 - Reward: 16.000, Length: 16, Loss: 1.0055, Intrinsic: 0.0043, Epsilon: 0.473
2026-03-28 22:40:36 | INFO | Episode  267 - Reward: 17.000, Length: 17, Loss: 1.0067, Intrinsic: 0.0102, Epsilon: 0.471
2026-03-28 22:40:37 | INFO | Episode  268 - Reward: 18.000, Length: 18, Loss: 1.0004, Intrinsic: 0.0073, Epsilon: 0.469
2026-03-28 22:40:38 | INFO | Episode  269 - Reward: 12.000, Length: 12, Loss: 0.9999, Intrinsic: 0.0042, Epsilon: 0.467
2026-03-28 22:40:39 | INFO | Episode  270 - Reward: 13.000, Length: 13, Loss: 0.9966, Intrinsic: 0.0106, Epsilon: 0.465
2026-03-28 22:40:40 | INFO | Episode  271 - Reward: 13.000, Length: 13, Loss: 1.0003, Intrinsic: 0.0139, Epsilon: 0.463
2026-03-28 22:40:40 | INFO | Episode  272 - Reward: 21.000, Length: 21, Loss: 0.9959, Intrinsic: 0.0096, Epsilon: 0.461
2026-03-28 22:40:41 | INFO | Episode  273 - Reward: 9.000, Length: 9, Loss: 1.0008, Intrinsic: 0.0164, Epsilon: 0.459
2026-03-28 22:40:42 | INFO | Episode  274 - Reward: 12.000, Length: 12, Loss: 0.9968, Intrinsic: 0.0178, Epsilon: 0.457
2026-03-28 22:40:43 | INFO | Episode  275 - Reward: 12.000, Length: 12, Loss: 0.9880, Intrinsic: 0.0076, Epsilon: 0.456
2026-03-28 22:40:44 | INFO | Episode  276 - Reward: 10.000, Length: 10, Loss: 0.9928, Intrinsic: 0.0074, Epsilon: 0.454
2026-03-28 22:40:45 | INFO | Episode  277 - Reward: 13.000, Length: 13, Loss: 0.9896, Intrinsic: 0.0064, Epsilon: 0.452
2026-03-28 22:40:46 | INFO | Episode  278 - Reward: 13.000, Length: 13, Loss: 0.9916, Intrinsic: 0.0060, Epsilon: 0.450
2026-03-28 22:40:47 | INFO | Episode  279 - Reward: 10.000, Length: 10, Loss: 0.9884, Intrinsic: 0.0189, Epsilon: 0.448
2026-03-28 22:40:48 | INFO | Episode  280 - Reward: 8.000, Length: 8, Loss: 0.9898, Intrinsic: 0.0136, Epsilon: 0.446
2026-03-28 22:40:49 | INFO | Episode  281 - Reward: 25.000, Length: 25, Loss: 0.9900, Intrinsic: 0.0148, Epsilon: 0.444
2026-03-28 22:40:49 | INFO | Episode  282 - Reward: 22.000, Length: 22, Loss: 0.9829, Intrinsic: 0.0210, Epsilon: 0.442
2026-03-28 22:40:51 | INFO | Episode  283 - Reward: 20.000, Length: 20, Loss: 0.9749, Intrinsic: 0.0197, Epsilon: 0.440
2026-03-28 22:40:51 | INFO | Episode  284 - Reward: 9.000, Length: 9, Loss: 0.9728, Intrinsic: 0.0102, Epsilon: 0.438
2026-03-28 22:40:52 | INFO | Episode  285 - Reward: 9.000, Length: 9, Loss: 0.9770, Intrinsic: 0.0104, Epsilon: 0.436
2026-03-28 22:40:53 | INFO | Episode  286 - Reward: 11.000, Length: 11, Loss: 0.9745, Intrinsic: 0.0106, Epsilon: 0.434
2026-03-28 22:40:54 | INFO | Episode  287 - Reward: 12.000, Length: 12, Loss: 0.9772, Intrinsic: 0.0128, Epsilon: 0.432
2026-03-28 22:40:55 | INFO | Episode  288 - Reward: 12.000, Length: 12, Loss: 0.9686, Intrinsic: 0.0130, Epsilon: 0.430
2026-03-28 22:40:56 | INFO | Episode  289 - Reward: 29.000, Length: 29, Loss: 1.0283, Intrinsic: 0.0256, Epsilon: 0.428
2026-03-28 22:40:57 | INFO | Episode  290 - Reward: 15.000, Length: 15, Loss: 1.0173, Intrinsic: 0.0201, Epsilon: 0.426
2026-03-28 22:40:58 | INFO | Episode  291 - Reward: 12.000, Length: 12, Loss: 1.0237, Intrinsic: 0.0083, Epsilon: 0.424
2026-03-28 22:40:59 | INFO | Episode  292 - Reward: 11.000, Length: 11, Loss: 1.0182, Intrinsic: 0.0151, Epsilon: 0.422
2026-03-28 22:41:00 | INFO | Episode  293 - Reward: 15.000, Length: 15, Loss: 1.0296, Intrinsic: 0.0058, Epsilon: 0.420
2026-03-28 22:41:01 | INFO | Episode  294 - Reward: 13.000, Length: 13, Loss: 1.0101, Intrinsic: 0.0098, Epsilon: 0.418
2026-03-28 22:41:02 | INFO | Episode  295 - Reward: 14.000, Length: 14, Loss: 1.0162, Intrinsic: 0.0181, Epsilon: 0.416
2026-03-28 22:41:03 | INFO | Episode  296 - Reward: 13.000, Length: 13, Loss: 1.0150, Intrinsic: 0.0091, Epsilon: 0.414
2026-03-28 22:41:04 | INFO | Episode  297 - Reward: 20.000, Length: 20, Loss: 1.0150, Intrinsic: 0.0078, Epsilon: 0.412
2026-03-28 22:41:04 | INFO | Episode  298 - Reward: 10.000, Length: 10, Loss: 1.0145, Intrinsic: 0.0188, Epsilon: 0.410
2026-03-28 22:41:05 | INFO | Episode  299 - Reward: 16.000, Length: 16, Loss: 1.0048, Intrinsic: 0.0041, Epsilon: 0.408
2026-03-28 22:41:06 | INFO | Episode  300 - Reward: 20.000, Length: 20, Loss: 1.0021, Intrinsic: 0.0086, Epsilon: 0.406
2026-03-28 22:41:10 | INFO | [Episode  300] eps=0.406  avg_reward=  14.280  avg_length= 14.28  avg_loss=  1.0021  avg_intrinsic=0.0086  eval_success=0.000
2026-03-28 22:41:11 | INFO | Episode  301 - Reward: 9.000, Length: 9, Loss: 1.0143, Intrinsic: 0.0161, Epsilon: 0.404
2026-03-28 22:41:12 | INFO | Episode  302 - Reward: 11.000, Length: 11, Loss: 1.0070, Intrinsic: 0.0158, Epsilon: 0.402
2026-03-28 22:41:13 | INFO | Episode  303 - Reward: 9.000, Length: 9, Loss: 1.0092, Intrinsic: 0.0107, Epsilon: 0.400
2026-03-28 22:41:13 | INFO | Episode  304 - Reward: 9.000, Length: 9, Loss: 1.0097, Intrinsic: 0.0100, Epsilon: 0.398
2026-03-28 22:41:14 | INFO | Episode  305 - Reward: 18.000, Length: 18, Loss: 1.0071, Intrinsic: 0.0117, Epsilon: 0.396
2026-03-28 22:41:15 | INFO | Episode  306 - Reward: 18.000, Length: 18, Loss: 1.0037, Intrinsic: 0.0105, Epsilon: 0.394
2026-03-28 22:41:16 | INFO | Episode  307 - Reward: 9.000, Length: 9, Loss: 0.9995, Intrinsic: 0.0159, Epsilon: 0.392
2026-03-28 22:41:17 | INFO | Episode  308 - Reward: 15.000, Length: 15, Loss: 0.9993, Intrinsic: 0.0158, Epsilon: 0.390
2026-03-28 22:41:18 | INFO | Episode  309 - Reward: 10.000, Length: 10, Loss: 1.0044, Intrinsic: 0.0132, Epsilon: 0.388
2026-03-28 22:41:19 | INFO | Episode  310 - Reward: 13.000, Length: 13, Loss: 1.0010, Intrinsic: 0.0168, Epsilon: 0.386
2026-03-28 22:41:20 | INFO | Episode  311 - Reward: 11.000, Length: 11, Loss: 0.9907, Intrinsic: 0.0162, Epsilon: 0.384
2026-03-28 22:41:21 | INFO | Episode  312 - Reward: 12.000, Length: 12, Loss: 0.9934, Intrinsic: 0.0077, Epsilon: 0.382
2026-03-28 22:41:22 | INFO | Episode  313 - Reward: 10.000, Length: 10, Loss: 0.9885, Intrinsic: 0.0126, Epsilon: 0.380
2026-03-28 22:41:23 | INFO | Episode  314 - Reward: 12.000, Length: 12, Loss: 0.9841, Intrinsic: 0.0081, Epsilon: 0.378
2026-03-28 22:41:24 | INFO | Episode  315 - Reward: 9.000, Length: 9, Loss: 0.9741, Intrinsic: 0.0058, Epsilon: 0.376
2026-03-28 22:41:25 | INFO | Episode  316 - Reward: 10.000, Length: 10, Loss: 0.9892, Intrinsic: 0.0083, Epsilon: 0.374
2026-03-28 22:41:25 | INFO | Episode  317 - Reward: 9.000, Length: 9, Loss: 0.9839, Intrinsic: 0.0099, Epsilon: 0.372
2026-03-28 22:41:26 | INFO | Episode  318 - Reward: 14.000, Length: 14, Loss: 0.9854, Intrinsic: 0.0187, Epsilon: 0.370
2026-03-28 22:41:28 | INFO | Episode  319 - Reward: 10.000, Length: 10, Loss: 0.9853, Intrinsic: 0.0133, Epsilon: 0.368
2026-03-28 22:41:29 | INFO | Episode  320 - Reward: 14.000, Length: 14, Loss: 0.9809, Intrinsic: 0.0183, Epsilon: 0.366
2026-03-28 22:41:30 | INFO | Episode  321 - Reward: 13.000, Length: 13, Loss: 0.9865, Intrinsic: 0.0158, Epsilon: 0.364
2026-03-28 22:41:31 | INFO | Episode  322 - Reward: 11.000, Length: 11, Loss: 0.9862, Intrinsic: 0.0100, Epsilon: 0.362
2026-03-28 22:41:33 | INFO | Episode  323 - Reward: 28.000, Length: 28, Loss: 0.9769, Intrinsic: 0.0084, Epsilon: 0.360
2026-03-28 22:41:34 | INFO | Episode  324 - Reward: 12.000, Length: 12, Loss: 0.9772, Intrinsic: 0.0116, Epsilon: 0.358
2026-03-28 22:41:35 | INFO | Episode  325 - Reward: 9.000, Length: 9, Loss: 0.9727, Intrinsic: 0.0098, Epsilon: 0.357
2026-03-28 22:41:36 | INFO | Episode  326 - Reward: 10.000, Length: 10, Loss: 0.9656, Intrinsic: 0.0186, Epsilon: 0.355
2026-03-28 22:41:37 | INFO | Episode  327 - Reward: 14.000, Length: 14, Loss: 1.0406, Intrinsic: 0.0116, Epsilon: 0.353
2026-03-28 22:41:39 | INFO | Episode  328 - Reward: 10.000, Length: 10, Loss: 1.0265, Intrinsic: 0.0181, Epsilon: 0.351
2026-03-28 22:41:40 | INFO | Episode  329 - Reward: 10.000, Length: 10, Loss: 1.0348, Intrinsic: 0.0082, Epsilon: 0.349
2026-03-28 22:41:41 | INFO | Episode  330 - Reward: 11.000, Length: 11, Loss: 1.0316, Intrinsic: 0.0100, Epsilon: 0.347
2026-03-28 22:41:42 | INFO | Episode  331 - Reward: 16.000, Length: 16, Loss: 1.0330, Intrinsic: 0.0118, Epsilon: 0.345
2026-03-28 22:41:43 | INFO | Episode  332 - Reward: 9.000, Length: 9, Loss: 1.0267, Intrinsic: 0.0107, Epsilon: 0.343
2026-03-28 22:41:44 | INFO | Episode  333 - Reward: 10.000, Length: 10, Loss: 1.0393, Intrinsic: 0.0125, Epsilon: 0.341
2026-03-28 22:41:46 | INFO | Episode  334 - Reward: 8.000, Length: 8, Loss: 1.0145, Intrinsic: 0.0133, Epsilon: 0.339
2026-03-28 22:41:47 | INFO | Episode  335 - Reward: 11.000, Length: 11, Loss: 1.0135, Intrinsic: 0.0154, Epsilon: 0.337
2026-03-28 22:41:48 | INFO | Episode  336 - Reward: 8.000, Length: 8, Loss: 1.0101, Intrinsic: 0.0129, Epsilon: 0.335
2026-03-28 22:41:49 | INFO | Episode  337 - Reward: 14.000, Length: 14, Loss: 1.0164, Intrinsic: 0.0034, Epsilon: 0.333
2026-03-28 22:41:50 | INFO | Episode  338 - Reward: 13.000, Length: 13, Loss: 1.0108, Intrinsic: 0.0146, Epsilon: 0.331
2026-03-28 22:41:51 | INFO | Episode  339 - Reward: 12.000, Length: 12, Loss: 1.0170, Intrinsic: 0.0177, Epsilon: 0.329
2026-03-28 22:41:53 | INFO | Episode  340 - Reward: 13.000, Length: 13, Loss: 1.0227, Intrinsic: 0.0059, Epsilon: 0.327
2026-03-28 22:41:54 | INFO | Episode  341 - Reward: 13.000, Length: 13, Loss: 1.0262, Intrinsic: 0.0093, Epsilon: 0.325
2026-03-28 22:41:55 | INFO | Episode  342 - Reward: 12.000, Length: 12, Loss: 1.0029, Intrinsic: 0.0125, Epsilon: 0.323
2026-03-28 22:41:56 | INFO | Episode  343 - Reward: 10.000, Length: 10, Loss: 0.9983, Intrinsic: 0.0128, Epsilon: 0.321
2026-03-28 22:41:57 | INFO | Episode  344 - Reward: 11.000, Length: 11, Loss: 1.0127, Intrinsic: 0.0108, Epsilon: 0.319
2026-03-28 22:41:59 | INFO | Episode  345 - Reward: 12.000, Length: 12, Loss: 1.0180, Intrinsic: 0.0178, Epsilon: 0.317
2026-03-28 22:42:00 | INFO | Episode  346 - Reward: 12.000, Length: 12, Loss: 0.9996, Intrinsic: 0.0070, Epsilon: 0.315
2026-03-28 22:42:01 | INFO | Episode  347 - Reward: 11.000, Length: 11, Loss: 1.0108, Intrinsic: 0.0153, Epsilon: 0.313
2026-03-28 22:42:03 | INFO | Episode  348 - Reward: 12.000, Length: 12, Loss: 0.9987, Intrinsic: 0.0123, Epsilon: 0.311
2026-03-28 22:42:04 | INFO | Episode  349 - Reward: 10.000, Length: 10, Loss: 0.9924, Intrinsic: 0.0075, Epsilon: 0.309
2026-03-28 22:42:05 | INFO | Episode  350 - Reward: 9.000, Length: 9, Loss: 1.0080, Intrinsic: 0.0059, Epsilon: 0.307
2026-03-28 22:42:11 | INFO | [Episode  350] eps=0.307  avg_reward=  11.720  avg_length= 11.72  avg_loss=  1.0036  avg_intrinsic=0.0059  eval_success=0.000
2026-03-28 22:42:13 | INFO | Episode  351 - Reward: 12.000, Length: 12, Loss: 0.9955, Intrinsic: 0.0114, Epsilon: 0.305
2026-03-28 22:42:14 | INFO | Episode  352 - Reward: 9.000, Length: 9, Loss: 0.9923, Intrinsic: 0.0157, Epsilon: 0.303
2026-03-28 22:42:16 | INFO | Episode  353 - Reward: 11.000, Length: 11, Loss: 0.9904, Intrinsic: 0.0215, Epsilon: 0.301
2026-03-28 22:42:17 | INFO | Episode  354 - Reward: 11.000, Length: 11, Loss: 0.9902, Intrinsic: 0.0153, Epsilon: 0.299
2026-03-28 22:42:19 | INFO | Episode  355 - Reward: 11.000, Length: 11, Loss: 0.9980, Intrinsic: 0.0150, Epsilon: 0.297
2026-03-28 22:42:20 | INFO | Episode  356 - Reward: 9.000, Length: 9, Loss: 0.9830, Intrinsic: 0.0097, Epsilon: 0.295
2026-03-28 22:42:21 | INFO | Episode  357 - Reward: 14.000, Length: 14, Loss: 0.9874, Intrinsic: 0.0076, Epsilon: 0.293
2026-03-28 22:42:22 | INFO | Episode  358 - Reward: 12.000, Length: 12, Loss: 0.9789, Intrinsic: 0.0128, Epsilon: 0.291
2026-03-28 22:42:24 | INFO | Episode  359 - Reward: 12.000, Length: 12, Loss: 0.9833, Intrinsic: 0.0070, Epsilon: 0.289
2026-03-28 22:42:25 | INFO | Episode  360 - Reward: 10.000, Length: 10, Loss: 0.9777, Intrinsic: 0.0184, Epsilon: 0.287
2026-03-28 22:42:26 | INFO | Episode  361 - Reward: 9.000, Length: 9, Loss: 0.9837, Intrinsic: 0.0157, Epsilon: 0.285
2026-03-28 22:42:27 | INFO | Episode  362 - Reward: 9.000, Length: 9, Loss: 0.9721, Intrinsic: 0.0155, Epsilon: 0.283
2026-03-28 22:42:29 | INFO | Episode  363 - Reward: 10.000, Length: 10, Loss: 0.9713, Intrinsic: 0.0179, Epsilon: 0.281
2026-03-28 22:42:30 | INFO | Episode  364 - Reward: 10.000, Length: 10, Loss: 0.9816, Intrinsic: 0.0185, Epsilon: 0.279
2026-03-28 22:42:31 | INFO | Episode  365 - Reward: 16.000, Length: 16, Loss: 0.9670, Intrinsic: 0.0123, Epsilon: 0.277
2026-03-28 22:42:32 | INFO | Episode  366 - Reward: 9.000, Length: 9, Loss: 0.9622, Intrinsic: 0.0105, Epsilon: 0.275
2026-03-28 22:42:33 | INFO | Episode  367 - Reward: 11.000, Length: 11, Loss: 0.9678, Intrinsic: 0.0153, Epsilon: 0.273
2026-03-28 22:42:34 | INFO | Episode  368 - Reward: 12.000, Length: 12, Loss: 0.9670, Intrinsic: 0.0033, Epsilon: 0.271
2026-03-28 22:42:35 | INFO | Episode  369 - Reward: 11.000, Length: 11, Loss: 0.9551, Intrinsic: 0.0153, Epsilon: 0.269
2026-03-28 22:42:36 | INFO | Episode  370 - Reward: 14.000, Length: 14, Loss: 0.9686, Intrinsic: 0.0114, Epsilon: 0.267
2026-03-28 22:42:37 | INFO | Episode  371 - Reward: 9.000, Length: 9, Loss: 0.9645, Intrinsic: 0.0161, Epsilon: 0.265
2026-03-28 22:42:38 | INFO | Episode  372 - Reward: 12.000, Length: 12, Loss: 1.0282, Intrinsic: 0.0126, Epsilon: 0.263
2026-03-28 22:42:39 | INFO | Episode  373 - Reward: 12.000, Length: 12, Loss: 1.0296, Intrinsic: 0.0182, Epsilon: 0.261
2026-03-28 22:42:40 | INFO | Episode  374 - Reward: 11.000, Length: 11, Loss: 1.0360, Intrinsic: 0.0156, Epsilon: 0.259
2026-03-28 22:42:41 | INFO | Episode  375 - Reward: 10.000, Length: 10, Loss: 1.0460, Intrinsic: 0.0125, Epsilon: 0.258
2026-03-28 22:42:42 | INFO | Episode  376 - Reward: 8.000, Length: 8, Loss: 1.0319, Intrinsic: 0.0131, Epsilon: 0.256
2026-03-28 22:42:43 | INFO | Episode  377 - Reward: 11.000, Length: 11, Loss: 1.0351, Intrinsic: 0.0148, Epsilon: 0.254
2026-03-28 22:42:44 | INFO | Episode  378 - Reward: 10.000, Length: 10, Loss: 1.0355, Intrinsic: 0.0129, Epsilon: 0.252
2026-03-28 22:42:44 | INFO | Episode  379 - Reward: 9.000, Length: 9, Loss: 1.0320, Intrinsic: 0.0164, Epsilon: 0.250
2026-03-28 22:42:45 | INFO | Episode  380 - Reward: 10.000, Length: 10, Loss: 1.0259, Intrinsic: 0.0174, Epsilon: 0.248
2026-03-28 22:42:46 | INFO | Episode  381 - Reward: 11.000, Length: 11, Loss: 1.0313, Intrinsic: 0.0160, Epsilon: 0.246
2026-03-28 22:42:47 | INFO | Episode  382 - Reward: 9.000, Length: 9, Loss: 1.0306, Intrinsic: 0.0156, Epsilon: 0.244
2026-03-28 22:42:48 | INFO | Episode  383 - Reward: 14.000, Length: 14, Loss: 1.0202, Intrinsic: 0.0118, Epsilon: 0.242
2026-03-28 22:42:49 | INFO | Episode  384 - Reward: 11.000, Length: 11, Loss: 1.0239, Intrinsic: 0.0050, Epsilon: 0.240
2026-03-28 22:42:50 | INFO | Episode  385 - Reward: 10.000, Length: 10, Loss: 1.0131, Intrinsic: 0.0188, Epsilon: 0.238
2026-03-28 22:42:51 | INFO | Episode  386 - Reward: 10.000, Length: 10, Loss: 1.0128, Intrinsic: 0.0183, Epsilon: 0.236
2026-03-28 22:42:52 | INFO | Episode  387 - Reward: 10.000, Length: 10, Loss: 1.0185, Intrinsic: 0.0120, Epsilon: 0.234
2026-03-28 22:42:53 | INFO | Episode  388 - Reward: 9.000, Length: 9, Loss: 1.0214, Intrinsic: 0.0102, Epsilon: 0.232
2026-03-28 22:42:54 | INFO | Episode  389 - Reward: 11.000, Length: 11, Loss: 1.0060, Intrinsic: 0.0100, Epsilon: 0.230
2026-03-28 22:42:55 | INFO | Episode  390 - Reward: 11.000, Length: 11, Loss: 1.0149, Intrinsic: 0.0139, Epsilon: 0.228
2026-03-28 22:42:56 | INFO | Episode  391 - Reward: 10.000, Length: 10, Loss: 1.0163, Intrinsic: 0.0122, Epsilon: 0.226
2026-03-28 22:42:57 | INFO | Episode  392 - Reward: 12.000, Length: 12, Loss: 1.0036, Intrinsic: 0.0179, Epsilon: 0.224
2026-03-28 22:42:57 | INFO | Episode  393 - Reward: 11.000, Length: 11, Loss: 1.0185, Intrinsic: 0.0153, Epsilon: 0.222
2026-03-28 22:42:58 | INFO | Episode  394 - Reward: 10.000, Length: 10, Loss: 0.9882, Intrinsic: 0.0130, Epsilon: 0.220
2026-03-28 22:42:59 | INFO | Episode  395 - Reward: 15.000, Length: 15, Loss: 0.9997, Intrinsic: 0.0155, Epsilon: 0.218
2026-03-28 22:43:00 | INFO | Episode  396 - Reward: 13.000, Length: 13, Loss: 0.9973, Intrinsic: 0.0199, Epsilon: 0.216
2026-03-28 22:43:01 | INFO | Episode  397 - Reward: 9.000, Length: 9, Loss: 0.9903, Intrinsic: 0.0152, Epsilon: 0.214
2026-03-28 22:43:02 | INFO | Episode  398 - Reward: 12.000, Length: 12, Loss: 0.9970, Intrinsic: 0.0181, Epsilon: 0.212
2026-03-28 22:43:03 | INFO | Episode  399 - Reward: 10.000, Length: 10, Loss: 0.9765, Intrinsic: 0.0180, Epsilon: 0.210
2026-03-28 22:43:04 | INFO | Episode  400 - Reward: 10.000, Length: 10, Loss: 0.9937, Intrinsic: 0.0182, Epsilon: 0.208
2026-03-28 22:43:07 | INFO | [Episode  400] eps=0.208  avg_reward=  10.840  avg_length= 10.84  avg_loss=  1.0002  avg_intrinsic=0.0182  eval_success=0.000
2026-03-28 22:43:08 | INFO | Episode  401 - Reward: 12.000, Length: 12, Loss: 1.0000, Intrinsic: 0.0169, Epsilon: 0.206
2026-03-28 22:43:09 | INFO | Episode  402 - Reward: 11.000, Length: 11, Loss: 0.9777, Intrinsic: 0.0159, Epsilon: 0.204
2026-03-28 22:43:10 | INFO | Episode  403 - Reward: 9.000, Length: 9, Loss: 0.9799, Intrinsic: 0.0161, Epsilon: 0.202
2026-03-28 22:43:11 | INFO | Episode  404 - Reward: 10.000, Length: 10, Loss: 0.9886, Intrinsic: 0.0133, Epsilon: 0.200
2026-03-28 22:43:12 | INFO | Episode  405 - Reward: 10.000, Length: 10, Loss: 0.9888, Intrinsic: 0.0177, Epsilon: 0.198
2026-03-28 22:43:13 | INFO | Episode  406 - Reward: 9.000, Length: 9, Loss: 0.9682, Intrinsic: 0.0150, Epsilon: 0.196
2026-03-28 22:43:13 | INFO | Episode  407 - Reward: 8.000, Length: 8, Loss: 0.9850, Intrinsic: 0.0071, Epsilon: 0.194
2026-03-28 22:43:14 | INFO | Episode  408 - Reward: 10.000, Length: 10, Loss: 0.9623, Intrinsic: 0.0176, Epsilon: 0.192
2026-03-28 22:43:15 | INFO | Episode  409 - Reward: 9.000, Length: 9, Loss: 0.9856, Intrinsic: 0.0100, Epsilon: 0.190
2026-03-28 22:43:16 | INFO | Episode  410 - Reward: 10.000, Length: 10, Loss: 0.9762, Intrinsic: 0.0186, Epsilon: 0.188
2026-03-28 22:43:17 | INFO | Episode  411 - Reward: 10.000, Length: 10, Loss: 0.9621, Intrinsic: 0.0124, Epsilon: 0.186
2026-03-28 22:43:18 | INFO | Episode  412 - Reward: 10.000, Length: 10, Loss: 0.9643, Intrinsic: 0.0182, Epsilon: 0.184
2026-03-28 22:43:19 | INFO | Episode  413 - Reward: 9.000, Length: 9, Loss: 0.9757, Intrinsic: 0.0099, Epsilon: 0.182
2026-03-28 22:43:20 | INFO | Episode  414 - Reward: 14.000, Length: 14, Loss: 0.9687, Intrinsic: 0.0065, Epsilon: 0.180
2026-03-28 22:43:21 | INFO | Episode  415 - Reward: 9.000, Length: 9, Loss: 0.9682, Intrinsic: 0.0155, Epsilon: 0.178
2026-03-28 22:43:22 | INFO | Episode  416 - Reward: 9.000, Length: 9, Loss: 0.9554, Intrinsic: 0.0151, Epsilon: 0.176
2026-03-28 22:43:23 | INFO | Episode  417 - Reward: 15.000, Length: 15, Loss: 0.9619, Intrinsic: 0.0147, Epsilon: 0.174
2026-03-28 22:43:23 | INFO | Episode  418 - Reward: 10.000, Length: 10, Loss: 0.9661, Intrinsic: 0.0185, Epsilon: 0.172
2026-03-28 22:43:24 | INFO | Episode  419 - Reward: 9.000, Length: 9, Loss: 1.0548, Intrinsic: 0.0152, Epsilon: 0.170
2026-03-28 22:43:25 | INFO | Episode  420 - Reward: 9.000, Length: 9, Loss: 1.0509, Intrinsic: 0.0156, Epsilon: 0.168
2026-03-28 22:43:26 | INFO | Episode  421 - Reward: 12.000, Length: 12, Loss: 1.0514, Intrinsic: 0.0071, Epsilon: 0.166
2026-03-28 22:43:27 | INFO | Episode  422 - Reward: 10.000, Length: 10, Loss: 1.0492, Intrinsic: 0.0183, Epsilon: 0.164
2026-03-28 22:43:28 | INFO | Episode  423 - Reward: 13.000, Length: 13, Loss: 1.0365, Intrinsic: 0.0148, Epsilon: 0.162
2026-03-28 22:43:29 | INFO | Episode  424 - Reward: 11.000, Length: 11, Loss: 1.0455, Intrinsic: 0.0096, Epsilon: 0.160
2026-03-28 22:43:30 | INFO | Episode  425 - Reward: 10.000, Length: 10, Loss: 1.0215, Intrinsic: 0.0185, Epsilon: 0.158
2026-03-28 22:43:31 | INFO | Episode  426 - Reward: 10.000, Length: 10, Loss: 1.0389, Intrinsic: 0.0186, Epsilon: 0.157
2026-03-28 22:43:32 | INFO | Episode  427 - Reward: 10.000, Length: 10, Loss: 1.0303, Intrinsic: 0.0119, Epsilon: 0.155
2026-03-28 22:43:32 | INFO | Episode  428 - Reward: 14.000, Length: 14, Loss: 1.0264, Intrinsic: 0.0071, Epsilon: 0.153
2026-03-28 22:43:33 | INFO | Episode  429 - Reward: 8.000, Length: 8, Loss: 1.0294, Intrinsic: 0.0076, Epsilon: 0.151
2026-03-28 22:43:35 | INFO | Episode  430 - Reward: 10.000, Length: 10, Loss: 1.0352, Intrinsic: 0.0073, Epsilon: 0.149
2026-03-28 22:43:36 | INFO | Episode  431 - Reward: 10.000, Length: 10, Loss: 1.0345, Intrinsic: 0.0186, Epsilon: 0.147
2026-03-28 22:43:37 | INFO | Episode  432 - Reward: 9.000, Length: 9, Loss: 1.0184, Intrinsic: 0.0161, Epsilon: 0.145
2026-03-28 22:43:37 | INFO | Episode  433 - Reward: 14.000, Length: 14, Loss: 1.0061, Intrinsic: 0.0122, Epsilon: 0.143
2026-03-28 22:43:38 | INFO | Episode  434 - Reward: 10.000, Length: 10, Loss: 1.0210, Intrinsic: 0.0181, Epsilon: 0.141
2026-03-28 22:43:39 | INFO | Episode  435 - Reward: 8.000, Length: 8, Loss: 1.0151, Intrinsic: 0.0120, Epsilon: 0.139
2026-03-28 22:43:40 | INFO | Episode  436 - Reward: 11.000, Length: 11, Loss: 1.0143, Intrinsic: 0.0152, Epsilon: 0.137
2026-03-28 22:43:41 | INFO | Episode  437 - Reward: 10.000, Length: 10, Loss: 1.0314, Intrinsic: 0.0116, Epsilon: 0.135
2026-03-28 22:43:42 | INFO | Episode  438 - Reward: 11.000, Length: 11, Loss: 1.0072, Intrinsic: 0.0155, Epsilon: 0.133
2026-03-28 22:43:43 | INFO | Episode  439 - Reward: 12.000, Length: 12, Loss: 1.0057, Intrinsic: 0.0125, Epsilon: 0.131
2026-03-28 22:43:44 | INFO | Episode  440 - Reward: 10.000, Length: 10, Loss: 1.0085, Intrinsic: 0.0185, Epsilon: 0.129
2026-03-28 22:43:45 | INFO | Episode  441 - Reward: 8.000, Length: 8, Loss: 1.0205, Intrinsic: 0.0126, Epsilon: 0.127
2026-03-28 22:43:45 | INFO | Episode  442 - Reward: 12.000, Length: 12, Loss: 0.9946, Intrinsic: 0.0115, Epsilon: 0.125
2026-03-28 22:43:46 | INFO | Episode  443 - Reward: 10.000, Length: 10, Loss: 1.0150, Intrinsic: 0.0174, Epsilon: 0.123
2026-03-28 22:43:47 | INFO | Episode  444 - Reward: 8.000, Length: 8, Loss: 1.0173, Intrinsic: 0.0124, Epsilon: 0.121
2026-03-28 22:43:48 | INFO | Episode  445 - Reward: 9.000, Length: 9, Loss: 1.0112, Intrinsic: 0.0150, Epsilon: 0.119
2026-03-28 22:43:49 | INFO | Episode  446 - Reward: 10.000, Length: 10, Loss: 0.9942, Intrinsic: 0.0176, Epsilon: 0.117
2026-03-28 22:43:50 | INFO | Episode  447 - Reward: 9.000, Length: 9, Loss: 0.9967, Intrinsic: 0.0158, Epsilon: 0.115
2026-03-28 22:43:51 | INFO | Episode  448 - Reward: 10.000, Length: 10, Loss: 0.9861, Intrinsic: 0.0117, Epsilon: 0.113
2026-03-28 22:43:52 | INFO | Episode  449 - Reward: 9.000, Length: 9, Loss: 1.0039, Intrinsic: 0.0153, Epsilon: 0.111
2026-03-28 22:43:53 | INFO | Episode  450 - Reward: 10.000, Length: 10, Loss: 0.9994, Intrinsic: 0.0124, Epsilon: 0.109
2026-03-28 22:43:56 | INFO | [Episode  450] eps=0.109  avg_reward=  10.200  avg_length= 10.20  avg_loss=  1.0041  avg_intrinsic=0.0124  eval_success=0.000
2026-03-28 22:43:57 | INFO | Episode  451 - Reward: 9.000, Length: 9, Loss: 1.0032, Intrinsic: 0.0156, Epsilon: 0.107
2026-03-28 22:43:58 | INFO | Episode  452 - Reward: 9.000, Length: 9, Loss: 1.0148, Intrinsic: 0.0156, Epsilon: 0.105
2026-03-28 22:43:59 | INFO | Episode  453 - Reward: 12.000, Length: 12, Loss: 0.9662, Intrinsic: 0.0120, Epsilon: 0.103
2026-03-28 22:44:00 | INFO | Episode  454 - Reward: 10.000, Length: 10, Loss: 0.9878, Intrinsic: 0.0181, Epsilon: 0.101
2026-03-28 22:44:02 | INFO | Episode  455 - Reward: 10.000, Length: 10, Loss: 0.9801, Intrinsic: 0.0182, Epsilon: 0.099
2026-03-28 22:44:04 | INFO | Episode  456 - Reward: 11.000, Length: 11, Loss: 0.9875, Intrinsic: 0.0205, Epsilon: 0.097
2026-03-28 22:44:06 | INFO | Episode  457 - Reward: 10.000, Length: 10, Loss: 0.9807, Intrinsic: 0.0177, Epsilon: 0.095
2026-03-28 22:44:08 | INFO | Episode  458 - Reward: 11.000, Length: 11, Loss: 0.9612, Intrinsic: 0.0148, Epsilon: 0.093
2026-03-28 22:44:11 | INFO | Episode  459 - Reward: 10.000, Length: 10, Loss: 0.9845, Intrinsic: 0.0180, Epsilon: 0.091
2026-03-28 22:44:13 | INFO | Episode  460 - Reward: 9.000, Length: 9, Loss: 0.9755, Intrinsic: 0.0152, Epsilon: 0.089
2026-03-28 22:44:16 | INFO | Episode  461 - Reward: 10.000, Length: 10, Loss: 0.9630, Intrinsic: 0.0112, Epsilon: 0.087
2026-03-28 22:44:22 | INFO | Episode  462 - Reward: 9.000, Length: 9, Loss: 0.9729, Intrinsic: 0.0095, Epsilon: 0.085
2026-03-28 22:44:32 | INFO | Episode  463 - Reward: 10.000, Length: 10, Loss: 0.9614, Intrinsic: 0.0184, Epsilon: 0.083
2026-03-28 22:44:48 | INFO | Episode  464 - Reward: 10.000, Length: 10, Loss: 0.9792, Intrinsic: 0.0126, Epsilon: 0.081
2026-03-28 22:50:04 | INFO | Episode  465 - Reward: 9.000, Length: 9, Loss: 0.9511, Intrinsic: 0.0148, Epsilon: 0.079
2026-03-28 22:50:36 | INFO | Episode  466 - Reward: 10.000, Length: 10, Loss: 0.9483, Intrinsic: 0.0182, Epsilon: 0.077
2026-03-28 22:55:51 | INFO | Episode  467 - Reward: 10.000, Length: 10, Loss: 0.9547, Intrinsic: 0.0180, Epsilon: 0.075
