2026-04-01 11:07:13 | INFO | ============================================================
2026-04-01 11:07:13 | INFO | DEVICE / COMPUTE INFORMATION
2026-04-01 11:07:13 | INFO |   JAX backend       : CPU
2026-04-01 11:07:13 | INFO |   Platform          : cpu
2026-04-01 11:07:13 | INFO |   Num devices       : 1
2026-04-01 11:07:13 | INFO |   Device            : TFRT_CPU_0
2026-04-01 11:07:13 | INFO | ============================================================
2026-04-01 11:07:13 | INFO | DQN+RND | seed=6, lr=0.0005, gamma=0.99, beta=1.0
2026-04-01 11:07:13 | INFO | Env: mountaincar/dense, obs_dim=2, num_actions=3
2026-04-01 11:07:46 | INFO | [Episode  100] eps=0.901  avg_reward=-200.000  avg_length=200.00  avg_loss=  0.9497  avg_intrinsic=0.0003  eval_success=0.000
2026-04-01 11:08:19 | INFO | [Episode  200] eps=0.802  avg_reward=-200.000  avg_length=200.00  avg_loss=  0.9450  avg_intrinsic=0.0003  eval_success=0.000
2026-04-01 11:08:51 | INFO | [Episode  300] eps=0.703  avg_reward=-200.000  avg_length=200.00  avg_loss=  0.9460  avg_intrinsic=0.0003  eval_success=0.000
2026-04-01 11:09:25 | INFO | [Episode  400] eps=0.604  avg_reward=-200.000  avg_length=200.00  avg_loss=  0.9410  avg_intrinsic=0.0003  eval_success=0.000
2026-04-01 11:09:59 | INFO | [Episode  500] eps=0.505  avg_reward=-200.000  avg_length=200.00  avg_loss=  0.9091  avg_intrinsic=0.0002  eval_success=0.000
2026-04-01 11:10:33 | INFO | [Episode  600] eps=0.406  avg_reward=-200.000  avg_length=200.00  avg_loss=  0.8201  avg_intrinsic=0.0003  eval_success=0.000
2026-04-01 11:11:09 | INFO | [Episode  700] eps=0.307  avg_reward=-200.000  avg_length=200.00  avg_loss=  0.7061  avg_intrinsic=0.0002  eval_success=0.000
2026-04-01 11:11:43 | INFO | [Episode  800] eps=0.208  avg_reward=-200.000  avg_length=200.00  avg_loss=  0.9966  avg_intrinsic=0.0001  eval_success=0.000
2026-04-01 11:12:21 | INFO | [Episode  900] eps=0.109  avg_reward=-200.000  avg_length=200.00  avg_loss=  3.7641  avg_intrinsic=0.0002  eval_success=0.000
2026-04-01 11:12:59 | INFO | [Episode 1000] eps=0.010  avg_reward=-200.000  avg_length=200.00  avg_loss=  8.7256  avg_intrinsic=0.0003  eval_success=0.000
2026-04-01 11:13:00 | INFO | DQN+RND training: 6m 5.79s
2026-04-01 11:13:19 | INFO | [Final Eval] success=0.000, mean_reward=-200.000
