2026-04-01 01:07:01 | INFO | ============================================================
2026-04-01 01:07:01 | INFO | DEVICE / COMPUTE INFORMATION
2026-04-01 01:07:01 | INFO |   JAX backend       : CPU
2026-04-01 01:07:01 | INFO |   Platform          : cpu
2026-04-01 01:07:01 | INFO |   Num devices       : 1
2026-04-01 01:07:01 | INFO |   Device            : TFRT_CPU_0
2026-04-01 01:07:01 | INFO | ============================================================
2026-04-01 01:07:01 | INFO | DQN+RND | seed=4, lr=0.01, gamma=0.95, beta=1.0
2026-04-01 01:07:01 | INFO | Env: cartpole/dense, obs_dim=4, num_actions=2
2026-04-01 01:07:33 | INFO | [Episode  100] eps=0.901  avg_reward=  22.930  avg_length= 22.93  avg_loss=  0.2829  avg_intrinsic=0.0010  eval_success=0.000
2026-04-01 01:08:03 | INFO | [Episode  200] eps=0.802  avg_reward=  26.390  avg_length= 26.39  avg_loss=  0.8329  avg_intrinsic=0.0032  eval_success=0.000
2026-04-01 01:08:36 | INFO | [Episode  300] eps=0.703  avg_reward=  38.760  avg_length= 38.76  avg_loss=  1.5023  avg_intrinsic=0.0014  eval_success=0.000
2026-04-01 01:09:11 | INFO | [Episode  400] eps=0.604  avg_reward=  48.130  avg_length= 48.13  avg_loss=  2.2471  avg_intrinsic=0.0019  eval_success=1.000
2026-04-01 01:09:47 | INFO | [Episode  500] eps=0.505  avg_reward=  83.880  avg_length= 83.88  avg_loss=  8.4922  avg_intrinsic=0.0032  eval_success=0.000
2026-04-01 01:10:22 | INFO | [Episode  600] eps=0.406  avg_reward= 124.160  avg_length=124.16  avg_loss=  5.8619  avg_intrinsic=0.0025  eval_success=1.000
2026-04-01 01:11:00 | INFO | [Episode  700] eps=0.307  avg_reward= 165.270  avg_length=165.27  avg_loss=  2.8333  avg_intrinsic=0.0021  eval_success=0.800
2026-04-01 01:11:38 | INFO | [Episode  800] eps=0.208  avg_reward= 186.580  avg_length=186.58  avg_loss=  0.6642  avg_intrinsic=0.0003  eval_success=0.800
2026-04-01 01:12:15 | INFO | [Episode  900] eps=0.109  avg_reward= 190.400  avg_length=190.40  avg_loss=  0.2477  avg_intrinsic=0.0012  eval_success=0.500
2026-04-01 01:12:55 | INFO | [Episode 1000] eps=0.010  avg_reward= 187.240  avg_length=187.24  avg_loss=  0.2069  avg_intrinsic=0.0019  eval_success=0.000
2026-04-01 01:12:55 | INFO | DQN+RND training: 6m 10.43s
2026-04-01 01:13:18 | INFO | [Final Eval] success=0.210, mean_reward=183.470
