2026-04-01 03:17:06 | INFO | ============================================================
2026-04-01 03:17:06 | INFO | DEVICE / COMPUTE INFORMATION
2026-04-01 03:17:06 | INFO |   JAX backend       : CPU
2026-04-01 03:17:06 | INFO |   Platform          : cpu
2026-04-01 03:17:06 | INFO |   Num devices       : 1
2026-04-01 03:17:06 | INFO |   Device            : TFRT_CPU_0
2026-04-01 03:17:06 | INFO | ============================================================
2026-04-01 03:17:06 | INFO | DQN+RND | seed=8, lr=0.001, gamma=0.95, beta=1.0
2026-04-01 03:17:06 | INFO | Env: cartpole/dense, obs_dim=4, num_actions=2
2026-04-01 03:17:39 | INFO | [Episode  100] eps=0.901  avg_reward=  23.180  avg_length= 23.18  avg_loss=  0.8563  avg_intrinsic=0.0112  eval_success=0.000
2026-04-01 03:18:10 | INFO | [Episode  200] eps=0.802  avg_reward=  21.070  avg_length= 21.07  avg_loss=  0.8371  avg_intrinsic=0.0246  eval_success=0.000
2026-04-01 03:18:41 | INFO | [Episode  300] eps=0.703  avg_reward=  17.730  avg_length= 17.73  avg_loss=  0.7740  avg_intrinsic=0.0196  eval_success=0.000
2026-04-01 03:19:13 | INFO | [Episode  400] eps=0.604  avg_reward=  15.950  avg_length= 15.95  avg_loss=  0.9862  avg_intrinsic=0.0033  eval_success=0.000
2026-04-01 03:19:46 | INFO | [Episode  500] eps=0.505  avg_reward=  14.800  avg_length= 14.80  avg_loss=  1.6061  avg_intrinsic=0.0135  eval_success=0.000
2026-04-01 03:20:19 | INFO | [Episode  600] eps=0.406  avg_reward=  19.850  avg_length= 19.85  avg_loss=  2.1170  avg_intrinsic=0.0136  eval_success=0.000
2026-04-01 03:20:52 | INFO | [Episode  700] eps=0.307  avg_reward=  11.640  avg_length= 11.64  avg_loss=  2.7587  avg_intrinsic=0.0180  eval_success=0.000
2026-04-01 03:21:26 | INFO | [Episode  800] eps=0.208  avg_reward=  11.220  avg_length= 11.22  avg_loss=  3.4876  avg_intrinsic=0.0095  eval_success=0.000
2026-04-01 03:22:02 | INFO | [Episode  900] eps=0.109  avg_reward=  23.700  avg_length= 23.70  avg_loss=  3.5496  avg_intrinsic=0.0003  eval_success=0.000
2026-04-01 03:22:41 | INFO | [Episode 1000] eps=0.010  avg_reward=  50.940  avg_length= 50.94  avg_loss=  3.4759  avg_intrinsic=0.0006  eval_success=0.000
2026-04-01 03:22:41 | INFO | DQN+RND training: 5m 54.27s
2026-04-01 03:22:47 | INFO | [Final Eval] success=0.000, mean_reward=49.430
