2026-04-01 06:23:16 | INFO | ============================================================
2026-04-01 06:23:16 | INFO | DEVICE / COMPUTE INFORMATION
2026-04-01 06:23:16 | INFO |   JAX backend       : CPU
2026-04-01 06:23:16 | INFO |   Platform          : cpu
2026-04-01 06:23:16 | INFO |   Num devices       : 1
2026-04-01 06:23:16 | INFO |   Device            : TFRT_CPU_0
2026-04-01 06:23:16 | INFO | ============================================================
2026-04-01 06:23:16 | INFO | DQN+RND | seed=3, lr=0.01, gamma=0.95, beta=0.1
2026-04-01 06:23:16 | INFO | Env: cartpole/sparse, obs_dim=4, num_actions=2
2026-04-01 06:23:49 | INFO | [Episode  100] eps=0.901  avg_reward=   1.000  avg_length= 22.63  avg_loss=  0.0355  avg_intrinsic=0.0082  eval_success=0.000
2026-04-01 06:24:20 | INFO | [Episode  200] eps=0.802  avg_reward=   1.000  avg_length= 19.82  avg_loss=  0.0263  avg_intrinsic=0.0215  eval_success=0.000
2026-04-01 06:24:51 | INFO | [Episode  300] eps=0.703  avg_reward=   1.000  avg_length= 18.43  avg_loss=  0.0192  avg_intrinsic=0.0185  eval_success=0.000
2026-04-01 06:25:22 | INFO | [Episode  400] eps=0.604  avg_reward=   1.000  avg_length= 14.75  avg_loss=  0.0137  avg_intrinsic=0.0129  eval_success=0.000
2026-04-01 06:25:55 | INFO | [Episode  500] eps=0.505  avg_reward=   1.000  avg_length= 13.98  avg_loss=  0.0085  avg_intrinsic=0.0162  eval_success=0.000
2026-04-01 06:26:28 | INFO | [Episode  600] eps=0.406  avg_reward=   1.000  avg_length= 12.77  avg_loss=  0.0048  avg_intrinsic=0.0241  eval_success=0.000
2026-04-01 06:27:01 | INFO | [Episode  700] eps=0.307  avg_reward=   1.000  avg_length= 11.70  avg_loss=  0.0029  avg_intrinsic=0.0113  eval_success=0.000
2026-04-01 06:27:36 | INFO | [Episode  800] eps=0.208  avg_reward=   1.000  avg_length= 10.88  avg_loss=  0.0022  avg_intrinsic=0.0102  eval_success=0.000
2026-04-01 06:28:11 | INFO | [Episode  900] eps=0.109  avg_reward=   1.000  avg_length= 10.12  avg_loss=  0.0017  avg_intrinsic=0.0217  eval_success=0.000
2026-04-01 06:28:48 | INFO | [Episode 1000] eps=0.010  avg_reward=   1.000  avg_length=  9.68  avg_loss=  0.0015  avg_intrinsic=0.0260  eval_success=0.000
2026-04-01 06:28:48 | INFO | DQN+RND training: 5m 50.37s
2026-04-01 06:28:48 | INFO | [Final Eval] success=0.000, mean_reward=1.000
