2026-04-01 00:08:03 | INFO | ============================================================
2026-04-01 00:08:03 | INFO | DEVICE / COMPUTE INFORMATION
2026-04-01 00:08:03 | INFO |   JAX backend       : CPU
2026-04-01 00:08:03 | INFO |   Platform          : cpu
2026-04-01 00:08:03 | INFO |   Num devices       : 1
2026-04-01 00:08:03 | INFO |   Device            : TFRT_CPU_0
2026-04-01 00:08:03 | INFO | ============================================================
2026-04-01 00:08:03 | INFO | DQN+RND | seed=5, lr=0.001, gamma=0.99, beta=1.0
2026-04-01 00:08:03 | INFO | Env: cartpole/dense, obs_dim=4, num_actions=2
2026-04-01 00:08:37 | INFO | [Episode  100] eps=0.901  avg_reward=  24.390  avg_length= 24.39  avg_loss=  0.8824  avg_intrinsic=0.0040  eval_success=0.000
2026-04-01 00:09:09 | INFO | [Episode  200] eps=0.802  avg_reward=  19.070  avg_length= 19.07  avg_loss=  0.8344  avg_intrinsic=0.0069  eval_success=0.000
2026-04-01 00:09:41 | INFO | [Episode  300] eps=0.703  avg_reward=  19.450  avg_length= 19.45  avg_loss=  0.8526  avg_intrinsic=0.0139  eval_success=0.000
2026-04-01 00:10:14 | INFO | [Episode  400] eps=0.604  avg_reward=  16.380  avg_length= 16.38  avg_loss=  1.4717  avg_intrinsic=0.0043  eval_success=0.000
2026-04-01 00:10:47 | INFO | [Episode  500] eps=0.505  avg_reward=  18.300  avg_length= 18.30  avg_loss=  2.4401  avg_intrinsic=0.0041  eval_success=0.000
2026-04-01 00:11:21 | INFO | [Episode  600] eps=0.406  avg_reward=  14.090  avg_length= 14.09  avg_loss=  3.4314  avg_intrinsic=0.0257  eval_success=0.000
2026-04-01 00:11:56 | INFO | [Episode  700] eps=0.307  avg_reward=  11.700  avg_length= 11.70  avg_loss=  4.9691  avg_intrinsic=0.0130  eval_success=0.000
2026-04-01 00:12:32 | INFO | [Episode  800] eps=0.208  avg_reward=  11.180  avg_length= 11.18  avg_loss=  5.0202  avg_intrinsic=0.0166  eval_success=0.000
2026-04-01 00:13:09 | INFO | [Episode  900] eps=0.109  avg_reward=  46.370  avg_length= 46.37  avg_loss=  5.0044  avg_intrinsic=0.0016  eval_success=0.000
2026-04-01 00:13:48 | INFO | [Episode 1000] eps=0.010  avg_reward=  54.470  avg_length= 54.47  avg_loss=  6.3769  avg_intrinsic=0.0012  eval_success=0.000
2026-04-01 00:13:48 | INFO | DQN+RND training: 6m 1.60s
2026-04-01 00:13:55 | INFO | [Final Eval] success=0.000, mean_reward=56.450
