2026-04-01 11:58:24 | INFO | ============================================================
2026-04-01 11:58:24 | INFO | DEVICE / COMPUTE INFORMATION
2026-04-01 11:58:24 | INFO |   JAX backend       : CPU
2026-04-01 11:58:24 | INFO |   Platform          : cpu
2026-04-01 11:58:24 | INFO |   Num devices       : 1
2026-04-01 11:58:24 | INFO |   Device            : TFRT_CPU_0
2026-04-01 11:58:24 | INFO | ============================================================
2026-04-01 11:58:24 | INFO | DQN+RND | seed=2, lr=0.001, gamma=0.99, beta=1.0
2026-04-01 11:58:24 | INFO | Env: mountaincar/dense, obs_dim=2, num_actions=3
2026-04-01 11:58:57 | INFO | [Episode  100] eps=0.901  avg_reward=-200.000  avg_length=200.00  avg_loss=  0.9657  avg_intrinsic=0.0004  eval_success=0.000
2026-04-01 11:59:27 | INFO | [Episode  200] eps=0.802  avg_reward=-200.000  avg_length=200.00  avg_loss=  0.9624  avg_intrinsic=0.0003  eval_success=0.000
2026-04-01 11:59:59 | INFO | [Episode  300] eps=0.703  avg_reward=-200.000  avg_length=200.00  avg_loss=  0.9126  avg_intrinsic=0.0005  eval_success=0.000
2026-04-01 12:00:32 | INFO | [Episode  400] eps=0.604  avg_reward=-200.000  avg_length=200.00  avg_loss=  0.8449  avg_intrinsic=0.0004  eval_success=0.000
2026-04-01 12:01:05 | INFO | [Episode  500] eps=0.505  avg_reward=-200.000  avg_length=200.00  avg_loss=  2.7925  avg_intrinsic=0.0003  eval_success=0.000
2026-04-01 12:01:40 | INFO | [Episode  600] eps=0.406  avg_reward=-200.000  avg_length=200.00  avg_loss=  8.4364  avg_intrinsic=0.0002  eval_success=0.000
2026-04-01 12:02:16 | INFO | [Episode  700] eps=0.307  avg_reward=-200.000  avg_length=200.00  avg_loss= 10.7103  avg_intrinsic=0.0003  eval_success=0.000
2026-04-01 12:02:52 | INFO | [Episode  800] eps=0.208  avg_reward=-200.000  avg_length=200.00  avg_loss= 13.7233  avg_intrinsic=0.0001  eval_success=0.000
2026-04-01 12:03:30 | INFO | [Episode  900] eps=0.109  avg_reward=-200.000  avg_length=200.00  avg_loss= 13.4076  avg_intrinsic=0.0004  eval_success=0.000
2026-04-01 12:04:07 | INFO | [Episode 1000] eps=0.010  avg_reward=-200.000  avg_length=200.00  avg_loss= 14.3506  avg_intrinsic=0.0002  eval_success=0.000
2026-04-01 12:04:07 | INFO | DQN+RND training: 6m 3.88s
2026-04-01 12:04:27 | INFO | [Final Eval] success=0.000, mean_reward=-200.000
