2026-04-01 09:19:11 | INFO | ============================================================
2026-04-01 09:19:11 | INFO | DEVICE / COMPUTE INFORMATION
2026-04-01 09:19:11 | INFO |   JAX backend       : CPU
2026-04-01 09:19:11 | INFO |   Platform          : cpu
2026-04-01 09:19:11 | INFO |   Num devices       : 1
2026-04-01 09:19:11 | INFO |   Device            : TFRT_CPU_0
2026-04-01 09:19:11 | INFO | ============================================================
2026-04-01 09:19:11 | INFO | DQN+RND | seed=3, lr=0.01, gamma=0.99, beta=0.1
2026-04-01 09:19:11 | INFO | Env: mountaincar/dense, obs_dim=2, num_actions=3
2026-04-01 09:19:44 | INFO | [Episode  100] eps=0.901  avg_reward=-200.000  avg_length=200.00  avg_loss=  0.9949  avg_intrinsic=0.0004  eval_success=0.000
2026-04-01 09:20:17 | INFO | [Episode  200] eps=0.802  avg_reward=-200.000  avg_length=200.00  avg_loss=  2.1228  avg_intrinsic=0.0004  eval_success=0.000
2026-04-01 09:20:49 | INFO | [Episode  300] eps=0.703  avg_reward=-200.000  avg_length=200.00  avg_loss=  2.5155  avg_intrinsic=0.0003  eval_success=0.000
2026-04-01 09:21:23 | INFO | [Episode  400] eps=0.604  avg_reward=-200.000  avg_length=200.00  avg_loss=  2.1996  avg_intrinsic=0.0003  eval_success=0.000
2026-04-01 09:21:57 | INFO | [Episode  500] eps=0.505  avg_reward=-200.000  avg_length=200.00  avg_loss=  3.5625  avg_intrinsic=0.0004  eval_success=0.000
2026-04-01 09:22:31 | INFO | [Episode  600] eps=0.406  avg_reward=-200.000  avg_length=200.00  avg_loss=  2.8388  avg_intrinsic=0.0002  eval_success=0.000
2026-04-01 09:23:07 | INFO | [Episode  700] eps=0.307  avg_reward=-200.000  avg_length=200.00  avg_loss=  3.0423  avg_intrinsic=0.0001  eval_success=0.000
2026-04-01 09:23:43 | INFO | [Episode  800] eps=0.208  avg_reward=-200.000  avg_length=200.00  avg_loss=  2.9174  avg_intrinsic=0.0001  eval_success=0.000
2026-04-01 09:24:19 | INFO | [Episode  900] eps=0.109  avg_reward=-200.000  avg_length=200.00  avg_loss=  4.8089  avg_intrinsic=0.0001  eval_success=0.000
2026-04-01 09:24:57 | INFO | [Episode 1000] eps=0.010  avg_reward=-200.000  avg_length=200.00  avg_loss= 10.5433  avg_intrinsic=0.0002  eval_success=0.000
2026-04-01 09:24:57 | INFO | DQN+RND training: 6m 4.35s
2026-04-01 09:25:17 | INFO | [Final Eval] success=0.000, mean_reward=-200.000
