2026-04-01 05:42:48 | INFO | ============================================================
2026-04-01 05:42:48 | INFO | DEVICE / COMPUTE INFORMATION
2026-04-01 05:42:48 | INFO |   JAX backend       : CPU
2026-04-01 05:42:48 | INFO |   Platform          : cpu
2026-04-01 05:42:48 | INFO |   Num devices       : 1
2026-04-01 05:42:48 | INFO |   Device            : TFRT_CPU_0
2026-04-01 05:42:48 | INFO | ============================================================
2026-04-01 05:42:48 | INFO | DQN+RND | seed=8, lr=0.001, gamma=0.99, beta=0.1
2026-04-01 05:42:48 | INFO | Env: cartpole/sparse, obs_dim=4, num_actions=2
2026-04-01 05:43:22 | INFO | [Episode  100] eps=0.901  avg_reward=   1.000  avg_length= 22.52  avg_loss=  0.0400  avg_intrinsic=0.0021  eval_success=0.000
2026-04-01 05:43:54 | INFO | [Episode  200] eps=0.802  avg_reward=   1.000  avg_length= 26.31  avg_loss=  0.0384  avg_intrinsic=0.0064  eval_success=0.000
2026-04-01 05:44:26 | INFO | [Episode  300] eps=0.703  avg_reward=   1.000  avg_length= 25.30  avg_loss=  0.0350  avg_intrinsic=0.0074  eval_success=0.000
2026-04-01 05:44:57 | INFO | [Episode  400] eps=0.604  avg_reward=   1.000  avg_length= 23.88  avg_loss=  0.0336  avg_intrinsic=0.0033  eval_success=0.000
2026-04-01 05:45:30 | INFO | [Episode  500] eps=0.505  avg_reward=   1.000  avg_length= 23.04  avg_loss=  0.0316  avg_intrinsic=0.0023  eval_success=0.000
2026-04-01 05:46:03 | INFO | [Episode  600] eps=0.406  avg_reward=   1.000  avg_length= 19.77  avg_loss=  0.0311  avg_intrinsic=0.0061  eval_success=0.000
2026-04-01 05:46:38 | INFO | [Episode  700] eps=0.307  avg_reward=   1.000  avg_length= 18.35  avg_loss=  0.0290  avg_intrinsic=0.0056  eval_success=0.000
2026-04-01 05:47:11 | INFO | [Episode  800] eps=0.208  avg_reward=   1.000  avg_length= 15.95  avg_loss=  0.0284  avg_intrinsic=0.0057  eval_success=0.000
2026-04-01 05:47:47 | INFO | [Episode  900] eps=0.109  avg_reward=   1.000  avg_length= 14.32  avg_loss=  0.0279  avg_intrinsic=0.0052  eval_success=0.000
2026-04-01 05:48:25 | INFO | [Episode 1000] eps=0.010  avg_reward=   1.000  avg_length= 13.08  avg_loss=  0.0275  avg_intrinsic=0.0120  eval_success=0.000
2026-04-01 05:48:25 | INFO | DQN+RND training: 5m 56.40s
2026-04-01 05:48:27 | INFO | [Final Eval] success=0.000, mean_reward=1.000
