2026-04-01 07:27:00 | INFO | ============================================================
2026-04-01 07:27:00 | INFO | DEVICE / COMPUTE INFORMATION
2026-04-01 07:27:00 | INFO |   JAX backend       : CPU
2026-04-01 07:27:00 | INFO |   Platform          : cpu
2026-04-01 07:27:00 | INFO |   Num devices       : 1
2026-04-01 07:27:00 | INFO |   Device            : TFRT_CPU_0
2026-04-01 07:27:00 | INFO | ============================================================
2026-04-01 07:27:00 | INFO | DQN+RND | seed=5, lr=0.0005, gamma=0.95, beta=0.1
2026-04-01 07:27:00 | INFO | Env: cartpole/sparse, obs_dim=4, num_actions=2
2026-04-01 07:27:33 | INFO | [Episode  100] eps=0.901  avg_reward=   1.000  avg_length= 26.25  avg_loss=  0.0427  avg_intrinsic=0.0021  eval_success=0.000
2026-04-01 07:28:06 | INFO | [Episode  200] eps=0.802  avg_reward=   1.000  avg_length= 26.52  avg_loss=  0.0393  avg_intrinsic=0.0081  eval_success=0.000
2026-04-01 07:28:39 | INFO | [Episode  300] eps=0.703  avg_reward=   1.000  avg_length= 34.73  avg_loss=  0.0369  avg_intrinsic=0.0107  eval_success=0.000
2026-04-01 07:29:11 | INFO | [Episode  400] eps=0.604  avg_reward=   1.000  avg_length= 42.54  avg_loss=  0.0297  avg_intrinsic=0.0003  eval_success=0.000
2026-04-01 07:29:44 | INFO | [Episode  500] eps=0.505  avg_reward=   1.000  avg_length= 39.83  avg_loss=  0.0275  avg_intrinsic=0.0008  eval_success=0.000
2026-04-01 07:30:18 | INFO | [Episode  600] eps=0.406  avg_reward=   1.000  avg_length= 52.23  avg_loss=  0.0257  avg_intrinsic=0.0007  eval_success=0.000
2026-04-01 07:30:53 | INFO | [Episode  700] eps=0.307  avg_reward=   1.000  avg_length= 44.90  avg_loss=  0.0232  avg_intrinsic=0.0017  eval_success=0.000
2026-04-01 07:31:28 | INFO | [Episode  800] eps=0.208  avg_reward=   1.000  avg_length= 54.35  avg_loss=  0.0205  avg_intrinsic=0.0008  eval_success=0.000
2026-04-01 07:32:05 | INFO | [Episode  900] eps=0.109  avg_reward=   1.000  avg_length= 57.92  avg_loss=  0.0181  avg_intrinsic=0.0026  eval_success=0.000
2026-04-01 07:32:45 | INFO | [Episode 1000] eps=0.010  avg_reward=   1.000  avg_length= 62.49  avg_loss=  0.0161  avg_intrinsic=0.0006  eval_success=0.000
2026-04-01 07:32:45 | INFO | DQN+RND training: 6m 4.37s
2026-04-01 07:32:52 | INFO | [Final Eval] success=0.000, mean_reward=1.000
