2026-04-02 02:49:07 | INFO | ============================================================
2026-04-02 02:49:07 | INFO | DEVICE / COMPUTE INFORMATION
2026-04-02 02:49:07 | INFO |   JAX backend       : CPU
2026-04-02 02:49:07 | INFO |   Platform          : cpu
2026-04-02 02:49:07 | INFO |   Num devices       : 1
2026-04-02 02:49:07 | INFO |   Device            : TFRT_CPU_0
2026-04-02 02:49:07 | INFO | ============================================================
2026-04-02 02:49:07 | INFO | DQN+RND | seed=3, lr=0.0005, gamma=0.95, beta=0.1
2026-04-02 02:49:07 | INFO | Env: mountaincar/sparse, obs_dim=2, num_actions=3
2026-04-02 02:49:42 | INFO | [Episode  100] eps=0.901  avg_reward=  -1.000  avg_length=200.00  avg_loss=  0.0053  avg_intrinsic=0.0004  eval_success=0.000
2026-04-02 02:50:21 | INFO | [Episode  200] eps=0.802  avg_reward=  -1.000  avg_length=200.00  avg_loss=  0.0050  avg_intrinsic=0.0004  eval_success=0.000
2026-04-02 02:51:04 | INFO | [Episode  300] eps=0.703  avg_reward=  -1.000  avg_length=200.00  avg_loss=  0.0052  avg_intrinsic=0.0003  eval_success=0.000
2026-04-02 02:51:39 | INFO | [Episode  400] eps=0.604  avg_reward=  -1.000  avg_length=200.00  avg_loss=  0.0053  avg_intrinsic=0.0003  eval_success=0.000
2026-04-02 02:52:14 | INFO | [Episode  500] eps=0.505  avg_reward=  -1.000  avg_length=200.00  avg_loss=  0.0049  avg_intrinsic=0.0003  eval_success=0.000
2026-04-02 02:52:51 | INFO | [Episode  600] eps=0.406  avg_reward=  -1.000  avg_length=200.00  avg_loss=  0.0052  avg_intrinsic=0.0003  eval_success=0.000
2026-04-02 02:53:39 | INFO | [Episode  700] eps=0.307  avg_reward=  -1.000  avg_length=200.00  avg_loss=  0.0050  avg_intrinsic=0.0003  eval_success=0.000
2026-04-02 02:54:18 | INFO | [Episode  800] eps=0.208  avg_reward=  -1.000  avg_length=200.00  avg_loss=  0.0051  avg_intrinsic=0.0003  eval_success=0.000
2026-04-02 02:54:57 | INFO | [Episode  900] eps=0.109  avg_reward=  -1.000  avg_length=200.00  avg_loss=  0.0050  avg_intrinsic=0.0001  eval_success=0.000
2026-04-02 02:55:45 | INFO | [Episode 1000] eps=0.010  avg_reward=  -1.000  avg_length=200.00  avg_loss=  0.0051  avg_intrinsic=0.0003  eval_success=0.000
2026-04-02 02:55:45 | INFO | DQN+RND training: 6m 38.70s
2026-04-02 02:56:12 | INFO | [Final Eval] success=0.000, mean_reward=-1.000
