2026-03-31 18:27:11 | INFO | ============================================================
2026-03-31 18:27:11 | INFO | DEVICE / COMPUTE INFORMATION
2026-03-31 18:27:11 | INFO |   JAX backend       : CPU
2026-03-31 18:27:11 | INFO |   Platform          : cpu
2026-03-31 18:27:11 | INFO |   Num devices       : 1
2026-03-31 18:27:11 | INFO |   Device            : TFRT_CPU_0
2026-03-31 18:27:11 | INFO | ============================================================
2026-03-31 18:27:11 | INFO | DQN+RND | seed=4, lr=0.01, gamma=0.99, beta=1.0
2026-03-31 18:27:11 | INFO | Env: cartpole/dense, obs_dim=4, num_actions=2
2026-03-31 18:27:45 | INFO | [Episode  100] eps=0.901  avg_reward=  22.930  avg_length= 22.93  avg_loss=  0.3101  avg_intrinsic=0.0010  eval_success=0.000
2026-03-31 18:28:19 | INFO | [Episode  200] eps=0.802  avg_reward=  25.450  avg_length= 25.45  avg_loss=  1.0839  avg_intrinsic=0.0006  eval_success=0.000
2026-03-31 18:28:54 | INFO | [Episode  300] eps=0.703  avg_reward=  40.110  avg_length= 40.11  avg_loss=  2.6408  avg_intrinsic=0.0010  eval_success=0.000
2026-03-31 18:29:29 | INFO | [Episode  400] eps=0.604  avg_reward=  55.010  avg_length= 55.01  avg_loss=  8.2311  avg_intrinsic=0.0019  eval_success=0.400
2026-03-31 18:30:07 | INFO | [Episode  500] eps=0.505  avg_reward=  76.230  avg_length= 76.23  avg_loss= 10.2298  avg_intrinsic=0.0030  eval_success=1.000
2026-03-31 18:30:46 | INFO | [Episode  600] eps=0.406  avg_reward= 106.360  avg_length=106.36  avg_loss= 14.5930  avg_intrinsic=0.0038  eval_success=1.000
2026-03-31 18:31:23 | INFO | [Episode  700] eps=0.307  avg_reward= 124.930  avg_length=124.93  avg_loss= 20.3867  avg_intrinsic=0.0008  eval_success=0.000
2026-03-31 18:32:02 | INFO | [Episode  800] eps=0.208  avg_reward= 127.270  avg_length=127.27  avg_loss= 23.0593  avg_intrinsic=0.0048  eval_success=0.000
2026-03-31 18:32:41 | INFO | [Episode  900] eps=0.109  avg_reward=  75.690  avg_length= 75.69  avg_loss= 37.9615  avg_intrinsic=0.0005  eval_success=0.000
2026-03-31 18:33:21 | INFO | [Episode 1000] eps=0.010  avg_reward=  61.330  avg_length= 61.33  avg_loss= 62.8373  avg_intrinsic=0.0043  eval_success=0.000
2026-03-31 18:33:21 | INFO | DQN+RND training: 6m 22.57s
2026-03-31 18:33:41 | INFO | [Final Eval] success=0.000, mean_reward=136.920
