2026-04-02 02:32:33 | INFO | ============================================================
2026-04-02 02:32:33 | INFO | DEVICE / COMPUTE INFORMATION
2026-04-02 02:32:33 | INFO |   JAX backend       : CPU
2026-04-02 02:32:33 | INFO |   Platform          : cpu
2026-04-02 02:32:33 | INFO |   Num devices       : 1
2026-04-02 02:32:33 | INFO |   Device            : TFRT_CPU_0
2026-04-02 02:32:33 | INFO | ============================================================
2026-04-02 02:32:33 | INFO | DQN+RND | seed=8, lr=0.01, gamma=0.95, beta=1.0
2026-04-02 02:32:33 | INFO | Env: mountaincar/sparse, obs_dim=2, num_actions=3
2026-04-02 02:33:08 | INFO | [Episode  100] eps=0.901  avg_reward=  -1.000  avg_length=200.00  avg_loss=  0.0045  avg_intrinsic=0.0008  eval_success=0.000
2026-04-02 02:33:44 | INFO | [Episode  200] eps=0.802  avg_reward=  -1.000  avg_length=200.00  avg_loss=  0.0049  avg_intrinsic=0.0008  eval_success=0.000
2026-04-02 02:34:29 | INFO | [Episode  300] eps=0.703  avg_reward=  -1.000  avg_length=200.00  avg_loss=  0.0051  avg_intrinsic=0.0007  eval_success=0.000
2026-04-02 02:35:06 | INFO | [Episode  400] eps=0.604  avg_reward=  -1.000  avg_length=200.00  avg_loss=  0.0048  avg_intrinsic=0.0008  eval_success=0.000
2026-04-02 02:35:41 | INFO | [Episode  500] eps=0.505  avg_reward=  -1.000  avg_length=200.00  avg_loss=  0.0050  avg_intrinsic=0.0005  eval_success=0.000
2026-04-02 02:36:17 | INFO | [Episode  600] eps=0.406  avg_reward=  -1.000  avg_length=200.00  avg_loss=  0.0048  avg_intrinsic=0.0007  eval_success=0.000
2026-04-02 02:37:05 | INFO | [Episode  700] eps=0.307  avg_reward=  -1.000  avg_length=200.00  avg_loss=  0.0049  avg_intrinsic=0.0003  eval_success=0.000
2026-04-02 02:37:45 | INFO | [Episode  800] eps=0.208  avg_reward=  -1.000  avg_length=200.00  avg_loss=  0.0048  avg_intrinsic=0.0003  eval_success=0.000
2026-04-02 02:38:24 | INFO | [Episode  900] eps=0.109  avg_reward=  -1.000  avg_length=200.00  avg_loss=  0.0041  avg_intrinsic=0.0003  eval_success=0.000
2026-04-02 02:39:12 | INFO | [Episode 1000] eps=0.010  avg_reward=  -1.000  avg_length=200.00  avg_loss=  0.0038  avg_intrinsic=0.0005  eval_success=0.000
2026-04-02 02:39:12 | INFO | DQN+RND training: 6m 38.96s
2026-04-02 02:39:39 | INFO | [Final Eval] success=0.000, mean_reward=-1.000
