2026-04-01 10:41:48 | INFO | ============================================================
2026-04-01 10:41:48 | INFO | DEVICE / COMPUTE INFORMATION
2026-04-01 10:41:48 | INFO |   JAX backend       : CPU
2026-04-01 10:41:48 | INFO |   Platform          : cpu
2026-04-01 10:41:48 | INFO |   Num devices       : 1
2026-04-01 10:41:48 | INFO |   Device            : TFRT_CPU_0
2026-04-01 10:41:48 | INFO | ============================================================
2026-04-01 10:41:48 | INFO | DQN+RND | seed=9, lr=0.0005, gamma=0.99, beta=0.1
2026-04-01 10:41:48 | INFO | Env: mountaincar/dense, obs_dim=2, num_actions=3
2026-04-01 10:42:21 | INFO | [Episode  100] eps=0.901  avg_reward=-200.000  avg_length=200.00  avg_loss=  0.9717  avg_intrinsic=0.0004  eval_success=0.000
2026-04-01 10:42:53 | INFO | [Episode  200] eps=0.802  avg_reward=-200.000  avg_length=200.00  avg_loss=  0.9608  avg_intrinsic=0.0004  eval_success=0.000
2026-04-01 10:43:26 | INFO | [Episode  300] eps=0.703  avg_reward=-200.000  avg_length=200.00  avg_loss=  0.9691  avg_intrinsic=0.0004  eval_success=0.000
2026-04-01 10:43:59 | INFO | [Episode  400] eps=0.604  avg_reward=-200.000  avg_length=200.00  avg_loss=  0.9587  avg_intrinsic=0.0003  eval_success=0.000
2026-04-01 10:44:32 | INFO | [Episode  500] eps=0.505  avg_reward=-200.000  avg_length=200.00  avg_loss=  0.9351  avg_intrinsic=0.0004  eval_success=0.000
2026-04-01 10:45:07 | INFO | [Episode  600] eps=0.406  avg_reward=-200.000  avg_length=200.00  avg_loss=  0.8964  avg_intrinsic=0.0002  eval_success=0.000
2026-04-01 10:45:42 | INFO | [Episode  700] eps=0.307  avg_reward=-200.000  avg_length=200.00  avg_loss=  0.8093  avg_intrinsic=0.0001  eval_success=0.000
2026-04-01 10:46:16 | INFO | [Episode  800] eps=0.208  avg_reward=-200.000  avg_length=200.00  avg_loss=  0.6895  avg_intrinsic=0.0004  eval_success=0.000
2026-04-01 10:46:53 | INFO | [Episode  900] eps=0.109  avg_reward=-200.000  avg_length=200.00  avg_loss=  0.9027  avg_intrinsic=0.0002  eval_success=0.000
2026-04-01 10:47:32 | INFO | [Episode 1000] eps=0.010  avg_reward=-200.000  avg_length=200.00  avg_loss=  2.8479  avg_intrinsic=0.0001  eval_success=0.000
2026-04-01 10:47:32 | INFO | DQN+RND training: 6m 2.51s
2026-04-01 10:47:51 | INFO | [Final Eval] success=0.000, mean_reward=-200.000
