2026-04-21 16:23:11 | INFO | ============================================================
2026-04-21 16:23:11 | INFO | DEVICE / COMPUTE INFORMATION
2026-04-21 16:23:11 | INFO |   JAX backend       : CPU
2026-04-21 16:23:11 | INFO |   Platform          : cpu
2026-04-21 16:23:11 | INFO |   Num devices       : 1
2026-04-21 16:23:11 | INFO |   Device            : TFRT_CPU_0
2026-04-21 16:23:11 | INFO | ============================================================
2026-04-21 16:23:11 | INFO | DQN+RND | seed=8, lr=0.001, gamma=0.99, beta=0.001
2026-04-21 16:23:11 | INFO | Env: mountaincar/sparse, obs_dim=2, num_actions=3
2026-04-21 16:23:43 | INFO | [Episode  100] eps=0.901  avg_reward=  -1.000  avg_length=200.00  avg_loss=  0.0049  avg_intrinsic=0.0008  eval_success=0.000
2026-04-21 16:24:13 | INFO | [Episode  200] eps=0.802  avg_reward=  -1.000  avg_length=200.00  avg_loss=  0.0050  avg_intrinsic=0.0007  eval_success=0.000
2026-04-21 16:24:49 | INFO | [Episode  300] eps=0.703  avg_reward=  -1.000  avg_length=200.00  avg_loss=  0.0054  avg_intrinsic=0.0005  eval_success=0.000
2026-04-21 16:25:27 | INFO | [Episode  400] eps=0.604  avg_reward=  -1.000  avg_length=200.00  avg_loss=  0.0050  avg_intrinsic=0.0004  eval_success=0.000
2026-04-21 16:26:00 | INFO | [Episode  500] eps=0.505  avg_reward=  -1.000  avg_length=200.00  avg_loss=  0.0050  avg_intrinsic=0.0005  eval_success=0.000
2026-04-21 16:26:33 | INFO | [Episode  600] eps=0.406  avg_reward=  -1.000  avg_length=200.00  avg_loss=  0.0048  avg_intrinsic=0.0005  eval_success=0.000
2026-04-21 16:27:06 | INFO | [Episode  700] eps=0.307  avg_reward=  -1.000  avg_length=200.00  avg_loss=  0.0051  avg_intrinsic=0.0002  eval_success=0.000
2026-04-21 16:27:47 | INFO | [Episode  800] eps=0.208  avg_reward=  -1.000  avg_length=200.00  avg_loss=  0.0048  avg_intrinsic=0.0004  eval_success=0.000
2026-04-21 16:28:29 | INFO | [Episode  900] eps=0.109  avg_reward=  -1.000  avg_length=200.00  avg_loss=  0.0047  avg_intrinsic=0.0001  eval_success=0.000
2026-04-21 16:29:04 | INFO | [Episode 1000] eps=0.010  avg_reward=  -1.000  avg_length=200.00  avg_loss=  0.0047  avg_intrinsic=0.0003  eval_success=0.000
2026-04-21 16:29:39 | INFO | [Episode 1100] eps=0.010  avg_reward=  -1.000  avg_length=200.00  avg_loss=  0.0048  avg_intrinsic=0.0003  eval_success=0.000
2026-04-21 16:30:16 | INFO | [Episode 1200] eps=0.010  avg_reward=  -1.000  avg_length=200.00  avg_loss=  0.0052  avg_intrinsic=0.0003  eval_success=0.000
2026-04-21 16:30:58 | INFO | [Episode 1300] eps=0.010  avg_reward=  -1.000  avg_length=200.00  avg_loss=  0.0046  avg_intrinsic=0.0002  eval_success=0.000
2026-04-21 16:31:41 | INFO | [Episode 1400] eps=0.010  avg_reward=  -1.000  avg_length=200.00  avg_loss=  0.0047  avg_intrinsic=0.0002  eval_success=0.000
2026-04-21 16:32:16 | INFO | [Episode 1500] eps=0.010  avg_reward=  -1.000  avg_length=200.00  avg_loss=  0.0048  avg_intrinsic=0.0002  eval_success=0.000
2026-04-21 16:32:53 | INFO | [Episode 1600] eps=0.010  avg_reward=  -1.000  avg_length=200.00  avg_loss=  0.0047  avg_intrinsic=0.0002  eval_success=0.000
2026-04-21 16:33:33 | INFO | [Episode 1700] eps=0.010  avg_reward=  -1.000  avg_length=200.00  avg_loss=  0.0048  avg_intrinsic=0.0002  eval_success=0.000
2026-04-21 16:34:15 | INFO | [Episode 1800] eps=0.010  avg_reward=  -1.000  avg_length=200.00  avg_loss=  0.0045  avg_intrinsic=0.0001  eval_success=0.000
2026-04-21 16:34:55 | INFO | [Episode 1900] eps=0.010  avg_reward=  -1.000  avg_length=200.00  avg_loss=  0.0044  avg_intrinsic=0.0000  eval_success=0.000
2026-04-21 16:35:31 | INFO | [Episode 2000] eps=0.010  avg_reward=  -1.000  avg_length=200.00  avg_loss=  0.0047  avg_intrinsic=0.0002  eval_success=0.000
2026-04-21 16:36:07 | INFO | [Episode 2100] eps=0.010  avg_reward=  -1.000  avg_length=200.00  avg_loss=  0.0042  avg_intrinsic=0.0002  eval_success=0.000
2026-04-21 16:36:53 | INFO | [Episode 2200] eps=0.010  avg_reward=  -1.000  avg_length=200.00  avg_loss=  0.0047  avg_intrinsic=0.0000  eval_success=0.000
2026-04-21 16:37:37 | INFO | [Episode 2300] eps=0.010  avg_reward=  -1.000  avg_length=200.00  avg_loss=  0.0043  avg_intrinsic=0.0000  eval_success=0.000
2026-04-21 16:38:15 | INFO | [Episode 2400] eps=0.010  avg_reward=  -1.000  avg_length=200.00  avg_loss=  0.0044  avg_intrinsic=0.0000  eval_success=0.000
2026-04-21 16:38:54 | INFO | [Episode 2500] eps=0.010  avg_reward=  -1.000  avg_length=200.00  avg_loss=  0.0043  avg_intrinsic=0.0001  eval_success=0.000
2026-04-21 16:39:33 | INFO | [Episode 2600] eps=0.010  avg_reward=  -1.000  avg_length=200.00  avg_loss=  0.0041  avg_intrinsic=0.0001  eval_success=0.000
2026-04-21 16:40:19 | INFO | [Episode 2700] eps=0.010  avg_reward=  -1.000  avg_length=200.00  avg_loss=  0.0044  avg_intrinsic=0.0000  eval_success=0.000
2026-04-21 16:41:02 | INFO | [Episode 2800] eps=0.010  avg_reward=  -1.000  avg_length=200.00  avg_loss=  0.0045  avg_intrinsic=0.0001  eval_success=0.000
2026-04-21 16:41:43 | INFO | [Episode 2900] eps=0.010  avg_reward=  -1.000  avg_length=200.00  avg_loss=  0.0042  avg_intrinsic=0.0001  eval_success=0.000
2026-04-21 16:42:26 | INFO | [Episode 3000] eps=0.010  avg_reward=  -1.000  avg_length=200.00  avg_loss=  0.0042  avg_intrinsic=0.0001  eval_success=0.000
2026-04-21 16:43:11 | INFO | [Episode 3100] eps=0.010  avg_reward=  -1.000  avg_length=200.00  avg_loss=  0.0044  avg_intrinsic=0.0001  eval_success=0.000
2026-04-21 16:43:53 | INFO | [Episode 3200] eps=0.010  avg_reward=  -1.000  avg_length=200.00  avg_loss=  0.0046  avg_intrinsic=0.0000  eval_success=0.000
2026-04-21 16:44:31 | INFO | [Episode 3300] eps=0.010  avg_reward=  -1.000  avg_length=200.00  avg_loss=  0.0042  avg_intrinsic=0.0000  eval_success=0.000
2026-04-21 16:45:10 | INFO | [Episode 3400] eps=0.010  avg_reward=  -1.000  avg_length=200.00  avg_loss=  0.0043  avg_intrinsic=0.0001  eval_success=0.000
2026-04-21 16:45:59 | INFO | [Episode 3500] eps=0.010  avg_reward=  -1.000  avg_length=200.00  avg_loss=  0.0041  avg_intrinsic=0.0001  eval_success=0.000
2026-04-21 16:46:45 | INFO | [Episode 3600] eps=0.010  avg_reward=  -1.000  avg_length=200.00  avg_loss=  0.0044  avg_intrinsic=0.0000  eval_success=0.000
2026-04-21 16:47:25 | INFO | [Episode 3700] eps=0.010  avg_reward=  -1.000  avg_length=200.00  avg_loss=  0.0040  avg_intrinsic=0.0000  eval_success=0.000
2026-04-21 16:48:07 | INFO | [Episode 3800] eps=0.010  avg_reward=  -1.000  avg_length=200.00  avg_loss=  0.0039  avg_intrinsic=0.0000  eval_success=0.000
2026-04-21 16:48:53 | INFO | [Episode 3900] eps=0.010  avg_reward=  -1.000  avg_length=200.00  avg_loss=  0.0040  avg_intrinsic=0.0001  eval_success=0.000
2026-04-21 16:49:36 | INFO | [Episode 4000] eps=0.010  avg_reward=  -1.000  avg_length=200.00  avg_loss=  0.0041  avg_intrinsic=0.0001  eval_success=0.000
2026-04-21 16:50:15 | INFO | [Episode 4100] eps=0.010  avg_reward=  -1.000  avg_length=200.00  avg_loss=  0.0041  avg_intrinsic=0.0000  eval_success=0.000
2026-04-21 16:50:57 | INFO | [Episode 4200] eps=0.010  avg_reward=  -1.000  avg_length=200.00  avg_loss=  0.0039  avg_intrinsic=0.0000  eval_success=0.000
2026-04-21 16:51:43 | INFO | [Episode 4300] eps=0.010  avg_reward=  -1.000  avg_length=200.00  avg_loss=  0.0039  avg_intrinsic=0.0000  eval_success=0.000
2026-04-21 16:52:31 | INFO | [Episode 4400] eps=0.010  avg_reward=  -1.000  avg_length=200.00  avg_loss=  0.0041  avg_intrinsic=0.0000  eval_success=0.000
2026-04-21 16:53:16 | INFO | [Episode 4500] eps=0.010  avg_reward=  -1.000  avg_length=200.00  avg_loss=  0.0041  avg_intrinsic=0.0001  eval_success=0.000
2026-04-21 16:53:56 | INFO | [Episode 4600] eps=0.010  avg_reward=  -1.000  avg_length=200.00  avg_loss=  0.0039  avg_intrinsic=0.0001  eval_success=0.000
2026-04-21 16:54:37 | INFO | [Episode 4700] eps=0.010  avg_reward=  -1.000  avg_length=200.00  avg_loss=  0.0035  avg_intrinsic=0.0000  eval_success=0.000
2026-04-21 16:55:25 | INFO | [Episode 4800] eps=0.010  avg_reward=  -1.000  avg_length=200.00  avg_loss=  0.0037  avg_intrinsic=0.0000  eval_success=0.000
2026-04-21 16:56:11 | INFO | [Episode 4900] eps=0.010  avg_reward=  -1.000  avg_length=200.00  avg_loss=  0.0037  avg_intrinsic=0.0000  eval_success=0.000
2026-04-21 16:56:50 | INFO | [Episode 5000] eps=0.010  avg_reward=  -1.000  avg_length=200.00  avg_loss=  0.0041  avg_intrinsic=0.0001  eval_success=0.000
2026-04-21 16:57:30 | INFO | [Episode 5100] eps=0.010  avg_reward=  -1.000  avg_length=200.00  avg_loss=  0.0036  avg_intrinsic=0.0001  eval_success=0.000
2026-04-21 16:58:16 | INFO | [Episode 5200] eps=0.010  avg_reward=  -1.000  avg_length=200.00  avg_loss=  0.0038  avg_intrinsic=0.0000  eval_success=0.000
2026-04-21 16:59:03 | INFO | [Episode 5300] eps=0.010  avg_reward=  -1.000  avg_length=200.00  avg_loss=  0.0039  avg_intrinsic=0.0000  eval_success=0.000
2026-04-21 16:59:45 | INFO | [Episode 5400] eps=0.010  avg_reward=  -1.000  avg_length=200.00  avg_loss=  0.0041  avg_intrinsic=0.0000  eval_success=0.000
2026-04-21 17:00:28 | INFO | [Episode 5500] eps=0.010  avg_reward=  -1.000  avg_length=200.00  avg_loss=  0.0037  avg_intrinsic=0.0000  eval_success=0.000
2026-04-21 17:01:08 | INFO | [Episode 5600] eps=0.010  avg_reward=  -1.000  avg_length=200.00  avg_loss=  0.0040  avg_intrinsic=0.0000  eval_success=0.000
2026-04-21 17:01:55 | INFO | [Episode 5700] eps=0.010  avg_reward=  -1.000  avg_length=200.00  avg_loss=  0.0038  avg_intrinsic=0.0001  eval_success=0.000
2026-04-21 17:02:42 | INFO | [Episode 5800] eps=0.010  avg_reward=  -1.000  avg_length=200.00  avg_loss=  0.0038  avg_intrinsic=0.0000  eval_success=0.000
2026-04-21 17:03:25 | INFO | [Episode 5900] eps=0.010  avg_reward=  -1.000  avg_length=200.00  avg_loss=  0.0037  avg_intrinsic=0.0000  eval_success=0.000
2026-04-21 17:04:13 | INFO | [Episode 6000] eps=0.010  avg_reward=  -1.000  avg_length=200.00  avg_loss=  0.0039  avg_intrinsic=0.0000  eval_success=0.000
2026-04-21 17:05:03 | INFO | [Episode 6100] eps=0.010  avg_reward=  -1.000  avg_length=200.00  avg_loss=  0.0036  avg_intrinsic=0.0000  eval_success=0.000
2026-04-21 17:05:55 | INFO | [Episode 6200] eps=0.010  avg_reward=  -1.000  avg_length=200.00  avg_loss=  0.0039  avg_intrinsic=0.0000  eval_success=0.000
2026-04-21 17:06:36 | INFO | [Episode 6300] eps=0.010  avg_reward=  -1.000  avg_length=200.00  avg_loss=  0.0035  avg_intrinsic=0.0000  eval_success=0.000
2026-04-21 17:07:18 | INFO | [Episode 6400] eps=0.010  avg_reward=  -1.000  avg_length=200.00  avg_loss=  0.0038  avg_intrinsic=0.0001  eval_success=0.000
2026-04-21 17:08:09 | INFO | [Episode 6500] eps=0.010  avg_reward=  -1.000  avg_length=200.00  avg_loss=  0.0037  avg_intrinsic=0.0000  eval_success=0.000
2026-04-21 17:09:00 | INFO | [Episode 6600] eps=0.010  avg_reward=  -1.000  avg_length=200.00  avg_loss=  0.0038  avg_intrinsic=0.0001  eval_success=0.000
2026-04-21 17:09:42 | INFO | [Episode 6700] eps=0.010  avg_reward=  -1.000  avg_length=200.00  avg_loss=  0.0038  avg_intrinsic=0.0000  eval_success=0.000
2026-04-21 17:10:25 | INFO | [Episode 6800] eps=0.010  avg_reward=  -1.000  avg_length=200.00  avg_loss=  0.0032  avg_intrinsic=0.0000  eval_success=0.000
2026-04-21 17:11:10 | INFO | [Episode 6900] eps=0.010  avg_reward=  -1.000  avg_length=200.00  avg_loss=  0.0036  avg_intrinsic=0.0001  eval_success=0.000
2026-04-21 17:12:00 | INFO | [Episode 7000] eps=0.010  avg_reward=  -1.000  avg_length=200.00  avg_loss=  0.0035  avg_intrinsic=0.0000  eval_success=0.000
2026-04-21 17:12:43 | INFO | [Episode 7100] eps=0.010  avg_reward=  -1.000  avg_length=200.00  avg_loss=  0.0037  avg_intrinsic=0.0000  eval_success=0.000
2026-04-21 17:13:26 | INFO | [Episode 7200] eps=0.010  avg_reward=  -1.000  avg_length=200.00  avg_loss=  0.0034  avg_intrinsic=0.0001  eval_success=0.000
2026-04-21 17:14:08 | INFO | [Episode 7300] eps=0.010  avg_reward=  -1.000  avg_length=200.00  avg_loss=  0.0038  avg_intrinsic=0.0000  eval_success=0.000
2026-04-21 17:14:59 | INFO | [Episode 7400] eps=0.010  avg_reward=  -1.000  avg_length=200.00  avg_loss=  0.0032  avg_intrinsic=0.0000  eval_success=0.000
2026-04-21 17:15:43 | INFO | [Episode 7500] eps=0.010  avg_reward=  -1.000  avg_length=200.00  avg_loss=  0.0034  avg_intrinsic=0.0000  eval_success=0.000
2026-04-21 17:16:25 | INFO | [Episode 7600] eps=0.010  avg_reward=  -1.000  avg_length=200.00  avg_loss=  0.0036  avg_intrinsic=0.0000  eval_success=0.000
2026-04-21 17:17:06 | INFO | [Episode 7700] eps=0.010  avg_reward=  -1.000  avg_length=200.00  avg_loss=  0.0036  avg_intrinsic=0.0001  eval_success=0.000
2026-04-21 17:17:47 | INFO | [Episode 7800] eps=0.010  avg_reward=  -1.000  avg_length=200.00  avg_loss=  0.0034  avg_intrinsic=0.0001  eval_success=0.000
2026-04-21 17:18:31 | INFO | [Episode 7900] eps=0.010  avg_reward=  -1.000  avg_length=200.00  avg_loss=  0.0034  avg_intrinsic=0.0000  eval_success=0.000
2026-04-21 17:19:14 | INFO | [Episode 8000] eps=0.010  avg_reward=  -1.000  avg_length=200.00  avg_loss=  0.0037  avg_intrinsic=0.0000  eval_success=0.000
2026-04-21 17:19:14 | INFO | DQN+RND training: 56m 2.35s
2026-04-21 17:19:38 | INFO | [Final Eval] success=0.000, mean_reward=-1.000
