2026-04-21 17:19:55 | INFO | ============================================================
2026-04-21 17:19:55 | INFO | DEVICE / COMPUTE INFORMATION
2026-04-21 17:19:55 | INFO |   JAX backend       : CPU
2026-04-21 17:19:55 | INFO |   Platform          : cpu
2026-04-21 17:19:55 | INFO |   Num devices       : 1
2026-04-21 17:19:55 | INFO |   Device            : TFRT_CPU_0
2026-04-21 17:19:55 | INFO | ============================================================
2026-04-21 17:19:55 | INFO | DQN+RND | seed=9, lr=0.001, gamma=0.99, beta=0.001
2026-04-21 17:19:55 | INFO | Env: mountaincar/sparse, obs_dim=2, num_actions=3
2026-04-21 17:20:47 | INFO | [Episode  100] eps=0.901  avg_reward=  -1.000  avg_length=200.00  avg_loss=  0.0051  avg_intrinsic=0.0003  eval_success=0.000
2026-04-21 17:21:27 | INFO | [Episode  200] eps=0.802  avg_reward=  -1.000  avg_length=200.00  avg_loss=  0.0050  avg_intrinsic=0.0003  eval_success=0.000
2026-04-21 17:22:00 | INFO | [Episode  300] eps=0.703  avg_reward=  -1.000  avg_length=200.00  avg_loss=  0.0051  avg_intrinsic=0.0003  eval_success=0.000
2026-04-21 17:22:42 | INFO | [Episode  400] eps=0.604  avg_reward=  -1.000  avg_length=200.00  avg_loss=  0.0048  avg_intrinsic=0.0002  eval_success=0.000
2026-04-21 17:23:31 | INFO | [Episode  500] eps=0.505  avg_reward=  -1.000  avg_length=200.00  avg_loss=  0.0050  avg_intrinsic=0.0001  eval_success=0.000
2026-04-21 17:24:10 | INFO | [Episode  600] eps=0.406  avg_reward=  -1.000  avg_length=200.00  avg_loss=  0.0049  avg_intrinsic=0.0002  eval_success=0.000
2026-04-21 17:24:49 | INFO | [Episode  700] eps=0.307  avg_reward=  -1.000  avg_length=200.00  avg_loss=  0.0052  avg_intrinsic=0.0002  eval_success=0.000
2026-04-21 17:25:42 | INFO | [Episode  800] eps=0.208  avg_reward=  -1.000  avg_length=200.00  avg_loss=  0.0048  avg_intrinsic=0.0001  eval_success=0.000
2026-04-21 17:26:28 | INFO | [Episode  900] eps=0.109  avg_reward=  -1.000  avg_length=200.00  avg_loss=  0.0052  avg_intrinsic=0.0001  eval_success=0.000
2026-04-21 17:27:08 | INFO | [Episode 1000] eps=0.010  avg_reward=  -1.000  avg_length=200.00  avg_loss=  0.0050  avg_intrinsic=0.0001  eval_success=0.000
2026-04-21 17:28:00 | INFO | [Episode 1100] eps=0.010  avg_reward=  -1.000  avg_length=200.00  avg_loss=  0.0048  avg_intrinsic=0.0001  eval_success=0.000
2026-04-21 17:28:41 | INFO | [Episode 1200] eps=0.010  avg_reward=  -1.000  avg_length=200.00  avg_loss=  0.0046  avg_intrinsic=0.0001  eval_success=0.000
2026-04-21 17:29:17 | INFO | [Episode 1300] eps=0.010  avg_reward=  -1.000  avg_length=200.00  avg_loss=  0.0047  avg_intrinsic=0.0000  eval_success=0.000
2026-04-21 17:29:54 | INFO | [Episode 1400] eps=0.010  avg_reward=  -1.000  avg_length=200.00  avg_loss=  0.0046  avg_intrinsic=0.0001  eval_success=0.000
2026-04-21 17:30:30 | INFO | [Episode 1500] eps=0.010  avg_reward=  -1.000  avg_length=200.00  avg_loss=  0.0047  avg_intrinsic=0.0001  eval_success=0.000
2026-04-21 17:31:12 | INFO | [Episode 1600] eps=0.010  avg_reward=  -1.000  avg_length=200.00  avg_loss=  0.0047  avg_intrinsic=0.0000  eval_success=0.000
2026-04-21 17:31:51 | INFO | [Episode 1700] eps=0.010  avg_reward=  -1.000  avg_length=200.00  avg_loss=  0.0045  avg_intrinsic=0.0000  eval_success=0.000
2026-04-21 17:32:29 | INFO | [Episode 1800] eps=0.010  avg_reward=  -1.000  avg_length=200.00  avg_loss=  0.0045  avg_intrinsic=0.0000  eval_success=0.000
2026-04-21 17:33:19 | INFO | [Episode 1900] eps=0.010  avg_reward=  -1.000  avg_length=200.00  avg_loss=  0.0046  avg_intrinsic=0.0000  eval_success=0.000
2026-04-21 17:34:13 | INFO | [Episode 2000] eps=0.010  avg_reward=  -1.000  avg_length=200.00  avg_loss=  0.0045  avg_intrinsic=0.0000  eval_success=0.000
2026-04-21 17:34:50 | INFO | [Episode 2100] eps=0.010  avg_reward=  -1.000  avg_length=200.00  avg_loss=  0.0046  avg_intrinsic=0.0001  eval_success=0.000
2026-04-21 17:35:29 | INFO | [Episode 2200] eps=0.010  avg_reward=  -1.000  avg_length=200.00  avg_loss=  0.0045  avg_intrinsic=0.0000  eval_success=0.000
2026-04-21 17:36:07 | INFO | [Episode 2300] eps=0.010  avg_reward=  -1.000  avg_length=200.00  avg_loss=  0.0046  avg_intrinsic=0.0000  eval_success=0.000
2026-04-21 17:36:45 | INFO | [Episode 2400] eps=0.010  avg_reward=  -1.000  avg_length=200.00  avg_loss=  0.0044  avg_intrinsic=0.0000  eval_success=0.000
2026-04-21 17:37:24 | INFO | [Episode 2500] eps=0.010  avg_reward=  -1.000  avg_length=200.00  avg_loss=  0.0044  avg_intrinsic=0.0001  eval_success=0.000
2026-04-21 17:38:02 | INFO | [Episode 2600] eps=0.010  avg_reward=  -1.000  avg_length=200.00  avg_loss=  0.0041  avg_intrinsic=0.0000  eval_success=0.000
2026-04-21 17:38:40 | INFO | [Episode 2700] eps=0.010  avg_reward=  -1.000  avg_length=200.00  avg_loss=  0.0043  avg_intrinsic=0.0000  eval_success=0.000
2026-04-21 17:39:18 | INFO | [Episode 2800] eps=0.010  avg_reward=  -1.000  avg_length=200.00  avg_loss=  0.0041  avg_intrinsic=0.0000  eval_success=0.000
2026-04-21 17:39:57 | INFO | [Episode 2900] eps=0.010  avg_reward=  -1.000  avg_length=200.00  avg_loss=  0.0041  avg_intrinsic=0.0000  eval_success=0.000
2026-04-21 17:40:35 | INFO | [Episode 3000] eps=0.010  avg_reward=  -1.000  avg_length=200.00  avg_loss=  0.0045  avg_intrinsic=0.0001  eval_success=0.000
2026-04-21 17:41:13 | INFO | [Episode 3100] eps=0.010  avg_reward=  -1.000  avg_length=200.00  avg_loss=  0.0040  avg_intrinsic=0.0000  eval_success=0.000
2026-04-21 17:41:53 | INFO | [Episode 3200] eps=0.010  avg_reward=  -1.000  avg_length=200.00  avg_loss=  0.0041  avg_intrinsic=0.0000  eval_success=0.000
2026-04-21 17:42:31 | INFO | [Episode 3300] eps=0.010  avg_reward=  -1.000  avg_length=200.00  avg_loss=  0.0043  avg_intrinsic=0.0000  eval_success=0.000
2026-04-21 17:43:09 | INFO | [Episode 3400] eps=0.010  avg_reward=  -1.000  avg_length=200.00  avg_loss=  0.0043  avg_intrinsic=0.0000  eval_success=0.000
2026-04-21 17:43:58 | INFO | [Episode 3500] eps=0.010  avg_reward=  -1.000  avg_length=200.00  avg_loss=  0.0042  avg_intrinsic=0.0000  eval_success=0.000
2026-04-21 17:44:43 | INFO | [Episode 3600] eps=0.010  avg_reward=  -1.000  avg_length=200.00  avg_loss=  0.0042  avg_intrinsic=0.0000  eval_success=0.000
2026-04-21 17:45:21 | INFO | [Episode 3700] eps=0.010  avg_reward=  -1.000  avg_length=200.00  avg_loss=  0.0043  avg_intrinsic=0.0000  eval_success=0.000
2026-04-21 17:46:02 | INFO | [Episode 3800] eps=0.010  avg_reward=  -1.000  avg_length=200.00  avg_loss=  0.0040  avg_intrinsic=0.0000  eval_success=0.000
2026-04-21 17:46:40 | INFO | [Episode 3900] eps=0.010  avg_reward=  -1.000  avg_length=200.00  avg_loss=  0.0042  avg_intrinsic=0.0000  eval_success=0.000
2026-04-21 17:47:18 | INFO | [Episode 4000] eps=0.010  avg_reward=  -1.000  avg_length=200.00  avg_loss=  0.0039  avg_intrinsic=0.0000  eval_success=0.000
2026-04-21 17:47:57 | INFO | [Episode 4100] eps=0.010  avg_reward=  -1.000  avg_length=200.00  avg_loss=  0.0041  avg_intrinsic=0.0000  eval_success=0.000
2026-04-21 17:48:39 | INFO | [Episode 4200] eps=0.010  avg_reward=  -1.000  avg_length=200.00  avg_loss=  0.0041  avg_intrinsic=0.0000  eval_success=0.000
2026-04-21 17:49:19 | INFO | [Episode 4300] eps=0.010  avg_reward=  -1.000  avg_length=200.00  avg_loss=  0.0040  avg_intrinsic=0.0000  eval_success=0.000
2026-04-21 17:49:59 | INFO | [Episode 4400] eps=0.010  avg_reward=  -1.000  avg_length=200.00  avg_loss=  0.0036  avg_intrinsic=0.0000  eval_success=0.000
2026-04-21 17:50:41 | INFO | [Episode 4500] eps=0.010  avg_reward=  -1.000  avg_length=200.00  avg_loss=  0.0039  avg_intrinsic=0.0000  eval_success=0.000
2026-04-21 17:51:21 | INFO | [Episode 4600] eps=0.010  avg_reward=  -1.000  avg_length=200.00  avg_loss=  0.0037  avg_intrinsic=0.0000  eval_success=0.000
2026-04-21 17:52:02 | INFO | [Episode 4700] eps=0.010  avg_reward=  -1.000  avg_length=200.00  avg_loss=  0.0041  avg_intrinsic=0.0000  eval_success=0.000
2026-04-21 17:52:47 | INFO | [Episode 4800] eps=0.010  avg_reward=  -1.000  avg_length=200.00  avg_loss=  0.0041  avg_intrinsic=0.0000  eval_success=0.000
2026-04-21 17:53:36 | INFO | [Episode 4900] eps=0.010  avg_reward=  -1.000  avg_length=200.00  avg_loss=  0.0042  avg_intrinsic=0.0000  eval_success=0.000
2026-04-21 17:54:18 | INFO | [Episode 5000] eps=0.010  avg_reward=  -1.000  avg_length=200.00  avg_loss=  0.0041  avg_intrinsic=0.0000  eval_success=0.000
2026-04-21 17:54:58 | INFO | [Episode 5100] eps=0.010  avg_reward=  -1.000  avg_length=200.00  avg_loss=  0.0038  avg_intrinsic=0.0000  eval_success=0.000
2026-04-21 17:55:47 | INFO | [Episode 5200] eps=0.010  avg_reward=  -1.000  avg_length=200.00  avg_loss=  0.0038  avg_intrinsic=0.0000  eval_success=0.000
2026-04-21 17:56:30 | INFO | [Episode 5300] eps=0.010  avg_reward=  -1.000  avg_length=200.00  avg_loss=  0.0035  avg_intrinsic=0.0001  eval_success=0.000
2026-04-21 17:57:10 | INFO | [Episode 5400] eps=0.010  avg_reward=  -1.000  avg_length=200.00  avg_loss=  0.0037  avg_intrinsic=0.0000  eval_success=0.000
2026-04-21 17:57:52 | INFO | [Episode 5500] eps=0.010  avg_reward=  -1.000  avg_length=200.00  avg_loss=  0.0038  avg_intrinsic=0.0001  eval_success=0.000
2026-04-21 17:58:33 | INFO | [Episode 5600] eps=0.010  avg_reward=  -1.000  avg_length=200.00  avg_loss=  0.0039  avg_intrinsic=0.0000  eval_success=0.000
2026-04-21 17:59:13 | INFO | [Episode 5700] eps=0.010  avg_reward=  -1.000  avg_length=200.00  avg_loss=  0.0036  avg_intrinsic=0.0001  eval_success=0.000
2026-04-21 17:59:53 | INFO | [Episode 5800] eps=0.010  avg_reward=  -1.000  avg_length=200.00  avg_loss=  0.0037  avg_intrinsic=0.0000  eval_success=0.000
2026-04-21 18:00:36 | INFO | [Episode 5900] eps=0.010  avg_reward=  -1.000  avg_length=200.00  avg_loss=  0.0040  avg_intrinsic=0.0000  eval_success=0.000
2026-04-21 18:01:16 | INFO | [Episode 6000] eps=0.010  avg_reward=  -1.000  avg_length=200.00  avg_loss=  0.0040  avg_intrinsic=0.0000  eval_success=0.000
2026-04-21 18:01:57 | INFO | [Episode 6100] eps=0.010  avg_reward=  -1.000  avg_length=200.00  avg_loss=  0.0038  avg_intrinsic=0.0000  eval_success=0.000
2026-04-21 18:02:40 | INFO | [Episode 6200] eps=0.010  avg_reward=  -1.000  avg_length=200.00  avg_loss=  0.0036  avg_intrinsic=0.0000  eval_success=0.000
2026-04-21 18:03:22 | INFO | [Episode 6300] eps=0.010  avg_reward=  -1.000  avg_length=200.00  avg_loss=  0.0036  avg_intrinsic=0.0000  eval_success=0.000
2026-04-21 18:04:04 | INFO | [Episode 6400] eps=0.010  avg_reward=  -1.000  avg_length=200.00  avg_loss=  0.0037  avg_intrinsic=0.0001  eval_success=0.000
2026-04-21 18:04:48 | INFO | [Episode 6500] eps=0.010  avg_reward=  -1.000  avg_length=200.00  avg_loss=  0.0036  avg_intrinsic=0.0000  eval_success=0.000
2026-04-21 18:05:29 | INFO | [Episode 6600] eps=0.010  avg_reward=  -1.000  avg_length=200.00  avg_loss=  0.0035  avg_intrinsic=0.0000  eval_success=0.000
2026-04-21 18:06:11 | INFO | [Episode 6700] eps=0.010  avg_reward=  -1.000  avg_length=200.00  avg_loss=  0.0037  avg_intrinsic=0.0000  eval_success=0.000
2026-04-21 18:06:54 | INFO | [Episode 6800] eps=0.010  avg_reward=  -1.000  avg_length=200.00  avg_loss=  0.0037  avg_intrinsic=0.0000  eval_success=0.000
2026-04-21 18:07:35 | INFO | [Episode 6900] eps=0.010  avg_reward=  -1.000  avg_length=200.00  avg_loss=  0.0035  avg_intrinsic=0.0000  eval_success=0.000
2026-04-21 18:08:17 | INFO | [Episode 7000] eps=0.010  avg_reward=  -1.000  avg_length=200.00  avg_loss=  0.0037  avg_intrinsic=0.0000  eval_success=0.000
2026-04-21 18:08:58 | INFO | [Episode 7100] eps=0.010  avg_reward=  -1.000  avg_length=200.00  avg_loss=  0.0035  avg_intrinsic=0.0000  eval_success=0.000
2026-04-21 18:09:40 | INFO | [Episode 7200] eps=0.010  avg_reward=  -1.000  avg_length=200.00  avg_loss=  0.0034  avg_intrinsic=0.0000  eval_success=0.000
2026-04-21 18:10:20 | INFO | [Episode 7300] eps=0.010  avg_reward=  -1.000  avg_length=200.00  avg_loss=  0.0036  avg_intrinsic=0.0000  eval_success=0.000
2026-04-21 18:11:01 | INFO | [Episode 7400] eps=0.010  avg_reward=  -1.000  avg_length=200.00  avg_loss=  0.0033  avg_intrinsic=0.0000  eval_success=0.000
2026-04-21 18:11:44 | INFO | [Episode 7500] eps=0.010  avg_reward=  -1.000  avg_length=200.00  avg_loss=  0.0035  avg_intrinsic=0.0000  eval_success=0.000
2026-04-21 18:12:25 | INFO | [Episode 7600] eps=0.010  avg_reward=  -1.000  avg_length=200.00  avg_loss=  0.0034  avg_intrinsic=0.0000  eval_success=0.000
2026-04-21 18:13:05 | INFO | [Episode 7700] eps=0.010  avg_reward=  -1.000  avg_length=200.00  avg_loss=  0.0037  avg_intrinsic=0.0001  eval_success=0.000
2026-04-21 18:13:46 | INFO | [Episode 7800] eps=0.010  avg_reward=  -1.000  avg_length=200.00  avg_loss=  0.0034  avg_intrinsic=0.0000  eval_success=0.000
2026-04-21 18:14:29 | INFO | [Episode 7900] eps=0.010  avg_reward=  -1.000  avg_length=200.00  avg_loss=  0.0035  avg_intrinsic=0.0000  eval_success=0.000
2026-04-21 18:15:09 | INFO | [Episode 8000] eps=0.010  avg_reward=  -1.000  avg_length=200.00  avg_loss=  0.0037  avg_intrinsic=0.0000  eval_success=0.000
2026-04-21 18:15:09 | INFO | DQN+RND training: 55m 14.14s
2026-04-21 18:15:32 | INFO | [Final Eval] success=0.000, mean_reward=-1.000
