2026-04-20 11:33:38 | INFO | ============================================================
2026-04-20 11:33:38 | INFO | DEVICE / COMPUTE INFORMATION
2026-04-20 11:33:38 | INFO |   JAX backend       : CPU
2026-04-20 11:33:38 | INFO |   Platform          : cpu
2026-04-20 11:33:38 | INFO |   Num devices       : 1
2026-04-20 11:33:38 | INFO |   Device            : TFRT_CPU_0
2026-04-20 11:33:38 | INFO | ============================================================
2026-04-20 11:33:38 | INFO | DQN+RND | seed=5, lr=0.001, gamma=0.99, beta=0.001
2026-04-20 11:33:38 | INFO | Env: mountaincar/dense, obs_dim=2, num_actions=3
2026-04-20 11:34:13 | INFO | [Episode  100] eps=0.901  avg_reward=-200.000  avg_length=200.00  avg_loss=  0.9473  avg_intrinsic=0.0004  eval_success=0.000
2026-04-20 11:34:42 | INFO | [Episode  200] eps=0.802  avg_reward=-200.000  avg_length=200.00  avg_loss=  0.7717  avg_intrinsic=0.0003  eval_success=0.000
2026-04-20 11:35:11 | INFO | [Episode  300] eps=0.703  avg_reward=-200.000  avg_length=200.00  avg_loss=  3.0269  avg_intrinsic=0.0003  eval_success=0.000
2026-04-20 11:35:48 | INFO | [Episode  400] eps=0.604  avg_reward=-200.000  avg_length=200.00  avg_loss=  8.0088  avg_intrinsic=0.0002  eval_success=0.000
2026-04-20 11:36:29 | INFO | [Episode  500] eps=0.505  avg_reward=-200.000  avg_length=200.00  avg_loss= 11.9881  avg_intrinsic=0.0002  eval_success=0.000
2026-04-20 11:37:14 | INFO | [Episode  600] eps=0.406  avg_reward=-200.000  avg_length=200.00  avg_loss= 12.6567  avg_intrinsic=0.0001  eval_success=0.000
2026-04-20 11:37:49 | INFO | [Episode  700] eps=0.307  avg_reward=-200.000  avg_length=200.00  avg_loss= 12.5075  avg_intrinsic=0.0001  eval_success=0.000
2026-04-20 11:38:22 | INFO | [Episode  800] eps=0.208  avg_reward=-200.000  avg_length=200.00  avg_loss= 14.7842  avg_intrinsic=0.0002  eval_success=0.000
2026-04-20 11:38:56 | INFO | [Episode  900] eps=0.109  avg_reward=-200.000  avg_length=200.00  avg_loss= 14.3465  avg_intrinsic=0.0003  eval_success=0.000
2026-04-20 11:39:35 | INFO | [Episode 1000] eps=0.010  avg_reward=-200.000  avg_length=200.00  avg_loss= 13.9612  avg_intrinsic=0.0003  eval_success=0.000
2026-04-20 11:40:15 | INFO | [Episode 1100] eps=0.010  avg_reward=-200.000  avg_length=200.00  avg_loss= 12.7562  avg_intrinsic=0.0003  eval_success=0.000
2026-04-20 11:40:54 | INFO | [Episode 1200] eps=0.010  avg_reward=-200.000  avg_length=200.00  avg_loss= 13.1852  avg_intrinsic=0.0001  eval_success=0.000
2026-04-20 11:41:29 | INFO | [Episode 1300] eps=0.010  avg_reward=-200.000  avg_length=200.00  avg_loss= 13.2446  avg_intrinsic=0.0002  eval_success=0.000
2026-04-20 11:42:02 | INFO | [Episode 1400] eps=0.010  avg_reward=-200.000  avg_length=200.00  avg_loss= 14.6190  avg_intrinsic=0.0000  eval_success=0.000
2026-04-20 11:42:40 | INFO | [Episode 1500] eps=0.010  avg_reward=-200.000  avg_length=200.00  avg_loss= 13.6531  avg_intrinsic=0.0000  eval_success=0.000
2026-04-20 11:43:21 | INFO | [Episode 1600] eps=0.010  avg_reward=-200.000  avg_length=200.00  avg_loss= 13.1825  avg_intrinsic=0.0000  eval_success=0.000
2026-04-20 11:44:00 | INFO | [Episode 1700] eps=0.010  avg_reward=-200.000  avg_length=200.00  avg_loss= 11.4848  avg_intrinsic=0.0000  eval_success=0.000
2026-04-20 11:44:36 | INFO | [Episode 1800] eps=0.010  avg_reward=-200.000  avg_length=200.00  avg_loss= 13.1247  avg_intrinsic=0.0001  eval_success=0.000
2026-04-20 11:45:10 | INFO | [Episode 1900] eps=0.010  avg_reward=-200.000  avg_length=200.00  avg_loss= 12.9470  avg_intrinsic=0.0001  eval_success=0.000
2026-04-20 11:45:47 | INFO | [Episode 2000] eps=0.010  avg_reward=-200.000  avg_length=200.00  avg_loss= 14.2067  avg_intrinsic=0.0000  eval_success=0.000
2026-04-20 11:46:30 | INFO | [Episode 2100] eps=0.010  avg_reward=-200.000  avg_length=200.00  avg_loss= 13.9937  avg_intrinsic=0.0002  eval_success=0.000
2026-04-20 11:47:16 | INFO | [Episode 2200] eps=0.010  avg_reward=-200.000  avg_length=200.00  avg_loss= 13.6006  avg_intrinsic=0.0001  eval_success=0.000
2026-04-20 11:47:56 | INFO | [Episode 2300] eps=0.010  avg_reward=-200.000  avg_length=200.00  avg_loss= 14.4884  avg_intrinsic=0.0000  eval_success=0.000
2026-04-20 11:48:34 | INFO | [Episode 2400] eps=0.010  avg_reward=-200.000  avg_length=200.00  avg_loss= 13.1534  avg_intrinsic=0.0000  eval_success=0.000
2026-04-20 11:49:10 | INFO | [Episode 2500] eps=0.010  avg_reward=-200.000  avg_length=200.00  avg_loss= 13.7540  avg_intrinsic=0.0001  eval_success=0.000
2026-04-20 11:49:52 | INFO | [Episode 2600] eps=0.010  avg_reward=-200.000  avg_length=200.00  avg_loss= 14.5541  avg_intrinsic=0.0001  eval_success=0.000
2026-04-20 11:50:39 | INFO | [Episode 2700] eps=0.010  avg_reward=-200.000  avg_length=200.00  avg_loss= 12.9815  avg_intrinsic=0.0001  eval_success=0.000
2026-04-20 11:51:22 | INFO | [Episode 2800] eps=0.010  avg_reward=-200.000  avg_length=200.00  avg_loss= 12.4577  avg_intrinsic=0.0000  eval_success=0.000
2026-04-20 11:51:59 | INFO | [Episode 2900] eps=0.010  avg_reward=-200.000  avg_length=200.00  avg_loss= 13.5340  avg_intrinsic=0.0001  eval_success=0.000
2026-04-20 11:52:36 | INFO | [Episode 3000] eps=0.010  avg_reward=-200.000  avg_length=200.00  avg_loss= 15.1554  avg_intrinsic=0.0001  eval_success=0.000
2026-04-20 11:53:18 | INFO | [Episode 3100] eps=0.010  avg_reward=-200.000  avg_length=200.00  avg_loss= 14.5048  avg_intrinsic=0.0000  eval_success=0.000
2026-04-20 11:54:07 | INFO | [Episode 3200] eps=0.010  avg_reward=-200.000  avg_length=200.00  avg_loss= 15.7706  avg_intrinsic=0.0000  eval_success=0.000
2026-04-20 11:54:51 | INFO | [Episode 3300] eps=0.010  avg_reward=-200.000  avg_length=200.00  avg_loss= 14.5062  avg_intrinsic=0.0000  eval_success=0.000
2026-04-20 11:55:38 | INFO | [Episode 3400] eps=0.010  avg_reward=-200.000  avg_length=200.00  avg_loss= 13.7988  avg_intrinsic=0.0000  eval_success=0.000
2026-04-20 11:56:15 | INFO | [Episode 3500] eps=0.010  avg_reward=-200.000  avg_length=200.00  avg_loss= 14.5109  avg_intrinsic=0.0001  eval_success=0.000
2026-04-20 11:56:52 | INFO | [Episode 3600] eps=0.010  avg_reward=-200.000  avg_length=200.00  avg_loss= 13.6223  avg_intrinsic=0.0000  eval_success=0.000
2026-04-20 11:57:30 | INFO | [Episode 3700] eps=0.010  avg_reward=-200.000  avg_length=200.00  avg_loss= 13.3947  avg_intrinsic=0.0000  eval_success=0.000
2026-04-20 11:58:10 | INFO | [Episode 3800] eps=0.010  avg_reward=-200.000  avg_length=200.00  avg_loss= 13.8408  avg_intrinsic=0.0000  eval_success=0.000
2026-04-20 11:58:54 | INFO | [Episode 3900] eps=0.010  avg_reward=-200.000  avg_length=200.00  avg_loss= 14.4776  avg_intrinsic=0.0000  eval_success=0.000
2026-04-20 11:59:38 | INFO | [Episode 4000] eps=0.010  avg_reward=-200.000  avg_length=200.00  avg_loss= 15.1935  avg_intrinsic=0.0000  eval_success=0.000
2026-04-20 12:00:15 | INFO | [Episode 4100] eps=0.010  avg_reward=-200.000  avg_length=200.00  avg_loss= 14.0742  avg_intrinsic=0.0000  eval_success=0.000
2026-04-20 12:00:54 | INFO | [Episode 4200] eps=0.010  avg_reward=-200.000  avg_length=200.00  avg_loss= 13.3399  avg_intrinsic=0.0000  eval_success=0.000
2026-04-20 12:01:33 | INFO | [Episode 4300] eps=0.010  avg_reward=-200.000  avg_length=200.00  avg_loss= 14.7192  avg_intrinsic=0.0000  eval_success=0.000
2026-04-20 12:02:18 | INFO | [Episode 4400] eps=0.010  avg_reward=-200.000  avg_length=200.00  avg_loss= 15.6700  avg_intrinsic=0.0000  eval_success=0.000
2026-04-20 12:03:07 | INFO | [Episode 4500] eps=0.010  avg_reward=-200.000  avg_length=200.00  avg_loss= 14.0191  avg_intrinsic=0.0001  eval_success=0.000
2026-04-20 12:03:54 | INFO | [Episode 4600] eps=0.010  avg_reward=-200.000  avg_length=200.00  avg_loss= 13.2841  avg_intrinsic=0.0000  eval_success=0.000
2026-04-20 12:04:34 | INFO | [Episode 4700] eps=0.010  avg_reward=-200.000  avg_length=200.00  avg_loss= 13.3979  avg_intrinsic=0.0000  eval_success=0.000
2026-04-20 12:05:13 | INFO | [Episode 4800] eps=0.010  avg_reward=-200.000  avg_length=200.00  avg_loss= 14.5625  avg_intrinsic=0.0000  eval_success=0.000
2026-04-20 12:05:59 | INFO | [Episode 4900] eps=0.010  avg_reward=-200.000  avg_length=200.00  avg_loss= 14.6071  avg_intrinsic=0.0000  eval_success=0.000
2026-04-20 12:06:43 | INFO | [Episode 5000] eps=0.010  avg_reward=-200.000  avg_length=200.00  avg_loss= 15.7764  avg_intrinsic=0.0000  eval_success=0.000
2026-04-20 12:07:26 | INFO | [Episode 5100] eps=0.010  avg_reward=-200.000  avg_length=200.00  avg_loss= 15.2030  avg_intrinsic=0.0000  eval_success=0.000
2026-04-20 12:08:04 | INFO | [Episode 5200] eps=0.010  avg_reward=-200.000  avg_length=200.00  avg_loss= 14.7389  avg_intrinsic=0.0000  eval_success=0.000
2026-04-20 12:08:42 | INFO | [Episode 5300] eps=0.010  avg_reward=-200.000  avg_length=200.00  avg_loss= 16.6227  avg_intrinsic=0.0000  eval_success=0.000
2026-04-20 12:09:23 | INFO | [Episode 5400] eps=0.010  avg_reward=-200.000  avg_length=200.00  avg_loss= 16.7194  avg_intrinsic=0.0000  eval_success=0.000
2026-04-20 12:10:03 | INFO | [Episode 5500] eps=0.010  avg_reward=-200.000  avg_length=200.00  avg_loss= 15.7372  avg_intrinsic=0.0000  eval_success=0.000
2026-04-20 12:10:47 | INFO | [Episode 5600] eps=0.010  avg_reward=-200.000  avg_length=200.00  avg_loss= 14.9652  avg_intrinsic=0.0000  eval_success=0.000
2026-04-20 12:11:34 | INFO | [Episode 5700] eps=0.010  avg_reward=-200.000  avg_length=200.00  avg_loss= 15.2482  avg_intrinsic=0.0000  eval_success=0.000
2026-04-20 12:12:13 | INFO | [Episode 5800] eps=0.010  avg_reward=-200.000  avg_length=200.00  avg_loss= 15.3536  avg_intrinsic=0.0000  eval_success=0.000
2026-04-20 12:12:54 | INFO | [Episode 5900] eps=0.010  avg_reward=-200.000  avg_length=200.00  avg_loss= 16.0804  avg_intrinsic=0.0000  eval_success=0.000
2026-04-20 12:13:39 | INFO | [Episode 6000] eps=0.010  avg_reward=-200.000  avg_length=200.00  avg_loss= 16.0510  avg_intrinsic=0.0000  eval_success=0.000
2026-04-20 12:14:27 | INFO | [Episode 6100] eps=0.010  avg_reward=-200.000  avg_length=200.00  avg_loss= 14.8367  avg_intrinsic=0.0000  eval_success=0.000
2026-04-20 12:15:07 | INFO | [Episode 6200] eps=0.010  avg_reward=-200.000  avg_length=200.00  avg_loss= 16.7414  avg_intrinsic=0.0001  eval_success=0.000
2026-04-20 12:15:46 | INFO | [Episode 6300] eps=0.010  avg_reward=-200.000  avg_length=200.00  avg_loss= 16.5790  avg_intrinsic=0.0000  eval_success=0.000
2026-04-20 12:16:28 | INFO | [Episode 6400] eps=0.010  avg_reward=-200.000  avg_length=200.00  avg_loss= 16.5746  avg_intrinsic=0.0000  eval_success=0.000
2026-04-20 12:17:12 | INFO | [Episode 6500] eps=0.010  avg_reward=-200.000  avg_length=200.00  avg_loss= 18.1835  avg_intrinsic=0.0000  eval_success=0.000
2026-04-20 12:17:57 | INFO | [Episode 6600] eps=0.010  avg_reward=-200.000  avg_length=200.00  avg_loss= 16.9507  avg_intrinsic=0.0000  eval_success=0.000
2026-04-20 12:18:40 | INFO | [Episode 6700] eps=0.010  avg_reward=-200.000  avg_length=200.00  avg_loss= 17.2781  avg_intrinsic=0.0000  eval_success=0.000
2026-04-20 12:19:20 | INFO | [Episode 6800] eps=0.010  avg_reward=-200.000  avg_length=200.00  avg_loss= 17.6430  avg_intrinsic=0.0000  eval_success=0.000
2026-04-20 12:20:02 | INFO | [Episode 6900] eps=0.010  avg_reward=-200.000  avg_length=200.00  avg_loss= 16.0967  avg_intrinsic=0.0000  eval_success=0.000
2026-04-20 12:20:48 | INFO | [Episode 7000] eps=0.010  avg_reward=-200.000  avg_length=200.00  avg_loss= 14.4809  avg_intrinsic=0.0000  eval_success=0.000
2026-04-20 12:21:35 | INFO | [Episode 7100] eps=0.010  avg_reward=-200.000  avg_length=200.00  avg_loss= 14.6049  avg_intrinsic=0.0000  eval_success=0.000
2026-04-20 12:22:15 | INFO | [Episode 7200] eps=0.010  avg_reward=-200.000  avg_length=200.00  avg_loss= 16.2991  avg_intrinsic=0.0000  eval_success=0.000
2026-04-20 12:22:54 | INFO | [Episode 7300] eps=0.010  avg_reward=-200.000  avg_length=200.00  avg_loss= 16.2302  avg_intrinsic=0.0001  eval_success=0.000
2026-04-20 12:23:35 | INFO | [Episode 7400] eps=0.010  avg_reward=-200.000  avg_length=200.00  avg_loss= 16.4757  avg_intrinsic=0.0000  eval_success=0.000
2026-04-20 12:24:14 | INFO | [Episode 7500] eps=0.010  avg_reward=-200.000  avg_length=200.00  avg_loss= 15.6485  avg_intrinsic=0.0000  eval_success=0.000
2026-04-20 12:24:59 | INFO | [Episode 7600] eps=0.010  avg_reward=-200.000  avg_length=200.00  avg_loss= 16.1677  avg_intrinsic=0.0000  eval_success=0.000
2026-04-20 12:25:52 | INFO | [Episode 7700] eps=0.010  avg_reward=-200.000  avg_length=200.00  avg_loss= 16.1296  avg_intrinsic=0.0000  eval_success=0.000
2026-04-20 12:26:44 | INFO | [Episode 7800] eps=0.010  avg_reward=-200.000  avg_length=200.00  avg_loss= 16.7420  avg_intrinsic=0.0000  eval_success=0.000
2026-04-20 12:27:26 | INFO | [Episode 7900] eps=0.010  avg_reward=-200.000  avg_length=200.00  avg_loss= 18.7621  avg_intrinsic=0.0000  eval_success=0.000
2026-04-20 12:28:12 | INFO | [Episode 8000] eps=0.010  avg_reward=-200.000  avg_length=200.00  avg_loss= 16.9922  avg_intrinsic=0.0000  eval_success=0.000
2026-04-20 12:28:12 | INFO | DQN+RND training: 53m 6.37s
2026-04-20 12:28:33 | INFO | [Final Eval] success=0.000, mean_reward=-200.000
