2026-04-21 00:01:50 | INFO | ============================================================
2026-04-21 00:01:50 | INFO | DEVICE / COMPUTE INFORMATION
2026-04-21 00:01:50 | INFO |   JAX backend       : CPU
2026-04-21 00:01:50 | INFO |   Platform          : cpu
2026-04-21 00:01:50 | INFO |   Num devices       : 1
2026-04-21 00:01:50 | INFO |   Device            : TFRT_CPU_0
2026-04-21 00:01:50 | INFO | ============================================================
2026-04-21 00:01:50 | INFO | DQN+RND | seed=9, lr=0.001, gamma=0.99, beta=0.01
2026-04-21 00:01:50 | INFO | Env: mountaincar/dense, obs_dim=2, num_actions=3
2026-04-21 00:02:21 | INFO | [Episode  100] eps=0.901  avg_reward=-200.000  avg_length=200.00  avg_loss=  0.9226  avg_intrinsic=0.0003  eval_success=0.000
2026-04-21 00:02:50 | INFO | [Episode  200] eps=0.802  avg_reward=-200.000  avg_length=200.00  avg_loss=  0.8120  avg_intrinsic=0.0002  eval_success=0.000
2026-04-21 00:03:18 | INFO | [Episode  300] eps=0.703  avg_reward=-200.000  avg_length=200.00  avg_loss=  2.1733  avg_intrinsic=0.0003  eval_success=0.000
2026-04-21 00:03:48 | INFO | [Episode  400] eps=0.604  avg_reward=-200.000  avg_length=200.00  avg_loss=  7.4457  avg_intrinsic=0.0002  eval_success=0.000
2026-04-21 00:04:19 | INFO | [Episode  500] eps=0.505  avg_reward=-200.000  avg_length=200.00  avg_loss= 11.3017  avg_intrinsic=0.0002  eval_success=0.000
2026-04-21 00:04:51 | INFO | [Episode  600] eps=0.406  avg_reward=-200.000  avg_length=200.00  avg_loss= 12.6054  avg_intrinsic=0.0002  eval_success=0.000
2026-04-21 00:05:23 | INFO | [Episode  700] eps=0.307  avg_reward=-200.000  avg_length=200.00  avg_loss= 14.6371  avg_intrinsic=0.0003  eval_success=0.000
2026-04-21 00:05:59 | INFO | [Episode  800] eps=0.208  avg_reward=-200.000  avg_length=200.00  avg_loss= 13.9261  avg_intrinsic=0.0002  eval_success=0.000
2026-04-21 00:06:39 | INFO | [Episode  900] eps=0.109  avg_reward=-200.000  avg_length=200.00  avg_loss= 15.3676  avg_intrinsic=0.0002  eval_success=0.000
2026-04-21 00:07:15 | INFO | [Episode 1000] eps=0.010  avg_reward=-200.000  avg_length=200.00  avg_loss= 14.3301  avg_intrinsic=0.0000  eval_success=0.000
2026-04-21 00:07:50 | INFO | [Episode 1100] eps=0.010  avg_reward=-200.000  avg_length=200.00  avg_loss= 14.0947  avg_intrinsic=0.0002  eval_success=0.000
2026-04-21 00:08:24 | INFO | [Episode 1200] eps=0.010  avg_reward=-200.000  avg_length=200.00  avg_loss= 14.3566  avg_intrinsic=0.0002  eval_success=0.000
2026-04-21 00:08:58 | INFO | [Episode 1300] eps=0.010  avg_reward=-200.000  avg_length=200.00  avg_loss= 14.5153  avg_intrinsic=0.0002  eval_success=0.000
2026-04-21 00:09:33 | INFO | [Episode 1400] eps=0.010  avg_reward=-200.000  avg_length=200.00  avg_loss= 14.0633  avg_intrinsic=0.0001  eval_success=0.000
2026-04-21 00:10:08 | INFO | [Episode 1500] eps=0.010  avg_reward=-200.000  avg_length=200.00  avg_loss= 14.0419  avg_intrinsic=0.0002  eval_success=0.000
2026-04-21 00:10:43 | INFO | [Episode 1600] eps=0.010  avg_reward=-200.000  avg_length=200.00  avg_loss= 13.6382  avg_intrinsic=0.0002  eval_success=0.000
2026-04-21 00:11:17 | INFO | [Episode 1700] eps=0.010  avg_reward=-200.000  avg_length=200.00  avg_loss= 14.2139  avg_intrinsic=0.0002  eval_success=0.000
2026-04-21 00:11:53 | INFO | [Episode 1800] eps=0.010  avg_reward=-200.000  avg_length=200.00  avg_loss= 16.3495  avg_intrinsic=0.0001  eval_success=0.000
2026-04-21 00:12:28 | INFO | [Episode 1900] eps=0.010  avg_reward=-200.000  avg_length=200.00  avg_loss= 15.4690  avg_intrinsic=0.0000  eval_success=0.000
2026-04-21 00:13:04 | INFO | [Episode 2000] eps=0.010  avg_reward=-200.000  avg_length=200.00  avg_loss= 14.6697  avg_intrinsic=0.0000  eval_success=0.000
2026-04-21 00:13:53 | INFO | [Episode 2100] eps=0.010  avg_reward=-200.000  avg_length=200.00  avg_loss= 16.0271  avg_intrinsic=0.0000  eval_success=0.000
2026-04-21 00:14:40 | INFO | [Episode 2200] eps=0.010  avg_reward=-200.000  avg_length=200.00  avg_loss= 15.0463  avg_intrinsic=0.0001  eval_success=0.000
2026-04-21 00:15:18 | INFO | [Episode 2300] eps=0.010  avg_reward=-200.000  avg_length=200.00  avg_loss= 14.2895  avg_intrinsic=0.0000  eval_success=0.000
2026-04-21 00:15:56 | INFO | [Episode 2400] eps=0.010  avg_reward=-200.000  avg_length=200.00  avg_loss= 14.2077  avg_intrinsic=0.0001  eval_success=0.000
2026-04-21 00:16:33 | INFO | [Episode 2500] eps=0.010  avg_reward=-200.000  avg_length=200.00  avg_loss= 13.6370  avg_intrinsic=0.0000  eval_success=0.000
2026-04-21 00:17:11 | INFO | [Episode 2600] eps=0.010  avg_reward=-200.000  avg_length=200.00  avg_loss= 12.8500  avg_intrinsic=0.0001  eval_success=0.000
2026-04-21 00:17:58 | INFO | [Episode 2700] eps=0.010  avg_reward=-200.000  avg_length=200.00  avg_loss= 13.8287  avg_intrinsic=0.0000  eval_success=0.000
2026-04-21 00:18:42 | INFO | [Episode 2800] eps=0.010  avg_reward=-200.000  avg_length=200.00  avg_loss= 13.9533  avg_intrinsic=0.0001  eval_success=0.000
2026-04-21 00:19:20 | INFO | [Episode 2900] eps=0.010  avg_reward=-200.000  avg_length=200.00  avg_loss= 14.4344  avg_intrinsic=0.0001  eval_success=0.000
2026-04-21 00:19:58 | INFO | [Episode 3000] eps=0.010  avg_reward=-200.000  avg_length=200.00  avg_loss= 15.8931  avg_intrinsic=0.0000  eval_success=0.000
2026-04-21 00:20:37 | INFO | [Episode 3100] eps=0.010  avg_reward=-200.000  avg_length=200.00  avg_loss= 14.3099  avg_intrinsic=0.0000  eval_success=0.000
2026-04-21 00:21:14 | INFO | [Episode 3200] eps=0.010  avg_reward=-200.000  avg_length=200.00  avg_loss= 14.6539  avg_intrinsic=0.0001  eval_success=0.000
2026-04-21 00:21:50 | INFO | [Episode 3300] eps=0.010  avg_reward=-200.000  avg_length=200.00  avg_loss= 15.2422  avg_intrinsic=0.0000  eval_success=0.000
2026-04-21 00:22:29 | INFO | [Episode 3400] eps=0.010  avg_reward=-200.000  avg_length=200.00  avg_loss= 14.8507  avg_intrinsic=0.0000  eval_success=0.000
2026-04-21 00:23:08 | INFO | [Episode 3500] eps=0.010  avg_reward=-200.000  avg_length=200.00  avg_loss= 15.6039  avg_intrinsic=0.0000  eval_success=0.000
2026-04-21 00:23:45 | INFO | [Episode 3600] eps=0.010  avg_reward=-200.000  avg_length=200.00  avg_loss= 14.4402  avg_intrinsic=0.0000  eval_success=0.000
2026-04-21 00:24:32 | INFO | [Episode 3700] eps=0.010  avg_reward=-200.000  avg_length=200.00  avg_loss= 14.7855  avg_intrinsic=0.0000  eval_success=0.000
2026-04-21 00:25:13 | INFO | [Episode 3800] eps=0.010  avg_reward=-200.000  avg_length=200.00  avg_loss= 14.8299  avg_intrinsic=0.0000  eval_success=0.000
2026-04-21 00:25:50 | INFO | [Episode 3900] eps=0.010  avg_reward=-200.000  avg_length=200.00  avg_loss= 16.3382  avg_intrinsic=0.0000  eval_success=0.000
2026-04-21 00:26:29 | INFO | [Episode 4000] eps=0.010  avg_reward=-200.000  avg_length=200.00  avg_loss= 13.2812  avg_intrinsic=0.0000  eval_success=0.000
2026-04-21 00:27:06 | INFO | [Episode 4100] eps=0.010  avg_reward=-200.000  avg_length=200.00  avg_loss= 15.4463  avg_intrinsic=0.0000  eval_success=0.000
2026-04-21 00:27:46 | INFO | [Episode 4200] eps=0.010  avg_reward=-200.000  avg_length=200.00  avg_loss= 14.1143  avg_intrinsic=0.0001  eval_success=0.000
2026-04-21 00:28:25 | INFO | [Episode 4300] eps=0.010  avg_reward=-200.000  avg_length=200.00  avg_loss= 13.7946  avg_intrinsic=0.0000  eval_success=0.000
2026-04-21 00:29:06 | INFO | [Episode 4400] eps=0.010  avg_reward=-200.000  avg_length=200.00  avg_loss= 12.7562  avg_intrinsic=0.0000  eval_success=0.000
2026-04-21 00:29:44 | INFO | [Episode 4500] eps=0.010  avg_reward=-200.000  avg_length=200.00  avg_loss= 15.0177  avg_intrinsic=0.0000  eval_success=0.000
2026-04-21 00:30:23 | INFO | [Episode 4600] eps=0.010  avg_reward=-200.000  avg_length=200.00  avg_loss= 14.4852  avg_intrinsic=0.0000  eval_success=0.000
2026-04-21 00:31:04 | INFO | [Episode 4700] eps=0.010  avg_reward=-200.000  avg_length=200.00  avg_loss= 16.5370  avg_intrinsic=0.0000  eval_success=0.000
2026-04-21 00:31:44 | INFO | [Episode 4800] eps=0.010  avg_reward=-200.000  avg_length=200.00  avg_loss= 15.0018  avg_intrinsic=0.0000  eval_success=0.000
2026-04-21 00:32:28 | INFO | [Episode 4900] eps=0.010  avg_reward=-200.000  avg_length=200.00  avg_loss= 15.4666  avg_intrinsic=0.0000  eval_success=0.000
2026-04-21 00:33:12 | INFO | [Episode 5000] eps=0.010  avg_reward=-200.000  avg_length=200.00  avg_loss= 16.3884  avg_intrinsic=0.0000  eval_success=0.000
2026-04-21 00:33:54 | INFO | [Episode 5100] eps=0.010  avg_reward=-200.000  avg_length=200.00  avg_loss= 15.5912  avg_intrinsic=0.0000  eval_success=0.000
2026-04-21 00:34:32 | INFO | [Episode 5200] eps=0.010  avg_reward=-200.000  avg_length=200.00  avg_loss= 15.1023  avg_intrinsic=0.0001  eval_success=0.000
2026-04-21 00:35:11 | INFO | [Episode 5300] eps=0.010  avg_reward=-200.000  avg_length=200.00  avg_loss= 14.7126  avg_intrinsic=0.0000  eval_success=0.000
2026-04-21 00:35:53 | INFO | [Episode 5400] eps=0.010  avg_reward=-200.000  avg_length=200.00  avg_loss= 15.9340  avg_intrinsic=0.0000  eval_success=0.000
2026-04-21 00:36:32 | INFO | [Episode 5500] eps=0.010  avg_reward=-200.000  avg_length=200.00  avg_loss= 16.0284  avg_intrinsic=0.0000  eval_success=0.000
2026-04-21 00:37:11 | INFO | [Episode 5600] eps=0.010  avg_reward=-200.000  avg_length=200.00  avg_loss= 16.1353  avg_intrinsic=0.0001  eval_success=0.000
2026-04-21 00:37:52 | INFO | [Episode 5700] eps=0.010  avg_reward=-200.000  avg_length=200.00  avg_loss= 14.7407  avg_intrinsic=0.0000  eval_success=0.000
2026-04-21 00:38:31 | INFO | [Episode 5800] eps=0.010  avg_reward=-200.000  avg_length=200.00  avg_loss= 15.1115  avg_intrinsic=0.0000  eval_success=0.000
2026-04-21 00:39:10 | INFO | [Episode 5900] eps=0.010  avg_reward=-200.000  avg_length=200.00  avg_loss= 17.2758  avg_intrinsic=0.0000  eval_success=0.000
2026-04-21 00:39:49 | INFO | [Episode 6000] eps=0.010  avg_reward=-200.000  avg_length=200.00  avg_loss= 16.3525  avg_intrinsic=0.0000  eval_success=0.000
2026-04-21 00:40:43 | INFO | [Episode 6100] eps=0.010  avg_reward=-200.000  avg_length=200.00  avg_loss= 15.0764  avg_intrinsic=0.0000  eval_success=0.000
2026-04-21 00:41:38 | INFO | [Episode 6200] eps=0.010  avg_reward=-200.000  avg_length=200.00  avg_loss= 14.7545  avg_intrinsic=0.0000  eval_success=0.000
2026-04-21 00:42:22 | INFO | [Episode 6300] eps=0.010  avg_reward=-200.000  avg_length=200.00  avg_loss= 14.0617  avg_intrinsic=0.0001  eval_success=0.000
2026-04-21 00:43:03 | INFO | [Episode 6400] eps=0.010  avg_reward=-200.000  avg_length=200.00  avg_loss= 16.5668  avg_intrinsic=0.0000  eval_success=0.000
2026-04-21 00:43:43 | INFO | [Episode 6500] eps=0.010  avg_reward=-200.000  avg_length=200.00  avg_loss= 16.4133  avg_intrinsic=0.0000  eval_success=0.000
2026-04-21 00:44:24 | INFO | [Episode 6600] eps=0.010  avg_reward=-200.000  avg_length=200.00  avg_loss= 14.9657  avg_intrinsic=0.0000  eval_success=0.000
2026-04-21 00:45:06 | INFO | [Episode 6700] eps=0.010  avg_reward=-200.000  avg_length=200.00  avg_loss= 15.4253  avg_intrinsic=0.0000  eval_success=0.000
2026-04-21 00:45:46 | INFO | [Episode 6800] eps=0.010  avg_reward=-200.000  avg_length=200.00  avg_loss= 16.1211  avg_intrinsic=0.0000  eval_success=0.000
2026-04-21 00:46:27 | INFO | [Episode 6900] eps=0.010  avg_reward=-200.000  avg_length=200.00  avg_loss= 14.5112  avg_intrinsic=0.0000  eval_success=0.000
2026-04-21 00:47:06 | INFO | [Episode 7000] eps=0.010  avg_reward=-200.000  avg_length=200.00  avg_loss= 16.3887  avg_intrinsic=0.0000  eval_success=0.000
2026-04-21 00:47:48 | INFO | [Episode 7100] eps=0.010  avg_reward=-200.000  avg_length=200.00  avg_loss= 15.5334  avg_intrinsic=0.0000  eval_success=0.000
2026-04-21 00:48:28 | INFO | [Episode 7200] eps=0.010  avg_reward=-200.000  avg_length=200.00  avg_loss= 16.1711  avg_intrinsic=0.0000  eval_success=0.000
2026-04-21 00:49:09 | INFO | [Episode 7300] eps=0.010  avg_reward=-200.000  avg_length=200.00  avg_loss= 16.3098  avg_intrinsic=0.0000  eval_success=0.000
2026-04-21 00:49:51 | INFO | [Episode 7400] eps=0.010  avg_reward=-200.000  avg_length=200.00  avg_loss= 14.8660  avg_intrinsic=0.0000  eval_success=0.000
2026-04-21 00:50:30 | INFO | [Episode 7500] eps=0.010  avg_reward=-200.000  avg_length=200.00  avg_loss= 16.9150  avg_intrinsic=0.0000  eval_success=0.000
2026-04-21 00:51:10 | INFO | [Episode 7600] eps=0.010  avg_reward=-200.000  avg_length=200.00  avg_loss= 16.3536  avg_intrinsic=0.0000  eval_success=0.000
2026-04-21 00:51:51 | INFO | [Episode 7700] eps=0.010  avg_reward=-200.000  avg_length=200.00  avg_loss= 17.5259  avg_intrinsic=0.0000  eval_success=0.000
2026-04-21 00:52:33 | INFO | [Episode 7800] eps=0.010  avg_reward=-200.000  avg_length=200.00  avg_loss= 15.8785  avg_intrinsic=0.0000  eval_success=0.000
2026-04-21 00:53:13 | INFO | [Episode 7900] eps=0.010  avg_reward=-200.000  avg_length=200.00  avg_loss= 17.7380  avg_intrinsic=0.0000  eval_success=0.000
2026-04-21 00:53:52 | INFO | [Episode 8000] eps=0.010  avg_reward=-200.000  avg_length=200.00  avg_loss= 17.5607  avg_intrinsic=0.0000  eval_success=0.000
2026-04-21 00:53:52 | INFO | DQN+RND training: 50m 26.39s
2026-04-21 00:54:13 | INFO | [Final Eval] success=0.000, mean_reward=-200.000
