2026-04-21 09:30:07 | INFO | ============================================================
2026-04-21 09:30:07 | INFO | DEVICE / COMPUTE INFORMATION
2026-04-21 09:30:07 | INFO |   JAX backend       : CPU
2026-04-21 09:30:07 | INFO |   Platform          : cpu
2026-04-21 09:30:07 | INFO |   Num devices       : 1
2026-04-21 09:30:07 | INFO |   Device            : TFRT_CPU_0
2026-04-21 09:30:07 | INFO | ============================================================
2026-04-21 09:30:07 | INFO | DQN+RND | seed=1, lr=0.001, gamma=0.99, beta=0.001
2026-04-21 09:30:07 | INFO | Env: mountaincar/sparse, obs_dim=2, num_actions=3
2026-04-21 09:30:38 | INFO | [Episode  100] eps=0.901  avg_reward=  -1.000  avg_length=200.00  avg_loss=  0.0049  avg_intrinsic=0.0004  eval_success=0.000
2026-04-21 09:31:15 | INFO | [Episode  200] eps=0.802  avg_reward=  -1.000  avg_length=200.00  avg_loss=  0.0050  avg_intrinsic=0.0003  eval_success=0.000
2026-04-21 09:31:50 | INFO | [Episode  300] eps=0.703  avg_reward=  -1.000  avg_length=200.00  avg_loss=  0.0045  avg_intrinsic=0.0003  eval_success=0.000
2026-04-21 09:32:23 | INFO | [Episode  400] eps=0.604  avg_reward=  -1.000  avg_length=200.00  avg_loss=  0.0049  avg_intrinsic=0.0002  eval_success=0.000
2026-04-21 09:32:54 | INFO | [Episode  500] eps=0.505  avg_reward=  -1.000  avg_length=200.00  avg_loss=  0.0047  avg_intrinsic=0.0002  eval_success=0.000
2026-04-21 09:33:24 | INFO | [Episode  600] eps=0.406  avg_reward=  -1.000  avg_length=200.00  avg_loss=  0.0049  avg_intrinsic=0.0002  eval_success=0.000
2026-04-21 09:33:57 | INFO | [Episode  700] eps=0.307  avg_reward=  -1.000  avg_length=200.00  avg_loss=  0.0047  avg_intrinsic=0.0002  eval_success=0.000
2026-04-21 09:34:37 | INFO | [Episode  800] eps=0.208  avg_reward=  -1.000  avg_length=200.00  avg_loss=  0.0044  avg_intrinsic=0.0002  eval_success=0.000
2026-04-21 09:35:16 | INFO | [Episode  900] eps=0.109  avg_reward=  -1.000  avg_length=200.00  avg_loss=  0.0045  avg_intrinsic=0.0001  eval_success=0.000
2026-04-21 09:35:52 | INFO | [Episode 1000] eps=0.010  avg_reward=  -1.000  avg_length=200.00  avg_loss=  0.0044  avg_intrinsic=0.0000  eval_success=0.000
2026-04-21 09:36:26 | INFO | [Episode 1100] eps=0.010  avg_reward=  -1.000  avg_length=200.00  avg_loss=  0.0041  avg_intrinsic=0.0002  eval_success=0.000
2026-04-21 09:37:02 | INFO | [Episode 1200] eps=0.010  avg_reward=  -1.000  avg_length=200.00  avg_loss=  0.0046  avg_intrinsic=0.0001  eval_success=0.000
2026-04-21 09:37:36 | INFO | [Episode 1300] eps=0.010  avg_reward=  -1.000  avg_length=200.00  avg_loss=  0.0041  avg_intrinsic=0.0000  eval_success=0.000
2026-04-21 10:51:58 | INFO | [Episode 1400] eps=0.010  avg_reward=  -1.000  avg_length=200.00  avg_loss=  0.0044  avg_intrinsic=0.0002  eval_success=0.000
2026-04-21 10:52:35 | INFO | [Episode 1500] eps=0.010  avg_reward=  -1.000  avg_length=200.00  avg_loss=  0.0045  avg_intrinsic=0.0002  eval_success=0.000
2026-04-21 10:53:13 | INFO | [Episode 1600] eps=0.010  avg_reward=  -1.000  avg_length=200.00  avg_loss=  0.0045  avg_intrinsic=0.0000  eval_success=0.000
2026-04-21 10:53:49 | INFO | [Episode 1700] eps=0.010  avg_reward=  -1.000  avg_length=200.00  avg_loss=  0.0041  avg_intrinsic=0.0000  eval_success=0.000
2026-04-21 10:54:24 | INFO | [Episode 1800] eps=0.010  avg_reward=  -1.000  avg_length=200.00  avg_loss=  0.0047  avg_intrinsic=0.0000  eval_success=0.000
2026-04-21 10:55:01 | INFO | [Episode 1900] eps=0.010  avg_reward=  -1.000  avg_length=200.00  avg_loss=  0.0044  avg_intrinsic=0.0002  eval_success=0.000
2026-04-21 10:55:37 | INFO | [Episode 2000] eps=0.010  avg_reward=  -1.000  avg_length=200.00  avg_loss=  0.0042  avg_intrinsic=0.0000  eval_success=0.000
2026-04-21 10:56:14 | INFO | [Episode 2100] eps=0.010  avg_reward=  -1.000  avg_length=200.00  avg_loss=  0.0043  avg_intrinsic=0.0000  eval_success=0.000
2026-04-21 10:56:55 | INFO | [Episode 2200] eps=0.010  avg_reward=  -1.000  avg_length=200.00  avg_loss=  0.0043  avg_intrinsic=0.0000  eval_success=0.000
2026-04-21 10:57:35 | INFO | [Episode 2300] eps=0.010  avg_reward=  -1.000  avg_length=200.00  avg_loss=  0.0042  avg_intrinsic=0.0001  eval_success=0.000
2026-04-21 10:58:15 | INFO | [Episode 2400] eps=0.010  avg_reward=  -1.000  avg_length=200.00  avg_loss=  0.0039  avg_intrinsic=0.0001  eval_success=0.000
2026-04-21 10:58:58 | INFO | [Episode 2500] eps=0.010  avg_reward=  -1.000  avg_length=200.00  avg_loss=  0.0043  avg_intrinsic=0.0000  eval_success=0.000
2026-04-21 10:59:37 | INFO | [Episode 2600] eps=0.010  avg_reward=  -1.000  avg_length=200.00  avg_loss=  0.0045  avg_intrinsic=0.0000  eval_success=0.000
2026-04-21 11:00:15 | INFO | [Episode 2700] eps=0.010  avg_reward=  -1.000  avg_length=200.00  avg_loss=  0.0043  avg_intrinsic=0.0001  eval_success=0.000
2026-04-21 11:00:55 | INFO | [Episode 2800] eps=0.010  avg_reward=  -1.000  avg_length=200.00  avg_loss=  0.0044  avg_intrinsic=0.0001  eval_success=0.000
2026-04-21 11:01:35 | INFO | [Episode 2900] eps=0.010  avg_reward=  -1.000  avg_length=200.00  avg_loss=  0.0044  avg_intrinsic=0.0000  eval_success=0.000
2026-04-21 11:02:16 | INFO | [Episode 3000] eps=0.010  avg_reward=  -1.000  avg_length=200.00  avg_loss=  0.0043  avg_intrinsic=0.0000  eval_success=0.000
2026-04-21 11:02:54 | INFO | [Episode 3100] eps=0.010  avg_reward=  -1.000  avg_length=200.00  avg_loss=  0.0042  avg_intrinsic=0.0001  eval_success=0.000
2026-04-21 11:03:37 | INFO | [Episode 3200] eps=0.010  avg_reward=  -1.000  avg_length=200.00  avg_loss=  0.0040  avg_intrinsic=0.0001  eval_success=0.000
2026-04-21 11:04:19 | INFO | [Episode 3300] eps=0.010  avg_reward=  -1.000  avg_length=200.00  avg_loss=  0.0040  avg_intrinsic=0.0000  eval_success=0.000
2026-04-21 11:04:58 | INFO | [Episode 3400] eps=0.010  avg_reward=  -1.000  avg_length=200.00  avg_loss=  0.0039  avg_intrinsic=0.0000  eval_success=0.000
2026-04-21 11:05:38 | INFO | [Episode 3500] eps=0.010  avg_reward=  -1.000  avg_length=200.00  avg_loss=  0.0044  avg_intrinsic=0.0000  eval_success=0.000
2026-04-21 11:06:15 | INFO | [Episode 3600] eps=0.010  avg_reward=  -1.000  avg_length=200.00  avg_loss=  0.0037  avg_intrinsic=0.0001  eval_success=0.000
2026-04-21 11:06:54 | INFO | [Episode 3700] eps=0.010  avg_reward=  -1.000  avg_length=200.00  avg_loss=  0.0039  avg_intrinsic=0.0000  eval_success=0.000
2026-04-21 11:07:34 | INFO | [Episode 3800] eps=0.010  avg_reward=  -1.000  avg_length=200.00  avg_loss=  0.0039  avg_intrinsic=0.0000  eval_success=0.000
2026-04-21 11:08:12 | INFO | [Episode 3900] eps=0.010  avg_reward=  -1.000  avg_length=200.00  avg_loss=  0.0036  avg_intrinsic=0.0000  eval_success=0.000
2026-04-21 11:08:51 | INFO | [Episode 4000] eps=0.010  avg_reward=  -1.000  avg_length=200.00  avg_loss=  0.0041  avg_intrinsic=0.0001  eval_success=0.000
2026-04-21 11:09:33 | INFO | [Episode 4100] eps=0.010  avg_reward=  -1.000  avg_length=200.00  avg_loss=  0.0039  avg_intrinsic=0.0000  eval_success=0.000
2026-04-21 11:10:15 | INFO | [Episode 4200] eps=0.010  avg_reward=  -1.000  avg_length=200.00  avg_loss=  0.0041  avg_intrinsic=0.0000  eval_success=0.000
2026-04-21 11:11:06 | INFO | [Episode 4300] eps=0.010  avg_reward=  -1.000  avg_length=200.00  avg_loss=  0.0039  avg_intrinsic=0.0000  eval_success=0.000
2026-04-21 11:11:49 | INFO | [Episode 4400] eps=0.010  avg_reward=  -1.000  avg_length=200.00  avg_loss=  0.0038  avg_intrinsic=0.0001  eval_success=0.000
2026-04-21 11:12:35 | INFO | [Episode 4500] eps=0.010  avg_reward=  -1.000  avg_length=200.00  avg_loss=  0.0039  avg_intrinsic=0.0000  eval_success=0.000
2026-04-21 11:13:12 | INFO | [Episode 4600] eps=0.010  avg_reward=  -1.000  avg_length=200.00  avg_loss=  0.0040  avg_intrinsic=0.0000  eval_success=0.000
2026-04-21 11:13:53 | INFO | [Episode 4700] eps=0.010  avg_reward=  -1.000  avg_length=200.00  avg_loss=  0.0040  avg_intrinsic=0.0000  eval_success=0.000
2026-04-21 11:14:32 | INFO | [Episode 4800] eps=0.010  avg_reward=  -1.000  avg_length=200.00  avg_loss=  0.0036  avg_intrinsic=0.0001  eval_success=0.000
2026-04-21 11:15:14 | INFO | [Episode 4900] eps=0.010  avg_reward=  -1.000  avg_length=200.00  avg_loss=  0.0038  avg_intrinsic=0.0000  eval_success=0.000
2026-04-21 11:15:53 | INFO | [Episode 5000] eps=0.010  avg_reward=  -1.000  avg_length=200.00  avg_loss=  0.0036  avg_intrinsic=0.0000  eval_success=0.000
2026-04-21 11:16:31 | INFO | [Episode 5100] eps=0.010  avg_reward=  -1.000  avg_length=200.00  avg_loss=  0.0038  avg_intrinsic=0.0000  eval_success=0.000
2026-04-21 11:17:13 | INFO | [Episode 5200] eps=0.010  avg_reward=  -1.000  avg_length=200.00  avg_loss=  0.0036  avg_intrinsic=0.0000  eval_success=0.000
2026-04-21 11:17:51 | INFO | [Episode 5300] eps=0.010  avg_reward=  -1.000  avg_length=200.00  avg_loss=  0.0036  avg_intrinsic=0.0000  eval_success=0.000
2026-04-21 11:18:33 | INFO | [Episode 5400] eps=0.010  avg_reward=  -1.000  avg_length=200.00  avg_loss=  0.0038  avg_intrinsic=0.0000  eval_success=0.000
2026-04-21 11:19:14 | INFO | [Episode 5500] eps=0.010  avg_reward=  -1.000  avg_length=200.00  avg_loss=  0.0035  avg_intrinsic=0.0000  eval_success=0.000
2026-04-21 11:19:54 | INFO | [Episode 5600] eps=0.010  avg_reward=  -1.000  avg_length=200.00  avg_loss=  0.0039  avg_intrinsic=0.0000  eval_success=0.000
2026-04-21 11:20:33 | INFO | [Episode 5700] eps=0.010  avg_reward=  -1.000  avg_length=200.00  avg_loss=  0.0037  avg_intrinsic=0.0000  eval_success=0.000
2026-04-21 11:21:12 | INFO | [Episode 5800] eps=0.010  avg_reward=  -1.000  avg_length=200.00  avg_loss=  0.0039  avg_intrinsic=0.0001  eval_success=0.000
2026-04-21 11:21:53 | INFO | [Episode 5900] eps=0.010  avg_reward=  -1.000  avg_length=200.00  avg_loss=  0.0034  avg_intrinsic=0.0000  eval_success=0.000
2026-04-21 11:22:32 | INFO | [Episode 6000] eps=0.010  avg_reward=  -1.000  avg_length=200.00  avg_loss=  0.0038  avg_intrinsic=0.0000  eval_success=0.000
2026-04-21 11:23:14 | INFO | [Episode 6100] eps=0.010  avg_reward=  -1.000  avg_length=200.00  avg_loss=  0.0036  avg_intrinsic=0.0000  eval_success=0.000
2026-04-21 11:23:56 | INFO | [Episode 6200] eps=0.010  avg_reward=  -1.000  avg_length=200.00  avg_loss=  0.0037  avg_intrinsic=0.0000  eval_success=0.000
2026-04-21 11:24:37 | INFO | [Episode 6300] eps=0.010  avg_reward=  -1.000  avg_length=200.00  avg_loss=  0.0036  avg_intrinsic=0.0000  eval_success=0.000
2026-04-21 11:25:17 | INFO | [Episode 6400] eps=0.010  avg_reward=  -1.000  avg_length=200.00  avg_loss=  0.0032  avg_intrinsic=0.0000  eval_success=0.000
2026-04-21 11:25:59 | INFO | [Episode 6500] eps=0.010  avg_reward=  -1.000  avg_length=200.00  avg_loss=  0.0035  avg_intrinsic=0.0000  eval_success=0.000
2026-04-21 11:26:39 | INFO | [Episode 6600] eps=0.010  avg_reward=  -1.000  avg_length=200.00  avg_loss=  0.0035  avg_intrinsic=0.0000  eval_success=0.000
2026-04-21 11:27:23 | INFO | [Episode 6700] eps=0.010  avg_reward=  -1.000  avg_length=200.00  avg_loss=  0.0037  avg_intrinsic=0.0000  eval_success=0.000
2026-04-21 11:28:06 | INFO | [Episode 6800] eps=0.010  avg_reward=  -1.000  avg_length=200.00  avg_loss=  0.0038  avg_intrinsic=0.0000  eval_success=0.000
2026-04-21 11:28:46 | INFO | [Episode 6900] eps=0.010  avg_reward=  -1.000  avg_length=200.00  avg_loss=  0.0031  avg_intrinsic=0.0000  eval_success=0.000
2026-04-21 11:29:26 | INFO | [Episode 7000] eps=0.010  avg_reward=  -1.000  avg_length=200.00  avg_loss=  0.0035  avg_intrinsic=0.0000  eval_success=0.000
2026-04-21 11:30:07 | INFO | [Episode 7100] eps=0.010  avg_reward=  -1.000  avg_length=200.00  avg_loss=  0.0033  avg_intrinsic=0.0000  eval_success=0.000
2026-04-21 11:30:50 | INFO | [Episode 7200] eps=0.010  avg_reward=  -1.000  avg_length=200.00  avg_loss=  0.0034  avg_intrinsic=0.0000  eval_success=0.000
2026-04-21 11:31:30 | INFO | [Episode 7300] eps=0.010  avg_reward=  -1.000  avg_length=200.00  avg_loss=  0.0035  avg_intrinsic=0.0000  eval_success=0.000
2026-04-21 11:32:11 | INFO | [Episode 7400] eps=0.010  avg_reward=  -1.000  avg_length=200.00  avg_loss=  0.0034  avg_intrinsic=0.0000  eval_success=0.000
2026-04-21 11:32:53 | INFO | [Episode 7500] eps=0.010  avg_reward=  -1.000  avg_length=200.00  avg_loss=  0.0034  avg_intrinsic=0.0000  eval_success=0.000
2026-04-21 11:33:35 | INFO | [Episode 7600] eps=0.010  avg_reward=  -1.000  avg_length=200.00  avg_loss=  0.0034  avg_intrinsic=0.0000  eval_success=0.000
2026-04-21 11:34:15 | INFO | [Episode 7700] eps=0.010  avg_reward=  -1.000  avg_length=200.00  avg_loss=  0.0034  avg_intrinsic=0.0000  eval_success=0.000
2026-04-21 11:34:56 | INFO | [Episode 7800] eps=0.010  avg_reward=  -1.000  avg_length=200.00  avg_loss=  0.0032  avg_intrinsic=0.0000  eval_success=0.000
2026-04-21 11:35:39 | INFO | [Episode 7900] eps=0.010  avg_reward=  -1.000  avg_length=200.00  avg_loss=  0.0036  avg_intrinsic=0.0000  eval_success=0.000
2026-04-21 11:36:20 | INFO | [Episode 8000] eps=0.010  avg_reward=  -1.000  avg_length=200.00  avg_loss=  0.0033  avg_intrinsic=0.0000  eval_success=0.000
2026-04-21 11:36:20 | INFO | DQN+RND training: 49m 26.96s
2026-04-21 11:36:42 | INFO | [Final Eval] success=0.000, mean_reward=-1.000
