2026-04-22 16:48:41 | INFO | ============================================================
2026-04-22 16:48:41 | INFO | DEVICE / COMPUTE INFORMATION
2026-04-22 16:48:41 | INFO |   JAX backend       : CPU
2026-04-22 16:48:41 | INFO |   Platform          : cpu
2026-04-22 16:48:41 | INFO |   Num devices       : 1
2026-04-22 16:48:41 | INFO |   Device            : TFRT_CPU_0
2026-04-22 16:48:41 | INFO | ============================================================
2026-04-22 16:48:41 | INFO | DQN+RND | seed=9, lr=0.001, gamma=0.99, beta=0.05
2026-04-22 16:48:41 | INFO | Env: mountaincar/sparse, obs_dim=2, num_actions=3
2026-04-22 16:49:12 | INFO | [Episode  100] eps=0.901  avg_reward=  -1.000  avg_length=200.00  avg_loss=  0.0051  avg_intrinsic=0.0003  eval_success=0.000
2026-04-22 16:49:45 | INFO | [Episode  200] eps=0.802  avg_reward=  -1.000  avg_length=200.00  avg_loss=  0.0050  avg_intrinsic=0.0003  eval_success=0.000
2026-04-22 16:50:20 | INFO | [Episode  300] eps=0.703  avg_reward=  -1.000  avg_length=200.00  avg_loss=  0.0051  avg_intrinsic=0.0003  eval_success=0.000
2026-04-22 16:50:56 | INFO | [Episode  400] eps=0.604  avg_reward=  -1.000  avg_length=200.00  avg_loss=  0.0048  avg_intrinsic=0.0002  eval_success=0.000
2026-04-22 16:51:27 | INFO | [Episode  500] eps=0.505  avg_reward=  -1.000  avg_length=200.00  avg_loss=  0.0050  avg_intrinsic=0.0001  eval_success=0.000
2026-04-22 16:51:59 | INFO | [Episode  600] eps=0.406  avg_reward=  -1.000  avg_length=200.00  avg_loss=  0.0049  avg_intrinsic=0.0001  eval_success=0.000
2026-04-22 16:52:32 | INFO | [Episode  700] eps=0.307  avg_reward=  -1.000  avg_length=200.00  avg_loss=  0.0052  avg_intrinsic=0.0001  eval_success=0.000
2026-04-22 16:53:05 | INFO | [Episode  800] eps=0.208  avg_reward=  -1.000  avg_length=200.00  avg_loss=  0.0048  avg_intrinsic=0.0001  eval_success=0.000
2026-04-22 16:53:45 | INFO | [Episode  900] eps=0.109  avg_reward=  -1.000  avg_length=200.00  avg_loss=  0.0052  avg_intrinsic=0.0001  eval_success=0.000
2026-04-22 16:54:25 | INFO | [Episode 1000] eps=0.010  avg_reward=  -1.000  avg_length=200.00  avg_loss=  0.0050  avg_intrinsic=0.0001  eval_success=0.000
2026-04-22 16:54:59 | INFO | [Episode 1100] eps=0.010  avg_reward=  -1.000  avg_length=200.00  avg_loss=  0.0048  avg_intrinsic=0.0000  eval_success=0.000
2026-04-22 16:55:35 | INFO | [Episode 1200] eps=0.010  avg_reward=  -1.000  avg_length=200.00  avg_loss=  0.0046  avg_intrinsic=0.0001  eval_success=0.000
2026-04-22 16:56:10 | INFO | [Episode 1300] eps=0.010  avg_reward=  -1.000  avg_length=200.00  avg_loss=  0.0047  avg_intrinsic=0.0001  eval_success=0.000
2026-04-22 16:56:45 | INFO | [Episode 1400] eps=0.010  avg_reward=  -1.000  avg_length=200.00  avg_loss=  0.0046  avg_intrinsic=0.0001  eval_success=0.000
2026-04-22 16:57:24 | INFO | [Episode 1500] eps=0.010  avg_reward=  -1.000  avg_length=200.00  avg_loss=  0.0047  avg_intrinsic=0.0000  eval_success=0.000
2026-04-22 16:58:05 | INFO | [Episode 1600] eps=0.010  avg_reward=  -1.000  avg_length=200.00  avg_loss=  0.0047  avg_intrinsic=0.0000  eval_success=0.000
2026-04-22 16:58:41 | INFO | [Episode 1700] eps=0.010  avg_reward=  -1.000  avg_length=200.00  avg_loss=  0.0045  avg_intrinsic=0.0001  eval_success=0.000
2026-04-22 16:59:16 | INFO | [Episode 1800] eps=0.010  avg_reward=  -1.000  avg_length=200.00  avg_loss=  0.0045  avg_intrinsic=0.0000  eval_success=0.000
2026-04-22 16:59:53 | INFO | [Episode 1900] eps=0.010  avg_reward=  -1.000  avg_length=200.00  avg_loss=  0.0046  avg_intrinsic=0.0000  eval_success=0.000
2026-04-22 17:00:33 | INFO | [Episode 2000] eps=0.010  avg_reward=  -1.000  avg_length=200.00  avg_loss=  0.0045  avg_intrinsic=0.0000  eval_success=0.000
2026-04-22 17:01:15 | INFO | [Episode 2100] eps=0.010  avg_reward=  -1.000  avg_length=200.00  avg_loss=  0.0046  avg_intrinsic=0.0001  eval_success=0.000
2026-04-22 17:01:53 | INFO | [Episode 2200] eps=0.010  avg_reward=  -1.000  avg_length=200.00  avg_loss=  0.0045  avg_intrinsic=0.0000  eval_success=0.000
2026-04-22 17:02:30 | INFO | [Episode 2300] eps=0.010  avg_reward=  -1.000  avg_length=200.00  avg_loss=  0.0046  avg_intrinsic=0.0001  eval_success=0.000
2026-04-22 17:03:07 | INFO | [Episode 2400] eps=0.010  avg_reward=  -1.000  avg_length=200.00  avg_loss=  0.0044  avg_intrinsic=0.0001  eval_success=0.000
2026-04-22 17:03:46 | INFO | [Episode 2500] eps=0.010  avg_reward=  -1.000  avg_length=200.00  avg_loss=  0.0044  avg_intrinsic=0.0000  eval_success=0.000
2026-04-22 17:04:23 | INFO | [Episode 2600] eps=0.010  avg_reward=  -1.000  avg_length=200.00  avg_loss=  0.0041  avg_intrinsic=0.0000  eval_success=0.000
2026-04-22 17:05:04 | INFO | [Episode 2700] eps=0.010  avg_reward=  -1.000  avg_length=200.00  avg_loss=  0.0043  avg_intrinsic=0.0000  eval_success=0.000
2026-04-22 17:05:48 | INFO | [Episode 2800] eps=0.010  avg_reward=  -1.000  avg_length=200.00  avg_loss=  0.0041  avg_intrinsic=0.0001  eval_success=0.000
2026-04-22 17:06:27 | INFO | [Episode 2900] eps=0.010  avg_reward=  -1.000  avg_length=200.00  avg_loss=  0.0041  avg_intrinsic=0.0000  eval_success=0.000
2026-04-22 17:07:04 | INFO | [Episode 3000] eps=0.010  avg_reward=  -1.000  avg_length=200.00  avg_loss=  0.0045  avg_intrinsic=0.0001  eval_success=0.000
2026-04-22 17:07:41 | INFO | [Episode 3100] eps=0.010  avg_reward=  -1.000  avg_length=200.00  avg_loss=  0.0040  avg_intrinsic=0.0001  eval_success=0.000
2026-04-22 17:08:21 | INFO | [Episode 3200] eps=0.010  avg_reward=  -1.000  avg_length=200.00  avg_loss=  0.0041  avg_intrinsic=0.0000  eval_success=0.000
2026-04-22 17:09:01 | INFO | [Episode 3300] eps=0.010  avg_reward=  -1.000  avg_length=200.00  avg_loss=  0.0043  avg_intrinsic=0.0000  eval_success=0.000
2026-04-22 17:09:44 | INFO | [Episode 3400] eps=0.010  avg_reward=  -1.000  avg_length=200.00  avg_loss=  0.0043  avg_intrinsic=0.0000  eval_success=0.000
2026-04-22 17:10:26 | INFO | [Episode 3500] eps=0.010  avg_reward=  -1.000  avg_length=200.00  avg_loss=  0.0042  avg_intrinsic=0.0000  eval_success=0.000
2026-04-22 17:11:04 | INFO | [Episode 3600] eps=0.010  avg_reward=  -1.000  avg_length=200.00  avg_loss=  0.0042  avg_intrinsic=0.0000  eval_success=0.000
2026-04-22 17:11:42 | INFO | [Episode 3700] eps=0.010  avg_reward=  -1.000  avg_length=200.00  avg_loss=  0.0043  avg_intrinsic=0.0000  eval_success=0.000
2026-04-22 17:12:21 | INFO | [Episode 3800] eps=0.010  avg_reward=  -1.000  avg_length=200.00  avg_loss=  0.0040  avg_intrinsic=0.0001  eval_success=0.000
2026-04-22 17:12:59 | INFO | [Episode 3900] eps=0.010  avg_reward=  -1.000  avg_length=200.00  avg_loss=  0.0042  avg_intrinsic=0.0000  eval_success=0.000
2026-04-22 17:13:41 | INFO | [Episode 4000] eps=0.010  avg_reward=  -1.000  avg_length=200.00  avg_loss=  0.0039  avg_intrinsic=0.0000  eval_success=0.000
2026-04-22 17:14:25 | INFO | [Episode 4100] eps=0.010  avg_reward=  -1.000  avg_length=200.00  avg_loss=  0.0041  avg_intrinsic=0.0001  eval_success=0.000
2026-04-22 17:15:06 | INFO | [Episode 4200] eps=0.010  avg_reward=  -1.000  avg_length=200.00  avg_loss=  0.0041  avg_intrinsic=0.0000  eval_success=0.000
2026-04-22 17:15:46 | INFO | [Episode 4300] eps=0.010  avg_reward=  -1.000  avg_length=200.00  avg_loss=  0.0041  avg_intrinsic=0.0000  eval_success=0.000
2026-04-22 17:16:25 | INFO | [Episode 4400] eps=0.010  avg_reward=  -1.000  avg_length=200.00  avg_loss=  0.0036  avg_intrinsic=0.0000  eval_success=0.000
2026-04-22 17:17:06 | INFO | [Episode 4500] eps=0.010  avg_reward=  -1.000  avg_length=200.00  avg_loss=  0.0039  avg_intrinsic=0.0000  eval_success=0.000
2026-04-22 17:17:46 | INFO | [Episode 4600] eps=0.010  avg_reward=  -1.000  avg_length=200.00  avg_loss=  0.0038  avg_intrinsic=0.0000  eval_success=0.000
2026-04-22 17:18:25 | INFO | [Episode 4700] eps=0.010  avg_reward=  -1.000  avg_length=200.00  avg_loss=  0.0041  avg_intrinsic=0.0000  eval_success=0.000
2026-04-22 17:19:10 | INFO | [Episode 4800] eps=0.010  avg_reward=  -1.000  avg_length=200.00  avg_loss=  0.0041  avg_intrinsic=0.0000  eval_success=0.000
2026-04-22 17:19:55 | INFO | [Episode 4900] eps=0.010  avg_reward=  -1.000  avg_length=200.00  avg_loss=  0.0042  avg_intrinsic=0.0000  eval_success=0.000
2026-04-22 17:20:35 | INFO | [Episode 5000] eps=0.010  avg_reward=  -1.000  avg_length=200.00  avg_loss=  0.0041  avg_intrinsic=0.0000  eval_success=0.000
2026-04-22 17:21:14 | INFO | [Episode 5100] eps=0.010  avg_reward=  -1.000  avg_length=200.00  avg_loss=  0.0038  avg_intrinsic=0.0000  eval_success=0.000
2026-04-22 17:21:55 | INFO | [Episode 5200] eps=0.010  avg_reward=  -1.000  avg_length=200.00  avg_loss=  0.0038  avg_intrinsic=0.0000  eval_success=0.000
2026-04-22 17:22:34 | INFO | [Episode 5300] eps=0.010  avg_reward=  -1.000  avg_length=200.00  avg_loss=  0.0035  avg_intrinsic=0.0000  eval_success=0.000
2026-04-22 17:23:15 | INFO | [Episode 5400] eps=0.010  avg_reward=  -1.000  avg_length=200.00  avg_loss=  0.0037  avg_intrinsic=0.0000  eval_success=0.000
2026-04-22 17:24:02 | INFO | [Episode 5500] eps=0.010  avg_reward=  -1.000  avg_length=200.00  avg_loss=  0.0038  avg_intrinsic=0.0000  eval_success=0.000
2026-04-22 17:24:44 | INFO | [Episode 5600] eps=0.010  avg_reward=  -1.000  avg_length=200.00  avg_loss=  0.0039  avg_intrinsic=0.0000  eval_success=0.000
2026-04-22 17:25:24 | INFO | [Episode 5700] eps=0.010  avg_reward=  -1.000  avg_length=200.00  avg_loss=  0.0036  avg_intrinsic=0.0000  eval_success=0.000
2026-04-22 17:26:02 | INFO | [Episode 5800] eps=0.010  avg_reward=  -1.000  avg_length=200.00  avg_loss=  0.0037  avg_intrinsic=0.0000  eval_success=0.000
2026-04-22 17:26:44 | INFO | [Episode 5900] eps=0.010  avg_reward=  -1.000  avg_length=200.00  avg_loss=  0.0040  avg_intrinsic=0.0000  eval_success=0.000
2026-04-22 17:27:23 | INFO | [Episode 6000] eps=0.010  avg_reward=  -1.000  avg_length=200.00  avg_loss=  0.0040  avg_intrinsic=0.0000  eval_success=0.000
2026-04-22 17:28:03 | INFO | [Episode 6100] eps=0.010  avg_reward=  -1.000  avg_length=200.00  avg_loss=  0.0038  avg_intrinsic=0.0000  eval_success=0.000
2026-04-22 17:28:53 | INFO | [Episode 6200] eps=0.010  avg_reward=  -1.000  avg_length=200.00  avg_loss=  0.0036  avg_intrinsic=0.0000  eval_success=0.000
2026-04-22 17:29:41 | INFO | [Episode 6300] eps=0.010  avg_reward=  -1.000  avg_length=200.00  avg_loss=  0.0036  avg_intrinsic=0.0000  eval_success=0.000
2026-04-22 17:30:22 | INFO | [Episode 6400] eps=0.010  avg_reward=  -1.000  avg_length=200.00  avg_loss=  0.0037  avg_intrinsic=0.0000  eval_success=0.000
2026-04-22 17:31:05 | INFO | [Episode 6500] eps=0.010  avg_reward=  -1.000  avg_length=200.00  avg_loss=  0.0036  avg_intrinsic=0.0000  eval_success=0.000
2026-04-22 17:31:46 | INFO | [Episode 6600] eps=0.010  avg_reward=  -1.000  avg_length=200.00  avg_loss=  0.0035  avg_intrinsic=0.0000  eval_success=0.000
2026-04-22 17:32:26 | INFO | [Episode 6700] eps=0.010  avg_reward=  -1.000  avg_length=200.00  avg_loss=  0.0037  avg_intrinsic=0.0000  eval_success=0.000
2026-04-22 17:33:09 | INFO | [Episode 6800] eps=0.010  avg_reward=  -1.000  avg_length=200.00  avg_loss=  0.0037  avg_intrinsic=0.0000  eval_success=0.000
2026-04-22 17:33:52 | INFO | [Episode 6900] eps=0.010  avg_reward=  -1.000  avg_length=200.00  avg_loss=  0.0035  avg_intrinsic=0.0000  eval_success=0.000
2026-04-22 17:34:38 | INFO | [Episode 7000] eps=0.010  avg_reward=  -1.000  avg_length=200.00  avg_loss=  0.0037  avg_intrinsic=0.0000  eval_success=0.000
2026-04-22 17:35:21 | INFO | [Episode 7100] eps=0.010  avg_reward=  -1.000  avg_length=200.00  avg_loss=  0.0035  avg_intrinsic=0.0000  eval_success=0.000
2026-04-22 17:36:03 | INFO | [Episode 7200] eps=0.010  avg_reward=  -1.000  avg_length=200.00  avg_loss=  0.0034  avg_intrinsic=0.0000  eval_success=0.000
2026-04-22 17:36:43 | INFO | [Episode 7300] eps=0.010  avg_reward=  -1.000  avg_length=200.00  avg_loss=  0.0036  avg_intrinsic=0.0000  eval_success=0.000
2026-04-22 17:37:24 | INFO | [Episode 7400] eps=0.010  avg_reward=  -1.000  avg_length=200.00  avg_loss=  0.0033  avg_intrinsic=0.0001  eval_success=0.000
2026-04-22 17:38:06 | INFO | [Episode 7500] eps=0.010  avg_reward=  -1.000  avg_length=200.00  avg_loss=  0.0035  avg_intrinsic=0.0000  eval_success=0.000
2026-04-22 17:38:47 | INFO | [Episode 7600] eps=0.010  avg_reward=  -1.000  avg_length=200.00  avg_loss=  0.0035  avg_intrinsic=0.0000  eval_success=0.000
2026-04-22 17:39:28 | INFO | [Episode 7700] eps=0.010  avg_reward=  -1.000  avg_length=200.00  avg_loss=  0.0037  avg_intrinsic=0.0000  eval_success=0.000
2026-04-22 17:40:15 | INFO | [Episode 7800] eps=0.010  avg_reward=  -1.000  avg_length=200.00  avg_loss=  0.0034  avg_intrinsic=0.0000  eval_success=0.000
2026-04-22 17:41:01 | INFO | [Episode 7900] eps=0.010  avg_reward=  -1.000  avg_length=200.00  avg_loss=  0.0035  avg_intrinsic=0.0001  eval_success=0.000
2026-04-22 17:41:41 | INFO | [Episode 8000] eps=0.010  avg_reward=  -1.000  avg_length=200.00  avg_loss=  0.0037  avg_intrinsic=0.0000  eval_success=0.000
2026-04-22 17:41:41 | INFO | DQN+RND training: 53m 53.74s
2026-04-22 17:42:03 | INFO | [Final Eval] success=0.000, mean_reward=-1.000
