2026-04-17 02:51:21 | INFO | ============================================================
2026-04-17 02:51:21 | INFO | DEVICE / COMPUTE INFORMATION
2026-04-17 02:51:21 | INFO |   JAX backend       : CPU
2026-04-17 02:51:21 | INFO |   Platform          : cpu
2026-04-17 02:51:21 | INFO |   Num devices       : 1
2026-04-17 02:51:21 | INFO |   Device            : TFRT_CPU_0
2026-04-17 02:51:21 | INFO | ============================================================
2026-04-17 02:51:21 | INFO | DQN+RND | seed=3, lr=0.001, gamma=0.99, beta=0.05
2026-04-17 02:51:21 | INFO | Env: mountaincar/dense, obs_dim=2, num_actions=3
2026-04-17 02:51:52 | INFO | [Episode  100] eps=0.901  avg_reward=-200.000  avg_length=200.00  avg_loss=  0.9319  avg_intrinsic=0.0003  eval_success=0.000
2026-04-17 02:52:21 | INFO | [Episode  200] eps=0.802  avg_reward=-200.000  avg_length=200.00  avg_loss=  0.7920  avg_intrinsic=0.0003  eval_success=0.000
2026-04-17 02:52:50 | INFO | [Episode  300] eps=0.703  avg_reward=-200.000  avg_length=200.00  avg_loss=  3.4041  avg_intrinsic=0.0003  eval_success=0.000
2026-04-17 02:53:20 | INFO | [Episode  400] eps=0.604  avg_reward=-200.000  avg_length=200.00  avg_loss=  8.6198  avg_intrinsic=0.0002  eval_success=0.000
2026-04-17 02:53:51 | INFO | [Episode  500] eps=0.505  avg_reward=-200.000  avg_length=200.00  avg_loss= 12.1143  avg_intrinsic=0.0003  eval_success=0.000
2026-04-17 02:54:22 | INFO | [Episode  600] eps=0.406  avg_reward=-200.000  avg_length=200.00  avg_loss= 13.3056  avg_intrinsic=0.0001  eval_success=0.000
2026-04-17 02:54:54 | INFO | [Episode  700] eps=0.307  avg_reward=-200.000  avg_length=200.00  avg_loss= 14.5010  avg_intrinsic=0.0003  eval_success=0.000
2026-04-17 02:55:27 | INFO | [Episode  800] eps=0.208  avg_reward=-200.000  avg_length=200.00  avg_loss= 13.2546  avg_intrinsic=0.0001  eval_success=0.000
2026-04-17 02:56:01 | INFO | [Episode  900] eps=0.109  avg_reward=-200.000  avg_length=200.00  avg_loss= 12.5939  avg_intrinsic=0.0000  eval_success=0.000
2026-04-17 02:56:35 | INFO | [Episode 1000] eps=0.010  avg_reward=-200.000  avg_length=200.00  avg_loss= 12.9031  avg_intrinsic=0.0001  eval_success=0.000
2026-04-17 02:57:10 | INFO | [Episode 1100] eps=0.010  avg_reward=-200.000  avg_length=200.00  avg_loss= 13.5859  avg_intrinsic=0.0002  eval_success=0.000
2026-04-17 02:57:44 | INFO | [Episode 1200] eps=0.010  avg_reward=-200.000  avg_length=200.00  avg_loss= 13.6117  avg_intrinsic=0.0002  eval_success=0.000
2026-04-17 02:58:20 | INFO | [Episode 1300] eps=0.010  avg_reward=-200.000  avg_length=200.00  avg_loss= 13.7139  avg_intrinsic=0.0001  eval_success=0.000
2026-04-17 02:58:54 | INFO | [Episode 1400] eps=0.010  avg_reward=-200.000  avg_length=200.00  avg_loss= 14.4172  avg_intrinsic=0.0002  eval_success=0.000
2026-04-17 02:59:29 | INFO | [Episode 1500] eps=0.010  avg_reward=-200.000  avg_length=200.00  avg_loss= 16.4654  avg_intrinsic=0.0000  eval_success=0.000
2026-04-17 03:00:02 | INFO | [Episode 1600] eps=0.010  avg_reward=-200.000  avg_length=200.00  avg_loss= 14.9671  avg_intrinsic=0.0002  eval_success=0.000
2026-04-17 03:00:37 | INFO | [Episode 1700] eps=0.010  avg_reward=-200.000  avg_length=200.00  avg_loss= 14.6966  avg_intrinsic=0.0000  eval_success=0.000
2026-04-17 03:01:12 | INFO | [Episode 1800] eps=0.010  avg_reward=-200.000  avg_length=200.00  avg_loss= 14.0080  avg_intrinsic=0.0001  eval_success=0.000
2026-04-17 03:01:47 | INFO | [Episode 1900] eps=0.010  avg_reward=-200.000  avg_length=200.00  avg_loss= 14.9642  avg_intrinsic=0.0000  eval_success=0.000
2026-04-17 03:02:21 | INFO | [Episode 2000] eps=0.010  avg_reward=-200.000  avg_length=200.00  avg_loss= 14.3166  avg_intrinsic=0.0000  eval_success=0.000
2026-04-17 03:02:57 | INFO | [Episode 2100] eps=0.010  avg_reward=-200.000  avg_length=200.00  avg_loss= 13.8200  avg_intrinsic=0.0000  eval_success=0.000
2026-04-17 03:03:33 | INFO | [Episode 2200] eps=0.010  avg_reward=-200.000  avg_length=200.00  avg_loss= 12.9952  avg_intrinsic=0.0001  eval_success=0.000
2026-04-17 03:04:10 | INFO | [Episode 2300] eps=0.010  avg_reward=-200.000  avg_length=200.00  avg_loss= 13.0579  avg_intrinsic=0.0000  eval_success=0.000
2026-04-17 03:04:48 | INFO | [Episode 2400] eps=0.010  avg_reward=-200.000  avg_length=200.00  avg_loss= 15.9847  avg_intrinsic=0.0000  eval_success=0.000
2026-04-17 03:05:24 | INFO | [Episode 2500] eps=0.010  avg_reward=-200.000  avg_length=200.00  avg_loss= 15.9590  avg_intrinsic=0.0000  eval_success=0.000
2026-04-17 03:06:01 | INFO | [Episode 2600] eps=0.010  avg_reward=-200.000  avg_length=200.00  avg_loss= 15.7043  avg_intrinsic=0.0000  eval_success=0.000
2026-04-17 03:06:38 | INFO | [Episode 2700] eps=0.010  avg_reward=-200.000  avg_length=200.00  avg_loss= 14.9093  avg_intrinsic=0.0000  eval_success=0.000
2026-04-17 03:07:15 | INFO | [Episode 2800] eps=0.010  avg_reward=-200.000  avg_length=200.00  avg_loss= 13.6010  avg_intrinsic=0.0000  eval_success=0.000
2026-04-17 03:07:52 | INFO | [Episode 2900] eps=0.010  avg_reward=-200.000  avg_length=200.00  avg_loss= 14.5719  avg_intrinsic=0.0000  eval_success=0.000
2026-04-17 03:08:30 | INFO | [Episode 3000] eps=0.010  avg_reward=-200.000  avg_length=200.00  avg_loss= 14.1138  avg_intrinsic=0.0000  eval_success=0.000
2026-04-17 03:09:07 | INFO | [Episode 3100] eps=0.010  avg_reward=-200.000  avg_length=200.00  avg_loss= 15.1384  avg_intrinsic=0.0001  eval_success=0.000
2026-04-17 03:09:43 | INFO | [Episode 3200] eps=0.010  avg_reward=-200.000  avg_length=200.00  avg_loss= 15.3549  avg_intrinsic=0.0000  eval_success=0.000
2026-04-17 03:10:19 | INFO | [Episode 3300] eps=0.010  avg_reward=-200.000  avg_length=200.00  avg_loss= 14.1538  avg_intrinsic=0.0000  eval_success=0.000
2026-04-17 03:10:58 | INFO | [Episode 3400] eps=0.010  avg_reward=-200.000  avg_length=200.00  avg_loss= 15.9973  avg_intrinsic=0.0000  eval_success=0.000
2026-04-17 03:11:35 | INFO | [Episode 3500] eps=0.010  avg_reward=-200.000  avg_length=200.00  avg_loss= 14.5755  avg_intrinsic=0.0000  eval_success=0.000
2026-04-17 03:12:12 | INFO | [Episode 3600] eps=0.010  avg_reward=-200.000  avg_length=200.00  avg_loss= 15.2970  avg_intrinsic=0.0000  eval_success=0.000
2026-04-17 03:12:51 | INFO | [Episode 3700] eps=0.010  avg_reward=-200.000  avg_length=200.00  avg_loss= 14.9990  avg_intrinsic=0.0000  eval_success=0.000
2026-04-17 03:13:30 | INFO | [Episode 3800] eps=0.010  avg_reward=-200.000  avg_length=200.00  avg_loss= 15.5955  avg_intrinsic=0.0000  eval_success=0.000
2026-04-17 03:14:12 | INFO | [Episode 3900] eps=0.010  avg_reward=-200.000  avg_length=200.00  avg_loss= 15.8584  avg_intrinsic=0.0000  eval_success=0.000
2026-04-17 03:14:51 | INFO | [Episode 4000] eps=0.010  avg_reward=-200.000  avg_length=200.00  avg_loss= 16.0860  avg_intrinsic=0.0000  eval_success=0.000
2026-04-17 03:15:28 | INFO | [Episode 4100] eps=0.010  avg_reward=-200.000  avg_length=200.00  avg_loss= 15.5992  avg_intrinsic=0.0000  eval_success=0.000
2026-04-17 03:16:07 | INFO | [Episode 4200] eps=0.010  avg_reward=-200.000  avg_length=200.00  avg_loss= 15.8104  avg_intrinsic=0.0000  eval_success=0.000
2026-04-17 03:16:45 | INFO | [Episode 4300] eps=0.010  avg_reward=-200.000  avg_length=200.00  avg_loss= 15.6100  avg_intrinsic=0.0000  eval_success=0.000
2026-04-17 03:17:25 | INFO | [Episode 4400] eps=0.010  avg_reward=-200.000  avg_length=200.00  avg_loss= 14.8411  avg_intrinsic=0.0000  eval_success=0.000
2026-04-17 03:18:04 | INFO | [Episode 4500] eps=0.010  avg_reward=-200.000  avg_length=200.00  avg_loss= 15.0090  avg_intrinsic=0.0001  eval_success=0.000
2026-04-17 03:18:42 | INFO | [Episode 4600] eps=0.010  avg_reward=-200.000  avg_length=200.00  avg_loss= 15.5501  avg_intrinsic=0.0000  eval_success=0.000
2026-04-17 03:19:23 | INFO | [Episode 4700] eps=0.010  avg_reward=-200.000  avg_length=200.00  avg_loss= 16.0009  avg_intrinsic=0.0000  eval_success=0.000
2026-04-17 03:20:02 | INFO | [Episode 4800] eps=0.010  avg_reward=-200.000  avg_length=200.00  avg_loss= 15.2410  avg_intrinsic=0.0000  eval_success=0.000
2026-04-17 03:20:40 | INFO | [Episode 4900] eps=0.010  avg_reward=-200.000  avg_length=200.00  avg_loss= 16.0669  avg_intrinsic=0.0000  eval_success=0.000
2026-04-17 03:21:19 | INFO | [Episode 5000] eps=0.010  avg_reward=-200.000  avg_length=200.00  avg_loss= 15.5078  avg_intrinsic=0.0000  eval_success=0.000
2026-04-17 03:21:58 | INFO | [Episode 5100] eps=0.010  avg_reward=-200.000  avg_length=200.00  avg_loss= 14.8932  avg_intrinsic=0.0001  eval_success=0.000
2026-04-17 03:22:38 | INFO | [Episode 5200] eps=0.010  avg_reward=-200.000  avg_length=200.00  avg_loss= 15.8961  avg_intrinsic=0.0000  eval_success=0.000
2026-04-17 03:23:15 | INFO | [Episode 5300] eps=0.010  avg_reward=-200.000  avg_length=200.00  avg_loss= 14.7701  avg_intrinsic=0.0000  eval_success=0.000
2026-04-17 03:23:56 | INFO | [Episode 5400] eps=0.010  avg_reward=-200.000  avg_length=200.00  avg_loss= 17.0820  avg_intrinsic=0.0001  eval_success=0.000
2026-04-17 03:24:34 | INFO | [Episode 5500] eps=0.010  avg_reward=-200.000  avg_length=200.00  avg_loss= 16.8035  avg_intrinsic=0.0000  eval_success=0.000
2026-04-17 03:25:13 | INFO | [Episode 5600] eps=0.010  avg_reward=-200.000  avg_length=200.00  avg_loss= 15.9601  avg_intrinsic=0.0000  eval_success=0.000
2026-04-17 03:25:53 | INFO | [Episode 5700] eps=0.010  avg_reward=-200.000  avg_length=200.00  avg_loss= 15.2105  avg_intrinsic=0.0000  eval_success=0.000
2026-04-17 03:26:32 | INFO | [Episode 5800] eps=0.010  avg_reward=-200.000  avg_length=200.00  avg_loss= 14.1406  avg_intrinsic=0.0001  eval_success=0.000
2026-04-17 03:27:10 | INFO | [Episode 5900] eps=0.010  avg_reward=-200.000  avg_length=200.00  avg_loss= 15.6701  avg_intrinsic=0.0000  eval_success=0.000
2026-04-17 03:27:49 | INFO | [Episode 6000] eps=0.010  avg_reward=-200.000  avg_length=200.00  avg_loss= 15.3440  avg_intrinsic=0.0000  eval_success=0.000
2026-04-17 03:28:29 | INFO | [Episode 6100] eps=0.010  avg_reward=-200.000  avg_length=200.00  avg_loss= 16.8439  avg_intrinsic=0.0000  eval_success=0.000
2026-04-17 03:29:09 | INFO | [Episode 6200] eps=0.010  avg_reward=-200.000  avg_length=200.00  avg_loss= 16.1983  avg_intrinsic=0.0000  eval_success=0.000
2026-04-17 03:29:49 | INFO | [Episode 6300] eps=0.010  avg_reward=-200.000  avg_length=200.00  avg_loss= 16.7087  avg_intrinsic=0.0000  eval_success=0.000
2026-04-17 03:30:31 | INFO | [Episode 6400] eps=0.010  avg_reward=-200.000  avg_length=200.00  avg_loss= 16.9065  avg_intrinsic=0.0000  eval_success=0.000
2026-04-17 03:31:10 | INFO | [Episode 6500] eps=0.010  avg_reward=-200.000  avg_length=200.00  avg_loss= 13.9389  avg_intrinsic=0.0000  eval_success=0.000
2026-04-17 03:31:50 | INFO | [Episode 6600] eps=0.010  avg_reward=-200.000  avg_length=200.00  avg_loss= 16.2047  avg_intrinsic=0.0000  eval_success=0.000
2026-04-17 03:32:32 | INFO | [Episode 6700] eps=0.010  avg_reward=-200.000  avg_length=200.00  avg_loss= 16.7078  avg_intrinsic=0.0000  eval_success=0.000
2026-04-17 03:33:11 | INFO | [Episode 6800] eps=0.010  avg_reward=-200.000  avg_length=200.00  avg_loss= 18.2674  avg_intrinsic=0.0001  eval_success=0.000
2026-04-17 03:33:51 | INFO | [Episode 6900] eps=0.010  avg_reward=-200.000  avg_length=200.00  avg_loss= 15.1858  avg_intrinsic=0.0000  eval_success=0.000
2026-04-17 03:34:30 | INFO | [Episode 7000] eps=0.010  avg_reward=-200.000  avg_length=200.00  avg_loss= 15.2279  avg_intrinsic=0.0000  eval_success=0.000
2026-04-17 03:35:13 | INFO | [Episode 7100] eps=0.010  avg_reward=-200.000  avg_length=200.00  avg_loss= 17.3741  avg_intrinsic=0.0000  eval_success=0.000
2026-04-17 03:35:52 | INFO | [Episode 7200] eps=0.010  avg_reward=-200.000  avg_length=200.00  avg_loss= 15.4565  avg_intrinsic=0.0001  eval_success=0.000
2026-04-17 03:36:32 | INFO | [Episode 7300] eps=0.010  avg_reward=-200.000  avg_length=200.00  avg_loss= 18.8245  avg_intrinsic=0.0000  eval_success=0.000
2026-04-17 03:37:14 | INFO | [Episode 7400] eps=0.010  avg_reward=-200.000  avg_length=200.00  avg_loss= 16.4547  avg_intrinsic=0.0000  eval_success=0.000
2026-04-17 03:37:53 | INFO | [Episode 7500] eps=0.010  avg_reward=-200.000  avg_length=200.00  avg_loss= 15.0747  avg_intrinsic=0.0000  eval_success=0.000
2026-04-17 03:38:34 | INFO | [Episode 7600] eps=0.010  avg_reward=-200.000  avg_length=200.00  avg_loss= 17.0560  avg_intrinsic=0.0001  eval_success=0.000
2026-04-17 03:39:13 | INFO | [Episode 7700] eps=0.010  avg_reward=-200.000  avg_length=200.00  avg_loss= 15.3244  avg_intrinsic=0.0000  eval_success=0.000
2026-04-17 03:39:55 | INFO | [Episode 7800] eps=0.010  avg_reward=-200.000  avg_length=200.00  avg_loss= 15.3597  avg_intrinsic=0.0000  eval_success=0.000
2026-04-17 03:40:35 | INFO | [Episode 7900] eps=0.010  avg_reward=-200.000  avg_length=200.00  avg_loss= 16.6923  avg_intrinsic=0.0000  eval_success=0.000
2026-04-17 03:41:15 | INFO | [Episode 8000] eps=0.010  avg_reward=-200.000  avg_length=200.00  avg_loss= 16.7639  avg_intrinsic=0.0000  eval_success=0.000
2026-04-17 03:41:15 | INFO | DQN+RND training: 50m 58.74s
2026-04-17 03:41:34 | INFO | [Final Eval] success=0.000, mean_reward=-200.000
